Date: Fri, 5 Mar 2004 08:52:55 +0100 (MET)
From: Florian Krueger <>
Subject: Silent Northbridge MCE Messages / Kernel 2.4.21-9.0.1.ELsmp
Sender: linux-kernel-owner@vger.kernel.org
Precedence: bulk
List-ID: <linux-kernel.vger.kernel.org>
X-Mailing-List: linux-kernel@vger.kernel.org
X-Lkml-Link: https://lkml.org/lkml/2004/3/5/15

Hi there,
We have problems on Dual Opteron Machines (IBM eSeries 335) with 6GB
RAM running with Red Hat Enterprise Linux 3 for AMD64.
Our first used Kernel was :
cat /proc/version 
Linux version 2.4.21-4.0.2.ELsmp (root@ltuii001) (gcc version 3.2.3
20030502 (Red Hat Linux 3.2.3-13)) #1 SMP Thu Jan 8 10:11:08 MET 2004
With this Kernel the Machines crashed hard when more Memory than
approximately 5.2GB was allocated and used. The following Message occured:
=========================================================================
Northbridge Machine Check exception b60000010005001b 0
Uncorrectable condition
Unrecoverable condition
Northbridge status b60000010005001b
GART error 11
Lost an northbridge error
NB status: unrecoverable
NB error address 00000000fbf60000
Error uncorrected
Address: 00000000fbf60000
CPU 0: Machine Check Exception: 0000000000000000
Kernel panic: Unable to continue
Mar  4 16:14:29 Northbridge Machine Check exception b60000010005001b 0
Uncorrectable condition
Unrecoverable condition
Northbridge status b60000010005001b
GART error 11
Lost an northbridge error
NB status: unrecoverable
NB error address 00000000fbf60000
Error uncorrected
Address: 00000000fbf60000
CPU 0: Machine Check Exception: 0000000000000000
Kernel panic: Unable to continue
In interrupt handler - not syncing
NMI Watchdog detected LOCKUP on CPU0, eip
ffffffff80121053, registers:
CPU 0 
Pid: 7, comm: kswapd Not tainted
RIP: 0010:[<ffffffff80121053>]{.text.lock.sched+23}
RSP: 0018:ffffffff805fff58  EFLAGS: 00000082
RAX: 0000000000000001 RBX: 000001017d7d0000 RCX: 00000000000012c0
RDX: 0000000000000000 RSI: 0000000000000001 RDI: 000001017d7d0000
RBP: ffffffff805fff88 R08: 0000000000000005 R09: 000000000000000e
R10: 00000000000003c9 R11: 0000000000000000 R12: ffffffff806031c0
R13: 0000000000000000 R14: ffffffff805fff58 R15: 0000000000000000
FS:  0000002a955846a0(0000) GS:ffffffff805fb500(0000) knlGS:000000004017c080
CS:  0010 DS: 0018 ES: 0018 CR0: 000000008005003b
CR2: 0000002bf3d34000 CR3: 0000000000101000 CR4: 00000000000006e0
Call Trace:  <EOE> [<ffffffff8011f49f>]{__wake_up+111} 
       [<ffffffff80124202>]{printk+434}
[<ffffffff80123d72>]{__call_console_drivers+82} 
       [<ffffffff801fae29>]{set_cursor+121}
[<ffffffff801a2093>]{bust_spinlocks+83} 
       [<ffffffff80123745>]{panic+293}
[<ffffffff802ab120>]{fib_lookup+240} 
       [<ffffffff80272b54>]{ip_route_input_slow+1604}
[<ffffffff801168ae>]{pci_map_sg+238} 
       [<ffffffff8011d718>]{generic_machine_check+408}
[<ffffffff8011d7b6>]{do_machine_check+86} 
       [<ffffffff80110926>]{error_exit+0}
[<ffffffff8011ddb7>]{try_to_wake_up+151} 
       [<ffffffff8011f49f>]{__wake_up+111}
[<ffffffff8020ada3>]{end_that_request_first+115} 
[<ffffffff80232d8e>]{idedisk_end_request+126}
[<ffffffff80230a70>]{ide_dma_intr+0}
       [<ffffffff80230add>]{ide_dma_intr+109}
[<ffffffff8022e17b>]{ide_intr+251} 
       [<ffffffff80112f7f>]{handle_IRQ_event+95}
[<ffffffff80113222>]{do_IRQ+274} 
       [<ffffffff80110627>]{common_interrupt+95}  <EOI>
[<ffffffff80153340>]{swap_writepage+0} 
       [<ffffffff8014d9b1>]{refill_inactive_zone+3521}
[<ffffffff8014d09a>]{refill_inactive_zone+1194} 
       [<ffffffff80153364>]{swap_writepage+36}
[<ffffffff8014fde0>]{rebalance_inactive_zone+64} 
       [<ffffffff8014fe33>]{rebalance_inactive+67}
[<ffffffff80150534>]{do_try_to_free_pages_kswapd+916} 
       [<ffffffff80150aed>]{kswapd+413}
[<ffffffff80110ae1>]{child_rip+8} 
       [<ffffffff80150950>]{kswapd+0} [<ffffffff80110ad9>]{child_rip+0} 
       
Process kswapd (pid: 7, stackpage=100fbea3000)
Stack: ffffffff805fff58 0000000000000018 
Call Trace:  <EOE> [<ffffffff8011f49f>]{__wake_up+111} 
       [<ffffffff80124202>]{printk+434}
[<ffffffff80123d72>]{__call_console_drivers+82} 
       [<ffffffff801fae29>]{set_cursor+121}
[<ffffffff801a2093>]{bust_spinlocks+83} 
       [<ffffffff80123745>]{panic+293}
[<ffffffff802ab120>]{fib_lookup+240} 
       [<ffffffff80272b54>]{ip_route_input_slow+1604}
[<ffffffff801168ae>]{pci_map_sg+238} 
       [<ffffffff8011d718>]{generic_machine_check+408}
[<ffffffff8011d7b6>]{do_machine_check+86} 
       [<ffffffff80110926>]{error_exit+0}
[<ffffffff8011ddb7>]{try_to_wake_up+151} 
       [<ffffffff8011f49f>]{__wake_up+111}
[<ffffffff8020ada3>]{end_that_request_first+115} 
       [<ffffffff80232d8e>]{idedisk_end_request+126}
[<ffffffff80230a70>]{ide_dma_intr+0} 
       [<ffffffff80230add>]{ide_dma_intr+109}
[<ffffffff8022e17b>]{ide_intr+251} 
       [<ffffffff80112f7f>]{handle_IRQ_event+95}
[<ffffffff80113222>]{do_IRQ+274} 
       [<ffffffff80110627>]{common_interrupt+95}  <EOI>
[<ffffffff80153340>]{swap_writepage+0} 
       [<ffffffff8014d9b1>]{refill_inactive_zone+3521}
[<ffffffff8014d09a>]{refill_inactive_zone+1194} 
       [<ffffffff80153364>]{swap_writepage+36}
[<ffffffff8014fde0>]{rebalance_inactive_zone+64} 
       [<ffffffff8014fe33>]{rebalance_inactive+67}
[<ffffffff80150534>]{do_try_to_free_pages_kswapd+916} 
       [<ffffffff80150aed>]{kswapd+413}
[<ffffffff80110ae1>]{child_rip+8} 
       [<ffffffff80150950>]{kswapd+0} [<ffffffff80110ad9>]{child_rip+0} 
       
Code: f3 90 7e f5 e9 10 cd ff ff 41 80 bd 00 1f 60 80 00 f3 90 7e
console shuts up ...
N MI Watchdog detected LOCKUP on CPU1, eip ffffffff801210a8, registers:
======================================================================
With this message we weren't able to boot the Machines over sysrq
break. Only power plug off/on helps.
IBM told us to use the newest Red Hat Kernel for Enterprise Linux and set
mce=off as a Kernel Parameter.
New Kernel:
cat /proc/version
Linux version 2.4.21-9.0.1.ELsmp (bhcompile@dolly.devel.redhat.com) (gcc
version 3.2.3 20030502 (Red Hat Linux 3.2.3-26)) #1 SMP Mon Feb 9 22:11:50
EST 2004
We aren't able to reproduce the crashes with the new Kernel but have more
and more Messages in Kernel log like this:
CPU 1: Silent Northbridge MCE
Northbridge status a60000010005001b
    GART TLB error generic level generic
    extended error gart error
    link number 0
    err cpu1
    processor context corrupt
    error address valid
    error uncorrected
    previous error lost
    error address 00000000fbf69fb0
When the Machines is under heavy load, syslogs not working properly
because this messages come in nearly 3 times a sec.
Find attached a boot.log and a error.log from a Machine with the new Red
Hat Kernel.
My Question: Is this a general hardware Error? Does anyone know a
conclusion how to disable this Messages if they can be ignored?
Please: CC Replys to me because I am not subscribed to this Mailing List
currently.
Cheers
Florian Krueger
Dipl. Informatiker Florian Krueger       science+computing ag
Contact at Infineon Technologies
Phone  +49-89-234-20167
Mobile +49-171-317-5441
email  tdsc.fkr@infineon.com
Mar  4 16:33:42 localhost kernel: CPU 1: Silent Northbridge MCE
Mar  4 16:33:42 localhost kernel: Northbridge status a60000010005001b
Mar  4 16:33:42 localhost kernel:     GART TLB error generic level generic
Mar  4 16:33:42 localhost kernel:     extended error gart error
Mar  4 16:33:42 localhost kernel:     link number 0
Mar  4 16:33:42 localhost kernel:     err cpu1
Mar  4 16:33:42 localhost kernel:     processor context corrupt
Mar  4 16:34:35 localhost kernel:     error address valid
Mar  4 16:34:35 localhost kernel:     error uncorrected
Mar  4 16:34:36 localhost kernel:     previous error lost
Mar  4 16:34:36 localhost kernel:     error address 00000000fbf640f0
Mar  4 16:34:36 localhost kernel: CPU 1: Silent Northbridge MCE
Mar  4 16:34:36 localhost kernel: Northbridge status a60000010005001b
Mar  4 16:34:36 localhost kernel:     GART TLB error generic level generic
Mar  4 16:34:36 localhost kernel:     extended error gart error
Mar  4 16:34:36 localhost kernel:     link number 0
Mar  4 16:34:36 localhost kernel:     err cpu1
Mar  4 16:34:36 localhost kernel:     processor context corrupt
Mar  4 16:34:36 localhost kernel:     error address valid
Mar  4 16:34:36 localhost kernel:     error uncorrected
Mar  4 16:34:36 localhost kernel:     previous error lost
Mar  4 16:34:36 localhost kernel:     error address 00000000fbf6cd30
Mar  4 16:34:42 localhost kernel: CPU 0: Silent Northbridge MCE
Mar  4 16:34:42 localhost kernel: CPU 1: Silent Northbridge MCE
Mar  4 16:34:49 localhost kernel: Northbridge status a60000010005001b
Mar  4 16:35:00 localhost CROND[4679]: (root) CMD (/usr/bin/mrtg /etc/mrtg/mrtg.cfg) 
Mar  4 16:35:00 localhost CROND[4679]: (root) CMD (/usr/bin/mrtg /etc/mrtg/mrtg.cfg) 
Mar  4 16:35:44 localhost kernel:     GART TLB error generic level generic
Mar  4 16:35:45 localhost kernel:     extended error gart error
Mar  4 16:36:01 localhost kernel:     link number 0
Mar  4 16:37:00 localhost CROND[5293]: (root) CMD (/usr/local/etc/check_syslogd >/dev/null 2>&1) 
Mar  4 16:37:00 localhost CROND[5293]: (root) CMD (/usr/local/etc/check_syslogd >/dev/null 2>&1) 
Mar  4 16:37:12 localhost kernel:     err cpu1
Mar  4 16:37:25 localhost kernel:     processor context corrupt
Mar  4 16:37:27 localhost kernel:     error address valid
Mar  4 16:37:34 localhost kernel:     error uncorrected
Mar  4 16:37:39 localhost kernel:     previous error lost
Mar  4 16:37:47 localhost kernel:     error address 00000000fbf640f0
Mar  4 16:37:54 localhost kernel: Northbridge status a60000010005001b
Mar  4 16:37:59 localhost kernel:     GART TLB error generic level generic
Mar  4 16:38:04 localhost TDSC-SYSLOGTEST: Test for proper syslog functionality, date: Thu Mar  4 16:37:59 MET 2004
Mar  4 16:38:08 localhost kernel:     extended error gart error
Mar  4 16:38:17 localhost kernel:     link number 0
Mar  4 16:38:26 localhost kernel:     err cpu1
Mar  4 16:38:35 localhost kernel:     processor context corrupt
Mar  4 16:38:41 localhost kernel:     error address valid
Mar  4 16:38:45 localhost kernel:     error uncorrected
Mar  4 16:38:51 localhost kernel:     previous error lost
Mar  4 16:38:53 localhost kernel:     error address 00000000fbf640f0
Mar  4 16:38:59 localhost kernel: CPU 1: Silent Northbridge MCE
Mar  4 16:39:06 localhost kernel: Northbridge status a60000010005001b
Mar  4 16:39:09 localhost kernel:     GART TLB error generic level generic
Mar  4 16:39:15 localhost kernel:     extended error gart error
Mar  4 16:39:24 localhost kernel:     link number 0
Mar  4 16:39:29 localhost kernel:     err cpu1
Mar  4 16:39:33 localhost kernel:     processor context corrupt
Mar  4 16:39:40 localhost kernel:     error address valid
Mar  4 16:39:44 localhost kernel:     error uncorrected
Mar  4 16:39:48 localhost kernel:     previous error lost
Mar  4 16:39:53 localhost kernel:     error address 00000000fbf640f0
Mar  4 16:39:55 localhost kernel: CPU 0: Silent Northbridge MCE
Mar  4 16:39:57 localhost kernel: CPU 1: Silent Northbridge MCE
Mar  4 16:39:58 localhost kernel: Northbridge status a60000010005001b
Mar  4 16:40:00 localhost kernel:     GART TLB error generic level generic
Mar  4 16:40:01 localhost kernel:     extended error gart error
Mar  4 16:40:01 localhost kernel:     link number 0
Mar  4 16:40:01 localhost CROND[5505]: (root) CMD (/usr/bin/mrtg /etc/mrtg/mrtg.cfg) 
Mar  4 16:40:01 localhost CROND[5505]: (root) CMD (/usr/bin/mrtg /etc/mrtg/mrtg.cfg) 
Mar  4 16:40:01 localhost CROND[5507]: (root) CMD (/usr/lib64/sa/sa1 1 1) 
Mar  4 16:40:01 localhost CROND[5507]: (root) CMD (/usr/lib64/sa/sa1 1 1) 
Mar  4 16:40:02 localhost kernel:     err cpu1
Mar  4 16:40:05 localhost kernel:     processor context corrupt
Mar  4 16:40:06 localhost kernel:     error address valid
Mar  4 16:40:06 localhost kernel:     error uncorrected
Mar  4 16:40:07 localhost kernel:     previous error lost
Mar  4 16:40:07 localhost xinetd[2332]: START: daytime pid=5510 from=172.31.4.54
Mar  4 16:40:08 localhost kernel:     error address 00000000fbf640f0
Mar  4 16:40:11 localhost kernel: Northbridge status a60000010005001b
Mar  4 16:40:12 localhost kernel:     GART TLB error generic level generic
Mar  4 16:40:12 localhost kernel:     extended error gart error
Mar  4 16:40:13 localhost kernel:     link number 0
Mar  4 16:40:16 localhost kernel:     err cpu1
Mar  4 16:40:17 localhost kernel:     processor context corrupt
Mar  4 16:40:18 localhost kernel:     error address valid
Mar  4 16:40:19 localhost kernel:     error uncorrected
Mar  4 16:40:20 localhost kernel:     previous error lost
Mar  4 16:40:21 localhost kernel:     error address 00000000fbf640f0
Mar  4 16:26:20 localhost syslogd 1.4.1: restart.
Mar  4 16:26:20 localhost syslog: syslogd startup succeeded
Mar  4 16:26:20 localhost kernel: klogd 1.4.1, log source = /proc/kmsg started.
Mar  4 16:26:20 localhost kernel: ok
Mar  4 16:26:20 localhost kernel: Bootdata ok (command line is ro root=LABEL=/ apm=off mce=off console=ttyS0)
Mar  4 16:26:20 localhost kernel: Linux version 2.4.21-9.0.1.ELsmp (bhcompile@dolly.devel.redhat.com) (gcc version 3.2.3 20030502 (Red Hat Linux 3.2.3-26)) #1 SMP Mon Feb 9 22:11:50 EST 2
004
Mar  4 16:26:20 localhost kernel: BIOS-provided physical RAM map:
Mar  4 16:26:20 localhost kernel:  BIOS-e820: 0000000000000000 - 000000000009b800 (usable)
Mar  4 16:26:20 localhost kernel:  BIOS-e820: 000000000009b800 - 00000000000a0000 (reserved)
Mar  4 16:26:20 localhost kernel:  BIOS-e820: 00000000000cc000 - 0000000000100000 (reserved)
Mar  4 16:26:20 localhost kernel:  BIOS-e820: 0000000000100000 - 00000000fbf70000 (usable)
Mar  4 16:26:20 localhost kernel:  BIOS-e820: 00000000fbf70000 - 00000000fbf7b000 (ACPI data)
Mar  4 16:26:20 localhost kernel:  BIOS-e820: 00000000fbf7b000 - 00000000fbf80000 (ACPI NVS)
Mar  4 16:26:20 localhost kernel:  BIOS-e820: 00000000fbf80000 - 00000000fc000000 (reserved)
Mar  4 16:26:20 localhost syslog: klogd startup succeeded
Mar  4 16:26:20 localhost kernel:  BIOS-e820: 00000000fec00000 - 00000000fec00400 (reserved)
Mar  4 16:26:20 localhost kernel:  BIOS-e820: 00000000fee00000 - 00000000fee01000 (reserved)
Mar  4 16:26:20 localhost kernel:  BIOS-e820: 00000000fff80000 - 0000000100000000 (reserved)
Mar  4 16:26:20 localhost kernel:  BIOS-e820: 0000000100000000 - 0000000180000000 (usable)
Mar  4 16:26:20 localhost kernel: kernel direct mapping tables upto 10180000000 @ 8000-f000
Mar  4 16:26:20 localhost kernel: Scanning NUMA topology in Northbridge 24
Mar  4 16:26:20 localhost kernel: Node 0 MemBase 0000000000000000 Limit 00000000ffffffff
Mar  4 16:26:20 localhost kernel: Node 1 MemBase 0000000100000000 Limit 000000017fffffff
Mar  4 16:26:20 localhost kernel: node 1 shift 24 addr 100000000 conflict 0
Mar  4 16:26:20 localhost kernel: Using node hash shift of 25
Mar  4 16:26:20 localhost kernel: Bootmem setup node 0 0000000000000000-00000000ffffffff
Mar  4 16:26:20 localhost portmap: portmap startup succeeded
Mar  4 16:26:20 localhost kernel: Bootmem setup node 1 0000000100000000-000000017fffffff
Mar  4 16:26:20 localhost kernel: found SMP MP-table at 000f77b0
Mar  4 16:26:20 localhost kernel: hm, page 000f7000 reserved twice.
Mar  4 16:26:20 localhost kernel: hm, page 000f8000 reserved twice.
Mar  4 16:26:20 localhost kernel: hm, page 0009b000 reserved twice.
Mar  4 16:26:20 localhost kernel: hm, page 0009c000 reserved twice.
Mar  4 16:26:20 localhost kernel: setting up node 0 0-fffff
Mar  4 16:26:20 localhost kernel: On node 0 totalpages: 1048575
Mar  4 16:26:20 localhost kernel: zone(0): 4096 pages.
Mar  4 16:26:20 localhost kernel: zone(1): 1044479 pages.
Mar  4 16:26:20 localhost kernel: zone(2): 0 pages.
Mar  4 16:26:20 localhost kernel: setting up node 1 100000-17ffff
Mar  4 16:26:20 localhost kernel: On node 1 totalpages: 524287
Mar  4 16:26:20 localhost kernel: zone(0): 0 pages.
Mar  4 16:26:20 localhost kernel: zone(1): 524287 pages.
Mar  4 16:26:20 localhost kernel: zone(2): 0 pages.
Mar  4 16:26:20 localhost kernel: ACPI: RSDP (v002 PTLTD                      ) @ 0x00000000000f7730
Mar  4 16:26:20 localhost kernel: ACPI: XSDT (v001 PTLTD  ^I XSDT   01540.00000) @ 0x00000000fbf78d27
Mar  4 16:26:20 localhost kernel: ACPI: FADT (v003 AMD    HAMMER   01540.00000) @ 0x00000000fbf7ae0e
Mar  4 16:26:20 localhost kernel: ACPI: HPET (v001 AMD    HAMMER   01540.00000) @ 0x00000000fbf7af02
Mar  4 16:26:20 localhost kernel: ACPI: MADT (v001 PTLTD  ^I APIC   01540.00000) @ 0x00000000fbf7af3a
Mar  4 16:26:20 localhost kernel: ACPI: SPCR (v001 PTLTD  $UCRTBL$ 01540.00000) @ 0x00000000fbf7afb0
Mar  4 16:26:20 localhost kernel: ACPI: DSDT (v001 AMD-K8  AMDACPI 01540.00000) @ 0x0000000000000000
Mar  4 16:26:20 localhost kernel: ACPI: BIOS passes blacklist
Mar  4 16:26:20 localhost kernel: ACPI: Local APIC address 0xfee00000
Mar  4 16:26:20 localhost kernel: ACPI: LAPIC (acpi_id[0x00] lapic_id[0x00] enabled)
Mar  4 16:26:20 localhost kernel: Processor #0 15:5 APIC version 16
Mar  4 16:26:20 localhost kernel: ACPI: LAPIC (acpi_id[0x01] lapic_id[0x01] enabled)
Mar  4 16:26:20 localhost kernel: Processor #1 15:5 APIC version 16
Mar  4 16:26:20 localhost kernel: ACPI: LAPIC_NMI (acpi_id[0x00] polarity[0x1] trigger[0x1] lint[0x1])
Mar  4 16:26:20 localhost kernel: ACPI: LAPIC_NMI (acpi_id[0x01] polarity[0x1] trigger[0x1] lint[0x1])
Mar  4 16:26:20 localhost kernel: ACPI: IOAPIC (id[0x02] address[0xfec00000] global_irq_base[0x0])
Mar  4 16:26:20 localhost kernel: IOAPIC[0]: Assigned apic_id 2
Mar  4 16:26:20 localhost kernel: IOAPIC[0]: apic_id 2, version 17, address 0xfec00000, IRQ 0-23
Mar  4 16:26:20 localhost kernel: ACPI: IOAPIC (id[0x03] address[0xfc000000] global_irq_base[0x18])
Mar  4 16:26:20 localhost kernel: IOAPIC[1]: Assigned apic_id 3
Mar  4 16:26:20 localhost kernel: IOAPIC[1]: apic_id 3, version 17, address 0xfc000000, IRQ 24-27
Mar  4 16:26:20 localhost kernel: ACPI: IOAPIC (id[0x04] address[0xfc001000] global_irq_base[0x1c])
Mar  4 16:26:20 localhost kernel: IOAPIC[2]: Assigned apic_id 4
Mar  4 16:26:20 localhost kernel: IOAPIC[2]: apic_id 4, version 17, address 0xfc001000, IRQ 28-31
Mar  4 16:26:20 localhost kernel: ACPI: INT_SRC_OVR (bus[0] irq[0x0] global_irq[0x2] polarity[0x1] trigger[0x1])
Mar  4 16:26:20 localhost kernel: acpi: HPET id: 0x102282a0 base: 0xfed00000
Mar  4 16:26:20 localhost kernel: Using ACPI (MADT) for SMP configuration information
Mar  4 16:26:20 localhost kernel: Checking aperture...
Mar  4 16:26:20 localhost kernel: CPU 0: aperture @ 8000000 size 32768 KB
Mar  4 16:26:20 localhost kernel: Aperture pointing to e820 RAM. Ignoring.
Mar  4 16:26:20 localhost kernel: Your BIOS doesn't leave a aperture memory hole
Mar  4 16:26:20 localhost kernel: Please enable the IOMMU option in the BIOS setup
Mar  4 16:26:20 localhost kernel: Mapping aperture over 65536 KB of RAM @ 8000000
Mar  4 16:26:20 localhost kernel: Kernel command line: ro root=LABEL=/ apm=off mce=off console=ttyS0
Mar  4 16:26:20 localhost kernel: Initializing CPU#0
Mar  4 16:26:20 localhost kernel: time.c: Detected 14.318180 MHz HPET timer.
Mar  4 16:26:20 localhost kernel: time.c: Detected 1994.061 MHz TSC timer.
Mar  4 16:26:20 localhost kernel: Console: colour VGA+ 80x25
Mar  4 16:26:20 localhost kernel: Calibrating delay loop... 3971.48 BogoMIPS
Mar  4 16:26:20 localhost kernel: Memory: 5988260k/6291456k available (1888k kernel code, 0k reserved, 1939k data, 224k init)
Mar  4 16:26:20 localhost kernel: Dentry cache hash table entries: 262144 (order: 10, 4194304 bytes)
Mar  4 16:26:20 localhost kernel: Inode cache hash table entries: 262144 (order: 10, 4194304 bytes)
Mar  4 16:26:20 localhost kernel: Mount cache hash table entries: 256 (order: 0, 4096 bytes)
Mar  4 16:26:20 localhost kernel: Buffer cache hash table entries: 524288 (order: 10, 4194304 bytes)
Mar  4 16:26:20 localhost kernel: Page-cache hash table entries: 524288 (order: 10, 4194304 bytes)
Mar  4 16:26:20 localhost kernel: CPU: L1 I Cache: 64K (64 bytes/line/2 way), D cache 64K (64 bytes/line/2 way)
Mar  4 16:26:20 localhost kernel: CPU: L2 Cache: 1024K (64 bytes/line/8 way)
Mar  4 16:26:20 localhost kernel: Machine Check Reporting enabled for CPU#0
Mar  4 16:26:20 localhost kernel: POSIX conformance testing by UNIFIX
Mar  4 16:26:20 localhost kernel: mtrr: v2.02 (20020716))
Mar  4 16:26:20 localhost kernel: CPU: L1 I Cache: 64K (64 bytes/line/2 way), D cache 64K (64 bytes/line/2 way)
Mar  4 16:26:20 localhost kernel: CPU: L2 Cache: 1024K (64 bytes/line/8 way)
Mar  4 16:26:20 localhost kernel: CPU0: AMD Opteron(tm) Processor 246 stepping 08
Mar  4 16:26:20 localhost kernel: per-CPU timeslice cutoff: 5119.29 usecs.
Mar  4 16:26:20 localhost kernel: task migration cache decay timeout: 10 msecs.
Mar  4 16:26:20 localhost kernel: Booting processor 1/1 rip 6000 page 000001000787a000
Mar  4 16:26:20 localhost kernel: Initializing CPU#1
Mar  4 16:26:20 localhost kernel: Calibrating delay loop... 3984.58 BogoMIPS
Mar  4 16:26:20 localhost kernel: CPU: L1 I Cache: 64K (64 bytes/line/2 way), D cache 64K (64 bytes/line/2 way)
Mar  4 16:26:20 localhost kernel: CPU: L2 Cache: 1024K (64 bytes/line/8 way)
Mar  4 16:26:20 localhost kernel: Machine Check Reporting enabled for CPU#1
Mar  4 16:26:20 localhost kernel: CPU1: AMD Opteron(tm) Processor 246 stepping 08
Mar  4 16:26:20 localhost kernel: Total of 2 processors activated (7956.07 BogoMIPS).
Mar  4 16:26:20 localhost kernel: ENABLING IO-APIC IRQs
Mar  4 16:26:20 localhost kernel: ..TIMER: vector=0x31 pin1=2 pin2=0
Mar  4 16:26:20 localhost kernel: testing the IO APIC.......................
Mar  4 16:26:20 localhost kernel: 
Mar  4 16:26:20 localhost last message repeated 2 times
Mar  4 16:26:20 localhost kernel: .................................... done.
Mar  4 16:26:20 localhost kernel: Using local APIC timer interrupts.
Mar  4 16:26:20 localhost kernel: Detected 12.462 MHz APIC timer.
Mar  4 16:26:20 localhost kernel: cpu: 0, clocks: 1994060, slice: 664686
Mar  4 16:26:20 localhost kernel: CPU0<T0:1994048,T1:1329360,D:2,S:664686,C:1994060>
Mar  4 16:26:20 localhost kernel: cpu: 1, clocks: 1994060, slice: 664686
Mar  4 16:26:20 localhost kernel: CPU1<T0:1994048,T1:664672,D:4,S:664686,C:1994060>
Mar  4 16:26:20 localhost kernel: checking TSC synchronization across CPUs: passed.
Mar  4 16:26:20 localhost kernel: time.c: Using HPET/TSC based timekeeping.
Mar  4 16:26:20 localhost kernel: Starting migration thread for cpu 0
Mar  4 16:26:20 localhost kernel: Starting migration thread for cpu 1
Mar  4 16:26:20 localhost kernel: ACPI: Subsystem revision 20030619
Mar  4 16:26:20 localhost kernel: PCI: Using configuration type 1
Mar  4 16:26:20 localhost kernel:  tbxface-0117 [03] acpi_load_tables      : ACPI Tables successfully acquired
Mar  4 16:26:20 localhost kernel: Parsing all Control Methods:.....................................................................
Mar  4 16:26:17 localhost sysctl: kernel.core_uses_pid = 1 
Mar  4 16:26:24 localhost kernel: Table [DSDT](id F004) - 267 Objects with 27 Devices 69 Methods 30 Regions
Mar  4 16:26:17 localhost network: Setting network parameters:  succeeded 
Mar  4 16:26:24 localhost kernel: ACPI Namespace successfully loaded at root ffffffff80564640
Mar  4 16:26:17 localhost network: Bringing up loopback interface:  succeeded 
Mar  4 16:26:24 localhost kernel: evxfevnt-0093 [04] acpi_enable           : Transition to ACPI mode successful
Mar  4 16:26:24 localhost kernel: evgpeblk-0748 [06] ev_create_gpe_block   : GPE 00 to 15 [_GPE] 2 regs at 0000000000008020 on int 9
Mar  4 16:26:24 localhost kernel: evgpeblk-0748 [06] ev_create_gpe_block   : GPE 16 to 47 [_GPE] 4 regs at 00000000000080B0 on int 9
Mar  4 16:26:24 localhost kernel: Completing Region/Field/Buffer/Package initialization:...........................................................
Mar  4 16:26:24 localhost kernel: Initialized 30/30 Regions 0/0 Fields 14/14 Buffers 15/15 Packages (275 nodes)
Mar  4 16:26:24 localhost kernel: Executing all Device _STA and_INI methods:............................
Mar  4 16:26:24 localhost kernel: 28 Devices found containing: 28 _STA, 1 _INI methods
Mar  4 16:26:24 localhost kernel: ACPI: Interpreter enabled
Mar  4 16:26:24 localhost kernel: ACPI: Using IOAPIC for interrupt routing
Mar  4 16:26:24 localhost kernel: ACPI: System [ACPI] (supports S0 S1 S4 S5)
Mar  4 16:26:24 localhost kernel: ACPI: PCI Root Bridge [PCI0] (00:00)
Mar  4 16:26:24 localhost kernel: ACPI: PCI Interrupt Link [LNKA] (IRQs 3 5 *10 11)
Mar  4 16:26:24 localhost kernel: ACPI: PCI Interrupt Link [LNKB] (IRQs 3 5 10 11, enabled at IRQ 7)
Mar  4 16:26:24 localhost kernel: ACPI: PCI Interrupt Link [LNKC] (IRQs *3 5 10 11)
Mar  4 16:26:24 localhost kernel: ACPI: PCI Interrupt Link [LNKD] (IRQs 3 5 10 *11)
Mar  4 16:26:24 localhost kernel: PCI: Using ACPI for IRQ routing
Mar  4 16:26:24 localhost kernel: Linux agpgart interface v0.99 (c) Jeff Hartmann
Mar  4 16:26:24 localhost kernel: agpgart: Maximum main memory to use for agp memory: 5944M
Mar  4 16:26:24 localhost kernel: PCI-DMA: Disabling AGP.
Mar  4 16:26:24 localhost kernel: PCI-DMA: aperture base @ 8000000 size 65536 KB
Mar  4 16:26:24 localhost kernel: PCI-DMA: Reserving 64MB of IOMMU area in the AGP aperture
Mar  4 16:26:24 localhost kernel: Linux NET4.0 for Linux 2.4
Mar  4 16:26:24 localhost kernel: Based upon Swansea University Computer Society NET3.039
Mar  4 16:26:24 localhost kernel: Initializing RT netlink socket
Mar  4 16:26:24 localhost kernel: Starting kswapd
Mar  4 16:26:24 localhost kernel: VFS: Disk quotas vdquot_6.5.1
Mar  4 16:26:24 localhost kernel: aio_setup: num_physpages = 393216
Mar  4 16:26:24 localhost kernel: aio_setup: sizeof(struct page) = 104
Mar  4 16:26:24 localhost kernel: Hugetlbfs mounted.
Mar  4 16:26:24 localhost kernel: Total HugeTLB memory allocated, 0
Mar  4 16:26:24 localhost kernel: IA32 emulation $Id: sys_ia32.c,v 1.56 2003/04/10 10:45:37 ak Exp $
Mar  4 16:26:24 localhost kernel: initialize_kbd: Keyboard reset failed, no ACK
Mar  4 16:26:24 localhost kernel: Detected PS/2 Mouse Port.
Mar  4 16:26:24 localhost kernel: pty: 2048 Unix98 ptys configured
Mar  4 16:26:24 localhost kernel: Serial driver version 5.05c (2001-07-08) with MANY_PORTS MULTIPORT SHARE_IRQ SERIAL_PCI SERIAL_ACPI enabled
Mar  4 16:26:24 localhost kernel: ttyS0 at 0x03f8 (irq = 4) is a 16550A
Mar  4 16:26:24 localhost kernel: register_serial(): autoconfig failed
Mar  4 16:26:24 localhost kernel: Real Time Clock Driver v1.10e
Mar  4 16:26:24 localhost kernel: NET4: Frame Diverter 0.46
Mar  4 16:26:24 localhost kernel: RAMDISK driver initialized: 256 RAM disks of 8192K size 1024 blocksize
Mar  4 16:26:24 localhost kernel: Uniform Multi-Platform E-IDE driver Revision: 7.00beta4-2.4
Mar  4 16:26:24 localhost kernel: ide: Assuming 33MHz system bus speed for PIO modes; override with idebus=xx
Mar  4 16:26:24 localhost kernel: AMD8111: IDE controller at PCI slot 00:07.1
Mar  4 16:26:24 localhost kernel: AMD8111: chipset revision 3
Mar  4 16:26:24 localhost kernel: AMD8111: not 100%% native mode: will probe irqs later
Mar  4 16:26:24 localhost kernel: ide: Assuming 33MHz system bus speed for PIO modes; override with idebus=xx
Mar  4 16:26:24 localhost kernel: AMD_IDE: Advanced Micro Devices [AMD] AMD-8111 IDE (rev 03) UDMA100 controller on pci00:07.1
Mar  4 16:26:24 localhost kernel:     ide0: BM-DMA at 0x1000-0x1007, BIOS settings: hda:DMA, hdb:pio
Mar  4 16:26:24 localhost kernel:     ide1: BM-DMA at 0x1008-0x100f, BIOS settings: hdc:DMA, hdd:pio
Mar  4 16:26:24 localhost kernel: hda: IC35L090AVV207-0, ATA DISK drive
Mar  4 16:26:24 localhost kernel: hdc: LG CD-ROM CRN-8245B, ATAPI CD/DVD-ROM drive
Mar  4 16:26:24 localhost kernel: ide0 at 0x1f0-0x1f7,0x3f6 on irq 14
Mar  4 16:26:24 localhost kernel: ide1 at 0x170-0x177,0x376 on irq 15
Mar  4 16:26:24 localhost kernel: hda: attached ide-disk driver.
Mar  4 16:26:24 localhost kernel: hda: host protected area => 1
Mar  4 16:26:24 localhost kernel: hda: 156312576 sectors (80032 MB) w/1821KiB Cache, CHS=9730/255/63, UDMA(100)
Mar  4 16:26:24 localhost kernel: ide-floppy driver 0.99.newide
Mar  4 16:26:24 localhost kernel: Partition check:
Mar  4 16:26:24 localhost kernel:  hda: hda1 hda2 hda3
Mar  4 16:26:24 localhost kernel: ide-floppy driver 0.99.newide
Mar  4 16:26:24 localhost kernel: md: md driver 0.90.0 MAX_MD_DEVS=256, MD_SB_DISKS=27
Mar  4 16:26:24 localhost kernel: md: Autodetecting RAID arrays.
Mar  4 16:26:24 localhost kernel: md: autorun ...
Mar  4 16:26:24 localhost kernel: md: ... autorun DONE.
Mar  4 16:26:24 localhost kernel: Initializing Cryptographic API
Mar  4 16:26:24 localhost kernel: NET4: Linux TCP/IP 1.0 for NET4.0
Mar  4 16:26:24 localhost kernel: IP: routing cache hash table of 32768 buckets, 512Kbytes
Mar  4 16:26:24 localhost kernel: TCP: Hash tables configured (established 262144 bind 65536)
Mar  4 16:26:24 localhost kernel: Linux IP multicast router 0.06 plus PIM-SM
Mar  4 16:26:24 localhost kernel: Initializing IPsec netlink socket
Mar  4 16:26:24 localhost kernel: NET4: Unix domain sockets 1.0/SMP for Linux NET4.0.
Mar  4 16:26:24 localhost kernel: RAMDISK: Compressed image found at block 0
Mar  4 16:26:24 localhost kernel: VFS: Mounted root (ext2 filesystem).
Mar  4 16:26:24 localhost kernel: SCSI subsystem driver Revision: 1.00
Mar  4 16:26:24 localhost kernel: Fusion MPT base driver 2.05.05+
Mar  4 16:26:24 localhost kernel: Copyright (c) 1999-2002 LSI Logic Corporation
Mar  4 16:26:24 localhost kernel: mptbase: Initiating ioc0 bringup
Mar  4 16:26:24 localhost kernel: ioc0: 53C1030: Capabilities={Initiator}
Mar  4 16:26:24 localhost kernel: mptbase: 1 MPT adapter found, 1 installed.
Mar  4 16:26:24 localhost kernel: Fusion MPT SCSI Host driver 2.05.05+
Mar  4 16:26:24 localhost kernel: scsi0 : ioc0: LSI53C1030, FwRev=01030f05h, Ports=1, MaxQ=222, IRQ=26
Mar  4 16:26:24 localhost kernel: Starting timer : 0 0
Mar  4 16:26:24 localhost kernel: Journalled Block Device driver loaded
Mar  4 16:26:24 localhost kernel: EXT3-fs: INFO: recovery required on readonly filesystem.
Mar  4 16:26:24 localhost kernel: EXT3-fs: write access will be enabled during recovery.
Mar  4 16:26:24 localhost kernel: kjournald starting.  Commit interval 5 seconds
Mar  4 16:26:24 localhost kernel: EXT3-fs: recovery complete.
Mar  4 16:26:24 localhost kernel: EXT3-fs: mounted filesystem with ordered data mode.
Mar  4 16:26:24 localhost kernel: Freeing unused kernel memory: 224k freed
Mar  4 16:26:24 localhost kernel: usb.c: registered new driver usbdevfs
Mar  4 16:26:24 localhost kernel: usb.c: registered new driver hub
Mar  4 16:26:24 localhost kernel: usb-ohci.c: USB OHCI at membase 0xffffff0000027000, IRQ 19
Mar  4 16:26:24 localhost kernel: usb-ohci.c: usb-01:00.0, Advanced Micro Devices [AMD] AMD-8111 USB
Mar  4 16:26:24 localhost kernel: usb.c: new USB bus registered, assigned bus number 1
Mar  4 16:26:24 localhost kernel: hub.c: USB hub found
Mar  4 16:26:24 localhost kernel: hub.c: 3 ports detected
Mar  4 16:26:24 localhost kernel: usb-ohci.c: USB OHCI at membase 0xffffff0000029000, IRQ 19
Mar  4 16:26:24 localhost kernel: usb-ohci.c: usb-01:00.1, Advanced Micro Devices [AMD] AMD-8111 USB (#2)
Mar  4 16:26:24 localhost kernel: usb.c: new USB bus registered, assigned bus number 2
Mar  4 16:26:24 localhost kernel: hub.c: USB hub found
Mar  4 16:26:24 localhost kernel: hub.c: 3 ports detected
Mar  4 16:26:24 localhost kernel: usb.c: registered new driver hiddev
Mar  4 16:26:24 localhost kernel: usb.c: registered new driver hid
Mar  4 16:26:24 localhost kernel: hid-core.c: v1.8.1 Andreas Gal, Vojtech Pavlik <vojtech@suse.cz>
Mar  4 16:26:24 localhost kernel: hid-core.c: USB HID support drivers
Mar  4 16:26:24 localhost kernel: mice: PS/2 mouse device common for all mice
Mar  4 16:26:24 localhost kernel: EXT3 FS 2.4-0.9.19, 19 August 2002 on ide0(3,1), internal journal
Mar  4 16:26:24 localhost kernel: Adding Swap: 12578884k swap-space (priority -1)
Mar  4 16:26:24 localhost kernel: kjournald starting.  Commit interval 5 seconds
Mar  4 16:26:24 localhost kernel: EXT3 FS 2.4-0.9.19, 19 August 2002 on ide0(3,2), internal journal
Mar  4 16:26:24 localhost kernel: EXT3-fs: mounted filesystem with ordered data mode.
Mar  4 16:26:24 localhost kernel: ip_tables: (C) 2000-2002 Netfilter core team
Mar  4 16:26:24 localhost kernel: tg3.c:v2.3 (November 5, 2003)
Mar  4 16:26:24 localhost kernel: eth0: Tigon3 [partno(BCM95704A6) rev 2003 PHY(5701)] (PCIX:100MHz:64-bit) 10/100/1000BaseT Ethernet 00:0d:60:14:56:04
Mar  4 16:26:24 localhost kernel: eth1: Tigon3 [partno(BCM95704A6) rev 2003 PHY(5704)] (PCIX:100MHz:64-bit) 10/100/1000BaseT Ethernet 00:0d:60:14:56:05
Mar  4 16:26:24 localhost kernel: ip_tables: (C) 2000-2002 Netfilter core team
Mar  4 16:26:24 localhost kernel: tg3: eth0: Link is up at 10 Mbps, half duplex.
Mar  4 16:26:24 localhost kernel: tg3: eth0: Flow control is off for TX and off for RX.
Mar  4 16:26:40 localhost syslog_talking:  
Mar  4 16:26:40 localhost rc: Starting syslog_talking:  succeeded
Mar  4 16:26:40 localhost rpc.statd[1928]: Version 1.0.5 Starting
Mar  4 16:26:40 localhost nfslock: rpc.statd startup succeeded
Mar  4 16:26:40 localhost keytable: Loading keymap: 
Mar  4 16:26:41 localhost keytable: [  
Mar  4 16:26:41 localhost keytable: 
Mar  4 16:26:41 localhost keytable: Loading system font: 
Mar  4 16:26:41 localhost keytable: [  
Mar  4 16:26:41 localhost keytable: 
Mar  4 16:26:41 localhost rc: Starting keytable:  succeeded
Mar  4 16:26:41 localhost random: Initializing random number generator:  succeeded
Mar  4 16:26:41 localhost kernel: CPU 0: Silent Northbridge MCE
Mar  4 16:26:41 localhost kernel: Northbridge status a60000010005001b
Mar  4 16:26:41 localhost kernel:     GART TLB error generic level generic
Mar  4 16:26:41 localhost kernel:     extended error gart error
Mar  4 16:26:41 localhost kernel:     link number 0
Mar  4 16:26:41 localhost netfs: Mounting other filesystems:  succeeded
Mar  4 16:26:41 localhost kernel:     err cpu1
Mar  4 16:26:41 localhost kernel:     processor context corrupt
Mar  4 16:26:41 localhost kernel:     error address valid
Mar  4 16:26:41 localhost kernel:     error uncorrected
Mar  4 16:26:41 localhost kernel:     previous error lost
Mar  4 16:26:41 localhost kernel:     error address 00000000fbf6c570
Mar  4 16:26:44 localhost automount[2045]: starting automounter version 4.0.0, path = /home, maptype = program, mapname = /etc/auto_home.cmd
Mar  4 16:26:44 localhost automount[2048]: starting automounter version 4.0.0, path = /var/mnt/misc, maptype = program, mapname = /etc/auto_misc_linux24.cmd
Mar  4 16:26:44 localhost automount[2053]: starting automounter version 4.0.0, path = /var/mnt/opt, maptype = program, mapname = /etc/auto_opt_linux24.cmd
Mar  4 16:26:44 localhost automount[2067]: starting automounter version 4.0.0, path = /share, maptype = program, mapname = /etc/auto_share.cmd
Mar  4 16:26:44 localhost autofs: autofs startup succeeded
Mar  4 16:26:44 localhost nscd: nscd startup succeeded
Mar  4 16:26:44 localhost automount[2067]: using kernel protocol version 4
Mar  4 16:26:44 localhost automount[2067]: using timeout 0 seconds; freq 0 secs
Mar  4 16:26:44 localhost automount[2045]: using kernel protocol version 4
Mar  4 16:26:44 localhost automount[2045]: using timeout 300 seconds; freq 75 secs
Mar  4 16:26:44 localhost automount[2053]: using kernel protocol version 4
Mar  4 16:26:44 localhost automount[2053]: using timeout 300 seconds; freq 75 secs
Mar  4 16:26:44 localhost automount[2048]: using kernel protocol version 4
Mar  4 16:26:44 localhost automount[2048]: using timeout 300 seconds; freq 75 secs
Mar  4 16:26:44 localhost tdsc_timed: tdsc_timed startup succeeded
Mar  4 16:26:45 localhost kernel: ACPI: Power Button (FF) [PWRF]
Mar  4 16:26:45 localhost acpid: acpid startup succeeded
Mar  4 16:26:45 localhost sshd[2124]: Server listening on 0.0.0.0 port 22.
Mar  4 16:26:45 localhost sshd:  succeeded
Mar  4 16:26:46 localhost automount[2053]: attempting to mount entry /var/mnt/opt/lsf_5.1
Mar  4 16:26:46 localhost automount[2053]: attempting to mount entry /var/mnt/opt/site
Mar  4 16:26:46 localhost automount[2053]: attempting to mount entry /var/mnt/opt/lsf_6.0
Mar  4 16:26:48 localhost automount[2048]: attempting to mount entry /var/mnt/misc/mail
Mar  4 16:26:48 localhost xinetd: xinetd startup succeeded
Mar  4 16:26:48 localhost ntpd: ntpd startup succeeded
Mar  4 16:26:48 localhost ntpd[2342]: ntpd 4.1.2@1.892 Thu Sep 11 05:36:38 EDT 2003 (1)
Mar  4 16:26:48 localhost exportfs[2353]: /etc/exports [2]: No 'sync' or 'async' option specified for export "@trusted:/disk/localhost".   Assuming default behaviour ('sync').   NOTE: this d
efault has changed from previous versions 
Mar  4 16:26:48 localhost exportfs[2353]: /etc/exports [3]: No 'sync' or 'async' option specified for export "@trusted:/disk/localhost/fs1".   Assuming default behaviour ('sync').   NOTE: th
is default has changed from previous versions 
Mar  4 16:26:48 localhost exportfs: exportfs: /etc/exports [2]: No 'sync' or 'async' option specified for export "@trusted:/disk/localhost".
Mar  4 16:26:48 localhost exportfs:   Assuming default behaviour ('sync').
Mar  4 16:26:48 localhost exportfs:   NOTE: this default has changed from previous versions
Mar  4 16:26:48 localhost exportfs: exportfs: /etc/exports [3]: No 'sync' or 'async' option specified for export "@trusted:/disk/localhost/fs1".
Mar  4 16:26:48 localhost exportfs:   Assuming default behaviour ('sync').
Mar  4 16:26:48 localhost exportfs:   NOTE: this default has changed from previous versions
Mar  4 16:26:49 localhost kernel: Installing knfsd (copyright (C) 1996 okir@monad.swb.de).
Mar  4 16:26:49 localhost nfs: Starting NFS services:  succeeded
Mar  4 16:26:49 localhost ntpd[2342]: precision = 10 usec
Mar  4 16:26:49 localhost ntpd[2342]: kernel time discipline status 0040
Mar  4 16:26:49 localhost ntpd[2342]: frequency initialized -27.958 from /var/log/ntp/ntp.drift
Mar  4 16:26:49 localhost xinetd[2332]: xinetd Version 2.3.12 started with libwrap loadavg options compiled in.
Mar  4 16:26:49 localhost xinetd[2332]: Started working: 6 available services
Mar  4 16:26:49 localhost nfs: rpc.rquotad startup succeeded
Mar  4 16:26:49 localhost nfs: rpc.nfsd startup succeeded
Mar  4 16:26:49 localhost nfs: rpc.mountd startup succeeded
Mar  4 16:26:50 localhost bootd: started bootd
Mar  4 16:26:50 localhost rc: Starting bootd:  succeeded
Mar  4 16:26:50 localhost gpm: gpm startup succeeded
Mar  4 16:26:51 localhost kde_ice: set up KDE pipe
Mar  4 16:26:51 localhost rc: Starting kde_ice:  succeeded
Mar  4 16:26:51 localhost crond[2412]: (CRON) STARTUP (fork ok) 
Mar  4 16:26:51 localhost crond[2412]: (CRON) STARTUP (fork ok) 
Mar  4 16:26:52 localhost crond: crond startup succeeded
Mar  4 16:26:52 localhost atd: atd startup succeeded
Mar  4 16:26:52 localhost logwatcher: logwatcher startup succeeded
Mar  4 16:26:52 localhost mdmpd: mdmpd succeeded
Mar  4 16:26:52 localhost rc: Starting mountlocalshare:  succeeded
Mar  4 16:26:54 localhost rc: Starting tdsc_bootcheck:  succeeded
Mar  4 16:27:02 localhost xinetd[2332]: START: daytime pid=2517 from=172.31.4.54
Mar  4 16:27:12 localhost kernel: CPU 1: Silent Northbridge MCE
Mar  4 16:27:12 localhost kernel: Northbridge status a60000010005001b
Mar  4 16:27:12 localhost kernel:     GART TLB error generic level generic
Mar  4 16:27:12 localhost kernel:     extended error gart error
Mar  4 16:27:12 localhost kernel:     link number 0
Mar  4 16:27:12 localhost kernel:     err cpu1
Mar  4 16:27:12 localhost kernel:     processor context corrupt
Mar  4 16:27:12 localhost kernel:     error address valid
Mar  4 16:27:12 localhost kernel:     error uncorrected
Mar  4 16:27:12 localhost kernel:     previous error lost
Mar  4 16:27:12 localhost kernel:     error address 00000000fbf640f0