Date: Sat, 09 Dec 2006 10:02:56 +0800
From: Liyu <>
Subject: [BUG] acpi: failed to poweroff
Sender: linux-kernel-owner@vger.kernel.org
Precedence: bulk
List-ID: <linux-kernel.vger.kernel.org>
X-Mailing-List: linux-kernel@vger.kernel.org
X-Lkml-Link: https://lkml.org/lkml/2006/12/8/360

Hi, all.
    I got a hasee notebook, and failed to poweroff after win soundcard
(ALC861) problem.
I seen someone said  acpi=off may help this, but when I append it on
kernel parameter list, the kernel even can not boot, the kernel just
said "hdc: lost interrupt" at last, and freezeing.
    The dmesg is in the attachment. What do you need more?
    Any word is welcome.
    Thanks in advanced.
-Liyu
Linux version 2.6.19 (root@liyu.ccoss.com.cn) (gcc version 3.4.5 20051201 (Co-Create 3.4.5-2.cocreate.3)) #18 SMP PREEMPT Fri Dec 8 18:07:02 CST 2006
BIOS-provided physical RAM map:
 BIOS-e820: 0000000000000000 - 000000000009fc00 (usable)
 BIOS-e820: 000000000009fc00 - 00000000000a0000 (reserved)
 BIOS-e820: 00000000000e0000 - 0000000000100000 (reserved)
 BIOS-e820: 0000000000100000 - 000000003fcf7000 (usable)
 BIOS-e820: 000000003fcf7000 - 000000003fcff000 (reserved)
 BIOS-e820: 000000003fcff000 - 000000003fdbd000 (usable)
 BIOS-e820: 000000003fdbd000 - 000000003fdbf000 (reserved)
 BIOS-e820: 000000003fdbf000 - 000000003fe8a000 (usable)
 BIOS-e820: 000000003fe8a000 - 000000003febf000 (ACPI NVS)
 BIOS-e820: 000000003febf000 - 000000003ff00000 (ACPI data)
 BIOS-e820: 000000003ff00000 - 0000000040000000 (reserved)
 BIOS-e820: 00000000e0000000 - 00000000f0000000 (reserved)
 BIOS-e820: 00000000fec00000 - 00000000fec01000 (reserved)
 BIOS-e820: 00000000fed14000 - 00000000fed1a000 (reserved)
 BIOS-e820: 00000000fed1c000 - 00000000fed20000 (reserved)
 BIOS-e820: 00000000fee00000 - 00000000fee01000 (reserved)
 BIOS-e820: 00000000fff00000 - 0000000100000000 (reserved)
user-defined physical RAM map:
 user: 0000000000000000 - 000000000009fc00 (usable)
 user: 000000000009fc00 - 00000000000a0000 (reserved)
 user: 00000000000e0000 - 0000000000100000 (reserved)
 user: 0000000000100000 - 000000003fcf7000 (usable)
 user: 000000003fcf7000 - 000000003fcff000 (reserved)
 user: 000000003fcff000 - 000000003fdbd000 (usable)
 user: 000000003fdbd000 - 000000003fdbf000 (reserved)
 user: 000000003fdbf000 - 000000003fe8a000 (usable)
Warning only 896MB will be used.
Use a HIGHMEM enabled kernel.
896MB LOWMEM available.
found SMP MP-table at 000fe060
Entering add_active_range(0, 0, 229376) 0 entries of 256 used
Zone PFN ranges:
  DMA             0 ->     4096
  Normal       4096 ->   229376
early_node_map[1] active PFN ranges
    0:        0 ->   229376
On node 0 totalpages: 229376
  DMA zone: 32 pages used for memmap
  DMA zone: 0 pages reserved
  DMA zone: 4064 pages, LIFO batch:0
  Normal zone: 1760 pages used for memmap
  Normal zone: 223520 pages, LIFO batch:31
DMI 2.3 present.
ACPI: RSDP (v000 NEC                                   ) @ 0x000fe020
ACPI: RSDT (v001 NEC    H2O      0x00000001      0x01000013) @ 0x3fefe038
ACPI: FADT (v001 NEC    H2O      0x00000001 MSFT 0x01000013) @ 0x3fefd000
ACPI: SSDT (v001 NEC    H2O      0x00000001 MSFT 0x01000013) @ 0x3fef7000
ACPI: MADT (v001 NEC    H2O      0x00000001 MSFT 0x01000013) @ 0x3fef6000
ACPI: MCFG (v001 NEC    H2O      0x00000001 MSFT 0x01000013) @ 0x3fef4000
ACPI: DSDT (v001 NEC    H2O      0x00000001 MSFT 0x01000013) @ 0x00000000
ACPI: PM-Timer IO Port: 0x408
ACPI: Local APIC address 0xfee00000
ACPI: LAPIC (acpi_id[0x01] lapic_id[0x00] enabled)
Processor #0 6:15 APIC version 20
ACPI: LAPIC (acpi_id[0x02] lapic_id[0x01] enabled)
Processor #1 6:15 APIC version 20
ACPI: LAPIC_NMI (acpi_id[0x01] high edge lint[0x1])
ACPI: LAPIC_NMI (acpi_id[0x02] high edge lint[0x1])
ACPI: IOAPIC (id[0x04] address[0xfec00000] gsi_base[0])
IOAPIC[0]: apic_id 4, version 32, address 0xfec00000, GSI 0-23
ACPI: INT_SRC_OVR (bus 0 bus_irq 0 global_irq 2 dfl dfl)
ACPI: INT_SRC_OVR (bus 0 bus_irq 9 global_irq 9 high level)
ACPI: IRQ0 used by override.
ACPI: IRQ2 used by override.
ACPI: IRQ9 used by override.
Enabling APIC mode:  Flat.  Using 1 I/O APICs
Using ACPI (MADT) for SMP configuration information
Allocating PCI resources starting at 40000000 (gap: 3fe8a000:c0176000)
Detected 1995.066 MHz processor.
Built 1 zonelists.  Total pages: 227584
Kernel command line: ro root=LABEL=/ 1 mem=1047080K
mapped APIC to ffffd000 (fee00000)
mapped IOAPIC to ffffc000 (fec00000)
Enabling fast FPU save and restore... done.
Enabling unmasked SIMD FPU exception support... done.
Initializing CPU#0
PID hash table entries: 4096 (order: 12, 16384 bytes)
Console: colour VGA+ 80x25
Dentry cache hash table entries: 131072 (order: 7, 524288 bytes)
Inode-cache hash table entries: 65536 (order: 6, 262144 bytes)
Memory: 904036k/917504k available (2577k kernel code, 12944k reserved, 1040k data, 252k init, 0k highmem)
virtual kernel memory layout:
    fixmap  : 0xfffb7000 - 0xfffff000   ( 288 kB)
    vmalloc : 0xf8800000 - 0xfffb5000   ( 119 MB)
    lowmem  : 0xc0000000 - 0xf8000000   ( 896 MB)
      .init : 0xc048f000 - 0xc04ce000   ( 252 kB)
      .data : 0xc0384487 - 0xc048852c   (1040 kB)
      .text : 0xc0100000 - 0xc0384487   (2577 kB)
Checking if this processor honours the WP bit even in supervisor mode... Ok.
Calibrating delay using timer specific routine.. 3992.94 BogoMIPS (lpj=1996470)
Mount-cache hash table entries: 512
CPU: After generic identify, caps: bfebfbff 20000000 00000000 00000000 0000e3bd 00000000 00000001
monitor/mwait feature present.
using mwait in idle threads.
CPU: L1 I cache: 32K, L1 D cache: 32K
CPU: L2 cache: 4096K
CPU: Physical Processor ID: 0
CPU: Processor Core ID: 0
CPU: After all inits, caps: bfebfbff 20000000 00000000 00000940 0000e3bd 00000000 00000001
Intel machine check architecture supported.
Intel machine check reporting enabled on CPU#0.
Compat vDSO mapped to ffffe000.
Checking 'hlt' instruction... OK.
Freeing SMP alternatives: 12k freed
ACPI: Core revision 20060707
CPU0: Intel(R) Core(TM)2 CPU         T7200  @ 2.00GHz stepping 06
Booting processor 1/1 eip 2000
Initializing CPU#1
Calibrating delay using timer specific routine.. 3989.43 BogoMIPS (lpj=1994718)
CPU: After generic identify, caps: bfebfbff 20000000 00000000 00000000 0000e3bd 00000000 00000001
monitor/mwait feature present.
CPU: L1 I cache: 32K, L1 D cache: 32K
CPU: L2 cache: 4096K
CPU: Physical Processor ID: 0
CPU: Processor Core ID: 1
CPU: After all inits, caps: bfebfbff 20000000 00000000 00000940 0000e3bd 00000000 00000001
Intel machine check architecture supported.
Intel machine check reporting enabled on CPU#1.
CPU1: Intel(R) Core(TM)2 CPU         T7200  @ 2.00GHz stepping 06
Total of 2 processors activated (7982.37 BogoMIPS).
ENABLING IO-APIC IRQs
..TIMER: vector=0x31 apic1=0 pin1=2 apic2=-1 pin2=-1
checking TSC synchronization across 2 CPUs: passed.
Brought up 2 CPUs
migration_cost=35
checking if image is initramfs... it is
Freeing initrd memory: 644k freed
NET: Registered protocol family 16
ACPI: bus type pci registered
PCI: BIOS Bug: MCFG area at e0000000 is not E820-reserved
PCI: Not using MMCONFIG.
PCI: Using configuration type 1
Setting up standard PCI resources
ACPI: Interpreter enabled
ACPI: Using IOAPIC for interrupt routing
ACPI: PCI Root Bridge [PCI0] (0000:00)
PCI: Probing PCI hardware (bus 00)
PCI quirk: region 0400-047f claimed by ICH6 ACPI/GPIO/TCO
PCI quirk: region 0500-053f claimed by ICH6 GPIO
PCI: Ignoring BAR0-3 of IDE controller 0000:00:1f.2
Boot video device is 0000:01:00.0
PCI: Firmware left 0000:09:08.0 e100 interrupts enabled, disabling
PCI: Transparent bridge - 0000:00:1e.0
ACPI: PCI Interrupt Routing Table [\_SB_.PCI0._PRT]
ACPI: PCI Interrupt Routing Table [\_SB_.PCI0.PEGP._PRT]
ACPI: PCI Interrupt Routing Table [\_SB_.PCI0.P32_._PRT]
ACPI: PCI Interrupt Link [LNKA] (IRQs 3 4 5 7 9 10 *11 12)
ACPI: PCI Interrupt Link [LNKB] (IRQs 3 4 5 7 9 10 *11 12)
ACPI: PCI Interrupt Link [LNKC] (IRQs 3 4 5 7 9 10 *11 12)
ACPI: PCI Interrupt Link [LNKD] (IRQs 3 4 5 7 9 10 *11 12)
ACPI: PCI Interrupt Link [LNKE] (IRQs 3 4 5 7 9 10 *11 12)
ACPI: PCI Interrupt Link [LNKF] (IRQs 3 4 5 7 9 10 11 12) *0, disabled.
ACPI: PCI Interrupt Link [LNKG] (IRQs 3 4 5 7 9 10 11 12) *0, disabled.
ACPI: PCI Interrupt Link [LNKH] (IRQs 3 4 5 7 9 *10 11 12)
ACPI: PCI Interrupt Routing Table [\_SB_.PCI0.EXP1._PRT]
ACPI: PCI Interrupt Routing Table [\_SB_.PCI0.EXP2._PRT]
ACPI: PCI Interrupt Routing Table [\_SB_.PCI0.EXP3._PRT]
ACPI: PCI Interrupt Routing Table [\_SB_.PCI0.EXP4._PRT]
Linux Plug and Play Support v0.97 (c) Adam Belay
pnp: PnP ACPI init
pnp: PnP ACPI: found 8 devices
intel_rng: FWH not detected
SCSI subsystem initialized
libata version 2.00 loaded.
PCI: Using ACPI for IRQ routing
PCI: If a device doesn't work, try "pci=routeirq".  If it helps, post a report
pnp: 00:01: ioport range 0x164e-0x164f has been reserved
PCI: Bridge: 0000:00:01.0
  IO window: 6000-6fff
  MEM window: 6c200000-6c2fffff
  PREFETCH window: 50000000-5fffffff
PCI: Bridge: 0000:00:1c.0
  IO window: 5000-5fff
  MEM window: 6b200000-6c1fffff
  PREFETCH window: 64100000-650fffff
PCI: Bridge: 0000:00:1c.1
  IO window: 4000-4fff
  MEM window: 6a100000-6b1fffff
  PREFETCH window: 65100000-660fffff
PCI: Bridge: 0000:00:1c.2
  IO window: 3000-3fff
  MEM window: 69100000-6a0fffff
  PREFETCH window: 66100000-670fffff
PCI: Bridge: 0000:00:1c.3
  IO window: 2000-2fff
  MEM window: 68100000-690fffff
  PREFETCH window: 67100000-680fffff
PCI: Bridge: 0000:00:1e.0
  IO window: 1000-1fff
  MEM window: 62000000-640fffff
  PREFETCH window: 60000000-61ffffff
ACPI: PCI Interrupt 0000:00:01.0[A] -> GSI 16 (level, low) -> IRQ 16
PCI: Setting latency timer of device 0000:00:01.0 to 64
ACPI: PCI Interrupt 0000:00:1c.0[A] -> GSI 16 (level, low) -> IRQ 16
PCI: Setting latency timer of device 0000:00:1c.0 to 64
ACPI: PCI Interrupt 0000:00:1c.1[B] -> GSI 17 (level, low) -> IRQ 17
PCI: Setting latency timer of device 0000:00:1c.1 to 64
ACPI: PCI Interrupt 0000:00:1c.2[C] -> GSI 18 (level, low) -> IRQ 18
PCI: Setting latency timer of device 0000:00:1c.2 to 64
ACPI: PCI Interrupt 0000:00:1c.3[D] -> GSI 19 (level, low) -> IRQ 19
PCI: Setting latency timer of device 0000:00:1c.3 to 64
PCI: Setting latency timer of device 0000:00:1e.0 to 64
NET: Registered protocol family 2
IP route cache hash table entries: 32768 (order: 5, 131072 bytes)
TCP established hash table entries: 131072 (order: 8, 1572864 bytes)
TCP bind hash table entries: 65536 (order: 7, 786432 bytes)
TCP: Hash tables configured (established 131072 bind 65536)
TCP reno registered
Machine check exception polling timer started.
NTFS driver 2.1.27 [Flags: R/O].
io scheduler noop registered
io scheduler anticipatory registered
io scheduler deadline registered
io scheduler cfq registered (default)
pci_hotplug: PCI Hot Plug PCI Core version: 0.5
ACPI: Power Button (FF) [PWRF]
ACPI: Power Button (CM) [PWRB]
ACPI: Lid Switch [LID]
ACPI: Sleep Button (CM) [SLPB]
ACPI: CPU0 (power states: C1[C1] C2[C2] C3[C3])
ACPI: Processor [CPU0] (supports 8 throttling states)
ACPI: CPU1 (power states: C1[C1] C2[C2] C3[C3])
ACPI: Processor [CPU1] (supports 8 throttling states)
Real Time Clock Driver v1.12ac
Linux agpgart interface v0.101 (c) Dave Jones
agpgart: Detected an Intel 945GM Chipset.
agpgart: AGP aperture is 256M @ 0x0
[drm] Initialized drm 1.0.1 20051102
Serial: 8250/16550 driver $Revision: 1.90 $ 4 ports, IRQ sharing disabled
floppy0: no floppy controllers found
RAMDISK driver initialized: 16 RAM disks of 9012K size 1024 blocksize
loop: loaded (max 8 devices)
Uniform Multi-Platform E-IDE driver Revision: 7.00alpha2
ide: Assuming 33MHz system bus speed for PIO modes; override with idebus=xx
ide0: I/O resource 0x1F0-0x1F7 not free.
ide0: ports already in use, skipping probe
Probing IDE interface ide1...
hdc: TSSTcorpCD/DVDW TS-L632D, ATAPI CD/DVD-ROM drive
ide1 at 0x170-0x177,0x376 on irq 15
hdc: ATAPI 24X DVD-ROM DVD-R-RAM CD-R/RW drive, 2048kB Cache
Uniform CD-ROM driver Revision: 3.20
ata_piix 0000:00:1f.2: version 2.00ac6
ata_piix 0000:00:1f.2: MAP [ P0 P2 IDE IDE ]
ACPI: PCI Interrupt 0000:00:1f.2[B] -> GSI 17 (level, low) -> IRQ 17
ata: 0x170 IDE port busy
ata: conflict with ide1
PCI: Setting latency timer of device 0000:00:1f.2 to 64
ata1: SATA max UDMA/133 cmd 0x1F0 ctl 0x3F6 bmdma 0x70A0 irq 14
ata2: DUMMY
scsi0 : ata_piix
ata1.00: ATA-7, max UDMA/100, 234441648 sectors: LBA48 NCQ (depth 0/32)
ata1.00: ata1: dev 0 multi count 16
ata1.00: configured for UDMA/100
scsi1 : ata_piix
scsi 0:0:0:0: Direct-Access     ATA      FUJITSU MHV2120B 0000 PQ: 0 ANSI: 5
SCSI device sda: 234441648 512-byte hdwr sectors (120034 MB)
sda: Write Protect is off
sda: Mode Sense: 00 3a 00 00
SCSI device sda: drive cache: write back
SCSI device sda: 234441648 512-byte hdwr sectors (120034 MB)
sda: Write Protect is off
sda: Mode Sense: 00 3a 00 00
SCSI device sda: drive cache: write back
 sda: sda1 sda2 sda3
sd 0:0:0:0: Attached scsi disk sda
sd 0:0:0:0: Attached scsi generic sg0 type 0
PNP: PS/2 Controller [PNP0303:KBC,PNP0f13:MOUE] at 0x60,0x64 irq 1,12
i8042.c: Detected active multiplexing controller, rev 1.1.
serio: i8042 KBD port at 0x60,0x64 irq 1
serio: i8042 AUX0 port at 0x60,0x64 irq 12
serio: i8042 AUX1 port at 0x60,0x64 irq 12
serio: i8042 AUX2 port at 0x60,0x64 irq 12
serio: i8042 AUX3 port at 0x60,0x64 irq 12
mice: PS/2 mouse device common for all mice
i2c /dev entries driver
oprofile: using NMI interrupt.
Simple TC action Loaded
TCP cubic registered
NET: Registered protocol family 1
NET: Registered protocol family 17
Starting balanced_irq
Using IPI Shortcut mode
Freeing unused kernel memory: 252k freed
Time: tsc clocksource has been installed.
Time: acpi_pm clocksource has been installed.
input: AT Translated Set 2 keyboard as /class/input/input0
kjournald starting.  Commit interval 5 seconds
EXT3-fs: mounted filesystem with ordered data mode.
Synaptics Touchpad, model: 1, fw: 6.2, id: 0xa5a0b1, caps: 0xa04713/0x0
input: SynPS/2 Synaptics TouchPad as /class/input/input1
usbcore: registered new interface driver usbfs
usbcore: registered new interface driver hub
usbcore: registered new device driver usb
e100: Intel(R) PRO/100 Network Driver, 3.5.17-k2-NAPI
e100: Copyright(c) 1999-2006 Intel Corporation
ACPI: PCI Interrupt 0000:09:08.0[A] -> GSI 20 (level, low) -> IRQ 20
PCI: Setting latency timer of device 0000:09:08.0 to 64
e100: eth0: e100_probe: addr 0x64000000, irq 20, MAC addr 00:40:D0:92:17:65
ACPI: PCI Interrupt 0000:00:1b.0[A] -> GSI 23 (level, low) -> IRQ 21
PCI: Setting latency timer of device 0000:00:1b.0 to 64
hda_codec: Unknown model for ALC883, trying auto-probe from BIOS...
ACPI: PCI Interrupt 0000:00:1f.3[B] -> GSI 17 (level, low) -> IRQ 17
ACPI: PCI Interrupt 0000:00:1d.7[A] -> GSI 16 (level, low) -> IRQ 16
PCI: Setting latency timer of device 0000:00:1d.7 to 64
ehci_hcd 0000:00:1d.7: EHCI Host Controller
ehci_hcd 0000:00:1d.7: new USB bus registered, assigned bus number 1
ehci_hcd 0000:00:1d.7: debug port 1
PCI: cache line size of 32 is not supported by device 0000:00:1d.7
ehci_hcd 0000:00:1d.7: irq 16, io mem 0x6c304400
ehci_hcd 0000:00:1d.7: USB 2.0 started, EHCI 1.00, driver 10 Dec 2004
usb usb1: configuration #1 chosen from 1 choice
hub 1-0:1.0: USB hub found
hub 1-0:1.0: 8 ports detected
USB Universal Host Controller Interface driver v3.0
ACPI: PCI Interrupt 0000:00:1d.0[A] -> GSI 16 (level, low) -> IRQ 16
PCI: Setting latency timer of device 0000:00:1d.0 to 64
uhci_hcd 0000:00:1d.0: UHCI Host Controller
uhci_hcd 0000:00:1d.0: new USB bus registered, assigned bus number 2
uhci_hcd 0000:00:1d.0: irq 16, io base 0x00007080
usb usb2: configuration #1 chosen from 1 choice
hub 2-0:1.0: USB hub found
hub 2-0:1.0: 2 ports detected
ACPI: PCI Interrupt 0000:00:1d.1[B] -> GSI 17 (level, low) -> IRQ 17
PCI: Setting latency timer of device 0000:00:1d.1 to 64
uhci_hcd 0000:00:1d.1: UHCI Host Controller
uhci_hcd 0000:00:1d.1: new USB bus registered, assigned bus number 3
uhci_hcd 0000:00:1d.1: irq 17, io base 0x00007060
usb usb3: configuration #1 chosen from 1 choice
hub 3-0:1.0: USB hub found
hub 3-0:1.0: 2 ports detected
ACPI: PCI Interrupt 0000:00:1d.2[C] -> GSI 18 (level, low) -> IRQ 18
PCI: Setting latency timer of device 0000:00:1d.2 to 64
uhci_hcd 0000:00:1d.2: UHCI Host Controller
uhci_hcd 0000:00:1d.2: new USB bus registered, assigned bus number 4
uhci_hcd 0000:00:1d.2: irq 18, io base 0x00007040
usb usb4: configuration #1 chosen from 1 choice
hub 4-0:1.0: USB hub found
hub 4-0:1.0: 2 ports detected
ACPI: PCI Interrupt 0000:00:1d.3[D] -> GSI 19 (level, low) -> IRQ 19
PCI: Setting latency timer of device 0000:00:1d.3 to 64
uhci_hcd 0000:00:1d.3: UHCI Host Controller
uhci_hcd 0000:00:1d.3: new USB bus registered, assigned bus number 5
uhci_hcd 0000:00:1d.3: irq 19, io base 0x00007020
usb usb5: configuration #1 chosen from 1 choice
hub 5-0:1.0: USB hub found
hub 5-0:1.0: 2 ports detected
ieee1394: Initialized config rom entry `ip1394'
ACPI: PCI Interrupt 0000:09:02.0[A] -> GSI 16 (level, low) -> IRQ 16
PCI: Setting latency timer of device 0000:09:02.0 to 64
ohci1394: fw-host0: OHCI-1394 1.1 (PCI): IRQ=[16]  MMIO=[64003000-640037ff]  Max Packet=[2048]  IR/IT contexts=[8/8]
Using specific hotkey driver
ibm_acpi: ec object not found
ACPI: Video Device [VGA0] (multi-head: yes  rom: no  post: no)
ieee1394: Host added: ID:BUS[0-00:1023]  GUID[7856341278563412]
EXT3 FS on sda1, internal journal
Adding 2096472k swap on /dev/sda2.  Priority:-1 extents:1 across:2096472k
e100: eth0: e100_watchdog: link up, 100Mbps, full-duplex