Date: Wed, 12 Mar 2008 12:51:07 -0700
From: linux usr <>
Subject: when i boot with Imation nano disk, only one cpu core is detected (amd 64 x2)
Sender: linux-kernel-owner@vger.kernel.org
Precedence: bulk
List-ID: <linux-kernel.vger.kernel.org>
X-Mailing-List: linux-kernel@vger.kernel.org
X-Lkml-Link: https://lkml.org/lkml/2008/3/12/466

when i boot with Imation nano disk, only one cpu core is detected (amd
64 x2), i am attaching the dmesg.log (no the nano drive plugged on boot)
and dmesg_with_nano_boot.log with nano drive on boot.
Linux version 2.6.24-ARCH (root@T-POWA-LX) (gcc version 4.2.3) #1 SMP PREEMPT Wed Mar 5 12:07:52 UTC 2008
BIOS-provided physical RAM map:
 BIOS-e820: 0000000000000000 - 000000000009f400 (usable)
 BIOS-e820: 000000000009f400 - 00000000000a0000 (reserved)
 BIOS-e820: 00000000000f0000 - 0000000000100000 (reserved)
 BIOS-e820: 0000000000100000 - 000000002fee0000 (usable)
 BIOS-e820: 000000002fee0000 - 000000002fee3000 (ACPI NVS)
 BIOS-e820: 000000002fee3000 - 000000002fef0000 (ACPI data)
 BIOS-e820: 000000002fef0000 - 000000002ff00000 (reserved)
 BIOS-e820: 00000000e0000000 - 00000000f0000000 (reserved)
 BIOS-e820: 00000000fec00000 - 0000000100000000 (reserved)
0MB HIGHMEM available.
766MB LOWMEM available.
found SMP MP-table at 000f3bc0
Entering add_active_range(0, 0, 196320) 0 entries of 256 used
Zone PFN ranges:
  DMA             0 ->     4096
  Normal       4096 ->   196320
  HighMem    196320 ->   196320
Movable zone start PFN for each node
early_node_map[1] active PFN ranges
    0:        0 ->   196320
On node 0 totalpages: 196320
  DMA zone: 32 pages used for memmap
  DMA zone: 0 pages reserved
  DMA zone: 4064 pages, LIFO batch:0
  Normal zone: 1501 pages used for memmap
  Normal zone: 190723 pages, LIFO batch:31
  HighMem zone: 0 pages used for memmap
  Movable zone: 0 pages used for memmap
DMI 2.5 present.
ACPI: RSDP 000F7D50, 0024 (r2 RS690 )
ACPI: XSDT 2FEE3080, 004C (r1 RS690  AWRDACPI 42302E31 AWRD        0)
ACPI: FACP 2FEE7BC0, 00F4 (r3 RS690  AWRDACPI 42302E31 AWRD        0)
ACPI: DSDT 2FEE3200, 498E (r1 RS690  AWRDACPI     1000 MSFT  3000000)
ACPI: FACS 2FEE0000, 0040
ACPI: SSDT 2FEE7D80, 0206 (r1 PTLTD  POWERNOW        1  LTP        1)
ACPI: _HPT 2FEE7FC0, 0038 (r1 RS690  AWRDACPI 42302E31 AWRD       98)
ACPI: MCFG 2FEE8000, 003C (r1 RS690  AWRDACPI 42302E31 AWRD        0)
ACPI: APIC 2FEE7CC0, 0084 (r1 RS690  AWRDACPI 42302E31 AWRD        0)
ATI board detected. Disabling timer routing over 8254.
ACPI: PM-Timer IO Port: 0x4008
ACPI: Local APIC address 0xfee00000
ACPI: LAPIC (acpi_id[0x00] lapic_id[0x00] enabled)
Processor #0 15:11 APIC version 16
ACPI: LAPIC (acpi_id[0x01] lapic_id[0x01] enabled)
Processor #1 15:11 APIC version 16
ACPI: LAPIC (acpi_id[0x02] lapic_id[0x02] disabled)
ACPI: LAPIC (acpi_id[0x03] lapic_id[0x03] disabled)
ACPI: LAPIC_NMI (acpi_id[0x00] high edge lint[0x1])
ACPI: LAPIC_NMI (acpi_id[0x01] high edge lint[0x1])
ACPI: LAPIC_NMI (acpi_id[0x02] high edge lint[0x1])
ACPI: LAPIC_NMI (acpi_id[0x03] high edge lint[0x1])
ACPI: IOAPIC (id[0x04] address[0xfec00000] gsi_base[0])
IOAPIC[0]: apic_id 4, version 33, address 0xfec00000, GSI 0-23
ACPI: INT_SRC_OVR (bus 0 bus_irq 0 global_irq 2 dfl dfl)
ACPI: INT_SRC_OVR (bus 0 bus_irq 9 global_irq 9 low level)
ACPI: IRQ0 used by override.
ACPI: IRQ2 used by override.
ACPI: IRQ9 used by override.
Enabling APIC mode:  Flat.  Using 1 I/O APICs
Using ACPI (MADT) for SMP configuration information
Allocating PCI resources starting at 30000000 (gap: 2ff00000:b0100000)
swsusp: Registered nosave memory region: 000000000009f000 - 00000000000a0000
swsusp: Registered nosave memory region: 00000000000a0000 - 00000000000f0000
swsusp: Registered nosave memory region: 00000000000f0000 - 0000000000100000
Built 1 zonelists in Zone order, mobility grouping on.  Total pages: 194787
Kernel command line: root=/dev/sda8 ro
mapped APIC to ffffb000 (fee00000)
mapped IOAPIC to ffffa000 (fec00000)
Enabling fast FPU save and restore... done.
Enabling unmasked SIMD FPU exception support... done.
Initializing CPU#0
PID hash table entries: 4096 (order: 12, 16384 bytes)
Detected 2907.823 MHz processor.
Console: colour VGA+ 80x25
console [tty0] enabled
Dentry cache hash table entries: 131072 (order: 7, 524288 bytes)
Inode-cache hash table entries: 65536 (order: 6, 262144 bytes)
Memory: 771740k/785280k available (2498k kernel code, 13028k reserved, 852k data, 296k init, 0k highmem)
virtual kernel memory layout:
    fixmap  : 0xfff80000 - 0xfffff000   ( 508 kB)
    pkmap   : 0xff800000 - 0xffc00000   (4096 kB)
    vmalloc : 0xf0800000 - 0xff7fe000   ( 239 MB)
    lowmem  : 0xc0000000 - 0xefee0000   ( 766 MB)
      .init : 0xc044b000 - 0xc0495000   ( 296 kB)
      .data : 0xc03709df - 0xc0445cdc   ( 852 kB)
      .text : 0xc0100000 - 0xc03709df   (2498 kB)
Checking if this processor honours the WP bit even in supervisor mode... Ok.
SLUB: Genslabs=11, HWalign=64, Order=0-1, MinObjects=4, CPUs=2, Nodes=1
Calibrating delay using timer specific routine.. 5939.19 BogoMIPS (lpj=9894707)
Security Framework initialized
Capability LSM initialized
Mount-cache hash table entries: 512
CPU: After generic identify, caps: 178bfbff ebd3fbff 00000000 00000000 00002001 00000000 0000011f 00000000
CPU: L1 I Cache: 64K (64 bytes/line), D cache 64K (64 bytes/line)
CPU: L2 Cache: 512K (64 bytes/line)
CPU 0(2) -> Core 0
CPU: After all inits, caps: 178bfbff ebd3fbff 00000000 00000410 00002001 00000000 0000011f 00000000
Intel machine check architecture supported.
Intel machine check reporting enabled on CPU#0.
Compat vDSO mapped to ffffe000.
Checking 'hlt' instruction... OK.
SMP alternatives: switching to UP code
Early unpacking initramfs... done
ACPI: Core revision 20070126
ACPI: Looking for DSDT in initramfs... error, file /DSDT.aml not found.
CPU0: AMD Athlon(tm) 64 X2 Dual Core Processor 4000+ stepping 01
SMP alternatives: switching to SMP code
Booting processor 1/1 eip 3000
Initializing CPU#1
Calibrating delay using timer specific routine.. 5817.44 BogoMIPS (lpj=9691906)
CPU: After generic identify, caps: 178bfbff ebd3fbff 00000000 00000000 00002001 00000000 0000011f 00000000
CPU: L1 I Cache: 64K (64 bytes/line), D cache 64K (64 bytes/line)
CPU: L2 Cache: 512K (64 bytes/line)
CPU 1(2) -> Core 1
CPU: After all inits, caps: 178bfbff ebd3fbff 00000000 00000410 00002001 00000000 0000011f 00000000
Intel machine check architecture supported.
Intel machine check reporting enabled on CPU#1.
CPU1: AMD Athlon(tm) 64 X2 Dual Core Processor 4000+ stepping 01
Total of 2 processors activated (11756.63 BogoMIPS).
ENABLING IO-APIC IRQs
..TIMER: vector=0x31 apic1=0 pin1=2 apic2=-1 pin2=-1
Brought up 2 CPUs
net_namespace: 64 bytes
Booting paravirtualized kernel on bare hardware
NET: Registered protocol family 16
ACPI: bus type pci registered
PCI: Using MMCONFIG
Setting up standard PCI resources
ACPI: EC: Look up EC in DSDT
ACPI: Interpreter enabled
ACPI: (supports S0 S1 S4 S5)
ACPI: Using IOAPIC for interrupt routing
ACPI: PCI Root Bridge [PCI0] (0000:00)
PCI: Transparent bridge - 0000:00:14.4
ACPI: PCI Interrupt Routing Table [\_SB_.PCI0._PRT]
ACPI: PCI Interrupt Routing Table [\_SB_.PCI0.P2P_._PRT]
ACPI: PCI Interrupt Routing Table [\_SB_.PCI0.PCE4._PRT]
ACPI: PCI Interrupt Routing Table [\_SB_.PCI0.AGP_._PRT]
ACPI: PCI Interrupt Link [LNKA] (IRQs 3 4 5 6 7 10 11) *0, disabled.
ACPI: PCI Interrupt Link [LNKB] (IRQs 3 4 5 6 7 10 11) *0, disabled.
ACPI: PCI Interrupt Link [LNKC] (IRQs 3 4 5 6 7 10 11) *0, disabled.
ACPI: PCI Interrupt Link [LNKD] (IRQs 3 4 5 6 7 10 11) *0, disabled.
ACPI: PCI Interrupt Link [LNKE] (IRQs 3 4 5 6 7 10 11) *0, disabled.
ACPI: PCI Interrupt Link [LNKF] (IRQs 3 4 5 6 7 10 11) *0, disabled.
ACPI: PCI Interrupt Link [LNK0] (IRQs 3 4 5 6 7 10 11) *0, disabled.
ACPI: PCI Interrupt Link [LNK1] (IRQs 3 4 5 6 7 10 11) *0, disabled.
Linux Plug and Play Support v0.97 (c) Adam Belay
pnp: PnP ACPI init
ACPI: bus type pnp registered
pnp: PnP ACPI: found 14 devices
ACPI: ACPI bus type pnp unregistered
SCSI subsystem initialized
PCI: Using ACPI for IRQ routing
PCI: If a device doesn't work, try "pci=routeirq".  If it helps, post a report
NetLabel: Initializing
NetLabel:  domain hash size = 128
NetLabel:  protocols = UNLABELED CIPSOv4
NetLabel:  unlabeled traffic allowed by default
ACPI: RTC can wake from S4
system 00:01: ioport range 0x4100-0x411f has been reserved
system 00:01: ioport range 0x228-0x22f has been reserved
system 00:01: ioport range 0x40b-0x40b has been reserved
system 00:01: ioport range 0x4d6-0x4d6 has been reserved
system 00:01: ioport range 0xc00-0xc01 has been reserved
system 00:01: ioport range 0xc14-0xc14 has been reserved
system 00:01: ioport range 0xc50-0xc52 has been reserved
system 00:01: ioport range 0xc6c-0xc6d has been reserved
system 00:01: ioport range 0xc6f-0xc6f has been reserved
system 00:01: ioport range 0xcd0-0xcd1 has been reserved
system 00:01: ioport range 0xcd2-0xcd3 has been reserved
system 00:01: ioport range 0xcd4-0xcdf has been reserved
system 00:01: ioport range 0x4000-0x40fe has been reserved
system 00:01: ioport range 0x4210-0x4217 has been reserved
system 00:01: ioport range 0xb10-0xb1f has been reserved
system 00:06: ioport range 0x4d0-0x4d1 has been reserved
system 00:06: ioport range 0x800-0x805 has been reserved
system 00:0c: iomem range 0xe0000000-0xefffffff could not be reserved
system 00:0d: iomem range 0xf0000-0xfffff could not be reserved
system 00:0d: iomem range 0x2ff00000-0x2fffffff has been reserved
system 00:0d: iomem range 0xfed00000-0xfed000ff could not be reserved
system 00:0d: iomem range 0x2fee0000-0x2fefffff could not be reserved
system 00:0d: iomem range 0xffff0000-0xffffffff could not be reserved
system 00:0d: iomem range 0x0-0x9ffff could not be reserved
system 00:0d: iomem range 0x100000-0x2fedffff could not be reserved
system 00:0d: iomem range 0x30000000-0x3fffffff has been reserved
system 00:0d: iomem range 0xfec00000-0xfec00fff could not be reserved
system 00:0d: iomem range 0xfee00000-0xfee00fff could not be reserved
system 00:0d: iomem range 0xfff80000-0xfffeffff could not be reserved
PCI: Bridge: 0000:00:01.0
  IO window: d000-dfff
  MEM window: fde00000-fdffffff
  PREFETCH window: d0000000-dfffffff
PCI: Bridge: 0000:00:04.0
  IO window: e000-efff
  MEM window: fdd00000-fddfffff
  PREFETCH window: fdc00000-fdcfffff
PCI: Bridge: 0000:00:14.4
  IO window: c000-cfff
  MEM window: fdb00000-fdbfffff
  PREFETCH window: fda00000-fdafffff
PCI: Setting latency timer of device 0000:00:04.0 to 64
NET: Registered protocol family 2
Time: acpi_pm clocksource has been installed.
Switched to high resolution mode on CPU 0
Switched to high resolution mode on CPU 1
IP route cache hash table entries: 32768 (order: 5, 131072 bytes)
TCP established hash table entries: 131072 (order: 8, 1048576 bytes)
TCP bind hash table entries: 65536 (order: 7, 786432 bytes)
TCP: Hash tables configured (established 131072 bind 65536)
TCP reno registered
checking if image is initramfs... it is
Freeing initrd memory: 1419k freed
apm: BIOS version 1.2 Flags 0x07 (Driver version 1.16ac)
apm: disabled - APM is not SMP safe.
VFS: Disk quotas dquot_6.5.1
Dquot-cache hash table entries: 1024 (order 0, 4096 bytes)
Installing knfsd (copyright (C) 1996 okir@monad.swb.de).
Block layer SCSI generic (bsg) driver version 0.4 loaded (major 254)
io scheduler noop registered
io scheduler anticipatory registered
io scheduler deadline registered
io scheduler cfq registered (default)
Boot video device is 0000:01:05.0
PCI: Setting latency timer of device 0000:00:04.0 to 64
assign_interrupt_mode Found MSI capability
Allocate Port Service[0000:00:04.0:pcie00]
Allocate Port Service[0000:00:04.0:pcie03]
isapnp: Scanning for PnP cards...
isapnp: No Plug & Play device found
Serial: 8250/16550 driver $Revision: 1.90 $ 4 ports, IRQ sharing disabled
serial8250: ttyS0 at I/O 0x3f8 (irq = 4) is a 16550A
00:08: ttyS0 at I/O 0x3f8 (irq = 4) is a 16550A
RAMDISK driver initialized: 16 RAM disks of 16384K size 1024 blocksize
loop: module loaded
input: Macintosh mouse button emulation as /devices/virtual/input/input0
PNP: PS/2 Controller [PNP0303:PS2K,PNP0f13:PS2M] at 0x60,0x64 irq 1,12
serio: i8042 KBD port at 0x60,0x64 irq 1
serio: i8042 AUX port at 0x60,0x64 irq 12
mice: PS/2 mouse device common for all mice
input: AT Translated Set 2 keyboard as /devices/platform/i8042/serio0/input/input1
cpuidle: using governor ladder
cpuidle: using governor menu
TCP cubic registered
NET: Registered protocol family 1
NET: Registered protocol family 17
RPC: Registered udp transport module.
RPC: Registered tcp transport module.
Using IPI No-Shortcut mode
Freeing unused kernel memory: 296k freed
libata version 3.00 loaded.
ACPI: PCI Interrupt 0000:00:14.1[A] -> GSI 16 (level, low) -> IRQ 16
scsi0 : pata_atiixp
scsi1 : pata_atiixp
ata1: PATA max UDMA/100 cmd 0x1f0 ctl 0x3f6 bmdma 0xf900 irq 14
ata2: PATA max UDMA/100 cmd 0x170 ctl 0x376 bmdma 0xf908 irq 15
ata1.00: ATAPI: HL-DT-ST DVDRAM GSA-4163B, A105, max UDMA/33
ata1.01: ATAPI: CRD-8483B, 1.02, max MWDMA2
ata1.00: configured for UDMA/33
ata1.01: configured for MWDMA2
scsi 0:0:0:0: CD-ROM            HL-DT-ST DVDRAM GSA-4163B A105 PQ: 0 ANSI: 5
scsi 0:0:1:0: CD-ROM            LG       CD-ROM CRD-8483B 1.02 PQ: 0 ANSI: 5
ahci 0000:00:12.0: version 3.0
ACPI: PCI Interrupt 0000:00:12.0[A] -> GSI 22 (level, low) -> IRQ 17
ahci 0000:00:12.0: controller can't do 64bit DMA, forcing 32bit
ahci 0000:00:12.0: controller can't do PMP, turning off CAP_PMP
ahci 0000:00:12.0: AHCI 0001.0100 32 slots 4 ports 3 Gbps 0xf impl SATA mode
ahci 0000:00:12.0: flags: ncq sntf ilck led clo pio 
scsi2 : ahci
scsi3 : ahci
scsi4 : ahci
scsi5 : ahci
ata3: SATA max UDMA/133 abar m1024@0xfe02f000 port 0xfe02f100 irq 17
ata4: SATA max UDMA/133 abar m1024@0xfe02f000 port 0xfe02f180 irq 17
ata5: SATA max UDMA/133 abar m1024@0xfe02f000 port 0xfe02f200 irq 17
ata6: SATA max UDMA/133 abar m1024@0xfe02f000 port 0xfe02f280 irq 17
ata3: SATA link up 3.0 Gbps (SStatus 123 SControl 300)
ata3.00: ATA-7: ST3160815AS, 4.AAB, max UDMA/133
ata3.00: 312581808 sectors, multi 16: LBA48 NCQ (depth 31/32)
ata3.00: configured for UDMA/133
ata4: SATA link down (SStatus 0 SControl 300)
ata5: SATA link down (SStatus 0 SControl 300)
ata6: SATA link down (SStatus 0 SControl 300)
scsi 2:0:0:0: Direct-Access     ATA      ST3160815AS      4.AA PQ: 0 ANSI: 5
Driver 'sd' needs updating - please use bus_type methods
sd 2:0:0:0: [sda] 312581808 512-byte hardware sectors (160042 MB)
sd 2:0:0:0: [sda] Write Protect is off
sd 2:0:0:0: [sda] Mode Sense: 00 3a 00 00
sd 2:0:0:0: [sda] Write cache: enabled, read cache: enabled, doesn't support DPO or FUA
sd 2:0:0:0: [sda] 312581808 512-byte hardware sectors (160042 MB)
sd 2:0:0:0: [sda] Write Protect is off
sd 2:0:0:0: [sda] Mode Sense: 00 3a 00 00
sd 2:0:0:0: [sda] Write cache: enabled, read cache: enabled, doesn't support DPO or FUA
 sda: sda1 sda2 < sda5 sda6 sda7 sda8 sda9 >
sd 2:0:0:0: [sda] Attached SCSI disk
Driver 'sr' needs updating - please use bus_type methods
sr0: scsi3-mmc drive: 40x/40x writer dvd-ram cd/rw xa/form2 cdda tray
Uniform CD-ROM driver Revision: 3.20
sr 0:0:0:0: Attached scsi CD-ROM sr0
sr1: scsi3-mmc drive: 48x/48x cd/rw xa/form2 cdda tray
sr 0:0:1:0: Attached scsi CD-ROM sr1
kjournald starting.  Commit interval 5 seconds
EXT3-fs: mounted filesystem with ordered data mode.
usbcore: registered new interface driver usbfs
usbcore: registered new interface driver hub
usbcore: registered new device driver usb
r8169 Gigabit Ethernet driver 2.2LK loaded
ACPI: PCI Interrupt 0000:02:00.0[A] -> GSI 16 (level, low) -> IRQ 16
PCI: Setting latency timer of device 0000:02:00.0 to 64
r8169 0000:02:00.0: no MSI. Back to INTx.
eth0: RTL8101e at 0xf082a000, 00:30:18:a3:6d:0e, XID 34200000 IRQ 16
ACPI: PCI Interrupt 0000:00:14.2[A] -> GSI 16 (level, low) -> IRQ 16
input: Power Button (FF) as /devices/virtual/input/input2
ACPI: Power Button (FF) [PWRF]
input: Power Button (CM) as /devices/virtual/input/input3
ACPI: Power Button (CM) [PWRB]
ACPI: Fan [FAN] (on)
ACPI Exception (processor_core-0816): AE_NOT_FOUND, Processor Device is not present [20070126]
ACPI Exception (processor_core-0816): AE_NOT_FOUND, Processor Device is not present [20070126]
ACPI: Expecting a [Reference] package element, found type EECDC0A0
ACPI: Invalid passive threshold
ACPI: Thermal Zone [THRM] (40 C)
sr 0:0:0:0: Attached scsi generic sg0 type 5
sr 0:0:1:0: Attached scsi generic sg1 type 5
sd 2:0:0:0: Attached scsi generic sg2 type 0
pci_hotplug: PCI Hot Plug PCI Core version: 0.5
Linux agpgart interface v0.102
shpchp: Standard Hot Plug PCI Controller Driver version: 0.4
ohci_hcd: 2006 August 04 USB 1.1 'Open' Host Controller (OHCI) Driver
ACPI: PCI Interrupt 0000:00:13.0[A] -> GSI 16 (level, low) -> IRQ 16
ohci_hcd 0000:00:13.0: OHCI Host Controller
ohci_hcd 0000:00:13.0: new USB bus registered, assigned bus number 1
ohci_hcd 0000:00:13.0: irq 16, io mem 0xfe02e000
usb usb1: configuration #1 chosen from 1 choice
hub 1-0:1.0: USB hub found
hub 1-0:1.0: 2 ports detected
ACPI: PCI Interrupt 0000:00:13.1[B] -> GSI 17 (level, low) -> IRQ 18
ohci_hcd 0000:00:13.1: OHCI Host Controller
ohci_hcd 0000:00:13.1: new USB bus registered, assigned bus number 2
ohci_hcd 0000:00:13.1: irq 18, io mem 0xfe02d000
PPP generic driver version 2.4.2
usb usb2: configuration #1 chosen from 1 choice
hub 2-0:1.0: USB hub found
hub 2-0:1.0: 2 ports detected
input: PC Speaker as /devices/platform/pcspkr/input/input4
ACPI: PCI Interrupt 0000:00:13.2[C] -> GSI 18 (level, low) -> IRQ 19
ohci_hcd 0000:00:13.2: OHCI Host Controller
ohci_hcd 0000:00:13.2: new USB bus registered, assigned bus number 3
ohci_hcd 0000:00:13.2: irq 19, io mem 0xfe02c000
fglrx: module license 'Proprietary. (C) 2002 - ATI Technologies, Starnberg, GERMANY' taints kernel.
[fglrx] Maximum main memory to use for locked dma buffers: 678 MBytes.
[fglrx] ASYNCIO init succeed!
[fglrx] PAT is enabled successfully!
[fglrx] module loaded - fglrx 8.45.5 [Feb  1 2008] on minor 0
usb usb3: configuration #1 chosen from 1 choice
hub 3-0:1.0: USB hub found
hub 3-0:1.0: 2 ports detected
lp: driver loaded but no devices found
rtc_cmos 00:03: rtc core: registered rtc_cmos as rtc0
rtc0: alarms up to one month
ppdev: user-space parallel port driver
ACPI: PCI Interrupt 0000:00:13.3[B] -> GSI 17 (level, low) -> IRQ 18
ohci_hcd 0000:00:13.3: OHCI Host Controller
ohci_hcd 0000:00:13.3: new USB bus registered, assigned bus number 4
ohci_hcd 0000:00:13.3: irq 18, io mem 0xfe02b000
usb usb4: configuration #1 chosen from 1 choice
hub 4-0:1.0: USB hub found
hub 4-0:1.0: 2 ports detected
ACPI: PCI Interrupt 0000:00:13.4[C] -> GSI 18 (level, low) -> IRQ 19
ohci_hcd 0000:00:13.4: OHCI Host Controller
ohci_hcd 0000:00:13.4: new USB bus registered, assigned bus number 5
ohci_hcd 0000:00:13.4: irq 19, io mem 0xfe02a000
usb usb5: configuration #1 chosen from 1 choice
hub 5-0:1.0: USB hub found
hub 5-0:1.0: 2 ports detected
input: ImExPS/2 Generic Explorer Mouse as /devices/platform/i8042/serio1/input/input5
ACPI: PCI Interrupt 0000:00:13.5[D] -> GSI 19 (level, low) -> IRQ 20
ehci_hcd 0000:00:13.5: EHCI Host Controller
ehci_hcd 0000:00:13.5: new USB bus registered, assigned bus number 6
ehci_hcd 0000:00:13.5: debug port 1
ehci_hcd 0000:00:13.5: irq 20, io mem 0xfe029000
ehci_hcd 0000:00:13.5: USB 2.0 started, EHCI 1.00, driver 10 Dec 2004
usb usb6: configuration #1 chosen from 1 choice
hub 6-0:1.0: USB hub found
hub 6-0:1.0: 10 ports detected
piix4_smbus 0000:00:14.0: Found 0000:00:14.0 device
EXT3 FS on sda8, internal journal
EXT4-fs warning: maximal mount count reached, running e2fsck is recommended
kjournald2 starting.  Commit interval 5 seconds
EXT4 FS on sda9, internal journal
EXT4-fs: mounted filesystem with ordered data mode.
EXT4-fs: file extents enabled
Adding 297160k swap on /dev/sda5.  Priority:100 extents:1 across:297160k
Adding 297160k swap on /dev/sda6.  Priority:100 extents:1 across:297160k
Adding 297160k swap on /dev/sda7.  Priority:100 extents:1 across:297160k
Linux version 2.6.24-ARCH (root@T-POWA-LX) (gcc version 4.2.3) #1 SMP PREEMPT Wed Mar 5 12:07:52 UTC 2008
BIOS-provided physical RAM map:
 BIOS-e820: 0000000000000000 - 000000000009f400 (usable)
 BIOS-e820: 000000000009f400 - 00000000000a0000 (reserved)
 BIOS-e820: 00000000000f0000 - 0000000000100000 (reserved)
 BIOS-e820: 0000000000100000 - 000000002fee0000 (usable)
 BIOS-e820: 000000002fee0000 - 000000002fee3000 (ACPI NVS)
 BIOS-e820: 000000002fee3000 - 000000002fef0000 (ACPI data)
 BIOS-e820: 000000002fef0000 - 000000002ff00000 (reserved)
 BIOS-e820: 00000000e0000000 - 00000000f0000000 (reserved)
 BIOS-e820: 00000000fec00000 - 0000000100000000 (reserved)
0MB HIGHMEM available.
766MB LOWMEM available.
found SMP MP-table at 000f3bc0
Entering add_active_range(0, 0, 196320) 0 entries of 256 used
Zone PFN ranges:
  DMA             0 ->     4096
  Normal       4096 ->   196320
  HighMem    196320 ->   196320
Movable zone start PFN for each node
early_node_map[1] active PFN ranges
    0:        0 ->   196320
On node 0 totalpages: 196320
  DMA zone: 32 pages used for memmap
  DMA zone: 0 pages reserved
  DMA zone: 4064 pages, LIFO batch:0
  Normal zone: 1501 pages used for memmap
  Normal zone: 190723 pages, LIFO batch:31
  HighMem zone: 0 pages used for memmap
  Movable zone: 0 pages used for memmap
DMI 2.5 present.
ACPI: RSDP 000F7D50, 0024 (r2 RS690 )
ACPI: XSDT 2FEE3080, 004C (r1 RS690  AWRDACPI 42302E31 AWRD        0)
ACPI: FACP 2FEE7BC0, 00F4 (r3 RS690  AWRDACPI 42302E31 AWRD        0)
ACPI: DSDT 2FEE3200, 498E (r1 RS690  AWRDACPI     1000 MSFT  3000000)
ACPI: FACS 2FEE0000, 0040
ACPI: SSDT 2FEE7D80, 0206 (r1 PTLTD  POWERNOW        1  LTP        1)
ACPI: _HPT 2FEE7FC0, 0038 (r1 RS690  AWRDACPI 42302E31 AWRD       98)
ACPI: MCFG 2FEE8000, 003C (r1 RS690  AWRDACPI 42302E31 AWRD        0)
ACPI: APIC 2FEE7CC0, 0084 (r1 RS690  AWRDACPI 42302E31 AWRD        0)
ATI board detected. Disabling timer routing over 8254.
ACPI: PM-Timer IO Port: 0x4008
ACPI: Local APIC address 0xfee00000
ACPI: LAPIC (acpi_id[0x00] lapic_id[0x00] enabled)
Processor #0 15:11 APIC version 16
ACPI: LAPIC (acpi_id[0x01] lapic_id[0x01] enabled)
Processor #1 15:11 APIC version 16
ACPI: LAPIC (acpi_id[0x02] lapic_id[0x02] disabled)
ACPI: LAPIC (acpi_id[0x03] lapic_id[0x03] disabled)
ACPI: LAPIC_NMI (acpi_id[0x00] high edge lint[0x1])
ACPI: LAPIC_NMI (acpi_id[0x01] high edge lint[0x1])
ACPI: LAPIC_NMI (acpi_id[0x02] high edge lint[0x1])
ACPI: LAPIC_NMI (acpi_id[0x03] high edge lint[0x1])
ACPI: IOAPIC (id[0x04] address[0xfec00000] gsi_base[0])
IOAPIC[0]: apic_id 4, version 33, address 0xfec00000, GSI 0-23
ACPI: INT_SRC_OVR (bus 0 bus_irq 0 global_irq 2 dfl dfl)
ACPI: INT_SRC_OVR (bus 0 bus_irq 9 global_irq 9 low level)
ACPI: IRQ0 used by override.
ACPI: IRQ2 used by override.
ACPI: IRQ9 used by override.
Enabling APIC mode:  Flat.  Using 1 I/O APICs
Using ACPI (MADT) for SMP configuration information
Allocating PCI resources starting at 30000000 (gap: 2ff00000:b0100000)
swsusp: Registered nosave memory region: 000000000009f000 - 00000000000a0000
swsusp: Registered nosave memory region: 00000000000a0000 - 00000000000f0000
swsusp: Registered nosave memory region: 00000000000f0000 - 0000000000100000
Built 1 zonelists in Zone order, mobility grouping on.  Total pages: 194787
Kernel command line: root=/dev/sda8 ro
mapped APIC to ffffb000 (fee00000)
mapped IOAPIC to ffffa000 (fec00000)
Enabling fast FPU save and restore... done.
Enabling unmasked SIMD FPU exception support... done.
Initializing CPU#0
PID hash table entries: 4096 (order: 12, 16384 bytes)
Detected 2907.827 MHz processor.
Console: colour VGA+ 80x25
console [tty0] enabled
Dentry cache hash table entries: 131072 (order: 7, 524288 bytes)
Inode-cache hash table entries: 65536 (order: 6, 262144 bytes)
Memory: 771740k/785280k available (2498k kernel code, 13028k reserved, 852k data, 296k init, 0k highmem)
virtual kernel memory layout:
    fixmap  : 0xfff80000 - 0xfffff000   ( 508 kB)
    pkmap   : 0xff800000 - 0xffc00000   (4096 kB)
    vmalloc : 0xf0800000 - 0xff7fe000   ( 239 MB)
    lowmem  : 0xc0000000 - 0xefee0000   ( 766 MB)
      .init : 0xc044b000 - 0xc0495000   ( 296 kB)
      .data : 0xc03709df - 0xc0445cdc   ( 852 kB)
      .text : 0xc0100000 - 0xc03709df   (2498 kB)
Checking if this processor honours the WP bit even in supervisor mode... Ok.
SLUB: Genslabs=11, HWalign=64, Order=0-1, MinObjects=4, CPUs=2, Nodes=1
Calibrating delay using timer specific routine.. 5938.67 BogoMIPS (lpj=9893886)
Security Framework initialized
Capability LSM initialized
Mount-cache hash table entries: 512
CPU: After generic identify, caps: 178bfbff ebd3fbff 00000000 00000000 00002001 00000000 0000011f 00000000
CPU: L1 I Cache: 64K (64 bytes/line), D cache 64K (64 bytes/line)
CPU: L2 Cache: 512K (64 bytes/line)
CPU 0(2) -> Core 0
CPU: After all inits, caps: 178bfbff ebd3fbff 00000000 00000410 00002001 00000000 0000011f 00000000
Intel machine check architecture supported.
Intel machine check reporting enabled on CPU#0.
Compat vDSO mapped to ffffe000.
Checking 'hlt' instruction... OK.
SMP alternatives: switching to UP code
Early unpacking initramfs... done
ACPI: Core revision 20070126
ACPI: Looking for DSDT in initramfs... error, file /DSDT.aml not found.
CPU0: AMD Athlon(tm) 64 X2 Dual Core Processor 4000+ stepping 01
SMP alternatives: switching to SMP code
Booting processor 1/1 eip 3000
Not responding.
Inquiring remote APIC #1...
... APIC #1 ID: 1000000
... APIC #1 VERSION: 80050010
... APIC #1 SPIV: ff
CPU #1 not responding - cannot use it.
Total of 1 processors activated (5938.67 BogoMIPS).
ENABLING IO-APIC IRQs
..TIMER: vector=0x31 apic1=0 pin1=2 apic2=-1 pin2=-1
Brought up 1 CPUs
net_namespace: 64 bytes
Booting paravirtualized kernel on bare hardware
NET: Registered protocol family 16
ACPI: bus type pci registered
PCI: Using MMCONFIG
Setting up standard PCI resources
ACPI: EC: Look up EC in DSDT
ACPI: Interpreter enabled
ACPI: (supports S0 S1 S4 S5)
ACPI: Using IOAPIC for interrupt routing
ACPI: PCI Root Bridge [PCI0] (0000:00)
PCI: Transparent bridge - 0000:00:14.4
ACPI: PCI Interrupt Routing Table [\_SB_.PCI0._PRT]
ACPI: PCI Interrupt Routing Table [\_SB_.PCI0.P2P_._PRT]
ACPI: PCI Interrupt Routing Table [\_SB_.PCI0.PCE4._PRT]
ACPI: PCI Interrupt Routing Table [\_SB_.PCI0.AGP_._PRT]
ACPI: PCI Interrupt Link [LNKA] (IRQs 3 4 5 6 7 10 11) *0, disabled.
ACPI: PCI Interrupt Link [LNKB] (IRQs 3 4 5 6 7 10 11) *0, disabled.
ACPI: PCI Interrupt Link [LNKC] (IRQs 3 4 5 6 7 10 11) *0, disabled.
ACPI: PCI Interrupt Link [LNKD] (IRQs 3 4 5 6 7 10 11) *0, disabled.
ACPI: PCI Interrupt Link [LNKE] (IRQs 3 4 5 6 7 10 11) *0, disabled.
ACPI: PCI Interrupt Link [LNKF] (IRQs 3 4 5 6 7 10 11) *0, disabled.
ACPI: PCI Interrupt Link [LNK0] (IRQs 3 4 5 6 7 10 11) *0, disabled.
ACPI: PCI Interrupt Link [LNK1] (IRQs 3 4 5 6 7 10 11) *0, disabled.
Linux Plug and Play Support v0.97 (c) Adam Belay
pnp: PnP ACPI init
ACPI: bus type pnp registered
pnp: PnP ACPI: found 14 devices
ACPI: ACPI bus type pnp unregistered
SCSI subsystem initialized
PCI: Using ACPI for IRQ routing
PCI: If a device doesn't work, try "pci=routeirq".  If it helps, post a report
NetLabel: Initializing
NetLabel:  domain hash size = 128
NetLabel:  protocols = UNLABELED CIPSOv4
NetLabel:  unlabeled traffic allowed by default
ACPI: RTC can wake from S4
system 00:01: ioport range 0x4100-0x411f has been reserved
system 00:01: ioport range 0x228-0x22f has been reserved
system 00:01: ioport range 0x40b-0x40b has been reserved
system 00:01: ioport range 0x4d6-0x4d6 has been reserved
system 00:01: ioport range 0xc00-0xc01 has been reserved
system 00:01: ioport range 0xc14-0xc14 has been reserved
system 00:01: ioport range 0xc50-0xc52 has been reserved
system 00:01: ioport range 0xc6c-0xc6d has been reserved
system 00:01: ioport range 0xc6f-0xc6f has been reserved
system 00:01: ioport range 0xcd0-0xcd1 has been reserved
system 00:01: ioport range 0xcd2-0xcd3 has been reserved
system 00:01: ioport range 0xcd4-0xcdf has been reserved
system 00:01: ioport range 0x4000-0x40fe has been reserved
system 00:01: ioport range 0x4210-0x4217 has been reserved
system 00:01: ioport range 0xb10-0xb1f has been reserved
system 00:06: ioport range 0x4d0-0x4d1 has been reserved
system 00:06: ioport range 0x800-0x805 has been reserved
system 00:0c: iomem range 0xe0000000-0xefffffff could not be reserved
system 00:0d: iomem range 0xf0000-0xfffff could not be reserved
system 00:0d: iomem range 0x2ff00000-0x2fffffff has been reserved
system 00:0d: iomem range 0xfed00000-0xfed000ff could not be reserved
system 00:0d: iomem range 0x2fee0000-0x2fefffff could not be reserved
system 00:0d: iomem range 0xffff0000-0xffffffff could not be reserved
system 00:0d: iomem range 0x0-0x9ffff could not be reserved
system 00:0d: iomem range 0x100000-0x2fedffff could not be reserved
system 00:0d: iomem range 0x30000000-0x3fffffff has been reserved
system 00:0d: iomem range 0xfec00000-0xfec00fff could not be reserved
system 00:0d: iomem range 0xfee00000-0xfee00fff could not be reserved
system 00:0d: iomem range 0xfff80000-0xfffeffff could not be reserved
PCI: Bridge: 0000:00:01.0
  IO window: d000-dfff
  MEM window: fde00000-fdffffff
  PREFETCH window: d0000000-dfffffff
PCI: Bridge: 0000:00:04.0
  IO window: e000-efff
  MEM window: fdd00000-fddfffff
  PREFETCH window: fdc00000-fdcfffff
PCI: Bridge: 0000:00:14.4
  IO window: c000-cfff
  MEM window: fdb00000-fdbfffff
  PREFETCH window: fda00000-fdafffff
PCI: Setting latency timer of device 0000:00:04.0 to 64
NET: Registered protocol family 2
Time: acpi_pm clocksource has been installed.
Switched to high resolution mode on CPU 0
IP route cache hash table entries: 32768 (order: 5, 131072 bytes)
TCP established hash table entries: 131072 (order: 8, 1048576 bytes)
TCP bind hash table entries: 65536 (order: 7, 786432 bytes)
TCP: Hash tables configured (established 131072 bind 65536)
TCP reno registered
checking if image is initramfs... it is
Freeing initrd memory: 1419k freed
apm: BIOS version 1.2 Flags 0x07 (Driver version 1.16ac)
apm: overridden by ACPI.
VFS: Disk quotas dquot_6.5.1
Dquot-cache hash table entries: 1024 (order 0, 4096 bytes)
Installing knfsd (copyright (C) 1996 okir@monad.swb.de).
Block layer SCSI generic (bsg) driver version 0.4 loaded (major 254)
io scheduler noop registered
io scheduler anticipatory registered
io scheduler deadline registered
io scheduler cfq registered (default)
Boot video device is 0000:01:05.0
PCI: Setting latency timer of device 0000:00:04.0 to 64
assign_interrupt_mode Found MSI capability
Allocate Port Service[0000:00:04.0:pcie00]
Allocate Port Service[0000:00:04.0:pcie03]
isapnp: Scanning for PnP cards...
isapnp: No Plug & Play device found
Serial: 8250/16550 driver $Revision: 1.90 $ 4 ports, IRQ sharing disabled
serial8250: ttyS0 at I/O 0x3f8 (irq = 4) is a 16550A
00:08: ttyS0 at I/O 0x3f8 (irq = 4) is a 16550A
RAMDISK driver initialized: 16 RAM disks of 16384K size 1024 blocksize
loop: module loaded
input: Macintosh mouse button emulation as /devices/virtual/input/input0
PNP: PS/2 Controller [PNP0303:PS2K,PNP0f13:PS2M] at 0x60,0x64 irq 1,12
serio: i8042 KBD port at 0x60,0x64 irq 1
serio: i8042 AUX port at 0x60,0x64 irq 12
mice: PS/2 mouse device common for all mice
input: AT Translated Set 2 keyboard as /devices/platform/i8042/serio0/input/input1
cpuidle: using governor ladder
cpuidle: using governor menu
TCP cubic registered
NET: Registered protocol family 1
NET: Registered protocol family 17
RPC: Registered udp transport module.
RPC: Registered tcp transport module.
Using IPI No-Shortcut mode
Freeing unused kernel memory: 296k freed
libata version 3.00 loaded.
ACPI: PCI Interrupt 0000:00:14.1[A] -> GSI 16 (level, low) -> IRQ 16
scsi0 : pata_atiixp
scsi1 : pata_atiixp
ata1: PATA max UDMA/100 cmd 0x1f0 ctl 0x3f6 bmdma 0xf900 irq 14
ata2: PATA max UDMA/100 cmd 0x170 ctl 0x376 bmdma 0xf908 irq 15
ata1.00: ATAPI: HL-DT-ST DVDRAM GSA-4163B, A105, max UDMA/33
ata1.01: ATAPI: CRD-8483B, 1.02, max MWDMA2
ata1.00: configured for UDMA/33
ata1.01: configured for MWDMA2
scsi 0:0:0:0: CD-ROM            HL-DT-ST DVDRAM GSA-4163B A105 PQ: 0 ANSI: 5
scsi 0:0:1:0: CD-ROM            LG       CD-ROM CRD-8483B 1.02 PQ: 0 ANSI: 5
ahci 0000:00:12.0: version 3.0
ACPI: PCI Interrupt 0000:00:12.0[A] -> GSI 22 (level, low) -> IRQ 17
ahci 0000:00:12.0: controller can't do 64bit DMA, forcing 32bit
ahci 0000:00:12.0: controller can't do PMP, turning off CAP_PMP
ahci 0000:00:12.0: AHCI 0001.0100 32 slots 4 ports 3 Gbps 0xf impl SATA mode
ahci 0000:00:12.0: flags: ncq sntf ilck led clo pio 
scsi2 : ahci
scsi3 : ahci
scsi4 : ahci
scsi5 : ahci
ata3: SATA max UDMA/133 abar m1024@0xfe02f000 port 0xfe02f100 irq 17
ata4: SATA max UDMA/133 abar m1024@0xfe02f000 port 0xfe02f180 irq 17
ata5: SATA max UDMA/133 abar m1024@0xfe02f000 port 0xfe02f200 irq 17
ata6: SATA max UDMA/133 abar m1024@0xfe02f000 port 0xfe02f280 irq 17
ata3: SATA link up 3.0 Gbps (SStatus 123 SControl 300)
ata3.00: ATA-7: ST3160815AS, 4.AAB, max UDMA/133
ata3.00: 312581808 sectors, multi 16: LBA48 NCQ (depth 31/32)
ata3.00: configured for UDMA/133
ata4: SATA link down (SStatus 0 SControl 300)
ata5: SATA link down (SStatus 0 SControl 300)
ata6: SATA link down (SStatus 0 SControl 300)
scsi 2:0:0:0: Direct-Access     ATA      ST3160815AS      4.AA PQ: 0 ANSI: 5
Driver 'sd' needs updating - please use bus_type methods
sd 2:0:0:0: [sda] 312581808 512-byte hardware sectors (160042 MB)
sd 2:0:0:0: [sda] Write Protect is off
sd 2:0:0:0: [sda] Mode Sense: 00 3a 00 00
sd 2:0:0:0: [sda] Write cache: enabled, read cache: enabled, doesn't support DPO or FUA
sd 2:0:0:0: [sda] 312581808 512-byte hardware sectors (160042 MB)
sd 2:0:0:0: [sda] Write Protect is off
sd 2:0:0:0: [sda] Mode Sense: 00 3a 00 00
sd 2:0:0:0: [sda] Write cache: enabled, read cache: enabled, doesn't support DPO or FUA
 sda: sda1 sda2 < sda5 sda6 sda7 sda8 sda9 >
Driver 'sr' needs updating - please use bus_type methods
sr0: scsi3-mmc drive: 40x/40x writer dvd-ram cd/rw xa/form2 cdda tray
Uniform CD-ROM driver Revision: 3.20
sr 0:0:0:0: Attached scsi CD-ROM sr0
sr1: scsi3-mmc drive: 48x/48x cd/rw xa/form2 cdda tray
sr 0:0:1:0: Attached scsi CD-ROM sr1
sd 2:0:0:0: [sda] Attached SCSI disk
kjournald starting.  Commit interval 5 seconds
EXT3-fs: mounted filesystem with ordered data mode.
usbcore: registered new interface driver usbfs
usbcore: registered new interface driver hub
usbcore: registered new device driver usb
r8169 Gigabit Ethernet driver 2.2LK loaded
ACPI: PCI Interrupt 0000:02:00.0[A] -> GSI 16 (level, low) -> IRQ 16
PCI: Setting latency timer of device 0000:02:00.0 to 64
r8169 0000:02:00.0: no MSI. Back to INTx.
eth0: RTL8101e at 0xf082a000, 00:30:18:a3:6d:0e, XID 34200000 IRQ 16
ACPI: PCI Interrupt 0000:00:14.2[A] -> GSI 16 (level, low) -> IRQ 16
input: Power Button (FF) as /devices/virtual/input/input2
ACPI: Power Button (FF) [PWRF]
input: Power Button (CM) as /devices/virtual/input/input3
ACPI: Power Button (CM) [PWRB]
ACPI: Fan [FAN] (on)
tick-braodcast: ignoring broadcast for offline CPU #1
ACPI Exception (processor_core-0816): AE_NOT_FOUND, Processor Device is not present [20070126]
ACPI Exception (processor_core-0816): AE_NOT_FOUND, Processor Device is not present [20070126]
ACPI: Expecting a [Reference] package element, found type EF0A17D0
ACPI: Invalid passive threshold
ACPI: Thermal Zone [THRM] (40 C)
sr 0:0:0:0: Attached scsi generic sg0 type 5
sr 0:0:1:0: Attached scsi generic sg1 type 5
sd 2:0:0:0: Attached scsi generic sg2 type 0
pci_hotplug: PCI Hot Plug PCI Core version: 0.5
Linux agpgart interface v0.102
shpchp: Standard Hot Plug PCI Controller Driver version: 0.4
ohci_hcd: 2006 August 04 USB 1.1 'Open' Host Controller (OHCI) Driver
ACPI: PCI Interrupt 0000:00:13.0[A] -> GSI 16 (level, low) -> IRQ 16
ohci_hcd 0000:00:13.0: OHCI Host Controller
ohci_hcd 0000:00:13.0: new USB bus registered, assigned bus number 1
ohci_hcd 0000:00:13.0: irq 16, io mem 0xfe02e000
usb usb1: configuration #1 chosen from 1 choice
hub 1-0:1.0: USB hub found
hub 1-0:1.0: 2 ports detected
input: PC Speaker as /devices/platform/pcspkr/input/input4
fglrx: module license 'Proprietary. (C) 2002 - ATI Technologies, Starnberg, GERMANY' taints kernel.
[fglrx] Maximum main memory to use for locked dma buffers: 678 MBytes.
[fglrx] ASYNCIO init succeed!
[fglrx] PAT is enabled successfully!
[fglrx] module loaded - fglrx 8.45.5 [Feb  1 2008] on minor 0
ACPI: PCI Interrupt 0000:00:13.1[B] -> GSI 17 (level, low) -> IRQ 18
ohci_hcd 0000:00:13.1: OHCI Host Controller
ohci_hcd 0000:00:13.1: new USB bus registered, assigned bus number 2
ohci_hcd 0000:00:13.1: irq 18, io mem 0xfe02d000
PPP generic driver version 2.4.2
usb usb2: configuration #1 chosen from 1 choice
hub 2-0:1.0: USB hub found
hub 2-0:1.0: 2 ports detected
rtc_cmos 00:03: rtc core: registered rtc_cmos as rtc0
rtc0: alarms up to one month
lp: driver loaded but no devices found
ACPI: PCI Interrupt 0000:00:13.2[C] -> GSI 18 (level, low) -> IRQ 19
ohci_hcd 0000:00:13.2: OHCI Host Controller
ohci_hcd 0000:00:13.2: new USB bus registered, assigned bus number 3
ohci_hcd 0000:00:13.2: irq 19, io mem 0xfe02c000
ppdev: user-space parallel port driver
usb usb3: configuration #1 chosen from 1 choice
hub 3-0:1.0: USB hub found
hub 3-0:1.0: 2 ports detected
input: ImExPS/2 Generic Explorer Mouse as /devices/platform/i8042/serio1/input/input5
ACPI: PCI Interrupt 0000:00:13.3[B] -> GSI 17 (level, low) -> IRQ 18
ohci_hcd 0000:00:13.3: OHCI Host Controller
ohci_hcd 0000:00:13.3: new USB bus registered, assigned bus number 4
ohci_hcd 0000:00:13.3: irq 18, io mem 0xfe02b000
usb usb4: configuration #1 chosen from 1 choice
hub 4-0:1.0: USB hub found
hub 4-0:1.0: 2 ports detected
usb 2-2: new full speed USB device using ohci_hcd and address 2
ACPI: PCI Interrupt 0000:00:13.4[C] -> GSI 18 (level, low) -> IRQ 19
ohci_hcd 0000:00:13.4: OHCI Host Controller
ohci_hcd 0000:00:13.4: new USB bus registered, assigned bus number 5
ohci_hcd 0000:00:13.4: irq 19, io mem 0xfe02a000
usb usb5: configuration #1 chosen from 1 choice
hub 5-0:1.0: USB hub found
hub 5-0:1.0: 2 ports detected
usb 2-2: configuration #1 chosen from 1 choice
ACPI: PCI Interrupt 0000:00:13.5[D] -> GSI 19 (level, low) -> IRQ 20
ehci_hcd 0000:00:13.5: EHCI Host Controller
ehci_hcd 0000:00:13.5: new USB bus registered, assigned bus number 6
ehci_hcd 0000:00:13.5: debug port 1
ehci_hcd 0000:00:13.5: irq 20, io mem 0xfe029000
usb 2-2: USB disconnect, address 2
ehci_hcd 0000:00:13.5: USB 2.0 started, EHCI 1.00, driver 10 Dec 2004
usb usb6: configuration #1 chosen from 1 choice
hub 6-0:1.0: USB hub found
hub 6-0:1.0: 10 ports detected
piix4_smbus 0000:00:14.0: Found 0000:00:14.0 device
Initializing USB Mass Storage driver...
usb 6-4: new high speed USB device using ehci_hcd and address 2
usb 6-4: configuration #1 chosen from 1 choice
scsi6 : SCSI emulation for USB Mass Storage devices
usbcore: registered new interface driver usb-storage
USB Mass Storage support registered.
usb-storage: device found at 2
usb-storage: waiting for device to settle before scanning
EXT3 FS on sda8, internal journal
EXT4-fs warning: maximal mount count reached, running e2fsck is recommended
kjournald2 starting.  Commit interval 5 seconds
EXT4 FS on sda9, internal journal
EXT4-fs: mounted filesystem with ordered data mode.
EXT4-fs: file extents enabled
Adding 297160k swap on /dev/sda5.  Priority:100 extents:1 across:297160k
Adding 297160k swap on /dev/sda6.  Priority:100 extents:1 across:297160k
Adding 297160k swap on /dev/sda7.  Priority:100 extents:1 across:297160k