Date: Mon, 15 Nov 1999 16:30:20 -0500
From: Wakko Warner <>
Subject: Re: multiple definition of '__module_kernel_version' ?
Sender: linux-kernel-owner@vger.kernel.org
Precedence: bulk
List-ID: <linux-kernel.vger.kernel.org>
X-Mailing-List: linux-kernel@vger.kernel.org
X-Lkml-Link: https://lkml.org/lkml/1999/11/15/104

I saw this same thing attempting to build one of the modules, I believe it
was sunrpc in 2.3.27 (or 28)
> While building 2.3.28
> 
> ld -m elf_i386  -r -o ide-mod.o ide.o ide-features.o ide-pci.o piix.o ide-proc.oide-features.o(.modinfo+0x0): multiple definition of `__module_kernel_version'
> ide.o(.modinfo+0x0): first defined here
> make[2]: *** [ide-mod.o] Error 1
> make[2]: Leaving directory `/usr/src/linux-2.3.28/drivers/block'
> make[1]: *** [_modsubdir_block] Error 2
> make[1]: Leaving directory `/usr/src/linux-2.3.28/drivers'
> make: *** [_mod_drivers] Error 2
> 
> Changing CONFIG_BLK_DEV_IDE from "m" to "y" fixes it (of course :)
> 
> attached .config and ver_linux output
> 
> Thanks,
> 
> James
> #
> # Automatically generated by make menuconfig: don't edit
> #
> CONFIG_X86=y
> CONFIG_ISA=y
> 
> #
> # Code maturity level options
> #
> CONFIG_EXPERIMENTAL=y
> 
> #
> # Processor type and features
> #
> # CONFIG_M386 is not set
> # CONFIG_M486 is not set
> # CONFIG_M586 is not set
> # CONFIG_M586TSC is not set
> CONFIG_M686=y
> # CONFIG_MK7 is not set
> CONFIG_X86_WP_WORKS_OK=y
> CONFIG_X86_INVLPG=y
> CONFIG_X86_BSWAP=y
> CONFIG_X86_POPAD_OK=y
> CONFIG_X86_TSC=y
> CONFIG_X86_GOOD_APIC=y
> CONFIG_NOHIGHMEM=y
> # CONFIG_HIGHMEM4G is not set
> # CONFIG_HIGHMEM64G is not set
> # CONFIG_MATH_EMULATION is not set
> CONFIG_MTRR=y
> CONFIG_SMP=y
> 
> #
> # Loadable module support
> #
> CONFIG_MODULES=y
> # CONFIG_MODVERSIONS is not set
> CONFIG_KMOD=y
> 
> #
> # General setup
> #
> CONFIG_NET=y
> # CONFIG_VISWS is not set
> CONFIG_X86_IO_APIC=y
> CONFIG_X86_LOCAL_APIC=y
> CONFIG_PCI=y
> # CONFIG_PCI_GOBIOS is not set
> # CONFIG_PCI_GODIRECT is not set
> CONFIG_PCI_GOANY=y
> CONFIG_PCI_BIOS=y
> CONFIG_PCI_DIRECT=y
> # CONFIG_MCA is not set
> 
> #
> # PCMCIA/CardBus support
> #
> CONFIG_PCMCIA=m
> CONFIG_CARDBUS=y
> CONFIG_I82365=y
> # CONFIG_TCIC is not set
> CONFIG_SYSVIPC=y
> # CONFIG_BSD_PROCESS_ACCT is not set
> CONFIG_SYSCTL=y
> CONFIG_KCORE_ELF=y
> # CONFIG_KCORE_AOUT is not set
> CONFIG_BINFMT_AOUT=m
> CONFIG_BINFMT_ELF=y
> CONFIG_BINFMT_MISC=m
> CONFIG_PARPORT=m
> CONFIG_PARPORT_PC=m
> # CONFIG_PARPORT_PC_FIFO is not set
> # CONFIG_PARPORT_AMIGA is not set
> # CONFIG_PARPORT_MFC3 is not set
> # CONFIG_PARPORT_ATARI is not set
> # CONFIG_PARPORT_SUNBPP is not set
> # CONFIG_PARPORT_OTHER is not set
> # CONFIG_PARPORT_1284 is not set
> # CONFIG_APM is not set
> 
> #
> # Plug and Play configuration
> #
> # CONFIG_PNP is not set
> # CONFIG_ISAPNP is not set
> 
> #
> # Block devices
> #
> CONFIG_BLK_DEV_FD=y
> CONFIG_BLK_DEV_IDE=y
> # CONFIG_BLK_DEV_HD_IDE is not set
> CONFIG_BLK_DEV_IDEDISK=m
> # CONFIG_IDEDISK_MULTI_MODE is not set
> CONFIG_BLK_DEV_IDECD=m
> CONFIG_BLK_DEV_IDETAPE=m
> CONFIG_BLK_DEV_IDEFLOPPY=m
> CONFIG_BLK_DEV_IDESCSI=m
> # CONFIG_BLK_DEV_CMD640 is not set
> # CONFIG_BLK_DEV_RZ1000 is not set
> CONFIG_BLK_DEV_IDEPCI=y
> # CONFIG_BLK_DEV_IDEDMA_PCI is not set
> # CONFIG_BLK_DEV_OFFBOARD is not set
> # CONFIG_BLK_DEV_AEC6210 is not set
> CONFIG_BLK_DEV_PIIX=y
> # CONFIG_BLK_DEV_PIIX_TUNING is not set
> # CONFIG_BLK_DEV_OPTI621 is not set
> # CONFIG_IDE_CHIPSETS is not set
> # CONFIG_BLK_CPQ_DA is not set
> CONFIG_BLK_DEV_LOOP=m
> CONFIG_BLK_DEV_NBD=m
> CONFIG_BLK_DEV_MD=y
> CONFIG_MD_LINEAR=m
> CONFIG_MD_STRIPED=m
> CONFIG_MD_MIRRORING=m
> CONFIG_MD_RAID5=m
> CONFIG_BLK_DEV_RAM=m
> # CONFIG_BLK_DEV_XD is not set
> CONFIG_BLK_DEV_DAC960=m
> CONFIG_PARIDE_PARPORT=m
> CONFIG_PARIDE=m
> # CONFIG_PARIDE_PD is not set
> # CONFIG_PARIDE_PCD is not set
> # CONFIG_PARIDE_PF is not set
> # CONFIG_PARIDE_PT is not set
> # CONFIG_PARIDE_PG is not set
> # CONFIG_PARIDE_ATEN is not set
> # CONFIG_PARIDE_BPCK is not set
> # CONFIG_PARIDE_COMM is not set
> # CONFIG_PARIDE_DSTR is not set
> # CONFIG_PARIDE_FIT2 is not set
> # CONFIG_PARIDE_FIT3 is not set
> # CONFIG_PARIDE_EPAT is not set
> # CONFIG_PARIDE_EPIA is not set
> # CONFIG_PARIDE_FRIQ is not set
> # CONFIG_PARIDE_FRPW is not set
> # CONFIG_PARIDE_KBIC is not set
> # CONFIG_PARIDE_KTTI is not set
> # CONFIG_PARIDE_ON20 is not set
> # CONFIG_PARIDE_ON26 is not set
> CONFIG_BLK_DEV_IDE_MODES=y
> # CONFIG_BLK_DEV_HD is not set
> 
> #
> # Networking options
> #
> CONFIG_PACKET=m
> # CONFIG_PACKET_MMAP is not set
> # CONFIG_NETLINK is not set
> # CONFIG_NETFILTER is not set
> # CONFIG_FILTER is not set
> CONFIG_UNIX=m
> CONFIG_INET=y
> # CONFIG_IP_MULTICAST is not set
> # CONFIG_IP_ADVANCED_ROUTER is not set
> # CONFIG_IP_PNP is not set
> # CONFIG_IP_ROUTER is not set
> # CONFIG_NET_IPIP is not set
> # CONFIG_NET_IPGRE is not set
> # CONFIG_IP_ALIAS is not set
> # CONFIG_SYN_COOKIES is not set
> CONFIG_SKB_LARGE=y
> # CONFIG_IPV6 is not set
> # CONFIG_KHTTPD is not set
> # CONFIG_ATM is not set
> # CONFIG_IPX is not set
> # CONFIG_ATALK is not set
> # CONFIG_DECNET is not set
> # CONFIG_X25 is not set
> # CONFIG_LAPB is not set
> # CONFIG_BRIDGE is not set
> # CONFIG_LLC is not set
> # CONFIG_ECONET is not set
> # CONFIG_WAN_ROUTER is not set
> # CONFIG_NET_FASTROUTE is not set
> # CONFIG_NET_HW_FLOWCONTROL is not set
> 
> #
> # QoS and/or fair queueing
> #
> # CONFIG_NET_SCHED is not set
> 
> #
> # SCSI support
> #
> CONFIG_SCSI=y
> CONFIG_BLK_DEV_SD=y
> CONFIG_CHR_DEV_ST=m
> CONFIG_BLK_DEV_SR=m
> # CONFIG_BLK_DEV_SR_VENDOR is not set
> CONFIG_CHR_DEV_SG=m
> # CONFIG_SCSI_MULTI_LUN is not set
> CONFIG_SCSI_CONSTANTS=y
> # CONFIG_SCSI_LOGGING is not set
> 
> #
> # SCSI low-level drivers
> #
> # CONFIG_SCSI_7000FASST is not set
> # CONFIG_SCSI_ACARD is not set
> # CONFIG_SCSI_AHA152X is not set
> # CONFIG_SCSI_AHA1542 is not set
> # CONFIG_SCSI_AHA1740 is not set
> CONFIG_SCSI_AIC7XXX=y
> # CONFIG_AIC7XXX_TCQ_ON_BY_DEFAULT is not set
> CONFIG_AIC7XXX_CMDS_PER_DEVICE=24
> # CONFIG_AIC7XXX_PROC_STATS is not set
> CONFIG_AIC7XXX_RESET_DELAY=5
> CONFIG_SCSI_IPS=m
> # CONFIG_SCSI_ADVANSYS is not set
> # CONFIG_SCSI_IN2000 is not set
> # CONFIG_SCSI_AM53C974 is not set
> # CONFIG_SCSI_MEGARAID is not set
> # CONFIG_SCSI_BUSLOGIC is not set
> # CONFIG_SCSI_DTC3280 is not set
> # CONFIG_SCSI_EATA is not set
> # CONFIG_SCSI_EATA_DMA is not set
> # CONFIG_SCSI_EATA_PIO is not set
> # CONFIG_SCSI_FUTURE_DOMAIN is not set
> # CONFIG_SCSI_GDTH is not set
> # CONFIG_SCSI_GENERIC_NCR5380 is not set
> # CONFIG_SCSI_INITIO is not set
> # CONFIG_SCSI_INIA100 is not set
> # CONFIG_SCSI_PPA is not set
> # CONFIG_SCSI_IMM is not set
> # CONFIG_SCSI_NCR53C406A is not set
> # CONFIG_SCSI_SYM53C416 is not set
> # CONFIG_SCSI_SIM710 is not set
> # CONFIG_SCSI_NCR53C7xx is not set
> # CONFIG_SCSI_NCR53C8XX is not set
> # CONFIG_SCSI_SYM53C8XX is not set
> # CONFIG_SCSI_PAS16 is not set
> # CONFIG_SCSI_PCI2000 is not set
> # CONFIG_SCSI_PCI2220I is not set
> # CONFIG_SCSI_PSI240I is not set
> # CONFIG_SCSI_QLOGIC_FAS is not set
> # CONFIG_SCSI_QLOGIC_ISP is not set
> # CONFIG_SCSI_QLOGIC_FC is not set
> # CONFIG_SCSI_SEAGATE is not set
> # CONFIG_SCSI_DC390T is not set
> # CONFIG_SCSI_T128 is not set
> # CONFIG_SCSI_U14_34F is not set
> # CONFIG_SCSI_ULTRASTOR is not set
> # CONFIG_SCSI_DEBUG is not set
> 
> #
> # I2O device support
> #
> # CONFIG_I2O is not set
> # CONFIG_I2O_PCI is not set
> # CONFIG_I2O_BLOCK is not set
> # CONFIG_I2O_LAN is not set
> # CONFIG_I2O_SCSI is not set
> # CONFIG_I2O_PROC is not set
> 
> #
> # Network device support
> #
> CONFIG_NETDEVICES=y
> 
> #
> # ARCnet devices
> #
> # CONFIG_ARCNET is not set
> # CONFIG_DUMMY is not set
> # CONFIG_EQUALIZER is not set
> # CONFIG_NET_SB1000 is not set
> 
> #
> # Ethernet (10 or 100Mbit)
> #
> CONFIG_NET_ETHERNET=y
> # CONFIG_NET_VENDOR_3COM is not set
> # CONFIG_LANCE is not set
> # CONFIG_NET_VENDOR_SMC is not set
> # CONFIG_NET_VENDOR_RACAL is not set
> # CONFIG_YELLOWFIN is not set
> # CONFIG_RTL8139 is not set
> # CONFIG_SIS900 is not set
> # CONFIG_DM9102 is not set
> # CONFIG_AT1700 is not set
> # CONFIG_DEPCA is not set
> # CONFIG_NET_ISA is not set
> CONFIG_NET_EISA=y
> # CONFIG_PCNET32 is not set
> # CONFIG_ADAPTEC_STARFIRE is not set
> CONFIG_ACENIC=m
> # CONFIG_ACENIC_OMIT_TIGON_I is not set
> # CONFIG_AC3200 is not set
> # CONFIG_APRICOT is not set
> # CONFIG_CS89x0 is not set
> # CONFIG_DE4X5 is not set
> # CONFIG_DEC_ELCP is not set
> # CONFIG_DGRS is not set
> CONFIG_EEXPRESS_PRO100=m
> # CONFIG_LNE390 is not set
> # CONFIG_NE3210 is not set
> # CONFIG_NE2K_PCI is not set
> # CONFIG_TLAN is not set
> # CONFIG_VIA_RHINE is not set
> # CONFIG_ES3210 is not set
> # CONFIG_EPIC100 is not set
> # CONFIG_ZNET is not set
> # CONFIG_NET_POCKET is not set
> # CONFIG_FDDI is not set
> # CONFIG_HIPPI is not set
> # CONFIG_PLIP is not set
> # CONFIG_PPP is not set
> # CONFIG_SLIP is not set
> 
> #
> # Wireless LAN (non-hamradio)
> #
> # CONFIG_NET_RADIO is not set
> 
> #
> # Token Ring driver support
> #
> # CONFIG_TR is not set
> # CONFIG_NET_FC is not set
> # CONFIG_RCPCI is not set
> # CONFIG_SHAPER is not set
> 
> #
> # Wan interfaces
> #
> # CONFIG_WAN is not set
> 
> #
> # PCMCIA network device support
> #
> CONFIG_NET_PCMCIA=y
> # CONFIG_PCMCIA_3C589 is not set
> # CONFIG_PCMCIA_3C574 is not set
> # CONFIG_PCMCIA_FMVJ18X is not set
> CONFIG_PCMCIA_PCNET=m
> # CONFIG_PCMCIA_NMCLAN is not set
> # CONFIG_PCMCIA_SMC91C92 is not set
> # CONFIG_PCMCIA_XIRC2PS is not set
> # CONFIG_PCMCIA_3C575 is not set
> # CONFIG_PCMCIA_TULIP is not set
> # CONFIG_PCMCIA_EPIC100 is not set
> CONFIG_PCMCIA_RAYCS=m
> # CONFIG_PCMCIA_NETWAVE is not set
> # CONFIG_PCMCIA_WAVELAN is not set
> 
> #
> # Amateur Radio support
> #
> # CONFIG_HAMRADIO is not set
> 
> #
> # IrDA (infrared) support
> #
> # CONFIG_IRDA is not set
> 
> #
> # ISDN subsystem
> #
> # CONFIG_ISDN is not set
> 
> #
> # Old CD-ROM drivers (not SCSI, not IDE)
> #
> # CONFIG_CD_NO_IDESCSI is not set
> 
> #
> # Character devices
> #
> CONFIG_VT=y
> CONFIG_VT_CONSOLE=y
> CONFIG_SERIAL=m
> # CONFIG_SERIAL_EXTENDED is not set
> # CONFIG_SERIAL_NONSTANDARD is not set
> CONFIG_UNIX98_PTYS=y
> CONFIG_UNIX98_PTY_COUNT=256
> # CONFIG_PRINTER is not set
> # CONFIG_PPDEV is not set
> 
> #
> # Mice
> #
> # CONFIG_BUSMOUSE is not set
> CONFIG_MOUSE=m
> CONFIG_PSMOUSE=y
> # CONFIG_82C710_MOUSE is not set
> # CONFIG_PC110_PAD is not set
> # CONFIG_QIC02_TAPE is not set
> 
> #
> # Watchdog Cards
> #
> # CONFIG_WATCHDOG is not set
> # CONFIG_NVRAM is not set
> CONFIG_RTC=y
> 
> #
> # Video For Linux
> #
> # CONFIG_VIDEO_DEV is not set
> 
> #
> # Joystick support
> #
> # CONFIG_JOYSTICK is not set
> # CONFIG_DTLK is not set
> # CONFIG_R3964 is not set
> # CONFIG_APPLICOM is not set
> 
> #
> # Ftape, the floppy tape device driver
> #
> # CONFIG_FTAPE is not set
> # CONFIG_DRM is not set
> 
> #
> # PCMCIA character device support
> #
> # CONFIG_PCMCIA_SERIAL_CS is not set
> # CONFIG_PCMCIA_SERIAL_CB is not set
> 
> #
> # USB drivers - not for the faint of heart
> #
> # CONFIG_USB is not set
> 
> #
> # Misc devices
> #
> # CONFIG_ACPI is not set
> 
> #
> # Filesystems
> #
> # CONFIG_QUOTA is not set
> # CONFIG_AUTOFS_FS is not set
> # CONFIG_ADFS_FS is not set
> # CONFIG_AFFS_FS is not set
> # CONFIG_HFS_FS is not set
> # CONFIG_BFS_FS is not set
> # CONFIG_FAT_FS is not set
> # CONFIG_MSDOS_FS is not set
> # CONFIG_UMSDOS_FS is not set
> # CONFIG_VFAT_FS is not set
> # CONFIG_EFS_FS is not set
> CONFIG_ISO9660_FS=m
> # CONFIG_JOLIET is not set
> # CONFIG_UDF_FS is not set
> # CONFIG_MINIX_FS is not set
> # CONFIG_NTFS_FS is not set
> # CONFIG_HPFS_FS is not set
> CONFIG_PROC_FS=y
> CONFIG_DEVPTS_FS=y
> # CONFIG_QNX4FS_FS is not set
> # CONFIG_ROMFS_FS is not set
> CONFIG_EXT2_FS=y
> # CONFIG_SYSV_FS is not set
> # CONFIG_UFS_FS is not set
> 
> #
> # Network File Systems
> #
> # CONFIG_CODA_FS is not set
> CONFIG_NFS_FS=m
> CONFIG_NFSD=m
> # CONFIG_NFSD_SUN is not set
> CONFIG_SUNRPC=m
> CONFIG_LOCKD=m
> CONFIG_SMB_FS=m
> # CONFIG_NCP_FS is not set
> 
> #
> # Partition Types
> #
> # CONFIG_PARTITION_ADVANCED is not set
> CONFIG_MSDOS_PARTITION=y
> # CONFIG_BSD_DISKLABEL is not set
> # CONFIG_SOLARIS_X86_PARTITION is not set
> # CONFIG_UNIXWARE_DISKLABEL is not set
> # CONFIG_SGI_PARTITION is not set
> # CONFIG_SUN_PARTITION is not set
> # CONFIG_NLS is not set
> 
> #
> # Console drivers
> #
> CONFIG_VGA_CONSOLE=y
> # CONFIG_VIDEO_SELECT is not set
> # CONFIG_MDA_CONSOLE is not set
> 
> #
> # Frame-buffer support
> #
> # CONFIG_FB is not set
> 
> #
> # Sound
> #
> CONFIG_SOUND=m
> # CONFIG_SOUND_CMPCI is not set
> # CONFIG_SOUND_ES1370 is not set
> # CONFIG_SOUND_ES1371 is not set
> # CONFIG_SOUND_ESSSOLO1 is not set
> # CONFIG_SOUND_MAESTRO is not set
> # CONFIG_SOUND_SONICVIBES is not set
> # CONFIG_SOUND_MSNDCLAS is not set
> # CONFIG_SOUND_MSNDPIN is not set
> CONFIG_SOUND_OSS=m
> # CONFIG_SOUND_AD1816 is not set
> # CONFIG_SOUND_SGALAXY is not set
> CONFIG_SOUND_CS4232=m
> # CONFIG_SOUND_SSCAPE is not set
> # CONFIG_SOUND_GUS is not set
> # CONFIG_SOUND_VMIDI is not set
> # CONFIG_SOUND_TRIX is not set
> # CONFIG_SOUND_MSS is not set
> # CONFIG_SOUND_MPU401 is not set
> # CONFIG_SOUND_NM256 is not set
> # CONFIG_SOUND_MAD16 is not set
> # CONFIG_SOUND_PAS is not set
> # CONFIG_SOUND_PSS is not set
> # CONFIG_SOUND_SOFTOSS is not set
> # CONFIG_SOUND_SB is not set
> # CONFIG_SOUND_WAVEFRONT is not set
> # CONFIG_SOUND_MAUI is not set
> # CONFIG_SOUND_VIA82CXXX is not set
> # CONFIG_SOUND_YM3812 is not set
> # CONFIG_SOUND_OPL3SA1 is not set
> # CONFIG_SOUND_OPL3SA2 is not set
> # CONFIG_SOUND_UART6850 is not set
> 
> #
> # Additional low level sound drivers
> #
> # CONFIG_LOWLEVEL_SOUND is not set
> 
> #
> # Kernel hacking
> #
> CONFIG_MAGIC_SYSRQ=y
> -- Versions installed: (if some fields are empty or look
> -- unusual then possibly you have very old versions)
> Linux jmm.raleigh.ibm.com 2.3.27 #4 SMP Fri Nov 12 16:40:43 EST 1999 i686 unknown
> Kernel modules         2.1.121
> Gnu C                  egcs-2.91.66
> Binutils               2.9.1.0.23
> Linux C Library        2.1.1
> Dynamic linker         ldd (GNU libc) 2.1.1
> Procps                 2.0.2
> Mount                  2.9o
> Net-tools              1.51
> Console-tools          1999.03.02
> Sh-utils               1.16
> Modules Loaded         eepro100 cs4232 uart401 ad1848 sound soundcore unix
-- 
 Lab tests show that use of micro$oft causes cancer in lab animals
-
To unsubscribe from this list: send the line "unsubscribe linux-kernel" in
the body of a message to majordomo@vger.rutgers.edu
Please read the FAQ at 
http://www.tux.org/lkml/