Date: Tue, 12 Nov 2002 12:12:47 +0000
From: Andrew Walrond <>
Subject: Re: 2.5.44 serial driver bug with asus pr-dls m/b
Sender: linux-kernel-owner@vger.kernel.org
Precedence: bulk
List-ID: <linux-kernel.vger.kernel.org>
X-Mailing-List: linux-kernel@vger.kernel.org
X-Lkml-Link: https://lkml.org/lkml/2002/11/12/74

Hold on. Don't worry about this for a minute; I've just discovered some 
stuff which I'll confirm and post later.
Andrew Walrond wrote:
> Sorry for delay in reply.
>
> Anyway, with vanilla 2.5.47 (which already has your attached patch it 
> seems) and DEBUG_AUTOCONF enabled as you suggest
>
> 1) With second serial port *disabled* in bios, I get
>
> Serial: 8250/16550 driver $Revision: 1.90 $ IRQ sharing disabled
> ttyS0: autoconf (0x03f8, 0x00000000): IER test failed (ff, ff) 
> type=unknown
> ttyS1: autoconf (0x02f8, 0x00000000): IER test failed (ff, ff) 
> type=unknown
> ttyS2: autoconf (0x03e8, 0x00000000): IER test failed (ff, ff) 
> type=unknown
> ttyS3: autoconf (0x02e8, 0x00000000): IER test failed (ff, ff) 
> type=unknown
> pnp: the driver 'serial' has been registered
>
> 2) With second serial port *enabled* in bios, I get
>
> Serial: 8250/16550 driver $Revision: 1.90 $ IRQ sharing disabled
> ttyS0: autoconf (0x03f8, 0x00000000): IER test failed (ff, ff) 
> type=unknown
> ttyS1: autoconf (0x02f8, 0x00000000): iir=3 iir1=6 iir2=6 type=16550A
> tts/1 at I/O 0x2f8 (irq = 3) is a 16550A
> ttyS2: autoconf (0x03e8, 0x00000000): IER test failed (ff, ff) 
> type=unknown
> ttyS3: autoconf (0x02e8, 0x00000000): IER test failed (ff, ff) 
> type=unknown
> pnp: the driver 'serial' has been registered
>
> Hope this helps; Let me know if I can do anything else; Now settled 
> into my new office so can turn around any tests immediately.
>
> Andrew Walrond
>
>
-
To unsubscribe from this list: send the line "unsubscribe linux-kernel" in
the body of a message to majordomo@vger.kernel.org
More majordomo info at  
http://vger.kernel.org/majordomo-info.html
Please read the FAQ at  
http://www.tux.org/lkml/