Date: Sat, 8 Jan 2000 19:21:05 -0600 (CST)
From: "Bruce J.A. Nourish" <>
Subject: Re: 2.2.37 isapnp/bios patch
Sender: linux-kernel-owner@vger.kernel.org
Precedence: bulk
List-ID: <linux-kernel.vger.kernel.org>
X-Mailing-List: linux-kernel@vger.kernel.org
X-Lkml-Link: https://lkml.org/lkml/2000/1/8/38

-----BEGIN PGP SIGNED MESSAGE-----
Hash: SHA1
I applies the ISA PnP/BIOS patch against 2.3.38-pre1. It seems to have
done _something_, but not to have fixed it:
Linux version 2.3.38 (root@marvin) (gcc version 2.7.2.3) #1 Sat Jan 8 18:43:09 CST 2000
e820: 0009fc00 @ 00000000 (usable)
e820: 00000400 @ 0009fc00 (reserved)
e820: 00010000 @ 000f0000 (reserved)
e820: 03f00000 @ 00100000 (usable)
e820: 00010000 @ ffff0000 (reserved)
On node 0 totalpages: 00004000
zone(0): 4096 pages.
zone(1): 12288 pages.
zone(2): 0 pages.
Initializing CPU#0
Detected 233869067 Hz processor.
floppy0: Assuming standard floppy hardware
Console: colour VGA+ 80x25
Calibrating delay loop... 466.94 BogoMIPS
Memory: 62344k/65536k available (1007k kernel code, 2804k reserved, 98k data, 132k init, 0k highmem)
Buffer-cache hash table entries: 4096 (order: 2, 16384 bytes)
Page-cache hash table entries: 16384 (order: 4, 65536 bytes)
VFS: Diskquotas version dquot_6.4.0 initialized
CPU: Intel Pentium MMX stepping 03
Checking 386/387 coupling... OK, FPU using exception 16 error reporting.
Checking 'hlt' instruction... OK.
Intel Pentium with F0 0F bug - workaround enabled.
POSIX conformance testing by UNIFIX
PCI: PCI BIOS revision 2.10 entry at 0xfda13
PCI: Using configuration type 1
PCI: Probing PCI hardware
PCI: Interrupt Routing Table found at 0xc00fdf90 [router type 8086/122e]
PCI: Assigned addresses 10000000-10000fff to region 00:03.0/0
PCI: Assigned addresses 10001000-10001fff to region 00:03.1/0
PCI: BIOS reporting unknown device 00:00
PCI: Device 00:00 not found by BIOS
PCI: BIOS reporting unknown device 00:08
PCI: Device 00:08 not found by BIOS
PCI: BIOS reporting unknown device 00:09
PCI: Device 00:09 not found by BIOS
PCI: BIOS reporting unknown device 00:0a
PCI: Device 00:0a not found by BIOS
PCI: BIOS reporting unknown device 00:0b
PCI: Device 00:0b not found by BIOS
PCI: BIOS reporting unknown device 00:10
PCI: Device 00:10 not found by BIOS
PCI: BIOS reporting unknown device 00:18
PCI: Device 00:18 not found by BIOS
PCI: BIOS reporting unknown device 00:18
PCI: Device 00:19 not found by BIOS
Limiting direct PCI/PCI transfers.
[snip]
When I try to 'modprobe isapnp', it pauses for a few sec and then
segfaults. Nothing get written to the system/kernel logs.
- -- 
Bruce J.A. Nourish
kode187@freewwweb.com
"God put me on this earth to do a number of things. I am so far behind,
that I will live forever."
-----BEGIN PGP SIGNATURE-----
Version: GnuPG v1.0.1 (GNU/Linux)
Comment: PGPEnvelope - 
http://www.bigfoot.com/~ftobin/resources.html
iD8DBQE4d+KPpghKx17DB98RAlRXAJ45U6PohYn+YnyNp+ARFUT/LsFDYQCZAc9C
Fe3R5NrFMh8gItJziYc+3wU=
=QAcU
-----END PGP SIGNATURE-----
-
To unsubscribe from this list: send the line "unsubscribe linux-kernel" in
the body of a message to majordomo@vger.rutgers.edu
Please read the FAQ at 
http://www.tux.org/lkml/