Date: Sun, 10 Feb 2008 11:50:06 +0100
From: Mr Souissi <>
Subject: Re: acer aspire 5720ZG APIC error on CPU0: 40(40) ACPI/USB
Sender: linux-kernel-owner@vger.kernel.org
Precedence: bulk
List-ID: <linux-kernel.vger.kernel.org>
X-Mailing-List: linux-kernel@vger.kernel.org
X-Lkml-Link: https://lkml.org/lkml/2008/2/10/104

acer aspire 5720 ZG APIC error on CPU0: 40(40)  ACPI/USB
dmesg:
Linux version 2.6.24.1-zs-core2 (root@zz) (gcc version 4.2.3 20080114 (prerelease) (Debian 4.2.2-7)) #1 SMP Sat Feb 9 11:12:29 CET 2008
BIOS-provided physical RAM map:
 BIOS-e820: 0000000000000000 - 000000000009fc00 (usable)
 BIOS-e820: 000000000009fc00 - 00000000000a0000 (reserved)
 BIOS-e820: 00000000000e0000 - 0000000000100000 (reserved)
 BIOS-e820: 0000000000100000 - 000000007fcfe000 (usable)
 BIOS-e820: 000000007fcfe000 - 000000007fd09000 (reserved)
 BIOS-e820: 000000007fd09000 - 000000007fd52000 (usable)
 BIOS-e820: 000000007fd52000 - 000000007fd55000 (reserved)
 BIOS-e820: 000000007fd55000 - 000000007fdbb000 (usable)
 BIOS-e820: 000000007fdbb000 - 000000007fdbf000 (reserved)
 BIOS-e820: 000000007fdbf000 - 000000007fe76000 (usable)
 BIOS-e820: 000000007fe76000 - 000000007febf000 (ACPI NVS)
 BIOS-e820: 000000007febf000 - 000000007ff00000 (ACPI data)
 BIOS-e820: 000000007ff00000 - 0000000080000000 (reserved)
 BIOS-e820: 00000000e0000000 - 00000000f0000000 (reserved)
 BIOS-e820: 00000000fec00000 - 00000000fec01000 (reserved)
 BIOS-e820: 00000000fed14000 - 00000000fed1a000 (reserved)
 BIOS-e820: 00000000fed1c000 - 00000000fed20000 (reserved)
 BIOS-e820: 00000000fee00000 - 00000000fee01000 (reserved)
 BIOS-e820: 00000000fff00000 - 0000000100000000 (reserved)
Warning only 896MB will be used.
Use a HIGHMEM enabled kernel.
896MB LOWMEM available.
found SMP MP-table at 000fe1b0
Entering add_active_range(0, 0, 229376) 0 entries of 256 used
Zone PFN ranges:
  DMA             0 ->     4096
  Normal       4096 ->   229376
Movable zone start PFN for each node
early_node_map[1] active PFN ranges
    0:        0 ->   229376
On node 0 totalpages: 229376
  DMA zone: 32 pages used for memmap
  DMA zone: 0 pages reserved
  DMA zone: 4064 pages, LIFO batch:0
  Normal zone: 1760 pages used for memmap
  Normal zone: 223520 pages, LIFO batch:31
  Movable zone: 0 pages used for memmap
DMI 2.4 present.
ACPI: RSDP 000FE020, 0024 (r2 ACRSYS)
ACPI: XSDT 7FEFE120, 0064 (r1 ACRSYS ACRPRDCT        1       1000013)
ACPI: FACP 7FEFD000, 00F4 (r4 ACRSYS ACRPRDCT        1 MSFT  1000013)
ACPI: DSDT 7FEF4000, 8500 (r1 ACRSYS ACRPRDCT        1 MSFT  1000013)
ACPI: FACS 7FE7B000, 0040
ACPI: APIC 7FEF3000, 0068 (r2 ACRSYS ACRPRDCT        1 MSFT  1000013)
ACPI: MCFG 7FEF2000, 003C (r1 ACRSYS ACRPRDCT        1 MSFT  1000013)
ACPI: SLIC 7FEF1000, 0176 (r1 ACRSYS ACRPRDCT        1 MSFT  1000013)
ACPI: HPET 7FEF0000, 0038 (r1 ACRSYS ACRPRDCT        1 MSFT  1000013)
ACPI: SSDT 7FEEF000, 04C4 (r1  PmRef    CpuPm     3000 INTL 20051117)
ACPI: SSDT 7FEEE000, 0232 (r1  PmRef  Cpu0Tst     3000 INTL 20051117)
ACPI: SSDT 7FEED000, 00A0 (r1  PmRef  Cpu1Tst     3000 INTL 20051117)
ACPI: DMI detected: Acer
ACPI: PM-Timer IO Port: 0x408
ACPI: Local APIC address 0xfee00000
ACPI: LAPIC (acpi_id[0x01] lapic_id[0x00] enabled)
Processor #0 6:15 APIC version 20
ACPI: LAPIC (acpi_id[0x02] lapic_id[0x01] enabled)
Processor #1 6:15 APIC version 20
ACPI: LAPIC_NMI (acpi_id[0x01] high edge lint[0x1])
ACPI: LAPIC_NMI (acpi_id[0x02] high edge lint[0x1])
ACPI: IOAPIC (id[0x04] address[0xfec00000] gsi_base[0])
IOAPIC[0]: apic_id 4, version 32, address 0xfec00000, GSI 0-23
ACPI: INT_SRC_OVR (bus 0 bus_irq 0 global_irq 2 dfl dfl)
ACPI: INT_SRC_OVR (bus 0 bus_irq 9 global_irq 9 high level)
ACPI: IRQ0 used by override.
ACPI: IRQ2 used by override.
ACPI: IRQ9 used by override.
Enabling APIC mode:  Flat.  Using 1 I/O APICs
ACPI: HPET id: 0x8086a201 base: 0xfed00000
Using ACPI (MADT) for SMP configuration information
Allocating PCI resources starting at 88000000 (gap: 80000000:60000000)
Built 1 zonelists in Zone order, mobility grouping on.  Total pages: 227584
Kernel command line: root=/dev/sda2 ro vga=791
mapped APIC to ffffb000 (fee00000)
mapped IOAPIC to ffffa000 (fec00000)
Enabling fast FPU save and restore... done.
Enabling unmasked SIMD FPU exception support... done.
Initializing CPU#0
PID hash table entries: 4096 (order: 12, 16384 bytes)
Detected 1463.055 MHz processor.
Console: colour dummy device 80x25
console [tty0] enabled
Dentry cache hash table entries: 131072 (order: 7, 524288 bytes)
Inode-cache hash table entries: 65536 (order: 6, 262144 bytes)
Memory: 901952k/917504k available (1690k kernel code, 15068k reserved, 690k data, 212k init, 0k highmem)
virtual kernel memory layout:
    fixmap  : 0xfffb5000 - 0xfffff000   ( 296 kB)
    vmalloc : 0xf8800000 - 0xfffb3000   ( 119 MB)
    lowmem  : 0xc0000000 - 0xf8000000   ( 896 MB)
      .init : 0xc0359000 - 0xc038e000   ( 212 kB)
      .data : 0xc02a6a98 - 0xc03533c0   ( 690 kB)
      .text : 0xc0100000 - 0xc02a6a98   (1690 kB)
Checking if this processor honours the WP bit even in supervisor mode... Ok.
hpet clockevent registered
Calibrating delay using timer specific routine.. 2929.51 BogoMIPS (lpj=5859022)
Security Framework initialized
SELinux:  Disabled at boot.
Capability LSM initialized
Mount-cache hash table entries: 512
CPU: After generic identify, caps: bfebfbff 20000000 00000000 00000000 0000e39d 00000000 00000001 00000000
monitor/mwait feature present.
using mwait in idle threads.
CPU: L1 I cache: 32K, L1 D cache: 32K
CPU: L2 cache: 1024K
CPU: Physical Processor ID: 0
CPU: Processor Core ID: 0
CPU: After all inits, caps: bfebfbff 20000000 00000000 00003940 0000e39d 00000000 00000001 00000000
Intel machine check architecture supported.
Intel machine check reporting enabled on CPU#0.
Compat vDSO mapped to ffffe000.
Checking 'hlt' instruction... OK.
SMP alternatives: switching to UP code
ACPI: Core revision 20070126
CPU0: Intel(R) Pentium(R) Dual  CPU  T2310  @ 1.46GHz stepping 0d
SMP alternatives: switching to SMP code
Booting processor 1/1 eip 3000
Initializing CPU#1
Calibrating delay using timer specific routine.. 2926.01 BogoMIPS (lpj=5852025)
CPU: After generic identify, caps: bfebfbff 20000000 00000000 00000000 0000e39d 00000000 00000001 00000000
monitor/mwait feature present.
CPU: L1 I cache: 32K, L1 D cache: 32K
CPU: L2 cache: 1024K
CPU: Physical Processor ID: 0
CPU: Processor Core ID: 1
CPU: After all inits, caps: bfebfbff 20000000 00000000 00003940 0000e39d 00000000 00000001 00000000
Intel machine check architecture supported.
Intel machine check reporting enabled on CPU#1.
CPU1: Intel(R) Pentium(R) Dual  CPU  T2310  @ 1.46GHz stepping 0d
Total of 2 processors activated (5855.52 BogoMIPS).
ENABLING IO-APIC IRQs
..TIMER: vector=0x31 apic1=0 pin1=2 apic2=-1 pin2=-1
checking TSC synchronization [CPU#0 -> CPU#1]: passed.
Brought up 2 CPUs
CPU0 attaching sched-domain:
 domain 0: span 03
  groups: 01 02
CPU1 attaching sched-domain:
 domain 0: span 03
  groups: 02 01
net_namespace: 64 bytes
NET: Registered protocol family 16
ACPI: bus type pci registered
PCI: Using MMCONFIG
Setting up standard PCI resources
ACPI: EC: Look up EC in DSDT
ACPI: BIOS _OSI(Linux) query ignored via DMI
ACPI: If "acpi_osi=Linux" works better, please notify linux-acpi@vger.kernel.org
ACPI: Interpreter enabled
ACPI: (supports S0 S3 S5)
ACPI: Using IOAPIC for interrupt routing
ACPI: EC: non-query interrupt received, switching to interrupt mode
ACPI: EC: GPE = 0x1c, I/O: command/status = 0x66, data = 0x62
ACPI: EC: driver started in interrupt mode
ACPI: PCI Root Bridge [PCI0] (0000:00)
PCI quirk: region 0400-047f claimed by ICH6 ACPI/GPIO/TCO
PCI quirk: region 0500-053f claimed by ICH6 GPIO
PCI: Transparent bridge - 0000:00:1e.0
ACPI: PCI Interrupt Routing Table [\_SB_.PCI0._PRT]
ACPI: PCI Interrupt Routing Table [\_SB_.PCI0.P32_._PRT]
ACPI: PCI Interrupt Routing Table [\_SB_.PCI0.EXP2._PRT]
ACPI: PCI Interrupt Routing Table [\_SB_.PCI0.EXP3._PRT]
ACPI: PCI Interrupt Routing Table [\_SB_.PCI0.EXP4._PRT]
ACPI: PCI Interrupt Routing Table [\_SB_.PCI0.PEGP._PRT]
ACPI: PCI Interrupt Link [LNKA] (IRQs 3 4 5 7 9 10 *11 12)
ACPI: PCI Interrupt Link [LNKB] (IRQs 3 4 5 7 9 10 *11 12)
ACPI: PCI Interrupt Link [LNKC] (IRQs 3 4 5 7 9 10 *11 12)
ACPI: PCI Interrupt Link [LNKD] (IRQs 3 4 5 7 9 10 *11 12)
ACPI: PCI Interrupt Link [LNKE] (IRQs 3 4 5 7 9 10 11 12) *0, disabled.
ACPI: PCI Interrupt Link [LNKF] (IRQs 3 4 5 7 9 *10 11 12)
ACPI: PCI Interrupt Link [LNKG] (IRQs 3 4 5 7 9 10 *11 12)
ACPI: PCI Interrupt Link [LNKH] (IRQs 3 4 5 7 9 10 *11 12)
Linux Plug and Play Support v0.97 (c) Adam Belay
pnp: PnP ACPI init
ACPI: bus type pnp registered
pnp: PnP ACPI: found 10 devices
ACPI: ACPI bus type pnp unregistered
PnPBIOS: Disabled by ACPI PNP
PCI: Using ACPI for IRQ routing
PCI: If a device doesn't work, try "pci=routeirq".  If it helps, post a report
NET: Registered protocol family 8
NET: Registered protocol family 20
hpet0: at MMIO 0xfed00000, IRQs 2, 8, 0
hpet0: 3 64-bit timers, 14318180 Hz
ACPI: RTC can wake from S4
Time: tsc clocksource has been installed.
system 00:01: ioport range 0x164e-0x164f has been reserved
system 00:01: ioport range 0x600-0x60f has been reserved
system 00:01: ioport range 0x610-0x610 has been reserved
system 00:01: ioport range 0x800-0x80f has been reserved
system 00:01: ioport range 0x400-0x47f has been reserved
system 00:01: ioport range 0x500-0x53f has been reserved
system 00:01: ioport range 0xff2c-0xff2f has been reserved
system 00:01: iomem range 0xe0000000-0xefffffff could not be reserved
system 00:01: iomem range 0xfed1c000-0xfed1ffff could not be reserved
system 00:01: iomem range 0xfed14000-0xfed17fff could not be reserved
system 00:01: iomem range 0xfed18000-0xfed18fff could not be reserved
system 00:01: iomem range 0xfed19000-0xfed19fff could not be reserved
system 00:01: iomem range 0xfec00000-0xfec00fff could not be reserved
system 00:01: iomem range 0xfee00000-0xfee00fff could not be reserved
system 00:01: iomem range 0x32000000-0x320000ff could not be reserved
PCI: Failed to allocate mem resource #6:20000@90000000 for 0000:01:00.0
PCI: Bridge: 0000:00:01.0
  IO window: 5000-5fff
  MEM window: 90000000-92ffffff
  PREFETCH window: 80000000-8fffffff
PCI: Bridge: 0000:00:1c.0
  IO window: 4000-4fff
  MEM window: 9a300000-9b2fffff
  PREFETCH window: 93000000-93ffffff
PCI: Bridge: 0000:00:1c.1
  IO window: 3000-3fff
  MEM window: 99300000-9a2fffff
  PREFETCH window: 94000000-94ffffff
PCI: Bridge: 0000:00:1c.2
  IO window: 2000-2fff
  MEM window: 98200000-992fffff
  PREFETCH window: 95000000-95ffffff
PCI: Bridge: 0000:00:1c.3
  IO window: 1000-1fff
  MEM window: 97100000-981fffff
  PREFETCH window: 96000000-96ffffff
PCI: Bridge: 0000:00:1e.0
  IO window: disabled.
  MEM window: 97000000-970fffff
  PREFETCH window: disabled.
ACPI: PCI Interrupt 0000:00:01.0[A] -> GSI 16 (level, low) -> IRQ 16
PCI: Setting latency timer of device 0000:00:01.0 to 64
ACPI: PCI Interrupt 0000:00:1c.0[A] -> GSI 16 (level, low) -> IRQ 16
PCI: Setting latency timer of device 0000:00:1c.0 to 64
ACPI: PCI Interrupt 0000:00:1c.1[B] -> GSI 17 (level, low) -> IRQ 17
PCI: Setting latency timer of device 0000:00:1c.1 to 64
ACPI: PCI Interrupt 0000:00:1c.2[C] -> GSI 18 (level, low) -> IRQ 18
PCI: Setting latency timer of device 0000:00:1c.2 to 64
ACPI: PCI Interrupt 0000:00:1c.3[D] -> GSI 19 (level, low) -> IRQ 19
PCI: Setting latency timer of device 0000:00:1c.3 to 64
PCI: Setting latency timer of device 0000:00:1e.0 to 64
NET: Registered protocol family 2
IP route cache hash table entries: 32768 (order: 5, 131072 bytes)
TCP established hash table entries: 131072 (order: 8, 1048576 bytes)
TCP bind hash table entries: 65536 (order: 7, 524288 bytes)
TCP: Hash tables configured (established 131072 bind 65536)
TCP reno registered
checking if image is initramfs...<7>Switched to high resolution mode on CPU 1
Switched to high resolution mode on CPU 0
 it is
Freeing initrd memory: 4020k freed
audit: initializing netlink socket (disabled)
audit(1202557089.832:1): initialized
VFS: Disk quotas dquot_6.5.1
Dquot-cache hash table entries: 1024 (order 0, 4096 bytes)
io scheduler noop registered
io scheduler anticipatory registered
io scheduler deadline registered
io scheduler cfq registered (default)
Boot video device is 0000:01:00.0
PCI: Setting latency timer of device 0000:00:01.0 to 64
assign_interrupt_mode Found MSI capability
Allocate Port Service[0000:00:01.0:pcie00]
Allocate Port Service[0000:00:01.0:pcie02]
Allocate Port Service[0000:00:01.0:pcie03]
PCI: Setting latency timer of device 0000:00:1c.0 to 64
assign_interrupt_mode Found MSI capability
Allocate Port Service[0000:00:1c.0:pcie00]
Allocate Port Service[0000:00:1c.0:pcie02]
Allocate Port Service[0000:00:1c.0:pcie03]
PCI: Setting latency timer of device 0000:00:1c.1 to 64
assign_interrupt_mode Found MSI capability
Allocate Port Service[0000:00:1c.1:pcie00]
Allocate Port Service[0000:00:1c.1:pcie02]
Allocate Port Service[0000:00:1c.1:pcie03]
PCI: Setting latency timer of device 0000:00:1c.2 to 64
assign_interrupt_mode Found MSI capability
Allocate Port Service[0000:00:1c.2:pcie00]
Allocate Port Service[0000:00:1c.2:pcie02]
Allocate Port Service[0000:00:1c.2:pcie03]
PCI: Setting latency timer of device 0000:00:1c.3 to 64
assign_interrupt_mode Found MSI capability
Allocate Port Service[0000:00:1c.3:pcie00]
Allocate Port Service[0000:00:1c.3:pcie02]
Allocate Port Service[0000:00:1c.3:pcie03]
vesafb: framebuffer at 0x91000000, mapped to 0xf8880000, using 6144k, total 14336k
vesafb: mode is 1024x768x16, linelength=2048, pages=1
vesafb: protected mode interface info at c000:b900
vesafb: pmi: set display start = c00cb963, set palette = c00cb9be
vesafb: pmi: ports = 3b4 3b5 3ba 3c0 3c1 3c4 3c5 3c6 3c7 3c8 3c9 3cc 3ce 3cf 3d0 3d1 3d2 3d3 3d4 3d5 3da 
vesafb: scrolling: redraw
vesafb: Truecolor: size=0:5:6:5, shift=0:11:5:0
bootsplash 3.1.6-2004/03/31: looking for picture...<6> silentjpeg size 280794 bytes,<6>...found (1024x768, 188455 bytes, v3).
Console: switching to colour frame buffer device 122x40
fb0: VESA VGA frame buffer device
isapnp: Scanning for PnP cards...
isapnp: No Plug & Play device found
hpet_resources: 0xfed00000 is busy
nsc_gpio initializing
Serial: 8250/16550 driver $Revision: 1.90 $ 4 ports, IRQ sharing enabled
RAMDISK driver initialized: 16 RAM disks of 8192K size 1024 blocksize
PNP: PS/2 Controller [PNP0303:KBC0,PNP0f13:MSE0] at 0x60,0x64 irq 1,12
serio: i8042 KBD port at 0x60,0x64 irq 1
serio: i8042 AUX port at 0x60,0x64 irq 12
mice: PS/2 mouse device common for all mice
TCP bic registered
NET: Registered protocol family 1
NET: Registered protocol family 17
Using IPI No-Shortcut mode
Freeing unused kernel memory: 212k freed
input: AT Translated Set 2 keyboard as /class/input/input0
ACPI: SSDT 7FE7AC90, 01EA (r1  PmRef  Cpu0Ist     3000 INTL 20051117)
ACPI: SSDT 7FE79610, 05D7 (r1  PmRef  Cpu0Cst     3001 INTL 20051117)
Monitor-Mwait will be used to enter C-1 state
Monitor-Mwait will be used to enter C-2 state
Monitor-Mwait will be used to enter C-3 state
ACPI: CPU0 (power states: C1[C1] C2[C2] C3[C3])
ACPI: Processor [CPU0] (supports 8 throttling states)
ACPI: SSDT 7FE7AF10, 00C4 (r1  PmRef  Cpu1Ist     3000 INTL 20051117)
ACPI: SSDT 7FE7CD10, 0083 (r1  PmRef  Cpu1Cst     3000 INTL 20051117)
ACPI: CPU1 (power states: C1[C1] C2[C2] C3[C3])
ACPI: Processor [CPU1] (supports 8 throttling states)
Marking TSC unstable due to: possible TSC halt in C2.
Time: hpet clocksource has been installed.
ACPI: Thermal Zone [TZ01] (50 C)
usbcore: registered new interface driver usbfs
usbcore: registered new interface driver hub
usbcore: registered new device driver usb
tg3.c:v3.86 (November 9, 2007)
ACPI: PCI Interrupt 0000:05:00.0[A] -> GSI 18 (level, low) -> IRQ 18
PCI: Setting latency timer of device 0000:05:00.0 to 64
USB Universal Host Controller Interface driver v3.0
ACPI: PCI Interrupt 0000:00:1a.0[A] -> GSI 16 (level, low) -> IRQ 16
PCI: Setting latency timer of device 0000:00:1a.0 to 64
uhci_hcd 0000:00:1a.0: UHCI Host Controller
uhci_hcd 0000:00:1a.0: new USB bus registered, assigned bus number 1
uhci_hcd 0000:00:1a.0: irq 16, io base 0x000060c0
usb usb1: configuration #1 chosen from 1 choice
hub 1-0:1.0: USB hub found
hub 1-0:1.0: 2 ports detected
eth0: Tigon3 [partno(BCM95787m) rev b002 PHY(5787)] (PCI Express) 10/100/1000Base-T Ethernet 00:1b:38:56:15:83
eth0: RXcsums[1] LinkChgREG[0] MIirq[0] ASF[0] WireSpeed[1] TSOcap[1]
eth0: dma_rwctrl[76180000] dma_mask[64-bit]
Uniform Multi-Platform E-IDE driver Revision: 7.00alpha2
ide: Assuming 33MHz system bus speed for PIO modes; override with idebus=xx
ACPI: PCI Interrupt 0000:00:1a.1[B] -> GSI 21 (level, low) -> IRQ 20
PCI: Setting latency timer of device 0000:00:1a.1 to 64
uhci_hcd 0000:00:1a.1: UHCI Host Controller
uhci_hcd 0000:00:1a.1: new USB bus registered, assigned bus number 2
uhci_hcd 0000:00:1a.1: irq 20, io base 0x000060a0
udev: renamed network interface eth0 to eth1
usb usb2: configuration #1 chosen from 1 choice
hub 2-0:1.0: USB hub found
hub 2-0:1.0: 2 ports detected
SCSI subsystem initialized
libata version 3.00 loaded.
ACPI: PCI Interrupt 0000:00:1d.0[A] -> GSI 23 (level, low) -> IRQ 21
PCI: Setting latency timer of device 0000:00:1d.0 to 64
uhci_hcd 0000:00:1d.0: UHCI Host Controller
uhci_hcd 0000:00:1d.0: new USB bus registered, assigned bus number 3
uhci_hcd 0000:00:1d.0: irq 21, io base 0x00006080
usb usb3: configuration #1 chosen from 1 choice
hub 3-0:1.0: USB hub found
hub 3-0:1.0: 2 ports detected
ACPI: PCI Interrupt 0000:00:1d.1[B] -> GSI 19 (level, low) -> IRQ 19
PCI: Setting latency timer of device 0000:00:1d.1 to 64
uhci_hcd 0000:00:1d.1: UHCI Host Controller
uhci_hcd 0000:00:1d.1: new USB bus registered, assigned bus number 4
uhci_hcd 0000:00:1d.1: irq 19, io base 0x00006060
usb usb4: configuration #1 chosen from 1 choice
hub 4-0:1.0: USB hub found
hub 4-0:1.0: 2 ports detected
Clocksource tsc unstable (delta = -207877789 ns)
ACPI: PCI Interrupt 0000:00:1d.2[C] -> GSI 18 (level, low) -> IRQ 18
PCI: Setting latency timer of device 0000:00:1d.2 to 64
uhci_hcd 0000:00:1d.2: UHCI Host Controller
uhci_hcd 0000:00:1d.2: new USB bus registered, assigned bus number 5
usb 3-1: new low speed USB device using uhci_hcd and address 2
uhci_hcd 0000:00:1d.2: irq 18, io base 0x00006040
usb usb5: configuration #1 chosen from 1 choice
hub 5-0:1.0: USB hub found
hub 5-0:1.0: 2 ports detected
ACPI: PCI Interrupt 0000:00:1a.7[C] -> GSI 18 (level, low) -> IRQ 18
PCI: Setting latency timer of device 0000:00:1a.7 to 64
ehci_hcd 0000:00:1a.7: EHCI Host Controller
usb 3-1: configuration #1 chosen from 1 choice
ehci_hcd 0000:00:1a.7: new USB bus registered, assigned bus number 6
ehci_hcd 0000:00:1a.7: debug port 1
PCI: cache line size of 32 is not supported by device 0000:00:1a.7
ehci_hcd 0000:00:1a.7: irq 18, io mem 0x9b304c00
ehci_hcd 0000:00:1a.7: USB 2.0 started, EHCI 1.00, driver 10 Dec 2004
usb usb6: configuration #1 chosen from 1 choice
hub 6-0:1.0: USB hub found
hub 6-0:1.0: 4 ports detected
ACPI: PCI Interrupt 0000:00:1d.7[A] -> GSI 23 (level, low) -> IRQ 21
PCI: Setting latency timer of device 0000:00:1d.7 to 64
ehci_hcd 0000:00:1d.7: EHCI Host Controller
usb 4-1: new low speed USB device using uhci_hcd and address 2
ehci_hcd 0000:00:1d.7: new USB bus registered, assigned bus number 7
ehci_hcd 0000:00:1d.7: debug port 1
PCI: cache line size of 32 is not supported by device 0000:00:1d.7
ehci_hcd 0000:00:1d.7: irq 21, io mem 0x9b304800
ehci_hcd 0000:00:1d.7: USB 2.0 started, EHCI 1.00, driver 10 Dec 2004
usb usb7: configuration #1 chosen from 1 choice
hub 7-0:1.0: USB hub found
hub 7-0:1.0: 6 ports detected
ACPI: PCI Interrupt 0000:07:00.0[A] -> GSI 20 (level, low) -> IRQ 22
PCI: Setting latency timer of device 0000:07:00.0 to 64
ohci1394: fw-host0: OHCI-1394 1.1 (PCI): IRQ=[22]  MMIO=[97000000-970007ff]  Max Packet=[2048]  IR/IT contexts=[4/4]
ahci 0000:00:1f.2: version 3.0
ACPI: PCI Interrupt 0000:00:1f.2[B] -> GSI 19 (level, low) -> IRQ 19
ahci 0000:00:1f.2: nr_ports (3) and implemented port map (0x3) don't match, using nr_ports
ahci 0000:00:1f.2: forcing PORTS_IMPL to 0x7
usb 4-1: device not accepting address 2, error -71
usb 3-1: USB disconnect, address 2
ahci 0000:00:1f.2: AHCI 0001.0100 32 slots 3 ports 3 Gbps 0x7 impl SATA mode
ahci 0000:00:1f.2: flags: 64bit ncq sntf pm led clo pio slum part 
PCI: Setting latency timer of device 0000:00:1f.2 to 64
usb 7-4: new high speed USB device using ehci_hcd and address 4
scsi0 : ahci
scsi1 : ahci
scsi2 : ahci
ata1: SATA max UDMA/133 abar m2048@0x9b304000 port 0x9b304100 irq 218
ata2: SATA max UDMA/133 abar m2048@0x9b304000 port 0x9b304180 irq 218
ata3: SATA max UDMA/133 abar m2048@0x9b304000 port 0x9b304200 irq 218
usb 7-4: configuration #1 chosen from 1 choice
ieee1394: Host added: ID:BUS[0-00:1023]  GUID[b6407c5f00023f79]
usb 3-1: new low speed USB device using uhci_hcd and address 3
ata1: SATA link up 1.5 Gbps (SStatus 113 SControl 300)
usb 3-1: configuration #1 chosen from 1 choice
usb 4-1: new low speed USB device using uhci_hcd and address 4
ata1.00: ATA-7: TOSHIBA MK1637GSX, DL050J, max UDMA/100
ata1.00: 312581808 sectors, multi 16: LBA48 NCQ (depth 31/32)
ata1.00: configured for UDMA/100
usb 4-1: configuration #1 chosen from 1 choice
ata2: SATA link down (SStatus 0 SControl 300)
ata3: SATA link down (SStatus 0 SControl 0)
scsi 0:0:0:0: Direct-Access     ATA      TOSHIBA MK1637GS DL05 PQ: 0 ANSI: 5
ata_piix 0000:00:1f.1: version 2.12
ACPI: PCI Interrupt 0000:00:1f.1[A] -> GSI 18 (level, low) -> IRQ 18
PCI: Setting latency timer of device 0000:00:1f.1 to 64
scsi3 : ata_piix
scsi4 : ata_piix
Driver 'sd' needs updating - please use bus_type methods
sd 0:0:0:0: [sda] 312581808 512-byte hardware sectors (160042 MB)
sd 0:0:0:0: [sda] Write Protect is off
sd 0:0:0:0: [sda] Mode Sense: 00 3a 00 00
sd 0:0:0:0: [sda] Write cache: enabled, read cache: enabled, doesn't support DPO or FUA
sd 0:0:0:0: [sda] 312581808 512-byte hardware sectors (160042 MB)
sd 0:0:0:0: [sda] Write Protect is off
sd 0:0:0:0: [sda] Mode Sense: 00 3a 00 00
sd 0:0:0:0: [sda] Write cache: enabled, read cache: enabled, doesn't support DPO or FUA
 sda: sda1 sda2 sda3 < sda5<6>ata4: PATA max UDMA/100 cmd 0x1f0 ctl 0x3f6 bmdma 0x60e0 irq 14
ata5: PATA max UDMA/100 cmd 0x170 ctl 0x376 bmdma 0x60e8 irq 15
 sda6 sda7 >
sd 0:0:0:0: [sda] Attached SCSI disk
usbcore: registered new interface driver hiddev
input: PS/2+USB Mouse as /class/input/input1
input: USB HID v1.11 Mouse [PS/2+USB Mouse] on usb-0000:00:1d.0-1
input: Logitech USB Receiver as /class/input/input2
input: USB HID v1.10 Keyboard [Logitech USB Receiver] on usb-0000:00:1d.1-1
input: Logitech USB Receiver as /class/input/input3
input: USB HID v1.10 Mouse [Logitech USB Receiver] on usb-0000:00:1d.1-1
usbcore: registered new interface driver usbhid
drivers/hid/usbhid/hid-core.c: v2.6:USB HID core driver
ata4.00: ATAPI: MATSHITADVD-RAM UJ-850S, 1.61, max UDMA/33
ata4.00: configured for UDMA/33
scsi 3:0:0:0: CD-ROM            MATSHITA DVD-RAM UJ-850S  1.61 PQ: 0 ANSI: 5
Driver 'sr' needs updating - please use bus_type methods
sr0: scsi3-mmc drive: 24x/24x writer dvd-ram cd/rw xa/form2 cdda tray
Uniform CD-ROM driver Revision: 3.20
sr 3:0:0:0: Attached scsi CD-ROM sr0
sd 0:0:0:0: Attached scsi generic sg0 type 0
sr 3:0:0:0: Attached scsi generic sg1 type 5
kjournald starting.  Commit interval 5 seconds
EXT3-fs: mounted filesystem with ordered data mode.
Linux agpgart interface v0.102
input: Power Button (FF) as /class/input/input4
ACPI: Power Button (FF) [PWRF]
input: Power Button (CM) as /class/input/input5
ACPI: Power Button (CM) [PWRB]
input: Lid Switch as /class/input/input6
ACPI: Lid Switch [LID0]
input: Sleep Button (CM) as /class/input/input7
ACPI: PCI Interrupt 0000:00:1f.3[B] -> GSI 19 (level, low) -> IRQ 19
ACPI: Sleep Button (CM) [SLPB]
ACPI: Battery Slot [BAT0] (battery absent)
ACPI: AC Adapter [AC] (on-line)
Real Time Clock Driver v1.12ac
sdhci: Secure Digital Host Controller Interface driver
sdhci: Copyright(c) Pierre Ossman
sdhci: SDHCI controller found at 0000:07:00.1 [1180:0822] (rev 22)
ACPI: PCI Interrupt 0000:07:00.1[B] -> GSI 22 (level, low) -> IRQ 23
sdhci:slot0: Will use DMA mode even though HW doesn't fully claim to support it.
PCI: Setting latency timer of device 0000:07:00.1 to 64
mmc0: SDHCI at 0x97000b00 irq 23 DMA
ACPI: PCI Interrupt 0000:00:1b.0[A] -> GSI 22 (level, low) -> IRQ 23
PCI: Setting latency timer of device 0000:00:1b.0 to 64
input: PS/2 Mouse as /class/input/input8
input: AlpsPS/2 ALPS GlidePoint as /class/input/input9
Adding 3943916k swap on /dev/sda7.  Priority:-1 extents:1 across:3943916k
EXT3 FS on sda2, internal journal
loop: module loaded
device-mapper: ioctl: 4.12.0-ioctl (2007-10-02) initialised: dm-devel@redhat.com
padlock: VIA PadLock not detected.
fuse init (API version 7.9)
bootsplash 3.1.6-2004/03/31: looking for picture...<6>...found (1024x768, 188455 bytes, v3).
bootsplash: status on console 1 changed to on
bootsplash 3.1.6-2004/03/31: looking for picture...<6>...found (1024x768, 188455 bytes, v3).
bootsplash: status on console 2 changed to on
bootsplash 3.1.6-2004/03/31: looking for picture...<6>...found (1024x768, 188455 bytes, v3).
bootsplash: status on console 3 changed to on
bootsplash 3.1.6-2004/03/31: looking for picture...<6>...found (1024x768, 188455 bytes, v3).
bootsplash: status on console 4 changed to on
bootsplash 3.1.6-2004/03/31: looking for picture...<6>...found (1024x768, 188455 bytes, v3).
bootsplash: status on console 5 changed to on
NET: Registered protocol family 10
lo: Disabled Privacy Extensions
Bluetooth: Core ver 2.11
NET: Registered protocol family 31
Bluetooth: HCI device and connection manager initialized
Bluetooth: HCI socket layer initialized
Bluetooth: L2CAP ver 2.9
Bluetooth: L2CAP socket layer initialized
Bluetooth: RFCOMM socket layer initialized
Bluetooth: RFCOMM TTY layer initialized
Bluetooth: RFCOMM ver 1.8
APIC error on CPU0: 00(40)
CONFIG_X86_32=y
CONFIG_X86=y
CONFIG_GENERIC_TIME=y
CONFIG_GENERIC_CMOS_UPDATE=y
CONFIG_CLOCKSOURCE_WATCHDOG=y
CONFIG_GENERIC_CLOCKEVENTS=y
CONFIG_GENERIC_CLOCKEVENTS_BROADCAST=y
CONFIG_LOCKDEP_SUPPORT=y
CONFIG_STACKTRACE_SUPPORT=y
CONFIG_SEMAPHORE_SLEEPERS=y
CONFIG_MMU=y
CONFIG_ZONE_DMA=y
CONFIG_QUICKLIST=y
CONFIG_GENERIC_ISA_DMA=y
CONFIG_GENERIC_IOMAP=y
CONFIG_GENERIC_BUG=y
CONFIG_GENERIC_HWEIGHT=y
CONFIG_ARCH_MAY_HAVE_PC_FDC=y
CONFIG_DMI=y
CONFIG_RWSEM_XCHGADD_ALGORITHM=y
CONFIG_GENERIC_CALIBRATE_DELAY=y
CONFIG_ARCH_SUPPORTS_OPROFILE=y
CONFIG_ARCH_POPULATES_NODE_MAP=y
CONFIG_GENERIC_HARDIRQS=y
CONFIG_GENERIC_IRQ_PROBE=y
CONFIG_GENERIC_PENDING_IRQ=y
CONFIG_X86_SMP=y
CONFIG_X86_HT=y
CONFIG_X86_BIOS_REBOOT=y
CONFIG_X86_TRAMPOLINE=y
CONFIG_KTIME_SCALAR=y
CONFIG_DEFCONFIG_LIST="/lib/modules/$UNAME_RELEASE/.config"
CONFIG_EXPERIMENTAL=y
CONFIG_LOCK_KERNEL=y
CONFIG_INIT_ENV_ARG_LIMIT=32
CONFIG_LOCALVERSION="-zs-core2"
CONFIG_SWAP=y
CONFIG_SYSVIPC=y
CONFIG_SYSVIPC_SYSCTL=y
CONFIG_POSIX_MQUEUE=y
CONFIG_BSD_PROCESS_ACCT=y
CONFIG_BSD_PROCESS_ACCT_V3=y
CONFIG_AUDIT=y
CONFIG_LOG_BUF_SHIFT=15
CONFIG_FAIR_GROUP_SCHED=y
CONFIG_FAIR_USER_SCHED=y
CONFIG_SYSFS_DEPRECATED=y
CONFIG_BLK_DEV_INITRD=y
CONFIG_INITRAMFS_SOURCE=""
CONFIG_CC_OPTIMIZE_FOR_SIZE=y
CONFIG_SYSCTL=y
CONFIG_UID16=y
CONFIG_SYSCTL_SYSCALL=y
CONFIG_KALLSYMS=y
CONFIG_HOTPLUG=y
CONFIG_PRINTK=y
CONFIG_BUG=y
CONFIG_ELF_CORE=y
CONFIG_BASE_FULL=y
CONFIG_FUTEX=y
CONFIG_ANON_INODES=y
CONFIG_EPOLL=y
CONFIG_SIGNALFD=y
CONFIG_EVENTFD=y
CONFIG_SHMEM=y
CONFIG_VM_EVENT_COUNTERS=y
CONFIG_SLAB=y
CONFIG_SLABINFO=y
CONFIG_RT_MUTEXES=y
CONFIG_BASE_SMALL=0
CONFIG_MODULES=y
CONFIG_MODULE_UNLOAD=y
CONFIG_MODULE_FORCE_UNLOAD=y
CONFIG_MODVERSIONS=y
CONFIG_KMOD=y
CONFIG_STOP_MACHINE=y
CONFIG_BLOCK=y
CONFIG_LBD=y
CONFIG_LSF=y
CONFIG_IOSCHED_NOOP=y
CONFIG_IOSCHED_AS=y
CONFIG_IOSCHED_DEADLINE=y
CONFIG_IOSCHED_CFQ=y
CONFIG_DEFAULT_CFQ=y
CONFIG_DEFAULT_IOSCHED="cfq"
CONFIG_TICK_ONESHOT=y
CONFIG_NO_HZ=y
CONFIG_HIGH_RES_TIMERS=y
CONFIG_GENERIC_CLOCKEVENTS_BUILD=y
CONFIG_SMP=y
CONFIG_X86_PC=y
CONFIG_SCHED_NO_NO_OMIT_FRAME_POINTER=y
CONFIG_MCORE2=y
CONFIG_X86_GENERIC=y
CONFIG_X86_CMPXCHG=y
CONFIG_X86_L1_CACHE_SHIFT=7
CONFIG_X86_XADD=y
CONFIG_X86_WP_WORKS_OK=y
CONFIG_X86_INVLPG=y
CONFIG_X86_BSWAP=y
CONFIG_X86_POPAD_OK=y
CONFIG_X86_GOOD_APIC=y
CONFIG_X86_INTEL_USERCOPY=y
CONFIG_X86_USE_PPRO_CHECKSUM=y
CONFIG_X86_TSC=y
CONFIG_X86_MINIMUM_CPU_FAMILY=4
CONFIG_HPET_TIMER=y
CONFIG_NR_CPUS=8
CONFIG_SCHED_SMT=y
CONFIG_SCHED_MC=y
CONFIG_PREEMPT_NONE=y
CONFIG_PREEMPT_BKL=y
CONFIG_X86_LOCAL_APIC=y
CONFIG_X86_IO_APIC=y
CONFIG_X86_MCE=y
CONFIG_X86_MCE_NONFATAL=m
CONFIG_X86_MCE_P4THERMAL=y
CONFIG_VM86=y
CONFIG_MICROCODE=m
CONFIG_MICROCODE_OLD_INTERFACE=y
CONFIG_X86_MSR=m
CONFIG_X86_CPUID=m
CONFIG_NOHIGHMEM=y
CONFIG_PAGE_OFFSET=0xC0000000
CONFIG_ARCH_FLATMEM_ENABLE=y
CONFIG_ARCH_SPARSEMEM_ENABLE=y
CONFIG_ARCH_SELECT_MEMORY_MODEL=y
CONFIG_SELECT_MEMORY_MODEL=y
CONFIG_FLATMEM_MANUAL=y
CONFIG_FLATMEM=y
CONFIG_FLAT_NODE_MEM_MAP=y
CONFIG_SPARSEMEM_STATIC=y
CONFIG_SPLIT_PTLOCK_CPUS=4
CONFIG_ZONE_DMA_FLAG=1
CONFIG_BOUNCE=y
CONFIG_NR_QUICK=1
CONFIG_VIRT_TO_BUS=y
CONFIG_MTRR=y
CONFIG_EFI=y
CONFIG_BOOT_IOREMAP=y
CONFIG_HZ_250=y
CONFIG_HZ=250
CONFIG_KEXEC=y
CONFIG_PHYSICAL_START=0x100000
CONFIG_PHYSICAL_ALIGN=0x100000
CONFIG_HOTPLUG_CPU=y
CONFIG_COMPAT_VDSO=y
CONFIG_PM=y
CONFIG_PM_SLEEP_SMP=y
CONFIG_PM_SLEEP=y
CONFIG_SUSPEND_SMP_POSSIBLE=y
CONFIG_SUSPEND=y
CONFIG_HIBERNATION_SMP_POSSIBLE=y
CONFIG_ACPI=y
CONFIG_ACPI_SLEEP=y
CONFIG_ACPI_PROCFS_POWER=y
CONFIG_ACPI_SYSFS_POWER=y
CONFIG_ACPI_PROC_EVENT=y
CONFIG_ACPI_AC=m
CONFIG_ACPI_BATTERY=m
CONFIG_ACPI_BUTTON=m
CONFIG_ACPI_FAN=m
CONFIG_ACPI_DOCK=m
CONFIG_ACPI_BAY=m
CONFIG_ACPI_PROCESSOR=m
CONFIG_ACPI_HOTPLUG_CPU=y
CONFIG_ACPI_THERMAL=m
CONFIG_ACPI_BLACKLIST_YEAR=0
CONFIG_ACPI_EC=y
CONFIG_ACPI_POWER=y
CONFIG_ACPI_SYSTEM=y
CONFIG_X86_PM_TIMER=y
CONFIG_ACPI_CONTAINER=m
CONFIG_ACPI_SBS=m
CONFIG_CPU_FREQ=y
CONFIG_CPU_FREQ_TABLE=m
CONFIG_CPU_FREQ_STAT=m
CONFIG_CPU_FREQ_DEFAULT_GOV_PERFORMANCE=y
CONFIG_CPU_FREQ_GOV_PERFORMANCE=y
CONFIG_CPU_FREQ_GOV_POWERSAVE=m
CONFIG_CPU_FREQ_GOV_USERSPACE=m
CONFIG_CPU_FREQ_GOV_ONDEMAND=m
CONFIG_CPU_FREQ_GOV_CONSERVATIVE=m
CONFIG_X86_ACPI_CPUFREQ=m
CONFIG_PCI=y
CONFIG_PCI_GOANY=y
CONFIG_PCI_BIOS=y
CONFIG_PCI_DIRECT=y
CONFIG_PCI_MMCONFIG=y
CONFIG_PCI_DOMAINS=y
CONFIG_PCIEPORTBUS=y
CONFIG_PCIEAER=y
CONFIG_ARCH_SUPPORTS_MSI=y
CONFIG_PCI_MSI=y
CONFIG_PCI_LEGACY=y
CONFIG_HT_IRQ=y
CONFIG_ISA_DMA_API=y
CONFIG_ISA=y
CONFIG_SCx200=m
CONFIG_SCx200HR_TIMER=m
CONFIG_PCCARD=m
CONFIG_PCMCIA=m
CONFIG_PCMCIA_LOAD_CIS=y
CONFIG_PCMCIA_IOCTL=y
CONFIG_CARDBUS=y
CONFIG_YENTA=m
CONFIG_YENTA_O2=y
CONFIG_YENTA_RICOH=y
CONFIG_YENTA_TI=y
CONFIG_YENTA_ENE_TUNE=y
CONFIG_YENTA_TOSHIBA=y
CONFIG_PD6729=m
CONFIG_I82092=m
CONFIG_I82365=m
CONFIG_TCIC=m
CONFIG_PCMCIA_PROBE=y
CONFIG_PCCARD_NONSTATIC=m
CONFIG_BINFMT_ELF=y
CONFIG_BINFMT_AOUT=m
CONFIG_BINFMT_MISC=m
CONFIG_NET=y
CONFIG_PACKET=y
CONFIG_PACKET_MMAP=y
CONFIG_UNIX=y
CONFIG_XFRM=y
CONFIG_XFRM_USER=m
CONFIG_NET_KEY=m
CONFIG_INET=y
CONFIG_IP_MULTICAST=y
CONFIG_IP_ADVANCED_ROUTER=y
CONFIG_ASK_IP_FIB_HASH=y
CONFIG_IP_FIB_HASH=y
CONFIG_IP_MULTIPLE_TABLES=y
CONFIG_IP_ROUTE_MULTIPATH=y
CONFIG_IP_ROUTE_VERBOSE=y
CONFIG_NET_IPIP=m
CONFIG_NET_IPGRE=m
CONFIG_NET_IPGRE_BROADCAST=y
CONFIG_IP_MROUTE=y
CONFIG_IP_PIMSM_V1=y
CONFIG_IP_PIMSM_V2=y
CONFIG_SYN_COOKIES=y
CONFIG_INET_AH=m
CONFIG_INET_ESP=m
CONFIG_INET_IPCOMP=m
CONFIG_INET_XFRM_TUNNEL=m
CONFIG_INET_TUNNEL=m
CONFIG_INET_XFRM_MODE_TRANSPORT=m
CONFIG_INET_XFRM_MODE_TUNNEL=m
CONFIG_INET_XFRM_MODE_BEET=m
CONFIG_INET_DIAG=m
CONFIG_INET_TCP_DIAG=m
CONFIG_TCP_CONG_ADVANCED=y
CONFIG_TCP_CONG_BIC=y
CONFIG_TCP_CONG_CUBIC=m
CONFIG_TCP_CONG_WESTWOOD=m
CONFIG_TCP_CONG_HTCP=m
CONFIG_TCP_CONG_HSTCP=m
CONFIG_TCP_CONG_HYBLA=m
CONFIG_TCP_CONG_VEGAS=m
CONFIG_TCP_CONG_SCALABLE=m
CONFIG_TCP_CONG_LP=m
CONFIG_TCP_CONG_VENO=m
CONFIG_TCP_CONG_YEAH=m
CONFIG_TCP_CONG_ILLINOIS=m
CONFIG_DEFAULT_BIC=y
CONFIG_DEFAULT_TCP_CONG="bic"
CONFIG_IP_VS=m
CONFIG_IP_VS_TAB_BITS=12
CONFIG_IP_VS_PROTO_TCP=y
CONFIG_IP_VS_PROTO_UDP=y
CONFIG_IP_VS_PROTO_ESP=y
CONFIG_IP_VS_PROTO_AH=y
CONFIG_IP_VS_RR=m
CONFIG_IP_VS_WRR=m
CONFIG_IP_VS_LC=m
CONFIG_IP_VS_WLC=m
CONFIG_IP_VS_LBLC=m
CONFIG_IP_VS_LBLCR=m
CONFIG_IP_VS_DH=m
CONFIG_IP_VS_SH=m
CONFIG_IP_VS_SED=m
CONFIG_IP_VS_NQ=m
CONFIG_IP_VS_FTP=m
CONFIG_IPV6=m
CONFIG_IPV6_PRIVACY=y
CONFIG_INET6_AH=m
CONFIG_INET6_ESP=m
CONFIG_INET6_IPCOMP=m
CONFIG_INET6_XFRM_TUNNEL=m
CONFIG_INET6_TUNNEL=m
CONFIG_INET6_XFRM_MODE_TRANSPORT=m
CONFIG_INET6_XFRM_MODE_TUNNEL=m
CONFIG_INET6_XFRM_MODE_BEET=m
CONFIG_INET6_XFRM_MODE_ROUTEOPTIMIZATION=m
CONFIG_IPV6_SIT=m
CONFIG_IPV6_TUNNEL=m
CONFIG_NETWORK_SECMARK=y
CONFIG_NETFILTER=y
CONFIG_BRIDGE_NETFILTER=y
CONFIG_NETFILTER_NETLINK=m
CONFIG_NETFILTER_NETLINK_QUEUE=m
CONFIG_NETFILTER_NETLINK_LOG=m
CONFIG_NETFILTER_XTABLES=m
CONFIG_NETFILTER_XT_TARGET_CLASSIFY=m
CONFIG_NETFILTER_XT_TARGET_DSCP=m
CONFIG_NETFILTER_XT_TARGET_MARK=m
CONFIG_NETFILTER_XT_TARGET_NFQUEUE=m
CONFIG_NETFILTER_XT_TARGET_NFLOG=m
CONFIG_NETFILTER_XT_TARGET_SECMARK=m
CONFIG_NETFILTER_XT_TARGET_TCPMSS=m
CONFIG_NETFILTER_XT_MATCH_COMMENT=m
CONFIG_NETFILTER_XT_MATCH_DCCP=m
CONFIG_NETFILTER_XT_MATCH_DSCP=m
CONFIG_NETFILTER_XT_MATCH_ESP=m
CONFIG_NETFILTER_XT_MATCH_LENGTH=m
CONFIG_NETFILTER_XT_MATCH_LIMIT=m
CONFIG_NETFILTER_XT_MATCH_MAC=m
CONFIG_NETFILTER_XT_MATCH_MARK=m
CONFIG_NETFILTER_XT_MATCH_POLICY=m
CONFIG_NETFILTER_XT_MATCH_MULTIPORT=m
CONFIG_NETFILTER_XT_MATCH_PHYSDEV=m
CONFIG_NETFILTER_XT_MATCH_PKTTYPE=m
CONFIG_NETFILTER_XT_MATCH_QUOTA=m
CONFIG_NETFILTER_XT_MATCH_REALM=m
CONFIG_NETFILTER_XT_MATCH_SCTP=m
CONFIG_NETFILTER_XT_MATCH_STATISTIC=m
CONFIG_NETFILTER_XT_MATCH_STRING=m
CONFIG_NETFILTER_XT_MATCH_TCPMSS=m
CONFIG_NETFILTER_XT_MATCH_HASHLIMIT=m
CONFIG_IP_NF_QUEUE=m
CONFIG_IP_NF_IPTABLES=m
CONFIG_IP_NF_MATCH_RECENT=m
CONFIG_IP_NF_MATCH_ECN=m
CONFIG_IP_NF_MATCH_AH=m
CONFIG_IP_NF_MATCH_TTL=m
CONFIG_IP_NF_MATCH_ADDRTYPE=m
CONFIG_IP_NF_FILTER=m
CONFIG_IP_NF_TARGET_REJECT=m
CONFIG_IP_NF_TARGET_LOG=m
CONFIG_IP_NF_TARGET_ULOG=m
CONFIG_IP_NF_MANGLE=m
CONFIG_IP_NF_TARGET_ECN=m
CONFIG_IP_NF_TARGET_TTL=m
CONFIG_IP_NF_RAW=m
CONFIG_IP_NF_ARPTABLES=m
CONFIG_IP_NF_ARPFILTER=m
CONFIG_IP_NF_ARP_MANGLE=m
CONFIG_IP6_NF_QUEUE=m
CONFIG_IP6_NF_IPTABLES=m
CONFIG_IP6_NF_MATCH_RT=m
CONFIG_IP6_NF_MATCH_OPTS=m
CONFIG_IP6_NF_MATCH_FRAG=m
CONFIG_IP6_NF_MATCH_HL=m
CONFIG_IP6_NF_MATCH_IPV6HEADER=m
CONFIG_IP6_NF_MATCH_AH=m
CONFIG_IP6_NF_MATCH_MH=m
CONFIG_IP6_NF_MATCH_EUI64=m
CONFIG_IP6_NF_FILTER=m
CONFIG_IP6_NF_TARGET_LOG=m
CONFIG_IP6_NF_TARGET_REJECT=m
CONFIG_IP6_NF_MANGLE=m
CONFIG_IP6_NF_TARGET_HL=m
CONFIG_IP6_NF_RAW=m
CONFIG_DECNET_NF_GRABULATOR=m
CONFIG_BRIDGE_NF_EBTABLES=m
CONFIG_BRIDGE_EBT_BROUTE=m
CONFIG_BRIDGE_EBT_T_FILTER=m
CONFIG_BRIDGE_EBT_T_NAT=m
CONFIG_BRIDGE_EBT_802_3=m
CONFIG_BRIDGE_EBT_AMONG=m
CONFIG_BRIDGE_EBT_ARP=m
CONFIG_BRIDGE_EBT_IP=m
CONFIG_BRIDGE_EBT_LIMIT=m
CONFIG_BRIDGE_EBT_MARK=m
CONFIG_BRIDGE_EBT_PKTTYPE=m
CONFIG_BRIDGE_EBT_STP=m
CONFIG_BRIDGE_EBT_VLAN=m
CONFIG_BRIDGE_EBT_ARPREPLY=m
CONFIG_BRIDGE_EBT_DNAT=m
CONFIG_BRIDGE_EBT_MARK_T=m
CONFIG_BRIDGE_EBT_REDIRECT=m
CONFIG_BRIDGE_EBT_SNAT=m
CONFIG_BRIDGE_EBT_LOG=m
CONFIG_BRIDGE_EBT_ULOG=m
CONFIG_IP_DCCP=m
CONFIG_INET_DCCP_DIAG=m
CONFIG_IP_DCCP_ACKVEC=y
CONFIG_IP_DCCP_CCID2=m
CONFIG_IP_DCCP_CCID3=m
CONFIG_IP_DCCP_TFRC_LIB=m
CONFIG_IP_DCCP_CCID3_RTO=100
CONFIG_IP_SCTP=m
CONFIG_SCTP_HMAC_MD5=y
CONFIG_TIPC=m
CONFIG_TIPC_ADVANCED=y
CONFIG_TIPC_ZONES=3
CONFIG_TIPC_CLUSTERS=1
CONFIG_TIPC_NODES=255
CONFIG_TIPC_SLAVE_NODES=0
CONFIG_TIPC_PORTS=8191
CONFIG_TIPC_LOG=0
CONFIG_ATM=y
CONFIG_ATM_CLIP=y
CONFIG_ATM_LANE=m
CONFIG_ATM_MPOA=m
CONFIG_ATM_BR2684=m
CONFIG_BRIDGE=m
CONFIG_VLAN_8021Q=m
CONFIG_DECNET=m
CONFIG_LLC=m
CONFIG_LLC2=m
CONFIG_IPX=m
CONFIG_X25=m
CONFIG_LAPB=m
CONFIG_ECONET=m
CONFIG_ECONET_AUNUDP=y
CONFIG_ECONET_NATIVE=y
CONFIG_NET_SCHED=y
CONFIG_NET_SCH_CBQ=m
CONFIG_NET_SCH_HTB=m
CONFIG_NET_SCH_HFSC=m
CONFIG_NET_SCH_ATM=m
CONFIG_NET_SCH_PRIO=m
CONFIG_NET_SCH_RED=m
CONFIG_NET_SCH_SFQ=m
CONFIG_NET_SCH_TEQL=m
CONFIG_NET_SCH_TBF=m
CONFIG_NET_SCH_GRED=m
CONFIG_NET_SCH_DSMARK=m
CONFIG_NET_SCH_NETEM=m
CONFIG_NET_SCH_INGRESS=m
CONFIG_NET_CLS=y
CONFIG_NET_CLS_BASIC=m
CONFIG_NET_CLS_TCINDEX=m
CONFIG_NET_CLS_ROUTE4=m
CONFIG_NET_CLS_ROUTE=y
CONFIG_NET_CLS_FW=m
CONFIG_NET_CLS_U32=m
CONFIG_CLS_U32_PERF=y
CONFIG_CLS_U32_MARK=y
CONFIG_NET_CLS_RSVP=m
CONFIG_NET_CLS_RSVP6=m
CONFIG_NET_EMATCH=y
CONFIG_NET_EMATCH_STACK=32
CONFIG_NET_EMATCH_CMP=m
CONFIG_NET_EMATCH_NBYTE=m
CONFIG_NET_EMATCH_U32=m
CONFIG_NET_EMATCH_META=m
CONFIG_NET_EMATCH_TEXT=m
CONFIG_NET_CLS_ACT=y
CONFIG_NET_ACT_POLICE=m
CONFIG_NET_ACT_GACT=m
CONFIG_GACT_PROB=y
CONFIG_NET_ACT_MIRRED=m
CONFIG_NET_ACT_IPT=m
CONFIG_NET_ACT_PEDIT=m
CONFIG_NET_ACT_SIMP=m
CONFIG_NET_CLS_IND=y
CONFIG_NET_SCH_FIFO=y
CONFIG_NET_PKTGEN=m
CONFIG_IRDA=m
CONFIG_IRLAN=m
CONFIG_IRNET=m
CONFIG_IRCOMM=m
CONFIG_IRDA_CACHE_LAST_LSAP=y
CONFIG_IRDA_FAST_RR=y
CONFIG_IRDA_DEBUG=y
CONFIG_IRTTY_SIR=m
CONFIG_DONGLE=y
CONFIG_ESI_DONGLE=m
CONFIG_ACTISYS_DONGLE=m
CONFIG_TEKRAM_DONGLE=m
CONFIG_TOIM3232_DONGLE=m
CONFIG_LITELINK_DONGLE=m
CONFIG_MA600_DONGLE=m
CONFIG_GIRBIL_DONGLE=m
CONFIG_MCP2120_DONGLE=m
CONFIG_OLD_BELKIN_DONGLE=m
CONFIG_ACT200L_DONGLE=m
CONFIG_KINGSUN_DONGLE=m
CONFIG_USB_IRDA=m
CONFIG_SIGMATEL_FIR=m
CONFIG_NSC_FIR=m
CONFIG_WINBOND_FIR=m
CONFIG_TOSHIBA_FIR=m
CONFIG_SMC_IRCC_FIR=m
CONFIG_ALI_FIR=m
CONFIG_VLSI_FIR=m
CONFIG_VIA_FIR=m
CONFIG_MCS_FIR=m
CONFIG_BT=m
CONFIG_BT_L2CAP=m
CONFIG_BT_SCO=m
CONFIG_BT_RFCOMM=m
CONFIG_BT_RFCOMM_TTY=y
CONFIG_BT_BNEP=m
CONFIG_BT_BNEP_MC_FILTER=y
CONFIG_BT_BNEP_PROTO_FILTER=y
CONFIG_BT_HIDP=m
CONFIG_BT_HCIUSB=m
CONFIG_BT_HCIUSB_SCO=y
CONFIG_BT_HCIUART=m
CONFIG_BT_HCIUART_H4=y
CONFIG_BT_HCIUART_BCSP=y
CONFIG_BT_HCIBCM203X=m
CONFIG_BT_HCIBPA10X=m
CONFIG_BT_HCIBFUSB=m
CONFIG_BT_HCIDTL1=m
CONFIG_BT_HCIBT3C=m
CONFIG_BT_HCIBLUECARD=m
CONFIG_BT_HCIBTUART=m
CONFIG_BT_HCIVHCI=m
CONFIG_AF_RXRPC=m
CONFIG_RXKAD=m
CONFIG_FIB_RULES=y
CONFIG_CFG80211=m
CONFIG_NL80211=y
CONFIG_WIRELESS_EXT=y
CONFIG_MAC80211=m
CONFIG_MAC80211_RCSIMPLE=y
CONFIG_MAC80211_LEDS=y
CONFIG_IEEE80211=m
CONFIG_IEEE80211_CRYPT_WEP=m
CONFIG_IEEE80211_CRYPT_CCMP=m
CONFIG_IEEE80211_CRYPT_TKIP=m
CONFIG_IEEE80211_SOFTMAC=m
CONFIG_RFKILL=m
CONFIG_RFKILL_INPUT=m
CONFIG_RFKILL_LEDS=y
CONFIG_UEVENT_HELPER_PATH="/sbin/hotplug"
CONFIG_STANDALONE=y
CONFIG_PREVENT_FIRMWARE_BUILD=y
CONFIG_FW_LOADER=m
CONFIG_CONNECTOR=m
CONFIG_MTD=m
CONFIG_MTD_CONCAT=m
CONFIG_MTD_PARTITIONS=y
CONFIG_MTD_REDBOOT_PARTS=m
CONFIG_MTD_REDBOOT_DIRECTORY_BLOCK=-1
CONFIG_MTD_CHAR=m
CONFIG_MTD_BLKDEVS=m
CONFIG_MTD_BLOCK=m
CONFIG_MTD_BLOCK_RO=m
CONFIG_FTL=m
CONFIG_NFTL=m
CONFIG_NFTL_RW=y
CONFIG_INFTL=m
CONFIG_RFD_FTL=m
CONFIG_SSFDC=m
CONFIG_MTD_CFI=m
CONFIG_MTD_JEDECPROBE=m
CONFIG_MTD_GEN_PROBE=m
CONFIG_MTD_MAP_BANK_WIDTH_1=y
CONFIG_MTD_MAP_BANK_WIDTH_2=y
CONFIG_MTD_MAP_BANK_WIDTH_4=y
CONFIG_MTD_CFI_I1=y
CONFIG_MTD_CFI_I2=y
CONFIG_MTD_CFI_INTELEXT=m
CONFIG_MTD_CFI_AMDSTD=m
CONFIG_MTD_CFI_STAA=m
CONFIG_MTD_CFI_UTIL=m
CONFIG_MTD_RAM=m
CONFIG_MTD_ROM=m
CONFIG_MTD_ABSENT=m
CONFIG_MTD_COMPLEX_MAPPINGS=y
CONFIG_MTD_PHYSMAP=m
CONFIG_MTD_PHYSMAP_START=0x8000000
CONFIG_MTD_PHYSMAP_LEN=0x4000000
CONFIG_MTD_PHYSMAP_BANKWIDTH=2
CONFIG_MTD_PNC2000=m
CONFIG_MTD_SC520CDP=m
CONFIG_MTD_NETSC520=m
CONFIG_MTD_TS5500=m
CONFIG_MTD_SBC_GXX=m
CONFIG_MTD_SCx200_DOCFLASH=m
CONFIG_MTD_NETtel=m
CONFIG_MTD_DILNETPC=m
CONFIG_MTD_DILNETPC_BOOTSIZE=0x80000
CONFIG_MTD_PCI=m
CONFIG_MTD_PLATRAM=m
CONFIG_MTD_PMC551=m
CONFIG_MTD_DATAFLASH=m
CONFIG_MTD_M25P80=m
CONFIG_MTD_SLRAM=m
CONFIG_MTD_PHRAM=m
CONFIG_MTD_MTDRAM=m
CONFIG_MTDRAM_TOTAL_SIZE=4096
CONFIG_MTDRAM_ERASE_SIZE=128
CONFIG_MTD_BLOCK2MTD=m
CONFIG_MTD_DOC2000=m
CONFIG_MTD_DOC2001=m
CONFIG_MTD_DOC2001PLUS=m
CONFIG_MTD_DOCPROBE=m
CONFIG_MTD_DOCECC=m
CONFIG_MTD_DOCPROBE_ADDRESS=0
CONFIG_MTD_NAND=m
CONFIG_MTD_NAND_IDS=m
CONFIG_MTD_NAND_DISKONCHIP=m
CONFIG_MTD_NAND_DISKONCHIP_PROBE_ADDRESS=0
CONFIG_MTD_NAND_CAFE=m
CONFIG_MTD_NAND_CS553X=m
CONFIG_MTD_NAND_PLATFORM=m
CONFIG_MTD_ONENAND=m
CONFIG_MTD_ONENAND_VERIFY_WRITE=y
CONFIG_MTD_UBI=m
CONFIG_MTD_UBI_WL_THRESHOLD=4096
CONFIG_MTD_UBI_BEB_RESERVE=1
CONFIG_PNP=y
CONFIG_ISAPNP=y
CONFIG_PNPBIOS=y
CONFIG_PNPBIOS_PROC_FS=y
CONFIG_PNPACPI=y
CONFIG_BLK_DEV=y
CONFIG_BLK_DEV_LOOP=m
CONFIG_BLK_DEV_CRYPTOLOOP=m
CONFIG_BLK_DEV_NBD=m
CONFIG_BLK_DEV_SX8=m
CONFIG_BLK_DEV_RAM=y
CONFIG_BLK_DEV_RAM_COUNT=16
CONFIG_BLK_DEV_RAM_SIZE=8192
CONFIG_BLK_DEV_RAM_BLOCKSIZE=1024
CONFIG_CDROM_PKTCDVD=m
CONFIG_CDROM_PKTCDVD_BUFFERS=8
CONFIG_ATA_OVER_ETH=m
CONFIG_MISC_DEVICES=y
CONFIG_TIFM_CORE=m
CONFIG_IDE=m
CONFIG_BLK_DEV_IDE=m
CONFIG_BLK_DEV_IDEDISK=m
CONFIG_BLK_DEV_IDECD=m
CONFIG_IDE_PROC_FS=y
CONFIG_IDE_GENERIC=m
CONFIG_BLK_DEV_IDEPCI=y
CONFIG_BLK_DEV_GENERIC=m
CONFIG_IDE_ARCH_OBSOLETE_INIT=y
CONFIG_RAID_ATTRS=m
CONFIG_SCSI=m
CONFIG_SCSI_DMA=y
CONFIG_SCSI_TGT=m
CONFIG_SCSI_NETLINK=y
CONFIG_SCSI_PROC_FS=y
CONFIG_BLK_DEV_SD=m
CONFIG_BLK_DEV_SR=m
CONFIG_BLK_DEV_SR_VENDOR=y
CONFIG_CHR_DEV_SG=m
CONFIG_CHR_DEV_SCH=m
CONFIG_SCSI_MULTI_LUN=y
CONFIG_SCSI_CONSTANTS=y
CONFIG_SCSI_LOGGING=y
CONFIG_SCSI_SCAN_ASYNC=y
CONFIG_SCSI_WAIT_SCAN=m
CONFIG_SCSI_SPI_ATTRS=m
CONFIG_SCSI_FC_ATTRS=m
CONFIG_SCSI_ISCSI_ATTRS=m
CONFIG_SCSI_SAS_ATTRS=m
CONFIG_SCSI_SAS_LIBSAS=m
CONFIG_SCSI_LOWLEVEL=y
CONFIG_ATA=m
CONFIG_ATA_ACPI=y
CONFIG_SATA_AHCI=m
CONFIG_ATA_PIIX=m
CONFIG_ATA_GENERIC=m
CONFIG_MD=y
CONFIG_BLK_DEV_MD=m
CONFIG_MD_LINEAR=m
CONFIG_MD_RAID0=m
CONFIG_MD_RAID1=m
CONFIG_MD_RAID10=m
CONFIG_MD_RAID456=m
CONFIG_MD_RAID5_RESHAPE=y
CONFIG_MD_MULTIPATH=m
CONFIG_MD_FAULTY=m
CONFIG_BLK_DEV_DM=m
CONFIG_DM_CRYPT=m
CONFIG_DM_SNAPSHOT=m
CONFIG_DM_MIRROR=m
CONFIG_DM_ZERO=m
CONFIG_DM_MULTIPATH=m
CONFIG_DM_MULTIPATH_EMC=m
CONFIG_DM_DELAY=m
CONFIG_FIREWIRE=m
CONFIG_FIREWIRE_OHCI=m
CONFIG_FIREWIRE_SBP2=m
CONFIG_IEEE1394=m
CONFIG_IEEE1394_PCILYNX=m
CONFIG_IEEE1394_OHCI1394=m
CONFIG_IEEE1394_VIDEO1394=m
CONFIG_IEEE1394_SBP2=m
CONFIG_IEEE1394_SBP2_PHYS_DMA=y
CONFIG_IEEE1394_ETH1394_ROM_ENTRY=y
CONFIG_IEEE1394_ETH1394=m
CONFIG_IEEE1394_RAWIO=m
CONFIG_I2O=m
CONFIG_I2O_LCT_NOTIFY_ON_CHANGES=y
CONFIG_I2O_EXT_ADAPTEC=y
CONFIG_I2O_CONFIG=m
CONFIG_I2O_CONFIG_OLD_IOCTL=y
CONFIG_I2O_BUS=m
CONFIG_I2O_BLOCK=m
CONFIG_I2O_SCSI=m
CONFIG_I2O_PROC=m
CONFIG_NETDEVICES=y
CONFIG_IFB=m
CONFIG_DUMMY=m
CONFIG_BONDING=m
CONFIG_EQUALIZER=m
CONFIG_TUN=m
CONFIG_NET_SB1000=m
CONFIG_ARCNET=m
CONFIG_ARCNET_1201=m
CONFIG_ARCNET_1051=m
CONFIG_ARCNET_RAW=m
CONFIG_ARCNET_CAP=m
CONFIG_ARCNET_COM90xx=m
CONFIG_ARCNET_COM90xxIO=m
CONFIG_ARCNET_RIM_I=m
CONFIG_ARCNET_COM20020=m
CONFIG_ARCNET_COM20020_ISA=m
CONFIG_ARCNET_COM20020_PCI=m
CONFIG_NETDEV_1000=y
CONFIG_TIGON3=m
CONFIG_WLAN_PRE80211=y
CONFIG_STRIP=m
CONFIG_WLAN_80211=y
CONFIG_HOSTAP=m
CONFIG_HOSTAP_FIRMWARE=y
CONFIG_HIPPI=y
CONFIG_ROADRUNNER=m
CONFIG_PPP=m
CONFIG_PPP_MULTILINK=y
CONFIG_PPP_FILTER=y
CONFIG_PPP_ASYNC=m
CONFIG_PPP_SYNC_TTY=m
CONFIG_PPP_DEFLATE=m
CONFIG_PPP_BSDCOMP=m
CONFIG_PPP_MPPE=m
CONFIG_PPPOE=m
CONFIG_PPPOATM=m
CONFIG_SLIP=m
CONFIG_SLIP_COMPRESSED=y
CONFIG_SLHC=m
CONFIG_SLIP_SMART=y
CONFIG_SLIP_MODE_SLIP6=y
CONFIG_NET_FC=y
CONFIG_NETCONSOLE=m
CONFIG_NETPOLL=y
CONFIG_NET_POLL_CONTROLLER=y
CONFIG_INPUT=y
CONFIG_INPUT_FF_MEMLESS=m
CONFIG_INPUT_MOUSEDEV=y
CONFIG_INPUT_MOUSEDEV_PSAUX=y
CONFIG_INPUT_MOUSEDEV_SCREEN_X=1024
CONFIG_INPUT_MOUSEDEV_SCREEN_Y=768
CONFIG_INPUT_JOYDEV=m
CONFIG_INPUT_EVDEV=m
CONFIG_INPUT_KEYBOARD=y
CONFIG_KEYBOARD_ATKBD=y
CONFIG_KEYBOARD_SUNKBD=m
CONFIG_KEYBOARD_LKKBD=m
CONFIG_KEYBOARD_XTKBD=m
CONFIG_KEYBOARD_NEWTON=m
CONFIG_KEYBOARD_STOWAWAY=m
CONFIG_INPUT_MOUSE=y
CONFIG_MOUSE_PS2=m
CONFIG_MOUSE_PS2_ALPS=y
CONFIG_MOUSE_PS2_LOGIPS2PP=y
CONFIG_MOUSE_PS2_SYNAPTICS=y
CONFIG_MOUSE_PS2_LIFEBOOK=y
CONFIG_MOUSE_PS2_TRACKPOINT=y
CONFIG_MOUSE_SERIAL=m
CONFIG_MOUSE_APPLETOUCH=m
CONFIG_MOUSE_INPORT=m
CONFIG_MOUSE_LOGIBM=m
CONFIG_MOUSE_PC110PAD=m
CONFIG_MOUSE_VSXXXAA=m
CONFIG_SERIO=y
CONFIG_SERIO_I8042=y
CONFIG_SERIO_SERPORT=m
CONFIG_SERIO_CT82C710=m
CONFIG_SERIO_PCIPS2=m
CONFIG_SERIO_LIBPS2=y
CONFIG_SERIO_RAW=m
CONFIG_GAMEPORT=m
CONFIG_GAMEPORT_NS558=m
CONFIG_GAMEPORT_L4=m
CONFIG_GAMEPORT_EMU10K1=m
CONFIG_GAMEPORT_FM801=m
CONFIG_VT=y
CONFIG_VT_CONSOLE=y
CONFIG_HW_CONSOLE=y
CONFIG_SERIAL_NONSTANDARD=y
CONFIG_COMPUTONE=m
CONFIG_ROCKETPORT=m
CONFIG_SERIAL_8250=y
CONFIG_SERIAL_8250_CONSOLE=y
CONFIG_FIX_EARLYCON_MEM=y
CONFIG_SERIAL_8250_PCI=y
CONFIG_SERIAL_8250_PNP=y
CONFIG_SERIAL_8250_CS=m
CONFIG_SERIAL_8250_NR_UARTS=16
CONFIG_SERIAL_8250_RUNTIME_UARTS=4
CONFIG_SERIAL_8250_EXTENDED=y
CONFIG_SERIAL_8250_MANY_PORTS=y
CONFIG_SERIAL_8250_FOURPORT=m
CONFIG_SERIAL_8250_ACCENT=m
CONFIG_SERIAL_8250_BOCA=m
CONFIG_SERIAL_8250_EXAR_ST16C554=m
CONFIG_SERIAL_8250_HUB6=m
CONFIG_SERIAL_8250_SHARE_IRQ=y
CONFIG_SERIAL_8250_RSA=y
CONFIG_SERIAL_CORE=y
CONFIG_SERIAL_CORE_CONSOLE=y
CONFIG_SERIAL_JSM=m
CONFIG_UNIX98_PTYS=y
CONFIG_HW_RANDOM=y
CONFIG_HW_RANDOM_INTEL=m
CONFIG_NVRAM=m
CONFIG_RTC=m
CONFIG_GEN_RTC=m
CONFIG_GEN_RTC_X=y
CONFIG_SONYPI=m
CONFIG_SYNCLINK_CS=m
CONFIG_CARDMAN_4000=m
CONFIG_CARDMAN_4040=m
CONFIG_MWAVE=m
CONFIG_NSC_GPIO=y
CONFIG_RAW_DRIVER=m
CONFIG_MAX_RAW_DEVS=256
CONFIG_HPET=y
CONFIG_HPET_MMAP=y
CONFIG_HANGCHECK_TIMER=m
CONFIG_TELCLOCK=m
CONFIG_DEVPORT=y
CONFIG_I2C=m
CONFIG_I2C_BOARDINFO=y
CONFIG_I2C_CHARDEV=m
CONFIG_I2C_ALGOBIT=m
CONFIG_I2C_ALGOPCF=m
CONFIG_I2C_ALGOPCA=m
CONFIG_I2C_I801=m
CONFIG_SPI=y
CONFIG_SPI_MASTER=y
CONFIG_SPI_BITBANG=m
CONFIG_SPI_AT25=m
CONFIG_POWER_SUPPLY=y
CONFIG_HWMON=y
CONFIG_SENSORS_CORETEMP=m
CONFIG_SSB_POSSIBLE=y
CONFIG_MFD_SM501=m
CONFIG_VIDEO_DEV=m
CONFIG_VIDEO_V4L1_COMPAT=y
CONFIG_VIDEO_V4L2=y
CONFIG_VIDEO_CAPTURE_DRIVERS=y
CONFIG_VIDEO_HELPER_CHIPS_AUTO=y
CONFIG_VIDEO_SAA711X=m
CONFIG_VIDEO_VIVI=m
CONFIG_V4L_USB_DRIVERS=y
CONFIG_VIDEO_USBVISION=m
CONFIG_USB_SN9C102=m
CONFIG_USB_ZR364XX=m
CONFIG_DVB_CORE=m
CONFIG_DVB_CORE_ATTACH=y
CONFIG_DVB_CAPTURE_DRIVERS=y
CONFIG_DVB_USB=m
CONFIG_DVB_USB_DEBUG=y
CONFIG_DVB_USB_DIBUSB_MB=m
CONFIG_DVB_USB_DIBUSB_MB_FAULTY=y
CONFIG_DVB_USB_DIBUSB_MC=m
CONFIG_DVB_USB_TTUSB2=m
CONFIG_DVB_FE_CUSTOMISE=y
CONFIG_DVB_TDA10086=m
CONFIG_DVB_DIB3000MB=m
CONFIG_DVB_DIB3000MC=m
CONFIG_DVB_S5H1409=m
CONFIG_DVB_PLL=m
CONFIG_DVB_TDA826X=m
CONFIG_DVB_TUNER_MT2266=m
CONFIG_DVB_TUNER_MT2131=m
CONFIG_DVB_TUNER_DIB0070=m
CONFIG_DVB_LNBP21=m
CONFIG_VIDEO_TUNER=m
CONFIG_TUNER_MT20XX=m
CONFIG_TUNER_TDA8290=m
CONFIG_TUNER_TEA5761=m
CONFIG_TUNER_TEA5767=m
CONFIG_TUNER_SIMPLE=m
CONFIG_VIDEOBUF_GEN=m
CONFIG_VIDEOBUF_VMALLOC=m
CONFIG_DAB=y
CONFIG_USB_DABUSB=m
CONFIG_AGP=m
CONFIG_AGP_INTEL=m
CONFIG_AGP_NVIDIA=m
CONFIG_FB=y
CONFIG_FIRMWARE_EDID=y
CONFIG_FB_CFB_FILLRECT=y
CONFIG_FB_CFB_COPYAREA=y
CONFIG_FB_CFB_IMAGEBLIT=y
CONFIG_FB_DEFERRED_IO=y
CONFIG_FB_MODE_HELPERS=y
CONFIG_FB_TILEBLITTING=y
CONFIG_FB_VESA=y
CONFIG_BACKLIGHT_LCD_SUPPORT=y
CONFIG_BACKLIGHT_CLASS_DEVICE=y
CONFIG_BACKLIGHT_PROGEAR=m
CONFIG_DISPLAY_SUPPORT=m
CONFIG_VGA_CONSOLE=y
CONFIG_VIDEO_SELECT=y
CONFIG_MDA_CONSOLE=m
CONFIG_DUMMY_CONSOLE=y
CONFIG_FRAMEBUFFER_CONSOLE=y
CONFIG_FRAMEBUFFER_CONSOLE_ROTATION=y
CONFIG_FONTS=y
CONFIG_FONT_8x8=y
CONFIG_FONT_8x16=y
CONFIG_FONT_ACORN_8x8=y
CONFIG_FONT_SUN8x16=y
CONFIG_BOOTSPLASH=y
CONFIG_SOUND=m
CONFIG_SND=m
CONFIG_SND_TIMER=m
CONFIG_SND_PCM=m
CONFIG_SND_HWDEP=m
CONFIG_SND_RAWMIDI=m
CONFIG_SND_SEQUENCER=m
CONFIG_SND_SEQ_DUMMY=m
CONFIG_SND_OSSEMUL=y
CONFIG_SND_MIXER_OSS=m
CONFIG_SND_PCM_OSS=m
CONFIG_SND_PCM_OSS_PLUGINS=y
CONFIG_SND_SEQUENCER_OSS=y
CONFIG_SND_RTCTIMER=m
CONFIG_SND_SEQ_RTCTIMER_DEFAULT=y
CONFIG_SND_SUPPORT_OLD_API=y
CONFIG_SND_VERBOSE_PROCFS=y
CONFIG_SND_MPU401_UART=m
CONFIG_SND_DUMMY=m
CONFIG_SND_VIRMIDI=m
CONFIG_SND_MTPAV=m
CONFIG_SND_SERIAL_U16550=m
CONFIG_SND_MPU401=m
CONFIG_SND_HDA_INTEL=m
CONFIG_SND_HDA_CODEC_REALTEK=y
CONFIG_SND_HDA_CODEC_ANALOG=y
CONFIG_SND_HDA_CODEC_SIGMATEL=y
CONFIG_SND_HDA_CODEC_VIA=y
CONFIG_SND_HDA_CODEC_ATIHDMI=y
CONFIG_SND_HDA_CODEC_CONEXANT=y
CONFIG_SND_HDA_CODEC_CMEDIA=y
CONFIG_SND_HDA_CODEC_SI3054=y
CONFIG_SND_HDA_GENERIC=y
CONFIG_SND_USB_AUDIO=m
CONFIG_SND_USB_USX2Y=m
CONFIG_SND_USB_CAIAQ=m
CONFIG_SND_USB_CAIAQ_INPUT=y
CONFIG_HID_SUPPORT=y
CONFIG_HID=m
CONFIG_USB_HID=m
CONFIG_USB_HIDINPUT_POWERBOOK=y
CONFIG_USB_HIDDEV=y
CONFIG_USB_KBD=m
CONFIG_USB_MOUSE=m
CONFIG_USB_SUPPORT=y
CONFIG_USB_ARCH_HAS_HCD=y
CONFIG_USB_ARCH_HAS_OHCI=y
CONFIG_USB_ARCH_HAS_EHCI=y
CONFIG_USB=m
CONFIG_USB_DEVICEFS=y
CONFIG_USB_DEVICE_CLASS=y
CONFIG_USB_SUSPEND=y
CONFIG_USB_EHCI_HCD=m
CONFIG_USB_EHCI_SPLIT_ISO=y
CONFIG_USB_EHCI_ROOT_HUB_TT=y
CONFIG_USB_ISP116X_HCD=m
CONFIG_USB_OHCI_HCD=m
CONFIG_USB_OHCI_LITTLE_ENDIAN=y
CONFIG_USB_UHCI_HCD=m
CONFIG_USB_SL811_HCD=m
CONFIG_USB_SL811_CS=m
CONFIG_USB_PRINTER=m
CONFIG_USB_STORAGE=m
CONFIG_USB_STORAGE_DATAFAB=y
CONFIG_USB_STORAGE_FREECOM=y
CONFIG_USB_STORAGE_ISD200=y
CONFIG_USB_STORAGE_DPCM=y
CONFIG_USB_STORAGE_USBAT=y
CONFIG_USB_STORAGE_SDDR09=y
CONFIG_USB_STORAGE_SDDR55=y
CONFIG_USB_STORAGE_JUMPSHOT=y
CONFIG_USB_STORAGE_ALAUDA=y
CONFIG_USB_STORAGE_KARMA=y
CONFIG_USB_MDC800=m
CONFIG_USB_MON=y
CONFIG_USB_ATM=m
CONFIG_USB_SPEEDTOUCH=m
CONFIG_USB_CXACRU=m
CONFIG_USB_UEAGLEATM=m
CONFIG_USB_XUSBATM=m
CONFIG_MMC=m
CONFIG_MMC_BLOCK=m
CONFIG_MMC_BLOCK_BOUNCE=y
CONFIG_MMC_SDHCI=m
CONFIG_MMC_WBSD=m
CONFIG_MMC_TIFM_SD=m
CONFIG_NEW_LEDS=y
CONFIG_LEDS_CLASS=m
CONFIG_LEDS_TRIGGERS=y
CONFIG_LEDS_TRIGGER_TIMER=m
CONFIG_LEDS_TRIGGER_IDE_DISK=y
CONFIG_LEDS_TRIGGER_HEARTBEAT=m
CONFIG_RTC_LIB=m
CONFIG_RTC_CLASS=m
CONFIG_RTC_INTF_SYSFS=y
CONFIG_RTC_INTF_PROC=y
CONFIG_RTC_INTF_DEV=y
CONFIG_RTC_DRV_CMOS=m
CONFIG_VIRTUALIZATION=y
CONFIG_EDD=m
CONFIG_EFI_VARS=m
CONFIG_DELL_RBU=m
CONFIG_DCDBAS=m
CONFIG_DMIID=y
CONFIG_EXT2_FS=m
CONFIG_EXT2_FS_XATTR=y
CONFIG_EXT2_FS_POSIX_ACL=y
CONFIG_EXT2_FS_SECURITY=y
CONFIG_EXT3_FS=m
CONFIG_EXT3_FS_XATTR=y
CONFIG_EXT3_FS_POSIX_ACL=y
CONFIG_EXT3_FS_SECURITY=y
CONFIG_EXT4DEV_FS=m
CONFIG_EXT4DEV_FS_XATTR=y
CONFIG_EXT4DEV_FS_POSIX_ACL=y
CONFIG_EXT4DEV_FS_SECURITY=y
CONFIG_JBD=m
CONFIG_JBD2=m
CONFIG_FS_MBCACHE=m
CONFIG_REISERFS_FS=m
CONFIG_REISERFS_FS_XATTR=y
CONFIG_REISERFS_FS_POSIX_ACL=y
CONFIG_REISERFS_FS_SECURITY=y
CONFIG_JFS_FS=m
CONFIG_JFS_POSIX_ACL=y
CONFIG_JFS_SECURITY=y
CONFIG_FS_POSIX_ACL=y
CONFIG_XFS_FS=m
CONFIG_XFS_QUOTA=y
CONFIG_XFS_SECURITY=y
CONFIG_XFS_POSIX_ACL=y
CONFIG_XFS_RT=y
CONFIG_GFS2_FS=m
CONFIG_GFS2_FS_LOCKING_NOLOCK=m
CONFIG_GFS2_FS_LOCKING_DLM=m
CONFIG_OCFS2_FS=m
CONFIG_OCFS2_DEBUG_MASKLOG=y
CONFIG_MINIX_FS=m
CONFIG_ROMFS_FS=m
CONFIG_INOTIFY=y
CONFIG_INOTIFY_USER=y
CONFIG_QUOTA=y
CONFIG_PRINT_QUOTA_WARNING=y
CONFIG_QFMT_V1=m
CONFIG_QFMT_V2=m
CONFIG_QUOTACTL=y
CONFIG_DNOTIFY=y
CONFIG_AUTOFS_FS=m
CONFIG_AUTOFS4_FS=m
CONFIG_FUSE_FS=m
CONFIG_GENERIC_ACL=y
CONFIG_ISO9660_FS=m
CONFIG_JOLIET=y
CONFIG_ZISOFS=y
CONFIG_UDF_FS=m
CONFIG_UDF_NLS=y
CONFIG_FAT_FS=m
CONFIG_MSDOS_FS=m
CONFIG_VFAT_FS=m
CONFIG_FAT_DEFAULT_CODEPAGE=437
CONFIG_FAT_DEFAULT_IOCHARSET="iso8859-1"
CONFIG_NTFS_FS=m
CONFIG_NTFS_RW=y
CONFIG_PROC_FS=y
CONFIG_PROC_KCORE=y
CONFIG_PROC_SYSCTL=y
CONFIG_SYSFS=y
CONFIG_TMPFS=y
CONFIG_TMPFS_POSIX_ACL=y
CONFIG_CONFIGFS_FS=m
CONFIG_JFFS2_FS=m
CONFIG_JFFS2_FS_DEBUG=0
CONFIG_JFFS2_FS_WRITEBUFFER=y
CONFIG_JFFS2_FS_XATTR=y
CONFIG_JFFS2_FS_POSIX_ACL=y
CONFIG_JFFS2_FS_SECURITY=y
CONFIG_JFFS2_ZLIB=y
CONFIG_JFFS2_RTIME=y
CONFIG_CRAMFS=y
CONFIG_VXFS_FS=m
CONFIG_UFS_FS=m
CONFIG_NETWORK_FILESYSTEMS=y
CONFIG_NFS_FS=m
CONFIG_NFS_V3=y
CONFIG_NFS_V3_ACL=y
CONFIG_NFS_V4=y
CONFIG_NFS_DIRECTIO=y
CONFIG_NFSD=m
CONFIG_NFSD_V2_ACL=y
CONFIG_NFSD_V3=y
CONFIG_NFSD_V3_ACL=y
CONFIG_NFSD_V4=y
CONFIG_NFSD_TCP=y
CONFIG_LOCKD=m
CONFIG_LOCKD_V4=y
CONFIG_EXPORTFS=m
CONFIG_NFS_ACL_SUPPORT=m
CONFIG_NFS_COMMON=y
CONFIG_SUNRPC=m
CONFIG_SUNRPC_GSS=m
CONFIG_SUNRPC_BIND34=y
CONFIG_RPCSEC_GSS_KRB5=m
CONFIG_RPCSEC_GSS_SPKM3=m
CONFIG_SMB_FS=m
CONFIG_CIFS=m
CONFIG_NCP_FS=m
CONFIG_NCPFS_PACKET_SIGNING=y
CONFIG_NCPFS_IOCTL_LOCKING=y
CONFIG_NCPFS_STRONG=y
CONFIG_NCPFS_NFS_NS=y
CONFIG_NCPFS_OS2_NS=y
CONFIG_NCPFS_NLS=y
CONFIG_NCPFS_EXTRAS=y
CONFIG_CODA_FS=m
CONFIG_AFS_FS=m
CONFIG_PARTITION_ADVANCED=y
CONFIG_MSDOS_PARTITION=y
CONFIG_BSD_DISKLABEL=y
CONFIG_MINIX_SUBPARTITION=y
CONFIG_UNIXWARE_DISKLABEL=y
CONFIG_LDM_PARTITION=y
CONFIG_NLS=y
CONFIG_NLS_DEFAULT="iso8859-1"
CONFIG_NLS_CODEPAGE_437=m
CONFIG_NLS_CODEPAGE_737=m
CONFIG_NLS_CODEPAGE_775=m
CONFIG_NLS_CODEPAGE_850=m
CONFIG_NLS_CODEPAGE_852=m
CONFIG_NLS_CODEPAGE_855=m
CONFIG_NLS_CODEPAGE_857=m
CONFIG_NLS_CODEPAGE_860=m
CONFIG_NLS_CODEPAGE_861=m
CONFIG_NLS_CODEPAGE_862=m
CONFIG_NLS_CODEPAGE_863=m
CONFIG_NLS_CODEPAGE_864=m
CONFIG_NLS_CODEPAGE_865=m
CONFIG_NLS_CODEPAGE_866=m
CONFIG_NLS_CODEPAGE_869=m
CONFIG_NLS_CODEPAGE_936=m
CONFIG_NLS_CODEPAGE_950=m
CONFIG_NLS_CODEPAGE_932=m
CONFIG_NLS_CODEPAGE_949=m
CONFIG_NLS_CODEPAGE_874=m
CONFIG_NLS_ISO8859_8=m
CONFIG_NLS_CODEPAGE_1250=m
CONFIG_NLS_CODEPAGE_1251=m
CONFIG_NLS_ASCII=m
CONFIG_NLS_ISO8859_1=m
CONFIG_NLS_ISO8859_2=m
CONFIG_NLS_ISO8859_3=m
CONFIG_NLS_ISO8859_4=m
CONFIG_NLS_ISO8859_5=m
CONFIG_NLS_ISO8859_6=m
CONFIG_NLS_ISO8859_7=m
CONFIG_NLS_ISO8859_9=m
CONFIG_NLS_ISO8859_13=m
CONFIG_NLS_ISO8859_14=m
CONFIG_NLS_ISO8859_15=m
CONFIG_NLS_KOI8_R=m
CONFIG_NLS_KOI8_U=m
CONFIG_NLS_UTF8=m
CONFIG_DLM=m
CONFIG_DLM_DEBUG=y
CONFIG_INSTRUMENTATION=y
CONFIG_PROFILING=y
CONFIG_OPROFILE=m
CONFIG_TRACE_IRQFLAGS_SUPPORT=y
CONFIG_ENABLE_WARN_DEPRECATED=y
CONFIG_ENABLE_MUST_CHECK=y
CONFIG_MAGIC_SYSRQ=y
CONFIG_UNUSED_SYMBOLS=y
CONFIG_DEBUG_FS=y
CONFIG_DEBUG_KERNEL=y
CONFIG_DETECT_SOFTLOCKUP=y
CONFIG_SCHED_DEBUG=y
CONFIG_TIMER_STATS=y
CONFIG_DEBUG_BUGVERBOSE=y
CONFIG_EARLY_PRINTK=y
CONFIG_X86_FIND_SMP_CONFIG=y
CONFIG_X86_MPPARSE=y
CONFIG_DOUBLEFAULT=y
CONFIG_KEYS=y
CONFIG_SECURITY=y
CONFIG_SECURITY_NETWORK=y
CONFIG_SECURITY_NETWORK_XFRM=y
CONFIG_SECURITY_CAPABILITIES=y
CONFIG_SECURITY_SELINUX=y
CONFIG_SECURITY_SELINUX_BOOTPARAM=y
CONFIG_SECURITY_SELINUX_BOOTPARAM_VALUE=0
CONFIG_SECURITY_SELINUX_DISABLE=y
CONFIG_SECURITY_SELINUX_DEVELOP=y
CONFIG_SECURITY_SELINUX_AVC_STATS=y
CONFIG_SECURITY_SELINUX_CHECKREQPROT_VALUE=1
CONFIG_XOR_BLOCKS=m
CONFIG_ASYNC_CORE=m
CONFIG_ASYNC_MEMCPY=m
CONFIG_ASYNC_XOR=m
CONFIG_CRYPTO=y
CONFIG_CRYPTO_ALGAPI=y
CONFIG_CRYPTO_BLKCIPHER=m
CONFIG_CRYPTO_HASH=y
CONFIG_CRYPTO_MANAGER=y
CONFIG_CRYPTO_HMAC=y
CONFIG_CRYPTO_XCBC=m
CONFIG_CRYPTO_NULL=m
CONFIG_CRYPTO_MD4=m
CONFIG_CRYPTO_MD5=y
CONFIG_CRYPTO_SHA1=m
CONFIG_CRYPTO_SHA256=m
CONFIG_CRYPTO_SHA512=m
CONFIG_CRYPTO_WP512=m
CONFIG_CRYPTO_TGR192=m
CONFIG_CRYPTO_GF128MUL=m
CONFIG_CRYPTO_ECB=m
CONFIG_CRYPTO_CBC=m
CONFIG_CRYPTO_PCBC=m
CONFIG_CRYPTO_LRW=m
CONFIG_CRYPTO_DES=m
CONFIG_CRYPTO_FCRYPT=m
CONFIG_CRYPTO_BLOWFISH=m
CONFIG_CRYPTO_TWOFISH=m
CONFIG_CRYPTO_TWOFISH_COMMON=m
CONFIG_CRYPTO_TWOFISH_586=m
CONFIG_CRYPTO_SERPENT=m
CONFIG_CRYPTO_AES=m
CONFIG_CRYPTO_AES_586=m
CONFIG_CRYPTO_CAST5=m
CONFIG_CRYPTO_CAST6=m
CONFIG_CRYPTO_TEA=m
CONFIG_CRYPTO_ARC4=m
CONFIG_CRYPTO_KHAZAD=m
CONFIG_CRYPTO_ANUBIS=m
CONFIG_CRYPTO_DEFLATE=m
CONFIG_CRYPTO_MICHAEL_MIC=m
CONFIG_CRYPTO_CRC32C=m
CONFIG_CRYPTO_CAMELLIA=m
CONFIG_CRYPTO_TEST=m
CONFIG_CRYPTO_HW=y
CONFIG_CRYPTO_DEV_PADLOCK=m
CONFIG_CRYPTO_DEV_PADLOCK_AES=m
CONFIG_CRYPTO_DEV_PADLOCK_SHA=m
CONFIG_CRYPTO_DEV_GEODE=m
CONFIG_BITREVERSE=y
CONFIG_CRC_CCITT=m
CONFIG_CRC16=m
CONFIG_CRC_ITU_T=m
CONFIG_CRC32=y
CONFIG_LIBCRC32C=m
CONFIG_AUDIT_GENERIC=y
CONFIG_ZLIB_INFLATE=y
CONFIG_ZLIB_DEFLATE=m
CONFIG_REED_SOLOMON=m
CONFIG_REED_SOLOMON_DEC16=y
CONFIG_TEXTSEARCH=y
CONFIG_TEXTSEARCH_KMP=m
CONFIG_TEXTSEARCH_BM=m
CONFIG_TEXTSEARCH_FSM=m
CONFIG_PLIST=y
CONFIG_HAS_IOMEM=y
CONFIG_HAS_IOPORT=y
CONFIG_HAS_DMA=y