Date: Fri, 10 Dec 2004 03:15:21 -0500
From: Shawn Starr <>
Subject: [ACPI][2.6.10-rc3][SUSPEND] S3 mode - Cannot resume from PCI devices
Sender: linux-kernel-owner@vger.kernel.org
Precedence: bulk
List-ID: <linux-kernel.vger.kernel.org>
X-Mailing-List: linux-kernel@vger.kernel.org
X-Lkml-Link: https://lkml.org/lkml/2004/12/10/18

I have netconsole configured I can see kernel messages on a remote machine, but when I suspend the laptop it goes into S3.
I am unable to capture the (oops) the laptop when bringing it out of S3. It remains in a half suspended-unsuspended state.
(the crescent moon LED is solidly on, video is back on (can see the 'Back to C!' string), cannot use sysctl key combos, 
netconsole doesn't display the output since no PCI devices resume (the video is AGP onboard).
Is there any way I can capture this output somehow? I don't think even serial would work (it would be a USB to serial converter which would be PCI)
or even trying to get this to print to lp0 since the laptop is totally unresponsive in its state.
I booted into single and sh for init, mounted /proc /sys and with no kernel modules it would fail to resume after suspending.
This isn't a nice regression.
Shawn.
cc: dmesg of 2.6.10-rc3
cc: ACPI DSDT from /proc/acpi
0000:00:00.0 Host bridge: Intel Corp. 82855PM Processor to I/O Controller (rev 03)
0000:00:01.0 PCI bridge: Intel Corp. 82855PM Processor to AGP Controller (rev 03)
0000:00:1d.0 USB Controller: Intel Corp. 82801DB/DBL/DBM (ICH4/ICH4-L/ICH4-M) USB UHCI Controller #1 (rev 01)
0000:00:1d.1 USB Controller: Intel Corp. 82801DB/DBL/DBM (ICH4/ICH4-L/ICH4-M) USB UHCI Controller #2 (rev 01)
0000:00:1d.2 USB Controller: Intel Corp. 82801DB/DBL/DBM (ICH4/ICH4-L/ICH4-M) USB UHCI Controller #3 (rev 01)
0000:00:1d.7 USB Controller: Intel Corp. 82801DB/DBM (ICH4/ICH4-M) USB 2.0 EHCI Controller (rev 01)
0000:00:1e.0 PCI bridge: Intel Corp. 82801 PCI Bridge (rev 81)
0000:00:1f.0 ISA bridge: Intel Corp. 82801DBM LPC Interface Controller (rev 01)
0000:00:1f.1 IDE interface: Intel Corp. 82801DBM (ICH4) Ultra ATA Storage Controller (rev 01)
0000:00:1f.3 SMBus: Intel Corp. 82801DB/DBL/DBM (ICH4/ICH4-L/ICH4-M) SMBus Controller (rev 01)
0000:00:1f.5 Multimedia audio controller: Intel Corp. 82801DB/DBL/DBM (ICH4/ICH4-L/ICH4-M) AC'97 Audio Controller (rev 01)
0000:00:1f.6 Modem: Intel Corp. 82801DB/DBL/DBM (ICH4/ICH4-L/ICH4-M) AC'97 Modem Controller (rev 01)
0000:01:00.0 VGA compatible controller: ATI Technologies Inc RV350 [Mobility Radeon 9600 M10]
0000:02:00.0 CardBus bridge: Texas Instruments PCI4520 PC card Cardbus Controller (rev 01)
0000:02:00.1 CardBus bridge: Texas Instruments PCI4520 PC card Cardbus Controller (rev 01)
0000:02:01.0 Ethernet controller: Intel Corp. 82540EP Gigabit Ethernet Controller (Mobile) (rev 03)
0000:02:02.0 Network controller: Intel Corp. PRO/Wireless 2200BG (rev 05)
Linux version 2.6.10-rc3 (root@segfault) (gcc version 3.4.4 20041113 (prerelease) (Debian 3.4.3-1)) #1 Tue Dec 7 18:21:04 EST 2004
BIOS-provided physical RAM map:
 BIOS-e820: 0000000000000000 - 000000000009f000 (usable)
 BIOS-e820: 000000000009f000 - 00000000000a0000 (reserved)
 BIOS-e820: 00000000000dc000 - 0000000000100000 (reserved)
 BIOS-e820: 0000000000100000 - 000000003ff60000 (usable)
 BIOS-e820: 000000003ff60000 - 000000003ff77000 (ACPI data)
 BIOS-e820: 000000003ff77000 - 000000003ff79000 (ACPI NVS)
 BIOS-e820: 000000003ff80000 - 0000000040000000 (reserved)
 BIOS-e820: 00000000ff800000 - 0000000100000000 (reserved)
127MB HIGHMEM available.
896MB LOWMEM available.
On node 0 totalpages: 261984
  DMA zone: 4096 pages, LIFO batch:1
  Normal zone: 225280 pages, LIFO batch:16
  HighMem zone: 32608 pages, LIFO batch:7
DMI present.
ACPI: RSDP (v002 IBM                                   ) @ 0x000f6e00
ACPI: XSDT (v001 IBM    TP-1R    0x00003066  LTP 0x00000000) @ 0x3ff6abe8
ACPI: FADT (v003 IBM    TP-1R    0x00003066 IBM  0x00000001) @ 0x3ff6ad00
ACPI: SSDT (v001 IBM    TP-1R    0x00003066 MSFT 0x0100000e) @ 0x3ff6aeb4
ACPI: ECDT (v001 IBM    TP-1R    0x00003066 IBM  0x00000001) @ 0x3ff76ea1
ACPI: TCPA (v001 IBM    TP-1R    0x00003066 PTL  0x00000001) @ 0x3ff76ef3
ACPI: BOOT (v001 IBM    TP-1R    0x00003066  LTP 0x00000001) @ 0x3ff76fd8
ACPI: DSDT (v001 IBM    TP-1R    0x00003066 MSFT 0x0100000e) @ 0x00000000
ACPI: PM-Timer IO Port: 0x1008
Built 1 zonelists
Kernel command line: BOOT_IMAGE=test ro root=301 acpi_sleep=s3_bios resume=/dev/hda3 netconsole=@192.168.10.6/eth0,9353@192.168.10.2/00:D0:B7:4E:70:18
netconsole: local port 6665
netconsole: local IP 192.168.10.6
netconsole: interface eth0
netconsole: remote port 9353
netconsole: remote IP 192.168.10.2
netconsole: remote ethernet address 00:d0:b7:4e:70:18
Local APIC disabled by BIOS -- you can enable it with "lapic"
mapped APIC to ffffd000 (01811000)
Initializing CPU#0
CPU 0 irqstacks, hard=c05a0000 soft=c059f000
PID hash table entries: 4096 (order: 12, 65536 bytes)
Detected 1798.962 MHz processor.
Using pmtmr for high-res timesource
Console: colour VGA+ 80x25
Dentry cache hash table entries: 131072 (order: 7, 524288 bytes)
Inode-cache hash table entries: 65536 (order: 6, 262144 bytes)
Memory: 1032280k/1047936k available (3404k kernel code, 14984k reserved, 1085k data, 216k init, 130432k highmem)
Checking if this processor honours the WP bit even in supervisor mode... Ok.
Calibrating delay loop... 3563.52 BogoMIPS (lpj=1781760)
Mount-cache hash table entries: 512 (order: 0, 4096 bytes)
CPU: After generic identify, caps: afe9f9bf 00000000 00000000 00000000
CPU: After vendor identify, caps:  afe9f9bf 00000000 00000000 00000000
CPU: L1 I cache: 32K, L1 D cache: 32K
CPU: L2 cache: 2048K
CPU: After all inits, caps:        afe9f9b7 00000000 00000000 00000040
Intel machine check architecture supported.
Intel machine check reporting enabled on CPU#0.
CPU: Intel(R) Pentium(R) M processor 1.80GHz stepping 06
Enabling fast FPU save and restore... done.
Enabling unmasked SIMD FPU exception support... done.
Checking 'hlt' instruction... OK.
 tbxface-0118 [02] acpi_load_tables      : ACPI Tables successfully acquired
Parsing all Control Methods:.........................................................................................................................................................................................................................................................................................................................................................................................................
Table [DSDT](id F005) - 1332 Objects with 63 Devices 393 Methods 20 Regions
Parsing all Control Methods:.
Table [SSDT](id F003) - 1 Objects with 0 Devices 1 Methods 0 Regions
ACPI Namespace successfully loaded at root c05c80e0
ACPI: setting ELCR to 0200 (from 0e28)
evxfevnt-0094 [03] acpi_enable           : Transition to ACPI mode successful
NET: Registered protocol family 16
PCI: PCI BIOS revision 2.10 entry at 0xfd8d6, last bus=8
PCI: Using configuration type 1
mtrr: v2.0 (20020519)
ACPI: Subsystem revision 20041105
evgpeblk-0979 [06] ev_create_gpe_block   : GPE 00 to 1F [_GPE] 4 regs on int 0x9
evgpeblk-0987 [06] ev_create_gpe_block   : Found 8 Wake, Enabled 0 Runtime GPEs in this block
ACPI: Found ECDT
Completing Region/Field/Buffer/Package initialization:............................................................................................................................................................................................................................................................
Initialized 19/20 Regions 123/123 Fields 71/71 Buffers 39/47 Packages (1342 nodes)
Executing all Device _STA and_INI methods:.............................................................
61 Devices found containing: 61 _STA, 8 _INI methods
ACPI: Interpreter enabled
ACPI: Using PIC for interrupt routing
ACPI: PCI Interrupt Link [LNKA] (IRQs 3 4 5 6 7 *9 10 11)
ACPI: PCI Interrupt Link [LNKB] (IRQs 3 4 *5 6 7 9 10 11)
ACPI: PCI Interrupt Link [LNKC] (IRQs 3 4 5 6 7 9 *10 11)
ACPI: PCI Interrupt Link [LNKD] (IRQs 3 4 5 6 7 9 10 *11)
ACPI: PCI Interrupt Link [LNKE] (IRQs 3 4 5 6 7 9 10 11) *0, disabled.
ACPI: PCI Interrupt Link [LNKF] (IRQs 3 4 5 6 7 9 10 11) *0, disabled.
ACPI: PCI Interrupt Link [LNKG] (IRQs 3 4 5 6 7 9 10 11) *0, disabled.
ACPI: PCI Interrupt Link [LNKH] (IRQs *3 4 5 6 7 9 10 11)
ACPI: PCI Root Bridge [PCI0] (00:00)
PCI: Probing PCI hardware (bus 00)
PCI: Ignoring BAR0-3 of IDE controller 0000:00:1f.1
PCI: Transparent bridge - 0000:00:1e.0
ACPI: PCI Interrupt Routing Table [\_SB_.PCI0._PRT]
ACPI: Embedded Controller [EC] (gpe 28)
ACPI: Power Resource [PUBS] (on)
ACPI: PCI Interrupt Routing Table [\_SB_.PCI0.AGP_._PRT]
ACPI: PCI Interrupt Routing Table [\_SB_.PCI0.PCI1._PRT]
Linux Plug and Play Support v0.97 (c) Adam Belay
pnp: PnP ACPI init
acpi_bus-0081 [06] acpi_bus_get_device   : Error getting context for object [c1a0ac40]
acpi_bus-0081 [06] acpi_bus_get_device   : Error getting context for object [c1a0aeec]
acpi_bus-0081 [06] acpi_bus_get_device   : Error getting context for object [c1a15650]
acpi_bus-0081 [06] acpi_bus_get_device   : Error getting context for object [c1a8b0ac]
acpi_bus-0081 [06] acpi_bus_get_device   : Error getting context for object [c1ac87cc]
acpi_bus-0081 [06] acpi_bus_get_device   : Error getting context for object [c1aff30c]
acpi_bus-0081 [06] acpi_bus_get_device   : Error getting context for object [c1aff604]
acpi_bus-0081 [06] acpi_bus_get_device   : Error getting context for object [c1affcd8]
acpi_bus-0081 [06] acpi_bus_get_device   : Error getting context for object [c1affb10]
acpi_bus-0081 [06] acpi_bus_get_device   : Error getting context for object [c1b1830c]
acpi_bus-0081 [06] acpi_bus_get_device   : Error getting context for object [c1b2e69c]
acpi_bus-0081 [06] acpi_bus_get_device   : Error getting context for object [c1b3e30c]
acpi_bus-0081 [06] acpi_bus_get_device   : Error getting context for object [c1b3eeec]
pnp: PnP ACPI: found 12 devices
PnPBIOS: Disabled by ACPI
Linux Kernel Card Services
  options:  [pci] [cardbus] [pm]
PCI: Using ACPI for IRQ routing
** PCI interrupts are no longer routed automatically.  If this
** causes a device to stop working, it is probably because the
** driver failed to call pci_enable_device().  As a temporary
** workaround, the "pci=routeirq" argument restores the old
** behavior.  If this argument makes the device work again,
** please email the output of "lspci" to bjorn.helgaas@hp.com
** so I can fix the driver.
irda_init()
NET: Registered protocol family 23
Bluetooth: Core ver 2.7
NET: Registered protocol family 31
Bluetooth: HCI device and connection manager initialized
Bluetooth: HCI socket layer initialized
pnp: the driver 'system' has been registered
pnp: match found with the PnP device '00:00' and the driver 'system'
pnp: match found with the PnP device '00:01' and the driver 'system'
Simple Boot Flag at 0x35 set to 0x1
Machine check exception polling timer started.
IA-32 Microcode Update Driver: v1.14 <tigran@veritas.com>
IBM machine detected. Enabling interrupts during APM calls.
apm: BIOS version 1.2 Flags 0x03 (Driver version 1.16ac)
apm: overridden by ACPI.
highmem bounce pool size: 64 pages
Initializing Cryptographic API
pci_hotplug: PCI Hot Plug PCI Core version: 0.5
ibmphpd: IBM Hot Plug PCI Controller Driver version: 0.6
acpiphp: ACPI Hot Plug PCI Controller Driver version: 0.4
acpiphp: Slot [4294967295] registered
acpiphp_ibm: ibm_acpiphp_init: acpi_walk_namespace failed
ACPI: AC Adapter [AC] (on-line)
ACPI: Battery Slot [BAT0] (battery present)
ACPI: Power Button (FF) [PWRF]
ACPI: Lid Switch [LID]
ACPI: Sleep Button (CM) [SLPB]
ACPI: Video Device [VID] (multi-head: yes  rom: no  post: no)
ACPI: Processor [CPU] (supports C1 C2 C3)
ACPI: Processor [CPU] (supports 8 throttling states)
ACPI: Thermal Zone [THM0] (55 C)
ibm_acpi: IBM ThinkPad ACPI Extras v0.8
ibm_acpi: 
http://ibm-acpi.sf.net/
acpi_bus-0081 [09] acpi_bus_get_device   : Error getting context for object [c1ac87cc]
ibm_acpi: dock device not present
isapnp: Scanning for PnP cards...
isapnp: No Plug & Play device found
lp: driver loaded but no devices found
Real Time Clock Driver v1.12
Non-volatile memory driver v1.2
hw_random: RNG not detected
Linux agpgart interface v0.100 (c) Dave Jones
agpgart: Detected an Intel 855PM Chipset.
agpgart: Maximum main memory to use for agp memory: 941M
agpgart: AGP aperture is 256M @ 0xd0000000
Hangcheck: starting hangcheck timer 0.5.0 (tick is 180 seconds, margin is 60 seconds).
serio: i8042 AUX port at 0x60,0x64 irq 12
serio: i8042 KBD port at 0x60,0x64 irq 1
pnp: the driver 'parport_pc' has been registered
pnp: match found with the PnP device '00:09' and the driver 'parport_pc'
pnp: Device 00:09 activated.
parport: PnPBIOS parport detected.
parport0: PC-style at 0x3bc, irq 7 [PCSPP,TRISTATE]
lp0: using parport0 (interrupt-driven).
io scheduler noop registered
io scheduler anticipatory registered
io scheduler deadline registered
io scheduler cfq registered
loop: loaded (max 8 devices)
pktcdvd: v0.2.0a 2004-07-14 Jens Axboe (axboe@suse.de) and petero2@telia.com
Intel(R) PRO/1000 Network Driver - version 5.5.4-k2-NAPI
Copyright (c) 1999-2004 Intel Corporation.
ACPI: PCI Interrupt Link [LNKA] enabled at IRQ 9
PCI: setting IRQ 9 as level-triggered
ACPI: PCI interrupt 0000:02:01.0[A] -> GSI 9 (level, low) -> IRQ 9
e1000: eth0: e1000_probe: Intel(R) PRO/1000 Network Connection
netconsole: device eth0 not up yet, forcing it
e1000: eth0: e1000_watchdog: NIC Link is Up 100 Mbps Full Duplex
netconsole: network logging started
Linux video capture interface: v1.00
Uniform Multi-Platform E-IDE driver Revision: 7.00alpha2
ide: Assuming 33MHz system bus speed for PIO modes; override with idebus=xx
ICH4: IDE controller at PCI slot 0000:00:1f.1
PCI: Enabling device 0000:00:1f.1 (0005 -> 0007)
ACPI: PCI Interrupt Link [LNKC] enabled at IRQ 10
PCI: setting IRQ 10 as level-triggered
ACPI: PCI interrupt 0000:00:1f.1[A] -> GSI 10 (level, low) -> IRQ 10
ICH4: chipset revision 1
ICH4: not 100% native mode: will probe irqs later
    ide0: BM-DMA at 0x1860-0x1867, BIOS settings: hda:DMA, hdb:pio
    ide1: BM-DMA at 0x1868-0x186f, BIOS settings: hdc:DMA, hdd:pio
Probing IDE interface ide0...
hda: HTS548080M9AT00, ATA DISK drive
elevator: using anticipatory as default io scheduler
ide0 at 0x1f0-0x1f7,0x3f6 on irq 14
Probing IDE interface ide1...
hdc: HL-DT-STCD-RW/DVD DRIVE GCC-4242N, ATAPI CD/DVD-ROM drive
ide1 at 0x170-0x177,0x376 on irq 15
hda: max request size: 128KiB
hda: 156301488 sectors (80026 MB) w/7877KiB Cache, CHS=65535/16/63, UDMA(100)
hda: cache flushes supported
 hda: hda1 hda2 hda3
hdc: ATAPI 24X DVD-ROM CD-R/RW drive, 2048kB Cache, UDMA(33)
Uniform CD-ROM driver Revision: 3.20
ACPI: PCI interrupt 0000:02:00.0[A] -> GSI 9 (level, low) -> IRQ 9
Yenta: CardBus bridge found at 0000:02:00.0 [1014:0552]
Yenta: Using INTVAL to route CSC interrupts to PCI
Yenta: Routing CardBus interrupts to PCI
Yenta TI: socket 0000:02:00.0, mfunc 0x01d21b22, devctl 0x64
Yenta: ISA IRQ mask 0x0878, PCI irq 9
Socket status: 30000086
ACPI: PCI Interrupt Link [LNKB] enabled at IRQ 5
PCI: setting IRQ 5 as level-triggered
ACPI: PCI interrupt 0000:02:00.1[B] -> GSI 5 (level, low) -> IRQ 5
Yenta: CardBus bridge found at 0000:02:00.1 [1014:0552]
Yenta: Using INTVAL to route CSC interrupts to PCI
Yenta: Routing CardBus interrupts to PCI
Yenta TI: socket 0000:02:00.1, mfunc 0x01d21b22, devctl 0x64
Yenta: ISA IRQ mask 0x0858, PCI irq 5
Socket status: 30000086
mice: PS/2 mouse device common for all mice
input: AT Translated Set 2 keyboard on isa0060/serio0
Synaptics Touchpad, model: 1
 Firmware: 5.9
 Sensor: 44
 new absolute packet format
 Touchpad has extended capability bits
 -> multifinger detection
 -> palm detection
 -> pass-through port
input: SynPS/2 Synaptics TouchPad on isa0060/serio1
serio: Synaptics pass-through port at isa0060/serio1/input0
input: PS/2 Generic Mouse on synaptics-pt/serio0
input: PC Speaker
Advanced Linux Sound Architecture Driver Version 1.0.6 (Sun Aug 15 07:17:53 2004 UTC).
ACPI: PCI interrupt 0000:00:1f.5[B] -> GSI 5 (level, low) -> IRQ 5
PCI: Setting latency timer of device 0000:00:1f.5 to 64
intel8x0_measure_ac97_clock: measured 49901 usecs
intel8x0: clocking to 48000
ALSA device list:
  #0: Intel 82801DB-ICH4 with AD1981B at 0xc0000c00, irq 5
NET: Registered protocol family 2
IP: routing cache hash table of 2048 buckets, 64Kbytes
TCP: Hash tables configured (established 262144 bind 37449)
NET: Registered protocol family 1
NET: Registered protocol family 17
PM: Reading pmdisk image.
swsusp: Resume From Partition: /dev/hda3
<3>swsusp: Invalid partition type.
pmdisk: Error -22 resuming
PM: Resume from disk failed.
ACPI wakeup devices: 
 LID SLPB PCI0 UART PCI1 USB0 USB1 USB2 AC9M 
ACPI: (supports S0 S3 S4 S5)
BIOS EDD facility v0.16 2004-Jun-25, 1 devices found
EXT3-fs: INFO: recovery required on readonly filesystem.
EXT3-fs: write access will be enabled during recovery.
EXT3-fs: hda1: orphan cleanup on readonly fs
ext3_orphan_cleanup: deleting unreferenced inode 2899979
ext3_orphan_cleanup: deleting unreferenced inode 2899978
EXT3-fs: hda1: 2 orphan inodes deleted
EXT3-fs: recovery complete.
kjournald starting.  Commit interval 5 seconds
EXT3-fs: mounted filesystem with ordered data mode.
VFS: Mounted root (ext3 filesystem) readonly.
Freeing unused kernel memory: 216k freed
Adding 997912k swap on /dev/hda3.  Priority:-1 extents:1
EXT3 FS on hda1, internal journal
usbcore: registered new driver usbfs
usbcore: registered new driver hub
USB Universal Host Controller Interface driver v2.2
ACPI: PCI interrupt 0000:00:1d.0[A] -> GSI 9 (level, low) -> IRQ 9
uhci_hcd 0000:00:1d.0: Intel Corp. 82801DB/DBL/DBM (ICH4/ICH4-L/ICH4-M) USB UHCI Controller #1
PCI: Setting latency timer of device 0000:00:1d.0 to 64
uhci_hcd 0000:00:1d.0: irq 9, io base 0x1800
uhci_hcd 0000:00:1d.0: new USB bus registered, assigned bus number 1
uhci_hcd 0000:00:1d.0: detected 2 ports
usb usb1: new device strings: Mfr=3, Product=2, SerialNumber=1
usb usb1: default language 0x0409
usb usb1: Product: Intel Corp. 82801DB/DBL/DBM (ICH4/ICH4-L/ICH4-M) USB UHCI Controller #1
usb usb1: Manufacturer: Linux 2.6.10-rc3 uhci_hcd
usb usb1: SerialNumber: 0000:00:1d.0
usb usb1: hotplug
usb usb1: adding 1-0:1.0 (config #1, interface 0)
usb 1-0:1.0: hotplug
hub 1-0:1.0: usb_probe_interface
hub 1-0:1.0: usb_probe_interface - got id
hub 1-0:1.0: USB hub found
hub 1-0:1.0: 2 ports detected
hub 1-0:1.0: standalone hub
hub 1-0:1.0: no power switching (usb 1.0)
hub 1-0:1.0: individual port over-current protection
hub 1-0:1.0: power on to power good time: 2ms
hub 1-0:1.0: local power source is good
hub 1-0:1.0: state 5 ports 2 chg ffff evt ffff
hub 1-0:1.0: port 1, status 0100, change 0000, 12 Mb/s
hub 1-0:1.0: port 2, status 0100, change 0000, 12 Mb/s
ACPI: PCI Interrupt Link [LNKD] enabled at IRQ 11
PCI: setting IRQ 11 as level-triggered
ACPI: PCI interrupt 0000:00:1d.1[B] -> GSI 11 (level, low) -> IRQ 11
uhci_hcd 0000:00:1d.1: Intel Corp. 82801DB/DBL/DBM (ICH4/ICH4-L/ICH4-M) USB UHCI Controller #2
PCI: Setting latency timer of device 0000:00:1d.1 to 64
uhci_hcd 0000:00:1d.1: irq 11, io base 0x1820
uhci_hcd 0000:00:1d.1: new USB bus registered, assigned bus number 2
uhci_hcd 0000:00:1d.1: detected 2 ports
usb usb2: new device strings: Mfr=3, Product=2, SerialNumber=1
usb usb2: default language 0x0409
usb usb2: Product: Intel Corp. 82801DB/DBL/DBM (ICH4/ICH4-L/ICH4-M) USB UHCI Controller #2
usb usb2: Manufacturer: Linux 2.6.10-rc3 uhci_hcd
usb usb2: SerialNumber: 0000:00:1d.1
usb usb2: hotplug
usb usb2: adding 2-0:1.0 (config #1, interface 0)
usb 2-0:1.0: hotplug
hub 2-0:1.0: usb_probe_interface
hub 2-0:1.0: usb_probe_interface - got id
hub 2-0:1.0: USB hub found
hub 2-0:1.0: 2 ports detected
hub 2-0:1.0: standalone hub
hub 2-0:1.0: no power switching (usb 1.0)
hub 2-0:1.0: individual port over-current protection
hub 2-0:1.0: power on to power good time: 2ms
hub 2-0:1.0: local power source is good
hub 2-0:1.0: state 5 ports 2 chg ffff evt ffff
hub 2-0:1.0: port 1, status 0100, change 0000, 12 Mb/s
hub 2-0:1.0: port 2, status 0100, change 0000, 12 Mb/s
ACPI: PCI interrupt 0000:00:1d.2[C] -> GSI 10 (level, low) -> IRQ 10
uhci_hcd 0000:00:1d.2: Intel Corp. 82801DB/DBL/DBM (ICH4/ICH4-L/ICH4-M) USB UHCI Controller #3
PCI: Setting latency timer of device 0000:00:1d.2 to 64
uhci_hcd 0000:00:1d.2: irq 10, io base 0x1840
uhci_hcd 0000:00:1d.2: new USB bus registered, assigned bus number 3
uhci_hcd 0000:00:1d.2: detected 2 ports
usb usb3: new device strings: Mfr=3, Product=2, SerialNumber=1
usb usb3: default language 0x0409
usb usb3: Product: Intel Corp. 82801DB/DBL/DBM (ICH4/ICH4-L/ICH4-M) USB UHCI Controller #3
usb usb3: Manufacturer: Linux 2.6.10-rc3 uhci_hcd
usb usb3: SerialNumber: 0000:00:1d.2
usb usb3: hotplug
usb usb3: adding 3-0:1.0 (config #1, interface 0)
usb 3-0:1.0: hotplug
hub 3-0:1.0: usb_probe_interface
hub 3-0:1.0: usb_probe_interface - got id
hub 3-0:1.0: USB hub found
hub 3-0:1.0: 2 ports detected
hub 3-0:1.0: standalone hub
hub 3-0:1.0: no power switching (usb 1.0)
hub 3-0:1.0: individual port over-current protection
hub 3-0:1.0: power on to power good time: 2ms
hub 3-0:1.0: local power source is good
hub 3-0:1.0: state 5 ports 2 chg ffff evt ffff
hub 3-0:1.0: port 1, status 0100, change 0000, 12 Mb/s
hub 3-0:1.0: port 2, status 0100, change 0000, 12 Mb/s
ehci_hcd: block sizes: qh 128 qtd 96 itd 192 sitd 96
ACPI: PCI Interrupt Link [LNKH] enabled at IRQ 3
PCI: setting IRQ 3 as level-triggered
ACPI: PCI interrupt 0000:00:1d.7[D] -> GSI 3 (level, low) -> IRQ 3
ehci_hcd 0000:00:1d.7: Intel Corp. 82801DB/DBM (ICH4/ICH4-M) USB 2.0 EHCI Controller
ehci_hcd 0000:00:1d.7: reset hcs_params 0x103206 dbg=1 cc=3 pcc=2 ordered !ppc ports=6
ehci_hcd 0000:00:1d.7: reset hcc_params 6871 thresh 7 uframes 1024 64 bit addr
ehci_hcd 0000:00:1d.7: capability 0001 at 68
PCI: Setting latency timer of device 0000:00:1d.7 to 64
ehci_hcd 0000:00:1d.7: irq 3, pci mem 0xc0000000
ehci_hcd 0000:00:1d.7: new USB bus registered, assigned bus number 4
ehci_hcd 0000:00:1d.7: reset command 080002 (park)=0 ithresh=8 period=1024 Reset HALT
PCI: cache line size of 32 is not supported by device 0000:00:1d.7
ehci_hcd 0000:00:1d.7: init command 010001 (park)=0 ithresh=1 period=1024 RUN
ehci_hcd 0000:00:1d.7: USB 2.0 initialized, EHCI 1.00, driver 26 Oct 2004
ehci_hcd 0000:00:1d.7: supports USB remote wakeup
usb usb4: new device strings: Mfr=3, Product=2, SerialNumber=1
usb usb4: default language 0x0409
usb usb4: Product: Intel Corp. 82801DB/DBM (ICH4/ICH4-M) USB 2.0 EHCI Controller
usb usb4: Manufacturer: Linux 2.6.10-rc3 ehci_hcd
usb usb4: SerialNumber: 0000:00:1d.7
usb usb4: hotplug
usb usb4: adding 4-0:1.0 (config #1, interface 0)
usb 4-0:1.0: hotplug
hub 4-0:1.0: usb_probe_interface
hub 4-0:1.0: usb_probe_interface - got id
hub 4-0:1.0: USB hub found
hub 4-0:1.0: 6 ports detected
hub 4-0:1.0: standalone hub
hub 4-0:1.0: ganged power switching
hub 4-0:1.0: individual port over-current protection
hub 4-0:1.0: Single TT
hub 4-0:1.0: TT requires at most 8 FS bit times
hub 4-0:1.0: power on to power good time: 20ms
hub 4-0:1.0: local power source is good
hub 4-0:1.0: enabling power on all ports
hub 4-0:1.0: state 5 ports 6 chg ffff evt ffff
hub 4-0:1.0: port 1, status 0100, change 0000, 12 Mb/s
hub 4-0:1.0: port 2, status 0100, change 0000, 12 Mb/s
hub 4-0:1.0: port 3, status 0100, change 0000, 12 Mb/s
hub 4-0:1.0: port 4, status 0100, change 0000, 12 Mb/s
hub 4-0:1.0: port 5, status 0100, change 0000, 12 Mb/s
hub 4-0:1.0: port 6, status 0100, change 0000, 12 Mb/s
ieee80211_crypt: registered algorithm 'NULL'
ipw2200: Intel(R) PRO/Wireless 2200/2915 Network Driver, 0.16
ipw2200: Copyright(c) 2003-2004 Intel Corporation
ACPI: PCI interrupt 0000:02:02.0[A] -> GSI 10 (level, low) -> IRQ 10
ipw2200: Detected Intel PRO/Wireless 2200BG Network Connection
uhci_hcd 0000:00:1d.0: suspend_hc
uhci_hcd 0000:00:1d.1: suspend_hc
uhci_hcd 0000:00:1d.2: suspend_hc
cs: IO port probe 0x0100-0x04ff: excluding 0x4d0-0x4d7
cs: IO port probe 0x0800-0x08ff: clean.
cs: IO port probe 0x0c00-0x0cff: clean.
cs: IO port probe 0x0a00-0x0aff: clean.
vmmon: module license 'unspecified' taints kernel.
/dev/vmmon: Module vmmon: registered with major=10 minor=165
/dev/vmmon: Module vmmon: initialized
/dev/vmnet: open called by PID 6211 (vmnet-natd)
/dev/vmnet: hub 3 does not exist, allocating memory.
/dev/vmnet: port on hub 3 successfully opened
/dev/vmnet: open called by PID 6576 (vmnet-netifup)
/dev/vmnet: port on hub 3 successfully opened
/dev/vmnet: open called by PID 6588 (vmnet-dhcpd)
/dev/vmnet: port on hub 3 successfully opened
ieee80211_crypt: registered algorithm 'WEP'
[unhandled content-type:application/octet-stream]