Date: Thu, 24 Apr 2003 10:12:12 +0200
From: Martin Zwickel <>
Subject: [QUESTION] hdparm -d1 on boot gives strange errors
Sender: linux-kernel-owner@vger.kernel.org
Precedence: bulk
List-ID: <linux-kernel.vger.kernel.org>
X-Mailing-List: linux-kernel@vger.kernel.org
X-Lkml-Link: https://lkml.org/lkml/2003/4/24/62

Hi there!
I'm running Gentoo, and on boot, a script enables DMA on all IDE-Devices.
For my 1st disk on hdparm -d1 it waits 15secs and kernel gives strange errors.
But for my 2nd disk it works ok.
Any clues?
Is it the damn SiS chipset?
Regards,
Martin
Linux version 2.4.21-rc1 (root@phoebee) (gcc version 3.2.2) #18 Thu Apr 24 09:01:27 CEST 2003
BIOS-provided physical RAM map:
 BIOS-e820: 0000000000000000 - 000000000009fc00 (usable)
 BIOS-e820: 000000000009fc00 - 00000000000a0000 (reserved)
 BIOS-e820: 00000000000f0000 - 0000000000100000 (reserved)
 BIOS-e820: 0000000000100000 - 000000001fff0000 (usable)
 BIOS-e820: 000000001fff0000 - 000000001fff8000 (ACPI data)
 BIOS-e820: 000000001fff8000 - 0000000020000000 (ACPI NVS)
 BIOS-e820: 00000000fec00000 - 00000000fed00000 (reserved)
 BIOS-e820: 00000000fee00000 - 00000000fef00000 (reserved)
 BIOS-e820: 00000000ffee0000 - 00000000fff0ffff (reserved)
 BIOS-e820: 00000000fffc0000 - 0000000100000000 (reserved)
511MB LOWMEM available.
On node 0 totalpages: 131056
zone(0): 4096 pages.
zone(1): 126960 pages.
zone(2): 0 pages.
Kernel command line: 
Initializing CPU#0
Detected 2390.337 MHz processor.
Console: colour VGA+ 80x25
Calibrating delay loop... 4771.02 BogoMIPS
Memory: 515224k/524224k available (2005k kernel code, 8612k reserved, 592k data, 96k init, 0k highmem)
Dentry cache hash table entries: 65536 (order: 7, 524288 bytes)
Inode cache hash table entries: 32768 (order: 6, 262144 bytes)
Mount cache hash table entries: 512 (order: 0, 4096 bytes)
Buffer-cache hash table entries: 32768 (order: 5, 131072 bytes)
Page-cache hash table entries: 131072 (order: 7, 524288 bytes)
CPU: Trace cache: 12K uops, L1 D cache: 8K
CPU: L2 cache: 512K
Intel machine check architecture supported.
Intel machine check reporting enabled on CPU#0.
CPU:     After generic, caps: bfebf9ff 00000000 00000000 00000000
CPU:             Common caps: bfebf9ff 00000000 00000000 00000000
CPU: Intel(R) Pentium(R) 4 CPU 2.40GHz stepping 07
Enabling fast FPU save and restore... done.
Enabling unmasked SIMD FPU exception support... done.
Checking 'hlt' instruction... OK.
POSIX conformance testing by UNIFIX
mtrr: v1.40 (20010327) Richard Gooch (rgooch@atnf.csiro.au)
mtrr: detected mtrr type: Intel
PCI: PCI BIOS revision 2.10 entry at 0xfdb01, last bus=2
PCI: Using configuration type 1
PCI: Probing PCI hardware
PCI: Using IRQ router SIS [1039/0008] at 00:02.0
isapnp: Scanning for PnP cards...
isapnp: No Plug & Play device found
Linux NET4.0 for Linux 2.4
Based upon Swansea University Computer Society NET3.039
Initializing RT netlink socket
IA-32 Microcode Update Driver: v1.11 <tigran@veritas.com>
Starting kswapd
Journalled Block Device driver loaded
devfs: v1.12c (20020818) Richard Gooch (rgooch@atnf.csiro.au)
devfs: boot_options: 0x1
Installing knfsd (copyright (C) 1996 okir@monad.swb.de).
ACPI: Core Subsystem version [20011018]
ACPI: Subsystem enabled
Power Resource: found
Power Resource: found
Power Resource: found
Power Resource: found
ACPI: System firmware supports S0 S1 S4 S5
Processor[0]: C0 C1 C2 C3
Processor[1]: C0 C1 C2 C3
ACPI: Power Button (FF) found
ACPI: Multiple power buttons detected, ignoring fixed-feature
ACPI: Power Button (CM) found
ACPI: Sleep Button (CM) found
parport0: PC-style at 0x378 (0x778) [PCSPP,TRISTATE]
parport0: irq 7 detected
i2c-core.o: i2c core module
i2c-dev.o: i2c /dev entries driver module
i2c-core.o: driver i2c-dev dummy driver registered.
i2c-algo-bit.o: i2c bit algorithm module
i2c-philips-par.o: i2c Philips parallel port adapter module
i2c-philips-par.o: attaching to parport0
i2c-dev.o: Registered 'Philips Parallel port adapter' as minor 0
i2c-core.o: adapter Philips Parallel port adapter registered as adapter 0.
i2c-elv.o: i2c ELV parallel port adapter module
i2c-velleman.o: i2c Velleman K8000 adapter module
i2c-velleman.o: Port 0x378 already in use.
i2c-algo-pcf.o: i2c pcf8584 algorithm module
i2c-proc.o version 2.6.1 (20010825)
pty: 256 Unix98 ptys configured
Serial driver version 5.05c (2001-07-08) with MANY_PORTS SHARE_IRQ SERIAL_PCI ISAPNP enabled
ttyS00 at 0x03f8 (irq = 4) is a 16550A
ttyS01 at 0x02f8 (irq = 3) is a 16550A
parport0: no more devices allowed
lp: driver loaded but no devices found
Real Time Clock Driver v1.10e
Non-volatile memory driver v1.2
Floppy drive(s): fd0 is 1.44M
FDC 0 is a post-1991 82077
SLIP: version 0.8.4-NET3.019-NEWTTY (dynamic channels, max=256).
CSLIP: code copyright 1989 Regents of the University of California.
SLIP linefill/keepalive option.
plip: parport0 has no IRQ. Using IRQ-less mode,which is fairly inefficient!
parport0: no more devices allowed
sis900.c: v1.08.06 9/24/2002
PCI: Found IRQ 11 for device 00:04.0
PCI: Sharing IRQ 11 with 00:0a.1
eth0: Realtek RTL8201 PHY transceiver found at address 1.
eth0: Using transceiver found at address 1 as default
eth0: SiS 900 PCI Fast Ethernet at 0xd400, IRQ 11, 00:0a:e6:55:b5:4f.
Uniform Multi-Platform E-IDE driver Revision: 7.00beta-2.4
ide: Assuming 33MHz system bus speed for PIO modes; override with idebus=xx
SIS5513: IDE controller at PCI slot 00:02.5
SIS5513: chipset revision 0
SIS5513: not 100% native mode: will probe irqs later
SiS646    ATA 133 controller
    ide0: BM-DMA at 0xff00-0xff07, BIOS settings: hda:DMA, hdb:DMA
    ide1: BM-DMA at 0xff08-0xff0f, BIOS settings: hdc:DMA, hdd:DMA
hda: WDC WD800BB-00CAA1, ATA DISK drive
hdb: IBM-DTLA-307045, ATA DISK drive
blk: queue c03d5e40, I/O limit 4095Mb (mask 0xffffffff)
blk: queue c03d5f7c, I/O limit 4095Mb (mask 0xffffffff)
hdc: IDE DVD-ROM 16X, ATAPI CD/DVD-ROM drive
ide0 at 0x1f0-0x1f7,0x3f6 on irq 14
ide1 at 0x170-0x177,0x376 on irq 15
hda: attached ide-disk driver.
hda: host protected area => 1
hda: 156301488 sectors (80026 MB) w/2048KiB Cache, CHS=9729/255/63, UDMA(100)
hdb: attached ide-disk driver.
hdb: host protected area => 1
hdb: 90069840 sectors (46116 MB) w/1916KiB Cache, CHS=5606/255/63, UDMA(100)
hdc: attached ide-cdrom driver.
hdc: ATAPI 48X DVD-ROM drive, 512kB Cache, UDMA(33)
Uniform CD-ROM driver Revision: 3.12
Partition check:
 /dev/ide/host0/bus0/target0/lun0: p1 p2 p3 p4 < p5 p6 p7 p8 >
 /dev/ide/host0/bus0/target1/lun0: unknown partition table
usb.c: registered new driver usbdevfs
usb.c: registered new driver hub
mice: PS/2 mouse device common for all mice
NET4: Linux TCP/IP 1.0 for NET4.0
IP Protocols: ICMP, UDP, TCP, IGMP
IP: routing cache hash table of 4096 buckets, 32Kbytes
TCP: Hash tables configured (established 32768 bind 65536)
NET4: Unix domain sockets 1.0/SMP for Linux NET4.0.
EXT3-fs: INFO: recovery required on readonly filesystem.
EXT3-fs: write access will be enabled during recovery.
kjournald starting.  Commit interval 5 seconds
EXT3-fs: recovery complete.
EXT3-fs: mounted filesystem with ordered data mode.
VFS: Mounted root (ext3 filesystem) readonly.
Mounted devfs on /dev
Freeing unused kernel memory: 96k freed
Adding Swap: 248996k swap-space (priority -1)
EXT3 FS 2.4-0.9.19, 19 August 2002 on ide0(3,3), internal journal
0: nvidia: loading NVIDIA Linux x86 nvidia.o Kernel Module  1.0-4349  Thu Mar 27 19:00:02 PST 2003
PCI: Assigned IRQ 11 for device 00:03.2
usb-ohci.c: USB OHCI at membase 0xe09c6000, IRQ 11
usb-ohci.c: usb-00:03.2, Silicon Integrated Systems [SiS] 7001 (#3)
usb.c: new USB bus registered, assigned bus number 1
hub.c: USB hub found
hub.c: 2 ports detected
SiS pirq: advanced IDE/ACPI/DAQ mapping not yet implemented
advanced SiS pirq mapping not yet implemented
usb-ohci.c: USB OHCI at membase 0xe09c8000, IRQ 11
usb-ohci.c: usb-00:03.1, Silicon Integrated Systems [SiS] 7001 (#2)
usb.c: new USB bus registered, assigned bus number 2
hub.c: USB hub found
hub.c: 2 ports detected
SiS router pirq escape (96)
SiS router pirq escape (96)
usb-ohci.c: USB OHCI at membase 0xe09ca000, IRQ 5
usb-ohci.c: usb-00:03.0, Silicon Integrated Systems [SiS] 7001
usb.c: new USB bus registered, assigned bus number 3
hub.c: USB hub found
hub.c: 2 ports detected
PCI: Found IRQ 11 for device 00:0a.1
PCI: Sharing IRQ 11 with 00:04.0
usb-ohci.c: USB OHCI at membase 0xe09cc000, IRQ 11
usb-ohci.c: usb-00:0a.1, NEC Corporation USB (#2)
usb.c: new USB bus registered, assigned bus number 4
hub.c: USB hub found
hub.c: 2 ports detected
hub.c: new USB device 00:03.1-1, assigned address 2
usb.c: USB device 2 (vend/prod 0x46d/0xc016) is not claimed by any active driver.
PCI: Found IRQ 11 for device 00:0a.0
PCI: Sharing IRQ 11 with 00:02.7
usb-ohci.c: USB OHCI at membase 0xe09ce000, IRQ 11
usb-ohci.c: usb-00:0a.0, NEC Corporation USB
usb.c: new USB bus registered, assigned bus number 5
hub.c: USB hub found
hub.c: 3 ports detected
SiS router pirq escape (99)
SiS router pirq escape (99)
ehci-hcd 00:03.3: PCI device 1039:7002 (Silicon Integrated Systems [SiS])
ehci-hcd 00:03.3: irq 12, pci mem e09d7000
usb.c: new USB bus registered, assigned bus number 6
PCI: 00:03.3 PCI cache line size set incorrectly (32 bytes) by BIOS/FW.
PCI: 00:03.3 PCI cache line size corrected to 128.
ehci-hcd 00:03.3: USB 2.0 enabled, EHCI 1.00, driver 2003-Jan-22
hub.c: USB hub found
hub.c: 6 ports detected
PCI: Found IRQ 5 for device 00:0a.2
ehci-hcd 00:0a.2: NEC Corporation USB 2.0
ehci-hcd 00:0a.2: irq 5, pci mem e09d9f00
usb.c: new USB bus registered, assigned bus number 7
PCI: 00:0a.2 PCI cache line size set incorrectly (32 bytes) by BIOS/FW.
PCI: 00:0a.2 PCI cache line size corrected to 128.
ehci-hcd 00:0a.2: USB 2.0 enabled, EHCI 0.95, driver 2003-Jan-22
hub.c: USB hub found
hub.c: 5 ports detected
usb.c: registered new driver hiddev
usb.c: registered new driver hid
hid-core.c: v1.8.1 Andreas Gal, Vojtech Pavlik <vojtech@suse.cz>
hid-core.c: USB HID support drivers
usb.c: USB disconnect on device 00:03.1-1 address 2
usb.c: registered new driver usblp
printer.c: v0.11: USB Printer Device Class driver
loop: loaded (max 8 devices)
kjournald starting.  Commit interval 5 seconds
EXT3-fs warning: maximal mount count reached, running e2fsck is recommended
EXT3 FS 2.4-0.9.19, 19 August 2002 on ide0(3,5), internal journal
EXT3-fs: recovery complete.
EXT3-fs: mounted filesystem with ordered data mode.
kjournald starting.  Commit interval 5 seconds
EXT3-fs warning: maximal mount count reached, running e2fsck is recommended
EXT3 FS 2.4-0.9.19, 19 August 2002 on ide0(3,6), internal journal
EXT3-fs: recovery complete.
EXT3-fs: mounted filesystem with ordered data mode.
kjournald starting.  Commit interval 5 seconds
EXT3 FS 2.4-0.9.19, 19 August 2002 on ide0(3,7), internal journal
EXT3-fs: recovery complete.
EXT3-fs: mounted filesystem with ordered data mode.
hub.c: new USB device 00:03.1-1, assigned address 3
input0: USB HID v1.10 Mouse [Logitech Optical USB Mouse] on usb2:3.0
PCI: Found IRQ 11 for device 00:02.7
PCI: Sharing IRQ 11 with 00:0a.0
intel8x0: clocking to 48000
hda: set_drive_speed_status: status=0x58 { DriveReady SeekComplete DataRequest }
blk: queue c03d5e40, I/O limit 4095Mb (mask 0xffffffff)
blk: queue c03d5f7c, I/O limit 4095Mb (mask 0xffffffff)
eth0: Media Link On 100mbps full-duplex 
hda: dma_timer_expiry: dma status == 0x61
hda: timeout waiting for DMA
hda: timeout waiting for DMA
hda: (__ide_dma_test_irq) called while not waiting
blk: queue c03d5e40, I/O limit 4095Mb (mask 0xffffffff)
Linux agpgart interface v0.99 (c) Jeff Hartmann
agpgart: Maximum main memory to use for agp memory: 439M
agpgart: Detected SiS 646 chipset
agpgart: AGP aperture is 128M @ 0xe0000000
/dev/hda:
 multcount    = 16 (on)
 IO_support   =  0 (default 16-bit)
 unmaskirq    =  0 (off)
 using_dma    =  1 (on)
 keepsettings =  0 (off)
 readonly     =  0 (off)
 readahead    =  8 (on)
 geometry     = 9729/255/63, sectors = 156301488, start = 0
/dev/hdb:
 multcount    = 16 (on)
 IO_support   =  0 (default 16-bit)
 unmaskirq    =  0 (off)
 using_dma    =  1 (on)
 keepsettings =  0 (off)
 readonly     =  0 (off)
 readahead    =  8 (on)
 geometry     = 5606/255/63, sectors = 90069840, start = 0
00:00.0 Host bridge: Silicon Integrated Systems [SiS] SiS645DX Host & Memory & AGP Controller
	Flags: bus master, medium devsel, latency 32
	Memory at e0000000 (32-bit, non-prefetchable) [size=128M]
	Capabilities: [c0] AGP version 2.0
00:01.0 PCI bridge: Silicon Integrated Systems [SiS] SiS 530 Virtual PCI-to-PCI bridge (AGP) (prog-if 00 [Normal decode])
	Flags: bus master, fast devsel, latency 64
	Bus: primary=00, secondary=01, subordinate=02, sec-latency=0
	Memory behind bridge: ddd00000-dfefffff
	Prefetchable memory behind bridge: cda00000-ddbfffff
00:02.0 ISA bridge: Silicon Integrated Systems [SiS] 85C503/5513 (rev 04)
	Flags: bus master, medium devsel, latency 0
00:02.5 IDE interface: Silicon Integrated Systems [SiS] 5513 [IDE] (prog-if 80 [Master])
	Subsystem: Silicon Integrated Systems [SiS] SiS5513 EIDE Controller (A,B step)
	Flags: bus master, medium devsel, latency 128
	I/O ports at ff00 [size=16]
00:02.7 Multimedia audio controller: Silicon Integrated Systems [SiS] Sound Controller (rev a0)
	Subsystem: C-Media Electronics Inc: Unknown device 0300
	Flags: bus master, medium devsel, latency 64, IRQ 11
	I/O ports at dc00 [size=256]
	I/O ports at d800 [size=128]
	Capabilities: [48] Power Management version 2
00:03.0 USB Controller: Silicon Integrated Systems [SiS] USB 1.0 Controller (rev 0f) (prog-if 10 [OHCI])
	Subsystem: Silicon Integrated Systems [SiS] USB 1.0 Controller
	Flags: bus master, medium devsel, latency 64, IRQ 5
	Memory at dfffc000 (32-bit, non-prefetchable) [size=4K]
00:03.1 USB Controller: Silicon Integrated Systems [SiS] USB 1.0 Controller (rev 0f) (prog-if 10 [OHCI])
	Subsystem: Silicon Integrated Systems [SiS] USB 1.0 Controller
	Flags: bus master, medium devsel, latency 64, IRQ 11
	Memory at dfffd000 (32-bit, non-prefetchable) [size=4K]
00:03.2 USB Controller: Silicon Integrated Systems [SiS] USB 1.0 Controller (rev 0f) (prog-if 10 [OHCI])
	Subsystem: Silicon Integrated Systems [SiS] USB 1.0 Controller
	Flags: bus master, medium devsel, latency 64, IRQ 11
	Memory at dfffe000 (32-bit, non-prefetchable) [size=4K]
00:03.3 USB Controller: Silicon Integrated Systems [SiS] USB 2.0 Controller (prog-if 20 [EHCI])
	Subsystem: Silicon Integrated Systems [SiS] USB 2.0 Controller
	Flags: bus master, medium devsel, latency 64, IRQ 12
	Memory at dffff000 (32-bit, non-prefetchable) [size=4K]
	Capabilities: [50] Power Management version 2
00:04.0 Ethernet controller: Silicon Integrated Systems [SiS] SiS900 10/100 Ethernet (rev 90)
	Subsystem: Silicon Integrated Systems [SiS] SiS900 10/100 Ethernet Adapter
	Flags: bus master, medium devsel, latency 64, IRQ 11
	I/O ports at d400 [size=256]
	Memory at dfffb000 (32-bit, non-prefetchable) [size=4K]
	Expansion ROM at dffc0000 [disabled] [size=128K]
	Capabilities: [40] Power Management version 2
00:0a.0 USB Controller: NEC Corporation USB (rev 41) (prog-if 10 [OHCI])
	Subsystem: NEC Corporation USB
	Flags: bus master, medium devsel, latency 64, IRQ 11
	Memory at dfff8000 (32-bit, non-prefetchable) [size=4K]
	Capabilities: [40] Power Management version 2
00:0a.1 USB Controller: NEC Corporation USB (rev 41) (prog-if 10 [OHCI])
	Subsystem: NEC Corporation USB
	Flags: bus master, medium devsel, latency 64, IRQ 11
	Memory at dfff9000 (32-bit, non-prefetchable) [size=4K]
	Capabilities: [40] Power Management version 2
00:0a.2 USB Controller: NEC Corporation USB 2.0 (rev 02) (prog-if 20 [EHCI])
	Subsystem: HaSoTec GmbH: Unknown device 2928
	Flags: bus master, medium devsel, latency 64, IRQ 5
	Memory at dfffaf00 (32-bit, non-prefetchable) [size=256]
	Capabilities: [40] Power Management version 2
01:00.0 VGA compatible controller: nVidia Corporation NV11 [GeForce2 MX/MX 400] (rev b2) (prog-if 00 [VGA])
	Subsystem: LeadTek Research Inc.: Unknown device 2850
	Flags: bus master, 66Mhz, medium devsel, latency 248, IRQ 5
	Memory at de000000 (32-bit, non-prefetchable) [size=16M]
	Memory at d0000000 (32-bit, prefetchable) [size=128M]
	Expansion ROM at dfef0000 [disabled] [size=64K]
	Capabilities: [60] Power Management version 2
	Capabilities: [44] AGP version 2.0
WDC WD800BB-00CAA1
IBM-DTLA-307045
[unhandled content-type:application/pgp-signature]