Date: 25 Jun 2001 11:21:55 +0100
From: Rodrigo Ventura <>
Subject: MemShared == 0 ?
Sender: linux-kernel-owner@vger.kernel.org
Precedence: bulk
List-ID: <linux-kernel.vger.kernel.org>
X-Mailing-List: linux-kernel@vger.kernel.org
X-Lkml-Link: https://lkml.org/lkml/2001/6/25/26

/proc> cat version meminfo
Linux version 2.4.6-pre3 (yoda@damasio) (gcc version 2.95.2 19991024 (release)) #3 Mon Jun 18 19:00:11 WEST 2001
        total:    used:    free:  shared: buffers:  cached:
Mem:  261779456 256925696  4853760        0 134025216 82280448
Swap: 271425536 10993664 260431872     ^^^^
MemTotal:       255644 kB                  \
MemFree:          4740 kB                   \
MemShared:           0 kB  <<<<<<<<<< **** What's the meaning of this? *****
Buffers:        130884 kB
Cached:          80352 kB
Active:          24928 kB
Inact_dirty:    186308 kB
Inact_clean:         0 kB
Inact_target:      128 kB
HighTotal:           0 kB
HighFree:            0 kB
LowTotal:       255644 kB
LowFree:          4740 kB
SwapTotal:      265064 kB
SwapFree:       254328 kB
        Cheers,
-- 
*** Rodrigo Martins de Matos Ventura <yoda@isr.ist.utl.pt>
***  Web page: 
http://www.isr.ist.utl.pt/~yoda
***   Teaching Assistant and PhD Student at ISR:
***    Instituto de Sistemas e Robotica, Polo de Lisboa
***     Instituto Superior Tecnico, Lisboa, PORTUGAL
*** PGP fingerprint = 0119 AD13 9EEE 264A 3F10  31D3 89B3 C6C4 60C6 4585
-
To unsubscribe from this list: send the line "unsubscribe linux-kernel" in
the body of a message to majordomo@vger.kernel.org
More majordomo info at  
http://vger.kernel.org/majordomo-info.html
Please read the FAQ at  
http://www.tux.org/lkml/