Date: Fri, 20 Aug 1999 13:49:42 +0300
From: Oleg Drokin <>
Subject: 2.3.14 shared mem in /proc/memnfo is zero
Sender: linux-kernel-owner@vger.kernel.org
Precedence: bulk
List-ID: <linux-kernel.vger.kernel.org>
X-Mailing-List: linux-kernel@vger.kernel.org
X-Lkml-Link: https://lkml.org/lkml/1999/8/20/47

Hello!
IS this ok? THings started with 2.3.14.
So what is the new meaning of MemShared?
mordor:~$ uname -a
Linux mordor 2.3.14 #69 Thu Aug 19 20:02:00 EEST 1999 i586 unknown
mordor:~$ free
             total       used       free     shared    buffers     cached
Mem:         30924      22696       8228          0        160      15516
-/+ buffers/cache:       7020      23904
Swap:        32252       1228      31024
mordor:~$ cat /proc/meminfo
        total:    used:    free:  shared: buffers:  cached:
Mem:  31666176 24346624  7319552        0   176128 16879616
Swap: 33026048  1257472 31768576
MemTotal:     30924 kB
MemFree:       7148 kB
MemShared:        0 kB
Buffers:        172 kB
Cached:       16484 kB
SwapTotal:    32252 kB
SwapFree:     31024 kB
Bye,
    Oleg
-
To unsubscribe from this list: send the line "unsubscribe linux-kernel" in
the body of a message to majordomo@vger.rutgers.edu
Please read the FAQ at 
http://www.tux.org/lkml/