Date: Tue, 14 Mar 2000 19:27:26 -0600
From: THE INFAMOUS <>
Subject: kernel 2.3.51: Problems with isa PnP support and isa PnP cards
Sender: linux-kernel-owner@vger.kernel.org
Precedence: bulk
List-ID: <linux-kernel.vger.kernel.org>
X-Mailing-List: linux-kernel@vger.kernel.org
X-Lkml-Link: https://lkml.org/lkml/2000/3/15/114

   This is from Linux kernel 2.3.51
    With isa Pnp support compiled into the kernel you get what is included in
modprobe_3c509.txt. Without isa PnP support it works like a charm....
Also included is dmesg.txt and ifconfig.txt.
 Keep up the work, you're doing a great a job.
 
    Bryan Paxton
 [root@sQa /root]# modprobe 3c509
3c509.c:1.16 (2.2) 2/3/98 becker@cesdis.gsfc.nasa.gov.
eth8: 3c509 at 0x230, 10baseT port, address  00 a0 24 18 f7 e2, IRQ 10.
3c509.c:1.16 (2.2) 2/3/98 becker@cesdis.gsfc.nasa.gov.
Unable to handle kernel paging request at virtual address c885fe7c
 printing eip:
c88551e6
*pde = 07d98063
*pte = 00000000
Oops: 0002
CPU:    0
EIP:    0010:[<c88551e6>]
EFLAGS: 00010206
eax: 0000e2f7   ebx: 000090dc   ecx: 000124bb   edx: c73d5f38
esi: 00000004   edi: 00000003   ebp: 00000230   esp: c73d5f0c
ds: 0018   es: 0018   ss: 0018
Process insmod (pid: 389, stackpage=c73d5000)
Stack: 00000024 00000009 c885504e c8855048 c73d5f38 0000000a 00ff1e8c c885690c
       c8856914 c8856918 c8856922 1824a000 c104e2f7 c88564a9 00000000 c8855000
       00000000 c0120917 c73d4000 0804f290 c8855000 00001e8c 08060560 c7387000
Call Trace: [<c885504e>] [<c8855048>] [<c885690c>] [<c8856914>] [<c8856918>] [<c8856922>] [<c88564a9>]
       [<c8855000>] [<c0120917>] [<c8855000>] [<c884b000>] [<c8855048>] [<c010bdb8>] [<c8855000>]
Code: 66 89 83 a0 6d 85 c8 83 c6 02 83 ff 02 7e d0 6a 08 55 e8 0b
Linux version 2.3.51 (root@sQa.mine.nu) (gcc version 2.95.2 19991024 (release)) #1 SMP Tue Mar 14 18:54:21 CST 2000
e820: 0009fc00 @ 00000000 (usable)
e820: 00000400 @ 0009fc00 (reserved)
e820: 00010000 @ 000f0000 (reserved)
e820: 07f00000 @ 00100000 (usable)
e820: 00020000 @ fffe0000 (reserved)
Scan SMP from c0000000 for 1024 bytes.
Scan SMP from c009fc00 for 1024 bytes.
Scan SMP from c00f0000 for 65536 bytes.
Scan SMP from c009fc00 for 4096 bytes.
On node 0 totalpages: 32768
zone(0): 4096 pages.
zone(1): 28672 pages.
zone(2): 0 pages.
mapped APIC to ffffe000 (01263000)
Initializing CPU#0
Detected 300685666 Hz processor.
ide_setup: hdd=ide-scsi
Console: colour VGA+ 80x25
Calibrating delay loop... 299.83 BogoMIPS
Memory: 126036k/131072k available (1401k kernel code, 4648k reserved, 111k data, 180k init, 0k highmem)
Buffer-cache hash table entries: 8192 (order: 3, 32768 bytes)
Page-cache hash table entries: 32768 (order: 5, 131072 bytes)
VFS: Diskquotas version dquot_6.4.0 initialized
Checking 386/387 coupling... OK, FPU using exception 16 error reporting.
Checking 'hlt' instruction... OK.
POSIX conformance testing by UNIFIX
mtrr: v1.36 (20000221) Richard Gooch (rgooch@atnf.csiro.au)
CPU0: Intel Pentium II (Klamath) stepping 04
per-CPU timeslice cutoff: 1428.06 usecs.
SMP motherboard not detected. Using dummy APIC emulation.
calibrating APIC timer ... 
..... CPU clock speed is 300.6814 MHz.
..... host bus clock speed is 0.0000 MHz.
cpu: 0, clocks: 0, slice: 0
CPU0<C0:0,C:0,D:0,S:0,C:0>
Setting commenced=1, go go go
PCI: PCI BIOS revision 2.10 entry at 0xfa104
PCI: Using configuration type 1
PCI: Probing PCI hardware
PCI: Interrupt Routing Table found at 0xc00fa040 [router type 8086/7000]
Limiting direct PCI/PCI transfers.
isapnp: Scanning for Pnp cards...
isapnp: Card '3Com 3C509B EtherLink III'
isapnp: 1 Plug & Play card detected total
Linux NET4.0 for Linux 2.3
Based upon Swansea University Computer Society NET3.039
NET4: Unix domain sockets 1.0/SMP for Linux NET4.0.
NET4: Linux TCP/IP 1.0 for NET4.0
IP Protocols: ICMP, UDP, TCP, IGMP
IP: routing cache hash table of 512 buckets, 8Kbytes
TCP: Hash tables configured (established 4096 bind 5461)
Initializing RT netlink socket
Starting kswapd v1.6
pty: 256 Unix98 ptys configured
Uniform Multi-Platform E-IDE driver Revision: 6.30
ide: Assuming 40MHz system bus speed for PIO modes; override with idebus=xx
PIIX4: IDE controller on PCI bus 00 dev a1
PIIX4: not 100% native mode: will probe irqs later
hda: QUANTUM Bigfoot TX8.0AT, ATA DISK drive
hdc: CD-ROM 40X, ATAPI CDROM drive
hdd: YAMAHA CRW4416E, ATAPI CDROM drive
ide0 at 0x1f0-0x1f7,0x3f6 on irq 14
ide1 at 0x170-0x177,0x376 on irq 15
hda: QUANTUM Bigfoot TX8.0AT, 7665MB w/69kB Cache, CHS=1038/240/63
hdc: ATAPI 32X CD-ROM drive, 128kB Cache
Uniform CD-ROM driver Revision: 3.07
Partition check:
 hda: hda1 hda2 < hda5 > hda3 hda4
Floppy drive(s): fd0 is 1.44M
FDC 0 is a post-1991 82077
md driver 0.90.0 MAX_MD_DEVS=256, MAX_REAL=12
md.c: sizeof(mdp_super_t) = 4096
scsi : 0 hosts.
scsi : detected total.
VFS: Mounted root (ext2 filesystem) readonly.
Freeing unused kernel memory: 180k freed
Adding Swap: 158720k swap-space (priority -1)
Soundblaster audio driver Copyright (C) by Hannu Savolainen 1993-1996
sb_card: No ISAPnP cards found, trying standard ones...
SB 3.01 detected OK (220)
ESS chip ES1869 detected
YM3812 and OPL-3 driver Copyright (C) by Hannu Savolainen, Rob Hooft 1993-1996
[root@sQa /root]# dhcpcd
[root@sQa /root]# ifconfig
lo        Link encap:Local Loopback  
          inet addr:127.0.0.1  Mask:255.0.0.0
          UP LOOPBACK RUNNING  MTU:3924  Metric:1
          RX packets:0 errors:0 dropped:0 overruns:0 frame:0
          TX packets:0 errors:0 dropped:0 overruns:0 carrier:0
          collisions:0 txqueuelen:0 
[root@sQa /root]# ifconfig eth0
eth0: error fetching interface information: Device not found