Date: Wed, 25 Jun 2003 11:05:14 +0200 (CEST)
From: Semler Michal <>
Subject: Re: hda: dma_timer_expiry: dma status == 0x24
Sender: linux-kernel-owner@vger.kernel.org
Precedence: bulk
List-ID: <linux-kernel.vger.kernel.org>
X-Mailing-List: linux-kernel@vger.kernel.org
X-Lkml-Link: https://lkml.org/lkml/2003/6/25/26

Yes.
DMESG included
CIJOML
On Wed, 25 Jun 2003, Duncan Sands wrote:
> UP with APIC?
>
> Duncan.
>
Linux version 2.4.21 (root@ABicko.abclinuxu.cz) (gcc version 3.0.4) #2 So Ã¨en 21 14:12:51 CEST 2003
BIOS-provided physical RAM map:
 BIOS-e820: 0000000000000000 - 000000000009fc00 (usable)
 BIOS-e820: 000000000009fc00 - 00000000000a0000 (reserved)
 BIOS-e820: 00000000000e0000 - 0000000000100000 (reserved)
 BIOS-e820: 0000000000100000 - 000000001fe40000 (usable)
 BIOS-e820: 000000001fe40000 - 000000001fe50000 (ACPI data)
 BIOS-e820: 000000001fe50000 - 000000001ff00000 (ACPI NVS)
510MB LOWMEM available.
found SMP MP-table at 000ff780
hm, page 000ff000 reserved twice.
hm, page 00100000 reserved twice.
hm, page 000fd000 reserved twice.
hm, page 000fe000 reserved twice.
On node 0 totalpages: 130624
zone(0): 4096 pages.
zone(1): 126528 pages.
zone(2): 0 pages.
ACPI: Searched entire block, no RSDP was found.
ACPI: RSDP located at physical address c00f7170
RSD PTR  v0 [ACPIAM]
__va_range(0x1fe40000, 0x68): idx=8 mapped at ffff6000
ACPI table found: RSDT v1 [INTEL  D845GBV  8195.550]
__va_range(0x1fe40200, 0x24): idx=8 mapped at ffff6000
__va_range(0x1fe40200, 0x81): idx=8 mapped at ffff6000
ACPI table found: FACP v2 [INTEL  D845GBV  8195.550]
__va_range(0x1fe40300, 0x24): idx=8 mapped at ffff6000
__va_range(0x1fe40300, 0x68): idx=8 mapped at ffff6000
ACPI table found: APIC v1 [INTEL  D845GBV  8195.550]
__va_range(0x1fe40300, 0x68): idx=8 mapped at ffff6000
LAPIC (acpi_id[0x0001] id[0x0] enabled[1])
CPU 0 (0x0000) enabledProcessor #0 Pentium 4(tm) XEON(tm) APIC version 16
LAPIC_NMI (acpi_id[0x0001] polarity[0x0] trigger[0x0] lint[0x1])
LAPIC (acpi_id[0x0002] id[0x81] enabled[0])
CPU 1 (0x8100) disabled
LAPIC_NMI (acpi_id[0x0002] polarity[0x0] trigger[0x0] lint[0x1])
IOAPIC (id[0x1] address[0xfec00000] global_irq_base[0x0])
INT_SRC_OVR (bus[0] irq[0x0] global_irq[0x2] polarity[0x0] trigger[0x0])
INT_SRC_OVR (bus[0] irq[0x9] global_irq[0x9] polarity[0x1] trigger[0x3])
2 CPUs total
Local APIC address fee00000
__va_range(0x1fe44350, 0x24): idx=8 mapped at ffff6000
__va_range(0x1fe44350, 0x84): idx=8 mapped at ffff6000
ACPI table found: ASF! v16 [AMIASF I845GASF 0.1]
ACPI: Unsupported table ASF!
Enabling the CPU's according to the ACPI table
Intel MultiProcessor Specification v1.4
    Virtual Wire compatibility mode.
OEM ID:  Product ID: BrkdleG-ICH4 APIC at: 0xFEE00000
I/O APIC #1 Version 32 at 0xFEC00000.
Enabling APIC mode: Flat.	Using 1 I/O APICs
Processors: 1
Kernel command line: auto BOOT_IMAGE=linux-raid ro root=900 hda=116301,16,63
ide_setup: hda=116301,16,63
Initializing CPU#0
Detected 1599.962 MHz processor.
Console: colour VGA+ 80x25
Calibrating delay loop... 3191.60 BogoMIPS
Memory: 514368k/522496k available (1238k kernel code, 7740k reserved, 475k data, 92k init, 0k highmem)
Dentry cache hash table entries: 65536 (order: 7, 524288 bytes)
Inode cache hash table entries: 32768 (order: 6, 262144 bytes)
Mount cache hash table entries: 512 (order: 0, 4096 bytes)
Buffer-cache hash table entries: 32768 (order: 5, 131072 bytes)
Page-cache hash table entries: 131072 (order: 7, 524288 bytes)
CPU: Trace cache: 12K uops, L1 D cache: 8K
CPU: L2 cache: 512K
Intel machine check architecture supported.
Intel machine check reporting enabled on CPU#0.
CPU:     After generic, caps: 3febfbff 00000000 00000000 00000000
CPU:             Common caps: 3febfbff 00000000 00000000 00000000
CPU: Intel(R) Pentium(R) 4 CPU 1.60GHz stepping 04
Enabling fast FPU save and restore... done.
Enabling unmasked SIMD FPU exception support... done.
Checking 'hlt' instruction... OK.
POSIX conformance testing by UNIFIX
enabled ExtINT on CPU#0
ESR value before enabling vector: 00000000
ESR value after enabling vector: 00000000
ENABLING IO-APIC IRQs
Setting 1 in the phys_id_present_map
...changing IO-APIC physical APIC ID to 1 ... ok.
init IO_APIC IRQs
 IO-APIC (apicid-pin) 1-0, 1-20, 1-22 not connected.
..TIMER: vector=0x31 pin1=2 pin2=0
number of MP IRQ sources: 24.
number of IO-APIC #1 registers: 24.
testing the IO APIC.......................
IO APIC #1......
.... register #00: 01000000
.......    : physical APIC id: 01
.......    : Delivery Type: 0
.......    : LTS          : 0
.... register #01: 00178020
.......     : max redirection entries: 0017
.......     : PRQ implemented: 1
.......     : IO APIC version: 0020
.... register #02: 00000000
.......     : arbitration: 00
.... IRQ redirection table:
 NR Log Phy Mask Trig IRR Pol Stat Dest Deli Vect:   
 00 000 00  1    0    0   0   0    0    0    00
 01 001 01  0    0    0   0   0    1    1    39
 02 001 01  0    0    0   0   0    1    1    31
 03 001 01  0    0    0   0   0    1    1    41
 04 001 01  0    0    0   0   0    1    1    49
 05 001 01  0    0    0   0   0    1    1    51
 06 001 01  0    0    0   0   0    1    1    59
 07 001 01  0    0    0   0   0    1    1    61
 08 001 01  0    0    0   0   0    1    1    69
 09 001 01  1    1    0   0   0    1    1    71
 0a 001 01  0    0    0   0   0    1    1    79
 0b 001 01  0    0    0   0   0    1    1    81
 0c 001 01  0    0    0   0   0    1    1    89
 0d 001 01  0    0    0   0   0    1    1    91
 0e 001 01  0    0    0   0   0    1    1    99
 0f 001 01  0    0    0   0   0    1    1    A1
 10 001 01  1    1    0   1   0    1    1    A9
 11 001 01  1    1    0   1   0    1    1    B1
 12 001 01  1    1    0   1   0    1    1    B9
 13 001 01  1    1    0   1   0    1    1    C1
 14 000 00  1    0    0   0   0    0    0    00
 15 001 01  1    1    0   1   0    1    1    C9
 16 000 00  1    0    0   0   0    0    0    00
 17 001 01  1    1    0   1   0    1    1    D1
IRQ to pin mappings:
IRQ0 -> 0:2
IRQ1 -> 0:1
IRQ3 -> 0:3
IRQ4 -> 0:4
IRQ5 -> 0:5
IRQ6 -> 0:6
IRQ7 -> 0:7
IRQ8 -> 0:8
IRQ9 -> 0:9
IRQ10 -> 0:10
IRQ11 -> 0:11
IRQ12 -> 0:12
IRQ13 -> 0:13
IRQ14 -> 0:14
IRQ15 -> 0:15
IRQ16 -> 0:16
IRQ17 -> 0:17
IRQ18 -> 0:18
IRQ19 -> 0:19
IRQ21 -> 0:21
IRQ23 -> 0:23
.................................... done.
Using local APIC timer interrupts.
calibrating APIC timer ...
..... CPU clock speed is 1600.0098 MHz.
..... host bus clock speed is 100.0004 MHz.
cpu: 0, clocks: 1000004, slice: 500002
CPU0<T0:1000000,T1:499984,D:14,S:500002,C:1000004>
mtrr: v1.40 (20010327) Richard Gooch (rgooch@atnf.csiro.au)
mtrr: detected mtrr type: Intel
PCI: PCI BIOS revision 2.10 entry at 0xf0031, last bus=1
PCI: Using configuration type 1
PCI: Probing PCI hardware
PCI: Ignoring BAR0-3 of IDE controller 00:1f.1
Transparent bridge - Intel Corp. 82801BA/CA/DB PCI Bridge
PCI: Using IRQ router PIIX [8086/24c0] at 00:1f.0
PCI->APIC IRQ transform: (B0,I2,P0) -> 16
PCI->APIC IRQ transform: (B0,I29,P0) -> 16
PCI->APIC IRQ transform: (B0,I29,P1) -> 19
PCI->APIC IRQ transform: (B0,I29,P2) -> 18
PCI->APIC IRQ transform: (B0,I29,P3) -> 23
PCI->APIC IRQ transform: (B0,I31,P0) -> 18
PCI->APIC IRQ transform: (B0,I31,P1) -> 17
PCI->APIC IRQ transform: (B0,I31,P1) -> 17
PCI->APIC IRQ transform: (B1,I0,P0) -> 21
Linux NET4.0 for Linux 2.4
Based upon Swansea University Computer Society NET3.039
Initializing RT netlink socket
IA-32 Microcode Update Driver: v1.11 <tigran@veritas.com>
Starting kswapd
VFS: Diskquotas version dquot_6.4.0 initialized
Journalled Block Device driver loaded
    ACPI-0202: *** Warning: Invalid table signature ASF! found
    ACPI-0094: *** Error: Acpi_load_tables: Error getting required tables (DSDT/FADT/FACS): AE_BAD_SIGNATURE
    ACPI-0115: *** Error: Acpi_load_tables: Could not load tables: AE_BAD_SIGNATURE
ACPI: System description table load failed
Detected PS/2 Mouse Port.
pty: 256 Unix98 ptys configured
keyboard: Timeout - AT keyboard not present?(ed)
keyboard: Timeout - AT keyboard not present?(f4)
RAMDISK driver initialized: 16 RAM disks of 4096K size 1024 blocksize
eepro100.c:v1.09j-t 9/29/99 Donald Becker 
http://www.scyld.com/network/eepro100.html
eepro100.c: $Revision: 1.36 $ 2000/11/17 Modified by Andrey V. Savochkin <saw@saw.sw.com.sg> and others
eth0: Intel Corp. 82557/8/9 [Ethernet Pro 100], 00:02:B3:A8:6D:22, IRQ 21.
  Board assembly 751767-004, Physical connectors present: RJ45
  Primary interface chip i82555 PHY #1.
    Secondary interface chip i82555.
  General self-test: passed.
  Serial sub-system self-test: passed.
  Internal registers self-test: passed.
  ROM checksum self-test: passed (0x3258698e).
Linux agpgart interface v0.99 (c) Jeff Hartmann
agpgart: Maximum main memory to use for agp memory: 438M
agpgart: Detected an Intel 845G Chipset.
agpgart: detected 380K stolen memory.
agpgart: AGP aperture is 128M @ 0xf0000000
Uniform Multi-Platform E-IDE driver Revision: 7.00beta4-2.4
ide: Assuming 33MHz system bus speed for PIO modes; override with idebus=xx
ICH4: IDE controller at PCI slot 00:1f.1
PCI: Enabling device 00:1f.1 (0005 -> 0007)
ICH4: chipset revision 1
ICH4: not 100% native mode: will probe irqs later
    ide0: BM-DMA at 0xffa0-0xffa7, BIOS settings: hda:DMA, hdb:pio
    ide1: BM-DMA at 0xffa8-0xffaf, BIOS settings: hdc:DMA, hdd:pio
hda: ST360021A, ATA DISK drive
blk: queue c02f53a0, I/O limit 4095Mb (mask 0xffffffff)
hdc: ST360015A, ATA DISK drive
blk: queue c02f57f4, I/O limit 4095Mb (mask 0xffffffff)
ide0 at 0x1f0-0x1f7,0x3f6 on irq 14
ide1 at 0x170-0x177,0x376 on irq 15
hda: attached ide-disk driver.
hda: host protected area => 1
hda: 117231408 sectors (60022 MB) w/2048KiB Cache, CHS=116301/16/63, UDMA(100)
hdc: attached ide-disk driver.
hdc: host protected area => 1
hdc: 117231408 sectors (60022 MB) w/2048KiB Cache, CHS=116301/16/63, UDMA(100)
Partition check:
 hda: hda1 hda2 hda3
 hdc: hdc1 hdc2 hdc3
usb.c: registered new driver usbdevfs
usb.c: registered new driver hub
PCI: Setting latency timer of device 00:1d.7 to 64
ehci-hcd 00:1d.7: Intel Corp. 82801DB USB EHCI Controller
ehci-hcd 00:1d.7: irq 23, pci mem e0895c00
usb.c: new USB bus registered, assigned bus number 1
ehci-hcd 00:1d.7: enabled 64bit PCI DMA
PCI: 00:1d.7 PCI cache line size set incorrectly (0 bytes) by BIOS/FW.
PCI: 00:1d.7 PCI cache line size corrected to 128.
ehci-hcd 00:1d.7: USB 2.0 enabled, EHCI 1.00, driver 2003-Jan-22
hub.c: USB hub found
hub.c: 6 ports detected
md: raid1 personality registered as nr 3
md: md driver 0.90.0 MAX_MD_DEVS=256, MD_SB_DISKS=27
md: Autodetecting RAID arrays.
 [events: 00000089]
 [events: 00000080]
 [events: 00000089]
 [events: 00000080]
md: autorun ...
md: considering hdc3 ...
md:  adding hdc3 ...
md:  adding hda3 ...
md: created md1
md: bind<hda3,1>
md: bind<hdc3,2>
md: running: <hdc3><hda3>
md: hdc3's event counter: 00000080
md: hda3's event counter: 00000080
md: RAID level 1 does not need chunksize! Continuing anyway.
md1: max total readahead window set to 124k
md1: 1 data-disks, max readahead per data-disk: 124k
raid1: device hdc3 operational as mirror 1
raid1: device hda3 operational as mirror 0
raid1: raid set md1 active with 2 out of 2 mirrors
md: updating md1 RAID superblock on device
md: hdc3 [events: 00000081]<6>(write) hdc3's sb offset: 1975104
md: hda3 [events: 00000081]<6>(write) hda3's sb offset: 1975104
md: considering hdc1 ...
md:  adding hdc1 ...
md:  adding hda1 ...
md: created md0
md: bind<hda1,1>
md: bind<hdc1,2>
md: running: <hdc1><hda1>
md: hdc1's event counter: 00000089
md: hda1's event counter: 00000089
md: RAID level 1 does not need chunksize! Continuing anyway.
md0: max total readahead window set to 124k
md0: 1 data-disks, max readahead per data-disk: 124k
raid1: device hdc1 operational as mirror 1
raid1: device hda1 operational as mirror 0
raid1: raid set md0 active with 2 out of 2 mirrors
md: updating md0 RAID superblock on device
md: hdc1 [events: 0000008a]<6>(write) hdc1's sb offset: 52734400
md: hda1 [events: 0000008a]<6>(write) hda1's sb offset: 52734400
md: ... autorun DONE.
LVM version 1.0.5+(22/07/2002)
NET4: Linux TCP/IP 1.0 for NET4.0
IP Protocols: ICMP, UDP, TCP, IGMP
IP: routing cache hash table of 4096 buckets, 32Kbytes
TCP: Hash tables configured (established 32768 bind 65536)
NET4: Unix domain sockets 1.0/SMP for Linux NET4.0.
kjournald starting.  Commit interval 5 seconds
EXT3-fs: mounted filesystem with ordered data mode.
VFS: Mounted root (ext3 filesystem) readonly.
Freeing unused kernel memory: 92k freed
Adding Swap: 1975096k swap-space (priority -1)
EXT3 FS 2.4-0.9.19, 19 August 2002 on md(9,0), internal journal
Real Time Clock Driver v1.10e
kjournald starting.  Commit interval 5 seconds
EXT3 FS 2.4-0.9.19, 19 August 2002 on ide0(3,2), internal journal
EXT3-fs: mounted filesystem with ordered data mode.
Serial driver version 5.05c (2001-07-08) with MANY_PORTS SHARE_IRQ SERIAL_PCI enabled
ttyS00 at 0x03f8 (irq = 4) is a 16550A
ttyS1: LSR safety check engaged!
ttyS1: LSR safety check engaged!
ip_tables: (C) 2000-2002 Netfilter core team
ip_conntrack version 2.1 (4082 buckets, 32656 max) - 292 bytes per conntrack
keyboard: Timeout - AT keyboard not present?(f4)
sending pkt_too_big (len[1500] pmtu[1488]) to self
sending pkt_too_big (len[1500] pmtu[1488]) to self
sending pkt_too_big (len[1500] pmtu[1488]) to self
sending pkt_too_big (len[1500] pmtu[1488]) to self
sending pkt_too_big (len[1500] pmtu[1488]) to self
sending pkt_too_big (len[1500] pmtu[1488]) to self
sending pkt_too_big (len[1500] pmtu[1488]) to self
hda: dma_timer_expiry: dma status == 0x24
hda: lost interrupt
hda: dma_intr: bad DMA status (dma_stat=30)
hda: dma_intr: status=0x50 { DriveReady SeekComplete }
hda: dma_timer_expiry: dma status == 0x24
hda: lost interrupt
hda: dma_intr: bad DMA status (dma_stat=30)
hda: dma_intr: status=0x50 { DriveReady SeekComplete }
hda: dma_timer_expiry: dma status == 0x24
hda: lost interrupt
hda: dma_intr: bad DMA status (dma_stat=30)
hda: dma_intr: status=0x50 { DriveReady SeekComplete }