Date: Thu, 11 Jan 2001 09:46:41 -0800 (PST)
From: Andre Hedrick <>
Subject: AMD760/765 DDR Athlon testers needed....
Sender: linux-kernel-owner@vger.kernel.org
Precedence: bulk
List-ID: <linux-kernel.vger.kernel.org>
X-Mailing-List: linux-kernel@vger.kernel.org
X-Lkml-Link: https://lkml.org/lkml/2001/1/11/26

Calling AMD Geeks^H^H^H^H^HUsers,
I have one of these DDR boxes from AMD with the AMD760/765 cores, if you
have one please let me know if you wnat to test this new code?
It is only ATA66 limited and the DOCS I have do not have the ATA100
timings.
Cheers,
Andre Hedrick
Linux ATA Development
Inspecting /boot/System.map
Symbol table has incorrect version number.
Cannot find map file.
No module symbols loaded.
klogd 1.3-3, log source = ksyslog started.
<4>Linux version 2.2.19pre7 (root@3ware) (gcc version 2.95.2 19991024 (release)) #1 Wed Jan 10 15:33:37 PST 2001
<4>USER-provided physical RAM map:
<4> USER: 0009f000 @ 00000000 (usable)
<4> USER: 07e00000 @ 00100000 (usable)
<4>Detected 995570 kHz processor.
<4>ide_setup: idebus=33
<4>Console: colour VGA+ 80x25
<4>Calibrating delay loop... 1985.74 BogoMIPS
<4>Memory: 126752k/130048k available (1232k kernel code, 416k reserved, 1584k data, 64k init)
<4>Dentry hash table entries: 16384 (order 5, 128k)
<4>Buffer cache hash table entries: 131072 (order 7, 512k)
<4>Page cache hash table entries: 32768 (order 5, 128k)
<5>VFS: Diskquotas version dquot_6.4.0 initialized
<4>CPU: L1 I Cache: 64K  L1 D Cache: 64K
<4>CPU: L2 Cache: 256K
<4>CPU: AMD Athlon(tm) Processor stepping 02
<6>Checking 386/387 coupling... OK, FPU using exception 16 error reporting.
<6>Checking 'hlt' instruction... OK.
<4>POSIX conformance testing by UNIFIX
<4>mtrr: v1.35a (19990819) Richard Gooch (rgooch@atnf.csiro.au)
<4>PCI: PCI BIOS revision 2.10 entry at 0xfb100
<4>PCI: Using configuration type 1
<4>PCI: Probing PCI hardware
<4>PCI: Enabling I/O for device 00:00
<6>Linux NET4.0 for Linux 2.2
<6>Based upon Swansea University Computer Society NET3.039
<6>NET4: Unix domain sockets 1.0 for Linux NET4.0.
<6>NET4: Linux TCP/IP 1.0 for NET4.0
<6>IP Protocols: ICMP, UDP, TCP
<4>TCP: Hash tables configured (ehash 131072 bhash 65536)
<4>Initializing RT netlink socket
<4>Starting kswapd v 1.5 
<6>parport0: PC-style at 0x378 [SPP,PS2]
<6>Detected PS/2 Mouse Port.
<6>Serial driver version 4.27 with SHARE_IRQ enabled
<6>ttyS00 at 0x03f8 (irq = 4) is a 16550A
<6>ttyS02 at 0x03e8 (irq = 4) is a 16550A
<4>pty: 256 Unix98 ptys configured
<6>lp0: using parport0 (polling).
<4>Software Watchdog Timer: 0.05, timer margin: 60 sec
<6>Real Time Clock Driver v1.09
<6>Non-volatile memory driver v1.0a
<4>RAM disk driver initialized:  16 RAM disks of 4096K size
<6>loop: registered device at major 7
<6>Uniform Multi-Platform E-IDE driver Revision: 6.30
<4>ide: Assuming 33MHz system bus speed for PIO modes
<4>AMD7411: IDE controller on PCI bus 00 dev 39
<4>AMD7411: chipset revision 1
<4>AMD7411: not 100% native mode: will probe irqs later
<4>    ide0: BM-DMA at 0xf000-0xf007, BIOS settings: hda:DMA, hdb:DMA
<4>    ide1: BM-DMA at 0xf008-0xf00f, BIOS settings: hdc:DMA, hdd:DMA
<4>PDC20267: IDE controller on PCI bus 00 dev 58
<4>PDC20267: chipset revision 2
<4>PDC20267: not 100% native mode: will probe irqs later
<4>PDC20267: ROM enabled at 0xe7000000
<4>PDC20267: (U)DMA Burst Bit ENABLED Primary PCI Mode Secondary PCI Mode.
<4>    ide2: BM-DMA at 0xe800-0xe807, BIOS settings: hde:DMA, hdf:pio
<4>    ide3: BM-DMA at 0xe808-0xe80f, BIOS settings: hdg:DMA, hdh:pio
<4>hda: QUANTUM FIREBALL CX13.0A, ATA DISK drive
<4>hdb: QUANTUM FIREBALL CR4.3A, ATA DISK drive
<4>hdc: ATAPI CD ROM DRIVE 50X MAX, ATAPI CDROM drive
<4>hdd: HITACHI DVD-RAM GF-2000, ATAPI CDROM drive
<4>ide0 at 0x1f0-0x1f7,0x3f6 on irq 14
<4>ide1 at 0x170-0x177,0x376 on irq 15
<4>hda: TF.1=x00 TF.2=x00 TF.3=x00 TF.4=x00 TF.5=x00 TF.6=x40 TF.7=xf8 
<6>hda: QUANTUM FIREBALL CX13.0A, 12416MB w/418kB Cache, CHS=25228/16/63, UDMA(33)
<4>hdb: TF.1=x00 TF.2=x00 TF.3=x00 TF.4=x00 TF.5=x00 TF.6=x40 TF.7=xf8 
<6>hdb: QUANTUM FIREBALL CR4.3A, 4110MB w/418kB Cache, CHS=14848/9/63, UDMA(66)
<4>hdc: ATAPI 50X CD-ROM drive, 128kB Cache, UDMA(33)
<6>Uniform CD-ROM driver Revision: 3.11
<4>hdd: ATAPI DVD-ROM DVD-R drive, 512kB Cache, UDMA(33)
<6>Floppy drive(s): fd0 is 1.44M
<6>FDC 0 is a post-1991 82077
<6>tulip.c:v0.91g-ppc 7/16/99 becker@cesdis.gsfc.nasa.gov
<6>eth0: Lite-On 82c168 PNIC rev 32 at 0xd400, 00:A0:CC:56:C0:6B, IRQ 10.
<6>eth0:  MII transceiver #1 config 3000 status 7829 advertising 01e1.
<6>Partition check:
<6> hda: hda1 hda2 hda3 < hda5 hda6 hda7 hda8 hda9 hda10 >
<6> hdb: hdb1
<4>VFS: Mounted root (ext2 filesystem) readonly.
<4>Freeing unused kernel memory: 64k freed
Kernel logging (ksyslog) stopped.
Kernel log daemon terminating.