Date: Sun, 12 Mar 2000 18:36:18 +0200
From: Dima Rogozin <>
Subject: PROBLEM: SCSI AHA-1505a doesn't work with 2.3.51
Sender: linux-kernel-owner@vger.kernel.org
Precedence: bulk
List-ID: <linux-kernel.vger.kernel.org>
X-Mailing-List: linux-kernel@vger.kernel.org
X-Lkml-Link: https://lkml.org/lkml/2000/3/12/85

Hi,
I put 2.3.51 on RedHat 6.1/K-2/128M and my SCSI AHA-1505a
stopped working. I have "append="aha152x=0x140,9"" in 
lilo.conf and 2.2.14 works just fine on the same computer.
Driver reports wrong interupt (see dmesg below).
If you need more info please contact me.
Dima.
Machine:
Linux compik 2.3.51 #3 Sun Mar 12 00:57:26 EST 2000 i586 unknown
Kernel modules         2.1.121
Gnu C                  2.95.2
Binutils               2.9.1.0.24
Linux C Library        2.1.2
Dynamic linker         ldd (GNU libc) 2.1.2
Procps                 2.0.4
Mount                  2.9u
Net-tools              1.53
Console-tools          1999.03.02
Sh-utils               2.0
Modules Loaded         
Dmesg:
Linux version 2.3.51 (root@compik) (gcc version 2.95.2 19991024 (release))
#3 Sun Mar 12 00:57:26 EST 2000
e820: 0009fc00 @ 00000000 (usable)
e820: 00000400 @ 0009fc00 (reserved)
e820: 00010000 @ 000f0000 (reserved)
e820: 00010000 @ ffff0000 (reserved)
e820: 07f00000 @ 00100000 (usable)
On node 0 totalpages: 32768
zone(0): 4096 pages.
zone(1): 28672 pages.
zone(2): 0 pages.
Initializing CPU#0
Detected 400921341 Hz processor.
Console: colour VGA+ 80x25
Calibrating delay loop... 799.54 BogoMIPS
Memory: 126308k/131072k available (1345k kernel code, 4376k reserved, 94k
data, 180k init, 0k highmem)
Buffer-cache hash table entries: 8192 (order: 3, 32768 bytes)
Page-cache hash table entries: 32768 (order: 5, 131072 bytes)
CPU: AMD AMD-K6(tm) 3D processor stepping 0c
Checking 386/387 coupling... OK, FPU using exception 16 error reporting.
Checking 'hlt' instruction... OK.
POSIX conformance testing by UNIFIX
mtrr: v1.36 (20000221) Richard Gooch (rgooch@atnf.csiro.au)
PCI: PCI BIOS revision 2.10 entry at 0xfb3c0
PCI: Using configuration type 1
PCI: Probing PCI hardware
PCI: Interrupt Routing Table found at 0xc00fdd50 [router type 1106/0586]
Activating ISA DMA hang workarounds.
isapnp: Scanning for Pnp cards...
isapnp: Card 'Adaptec AVA-1505A       '
isapnp: 1 Plug & Play card detected total
Linux NET4.0 for Linux 2.3
Based upon Swansea University Computer Society NET3.039
NET4: Unix domain sockets 1.0/SMP for Linux NET4.0.
NET4: Linux TCP/IP 1.0 for NET4.0
IP Protocols: ICMP, UDP, TCP
IP: routing cache hash table of 1024 buckets, 8Kbytes
TCP: Hash tables configured (established 8192 bind 8192)
Starting kswapd v1.6
Serial driver version 4.92 (2000-1-27) with MANY_PORTS SHARE_IRQ SERIAL_PCI
ISAPNP enabled
ttyS00 at 0x03f8 (irq = 4) is a 16550A
ttyS01 at 0x02f8 (irq = 3) is a 16550A
ttyS03 at 0x02e8 (irq = 3) is a 16550A
pty: 256 Unix98 ptys configured
lp: driver loaded but no devices found
loop: registered device at major 7
loop: enabling 8 loop devices
Uniform Multi-Platform E-IDE driver Revision: 6.30
ide: Assuming 40MHz system bus speed for PIO modes; override with idebus=xx
VP_IDE: IDE controller on PCI bus 00 dev 39
VP_IDE: not 100% native mode: will probe irqs later
hda: SAMSUNG VG38404A, ATA DISK drive
hdb: ATAPI CDROM, ATAPI CDROM drive
ide0 at 0x1f0-0x1f7,0x3f6 on irq 14
hda: SAMSUNG VG38404A, 8056MB w/490kB Cache, CHS=1027/255/63
hdb: ATAPI 40X CD-ROM drive, 128kB Cache
Uniform CD-ROM driver Revision: 3.07
Partition check:
 hda: hda1 hda2 hda3 < hda5 hda6 >
Floppy drive(s): fd0 is 1.44M
FDC 0 is a post-1991 82077
aha152x: processing commandline: ok
aha152x: BIOS test: passed, detected 1 controller(s)
aha152x: resetting bus...
aha152x0: vital data: rev=3, io=0x140 (0x140/0x140), irq=9, scsiid=7,
reconnect=enabled, parity=enabled, synchronous=enabled, delay=100, extended
translation=disabled
aha152x0: trying software interrupt, lost.
aha152x0: IRQ 9 possibly wrong.  Please verify.
????? This is the problem - D.
scsi0 : SCSI host adapter emulation for IDE ATAPI devices
scsi : 1 host.
scsi : detected total.
PPP generic driver version 2.4.0
PPP Deflate compression module registered
[drm] Initialized tdfx 0.0.1 19991009 on minor 63
es1370: version v0.33 time 01:01:22 Mar 12 2000
es1371: version v0.25 time 01:01:31 Mar 12 2000
es1371: found chip, vendor id 0x1274 device id 0x1371 revision 0x02
es1371: found es1371 rev 2 at io 0xe800 irq 5
es1371: features: joystick 0x0
ac97_codec: ac97 vendor id1: 0x5452, id2: 0x4103 (Unknown)
VFS: Mounted root (ext2 filesystem) readonly.
Freeing unused kernel memory: 180k freed
Adding Swap: 136544k swap-space (priority -1)
-
To unsubscribe from this list: send the line "unsubscribe linux-kernel" in
the body of a message to majordomo@vger.rutgers.edu
Please read the FAQ at 
http://www.tux.org/lkml/