Date: Fri, 18 Aug 2006 10:18:41 +0200
From: Helge Hafting <>
Subject: Re: 2.6.18-rc4-mm1 - time moving at 3x speed!
Sender: linux-kernel-owner@vger.kernel.org
Precedence: bulk
List-ID: <linux-kernel.vger.kernel.org>
X-Mailing-List: linux-kernel@vger.kernel.org
X-Lkml-Link: https://lkml.org/lkml/2006/8/18/44

john stultz wrote:
> On Fri, 2006-08-18 at 00:44 +0200, Helge Hafting wrote:
> 
>> I got 2.6.18-rc4-mm1 going, and it appears that system 
>> moves at about 3x normal speed.  A software clock need 3
>> seconds to advance 10 seconds, for example.
>>
>> Everything else seems faster too, the keyboard autorepeat,
>> delay loops in games, and so on.  
>>
>> Guess I could live with this, if it'd also compile
>> 3x faster. :-/
>>
>> This is a x86-64 kernel, with the jiffies hotfix applied.
>> 
>
> Sounds like the same issue Gregorie Favre is dealing with.
>
> Please send full dmesg output.
>
> Does 2.6.18-rc4, or 2.6.18-rc3-mm2 have this issue?
> 
I don't yet know, the previous kernel was 2.6.18-rc2 and it
did not have this problem.  I can try those kernels though.
The speed variations are not consistent, the clock is very uneven.
For example, the seconds displayed by the clock in icewm
does not only advance too fast, but sometimes by two seconds
at a time.  I.e. icewm wakes up after its 1-second timer expired (too fast)
and then "time" has moved another second forward. No load
is necessary to see this.
The dmesg is attached.
Helge Hafting
Linux version 2.6.18-rc4-mm1 (helge@tenkende-august.homelinux.net) (gcc version 4.1.2 20060613 (prerelease) (Debian 4.1.1-5)) #4 Fri Aug 18 01:19:30 CEST 2006
Command line: auto BOOT_IMAGE=2.6.18rc4mm1 root=831
BIOS-provided physical RAM map:
 BIOS-e820: 0000000000000000 - 000000000009d400 (usable)
 BIOS-e820: 000000000009d400 - 00000000000a0000 (reserved)
 BIOS-e820: 00000000000f0000 - 0000000000100000 (reserved)
 BIOS-e820: 0000000000100000 - 000000001fee0000 (usable)
 BIOS-e820: 000000001fee0000 - 000000001fee3000 (ACPI NVS)
 BIOS-e820: 000000001fee3000 - 000000001fef0000 (ACPI data)
 BIOS-e820: 000000001fef0000 - 000000001ff00000 (reserved)
 BIOS-e820: 00000000fec00000 - 0000000100000000 (reserved)
DMI 2.3 present.
ACPI: RSDP (v000 VIAK8                                 ) @ 0x00000000000f6980
ACPI: RSDT (v001 VIAK8  AWRDACPI 0x42302e31 AWRD 0x00000000) @ 0x000000001fee3000
ACPI: FADT (v001 VIAK8  AWRDACPI 0x42302e31 AWRD 0x00000000) @ 0x000000001fee3040
ACPI: MADT (v001 VIAK8  AWRDACPI 0x42302e31 AWRD 0x00000000) @ 0x000000001fee7b40
ACPI: DSDT (v001 VIAK8  AWRDACPI 0x00001000 MSFT 0x0100000e) @ 0x0000000000000000
On node 0 totalpages: 127070
  DMA zone: 2114 pages, LIFO batch:0
  DMA32 zone: 124956 pages, LIFO batch:31
ACPI: PM-Timer IO Port: 0x4008
ACPI: Local APIC address 0xfee00000
ACPI: LAPIC (acpi_id[0x00] lapic_id[0x00] enabled)
Processor #0 15:5 APIC version 16
ACPI: LAPIC (acpi_id[0x01] lapic_id[0x01] disabled)
ACPI: LAPIC_NMI (acpi_id[0x00] high edge lint[0x1])
ACPI: LAPIC_NMI (acpi_id[0x01] high edge lint[0x1])
ACPI: IOAPIC (id[0x02] address[0xfec00000] gsi_base[0])
IOAPIC[0]: apic_id 2, version 3, address 0xfec00000, GSI 0-23
ACPI: INT_SRC_OVR (bus 0 bus_irq 0 global_irq 2 dfl dfl)
ACPI: INT_SRC_OVR (bus 0 bus_irq 9 global_irq 9 low level)
ACPI: IRQ0 used by override.
ACPI: IRQ2 used by override.
ACPI: IRQ9 used by override.
Setting APIC routing to flat
Using ACPI (MADT) for SMP configuration information
Nosave address range: 000000000009d000 - 000000000009e000
Nosave address range: 000000000009e000 - 00000000000a0000
Nosave address range: 00000000000a0000 - 00000000000f0000
Nosave address range: 00000000000f0000 - 0000000000100000
Allocating PCI resources starting at 20000000 (gap: 1ff00000:ded00000)
Built 1 zonelists.  Total pages: 127070
Kernel command line: auto BOOT_IMAGE=2.6.18rc4mm1 root=831
Initializing CPU#0
PID hash table entries: 2048 (order: 11, 16384 bytes)
time.c: Using 3.579545 MHz WALL PM GTOD PIT/TSC timer.
time.c: Detected 1804.124 MHz processor.
Console: colour VGA+ 80x50
Dentry cache hash table entries: 65536 (order: 7, 524288 bytes)
Inode-cache hash table entries: 32768 (order: 6, 262144 bytes)
Checking aperture...
CPU 0: aperture @ d8000000 size 128 MB
Memory: 507120k/523136k available (4043k kernel code, 15284k reserved, 2461k data, 252k init)
Calibrating delay using timer specific routine.. 3610.65 BogoMIPS (lpj=1805325)
Mount-cache hash table entries: 256
CPU: L1 I Cache: 64K (64 bytes/line), D cache 64K (64 bytes/line)
CPU: L2 Cache: 1024K (64 bytes/line)
CPU: AMD Opteron(tm) Processor 244 stepping 0a
ACPI: Core revision 20060707
Using local APIC timer interrupts.
result 12528646
Detected 12.528 MHz APIC timer.
testing NMI watchdog ... OK.
NET: Registered protocol family 16
ACPI: bus type pci registered
PCI: Using configuration type 1
ACPI: Interpreter enabled
ACPI: Using IOAPIC for interrupt routing
ACPI: PCI Root Bridge [PCI0] (0000:00)
PCI: Probing PCI hardware (bus 00)
Boot video device is 0000:00:08.0
ACPI: PCI Interrupt Routing Table [\_SB_.PCI0._PRT]
ACPI: PCI Interrupt Link [LNKA] (IRQs 3 4 6 7 10 *11 12)
ACPI: PCI Interrupt Link [LNKB] (IRQs 3 4 6 7 *10 11 12)
ACPI: PCI Interrupt Link [LNKC] (IRQs 3 4 6 7 10 *11 12)
ACPI: PCI Interrupt Link [LNKD] (IRQs 3 4 6 7 10 11 12) *5
ACPI: PCI Interrupt Link [LNKE] (IRQs 3 4 6 7 10 11 12) *0, disabled.
ACPI: PCI Interrupt Link [LNKF] (IRQs 3 4 6 7 10 11 12) *0, disabled.
ACPI: PCI Interrupt Link [LNK0] (IRQs 3 4 6 7 10 11 12) *0, disabled.
ACPI: PCI Interrupt Link [LNK1] (IRQs 3 4 6 7 10 11 12) *0, disabled.
ACPI: PCI Interrupt Link [ALKA] (IRQs 20) *0, disabled.
ACPI: PCI Interrupt Link [ALKB] (IRQs 21) *0, disabled.
ACPI: PCI Interrupt Link [ALKC] (IRQs 22) *0, disabled.
ACPI: PCI Interrupt Link [ALKD] (IRQs 23) *0, disabled.
Linux Plug and Play Support v0.97 (c) Adam Belay
pnp: PnP ACPI init
pnp: PnP ACPI: found 13 devices
SCSI subsystem initialized
usbcore: registered new interface driver usbfs
usbcore: registered new interface driver hub
usbcore: registered new device driver usb
PCI: Using ACPI for IRQ routing
PCI: If a device doesn't work, try "pci=routeirq".  If it helps, post a report
agpgart: Detected AGP bridge 0
agpgart: AGP aperture is 128M @ 0xd8000000
PCI-DMA: Disabling IOMMU.
pnp: 00:02: ioport range 0x4000-0x407f could not be reserved
pnp: 00:02: ioport range 0x5000-0x500f has been reserved
PCI: Bridge: 0000:00:01.0
  IO window: disabled.
  MEM window: f2000000-f4ffffff
  PREFETCH window: f0000000-f1ffffff
PCI: Setting latency timer of device 0000:00:01.0 to 64
NET: Registered protocol family 2
IP route cache hash table entries: 4096 (order: 3, 32768 bytes)
TCP established hash table entries: 16384 (order: 5, 131072 bytes)
TCP bind hash table entries: 8192 (order: 4, 65536 bytes)
TCP: Hash tables configured (established 16384 bind 8192)
TCP reno registered
Total HugeTLB memory allocated, 0
VFS: Disk quotas dquot_6.5.1
Dquot-cache hash table entries: 512 (order 0, 4096 bytes)
Initializing Cryptographic API
io scheduler noop registered
io scheduler deadline registered
io scheduler cfq registered (default)
PCI: Enabling device 0000:01:00.0 (0000 -> 0002)
ACPI: PCI Interrupt 0000:01:00.0[A] -> GSI 16 (level, low) -> IRQ 16
matroxfb: Matrox G550 detected
matroxfb: Legacy BIOS is for F2E9:0012, while this device is 102B:2527
matroxfb: Your Matrox device does not have BIOS
PInS memtype = 4
matroxfb: cannot determine memory size
matroxfb: probe of 0000:01:00.0 failed with error -1
ACPI: Power Button (FF) [PWRF]
ACPI: Power Button (CM) [PWRB]
ACPI: Fan [FAN] (on)
ACPI: Getting cpuindex for acpiid 0x1
ACPI: Thermal Zone [THRM] (40 C)
lp: driver loaded but no devices found
Real Time Clock Driver v1.12ac
Non-volatile memory driver v1.2
Linux agpgart interface v0.101 (c) Dave Jones
[drm] Initialized drm 1.0.1 20051102
[drm] Initialized mga 3.2.1 20051102 on minor 0
Hangcheck: starting hangcheck timer 0.9.0 (tick is 180 seconds, margin is 60 seconds).
Hangcheck: Using monotonic_clock().
Serial: 8250/16550 driver $Revision: 1.90 $ 2 ports, IRQ sharing enabled
serial8250: ttyS0 at I/O 0x3f8 (irq = 4) is a 16550A
serial8250: ttyS1 at I/O 0x2f8 (irq = 3) is a 16550A
00:08: ttyS0 at I/O 0x3f8 (irq = 4) is a 16550A
00:09: ttyS1 at I/O 0x2f8 (irq = 3) is a 16550A
parport: PnPBIOS parport detected.
parport0: PC-style at 0x378 (0x778), irq 7, dma 3 [PCSPP,TRISTATE,COMPAT,ECP,DMA]
lp0: using parport0 (interrupt-driven).
floppy0: no floppy controllers found
loop: loaded (max 8 devices)
tg3.c:v3.65 (August 07, 2006)
ACPI: PCI Interrupt 0000:00:0b.0[A] -> GSI 16 (level, low) -> IRQ 16
eth0: Tigon3 [partno(BCM95705A50) rev 3003 PHY(5705)] (PCI:33MHz:32-bit) 10/100/1000BaseT Ethernet 00:0c:76:ac:93:90
eth0: RXcsums[1] LinkChgREG[0] MIirq[0] ASF[0] Split[0] WireSpeed[0] TSOcap[1] 
eth0: dma_rwctrl[763f0000] dma_mask[64-bit]
PPP generic driver version 2.4.2
PPP Deflate Compression module registered
PPP MPPE Compression module registered
tun: Universal TUN/TAP device driver, 1.6
tun: (C) 1999-2004 Max Krasnyansky <maxk@qualcomm.com>
Uniform Multi-Platform E-IDE driver Revision: 7.00alpha2
ide: Assuming 33MHz system bus speed for PIO modes; override with idebus=xx
VP_IDE: IDE controller at PCI slot 0000:00:0f.1
ACPI: PCI Interrupt Link [ALKA] BIOS reported IRQ 0, using IRQ 20
ACPI: PCI Interrupt Link [ALKA] enabled at IRQ 20
ACPI: PCI Interrupt 0000:00:0f.1[A] -> Link [ALKA] -> GSI 20 (level, low) -> IRQ 20
PCI: VIA IRQ fixup for 0000:00:0f.1, from 255 to 4
VP_IDE: chipset revision 6
VP_IDE: not 100% native mode: will probe irqs later
VP_IDE: VIA vt8237 (rev 00) IDE UDMA133 controller on pci0000:00:0f.1
    ide0: BM-DMA at 0xb400-0xb407, BIOS settings: hda:DMA, hdb:pio
Probing IDE interface ide0...
hda: PLEXTOR DVDR PX-712A, ATAPI CD/DVD-ROM drive
ide0 at 0x1f0-0x1f7,0x3f6 on irq 14
hda: ATAPI 40X DVD-ROM DVD-R CD-R/RW drive, 8192kB Cache, UDMA(33)
Uniform CD-ROM driver Revision: 3.20
ACPI: PCI Interrupt 0000:00:05.0[A] -> GSI 16 (level, low) -> IRQ 16
sym0: <895> rev 0x1 at pci 0000:00:05.0 irq 16
sym0: Tekram NVRAM, ID 7, Fast-40, LVD, parity checking
sym0: SCSI BUS has been reset.
scsi0 : sym-2.2.3
scsi 0:0:0:0: Direct access     FUJITSU  MAS3184NP        0104 PQ: 0 ANSI: 3
 target0:0:0: tagged command queuing enabled, command queue depth 16.
 target0:0:0: Beginning Domain Validation
 target0:0:0: asynchronous
 target0:0:0: wide asynchronous
 target0:0:0: FAST-40 WIDE SCSI 80.0 MB/s ST (25 ns, offset 31)
 target0:0:0: Domain Validation skipping write tests
 target0:0:0: Ending Domain Validation
 target0:0:1: FAST-40 WIDE SCSI 80.0 MB/s ST (25 ns, offset 31)
scsi 0:0:1:0: Direct access     IBM      DDYS-T09170N     S96H PQ: 0 ANSI: 3
 target0:0:1: tagged command queuing enabled, command queue depth 16.
 target0:0:1: Beginning Domain Validation
 target0:0:1: asynchronous
 target0:0:1: wide asynchronous
 target0:0:1: FAST-40 WIDE SCSI 80.0 MB/s ST (25 ns, offset 31)
 target0:0:1: Domain Validation skipping write tests
 target0:0:1: Ending Domain Validation
scsi 0:0:6:0: Direct access     IBM      IC35L018UWD210-0 S5BS PQ: 0 ANSI: 3
 target0:0:6: tagged command queuing enabled, command queue depth 16.
 target0:0:6: Beginning Domain Validation
 target0:0:6: asynchronous
 target0:0:6: wide asynchronous
 target0:0:6: FAST-40 WIDE SCSI 80.0 MB/s ST (25 ns, offset 31)
 target0:0:6: Domain Validation skipping write tests
 target0:0:6: Ending Domain Validation
SCSI device sda: 35890512 512-byte hdwr sectors (18376 MB)
sda: Write Protect is off
sda: Mode Sense: b3 00 00 08
SCSI device sda: drive cache: write back
SCSI device sda: 35890512 512-byte hdwr sectors (18376 MB)
sda: Write Protect is off
sda: Mode Sense: b3 00 00 08
SCSI device sda: drive cache: write back
 sda: sda1 sda2 sda3 < sda5 sda6 sda7 sda8 >
sd 0:0:0:0: Attached scsi disk sda
SCSI device sdb: 17916240 512-byte hdwr sectors (9173 MB)
sdb: Write Protect is off
sdb: Mode Sense: cb 00 00 08
SCSI device sdb: drive cache: write back
SCSI device sdb: 17916240 512-byte hdwr sectors (9173 MB)
sdb: Write Protect is off
sdb: Mode Sense: cb 00 00 08
SCSI device sdb: drive cache: write back
 sdb: sdb1 sdb2 < sdb5 sdb6 >
sd 0:0:1:0: Attached scsi disk sdb
SCSI device sdc: 35843670 512-byte hdwr sectors (18352 MB)
sdc: Write Protect is off
sdc: Mode Sense: cb 00 00 08
SCSI device sdc: drive cache: write back
SCSI device sdc: 35843670 512-byte hdwr sectors (18352 MB)
sdc: Write Protect is off
sdc: Mode Sense: cb 00 00 08
SCSI device sdc: drive cache: write back
 sdc: sdc1 sdc2 sdc3
sd 0:0:6:0: Attached scsi disk sdc
sd 0:0:0:0: Attached scsi generic sg0 type 0
sd 0:0:1:0: Attached scsi generic sg1 type 0
sd 0:0:6:0: Attached scsi generic sg2 type 0
libata version 2.00 loaded.
sata_via 0000:00:0f.0: version 2.0
ACPI: PCI Interrupt 0000:00:0f.0[B] -> Link [ALKA] -> GSI 20 (level, low) -> IRQ 20
PCI: VIA IRQ fixup for 0000:00:0f.0, from 10 to 4
sata_via 0000:00:0f.0: routed to hard irq line 4
ata1: SATA max UDMA/133 cmd 0x9C00 ctl 0xA002 bmdma 0xAC00 irq 20
ata2: SATA max UDMA/133 cmd 0xA400 ctl 0xA802 bmdma 0xAC08 irq 20
scsi1 : sata_via
ata1: SATA link up 1.5 Gbps (SStatus 113 SControl 310)
ata1.00: ATA-7, max UDMA/133, 398297088 sectors: LBA48 NCQ (depth 0/32)
ata1.00: ata1: dev 0 multi count 16
ata1.00: configured for UDMA/133
scsi2 : sata_via
ata2: SATA link up 1.5 Gbps (SStatus 113 SControl 310)
ata2.00: ATA-6, max UDMA/133, 390721968 sectors: LBA48 
ata2.00: ata2: dev 0 multi count 16
ata2.00: configured for UDMA/133
scsi 1:0:0:0: Direct access     ATA      Maxtor 6B200M0   BANC PQ: 0 ANSI: 5
SCSI device sdd: 398297088 512-byte hdwr sectors (203928 MB)
sdd: Write Protect is off
sdd: Mode Sense: 00 3a 00 00
SCSI device sdd: drive cache: write back
SCSI device sdd: 398297088 512-byte hdwr sectors (203928 MB)
sdd: Write Protect is off
sdd: Mode Sense: 00 3a 00 00
SCSI device sdd: drive cache: write back
 sdd: sdd1 sdd2
sd 1:0:0:0: Attached scsi disk sdd
sd 1:0:0:0: Attached scsi generic sg3 type 0
scsi 2:0:0:0: Direct access     ATA      WDC WD2000JD-00H 08.0 PQ: 0 ANSI: 5
SCSI device sde: 390721968 512-byte hdwr sectors (200050 MB)
sde: Write Protect is off
sde: Mode Sense: 00 3a 00 00
SCSI device sde: drive cache: write back
SCSI device sde: 390721968 512-byte hdwr sectors (200050 MB)
sde: Write Protect is off
sde: Mode Sense: 00 3a 00 00
SCSI device sde: drive cache: write back
 sde: sde1 sde2
sd 2:0:0:0: Attached scsi disk sde
sd 2:0:0:0: Attached scsi generic sg4 type 0
usbmon: debugfs is not available
ACPI: PCI Interrupt Link [ALKB] BIOS reported IRQ 0, using IRQ 21
ACPI: PCI Interrupt Link [ALKB] enabled at IRQ 21
ACPI: PCI Interrupt 0000:00:10.4[C] -> Link [ALKB] -> GSI 21 (level, low) -> IRQ 21
PCI: VIA IRQ fixup for 0000:00:10.4, from 11 to 5
ehci_hcd 0000:00:10.4: EHCI Host Controller
ehci_hcd 0000:00:10.4: new USB bus registered, assigned bus number 1
ehci_hcd 0000:00:10.4: irq 21, io mem 0xf6033000
ehci_hcd 0000:00:10.4: USB 2.0 started, EHCI 1.00, driver 10 Dec 2004
USB Universal Host Controller Interface driver v3.0
usb usb1: new device found, idVendor=0000, idProduct=0000
usb usb1: new device strings: Mfr=3, Product=2, SerialNumber=1
usb usb1: Product: EHCI Host Controller
usb usb1: Manufacturer: Linux 2.6.18-rc4-mm1 ehci_hcd
usb usb1: SerialNumber: 0000:00:10.4
ACPI: PCI Interrupt 0000:00:10.0[A] -> Link [ALKB] -> GSI 21 (level, low) -> IRQ 21
PCI: VIA IRQ fixup for 0000:00:10.0, from 11 to 5
uhci_hcd 0000:00:10.0: UHCI Host Controller
uhci_hcd 0000:00:10.0: new USB bus registered, assigned bus number 2
uhci_hcd 0000:00:10.0: irq 21, io base 0x0000b800
ACPI: PCI Interrupt 0000:00:10.1[A] -> Link [ALKB] -> GSI 21 (level, low) -> IRQ 21
PCI: VIA IRQ fixup for 0000:00:10.1, from 11 to 5
uhci_hcd 0000:00:10.1: UHCI Host Controller
usb usb2: new device found, idVendor=0000, idProduct=0000
usb usb2: new device strings: Mfr=3, Product=2, SerialNumber=1
usb usb2: Product: UHCI Host Controller
usb usb2: Manufacturer: Linux 2.6.18-rc4-mm1 uhci_hcd
usb usb2: SerialNumber: 0000:00:10.0
usb usb1: configuration #1 chosen from 1 choice
uhci_hcd 0000:00:10.1: new USB bus registered, assigned bus number 3
uhci_hcd 0000:00:10.1: irq 21, io base 0x0000bc00
ACPI: PCI Interrupt 0000:00:10.2[B] -> Link [ALKB] -> GSI 21 (level, low) -> IRQ 21
PCI: VIA IRQ fixup for 0000:00:10.2, from 10 to 5
uhci_hcd 0000:00:10.2: UHCI Host Controller
usb usb3: new device found, idVendor=0000, idProduct=0000
usb usb3: new device strings: Mfr=3, Product=2, SerialNumber=1
usb usb3: Product: UHCI Host Controller
usb usb3: Manufacturer: Linux 2.6.18-rc4-mm1 uhci_hcd
usb usb3: SerialNumber: 0000:00:10.1
hub 1-0:1.0: USB hub found
hub 1-0:1.0: 6 ports detected
uhci_hcd 0000:00:10.2: new USB bus registered, assigned bus number 4
uhci_hcd 0000:00:10.2: irq 21, io base 0x0000c000
usb usb4: new device found, idVendor=0000, idProduct=0000
usb usb4: new device strings: Mfr=3, Product=2, SerialNumber=1
usb usb4: Product: UHCI Host Controller
usb usb4: Manufacturer: Linux 2.6.18-rc4-mm1 uhci_hcd
usb usb4: SerialNumber: 0000:00:10.2
usb usb2: configuration #1 chosen from 1 choice
usbcore: registered new interface driver usblp
drivers/usb/class/usblp.c: v0.13: USB Printer Device Class driver
Initializing USB Mass Storage driver...
usb usb3: configuration #1 chosen from 1 choice
hub 2-0:1.0: USB hub found
hub 2-0:1.0: 2 ports detected
usbcore: registered new interface driver usb-storage
USB Mass Storage support registered.
usb usb4: configuration #1 chosen from 1 choice
hub 3-0:1.0: USB hub found
hub 3-0:1.0: 2 ports detected
usbcore: registered new interface driver libusual
hub 4-0:1.0: USB hub found
hub 4-0:1.0: 2 ports detected
usbcore: registered new interface driver hiddev
usbcore: registered new interface driver usbhid
drivers/usb/input/hid-core.c: v2.6:USB HID core driver
usbcore: registered new interface driver usbserial
drivers/usb/serial/usb-serial.c: USB Serial Driver core
drivers/usb/serial/usb-serial.c: USB Serial support registered for PocketPC PDA
drivers/usb/serial/ipaq.c: USB PocketPC PDA driver v0.5
usbcore: registered new interface driver ipaq
drivers/usb/serial/usb-serial.c: USB Serial support registered for pl2303
usbcore: registered new interface driver pl2303
drivers/usb/serial/pl2303.c: Prolific PL2303 USB to serial adaptor driver
PNP: PS/2 Controller [PNP0303:PS2K,PNP0f13:PS2M] at 0x60,0x64 irq 1,12
serio: i8042 KBD port at 0x60,0x64 irq 1
serio: i8042 AUX port at 0x60,0x64 irq 12
mice: PS/2 mouse device common for all mice
i2c /dev entries driver
input: AT Translated Set 2 keyboard as /class/input/input0
input: AT Raw Set 2 keyboard as /class/input/input1
i2c_adapter i2c-0: detect fail: address match, 0x2f
usb 1-1: new high speed USB device using ehci_hcd and address 2
usb 1-1: new device found, idVendor=04b8, idProduct=0007
usb 1-1: new device strings: Mfr=1, Product=2, SerialNumber=3
usb 1-1: Product: USB2.0 Printer (Hi-speed)
usb 1-1: Manufacturer: EPSON
usb 1-1: SerialNumber: HL0170501241619570
usb 1-1: configuration #1 chosen from 1 choice
drivers/usb/class/usblp.c: usblp0: USB Bidirectional printer dev 2 if 0 alt 0 proto 2 vid 0x04B8 pid 0x0007
usb 1-3: new high speed USB device using ehci_hcd and address 3
pc87360: PC8736x not detected, module not inserted.
md: raid1 personality registered for level 1
md: md driver 0.90.3 MAX_MD_DEVS=256, MD_SB_DISKS=27
md: bitmap version 4.39
EDAC MC: Ver: 2.0.1 Aug 18 2006
EDAC MC0: Giving out device to k8_edac Athlon64/Opteron: DEV 0000:00:18.2
sdhci: Secure Digital Host Controller Interface driver, 0.12
sdhci: Copyright(c) Pierre Ossman
wbsd: Winbond W83L51xD SD/MMC card interface driver, 1.6
wbsd: Copyright(c) Pierre Ossman
Advanced Linux Sound Architecture Driver Version 1.0.12rc1 (Thu Jun 22 13:55:50 2006 UTC).
ACPI: PCI Interrupt 0000:00:06.0[A] -> GSI 17 (level, low) -> IRQ 17
gameport: Trident 4DWave is pci0000:00:06.0/gameport0, speed 1885kHz
ALSA device list:
  #0: Trident TRID4DWAVENX PCI Audio at 0x9400, irq 17
oprofile: using NMI interrupt.
Netfilter messages via NETLINK v0.30.
IPv4 over IPv4 tunneling driver
GRE over IPv4 tunneling driver
ip_conntrack version 2.4 (2043 buckets, 16344 max) - 288 bytes per conntrack
ip_tables: (C) 2000-2006 Netfilter Core Team
joydump: ,------------------ START ----------------.
joydump: | Dumping:      pci0000:00:06.0/gameport0 |
joydump: | Speed:                         1885 kHz |
joydump: >------------------ DATA -----------------<
joydump: | index:   0 delta:   0 us data: 11111111 |
joydump: `------------------- END -----------------'
usb 1-3: new device found, idVendor=10df, idProduct=0500
usb 1-3: new device strings: Mfr=1, Product=2, SerialNumber=3
usb 1-3: Product:      
usb 1-3: Manufacturer: USB2.0
usb 1-3: SerialNumber: 041000001C22
usb 1-3: configuration #1 chosen from 1 choice
scsi3 : SCSI emulation for USB Mass Storage devices
usb-storage: device found at 3
usb-storage: waiting for device to settle before scanning
ClusterIP Version 0.8 loaded successfully
TCP bic registered
TCP cubic registered
TCP westwood registered
TCP highspeed registered
TCP hybla registered
TCP htcp registered
TCP vegas registered
TCP veno registered
TCP scalable registered
TCP lp registered
Initializing IPsec netlink socket
NET: Registered protocol family 1
NET: Registered protocol family 10
lo: Disabled Privacy Extensions
IPv6 over IPv4 tunneling driver
ip6_tables: (C) 2000-2006 Netfilter Core Team
NET: Registered protocol family 17
NET: Registered protocol family 15
CCID: Registered CCID 3 (ccid3)
CCID: Registered CCID 2 (ccid2)
SCTP: Hash tables configured (established 16384 bind 16384)
powernow-k8: Found 1 AMD Opteron(tm) Processor 244 processors (version 2.00.00)
powernow-k8: BIOS error - no PSB or ACPI _PSS objects
BIOS EDD facility v0.16 2004-Jun-25, 4 devices found
md: Autodetecting RAID arrays.
md: autorun ...
md: considering sde2 ...
md:  adding sde2 ...
md:  adding sdd2 ...
md: sdc1 has different UUID to sde2
md: sdb5 has different UUID to sde2
md: sdb1 has different UUID to sde2
md: sda5 has different UUID to sde2
md: sda2 has different UUID to sde2
md: created md2
md: bind<sdd2>
md: bind<sde2>
md: running: <sde2><sdd2>
raid1: raid set md2 active with 2 out of 2 mirrors
md2: bitmap initialized from disk: read 12/12 pages, set 1 bits, status: 0
created bitmap (177 pages) for device md2
md: considering sdc1 ...
md:  adding sdc1 ...
md:  adding sdb5 ...
md: sdb1 has different UUID to sdc1
md:  adding sda5 ...
md: sda2 has different UUID to sdc1
md: created md3
md: bind<sda5>
md: bind<sdb5>
md: export_rdev(sdc1)
md: running: <sdb5><sda5>
raid1: raid set md3 active with 2 out of 2 mirrors
md: considering sdb1 ...
md:  adding sdb1 ...
md:  adding sda2 ...
md: created md0
md: bind<sda2>
md: bind<sdb1>
md: running: <sdb1><sda2>
raid1: raid set md0 active with 2 out of 2 mirrors
md: ... autorun DONE.
kjournald starting.  Commit interval 5 seconds
EXT3-fs: mounted filesystem with ordered data mode.
VFS: Mounted root (ext3 filesystem) readonly.
Freeing unused kernel memory: 252k freed
usb 4-1: new full speed USB device using uhci_hcd and address 2
usb 4-1: new device found, idVendor=04b8, idProduct=010b
usb 4-1: new device strings: Mfr=1, Product=2, SerialNumber=0
usb 4-1: Product: Perfection1240
usb 4-1: Manufacturer: EPSON
usb 4-1: configuration #1 chosen from 1 choice
usb 4-2: new low speed USB device using uhci_hcd and address 3
usb 4-2: new device found, idVendor=09da, idProduct=001a
usb 4-2: new device strings: Mfr=1, Product=2, SerialNumber=0
usb 4-2: Product: RF USB Mouse
usb 4-2: Manufacturer: A4Tech
usb 4-2: configuration #1 chosen from 1 choice
input: A4Tech RF USB Mouse as /class/input/input2
input: USB HID v1.10 Mouse [A4Tech RF USB Mouse] on usb-0000:00:10.2-2
warning: process `touch' used the removed sysctl system call
warning: process `touch' used the removed sysctl system call
warning: process `touch' used the removed sysctl system call
warning: process `alsactl' used the removed sysctl system call
warning: process `touch' used the removed sysctl system call
scsi 3:0:0:0: Direct access     USB2.0         HS-CF 1.64 PQ: 0 ANSI: 0
sd 3:0:0:0: Attached scsi removable disk sdf
sd 3:0:0:0: Attached scsi generic sg5 type 0
scsi 3:0:0:1: Direct access     USB2.0         HS-MS 1.64 PQ: 0 ANSI: 0
sd 3:0:0:1: Attached scsi removable disk sdg
sd 3:0:0:1: Attached scsi generic sg6 type 0
scsi 3:0:0:2: Direct access     USB2.0         HS-SM 1.64 PQ: 0 ANSI: 0
sd 3:0:0:2: Attached scsi removable disk sdh
sd 3:0:0:2: Attached scsi generic sg7 type 0
scsi 3:0:0:3: Direct access     USB2.0         HS-SD/MMC 1.64 PQ: 0 ANSI: 0
sd 3:0:0:3: Attached scsi removable disk sdi
sd 3:0:0:3: Attached scsi generic sg8 type 0
usb-storage: device scan complete
loadkeys[2148]: segfault at 00000000000005a0 rip 00002ae93bf56dc9 rsp 00007fff6ee83bb8 error 4
Adding 1000424k swap on /dev/sda6.  Priority:1 extents:1 across:1000424k
EXT3 FS on sdd1, internal journal
kjournald starting.  Commit interval 5 seconds
EXT3 FS on md3, internal journal
EXT3-fs: mounted filesystem with ordered data mode.
kjournald starting.  Commit interval 5 seconds
EXT3 FS on sda8, internal journal
EXT3-fs: mounted filesystem with writeback data mode.
kjournald starting.  Commit interval 5 seconds
EXT3 FS on md2, internal journal
EXT3-fs: mounted filesystem with ordered data mode.
kjournald starting.  Commit interval 5 seconds
EXT3 FS on md0, internal journal
EXT3-fs: mounted filesystem with journal data mode.
kjournald starting.  Commit interval 5 seconds
EXT3-fs: mounted filesystem with writeback data mode.
kjournald starting.  Commit interval 5 seconds
EXT3 FS on sda7, internal journal
EXT3-fs: mounted filesystem with ordered data mode.
PM: Writing back config space on device 0000:00:0b.0 at offset b (was 165314e4, writing 13001462)
PM: Writing back config space on device 0000:00:0b.0 at offset 3 (was 0, writing 2008)
PM: Writing back config space on device 0000:00:0b.0 at offset 2 (was 2000000, writing 2000003)
PM: Writing back config space on device 0000:00:0b.0 at offset 1 (was 2b00000, writing 2b00006)
ADDRCONF(NETDEV_UP): eth0: link is not ready
tg3: eth0: Link is up at 100 Mbps, full duplex.
tg3: eth0: Flow control is on for TX and on for RX.
ADDRCONF(NETDEV_CHANGE): eth0: link becomes ready
eth0: no IPv6 routers present