Date: Sat, 4 May 2002 12:58:57 +0200
From: tomas szepe <>
Subject: Re: kbuild 2.5 release 2.4
Sender: linux-kernel-owner@vger.kernel.org
Precedence: bulk
List-ID: <linux-kernel.vger.kernel.org>
X-Mailing-List: linux-kernel@vger.kernel.org
X-Lkml-Link: https://lkml.org/lkml/2002/5/4/29

> $ cd ~ && rm -rf build && mkdir build && cd build
> $ export KBUILD_SRCTREE_000=/usr/src/linux-2.5.13
> $ export KBUILD_OBJTREE=$PWD
> $ alias M="make -f $KBUILD_SRCTREE_000/Makefile-2.5"
> $ touch foo bar baz
> $ M mrproper
> spec value %p not found
> $ ls foo bar baz
> /bin/ls: foo: No such file or directory
> /bin/ls: bar: No such file or directory
> /bin/ls: baz: No such file or directory
> $ # oh my! wherez mah precious files gone!
Duh... I failed to demonstrate the real problem: kbuild-2.5's mrproper
also erases *non-zero-size* files in the object tree:
$ pwd
/home/kala/build
$ set| grep KBUILD
KBUILD_OBJTREE=/home/kala/build
KBUILD_SRCTREE_000=/usr/src/linux-2.5.13
$ alias M='make -f /usr/src/linux-2.5.13/Makefile-2.5'
$ echo foo >bar
$ ls -l bar
-rw-r--r--    1 kala     users           4 May  4 12:56 bar
$ M mrproper
spec value %p not found
$ ls -la
total 3
drwxr-xr-x    2 kala     users          48 May  4 12:56 ./
drwx--x--x   26 kala     users        1664 May  3 19:58 ../
T.
-
To unsubscribe from this list: send the line "unsubscribe linux-kernel" in
the body of a message to majordomo@vger.kernel.org
More majordomo info at  
http://vger.kernel.org/majordomo-info.html
Please read the FAQ at  
http://www.tux.org/lkml/