Date: Tue, 22 Aug 2000 05:48:35 -0500 (CDT)
From: "Forever shall I be." <>
Subject: Re: 2.4.0-test6 memory leak?
Sender: linux-kernel-owner@vger.kernel.org
Precedence: bulk
List-ID: <linux-kernel.vger.kernel.org>
X-Mailing-List: linux-kernel@vger.kernel.org
X-Lkml-Link: https://lkml.org/lkml/2000/8/22/16

This is the results using idebus=66
After boot:
             total       used       free     shared    buffers     cached
Mem:        255744      15152     240592          0       2356       7100
-/+ buffers/cache:       5696     250048
Swap:            0          0          0
After 'find /':
             total       used       free     shared    buffers     cached
Mem:        255744     251652       4092          0     177040       5324
-/+ buffers/cache:      69288     186456
Swap:            0          0          0
So, it's not more severe, that was just my imagination.. However, I've had
this thing take up all but about 80mb, and it's not pretty...  It also
happens with 2.4.0-test4, and I'd assume 2.4.0-test5..  Also, I've
attached dmesg output this time ;) ..
/dev/ide/host0/bus0/target0/lun0/part1 is ext2fs mounted on /, but it also
happens with the other drives, which are FAT32..
--
Zinx Verituse <zinx@linuxfreak.com>                          :(){ :|:&};:
gpg (id 921B1558) (fp 5746 73A1 2184 A27A 9EC0  EDCC E132 BCEF 921B 1558)
Linux version 2.4.0-test6 (root@bliss) (gcc version 2.95.2 19991024 (release)) #1 Mon Aug 21 16:06:00 CDT 2000
BIOS-provided physical RAM map:
 e820: 000000000009fc00 @ 0000000000000000 (usable)
 e820: 0000000000000400 @ 000000000009fc00 (reserved)
 e820: 0000000000020000 @ 00000000000e0000 (reserved)
 e820: 000000000ff00000 @ 0000000000100000 (usable)
 e820: 0000000000040000 @ 00000000fffc0000 (reserved)
Scan SMP from c0000000 for 1024 bytes.
Scan SMP from c009fc00 for 1024 bytes.
Scan SMP from c00f0000 for 65536 bytes.
Scan SMP from c009fc00 for 4096 bytes.
On node 0 totalpages: 65536
zone(0): 4096 pages.
zone(1): 61440 pages.
zone(2): 0 pages.
mapped APIC to ffffe000 (01405000)
Kernel command line: mem=262144K  root=/dev/discs/disc0/part1,ro idebus=66 apm=off
ide_setup: idebus=66
Initializing CPU#0
Detected 451026478 Hz processor.
Console: colour VGA+ 80x25
Calibrating delay loop... 897.84 BogoMIPS
Memory: 255524k/262144k available (1561k kernel code, 6232k reserved, 116k data, 220k init, 0k highmem)
Dentry-cache hash table entries: 32768 (order: 6, 262144 bytes)
Buffer-cache hash table entries: 16384 (order: 4, 65536 bytes)
Page-cache hash table entries: 65536 (order: 6, 262144 bytes)
Inode-cache hash table entries: 16384 (order: 5, 131072 bytes)
CPU: Intel Pentium III (Katmai) stepping 03
Checking 386/387 coupling... OK, FPU using exception 16 error reporting.
Enabling fast FPU save and restore... done.
Enabling unmasked SIMD FPU exception support... done.
Checking SIMD FPU exceptions... OK, SIMD FPU using exception 19 error reporting.
Checking 'hlt' instruction... OK.
POSIX conformance testing by UNIFIX
mtrr: v1.36 (20000221) Richard Gooch (rgooch@atnf.csiro.au)
PCI: PCI BIOS revision 2.10 entry at 0xfdb81, last bus=1
PCI: Using configuration type 1
PCI: Probing PCI hardware
Limiting direct PCI/PCI transfers.
isapnp: Scanning for Pnp cards...
isapnp: No Plug & Play device found
Linux NET4.0 for Linux 2.4
Based upon Swansea University Computer Society NET3.039
NET4: Unix domain sockets 1.0/SMP for Linux NET4.0.
NET4: Linux TCP/IP 1.0 for NET4.0
IP Protocols: ICMP, UDP, TCP
IP: routing cache hash table of 2048 buckets, 16Kbytes
TCP: Hash tables configured (established 16384 bind 16384)
apm: BIOS version 1.2 Flags 0x03 (Driver version 1.13)
apm: disabled on user request.
ACPI: found PIIX4 at 0x0400
Starting kswapd v1.7
parport0: PC-style at 0x378 [PCSPP]
pty: 256 Unix98 ptys configured
Uniform Multi-Platform E-IDE driver Revision: 6.31
ide: Assuming 66MHz system bus speed for PIO modes
PIIX4: IDE controller on PCI bus 00 dev 39
PIIX4: chipset revision 1
PIIX4: not 100% native mode: will probe irqs later
    ide0: BM-DMA at 0xffa0-0xffa7, BIOS settings: hda:DMA, hdb:DMA
    ide1: BM-DMA at 0xffa8-0xffaf, BIOS settings: hdc:DMA, hdd:DMA
hda: Maxtor 92732U8, ATA DISK drive
hdb: WDC AC12100L, ATA DISK drive
hdc: WDC AC35100L, ATA DISK drive
hdd: CD-ROM TW 240D, ATAPI CDROM drive
ide0 at 0x1f0-0x1f7,0x3f6 on irq 14
ide1 at 0x170-0x177,0x376 on irq 15
hda: 53369568 sectors (27325 MB) w/2048KiB Cache, CHS=3322/255/63, UDMA(33)
hdb: 4124736 sectors (2112 MB) w/256KiB Cache, CHS=1023/64/63, UDMA(33)
hdc: 10085040 sectors (5164 MB) w/256KiB Cache, CHS=10672/15/63, UDMA(33)
hdd: ATAPI 24X CD-ROM drive, 120kB Cache, DMA
Uniform CD-ROM driver Revision: 3.11
Partition check:
 /dev/ide/host0/bus0/target0/lun0: p1
 /dev/ide/host0/bus0/target1/lun0:
 /dev/ide/host0/bus1/target0/lun0: [PTBL] [627/255/63] p1 p2 p3 p4
Floppy drive(s): fd0 is 1.44M
FDC 0 is a post-1991 82077
scsi : 0 hosts.
scsi : detected total.
SLIP: version 0.8.4-NET3.019-NEWTTY (dynamic channels, max=256).
Serial driver version 5.01 (2000-05-29) with MANY_PORTS SHARE_IRQ SERIAL_PCI ISAPNP enabled
ttyS00 at 0x03f8 (irq = 4) is a 16550A
ttyS01 at 0x02f8 (irq = 3) is a 16550A
Real Time Clock Driver v1.10c
PPP generic driver version 2.4.1
plip: parport0 has no IRQ. Using IRQ-less mode,which is fairly inefficient!
NET3 PLIP version 2.4-parport gniibe@mri.co.jp
plip0: Parallel port at 0x378, not using IRQ.
Linux PCMCIA Card Services 3.1.11
  options:  [pci] [cardbus] [pm]
ip_tables: (c)2000 Netfilter core team
ip_conntrack (2048 buckets, 16384 max)
devfs: v0.102 (20000622) Richard Gooch (rgooch@atnf.csiro.au)
devfs: boot_options: 0x0
kmem_create: Forcing size word alignment - nfs_fh
ds: no socket drivers loaded!
VFS: Mounted root (ext2 filesystem) readonly.
Mounted devfs on /dev
Freeing unused kernel memory: 220k freed