Date: Thu, 21 Jun 2007 15:40:05 +0200
From: "Marco Berizzi" <>
Subject: Re: 2.6.21.3 Oops (was Re: XFS internal error xfs_da_do_buf(2) at line 2087 of file fs/xfs/xfs_da_btree.c. Caller 0xc01b00bd)
Sender: linux-kernel-owner@vger.kernel.org
Precedence: bulk
List-ID: <linux-kernel.vger.kernel.org>
X-Mailing-List: linux-kernel@vger.kernel.org
X-Lkml-Link: https://lkml.org/lkml/2007/6/21/110

Marco Berizzi wrote:
> Satyam Sharma wrote:
>
> > Hi Marco,
>
> Ciao Satyam, thanks for the feedback.
>
> > [ Re-adding David, XFS, Andrew and Christoph; this appears to be
> > some SLAB / fs (?) issue, so I'm a little out of my depth here :-) ]
> >
> > > > On 6/8/07, Marco Berizzi <pupilla@hotmail.com> wrote:
> > > >> After few hours linux has crashed with this message:
> > > >> BUG: at arch/i386/kernel/smp.c:546 smp_call_function()
> >
> > Well, _this_ particular "bug" (due to a WARN_ON(irqs_disabled)
> > that should be avoided when we're panicing) is resolved in the
latest
> > 22-rc4 / -git kernel. However, interestingly, this is not the
problem
> that
> > crashed your system in the first place. Your box had *already*
> paniced,
> > due to unknown reasons, and _then_ hit the aforementioned WARN_ON.
> >
> > > > Which kernel (exactly) was this
> > >
> > > 2.6.21.3
> >
> > Ok, so apparently what happened here was this:
> >
> > Some RCU callback (that calls kmem_cache_free()) oopsed and
> > panic'ed his box. [ Marco had experienced fs issues lately, so we
> could
> > suspect file_free_rcu() here, but I can't really tell from the stack
> trace;
> > BTW whats with the rampant disease in the kernel to declare as
inline
> > even those functions exclusively meant to be dereferenced and passed
> > as pointers to call_rcu()?! ]
> >
> > Sadly, 21.3 (21.4 too, actually) had a busticated smp_send_stop()
> > that would always go WARN_ON when called by panic() as mentioned
> > above, which meant that the original dmesg stuff outputted by the
oops
> +
> > panic got scrolled up and all that we had on the screen was the
stack
> trace
> > for the WARN_ON when you snapped the pic -- the system didn't write
to
> > syslog messages in time and so the extract below isn't quite useful
> :-(
> >
> > > >  and does this occur
> > > > reproducibly?
> > >
> > > I don't know. I try to explain. With all debugging options
> > > enabled 2.6.21.x has never crashed. After two days 2.6.21.3
> > > was running without any debug options, it has crashed.
> > > Tomorrow morning I will start that linux box with linux 2.6.21.3
> > > without any debug options, and I will keep you informed
> > > (friday evening I have switched back to 2.6.21.3 with debug
> > > options enabled, so the machine doesn't crash during the week
> > > end: this system is my company firewall.)
> >
> > I hope you're able to reproduce this with various debug options
> > enabled
>
> No, I'm not able to reproduce this error with the debug options
> enabled.
> Friday evening (UTC) I have compiled 2.6.21.3 with only slab
> debug option enabled and the machine has not been crashed
> after 3 days (till now).
>
> >  (and/or also try the latest 22-rc4 or -git kernel).
>
> Yes, I can try 2.6.22-rc4. I'm going to compile it right
> now...
Hello everybody.
Few minutes ago 2.6.22-rc5 has been
crashed with this error (see also the
bitmap at 
http://80.204.235.230/foto2.jpg
).
Just for record: if I build linux
with 'Debug slab memory allocations'
the box doesn't crash.
Jun 18 17:58:24 Pleiadi kernel: klogd 1.4.1, log source = /proc/kmsg
started.
Jun 18 17:58:24 Pleiadi kernel: Linux version 2.6.22-rc5 (root@Pleiadi)
(gcc version 3.4.6) #1 SMP Mon Jun 18 17:54:46 CEST 2007
Jun 18 17:58:24 Pleiadi kernel: BIOS-provided physical RAM map:
Jun 18 17:58:24 Pleiadi kernel:  BIOS-e820: 0000000000000000 -
000000000009ac00 (usable)
Jun 18 17:58:24 Pleiadi kernel:  BIOS-e820: 000000000009ac00 -
00000000000a0000 (reserved)
Jun 18 17:58:24 Pleiadi kernel:  BIOS-e820: 00000000000ce000 -
00000000000d0000 (reserved)
Jun 18 17:58:24 Pleiadi kernel:  BIOS-e820: 00000000000e0000 -
0000000000100000 (reserved)
Jun 18 17:58:24 Pleiadi kernel:  BIOS-e820: 0000000000100000 -
000000003fef0000 (usable)
Jun 18 17:58:24 Pleiadi kernel:  BIOS-e820: 000000003fef0000 -
000000003fefb000 (ACPI data)
Jun 18 17:58:24 Pleiadi kernel:  BIOS-e820: 000000003fefb000 -
000000003ff00000 (ACPI NVS)
Jun 18 17:58:24 Pleiadi kernel:  BIOS-e820: 000000003ff00000 -
000000003ff80000 (usable)
Jun 18 17:58:24 Pleiadi kernel:  BIOS-e820: 000000003ff80000 -
0000000040000000 (reserved)
Jun 18 17:58:24 Pleiadi kernel:  BIOS-e820: 00000000e0000000 -
00000000f0000000 (reserved)
Jun 18 17:58:24 Pleiadi kernel:  BIOS-e820: 00000000fec00000 -
00000000fed00400 (reserved)
Jun 18 17:58:24 Pleiadi kernel:  BIOS-e820: 00000000fee00000 -
00000000fef00000 (reserved)
Jun 18 17:58:24 Pleiadi kernel:  BIOS-e820: 00000000ffb00000 -
00000000ffc00000 (reserved)
Jun 18 17:58:24 Pleiadi kernel:  BIOS-e820: 00000000fff00000 -
0000000100000000 (reserved)
Jun 18 17:58:24 Pleiadi kernel: 127MB HIGHMEM available.
Jun 18 17:58:24 Pleiadi kernel: 896MB LOWMEM available.
Jun 18 17:58:24 Pleiadi kernel: found SMP MP-table at 000f6c10
Jun 18 17:58:24 Pleiadi kernel: Entering add_active_range(0, 0, 262016)
0 entries of 256 used
Jun 18 17:58:24 Pleiadi kernel: Zone PFN ranges:
Jun 18 17:58:24 Pleiadi kernel:   DMA             0 ->     4096
Jun 18 17:58:24 Pleiadi kernel:   Normal       4096 ->   229376
Jun 18 17:58:24 Pleiadi kernel:   HighMem    229376 ->   262016
Jun 18 17:58:24 Pleiadi kernel: early_node_map[1] active PFN ranges
Jun 18 17:58:24 Pleiadi kernel:     0:        0 ->   262016
Jun 18 17:58:24 Pleiadi kernel: On node 0 totalpages: 262016
Jun 18 17:58:24 Pleiadi kernel:   DMA zone: 32 pages used for memmap
Jun 18 17:58:24 Pleiadi kernel:   DMA zone: 0 pages reserved
Jun 18 17:58:24 Pleiadi kernel:   DMA zone: 4064 pages, LIFO batch:0
Jun 18 17:58:24 Pleiadi kernel:   Normal zone: 1760 pages used for
memmap
Jun 18 17:58:24 Pleiadi kernel:   Normal zone: 223520 pages, LIFO
batch:31
Jun 18 17:58:24 Pleiadi kernel:   HighMem zone: 255 pages used for
memmap
Jun 18 17:58:24 Pleiadi kernel:   HighMem zone: 32385 pages, LIFO
batch:7
Jun 18 17:58:24 Pleiadi kernel: DMI present.
Jun 18 17:58:24 Pleiadi kernel: ACPI: RSDP 000F6BA0, 0024 (r2 PTLTD )
Jun 18 17:58:24 Pleiadi kernel: ACPI: XSDT 3FEF5381, 004C (r1 PTLTD  ^I
XSDT    6040001  LTP        0)
Jun 18 17:58:24 Pleiadi kernel: ACPI: FACP 3FEF5441, 00F4 (r3 FSC
6040001         F4240)
Jun 18 17:58:24 Pleiadi kernel: ACPI: DSDT 3FEF5535, 597B (r1 FSC
D1649     6040001 MSFT  2000002)
Jun 18 17:58:24 Pleiadi kernel: ACPI: FACS 3FEFBFC0, 0040
Jun 18 17:58:24 Pleiadi kernel: ACPI: SPCR 3FEFAEB0, 0050 (r1 PTLTD
$UCRTBL$  6040001 PTL         1)
Jun 18 17:58:24 Pleiadi kernel: ACPI: MCFG 3FEFAF00, 0040 (r1 PTLTD
MCFG    6040001  LTP        0)
Jun 18 17:58:24 Pleiadi kernel: ACPI: APIC 3FEFAF40, 0098 (r1 PTLTD  ^I
APIC    6040001  LTP        0)
Jun 18 17:58:24 Pleiadi kernel: ACPI: BOOT 3FEFAFD8, 0028 (r1 PTLTD
$SBFTBL$  6040001  LTP        1)
Jun 18 17:58:24 Pleiadi kernel: ACPI: PM-Timer IO Port: 0xf008
Jun 18 17:58:24 Pleiadi kernel: ACPI: Local APIC address 0xfee00000
Jun 18 17:58:24 Pleiadi kernel: ACPI: LAPIC (acpi_id[0x00]
lapic_id[0x00] enabled)
Jun 18 17:58:24 Pleiadi kernel: Processor #0 15:4 APIC version 20
Jun 18 17:58:24 Pleiadi kernel: ACPI: LAPIC (acpi_id[0x01]
lapic_id[0x01] enabled)
Jun 18 17:58:24 Pleiadi kernel: Processor #1 15:4 APIC version 20
Jun 18 17:58:24 Pleiadi kernel: ACPI: LAPIC_NMI (acpi_id[0x00] high edge
lint[0x1])
Jun 18 17:58:24 Pleiadi kernel: ACPI: LAPIC_NMI (acpi_id[0x01] high edge
lint[0x1])
Jun 18 17:58:24 Pleiadi kernel: ACPI: IOAPIC (id[0x02]
address[0xfec00000] gsi_base[0])
Jun 18 17:58:24 Pleiadi kernel: IOAPIC[0]: apic_id 2, version 32,
address 0xfec00000, GSI 0-23
Jun 18 17:58:24 Pleiadi kernel: ACPI: IOAPIC (id[0x03]
address[0xfec80000] gsi_base[24])
Jun 18 17:58:24 Pleiadi kernel: IOAPIC[1]: apic_id 3, version 32,
address 0xfec80000, GSI 24-47
Jun 18 17:58:24 Pleiadi kernel: ACPI: IOAPIC (id[0x04]
address[0xfec80800] gsi_base[48])
Jun 18 17:58:24 Pleiadi kernel: IOAPIC[2]: apic_id 4, version 32,
address 0xfec80800, GSI 48-71
Jun 18 17:58:24 Pleiadi kernel: ACPI: IOAPIC (id[0x05]
address[0xfec84000] gsi_base[72])
Jun 18 17:58:24 Pleiadi kernel: IOAPIC[3]: apic_id 5, version 32,
address 0xfec84000, GSI 72-95
Jun 18 17:58:24 Pleiadi kernel: ACPI: IOAPIC (id[0x06]
address[0xfec84800] gsi_base[96])
Jun 18 17:58:24 Pleiadi kernel: IOAPIC[4]: apic_id 6, version 32,
address 0xfec84800, GSI 96-119
Jun 18 17:58:24 Pleiadi kernel: ACPI: INT_SRC_OVR (bus 0 bus_irq 0
global_irq 2 high edge)
Jun 18 17:58:24 Pleiadi kernel: ACPI: INT_SRC_OVR (bus 0 bus_irq 9
global_irq 9 high level)
Jun 18 17:58:24 Pleiadi kernel: ACPI: IRQ0 used by override.
Jun 18 17:58:24 Pleiadi kernel: ACPI: IRQ2 used by override.
Jun 18 17:58:24 Pleiadi kernel: ACPI: IRQ9 used by override.
Jun 18 17:58:24 Pleiadi kernel: Enabling APIC mode:  Flat.  Using 5 I/O
APICs
Jun 18 17:58:24 Pleiadi kernel: Using ACPI (MADT) for SMP configuration
information
Jun 18 17:58:24 Pleiadi kernel: Allocating PCI resources starting at
50000000 (gap: 40000000:a0000000)
Jun 18 17:58:24 Pleiadi kernel: Built 1 zonelists.  Total pages: 259969
Jun 18 17:58:24 Pleiadi kernel: Kernel command line: BOOT_IMAGE=Linux ro
root=801
Jun 18 17:58:24 Pleiadi kernel: mapped APIC to ffffd000 (fee00000)
Jun 18 17:58:24 Pleiadi kernel: mapped IOAPIC to ffffc000 (fec00000)
Jun 18 17:58:24 Pleiadi kernel: mapped IOAPIC to ffffb000 (fec80000)
Jun 18 17:58:24 Pleiadi kernel: mapped IOAPIC to ffffa000 (fec80800)
Jun 18 17:58:24 Pleiadi kernel: mapped IOAPIC to ffff9000 (fec84000)
Jun 18 17:58:24 Pleiadi kernel: mapped IOAPIC to ffff8000 (fec84800)
Jun 18 17:58:24 Pleiadi kernel: Enabling fast FPU save and restore...
done.
Jun 18 17:58:24 Pleiadi kernel: Enabling unmasked SIMD FPU exception
support... done.
Jun 18 17:58:24 Pleiadi kernel: Initializing CPU#0
Jun 18 17:58:24 Pleiadi kernel: PID hash table entries: 4096 (order: 12,
16384 bytes)
Jun 18 17:58:24 Pleiadi kernel: Detected 3200.409 MHz processor.
Jun 18 17:58:24 Pleiadi kernel: Console: colour VGA+ 80x25
Jun 18 17:58:24 Pleiadi kernel: Dentry cache hash table entries: 131072
(order: 7, 524288 bytes)
Jun 18 17:58:24 Pleiadi kernel: Inode-cache hash table entries: 65536
(order: 6, 262144 bytes)
Jun 18 17:58:24 Pleiadi kernel: Memory: 1035200k/1048064k available
(2070k kernel code, 12228k reserved, 625k data, 204k init, 130496k
highmem)
Jun 18 17:58:24 Pleiadi kernel: virtual kernel memory layout:
Jun 18 17:58:24 Pleiadi kernel:     fixmap  : 0xfff9d000 - 0xfffff000
( 392 kB)
Jun 18 17:58:24 Pleiadi kernel:     pkmap   : 0xff800000 - 0xffc00000
(4096 kB)
Jun 18 17:58:24 Pleiadi kernel:     vmalloc : 0xf8800000 - 0xff7fe000
( 111 MB)
Jun 18 17:58:24 Pleiadi kernel:     lowmem  : 0xc0000000 - 0xf8000000
( 896 MB)
Jun 18 17:58:24 Pleiadi kernel:       .init : 0xc03a7000 - 0xc03da000
( 204 kB)
Jun 18 17:58:24 Pleiadi kernel:       .data : 0xc030595e - 0xc03a2000
( 625 kB)
Jun 18 17:58:24 Pleiadi kernel:       .text : 0xc0100000 - 0xc030595e
(2070 kB)
Jun 18 17:58:24 Pleiadi kernel: Checking if this processor honours the
WP bit even in supervisor mode... Ok.
Jun 18 17:58:24 Pleiadi kernel: Calibrating delay using timer specific
routine.. 6403.79 BogoMIPS (lpj=32018969)
Jun 18 17:58:24 Pleiadi kernel: Mount-cache hash table entries: 512
Jun 18 17:58:24 Pleiadi kernel: CPU: After generic identify, caps:
bfebfbff 20100000 00000000 00000000 0000641d 00000000 00000001
Jun 18 17:58:24 Pleiadi kernel: monitor/mwait feature present.
Jun 18 17:58:24 Pleiadi kernel: using mwait in idle threads.
Jun 18 17:58:24 Pleiadi kernel: CPU: Trace cache: 12K uops, L1 D cache:
16K
Jun 18 17:58:24 Pleiadi kernel: CPU: L2 cache: 2048K
Jun 18 17:58:24 Pleiadi kernel: CPU: Physical Processor ID: 0
Jun 18 17:58:24 Pleiadi kernel: CPU: After all inits, caps: bfebfbff
20100000 00000000 0000b180 0000641d 00000000 00000001
Jun 18 17:58:24 Pleiadi kernel: Compat vDSO mapped to ffffe000.
Jun 18 17:58:24 Pleiadi kernel: Checking 'hlt' instruction... OK.
Jun 18 17:58:24 Pleiadi kernel: Freeing SMP alternatives: 10k freed
Jun 18 17:58:24 Pleiadi kernel: ACPI: Core revision 20070126
Jun 18 17:58:24 Pleiadi kernel: CPU0: Intel(R) Xeon(TM) CPU 3.20GHz
stepping 0a
Jun 18 17:58:24 Pleiadi kernel: Booting processor 1/1 eip 2000
Jun 18 17:58:24 Pleiadi kernel: Initializing CPU#1
Jun 18 17:58:24 Pleiadi kernel: Calibrating delay using timer specific
routine.. 6400.44 BogoMIPS (lpj=32002233)
Jun 18 17:58:24 Pleiadi kernel: CPU: After generic identify, caps:
bfebfbff 20100000 00000000 00000000 0000641d 00000000 00000001
Jun 18 17:58:24 Pleiadi kernel: monitor/mwait feature present.
Jun 18 17:58:24 Pleiadi kernel: CPU: Trace cache: 12K uops, L1 D cache:
16K
Jun 18 17:58:24 Pleiadi kernel: CPU: L2 cache: 2048K
Jun 18 17:58:24 Pleiadi kernel: CPU: Physical Processor ID: 0
Jun 18 17:58:24 Pleiadi kernel: CPU: After all inits, caps: bfebfbff
20100000 00000000 0000b180 0000641d 00000000 00000001
Jun 18 17:58:24 Pleiadi kernel: CPU1: Intel(R) Xeon(TM) CPU 3.20GHz
stepping 0a
Jun 18 17:58:24 Pleiadi kernel: Total of 2 processors activated
(12804.24 BogoMIPS).
Jun 18 17:58:24 Pleiadi kernel: ENABLING IO-APIC IRQs
Jun 18 17:58:24 Pleiadi kernel: ..TIMER: vector=0x31 apic1=0 pin1=2
apic2=-1 pin2=-1
Jun 18 17:58:24 Pleiadi kernel: checking TSC synchronization [CPU#0 ->
CPU#1]: passed.
Jun 18 17:58:24 Pleiadi kernel: Brought up 2 CPUs
Jun 18 17:58:24 Pleiadi kernel: migration_cost=34
Jun 18 17:58:24 Pleiadi kernel: NET: Registered protocol family 16
Jun 18 17:58:24 Pleiadi kernel: ACPI: bus type pci registered
Jun 18 17:58:24 Pleiadi kernel: PCI: Found Intel Corporation E7520
Memory Controller Hub with MMCONFIG support.
Jun 18 17:58:24 Pleiadi kernel: PCI: Using MMCONFIG
Jun 18 17:58:24 Pleiadi kernel: Setting up standard PCI resources
Jun 18 17:58:24 Pleiadi kernel: ACPI: Interpreter enabled
Jun 18 17:58:24 Pleiadi kernel: ACPI: Using IOAPIC for interrupt routing
Jun 18 17:58:24 Pleiadi kernel: ACPI: Device [PS2M] status [00000008]:
functional but not present; setting present
Jun 18 17:58:24 Pleiadi kernel: ACPI: Device [ECP] status [00000008]:
functional but not present; setting present
Jun 18 17:58:24 Pleiadi kernel: ACPI: Device [COM1] status [00000008]:
functional but not present; setting present
Jun 18 17:58:24 Pleiadi kernel: ACPI: PCI Root Bridge [PCI0] (0000:00)
Jun 18 17:58:24 Pleiadi kernel: PCI: Probing PCI hardware (bus 00)
Jun 18 17:58:24 Pleiadi kernel: PCI quirk: region f000-f07f claimed by
ICH4 ACPI/GPIO/TCO
Jun 18 17:58:24 Pleiadi kernel: PCI quirk: region f180-f1bf claimed by
ICH4 GPIO
Jun 18 17:58:24 Pleiadi kernel: PCI: PXH quirk detected, disabling MSI
for SHPC device
Jun 18 17:58:24 Pleiadi kernel: PCI: PXH quirk detected, disabling MSI
for SHPC device
Jun 18 17:58:24 Pleiadi kernel: PCI: Transparent bridge - 0000:00:1e.0
Jun 18 17:58:24 Pleiadi kernel: ACPI: PCI Interrupt Routing Table
[\_SB_.PCI0._PRT]
Jun 18 17:58:24 Pleiadi kernel: ACPI: PCI Interrupt Routing Table
[\_SB_.PCI0.PEA0.DOB0._PRT]
Jun 18 17:58:24 Pleiadi kernel: ACPI: PCI Interrupt Routing Table
[\_SB_.PCI0.PEA0.DOB2._PRT]
Jun 18 17:58:24 Pleiadi kernel: ACPI: PCI Interrupt Routing Table
[\_SB_.PCI0.PEC0.PXH0._PRT]
Jun 18 17:58:24 Pleiadi kernel: ACPI: PCI Interrupt Routing Table
[\_SB_.PCI0.PEC0.PXH2._PRT]
Jun 18 17:58:24 Pleiadi kernel: ACPI: PCI Interrupt Link [LNKA] (IRQs 3
4 5 6 7 9 10 *11 12 14 15)
Jun 18 17:58:24 Pleiadi kernel: ACPI: PCI Interrupt Link [LNKB] (IRQs 3
4 5 6 7 *9 10 11 12 14 15)
Jun 18 17:58:24 Pleiadi kernel: ACPI: PCI Interrupt Link [LNKC] (IRQs 3
4 *5 6 7 9 10 11 12 14 15)
Jun 18 17:58:24 Pleiadi kernel: ACPI: PCI Interrupt Link [LNKD] (IRQs 3
4 5 6 7 9 *10 11 12 14 15)
Jun 18 17:58:24 Pleiadi kernel: ACPI: PCI Interrupt Link [LNKE] (IRQs 3
4 5 6 7 9 10 11 12 14 15) *0, disabled.
Jun 18 17:58:24 Pleiadi kernel: ACPI: PCI Interrupt Link [LNKF] (IRQs 3
4 5 6 7 9 10 11 12 14 15) *0, disabled.
Jun 18 17:58:24 Pleiadi kernel: ACPI: PCI Interrupt Link [LNKG] (IRQs 3
4 5 6 7 9 10 11 12 14 15) *0, disabled.
Jun 18 17:58:24 Pleiadi kernel: ACPI: PCI Interrupt Link [LNKH] (IRQs 3
*4 5 6 7 9 10 11 12 14 15)
Jun 18 17:58:24 Pleiadi kernel: Linux Plug and Play Support v0.97 (c)
Adam Belay
Jun 18 17:58:24 Pleiadi kernel: pnp: PnP ACPI init
Jun 18 17:58:24 Pleiadi kernel: ACPI: bus type pnp registered
Jun 18 17:58:24 Pleiadi kernel: pnp: PnP ACPI: found 11 devices
Jun 18 17:58:24 Pleiadi kernel: ACPI: ACPI bus type pnp unregistered
Jun 18 17:58:24 Pleiadi kernel: SCSI subsystem initialized
Jun 18 17:58:24 Pleiadi kernel: PCI: Using ACPI for IRQ routing
Jun 18 17:58:24 Pleiadi kernel: PCI: If a device doesn't work, try
"pci=routeirq".  If it helps, post a report
Jun 18 17:58:24 Pleiadi kernel: pnp: 00:02: iomem range
0xfee00000-0xfeefffff could not be reserved
Jun 18 17:58:24 Pleiadi kernel: pnp: 00:02: iomem range
0xfec00000-0xfecfffff could not be reserved
Jun 18 17:58:24 Pleiadi kernel: Time: tsc clocksource has been
installed.
Jun 18 17:58:24 Pleiadi kernel: PCI: Bridge: 0000:01:00.0
Jun 18 17:58:24 Pleiadi kernel:   IO window: 3000-3fff
Jun 18 17:58:24 Pleiadi kernel:   MEM window: de100000-de3fffff
Jun 18 17:58:24 Pleiadi kernel:   PREFETCH window: 50000000-501fffff
Jun 18 17:58:24 Pleiadi kernel: PCI: Bridge: 0000:01:00.2
Jun 18 17:58:24 Pleiadi kernel:   IO window: 4000-4fff
Jun 18 17:58:24 Pleiadi kernel:   MEM window: de400000-de4fffff
Jun 18 17:58:24 Pleiadi kernel:   PREFETCH window: 50200000-502fffff
Jun 18 17:58:24 Pleiadi kernel: PCI: Bridge: 0000:00:02.0
Jun 18 17:58:24 Pleiadi kernel:   IO window: 3000-4fff
Jun 18 17:58:24 Pleiadi kernel:   MEM window: de100000-de4fffff
Jun 18 17:58:24 Pleiadi kernel:   PREFETCH window: 50000000-502fffff
Jun 18 17:58:24 Pleiadi kernel: PCI: Bridge: 0000:00:04.0
Jun 18 17:58:24 Pleiadi kernel:   IO window: disabled.
Jun 18 17:58:24 Pleiadi kernel:   MEM window: de500000-de5fffff
Jun 18 17:58:24 Pleiadi kernel:   PREFETCH window: disabled.
Jun 18 17:58:24 Pleiadi kernel: PCI: Bridge: 0000:00:05.0
Jun 18 17:58:24 Pleiadi kernel:   IO window: disabled.
Jun 18 17:58:24 Pleiadi kernel:   MEM window: de600000-de6fffff
Jun 18 17:58:24 Pleiadi kernel:   PREFETCH window: disabled.
Jun 18 17:58:24 Pleiadi kernel: PCI: Bridge: 0000:06:00.0
Jun 18 17:58:24 Pleiadi kernel:   IO window: disabled.
Jun 18 17:58:24 Pleiadi kernel:   MEM window: disabled.
Jun 18 17:58:24 Pleiadi kernel:   PREFETCH window: disabled.
Jun 18 17:58:24 Pleiadi kernel: PCI: Bridge: 0000:06:00.2
Jun 18 17:58:24 Pleiadi kernel:   IO window: disabled.
Jun 18 17:58:24 Pleiadi kernel:   MEM window: disabled.
Jun 18 17:58:24 Pleiadi kernel:   PREFETCH window: disabled.
Jun 18 17:58:24 Pleiadi kernel: PCI: Bridge: 0000:00:06.0
Jun 18 17:58:24 Pleiadi kernel:   IO window: disabled.
Jun 18 17:58:24 Pleiadi kernel:   MEM window: de700000-de7fffff
Jun 18 17:58:24 Pleiadi kernel:   PREFETCH window: disabled.
Jun 18 17:58:24 Pleiadi kernel: PCI: Bridge: 0000:00:1e.0
Jun 18 17:58:24 Pleiadi kernel:   IO window: 5000-5fff
Jun 18 17:58:24 Pleiadi kernel:   MEM window: de800000-dfffffff
Jun 18 17:58:24 Pleiadi kernel:   PREFETCH window: 50300000-503fffff
Jun 18 17:58:24 Pleiadi kernel: ACPI: PCI Interrupt 0000:00:02.0[A] ->
GSI 16 (level, low) -> IRQ 16
Jun 18 17:58:24 Pleiadi kernel: PCI: Setting latency timer of device
0000:00:02.0 to 64
Jun 18 17:58:24 Pleiadi kernel: PCI: Setting latency timer of device
0000:01:00.0 to 64
Jun 18 17:58:24 Pleiadi kernel: PCI: Setting latency timer of device
0000:01:00.2 to 64
Jun 18 17:58:24 Pleiadi kernel: ACPI: PCI Interrupt 0000:00:04.0[A] ->
GSI 16 (level, low) -> IRQ 16
Jun 18 17:58:24 Pleiadi kernel: PCI: Setting latency timer of device
0000:00:04.0 to 64
Jun 18 17:58:24 Pleiadi kernel: ACPI: PCI Interrupt 0000:00:05.0[A] ->
GSI 16 (level, low) -> IRQ 16
Jun 18 17:58:24 Pleiadi kernel: PCI: Setting latency timer of device
0000:00:05.0 to 64
Jun 18 17:58:24 Pleiadi kernel: ACPI: PCI Interrupt 0000:00:06.0[A] ->
GSI 16 (level, low) -> IRQ 16
Jun 18 17:58:24 Pleiadi kernel: PCI: Setting latency timer of device
0000:00:06.0 to 64
Jun 18 17:58:24 Pleiadi kernel: ACPI: PCI Interrupt 0000:06:00.0[A] ->
GSI 16 (level, low) -> IRQ 16
Jun 18 17:58:24 Pleiadi kernel: PCI: Setting latency timer of device
0000:06:00.0 to 64
Jun 18 17:58:24 Pleiadi kernel: ACPI: PCI Interrupt 0000:06:00.2[B] ->
GSI 17 (level, low) -> IRQ 17
Jun 18 17:58:24 Pleiadi kernel: PCI: Setting latency timer of device
0000:06:00.2 to 64
Jun 18 17:58:24 Pleiadi kernel: PCI: Setting latency timer of device
0000:00:1e.0 to 64
Jun 18 17:58:24 Pleiadi kernel: NET: Registered protocol family 2
Jun 18 17:58:24 Pleiadi kernel: IP route cache hash table entries: 32768
(order: 5, 131072 bytes)
Jun 18 17:58:24 Pleiadi kernel: TCP established hash table entries:
131072 (order: 8, 1572864 bytes)
Jun 18 17:58:24 Pleiadi kernel: TCP bind hash table entries: 65536
(order: 7, 524288 bytes)
Jun 18 17:58:24 Pleiadi kernel: TCP: Hash tables configured (established
131072 bind 65536)
Jun 18 17:58:24 Pleiadi kernel: TCP reno registered
Jun 18 17:58:24 Pleiadi kernel: Simple Boot Flag at 0x5c set to 0x80
Jun 18 17:58:24 Pleiadi kernel: highmem bounce pool size: 64 pages
Jun 18 17:58:24 Pleiadi kernel: SGI XFS with no debug enabled
Jun 18 17:58:24 Pleiadi kernel: io scheduler noop registered
Jun 18 17:58:24 Pleiadi kernel: io scheduler deadline registered
(default)
Jun 18 17:58:24 Pleiadi kernel: Boot video device is 0000:09:05.0
Jun 18 17:58:24 Pleiadi kernel: Fusion MPT base driver 3.04.04
Jun 18 17:58:24 Pleiadi kernel: Copyright (c) 1999-2007 LSI Logic
Corporation
Jun 18 17:58:24 Pleiadi kernel: Fusion MPT SPI Host driver 3.04.04
Jun 18 17:58:24 Pleiadi kernel: ACPI: PCI Interrupt 0000:02:08.0[A] ->
GSI 24 (level, low) -> IRQ 18
Jun 18 17:58:24 Pleiadi kernel: mptbase: Initiating ioc0 bringup
Jun 18 17:58:24 Pleiadi kernel: ioc0: 53C1030: Capabilities={Initiator}
Jun 18 17:58:24 Pleiadi kernel: scsi0 : ioc0: LSI53C1030,
FwRev=01033000h, Ports=1, MaxQ=222, IRQ=18
Jun 18 17:58:24 Pleiadi kernel: scsi 0:0:0:0: Direct-Access     LSILOGIC
1030          IM 1000 PQ: 0 ANSI: 2
Jun 18 17:58:24 Pleiadi kernel: sd 0:0:0:0: [sda] 585728000 512-byte
hardware sectors (299893 MB)
Jun 18 17:58:24 Pleiadi kernel: sd 0:0:0:0: [sda] Write Protect is off
Jun 18 17:58:24 Pleiadi kernel: sd 0:0:0:0: [sda] Mode Sense: 03 00 00
08
Jun 18 17:58:24 Pleiadi kernel: sd 0:0:0:0: [sda] Write cache: disabled,
read cache: enabled, doesn't support DPO or FUA
Jun 18 17:58:24 Pleiadi kernel: sd 0:0:0:0: [sda] 585728000 512-byte
hardware sectors (299893 MB)
Jun 18 17:58:24 Pleiadi kernel: sd 0:0:0:0: [sda] Write Protect is off
Jun 18 17:58:24 Pleiadi kernel: sd 0:0:0:0: [sda] Mode Sense: 03 00 00
08
Jun 18 17:58:24 Pleiadi kernel: sd 0:0:0:0: [sda] Write cache: disabled,
read cache: enabled, doesn't support DPO or FUA
Jun 18 17:58:24 Pleiadi kernel:  sda: sda1 sda2 < sda5 sda6 sda7 sda8
sda9 >
Jun 18 17:58:24 Pleiadi kernel: sd 0:0:0:0: [sda] Attached SCSI disk
Jun 18 17:58:24 Pleiadi kernel: scsi 0:0:8:0: Processor         SDR
GEM318P          1    PQ: 0 ANSI: 2
Jun 18 17:58:24 Pleiadi kernel:  target0:0:8: Beginning Domain
Validation
Jun 18 17:58:24 Pleiadi kernel:  target0:0:8: Ending Domain Validation
Jun 18 17:58:24 Pleiadi kernel:  target0:0:8: asynchronous
Jun 18 17:58:24 Pleiadi kernel: scsi 0:1:0:0: Direct-Access     HITACHI
HUS103030FL3800  SK02 PQ: 0 ANSI: 3
Jun 18 17:58:24 Pleiadi kernel: mptbase: ioc0: RAID STATUS CHANGE for
VolumeID 0
Jun 18 17:58:24 Pleiadi kernel: mptbase: ioc0:   volume is now optimal,
enabled, quiesced
Jun 18 17:58:24 Pleiadi kernel: mptbase: ioc0: RAID STATUS CHANGE for
PhysDisk 0 id=0
Jun 18 17:58:24 Pleiadi kernel: mptbase: ioc0:   PhysDisk is now online,
quiesced
Jun 18 17:58:24 Pleiadi kernel: mptbase: ioc0: RAID STATUS CHANGE for
PhysDisk 1 id=0
Jun 18 17:58:24 Pleiadi kernel: mptbase: ioc0:   PhysDisk is now online,
quiesced
Jun 18 17:58:24 Pleiadi kernel:  target0:1:0: Beginning Domain
Validation
Jun 18 17:58:24 Pleiadi kernel:  target0:1:0: Ending Domain Validation
Jun 18 17:58:24 Pleiadi kernel: mptbase: ioc0: RAID STATUS CHANGE for
VolumeID 0
Jun 18 17:58:24 Pleiadi kernel: mptbase: ioc0:   volume is now optimal,
enabled
Jun 18 17:58:24 Pleiadi kernel: mptbase: ioc0: RAID STATUS CHANGE for
PhysDisk 0 id=0
Jun 18 17:58:24 Pleiadi kernel: mptbase: ioc0:   PhysDisk is now online
Jun 18 17:58:24 Pleiadi kernel: mptbase: ioc0: RAID STATUS CHANGE for
PhysDisk 1 id=0
Jun 18 17:58:24 Pleiadi kernel: mptbase: ioc0:   PhysDisk is now online
Jun 18 17:58:24 Pleiadi kernel:  target0:1:0: FAST-160 WIDE SCSI 320.0
MB/s DT IU QAS RTI WRFLOW PCOMP (6.25 ns, offset 80)
Jun 18 17:58:24 Pleiadi kernel: scsi 0:1:1:0: Direct-Access     HITACHI
HUS103030FL3800  SK02 PQ: 0 ANSI: 3
Jun 18 17:58:24 Pleiadi kernel: mptbase: ioc0: RAID STATUS CHANGE for
VolumeID 0
Jun 18 17:58:24 Pleiadi kernel: mptbase: ioc0:   volume is now optimal,
enabled, quiesced
Jun 18 17:58:24 Pleiadi kernel: mptbase: ioc0: RAID STATUS CHANGE for
PhysDisk 0 id=0
Jun 18 17:58:24 Pleiadi kernel: mptbase: ioc0:   PhysDisk is now online,
quiesced
Jun 18 17:58:24 Pleiadi kernel: mptbase: ioc0: RAID STATUS CHANGE for
PhysDisk 1 id=0
Jun 18 17:58:24 Pleiadi kernel: mptbase: ioc0:   PhysDisk is now online,
quiesced
Jun 18 17:58:24 Pleiadi kernel:  target0:1:1: Beginning Domain
Validation
Jun 18 17:58:24 Pleiadi kernel:  target0:1:1: Ending Domain Validation
Jun 18 17:58:24 Pleiadi kernel: mptbase: ioc0: RAID STATUS CHANGE for
VolumeID 0
Jun 18 17:58:24 Pleiadi kernel: mptbase: ioc0:   volume is now optimal,
enabled
Jun 18 17:58:24 Pleiadi kernel: mptbase: ioc0: RAID STATUS CHANGE for
PhysDisk 0 id=0
Jun 18 17:58:24 Pleiadi kernel: mptbase: ioc0:   PhysDisk is now online
Jun 18 17:58:24 Pleiadi kernel: mptbase: ioc0: RAID STATUS CHANGE for
PhysDisk 1 id=0
Jun 18 17:58:24 Pleiadi kernel: mptbase: ioc0:   PhysDisk is now online
Jun 18 17:58:24 Pleiadi kernel:  target0:1:1: FAST-160 WIDE SCSI 320.0
MB/s DT IU QAS RTI WRFLOW PCOMP (6.25 ns, offset 80)
Jun 18 17:58:24 Pleiadi kernel: ACPI: PCI Interrupt 0000:02:08.1[B] ->
GSI 25 (level, low) -> IRQ 19
Jun 18 17:58:24 Pleiadi kernel: mptbase: Initiating ioc1 bringup
Jun 18 17:58:24 Pleiadi kernel: ioc1: 53C1030: Capabilities={Initiator}
Jun 18 17:58:24 Pleiadi kernel: scsi1 : ioc1: LSI53C1030,
FwRev=01033000h, Ports=1, MaxQ=222, IRQ=19
Jun 18 17:58:24 Pleiadi kernel: PNP: PS/2 Controller [PNP0303:KEYB] at
0x60,0x64 irq 1
Jun 18 17:58:24 Pleiadi kernel: PNP: PS/2 controller doesn't have AUX
irq; using default 12
Jun 18 17:58:24 Pleiadi kernel: serio: i8042 KBD port at 0x60,0x64 irq 1
Jun 18 17:58:24 Pleiadi kernel: mice: PS/2 mouse device common for all
mice
Jun 18 17:58:24 Pleiadi kernel: nf_conntrack version 0.5.0 (8188
buckets, 65504 max)
Jun 18 17:58:24 Pleiadi kernel: ip_tables: (C) 2000-2006 Netfilter Core
Team
Jun 18 17:58:24 Pleiadi kernel: TCP cubic registered
Jun 18 17:58:24 Pleiadi kernel: Initializing XFRM netlink socket
Jun 18 17:58:24 Pleiadi kernel: NET: Registered protocol family 1
Jun 18 17:58:24 Pleiadi kernel: NET: Registered protocol family 17
Jun 18 17:58:24 Pleiadi kernel: NET: Registered protocol family 15
Jun 18 17:58:24 Pleiadi kernel: Starting balanced_irq
Jun 18 17:58:24 Pleiadi kernel: Using IPI Shortcut mode
Jun 18 17:58:24 Pleiadi kernel: input: AT Translated Set 2 keyboard as
/class/input/input0
Jun 18 17:58:24 Pleiadi kernel: XFS mounting filesystem sda1
Jun 18 17:58:24 Pleiadi kernel: Ending clean XFS mount for filesystem:
sda1
Jun 18 17:58:24 Pleiadi kernel: VFS: Mounted root (xfs filesystem)
readonly.
Jun 18 17:58:24 Pleiadi kernel: Freeing unused kernel memory: 204k freed
Jun 18 17:58:24 Pleiadi kernel: Adding 875500k swap on /dev/sda9.
Priority:-1 extents:1 across:875500k
Jun 18 17:58:24 Pleiadi kernel: tg3.c:v3.77 (May 31, 2007)
Jun 18 17:58:24 Pleiadi kernel: ACPI: PCI Interrupt 0000:04:00.0[A] ->
GSI 16 (level, low) -> IRQ 16
Jun 18 17:58:24 Pleiadi kernel: PCI: Setting latency timer of device
0000:04:00.0 to 64
Jun 18 17:58:24 Pleiadi kernel: eth0: Tigon3 [partno(BCM95721) rev 4101
PHY(5750)] (PCI Express) 10/100/1000Base-T Ethernet 00:30:05:cb:27:c1
Jun 18 17:58:24 Pleiadi kernel: eth0: RXcsums[1] LinkChgREG[0] MIirq[0]
ASF[1] WireSpeed[1] TSOcap[1]
Jun 18 17:58:24 Pleiadi kernel: eth0: dma_rwctrl[76180000]
dma_mask[64-bit]
Jun 18 17:58:24 Pleiadi kernel: ACPI: PCI Interrupt 0000:05:00.0[A] ->
GSI 16 (level, low) -> IRQ 16
Jun 18 17:58:24 Pleiadi kernel: PCI: Setting latency timer of device
0000:05:00.0 to 64
Jun 18 17:58:24 Pleiadi kernel: eth1: Tigon3 [partno(BCM95721) rev 4101
PHY(5750)] (PCI Express) 10/100/1000Base-T Ethernet 00:30:05:c2:56:0e
Jun 18 17:58:24 Pleiadi kernel: eth1: RXcsums[1] LinkChgREG[0] MIirq[0]
ASF[0] WireSpeed[1] TSOcap[1]
Jun 18 17:58:24 Pleiadi kernel: eth1: dma_rwctrl[76180000]
dma_mask[64-bit]
Jun 18 17:58:24 Pleiadi kernel: Intel(R) PRO/1000 Network Driver -
version 7.3.20-k2-NAPI
Jun 18 17:58:24 Pleiadi kernel: Copyright (c) 1999-2006 Intel
Corporation.
Jun 18 17:58:24 Pleiadi kernel: ACPI: PCI Interrupt 0000:03:04.0[A] ->
GSI 52 (level, low) -> IRQ 20
Jun 18 17:58:24 Pleiadi kernel: e1000: 0000:03:04.0: e1000_probe:
(PCI-X:100MHz:64-bit) 00:04:23:d0:0f:02
Jun 18 17:58:24 Pleiadi kernel: e1000: eth2: e1000_probe: Intel(R)
PRO/1000 Network Connection
Jun 18 17:58:24 Pleiadi kernel: XFS mounting filesystem sda5
Jun 18 17:58:24 Pleiadi kernel: Ending clean XFS mount for filesystem:
sda5
Jun 18 17:58:24 Pleiadi kernel: XFS mounting filesystem sda6
Jun 18 17:58:24 Pleiadi kernel: Ending clean XFS mount for filesystem:
sda6
Jun 18 17:58:24 Pleiadi kernel: XFS mounting filesystem sda7
Jun 18 17:58:24 Pleiadi kernel: Ending clean XFS mount for filesystem:
sda7
Jun 18 17:58:24 Pleiadi kernel: XFS mounting filesystem sda8
Jun 18 17:58:24 Pleiadi kernel: Ending clean XFS mount for filesystem:
sda8
Jun 18 17:58:25 Pleiadi kernel: e1000: eth2: e1000_watchdog: NIC Link is
Up 100 Mbps Full Duplex, Flow Control: RX
Jun 18 17:58:26 Pleiadi kernel: tg3: eth1: Link is up at 100 Mbps, full
duplex.
Jun 18 17:58:26 Pleiadi kernel: tg3: eth1: Flow control is off for TX
and off for RX.
Jun 18 17:58:26 Pleiadi kernel: tg3: eth0: Link is up at 10 Mbps, full
duplex.
Jun 18 17:58:26 Pleiadi kernel: tg3: eth0: Flow control is off for TX
and off for RX.
Jun 19 19:22:26 Pleiadi kernel: pmtu discovery on SA
ESP/41db8b88/972e8045
Jun 19 19:22:35 Pleiadi kernel: pmtu discovery on SA
ESP/41db8b88/972e8045
Jun 19 19:36:51 Pleiadi kernel: pmtu discovery on SA
ESP/c1e8b928/972ea2aa
Jun 19 19:36:53 Pleiadi last message repeated 2 times
Jun 19 19:52:41 Pleiadi kernel: pmtu discovery on SA
ESP/4da9d995/972e307d
Jun 19 19:52:50 Pleiadi kernel: pmtu discovery on SA
ESP/4da9d995/972e307d
Jun 21 14:27:43 Pleiadi kernel: ------------[ cut here ]------------
Jun 21 14:27:43 Pleiadi kernel: kernel BUG at mm/slab.c:591!
Jun 21 14:27:43 Pleiadi kernel: invalid opcode: 0000 [#1]
Jun 21 14:27:43 Pleiadi kernel: SMP
Jun 21 14:27:43 Pleiadi kernel: Modules linked in: nf_nat_pptp
nf_nat_proto_gre nf_conntrack_pptp nf_conntrack_proto_gre nf_nat_ftp
nf_conntrack_ftp e1000 tg3
Jun 21 14:27:43 Pleiadi kernel: CPU:    0
Jun 21 14:27:43 Pleiadi kernel: EIP:    0060:[<c0158302>]    Not tainted
VLI
Jun 21 14:27:43 Pleiadi kernel: EFLAGS: 00010246   (2.6.22-rc5 #1)
Jun 21 14:27:43 Pleiadi kernel: EIP is at kmem_cache_free+0x7e/0x87
Jun 21 14:27:43 Pleiadi kernel: eax: 40000060   ebx: f1ac9e6c   ecx:
c1635920   edx: c1635920
Jun 21 14:27:43 Pleiadi kernel: esi: c18fa894   edi: c18e15c0   ebp:
f1ac9e6c   esp: f76b1f4c
Jun 21 14:27:43 Pleiadi kernel: ds: 007b   es: 007b   fs: 00d8  gs: 0033
ss: 0068
Jun 21 14:27:43 Pleiadi kernel: Process squid (pid: 1230, ti=f76b0000
task=f7406030 task.ti=f76b0000)
Jun 21 14:27:43 Pleiadi kernel: Stack: f1ac9e6c c18fa894 d8a35828
f1ac9e6c c016a9c0 f1ac9e6c c1a9d140 c016aa3c
Jun 21 14:27:43 Pleiadi kernel:        00000008 c015be3f 00000000
00000000 c18f7f40 c1a9d140 c1a91980 00000000
Jun 21 14:27:43 Pleiadi kernel:        f76b0000 c015a5c3 c021342d
c1a91980 000000ad c1a9d140 c015a665 000000ad
Jun 21 14:27:43 Pleiadi kernel: Call Trace:
Jun 21 14:27:43 Pleiadi kernel:  [<c016a9c0>] d_kill+0x40/0x52
Jun 21 14:27:43 Pleiadi kernel:  [<c016aa3c>] dput+0x6a/0xdc
Jun 21 14:27:43 Pleiadi kernel:  [<c015be3f>] __fput+0xf8/0x15b
Jun 21 14:27:43 Pleiadi kernel:  [<c015a5c3>] filp_close+0x3c/0x7b
Jun 21 14:27:43 Pleiadi kernel:  [<c021342d>] copy_to_user+0x32/0x45
Jun 21 14:27:43 Pleiadi kernel:  [<c015a665>] sys_close+0x63/0xb2
Jun 21 14:27:43 Pleiadi kernel:  [<c0102834>] syscall_call+0x7/0xb
Jun 21 14:27:43 Pleiadi kernel:  =======================
Jun 21 14:27:43 Pleiadi kernel: Code: 3b 43 04 73 15 89 6c 83 14 83 c0
01 89 03 56 9d 5b 5e 5f 5d c3 8b 4a 0c eb bd 89 f8 89 da e8 4e fb ff ff
8b 03 eb de 0f 0b eb fe <0f> 0b eb fe 8b 51 0c eb b3 57 85 c0 56 89 c6
53 74 59 9c 5f fa
Jun 21 14:27:43 Pleiadi kernel: EIP: [<c0158302>]
kmem_cache_free+0x7e/0x87 SS:ESP 0068:f76b1f4c
Jun 21 14:28:25 Pleiadi kernel: BUG: unable to handle kernel paging
request at virtual address 41b8365a
Jun 21 14:28:25 Pleiadi kernel:  printing eip:
Jun 21 14:28:25 Pleiadi kernel: c016b9b9
Jun 21 14:28:25 Pleiadi kernel: *pde = 00000000
Jun 21 14:28:25 Pleiadi kernel: Oops: 0000 [#2]
Jun 21 14:28:25 Pleiadi kernel: SMP
Jun 21 14:28:25 Pleiadi kernel: Modules linked in: nf_nat_pptp
nf_nat_proto_gre nf_conntrack_pptp nf_conntrack_proto_gre nf_nat_ftp
nf_conntrack_ftp e1000 tg3
Jun 21 14:28:25 Pleiadi kernel: CPU:    0
Jun 21 14:28:25 Pleiadi kernel: EIP:    0060:[<c016b9b9>]    Not tainted
VLI
Jun 21 14:28:25 Pleiadi kernel: EFLAGS: 00010206   (2.6.22-rc5 #1)
Jun 21 14:28:25 Pleiadi kernel: EIP is at __d_lookup+0x61/0xfa
Jun 21 14:28:25 Pleiadi kernel: eax: 41b8365a   ebx: 41b8365a   ecx:
00000011   edx: c181d180
Jun 21 14:28:25 Pleiadi kernel: esi: 57d35d23   edi: d1bddf30   ebp:
f1ac94ec   esp: d1bddd90
Jun 21 14:28:25 Pleiadi kernel: ds: 007b   es: 007b   fs: 00d8  gs: 0033
ss: 0068
Jun 21 14:28:25 Pleiadi kernel: Process squid (pid: 11141, ti=d1bdc000
task=c19e9540 task.ti=d1bdc000)
Jun 21 14:28:25 Pleiadi kernel: Stack: 57d35d23 f7508694 d1bdde0c
f7fb1994 c18f7540 00000000 effe801d 00000008
Jun 21 14:28:25 Pleiadi kernel:        d1bdde14 effe8025 d1bdde0c
d1bddf30 d1bdde14 c0161995 000041ed c01f2823
Jun 21 14:28:25 Pleiadi kernel:        c18f7cc0 effe8025 57d35d23
d1bdde14 effe801d c0162157 d1bddf44 00000000
Jun 21 14:28:25 Pleiadi kernel: Call Trace:
Jun 21 14:28:25 Pleiadi kernel:  [<c0161995>] do_lookup+0x27/0xc2
Jun 21 14:28:25 Pleiadi kernel:  [<c01f2823>] xfs_vn_lookup+0x0/0x93
Jun 21 14:28:25 Pleiadi kernel:  [<c0162157>]
__link_path_walk+0x727/0xcf1
Jun 21 14:28:25 Pleiadi kernel:  [<c016275f>] link_path_walk+0x3e/0xac
Jun 21 14:28:25 Pleiadi kernel:  [<c015a328>] get_unused_fd+0x2e/0xb6
Jun 21 14:28:25 Pleiadi kernel:  [<c0162a8b>] do_path_lookup+0x10a/0x1aa
Jun 21 14:28:25 Pleiadi kernel:  [<c0162b93>]
__path_lookup_intent_open+0x50/0x90
Jun 21 14:28:25 Pleiadi kernel:  [<c0162bf3>] path_lookup_open+0x20/0x25
Jun 21 14:28:25 Pleiadi kernel:  [<c0163545>] open_namei+0x7a/0x550
Jun 21 14:28:25 Pleiadi kernel:  [<c0287d8e>] sock_poll+0xc/0xe
Jun 21 14:28:25 Pleiadi kernel:  [<c015a1a3>] do_filp_open+0x2e/0x5b
Jun 21 14:28:25 Pleiadi kernel:  [<c015a328>] get_unused_fd+0x2e/0xb6
Jun 21 14:28:25 Pleiadi kernel:  [<c015a496>] do_sys_open+0x4e/0xdb
Jun 21 14:28:25 Pleiadi kernel:  [<c015a53f>] sys_open+0x1c/0x20
Jun 21 14:28:25 Pleiadi kernel:  [<c0102834>] syscall_call+0x7/0xb
Jun 21 14:28:25 Pleiadi kernel:  [<c0300000>]
compose_sadb_supported+0xae/0x1e8
Jun 21 14:28:25 Pleiadi kernel:  =======================
Jun 21 14:28:25 Pleiadi kernel: Code: 00 00 89 c2 89 4c 24 18 8b 0d c0
0a 3a c0 81 f2 01 00 37 9e d3 ea 31 d0 8b 15 c4 0a 3a c0 23 05 bc 0a 3a
c0 8b 1c 82 85 db 74 17 <8b> 03 0f 18 00 90 8d 6b f0 8b 34 24 39 75 1c
74 12 89 c3 85 db
Jun 21 14:28:25 Pleiadi kernel: EIP: [<c016b9b9>] __d_lookup+0x61/0xfa
SS:ESP 0068:d1bddd90
This is in /var/log/messages:
Jun 21 14:27:43 Pleiadi squid[1218]: Squid Parent: child process 1230
exited due to signal 11
Jun 21 14:27:46 Pleiadi squid[1218]: Squid Parent: child process 11141
started
Jun 21 14:28:25 Pleiadi squid[1218]: Squid Parent: child process 11141
exited due to signal 11
Jun 21 14:28:28 Pleiadi squid[1218]: Squid Parent: child process 11232
started
Jun 21 14:41:38 Pleiadi syslogd 1.4.1: restart.
And here is .config
#
# Automatically generated make config: don't edit
# Linux kernel version: 2.6.22-rc5
# Mon Jun 18 15:04:02 2007
#
CONFIG_X86_32=y
CONFIG_GENERIC_TIME=y
CONFIG_CLOCKSOURCE_WATCHDOG=y
CONFIG_GENERIC_CLOCKEVENTS=y
CONFIG_GENERIC_CLOCKEVENTS_BROADCAST=y
CONFIG_LOCKDEP_SUPPORT=y
CONFIG_STACKTRACE_SUPPORT=y
CONFIG_SEMAPHORE_SLEEPERS=y
CONFIG_X86=y
CONFIG_MMU=y
CONFIG_ZONE_DMA=y
CONFIG_QUICKLIST=y
CONFIG_GENERIC_ISA_DMA=y
CONFIG_GENERIC_IOMAP=y
CONFIG_GENERIC_BUG=y
CONFIG_GENERIC_HWEIGHT=y
CONFIG_ARCH_MAY_HAVE_PC_FDC=y
CONFIG_DMI=y
CONFIG_DEFCONFIG_LIST="/lib/modules/$UNAME_RELEASE/.config"
#
# Code maturity level options
#
# CONFIG_EXPERIMENTAL is not set
CONFIG_LOCK_KERNEL=y
CONFIG_INIT_ENV_ARG_LIMIT=32
#
# General setup
#
CONFIG_LOCALVERSION=""
# CONFIG_LOCALVERSION_AUTO is not set
CONFIG_SWAP=y
CONFIG_SYSVIPC=y
# CONFIG_IPC_NS is not set
CONFIG_SYSVIPC_SYSCTL=y
CONFIG_BSD_PROCESS_ACCT=y
# CONFIG_BSD_PROCESS_ACCT_V3 is not set
# CONFIG_TASKSTATS is not set
# CONFIG_UTS_NS is not set
# CONFIG_AUDIT is not set
# CONFIG_IKCONFIG is not set
CONFIG_LOG_BUF_SHIFT=15
# CONFIG_CPUSETS is not set
# CONFIG_SYSFS_DEPRECATED is not set
# CONFIG_RELAY is not set
# CONFIG_BLK_DEV_INITRD is not set
CONFIG_SYSCTL=y
# CONFIG_EMBEDDED is not set
CONFIG_UID16=y
CONFIG_SYSCTL_SYSCALL=y
CONFIG_KALLSYMS=y
# CONFIG_KALLSYMS_EXTRA_PASS is not set
CONFIG_HOTPLUG=y
CONFIG_PRINTK=y
CONFIG_BUG=y
CONFIG_ELF_CORE=y
CONFIG_BASE_FULL=y
CONFIG_FUTEX=y
CONFIG_ANON_INODES=y
CONFIG_EPOLL=y
CONFIG_SIGNALFD=y
CONFIG_TIMERFD=y
CONFIG_EVENTFD=y
CONFIG_SHMEM=y
CONFIG_VM_EVENT_COUNTERS=y
CONFIG_SLAB=y
# CONFIG_SLUB is not set
# CONFIG_SLOB is not set
CONFIG_RT_MUTEXES=y
# CONFIG_TINY_SHMEM is not set
CONFIG_BASE_SMALL=0
#
# Loadable module support
#
CONFIG_MODULES=y
CONFIG_MODULE_UNLOAD=y
# CONFIG_MODVERSIONS is not set
# CONFIG_MODULE_SRCVERSION_ALL is not set
# CONFIG_KMOD is not set
CONFIG_STOP_MACHINE=y
#
# Block layer
#
CONFIG_BLOCK=y
# CONFIG_LBD is not set
# CONFIG_BLK_DEV_IO_TRACE is not set
# CONFIG_LSF is not set
#
# IO Schedulers
#
CONFIG_IOSCHED_NOOP=y
# CONFIG_IOSCHED_AS is not set
CONFIG_IOSCHED_DEADLINE=y
# CONFIG_IOSCHED_CFQ is not set
# CONFIG_DEFAULT_AS is not set
CONFIG_DEFAULT_DEADLINE=y
# CONFIG_DEFAULT_CFQ is not set
# CONFIG_DEFAULT_NOOP is not set
CONFIG_DEFAULT_IOSCHED="deadline"
#
# Processor type and features
#
# CONFIG_TICK_ONESHOT is not set
# CONFIG_NO_HZ is not set
# CONFIG_HIGH_RES_TIMERS is not set
CONFIG_SMP=y
CONFIG_X86_PC=y
# CONFIG_X86_ELAN is not set
# CONFIG_X86_VOYAGER is not set
# CONFIG_X86_NUMAQ is not set
# CONFIG_X86_SUMMIT is not set
# CONFIG_X86_BIGSMP is not set
# CONFIG_X86_VISWS is not set
# CONFIG_X86_GENERICARCH is not set
# CONFIG_X86_ES7000 is not set
# CONFIG_M386 is not set
# CONFIG_M486 is not set
# CONFIG_M586 is not set
# CONFIG_M586TSC is not set
# CONFIG_M586MMX is not set
# CONFIG_M686 is not set
# CONFIG_MPENTIUMII is not set
# CONFIG_MPENTIUMIII is not set
# CONFIG_MPENTIUMM is not set
# CONFIG_MCORE2 is not set
CONFIG_MPENTIUM4=y
# CONFIG_MK6 is not set
# CONFIG_MK7 is not set
# CONFIG_MK8 is not set
# CONFIG_MCRUSOE is not set
# CONFIG_MEFFICEON is not set
# CONFIG_MWINCHIPC6 is not set
# CONFIG_MWINCHIP2 is not set
# CONFIG_MWINCHIP3D is not set
# CONFIG_MGEODEGX1 is not set
# CONFIG_MGEODE_LX is not set
# CONFIG_MCYRIXIII is not set
# CONFIG_MVIAC3_2 is not set
# CONFIG_MVIAC7 is not set
# CONFIG_X86_GENERIC is not set
CONFIG_X86_CMPXCHG=y
CONFIG_X86_L1_CACHE_SHIFT=7
CONFIG_X86_XADD=y
CONFIG_RWSEM_XCHGADD_ALGORITHM=y
# CONFIG_ARCH_HAS_ILOG2_U32 is not set
# CONFIG_ARCH_HAS_ILOG2_U64 is not set
CONFIG_GENERIC_CALIBRATE_DELAY=y
CONFIG_X86_WP_WORKS_OK=y
CONFIG_X86_INVLPG=y
CONFIG_X86_BSWAP=y
CONFIG_X86_POPAD_OK=y
CONFIG_X86_CMPXCHG64=y
CONFIG_X86_GOOD_APIC=y
CONFIG_X86_INTEL_USERCOPY=y
CONFIG_X86_USE_PPRO_CHECKSUM=y
CONFIG_X86_TSC=y
CONFIG_X86_CMOV=y
CONFIG_X86_MINIMUM_CPU_MODEL=4
# CONFIG_HPET_TIMER is not set
CONFIG_NR_CPUS=2
CONFIG_SCHED_SMT=y
# CONFIG_SCHED_MC is not set
CONFIG_PREEMPT_NONE=y
# CONFIG_PREEMPT_VOLUNTARY is not set
# CONFIG_PREEMPT is not set
# CONFIG_PREEMPT_BKL is not set
CONFIG_X86_LOCAL_APIC=y
CONFIG_X86_IO_APIC=y
# CONFIG_X86_MCE is not set
CONFIG_VM86=y
# CONFIG_TOSHIBA is not set
# CONFIG_I8K is not set
# CONFIG_X86_REBOOTFIXUPS is not set
# CONFIG_MICROCODE is not set
# CONFIG_X86_MSR is not set
# CONFIG_X86_CPUID is not set
#
# Firmware Drivers
#
# CONFIG_EDD is not set
# CONFIG_DELL_RBU is not set
# CONFIG_DCDBAS is not set
# CONFIG_NOHIGHMEM is not set
CONFIG_HIGHMEM4G=y
# CONFIG_HIGHMEM64G is not set
CONFIG_PAGE_OFFSET=0xC0000000
CONFIG_HIGHMEM=y
CONFIG_ARCH_POPULATES_NODE_MAP=y
CONFIG_FLATMEM=y
CONFIG_FLAT_NODE_MEM_MAP=y
# CONFIG_SPARSEMEM_STATIC is not set
CONFIG_SPLIT_PTLOCK_CPUS=4
# CONFIG_RESOURCES_64BIT is not set
CONFIG_ZONE_DMA_FLAG=1
CONFIG_NR_QUICK=1
CONFIG_HIGHPTE=y
# CONFIG_MATH_EMULATION is not set
# CONFIG_MTRR is not set
# CONFIG_EFI is not set
CONFIG_IRQBALANCE=y
CONFIG_SECCOMP=y
CONFIG_HZ_100=y
# CONFIG_HZ_250 is not set
# CONFIG_HZ_300 is not set
# CONFIG_HZ_1000 is not set
CONFIG_HZ=100
# CONFIG_KEXEC is not set
CONFIG_PHYSICAL_START=0x100000
CONFIG_PHYSICAL_ALIGN=0x100000
# CONFIG_COMPAT_VDSO is not set
CONFIG_ARCH_ENABLE_MEMORY_HOTPLUG=y
#
# Power management options (ACPI, APM)
#
CONFIG_PM=y
# CONFIG_PM_LEGACY is not set
# CONFIG_PM_DEBUG is not set
# CONFIG_PM_SYSFS_DEPRECATED is not set
#
# ACPI (Advanced Configuration and Power Interface) Support
#
CONFIG_ACPI=y
# CONFIG_ACPI_PROCFS is not set
# CONFIG_ACPI_AC is not set
# CONFIG_ACPI_BATTERY is not set
# CONFIG_ACPI_BUTTON is not set
# CONFIG_ACPI_FAN is not set
# CONFIG_ACPI_PROCESSOR is not set
# CONFIG_ACPI_ASUS is not set
# CONFIG_ACPI_TOSHIBA is not set
CONFIG_ACPI_BLACKLIST_YEAR=0
# CONFIG_ACPI_DEBUG is not set
CONFIG_ACPI_EC=y
CONFIG_ACPI_POWER=y
CONFIG_ACPI_SYSTEM=y
CONFIG_X86_PM_TIMER=y
# CONFIG_APM is not set
#
# CPU Frequency scaling
#
# CONFIG_CPU_FREQ is not set
#
# Bus options (PCI, PCMCIA, EISA, MCA, ISA)
#
CONFIG_PCI=y
# CONFIG_PCI_GOBIOS is not set
# CONFIG_PCI_GOMMCONFIG is not set
# CONFIG_PCI_GODIRECT is not set
CONFIG_PCI_GOANY=y
CONFIG_PCI_BIOS=y
CONFIG_PCI_DIRECT=y
CONFIG_PCI_MMCONFIG=y
# CONFIG_PCIEPORTBUS is not set
CONFIG_ARCH_SUPPORTS_MSI=y
# CONFIG_PCI_MSI is not set
# CONFIG_HT_IRQ is not set
CONFIG_ISA_DMA_API=y
# CONFIG_ISA is not set
# CONFIG_MCA is not set
# CONFIG_SCx200 is not set
#
# PCCARD (PCMCIA/CardBus) support
#
# CONFIG_PCCARD is not set
#
# Executable file formats
#
CONFIG_BINFMT_ELF=y
# CONFIG_BINFMT_AOUT is not set
# CONFIG_BINFMT_MISC is not set
#
# Networking
#
CONFIG_NET=y
#
# Networking options
#
CONFIG_PACKET=y
CONFIG_PACKET_MMAP=y
CONFIG_UNIX=y
CONFIG_XFRM=y
CONFIG_XFRM_USER=y
CONFIG_NET_KEY=y
CONFIG_INET=y
# CONFIG_IP_MULTICAST is not set
CONFIG_IP_ADVANCED_ROUTER=y
CONFIG_ASK_IP_FIB_HASH=y
# CONFIG_IP_FIB_TRIE is not set
CONFIG_IP_FIB_HASH=y
CONFIG_IP_MULTIPLE_TABLES=y
CONFIG_IP_ROUTE_MULTIPATH=y
# CONFIG_IP_ROUTE_MULTIPATH_CACHED is not set
CONFIG_IP_ROUTE_VERBOSE=y
# CONFIG_IP_PNP is not set
# CONFIG_NET_IPIP is not set
# CONFIG_NET_IPGRE is not set
CONFIG_SYN_COOKIES=y
# CONFIG_INET_AH is not set
CONFIG_INET_ESP=y
CONFIG_INET_IPCOMP=y
CONFIG_INET_XFRM_TUNNEL=y
CONFIG_INET_TUNNEL=y
CONFIG_INET_XFRM_MODE_TRANSPORT=y
CONFIG_INET_XFRM_MODE_TUNNEL=y
# CONFIG_INET_XFRM_MODE_BEET is not set
CONFIG_INET_DIAG=y
CONFIG_INET_TCP_DIAG=y
# CONFIG_TCP_CONG_ADVANCED is not set
CONFIG_TCP_CONG_CUBIC=y
CONFIG_DEFAULT_TCP_CONG="cubic"
# CONFIG_IP_VS is not set
# CONFIG_IPV6 is not set
# CONFIG_INET6_XFRM_TUNNEL is not set
# CONFIG_INET6_TUNNEL is not set
# CONFIG_NETWORK_SECMARK is not set
CONFIG_NETFILTER=y
# CONFIG_NETFILTER_DEBUG is not set
#
# Core Netfilter Configuration
#
CONFIG_NETFILTER_NETLINK=m
CONFIG_NETFILTER_NETLINK_QUEUE=m
CONFIG_NETFILTER_NETLINK_LOG=m
CONFIG_NF_CONNTRACK_ENABLED=y
CONFIG_NF_CONNTRACK=y
CONFIG_NF_CT_ACCT=y
CONFIG_NF_CONNTRACK_MARK=y
CONFIG_NF_CT_PROTO_GRE=m
# CONFIG_NF_CONNTRACK_AMANDA is not set
CONFIG_NF_CONNTRACK_FTP=m
# CONFIG_NF_CONNTRACK_IRC is not set
CONFIG_NF_CONNTRACK_PPTP=m
# CONFIG_NF_CONNTRACK_TFTP is not set
CONFIG_NETFILTER_XTABLES=y
CONFIG_NETFILTER_XT_TARGET_CLASSIFY=m
CONFIG_NETFILTER_XT_TARGET_CONNMARK=m
CONFIG_NETFILTER_XT_TARGET_DSCP=m
CONFIG_NETFILTER_XT_TARGET_MARK=y
CONFIG_NETFILTER_XT_TARGET_NFQUEUE=m
CONFIG_NETFILTER_XT_TARGET_NFLOG=m
CONFIG_NETFILTER_XT_TARGET_NOTRACK=m
CONFIG_NETFILTER_XT_TARGET_TCPMSS=m
CONFIG_NETFILTER_XT_MATCH_COMMENT=m
CONFIG_NETFILTER_XT_MATCH_CONNBYTES=m
CONFIG_NETFILTER_XT_MATCH_CONNMARK=m
CONFIG_NETFILTER_XT_MATCH_CONNTRACK=m
CONFIG_NETFILTER_XT_MATCH_DCCP=m
CONFIG_NETFILTER_XT_MATCH_DSCP=m
CONFIG_NETFILTER_XT_MATCH_ESP=m
CONFIG_NETFILTER_XT_MATCH_HELPER=y
CONFIG_NETFILTER_XT_MATCH_LENGTH=m
CONFIG_NETFILTER_XT_MATCH_LIMIT=y
CONFIG_NETFILTER_XT_MATCH_MAC=m
CONFIG_NETFILTER_XT_MATCH_MARK=y
CONFIG_NETFILTER_XT_MATCH_POLICY=y
CONFIG_NETFILTER_XT_MATCH_MULTIPORT=y
CONFIG_NETFILTER_XT_MATCH_PKTTYPE=m
CONFIG_NETFILTER_XT_MATCH_QUOTA=m
CONFIG_NETFILTER_XT_MATCH_REALM=m
CONFIG_NETFILTER_XT_MATCH_STATE=y
CONFIG_NETFILTER_XT_MATCH_STATISTIC=y
CONFIG_NETFILTER_XT_MATCH_STRING=m
CONFIG_NETFILTER_XT_MATCH_TCPMSS=y
CONFIG_NETFILTER_XT_MATCH_HASHLIMIT=m
#
# IP: Netfilter Configuration
#
CONFIG_NF_CONNTRACK_IPV4=y
# CONFIG_NF_CONNTRACK_PROC_COMPAT is not set
# CONFIG_IP_NF_QUEUE is not set
CONFIG_IP_NF_IPTABLES=y
CONFIG_IP_NF_MATCH_IPRANGE=m
CONFIG_IP_NF_MATCH_TOS=m
# CONFIG_IP_NF_MATCH_RECENT is not set
CONFIG_IP_NF_MATCH_ECN=m
# CONFIG_IP_NF_MATCH_AH is not set
CONFIG_IP_NF_MATCH_TTL=m
CONFIG_IP_NF_MATCH_OWNER=m
CONFIG_IP_NF_MATCH_ADDRTYPE=m
CONFIG_IP_NF_FILTER=y
CONFIG_IP_NF_TARGET_REJECT=y
CONFIG_IP_NF_TARGET_LOG=m
# CONFIG_IP_NF_TARGET_ULOG is not set
CONFIG_NF_NAT=y
CONFIG_NF_NAT_NEEDED=y
CONFIG_IP_NF_TARGET_MASQUERADE=m
CONFIG_IP_NF_TARGET_REDIRECT=m
CONFIG_IP_NF_TARGET_NETMAP=m
CONFIG_IP_NF_TARGET_SAME=m
CONFIG_NF_NAT_PROTO_GRE=m
CONFIG_NF_NAT_FTP=m
# CONFIG_NF_NAT_IRC is not set
# CONFIG_NF_NAT_TFTP is not set
# CONFIG_NF_NAT_AMANDA is not set
CONFIG_NF_NAT_PPTP=m
# CONFIG_NF_NAT_H323 is not set
# CONFIG_NF_NAT_SIP is not set
CONFIG_IP_NF_MANGLE=y
CONFIG_IP_NF_TARGET_TOS=m
CONFIG_IP_NF_TARGET_ECN=m
CONFIG_IP_NF_TARGET_TTL=m
CONFIG_IP_NF_RAW=m
CONFIG_IP_NF_ARPTABLES=m
CONFIG_IP_NF_ARPFILTER=m
CONFIG_IP_NF_ARP_MANGLE=m
# CONFIG_BRIDGE is not set
# CONFIG_VLAN_8021Q is not set
# CONFIG_DECNET is not set
# CONFIG_LLC2 is not set
# CONFIG_IPX is not set
# CONFIG_ATALK is not set
#
# QoS and/or fair queueing
#
CONFIG_NET_SCHED=y
CONFIG_NET_SCH_FIFO=y
#
# Queueing/Scheduling
#
# CONFIG_NET_SCH_CBQ is not set
CONFIG_NET_SCH_HTB=m
CONFIG_NET_SCH_HFSC=m
CONFIG_NET_SCH_PRIO=m
CONFIG_NET_SCH_RED=m
CONFIG_NET_SCH_SFQ=m
CONFIG_NET_SCH_TEQL=m
CONFIG_NET_SCH_TBF=m
CONFIG_NET_SCH_GRED=m
CONFIG_NET_SCH_DSMARK=m
CONFIG_NET_SCH_NETEM=m
CONFIG_NET_SCH_INGRESS=m
#
# Classification
#
CONFIG_NET_CLS=y
CONFIG_NET_CLS_BASIC=m
CONFIG_NET_CLS_TCINDEX=m
CONFIG_NET_CLS_ROUTE4=m
CONFIG_NET_CLS_ROUTE=y
CONFIG_NET_CLS_FW=m
CONFIG_NET_CLS_U32=m
CONFIG_CLS_U32_PERF=y
CONFIG_CLS_U32_MARK=y
CONFIG_NET_CLS_RSVP=m
# CONFIG_NET_CLS_RSVP6 is not set
CONFIG_NET_EMATCH=y
CONFIG_NET_EMATCH_STACK=32
CONFIG_NET_EMATCH_CMP=m
CONFIG_NET_EMATCH_NBYTE=m
CONFIG_NET_EMATCH_U32=m
CONFIG_NET_EMATCH_META=m
CONFIG_NET_EMATCH_TEXT=m
CONFIG_NET_CLS_ACT=y
CONFIG_NET_ACT_POLICE=m
CONFIG_NET_ACT_GACT=m
CONFIG_GACT_PROB=y
CONFIG_NET_ACT_MIRRED=m
CONFIG_NET_ACT_IPT=m
CONFIG_NET_ACT_PEDIT=m
# CONFIG_NET_ACT_SIMP is not set
# CONFIG_NET_CLS_IND is not set
CONFIG_NET_ESTIMATOR=y
#
# Network testing
#
# CONFIG_NET_PKTGEN is not set
# CONFIG_HAMRADIO is not set
# CONFIG_IRDA is not set
# CONFIG_BT is not set
CONFIG_FIB_RULES=y
#
# Wireless
#
# CONFIG_CFG80211 is not set
# CONFIG_WIRELESS_EXT is not set
# CONFIG_IEEE80211 is not set
# CONFIG_RFKILL is not set
#
# Device Drivers
#
#
# Generic Driver Options
#
CONFIG_STANDALONE=y
# CONFIG_PREVENT_FIRMWARE_BUILD is not set
# CONFIG_FW_LOADER is not set
# CONFIG_SYS_HYPERVISOR is not set
#
# Connector - unified userspace <-> kernelspace linker
#
# CONFIG_CONNECTOR is not set
# CONFIG_MTD is not set
#
# Parallel port support
#
# CONFIG_PARPORT is not set
#
# Plug and Play support
#
CONFIG_PNP=y
# CONFIG_PNP_DEBUG is not set
#
# Protocols
#
CONFIG_PNPACPI=y
#
# Block devices
#
CONFIG_BLK_DEV_FD=m
# CONFIG_BLK_CPQ_DA is not set
# CONFIG_BLK_CPQ_CISS_DA is not set
# CONFIG_BLK_DEV_DAC960 is not set
# CONFIG_BLK_DEV_COW_COMMON is not set
# CONFIG_BLK_DEV_LOOP is not set
# CONFIG_BLK_DEV_NBD is not set
# CONFIG_BLK_DEV_SX8 is not set
# CONFIG_BLK_DEV_RAM is not set
# CONFIG_CDROM_PKTCDVD is not set
# CONFIG_ATA_OVER_ETH is not set
#
# Misc devices
#
# CONFIG_PHANTOM is not set
# CONFIG_SGI_IOC4 is not set
# CONFIG_SONY_LAPTOP is not set
# CONFIG_THINKPAD_ACPI is not set
# CONFIG_BLINK is not set
CONFIG_IDE=m
CONFIG_BLK_DEV_IDE=m
#
# Please see Documentation/ide.txt for help/info on IDE drives
#
# CONFIG_BLK_DEV_IDE_SATA is not set
# CONFIG_BLK_DEV_HD_IDE is not set
# CONFIG_BLK_DEV_IDEDISK is not set
# CONFIG_IDEDISK_MULTI_MODE is not set
CONFIG_BLK_DEV_IDECD=m
# CONFIG_BLK_DEV_IDEFLOPPY is not set
# CONFIG_BLK_DEV_IDESCSI is not set
# CONFIG_BLK_DEV_IDEACPI is not set
# CONFIG_IDE_TASK_IOCTL is not set
# CONFIG_IDE_PROC_FS is not set
#
# IDE chipset support/bugfixes
#
# CONFIG_IDE_GENERIC is not set
# CONFIG_BLK_DEV_CMD640 is not set
# CONFIG_BLK_DEV_IDEPNP is not set
CONFIG_BLK_DEV_IDEPCI=y
CONFIG_IDEPCI_SHARE_IRQ=y
# CONFIG_IDEPCI_PCIBUS_ORDER is not set
# CONFIG_BLK_DEV_OFFBOARD is not set
# CONFIG_BLK_DEV_GENERIC is not set
# CONFIG_BLK_DEV_RZ1000 is not set
CONFIG_BLK_DEV_IDEDMA_PCI=y
# CONFIG_BLK_DEV_IDEDMA_FORCED is not set
CONFIG_IDEDMA_ONLYDISK=y
# CONFIG_BLK_DEV_AEC62XX is not set
# CONFIG_BLK_DEV_ALI15X3 is not set
# CONFIG_BLK_DEV_AMD74XX is not set
# CONFIG_BLK_DEV_ATIIXP is not set
# CONFIG_BLK_DEV_CMD64X is not set
# CONFIG_BLK_DEV_TRIFLEX is not set
# CONFIG_BLK_DEV_CY82C693 is not set
# CONFIG_BLK_DEV_CS5530 is not set
# CONFIG_BLK_DEV_CS5535 is not set
# CONFIG_BLK_DEV_HPT34X is not set
# CONFIG_BLK_DEV_HPT366 is not set
# CONFIG_BLK_DEV_JMICRON is not set
# CONFIG_BLK_DEV_SC1200 is not set
CONFIG_BLK_DEV_PIIX=m
# CONFIG_BLK_DEV_IT8213 is not set
# CONFIG_BLK_DEV_IT821X is not set
# CONFIG_BLK_DEV_NS87415 is not set
# CONFIG_BLK_DEV_PDC202XX_OLD is not set
# CONFIG_BLK_DEV_PDC202XX_NEW is not set
# CONFIG_BLK_DEV_SVWKS is not set
# CONFIG_BLK_DEV_SIIMAGE is not set
# CONFIG_BLK_DEV_SIS5513 is not set
# CONFIG_BLK_DEV_SLC90E66 is not set
# CONFIG_BLK_DEV_TRM290 is not set
# CONFIG_BLK_DEV_VIA82CXXX is not set
# CONFIG_BLK_DEV_TC86C001 is not set
# CONFIG_IDE_ARM is not set
CONFIG_BLK_DEV_IDEDMA=y
# CONFIG_IDEDMA_IVB is not set
# CONFIG_BLK_DEV_HD is not set
#
# SCSI device support
#
# CONFIG_RAID_ATTRS is not set
CONFIG_SCSI=y
# CONFIG_SCSI_NETLINK is not set
# CONFIG_SCSI_PROC_FS is not set
#
# SCSI support type (disk, tape, CD-ROM)
#
CONFIG_BLK_DEV_SD=y
# CONFIG_CHR_DEV_ST is not set
# CONFIG_CHR_DEV_OSST is not set
# CONFIG_BLK_DEV_SR is not set
# CONFIG_CHR_DEV_SG is not set
# CONFIG_CHR_DEV_SCH is not set
#
# Some SCSI devices (e.g. CD jukebox) support multiple LUNs
#
# CONFIG_SCSI_MULTI_LUN is not set
# CONFIG_SCSI_CONSTANTS is not set
# CONFIG_SCSI_LOGGING is not set
# CONFIG_SCSI_SCAN_ASYNC is not set
CONFIG_SCSI_WAIT_SCAN=m
#
# SCSI Transports
#
CONFIG_SCSI_SPI_ATTRS=y
# CONFIG_SCSI_FC_ATTRS is not set
# CONFIG_SCSI_ISCSI_ATTRS is not set
# CONFIG_SCSI_SAS_ATTRS is not set
# CONFIG_SCSI_SAS_LIBSAS is not set
#
# SCSI low-level drivers
#
# CONFIG_ISCSI_TCP is not set
# CONFIG_BLK_DEV_3W_XXXX_RAID is not set
# CONFIG_SCSI_3W_9XXX is not set
# CONFIG_SCSI_ACARD is not set
# CONFIG_SCSI_AACRAID is not set
# CONFIG_SCSI_AIC7XXX is not set
# CONFIG_SCSI_AIC7XXX_OLD is not set
# CONFIG_SCSI_AIC79XX is not set
# CONFIG_SCSI_AIC94XX is not set
# CONFIG_SCSI_DPT_I2O is not set
# CONFIG_SCSI_ADVANSYS is not set
# CONFIG_SCSI_ARCMSR is not set
# CONFIG_MEGARAID_NEWGEN is not set
# CONFIG_MEGARAID_LEGACY is not set
# CONFIG_MEGARAID_SAS is not set
# CONFIG_SCSI_HPTIOP is not set
# CONFIG_SCSI_BUSLOGIC is not set
# CONFIG_SCSI_DMX3191D is not set
# CONFIG_SCSI_EATA is not set
# CONFIG_SCSI_FUTURE_DOMAIN is not set
# CONFIG_SCSI_GDTH is not set
# CONFIG_SCSI_IPS is not set
# CONFIG_SCSI_INITIO is not set
# CONFIG_SCSI_INIA100 is not set
# CONFIG_SCSI_STEX is not set
# CONFIG_SCSI_SYM53C8XX_2 is not set
# CONFIG_SCSI_QLOGIC_1280 is not set
# CONFIG_SCSI_QLA_FC is not set
# CONFIG_SCSI_QLA_ISCSI is not set
# CONFIG_SCSI_LPFC is not set
# CONFIG_SCSI_DC390T is not set
# CONFIG_SCSI_NSP32 is not set
# CONFIG_SCSI_DEBUG is not set
# CONFIG_SCSI_SRP is not set
# CONFIG_ATA is not set
#
# Multi-device support (RAID and LVM)
#
# CONFIG_MD is not set
#
# Fusion MPT device support
#
CONFIG_FUSION=y
CONFIG_FUSION_SPI=y
# CONFIG_FUSION_FC is not set
# CONFIG_FUSION_SAS is not set
CONFIG_FUSION_MAX_SGE=128
# CONFIG_FUSION_CTL is not set
#
# IEEE 1394 (FireWire) support
#
#
# An alternative FireWire stack is available with EXPERIMENTAL=y
#
# CONFIG_IEEE1394 is not set
#
# I2O device support
#
# CONFIG_I2O is not set
# CONFIG_MACINTOSH_DRIVERS is not set
#
# Network device support
#
CONFIG_NETDEVICES=y
CONFIG_IFB=m
# CONFIG_DUMMY is not set
# CONFIG_BONDING is not set
# CONFIG_EQUALIZER is not set
CONFIG_TUN=m
# CONFIG_NET_SB1000 is not set
# CONFIG_ARCNET is not set
#
# Ethernet (10 or 100Mbit)
#
# CONFIG_NET_ETHERNET is not set
CONFIG_NETDEV_1000=y
# CONFIG_ACENIC is not set
# CONFIG_DL2K is not set
CONFIG_E1000=m
CONFIG_E1000_NAPI=y
# CONFIG_E1000_DISABLE_PACKET_SPLIT is not set
# CONFIG_NS83820 is not set
# CONFIG_HAMACHI is not set
# CONFIG_R8169 is not set
# CONFIG_SIS190 is not set
# CONFIG_SKGE is not set
# CONFIG_SKY2 is not set
# CONFIG_SK98LIN is not set
# CONFIG_VIA_VELOCITY is not set
CONFIG_TIGON3=m
# CONFIG_BNX2 is not set
# CONFIG_QLA3XXX is not set
# CONFIG_NETDEV_10000 is not set
# CONFIG_TR is not set
#
# Wireless LAN
#
# CONFIG_WLAN_PRE80211 is not set
# CONFIG_WLAN_80211 is not set
# CONFIG_WAN is not set
# CONFIG_FDDI is not set
# CONFIG_PPP is not set
# CONFIG_SLIP is not set
# CONFIG_NET_FC is not set
# CONFIG_NETPOLL is not set
# CONFIG_NET_POLL_CONTROLLER is not set
#
# ISDN subsystem
#
# CONFIG_ISDN is not set
#
# Telephony Support
#
# CONFIG_PHONE is not set
#
# Input device support
#
CONFIG_INPUT=y
# CONFIG_INPUT_FF_MEMLESS is not set
# CONFIG_INPUT_POLLDEV is not set
#
# Userland interfaces
#
CONFIG_INPUT_MOUSEDEV=y
# CONFIG_INPUT_MOUSEDEV_PSAUX is not set
CONFIG_INPUT_MOUSEDEV_SCREEN_X=1024
CONFIG_INPUT_MOUSEDEV_SCREEN_Y=768
# CONFIG_INPUT_JOYDEV is not set
# CONFIG_INPUT_TSDEV is not set
# CONFIG_INPUT_EVDEV is not set
# CONFIG_INPUT_EVBUG is not set
#
# Input Device Drivers
#
CONFIG_INPUT_KEYBOARD=y
CONFIG_KEYBOARD_ATKBD=y
# CONFIG_KEYBOARD_SUNKBD is not set
# CONFIG_KEYBOARD_LKKBD is not set
# CONFIG_KEYBOARD_XTKBD is not set
# CONFIG_KEYBOARD_NEWTON is not set
# CONFIG_KEYBOARD_STOWAWAY is not set
# CONFIG_INPUT_MOUSE is not set
# CONFIG_INPUT_JOYSTICK is not set
# CONFIG_INPUT_TABLET is not set
# CONFIG_INPUT_TOUCHSCREEN is not set
# CONFIG_INPUT_MISC is not set
#
# Hardware I/O ports
#
CONFIG_SERIO=y
CONFIG_SERIO_I8042=y
# CONFIG_SERIO_SERPORT is not set
# CONFIG_SERIO_CT82C710 is not set
# CONFIG_SERIO_PCIPS2 is not set
CONFIG_SERIO_LIBPS2=y
# CONFIG_SERIO_RAW is not set
# CONFIG_GAMEPORT is not set
#
# Character devices
#
CONFIG_VT=y
CONFIG_VT_CONSOLE=y
CONFIG_HW_CONSOLE=y
# CONFIG_VT_HW_CONSOLE_BINDING is not set
# CONFIG_SERIAL_NONSTANDARD is not set
#
# Serial drivers
#
# CONFIG_SERIAL_8250 is not set
#
# Non-8250 serial port support
#
# CONFIG_SERIAL_JSM is not set
CONFIG_UNIX98_PTYS=y
# CONFIG_LEGACY_PTYS is not set
#
# IPMI
#
# CONFIG_IPMI_HANDLER is not set
# CONFIG_WATCHDOG is not set
CONFIG_HW_RANDOM=y
CONFIG_HW_RANDOM_INTEL=m
# CONFIG_HW_RANDOM_AMD is not set
# CONFIG_HW_RANDOM_GEODE is not set
# CONFIG_HW_RANDOM_VIA is not set
# CONFIG_NVRAM is not set
# CONFIG_RTC is not set
# CONFIG_GEN_RTC is not set
# CONFIG_R3964 is not set
# CONFIG_APPLICOM is not set
# CONFIG_AGP is not set
# CONFIG_DRM is not set
# CONFIG_MWAVE is not set
# CONFIG_PC8736x_GPIO is not set
# CONFIG_NSC_GPIO is not set
# CONFIG_CS5535_GPIO is not set
# CONFIG_RAW_DRIVER is not set
# CONFIG_HPET is not set
# CONFIG_HANGCHECK_TIMER is not set
#
# TPM devices
#
CONFIG_DEVPORT=y
# CONFIG_I2C is not set
#
# SPI support
#
# CONFIG_SPI is not set
# CONFIG_SPI_MASTER is not set
#
# Dallas's 1-wire bus
#
# CONFIG_W1 is not set
# CONFIG_HWMON is not set
#
# Multifunction device drivers
#
# CONFIG_MFD_SM501 is not set
#
# Multimedia devices
#
# CONFIG_VIDEO_DEV is not set
# CONFIG_DVB_CORE is not set
# CONFIG_DAB is not set
#
# Graphics support
#
# CONFIG_BACKLIGHT_LCD_SUPPORT is not set
#
# Display device support
#
# CONFIG_DISPLAY_SUPPORT is not set
# CONFIG_VGASTATE is not set
# CONFIG_FB is not set
#
# Console display driver support
#
CONFIG_VGA_CONSOLE=y
# CONFIG_VGACON_SOFT_SCROLLBACK is not set
# CONFIG_VIDEO_SELECT is not set
CONFIG_DUMMY_CONSOLE=y
#
# Sound
#
# CONFIG_SOUND is not set
#
# HID Devices
#
# CONFIG_HID is not set
#
# USB support
#
CONFIG_USB_ARCH_HAS_HCD=y
CONFIG_USB_ARCH_HAS_OHCI=y
CONFIG_USB_ARCH_HAS_EHCI=y
# CONFIG_USB is not set
#
# NOTE: USB_STORAGE enables SCSI, and 'SCSI disk support'
#
#
# USB Gadget Support
#
# CONFIG_USB_GADGET is not set
# CONFIG_MMC is not set
#
# LED devices
#
# CONFIG_NEW_LEDS is not set
#
# LED drivers
#
#
# LED Triggers
#
#
# InfiniBand support
#
# CONFIG_INFINIBAND is not set
#
# EDAC - error detection and reporting (RAS) (EXPERIMENTAL)
#
#
# Real Time Clock
#
#
# DMA Engine support
#
# CONFIG_DMA_ENGINE is not set
#
# DMA Clients
#
#
# DMA Devices
#
#
# Virtualization
#
#
# File systems
#
CONFIG_EXT2_FS=m
# CONFIG_EXT2_FS_XATTR is not set
# CONFIG_EXT2_FS_XIP is not set
# CONFIG_EXT3_FS is not set
# CONFIG_REISERFS_FS is not set
# CONFIG_JFS_FS is not set
# CONFIG_FS_POSIX_ACL is not set
CONFIG_XFS_FS=y
# CONFIG_XFS_QUOTA is not set
# CONFIG_XFS_SECURITY is not set
# CONFIG_XFS_POSIX_ACL is not set
# CONFIG_XFS_RT is not set
# CONFIG_OCFS2_FS is not set
# CONFIG_MINIX_FS is not set
# CONFIG_ROMFS_FS is not set
CONFIG_INOTIFY=y
CONFIG_INOTIFY_USER=y
# CONFIG_QUOTA is not set
CONFIG_DNOTIFY=y
# CONFIG_AUTOFS_FS is not set
# CONFIG_AUTOFS4_FS is not set
# CONFIG_FUSE_FS is not set
#
# CD-ROM/DVD Filesystems
#
CONFIG_ISO9660_FS=m
# CONFIG_JOLIET is not set
# CONFIG_ZISOFS is not set
# CONFIG_UDF_FS is not set
#
# DOS/FAT/NT Filesystems
#
# CONFIG_MSDOS_FS is not set
# CONFIG_VFAT_FS is not set
# CONFIG_NTFS_FS is not set
#
# Pseudo filesystems
#
CONFIG_PROC_FS=y
CONFIG_PROC_KCORE=y
CONFIG_PROC_SYSCTL=y
CONFIG_SYSFS=y
# CONFIG_TMPFS is not set
# CONFIG_HUGETLBFS is not set
# CONFIG_HUGETLB_PAGE is not set
CONFIG_RAMFS=y
#
# Miscellaneous filesystems
#
# CONFIG_HFSPLUS_FS is not set
# CONFIG_CRAMFS is not set
# CONFIG_VXFS_FS is not set
# CONFIG_HPFS_FS is not set
# CONFIG_QNX4FS_FS is not set
# CONFIG_SYSV_FS is not set
# CONFIG_UFS_FS is not set
#
# Network File Systems
#
# CONFIG_NFS_FS is not set
# CONFIG_NFSD is not set
# CONFIG_SMB_FS is not set
# CONFIG_CIFS is not set
# CONFIG_NCP_FS is not set
# CONFIG_CODA_FS is not set
#
# Partition Types
#
# CONFIG_PARTITION_ADVANCED is not set
CONFIG_MSDOS_PARTITION=y
#
# Native Language Support
#
# CONFIG_NLS is not set
#
# Kernel hacking
#
CONFIG_TRACE_IRQFLAGS_SUPPORT=y
# CONFIG_PRINTK_TIME is not set
# CONFIG_ENABLE_MUST_CHECK is not set
# CONFIG_MAGIC_SYSRQ is not set
# CONFIG_UNUSED_SYMBOLS is not set
# CONFIG_DEBUG_FS is not set
# CONFIG_HEADERS_CHECK is not set
# CONFIG_DEBUG_KERNEL is not set
CONFIG_DEBUG_BUGVERBOSE=y
CONFIG_EARLY_PRINTK=y
CONFIG_X86_FIND_SMP_CONFIG=y
CONFIG_X86_MPPARSE=y
CONFIG_DOUBLEFAULT=y
#
# Security options
#
# CONFIG_KEYS is not set
# CONFIG_SECURITY is not set
#
# Cryptographic options
#
CONFIG_CRYPTO=y
CONFIG_CRYPTO_ALGAPI=y
CONFIG_CRYPTO_BLKCIPHER=y
CONFIG_CRYPTO_HASH=y
CONFIG_CRYPTO_MANAGER=y
CONFIG_CRYPTO_HMAC=y
# CONFIG_CRYPTO_NULL is not set
# CONFIG_CRYPTO_MD4 is not set
CONFIG_CRYPTO_MD5=y
CONFIG_CRYPTO_SHA1=y
CONFIG_CRYPTO_SHA256=y
CONFIG_CRYPTO_SHA512=y
# CONFIG_CRYPTO_WP512 is not set
# CONFIG_CRYPTO_TGR192 is not set
CONFIG_CRYPTO_ECB=m
CONFIG_CRYPTO_CBC=y
# CONFIG_CRYPTO_PCBC is not set
# CONFIG_CRYPTO_CRYPTD is not set
CONFIG_CRYPTO_DES=y
# CONFIG_CRYPTO_FCRYPT is not set
CONFIG_CRYPTO_BLOWFISH=m
# CONFIG_CRYPTO_TWOFISH is not set
CONFIG_CRYPTO_TWOFISH_COMMON=m
CONFIG_CRYPTO_TWOFISH_586=m
CONFIG_CRYPTO_SERPENT=m
# CONFIG_CRYPTO_AES is not set
CONFIG_CRYPTO_AES_586=y
# CONFIG_CRYPTO_CAST5 is not set
# CONFIG_CRYPTO_CAST6 is not set
# CONFIG_CRYPTO_TEA is not set
# CONFIG_CRYPTO_ARC4 is not set
# CONFIG_CRYPTO_KHAZAD is not set
# CONFIG_CRYPTO_ANUBIS is not set
CONFIG_CRYPTO_DEFLATE=y
# CONFIG_CRYPTO_MICHAEL_MIC is not set
# CONFIG_CRYPTO_CRC32C is not set
# CONFIG_CRYPTO_CAMELLIA is not set
# CONFIG_CRYPTO_TEST is not set
#
# Hardware crypto devices
#
# CONFIG_CRYPTO_DEV_PADLOCK is not set
# CONFIG_CRYPTO_DEV_GEODE is not set
#
# Library routines
#
CONFIG_BITREVERSE=m
CONFIG_CRC_CCITT=m
CONFIG_CRC16=m
# CONFIG_CRC_ITU_T is not set
CONFIG_CRC32=m
CONFIG_LIBCRC32C=m
CONFIG_ZLIB_INFLATE=y
CONFIG_ZLIB_DEFLATE=y
CONFIG_TEXTSEARCH=y
CONFIG_TEXTSEARCH_KMP=m
CONFIG_TEXTSEARCH_BM=m
CONFIG_TEXTSEARCH_FSM=m
CONFIG_PLIST=y
CONFIG_HAS_IOMEM=y
CONFIG_HAS_IOPORT=y
CONFIG_HAS_DMA=y
CONFIG_GENERIC_HARDIRQS=y
CONFIG_GENERIC_IRQ_PROBE=y
CONFIG_GENERIC_PENDING_IRQ=y
CONFIG_X86_SMP=y
CONFIG_X86_HT=y
CONFIG_X86_BIOS_REBOOT=y
CONFIG_X86_TRAMPOLINE=y
CONFIG_KTIME_SCALAR=y
-
To unsubscribe from this list: send the line "unsubscribe linux-kernel" in
the body of a message to majordomo@vger.kernel.org
More majordomo info at  
http://vger.kernel.org/majordomo-info.html
Please read the FAQ at  
http://www.tux.org/lkml/