Date: Mon, 10 Nov 2003 18:47:07 +0100
From: Alexander ZVYAGIN <>
Subject: Re: PCI with SiS: Cannot allocate resource.
Sender: linux-kernel-owner@vger.kernel.org
Precedence: bulk
List-ID: <linux-kernel.vger.kernel.org>
X-Mailing-List: linux-kernel@vger.kernel.org
X-Lkml-Link: https://lkml.org/lkml/2003/11/10/110

Hello Davide,
On Sunday 09 November 2003 16:45, Davide Libenzi wrote:
> On Sun, 9 Nov 2003, Alexander ZVYAGIN wrote:
> > > Can you try to apply this over test9:
> > >
> > > 
http://www.kernel.org/pub/linux/kernel/v2.6/snapshots/patch-2.6.0-test9
> > >-bk1 3.bz2
> >
> > I see the same messages...
>
> $ cat /proc/interrupts
>
> Also you can try to disable:
>
> CONFIG_X86_UP_APIC
> CONFIG_X86_UP_IOAPIC
> CONFIG_X86_LOCAL_APIC
> CONFIG_X86_IO_APIC
Still the same.... See the attachments.
Thanks,
Alexander.
[unhandled content-type:application/x-gzip][unhandled content-type:application/x-gzip]           CPU0       
  0:     182523          XT-PIC  timer
  1:          8          XT-PIC  i8042
  2:          0          XT-PIC  cascade
  8:          2          XT-PIC  rtc
 11:        555          XT-PIC  ohci1394, eth0
 12:         54          XT-PIC  i8042
 14:       1370          XT-PIC  ide0
 15:          9          XT-PIC  ide1
NMI:          0 
ERR:          0
00000000-0009fbff : System RAM
0009fc00-0009ffff : reserved
000a0000-000bffff : Video RAM area
000cc000-000ccfff : Extension ROM
000cd000-000cdfff : Extension ROM
000f0000-000fffff : System ROM
00100000-0dfeffff : System RAM
  00100000-0032fbf0 : Kernel code
  0032fbf1-003dceff : Kernel data
0dff0000-0dffffbf : ACPI Tables
0dffffc0-0dffffff : ACPI Non-volatile Storage
10000000-10000fff : 0000:00:0c.0
10001000-10001fff : 0000:00:0c.1
30000000-37ffffff : 0000:00:00.0
38000000-38000fff : 0000:00:01.1
  38000000-38000fff : sis900
38001000-38001fff : 0000:00:01.2
38002000-38002fff : 0000:00:01.3
38003000-38003fff : 0000:00:01.4
40000000-4f0fffff : PCI Bus #01
  40000000-47ffffff : 0000:01:00.0
    40000000-41ffffff : sisfb FB
50000000-560fffff : PCI Bus #01
  50000000-5001ffff : 0000:01:00.0
    50000000-5001ffff : sisfb MMIO
e9100000-e9103fff : 0000:00:0d.0
e910f000-e910f7ff : 0000:00:0d.0
  e910f000-e910f7ff : ohci1394
fffc0000-ffffffff : reserved