Date: Thu, 28 Sep 2000 00:44:56 +0200
From: Michael Meding <>
Subject: spontaneous reboots 2.4.0-test9-ore7
Sender: linux-kernel-owner@vger.kernel.org
Precedence: bulk
List-ID: <linux-kernel.vger.kernel.org>
X-Mailing-List: linux-kernel@vger.kernel.org
X-Lkml-Link: https://lkml.org/lkml/2000/9/27/50

Hi all,
my system keeps rebooting without motivation. During the reboots XF4.01
was running and a compile job in the backround.
System is a AMD duron which is overclocked to (600) 800. However this
system was running fine the last days throughout with earlier test9
kernels. So I guess this is not the reason.
System was rebooting no matter if kernel was compiled for i386 or
Athlon.
Please see attached information.
Greetings
Michael
PS: At least it is not eating my filesystem like in those ancient 2.3.xx
days.Linux version 2.4.0-test9 (root@HAL) (gcc version 2.95.2 19991024 (release)) #3 Mit Sep 27 23:38:29 CEST 2000
BIOS-provided physical RAM map:
 BIOS-e820: 000000000009fc00 @ 0000000000000000 (usable)
 BIOS-e820: 0000000000000400 @ 000000000009fc00 (reserved)
 BIOS-e820: 0000000000010000 @ 00000000000f0000 (reserved)
 BIOS-e820: 0000000000010000 @ 00000000ffff0000 (reserved)
 BIOS-e820: 0000000007f00000 @ 0000000000100000 (usable)
On node 0 totalpages: 32768
zone(0): 4096 pages.
zone(1): 28672 pages.
zone(2): 0 pages.
Kernel command line: auto BOOT_IMAGE=linux ro root=805 agp_try_unsupported=1
Initializing CPU#0
Detected 800.039 MHz processor.
Console: colour VGA+ 80x25
Calibrating delay loop... 1595.80 BogoMIPS
Memory: 126084k/131072k available (1778k kernel code, 4600k reserved, 137k data, 216k init, 0k highmem)
Dentry-cache hash table entries: 16384 (order: 5, 131072 bytes)
Buffer-cache hash table entries: 8192 (order: 3, 32768 bytes)
Page-cache hash table entries: 32768 (order: 5, 131072 bytes)
Inode-cache hash table entries: 8192 (order: 4, 65536 bytes)
VFS: Diskquotas version dquot_6.4.0 initialized
CPU: L1 I Cache: 64K  L1 D Cache: 64K (64 bytes/line)
CPU: L2 Cache: 64K
CPU: AMD Duron(tm) Processor stepping 00
Checking 'hlt' instruction... OK.
POSIX conformance testing by UNIFIX
mtrr: v1.36 (20000221) Richard Gooch (rgooch@atnf.csiro.au)
PCI: PCI BIOS revision 2.10 entry at 0xfb250, last bus=1
PCI: Using configuration type 1
PCI: Probing PCI hardware
isapnp: Scanning for Pnp cards...
isapnp: No Plug & Play device found
Linux NET4.0 for Linux 2.4
Based upon Swansea University Computer Society NET3.039
NET4: Unix domain sockets 1.0/SMP for Linux NET4.0.
NET4: Linux TCP/IP 1.0 for NET4.0
IP Protocols: ICMP, UDP, TCP, IGMP
IP: routing cache hash table of 1024 buckets, 8Kbytes
TCP: Hash tables configured (established 8192 bind 8192)
Initializing RT netlink socket
Starting kswapd v1.8
0x378: FIFO is 16 bytes
0x378: writeIntrThreshold is 8
0x378: readIntrThreshold is 8
0x378: PWord is 8 bits
0x378: Interrupts are ISA-Pulses
0x378: possible IRQ conflict!
0x378: ECP port cfgA=0x10 cfgB=0x00
0x378: ECP settings irq=<none or set by other means> dma=<none or set by other means>
parport0: PC-style at 0x378 (0x778), irq 7, dma 3 [PCSPP,TRISTATE,COMPAT,ECP,DMA]
parport0: cpp_daisy: aa5500ff(00)
parport0: assign_addrs: aa5500ff(00)
parport0: No more nibble data (0 bytes)
parport0: cpp_daisy: aa5500ff(00)
parport0: assign_addrs: aa5500ff(00)
parport0: Legacy device
parport_pc: Via 686A parallel port: io=0x378, irq=7, dma=3
i2c-core.o: i2c core module
i2c-dev.o: i2c /dev entries driver module
i2c-core.o: driver i2c-dev dummy driver registered.
pty: 256 Unix98 ptys configured
lp0: using parport0 (interrupt-driven).
RAMDISK driver initialized: 16 RAM disks of 4096K size 1024 blocksize
Uniform Multi-Platform E-IDE driver Revision: 6.31
ide: Assuming 33MHz system bus speed for PIO modes; override with idebus=xx
VP_IDE: IDE controller on PCI bus 00 dev 39
VP_IDE: chipset revision 16
VP_IDE: not 100% native mode: will probe irqs later
VP_IDE: neither IDE port enabled (BIOS)
Floppy drive(s): fd0 is 1.44M
FDC 0 is a post-1991 82077
Loading I2O Core - (c) Copyright 1999 Red Hat Software
Linux I2O PCI support (c) 1999 Red Hat Software.
i2o: Checking for PCI I2O controllers...
I2O configuration manager v 0.04.
  (C) Copyright 1999 Red Hat Software
I2O Block Storage OSM v0.9
   (c) Copyright 1999, 2000 Red Hat Software.
I2O LAN OSM (C) 1999 University of Helsinki.
Serial driver version 5.02 (2000-08-09) with MANY_PORTS MULTIPORT SHARE_IRQ SERIAL_PCI ISAPNP enabled
ttyS00 at 0x03f8 (irq = 4) is a 16550A
ttyS01 at 0x02f8 (irq = 3) is a 16550A
Real Time Clock Driver v1.10c
8139too Fast Ethernet driver 0.9.10 loaded
eth0: RealTek RTL8139 Fast Ethernet at 0xc8800000, 00:e0:7d:72:d3:80, IRQ 11
eth0:  Identified 8139 chip type 'RTL-8139A'
atp.c:v1.09 8/9/2000 Donald Becker <becker@scyld.com>
  
http://www.scyld.com/network/atp.html
Linux agpgart interface v0.99 (c) Jeff Hartmann
agpgart: Maximum main memory to use for agp memory: 96M
agpgart: Detected Via Apollo Pro KT133 chipset
agpgart: AGP aperture is 64M @ 0xd0000000
(scsi0) <Adaptec AHA-294X Ultra SCSI host adapter> found at PCI 0/14/0
(scsi0) Wide Channel, SCSI ID=7, 16/255 SCBs
(scsi0) Downloading sequencer code... 422 instructions downloaded
scsi0 : Adaptec AHA274x/284x/294x (EISA/VLB/PCI-Fast SCSI) 5.2.1/5.2.0
       <Adaptec AHA-294X Ultra SCSI host adapter>
(scsi0:0:0:0) Synchronous at 40.0 Mbyte/sec, offset 8.
  Vendor: IBM       Model: DDRS-39130D       Rev: DC1B
  Type:   Direct-Access                      ANSI SCSI revision: 02
(scsi0:0:1:0) Synchronous at 10.0 Mbyte/sec, offset 15.
  Vendor: TEAC      Model: CD-R56S4          Rev: 1.0N
  Type:   CD-ROM                             ANSI SCSI revision: 02
(scsi0:0:2:0) Synchronous at 20.0 Mbyte/sec, offset 8.
  Vendor: PIONEER   Model: DVD-ROM DVD-303   Rev: 1.09
  Type:   CD-ROM                             ANSI SCSI revision: 02
(scsi0:0:4:0) Synchronous at 5.0 Mbyte/sec, offset 8.
  Vendor: HP        Model: HP35480A          Rev: T503
  Type:   Sequential-Access                  ANSI SCSI revision: 02
Detected scsi tape st0 at scsi0, channel 0, id 4, lun 0
st: bufsize 32768, wrt 30720, max init. buffers 4, s/g segs 16.
Detected scsi disk sda at scsi0, channel 0, id 0, lun 0
SCSI device sda: 17850000 512-byte hdwr sectors (9139 MB)
Partition check:
 sda: sda1 sda1 sda2 sda2 < sda5 sda5 sda6 sda6 >
Detected scsi CD-ROM sr0 at scsi0, channel 0, id 1, lun 0
Detected scsi CD-ROM sr1 at scsi0, channel 0, id 2, lun 0
sr0: scsi3-mmc drive: 24x/24x writer cd/rw xa/form2 cdda tray
Uniform CD-ROM driver Revision: 3.11
sr1: scsi3-mmc drive: 0x/0x cd/rw xa/form2 cdda tray
Via 686a audio driver 1.1.8
ac97_codec: AC97 audio codec, id: 0x4943:0x4511 (Unknown)
via82cxxx: board #1 at 0xDC00, IRQ 11
Linux PCMCIA Card Services 3.1.20
  options:  [pci] [cardbus]
md driver 0.90.0 MAX_MD_DEVS=256, MAX_REAL=12
md.c: sizeof(mdp_super_t) = 4096
ds: no socket drivers loaded!
VFS: Mounted root (ext2 filesystem) readonly.
Freeing unused kernel memory: 216k freed
Adding Swap: 265032k swap-space (priority -1)
-- Versions installed: (if some fields are empty or look
-- unusual then possibly you have very old versions)
Linux HAL 2.4.0-test9 #3 Mit Sep 27 23:38:29 CEST 2000 i686 unknown
Kernel modules         2.3.14
Gnu C                  2.95.2
Gnu Make               3.78.1
Binutils               2.9.5.0.22
Linux C Library        2.1.3
Dynamic linker         ldd (GNU libc) 2.1.3
Procps                 2.0.6
Mount                  2.10f
Net-tools              1.54
Console-tools          0.3.3
Sh-utils               2.0
Modules Loaded         