Date: Tue, 5 Jul 2005 19:03:25 +0200
From: davide vecchio <>
Subject: Re: Problem with PS/2 Logitech WheelMouse
Sender: linux-kernel-owner@vger.kernel.org
Precedence: bulk
List-ID: <linux-kernel.vger.kernel.org>
X-Mailing-List: linux-kernel@vger.kernel.org
X-Lkml-Link: https://lkml.org/lkml/2005/7/5/103

Hi Dimitry,
I tried both options you suggested but noting changes ... 
the only strange thing I didn't notice before is :  
"input.c: calling hotplug without a hotplug agent defined "
Any further idea ?
Davide
On 7/5/05, Dmitry Torokhov <dmitry.torokhov@gmail.com> wrote:
> On 7/5/05, davide vecchio <davide.vecchio@gmail.com> wrote:
> > Hi everybody,
> > I'm running SOME LINUX DISTROS (Fedora Core 2 kernel 2.6.7 and, Suse
> > 9.3 kernel 2.6.10-4) on an  Amd XP 1200 box on an msi 6360 MAINBOARD.
> > I'm using a PS/2 Logitech WheelMouse (usb mouse connected using ps2 adapter).
> > I'm experiencing on both distros that with the standard kernel (the
> > one prebuilt coming with the distro), the mouse is working correctly
> > but when I tried to compile a new kernel (2.6.11 or 2.6.22) got from
> > the kernel.org site both using modules or static support for the mouse
> > , the mouse stops working both in console (tested throught cat
> > /dev/input/mice) and in X.
> >
> 
> Hi,
> 
> I see that the mouse seem to be detected properly... I wonder if some
> of the extended probes confuse it. Could you try doing:
> 
>          rmmod psmouse
>          insmod /lib/modules/`uname
> -r`/kernel/drivers/input/mouse/psmouse.ko proto=bare
> 
> and
> 
>          rmmod psmouse
>          insmod /lib/modules/`uname
> -r`/kernel/drivers/input/mouse/psmouse.ko proto=imps
> 
> And tell me if any of them work?
> 
> Thanks!
> 
> --
> Dmitry
>
Linux version 2.6.12.2-default (root@susepenguin) (gcc version 3.3.5 20050117 (prerelease) (SUSE Linux)) #1 Mon Jul 4 16:25:55 CEST 2005
BIOS-provided physical RAM map:
 BIOS-e820: 0000000000000000 - 000000000009fc00 (usable)
 BIOS-e820: 000000000009fc00 - 00000000000a0000 (reserved)
 BIOS-e820: 00000000000f0000 - 0000000000100000 (reserved)
 BIOS-e820: 0000000000100000 - 000000001bff0000 (usable)
 BIOS-e820: 000000001bff0000 - 000000001bff3000 (ACPI NVS)
 BIOS-e820: 000000001bff3000 - 000000001c000000 (ACPI data)
 BIOS-e820: 00000000ffff0000 - 0000000100000000 (reserved)
447MB LOWMEM available.
found SMP MP-table at 000f66c0
On node 0 totalpages: 114672
  DMA zone: 4096 pages, LIFO batch:1
  Normal zone: 110576 pages, LIFO batch:31
  HighMem zone: 0 pages, LIFO batch:1
DMI 2.2 present.
ACPI: RSDP (v000 VIA694                                ) @ 0x000f80c0
ACPI: RSDT (v001 VIA694 MSI ACPI 0x42302e31 AWRD 0x00000000) @ 0x1bff3000
ACPI: FADT (v001 VIA694 MSI ACPI 0x42302e31 AWRD 0x00000000) @ 0x1bff3040
ACPI: MADT (v001 VIA694 MSI ACPI 0x42302e31 AWRD 0x00000000) @ 0x1bff5880
ACPI: DSDT (v001 VIA694 AWRDACPI 0x00001000 MSFT 0x0100000c) @ 0x00000000
ACPI: PM-Timer IO Port: 0x4008
ACPI: Local APIC address 0xfee00000
ACPI: LAPIC (acpi_id[0x00] lapic_id[0x00] enabled)
Processor #0 6:4 APIC version 16
ACPI: IOAPIC (id[0x02] address[0xfec00000] gsi_base[0])
IOAPIC[0]: apic_id 2, version 17, address 0xfec00000, GSI 0-23
ACPI: INT_SRC_OVR (bus 0 bus_irq 0 global_irq 2 dfl dfl)
ACPI: INT_SRC_OVR (bus 0 bus_irq 9 global_irq 9 dfl dfl)
ACPI: IRQ0 used by override.
ACPI: IRQ2 used by override.
ACPI: IRQ9 used by override.
ACPI: IRQ11 used by override.
Enabling APIC mode:  Flat.  Using 1 I/O APICs
Using ACPI (MADT) for SMP configuration information
Allocating PCI resources starting at 1c000000 (gap: 1c000000:e3ff0000)
Built 1 zonelists
Kernel command line: root=/dev/hdb6 vga=0x317 selinux=0  splash=silent resume=/dev/hdb5 PROFILE=default runlevel 3
mapped APIC to ffffd000 (fee00000)
mapped IOAPIC to ffffc000 (fec00000)
Initializing CPU#0
PID hash table entries: 2048 (order: 11, 32768 bytes)
Detected 1200.042 MHz processor.
Using pmtmr for high-res timesource
Console: colour dummy device 80x25
Dentry cache hash table entries: 65536 (order: 6, 262144 bytes)
Inode-cache hash table entries: 32768 (order: 5, 131072 bytes)
Memory: 448756k/458688k available (2209k kernel code, 9364k reserved, 667k data, 216k init, 0k highmem)
Checking if this processor honours the WP bit even in supervisor mode... Ok.
Calibrating delay loop... 2375.68 BogoMIPS (lpj=1187840)
Security Framework v1.0.0 initialized
SELinux:  Disabled at boot.
Mount-cache hash table entries: 512
CPU: After generic identify, caps: 0183fbff c1c7fbff 00000000 00000000 00000000 00000000 00000000
CPU: After vendor identify, caps: 0183fbff c1c7fbff 00000000 00000000 00000000 00000000 00000000
CPU: L1 I Cache: 64K (64 bytes/line), D cache 64K (64 bytes/line)
CPU: L2 Cache: 256K (64 bytes/line)
CPU: After all inits, caps: 0183fbff c1c7fbff 00000000 00000020 00000000 00000000 00000000
Intel machine check architecture supported.
Intel machine check reporting enabled on CPU#0.
CPU: AMD Athlon(tm) processor stepping 02
Enabling fast FPU save and restore... done.
Checking 'hlt' instruction... OK.
ENABLING IO-APIC IRQs
..TIMER: vector=0x31 pin1=2 pin2=-1
checking if image is initramfs... it is
Freeing initrd memory: 1907k freed
NET: Registered protocol family 16
PCI: PCI BIOS revision 2.10 entry at 0xfb590, last bus=1
PCI: Using configuration type 1
mtrr: v2.0 (20020519)
ACPI: Subsystem revision 20050309
ACPI: Interpreter enabled
ACPI: Using IOAPIC for interrupt routing
ACPI: PCI Root Bridge [PCI0] (0000:00)
PCI: Probing PCI hardware (bus 00)
Boot video device is 0000:01:00.0
ACPI: PCI Interrupt Routing Table [\_SB_.PCI0._PRT]
ACPI: PCI Interrupt Link [LNKA] (IRQs 1 3 4 5 6 7 10 11 12 14 15) *9
ACPI: PCI Interrupt Link [LNKB] (IRQs 1 3 4 5 6 7 10 11 12 14 15) *0, disabled.
ACPI: PCI Interrupt Link [LNKC] (IRQs 1 3 4 5 6 7 *10 11 12 14 15)
ACPI: PCI Interrupt Link [LNKD] (IRQs 1 3 4 5 6 7 10 *11 12 14 15)
Linux Plug and Play Support v0.97 (c) Adam Belay
pnp: PnP ACPI init
pnp: PnP ACPI: found 12 devices
PnPBIOS: Disabled by ACPI PNP
PCI: Using ACPI for IRQ routing
PCI: If a device doesn't work, try "pci=routeirq".  If it helps, post a report
TC classifier action (bugs to netdev@vger.kernel.org cc hadi@cyberus.ca)
apm: BIOS version 1.2 Flags 0x07 (Driver version 1.16ac)
apm: overridden by ACPI.
audit: initializing netlink socket (disabled)
audit(1120589298.724:0): initialized
Total HugeTLB memory allocated, 0
VFS: Disk quotas dquot_6.5.1
Dquot-cache hash table entries: 1024 (order 0, 4096 bytes)
Initializing Cryptographic API
Applying VIA southbridge workaround.
PCI: Enabling Via external APIC routing
vesafb: framebuffer at 0xc0000000, mapped to 0xdc880000, using 3072k, total 131072k
vesafb: mode is 1024x768x16, linelength=2048, pages=84
vesafb: protected mode interface info at c000:57cf
vesafb: scrolling: redraw
vesafb: Truecolor: size=0:5:6:5, shift=0:11:5:0
Console: switching to colour frame buffer device 128x48
fb0: VESA VGA frame buffer device
isapnp: Scanning for PnP cards...
isapnp: No Plug & Play device found
Real Time Clock Driver v1.12
PNP: PS/2 Controller [PNP0303:PS2K,PNP0f13:PS2M] at 0x60,0x64 irq 1,12
serio: i8042 AUX port at 0x60,0x64 irq 12
serio: i8042 KBD port at 0x60,0x64 irq 1
Serial: 8250/16550 driver $Revision: 1.90 $ 48 ports, IRQ sharing enabled
ttyS0 at I/O 0x3f8 (irq = 4) is a 16550A
ttyS1 at I/O 0x2f8 (irq = 3) is a 16550A
ttyS0 at I/O 0x3f8 (irq = 4) is a 16550A
ttyS1 at I/O 0x2f8 (irq = 3) is a 16550A
ttyS0 at I/O 0x3f8 (irq = 4) is a 16550A
ttyS1 at I/O 0x2f8 (irq = 3) is a 16550A
io scheduler noop registered
io scheduler anticipatory registered
io scheduler deadline registered
io scheduler cfq registered
Floppy drive(s): fd0 is 1.44M
FDC 0 is a post-1991 82077
RAMDISK driver initialized: 16 RAM disks of 64000K size 1024 blocksize
loop: loaded (max 8 devices)
mice: PS/2 mouse device common for all mice
input: PC Speaker
md: md driver 0.90.1 MAX_MD_DEVS=256, MD_SB_DISKS=27
NET: Registered protocol family 2
IP: routing cache hash table of 4096 buckets, 32Kbytes
TCP established hash table entries: 16384 (order: 5, 131072 bytes)
TCP bind hash table entries: 16384 (order: 4, 65536 bytes)
TCP: Hash tables configured (established 16384 bind 16384)
NET: Registered protocol family 1
ACPI wakeup devices: 
SLPB PCI0 USB0 USB1 MODM UAR1 UAR2 LPT1 
ACPI: (supports S0 S1 S4 S5)
Freeing unused kernel memory: 216k freed
input: AT Translated Set 2 keyboard on isa0060/serio0
Uniform Multi-Platform E-IDE driver Revision: 7.00alpha2
ide: Assuming 33MHz system bus speed for PIO modes; override with idebus=xx
VP_IDE: IDE controller at PCI slot 0000:00:07.1
PCI: Via IRQ fixup for 0000:00:07.1, from 255 to 0
VP_IDE: chipset revision 6
VP_IDE: not 100% native mode: will probe irqs later
VP_IDE: VIA vt82c686b (rev 40) IDE UDMA100 controller on pci0000:00:07.1
    ide0: BM-DMA at 0xd000-0xd007, BIOS settings: hda:DMA, hdb:DMA
    ide1: BM-DMA at 0xd008-0xd00f, BIOS settings: hdc:DMA, hdd:DMA
Probing IDE interface ide0...
hda: IC35L060AVV207-0, ATA DISK drive
hdb: MAXTOR 6L040J2, ATA DISK drive
ide0 at 0x1f0-0x1f7,0x3f6 on irq 14
Probing IDE interface ide1...
hdc: ATAPI DVD+RW 4X4X12, ATAPI CD/DVD-ROM drive
hdd: LG CD-ROM CRD-8522B, ATAPI CD/DVD-ROM drive
ide1 at 0x170-0x177,0x376 on irq 15
hda: max request size: 1024KiB
hda: 120103200 sectors (61492 MB) w/1821KiB Cache, CHS=16383/255/63, UDMA(100)
hda: cache flushes supported
 hda: hda1 hda2 < hda5 hda6 hda7 hda8 hda9 hda10 hda11 hda12 hda13 >
hdb: max request size: 128KiB
hdb: 78177792 sectors (40027 MB) w/1818KiB Cache, CHS=65535/16/63, UDMA(100)
hdb: cache flushes supported
 hdb: hdb1 hdb2 < hdb5 hdb6 >
hdc: ATAPI 40X DVD-ROM CD-R/RW drive, 8192kB Cache, UDMA(33)
Uniform CD-ROM driver Revision: 3.20
hdd: ATAPI 52X CD-ROM drive, 128kB Cache, DMA
ReiserFS: hdb6: found reiserfs format "3.6" with standard journal
ReiserFS: hdb6: using ordered data mode
ReiserFS: hdb6: journal params: device hdb6, size 8192, journal first block 18, max trans len 1024, max batch 900, max commit age 30, max trans age 30
ReiserFS: hdb6: checking transaction log (hdb6)
ReiserFS: hdb6: Using r5 hash to sort names
md: Autodetecting RAID arrays.
md: autorun ...
md: ... autorun DONE.
Adding 642556k swap on /dev/hda11.  Priority:42 extents:1
Adding 899600k swap on /dev/hdb5.  Priority:42 extents:1
device-mapper: 4.4.0-ioctl (2005-01-12) initialised: dm-devel@redhat.com
parport_pc: VIA 686A/8231 detected
parport_pc: probing current configuration
parport_pc: Current parallel port base: 0x378
parport0: PC-style at 0x378, irq 7 [PCSPP,TRISTATE,EPP]
parport0: Printer, Canon BJC-2000
parport_pc: VIA parallel port: io=0x378, irq=7
lp0: using parport0 (interrupt-driven).
cdrom: open failed.
SCSI subsystem initialized
Capability LSM initialized
NET: Registered protocol family 10
Disabled Privacy Extensions on device c0394380(lo)
IPv6 over IPv4 tunneling driver
ip6_tables: (C) 2000-2002 Netfilter core team
Disabled Privacy Extensions on device daab1400(sit0)
ip_tables: (C) 2000-2002 Netfilter core team
ip_conntrack version 2.1 (3583 buckets, 28664 max) - 248 bytes per conntrack
st: Version 20050312, fixed bufsize 32768, s/g segs 256
BIOS EDD facility v0.16 2004-Jun-25, 2 devices found
cdrom: open failed.
cdrom: open failed.
ACPI: PCI Interrupt Link [LNKC] enabled at IRQ 10
ACPI: PCI Interrupt 0000:00:07.5[C] -> Link [LNKC] -> GSI 10 (level, low) -> IRQ 10
PCI: Via IRQ fixup for 0000:00:07.5, from 11 to 10
PCI: Setting latency timer of device 0000:00:07.5 to 64
ACPI: Power Button (FF) [PWRF]
ACPI: Sleep Button (CM) [SLPB]
powernow-k8: Processor cpuid 642 not supported
powernow: No powernow capabilities detected
usbcore: registered new driver usbfs
usbcore: registered new driver hub
usbcore: registered new driver usbserial
drivers/usb/serial/usb-serial.c: USB Serial support registered for Generic
usbcore: registered new driver usbserial_generic
drivers/usb/serial/usb-serial.c: USB Serial Driver core v2.0
Non-volatile memory driver v1.2
end_request: I/O error, dev fd0, sector 0
end_request: I/O error, dev fd0, sector 0
input.c: calling hotplug without a hotplug agent defined
input: PS/2 Generic Mouse on isa0060/serio1
input.c: calling hotplug without a hotplug agent defined
psmouse: `imp/s2' invalid for parameter `proto'
input.c: calling hotplug without a hotplug agent defined
input: ImPS/2 Generic Wheel Mouse on isa0060/serio1