Date: Sat, 7 Jan 2006 14:16:33 +0100
From: Tomasz Torcz <>
Subject: Re: 2.6.15-ck1
Sender: linux-kernel-owner@vger.kernel.org
Precedence: bulk
List-ID: <linux-kernel.vger.kernel.org>
X-Mailing-List: linux-kernel@vger.kernel.org
X-Lkml-Link: https://lkml.org/lkml/2006/1/13/235

On Fri, Jan 06, 2006 at 10:22:45AM +1100, Con Kolivas wrote:
> On Fri, 6 Jan 2006 04:58 am, Tomasz Torcz wrote:
> > On Wed, Jan 04, 2006 at 12:00:00PM +1100, Con Kolivas wrote:
> > > Added:
> > >  +2.6.15-dynticks-060101.patch
> >
> >   On practically unused (booted and logged in into GNOME, one terminal
> > emulator, clock gdesklet ticking) desktop system -- Sempron 2500+,
> > pmstats show between 450 and 600 Hz. Is this normal?
> 
> Chances are your hardware is one that doesn't play well with dynticks then. 
  Let me elaborate. Hardware is desktop system, nforce2 chipset based
UP motherboard. CPU is Sempron 2500+. SATA disk, matrox card with fbcon,
Intel e1000 networking.
> Compile in the timer info and use the timertop utility to see if there really 
> is something increasing your timer activity to 450HZ and if there isn't then 
> it's a problem with dynticks and your hardware. This is the problem I'm 
> currently seeing on SMP configs (too many HZ) and I have yet to figure out 
> what it is about the IO APIC that makes this happen.
 Typical output look like:
 Timer Top v 0.9.8
 Ticks:  470      Period: 1 s (Up/Dn)      Skip Low Hz(z): Y      Clear(c)
 PID           Command   Freq(Hz)   Count           Function       Address 
10946          timertop        1       14   process_timeout        c0121e08
 4480   netspeed_applet        1       52   process_timeout        c0121e08
 4132        gam_server       35     2011   process_timeout        c0121e08
 4321            python       47     2751   process_timeout        c0121e08
 5614             mrxvt        1      196   process_timeout        c0121e08
 4486              mono        9      531   process_timeout        c0121e08
 3605                 X       16     1137   it_real_fn             c011deff
 4463     mixer_applet2       10      526   process_timeout        c0121e08
   18                --        4      210   (module)               e2a3409b
 9936              ekg2        2      104   process_timeout        c0121e08
 5257             mrxvt        3      175   process_timeout        c0121e08
    0                 -        3      250   i8042_timer_func       c0230f2b
10139         powernowd        1       56   process_timeout        c0121e08
    0                 -        1       10   (module)               c1a13ed0
10705             mrxvt        2      168   process_timeout        c0121e08
 4485   multiload-apple        3      190   process_timeout        c0121e08
 5194        postmaster        4      290   process_timeout        c0121e08
    0                 -        2      126   (module)               cf85af40
    0                 -        1       46   neigh_periodic_time    c02a474a
 3511              ntpd        1       54   it_real_fn             c011deff
 4561              mono        2      108   process_timeout        c0121e08
    3        watchdog/0        1       56   process_timeout        c0121e08
 5247              tail        1       57   process_timeout        c0121e08
  gam_server uses inotify, but regardless polls some socket very
frequently. Python process is driving gDesklets, two of them are
updating every second -- a clock and disk bandwidth meter. mixer_applet
is doing someting stupid, but GNOME developers are aware of problem.
  I'm attaching:
  - dmesg from vanilla 2.6.15
  - dmesg from 2.6.15-ck1
  - .config from 2.6.15-ck1
  Hope this helps somehow to locate the problem.
-- 
Tomasz Torcz                 "God, root, what's the difference?"
zdzichu@irc.-nie.spam-.pl         "God is more forgiving."
[unhandled content-type:application/x-gunzip]Linux version 2.6.15 (zdzichu@mother) (gcc version 3.4.5) #50 Tue Jan 3 15:46:54 CET 2006
BIOS-provided physical RAM map:
 BIOS-e820: 0000000000000000 - 000000000009f400 (usable)
 BIOS-e820: 000000000009f400 - 00000000000a0000 (reserved)
 BIOS-e820: 00000000000f0000 - 0000000000100000 (reserved)
 BIOS-e820: 0000000000100000 - 000000001fff0000 (usable)
 BIOS-e820: 000000001fff0000 - 000000001fff3000 (ACPI NVS)
 BIOS-e820: 000000001fff3000 - 0000000020000000 (ACPI data)
 BIOS-e820: 00000000fec00000 - 00000000fec01000 (reserved)
 BIOS-e820: 00000000fee00000 - 00000000fee01000 (reserved)
 BIOS-e820: 00000000ffff0000 - 0000000100000000 (reserved)
511MB LOWMEM available.
On node 0 totalpages: 131056
  DMA zone: 4096 pages, LIFO batch:0
  DMA32 zone: 0 pages, LIFO batch:0
  Normal zone: 126960 pages, LIFO batch:31
  HighMem zone: 0 pages, LIFO batch:0
DMI 2.2 present.
ACPI: RSDP (v000 Nvidia                                ) @ 0x000f6b00
ACPI: RSDT (v001 Nvidia AWRDACPI 0x42302e31 AWRD 0x00000000) @ 0x1fff3000
ACPI: FADT (v001 Nvidia AWRDACPI 0x42302e31 AWRD 0x00000000) @ 0x1fff3040
ACPI: MADT (v001 Nvidia AWRDACPI 0x42302e31 AWRD 0x00000000) @ 0x1fff79c0
ACPI: DSDT (v001 NVIDIA AWRDACPI 0x00001000 MSFT 0x0100000d) @ 0x00000000
ACPI: PM-Timer IO Port: 0x4008
ACPI: Local APIC address 0xfee00000
ACPI: LAPIC (acpi_id[0x00] lapic_id[0x00] enabled)
Processor #0 6:8 APIC version 16
ACPI: LAPIC_NMI (acpi_id[0x00] high edge lint[0x1])
ACPI: IOAPIC (id[0x02] address[0xfec00000] gsi_base[0])
IOAPIC[0]: apic_id 2, version 17, address 0xfec00000, GSI 0-23
ACPI: INT_SRC_OVR (bus 0 bus_irq 0 global_irq 2 dfl dfl)
ACPI: BIOS IRQ0 pin2 override ignored.
ACPI: INT_SRC_OVR (bus 0 bus_irq 9 global_irq 9 high level)
ACPI: IRQ9 used by override.
Enabling APIC mode:  Flat.  Using 1 I/O APICs
Using ACPI (MADT) for SMP configuration information
Allocating PCI resources starting at 30000000 (gap: 20000000:dec00000)
Built 1 zonelists
Kernel command line: ro resume=/dev/sda2 video=matroxfb:vesa:0x11A
mapped APIC to ffffd000 (fee00000)
mapped IOAPIC to ffffc000 (fec00000)
Initializing CPU#0
CPU 0 irqstacks, hard=c0408000 soft=c0407000
PID hash table entries: 2048 (order: 11, 32768 bytes)
Detected 1747.095 MHz processor.
Using pmtmr for high-res timesource
Console: colour VGA+ 80x25
Dentry cache hash table entries: 131072 (order: 7, 524288 bytes)
Inode-cache hash table entries: 65536 (order: 6, 262144 bytes)
Memory: 513972k/524224k available (2114k kernel code, 9696k reserved, 788k data, 172k init, 0k highmem)
Checking if this processor honours the WP bit even in supervisor mode... Ok.
Calibrating delay using timer specific routine.. 3497.64 BogoMIPS (lpj=6995291)
Mount-cache hash table entries: 512
CPU: After generic identify, caps: 0383fbff c1cbfbff 00000000 00000000 00000000 00000000 00000000
CPU: After vendor identify, caps: 0383fbff c1cbfbff 00000000 00000000 00000000 00000000 00000000
CPU: L1 I Cache: 64K (64 bytes/line), D cache 64K (64 bytes/line)
CPU: L2 Cache: 256K (64 bytes/line)
CPU: After all inits, caps: 0383fbff c1cbfbff 00000000 00000020 00000000 00000000 00000000
Intel machine check architecture supported.
Intel machine check reporting enabled on CPU#0.
mtrr: v2.0 (20020519)
CPU: AMD Sempron(tm) stepping 01
Enabling fast FPU save and restore... done.
Enabling unmasked SIMD FPU exception support... done.
Checking 'hlt' instruction... OK.
ENABLING IO-APIC IRQs
..TIMER: vector=0x31 apic1=0 pin1=0 apic2=-1 pin2=-1
checking if image is initramfs... it is
Freeing initrd memory: 1380k freed
NET: Registered protocol family 16
ACPI: bus type pci registered
PCI: PCI BIOS revision 2.10 entry at 0xfb420, last bus=2
PCI: Using configuration type 1
ACPI: Subsystem revision 20050902
ACPI: Interpreter enabled
ACPI: Using IOAPIC for interrupt routing
ACPI: PCI Root Bridge [PCI0] (0000:00)
PCI: Probing PCI hardware (bus 00)
PCI: nForce2 C1 Halt Disconnect fixup
Boot video device is 0000:02:00.0
ACPI: PCI Interrupt Routing Table [\_SB_.PCI0._PRT]
ACPI: PCI Interrupt Routing Table [\_SB_.PCI0.HUB0._PRT]
ACPI: PCI Interrupt Routing Table [\_SB_.PCI0.AGPB._PRT]
ACPI: PCI Interrupt Link [LNK1] (IRQs 3 4 5 6 7 10 11 12 14 15) *0, disabled.
ACPI: PCI Interrupt Link [LNK2] (IRQs 3 4 5 6 7 10 11 12 14 15) *0, disabled.
ACPI: PCI Interrupt Link [LNK3] (IRQs 3 4 5 6 7 10 *11 12 14 15)
ACPI: PCI Interrupt Link [LNK4] (IRQs 3 4 *5 6 7 10 11 12 14 15)
ACPI: PCI Interrupt Link [LNK5] (IRQs 3 4 5 6 7 10 11 12 14 15) *0, disabled.
ACPI: PCI Interrupt Link [LUBA] (IRQs 3 4 *5 6 7 10 11 12 14 15)
ACPI: PCI Interrupt Link [LUBB] (IRQs 3 4 5 6 7 *10 11 12 14 15)
ACPI: PCI Interrupt Link [LMAC] (IRQs 3 4 5 6 7 *10 11 12 14 15)
ACPI: PCI Interrupt Link [LAPU] (IRQs 3 4 5 6 7 *10 11 12 14 15)
ACPI: PCI Interrupt Link [LACI] (IRQs 3 4 5 6 7 10 *11 12 14 15)
ACPI: PCI Interrupt Link [LMCI] (IRQs 3 4 5 6 7 10 11 12 14 15) *0, disabled.
ACPI: PCI Interrupt Link [LSMB] (IRQs 3 4 5 6 7 10 *11 12 14 15)
ACPI: PCI Interrupt Link [LUB2] (IRQs 3 4 5 6 7 10 *11 12 14 15)
ACPI: PCI Interrupt Link [LFIR] (IRQs 3 4 *5 6 7 10 11 12 14 15)
ACPI: PCI Interrupt Link [L3CM] (IRQs 3 4 5 6 7 10 11 12 14 15) *0, disabled.
ACPI: PCI Interrupt Link [LIDE] (IRQs 3 4 5 6 7 10 11 12 14 15) *0, disabled.
ACPI: PCI Interrupt Link [APC1] (IRQs *16), disabled.
ACPI: PCI Interrupt Link [APC2] (IRQs *17), disabled.
ACPI: PCI Interrupt Link [APC3] (IRQs *18), disabled.
ACPI: PCI Interrupt Link [APC4] (IRQs *19), disabled.
ACPI: PCI Interrupt Link [APCE] (IRQs *16), disabled.
ACPI: PCI Interrupt Link [APCF] (IRQs 20 21 22) *0, disabled.
ACPI: PCI Interrupt Link [APCG] (IRQs 20 21 22) *0, disabled.
ACPI: PCI Interrupt Link [APCH] (IRQs 20 21 22) *0, disabled.
ACPI: PCI Interrupt Link [APCI] (IRQs 20 21 22) *0, disabled.
ACPI: PCI Interrupt Link [APCJ] (IRQs 20 21 22) *0, disabled.
ACPI: PCI Interrupt Link [APCK] (IRQs 20 21 22) *0, disabled.
ACPI: PCI Interrupt Link [APCS] (IRQs *23), disabled.
ACPI: PCI Interrupt Link [APCL] (IRQs 20 21 22) *0, disabled.
ACPI: PCI Interrupt Link [APCM] (IRQs 20 21 22) *0, disabled.
ACPI: PCI Interrupt Link [AP3C] (IRQs 20 21 22) *0, disabled.
ACPI: PCI Interrupt Link [APCZ] (IRQs 20 21 22) *0, disabled.
Generic PHY: Registered new driver
SCSI subsystem initialized
PCI: Using ACPI for IRQ routing
PCI: If a device doesn't work, try "pci=routeirq".  If it helps, post a report
PCI: Bridge: 0000:00:08.0
  IO window: 9000-afff
  MEM window: e9000000-eaffffff
  PREFETCH window: 30000000-300fffff
PCI: Bridge: 0000:00:1e.0
  IO window: disabled.
  MEM window: e6000000-e8ffffff
  PREFETCH window: e4000000-e5ffffff
PCI: Setting latency timer of device 0000:00:08.0 to 64
Machine check exception polling timer started.
audit: initializing netlink socket (disabled)
audit(1136538385.208:1): initialized
Initializing Cryptographic API
io scheduler noop registered
io scheduler anticipatory registered
io scheduler deadline registered
io scheduler cfq registered
ACPI: PCI Interrupt Link [APC4] enabled at IRQ 19
ACPI: PCI Interrupt 0000:02:00.0[A] -> Link [APC4] -> GSI 19 (level, high) -> IRQ 16
matroxfb: Matrox G550 detected
PInS memtype = 5
matroxfb: MTRR's turned on
matroxfb: 1280x1024x16bpp (virtual: 1280x6553)
matroxfb: framebuffer at 0xE4000000, mapped to 0xe0880000, size 33554432
Console: switching to colour frame buffer device 160x64
fb0: MATROX frame buffer device
matroxfb_crtc2: secondary head of fb0 was registered as fb1
ACPI: Power Button (FF) [PWRF]
ACPI: Power Button (CM) [PWRB]
ACPI: Fan [FAN] (on)
ACPI: Thermal Zone [THRM] (32 C)
Real Time Clock Driver v1.12
Linux agpgart interface v0.101 (c) Dave Jones
agpgart: Detected NVIDIA nForce2 chipset
agpgart: AGP aperture is 64M @ 0xe0000000
serio: i8042 AUX port at 0x60,0x64 irq 12
serio: i8042 KBD port at 0x60,0x64 irq 1
Serial: 8250/16550 driver $Revision: 1.90 $ 4 ports, IRQ sharing disabled
serial8250: ttyS0 at I/O 0x3f8 (irq = 4) is a 16550A
serial8250: ttyS1 at I/O 0x2f8 (irq = 3) is a 16550A
RAMDISK driver initialized: 16 RAM disks of 4096K size 1024 blocksize
loop: loaded (max 8 devices)
pktcdvd: v0.2.0a 2004-07-14 Jens Axboe (axboe@suse.de) and petero2@telia.com
LXT970: Registered new driver
LXT971: Registered new driver
tun: Universal TUN/TAP device driver, 1.6
tun: (C) 1999-2004 Max Krasnyansky <maxk@qualcomm.com>
Linux video capture interface: v1.00
Uniform Multi-Platform E-IDE driver Revision: 7.00alpha2
ide: Assuming 33MHz system bus speed for PIO modes; override with idebus=xx
NFORCE2: IDE controller at PCI slot 0000:00:09.0
NFORCE2: chipset revision 162
NFORCE2: not 100% native mode: will probe irqs later
NFORCE2: 0000:00:09.0 (rev a2) UDMA133 controller
    ide0: BM-DMA at 0xf000-0xf007, BIOS settings: hda:DMA, hdb:DMA
    ide1: BM-DMA at 0xf008-0xf00f, BIOS settings: hdc:DMA, hdd:DMA
Probing IDE interface ide0...
hda: _NEC DVD_RW ND-3540A, ATAPI CD/DVD-ROM drive
ide0 at 0x1f0-0x1f7,0x3f6 on irq 14
Probing IDE interface ide1...
Probing IDE interface ide1...
hda: ATAPI 48X DVD-ROM DVD-R CD-R/RW drive, 2048kB Cache, UDMA(33)
Uniform CD-ROM driver Revision: 3.20
libata version 1.20 loaded.
sata_sil 0000:01:0b.0: version 0.9
ACPI: PCI Interrupt Link [APC3] enabled at IRQ 18
ACPI: PCI Interrupt 0000:01:0b.0[A] -> Link [APC3] -> GSI 18 (level, high) -> IRQ 17
ata1: SATA max UDMA/100 cmd 0xE081C080 ctl 0xE081C08A bmdma 0xE081C000 irq 17
ata2: SATA max UDMA/100 cmd 0xE081C0C0 ctl 0xE081C0CA bmdma 0xE081C008 irq 17
ata1: dev 0 cfg 49:2f00 82:346b 83:7d01 84:4003 85:3469 86:3c01 87:4003 88:207f
ata1: dev 0 ATA-6, max UDMA/133, 390721968 sectors: LBA48
ata1(0): applying Seagate errata fix
ata1: dev 0 configured for UDMA/100
scsi0 : sata_sil
ata2: no device found (phy stat 00000000)
scsi1 : sata_sil
  Vendor: ATA       Model: ST3200822AS       Rev: 3.01
  Type:   Direct-Access                      ANSI SCSI revision: 05
SCSI device sda: 390721968 512-byte hdwr sectors (200050 MB)
SCSI device sda: drive cache: write back
SCSI device sda: 390721968 512-byte hdwr sectors (200050 MB)
SCSI device sda: drive cache: write back
 sda: sda1 sda2 sda3
sd 0:0:0:0: Attached scsi disk sda
mice: PS/2 mouse device common for all mice
device-mapper: 4.4.0-ioctl (2005-01-12) initialised: dm-devel@redhat.com
Advanced Linux Sound Architecture Driver Version 1.0.10rc3 (Mon Nov 07 13:30:21 2005 UTC).
ALSA device list:
  No soundcards found.
NET: Registered protocol family 2
input: AT Translated Set 2 keyboard as /class/input/input0
IP route cache hash table entries: 8192 (order: 3, 32768 bytes)
TCP established hash table entries: 32768 (order: 5, 131072 bytes)
TCP bind hash table entries: 32768 (order: 5, 131072 bytes)
TCP: Hash tables configured (established 32768 bind 32768)
TCP reno registered
ip_conntrack version 2.4 (4095 buckets, 32760 max) - 212 bytes per conntrack
ip_tables: (C) 2000-2002 Netfilter core team
input: ImPS/2 Generic Wheel Mouse as /class/input/input1
TCP bic registered
Initializing IPsec netlink socket
NET: Registered protocol family 1
NET: Registered protocol family 17
NET: Registered protocol family 15
Bridge firewalling registered
powernow-k8: Processor cpuid 681 not supported
Using IPI Shortcut mode
ACPI wakeup devices: 
HUB0 HUB1 USB0 USB1 USB2 F139 MMAC MMCI UAR1 
ACPI: (supports S0 S3 S4 S5)
Freeing unused kernel memory: 172k freed
ReiserFS: dm-3: found reiserfs format "3.6" with standard journal
ReiserFS: dm-3: using ordered data mode
ReiserFS: dm-3: journal params: device dm-3, size 8192, journal first block 18, max trans len 1024, max batch 900, max commit age 30, max trans age 30
ReiserFS: dm-3: checking transaction log (dm-3)
ReiserFS: dm-3: Using r5 hash to sort names
Adding 996020k swap on /dev/sda2.  Priority:2 extents:1 across:996020k
cdrom: open failed.
bttv: driver version 0.9.16 loaded
bttv: using 8 buffers with 2080k (520 pages) each for capture
parport0: PC-style at 0x378 (0x778) [PCSPP,TRISTATE,EPP]
parport0: irq 7 detected
lp0: using parport0 (polling).
cpufreq: Detected nForce2 chipset revision C1
cpufreq: FSB changing is maybe unstable and can lead to crashes and data loss.
cpufreq: FSB currently at 165 MHz, FID 10.5
usbcore: registered new driver usbfs
usbcore: registered new driver hub
Initializing USB Mass Storage driver...
usbcore: registered new driver usb-storage
USB Mass Storage support registered.
cdrom: open failed.
ReiserFS: dm-1: found reiserfs format "3.6" with standard journal
ReiserFS: dm-1: using ordered data mode
ReiserFS: dm-1: journal params: device dm-1, size 8192, journal first block 18, max trans len 1024, max batch 900, max commit age 30, max trans age 30
ReiserFS: dm-1: checking transaction log (dm-1)
ReiserFS: dm-1: Using r5 hash to sort names
ReiserFS: dm-2: found reiserfs format "3.6" with standard journal
ReiserFS: dm-2: using journaled data mode
ReiserFS: dm-2: journal params: device dm-2, size 8192, journal first block 18, max trans len 1024, max batch 900, max commit age 30, max trans age 30
ReiserFS: dm-2: checking transaction log (dm-2)
ReiserFS: dm-2: Using r5 hash to sort names
Linux version 2.6.15-ck1 (zdzichu@mother) (gcc version 3.4.5) #51 Thu Jan 5 18:40:03 CET 2006
BIOS-provided physical RAM map:
 BIOS-e820: 0000000000000000 - 000000000009f400 (usable)
 BIOS-e820: 000000000009f400 - 00000000000a0000 (reserved)
 BIOS-e820: 00000000000f0000 - 0000000000100000 (reserved)
 BIOS-e820: 0000000000100000 - 000000001fff0000 (usable)
 BIOS-e820: 000000001fff0000 - 000000001fff3000 (ACPI NVS)
 BIOS-e820: 000000001fff3000 - 0000000020000000 (ACPI data)
 BIOS-e820: 00000000fec00000 - 00000000fec01000 (reserved)
 BIOS-e820: 00000000fee00000 - 00000000fee01000 (reserved)
 BIOS-e820: 00000000ffff0000 - 0000000100000000 (reserved)
511MB LOWMEM available.
On node 0 totalpages: 131056
  DMA zone: 4096 pages, LIFO batch:0
  DMA32 zone: 0 pages, LIFO batch:0
  Normal zone: 126960 pages, LIFO batch:31
  HighMem zone: 0 pages, LIFO batch:0
DMI 2.2 present.
ACPI: RSDP (v000 Nvidia                                ) @ 0x000f6b00
ACPI: RSDT (v001 Nvidia AWRDACPI 0x42302e31 AWRD 0x00000000) @ 0x1fff3000
ACPI: FADT (v001 Nvidia AWRDACPI 0x42302e31 AWRD 0x00000000) @ 0x1fff3040
ACPI: MADT (v001 Nvidia AWRDACPI 0x42302e31 AWRD 0x00000000) @ 0x1fff79c0
ACPI: DSDT (v001 NVIDIA AWRDACPI 0x00001000 MSFT 0x0100000d) @ 0x00000000
ACPI: PM-Timer IO Port: 0x4008
ACPI: Local APIC address 0xfee00000
ACPI: LAPIC (acpi_id[0x00] lapic_id[0x00] enabled)
Processor #0 6:8 APIC version 16
ACPI: LAPIC_NMI (acpi_id[0x00] high edge lint[0x1])
ACPI: IOAPIC (id[0x02] address[0xfec00000] gsi_base[0])
IOAPIC[0]: apic_id 2, version 17, address 0xfec00000, GSI 0-23
ACPI: INT_SRC_OVR (bus 0 bus_irq 0 global_irq 2 dfl dfl)
ACPI: BIOS IRQ0 pin2 override ignored.
ACPI: INT_SRC_OVR (bus 0 bus_irq 9 global_irq 9 high level)
ACPI: IRQ9 used by override.
Enabling APIC mode:  Flat.  Using 1 I/O APICs
Using ACPI (MADT) for SMP configuration information
Allocating PCI resources starting at 30000000 (gap: 20000000:dec00000)
Built 1 zonelists
Kernel command line: ro resume=/dev/sda2 video=matroxfb:vesa:0x11A
mapped APIC to ffffd000 (fee00000)
mapped IOAPIC to ffffc000 (fec00000)
Initializing CPU#0
CPU 0 irqstacks, hard=c040a000 soft=c0409000
PID hash table entries: 2048 (order: 11, 32768 bytes)
Using 3579 PM timer ticks per jiffy 
Detected 1747.251 MHz processor.
Using pmtmr for high-res timesource
dyn-tick: Found suitable timer: pmtmr
Console: colour VGA+ 80x25
Dentry cache hash table entries: 131072 (order: 7, 524288 bytes)
Inode-cache hash table entries: 65536 (order: 6, 262144 bytes)
Memory: 513964k/524224k available (2118k kernel code, 9704k reserved, 792k data, 172k init, 0k highmem)
Checking if this processor honours the WP bit even in supervisor mode... Ok.
Calibrating delay using timer specific routine.. 3496.14 BogoMIPS (lpj=1748073)
Mount-cache hash table entries: 512
CPU: After generic identify, caps: 0383fbff c1cbfbff 00000000 00000000 00000000 00000000 00000000
CPU: After vendor identify, caps: 0383fbff c1cbfbff 00000000 00000000 00000000 00000000 00000000
CPU: L1 I Cache: 64K (64 bytes/line), D cache 64K (64 bytes/line)
CPU: L2 Cache: 256K (64 bytes/line)
CPU: After all inits, caps: 0383fbff c1cbfbff 00000000 00000020 00000000 00000000 00000000
Intel machine check architecture supported.
Intel machine check reporting enabled on CPU#0.
mtrr: v2.0 (20020519)
CPU: AMD Sempron(tm) stepping 01
Enabling fast FPU save and restore... done.
Enabling unmasked SIMD FPU exception support... done.
Checking 'hlt' instruction... OK.
ENABLING IO-APIC IRQs
..TIMER: vector=0x31 apic1=0 pin1=0 apic2=-1 pin2=-1
checking if image is initramfs... it is
Freeing initrd memory: 1380k freed
NET: Registered protocol family 16
ACPI: bus type pci registered
PCI: PCI BIOS revision 2.10 entry at 0xfb420, last bus=2
PCI: Using configuration type 1
ACPI: Subsystem revision 20050902
ACPI: Interpreter enabled
ACPI: Using IOAPIC for interrupt routing
ACPI: PCI Root Bridge [PCI0] (0000:00)
PCI: Probing PCI hardware (bus 00)
PCI: nForce2 C1 Halt Disconnect fixup
Boot video device is 0000:02:00.0
ACPI: PCI Interrupt Routing Table [\_SB_.PCI0._PRT]
ACPI: PCI Interrupt Routing Table [\_SB_.PCI0.HUB0._PRT]
ACPI: PCI Interrupt Routing Table [\_SB_.PCI0.AGPB._PRT]
ACPI: PCI Interrupt Link [LNK1] (IRQs 3 4 5 6 7 10 11 12 14 15) *0, disabled.
ACPI: PCI Interrupt Link [LNK2] (IRQs 3 4 5 6 7 10 11 12 14 15) *0, disabled.
ACPI: PCI Interrupt Link [LNK3] (IRQs 3 4 5 6 7 10 *11 12 14 15)
ACPI: PCI Interrupt Link [LNK4] (IRQs 3 4 *5 6 7 10 11 12 14 15)
ACPI: PCI Interrupt Link [LNK5] (IRQs 3 4 5 6 7 10 11 12 14 15) *0, disabled.
ACPI: PCI Interrupt Link [LUBA] (IRQs 3 4 *5 6 7 10 11 12 14 15)
ACPI: PCI Interrupt Link [LUBB] (IRQs 3 4 5 6 7 *10 11 12 14 15)
ACPI: PCI Interrupt Link [LMAC] (IRQs 3 4 5 6 7 *10 11 12 14 15)
ACPI: PCI Interrupt Link [LAPU] (IRQs 3 4 5 6 7 *10 11 12 14 15)
ACPI: PCI Interrupt Link [LACI] (IRQs 3 4 5 6 7 10 *11 12 14 15)
ACPI: PCI Interrupt Link [LMCI] (IRQs 3 4 5 6 7 10 11 12 14 15) *0, disabled.
ACPI: PCI Interrupt Link [LSMB] (IRQs 3 4 5 6 7 10 *11 12 14 15)
ACPI: PCI Interrupt Link [LUB2] (IRQs 3 4 5 6 7 10 *11 12 14 15)
ACPI: PCI Interrupt Link [LFIR] (IRQs 3 4 *5 6 7 10 11 12 14 15)
ACPI: PCI Interrupt Link [L3CM] (IRQs 3 4 5 6 7 10 11 12 14 15) *0, disabled.
ACPI: PCI Interrupt Link [LIDE] (IRQs 3 4 5 6 7 10 11 12 14 15) *0, disabled.
ACPI: PCI Interrupt Link [APC1] (IRQs *16), disabled.
ACPI: PCI Interrupt Link [APC2] (IRQs *17), disabled.
ACPI: PCI Interrupt Link [APC3] (IRQs *18), disabled.
ACPI: PCI Interrupt Link [APC4] (IRQs *19), disabled.
ACPI: PCI Interrupt Link [APCE] (IRQs *16), disabled.
ACPI: PCI Interrupt Link [APCF] (IRQs 20 21 22) *0, disabled.
ACPI: PCI Interrupt Link [APCG] (IRQs 20 21 22) *0, disabled.
ACPI: PCI Interrupt Link [APCH] (IRQs 20 21 22) *0, disabled.
ACPI: PCI Interrupt Link [APCI] (IRQs 20 21 22) *0, disabled.
ACPI: PCI Interrupt Link [APCJ] (IRQs 20 21 22) *0, disabled.
ACPI: PCI Interrupt Link [APCK] (IRQs 20 21 22) *0, disabled.
ACPI: PCI Interrupt Link [APCS] (IRQs *23), disabled.
ACPI: PCI Interrupt Link [APCL] (IRQs 20 21 22) *0, disabled.
ACPI: PCI Interrupt Link [APCM] (IRQs 20 21 22) *0, disabled.
ACPI: PCI Interrupt Link [AP3C] (IRQs 20 21 22) *0, disabled.
ACPI: PCI Interrupt Link [APCZ] (IRQs 20 21 22) *0, disabled.
Generic PHY: Registered new driver
SCSI subsystem initialized
PCI: Using ACPI for IRQ routing
PCI: If a device doesn't work, try "pci=routeirq".  If it helps, post a report
PCI: Bridge: 0000:00:08.0
  IO window: 9000-afff
  MEM window: e9000000-eaffffff
  PREFETCH window: 30000000-300fffff
PCI: Bridge: 0000:00:1e.0
  IO window: disabled.
  MEM window: e6000000-e8ffffff
  PREFETCH window: e4000000-e5ffffff
PCI: Setting latency timer of device 0000:00:08.0 to 64
Machine check exception polling timer started.
audit: initializing netlink socket (disabled)
audit(1136633499.911:1): initialized
Initializing Cryptographic API
io scheduler noop registered
io scheduler anticipatory registered
io scheduler deadline registered
io scheduler cfq registered
ACPI: PCI Interrupt Link [APC4] enabled at IRQ 19
ACPI: PCI Interrupt 0000:02:00.0[A] -> Link [APC4] -> GSI 19 (level, high) -> IRQ 16
matroxfb: Matrox G550 detected
PInS memtype = 5
matroxfb: MTRR's turned on
matroxfb: 1280x1024x16bpp (virtual: 1280x6553)
matroxfb: framebuffer at 0xE4000000, mapped to 0xe0880000, size 33554432
Console: switching to colour frame buffer device 160x64
fb0: MATROX frame buffer device
matroxfb_crtc2: secondary head of fb0 was registered as fb1
ACPI: Power Button (FF) [PWRF]
ACPI: Power Button (CM) [PWRB]
ACPI: Fan [FAN] (on)
ACPI: Thermal Zone [THRM] (31 C)
Real Time Clock Driver v1.12
Linux agpgart interface v0.101 (c) Dave Jones
agpgart: Detected NVIDIA nForce2 chipset
agpgart: AGP aperture is 64M @ 0xe0000000
serio: i8042 AUX port at 0x60,0x64 irq 12
serio: i8042 KBD port at 0x60,0x64 irq 1
Serial: 8250/16550 driver $Revision: 1.90 $ 4 ports, IRQ sharing disabled
serial8250: ttyS0 at I/O 0x3f8 (irq = 4) is a 16550A
serial8250: ttyS1 at I/O 0x2f8 (irq = 3) is a 16550A
RAMDISK driver initialized: 16 RAM disks of 4096K size 1024 blocksize
loop: loaded (max 8 devices)
pktcdvd: v0.2.0a 2004-07-14 Jens Axboe (axboe@suse.de) and petero2@telia.com
LXT970: Registered new driver
LXT971: Registered new driver
tun: Universal TUN/TAP device driver, 1.6
tun: (C) 1999-2004 Max Krasnyansky <maxk@qualcomm.com>
Linux video capture interface: v1.00
Uniform Multi-Platform E-IDE driver Revision: 7.00alpha2
ide: Assuming 33MHz system bus speed for PIO modes; override with idebus=xx
NFORCE2: IDE controller at PCI slot 0000:00:09.0
NFORCE2: chipset revision 162
NFORCE2: not 100% native mode: will probe irqs later
NFORCE2: 0000:00:09.0 (rev a2) UDMA133 controller
    ide0: BM-DMA at 0xf000-0xf007, BIOS settings: hda:DMA, hdb:DMA
    ide1: BM-DMA at 0xf008-0xf00f, BIOS settings: hdc:DMA, hdd:DMA
Probing IDE interface ide0...
hda: _NEC DVD_RW ND-3540A, ATAPI CD/DVD-ROM drive
ide0 at 0x1f0-0x1f7,0x3f6 on irq 14
Probing IDE interface ide1...
Probing IDE interface ide1...
hda: ATAPI 48X DVD-ROM DVD-R CD-R/RW drive, 2048kB Cache, UDMA(33)
Uniform CD-ROM driver Revision: 3.20
libata version 1.20 loaded.
sata_sil 0000:01:0b.0: version 0.9
ACPI: PCI Interrupt Link [APC3] enabled at IRQ 18
ACPI: PCI Interrupt 0000:01:0b.0[A] -> Link [APC3] -> GSI 18 (level, high) -> IRQ 17
ata1: SATA max UDMA/100 cmd 0xE081C080 ctl 0xE081C08A bmdma 0xE081C000 irq 17
ata2: SATA max UDMA/100 cmd 0xE081C0C0 ctl 0xE081C0CA bmdma 0xE081C008 irq 17
ata1: dev 0 cfg 49:2f00 82:346b 83:7d01 84:4003 85:3469 86:3c01 87:4003 88:207f
ata1: dev 0 ATA-6, max UDMA/133, 390721968 sectors: LBA48
ata1(0): applying Seagate errata fix
ata1: dev 0 configured for UDMA/100
scsi0 : sata_sil
ata2: no device found (phy stat 00000000)
scsi1 : sata_sil
  Vendor: ATA       Model: ST3200822AS       Rev: 3.01
  Type:   Direct-Access                      ANSI SCSI revision: 05
SCSI device sda: 390721968 512-byte hdwr sectors (200050 MB)
SCSI device sda: drive cache: write back
SCSI device sda: 390721968 512-byte hdwr sectors (200050 MB)
SCSI device sda: drive cache: write back
 sda: sda1 sda2 sda3
sd 0:0:0:0: Attached scsi disk sda
mice: PS/2 mouse device common for all mice
device-mapper: 4.4.0-ioctl (2005-01-12) initialised: dm-devel@redhat.com
Advanced Linux Sound Architecture Driver Version 1.0.10rc3 (Mon Nov 07 13:30:21 2005 UTC).
ALSA device list:
  No soundcards found.
NET: Registered protocol family 2
IP route cache hash table entries: 8192 (order: 3, 32768 bytes)
TCP established hash table entries: 32768 (order: 5, 131072 bytes)
TCP bind hash table entries: 32768 (order: 5, 131072 bytes)
TCP: Hash tables configured (established 32768 bind 32768)
TCP reno registered
ip_conntrack version 2.4 (4095 buckets, 32760 max) - 212 bytes per conntrack
input: AT Translated Set 2 keyboard as /class/input/input0
ip_tables: (C) 2000-2002 Netfilter core team
TCP bic registered
Initializing IPsec netlink socket
NET: Registered protocol family 1
NET: Registered protocol family 17
NET: Registered protocol family 15
Bridge firewalling registered
powernow-k8: Processor cpuid 681 not supported
Using IPI Shortcut mode
dyn-tick: Disabling APIC timer, using PIT reprogramming
dyn-tick: Maximum ticks to skip limited to 54
dyn-tick: Enabling dynamic tick timer v060101
ACPI wakeup devices: 
HUB0 HUB1 USB0 USB1 USB2 F139 MMAC MMCI UAR1 
ACPI: (supports S0 S3 S4 S5)
Freeing unused kernel memory: 172k freed
input: ImPS/2 Generic Wheel Mouse as /class/input/input1
ReiserFS: dm-3: found reiserfs format "3.6" with standard journal
ReiserFS: dm-3: using ordered data mode
ReiserFS: dm-3: journal params: device dm-3, size 8192, journal first block 18, max trans len 1024, max batch 900, max commit age 30, max trans age 30
ReiserFS: dm-3: checking transaction log (dm-3)
ReiserFS: dm-3: Using r5 hash to sort names
Adding 996020k swap on /dev/sda2.  Priority:2 extents:1 across:996020k
cdrom: open failed.
bttv: driver version 0.9.16 loaded
bttv: using 8 buffers with 2080k (520 pages) each for capture
parport0: PC-style at 0x378 (0x778) [PCSPP,TRISTATE,EPP]
parport0: irq 7 detected
lp0: using parport0 (polling).
cpufreq: Detected nForce2 chipset revision C1
cpufreq: FSB changing is maybe unstable and can lead to crashes and data loss.
cpufreq: FSB currently at 166 MHz, FID 10.5
usbcore: registered new driver usbfs
usbcore: registered new driver hub
Initializing USB Mass Storage driver...
usbcore: registered new driver usb-storage
USB Mass Storage support registered.
cdrom: open failed.
ReiserFS: dm-1: found reiserfs format "3.6" with standard journal
ReiserFS: dm-1: using ordered data mode
ReiserFS: dm-1: journal params: device dm-1, size 8192, journal first block 18, max trans len 1024, max batch 900, max commit age 30, max trans age 30
ReiserFS: dm-1: checking transaction log (dm-1)
ReiserFS: dm-1: Using r5 hash to sort names
ReiserFS: dm-2: found reiserfs format "3.6" with standard journal
ReiserFS: dm-2: using journaled data mode
ReiserFS: dm-2: journal params: device dm-2, size 8192, journal first block 18, max trans len 1024, max batch 900, max commit age 30, max trans age 30
ReiserFS: dm-2: checking transaction log (dm-2)
ReiserFS: dm-2: Using r5 hash to sort names
[unhandled content-type:application/pgp-signature]