Date: Thu, 23 Aug 2007 02:19:14 +0530
From: Kamalesh Babulal <>
Subject: [BUG] 2.6.23-rc3-mm1 oom-killer gets invoked
Sender: linux-kernel-owner@vger.kernel.org
Precedence: bulk
List-ID: <linux-kernel.vger.kernel.org>
X-Mailing-List: linux-kernel@vger.kernel.org
X-Lkml-Link: https://lkml.org/lkml/2007/8/22/408

Hi Andrew,
I see the oom-killer getting invoked many times on the
2.6.23-rc3-mm1 kernel and have attached the complete console
log and config file.
========================================================
cc1 invoked oom-killer: gfp_mask=0x280d2, order=0, oomkilladj=0
 [<c0147386>] out_of_memory+0x70/0xf6
 [<c01484c4>] <4>cc1 invoked oom-killer: gfp_mask=0x201d2, order=0, 
oomkilladj=0
 [<c0147386>] out_of_memory+0x70/0xf6
 [<c01484c4>] __alloc_pages+0x21b/0x2a8
 [<c0173168>] mntput_no_expire+0x11/0x6e
 [<c0149f29>] __do_page_cache_readahead+0xc8/0x13a
 [<c014535b>] filemap_nopage+0x164/0x30d
 [<c0150c7d>] do_no_page+0x91/0x2fb
 [<c0151201>] __handle_mm_fault+0x151/0x2bc
 [<c016000f>] do_filp_open+0x25/0x39
 [<c0115990>] do_page_fault+0x2a3/0x5f7
 [<c01156ed>] do_page_fault+0x0/0x5f7
 [<c03336c4>] error_code+0x7c/0x84
 [<c0330000>] packet_rcv+0xfd/0x2d7
 =======================
DMA per-cpu:
CPU    0: Hot: hi:    0, btch:   1 usd:   0   Cold: hi:    0, btch:   1 
usd:   0
CPU    1: Hot: hi:    0, btch:   1 usd:   0   Cold: hi:    0, btch:   1 
usd:   0
CPU    2: Hot: hi:    0, btch:   1 usd:   0   Cold: hi:    0, btch:   1 
usd:   0
CPU    3: Hot: hi:    0, btch:   1 usd:   0   Cold: hi:    0, btch:   1 
usd:   0
Normal per-cpu:
CPU    0: Hot: hi:  186, btch:  31 usd:  67   Cold: hi:   62, btch:  15 
usd:  57
CPU    1: Hot: hi:  186, btch:  31 usd: 170   Cold: hi:   62, btch:  15 
usd:  57
CPU    2: Hot: hi:  186, btch:  31 usd: 126   Cold: hi:   62, btch:  15 
usd:  50
CPU    3: Hot: hi:  186, btch:  31 usd:  50   Cold: hi:   62, btch:  15 
usd:  19
HighMem per-cpu:
CPU    0: Hot: hi:  186, btch:  31 usd:  21   Cold: hi:   62, btch:  15 
usd:  10
CPU    1: Hot: hi:  186, btch:  31 usd:  23   Cold: hi:   62, btch:  15 
usd:  19
CPU    2: Hot: hi:  186, btch:  31 usd:   7   Cold: hi:   62, btch:  15 
usd:  27
CPU    3: Hot: hi:  186, btch:  31 usd:  20   Cold: hi:   62, btch:  15 
usd:  56
Active:228916 inactive:238880 dirty:0 writeback:0 unstable:0
 free:12273 slab:14578 mapped:36 pagetables:10564 bounce:0
DMA free:8076kB min:68kB low:84kB high:100kB active:2496kB 
inactive:1716kB present:16224kB pages_scanned:171850 all_unreclaimable? yes
lowmem_reserve[]: 0 871 2011
Normal free:40400kB min:3740kB low:4672kB high:5608kB active:358456kB 
inactive:358000kB present:892320kB pages_scanned:1427617 
all_unreclaimable? yes
lowmem_reserve[]: 0 0 9123
HighMem free:616kB min:512kB low:1736kB high:2960kB active:554712kB 
inactive:595804kB present:1167812kB pages_scanned:2215902 
all_unreclaimable? yes
lowmem_reserve[]: 0 0 0
DMA: 1*4kB 1*8kB 2*16kB 1*32kB 1*64kB 0*128kB 1*256kB 1*512kB 1*1024kB 
1*2048kB 1*4096kB = 8076kB
Normal: 70*4kB 25*8kB 1*16kB 1*32kB 1*64kB 33*128kB 7*256kB 0*512kB 
1*1024kB 0*2048kB 8*4096kB = 40400kB
HighMem: 49*4kB 20*8kB 4*16kB 6*32kB 1*64kB 0*128kB 0*256kB 0*512kB 
0*1024kB 0*2048kB 0*4096kB = 676kB
Swap cache: add 12954, delete 12954, find 2676/3551, race 0+1
Free swap  = 0kB
Total swap = 8024kB
Out of memory: kill process 27480 (make) score 2082 or a child
Killed process 27908 (sh)
Thanks & Regards,
Kamalesh Babulal.
cc1 invoked oom-killer: gfp_mask=0x280d2, order=0, oomkilladj=0
 [<c0147386>] out_of_memory+0x70/0xf6
 [<c01484c4>] <4>cc1 invoked oom-killer: gfp_mask=0x201d2, order=0, oomkilladj=0
 [<c0147386>] out_of_memory+0x70/0xf6
 [<c01484c4>] __alloc_pages+0x21b/0x2a8
 [<c0173168>] mntput_no_expire+0x11/0x6e
 [<c0149f29>] __do_page_cache_readahead+0xc8/0x13a
 [<c014535b>] filemap_nopage+0x164/0x30d
 [<c0150c7d>] do_no_page+0x91/0x2fb
 [<c0151201>] __handle_mm_fault+0x151/0x2bc
 [<c016000f>] do_filp_open+0x25/0x39
 [<c0115990>] do_page_fault+0x2a3/0x5f7
 [<c01156ed>] do_page_fault+0x0/0x5f7
 [<c03336c4>] error_code+0x7c/0x84
 [<c0330000>] packet_rcv+0xfd/0x2d7
 =======================
DMA per-cpu:
CPU    0: Hot: hi:    0, btch:   1 usd:   0   Cold: hi:    0, btch:   1 usd:   0
CPU    1: Hot: hi:    0, btch:   1 usd:   0   Cold: hi:    0, btch:   1 usd:   0
CPU    2: Hot: hi:    0, btch:   1 usd:   0   Cold: hi:    0, btch:   1 usd:   0
CPU    3: Hot: hi:    0, btch:   1 usd:   0   Cold: hi:    0, btch:   1 usd:   0
Normal per-cpu:
CPU    0: Hot: hi:  186, btch:  31 usd:  67   Cold: hi:   62, btch:  15 usd:  57
CPU    1: Hot: hi:  186, btch:  31 usd: 170   Cold: hi:   62, btch:  15 usd:  57
CPU    2: Hot: hi:  186, btch:  31 usd: 126   Cold: hi:   62, btch:  15 usd:  50
CPU    3: Hot: hi:  186, btch:  31 usd:  50   Cold: hi:   62, btch:  15 usd:  19
HighMem per-cpu:
CPU    0: Hot: hi:  186, btch:  31 usd:  21   Cold: hi:   62, btch:  15 usd:  10
CPU    1: Hot: hi:  186, btch:  31 usd:  23   Cold: hi:   62, btch:  15 usd:  19
CPU    2: Hot: hi:  186, btch:  31 usd:   7   Cold: hi:   62, btch:  15 usd:  27
CPU    3: Hot: hi:  186, btch:  31 usd:  20   Cold: hi:   62, btch:  15 usd:  56
Active:228916 inactive:238880 dirty:0 writeback:0 unstable:0
 free:12273 slab:14578 mapped:36 pagetables:10564 bounce:0
DMA free:8076kB min:68kB low:84kB high:100kB active:2496kB inactive:1716kB present:16224kB pages_scanned:171850 all_unreclaimable? yes
lowmem_reserve[]: 0 871 2011
Normal free:40400kB min:3740kB low:4672kB high:5608kB active:358456kB inactive:358000kB present:892320kB pages_scanned:1427617 all_unreclaimable? yes
lowmem_reserve[]: 0 0 9123
HighMem free:616kB min:512kB low:1736kB high:2960kB active:554712kB inactive:595804kB present:1167812kB pages_scanned:2215902 all_unreclaimable? yes
lowmem_reserve[]: 0 0 0
DMA: 1*4kB 1*8kB 2*16kB 1*32kB 1*64kB 0*128kB 1*256kB 1*512kB 1*1024kB 1*2048kB 1*4096kB = 8076kB
Normal: 70*4kB 25*8kB 1*16kB 1*32kB 1*64kB 33*128kB 7*256kB 0*512kB 1*1024kB 0*2048kB 8*4096kB = 40400kB
HighMem: 49*4kB 20*8kB 4*16kB 6*32kB 1*64kB 0*128kB 0*256kB 0*512kB 0*1024kB 0*2048kB 0*4096kB = 676kB
Swap cache: add 12954, delete 12954, find 2676/3551, race 0+1
Free swap  = 0kB
Total swap = 8024kB
Out of memory: kill process 27480 (make) score 2082 or a child
Killed process 27908 (sh)
make invoked oom-killer: gfp_mask=0x201d2, order=0, oomkilladj=0
 [<c0147386>] out_of_memory+0x70/0xf6
 [<c01484c4>] __alloc_pages+0x21b/0x2a8
 [<c0149f29>] __do_page_cache_readahead+0xc8/0x13a
 [<c014535b>] filemap_nopage+0x164/0x30d
 [<c016fd86>] d_lookup+0x1c/0x3d
 [<c0150c7d>] do_no_page+0x91/0x2fb
 [<c0151201>] __handle_mm_fault+0x151/0x2bc
 [<c0333478>] _spin_lock_irqsave+0x9/0xd
 [<c0115990>] do_page_fault+0x2a3/0x5f7
 [<c0119180>] default_wake_function+0x0/0xc
 [<c012813d>] sys_rt_sigprocmask+0x50/0xc1
 [<c01156ed>] do_page_fault+0x0/0x5f7
 [<c03336c4>] error_code+0x7c/0x84
 [<c0330000>] packet_rcv+0xfd/0x2d7
 =======================
DMA per-cpu:
CPU    0: Hot: hi:    0, btch:   1 usd:   0   Cold: hi:    0, btch:   1 usd:   0
CPU    1: Hot: hi:    0, btch:   1 usd:   0   Cold: hi:    0, btch:   1 usd:   0
CPU    2: Hot: hi:    0, btch:   1 usd:   0   Cold: hi:    0, btch:   1 usd:   0
CPU    3: Hot: hi:    0, btch:   1 usd:   0   Cold: hi:    0, btch:   1 usd:   0
Normal per-cpu:
CPU    0: Hot: hi:  186, btch:  31 usd:  67   Cold: hi:   62, btch:  15 usd:  57
CPU    1: Hot: hi:  186, btch:  31 usd: 170   Cold: hi:   62, btch:  15 usd:  57
CPU    2: Hot: hi:  186, btch:  31 usd: 126   Cold: hi:   62, btch:  15 usd:  50
CPU    3: Hot: hi:  186, btch:  31 usd:  50   Cold: hi:   62, btch:  15 usd:  19
HighMem per-cpu:
CPU    0: Hot: hi:  186, btch:  31 usd:  21   Cold: hi:   62, btch:  15 usd:  10
CPU    1: Hot: hi:  186, btch:  31 usd:  23   Cold: hi:   62, btch:  15 usd:  28
CPU    2: Hot: hi:  186, btch:  31 usd:   7   Cold: hi:   62, btch:  15 usd:  41
CPU    3: Hot: hi:  186, btch:  31 usd:  20   Cold: hi:   62, btch:  15 usd:  56
Active:227779 inactive:240068 dirty:0 writeback:0 unstable:0
 free:12273 slab:14578 mapped:36 pagetables:10564 bounce:0
DMA free:8076kB min:68kB low:84kB high:100kB active:2496kB inactive:1716kB present:16224kB pages_scanned:171850 all_unreclaimable? yes
lowmem_reserve[]: 0 871 2011
Normal free:40400kB min:3740kB low:4672kB high:5608kB active:358456kB inactive:358000kB present:892320kB pages_scanned:1427617 all_unreclaimable? yes
lowmem_reserve[]: 0 0 9123
HighMem free:616kB min:512kB low:1736kB high:2960kB active:550164kB inactive:600556kB present:1167812kB pages_scanned:2234213 all_unreclaimable? yes
lowmem_reserve[]: 0 0 0
DMA: 1*4kB 1*8kB 2*16kB 1*32kB 1*64kB 0*128kB 1*256kB 1*512kB 1*1024kB 1*2048kB 1*4096kB = 8076kB
Normal: 70*4kB 25*8kB 1*16kB 1*32kB 1*64kB 33*128kB 7*256kB 0*512kB 1*1024kB 0*2048kB 8*4096kB = 40400kB
HighMem: 49*4kB 20*8kB 4*16kB 6*32kB 1*64kB 0*128kB 0*256kB 0*512kB 0*1024kB 0*2048kB 0*4096kB = 676kB
Swap cache: add 12954, delete 12954, find 2676/3551, race 0+1
Free swap  = 0kB
Total swap = 8024kB
objdump invoked oom-killer: gfp_mask=0x201d2, order=0, oomkilladj=0
 [<c0147386>] out_of_memory+0x70/0xf6
 [<c01484c4>] __alloc_pages+0x21b/0x2a8
 [<c0149f29>] __do_page_cache_readahead+0xc8/0x13a
 [<c014535b>] filemap_nopage+0x164/0x30d
 [<c0150c7d>] do_no_page+0x91/0x2fb
 [<c014cac0>] vma_prio_tree_insert+0x17/0x2a
 [<c0151201>] __handle_mm_fault+0x151/0x2bc
 [<c0115990>] do_page_fault+0x2a3/0x5f7
 [<c01156ed>] do_page_fault+0x0/0x5f7
 [<c03336c4>] e====
DMA per-cpu:
CPU    0: Hot: hi:    0, btch:   1 usd:   0   Cold: hi:    0, btch:   1 usd:   0
CPU    1: Hot: hi:    0, btch:   1 usd:   0   Cold: hi:    0, btch:   1 usd:   0
CPU    2: Hot: hi:    0, btch:   1 usd:   0   Cold: hi:    0, btch:   1 usd:   0
CPU    3: Hot: hi:    0, btch:   1 usd:   0   Cold: hi:    0, btch:   1 usd:   0
Normal per-cpu:
CPU    0: Hot: hi:  186, btch:  31 usd:  67   Cold: hi:   62, btch:  15 usd:  57
CPU    1: Hot: hi:  186, btch:  31 usd: 170   Cold: hi:   62, btch:  15 usd:  57
CPU    2: Hot: hi:  186, btch:  31 usd: 126   Cold: hi:   62, btch:  15 usd:  50
CPU    3: Hot: hi:  186, btch:  31 usd:  50   Cold: hi:   62, btch:  15 usd:  19
HighMem per-cpu:
CPU    0: Hot: hi:  186, btch:  31 usd:  21   Cold: hi:   62, btch:  15 usd:  10
CPU    1: Hot: hi:  186, btch:  31 usd:  23   Cold: hi:   62, btch:  15 usd:  28
CPU    2: Hot: hi:  186, btch:  31 usd:   7   Cold: hi:   62, btch:  15 usd:  41
CPU    3: Hot: hi:  186, btch:  31 usd:  20   Cold: hi:   62, btch:  15 usd:  56
Active:227869 inactive:239983 dirty:0 writeback:0 unstable:0
 free:12273 slab:14578 mapped:36 pagetables:10564 bounce:0
DMA free:8076kB min:68kB low:84kB high:100kB active:2496kB inactive:1716kB present:16224kB pages_scanned:171850 all_unreclaimable? yes
lowmem_reserve[]: 0 871 2011
Normal free:40400kB min:3740kB low:4672kB high:5608kB active:358816kB inactive:357660kB present:892320kB pages_scanned:1445369 all_unreclaimable? yes
lowmem_reserve[]: 0 0 9123
HighMem free:616kB min:512kB low:1736kB high:2960kB active:550164kB inactive:600556kB present:1167812kB pages_scanned:2276325 all_unreclaimable? yes
lowmem_reserve[]: 0 0 0
DMA: 1*4kB 1*8kB 2*16kB 1*32kB 1*64kB 0*128kB 1*256kB 1*512kB 1*1024kB 1*2048kB 1*4096kB = 8076kB
Normal: 70*4kB 25*8kB 1*16kB 1*32kB 1*64kB 33*128kB 7*256kB 0*512kB 1*1024kB 0*2048kB 8*4096kB = 40400kB
HighMem: 49*4kB 20*8kB 4*16kB 6*32kB 1*64kB 0*128kB 0*256kB 0*512kB 0*1024kB 0*2048kB 0*4096kB = 676kB
Swap cache: add 12954, delete 12954, find 2676/3551, race 0+1
Free swap  = 0kB
Total swap = 8024kB
cc1 invoked oom-killer: gfp_mask=0x201d2, order=0, oomkilladj=0
 [<c0147386>] out_of_memory+0x70/0xf6
 [<c01484c4>] __alloc_pages+0x21b/0x2a8
 [<c0149f29>] __do_page_cache_readahead+0xc8/0x13a
 [<c014535b>] filemap_nopage+0x164/0x30d
 [<c0150c7d>] do_no_page+0x91/0x2fb
 [<c0151201>] __handle_mm_fault+0x151/0x2bc
 [<c0115990>] do_page_fault+0x2a3/0x5f7
 [<c016ee33>] dput+0x2c/0x131
 [<c0173168>] mntput_no_expire+0x11/0x6e
 [<c0160424>] sys_close+0x5b/0x95
 [<c01156ed>] do_page_fault+0x0/0x5f7
 [<c03336c4>] error_code+0x7c/0x84
 [<c0330000>] packet_rcv+0xfd/0x2d7
 =======================
DMA per-cpu:
CPU    0: Hot: hi:    0, btch:   1 usd:   0   Cold: hi:    0, btch:   1 usd:   0
CPU    1: Hot: hi:    0, btch:   1 usd:   0   Cold: hi:    0, btch:   1 usd:   0
CPU    2: Hot: hi:    0, btch:   1 usd:   0   Cold: hi:    0, btch:   1 usd:   0
CPU    3: Hot: hi:    0, btch:   1 usd:   0   Cold: hi:    0, btch:   1 usd:   0
Normal per-cpu:
CPU    0: HotHot: hi:    0, btch:   1 usd:   0   Cold: hi:    0, btch:   1 usd:   0
Normal per-cpu:
CPU    0: Hot: hi:  186, btch:  31 usd:  67   Cold: hi:   62, btch:  15 usd:  57
CPU    1: Hot: hi:  186, btch:  31 usd: 170   Cold: hi:   62, btch:  15 usd:  57
CPU    2: Hot: hi:  186, btch:  31 usd: 126   Cold: hi:   62, btch:  15 usd:  50
CPU    3: Hot: hi:  186, btch:  31 usd:  50   Cold: hi:   62, btch:  15 usd:  19
HighMem per-cpu:
CPU    0: Hot: hi:  186, btch:  31 usd:  21   Cold: hi:   62, btch:  15 usd:  10
CPU    1: Hot: hi:  186, btch:  31 usd:  23   Cold: hi:   62, btch:  15 usd:  28
CPU    2: Hot: hi:  186, btch:  31 usd:   7   Cold: hi:   62, btch:  15 usd:  41
CPU    3: Hot: hi:  186, btch:  31 usd:  20   Cold: hi:   62, btch:  15 usd:  56
Active:226924 inactive:240955 dirty:0 writeback:0 unstable:0
 free:12273 slab:14578 mapped:36 pagetables:10564 bounce:0
DMA free:8076kB min:68kB low:84kB high:100kB active:2496kB inactive:1716kB present:16224kB pages_scanned:171850 all_unreclaimable? yes
lowmem_reserve[]: 0 871 2011
Normal free:40400kB min:3740kB low:4672kB high:5608kB active:359000kB inactive:357660kB present:892320kB pages_scanned:1447888 all_unreclaimable? yes
lowmem_reserve[]: 0 0 9123
HighMem free:616kB min:512kB low:1736kB high:2960kB active:546384kB inactive:604444kB present:1167812kB pages_scanned:2300435 all_unreclaimable? yes
lowmem_reserve[]: 0 0 0
DMA: 1*4kB 1*8kB 2*16kB 1*32kB 1*64kB 0*128kB 1*256kB 1*512kB 1*1024kB 1*2048kB 1*4096kB = 8076kB
Normal: 70*4kB 25*8kB 1*16kB 1*32kB 1*64kB 33*128kB 7*256kB 0*512kB 1*1024kB 0*2048kB 8*4096kB = 40400kB
HighMem: 49*4kB 20*8kB 4*16kB 6*32kB 1*64kB 0*128kB 0*256kB 0*512kB 0*1024kB 0*2048kB 0*4096kB = 676kB
Swap cache: add 12954, delete 12954, find 2676/3551, race 0+1
Free swap  = 0kB
Total swap = 8024kB
as invoked oom-killer: gfp_mask=0x201d2, order=0, oomkilladj=0
 [<c0147386>] out_of_memory+0x70/0xf6
 [<c01484c4>] __alloc_pages+0x21b/0x2a8
 [<c0149f29>] __do_page_cache_readahead+0xc8/0x13a
 [<c014535b>] filemap_nopage+0x164/0x30d
 [<c0150c7d>] do_no_page+0x91/0x2fb
 [<c0167c5e>] do_path_lookup+0x17a/0x1c3
 [<c0151201>] __handle_mm_fault+0x151/0x2bc
 [<c0115990>] do_page_fault+0x2a3/0x5f7
 [<c0163950>] sys_stat64+0xf/0x23
 [<c015203a>] sys_brk+0xc9/0xd0
 [<c01156ed>] do_page_fault+0x0/0x5f7
 [<c03336c4>] error_code+0x7c/0x84
 [<c0330000>] packet_rcv+0xfd/0x2d7
 =======================
DMA per-cpu:
CPU    0: Hot: hi:    0, btch:   1 usd:   0   Cold: hi:    0, btch:   1 usd:   0
CPU    1: Hot: hi:    0, btch:   1 usd:   0   Cold: hi:    0, btch:   1 usd:   0
CPU    2: Hot: hi:    0, btch:   1 usd:   0   Cold: hi:    0, btch:   1 usd:   0
CPU    3: Hot: hi:    0, btch:   1 usd:   0   Cold: hi:    0, btch:   1 usd:   0
Normal per-cpu:
CPU    0: Hot: hi:  186, btch:  31 usd:  67   Cold: hi:   62, btch:  15 usd:  57
CPU    1: Hot: hi:  186, btch:  31 usd: 170   Cold: hi:   62, btch:  15 usd:  57
CPU    2: Hot: hi:  186, btch:  31 usd: 126   Cold: hi:   62, btch:  15 usd:  50
CPU    3: Hot: hi:  186, btch:  31 usd:  5 0, btch:   1 usd:   0   Cold: hi:    0, btch:   1 usd:   0
Normal per-cpu:
CPU    0: Hot: hi:  186, btch:  31 usd:  67   Cold: hi:   62, btch:  15 usd:  57
CPU    1: Hot: hi:  186, btch:  31 usd: 170   Cold: hi:   62, btch:  15 usd:  57
CPU    2: Hot: hi:  186, btch:  31 usd: 126   Cold: hi:   62, btch:  15 usd:  50
CPU    3: Hot: hi:  186, btch:  31 usd:  50   Cold: hi:   62, btch:  15 usd:  19
HighMem per-cpu:
CPU    0: Hot: hi:  186, btch:  31 usd:  21   Cold: hi:   62, btch:  15 usd:  10
CPU    1: Hot: hi:  186, btch:  31 usd:  23   Cold: hi:   62, btch:  15 usd:  28
CPU    2: Hot: hi:  186, btch:  31 usd:   7   Cold: hi:   62, btch:  15 usd:  41
CPU    3: Hot: hi:  186, btch:  31 usd:  20   Cold: hi:   62, btch:  15 usd:  56
Active:225253 inactive:242686 dirty:0 writeback:0 unstable:0
 free:12273 slab:14578 mapped:36 pagetables:10564 bounce:0
DMA free:8076kB min:68kB low:84kB high:100kB active:2496kB inactive:1716kB present:16224kB pages_scanned:171850 all_unreclaimable? yes
lowmem_reserve[]: 0 871 2011
Normal free:40400kB min:3740kB low:4672kB high:5608kB active:359000kB inactive:357660kB present:892320kB pages_scanned:1447888 all_unreclaimable? yes
lowmem_reserve[]: 0 0 9123
HighMem free:616kB min:512kB low:1736kB high:2960kB active:539516kB inactive:611368kB present:1167812kB pages_scanned:2303370 all_unreclaimable? yes
lowmem_reserve[]: 0 0 0
DMA: 1*4kB 1*8kB 2*16kB 1*32kB 1*64kB 0*128kB 1*256kB 1*512kB 1*1024kB 1*2048kB 1*4096kB = 8076kB
Normal: 70*4kB 25*8kB 1*16kB 1*32kB 1*64kB 33*128kB 7*256kB 0*512kB 1*1024kB 0*2048kB 8*4096kB = 40400kB
HighMem: 49*4kB 20*8kB 4*16kB 6*32kB 1*64kB 0*128kB 0*256kB 0*512kB 0*1024kB 0*2048kB 0*4096kB = 676kB
Swap cache: add 12954, delete 12954, find 2676/3551, race 0+1
Free swap  = 0kB
Total swap = 8024kB
as invoked oom-killer: gfp_mask=0x201d2, order=0, oomkilladj=0
 [<c0147386>] <4>gcc invoked oom-killer: gfp_mask=0x201d2, order=0, oomkilladj=0
out_of_memory+0x70/0xf6
 [<c01484c4>] __alloc_pages+0x21b/0x2a8
 [<c0147386>]  [<c0149f29>] __do_page_cache_readahead+0xc8/0x13a
 [<c014535b>] out_of_memory+0x70/0xf6
filemap_nopage+0x164/0x30d
 [<c01484c4>]  [<c0150c7d>] __alloc_pages+0x21b/0x2a8
do_no_page+0x91/0x2fb
 [<c0160986>]  [<c0149f29>] do_sync_read+0xbf/0xfc
__do_page_cache_readahead+0xc8/0x13a
 [<c0151201>]  [<c014535b>] __handle_mm_fault+0x151/0x2bc
filemap_nopage+0x164/0x30d
 [<c0115990>]  [<c0150c7d>] do_page_fault+0x2a3/0x5f7
 [<c0125e2a>] do_no_page+0x91/0x2fb
run_timer_softirq+0x15e/0x166
 [<c0151201>]  [<c01156ed>] __handle_mm_fault+0x151/0x2bc
do_page_fault+0x0/0x5f7
 [<c0167edf>]  [<c03336c4>] __user_walk_fd+0x36/0x3e
error_code+0x7c/0x84
 [<c0115990>]  =======================
do_page_fault+0x2a3/0x5f7
DMA per-cpu:
CPU    0: Hot: hi:    0, btch:   1 usd:   0   Cold: hi:    0, btch:   1 usd:   0
 [<c0173168>] CPU    1: Hot: hi:    0, btch:   1 usd:   0   Cold: hi:    0, btch:   1 usd:   0
mntput_no_expire+0x11/0x6e
CPU    2: Hot: hi:    0, btch:   1 usd:   0   Cold: hi:    0, btch:   1 usd:   0
 [<c01156ed>] Cstable:0
 free:12273 slab:14578 mapped:36 pagetables:10564 bounce:0
 0DMA free:8076kB min:68kB low:84kB high:100kB active:2496kB inactive:1716kB present:16224kB pages_scanned:171850 all_unreclaimable? yes
 9123lowmem_reserve[]: 0
 871HighMem free:616kB min:512kB low:1736kB high:2960kB active:538992kB inactive:612400kB present:1167812kB pages_scanned:2336370 all_unreclaimable? yes
 2011lowmem_reserve[]:
Normal free:40400kB min:3740kB low:4672kB high:5608kB active:359888kB inactive:357056kB present:892320kB pages_scanned:1464993 all_unreclaimable? yes
lowmem_reserve[]: 0 0 0 9123
 0HighMem free:616kB min:512kB low:1736kB high:2960kB active:538992kB inactive:612400kB present:1167812kB pages_scanned:2336402 all_unreclaimable? yes
 0lowmem_reserve[]: 0
 0 0DMA: 
1*4kB DMA: 1*4kB 1*8kB 1*8kB 2*16kB 1*32kB 2*16kB 1*64kB 0*128kB 1*256kB 1*32kB 1*512kB 1*1024kB 1*2048kB 1*64kB 1*4096kB 0*128kB = 8076kB
Normal: 70*4kB 25*8kB 1*16kB 1*256kB 1*32kB 1*512kB 1*64kB 1*1024kB 33*128kB 1*2048kB 7*256kB 1*4096kB 0*512kB = 8076kB
1*1024kB 0*2048kB Normal: 8*4096kB 70*4kB = 40400kB
HighMem: 19*4kB 25*8kB 20*8kB 4*16kB 6*32kB 1*16kB 1*64kB 1*32kB 0*128kB 1*64kB 0*256kB 33*128kB 0*512kB 0*1024kB 0*2048kB 7*256kB 0*4096kB = 556kB
0*512kB Swap cache: add 12954, delete 12954, find 2676/3551, race 0+1
1*1024kB Free swap  = 0kB
Total swap = 8024kB
0*2048kB 8*4096kB = 40400kB
HighMem: 19*4kB 20*8kB 4*16kB 6*32kB 1*64kB 0*128kB 0*256kB 0*512kB 0*1024kB 0*2048kB 0*4096kB = 556kB
Swap cache: add 12954, delete 12954, find 2676/3551, race 0+1
Free swap  = 0kB
Total swap = 8024kB
__alloc_pages+0x21b/0x2a8
 [<c0150a47>] do_anonymous_page+0x3e/0x1e3
 [<c0151251>] __handle_mm_fault+0x1a1/0x2bc
 [<c0115990>] do_page_fault+0x2a3/0x5f7
 [<c016ee33>] dput+0x2c/0x131
 [<c0173168>] mntput_no_expire+0x11/0x6e
 [<c0160424>] sys_close+0x5b/0x95
 [<c01156ed>] do_page_fault+0x0/0x5f7
 [<c03336c4>] error_code+0x7c/0x84
 =======================
DMA per-cpu:
CPU    0: Hot: hi:    0, btch:   1 usd:   0   Cold: hi:    0, btch:   1 usd:   0
CPU    1: Hot: hi:    0, btch:   1 usd:   0   Cold: hi:    0, btch:   1 usd:   0
CPU    2: Hot: hi:    0, btch:   1 usd:   0   Cold: hi:    0, btch:   1 usd:   0
CPU    3: Hot: hi:    0, btch:   1 usd:   0   Cold: hi:    0, btch:   1 usd:   0
Normal per-cpu:
CPU    0: Hot: hi:  186, btch:  31 usd:  67   Cold: hi:   62, btch:  15 usd:  14
CPU    1: Hot: hi:  186, btch:  31 usd: 163   Cold: hi:   62, btch:  15 usd:   3
CPU    2: Hot: hi:  186, btch:  31 usd: 126   Cold: hi:   62, btch:  15 usd:  47
CPU    3: Hot: hi:  186, btch:  31 usd:  50   Cold: hi:   62, btch:  15 usd:  19
HighMem per-cpu:
CPU    0: Hot: hi:  186, btch:  31 usd:  90   Cold: hi:   62, btch:  15 usd:  58
CPU    1: Hot: hi:  186, btch:  31 usd:  23   Cold: hi:   62, btch:  15 usd:  57
CPU    2: Hot: hi:  186, btch:  31 usd:  28   Cold: hi:   62, btch:  15 usd:  47
CPU    3: Hot: hi:  186, btch:  31 usd:  20   Cold: hi:   62, btch:  15 usd:  56
Active:227775 inactive:241080 dirty:0 writeback:0 unstable:0
 free:12264 slaprintk: 84 messages suppressed.
sh invoked oom-killer: gfp_mask=0x280d2, order=0, oomkilladj=0
 [<c0147386>] out_of_memory+0x70/0xf6
 [<c01484c4>] __alloc_pages+0x21b/0x2a8
 [<c0150a47>] do_anonymous_page+0x3e/0x1e3
 [<c0151251>] __handle_mm_fault+0x1a1/0x2bc
 [<c01521d2>] vma_link+0xc1/0xcb
 [<c0115990>] do_page_fault+0x2a3/0x5f7
 [<c0160424>] sys_close+0x5b/0x95
 [<c01156ed>] do_page_fault+0x0/0x5f7
 [<c03336c4>] error_code+0x7c/0x84
 [<c0330000>] packet_rcv+0xfd/0x2d7
 =======================
DMA per-cpu:
CPU    0: Hot: hi:    0, btch:   1 usd:   0   Cold: hi:    0, btch:   1 usd:   0
CPU    1: Hot: hi:    0, btch:   1 usd:   0   Cold: hi:    0, btch:   1 usd:   0
CPU    2: Hot: hi:    0, btch:   1 usd:   0   Cold: hi:    0, btch:   1 usd:   0
CPU    3: Hot: hi:    0, btch:   1 usd:   0   Cold: hi:    0, btch:   1 usd:   0
Normal per-cpu:
CPU    0: Hot: hi:  186, btch:  31 usd:  64   Cold: hi:   62, btch:  15 usd:  57
CPU    1: Hot: hi:  186, btch:  31 usd: 166   Cold: hi:   62, btch:  15 usd:  32
CPU    2: Hot: hi:  186, btch:  31 usd: 128   Cold: hi:   62, btch:  15 usd:  29
CPU    3: Hot: hi:  186, btch:  31 usd:  56   Cold: hi:   62, btch:  15 usd:  41
HighMem per-cpu:
CPU    0: Hot: hi:  186, btch:  31 usd:  90   Cold: hi:   62, btch:  15 usd:  60
CPU    1: Hot: hi:  186, btch:  31 usd:  22   Cold: hi:   62, btch:  15 usd:  61
CPU    2: Hot: hi:  186, btch:  31 usd:  28   Cold: hi:   62, btch:  15 usd:  32
CPU    3: Hot: hi:  186, btch:  31 usd:  91   Cold: hi:   62, btch:  15 usd:  55
Active:177084 inactive:290629 dirty:0 writeback:0 unstable:0
 free:12182 slab:14570 mapped:42 pagetables:10552 bounce:0
DMA free:8076kB min:68kB low:84kB high:100kB active:2512kB inactive:1684kB present:16224kB pages_scanned:172170 all_unreclaimable? yes
lowmem_reserve[]: 0 871 2011
Normal free:40156kB min:3740kB low:4672kB high:5608kB active:358572kB inactive:358400kB present:892320kB pages_scanned:1156433 all_unreclaimable? yes
lowmem_reserve[]: 0 0 9123
HighMem free:496kB min:512kB low:1736kB high:2960kB active:347252kB inactive:802560kB present:1167812kB pages_scanned:2681187 all_unreclaimable? yes
lowmem_reserve[]: 0 0 0
DMA: 1*4kB 1*8kB 2*16kB 1*32kB 1*64kB 0*128kB 1*256kB 1*512kB 1*1024kB 1*2048kB 1*4096kB = 8076kB
Normal: 17*4kB 21*8kB 1*16kB 1*32kB 1*64kB 33*128kB 7*256kB 0*512kB 1*1024kB 0*2048kB 8*4096kB = 40156kB
HighMem: 48*4kB 6*8kB 0*16kB 6*32kB 1*64kB 0*128kB 0*256kB 0*512kB 0*1024kB 0*2048kB 0*4096kB = 496kB
Swap cache: add 12973, delete 12973, find 2677/3554, race 0+1
Free swap  = 0kB
Total swap = 8024kB
objdump invoked oom-killer: gfp_mask=0x201d2, order=0, oomkilladj=0
 [<c0147386>] out_of_memory+0x70/0xf6
 [<c01484c4>] __alloc_pages+0x21b/0x2a8
 [<c0149f29>] __do_page_cache_readahead+0xc8/0x13a
 [<c014535b>] filemap_nopage+0x164/0x30d
 [<c0150c7d>] do_no_page+0x91/0x2fb
 [<c014cac0>] vma_prio_tree_insert+0x17/0x2a
 [<c0151201>] __handle_mm_fault+0x151/0x2bc
 [<c0115990>] do_page_fault+0x2a3/0x5f7
 [<c0160424>] sys_close+0x5b/0x95
 [<c01156ed>] do_page_fault+0x0/0x5f7
 [<c03336c4>] error_code+0x7c/0x84
 [<c0330000>] packet_rcv+0xfd/0x2d7
 =======================
DMA per-cpu:
CPU    0: Hot: hi:    0, btch:   1 usd:   0   Cold: hi:    0, btch:   1 usd:   0
CPU    1: Hot: hi:    0, btch:   1 usd:   0   Cold: hi:    0, btch:   1 usd:   0
CPU    2: Hot: hi:    0, btch:   1 usd:   0   Cold: hi:    0, btch:   1 usd:   0
CPU    3: Hot: hi:    0, btch:   1 usd:   0   Cold: hi:    0, btch:   1 usd:   0
Normal per-cpu:
CPU    0: Hot: hi:  186, btch:  31 usd:  64   Cold: hi:   62, btch:  15 usd:  57
CPU    1: Hot: hi:  186, btch:  31 usd: 166   Cold: hi:   62, btch:  15 usd:  32
CPU    2: Hot: hi:  186, btch:  31 usd: 128   Cold: hi:   62, btch:  15 usd:  29
CPU    3: Hot: hi:  186, btch:  31 usd:  56   Cold: hi:   62, btch:  15 usd:  41
HighMem per-cpu:
CPU    0: Hot: hi:  186, btch:  31 usd:  90   Cold: hi:   62, btch:  15 usd:  60
CPU    1: Hot: hi:  186, btch:  31 usd:  22   Cold: hi:   62, btch:  15 usd:  61
CPU    2: Hot: hi:  186, btch:  31 usd:  28   Cold: hi:   62, btch:  15 usd:  32
CPU    3: Hot: hi:  186, btch:  31 usd:  91   Cold: hi:   62, btch:  15 usd:  55
Active:180421 inactive:287302 dirty:0 writeback:0 unstable:0
 free:12182 slab:14570 mapped:42 pagetables:10552 bounce:0
DMA free:8076kB min:68kB low:84kB high:100kB active:2512kB inactive:1684kB present:16224kB pages_scanned:172170 all_unreclaimable? yes
lowmem_reserve[]: 0 871 2011
Normal free:40156kB min:3740kB low:4672kB high:5608kB active:358592kB inactive:358400kB present:892320kB pages_scanned:1156541 all_unreclaimable? yes
lowmem_reserve[]: 0 0 9123
HighMem free:496kB min:512kB low:1736kB high:2960kB active:360580kB inactive:789124kB present:1167812kB pages_scanned:2688431 all_unreclaimable? yes
lowmem_reserve[]: 0 0 0
DMA: 1*4kB 1*8kB 2*16kB 1*32kB 1*64kB 0*128kB 1*256kB 1*512kB 1*1024kB 1*2048kB 1*4096kB = 8076kB
Normal: 17*4kB 21*8kB 1*16kB 1*32kB 1*64kB 33*128kB 7*256kB 0*512kB 1*1024kB 0*2048kB 8*4096kB = 40156kB
HighMem: 48*4kB 6*8kB 0*16kB 6*32kB 1*64kB 0*128kB 0*256kB 0*512kB 0*1024kB 0*2048kB 0*4096kB = 496kB
Swap cache: add 12973, delete 12973, find 2677/3554, race 0+1
Free swap  = 0kB
Total swap = 8024kB
Out of memory: kill process 27480 (make) score 2014 or a child
Killed process 28228 (sh)
cc1 invoked oom-killer: gfp_mask=0x201d2, order=0, oomkilladj=0
printk: 5 messages suppressed.
cc1 invoked oom-killer: gfp_mask=0x201d2, order=0, oomkilladj=0
 [<c0147386>] out_of_memory+0x70/0xf6
 [<c01484c4>] __alloc_pages+0x21b/0x2a8
 [<c0149f29>] __do_page_cache_readahead+0xc8/0x13a
 [<c014535b>] filemap_nopage+0x164/0x30d
 [<c0150c7d>] do_no_page+0x91/0x2fb
 [<c0151201>] __handle_mm_fault+0x151/0x2bc
 [<c0115990>] do_page_fault+0x2a3/0x5f7
 [<c016ee9f>] dput+0x98/0x131
 [<c0173168>] mntput_no_expire+0x11/0x6e
 [<c0160424>] sys_close+0x5b/0x95
 [<c01156ed>] do_page_fault+0x0/0x5f7
 [<c03336c4>] error_code+0x7c/0x84
 [<c0330000>] packet_rcv+0xfd/0x2d7
 =======================
DMA per-cpu:
CPU    0: Hot: hi:    0, btch:   1 usd:   0   Cold: hi:    0, btch:   1 usd:   0
CPU    1: Hot: hi:    0, btch:   1 usd:   0   Cold: hi:    0, btch:   1 usd:   0
CPU    2: Hot: hi:    0, btch:   1 usd:   0   Cold: hi:    0, btch:   1 usd:   0
CPU    3: Hot: hi:    0, btch:   1 usd:   0   Cold: hi:    0, btch:   1 usd:   0
Normal per-cpu:
CPU    0: Hot: hi:  186, btch:  31 usd:  64   Cold: hi:   62, btch:  15 usd:  57
CPU    1: Hot: hi:  186, btch:  31 usd: 166   Cold: hi:   62, btch:  15 usd:  32
CPU    2: Hot: hi:  186, btch:  31 usd: 128   Cold: hi:   62, btch:  15 usd:  29
CPU    3: Hot: hi:  186, btch:  31 usd:  58   Cold: hi:   62, btch:  15 usd:  41
HighMem per-cpu:
CPU    0: Hot: hi:  186, btch:  31 usd:  90   Cold: hi:   62, btch:  15 usd:  60
CPU    1: Hot: hi:  186, btch:  31 usd:  22   Cold: hi:   62, btch:  15 usd:  61
CPU    2: Hot: hi:  186, btch:  31 usd:  28   Cold: hi:   62, btch:  15 usd:  32
CPU    3: Hot: hi:  186, btch:  31 usd:  91   Cold: hi:   62, btch:  15 usd:  55
Active:188236 inactive:279668 dirty:0 writeback:0 unstable:0
 free:12182 slab:14568 mapped:41 pagetables:10552 bounce:0
DMA free:8076kB min:68kB low:84kB high:100kB active:2512kB inactive:1684kB present:16224kB pages_scanned:172170 all_unreclaimable? yes
lowmem_reserve[]: 0 871 2011
Normal free:40156kB min:3740kB low:4672kB high:5608kB active:359180kB inactive:358300kB present:892320kB pages_scanned:1172564 all_unreclaimable? yes
lowmem_reserve[]: 0 0 9123
HighMem free:496kB min:512kB low:1736kB high:2960kB active:391252kB inactive:758688kB present:1167812kB pages_scanned:2778262 all_unreclaimable? yes
lowmem_reserve[]: 0 0 0
DMA: 1*4kB 1*8kB 2*16kB 1*32kB 1*64kB 0*128kB 1*256kB 1*512kB 1*1024kB 1*2048kB 1*4096kB = 8076kB
Normal: 17*4kB 21*8kB 1*16kB 1*32kB 1*64kB 33*128kB 7*256kB 0*512kB 1*1024kB 0*2048kB 8*4096kB = 40156kB
HighMem: 48*4kB 6*8kB 0*16kB 6*32kB 1*64kB 0*128kB 0*256kB 0*512kB 0*1024kB 0*2048kB 0*4096kB = 496kB
Swap cache: add 12973, delete 12973, find 2677/3554, race 0+1
Free swap  = 0kB
Total swap = 8024k16kB
Swap cache: add 12973, delete 12973, find 2677/3554, race 0+1
Free swap  = 0kB
Total swap = 8024kB
printk: 21 messages suppressed.
cc1 invoked oom-killer: gfp_mask=0x201d2, order=0, oomkilladj=0
 [<c0147386>] out_of_memory+0x70/0xf6
 [<c01484c4>] __alloc_pages+0x21b/0x2a8
 [<c0149f29>] __do_page_cache_readahead+0xc8/0x13a
 [<c014535b>] filemap_nopage+0x164/0x30d
 [<c0150c7d>] do_no_page+0x91/0x2fb
 [<c0151201>] __handle_mm_fault+0x151/0x2bc
 [<c0115990>] do_page_fault+0x2a3/0x5f7
 [<c016ee9f>] dput+0x98/0x131
 [<c0173168>] mntput_no_expire+0x11/0x6e
 [<c0160424>] sys_close+0x5b/0x95
 [<c01156ed>] do_page_fault+0x0/0x5f7
 [<c03336c4>] error_code+0x7c/0x84
 [<c0330000>] packet_rcv+0xfd/0x2d7
 =======================
DMA per-cpu:
CPU    0: Hot: hi:    0, btch:   1 usd:   0   Cold: hi:    0, btch:   1 usd:   0
CPU    1: Hot: hi:    0, btch:   1 usd:   0   Cold: hi:    0, btch:   1 usd:   0
CPU    2: Hot: hi:    0, btch:   1 usd:   0   Cold: hi:    0, btch:   1 usd:   0
CPU    3: Hot: hi:    0, btch:   1 usd:   0   Cold: hi:    0, btch:   1 usd:   0
Normal per-cpu:
CPU    0: Hot: hi:  186, btch:  31 usd:  64   Cold: hi:   62, btch:  15 usd:  57
CPU    1: Hot: hi:  186, btch:  31 usd: 166   Cold: hi:   62, btch:  15 usd:  33
CPU    2: Hot: hi:  186, btch:  31 usd: 128   Cold: hi:   62, btch:  15 usd:  30
CPU    3: Hot: hi:  186, btch:  31 usd:  58   Cold: hi:   62, btch:  15 usd:  41
HighMem per-cpu:
CPU    0: Hot: hi:  186, btch:  31 usd:  90   Cold: hi:   62, btch:  15 usd:  48
CPU    1: Hot: hi:  186, btch:  31 usd:  23   Cold: hi:   62, btch:  15 usd:  58
CPU    2: Hot: hi:  186, btch:  31 usd:  28   Cold: hi:   62, btch:  15 usd:  47
CPU    3: Hot: hi:  186, btch:  31 usd:  91   Cold: hi:   62, btch:  15 usd:  43
Active:236102 inactive:232931 dirty:0 writeback:0 unstable:0
 free:12181 slab:14568 mapped:46 pagetables:10552 bounce:0
DMA free:8076kB min:68kB low:84kB high:100kB active:2524kB inactive:1672kB present:16224kB pages_scanned:172234 all_unreclaimable? yes
lowmem_reserve[]: 0 871 2011
Normal free:40156kB min:3740kB low:4672kB high:5608kB active:357868kB inactive:361200kB present:892320kB pages_scanned:1566259 all_unreclaimable? yes
lowmem_reserve[]: 0 0 9123
HighMem free:492kB min:512kB low:1736kB high:2960kB active:576900kB inactive:575804kB present:1167812kB pages_scanned:134254 all_unreclaimable? no
lowmem_reserve[]: 0 0 0
DMA: 1*4kB 1*8kB 2*16kB 1*32kB 1*64kB 0*128kB 1*256kB 1*512kB 1*1024kB 1*2048kB 1*4096kB = 8076kB
Normal: 17*4kB 21*8kB 1*16kB 1*32kB 1*64kB 33*128kB 7*256kB 0*512kB 1*1024kB 0*2048kB 8*4096kB = 40156kB
HighMem: 42*4kB 9*8kB 0*16kB 6*32kB 1*64kB 0*128kB 0*256kB 0*512kB 0*1024kB 0*2048kB 0*4096kB = 496kB
Swap cache: add 12973, delete 12973, find 2677/3554, race 0+1
Free swap  = 0kB
Total swap = 8024kB
printk: 63 messages suppressed.
objdump invoked oom-killer: gfp_mask=0x201d2, order=0, oomkilladj=0
cc1 invoked oom-killer: gfp_mask=0x201d2, order=0, oomkilladj=0
 [<c0147386>] out_of_memory+0x70/0xf6
 [<c01484c4>] __alloc_pages+0x21b/0x2a8
 [<c0149f29>] __do_page_cache_readahead+0xc8/0x13a
 [<c014535b>] filemap_nopage+0x164/0x30d
 [<c0150c7d>] do_no_page+0x91/0x2fb
 [<c0160986>] do_sync_read+0xbf/0xfc
 [<c0151201>] __handle_mm_fault+0x151/0x2bc
 [<c0115990>] do_page_fault+0x2a3/0x5f7
 [<c016ee9f>] dput+0x98/0x131
 [<c0173168>] mntput_no_expire+0x11/0x6e
 [<c0160424>] sys_close+0x5b/0x95
 [<c01156ed>] do_page_fault+0x0/0x5f7
 [<c03336c4>] error_code+0x7c/0x84
 [<c0330000>] packet_rcv+0xfd/0x2d7
 =======================
DMA per-cpu:
CPU    0: Hot: hi:    0, btch:   1 usd:   0   Cold: hi:    0, btch:   1 usd:   0
CPU    1: Hot: hi:    0, btch:   1 usd:   0   Cold: hi:    0, btch:   1 usd:   0
CPU    2: Hot: hi:    0, btch:   1 usd:   0   Cold: hi:    0, btch:   1 usd:   0
CPU    3: Hot: hi:    0, btch:   1 usd:   0   Cold: hi:    0, btch:   1 usd:   0
Normal per-cpu:
CPU    0: Hot: hi:  186, btch:  31 usd:  51   Cold: hi:   62, btch:  15 usd:  36
CPU    1: Hot: hi:  186, btch:  31 usd: 166   Cold: hi:   62, btch:  15 usd:  59
CPU    2: Hot: hi:  186, btch:  31 usd: 132   Cold: hi:   62, btch:  15 usd:  44
CPU    3: Hot: hi:  186, btch:  31 usd: 120   Cold: hi:   62, btch:  15 usd:  33
HighMem per-cpu:
CPU    0: Hot: hi:  186, btch:  31 usd: 101   Cold: hi:   62, btch:  15 usd:  53
CPU    1: Hot: hi:  186, btch:  31 usd:  23   Cold: hi:   62, btch:  15 usd:  51
CPU    2: Hot: hi:  186, btch:  31 usd:  28   Cold: hi:   62, btch:  15 usd:  53
CPU    3: Hot: hi:  186, btch:  31 usd: 159   Cold: hi:   62, btch:  15 usd:  47
Active:197824 inactive:266637 dirty:0 writeback:0 unstable:0
 free:12189 slab:14511 mapped:38 pagetables:10546 bounce:0
DMA free:8076kB min:68kB low:84kB high:100kB active:2520kB inactive:1668kB present:16224kB pages_scanned:172554 all_unreclaimable? yes
lowmem_reserve[]: 0 871 2011
Normal free:40184kB min:3740kB low:4672kB high:5608kB active:358348kB inactive:355128kB present:892320kB pages_scanned:3403799 all_unreclaimable? yes
lowmem_reserve[]: 0 0 9123
HighMem free:496kB min:512kB low:1736kB high:2960kB active:430428kB inactive:709752kB present:1167812kB pages_scanned:12945889 all_unreclaimable? yes
lowmem_reserve[]: 0 0 0
DMA: 1*4kB 1*8kB 2*16kB 1*32kB 1*64kB 0*128kB 1*256kB 1*512kB 1*1024kB 1*2048kB 1*4096kB = 8076kB
Normal: 22*4kB 22*8kB 1*16kB 1*32kB 1*64kB 33*128kB 7*256kB 0*512kB 1*1024kB 0*2048kB 8*4096kB = 40184kB
HighMem: 42*4kB 9*8kB 0*16kB 6*32kB 1*64kB 0*128kB 0*256kB 0*512kB 0*1024kB 0*2048kB 0*4096kB = 496kB
Swap cache: add 12973, delete 12973, find 2677/3554, race 0+1
Free swap  = 0kB
Total swap = 8024kB
Out of memory: kill process 27480 (make) score 1979 or a child
Killed process 28685 (sh)
 [<c0147386>] out_of_memory+0x70/0xf6
 [<c01484c4>] __alloc_pages+0x21b/0x2a8
 [<c0149f29>] __do_page_cache_readahead+0xc8/0x13a
 [<c014535b>] filemap_nopage+0x164/0x30d
 [<c0150c7d>] do_no_page+0x91/0x2fb
 [<c0168243>] may_open+0x4e/0x21a
 [<c0151201>] __handle_mm_fault+0x151/0x2bc
 [<c016001c>] do_filp_open+0x32/0x39
 [<c0115990>] do_page_fault+0x2a3/0x5f7
 [<c01156ed>] do_page_fault+0x0/0x5f7
 [<c03336c4>] error_code+0x7c/0x84
 [<c0330000>] packet_rcv+0xfd/0x2d7
 =======================
DMA per-cpu:
CPU    0: Hot: hi:    0, btch:   1 usd:   0   Cold: hi:    0, btch:   1 usd:   0
CPU    1: Hot: hi:    0, btch:   1 usd:   0   Cold: hi:    0, btch:   1 usd:   0
CPU    2: Hot: hi:    0, btch:   1 usd:   0   Cold: hi:    0, btch:   1 usd:   0
CPU    3: Hot: hi:    0, btch:   1 usd:   0   Cold: hi:    0, btch:   1 usd:   0
Normal per-cpu:
CPU    0: Hot: hi:  186, btch:  31 usd:  51   Cold: hi:   62, btch:  15 usd:  50
CPU    1: Hot: hi:  186, btch:  31 usd: 166   Cold: hi:   62, btch:  15 usd:  59
CPU    2: Hot: hi:  186, btch:  31 usd: 133   Cold: hi:   62, btch:  15 usd:  45
CPU    3: Hot: hi:  186, btch:  31 usd: 127   Cold: hi:   62, btch:  15 usd:  42
HighMem per-cpu:
CPU    0: Hot: hi:  186, btch:  31 usd: 101   Cold: hi:   62, btch:  15 usd:  54
CPU    1: Hot: hi:  186, btch:  31 usd:  23   Cold: hi:   62, btch:  15 usd:  51
CPU    2: Hot: hi:  186, btch:  31 usd:  28   Cold: hi:   62, btch:  15 usd:  53
CPU    3: Hot: hi:  186, btch:  31 usd: 159   Cold: hi:   62, btch:  15 usd:  47
Active:113124 inactive:353872 dirty:0 writeback:1 unstable:0
 free:12189 slab:14517 mapped:36 pagetables:10542 bounce:0
DMA free:8076kB min:68kB low:84kB high:100kB active:2528kB inactive:1684kB present:16224kB pages_scanned:172554 all_unreclaimable? yes
lowmem_reserve[]: 0 871 2011
Normal free:40184kB min:3740kB low:4672kB high:5608kB active:317352kB inactive:399464kB present:892320kB pages_scanned:4475641 all_unreclaimable? yes
lowmem_reserve[]: 0 0 9123
HighMem free:496kB min:512kB low:1736kB high:2960kB active:60kB inactive:1148092kB present:1167812kB pages_scanned:15904903 all_unreclaimable? yes
Out of memory: kill process 27480 (make) score 1945 or a child
Killed process 28874 (sh)
lowmem_reserve[]: 0 0 0
DMA: 1*4kB 1*8kB 2*16kB 1*32kB 1*64kB 0*128kB 1*256kB 1*512kB 1*1024kB 1*2048kB 1*4096kB = 8076kB
Normal: 22*4kB 22*8kB 1*16kB 1*32kB 1*64kB 33*128kB 7*256kB 0*512kB 1*1024kB 0*2048kB 8*4096kB = 40184kB
HighMem: 42*4kB 9*8kB 0*16kB 6*32kB 1*64kB 0*128kB 0*256kB 0*512kB 0*1024kB 0*2048kB 0*4096kB = 496kB
Swap cache: add 12973, delete 12973, find 2677/3554, race 0+1
Free swap  = 0kB
Total swap = 8024kB
Out of memory: kill process 27480 (make) score 1910 or a child
Out of memory: kill process 27480 (make) score 1910 or a child
Killed process 29006 (sh)
printk: 273 messages suppressed.
sh invoked oom-killer: gfp_mask=0x201d2, order=0, oomkilladj=0
 [<c0147386>] out_of_memory+0x70/0xf6
 [<c01484c4>] __alloc_pages+0x21b/0x2a8
 [<c0149f29>] __do_page_cache_readahead+0xc8/0x13a
 [<c014535b>] filemap_nopage+0x164/0x30d
 [<c0150c7d>] do_no_page+0x91/0x2fb
 [<c0151201>] __handle_mm_fault+0x151/0x2bc
 [<c01521d2>] vma_link+0xc1/0xcb
 [<c0115990>] do_page_fault+0x2a3/0x5f7
 [<c012819b>] sys_rt_sigprocmask+0xae/0xc1
 [<c01156ed>] do_page_fault+0x0/0x5f7
 [<c03336c4>] error_code+0x7c/0x84
 [<c0330000>] packet_rcv+0xfd/0x2d7
 =======================
DMA per-cpu:
CPU    0: Hot: hi:    0, btch:   1 usd:   0   Cold: hi:    0, btch:   1 usd:   0
CPU    1: Hot: hi:    0, btch:   1 usd:   0   Cold: hi:    0, btch:   1 usd:   0
CPU    2: Hot: hi:    0, btch:   1 usd:   0   Cold: hi:    0, btch:   1 usd:   0
CPU    3: Hot: hi:    0, btch:   1 usd:   0   Cold: hi:    0, btch:   1 usd:   0
Normal per-cpu:
CPU    0: Hot: hi:  186, btch:  31 usd:  60   Cold: hi:   62, btch:  15 usd:  51
CPU    1: Hot: hi:  186, btch:  31 usd: 166   Cold: hi:   62, btch:  15 usd:  59
CPU    2: Hot: hi:  186, btch:  31 usd: 183   Cold: hi:   62, btch:  15 usd:  46
CPU    3: Hot: hi:  186, btch:  31 usd: 166   Cold: hi:   62, btch:  15 usd:  43
HighMem per-cpu:
CPU    0: Hot: hi:  186, btch:  31 usd: 101   Cold: hi:   62, btch:  15 usd:  54
CPU    1: Hot: hi:  186, btch:  31 usd:  23   Cold: hi:   62, btch:  15 usd:  51
CPU    2: Hot: hi:  186, btch:  31 usd: 105   Cold: hi:   62, btch:  15 usd:  53
CPU    3: Hot: hi:  186, btch:  31 usd: 159   Cold: hi:   62, btch:  15 usd:  47
Active:114370 inactive:354255 dirty:0 writeback:0 unstable:0
 free:12189 slab:14469 mapped:35 pagetables:10536 bounce:0
DMA free:8076kB min:68kB low:84kB high:100kB active:2528kB inactive:1668kB present:16224kB pages_scanned:172938 all_unreclaimable? yes
lowmem_reserve[]: 0 871 2011
Normal free:40184kB min:3740kB low:4672kB high:5608kB active:335484kB inactive:383588kB present:892320kB pages_scanned:5133309 all_unreclaimable? yes
lowmem_reserve[]: 0 0 9123
HighMem free:496kB min:512kB low:1736kB high:2960kB active:119468kB inactive:1031764kB present:1167812kB pages_scanned:17190043 all_unreclaimable? yes
lowmem_reserve[]: 0 0 0
DMA: 1*4kB 1*8kB 2*16kB 1*32kB 1*64kB 0*128kB 1*256kB 1*512kB 1*1024kB 1*2048kB 1*4096kB = 8076kB
Normal: 22*4kB 22*8kB 1*16kB 1*32kB 1*64kB 33*128kB 7*256kB 0*512kB 1*1024kB 0*2048kB 8*4096kB = 40184kB
HighMem: 42*4kB 9*8kB 0*16kB 6*32kB 1*64kB 0*128kB 0*256kB 0*512kB 0*1024kB 0*2048kB 0*4096kB = 496kB
Swap cache: add 12997, delete 12973, find 2677/3554, race 0+1
Free swap  = 0kB
Total swap = 8024kB
Killed process 29006 (sh)
printk: 146 messages suppressed.
grep invoked oom-killer: gfp_mask=0x201d2, order=0, oomkilladj=0
 [<c0147386>] out_of_memory+0x70/0xf6
 [<c01484c4>] __alloc_pages+0x21b/0x2a8
 [<c0149f29>] __do_page_cache_readahead+0xc8/0x13a
cc1 invoked oom-killer: gfp_mask=0x201d2, order=0, oomkilladj=0
 [<c0147386>] out_of_memory+0x70/0xf6
 [<c01484c4>] __alloc_pages+0x21b/0x2a8
 [<c0149f29>] __do_page_cache_readahead+0xc8/0x13a
 [<c014535b>] filemap_nopage+0x164/0x30d
 [<c0150c7d>] do_no_page+0x91/0x2fb
 [<c0168243>] may_open+0x4e/0x21a
 [<c0151201>] __handle_mm_fault+0x151/0x2bc
 [<c016001c>] do_filp_open+0x32/0x39
 [<c0115990>] do_page_fault+0x2a3/0x5f7
 [<c01156ed>] do_page_fault+0x0/0x5f7
 [<c03336c4>] error_code+0x7c/0x84
 [<c0330000>] packet_rcv+0xfd/0x2d7
 =======================
DMA per-cpu:
CPU    0: Hot: hi:    0, btch:   1 usd:   0   Cold: hi:    0, btch:   1 usd:   0
CPU    1: Hot: hi:    0, btch:   1 usd:   0   Cold: hi:    0, btch:   1 usd:   0
CPU    2: Hot: hi:    0, btch:   1 usd:   0   Cold: hi:    0, btch:   1 usd:   0
CPU    3: Hot: hi:    0, btch:   1 usd:   0   Cold: hi:    0, btch:   1 usd:   0
Normal per-cpu:
CPU    0: Hot: hi:  186, btch:  31 usd:  64   Cold: hi:   62, btch:  15 usd:  57
CPU    1: Hot: hi:  186, btch:  31 usd: 156   Cold: hi:   62, btch:  15 usd:  14
CPU    2: Hot: hi:  186, btch:  31 usd: 143   Cold: hi:   62, btch:  15 usd:  57
CPU    3: Hot: hi:  186, btch:  31 usd: 151   Cold: hi:   62, btch:  15 usd:  52
HighMem per-cpu:
CPU    0: Hot: hi:  186, btch:  31 usd: 105   Cold: hi:   62, btch:  15 usd:  52
CPU    1: Hot: hi:  186, btch:  31 usd:  96   Cold: hi:   62, btch:  15 usd:  42
CPU    2: Hot: hi:  186, btch:  31 usd: 113   Cold: hi:   62, btch:  15 usd:  50
CPU    3: Hot: hi:  186, btch:  31 usd: 165   Cold: hi:   62, btch:  15 usd:  60
Active:324205 inactive:140135 dirty:0 writeback:0 unstable:0
 free:12186 slab:14425 mapped:31 pagetables:10516 bounce:0
DMA free:8076kB min:68kB low:84kB high:100kB active:2544kB inactive:1668kB present:16224kB pages_scanned:174026 all_unreclaimable? yes
lowmem_reserve[]: 0 871 2011
Normal free:40172kB min:3740kB low:4672kB high:5608kB active:353052kB inactive:352344kB present:892320kB pages_scanned:3287473 all_unreclaimable? yes
lowmem_reserve[]: 0 0 9123
HighMem free:496kB min:512kB low:1736kB high:2960kB active:941224kB inactive:206528kB present:1167812kB pages_scanned:6320541 all_unreclaimable? yes
lowmem_reserve[]: 0 0 0
DMA: 1*4kB 1*8kB 2*16kB 1*32kB 1*64kB 0*128kB 1*256kB 1*512kB 1*1024kB 1*2048kB 1*4096kB = 8076kB
Normal: 1*4kB 29*8kB 2*16kB 1*32kB 1*64kB 33*128kB 7*256kB 0*512kB 1*1024kB 0*2048kB 8*4096kB = 40172kB
HighMem: 30*4kB 11*8kB 2*16kB 6*32kB 1*64kB 0*128kB 0*256kB 0*512kB 0*1024kB 0*2048kB 0*4096kB = 496kB
Swap cache: add 12997, delete 12997, find 2677/3555, race 0+1
Free swap  = 0kB
Total swap = 8024kB
Out of memory: kill process 27480 (make) score 1876 or a child
Killed process 29011 (sh)
cc1 invoked oom-killer: gfp_mask=0x201d2, order=0, oomkilladj=0
 [<c0147386>] out_of_memory+0x70/0xf6
 [<c01484c4>] __alloc_pages+0x21b/0x2a8
 [<c0149f29>] __do_page_cache_readahead+0xc8/0x13a
 [<c014535b>] filemap_nopage+0x164/0x30d
 [<c0150c7d>] do_no_page+0x91/0x2fb
 [<c0151201>] __handle_mm_fault+0x151/0x2bc
 [<c014f15f>] unmap_vmas+0x103/0x1cf
 [<c0115990>] do_page_fault+0x2a3/0x5f7
 [<c01156ed>] do_page_fault+0x0/0x5f7
 [<c03336c4>] error_code+0x7c/0x84
 [<c0330000>] packet_rcv+0xfd/0x2d7
 =======================
DMA per-cpu:
CPU    0: Hot: hi:    0, btch:   1 usd:   0   Cold: hi:    0, btch:   1 usd:   0
CPU    1: Hot: hi:    0, btch:   1 usd:   0   Cold: hi:    0, btch:   1 usd:   0
CPU    2: Hot: hi:    0, btch:   1 usd:   0   Cold: hi:    0, btch:   1 usd:   0
CPU    3: Hot: hi:    0, btch:   1 usd:   0   Cold: hi:    0, btch:   1 usd:   0
Normal per-cpu:
CPU    0: Hot: hi:  186, btch:  31 usd:  64   Cold: hi:   62, btch:  15 usd:  57
CPU    1: Hot: hi:  186, btch:  31 usd: 156   Cold: hi:   62, btch:  15 usd:  14
CPU    2: Hot: hi:  186, btch:  31 usd: 143   Cold: hi:   62, btch:  15 usd:  57
CPU    3: Hot: hi:  186, btch:  31 usd: 151   Cold: hi:   62, btch:  15 usd:  52
HighMem per-cpu:
CPU    0: Hot: hi:  186, btch:  31 usd: 105   Cold: hi:   62, btch:  15 usd:  52
CPU    1: Hot: hi:  186, btch:  31 usd:  96   Cold: hi:   62, btch:  15 usd:  42
CPU    2: Hot: hi:  186, btch:  31 usd: 113   Cold: hi:   62, btch:  15 usd:  50
CPU    3: Hot: hi:  186, btch:  31 usd: 165   Cold: hi:   62, btch:  15 usd:  60
Active:324205 inactive:140135 dirty:0 writeback:0 unstable:0
 free:12186 slab:14425 mapped:31 pagetables:10516 bounce:0
DMA free:8076kB min:68kB low:84kB high:100kB active:2544kB inactive:1668kB present:16224kB pages_scanned:174026 all_unreclaimable? yes
lowmem_reserve[]: 0 871 2011
Normal free:40172kB min:3740kB low:4672kB high:5608kB active:353052kB inactive:352344kB present:892320kB pages_scanned:3302545 all_unreclaimable? yes
lowmem_reserve[]: 0 0 9123
HighMem free:496kB min:512kB low:1736kB high:2960kB active:941224kB inactive:206656kB present:1167812kB pages_scanned:6330237 all_unreclaimable? yes
lowmem_reserve[]: 0 0 0
DMA: 1*4kB 1*8kB 2*16kB 1*32kB 1*64kB 0*128kB 1*256kB 1*512kB 1*1024kB 1*2048kB 1*4096kB = 8076kB
Normal: 1*4kB 29*8kB 2*16kB 1*32kB 1*64kB 33*128kB 7*256kB 0*512kB 1*1024kB 0*2048kB 8*4096kB = 40172kB
HighMem: 30*4kB 11*8kB 2*16kB 6*32kB 1*64kB 0*128kB 0*256kB 0*512kB 0*1024kB 0*2048kB 0*4096kB = 496kB
Swap cache: add 12997, delete 12997, find 2677/3555, race 0+1
Free swap  = 0kB
Total swap = 8024kB
make invoked oom-killer: gfp_mask=0x201d2, order=0, oomkilladj=0
 [<c0147386>] out_of_memory+0x70/0xf6
 [<c01484c4>] __alloc_pages+0x21b/0x2a8
 [<f884dc82>] do_get_write_access+0x49d/0x4bc [jbd]
 [<c017cab0>] bh_lru_install+0x98/0xa0
 [<c0149f29>] __do_page_cache_readahead+0xc8/0x13a
 [<c014535b>] filemap_nopage+0x164/0x30d
 [<c0150c7d>] do_no_page+0x91/0x2fb
 [<c0151201>] __handle_mm_fault+0x151/0x2bc
 [<c0115990>] do_page_fault+0x2a3/0x5f7
 [<c016b255>] filldir64+0x0/0xc5
 [<c0332d4e>] __mutex_unlock_slowpath+0x26/0x2f
 [<c01156ed>] do_page_fault+0x0/0x5f7
 [<c03336c4>] error_code+0x7c/0x84
 =======================
DMA per-cpu:
CPU    0: Hot: hi:    0, btch:   1 usd:   0   Cold: hi:    0, btch:   1 usd:   0
CPU    1: Hot: hi:    0, btch:   1 usd:   0   Cold: hi:    0, btch:   1 usd:   0
CPU    2: Hot: hi:    0, btch:   1 usd:   0   Cold: hi:    0, btch:   1 usd:   0
CPU    3: Hot: hi:    0, btch:   1 usd:   0   Cold: hi:    0, btch:   1 usd:   0
Normal per-cpu:
CPU    0: Hot: hi:  186, btch:  31 usd:  64   Cold: hi:   62, btch:  15 usd:  57
CPU    1: Hot: hi:  186, btch:  31 usd: 156   Cold: hi:   62, btch:  15 usd:  14
CPU    2: Hot: hi:  186, btch:  31 usd: 143   Cold: hi:   62, btch:  15 usd:  57
CPU    3: Hot: hi:  186, btch:  31 usd: 151   Cold: hi:   62, btch:  15 usd:  52
HighMem per-cpu:
CPU    0: Hot: hi:  186, btch:  31 usd: 105   Cold: hi:   62, btch:  15 usd:  52
CPU    1: Hot: hi:  186, btch:  31 usd:  96   Cold: hi:   62, btch:  15 usd:  42
CPU    2: Hot: hi:  186, btch:  31 usd: 113   Cold: hi:   62, btch:  15 usd:  50
CPU    3: Hot: hi:  186, btch:  31 usd: 165   Cold: hi:   62, btch:  15 usd:  60
Active:324204 inactive:140136 dirty:0 writeback:0 unstable:0
 free:12186 slab:14425 mapped:31 pagetables:10516 bounce:0
DMA free:8076kB min:68kB low:84kB high:100kB active:2544kB inactive:1668kB present:16224kB pages_scanned:174026 all_unreclaimable? i:    0, btch:   1 usd:   0
CPU    2: Hot: hi:    0, btch:   1 usd:   0   Cold: hi:    0, btch:   1 usd:   0
CPU    3: Hot: hi:    0, btch:   1 usd:   0   Cold: hi:    0, btch:   1 usd:   0
Normal per-cpu:
CPU    0: Hot: hi:  186, btch:  31 usd:  64   Cold: hi:   62, btch:  15 usd:  57
CPU    1: Hot: hi:  186, btch:  31 usd: 156   Cold: hi:   62, btch:  15 usd:  14
CPU    2: Hot: hi:  186, btch:  31 usd: 143   Cold: hi:   62, btch:  15 usd:  57
CPU    3: Hot: hi:  186, btch:  31 usd: 151   Cold: hi:   62, btch:  15 usd:  52
HighMem per-cpu:
CPU    0: Hot: hi:  186, btch:  31 usd: 105   Cold: hi:   62, btch:  15 usd:  52
CPU    1: Hot: hi:  186, btch:  31 usd:  96   Cold: hi:   62, btch:  15 usd:  42
CPU    2: Hot: hi:  186, btch:  31 usd: 113   Cold: hi:   62, btch:  15 usd:  50
CPU    3: Hot: hi:  186, btch:  31 usd: 165   Cold: hi:   62, btch:  15 usd:  60
Active:328309 inactive:136095 dirty:0 writeback:0 unstable:0
 free:12186 slab:14425 mapped:31 pagetables:10516 bounce:0
DMA free:8076kB min:68kB low:84kB high:100kB active:2544kB inactive:1668kB present:16224kB pages_scanned:174026 all_unreclaimable? yes
lowmem_reserve[]: 0 871 2011
Normal free:40172kB min:3740kB low:4672kB high:5608kB active:355116kB inactive:350364kB present:892320kB pages_scanned:3326240 all_unreclaimable? yes
lowmem_reserve[]: 0 0 9123
HighMem free:496kB min:512kB low:1736kB high:2960kB active:955576kB inactive:192348kB present:1167812kB pages_scanned:6350308 all_unreclaimable? yes
lowmem_reserve[]: 0 0 0
DMA: 1*4kB 1*8kB 2*16kB 1*32kB 1*64kB 0*128kB 1*256kB 1*512kB 1*1024kB 1*2048kB 1*4096kB = 8076kB
Normal: 1*4kB 29*8kB 2*16kB 1*32kB 1*64kB 33*128kB 7*256kB 0*512kB 1*1024kB 0*2048kB 8*4096kB = 40172kB
HighMem: 30*4kB 11*8kB 2*16kB 6*32kB 1*64kB 0*128kB 0*256kB 0*512kB 0*1024kB 0*2048kB 0*4096kB = 496kB
Swap cache: add 12997, delete 12997, find 2677/3555, race 0+1
Free swap  = 0kB
Total swap = 8024kB
cc1 invoked oom-killer: gfp_mask=0x201d2, order=0, oomkilladj=0
 [<c0147386>] out_of_memory+0x70/0xf6
 [<c01484c4>] __alloc_pages+0x21b/0x2a8
 [<c0149f29>] __do_page_cache_readahead+0xc8/0x13a
 [<c014535b>] filemap_nopage+0x164/0x30d
 [<c0150c7d>] do_no_page+0x91/0x2fb
 [<c0160986>] do_sync_read+0xbf/0xfc
 [<c0151201>] __handle_mm_fault+0x151/0x2bc
 [<c0115990>] do_page_fault+0x2a3/0x5f7
 [<c0160d64>] sys_read+0x41/0x67
 [<c01156ed>] do_page_fault+0x0/0x5f7
 [<c03336c4>] error_code+0x7c/0x84
 [<c0330000>] packet_rcv+0xfd/0x2d7
 =======================
DMA per-cpu:
CPU    0: Hot: hi:    0, btch:   1 usd:   0   Cold: hi:    0, btch:   1 usd:   0
CPU    1: Hot: hi:    0, btch:   1 usd:   0   Cold: hi:    0, btch:   1 usd:   0
CPU    2: Hot: hi:    0, btch:   1 usd:   0   Cold: hi:    0, btch:   1 usd:   0
CPU    3: Hot: hi:    0, btch:   1 usd:   0   Cold: hi:    0, btch:   1 usd:   0
Normal per-cpu:
CPU    0: Hot: hi:  186, btch:  31 usd:  64   Cold: hi:   62, btch:  15 usd:  57
CPU    1: Hot: hi:  186, btch:  31 usd: 156   Cold: hi:   62, btch:  15 usd:  14
CPU    2: Hot: hi:  186, btch:  31 usd: 1
 [<c0115990>] do_page_fault+0x2a3/0x5f7
 [<c01156ed>] do_page_fault+0x0/0x5f7
 [<c03336c4>] error_code+0x7c/0x84
 [<c0330000>] packet_rcv+0xfd/0x2d7
 =======================
DMA per-cpu:
CPU    0: Hot: hi:    0, btch:   1 usd:   0   Cold: hi:    0, btch:   1 usd:   0
CPU    1: Hot: hi:    0, btch:   1 usd:   0   Cold: hi:    0, btch:   1 usd:   0
CPU    2: Hot: hi:    0, btch:   1 usd:   0   Cold: hi:    0, btch:   1 usd:   0
CPU    3: Hot: hi:    0, btch:   1 usd:   0   Cold: hi:    0, btch:   1 usd:   0
Normal per-cpu:
CPU    0: Hot: hi:  186, btch:  31 usd:  64   Cold: hi:   62, btch:  15 usd:  57
CPU    1: Hot: hi:  186, btch:  31 usd: 156   Cold: hi:   62, btch:  15 usd:  14
CPU    2: Hot: hi:  186, btch:  31 usd: 143   Cold: hi:   62, btch:  15 usd:  57
CPU    3: Hot: hi:  186, btch:  31 usd: 151   Cold: hi:   62, btch:  15 usd:  52
HighMem per-cpu:
CPU    0: Hot: hi:  186, btch:  31 usd: 105   Cold: hi:   62, btch:  15 usd:  52
CPU    1: Hot: hi:  186, btch:  31 usd:  96   Cold: hi:   62, btch:  15 usd:  42
CPU    2: Hot: hi:  186, btch:  31 usd: 113   Cold: hi:   62, btch:  15 usd:  50
CPU    3: Hot: hi:  186, btch:  31 usd: 165   Cold: hi:   62, btch:  15 usd:  60
Active:328309 inactive:136095 dirty:0 writeback:0 unstable:0
 free:12186 slab:14425 mapped:31 pagetables:10516 bounce:0
DMA free:8076kB min:68kB low:84kB high:100kB active:2544kB inactive:1668kB present:16224kB pages_scanned:174026 all_unreclaimable? yes
lowmem_reserve[]: 0 871 2011
Normal free:40172kB min:3740kB low:4672kB high:5608kB active:355116kB inactive:350364kB present:892320kB pages_scanned:3326240 all_unreclaimable? yes
lowmem_reserve[]: 0 0 9123
HighMem free:496kB min:512kB low:1736kB high:2960kB active:955576kB inactive:192476kB present:1167812kB pages_scanned:6382884 all_unreclaimable? yes
lowmem_reserve[]: 0 0 0
DMA: 1*4kB 1*8kB 2*16kB 1*32kB 1*64kB 0*128kB 1*256kB 1*512kB 1*1024kB 1*2048kB 1*4096kB = 8076kB
Normal: 1*4kB 29*8kB 2*16kB 1*32kB 1*64kB 33*128kB 7*256kB 0*512kB 1*1024kB 0*2048kB 8*4096kB = 40172kB
HighMem: 30*4kB 11*8kB 2*16kB 6*32kB 1*64kB 0*128kB 0*256kB 0*512kB 0*1024kB 0*2048kB 0*4096kB = 496kB
Swap cache: add 12997, delete 12997, find 2677/3555, race 0+1
Free swap  = 0kB
Total swap = 8024kB
make invoked oom-killer: gfp_mask=0x201d2, order=0, oomkilladj=0
 [<c0147386>] out_of_memory+0x70/0xf6
 [<c01484c4>] __alloc_pages+0x21b/0x2a8
 [<f884dc82>] do_get_write_access+0x49d/0x4bc [jbd]
 [<c0332ba9>] out_of_line_wait_on_bit+0x6f/0x77
 [<c0149f29>] __do_page_cache_readahead+0xc8/0x13a
 [<c014535b>] filemap_nopage+0x164/0x30d
 [<c0150c7d>] do_no_page+0x91/0x2fb
 [<c0151201>] __handle_mm_fault+0x151/0x2bc
 [<c0115990>] do_page_fault+0x2a3/0x5f7
 [<c016b255>] filldir64+0x0/0xc5
 [<c0332d4e>] __mutex_unlock_slowpath+0x26/0x2f
 [<c01156ed>] do_page_fault+0x0/0x5f7
 [<c03336c4>] error_code+0x7c/0x84
 =======================
DMA per-cpu:
CPU    0: Hot: hi:    0, btch:   1 usd:   0   Cold: hi:    0, btch:   1 usd:   0
CPU    1: Hot: hi:    0, btch:   1 usd:   0   Cold: hi:    0, page_referenced+0x2f/0x68
 [<c014bc84>] shrink_active_list+0x16a/0x3c5
 [<c014bf90>] shrink_zone+0xb1/0xed
 [<c014c039>] shrink_zones+0x6d/0x89
 [<c014c136>] try_to_free_pages+0xe1/0x1c1
 [<c0148447>] __alloc_pages+0x19e/0x2a8
 [<c0149f29>] __do_page_cache_readahead+0xc8/0x13a
 [<c014535b>] filemap_nopage+0x164/0x30d
 [<c0150c7d>] do_no_page+0x91/0x2fb
 [<c0160986>] do_sync_read+0xbf/0xfc
 [<c01d14e9>] copy_to_user+0x42/0x4a
 [<c0151201>] __handle_mm_fault+0x151/0x2bc
 [<c0115990>] do_page_fault+0x2a3/0x5f7
 [<c0160d64>] sys_read+0x41/0x67
 [<c01156ed>] do_page_fault+0x0/0x5f7
 [<c03336c4>] error_code+0x7c/0x84
 [<c0330000>] packet_rcv+0xfd/0x2d7
 =======================
BUG: soft lockup detected on CPU#2!
 [<c0141387>] softlockup_tick+0xa2/0xb3
 [<c0125ca0>] update_process_times+0x3b/0x5e
 [<c0133200>] tick_periodic+0x63/0x6d
 [<c0133220>] tick_handle_periodic+0x16/0x65
 [<c0110caa>] local_apic_timer_interrupt+0x4c/0x50
 [<c0110cd0>] smp_apic_timer_interrupt+0x22/0x30
 [<c0103b70>] apic_timer_interrupt+0x28/0x30
 [<c01d007b>] vsnprintf+0xb2/0x4d3
 [<c01d2638>] __spin_lock_debug+0x35/0xa9
 [<c01d26ff>] _raw_spin_lock+0x53/0x67
 [<c0154f30>] page_lock_anon_vma+0x19/0x21
 [<c0155153>] page_referenced_anon+0xe/0x5d
 [<c015526a>] page_referenced+0x2f/0x68
 [<c014bc84>] shrink_active_list+0x16a/0x3c5
 [<c014bf90>] shrink_zone+0xb1/0xed
 [<c014c039>] shrink_zones+0x6d/0x89
 [<c014c136>] try_to_free_pages+0xe1/0x1c1
 [<c0148447>] __alloc_pages+0x19e/0x2a8
 [<c0149f29>] __do_page_cache_readahead+0xc8/0x13a
 [<c014535b>] filemap_nopage+0x164/0x30d
 [<c0150c7d>] do_no_page+0x91/0x2fb
 [<c0160986>] do_sync_read+0xbf/0xfc
 [<c0151201>] __handle_mm_fault+0x151/0x2bc
 [<c0115990>] do_page_fault+0x2a3/0x5f7
 [<c0160d64>] sys_read+0x41/0x67
 [<c01156ed>] do_page_fault+0x0/0x5f7
 [<c03336c4>] error_code+0x7c/0x84
 [<c0330000>] packet_rcv+0xfd/0x2d7
 =======================
BUG: soft lockup detected on CPU#3!
 [<c0141387>] softlockup_tick+0xa2/0xb3
 [<c0125ca0>] update_process_times+0x3b/0x5e
 [<c0133200>] tick_periodic+0x63/0x6d
 [<c0133220>] tick_handle_periodic+0x16/0x65
 [<c0110caa>] local_apic_timer_interrupt+0x4c/0x50
 [<c0110cd0>] smp_apic_timer_interrupt+0x22/0x30
 [<c0103b70>] apic_timer_interrupt+0x28/0x30
 [<c01d0d6d>] delay_tsc+0x9/0x13
 [<c01d0da0>] __delay+0x6/0x7
 [<c01d2646>] __spin_lock_debug+0x43/0xa9
 [<c01d26ff>] _raw_spin_lock+0x53/0x67
 [<c0154f30>] page_lock_anon_vma+0x19/0x21
 [<c0155153>] page_referenced_anon+0xe/0x5d
 [<c015526a>] page_referenced+0x2f/0x68
 [<c014b5b3>] shrink_page_list+0xc2/0x336
 [<c01d0da0>] __delay+0x6/0x7
 [<c01d2646>] __spin_lock_debug+0x43/0xa9
 [<c014b972>] shrink_inactive_list+0xa6/0x24e
 [<c014bfa7>] shrink_zone+0xc8/0xed
 [<c014c039>] shrink_zones+0x6d/0x89
 [<c014c136>] try_to_free_pages+0xe1/0x1c1
 [<c0148447>] __alloc_pages+0x19e/0x2a8
 [<c0149f29>] __do_page_cache_readahead+0xc8/0x13a
 [<c014535b>] filemap_nopage+0x164/0x30d
 [<c0150c7d>] do_no_page+0x91/0x2fb
 [<c0151201>] __handle_mm_fault+0x151/0x2bc
ap = 8024kB
make invoked oom-killer: gfp_mask=0x201d2, order=0, oomkilladj=0
 [<c0147386>] out_of_memory+0x70/0xf6
 [<c01484c4>] __alloc_pages+0x21b/0x2a8
 [<c0149f29>] __do_page_cache_readahead+0xc8/0x13a
 [<c014535b>] filemap_nopage+0x164/0x30d
 [<c0150c7d>] do_no_page+0x91/0x2fb
 [<c01d14e9>] copy_to_user+0x42/0x4a
 [<c0151201>] __handle_mm_fault+0x151/0x2bc
 [<c0115990>] do_page_fault+0x2a3/0x5f7
 [<c016395f>] sys_stat64+0x1e/0x23
 [<c01156ed>] do_page_fault+0x0/0x5f7
 [<c03336c4>] error_code+0x7c/0x84
 [<c0330000>] packet_rcv+0xfd/0x2d7
 =======================
DMA per-cpu:
CPU    0: Hot: hi:    0, btch:   1 usd:   0   Cold: hi:    0, btch:   1 usd:   0
CPU    1: Hot: hi:    0, btch:   1 usd:   0   Cold: hi:    0, btch:   1 usd:   0
CPU    2: Hot: hi:    0, btch:   1 usd:   0   Cold: hi:    0, btch:   1 usd:   0
CPU    3: Hot: hi:    0, btch:   1 usd:   0   Cold: hi:    0, btch:   1 usd:   0
Normal per-cpu:
CPU    0: Hot: hi:  186, btch:  31 usd:  69   Cold: hi:   62, btch:  15 usd:  57
CPU    1: Hot: hi:  186, btch:  31 usd: 156   Cold: hi:   62, btch:  15 usd:  14
CPU    2: Hot: hi:  186, btch:  31 usd: 143   Cold: hi:   62, btch:  15 usd:  57
CPU    3: Hot: hi:  186, btch:  31 usd: 151   Cold: hi:   62, btch:  15 usd:  52
HighMem per-cpu:
CPU    0: Hot: hi:  186, btch:  31 usd: 105   Cold: hi:   62, btch:  15 usd:  52
CPU    1: Hot: hi:  186, btch:  31 usd:  96   Cold: hi:   62, btch:  15 usd:  42
CPU    2: Hot: hi:  186, btch:  31 usd: 113   Cold: hi:   62, btch:  15 usd:  50
CPU    3: Hot: hi:  186, btch:  31 usd: 165   Cold: hi:   62, btch:  15 usd:  60
Active:350050 inactive:115055 dirty:0 writeback:0 unstable:0
 free:12186 slab:14420 mapped:31 pagetables:10516 bounce:0
DMA free:8076kB min:68kB low:84kB high:100kB active:2544kB inactive:1668kB present:16224kB pages_scanned:174026 all_unreclaimable? yes
lowmem_reserve[]: 0 871 2011
Normal free:40172kB min:3740kB low:4672kB high:5608kB active:353848kB inactive:352136kB present:892320kB pages_scanned:3439427 all_unreclaimable? yes
lowmem_reserve[]: 0 0 9123
HighMem free:496kB min:512kB low:1736kB high:2960kB active:1043808kB inactive:106416kB present:1167812kB pages_scanned:6788695 all_unreclaimable? yes
lowmem_reserve[]: 0 0 0
DMA: 1*4kB 1*8kB 2*16kB 1*32kB 1*64kB 0*128kB 1*256kB 1*512kB 1*1024kB 1*2048kB 1*4096kB = 8076kB
Normal: 1*4kB 26*8kB 2*16kB 1*32kB 1*64kB 33*128kB 7*256kB 0*512kB 1*1024kB 0*2048kB 8*4096kB = 40148kB
HighMem: 30*4kB 11*8kB 2*16kB 6*32kB 1*64kB 0*128kB 0*256kB 0*512kB 0*1024kB 0*2048kB 0*4096kB = 496kB
Swap cache: add 12997, delete 12997, find 2677/3555, race 0+1
Free swap  = 0kB
Total swap = 8024kB
sh invoked oom-killer: gfp_mask=0x201d2, order=0, oomkilladj=0
 [<c0147386>] out_of_memory+0x70/0xf6
 [<c01484c4>] __alloc_pages+0x21b/0x2a8
 [<c0149f29>] __do_page_cache_readahead+0xc8/0x13a
 [<c014535b>] filemap_nopage+0x164/0x30d
 [<c0150c7d>] do_no_page+0x91/0x2fb
 [<c0151201>] __handle_mm_fault+0x151/0x2bc
 [<c01521d2>] vma_link+0xc1/0xcb
 [<c0115990>] do_page_fault+0x2a3/0x5f7
 [<cpu:
CPU    0: Hot: hi:  186, btch:  31 usd:  69   Cold: hi:   62, btch:  15 usd:  57
CPU    1: Hot: hi:  186, btch:  31 usd: 156   Cold: hi:   62, btch:  15 usd:  14
CPU    2: Hot: hi:  186, btch:  31 usd: 143   Cold: hi:   62, btch:  15 usd:  57
CPU    3: Hot: hi:  186, btch:  31 usd: 151   Cold: hi:   62, btch:  15 usd:  52
HighMem per-cpu:
CPU    0: Hot: hi:  186, btch:  31 usd: 105   Cold: hi:   62, btch:  15 usd:  52
CPU    1: Hot: hi:  186, btch:  31 usd:  96   Cold: hi:   62, btch:  15 usd:  42
CPU    2: Hot: hi:  186, btch:  31 usd: 113   Cold: hi:   62, btch:  15 usd:  50
CPU    3: Hot: hi:  186, btch:  31 usd: 165   Cold: hi:   62, btch:  15 usd:  60
Active:377277 inactive:88433 dirty:0 writeback:0 unstable:0
 free:12180 slab:14426 mapped:31 pagetables:10516 bounce:0
DMA free:8076kB min:68kB low:84kB high:100kB active:2544kB inactive:1668kB present:16224kB pages_scanned:174026 all_unreclaimable? yes
lowmem_reserve[]: 0 871 2011
Normal free:40148kB min:3740kB low:4672kB high:5608kB active:354180kB inactive:351996kB present:892320kB pages_scanned:3452871 all_unreclaimable? yes
lowmem_reserve[]: 0 0 9123
HighMem free:496kB min:512kB low:1736kB high:2960kB active:1152384kB inactive:68kB present:1167812kB pages_scanned:7351918 all_unreclaimable? yes
lowmem_reserve[]: 0 0 0
DMA: 1*4kB 1*8kB 2*16kB 1*32kB 1*64kB 0*128kB 1*256kB 1*512kB 1*1024kB 1*2048kB 1*4096kB = 8076kB
Normal: 1*4kB 26*8kB 2*16kB 1*32kB 1*64kB 33*128kB 7*256kB 0*512kB 1*1024kB 0*2048kB 8*4096kB = 40148kB
HighMem: 30*4kB 11*8kB 2*16kB 6*32kB 1*64kB 0*128kB 0*256kB 0*512kB 0*1024kB 0*2048kB 0*4096kB = 496kB
Swap cache: add 12997, delete 12997, find 2677/3555, race 0+1
Free swap  = 0kB
Total swap = 8024kB
 [<c0330000>] packet_rcv+0xfd/0x2d7
 =======================
DMA per-cpu:
CPU    0: Hot: hi:    0, btch:   1 usd:   0   Cold: hi:    0, btch:   1 usd:   0
CPU    1: Hot: hi:    0, btch:   1 usd:   0   Cold: hi:    0, btch:   1 usd:   0
CPU    2: Hot: hi:    0, btch:   1 usd:   0   Cold: hi:    0, btch:   1 usd:   0
CPU    3: Hot: hi:    0, btch:   1 usd:   0   Cold: hi:    0, btch:   1 usd:   0
Normal per-cpu:
CPU    0: Hot: hi:  186, btch:  31 usd:  69   Cold: hi:   62, btch:  15 usd:  57
CPU    1: Hot: hi:  186, btch:  31 usd: 156   Cold: hi:   62, btch:  15 usd:  14
CPU    2: Hot: hi:  186, btch:  31 usd: 143   Cold: hi:   62, btch:  15 usd:  57
CPU    3: Hot: hi:  186, btch:  31 usd: 151   Cold: hi:   62, btch:  15 usd:  52
HighMem per-cpu:
CPU    0: Hot: hi:  186, btch:  31 usd: 105   Cold: hi:   62, btch:  15 usd:  52
CPU    1: Hot: hi:  186, btch:  31 usd:  96   Cold: hi:   62, btch:  15 usd:  42
CPU    2: Hot: hi:  186, btch:  31 usd: 113   Cold: hi:   62, btch:  15 usd:  51
CPU    3: Hot: hi:  186, btch:  31 usd: 165   Cold: hi:   62, btch:  15 usd:  60
Active:226203 inactive:240601 dirty:0 writeback:0 unstable:0
 free:12180 slab:14426 mapped:32 pagetables:10516 bounce:0
DMA free:8076kB min:68kB low:84kB high:100kB active:2544kB inactive:1668kB present:16224kB pages_scanned:174026 all_unreclaimaprintk: 252 messages suppressed.
cc1 invoked oom-killer: gfp_mask=0x201d2, order=0, oomkilladj=0
 [<c0147386>] out_of_memory+0x70/0xf6
 [<c01484c4>] __alloc_pages+0x21b/0x2a8
 [<c0149f29>] __do_page_cache_readahead+0xc8/0x13a
 [<c014535b>] filemap_nopage+0x164/0x30d
 [<c0150c7d>] do_no_page+0x91/0x2fb
 [<c0160986>] do_sync_read+0xbf/0xfc
 [<c0151201>] __handle_mm_fault+0x151/0x2bc
 [<c0115990>] do_page_fault+0x2a3/0x5f7
 [<c0160d64>] sys_read+0x41/0x67
 [<c01156ed>] do_page_fault+0x0/0x5f7
 [<c03336c4>] error_code+0x7c/0x84
 [<c0330000>] packet_rcv+0xfd/0x2d7
 =======================
DMA per-cpu:
CPU    0: Hot: hi:    0, btch:   1 usd:   0   Cold: hi:    0, btch:   1 usd:   0
CPU    1: Hot: hi:    0, btch:   1 usd:   0   Cold: hi:    0, btch:   1 usd:   0
CPU    2: Hot: hi:    0, btch:   1 usd:   0   Cold: hi:    0, btch:   1 usd:   0
CPU    3: Hot: hi:    0, btch:   1 usd:   0   Cold: hi:    0, btch:   1 usd:   0
Normal per-cpu:
CPU    0: Hot: hi:  186, btch:  31 usd:  69   Cold: hi:   62, btch:  15 usd:  50
CPU    1: Hot: hi:  186, btch:  31 usd: 177   Cold: hi:   62, btch:  15 usd:  14
CPU    2: Hot: hi:  186, btch:  31 usd: 149   Cold: hi:   62, btch:  15 usd:  60
CPU    3: Hot: hi:  186, btch:  31 usd: 179   Cold: hi:   62, btch:  15 usd:  52
HighMem per-cpu:
CPU    0: Hot: hi:  186, btch:  31 usd: 105   Cold: hi:   62, btch:  15 usd:  58
CPU    1: Hot: hi:  186, btch:  31 usd:  96   Cold: hi:   62, btch:  15 usd:  18
CPU    2: Hot: hi:  186, btch:  31 usd: 155   Cold: hi:   62, btch:  15 usd:  50
CPU    3: Hot: hi:  186, btch:  31 usd: 183   Cold: hi:   62, btch:  15 usd:  59
Active:178947 inactive:286628 dirty:0 writeback:0 unstable:0
 free:12182 slab:14399 mapped:33 pagetables:10504 bounce:0
DMA free:8076kB min:68kB low:84kB high:100kB active:2676kB inactive:1520kB present:16224kB pages_scanned:174890 all_unreclaimable? yes
lowmem_reserve[]: 0 871 2011
Normal free:40208kB min:3740kB low:4672kB high:5608kB active:355344kB inactive:361384kB present:892320kB pages_scanned:1964821 all_unreclaimable? yes
lowmem_reserve[]: 0 0 9123
HighMem free:444kB min:512kB low:1736kB high:2960kB active:357768kB inactive:783608kB present:1167812kB pages_scanned:2084885 all_unreclaimable? yes
lowmem_reserve[]: 0 0 0
DMA: 1*4kB 1*8kB 2*16kB 1*32kB 1*64kB 0*128kB 1*256kB 1*512kB 1*1024kB 1*2048kB 1*4096kB = 8076kB
Normal: 16*4kB 26*8kB 2*16kB 1*32kB 1*64kB 33*128kB 7*256kB 0*512kB 1*1024kB 0*2048kB 8*4096kB = 40208kB
HighMem: 31*4kB 17*8kB 3*16kB 6*32kB 1*64kB 0*128kB 0*256kB 0*512kB 0*1024kB 0*2048kB 0*4096kB = 564kB
Swap cache: add 12997, delete 12997, find 2677/3555, race 0+1
Free swap  = 0kB
Total swap = 8024kB
Out of memory: kill process 27480 (make) score 1807 or a child
Killed process 29017 (sh)
cc1 invoked oom-killer: gfp_mask=0x280d2, order=0, oomkilladj=0
 [<c0147386>] out_of_memory+0x70/0xf6
 [<c01484c4>] __alloc_pages+0x21b/0x2a8
 [<c0150a47>] do_anonymous_page+0x3e/0x1e3
Out of memory: kill process 27480 (make) score 1772 or a child
Killed process 29019 (sh)
 [<c0151251>] __handle_mm_fault+0x1a1/0x2bc
 [<c0115990>] do_page_fault+0x2a3/0x5f7
 [<c016ee9f>] dput+0x98/0x131
 [<c0173168>] mntput_no_expire+0x11/0x6e
 [<c0160424>] sys_close+0x5b/0x95
 [<c01156ed>] do_page_fault+0x0/0x5f7
 [<c03336c4>] error_code+0x7c/0x84
 [<c0330000>] packet_rcv+0xfd/0x2d7
 =======================
DMA per-cpu:
CPU    0: Hot: hi:    0, btch:   1 usd:   0   Cold: hi:    0, btch:   1 usd:   0
CPU    1: Hot: hi:    0, btch:   1 usd:   0   Cold: hi:    0, btch:   1 usd:   0
CPU    2: Hot: hi:    0, btch:   1 usd:   0   Cold: hi:    0, btch:   1 usd:   0
CPU    3: Hot: hi:    0, btch:   1 usd:   0   Cold: hi:    0, btch:   1 usd:   0
Normal per-cpu:
CPU    0: Hot: hi:  186, btch:  31 usd:  67   Cold: hi:   62, btch:  15 usd:  52
CPU    1: Hot: hi:  186, btch:  31 usd: 177   Cold: hi:   62, btch:  15 usd:  14
CPU    2: Hot: hi:  186, btch:  31 usd: 161   Cold: hi:   62, btch:  15 usd:  60
CPU    3: Hot: hi:  186, btch:  31 usd: 179   Cold: hi:   62, btch:  15 usd:  52
HighMem per-cpu:
CPU    0: Hot: hi:  186, btch:  31 usd: 105   Cold: hi:   62, btch:  15 usd:  29
CPU    1: Hot: hi:  186, btch:  31 usd:  97   Cold: hi:   62, btch:  15 usd:  12
CPU    2: Hot: hi:  186, btch:  31 usd: 174   Cold: hi:   62, btch:  15 usd:  16
CPU    3: Hot: hi:  186, btch:  31 usd: 183   Cold: hi:   62, btch:  15 usd:  59
Active:346643 inactive:119697 dirty:0 writeback:0 unstable:0
 free:12381 slab:14401 mapped:33 pagetables:10492 bounce:0
DMA free:8076kB min:68kB low:84kB high:100kB active:2564kB inactive:1648kB present:16224kB pages_scanned:174922 all_unreclaimable? yes
lowmem_reserve[]: 0 871 2011
Normal free:40208kB min:3740kB low:4672kB high:5608kB active:349352kB inactive:368572kB present:892320kB pages_scanned:2999346 all_unreclaimable? yes
lowmem_reserve[]: 0 0 9123
HighMem free:1240kB min:512kB low:1736kB high:2960kB active:164560kB inactive:978468kB present:1167812kB pages_scanned:1041090 all_unreclaimable? no
lowmem_reserve[]: 0 0 0
DMA: 1*4kB 1*8kB 2*16kB 1*32kB 1*64kB 0*128kB 1*256kB 1*512kB 1*1024kB 1*2048kB 1*4096kB = 8076kB
Normal: 16*4kB 26*8kB 2*16kB 1*32kB 1*64kB 33*128kB 7*256kB 0*512kB 1*1024kB 0*2048kB 8*4096kB = 40208kB
HighMem: 171*4kB 24*8kB 3*16kB 6*32kB 1*64kB 0*128kB 0*256kB 0*512kB 0*1024kB 0*2048kB 0*4096kB = 1180kB
Swap cache: add 12997, delete 12997, find 2677/3555, race 0+1
Free swap  = 0kB
Total swap = 8024kB
Out of memory: kill process 27480 (make) score 1738 or a child
Killed process 29021 (sh)
printk: 5 messages suppressed.
cc1 invoked oom-killer: gfp_mask=0x280d2, order=0, oomkilladj=0
 [<c0147386>] out_of_memory+0x70/0xf6
 [<c01484c4>] __alloc_pages+0x21b/0x2a8
 [<c0150a47>] do_anonymous_page+0x3e/0x1e3
 [<c0151251>] __handle_mm_fault+0x1a1/0x2bc
 [<c0115990>] do_page_fault+0x2a3/0x5f7
 [<c016ee33>] dput+0x2c/0x131
 [<c0173168>] mntput_no_expire+0x11/0x6e
 [<c0160424>] sys_close+0x5b/0x95
 [<c01156ed>] do_page_fault+0x0/0x5f7
 [<c03336c4>] error_code+0x7c/0x84
 [<c0330000>] packet_rcv+0xfd/0x2d7
 =======================
DMA per-cpu:
CPU    0: Hot: hi:    0, btch:   1 usd:   0   Cold: hi:    0, btch:   1 usd:   0
CPU    1: Hot: hi:    0, btch:   1 usd:   0   Cold: hi:    0, btch:   1 usd:   0
CPU    2: Hot: hi:    0, btch:   1 usd:   0   Cold: hi:    0, btch:   1 usd:   0
CPU    3: Hot: hi:    0, btch:   1 usd:   0   Cold: hi:    0, btch:   1 usd:   0
Normal per-cpu:
CPU    0: Hot: hi:  186, btch:  31 usd:  63   Cold: hi:   62, btch:  15 usd:  52
CPU    1: Hot: hi:  186, btch:  31 usd: 167   Cold: hi:   62, btch:  15 usd:  16
CPU    2: Hot: hi:  186, btch:  31 usd: 166   Cold: hi:   62, btch:  15 usd:  61
CPU    3: Hot: hi:  186, btch:  31 usd: 179   Cold: hi:   62, btch:  15 usd:  53
HighMem per-cpu:
CPU    0: Hot: hi:  186, btch:  31 usd: 104   Cold: hi:   62, btch:  15 usd:  16
CPU    1: Hot: hi:  186, btch:  31 usd:  95   Cold: hi:   62, btch:  15 usd:  56
CPU    2: Hot: hi:  186, btch:  31 usd: 185   Cold: hi:   62, btch:  15 usd:  55
CPU    3: Hot: hi:  186, btch:  31 usd: 180   Cold: hi:   62, btch:  15 usd:  40
Active:239538 inactive:226839 dirty:0 writeback:0 unstable:0
 free:12369 slab:14384 mapped:37 pagetables:10486 bounce:0
DMA free:8076kB min:68kB low:84kB high:100kB active:2564kB inactive:1648kB present:16224kB pages_scanned:174922 all_unreclaimable? yes
lowmem_reserve[]: 0 871 2011
Normal free:40332kB min:3740kB low:4672kB high:5608kB active:343120kB inactive:373424kB present:892320kB pages_scanned:1617263 all_unreclaimable? yes
lowmem_reserve[]: 0 0 9123
HighMem free:1068kB min:512kB low:1736kB high:2960kB active:656756kB inactive:487112kB present:1167812kB pages_scanned:151776 all_unreclaimable? no
lowmem_reserve[]: 0 0 0
DMA: 1*4kB 1*8kB 2*16kB 1*32kB 1*64kB 0*128kB 1*256kB 1*512kB 1*1024kB 1*2048kB 1*4096kB = 8076kB
Normal: 43*4kB 28*8kB 2*16kB 1*32kB 1*64kB 33*128kB 7*256kB 0*512kB 1*1024kB 0*2048kB 8*4096kB = 40332kB
HighMem: 153*4kB 27*8kB 3*16kB 6*32kB 1*64kB 0*128kB 0*256kB 0*512kB 0*1024kB 0*2048kB 0*4096kB = 1132kB
Swap cache: add 12997, delete 12997, find 2677/3555, race 0+1
Free swap  = 0kB
Total swap = 8024kB
Out of memory: kill process 27480 (make) score 1704 or a child
Killed process 29023 (sh)
-- 0:conmux-control -- time-stamp -- Aug/22/07 12:59:03 --
printk: 2 messages suppressed.
cc1 invoked oom-killer: gfp_mask=0x201d2, order=0, oomkilladj=0
 [<c0147386>] out_of_memory+0x70/0xf6
sh invoked oom-killer: gfp_mask=0x201d2, order=0, oomkilladj=0
 [<c0147386>] out_of_memory+0x70/0xf6
 [<c01484c4>] __alloc_pages+0x21b/0x2a8
 [<c0149f29>] __do_page_cache_readahead+0xc8/0x13a
 [<c014535b>] filemap_nopage+0x164/0x30d
 [<c0150c7d>] do_no_page+0x91/0x2fb
 [<c0151201>] __handle_mm_fault+0x151/0x2bc
 [<c0115990>] do_page_fault+0x2a3/0x5f7
 [<c0128b69>] sys_rt_sigaction+0x73/0x88
 [<c0120e2c>] sys_waitpid+0x27/0x2b
 [<c01156ed>] do_page_fault+0x0/0x5f7
 [<c03336c4>] error_code+0x7c/0x84
 [<c0330000>] packet_rcv+0xfd/0x2d7
 =======================
DMA per-cpu:
CPU    0: Hot: hi:    0, btch:   1 usd:   0   Cold: hi:    0, btch:   1 usd:   0
CPU    1: Hot: hi:    0, btch:   1 usd:   0   Cold: hi:    0, btch:   1 usd:   0
CPU    2: Hot: hi:    0, btch:   1 usd:   0   Cold: hi:    0, btch:   1 usd:   0
CPU    3: Hot: hi:    0, btch:   1 usd:   0   Cold: hi:    0, btch:   1 usd:   0
Normal per-cpu:
CPU    0: Hot: hi:  186, btch:  31 usd:   4   Cold: hi:   62, btch:  15 usd:  53
CPU    1: Hot: hi:  186, btch:  31 usd: 119   Cold: hi:   62, btch:  15 usd:  49
CPU    2: Hot: hi:  186, btch:  31 usd:   9   Cold: hi:   62, btch:  15 usd:  14
CPU    3: Hot: hi:  186, btch:  31 usd: 146   Cold: hi:   62, btch:  15 usd:  18
HighMem per-cpu:
CPU    0: Hot: hi:  186, btch:  31 usd:  23   Cold: hi:   62, btch:  15 usd:  53
CPU    1: Hot: hi:  186, btch:  31 usd:   2   Cold: hi:   62, btch:  15 usd:  61
CPU    2: Hot: hi:  186, btch:  31 usd:  37   Cold: hi:   62, btch:  15 usd:  53
CPU    3: Hot: hi:  186, btch:  31 usd: 156   Cold: hi:   62, btch:  15 usd:  56
Active:231903 inactive:231595 dirty:0 writeback:0 unstable:0
 free:12187 slab:20552 mapped:14 pagetables:15267 bounce:0
DMA free:8104kB min:68kB low:84kB high:100kB active:2616kB inactive:1568kB present:16224kB pages_scanned:6953 all_unreclaimable? yes
lowmem_reserve[]: 0 871 2011
Normal free:40160kB min:3740kB low:4672kB high:5608kB active:341460kB inactive:341268kB present:892320kB pages_scanned:1312337 all_unreclaimable? yes
lowmem_reserve[]: 0 0 9123
HighMem free:484kB min:512kB low:1736kB high:2960kB active:583536kB inactive:583544kB present:1167812kB pages_scanned:1990481 all_unreclaimable? yes
lowmem_reserve[]: 0 0 0
DMA: 4*4kB 5*8kB 1*16kB 1*32kB 1*64kB 0*128kB 1*256kB 1*512kB 1*1024kB 1*2048kB 1*4096kB = 8104kB
Normal: 7*4kB 4*8kB 1*16kB 0*32kB 2*64kB 0*128kB 12*256kB 4*512kB 2*1024kB 0*2048kB 8*4096kB = 40140kB
HighMem: 60*4kB 16*8kB 1*16kB 1*32kB 0*64kB 1*128kB 0*256kB 0*512kB 0*1024kB 0*2048kB 0*4096kB = 544kB
Swap cache: add 15781, delete 15781, find 2894/4019, race 0+1
Free swap  = 0kB
Total swap = 8024kB
as invoked oom-killer: gfp_mask=0x201d2, order=0, oomkilladj=0
 [<c0147386>] out_of_memory+0x70/0xf6
 [<c01484c4>] __alloc_pages+0x21b/0x2a8
 [<c0149f29>] __do_page_cache_readahead+0xc8/0x13a
 [<c014535b>] filemap_nopage+0x164/0x30d
 [<c0150c7d>] do_no_page+0x91/0x2fb
 [<c0168243>] may_open+0x4e/0x21a
 [<c0151201>] __handle_mm_fault+0x151/0x2bc
 [<c016001c>] do_filp_open+0x32/0x39
 [<c0115990>] do_page_fault+0x2a3/0x5f7
 [<c01156ed>] do_page_fault+0x0/0x5f7
 [<c03336c4>] error_code+0x7c/0x84
 [<c0330000>] packet_rcv+0xfd/0x2d7
 =======================
DMA per-cpu:
CPU    0: Hot: hi:    0, btch:   1 usd:   0   Cold: hi:    0, btch:   1 usd:   0
CPU    1: Hot: hi:    0, btch:   1 usd:   0   Cold: hi:    0, btch:   1 usd:   0
CPU    2: Hot: hi:    0, btch:   1 usd:   0   Cold: hi:    0, btch:   1 usd:   0
CPU    3: Hot: hi:    0, btch:   1 usd:   0   Cold: hi:    0, btch:   1 usd:   0
Normal per-cpu:
CPU    0: Hot: hi:  186, btch:  31 usd:   4   Cold: hi:   62, btch:  15 usd:  53
CPU    1: Hot: hi:  186, btch:  31 usd: 119   Cold: hi:   62, btch:  15 usd:  49
CPU    2: Hot: hi:  186, btch:  31 usd:   9   Cold: hi:   62, btch:  15 usd:  14
CPU    3: Hot: hi:  186, btch:  31 usd: 146   Cold: hi:   62, btch:  15 usd:  18
HighMem per-cpu:
CPU    0: Hot: hi:  186, btch:  31 usd:  23   Cold: hi:   62, btch:  15 usd:  53
CPU    1: Hot: hi:  186, btch:  31 usd:   2   Cold: hi:   62, btch:  15 usd:  61
CPU    2: Hot: hi:  186, btch:  31 usd:  37   Cold: hi:   62, btch:  15 usd:  53
CPU    3: Hot: hi:  186, btch:  31 usd: 156   Cold: hi:   62, btch:  15 usd:  56
Active:230659 inactive:232843 dirty:0 writeback:0 unstable:0
 free:12187 slab:20552 mapped:14 pagetables:15267 bounce:0
DMA free:8104kB min:68kB low:84kB high:100kB active:2616kB inactive:1568kB present:16224kB pages_scanned:6953 all_unreclaimable? yes
lowmem_reserve[]: 0 871 2011
Normal free:40160kB min:3740kB low:4672kB high:5608kB active:341460kB inactive:341268kB present:892320kB pages_scanned:1312337 all_unreclaimable? yes
lowmem_reserve[]: 0 0 9123
HighMem free:484kB min:512kB low:1736kB high:2960kB active:578560kB inactive:588536kB present:1167812kB pages_scanned:1997848 all_unreclaimable? yes
lowmem_reserve[]: 0 0 0
DMA: 4*4kB 5*8kB 1*16kB 1*32kB 1*64kB 0*128kB 1*256kB 1*512kB 1*1024kB 1*2048kB 1*4096kB = 8104kB
Normal: 7*4kB 4*8kB 1*16kB 0*32kB 2*64kB 0*128kB 12*256kB 4*512kB 2*1024kB 0*2048kB 8*4096kB = 40140kB
HighMem: 60*4kB 16*8kB 1*16kB 1*32kB 0*64kB 1*128kB 0*256kB 0*512kB 0*1024kB 0*2048kB 0*4096kB = 544kB
Swap cache: add 15781, delete 15781, find 2894/4019, race 0+1
Free swap  = 0kB
Total swap = 8024kB
Out of memory: kill process 27293 (make) score 1978 or a child
Killed process 28323 (sh)
cc1 invoked oom-killer: gfp_mask=0x201d2, order=0, oomkilladj=0
 [<c0147386>] out_of_memory+0x70/0xf6
 [<c01484c4>] __alloc_pages+0x21b/0x2a8
 [<c0149f29>] __do_page_cache_readahead+0xc8/0x13a
 [<c014535b>] filemap_nopage+0x164/0x30d
 [<c0150c7d>] do_no_page+0x91/0x2fb
 [<c0151201>] __handle_mm_fault+0x151/0x2bc
 [<c0115990>] do_page_fault+0x2a3/0x5f7
 [<c016ee33>] dput+0x2c/0x131
 [<c0173168>] mntput_no_expire+0x11/0x6e
 [<c0160424>] sys_close+0x5b/0x95
 [<c01156ed>] do_page_fault+0x0/0x5f7
 [<c03336c4>] error_code+0x7c/0x84
 [<c0330000>] packet_rcv+0xfd/0x2d7
 =======================
DMA per-cpu:
CPU    0: Hot: hi:    0, btch:   1 usd:   0   Cold: hi:    0, btch:   1 usd:   0
CPU    1: Hot: hi:    0, btch:   1 usd:   0   Cold: hi:    0, btch:   1 usd:   0
CPU    2: Hot: hi:    0, btch:   1 usd:   0   Cold: hi:    0, btch:   1 usd:   0
CPU    3: Hot: hi:    0, btch:   1 usd:   0   Cold: hi:    0, btch:   1 usd:   0
Normal per-cpu:
CPU    0: Hot: hi:  186, btch:  31 usd:   4   Cold: hi:   62, btch:  15 usd:  53
CPU    1: Hot: hi:  186, btch:  31 usd: 119   Cold: hi:   62, btch:  15 usd:  49
CPU    2: Hot: hi:  186, btch:  31 usd:   9   Cold: hi:   62, btch:  15 usd:  14
CPU    3: Hot: hi:  186, btch:  31 usd: 146   Cold: hi:   62, btch:  15 usd:  18
HighMem per-cpu:
CPU    0: Hot: hi:  186, btch:  31 usd:  23   Cold: hi:   62, btch:  15 usd:  53
CPU    1: Hot: hi:  186, btch:  31 usd:   2   Cold: hi:   62, btch:  15 usd:  61
CPU    2: Hot: hi:  186, btch:  31 usd:  37   Cold: hi:   62, btch:  15 usd:  53
CPU    3: Hot: hi:  186, btch:  31 usd: 156   Cold: hi:   62, btch:  15 usd:  56
Active:230659 inactive:232843 dirty:0 writeback:0 unstable:0
 free:12187 slab:20552 mapped:14 pagetables:15267 bounce:0
DMA free:8104kB min:68kB low:84kB high:100kB active:2616kB inactive:1568kB present:16224kB pages_scanned:6953 all_unreclaimable? yes
lowmem_reserve[]: 0 871 2011
Normal free:40160kB min:3740kB low:4672kB high:5608kB active:341460kB inactive:341268kB present:892320kB pages_scanned:1312337 all_unreclaimable? yes
lowmem_reserve[]: 0 0 9123
HighMem free:484kB min:512kB low:1736kB high:2960kB active:578560kB inactive:588536kB present:1167812kB pages_scanned:2003960 all_unreclaimable? yes
lowmem_reserve[]: 0 0 0
DMA: 4*4kB 5*8kB 1*16kB 1*32kB 1*64kB 0*128kB 1*256kB 1*512kB 1*1024kB 1*2048kB 1*4096kB = 8104kB
Normal: 7*4kB 4*8kB 1*16kB 0*32kB 2*64kB 0*128kB 12*256kB 4*512kB 2*1024kB 0*2048kB 8*4096kB = 40140kB
HighMem: 60*4kB 16*8kB 1*16kB 1*32kB 0*64kB 1*128kB 0*256kB 0*512kB 0*1024kB 0*2048kB 0*4096kB = 544kB
Swap cache: add 15781, delete c03336c4>] error_code+0x7c/0x84
 [<c0330000>] packet_rcv+0xfd/0x2d7
 =======================
DMA per-cpu:
CPU    0: Hot: hi:    0, btch:   1 usd:   0   Cold: hi:    0, btch:   1 usd:   0
CPU    1: Hot: hi:    0, btch:   1 usd:   0   Cold: hi:    0, btch:   1 usd:   0
CPU    2: Hot: hi:    0, btch:   1 usd:   0   Cold: hi:    0, btch:   1 usd:   0
CPU    3: Hot: hi:    0, btch:   1 usd:   0   Cold: hi:    0, btch:   1 usd:   0
Normal per-cpu:
CPU    0: Hot: hi:  186, btch:  31 usd:   4   Cold: hi:   62, btch:  15 usd:  53
CPU    1: Hot: hi:  186, btch:  31 usd: 119   Cold: hi:   62, btch:  15 usd:  49
CPU    2: Hot: hi:  186, btch:  31 usd:   9   Cold: hi:   62, btch:  15 usd:  14
CPU    3: Hot: hi:  186, btch:  31 usd: 146   Cold: hi:   62, btch:  15 usd:  18
HighMem per-cpu:
CPU    0: Hot: hi:  186, btch:  31 usd:  23   Cold: hi:   62, btch:  15 usd:  53
CPU    1: Hot: hi:  186, btch:  31 usd:   2   Cold: hi:   62, btch:  15 usd:  61
CPU    2: Hot: hi:  186, btch:  31 usd:  37   Cold: hi:   62, btch:  15 usd:  53
CPU    3: Hot: hi:  186, btch:  31 usd: 156   Cold: hi:   62, btch:  15 usd:  56
Active:230659 inactive:232873 dirty:0 writeback:0 unstable:0
 free:12187 slab:20552 mapped:14 pagetables:15267 bounce:0
DMA free:8104kB min:68kB low:84kB high:100kB active:2616kB inactive:1568kB present:16224kB pages_scanned:6953 all_unreclaimable? yes
lowmem_reserve[]: 0 871 2011
Normal free:40160kB min:3740kB low:4672kB high:5608kB active:341460kB inactive:341276kB present:892320kB pages_scanned:1318065 all_unreclaimable? yes
lowmem_reserve[]: 0 0 9123
HighMem free:484kB min:512kB low:1736kB high:2960kB active:578560kB inactive:588536kB present:1167812kB pages_scanned:2011064 all_unreclaimable? yes
lowmem_reserve[]: 0 0 0
DMA: 4*4kB 5*8kB 1*16kB 1*32kB 1*64kB 0*128kB 1*256kB 1*512kB 1*1024kB 1*2048kB 1*4096kB = 8104kB
Normal: 7*4kB 4*8kB 1*16kB 0*32kB 2*64kB 0*128kB 12*256kB 4*512kB 2*1024kB 0*2048kB 8*4096kB = 40140kB
HighMem: 60*4kB 16*8kB 1*16kB 1*32kB 0*64kB 1*128kB 0*256kB 0*512kB 0*1024kB 0*2048kB 0*4096kB = 544kB
Swap cache: add 15781, delete 15781, find 2894/4019, race 0+1
Free swap  = 0kB
Total swap = 8024kB
cc1 invoked oom-killer: gfp_mask=0x201d2, order=0, oomkilladj=0
 [<c0147386>] out_of_memory+0x70/0xf6
 [<c01484c4>] __alloc_pages+0x21b/0x2a8
 [<c0149f29>] __do_page_cache_readahead+0xc8/0x13a
 [<c014535b>] filemap_nopage+0x164/0x30d
 [<c0150c7d>] do_no_page+0x91/0x2fb
 [<c0151201>] __handle_mm_fault+0x151/0x2bc
 [<c0152734>] vma_merge+0x176/0x184
 [<c0115990>] do_page_fault+0x2a3/0x5f7
 [<c01156ed>] do_page_fault+0x0/0x5f7
 [<c03336c4>] error_code+0x7c/0x84
 [<c0330000>] packet_rcv+0xfd/0x2d7
 =======================
DMA per-cpu:
CPU    0: Hot: hi:    0, btch:   1 usd:   0   Cold: hi:    0, btch:   1 usd:   0
CPU    1: Hot: hi:    0, btch:   1 usd:   0   Cold: hi:    0, btch:   1 usd:   0
CPU    2: Hot: hi:    0, btch:   1 usd:   0   Cold: hi:    0, btch:   1 usd:   0
CPU    3: Hot: hi:    0, btch:   1 usd:   0   Cold: hi:    0, btch:   1 usd:   0
Normal per-cpu:: hi:    0, btch:   1 usd:   0   Cold: hi:    0, btch:   1 usd:   0
Normal per-cpu:
CPU    0: Hot: hi:  186, btch:  31 usd:   4   Cold: hi:   62, btch:  15 usd:  53
CPU    1: Hot: hi:  186, btch:  31 usd: 119   Cold: hi:   62, btch:  15 usd:  49
CPU    2: Hot: hi:  186, btch:  31 usd:   9   Cold: hi:   62, btch:  15 usd:  14
CPU    3: Hot: hi:  186, btch:  31 usd: 146   Cold: hi:   62, btch:  15 usd:  18
HighMem per-cpu:
CPU    0: Hot: hi:  186, btch:  31 usd:  23   Cold: hi:   62, btch:  15 usd:  53
CPU    1: Hot: hi:  186, btch:  31 usd:   2   Cold: hi:   62, btch:  15 usd:  61
CPU    2: Hot: hi:  186, btch:  31 usd:  37   Cold: hi:   62, btch:  15 usd:  53
CPU    3: Hot: hi:  186, btch:  31 usd: 156   Cold: hi:   62, btch:  15 usd:  56
Active:230544 inactive:232975 dirty:0 writeback:0 unstable:0
 free:12187 slab:20552 mapped:14 pagetables:15267 bounce:0
DMA free:8104kB min:68kB low:84kB high:100kB active:2616kB inactive:1568kB present:16224kB pages_scanned:6953 all_unreclaimable? yes
lowmem_reserve[]: 0 871 2011
Normal free:40160kB min:3740kB low:4672kB high:5608kB active:341460kB inactive:341280kB present:892320kB pages_scanned:1323314 all_unreclaimable? yes
lowmem_reserve[]: 0 0 9123
HighMem free:484kB min:512kB low:1736kB high:2960kB active:578100kB inactive:589052kB present:1167812kB pages_scanned:2016913 all_unreclaimable? yes
lowmem_reserve[]: 0 0 0
DMA: 4*4kB 5*8kB 1*16kB 1*32kB 1*64kB 0*128kB 1*256kB 1*512kB 1*1024kB 1*2048kB 1*4096kB = 8104kB
Normal: 7*4kB 4*8kB 1*16kB 0*32kB 2*64kB 0*128kB 12*256kB 4*512kB 2*1024kB 0*2048kB 8*4096kB = 40140kB
HighMem: 60*4kB 16*8kB 1*16kB 1*32kB 0*64kB 1*128kB 0*256kB 0*512kB 0*1024kB 0*2048kB 0*4096kB = 544kB
Swap cache: add 15781, delete 15781, find 2894/4019, race 0+1
Free swap  = 0kB
Total swap = 8024kB
cc1 invoked oom-killer: gfp_mask=0x201d2, order=0, oomkilladj=0
 [<c0147386>] out_of_memory+0x70/0xf6
 [<c01484c4>] __alloc_pages+0x21b/0x2a8
 [<c0149f29>] __do_page_cache_readahead+0xc8/0x13a
 [<c014535b>] filemap_nopage+0x164/0x30d
 [<c0150c7d>] do_no_page+0x91/0x2fb
 [<c0160986>] do_sync_read+0xbf/0xfc
 [<c01d14e9>] copy_to_user+0x42/0x4a
 [<c0151201>] __handle_mm_fault+0x151/0x2bc
 [<c0115990>] do_page_fault+0x2a3/0x5f7
 [<c016ee33>] dput+0x2c/0x131
 [<c0173168>] mntput_no_expire+0x11/0x6e
 [<c0160424>] sys_close+0x5b/0x95
 [<c01156ed>] do_page_fault+0x0/0x5f7
 [<c03336c4>] error_code+0x7c/0x84
 [<c0330000>] packet_rcv+0xfd/0x2d7
 =======================
DMA per-cpu:
CPU    0: Hot: hi:    0, btch:   1 usd:   0   Cold: hi:    0, btch:   1 usd:   0
CPU    1: Hot: hi:    0, btch:   1 usd:   0   Cold: hi:    0, btch:   1 usd:   0
CPU    2: Hot: hi:    0, btch:   1 usd:   0   Cold: hi:    0, btch:   1 usd:   0
CPU    3: Hot: hi:    0, btch:   1 usd:   0   Cold: hi:    0, btch:   1 usd:   0
Normal per-cpu:
CPU    0: Hot: hi:  186, btch:  31 usd:   4   Cold: hi:   62, btch:  15 usd:  53
CPU    1: Hot: hi:  186, btch:  31 usd: 119   Cold: hi:   62, btch:  15 usd:  49
CPU    2: Hot: hi:  186, btch:  31 usd:   9   Cold: hi: 8/0x13a
 [<c014535b>] filemap_nopage+0x164/0x30d
 [<c0150c7d>] do_no_page+0x91/0x2fb
 [<c0151201>] __handle_mm_fault+0x151/0x2bc
 [<c01521d2>] vma_link+0xc1/0xcb
 [<c0115990>] do_page_fault+0x2a3/0x5f7
 [<c01156ed>] do_page_fault+0x0/0x5f7
 [<c03336c4>] error_code+0x7c/0x84
 [<c0330000>] packet_rcv+0xfd/0x2d7
 =======================
DMA per-cpu:
CPU    0: Hot: hi:    0, btch:   1 usd:   0   Cold: hi:    0, btch:   1 usd:   0
CPU    1: Hot: hi:    0, btch:   1 usd:   0   Cold: hi:    0, btch:   1 usd:   0
CPU    2: Hot: hi:    0, btch:   1 usd:   0   Cold: hi:    0, btch:   1 usd:   0
CPU    3: Hot: hi:    0, btch:   1 usd:   0   Cold: hi:    0, btch:   1 usd:   0
Normal per-cpu:
CPU    0: Hot: hi:  186, btch:  31 usd:   4   Cold: hi:   62, btch:  15 usd:  53
CPU    1: Hot: hi:  186, btch:  31 usd: 119   Cold: hi:   62, btch:  15 usd:  49
CPU    2: Hot: hi:  186, btch:  31 usd:   9   Cold: hi:   62, btch:  15 usd:  14
CPU    3: Hot: hi:  186, btch:  31 usd: 146   Cold: hi:   62, btch:  15 usd:  18
HighMem per-cpu:
CPU    0: Hot: hi:  186, btch:  31 usd:  23   Cold: hi:   62, btch:  15 usd:  53
CPU    1: Hot: hi:  186, btch:  31 usd:   2   Cold: hi:   62, btch:  15 usd:  61
CPU    2: Hot: hi:  186, btch:  31 usd:  37   Cold: hi:   62, btch:  15 usd:  53
CPU    3: Hot: hi:  186, btch:  31 usd: 156   Cold: hi:   62, btch:  15 usd:  56
Active:230544 inactive:232975 dirty:0 writeback:0 unstable:0
 free:12187 slab:20552 mapped:14 pagetables:15267 bounce:0
DMA free:8104kB min:68kB low:84kB high:100kB active:2616kB inactive:1568kB present:16224kB pages_scanned:6953 all_unreclaimable? yes
lowmem_reserve[]: 0 871 2011
Normal free:40160kB min:3740kB low:4672kB high:5608kB active:341460kB inactive:341280kB present:892320kB pages_scanned:1323314 all_unreclaimable? yes
lowmem_reserve[]: 0 0 9123
HighMem free:484kB min:512kB low:1736kB high:2960kB active:578100kB inactive:589052kB present:1167812kB pages_scanned:2016913 all_unreclaimable? yes
lowmem_reserve[]: 0 0 0
DMA: 4*4kB 5*8kB 1*16kB 1*32kB 1*64kB 0*128kB 1*256kB 1*512kB 1*1024kB 1*2048kB 1*4096kB = 8104kB
Normal: 7*4kB 4*8kB 1*16kB 0*32kB 2*64kB 0*128kB 12*256kB 4*512kB 2*1024kB 0*2048kB 8*4096kB = 40140kB
HighMem: 60*4kB 16*8kB 1*16kB 1*32kB 0*64kB 1*128kB 0*256kB 0*512kB 0*1024kB 0*2048kB 0*4096kB = 544kB
Swap cache: add 15781, delete 15781, find 2894/4019, race 0+1
Free swap  = 0kB
Total swap = 8024kB
as invoked oom-killer: gfp_mask=0x201d2, order=0, oomkilladj=0
 [<c0147386>] out_of_memory+0x70/0xf6
 [<c01484c4>] __alloc_pages+0x21b/0x2a8
 [<c0149f29>] __do_page_cache_readahead+0xc8/0x13a
 [<c014535b>] filemap_nopage+0x164/0x30d
 [<c0150c7d>] do_no_page+0x91/0x2fb
 [<c0151201>] __handle_mm_fault+0x151/0x2bc
 [<c016001c>] do_filp_open+0x32/0x39
 [<c0115990>] do_page_fault+0x2a3/0x5f7
 [<c01156ed>] do_page_fault+0x0/0x5f7
 [<c03336c4>] error_code+0x7c/0x84
 [<c0330000>] packet_rcv+0xfd/0x2d7
 =======================
DMA per-cpu:
CPU    0: Hot: hi:    0, btch:   1 usd:   0   Cold: hi:    0, btch:   1 usd:   0
CPU    1: H[<c0144d78>] file_read_actor+0x47/0xf1
 [<c0144a78>] do_generic_mapping_read+0x174/0x42d
 [<c01d0fc0>] strncpy_from_user+0x37/0x56
 [<c0144fc1>] generic_file_aio_read+0x19f/0x1c3
 [<c0144d31>] file_read_actor+0x0/0xf1
 [<c0160986>] do_sync_read+0xbf/0xfc
 [<c0151251>] __handle_mm_fault+0x1a1/0x2bc
 [<c012e872>] autoremove_wake_function+0x0/0x33
 [<c0115a01>] do_page_fault+0x314/0x5f7
 [<c01639a5>] sys_fstat64+0x1e/0x23
 [<c0160a74>] vfs_read+0xb1/0x131
 [<c0160d64>] sys_read+0x41/0x67
 [<c01030a4>] sysenter_past_esp+0x5d/0x81
 [<c0330000>] packet_rcv+0xfd/0x2d7
 =======================
DMA per-cpu:
CPU    0: Hot: hi:    0, btch:   1 usd:   0   Cold: hi:    0, btch:   1 usd:   0
CPU    1: Hot: hi:    0, btch:   1 usd:   0   Cold: hi:    0, btch:   1 usd:   0
CPU    2: Hot: hi:    0, btch:   1 usd:   0   Cold: hi:    0, btch:   1 usd:   0
CPU    3: Hot: hi:    0, btch:   1 usd:   0   Cold: hi:    0, btch:   1 usd:   0
Normal per-cpu:
CPU    0: Hot: hi:  186, btch:  31 usd:   6   Cold: hi:   62, btch:  15 usd:  55
CPU    1: Hot: hi:  186, btch:  31 usd: 127   Cold: hi:   62, btch:  15 usd:  51
CPU    2: Hot: hi:  186, btch:  31 usd:   9   Cold: hi:   62, btch:  15 usd:  14
CPU    3: Hot: hi:  186, btch:  31 usd: 146   Cold: hi:   62, btch:  15 usd:  14
HighMem per-cpu:
CPU    0: Hot: hi:  186, btch:  31 usd:  22   Cold: hi:   62, btch:  15 usd:  26
CPU    1: Hot: hi:  186, btch:  31 usd:   1   Cold: hi:   62, btch:  15 usd:  14
CPU    2: Hot: hi:  186, btch:  31 usd:  37   Cold: hi:   62, btch:  15 usd:  53
CPU    3: Hot: hi:  186, btch:  31 usd: 156   Cold: hi:   62, btch:  15 usd:  27
Active:268762 inactive:196946 dirty:0 writeback:0 unstable:0
 free:12157 slab:20539 mapped:0 pagetables:15267 bounce:0
DMA free:8104kB min:68kB low:84kB high:100kB active:2632kB inactive:1528kB present:16224kB pages_scanned:21417 all_unreclaimable? yes
lowmem_reserve[]: 0 871 2011
Normal free:40160kB min:3740kB low:4672kB high:5608kB active:422668kB inactive:262068kB present:892320kB pages_scanned:2762829 all_unreclaimable? yes
lowmem_reserve[]: 0 0 9123
HighMem free:364kB min:512kB low:1736kB high:2960kB active:649748kB inactive:524188kB present:1167812kB pages_scanned:4581246 all_unreclaimable? yes
lowmem_reserve[]: 0 0 0
DMA: 4*4kB 5*8kB 1*16kB 1*32kB 1*64kB 0*128kB 1*256kB 1*512kB 1*1024kB 1*2048kB 1*4096kB = 8104kB
Normal: 5*4kB 5*8kB 1*16kB 0*32kB 2*64kB 0*128kB 12*256kB 4*512kB 2*1024kB 0*2048kB 8*4096kB = 40140kB
HighMem: 15*4kB 16*8kB 1*16kB 1*32kB 0*64kB 1*128kB 0*256kB 0*512kB 0*1024kB 0*2048kB 0*4096kB = 364kB
Swap cache: add 15781, delete 15781, find 2894/4019, race 0+1
Free swap  = 0kB
Total swap = 8024kB
printk: 10971 messages suppressed.
make invoked oom-killer: gfp_mask=0x280d2, order=0, oomkilladj=0
 [<c0147386>] out_of_memory+0x70/0xf6
 [<c01484c4>] __alloc_pages+0x21b/0x2a8
 [<c0150a47>] do_anonymous_page+0x3e/0x1e3
 [<f888a54c>] ext3_mark_inode_dirty+0x33/0x3a [ext3]
 [<c0151251>] __handle_mm_fault+0x1a1/0x2bc
 [<c0178bf4>] __mark_inode_dirty+0xec/0x180
 [<c0115990>f_memory+0x70/0xf6
 [<c01484c4>] __alloc_pages+0x21b/0x2a8
 [<c0150a47>] do_anonymous_page+0x3e/0x1e3
 [<c0151251>] __handle_mm_fault+0x1a1/0x2bc
 [<c0115990>] do_page_fault+0x2a3/0x5f7
 [<c01220c4>] tasklet_action+0x52/0xa2
 [<c01156ed>] do_page_fault+0x0/0x5f7
 [<c03336c4>] error_code+0x7c/0x84
 [<c0330000>] packet_rcv+0xfd/0x2d7
 =======================
DMA per-cpu:
CPU    0: Hot: hi:    0, btch:   1 usd:   0   Cold: hi:    0, btch:   1 usd:   0
CPU    1: Hot: hi:    0, btch:   1 usd:   0   Cold: hi:    0, btch:   1 usd:   0
CPU    2: Hot: hi:    0, btch:   1 usd:   0   Cold: hi:    0, btch:   1 usd:   0
CPU    3: Hot: hi:    0, btch:   1 usd:   0   Cold: hi:    0, btch:   1 usd:   0
Normal per-cpu:
CPU    0: Hot: hi:  186, btch:  31 usd:   6   Cold: hi:   62, btch:  15 usd:  55
CPU    1: Hot: hi:  186, btch:  31 usd: 138   Cold: hi:   62, btch:  15 usd:  51
CPU    2: Hot: hi:  186, btch:  31 usd:   9   Cold: hi:   62, btch:  15 usd:  14
CPU    3: Hot: hi:  186, btch:  31 usd: 149   Cold: hi:   62, btch:  15 usd:  14
HighMem per-cpu:
CPU    0: Hot: hi:  186, btch:  31 usd:  22   Cold: hi:   62, btch:  15 usd:  26
CPU    1: Hot: hi:  186, btch:  31 usd:   1   Cold: hi:   62, btch:  15 usd:  14
CPU    2: Hot: hi:  186, btch:  31 usd:  37   Cold: hi:   62, btch:  15 usd:  53
CPU    3: Hot: hi:  186, btch:  31 usd: 156   Cold: hi:   62, btch:  15 usd:  27
Active:268536 inactive:197049 dirty:0 writeback:0 unstable:0
 free:12157 slab:20525 mapped:0 pagetables:15267 bounce:0
DMA free:8104kB min:68kB low:84kB high:100kB active:2648kB inactive:1496kB present:16224kB pages_scanned:75881 all_unreclaimable? yes
lowmem_reserve[]: 0 871 2011
Normal free:40160kB min:3740kB low:4672kB high:5608kB active:421828kB inactive:262272kB present:892320kB pages_scanned:4179789 all_unreclaimable? yes
lowmem_reserve[]: 0 0 9123
HighMem free:364kB min:512kB low:1736kB high:2960kB active:649668kB inactive:524428kB present:1167812kB pages_scanned:6764710 all_unreclaimable? yes
lowmem_reserve[]: 0 0 0
DMA: 4*4kB 5*8kB 1*16kB 1*32kB 1*64kB 0*128kB 1*256kB 1*512kB 1*1024kB 1*2048kB 1*4096kB = 8104kB
Normal: 5*4kB 5*8kB 1*16kB 0*32kB 2*64kB 0*128kB 12*256kB 4*512kB 2*1024kB 0*2048kB 8*4096kB = 40140kB
HighMem: 15*4kB 16*8kB 1*16kB 1*32kB 0*64kB 1*128kB 0*256kB 0*512kB 0*1024kB 0*2048kB 0*4096kB = 364kB
Swap cache: add 15781, delete 15781, find 2894/4019, race 0+1
Free swap  = 0kB
Total swap = 8024kB
 [<c01484c4>] __alloc_pages+0x21b/0x2a8
 [<c0149f29>] __do_page_cache_readahead+0xc8/0x13a
 [<c014535b>] filemap_nopage+0x164/0x30d
 [<c0150c7d>] do_no_page+0x91/0x2fb
 [<c0151201>] __handle_mm_fault+0x151/0x2bc
 [<c0264876>] scsi_finish_command+0x84/0x8b
 [<c0115990>] do_page_fault+0x2a3/0x5f7
 [<c0105401>] do_IRQ+0x80/0x93
 [<c0160424>] sys_close+0x5b/0x95
 [<c01156ed>] do_page_fault+0x0/0x5f7
 [<c03336c4>] error_code+0x7c/0x84
 [<c0330000>] packet_rcv+0xfd/0x2d7
 =======================
DMA per-cpu:
CPU    0: Hot: hi:    0, btch:   1 usd:   0   Cold: hi:    0, btch:   1 usd:   0
CPU    1: Hot: hi1024kB 0*2048kB 0*4096kB = 364kB
Swap cache: add 15782, delete 15782, find 2894/4019, race 0+1
Free swap  = 0kB
Total swap = 8024kB
Out of memory: kill process 27293 (make) score 1909 or a child
Killed process 28342 (sh)
printk: 5886 messages suppressed.
cc1 invoked oom-killer: gfp_mask=0x201d2, order=0, oomkilladj=0
 [<c0147386>] out_of_memory+0x70/0xf6
 [<c01484c4>] __alloc_pages+0x21b/0x2a8
 [<c0149f29>] __do_page_cache_readahead+0xc8/0x13a
 [<c014a098>] blockable_page_cache_readahead+0x4a/0x9a
 [<c014a21a>] page_cache_readahead+0x8f/0x159
 [<c0144a29>] do_generic_mapping_read+0x125/0x42d
 [<c01d0fc0>] strncpy_from_user+0x37/0x56
 [<c0144fc1>] generic_file_aio_read+0x19f/0x1c3
 [<c0144d31>] file_read_actor+0x0/0xf1
 [<c0160986>] do_sync_read+0xbf/0xfc
 [<c01d14e9>] copy_to_user+0x42/0x4a
 [<c012e872>] autoremove_wake_function+0x0/0x33
 [<c01639a5>] sys_fstat64+0x1e/0x23
 [<c0160a74>] vfs_read+0xb1/0x131
 [<c0160d64>] sys_read+0x41/0x67
 [<c01030a4>] sysenter_past_esp+0x5d/0x81
 =======================
DMA per-cpu:
CPU    0: Hot: hi:    0, btch:   1 usd:   0   Cold: hi:    0, btch:   1 usd:   0
CPU    1: Hot: hi:    0, btch:   1 usd:   0   Cold: hi:    0, btch:   1 usd:   0
CPU    2: Hot: hi:    0, btch:   1 usd:   0   Cold: hi:    0, btch:   1 usd:   0
CPU    3: Hot: hi:    0, btch:   1 usd:   0   Cold: hi:    0, btch:   1 usd:   0
Normal per-cpu:
CPU    0: Hot: hi:  186, btch:  31 usd:  19   Cold: hi:   62, btch:  15 usd:  54
CPU    1: Hot: hi:  186, btch:  31 usd: 177   Cold: hi:   62, btch:  15 usd:  47
CPU    2: Hot: hi:  186, btch:  31 usd:   9   Cold: hi:   62, btch:  15 usd:  16
CPU    3: Hot: hi:  186, btch:  31 usd: 153   Cold: hi:   62, btch:  15 usd:   0
HighMem per-cpu:
CPU    0: Hot: hi:  186, btch:  31 usd:  23   Cold: hi:   62, btch:  15 usd:  28
CPU    1: Hot: hi:  186, btch:  31 usd:  28   Cold: hi:   62, btch:  15 usd:  19
CPU    2: Hot: hi:  186, btch:  31 usd:  34   Cold: hi:   62, btch:  15 usd:   6
CPU    3: Hot: hi:  186, btch:  31 usd: 156   Cold: hi:   62, btch:  15 usd:  35
Active:231225 inactive:230422 dirty:0 writeback:0 unstable:0
 free:12382 slab:20494 mapped:12 pagetables:15248 bounce:0
DMA free:8104kB min:68kB low:84kB high:100kB active:2656kB inactive:1528kB present:16224kB pages_scanned:88105 all_unreclaimable? yes
lowmem_reserve[]: 0 871 2011
Normal free:40588kB min:3740kB low:4672kB high:5608kB active:341212kB inactive:340204kB present:892320kB pages_scanned:394815 all_unreclaimable? no
lowmem_reserve[]: 0 0 9123
HighMem free:836kB min:512kB low:1736kB high:2960kB active:580252kB inactive:580828kB present:1167812kB pages_scanned:883480 all_unreclaimable? no
lowmem_reserve[]: 0 0 0
DMA: 4*4kB 5*8kB 1*16kB 1*32kB 1*64kB 0*128kB 1*256kB 1*512kB 1*1024kB 1*2048kB 1*4096kB = 8104kB
Normal: 149*4kB 5*8kB 0*16kB 1*32kB 1*64kB 0*128kB 12*256kB 4*512kB 2*1024kB 0*2048kB 8*4096kB = 40668kB
HighMem: 64*4kB 21*8kB 1*16kB 1*32kB 0*64kB 1*128kB 0*256kB 0*512kB 0*1024kB 0*2048kB 0*4096kB = 600kB
Swap cache: add 15783, delete 15783, find 2894/4019, race 0+1
Free swap  = 0kB
Total swap = 8024kB
Out of memory: kill process 27293 (make) score 1875 or a child
Killed process 28343 (sh)
cc1 invoked oom-killer: gfp_mask=0x201d2, order=0, oomkilladj=0
cc1 invoked oom-killer: gfp_mask=0x201d2, order=0, oomkilladj=0
 [<c0147386>] out_of_memory+0x70/0xf6
 [<c01484c4>] __alloc_pages+0x21b/0x2a8
 [<c0149f29>] __do_page_cache_readahead+0xc8/0x13a
 [<c014535b>] filemap_nopage+0x164/0x30d
 [<c0150c7d>] do_no_page+0x91/0x2fb
 [<c0160986>] do_sync_read+0xbf/0xfc
 [<c0151201>] __handle_mm_fault+0x151/0x2bc
 [<c0115990>] do_page_fault+0x2a3/0x5f7
 [<c016ee9f>] dput+0x98/0x131
 [<c0173168>] mntput_no_expire+0x11/0x6e
 [<c0160424>] sys_close+0x5b/0x95
 [<c01156ed>] do_page_fault+0x0/0x5f7
 [<c03336c4>] error_code+0x7c/0x84
 [<c0330000>] packet_rcv+0xfd/0x2d7
 =======================
DMA per-cpu:
CPU    0: Hot: hi:    0, btch:   1 usd:   0   Cold: hi:    0, btch:   1 usd:   0
CPU    1: Hot: hi:    0, btch:   1 usd:   0   Cold: hi:    0, btch:   1 usd:   0
CPU    2: Hot: hi:    0, btch:   1 usd:   0   Cold: hi:    0, btch:   1 usd:   0
CPU    3: Hot: hi:    0, btch:   1 usd:   0   Cold: hi:    0, btch:   1 usd:   0
Normal per-cpu:
CPU    0: Hot: hi:  186, btch:  31 usd:  64   Cold: hi:   62, btch:  15 usd:  56
CPU    1: Hot: hi:  186, btch:  31 usd: 178   Cold: hi:   62, btch:  15 usd:  47
CPU    2: Hot: hi:  186, btch:  31 usd:  38   Cold: hi:   62, btch:  15 usd:  29
CPU    3: Hot: hi:  186, btch:  31 usd: 140   Cold: hi:   62, btch:  15 usd:  60
HighMem per-cpu:
CPU    0: Hot: hi:  186, btch:  31 usd:  23   Cold: hi:   62, btch:  15 usd:  52
CPU    1: Hot: hi:  186, btch:  31 usd:  37   Cold: hi:   62, btch:  15 usd:  32
CPU    2: Hot: hi:  186, btch:  31 usd:  35   Cold: hi:   62, btch:  15 usd:  56
CPU    3: Hot: hi:  186, btch:  31 usd: 154   Cold: hi:   62, btch:  15 usd:  34
Active:230186 inactive:230180 dirty:0 writeback:0 unstable:0
 free:12194 slab:20440 mapped:25 pagetables:15239 bounce:0
DMA free:8104kB min:68kB low:84kB high:100kB active:2664kB inactive:1504kB present:16224kB pages_scanned:88617 all_unreclaimable? yes
lowmem_reserve[]: 0 871 2011
Normal free:40192kB min:3740kB low:4672kB high:5608kB active:339744kB inactive:339960kB present:892320kB pages_scanned:2014791 all_unreclaimable? yes
lowmem_reserve[]: 0 0 9123
HighMem free:480kB min:512kB low:1736kB high:2960kB active:578336kB inactive:579256kB present:1167812kB pages_scanned:2091314 all_unreclaimable? yes
lowmem_reserve[]: 0 0 0
