Date: Sat, 9 Feb 2008 13:30:21 +0100
From: Malte Schröder <>
Subject: kernel 2.6.24{,.1} ahci problem, does not boot
Sender: linux-kernel-owner@vger.kernel.org
Precedence: bulk
List-ID: <linux-kernel.vger.kernel.org>
X-Mailing-List: linux-kernel@vger.kernel.org
X-Lkml-Link: https://lkml.org/lkml/2008/2/9/94

Hello,
on one of my machines neither 2.6.24 nor 2.6.24.1 work.
The system is 64bit on Athlon X2 and ATI-Chipset (SB600).
Extract from the kernel messages during boot:
[   66.943103] ahci 0000:00:12.0: controller can't do 64bit DMA, forcing 32bit
[   66.950374] ahci 0000:00:12.0: controller can't do PMP, turning off CAP_PMP
[   67.956470] ahci 0000:00:12.0: AHCI 0001.0100 32 slots 4 ports 3 Gbps 0xf impl SATA mode
[   67.964996] ahci 0000:00:12.0: flags: ncq sntf ilck pm led clo pio slum part
[   67.972820] scsi0 : ahci
[   67.975699] scsi1 : ahci
[   67.978445] scsi2 : ahci
[   67.981178] scsi3 : ahci
[   67.983949] ata1: SATA max UDMA/133 abar m1024@0xfadffc00 port 0xfadffd00 irq 509
[   67.991825] ata2: SATA max UDMA/133 abar m1024@0xfadffc00 port 0xfadffd80 irq 509
[   67.999729] ata3: SATA max UDMA/133 abar m1024@0xfadffc00 port 0xfadffe00 irq 509
[   68.007619] ata4: SATA max UDMA/133 abar m1024@0xfadffc00 port 0xfadffe80 irq 509
[   68.470669] ata1: SATA link up 3.0 Gbps (SStatus 123 SControl 300)
[   98.431945] ata1.00: qc timeout (cmd 0xec)
[   98.454907] ata1.00: failed to IDENTIFY (I/O error, err_mask=0x4)
[   98.461296] ata1: failed to recover some devices, retrying in 5 secs
[  103.916773] ata1: SATA link up 3.0 Gbps (SStatus 123 SControl 300)
[  133.878045] ata1.00: qc timeout (cmd 0xec)
[  133.882371] ata1.00: failed to IDENTIFY (I/O error, err_mask=0x4)
[  133.888797] ata1: failed to recover some devices, retrying in 5 secs
[  139.343901] ata1: SATA link up 3.0 Gbps (SStatus 123 SControl 300)
[  169.305174] ata1.00: qc timeout (cmd 0xec)
[  169.309534] ata1.00: failed to IDENTIFY (I/O error, err_mask=0x4)
[  169.315926] ata1: failed to recover some devices, retrying in 5 secs
[  174.771030] ata1: SATA link up 3.0 Gbps (SStatus 123 SControl 300)
The complete boot-log (captured via serial console), lspci output,
output of hdparm -I and the kernel config are attached.
The PC has one IDE-drive and four SATA-drives (see hdparm.txt).
If I wait long enough, the IDE-drive get's recognized and I can
continue the boot process, but the SATA-drives are never recognized.
The system work's fine with kernel 2.6.23.11 (later kernels not tested).
I hope someone can help ...
Regards
-- 
---------------------------------------
Malte Schröder
MalteSch@gmx.de
ICQ# 68121508
---------------------------------------
00:00.0 Host bridge: ATI Technologies Inc RD580 [CrossFire Xpress 3200] Chipset Host Bridge
00:04.0 PCI bridge: ATI Technologies Inc RS480 PCI Bridge
00:05.0 PCI bridge: ATI Technologies Inc RS480 PCI Bridge
00:12.0 SATA controller: ATI Technologies Inc SB600 Non-Raid-5 SATA
00:13.0 USB Controller: ATI Technologies Inc SB600 USB (OHCI0)
00:13.1 USB Controller: ATI Technologies Inc SB600 USB (OHCI1)
00:13.2 USB Controller: ATI Technologies Inc SB600 USB (OHCI2)
00:13.3 USB Controller: ATI Technologies Inc SB600 USB (OHCI3)
00:13.4 USB Controller: ATI Technologies Inc SB600 USB (OHCI4)
00:13.5 USB Controller: ATI Technologies Inc SB600 USB Controller (EHCI)
00:14.0 SMBus: ATI Technologies Inc SBx00 SMBus Controller (rev 13)
00:14.1 IDE interface: ATI Technologies Inc SB600 IDE
00:14.2 Audio device: ATI Technologies Inc SBx00 Azalia
00:14.3 ISA bridge: ATI Technologies Inc SB600 PCI to LPC Bridge
00:14.4 PCI bridge: ATI Technologies Inc SBx00 PCI to PCI Bridge
00:18.0 Host bridge: Advanced Micro Devices [AMD] K8 [Athlon64/Opteron] HyperTransport Technology Configuration
00:18.1 Host bridge: Advanced Micro Devices [AMD] K8 [Athlon64/Opteron] Address Map
00:18.2 Host bridge: Advanced Micro Devices [AMD] K8 [Athlon64/Opteron] DRAM Controller
00:18.3 Host bridge: Advanced Micro Devices [AMD] K8 [Athlon64/Opteron] Miscellaneous Control
01:00.0 Ethernet controller: Intel Corporation 82572EI Gigabit Ethernet Controller (Copper) (rev 06)
02:00.0 SATA controller: JMicron Technologies, Inc. JMicron 20360/20363 AHCI Controller (rev 02)
03:01.0 VGA compatible controller: Matrox Graphics, Inc. MGA 1064SG [Mystique] (rev 02)
03:03.0 FireWire (IEEE 1394): VIA Technologies, Inc. IEEE 1394 Host Controller (rev c0)
03:04.0 Ethernet controller: Marvell Technology Group Ltd. 88E8001 Gigabit Ethernet Controller (rev 13)
#                                                                               root@hades ~ # lspci -vvv
00:00.0 Host bridge: ATI Technologies Inc RD580 [CrossFire Xpress 3200] Chipset Host Bridge
	Subsystem: ATI Technologies Inc RD580 [CrossFire Xpress 3200] Chipset Host Bridge
	Control: I/O- Mem+ BusMaster+ SpecCycle- MemWINV- VGASnoop- ParErr- Stepping- SERR- FastB2B- DisINTx-
	Status: Cap- 66MHz+ UDF- FastB2B- ParErr- DEVSEL=medium >TAbort- <TAbort- <MAbort+ >SERR- <PERR- INTx-
	Latency: 0
00:04.0 PCI bridge: ATI Technologies Inc RS480 PCI Bridge (prog-if 00 [Normal decode])
	Control: I/O+ Mem+ BusMaster+ SpecCycle- MemWINV- VGASnoop- ParErr- Stepping- SERR+ FastB2B- DisINTx+
	Status: Cap+ 66MHz- UDF- FastB2B- ParErr- DEVSEL=fast >TAbort- <TAbort- <MAbort- >SERR- <PERR- INTx-
	Latency: 0, Cache Line Size: 64 bytes
	Bus: primary=00, secondary=01, subordinate=01, sec-latency=0
	I/O behind bridge: 0000c000-0000cfff
	Memory behind bridge: fae00000-faefffff
	Prefetchable memory behind bridge: 00000000fff00000-00000000000fffff
	Secondary status: 66MHz- FastB2B- ParErr- DEVSEL=fast >TAbort- <TAbort- <MAbort- <SERR- <PERR-
	BridgeCtl: Parity+ SERR+ NoISA- VGA- MAbort- >Reset- FastB2B-
		PriDiscTmr- SecDiscTmr- DiscTmrStat- DiscTmrSERREn-
	Capabilities: [50] Power Management version 3
		Flags: PMEClk- DSI- D1- D2- AuxCurrent=0mA PME(D0+,D1-,D2-,D3hot+,D3cold+)
		Status: D0 PME-Enable- DSel=0 DScale=0 PME-
	Capabilities: [58] Express (v1) Root Port (Slot-), MSI 00
		DevCap:	MaxPayload 128 bytes, PhantFunc 0, Latency L0s <64ns, L1 <1us
			ExtTag+ RBE- FLReset-
		DevCtl:	Report errors: Correctable+ Non-Fatal+ Fatal+ Unsupported+
			RlxdOrd+ ExtTag- PhantFunc- AuxPwr- NoSnoop+
			MaxPayload 128 bytes, MaxReadReq 128 bytes
		DevSta:	CorrErr- UncorrErr- FatalErr- UnsuppReq- AuxPwr- TransPend-
		LnkCap:	Port #1, Speed 2.5GT/s, Width x1, ASPM L0s L1, Latency L0 <64ns, L1 <1us
			ClockPM- Suprise- LLActRep- BwNot-
		LnkCtl:	ASPM Disabled; RCB 64 bytes Disabled- Retrain- CommClk+
			ExtSynch- ClockPM- AutWidDis- BWInt- AutBWInt-
		LnkSta:	Speed 2.5GT/s, Width x1, TrErr- Train- SlotClk+ DLActive- BWMgmt- ABWMgmt-
		RootCtl: ErrCorrectable- ErrNon-Fatal- ErrFatal- PMEIntEna- CRSVisible-
		RootCap: CRSVisible-
		RootSta: PME ReqID 0000, PMEStatus- PMEPending-
	Capabilities: [80] Message Signalled Interrupts: Mask- 64bit- Queue=0/0 Enable+
		Address: fee0300c  Data: 4149
	Capabilities: [b0] Subsystem: ATI Technologies Inc Unknown device 5952
	Capabilities: [b8] HyperTransport: MSI Mapping Enable+ Fixed+
	Kernel driver in use: pcieport-driver
00:05.0 PCI bridge: ATI Technologies Inc RS480 PCI Bridge (prog-if 00 [Normal decode])
	Control: I/O+ Mem+ BusMaster+ SpecCycle- MemWINV- VGASnoop- ParErr- Stepping- SERR+ FastB2B- DisINTx+
	Status: Cap+ 66MHz- UDF- FastB2B- ParErr- DEVSEL=fast >TAbort- <TAbort- <MAbort- >SERR- <PERR- INTx-
	Latency: 0, Cache Line Size: 64 bytes
	Bus: primary=00, secondary=02, subordinate=02, sec-latency=0
	I/O behind bridge: 0000d000-0000dfff
	Memory behind bridge: faf00000-faffffff
	Prefetchable memory behind bridge: 00000000fff00000-00000000000fffff
	Secondary status: 66MHz- FastB2B- ParErr- DEVSEL=fast >TAbort- <TAbort- <MAbort- <SERR- <PERR-
	BridgeCtl: Parity+ SERR+ NoISA- VGA- MAbort- >Reset- FastB2B-
		PriDiscTmr- SecDiscTmr- DiscTmrStat- DiscTmrSERREn-
	Capabilities: [50] Power Management version 3
		Flags: PMEClk- DSI- D1- D2- AuxCurrent=0mA PME(D0+,D1-,D2-,D3hot+,D3cold+)
		Status: D0 PME-Enable- DSel=0 DScale=0 PME-
	Capabilities: [58] Express (v1) Root Port (Slot-), MSI 00
		DevCap:	MaxPayload 128 bytes, PhantFunc 0, Latency L0s <64ns, L1 <1us
			ExtTag+ RBE- FLReset-
		DevCtl:	Report errors: Correctable+ Non-Fatal+ Fatal+ Unsupported+
			RlxdOrd+ ExtTag- PhantFunc- AuxPwr- NoSnoop+
			MaxPayload 128 bytes, MaxReadReq 128 bytes
		DevSta:	CorrErr- UncorrErr- FatalErr- UnsuppReq- AuxPwr- TransPend-
		LnkCap:	Port #2, Speed 2.5GT/s, Width x1, ASPM L0s L1, Latency L0 <64ns, L1 <1us
			ClockPM- Suprise- LLActRep- BwNot-
		LnkCtl:	ASPM Disabled; RCB 64 bytes Disabled- Retrain- CommClk+
			ExtSynch- ClockPM- AutWidDis- BWInt- AutBWInt-
		LnkSta:	Speed 2.5GT/s, Width x1, TrErr- Train- SlotClk+ DLActive- BWMgmt- ABWMgmt-
		RootCtl: ErrCorrectable- ErrNon-Fatal- ErrFatal- PMEIntEna- CRSVisible-
		RootCap: CRSVisible-
		RootSta: PME ReqID 0000, PMEStatus- PMEPending-
	Capabilities: [80] Message Signalled Interrupts: Mask- 64bit- Queue=0/0 Enable+
		Address: fee0300c  Data: 4151
	Capabilities: [b0] Subsystem: ATI Technologies Inc Unknown device 5952
	Capabilities: [b8] HyperTransport: MSI Mapping Enable+ Fixed+
	Kernel driver in use: pcieport-driver
00:12.0 SATA controller: ATI Technologies Inc SB600 Non-Raid-5 SATA (prog-if 01 [AHCI 1.0])
	Subsystem: ASUSTeK Computer Inc. Unknown device 8232
	Control: I/O+ Mem+ BusMaster+ SpecCycle- MemWINV- VGASnoop- ParErr- Stepping- SERR+ FastB2B- DisINTx+
	Status: Cap+ 66MHz+ UDF- FastB2B- ParErr- DEVSEL=medium >TAbort- <TAbort- <MAbort- >SERR- <PERR- INTx-
	Latency: 96, Cache Line Size: 64 bytes
	Interrupt: pin A routed to IRQ 509
	Region 0: I/O ports at b000 [size=8]
	Region 1: I/O ports at a000 [size=4]
	Region 2: I/O ports at 9000 [size=8]
	Region 3: I/O ports at 8000 [size=4]
	Region 4: I/O ports at 7000 [size=16]
	Region 5: Memory at fadffc00 (32-bit, non-prefetchable) [size=1K]
	Capabilities: [60] Power Management version 2
		Flags: PMEClk- DSI+ D1- D2- AuxCurrent=0mA PME(D0-,D1-,D2-,D3hot-,D3cold-)
		Status: D0 PME-Enable- DSel=0 DScale=0 PME-
	Capabilities: [50] Message Signalled Interrupts: Mask- 64bit+ Queue=0/2 Enable+
		Address: 00000000fee0300c  Data: 4169
	Capabilities: [70] SATA HBA <?>
	Kernel driver in use: ahci
	Kernel modules: ahci
00:13.0 USB Controller: ATI Technologies Inc SB600 USB (OHCI0) (prog-if 10 [OHCI])
	Subsystem: ATI Technologies Inc SB600 USB (OHCI0)
	Control: I/O+ Mem+ BusMaster+ SpecCycle- MemWINV+ VGASnoop- ParErr- Stepping- SERR+ FastB2B- DisINTx-
	Status: Cap+ 66MHz+ UDF- FastB2B+ ParErr- DEVSEL=medium >TAbort- <TAbort- <MAbort- >SERR- <PERR- INTx-
	Latency: 64, Cache Line Size: 64 bytes
	Interrupt: pin A routed to IRQ 16
	Region 0: Memory at fadfe000 (32-bit, non-prefetchable) [size=4K]
	Capabilities: [d0] Message Signalled Interrupts: Mask- 64bit- Queue=0/0 Enable-
		Address: 00000000  Data: 0000
	Kernel driver in use: ohci_hcd
	Kernel modules: ohci-hcd
00:13.1 USB Controller: ATI Technologies Inc SB600 USB (OHCI1) (prog-if 10 [OHCI])
	Subsystem: ATI Technologies Inc SB600 USB (OHCI1)
	Control: I/O+ Mem+ BusMaster+ SpecCycle- MemWINV+ VGASnoop- ParErr- Stepping- SERR+ FastB2B- DisINTx-
	Status: Cap+ 66MHz+ UDF- FastB2B+ ParErr- DEVSEL=medium >TAbort- <TAbort- <MAbort- >SERR- <PERR- INTx-
	Latency: 64, Cache Line Size: 64 bytes
	Interrupt: pin B routed to IRQ 17
	Region 0: Memory at fadfd000 (32-bit, non-prefetchable) [size=4K]
	Capabilities: [d0] Message Signalled Interrupts: Mask- 64bit- Queue=0/0 Enable-
		Address: 00000000  Data: 0000
	Kernel driver in use: ohci_hcd
	Kernel modules: ohci-hcd
00:13.2 USB Controller: ATI Technologies Inc SB600 USB (OHCI2) (prog-if 10 [OHCI])
	Subsystem: ATI Technologies Inc SB600 USB (OHCI2)
	Control: I/O+ Mem+ BusMaster+ SpecCycle- MemWINV+ VGASnoop- ParErr- Stepping- SERR+ FastB2B- DisINTx-
	Status: Cap+ 66MHz+ UDF- FastB2B+ ParErr- DEVSEL=medium >TAbort- <TAbort- <MAbort- >SERR- <PERR- INTx-
	Latency: 64, Cache Line Size: 64 bytes
	Interrupt: pin C routed to IRQ 18
	Region 0: Memory at fadfc000 (32-bit, non-prefetchable) [size=4K]
	Capabilities: [d0] Message Signalled Interrupts: Mask- 64bit- Queue=0/0 Enable-
		Address: 00000000  Data: 0000
	Kernel driver in use: ohci_hcd
	Kernel modules: ohci-hcd
00:13.3 USB Controller: ATI Technologies Inc SB600 USB (OHCI3) (prog-if 10 [OHCI])
	Subsystem: ATI Technologies Inc SB600 USB (OHCI3)
	Control: I/O+ Mem+ BusMaster+ SpecCycle- MemWINV+ VGASnoop- ParErr- Stepping- SERR+ FastB2B- DisINTx-
	Status: Cap+ 66MHz+ UDF- FastB2B+ ParErr- DEVSEL=medium >TAbort- <TAbort- <MAbort- >SERR- <PERR- INTx-
	Latency: 64, Cache Line Size: 64 bytes
	Interrupt: pin B routed to IRQ 17
	Region 0: Memory at fadf7000 (32-bit, non-prefetchable) [size=4K]
	Capabilities: [d0] Message Signalled Interrupts: Mask- 64bit- Queue=0/0 Enable-
		Address: 00000000  Data: 0000
	Kernel driver in use: ohci_hcd
	Kernel modules: ohci-hcd
00:13.4 USB Controller: ATI Technologies Inc SB600 USB (OHCI4) (prog-if 10 [OHCI])
	Subsystem: ATI Technologies Inc SB600 USB (OHCI4)
	Control: I/O+ Mem+ BusMaster+ SpecCycle- MemWINV+ VGASnoop- ParErr- Stepping- SERR+ FastB2B- DisINTx-
	Status: Cap+ 66MHz+ UDF- FastB2B+ ParErr- DEVSEL=medium >TAbort- <TAbort- <MAbort- >SERR- <PERR- INTx-
	Latency: 64, Cache Line Size: 64 bytes
	Interrupt: pin C routed to IRQ 18
	Region 0: Memory at fadf6000 (32-bit, non-prefetchable) [size=4K]
	Capabilities: [d0] Message Signalled Interrupts: Mask- 64bit- Queue=0/0 Enable-
		Address: 00000000  Data: 0000
	Kernel driver in use: ohci_hcd
	Kernel modules: ohci-hcd
00:13.5 USB Controller: ATI Technologies Inc SB600 USB Controller (EHCI) (prog-if 20 [EHCI])
	Subsystem: ATI Technologies Inc SB600 USB Controller (EHCI)
	Control: I/O+ Mem+ BusMaster+ SpecCycle- MemWINV+ VGASnoop- ParErr- Stepping- SERR+ FastB2B- DisINTx-
	Status: Cap+ 66MHz+ UDF- FastB2B+ ParErr- DEVSEL=medium >TAbort- <TAbort- <MAbort- >SERR- <PERR- INTx-
	Latency: 64, Cache Line Size: 64 bytes
	Interrupt: pin D routed to IRQ 19
	Region 0: Memory at fadff800 (32-bit, non-prefetchable) [size=256]
	Capabilities: [c0] Power Management version 2
		Flags: PMEClk- DSI- D1+ D2+ AuxCurrent=0mA PME(D0+,D1+,D2+,D3hot+,D3cold-)
		Status: D0 PME-Enable- DSel=0 DScale=0 PME-
		Bridge: PM- B3+
	Capabilities: [d0] Message Signalled Interrupts: Mask- 64bit- Queue=0/0 Enable-
		Address: 00000000  Data: 0000
	Capabilities: [e4] Debug port: BAR=1 offset=00e0
	Kernel driver in use: ehci_hcd
	Kernel modules: ehci-hcd
00:14.0 SMBus: ATI Technologies Inc SBx00 SMBus Controller (rev 13)
	Subsystem: ASUSTeK Computer Inc. Unknown device 4385
	Control: I/O+ Mem+ BusMaster- SpecCycle- MemWINV- VGASnoop- ParErr- Stepping- SERR- FastB2B- DisINTx+
	Status: Cap+ 66MHz+ UDF- FastB2B- ParErr- DEVSEL=medium >TAbort- <TAbort- <MAbort- >SERR- <PERR- INTx-
	Region 0: I/O ports at 0b00 [size=16]
	Region 1: Memory at fed00000 (32-bit, non-prefetchable) [size=1K]
	Capabilities: [b0] HyperTransport: MSI Mapping Enable- Fixed+
00:14.1 IDE interface: ATI Technologies Inc SB600 IDE (prog-if 8a [Master SecP PriP])
	Subsystem: ATI Technologies Inc SB600 IDE
	Control: I/O+ Mem- BusMaster+ SpecCycle- MemWINV- VGASnoop- ParErr- Stepping- SERR- FastB2B- DisINTx-
	Status: Cap+ 66MHz+ UDF- FastB2B- ParErr- DEVSEL=medium >TAbort- <TAbort- <MAbort- >SERR- <PERR- INTx-
	Latency: 64
	Interrupt: pin A routed to IRQ 16
	Region 0: I/O ports at 01f0 [size=8]
	Region 1: I/O ports at 03f4 [size=1]
	Region 2: I/O ports at 0170 [size=8]
	Region 3: I/O ports at 0374 [size=1]
	Region 4: I/O ports at ff00 [size=16]
	Capabilities: [70] Message Signalled Interrupts: Mask- 64bit- Queue=0/0 Enable-
		Address: 00000000  Data: 0000
	Kernel driver in use: pata_atiixp
	Kernel modules: pata_atiixp
00:14.2 Audio device: ATI Technologies Inc SBx00 Azalia
	Subsystem: ATI Technologies Inc SBx00 Azalia
	Control: I/O- Mem+ BusMaster+ SpecCycle- MemWINV- VGASnoop- ParErr- Stepping- SERR- FastB2B- DisINTx-
	Status: Cap+ 66MHz- UDF- FastB2B- ParErr- DEVSEL=slow >TAbort- <TAbort- <MAbort- >SERR- <PERR- INTx-
	Latency: 64, Cache Line Size: 64 bytes
	Interrupt: pin ? routed to IRQ 16
	Region 0: Memory at fadf0000 (64-bit, non-prefetchable) [size=16K]
	Capabilities: [50] Power Management version 2
		Flags: PMEClk- DSI- D1- D2- AuxCurrent=55mA PME(D0+,D1-,D2-,D3hot+,D3cold+)
		Status: D0 PME-Enable- DSel=0 DScale=0 PME-
	Capabilities: [60] Message Signalled Interrupts: Mask- 64bit+ Queue=0/0 Enable-
		Address: 0000000000000000  Data: 0000
	Kernel driver in use: HDA Intel
	Kernel modules: snd-hda-intel
00:14.3 ISA bridge: ATI Technologies Inc SB600 PCI to LPC Bridge
	Subsystem: ATI Technologies Inc SB600 PCI to LPC Bridge
	Control: I/O+ Mem+ BusMaster+ SpecCycle+ MemWINV- VGASnoop- ParErr- Stepping- SERR- FastB2B- DisINTx-
	Status: Cap- 66MHz+ UDF- FastB2B- ParErr- DEVSEL=medium >TAbort- <TAbort- <MAbort- >SERR- <PERR- INTx-
	Latency: 0
00:14.4 PCI bridge: ATI Technologies Inc SBx00 PCI to PCI Bridge (prog-if 01 [Subtractive decode])
	Control: I/O+ Mem+ BusMaster+ SpecCycle- MemWINV- VGASnoop- ParErr- Stepping- SERR+ FastB2B- DisINTx-
	Status: Cap- 66MHz+ UDF- FastB2B+ ParErr- DEVSEL=medium >TAbort- <TAbort- <MAbort- >SERR- <PERR- INTx-
	Latency: 64
	Bus: primary=00, secondary=03, subordinate=03, sec-latency=64
	I/O behind bridge: 0000e000-0000efff
	Memory behind bridge: fb000000-fbffffff
	Prefetchable memory behind bridge: f9800000-f9ffffff
	Secondary status: 66MHz- FastB2B+ ParErr- DEVSEL=medium >TAbort- <TAbort- <MAbort+ <SERR- <PERR-
	BridgeCtl: Parity+ SERR+ NoISA- VGA+ MAbort- >Reset- FastB2B-
		PriDiscTmr- SecDiscTmr- DiscTmrStat- DiscTmrSERREn-
00:18.0 Host bridge: Advanced Micro Devices [AMD] K8 [Athlon64/Opteron] HyperTransport Technology Configuration
	Control: I/O- Mem- BusMaster- SpecCycle- MemWINV- VGASnoop- ParErr- Stepping- SERR- FastB2B- DisINTx-
	Status: Cap+ 66MHz- UDF- FastB2B- ParErr- DEVSEL=fast >TAbort- <TAbort- <MAbort- >SERR- <PERR- INTx-
	Capabilities: [80] HyperTransport: Host or Secondary Interface
		!!! Possibly incomplete decoding
		Command: WarmRst+ DblEnd-
		Link Control: CFlE- CST- CFE- <LkFail- Init+ EOC- TXO- <CRCErr=0
		Link Config: MLWI=16bit MLWO=16bit LWI=16bit LWO=16bit
		Revision ID: 1.02
00:18.1 Host bridge: Advanced Micro Devices [AMD] K8 [Athlon64/Opteron] Address Map
	Control: I/O- Mem- BusMaster- SpecCycle- MemWINV- VGASnoop- ParErr- Stepping- SERR- FastB2B- DisINTx-
	Status: Cap- 66MHz- UDF- FastB2B- ParErr- DEVSEL=fast >TAbort- <TAbort- <MAbort- >SERR- <PERR- INTx-
00:18.2 Host bridge: Advanced Micro Devices [AMD] K8 [Athlon64/Opteron] DRAM Controller
	Control: I/O- Mem- BusMaster- SpecCycle- MemWINV- VGASnoop- ParErr- Stepping- SERR- FastB2B- DisINTx-
	Status: Cap- 66MHz- UDF- FastB2B- ParErr- DEVSEL=fast >TAbort- <TAbort- <MAbort- >SERR- <PERR- INTx-
00:18.3 Host bridge: Advanced Micro Devices [AMD] K8 [Athlon64/Opteron] Miscellaneous Control
	Control: I/O- Mem- BusMaster- SpecCycle- MemWINV- VGASnoop- ParErr- Stepping- SERR- FastB2B- DisINTx-
	Status: Cap+ 66MHz- UDF- FastB2B- ParErr- DEVSEL=fast >TAbort- <TAbort- <MAbort- >SERR- <PERR- INTx-
	Capabilities: [f0] Secure device <?>
	Kernel driver in use: k8temp
	Kernel modules: k8temp
01:00.0 Ethernet controller: Intel Corporation 82572EI Gigabit Ethernet Controller (Copper) (rev 06)
	Subsystem: Intel Corporation PRO/1000 PT Desktop Adapter
	Control: I/O+ Mem+ BusMaster+ SpecCycle- MemWINV- VGASnoop- ParErr- Stepping- SERR+ FastB2B- DisINTx-
	Status: Cap+ 66MHz- UDF- FastB2B- ParErr- DEVSEL=fast >TAbort- <TAbort- <MAbort- >SERR- <PERR- INTx-
	Latency: 0, Cache Line Size: 64 bytes
	Interrupt: pin A routed to IRQ 16
	Region 0: Memory at faee0000 (32-bit, non-prefetchable) [size=128K]
	Region 1: Memory at faec0000 (32-bit, non-prefetchable) [size=128K]
	Region 2: I/O ports at cc00 [size=32]
	Expansion ROM at faea0000 [disabled] [size=128K]
	Capabilities: [c8] Power Management version 2
		Flags: PMEClk- DSI+ D1- D2- AuxCurrent=0mA PME(D0+,D1-,D2-,D3hot+,D3cold+)
		Status: D0 PME-Enable- DSel=0 DScale=1 PME-
	Capabilities: [d0] Message Signalled Interrupts: Mask- 64bit+ Queue=0/0 Enable-
		Address: 0000000000000000  Data: 0000
	Capabilities: [e0] Express (v1) Endpoint, MSI 00
		DevCap:	MaxPayload 256 bytes, PhantFunc 0, Latency L0s <512ns, L1 <64us
			ExtTag- AttnBtn- AttnInd- PwrInd- RBE- FLReset-
		DevCtl:	Report errors: Correctable- Non-Fatal- Fatal- Unsupported-
			RlxdOrd- ExtTag- PhantFunc- AuxPwr- NoSnoop+
			MaxPayload 128 bytes, MaxReadReq 512 bytes
		DevSta:	CorrErr- UncorrErr+ FatalErr- UnsuppReq+ AuxPwr+ TransPend-
		LnkCap:	Port #1, Speed 2.5GT/s, Width x1, ASPM L0s, Latency L0 <4us, L1 <64us
			ClockPM- Suprise- LLActRep- BwNot-
		LnkCtl:	ASPM Disabled; RCB 64 bytes Disabled- Retrain- CommClk+
			ExtSynch- ClockPM- AutWidDis- BWInt- AutBWInt-
		LnkSta:	Speed 2.5GT/s, Width x1, TrErr- Train- SlotClk+ DLActive- BWMgmt- ABWMgmt-
	Kernel driver in use: e1000
	Kernel modules: e1000
02:00.0 SATA controller: JMicron Technologies, Inc. JMicron 20360/20363 AHCI Controller (rev 02) (prog-if 01 [AHCI 1.0])
	Subsystem: ASUSTeK Computer Inc. Unknown device 8202
	Control: I/O+ Mem+ BusMaster+ SpecCycle- MemWINV- VGASnoop- ParErr- Stepping- SERR+ FastB2B- DisINTx-
	Status: Cap+ 66MHz- UDF- FastB2B- ParErr- DEVSEL=fast >TAbort- <TAbort- <MAbort- >SERR- <PERR- INTx-
	Latency: 0, Cache Line Size: 64 bytes
	Interrupt: pin A routed to IRQ 17
	Region 0: I/O ports at dc00 [size=8]
	Region 1: I/O ports at d880 [size=4]
	Region 2: I/O ports at d800 [size=8]
	Region 3: I/O ports at d480 [size=4]
	Region 4: I/O ports at d400 [size=16]
	Region 5: Memory at faffe000 (32-bit, non-prefetchable) [size=8K]
	Capabilities: [68] Power Management version 2
		Flags: PMEClk- DSI- D1- D2- AuxCurrent=0mA PME(D0-,D1-,D2-,D3hot+,D3cold-)
		Status: D0 PME-Enable- DSel=0 DScale=0 PME-
	Capabilities: [50] Express (v1) Legacy Endpoint, MSI 01
		DevCap:	MaxPayload 128 bytes, PhantFunc 0, Latency L0s <64ns, L1 <1us
			ExtTag- AttnBtn- AttnInd- PwrInd- RBE- FLReset-
		DevCtl:	Report errors: Correctable- Non-Fatal- Fatal- Unsupported-
			RlxdOrd- ExtTag- PhantFunc- AuxPwr- NoSnoop-
			MaxPayload 128 bytes, MaxReadReq 512 bytes
		DevSta:	CorrErr- UncorrErr- FatalErr- UnsuppReq+ AuxPwr- TransPend-
		LnkCap:	Port #1, Speed 2.5GT/s, Width x1, ASPM L0s, Latency L0 <1us, L1 <16us
			ClockPM- Suprise- LLActRep- BwNot-
		LnkCtl:	ASPM Disabled; RCB 64 bytes Disabled- Retrain- CommClk+
			ExtSynch- ClockPM- AutWidDis- BWInt- AutBWInt-
		LnkSta:	Speed 2.5GT/s, Width x1, TrErr- Train- SlotClk+ DLActive- BWMgmt- ABWMgmt-
	Kernel driver in use: ahci
	Kernel modules: ahci
03:01.0 VGA compatible controller: Matrox Graphics, Inc. MGA 1064SG [Mystique] (rev 02) (prog-if 00 [VGA controller])
	Control: I/O+ Mem+ BusMaster+ SpecCycle- MemWINV- VGASnoop- ParErr- Stepping+ SERR- FastB2B- DisINTx-
	Status: Cap- 66MHz- UDF- FastB2B+ ParErr- DEVSEL=medium >TAbort- <TAbort- <MAbort- >SERR- <PERR- INTx-
	Latency: 64
	Interrupt: pin A routed to IRQ 9
	Region 0: Memory at fbffc000 (32-bit, non-prefetchable) [size=16K]
	Region 1: Memory at f9800000 (32-bit, prefetchable) [size=8M]
	Region 2: Memory at fb000000 (32-bit, non-prefetchable) [size=8M]
	Expansion ROM at fb820000 [disabled] [size=64K]
03:03.0 FireWire (IEEE 1394): VIA Technologies, Inc. IEEE 1394 Host Controller (rev c0) (prog-if 10 [OHCI])
	Subsystem: ASUSTeK Computer Inc. Unknown device 81fe
	Control: I/O+ Mem+ BusMaster+ SpecCycle- MemWINV+ VGASnoop- ParErr- Stepping- SERR+ FastB2B- DisINTx-
	Status: Cap+ 66MHz- UDF- FastB2B- ParErr- DEVSEL=medium >TAbort- <TAbort- <MAbort- >SERR- <PERR- INTx-
	Latency: 64 (8000ns max), Cache Line Size: 64 bytes
	Interrupt: pin A routed to IRQ 3
	Region 0: Memory at fbffb800 (32-bit, non-prefetchable) [size=2K]
	Region 1: I/O ports at ec00 [size=128]
	Capabilities: [50] Power Management version 2
		Flags: PMEClk- DSI- D1- D2+ AuxCurrent=0mA PME(D0-,D1-,D2+,D3hot+,D3cold+)
		Status: D0 PME-Enable- DSel=0 DScale=0 PME-
03:04.0 Ethernet controller: Marvell Technology Group Ltd. 88E8001 Gigabit Ethernet Controller (rev 13)
	Subsystem: ASUSTeK Computer Inc. Marvell 88E8001 Gigabit Ethernet Controller (Asus)
	Control: I/O+ Mem+ BusMaster+ SpecCycle- MemWINV+ VGASnoop- ParErr- Stepping- SERR+ FastB2B- DisINTx-
	Status: Cap+ 66MHz+ UDF- FastB2B+ ParErr- DEVSEL=medium >TAbort- <TAbort- <MAbort- >SERR- <PERR- INTx-
	Latency: 64 (5750ns min, 7750ns max), Cache Line Size: 64 bytes
	Interrupt: pin A routed to IRQ 23
	Region 0: Memory at fbff4000 (32-bit, non-prefetchable) [size=16K]
	Region 1: I/O ports at e800 [size=256]
	Expansion ROM at fb800000 [disabled] [size=128K]
	Capabilities: [48] Power Management version 2
		Flags: PMEClk- DSI- D1+ D2+ AuxCurrent=0mA PME(D0+,D1+,D2+,D3hot+,D3cold+)
		Status: D0 PME-Enable- DSel=0 DScale=1 PME-
	Capabilities: [50] Vital Product Data <?>
	Kernel driver in use: skge
	Kernel modules: skge
#                                                                               root@hades ~ # lspci -vvvn
00:00.0 0600: 1002:5952
	Subsystem: 1002:5952
	Control: I/O- Mem+ BusMaster+ SpecCycle- MemWINV- VGASnoop- ParErr- Stepping- SERR- FastB2B- DisINTx-
	Status: Cap- 66MHz+ UDF- FastB2B- ParErr- DEVSEL=medium >TAbort- <TAbort- <MAbort+ >SERR- <PERR- INTx-
	Latency: 0
00:04.0 0604: 1002:5a36 (prog-if 00 [Normal decode])
	Control: I/O+ Mem+ BusMaster+ SpecCycle- MemWINV- VGASnoop- ParErr- Stepping- SERR+ FastB2B- DisINTx+
	Status: Cap+ 66MHz- UDF- FastB2B- ParErr- DEVSEL=fast >TAbort- <TAbort- <MAbort- >SERR- <PERR- INTx-
	Latency: 0, Cache Line Size: 64 bytes
	Bus: primary=00, secondary=01, subordinate=01, sec-latency=0
	I/O behind bridge: 0000c000-0000cfff
	Memory behind bridge: fae00000-faefffff
	Prefetchable memory behind bridge: 00000000fff00000-00000000000fffff
	Secondary status: 66MHz- FastB2B- ParErr- DEVSEL=fast >TAbort- <TAbort- <MAbort- <SERR- <PERR-
	BridgeCtl: Parity+ SERR+ NoISA- VGA- MAbort- >Reset- FastB2B-
		PriDiscTmr- SecDiscTmr- DiscTmrStat- DiscTmrSERREn-
	Capabilities: [50] Power Management version 3
		Flags: PMEClk- DSI- D1- D2- AuxCurrent=0mA PME(D0+,D1-,D2-,D3hot+,D3cold+)
		Status: D0 PME-Enable- DSel=0 DScale=0 PME-
	Capabilities: [58] Express (v1) Root Port (Slot-), MSI 00
		DevCap:	MaxPayload 128 bytes, PhantFunc 0, Latency L0s <64ns, L1 <1us
			ExtTag+ RBE- FLReset-
		DevCtl:	Report errors: Correctable+ Non-Fatal+ Fatal+ Unsupported+
			RlxdOrd+ ExtTag- PhantFunc- AuxPwr- NoSnoop+
			MaxPayload 128 bytes, MaxReadReq 128 bytes
		DevSta:	CorrErr- UncorrErr- FatalErr- UnsuppReq- AuxPwr- TransPend-
		LnkCap:	Port #1, Speed 2.5GT/s, Width x1, ASPM L0s L1, Latency L0 <64ns, L1 <1us
			ClockPM- Suprise- LLActRep- BwNot-
		LnkCtl:	ASPM Disabled; RCB 64 bytes Disabled- Retrain- CommClk+
			ExtSynch- ClockPM- AutWidDis- BWInt- AutBWInt-
		LnkSta:	Speed 2.5GT/s, Width x1, TrErr- Train- SlotClk+ DLActive- BWMgmt- ABWMgmt-
		RootCtl: ErrCorrectable- ErrNon-Fatal- ErrFatal- PMEIntEna- CRSVisible-
		RootCap: CRSVisible-
		RootSta: PME ReqID 0000, PMEStatus- PMEPending-
	Capabilities: [80] Message Signalled Interrupts: Mask- 64bit- Queue=0/0 Enable+
		Address: fee0300c  Data: 4149
	Capabilities: [b0] Subsystem: 1002:5952
	Capabilities: [b8] HyperTransport: MSI Mapping Enable+ Fixed+
	Kernel driver in use: pcieport-driver
00:05.0 0604: 1002:5a37 (prog-if 00 [Normal decode])
	Control: I/O+ Mem+ BusMaster+ SpecCycle- MemWINV- VGASnoop- ParErr- Stepping- SERR+ FastB2B- DisINTx+
	Status: Cap+ 66MHz- UDF- FastB2B- ParErr- DEVSEL=fast >TAbort- <TAbort- <MAbort- >SERR- <PERR- INTx-
	Latency: 0, Cache Line Size: 64 bytes
	Bus: primary=00, secondary=02, subordinate=02, sec-latency=0
	I/O behind bridge: 0000d000-0000dfff
	Memory behind bridge: faf00000-faffffff
	Prefetchable memory behind bridge: 00000000fff00000-00000000000fffff
	Secondary status: 66MHz- FastB2B- ParErr- DEVSEL=fast >TAbort- <TAbort- <MAbort- <SERR- <PERR-
	BridgeCtl: Parity+ SERR+ NoISA- VGA- MAbort- >Reset- FastB2B-
		PriDiscTmr- SecDiscTmr- DiscTmrStat- DiscTmrSERREn-
	Capabilities: [50] Power Management version 3
		Flags: PMEClk- DSI- D1- D2- AuxCurrent=0mA PME(D0+,D1-,D2-,D3hot+,D3cold+)
		Status: D0 PME-Enable- DSel=0 DScale=0 PME-
	Capabilities: [58] Express (v1) Root Port (Slot-), MSI 00
		DevCap:	MaxPayload 128 bytes, PhantFunc 0, Latency L0s <64ns, L1 <1us
			ExtTag+ RBE- FLReset-
		DevCtl:	Report errors: Correctable+ Non-Fatal+ Fatal+ Unsupported+
			RlxdOrd+ ExtTag- PhantFunc- AuxPwr- NoSnoop+
			MaxPayload 128 bytes, MaxReadReq 128 bytes
		DevSta:	CorrErr- UncorrErr- FatalErr- UnsuppReq- AuxPwr- TransPend-
		LnkCap:	Port #2, Speed 2.5GT/s, Width x1, ASPM L0s L1, Latency L0 <64ns, L1 <1us
			ClockPM- Suprise- LLActRep- BwNot-
		LnkCtl:	ASPM Disabled; RCB 64 bytes Disabled- Retrain- CommClk+
			ExtSynch- ClockPM- AutWidDis- BWInt- AutBWInt-
		LnkSta:	Speed 2.5GT/s, Width x1, TrErr- Train- SlotClk+ DLActive- BWMgmt- ABWMgmt-
		RootCtl: ErrCorrectable- ErrNon-Fatal- ErrFatal- PMEIntEna- CRSVisible-
		RootCap: CRSVisible-
		RootSta: PME ReqID 0000, PMEStatus- PMEPending-
	Capabilities: [80] Message Signalled Interrupts: Mask- 64bit- Queue=0/0 Enable+
		Address: fee0300c  Data: 4151
	Capabilities: [b0] Subsystem: 1002:5952
	Capabilities: [b8] HyperTransport: MSI Mapping Enable+ Fixed+
	Kernel driver in use: pcieport-driver
00:12.0 0106: 1002:4380 (prog-if 01 [AHCI 1.0])
	Subsystem: 1043:8232
	Control: I/O+ Mem+ BusMaster+ SpecCycle- MemWINV- VGASnoop- ParErr- Stepping- SERR+ FastB2B- DisINTx+
	Status: Cap+ 66MHz+ UDF- FastB2B- ParErr- DEVSEL=medium >TAbort- <TAbort- <MAbort- >SERR- <PERR- INTx-
	Latency: 96, Cache Line Size: 64 bytes
	Interrupt: pin A routed to IRQ 509
	Region 0: I/O ports at b000 [size=8]
	Region 1: I/O ports at a000 [size=4]
	Region 2: I/O ports at 9000 [size=8]
	Region 3: I/O ports at 8000 [size=4]
	Region 4: I/O ports at 7000 [size=16]
	Region 5: Memory at fadffc00 (32-bit, non-prefetchable) [size=1K]
	Capabilities: [60] Power Management version 2
		Flags: PMEClk- DSI+ D1- D2- AuxCurrent=0mA PME(D0-,D1-,D2-,D3hot-,D3cold-)
		Status: D0 PME-Enable- DSel=0 DScale=0 PME-
	Capabilities: [50] Message Signalled Interrupts: Mask- 64bit+ Queue=0/2 Enable+
		Address: 00000000fee0300c  Data: 4169
	Capabilities: [70] SATA HBA <?>
	Kernel driver in use: ahci
	Kernel modules: ahci
00:13.0 0c03: 1002:4387 (prog-if 10 [OHCI])
	Subsystem: 1002:4387
	Control: I/O+ Mem+ BusMaster+ SpecCycle- MemWINV+ VGASnoop- ParErr- Stepping- SERR+ FastB2B- DisINTx-
	Status: Cap+ 66MHz+ UDF- FastB2B+ ParErr- DEVSEL=medium >TAbort- <TAbort- <MAbort- >SERR- <PERR- INTx-
	Latency: 64, Cache Line Size: 64 bytes
	Interrupt: pin A routed to IRQ 16
	Region 0: Memory at fadfe000 (32-bit, non-prefetchable) [size=4K]
	Capabilities: [d0] Message Signalled Interrupts: Mask- 64bit- Queue=0/0 Enable-
		Address: 00000000  Data: 0000
	Kernel driver in use: ohci_hcd
	Kernel modules: ohci-hcd
00:13.1 0c03: 1002:4388 (prog-if 10 [OHCI])
	Subsystem: 1002:4388
	Control: I/O+ Mem+ BusMaster+ SpecCycle- MemWINV+ VGASnoop- ParErr- Stepping- SERR+ FastB2B- DisINTx-
	Status: Cap+ 66MHz+ UDF- FastB2B+ ParErr- DEVSEL=medium >TAbort- <TAbort- <MAbort- >SERR- <PERR- INTx-
	Latency: 64, Cache Line Size: 64 bytes
	Interrupt: pin B routed to IRQ 17
	Region 0: Memory at fadfd000 (32-bit, non-prefetchable) [size=4K]
	Capabilities: [d0] Message Signalled Interrupts: Mask- 64bit- Queue=0/0 Enable-
		Address: 00000000  Data: 0000
	Kernel driver in use: ohci_hcd
	Kernel modules: ohci-hcd
00:13.2 0c03: 1002:4389 (prog-if 10 [OHCI])
	Subsystem: 1002:4389
	Control: I/O+ Mem+ BusMaster+ SpecCycle- MemWINV+ VGASnoop- ParErr- Stepping- SERR+ FastB2B- DisINTx-
	Status: Cap+ 66MHz+ UDF- FastB2B+ ParErr- DEVSEL=medium >TAbort- <TAbort- <MAbort- >SERR- <PERR- INTx-
	Latency: 64, Cache Line Size: 64 bytes
	Interrupt: pin C routed to IRQ 18
	Region 0: Memory at fadfc000 (32-bit, non-prefetchable) [size=4K]
	Capabilities: [d0] Message Signalled Interrupts: Mask- 64bit- Queue=0/0 Enable-
		Address: 00000000  Data: 0000
	Kernel driver in use: ohci_hcd
	Kernel modules: ohci-hcd
00:13.3 0c03: 1002:438a (prog-if 10 [OHCI])
	Subsystem: 1002:438a
	Control: I/O+ Mem+ BusMaster+ SpecCycle- MemWINV+ VGASnoop- ParErr- Stepping- SERR+ FastB2B- DisINTx-
	Status: Cap+ 66MHz+ UDF- FastB2B+ ParErr- DEVSEL=medium >TAbort- <TAbort- <MAbort- >SERR- <PERR- INTx-
	Latency: 64, Cache Line Size: 64 bytes
	Interrupt: pin B routed to IRQ 17
	Region 0: Memory at fadf7000 (32-bit, non-prefetchable) [size=4K]
	Capabilities: [d0] Message Signalled Interrupts: Mask- 64bit- Queue=0/0 Enable-
		Address: 00000000  Data: 0000
	Kernel driver in use: ohci_hcd
	Kernel modules: ohci-hcd
00:13.4 0c03: 1002:438b (prog-if 10 [OHCI])
	Subsystem: 1002:438b
	Control: I/O+ Mem+ BusMaster+ SpecCycle- MemWINV+ VGASnoop- ParErr- Stepping- SERR+ FastB2B- DisINTx-
	Status: Cap+ 66MHz+ UDF- FastB2B+ ParErr- DEVSEL=medium >TAbort- <TAbort- <MAbort- >SERR- <PERR- INTx-
	Latency: 64, Cache Line Size: 64 bytes
	Interrupt: pin C routed to IRQ 18
	Region 0: Memory at fadf6000 (32-bit, non-prefetchable) [size=4K]
	Capabilities: [d0] Message Signalled Interrupts: Mask- 64bit- Queue=0/0 Enable-
		Address: 00000000  Data: 0000
	Kernel driver in use: ohci_hcd
	Kernel modules: ohci-hcd
00:13.5 0c03: 1002:4386 (prog-if 20 [EHCI])
	Subsystem: 1002:4386
	Control: I/O+ Mem+ BusMaster+ SpecCycle- MemWINV+ VGASnoop- ParErr- Stepping- SERR+ FastB2B- DisINTx-
	Status: Cap+ 66MHz+ UDF- FastB2B+ ParErr- DEVSEL=medium >TAbort- <TAbort- <MAbort- >SERR- <PERR- INTx-
	Latency: 64, Cache Line Size: 64 bytes
	Interrupt: pin D routed to IRQ 19
	Region 0: Memory at fadff800 (32-bit, non-prefetchable) [size=256]
	Capabilities: [c0] Power Management version 2
		Flags: PMEClk- DSI- D1+ D2+ AuxCurrent=0mA PME(D0+,D1+,D2+,D3hot+,D3cold-)
		Status: D0 PME-Enable- DSel=0 DScale=0 PME-
		Bridge: PM- B3+
	Capabilities: [d0] Message Signalled Interrupts: Mask- 64bit- Queue=0/0 Enable-
		Address: 00000000  Data: 0000
	Capabilities: [e4] Debug port: BAR=1 offset=00e0
	Kernel driver in use: ehci_hcd
	Kernel modules: ehci-hcd
00:14.0 0c05: 1002:4385 (rev 13)
	Subsystem: 1043:4385
	Control: I/O+ Mem+ BusMaster- SpecCycle- MemWINV- VGASnoop- ParErr- Stepping- SERR- FastB2B- DisINTx+
	Status: Cap+ 66MHz+ UDF- FastB2B- ParErr- DEVSEL=medium >TAbort- <TAbort- <MAbort- >SERR- <PERR- INTx-
	Region 0: I/O ports at 0b00 [size=16]
	Region 1: Memory at fed00000 (32-bit, non-prefetchable) [size=1K]
	Capabilities: [b0] HyperTransport: MSI Mapping Enable- Fixed+
00:14.1 0101: 1002:438c (prog-if 8a [Master SecP PriP])
	Subsystem: 1002:438c
	Control: I/O+ Mem- BusMaster+ SpecCycle- MemWINV- VGASnoop- ParErr- Stepping- SERR- FastB2B- DisINTx-
	Status: Cap+ 66MHz+ UDF- FastB2B- ParErr- DEVSEL=medium >TAbort- <TAbort- <MAbort- >SERR- <PERR- INTx-
	Latency: 64
	Interrupt: pin A routed to IRQ 16
	Region 0: I/O ports at 01f0 [size=8]
	Region 1: I/O ports at 03f4 [size=1]
	Region 2: I/O ports at 0170 [size=8]
	Region 3: I/O ports at 0374 [size=1]
	Region 4: I/O ports at ff00 [size=16]
	Capabilities: [70] Message Signalled Interrupts: Mask- 64bit- Queue=0/0 Enable-
		Address: 00000000  Data: 0000
	Kernel driver in use: pata_atiixp
	Kernel modules: pata_atiixp
00:14.2 0403: 1002:4383
	Subsystem: 1002:4383
	Control: I/O- Mem+ BusMaster+ SpecCycle- MemWINV- VGASnoop- ParErr- Stepping- SERR- FastB2B- DisINTx-
	Status: Cap+ 66MHz- UDF- FastB2B- ParErr- DEVSEL=slow >TAbort- <TAbort- <MAbort- >SERR- <PERR- INTx-
	Latency: 64, Cache Line Size: 64 bytes
	Interrupt: pin ? routed to IRQ 16
	Region 0: Memory at fadf0000 (64-bit, non-prefetchable) [size=16K]
	Capabilities: [50] Power Management version 2
		Flags: PMEClk- DSI- D1- D2- AuxCurrent=55mA PME(D0+,D1-,D2-,D3hot+,D3cold+)
		Status: D0 PME-Enable- DSel=0 DScale=0 PME-
	Capabilities: [60] Message Signalled Interrupts: Mask- 64bit+ Queue=0/0 Enable-
		Address: 0000000000000000  Data: 0000
	Kernel driver in use: HDA Intel
	Kernel modules: snd-hda-intel
00:14.3 0601: 1002:438d
	Subsystem: 1002:438d
	Control: I/O+ Mem+ BusMaster+ SpecCycle+ MemWINV- VGASnoop- ParErr- Stepping- SERR- FastB2B- DisINTx-
	Status: Cap- 66MHz+ UDF- FastB2B- ParErr- DEVSEL=medium >TAbort- <TAbort- <MAbort- >SERR- <PERR- INTx-
	Latency: 0
00:14.4 0604: 1002:4384 (prog-if 01 [Subtractive decode])
	Control: I/O+ Mem+ BusMaster+ SpecCycle- MemWINV- VGASnoop- ParErr- Stepping- SERR+ FastB2B- DisINTx-
	Status: Cap- 66MHz+ UDF- FastB2B+ ParErr- DEVSEL=medium >TAbort- <TAbort- <MAbort- >SERR- <PERR- INTx-
	Latency: 64
	Bus: primary=00, secondary=03, subordinate=03, sec-latency=64
	I/O behind bridge: 0000e000-0000efff
	Memory behind bridge: fb000000-fbffffff
	Prefetchable memory behind bridge: f9800000-f9ffffff
	Secondary status: 66MHz- FastB2B+ ParErr- DEVSEL=medium >TAbort- <TAbort- <MAbort+ <SERR- <PERR-
	BridgeCtl: Parity+ SERR+ NoISA- VGA+ MAbort- >Reset- FastB2B-
		PriDiscTmr- SecDiscTmr- DiscTmrStat- DiscTmrSERREn-
00:18.0 0600: 1022:1100
	Control: I/O- Mem- BusMaster- SpecCycle- MemWINV- VGASnoop- ParErr- Stepping- SERR- FastB2B- DisINTx-
	Status: Cap+ 66MHz- UDF- FastB2B- ParErr- DEVSEL=fast >TAbort- <TAbort- <MAbort- >SERR- <PERR- INTx-
	Capabilities: [80] HyperTransport: Host or Secondary Interface
		!!! Possibly incomplete decoding
		Command: WarmRst+ DblEnd-
		Link Control: CFlE- CST- CFE- <LkFail- Init+ EOC- TXO- <CRCErr=0
		Link Config: MLWI=16bit MLWO=16bit LWI=16bit LWO=16bit
		Revision ID: 1.02
00:18.1 0600: 1022:1101
	Control: I/O- Mem- BusMaster- SpecCycle- MemWINV- VGASnoop- ParErr- Stepping- SERR- FastB2B- DisINTx-
	Status: Cap- 66MHz- UDF- FastB2B- ParErr- DEVSEL=fast >TAbort- <TAbort- <MAbort- >SERR- <PERR- INTx-
00:18.2 0600: 1022:1102
	Control: I/O- Mem- BusMaster- SpecCycle- MemWINV- VGASnoop- ParErr- Stepping- SERR- FastB2B- DisINTx-
	Status: Cap- 66MHz- UDF- FastB2B- ParErr- DEVSEL=fast >TAbort- <TAbort- <MAbort- >SERR- <PERR- INTx-
00:18.3 0600: 1022:1103
	Control: I/O- Mem- BusMaster- SpecCycle- MemWINV- VGASnoop- ParErr- Stepping- SERR- FastB2B- DisINTx-
	Status: Cap+ 66MHz- UDF- FastB2B- ParErr- DEVSEL=fast >TAbort- <TAbort- <MAbort- >SERR- <PERR- INTx-
	Capabilities: [f0] Secure device <?>
	Kernel driver in use: k8temp
	Kernel modules: k8temp
01:00.0 0200: 8086:10b9 (rev 06)
	Subsystem: 8086:1083
	Control: I/O+ Mem+ BusMaster+ SpecCycle- MemWINV- VGASnoop- ParErr- Stepping- SERR+ FastB2B- DisINTx-
	Status: Cap+ 66MHz- UDF- FastB2B- ParErr- DEVSEL=fast >TAbort- <TAbort- <MAbort- >SERR- <PERR- INTx-
	Latency: 0, Cache Line Size: 64 bytes
	Interrupt: pin A routed to IRQ 16
	Region 0: Memory at faee0000 (32-bit, non-prefetchable) [size=128K]
	Region 1: Memory at faec0000 (32-bit, non-prefetchable) [size=128K]
	Region 2: I/O ports at cc00 [size=32]
	Expansion ROM at faea0000 [disabled] [size=128K]
	Capabilities: [c8] Power Management version 2
		Flags: PMEClk- DSI+ D1- D2- AuxCurrent=0mA PME(D0+,D1-,D2-,D3hot+,D3cold+)
		Status: D0 PME-Enable- DSel=0 DScale=1 PME-
	Capabilities: [d0] Message Signalled Interrupts: Mask- 64bit+ Queue=0/0 Enable-
		Address: 0000000000000000  Data: 0000
	Capabilities: [e0] Express (v1) Endpoint, MSI 00
		DevCap:	MaxPayload 256 bytes, PhantFunc 0, Latency L0s <512ns, L1 <64us
			ExtTag- AttnBtn- AttnInd- PwrInd- RBE- FLReset-
		DevCtl:	Report errors: Correctable- Non-Fatal- Fatal- Unsupported-
			RlxdOrd- ExtTag- PhantFunc- AuxPwr- NoSnoop+
			MaxPayload 128 bytes, MaxReadReq 512 bytes
		DevSta:	CorrErr- UncorrErr+ FatalErr- UnsuppReq+ AuxPwr+ TransPend-
		LnkCap:	Port #1, Speed 2.5GT/s, Width x1, ASPM L0s, Latency L0 <4us, L1 <64us
			ClockPM- Suprise- LLActRep- BwNot-
		LnkCtl:	ASPM Disabled; RCB 64 bytes Disabled- Retrain- CommClk+
			ExtSynch- ClockPM- AutWidDis- BWInt- AutBWInt-
		LnkSta:	Speed 2.5GT/s, Width x1, TrErr- Train- SlotClk+ DLActive- BWMgmt- ABWMgmt-
	Kernel driver in use: e1000
	Kernel modules: e1000
02:00.0 0106: 197b:2360 (rev 02) (prog-if 01 [AHCI 1.0])
	Subsystem: 1043:8202
	Control: I/O+ Mem+ BusMaster+ SpecCycle- MemWINV- VGASnoop- ParErr- Stepping- SERR+ FastB2B- DisINTx-
	Status: Cap+ 66MHz- UDF- FastB2B- ParErr- DEVSEL=fast >TAbort- <TAbort- <MAbort- >SERR- <PERR- INTx-
	Latency: 0, Cache Line Size: 64 bytes
	Interrupt: pin A routed to IRQ 17
	Region 0: I/O ports at dc00 [size=8]
	Region 1: I/O ports at d880 [size=4]
	Region 2: I/O ports at d800 [size=8]
	Region 3: I/O ports at d480 [size=4]
	Region 4: I/O ports at d400 [size=16]
	Region 5: Memory at faffe000 (32-bit, non-prefetchable) [size=8K]
	Capabilities: [68] Power Management version 2
		Flags: PMEClk- DSI- D1- D2- AuxCurrent=0mA PME(D0-,D1-,D2-,D3hot+,D3cold-)
		Status: D0 PME-Enable- DSel=0 DScale=0 PME-
	Capabilities: [50] Express (v1) Legacy Endpoint, MSI 01
		DevCap:	MaxPayload 128 bytes, PhantFunc 0, Latency L0s <64ns, L1 <1us
			ExtTag- AttnBtn- AttnInd- PwrInd- RBE- FLReset-
		DevCtl:	Report errors: Correctable- Non-Fatal- Fatal- Unsupported-
			RlxdOrd- ExtTag- PhantFunc- AuxPwr- NoSnoop-
			MaxPayload 128 bytes, MaxReadReq 512 bytes
		DevSta:	CorrErr- UncorrErr- FatalErr- UnsuppReq+ AuxPwr- TransPend-
		LnkCap:	Port #1, Speed 2.5GT/s, Width x1, ASPM L0s, Latency L0 <1us, L1 <16us
			ClockPM- Suprise- LLActRep- BwNot-
		LnkCtl:	ASPM Disabled; RCB 64 bytes Disabled- Retrain- CommClk+
			ExtSynch- ClockPM- AutWidDis- BWInt- AutBWInt-
		LnkSta:	Speed 2.5GT/s, Width x1, TrErr- Train- SlotClk+ DLActive- BWMgmt- ABWMgmt-
	Kernel driver in use: ahci
	Kernel modules: ahci
03:01.0 0300: 102b:051a (rev 02) (prog-if 00 [VGA controller])
	Control: I/O+ Mem+ BusMaster+ SpecCycle- MemWINV- VGASnoop- ParErr- Stepping+ SERR- FastB2B- DisINTx-
	Status: Cap- 66MHz- UDF- FastB2B+ ParErr- DEVSEL=medium >TAbort- <TAbort- <MAbort- >SERR- <PERR- INTx-
	Latency: 64
	Interrupt: pin A routed to IRQ 9
	Region 0: Memory at fbffc000 (32-bit, non-prefetchable) [size=16K]
	Region 1: Memory at f9800000 (32-bit, prefetchable) [size=8M]
	Region 2: Memory at fb000000 (32-bit, non-prefetchable) [size=8M]
	Expansion ROM at fb820000 [disabled] [size=64K]
03:03.0 0c00: 1106:3044 (rev c0) (prog-if 10 [OHCI])
	Subsystem: 1043:81fe
	Control: I/O+ Mem+ BusMaster+ SpecCycle- MemWINV+ VGASnoop- ParErr- Stepping- SERR+ FastB2B- DisINTx-
	Status: Cap+ 66MHz- UDF- FastB2B- ParErr- DEVSEL=medium >TAbort- <TAbort- <MAbort- >SERR- <PERR- INTx-
	Latency: 64 (8000ns max), Cache Line Size: 64 bytes
	Interrupt: pin A routed to IRQ 3
	Region 0: Memory at fbffb800 (32-bit, non-prefetchable) [size=2K]
	Region 1: I/O ports at ec00 [size=128]
	Capabilities: [50] Power Management version 2
		Flags: PMEClk- DSI- D1- D2+ AuxCurrent=0mA PME(D0-,D1-,D2+,D3hot+,D3cold+)
		Status: D0 PME-Enable- DSel=0 DScale=0 PME-
03:04.0 0200: 11ab:4320 (rev 13)
	Subsystem: 1043:811a
	Control: I/O+ Mem+ BusMaster+ SpecCycle- MemWINV+ VGASnoop- ParErr- Stepping- SERR+ FastB2B- DisINTx-
	Status: Cap+ 66MHz+ UDF- FastB2B+ ParErr- DEVSEL=medium >TAbort- <TAbort- <MAbort- >SERR- <PERR- INTx-
	Latency: 64 (5750ns min, 7750ns max), Cache Line Size: 64 bytes
	Interrupt: pin A routed to IRQ 23
	Region 0: Memory at fbff4000 (32-bit, non-prefetchable) [size=16K]
	Region 1: I/O ports at e800 [size=256]
	Expansion ROM at fb800000 [disabled] [size=128K]
	Capabilities: [48] Power Management version 2
		Flags: PMEClk- DSI- D1+ D2+ AuxCurrent=0mA PME(D0+,D1+,D2+,D3hot+,D3cold+)
		Status: D0 PME-Enable- DSel=0 DScale=1 PME-
	Capabilities: [50] Vital Product Data <?>
	Kernel driver in use: skge
	Kernel modules: skge
2-bit, non-prefetchable) [size=2K]
	Region 1: I/O ports at ec00 [size=128]
	Capabilities: [50] Power Management version 2
		Flags: PMEClk- DSI- D1- D2+ AuxCurrent=0mA PME(D0-,D1-,D2+,D3hot+,D3cold+)
		Status: D0 PME-Enable- DSel=0 DScale=0 PME-
03:04.0 0200: 11ab:4320 (rev 13)
	Subsystem: 1043:811a
	Control: I/O+ Mem+ BusMaster+ SpecCycle- MemWINV+ VGASnoop- ParErr- Stepping- SERR+ FastB2B- DisINTx-
	Status: Cap+ 66MHz+ UDF- FastB2B+ ParErr- DEVSEL=medium >TAbort- <TAbort- <MAbort- >SERR- <PERR- INTx-
	Latency: 64 (5750ns min, 7750ns max), Cache Line Size: 64 bytes
	Interrupt: pin A routed to IRQ 23
	Region 0: Memory at fbff4000 (32-bit, non-prefetchable) [size=16K]
	Region 1: I/O ports at e800 [size=256]
	Expansion ROM at fb800000 [disabled] [size=128K]
	Capabilities: [48] Power Management version 2
		Flags: PMEClk- DSI- D1+ D2+ AuxCurrent=0mA PME(D0+,D1+,D2+,D3hot+,D3cold+)
		Status: D0 PME-Enable- DSel=0 DScale=1 PME-
	Capabilities: [50] Vital Product Data <?>
	Kernel driver in use: skge
	Kernel modules: skge
[    0.000000] Linux version 2.6.24.1 (root@highlander) (gcc version 4.2.3 (Debian 4.2.3-1)) #1 SMP Sat Feb 9 11:07:57 CET 2008
[    0.000000] Command line: root=LABEL=ROOT ro vga=extended console=tty0 console=ttyS0,115200
[    0.000000] BIOS-provided physical RAM map:
[    0.000000]  BIOS-e820: 0000000000000000 - 0000000000098000 (usable)
[    0.000000]  BIOS-e820: 0000000000098000 - 00000000000a0000 (reserved)
[    0.000000]  BIOS-e820: 00000000000e4000 - 0000000000100000 (reserved)
[    0.000000]  BIOS-e820: 0000000000100000 - 000000007ffb0000 (usable)
[    0.000000]  BIOS-e820: 000000007ffb0000 - 000000007ffbe000 (ACPI data)
[    0.000000]  BIOS-e820: 000000007ffbe000 - 000000007ffe0000 (ACPI NVS)
[    0.000000]  BIOS-e820: 000000007ffe0000 - 0000000080000000 (reserved)
[    0.000000]  BIOS-e820: 00000000ff700000 - 0000000100000000 (reserved)
[    0.000000] end_pfn_map = 1048576
[    0.000000] DMI 2.3 present.
[    0.000000] ACPI: RSDP 000FB400, 0024 (r2 ACPIAM)
[    0.000000] ACPI: XSDT 7FFB0100, 005C (r1 NEC              1000709 MSFT       97)
[    0.000000] ACPI: FACP 7FFB0290, 00F4 (r3 A_M_I_ OEMFACP   1000709 MSFT       97)
[    0.000000] ACPI: DSDT 7FFB05B0, 7A34 (r1  A0578 A0578000        0 INTL 20060113)
[    0.000000] ACPI: FACS 7FFBE000, 0040
[    0.000000] ACPI: APIC 7FFB0390, 005C (r1 A_M_I_ OEMAPIC   1000709 MSFT       97)
[    0.000000] ACPI: MCFG 7FFB03F0, 003C (r1 A_M_I_ OEMMCFG   1000709 MSFT       97)
[    0.000000] ACPI: SLIC 7FFB0430, 0176 (r1 NEC              1000709 MSFT       97)
[    0.000000] ACPI: OEMB 7FFBE040, 0060 (r1 A_M_I_ AMI_OEM   1000709 MSFT       97)
[    0.000000] ACPI: HPET 7FFB7FF0, 0038 (r1 A_M_I_ OEMHPET   1000709 MSFT       97)
[    0.000000] ACPI: SSDT 7FFB8030, 0248 (r1 A_M_I_ POWERNOW        1 AMD         1)
[    0.000000] Zone PFN ranges:
[    0.000000]   DMA             0 ->     4096
[    0.000000]   DMA32        4096 ->  1048576
[    0.000000]   Normal    1048576 ->  1048576
[    0.000000] Movable zone start PFN for each node
[    0.000000] early_node_map[2] active PFN ranges
[    0.000000]     0:        0 ->      152
[    0.000000]     0:      256 ->   524208
[    0.000000] ATI board detected. Disabling timer routing over 8254.
[    0.000000] ACPI: PM-Timer IO Port: 0x808
[    0.000000] ACPI: LAPIC (acpi_id[0x01] lapic_id[0x00] enabled)
[    0.000000] Processor #0 (Bootup-CPU)
[    0.000000] ACPI: LAPIC (acpi_id[0x02] lapic_id[0x01] enabled)
[    0.000000] Processor #1
[    0.000000] ACPI: IOAPIC (id[0x02] address[0xfec00000] gsi_base[0])
[    0.000000] IOAPIC[0]: apic_id 2, address 0xfec00000, GSI 0-23
[    0.000000] ACPI: INT_SRC_OVR (bus 0 bus_irq 0 global_irq 2 dfl dfl)
[    0.000000] ACPI: INT_SRC_OVR (bus 0 bus_irq 9 global_irq 9 low level)
[    0.000000] Setting APIC routing to flat
[    0.000000] ACPI: HPET id: 0x8300 base: 0xfed00000
[    0.000000] Using ACPI (MADT) for SMP configuration information
[    0.000000] Allocating PCI resources starting at 88000000 (gap: 80000000:7f700000)
[    0.000000] SMP: Allowing 2 CPUs, 0 hotplug CPUs
[    0.000000] PERCPU: Allocating 32624 bytes of per cpu data
[    0.000000] Built 1 zonelists in Zone order, mobility grouping on.  Total pages: 516128
[    0.000000] Kernel command line: root=LABEL=ROOT ro vga=extended console=tty0 console=ttyS0,115200
[    0.000000] Initializing CPU#0
[    0.000000] PID hash table entries: 4096 (order: 12, 32768 bytes)
[    0.000000] Extended CMOS year: 2000
[    0.000000] TSC calibrated against HPET
[   64.698527] Marking TSC unstable due to TSCs unsynchronized
[   64.698529] time.c: Detected 2405.448 MHz processor.
[   64.717798] Console: colour VGA+ 80x50
[   64.717801] console [tty0] enabled
[   64.722885] console [ttyS0] enabled
[   65.067150] Dentry cache hash table entries: 262144 (order: 9, 2097152 bytes)
[   65.075705] Inode-cache hash table entries: 131072 (order: 8, 1048576 bytes)
[   65.083276] Checking aperture...
[   65.086596] CPU 0: aperture @ fede000000 size 32 MB
[   65.091565] Aperture too small (32 MB)
[   65.104495] No AGP bridge found
[   65.123646] Memory: 2057172k/2096832k available (1727k kernel code, 38664k reserved, 832k data, 208k init)
[   65.133447] SLUB: Genslabs=11, HWalign=64, Order=0-1, MinObjects=4, CPUs=2, Nodes=1
[   65.200682] Calibrating delay using timer specific routine.. 4813.71 BogoMIPS (lpj=2406857)
[   65.209255] Mount-cache hash table entries: 256
[   65.213953] CPU: L1 I Cache: 64K (64 bytes/line), D cache 64K (64 bytes/line)
[   65.221183] CPU: L2 Cache: 512K (64 bytes/line)
[   65.225804] CPU: Physical Processor ID: 0
[   65.229901] CPU: Processor Core ID: 0
[   65.233673] SMP alternatives: switching to UP code
[   65.240501] ACPI: Core revision 20070126
[   65.257607] Using local APIC timer interrupts.
[   65.303873] Detected 12.528 MHz APIC timer.
[   65.308504] SMP alternatives: switching to SMP code
[   65.313735] Booting processor 1/2 APIC 0x1
[   65.328391] Initializing CPU#1
[   65.388759] Calibrating delay using timer specific routine.. 4810.82 BogoMIPS (lpj=2405413)
[   65.388765] CPU: L1 I Cache: 64K (64 bytes/line), D cache 64K (64 bytes/line)
[   65.388766] CPU: L2 Cache: 512K (64 bytes/line)
[   65.388768] CPU: Physical Processor ID: 0
[   65.388770] CPU: Processor Core ID: 1
[   65.388833] AMD Athlon(tm) 64 X2 Dual Core Processor 4600+ stepping 02
[   65.388438] Brought up 2 CPUs
[   65.429529] net_namespace: 120 bytes
[   65.434696] NET: Registered protocol family 16
[   65.439321] ACPI: bus type pci registered
[   65.443482] PCI: BIOS Bug: MCFG area at e0000000 is not E820-reserved
[   65.450006] PCI: Not using MMCONFIG.
[   65.453666] PCI: Using configuration type 1
[   65.465629] ACPI: Interpreter enabled
[   65.469380] ACPI: (supports S0 S5)
[   65.473018] ACPI: Using IOAPIC for interrupt routing
[   65.478330] Error attaching device data
[   65.482257] Error attaching device data
[   65.493960] ACPI: PCI Root Bridge [PCI0] (0000:00)
[   65.519948] PCI: Transparent bridge - 0000:00:14.4
[   65.543144] ACPI: PCI Interrupt Link [LNKA] (IRQs 3 4 5 7 10 11 12 14 15) *0, disabled.
[   65.552382] ACPI: PCI Interrupt Link [LNKB] (IRQs 3 4 5 7 10 11 12 14 15) *0, disabled.
[   65.563083] ACPI: PCI Interrupt Link [LNKC] (IRQs 3 4 5 7 10 11 12 14 15) *0, disabled.
[   65.572305] ACPI: PCI Interrupt Link [LNKD] (IRQs 3 4 5 7 10 11 12 14 15) *0, disabled.
[   65.581538] ACPI: PCI Interrupt Link [LNKE] (IRQs 3 4 5 7 10 11 12 14 15) *0, disabled.
[   65.590788] ACPI: PCI Interrupt Link [LNKF] (IRQs 9) *0, disabled.
[   65.597553] ACPI: PCI Interrupt Link [LNKG] (IRQs 3 4 5 7 10 11 12 14 15) *0, disabled.
[   65.606785] ACPI: PCI Interrupt Link [LNKH] (IRQs 3 4 5 7 10 11 12 14 15) *0, disabled.
[   65.615977] ACPI Warning (tbutils-0217): Incorrect checksum in table [OEMB] -  0E, should be 05 [20070126]
[   65.627180] Linux Plug and Play Support v0.97 (c) Adam Belay
[   65.632940] pnp: PnP ACPI init
[   65.636085] ACPI: bus type pnp registered
[   65.643944] pnp: PnP ACPI: found 15 devices
[   65.648223] ACPI: ACPI bus type pnp unregistered
[   65.653012] PCI: Using ACPI for IRQ routing
[   65.657285] PCI: If a device doesn't work, try "pci=routeirq".  If it helps, post a report
[   65.669853] DMAR:No DMAR devices found
[   65.673842] Time: hpet clocksource has been installed.
[   65.680913] system 00:06: ioport range 0x4d0-0x4d1 has been reserved
[   65.688638] system 00:06: ioport range 0x40b-0x40b has been reserved
[   65.695080] system 00:06: ioport range 0x4d6-0x4d6 has been reserved
[   65.701527] system 00:06: ioport range 0xc00-0xc01 has been reserved
[   65.707973] system 00:06: ioport range 0xc14-0xc14 has been reserved
[   65.714420] system 00:06: ioport range 0xc50-0xc51 has been reserved
[   65.720865] system 00:06: ioport range 0xc52-0xc52 has been reserved
[   65.727312] system 00:06: ioport range 0xc6c-0xc6c has been reserved
[   65.733758] system 00:06: ioport range 0xc6f-0xc6f has been reserved
[   65.740205] system 00:06: ioport range 0xcd0-0xcd1 has been reserved
[   65.746652] system 00:06: ioport range 0xcd2-0xcd3 has been reserved
[   65.754353] system 00:06: ioport range 0xcd4-0xcd5 has been reserved
[   65.760800] system 00:06: ioport range 0xcd6-0xcd7 has been reserved
[   65.767247] system 00:06: ioport range 0xcd8-0xcdf has been reserved
[   65.773692] system 00:06: ioport range 0x800-0x89f has been reserved
[   65.780138] system 00:06: ioport range 0xb10-0xb1f has been reserved
[   65.786585] system 00:06: ioport range 0x900-0x90f has been reserved
[   65.793033] system 00:06: ioport range 0x910-0x91f has been reserved
[   65.799475] system 00:06: ioport range 0xfe00-0xfefe has been reserved
[   65.806096] system 00:06: iomem range 0xffb80000-0xffbfffff could not be reserved
[   65.813700] system 00:06: iomem range 0xfff00000-0xffffffff could not be reserved
[   65.822524] system 00:06: iomem range 0xff600000-0xff60ffff has been reserved
[   65.829759] system 00:09: iomem range 0xfec00000-0xfec00fff has been reserved
[   65.836992] system 00:09: iomem range 0xfee00000-0xfee00fff could not be reserved
[   65.844603] system 00:0b: ioport range 0xe00-0xe0f has been reserved
[   65.851047] system 00:0b: ioport range 0xe80-0xe8f has been reserved
[   65.857492] system 00:0b: ioport range 0xf40-0xf4f has been reserved
[   65.863942] system 00:0b: ioport range 0xa30-0xa3f has been reserved
[   65.870390] system 00:0c: iomem range 0xe0000000-0xefffffff has been reserved
[   65.877617] system 00:0d: iomem range 0xf0000000-0xf08fffff has been reserved
[   65.886130] system 00:0e: iomem range 0x0-0x9ffff could not be reserved
[   65.892845] system 00:0e: iomem range 0xc0000-0xcffff has been reserved
[   65.899554] system 00:0e: iomem range 0xe0000-0xfffff could not be reserved
[   65.906608] system 00:0e: iomem range 0x100000-0x7fffffff could not be reserved
[   65.914035] system 00:0e: iomem range 0x0-0x0 could not be reserved
[   65.920687] PCI: Bridge: 0000:00:04.0
[   65.924440]   IO window: c000-cfff
[   65.927933]   MEM window: fae00000-faefffff
[   65.932210]   PREFETCH window: disabled.
[   65.936224] PCI: Bridge: 0000:00:05.0
[   65.939977]   IO window: d000-dfff
[   65.944741]   MEM window: faf00000-faffffff
[   65.949014]   PREFETCH window: disabled.
[   65.953030] PCI: Bridge: 0000:00:14.4
[   65.956786]   IO window: e000-efff
[   65.960280]   MEM window: fb000000-fbffffff
[   65.964557]   PREFETCH window: f9800000-f9ffffff
[   65.969289] NET: Registered protocol family 2
[   65.983447] IP route cache hash table entries: 65536 (order: 7, 524288 bytes)
[   65.991146] TCP established hash table entries: 262144 (order: 10, 4194304 bytes)
[   66.000367] TCP bind hash table entries: 65536 (order: 8, 1048576 bytes)
[   66.008808] TCP: Hash tables configured (established 262144 bind 65536)
[   66.015522] TCP reno registered
[   66.021450] checking if image is initramfs... it is
[   66.222261] Freeing initrd memory: 3541k freed
[   66.229213] audit: initializing netlink socket (disabled)
[   66.234715] audit(1202556795.894:1): initialized
[   66.241291] Block layer SCSI generic (bsg) driver version 0.4 loaded (major 254)
[   66.248835] io scheduler noop registered
[   66.252872] io scheduler deadline registered (default)
[   66.374221] assign_interrupt_mode Found MSI capability
[   66.379547] assign_interrupt_mode Found MSI capability
[   66.406794] Real Time Clock Driver v1.12ac
[   66.411021] Linux agpgart interface v0.102
[   66.415227] Serial: 8250/16550 driver $Revision: 1.90 $ 2 ports, IRQ sharing disabled
[   66.423300] serial8250: ttyS0 at I/O 0x3f8 (irq = 4) is a 16550A
[   66.429858] 00:0a: ttyS0 at I/O 0x3f8 (irq = 4) is a 16550A
[   66.436053] RAMDISK driver initialized: 16 RAM disks of 4096K size 1024 blocksize
[   66.443722] PNP: PS/2 Controller [PNP0303:PS2K] at 0x60,0x64 irq 1
[   66.450000] PNP: PS/2 appears to have AUX port disabled, if this is incorrect please boot with i8042.nopnp
[   66.459857] serio: i8042 KBD port at 0x60,0x64 irq 1
[   66.464968] mice: PS/2 mouse device common for all mice
[   66.470318] cpuidle: using governor ladder
[   66.474511] cpuidle: using governor menu
[   66.478550] TCP cubic registered
[   66.481981] BIOS EDD facility v0.16 2004-Jun-25, 6 devices found
[   66.488239] Freeing unused kernel memory: 208k freed
Loading, please wait...
^[^[[   66.513140] input: AT Translated Set 2 keyboard as /devices/platform/i8042/serio0/input/input0
Begin: Loading essential drivers... ...
[   66.575266] NET: Registered protocol family 1
Done.
Begin: Running /scripts/init-premount ...
[   66.631328] ACPI: duty_cycle spans bit 4
[   66.772225] SCSI subsystem initialized
[   66.776251] Intel(R) PRO/1000 Network Driver - version 7.3.20-k2-NAPI
[   66.783020] Copyright (c) 1999-2006 Intel Corporation.
[   66.788456] ACPI: PCI Interrupt 0000:01:00.0[A] -> GSI 16 (level, low) -> IRQ 16
[   66.844296] e1000: 0000:01:00.0: e1000_check_options: Interrupt Throttling Rate (ints/sec) set to dynamic conservative mode
[   66.856474] e1000: 0000:01:00.0: e1000_probe: (PCI Express:2.5Gb/s:Width x1) 00:1b:21:04:f5:02
[   66.891985] Floppy drive(s): fd0 is 1.44M
[   66.898775] usbcore: registered new interface driver usbfs
[   66.904582] usbcore: registered new interface driver hub
[   66.910971] FDC 0 is a post-1991 82077
[   66.915627] usbcore: registered new device driver usb
[   66.928261] e1000: eth0: e1000_probe: Intel(R) PRO/1000 Network Connection
[   66.935081] ACPI: PCI Interrupt 0000:00:12.0[A] -> GSI 21 (level, low) -> IRQ 21
[   66.943103] ahci 0000:00:12.0: controller can't do 64bit DMA, forcing 32bit
[   66.950374] ahci 0000:00:12.0: controller can't do PMP, turning off CAP_PMP
[   67.307246] udev: renamed network interface eth0 to eth1
[   67.956470] ahci 0000:00:12.0: AHCI 0001.0100 32 slots 4 ports 3 Gbps 0xf impl SATA mode
[   67.964996] ahci 0000:00:12.0: flags: ncq sntf ilck pm led clo pio slum part
[   67.972820] scsi0 : ahci
[   67.975699] scsi1 : ahci
[   67.978445] scsi2 : ahci
[   67.981178] scsi3 : ahci
[   67.983949] ata1: SATA max UDMA/133 abar m1024@0xfadffc00 port 0xfadffd00 irq 509
[   67.991825] ata2: SATA max UDMA/133 abar m1024@0xfadffc00 port 0xfadffd80 irq 509
[   67.999729] ata3: SATA max UDMA/133 abar m1024@0xfadffc00 port 0xfadffe00 irq 509
[   68.007619] ata4: SATA max UDMA/133 abar m1024@0xfadffc00 port 0xfadffe80 irq 509
[   68.470669] ata1: SATA link up 3.0 Gbps (SStatus 123 SControl 300)
[   98.431945] ata1.00: qc timeout (cmd 0xec)
[   98.454907] ata1.00: failed to IDENTIFY (I/O error, err_mask=0x4)
[   98.461296] ata1: failed to recover some devices, retrying in 5 secs
[  103.916773] ata1: SATA link up 3.0 Gbps (SStatus 123 SControl 300)
[  133.878045] ata1.00: qc timeout (cmd 0xec)
[  133.882371] ata1.00: failed to IDENTIFY (I/O error, err_mask=0x4)
[  133.888797] ata1: failed to recover some devices, retrying in 5 secs
[  139.343901] ata1: SATA link up 3.0 Gbps (SStatus 123 SControl 300)
[  169.305174] ata1.00: qc timeout (cmd 0xec)
[  169.309534] ata1.00: failed to IDENTIFY (I/O error, err_mask=0x4)
[  169.315926] ata1: failed to recover some devices, retrying in 5 secs
[  174.771030] ata1: SATA link up 3.0 Gbps (SStatus 123 SControl 300)
[  175.232784] ata2: SATA link up 3.0 Gbps (SStatus 123 SControl 300)
[  205.194064] ata2.00: qc timeout (cmd 0xec)
[  205.198424] ata2.00: failed to IDENTIFY (I/O error, err_mask=0x4)
[  205.204834] ata2: failed to recover some devices, retrying in 5 secs
[  210.659913] ata2: SATA link up 3.0 Gbps (SStatus 123 SControl 300)
[  240.621188] ata2.00: qc timeout (cmd 0xec)
[  240.625543] ata2.00: failed to IDENTIFY (I/O error, err_mask=0x4)
[  240.631935] ata2: failed to recover some devices, retrying in 5 secs
[  246.087042] ata2: SATA link up 3.0 Gbps (SStatus 123 SControl 300)
Done.
Begin: Mounting root file system... ...
Begin: Running /scripts/local-top ...
Begin: Loading MD modules ...
[  246.499384] xor: automatically using best checksumming function: generic_sse
[  246.511385]    generic_sse:  7332.000 MB/sec
[  246.515867] xor: using function: generic_sse (7332.000 MB/sec)
[  246.522249] async_tx: api initialized (sync-only)
[  246.547341] raid6: int64x1   2187 MB/s
[  246.567319] raid6: int64x2   2863 MB/s
[  246.587285] raid6: int64x4   2679 MB/s
[  246.607266] raid6: int64x8   2359 MB/s
[  246.628217] raid6: sse2x1    3417 MB/s
[  246.648189] raid6: sse2x2    4453 MB/s
[  246.668158] raid6: sse2x4    4605 MB/s
[  246.672126] raid6: using algorithm sse2x4 (4605 MB/s)
[  246.677478] md: raid6 personality registered for level 6
[  246.683066] md: raid5 personality registered for level 5
[  246.688675] md: raid4 personality registered for level 4
Success: loaded module raid456.
Done.
Begin: Assembling all MD arrays ...
mdadm: No devices listed in conf file were found.
Failure: failed to assemble all arrays.
Done.
Begin: Executing udevtrigger again ...
Done.
Done.
Begin: Waiting for root file system... ...
[  276.048325] ata2.00: qc timeout (cmd 0xec)
[  276.052689] ata2.00: failed to IDENTIFY (I/O error, err_mask=0x4)
[  276.059068] ata2: failed to recover some devices, retrying in 5 secs
[  281.514182] ata2: SATA link up 3.0 Gbps (SStatus 123 SControl 300)
[  281.975740] ata3: SATA link up 3.0 Gbps (SStatus 123 SControl 300)
[  311.936762] ata3.00: qc timeout (cmd 0xec)
[  311.941123] ata3.00: failed to IDENTIFY (I/O error, err_mask=0x4)
[  311.947544] ata3: failed to recover some devices, retrying in 5 secs
[  317.402620] ata3: SATA link up 3.0 Gbps (SStatus 123 SControl 300)
[  347.363902] ata3.00: qc timeout (cmd 0xec)
[  347.368261] ata3.00: failed to IDENTIFY (I/O error, err_mask=0x4)
[  347.374662] ata3: failed to recover some devices, retrying in 5 secs
[  352.829756] ata3: SATA link up 3.0 Gbps (SStatus 123 SControl 300)
[  382.791027] ata3.00: qc timeout (cmd 0xec)
[  382.795389] ata3.00: failed to IDENTIFY (I/O error, err_mask=0x4)
[  382.801766] ata3: failed to recover some devices, retrying in 5 secs
[  388.256887] ata3: SATA link up 3.0 Gbps (SStatus 123 SControl 300)
[  388.718190] ata4: SATA link up 3.0 Gbps (SStatus 123 SControl 300)
[  418.679474] ata4.00: qc timeout (cmd 0xec)
[  418.683838] ata4.00: failed to IDENTIFY (I/O error, err_mask=0x4)
[  418.690243] ata4: failed to recover some devices, retrying in 5 secs
[  424.145329] ata4: SATA link up 3.0 Gbps (SStatus 123 SControl 300)
Done.
ALERT!  /dev/disk/by-label/ROOT does not exist.  Dropping to a shell!
	Check your root= boot argument (cat /proc/cmdline)
Check for missing modules (cat /proc/modules), or device files (ls /dev)
BusyBox v1.1.3 (Debian 1:1.1.3-5) Built-in shell (ash)
Enter 'help' for a list of built-in commands.
/bin/sh: can't access tty; job control turned off
(initramfs) [  454.106607] ata4.00: qc timeout (cmd 0xec)
[  454.110965] ata4.00: failed to IDENTIFY (I/O error, err_mask=0x4)
[  454.117416] ata4: failed to recover some devices, retrying in 5 secs
[  459.572452] ata4: SATA link up 3.0 Gbps (SStatus 123 SControl 300)
[  489.538076] ata4.00: failed to IDENTIFY (I/O error, err_mask=0x4)
[  489.544474] ata4: failed to recover some devices, retrying in 5 secs
[  494.999579] ata4: SATA link up 3.0 Gbps (SStatus 123 SControl 300)
[  495.005723] ACPI: PCI Interrupt 0000:02:00.0[A] -> GSI 17 (level, low) -> IRQ 17
After pressing Ctrl+d:
(initramfs) [  496.012632] ahci 0000:02:00.0: AHCI 0001.0000 32 slots 1 ports 3 Gbps 0x1 impl SATA mode
[  496.021143] ahci 0000:02:00.0: flags: 64bit ncq pm led clo pmp pio slum part
[  496.028696] scsi4 : ahci
[  496.031469] ata5: SATA max UDMA/133 abar m8192@0xfaffe000 port 0xfaffe100 irq 17
[  496.343573] ata5: SATA link down (SStatus 0 SControl 300)
[  496.349201] ACPI: PCI Interrupt 0000:00:14.1[A] -> GSI 16 (level, low) -> IRQ 16
[  496.357258] scsi5 : pata_atiixp
[  496.361114] scsi6 : pata_atiixp
[  496.365577] ata6: PATA max UDMA/100 cmd 0x1f0 ctl 0x3f6 bmdma 0xff00 irq 14
[  496.372877] ata7: PATA max UDMA/100 cmd 0x170 ctl 0x376 bmdma 0xff08 irq 15
[  496.553906] ata6.00: ATA-6: IC35L120AVV207-0, V24OA66A, max UDMA/100
[  496.560570] ata6.00: 241254720 sectors, multi 16: LBA48
[  496.575833] ata6.00: configured for UDMA/100
[  496.730650] scsi 5:0:0:0: Direct-Access     ATA      IC35L120AVV207-0 V24O PQ: 0 ANSI: 5
[  496.739714] ACPI: PCI Interrupt 0000:03:04.0[A] -> <6>ACPI: PCI Interrupt 0000:00:13.5[D] -> GSI 19 (level, low) -> IRQ 19
[  496.751453] GSI 23 (level, low) -> IRQ 23
[  496.751051] ehci_hcd 0000:00:13.5: EHCI Host Controller
[  496.751228] ehci_hcd 0000:00:13.5: new USB bus registered, assigned bus number 1
[  496.751292] ehci_hcd 0000:00:13.5: debug port 1
[  496.751304] ehci_hcd 0000:00:13.5: irq 19, io mem 0xfadff800
[  496.779858] skge 1.13 addr 0xfbff4000 irq 23 chip Yukon-Lite rev 9
[  496.779521] ehci_hcd 0000:00:13.5: USB 2.0 started, EHCI 1.00, driver 10 Dec 2004
[  496.779620] usb usb1: configuration #1 chosen from 1 choice
[  496.779638] hub 1-0:1.0: USB hub found
[  496.779645] hub 1-0:1.0: 10 ports detected
[  496.808602] skge eth0: addr 00:1b:fc:68:3c:19
[  496.812824] Driver 'sd' needs updating - please use bus_type methods
[  496.819580] sd 5:0:0:0: [sda] 241254720 512-byte hardware sectors (123522 MB)
[  496.827071] sd 5:0:0:0: [sda] Write Protect is off
[  496.832158] sd 5:0:0:0: [sda] Write cache: enabled, read cache: enabled, doesn't support DPO or FUA
[  496.841697] sd 5:0:0:0: [sda] 241254720 512-byte hardware sectors (123522 MB)
[  496.849236] sd 5:0:0:0: [sda] Write Protect is off
[  496.854331] sd 5:0:0:0: [sda] Write cache: enabled, read cache: enabled, doesn't support DPO or FUA
[  496.863837]  sda:<6>ACPI: PCI Interrupt 0000:00:13.0[A] -> GSI 16 (level, low) -> IRQ 16
[  496.886372] ohci_hcd 0000:00:13.0: OHCI Host Controller
[  496.891939] ohci_hcd 0000:00:13.0: new USB bus registered, assigned bus number 2
[  496.894907]  sda1 sda2 < sda5<6>ohci_hcd 0000:00:13.0: irq 16, io mem 0xfadfe000
[  496.908266]  sda6 sda7 sda8 >
[  496.934106] sd 5:0:0:0: [sda] Attached SCSI disk
[  496.963310] usb usb2: configuration #1 chosen from 1 choice
[  496.969160] hub 2-0:1.0: USB hub found
[  496.973181] hub 2-0:1.0: 2 ports detected
[  497.078118] ACPI: PCI Interrupt 0000:00:13.1[B] -> GSI 17 (level, low) -> IRQ 17
[  497.086121] ohci_hcd 0000:00:13.1: OHCI Host Controller
[  497.091695] ohci_hcd 0000:00:13.1: new USB bus registered, assigned bus number 3
[  497.099462] ohci_hcd 0000:00:13.1: irq 17, io mem 0xfadfd000
[  497.160009] usb usb3: configuration #1 chosen from 1 choice
[  497.165872] hub 3-0:1.0: USB hub found
[  497.169888] hub 3-0:1.0: 2 ports detected
[  497.274808] ACPI: PCI Interrupt 0000:00:13.2[C] -> GSI 18 (level, low) -> IRQ 18
[  497.282831] ohci_hcd 0000:00:13.2: OHCI Host Controller
[  497.288412] ohci_hcd 0000:00:13.2: new USB bus registered, assigned bus number 4
[  497.296219] ohci_hcd 0000:00:13.2: irq 18, io mem 0xfadfc000
[  497.356703] usb usb4: configuration #1 chosen from 1 choice
[  497.362612] hub 4-0:1.0: USB hub found
[  497.366595] hub 4-0:1.0: 2 ports detected
[  497.471530] ACPI: PCI Interrupt 0000:00:13.3[B] -> GSI 17 (level, low) -> IRQ 17
[  497.479528] ohci_hcd 0000:00:13.3: OHCI Host Controller
[  497.485119] ohci_hcd 0000:00:13.3: new USB bus registered, assigned bus number 5
[  497.492927] ohci_hcd 0000:00:13.3: irq 17, io mem 0xfadf7000
[  497.554399] usb usb5: configuration #1 chosen from 1 choice
[  497.560310] hub 5-0:1.0: USB hub found
[  497.564309] hub 5-0:1.0: 2 ports detected
[  497.669207] ACPI: PCI Interrupt 0000:00:13.4[C] -> GSI 18 (level, low) -> IRQ 18
[  497.677188] ohci_hcd 0000:00:13.4: OHCI Host Controller
[  497.682736] ohci_hcd 0000:00:13.4: new USB bus registered, assigned bus number 6
[  497.690554] ohci_hcd 0000:00:13.4: irq 18, io mem 0xfadf6000
[  497.751118] usb usb6: configuration #1 chosen from 1 choice
[  497.775596] hub 6-0:1.0: USB hub found
[  497.779546] hub 6-0:1.0: 2 ports detected
(initramfs) Begin: Running /scripts/local-premount ...
Done.
[  519.925022] kjournald starting.  Commit interval 5 seconds
Begin: Running /[  519.925472] EXT3-fs: mounted filesystem with ordered data mode.
scripts/local-bottom ...
Done.
Done.
Begin: Running /scripts/init-bottom ...
Done.
Mount failed for selinuxfs on /selinux:  No such file or directory
INIT: version 2.86 booting
/etc/rcS.d/S00clear_glcd: line 3: /usr/local/bin/showtext: No such file or directory
Setting hostname to 'hades'...done.
* Files under mount point '/lib/init/rw' will be hidden.
Starting the hotplug events dispatcher: udevd.
Synthesizing the initial hotplug events...done.
Waiting for /dev to be fully populated...[  522.800446] input: Power Button (FF) as /devices/virtual/input/input1
[  522.812370] ACPI: Power Button (FF) [PWRF]
[  522.816811] input: Power Button (CM) as /devices/virtual/input/input2
[  522.829340] ACPI: Power Button (CM) [PWRB]
[  522.912153] input: PC Speaker as /devices/platform/pcspkr/input/input3
[  523.277893] ACPI: PCI Interrupt 0000:00:14.2[A] -> GSI 16 (level, low) -> IRQ 16
[  523.358550] hda_codec: Unknown model for AD1988, trying auto-probe from BIOS...
done.
Setting parameters of disc: (none).
Setting the system clock.
System Clock set to: Sat Feb  9 11:40:56 UTC 2008.
Activating swap:swapon on /dev/s[  524.985605] Unable to find swap-space signature
da2
swapon: /dev/sda2: Invalid argument
swapon: cannot canonicalize /dev/sdb2: No such file or directory
swapon on /dev/sdb2
swapon: cannot stat /dev/sdb2: No such file or directory
swapon: cannot canonicalize /dev/sdc2: No such file or directory
swapon on /dev/sdc2
swapon: cannot stat /dev/sdc2: No such file or directory
swapon: cannot canonicalize /dev/sde7: No such file or directory
swapon on /dev/sde7
swapon: cannot stat /dev/sde7: No such file or directory
 failed!
Will now check root file system:fsck 1.40.5 (27-Jan-2008)
[/sbin/fsck.ext3 (1) -- /] fsck.ext3 -y -C0 /dev/sda5
e2fsck 1.40.5 (27-Jan-2008)
ROOT: clean, 144797/610432 files, 749592/1220932 blocks
.
[  525.289726] EXT3 FS on sda5, internal journal
Setting the system clock.
System Clock set to: Sat Feb  9 11:40:57 UTC 2008.
Cleaning up ifupdown....
Loading kernel module ppdev.
[  525.827503] ppdev: user-space parallel port driver
Loading kernel module k8temp.
Loading kernel module fuse.
[  525.877267] fuse init (API version 7.9)
Loading kernel module tun.
[  525.890020] tun: Universal TUN/TAP device driver, 1.6
[  525.895353] tun: (C) 1999-2004 Max Krasnyansky <maxk@qualcomm.com>
Loading kernel module i2c-viapro.
Loading kernel module eeprom.
Loading kernel module k8temp.
Loading kernel module w83627hf.
FATAL: Error inserting w83627hf (/lib/modules/2.6.24.1/kernel/drivers/hwmon/w83627hf.ko): No such device
Loading kernel module powernow-k8.
[  525.944988] powernow-k8: Found 1 AMD Athlon(tm) 64 X2 Dual Core Processor 4600+ processors (2 cpu cores) (version 2.20.00)
[  525.957316] powernow-k8:    0 : fid 0x10 (2400 MHz), vid 0xc
[  525.963284] powernow-k8:    1 : fid 0xe (2200 MHz), vid 0xe
[  525.969159] powernow-k8:    2 : fid 0xc (2000 MHz), vid 0x10
[  525.975119] powernow-k8:    3 : fid 0xa (1800 MHz), vid 0x10
[  525.981038] powernow-k8:    4 : fid 0x2 (1000 MHz), vid 0x12
Loading kernel module cpufreq-ondemand.
Loading kernel module kqemu.
[  526.267753] md: md0 stopped.
Assembling MD array md0...failed (no devices found).
Generating udev events for MD arrays...done.
Will now check all file systems.
fsck 1.40.5 (27-Jan-2008)
Checking all file systems.
[/sbin/fsck.ext3 (1) -- /files] fsck.ext3 -y -C0 LABEL=FILES
fsck.ext3: Unable to resolve 'LABEL=FILES'
[/sbin/fsck.ext3 (1) -- /boot] fsck.ext3 -y -C0 /dev/sda1
e2fsck 1.40.5 (27-Jan-2008)
BOOT: clean, 5780/48192 files, 24940/96358 blocks
[/sbin/fsck.ext3 (1) -- /var] fsck.ext3 -y -C0 /dev/sda6
e2fsck 1.40.5 (27-Jan-2008)
VAR: clean, 6410/611648 files, 191188/1220932 blocks
[/sbin/fsck.ext3 (1) -- /home] fsck.ext3 -y -C0 /dev/sda8
e2fsck 1.40.5 (27-Jan-2008)
HOME: clean, 120009/13615104 files, 9138673/27202053 blocks
fsck died with exit status 8
* File system check failed.
A log is being saved in /var/log/fsck/checkfs if that location is writable.
Please repair the file system manually.
* A maintenance shell will now be started.
CONTROL-D will terminate this shell and resume system boot.
Give root password for maintenance
(or type Control-D to continue):
#
# Automatically generated make config: don't edit
# Linux kernel version: 2.6.24.1
# Sat Feb  9 11:05:47 2008
#
CONFIG_64BIT=y
# CONFIG_X86_32 is not set
CONFIG_X86_64=y
CONFIG_X86=y
CONFIG_GENERIC_TIME=y
CONFIG_GENERIC_CMOS_UPDATE=y
CONFIG_CLOCKSOURCE_WATCHDOG=y
CONFIG_GENERIC_CLOCKEVENTS=y
CONFIG_GENERIC_CLOCKEVENTS_BROADCAST=y
CONFIG_LOCKDEP_SUPPORT=y
CONFIG_STACKTRACE_SUPPORT=y
CONFIG_SEMAPHORE_SLEEPERS=y
CONFIG_MMU=y
CONFIG_ZONE_DMA=y
# CONFIG_QUICKLIST is not set
CONFIG_GENERIC_ISA_DMA=y
CONFIG_GENERIC_IOMAP=y
CONFIG_GENERIC_BUG=y
CONFIG_GENERIC_HWEIGHT=y
CONFIG_ARCH_MAY_HAVE_PC_FDC=y
CONFIG_DMI=y
CONFIG_RWSEM_GENERIC_SPINLOCK=y
# CONFIG_RWSEM_XCHGADD_ALGORITHM is not set
# CONFIG_ARCH_HAS_ILOG2_U32 is not set
# CONFIG_ARCH_HAS_ILOG2_U64 is not set
CONFIG_GENERIC_CALIBRATE_DELAY=y
CONFIG_GENERIC_TIME_VSYSCALL=y
CONFIG_ARCH_SUPPORTS_OPROFILE=y
CONFIG_ZONE_DMA32=y
CONFIG_ARCH_POPULATES_NODE_MAP=y
CONFIG_AUDIT_ARCH=y
CONFIG_GENERIC_HARDIRQS=y
CONFIG_GENERIC_IRQ_PROBE=y
CONFIG_GENERIC_PENDING_IRQ=y
# CONFIG_KTIME_SCALAR is not set
CONFIG_DEFCONFIG_LIST="/lib/modules/$UNAME_RELEASE/.config"
#
# General setup
#
CONFIG_EXPERIMENTAL=y
CONFIG_LOCK_KERNEL=y
CONFIG_INIT_ENV_ARG_LIMIT=32
CONFIG_LOCALVERSION=""
CONFIG_LOCALVERSION_AUTO=y
CONFIG_SWAP=y
CONFIG_SYSVIPC=y
CONFIG_SYSVIPC_SYSCTL=y
CONFIG_POSIX_MQUEUE=y
# CONFIG_BSD_PROCESS_ACCT is not set
# CONFIG_TASKSTATS is not set
# CONFIG_USER_NS is not set
# CONFIG_PID_NS is not set
CONFIG_AUDIT=y
# CONFIG_AUDITSYSCALL is not set
CONFIG_IKCONFIG=y
CONFIG_IKCONFIG_PROC=y
CONFIG_LOG_BUF_SHIFT=15
# CONFIG_CGROUPS is not set
# CONFIG_FAIR_GROUP_SCHED is not set
# CONFIG_SYSFS_DEPRECATED is not set
CONFIG_RELAY=y
CONFIG_BLK_DEV_INITRD=y
CONFIG_INITRAMFS_SOURCE=""
CONFIG_CC_OPTIMIZE_FOR_SIZE=y
CONFIG_SYSCTL=y
# CONFIG_EMBEDDED is not set
CONFIG_UID16=y
CONFIG_SYSCTL_SYSCALL=y
CONFIG_KALLSYMS=y
# CONFIG_KALLSYMS_EXTRA_PASS is not set
CONFIG_HOTPLUG=y
CONFIG_PRINTK=y
CONFIG_BUG=y
CONFIG_ELF_CORE=y
CONFIG_BASE_FULL=y
CONFIG_FUTEX=y
CONFIG_ANON_INODES=y
CONFIG_EPOLL=y
CONFIG_SIGNALFD=y
CONFIG_EVENTFD=y
CONFIG_SHMEM=y
CONFIG_VM_EVENT_COUNTERS=y
CONFIG_SLUB_DEBUG=y
# CONFIG_SLAB is not set
CONFIG_SLUB=y
# CONFIG_SLOB is not set
CONFIG_SLABINFO=y
CONFIG_RT_MUTEXES=y
# CONFIG_TINY_SHMEM is not set
CONFIG_BASE_SMALL=0
CONFIG_MODULES=y
CONFIG_MODULE_UNLOAD=y
CONFIG_MODULE_FORCE_UNLOAD=y
CONFIG_MODVERSIONS=y
# CONFIG_MODULE_SRCVERSION_ALL is not set
CONFIG_KMOD=y
CONFIG_STOP_MACHINE=y
CONFIG_BLOCK=y
# CONFIG_BLK_DEV_IO_TRACE is not set
CONFIG_BLK_DEV_BSG=y
CONFIG_BLOCK_COMPAT=y
#
# IO Schedulers
#
CONFIG_IOSCHED_NOOP=y
# CONFIG_IOSCHED_AS is not set
CONFIG_IOSCHED_DEADLINE=y
# CONFIG_IOSCHED_CFQ is not set
# CONFIG_DEFAULT_AS is not set
CONFIG_DEFAULT_DEADLINE=y
# CONFIG_DEFAULT_CFQ is not set
# CONFIG_DEFAULT_NOOP is not set
CONFIG_DEFAULT_IOSCHED="deadline"
CONFIG_PREEMPT_NOTIFIERS=y
#
# Processor type and features
#
CONFIG_TICK_ONESHOT=y
CONFIG_NO_HZ=y
CONFIG_HIGH_RES_TIMERS=y
CONFIG_GENERIC_CLOCKEVENTS_BUILD=y
CONFIG_SMP=y
CONFIG_X86_PC=y
# CONFIG_X86_ELAN is not set
# CONFIG_X86_VOYAGER is not set
# CONFIG_X86_NUMAQ is not set
# CONFIG_X86_SUMMIT is not set
# CONFIG_X86_BIGSMP is not set
# CONFIG_X86_VISWS is not set
# CONFIG_X86_GENERICARCH is not set
# CONFIG_X86_ES7000 is not set
# CONFIG_X86_VSMP is not set
# CONFIG_M386 is not set
# CONFIG_M486 is not set
# CONFIG_M586 is not set
# CONFIG_M586TSC is not set
# CONFIG_M586MMX is not set
# CONFIG_M686 is not set
# CONFIG_MPENTIUMII is not set
# CONFIG_MPENTIUMIII is not set
# CONFIG_MPENTIUMM is not set
# CONFIG_MPENTIUM4 is not set
# CONFIG_MK6 is not set
# CONFIG_MK7 is not set
CONFIG_MK8=y
# CONFIG_MCRUSOE is not set
# CONFIG_MEFFICEON is not set
# CONFIG_MWINCHIPC6 is not set
# CONFIG_MWINCHIP2 is not set
# CONFIG_MWINCHIP3D is not set
# CONFIG_MGEODEGX1 is not set
# CONFIG_MGEODE_LX is not set
# CONFIG_MCYRIXIII is not set
# CONFIG_MVIAC3_2 is not set
# CONFIG_MVIAC7 is not set
# CONFIG_MPSC is not set
# CONFIG_MCORE2 is not set
# CONFIG_GENERIC_CPU is not set
CONFIG_X86_L1_CACHE_BYTES=64
CONFIG_X86_INTERNODE_CACHE_BYTES=64
CONFIG_X86_CMPXCHG=y
CONFIG_X86_L1_CACHE_SHIFT=6
CONFIG_X86_GOOD_APIC=y
CONFIG_X86_INTEL_USERCOPY=y
CONFIG_X86_USE_PPRO_CHECKSUM=y
CONFIG_X86_TSC=y
CONFIG_X86_MINIMUM_CPU_FAMILY=64
CONFIG_HPET_TIMER=y
CONFIG_HPET_EMULATE_RTC=y
CONFIG_GART_IOMMU=y
CONFIG_CALGARY_IOMMU=y
CONFIG_CALGARY_IOMMU_ENABLED_BY_DEFAULT=y
CONFIG_SWIOTLB=y
CONFIG_NR_CPUS=8
# CONFIG_SCHED_SMT is not set
CONFIG_SCHED_MC=y
# CONFIG_PREEMPT_NONE is not set
CONFIG_PREEMPT_VOLUNTARY=y
# CONFIG_PREEMPT is not set
# CONFIG_PREEMPT_BKL is not set
CONFIG_X86_LOCAL_APIC=y
CONFIG_X86_IO_APIC=y
CONFIG_X86_MCE=y
# CONFIG_X86_MCE_INTEL is not set
CONFIG_X86_MCE_AMD=y
# CONFIG_MICROCODE is not set
CONFIG_X86_MSR=y
CONFIG_X86_CPUID=y
# CONFIG_NUMA is not set
CONFIG_ARCH_FLATMEM_ENABLE=y
CONFIG_ARCH_SPARSEMEM_ENABLE=y
CONFIG_SELECT_MEMORY_MODEL=y
CONFIG_FLATMEM_MANUAL=y
# CONFIG_DISCONTIGMEM_MANUAL is not set
# CONFIG_SPARSEMEM_MANUAL is not set
CONFIG_FLATMEM=y
CONFIG_FLAT_NODE_MEM_MAP=y
# CONFIG_SPARSEMEM_STATIC is not set
CONFIG_SPARSEMEM_VMEMMAP_ENABLE=y
CONFIG_SPLIT_PTLOCK_CPUS=4
CONFIG_RESOURCES_64BIT=y
CONFIG_ZONE_DMA_FLAG=1
CONFIG_BOUNCE=y
CONFIG_VIRT_TO_BUS=y
CONFIG_MTRR=y
CONFIG_SECCOMP=y
# CONFIG_CC_STACKPROTECTOR is not set
# CONFIG_HZ_100 is not set
# CONFIG_HZ_250 is not set
# CONFIG_HZ_300 is not set
CONFIG_HZ_1000=y
CONFIG_HZ=1000
CONFIG_KEXEC=y
CONFIG_CRASH_DUMP=y
CONFIG_PHYSICAL_START=0x200000
# CONFIG_RELOCATABLE is not set
CONFIG_PHYSICAL_ALIGN=0x200000
CONFIG_HOTPLUG_CPU=y
CONFIG_ARCH_ENABLE_MEMORY_HOTPLUG=y
#
# Power management options
#
CONFIG_PM=y
# CONFIG_PM_LEGACY is not set
# CONFIG_PM_DEBUG is not set
CONFIG_SUSPEND_SMP_POSSIBLE=y
# CONFIG_SUSPEND is not set
CONFIG_HIBERNATION_SMP_POSSIBLE=y
# CONFIG_HIBERNATION is not set
CONFIG_ACPI=y
CONFIG_ACPI_PROCFS=y
CONFIG_ACPI_PROCFS_POWER=y
CONFIG_ACPI_SYSFS_POWER=y
CONFIG_ACPI_PROC_EVENT=y
CONFIG_ACPI_AC=m
CONFIG_ACPI_BATTERY=m
CONFIG_ACPI_BUTTON=m
CONFIG_ACPI_VIDEO=m
CONFIG_ACPI_FAN=m
# CONFIG_ACPI_DOCK is not set
CONFIG_ACPI_PROCESSOR=m
CONFIG_ACPI_HOTPLUG_CPU=y
CONFIG_ACPI_THERMAL=m
# CONFIG_ACPI_ASUS is not set
# CONFIG_ACPI_TOSHIBA is not set
CONFIG_ACPI_BLACKLIST_YEAR=0
# CONFIG_ACPI_DEBUG is not set
CONFIG_ACPI_EC=y
CONFIG_ACPI_POWER=y
CONFIG_ACPI_SYSTEM=y
CONFIG_X86_PM_TIMER=y
CONFIG_ACPI_CONTAINER=m
# CONFIG_ACPI_SBS is not set
#
# CPU Frequency scaling
#
CONFIG_CPU_FREQ=y
CONFIG_CPU_FREQ_TABLE=y
# CONFIG_CPU_FREQ_DEBUG is not set
CONFIG_CPU_FREQ_STAT=y
# CONFIG_CPU_FREQ_STAT_DETAILS is not set
CONFIG_CPU_FREQ_DEFAULT_GOV_PERFORMANCE=y
# CONFIG_CPU_FREQ_DEFAULT_GOV_USERSPACE is not set
# CONFIG_CPU_FREQ_DEFAULT_GOV_ONDEMAND is not set
# CONFIG_CPU_FREQ_DEFAULT_GOV_CONSERVATIVE is not set
CONFIG_CPU_FREQ_GOV_PERFORMANCE=y
CONFIG_CPU_FREQ_GOV_POWERSAVE=m
CONFIG_CPU_FREQ_GOV_USERSPACE=m
CONFIG_CPU_FREQ_GOV_ONDEMAND=m
CONFIG_CPU_FREQ_GOV_CONSERVATIVE=m
#
# CPUFreq processor drivers
#
# CONFIG_X86_ACPI_CPUFREQ is not set
CONFIG_X86_POWERNOW_K8=m
CONFIG_X86_POWERNOW_K8_ACPI=y
# CONFIG_X86_SPEEDSTEP_CENTRINO is not set
# CONFIG_X86_P4_CLOCKMOD is not set
#
# shared options
#
# CONFIG_X86_ACPI_CPUFREQ_PROC_INTF is not set
# CONFIG_X86_SPEEDSTEP_LIB is not set
CONFIG_CPU_IDLE=y
CONFIG_CPU_IDLE_GOV_LADDER=y
CONFIG_CPU_IDLE_GOV_MENU=y
#
# Bus options (PCI etc.)
#
CONFIG_PCI=y
CONFIG_PCI_DIRECT=y
CONFIG_PCI_MMCONFIG=y
CONFIG_PCI_DOMAINS=y
CONFIG_DMAR=y
CONFIG_DMAR_GFX_WA=y
CONFIG_DMAR_FLOPPY_WA=y
CONFIG_PCIEPORTBUS=y
CONFIG_PCIEAER=y
CONFIG_ARCH_SUPPORTS_MSI=y
CONFIG_PCI_MSI=y
# CONFIG_PCI_LEGACY is not set
CONFIG_HT_IRQ=y
CONFIG_ISA_DMA_API=y
CONFIG_K8_NB=y
# CONFIG_PCCARD is not set
# CONFIG_HOTPLUG_PCI is not set
#
# Executable file formats / Emulations
#
CONFIG_BINFMT_ELF=y
CONFIG_BINFMT_MISC=m
CONFIG_IA32_EMULATION=y
CONFIG_IA32_AOUT=m
CONFIG_COMPAT=y
CONFIG_COMPAT_FOR_U64_ALIGNMENT=y
CONFIG_SYSVIPC_COMPAT=y
#
# Networking
#
CONFIG_NET=y
#
# Networking options
#
CONFIG_PACKET=m
CONFIG_PACKET_MMAP=y
CONFIG_UNIX=m
CONFIG_XFRM=y
CONFIG_XFRM_USER=m
# CONFIG_XFRM_SUB_POLICY is not set
CONFIG_XFRM_MIGRATE=y
CONFIG_NET_KEY=m
CONFIG_NET_KEY_MIGRATE=y
CONFIG_INET=y
CONFIG_IP_MULTICAST=y
# CONFIG_IP_ADVANCED_ROUTER is not set
CONFIG_IP_FIB_HASH=y
# CONFIG_IP_PNP is not set
# CONFIG_NET_IPIP is not set
CONFIG_NET_IPGRE=m
CONFIG_NET_IPGRE_BROADCAST=y
CONFIG_IP_MROUTE=y
# CONFIG_IP_PIMSM_V1 is not set
CONFIG_IP_PIMSM_V2=y
# CONFIG_ARPD is not set
# CONFIG_SYN_COOKIES is not set
CONFIG_INET_AH=m
CONFIG_INET_ESP=m
CONFIG_INET_IPCOMP=m
CONFIG_INET_XFRM_TUNNEL=m
CONFIG_INET_TUNNEL=m
CONFIG_INET_XFRM_MODE_TRANSPORT=m
CONFIG_INET_XFRM_MODE_TUNNEL=m
CONFIG_INET_XFRM_MODE_BEET=m
CONFIG_INET_LRO=y
CONFIG_INET_DIAG=m
CONFIG_INET_TCP_DIAG=m
# CONFIG_TCP_CONG_ADVANCED is not set
CONFIG_TCP_CONG_CUBIC=y
CONFIG_DEFAULT_TCP_CONG="cubic"
CONFIG_TCP_MD5SIG=y
# CONFIG_IP_VS is not set
CONFIG_IPV6=m
CONFIG_IPV6_PRIVACY=y
CONFIG_IPV6_ROUTER_PREF=y
CONFIG_IPV6_ROUTE_INFO=y
CONFIG_IPV6_OPTIMISTIC_DAD=y
CONFIG_INET6_AH=m
CONFIG_INET6_ESP=m
CONFIG_INET6_IPCOMP=m
CONFIG_IPV6_MIP6=m
CONFIG_INET6_XFRM_TUNNEL=m
CONFIG_INET6_TUNNEL=m
CONFIG_INET6_XFRM_MODE_TRANSPORT=m
CONFIG_INET6_XFRM_MODE_TUNNEL=m
CONFIG_INET6_XFRM_MODE_BEET=m
CONFIG_INET6_XFRM_MODE_ROUTEOPTIMIZATION=m
CONFIG_IPV6_SIT=m
CONFIG_IPV6_TUNNEL=m
CONFIG_IPV6_MULTIPLE_TABLES=y
CONFIG_IPV6_SUBTREES=y
CONFIG_NETWORK_SECMARK=y
CONFIG_NETFILTER=y
# CONFIG_NETFILTER_DEBUG is not set
CONFIG_BRIDGE_NETFILTER=y
#
# Core Netfilter Configuration
#
CONFIG_NETFILTER_NETLINK=m
CONFIG_NETFILTER_NETLINK_QUEUE=m
CONFIG_NETFILTER_NETLINK_LOG=m
CONFIG_NF_CONNTRACK_ENABLED=m
CONFIG_NF_CONNTRACK=m
CONFIG_NF_CT_ACCT=y
CONFIG_NF_CONNTRACK_MARK=y
CONFIG_NF_CONNTRACK_SECMARK=y
CONFIG_NF_CONNTRACK_EVENTS=y
CONFIG_NF_CT_PROTO_GRE=m
CONFIG_NF_CT_PROTO_SCTP=m
CONFIG_NF_CT_PROTO_UDPLITE=m
CONFIG_NF_CONNTRACK_AMANDA=m
CONFIG_NF_CONNTRACK_FTP=m
CONFIG_NF_CONNTRACK_H323=m
CONFIG_NF_CONNTRACK_IRC=m
CONFIG_NF_CONNTRACK_NETBIOS_NS=m
CONFIG_NF_CONNTRACK_PPTP=m
CONFIG_NF_CONNTRACK_SANE=m
CONFIG_NF_CONNTRACK_SIP=m
CONFIG_NF_CONNTRACK_TFTP=m
CONFIG_NF_CT_NETLINK=m
CONFIG_NETFILTER_XTABLES=m
CONFIG_NETFILTER_XT_TARGET_CLASSIFY=m
CONFIG_NETFILTER_XT_TARGET_CONNMARK=m
CONFIG_NETFILTER_XT_TARGET_DSCP=m
CONFIG_NETFILTER_XT_TARGET_MARK=m
CONFIG_NETFILTER_XT_TARGET_NFQUEUE=m
CONFIG_NETFILTER_XT_TARGET_NFLOG=m
CONFIG_NETFILTER_XT_TARGET_NOTRACK=m
CONFIG_NETFILTER_XT_TARGET_TRACE=m
CONFIG_NETFILTER_XT_TARGET_SECMARK=m
CONFIG_NETFILTER_XT_TARGET_CONNSECMARK=m
CONFIG_NETFILTER_XT_TARGET_TCPMSS=m
CONFIG_NETFILTER_XT_MATCH_COMMENT=m
CONFIG_NETFILTER_XT_MATCH_CONNBYTES=m
CONFIG_NETFILTER_XT_MATCH_CONNLIMIT=m
CONFIG_NETFILTER_XT_MATCH_CONNMARK=m
CONFIG_NETFILTER_XT_MATCH_CONNTRACK=m
CONFIG_NETFILTER_XT_MATCH_DCCP=m
CONFIG_NETFILTER_XT_MATCH_DSCP=m
CONFIG_NETFILTER_XT_MATCH_ESP=m
CONFIG_NETFILTER_XT_MATCH_HELPER=m
CONFIG_NETFILTER_XT_MATCH_LENGTH=m
CONFIG_NETFILTER_XT_MATCH_LIMIT=m
CONFIG_NETFILTER_XT_MATCH_MAC=m
CONFIG_NETFILTER_XT_MATCH_MARK=m
CONFIG_NETFILTER_XT_MATCH_POLICY=m
CONFIG_NETFILTER_XT_MATCH_MULTIPORT=m
CONFIG_NETFILTER_XT_MATCH_PHYSDEV=m
CONFIG_NETFILTER_XT_MATCH_PKTTYPE=m
CONFIG_NETFILTER_XT_MATCH_QUOTA=m
CONFIG_NETFILTER_XT_MATCH_REALM=m
CONFIG_NETFILTER_XT_MATCH_SCTP=m
CONFIG_NETFILTER_XT_MATCH_STATE=m
CONFIG_NETFILTER_XT_MATCH_STATISTIC=m
CONFIG_NETFILTER_XT_MATCH_STRING=m
CONFIG_NETFILTER_XT_MATCH_TCPMSS=m
CONFIG_NETFILTER_XT_MATCH_TIME=m
CONFIG_NETFILTER_XT_MATCH_U32=m
CONFIG_NETFILTER_XT_MATCH_HASHLIMIT=m
#
# IP: Netfilter Configuration
#
CONFIG_NF_CONNTRACK_IPV4=m
CONFIG_NF_CONNTRACK_PROC_COMPAT=y
# CONFIG_IP_NF_QUEUE is not set
CONFIG_IP_NF_IPTABLES=m
CONFIG_IP_NF_MATCH_IPRANGE=m
CONFIG_IP_NF_MATCH_TOS=m
CONFIG_IP_NF_MATCH_RECENT=m
CONFIG_IP_NF_MATCH_ECN=m
CONFIG_IP_NF_MATCH_AH=m
CONFIG_IP_NF_MATCH_TTL=m
CONFIG_IP_NF_MATCH_OWNER=m
CONFIG_IP_NF_MATCH_ADDRTYPE=m
CONFIG_IP_NF_FILTER=m
CONFIG_IP_NF_TARGET_REJECT=m
CONFIG_IP_NF_TARGET_LOG=m
CONFIG_IP_NF_TARGET_ULOG=m
CONFIG_NF_NAT=m
CONFIG_NF_NAT_NEEDED=y
CONFIG_IP_NF_TARGET_MASQUERADE=m
CONFIG_IP_NF_TARGET_REDIRECT=m
CONFIG_IP_NF_TARGET_NETMAP=m
CONFIG_IP_NF_TARGET_SAME=m
CONFIG_NF_NAT_SNMP_BASIC=m
CONFIG_NF_NAT_PROTO_GRE=m
CONFIG_NF_NAT_FTP=m
CONFIG_NF_NAT_IRC=m
CONFIG_NF_NAT_TFTP=m
CONFIG_NF_NAT_AMANDA=m
CONFIG_NF_NAT_PPTP=m
CONFIG_NF_NAT_H323=m
CONFIG_NF_NAT_SIP=m
CONFIG_IP_NF_MANGLE=m
CONFIG_IP_NF_TARGET_TOS=m
CONFIG_IP_NF_TARGET_ECN=m
CONFIG_IP_NF_TARGET_TTL=m
CONFIG_IP_NF_TARGET_CLUSTERIP=m
CONFIG_IP_NF_RAW=m
CONFIG_IP_NF_ARPTABLES=m
CONFIG_IP_NF_ARPFILTER=m
CONFIG_IP_NF_ARP_MANGLE=m
#
# IPv6: Netfilter Configuration (EXPERIMENTAL)
#
CONFIG_NF_CONNTRACK_IPV6=m
# CONFIG_IP6_NF_QUEUE is not set
CONFIG_IP6_NF_IPTABLES=m
CONFIG_IP6_NF_MATCH_RT=m
CONFIG_IP6_NF_MATCH_OPTS=m
CONFIG_IP6_NF_MATCH_FRAG=m
CONFIG_IP6_NF_MATCH_HL=m
CONFIG_IP6_NF_MATCH_OWNER=m
CONFIG_IP6_NF_MATCH_IPV6HEADER=m
CONFIG_IP6_NF_MATCH_AH=m
CONFIG_IP6_NF_MATCH_MH=m
CONFIG_IP6_NF_MATCH_EUI64=m
CONFIG_IP6_NF_FILTER=m
CONFIG_IP6_NF_TARGET_LOG=m
CONFIG_IP6_NF_TARGET_REJECT=m
CONFIG_IP6_NF_MANGLE=m
CONFIG_IP6_NF_TARGET_HL=m
CONFIG_IP6_NF_RAW=m
#
# Bridge: Netfilter Configuration
#
CONFIG_BRIDGE_NF_EBTABLES=m
CONFIG_BRIDGE_EBT_BROUTE=m
CONFIG_BRIDGE_EBT_T_FILTER=m
CONFIG_BRIDGE_EBT_T_NAT=m
CONFIG_BRIDGE_EBT_802_3=m
CONFIG_BRIDGE_EBT_AMONG=m
CONFIG_BRIDGE_EBT_ARP=m
CONFIG_BRIDGE_EBT_IP=m
CONFIG_BRIDGE_EBT_LIMIT=m
CONFIG_BRIDGE_EBT_MARK=m
CONFIG_BRIDGE_EBT_PKTTYPE=m
CONFIG_BRIDGE_EBT_STP=m
CONFIG_BRIDGE_EBT_VLAN=m
CONFIG_BRIDGE_EBT_ARPREPLY=m
CONFIG_BRIDGE_EBT_DNAT=m
CONFIG_BRIDGE_EBT_MARK_T=m
CONFIG_BRIDGE_EBT_REDIRECT=m
CONFIG_BRIDGE_EBT_SNAT=m
CONFIG_BRIDGE_EBT_LOG=m
CONFIG_BRIDGE_EBT_ULOG=m
CONFIG_IP_DCCP=m
CONFIG_INET_DCCP_DIAG=m
CONFIG_IP_DCCP_ACKVEC=y
#
# DCCP CCIDs Configuration (EXPERIMENTAL)
#
CONFIG_IP_DCCP_CCID2=m
# CONFIG_IP_DCCP_CCID2_DEBUG is not set
CONFIG_IP_DCCP_CCID3=m
CONFIG_IP_DCCP_TFRC_LIB=m
# CONFIG_IP_DCCP_CCID3_DEBUG is not set
CONFIG_IP_DCCP_CCID3_RTO=100
CONFIG_IP_SCTP=m
# CONFIG_SCTP_DBG_MSG is not set
# CONFIG_SCTP_DBG_OBJCNT is not set
# CONFIG_SCTP_HMAC_NONE is not set
CONFIG_SCTP_HMAC_SHA1=y
# CONFIG_SCTP_HMAC_MD5 is not set
CONFIG_TIPC=m
# CONFIG_TIPC_ADVANCED is not set
# CONFIG_TIPC_DEBUG is not set
# CONFIG_ATM is not set
CONFIG_BRIDGE=m
CONFIG_VLAN_8021Q=m
# CONFIG_DECNET is not set
CONFIG_LLC=m
# CONFIG_LLC2 is not set
# CONFIG_IPX is not set
# CONFIG_ATALK is not set
# CONFIG_X25 is not set
# CONFIG_LAPB is not set
# CONFIG_ECONET is not set
# CONFIG_WAN_ROUTER is not set
CONFIG_NET_SCHED=y
#
# Queueing/Scheduling
#
CONFIG_NET_SCH_CBQ=m
CONFIG_NET_SCH_HTB=m
CONFIG_NET_SCH_HFSC=m
CONFIG_NET_SCH_PRIO=m
CONFIG_NET_SCH_RR=m
CONFIG_NET_SCH_RED=m
CONFIG_NET_SCH_SFQ=m
CONFIG_NET_SCH_TEQL=m
CONFIG_NET_SCH_TBF=m
CONFIG_NET_SCH_GRED=m
CONFIG_NET_SCH_DSMARK=m
CONFIG_NET_SCH_NETEM=m
CONFIG_NET_SCH_INGRESS=m
#
# Classification
#
CONFIG_NET_CLS=y
CONFIG_NET_CLS_BASIC=m
CONFIG_NET_CLS_TCINDEX=m
CONFIG_NET_CLS_ROUTE4=m
CONFIG_NET_CLS_ROUTE=y
CONFIG_NET_CLS_FW=m
CONFIG_NET_CLS_U32=m
# CONFIG_CLS_U32_PERF is not set
CONFIG_CLS_U32_MARK=y
CONFIG_NET_CLS_RSVP=m
CONFIG_NET_CLS_RSVP6=m
CONFIG_NET_EMATCH=y
CONFIG_NET_EMATCH_STACK=32
CONFIG_NET_EMATCH_CMP=m
CONFIG_NET_EMATCH_NBYTE=m
CONFIG_NET_EMATCH_U32=m
CONFIG_NET_EMATCH_META=m
CONFIG_NET_EMATCH_TEXT=m
CONFIG_NET_CLS_ACT=y
CONFIG_NET_ACT_POLICE=m
CONFIG_NET_ACT_GACT=m
CONFIG_GACT_PROB=y
CONFIG_NET_ACT_MIRRED=m
CONFIG_NET_ACT_IPT=m
CONFIG_NET_ACT_NAT=m
CONFIG_NET_ACT_PEDIT=m
CONFIG_NET_ACT_SIMP=m
# CONFIG_NET_CLS_POLICE is not set
CONFIG_NET_CLS_IND=y
CONFIG_NET_SCH_FIFO=y
#
# Network testing
#
# CONFIG_NET_PKTGEN is not set
# CONFIG_HAMRADIO is not set
# CONFIG_IRDA is not set
# CONFIG_BT is not set
CONFIG_AF_RXRPC=m
# CONFIG_AF_RXRPC_DEBUG is not set
CONFIG_RXKAD=m
CONFIG_FIB_RULES=y
#
# Wireless
#
# CONFIG_CFG80211 is not set
CONFIG_WIRELESS_EXT=y
# CONFIG_MAC80211 is not set
# CONFIG_IEEE80211 is not set
# CONFIG_RFKILL is not set
# CONFIG_NET_9P is not set
#
# Device Drivers
#
#
# Generic Driver Options
#
CONFIG_UEVENT_HELPER_PATH="/sbin/hotplug"
CONFIG_STANDALONE=y
CONFIG_PREVENT_FIRMWARE_BUILD=y
CONFIG_FW_LOADER=m
# CONFIG_SYS_HYPERVISOR is not set
CONFIG_CONNECTOR=m
# CONFIG_MTD is not set
CONFIG_PARPORT=m
CONFIG_PARPORT_PC=m
# CONFIG_PARPORT_SERIAL is not set
CONFIG_PARPORT_PC_FIFO=y
# CONFIG_PARPORT_PC_SUPERIO is not set
# CONFIG_PARPORT_GSC is not set
# CONFIG_PARPORT_AX88796 is not set
CONFIG_PARPORT_1284=y
CONFIG_PARPORT_NOT_PC=y
CONFIG_PNP=y
# CONFIG_PNP_DEBUG is not set
#
# Protocols
#
CONFIG_PNPACPI=y
CONFIG_BLK_DEV=y
CONFIG_BLK_DEV_FD=m
# CONFIG_PARIDE is not set
# CONFIG_BLK_CPQ_DA is not set
# CONFIG_BLK_CPQ_CISS_DA is not set
# CONFIG_BLK_DEV_DAC960 is not set
# CONFIG_BLK_DEV_UMEM is not set
# CONFIG_BLK_DEV_COW_COMMON is not set
CONFIG_BLK_DEV_LOOP=m
CONFIG_BLK_DEV_CRYPTOLOOP=m
CONFIG_BLK_DEV_NBD=m
# CONFIG_BLK_DEV_SX8 is not set
# CONFIG_BLK_DEV_UB is not set
CONFIG_BLK_DEV_RAM=y
CONFIG_BLK_DEV_RAM_COUNT=16
CONFIG_BLK_DEV_RAM_SIZE=4096
CONFIG_BLK_DEV_RAM_BLOCKSIZE=1024
# CONFIG_CDROM_PKTCDVD is not set
CONFIG_ATA_OVER_ETH=m
CONFIG_MISC_DEVICES=y
# CONFIG_IBM_ASM is not set
# CONFIG_PHANTOM is not set
# CONFIG_EEPROM_93CX6 is not set
# CONFIG_SGI_IOC4 is not set
# CONFIG_TIFM_CORE is not set
# CONFIG_FUJITSU_LAPTOP is not set
# CONFIG_MSI_LAPTOP is not set
# CONFIG_SONY_LAPTOP is not set
# CONFIG_THINKPAD_ACPI is not set
# CONFIG_IDE is not set
#
# SCSI device support
#
CONFIG_RAID_ATTRS=m
CONFIG_SCSI=m
CONFIG_SCSI_DMA=y
# CONFIG_SCSI_TGT is not set
# CONFIG_SCSI_NETLINK is not set
CONFIG_SCSI_PROC_FS=y
#
# SCSI support type (disk, tape, CD-ROM)
#
CONFIG_BLK_DEV_SD=m
# CONFIG_CHR_DEV_ST is not set
# CONFIG_CHR_DEV_OSST is not set
CONFIG_BLK_DEV_SR=m
# CONFIG_BLK_DEV_SR_VENDOR is not set
CONFIG_CHR_DEV_SG=m
# CONFIG_CHR_DEV_SCH is not set
#
# Some SCSI devices (e.g. CD jukebox) support multiple LUNs
#
# CONFIG_SCSI_MULTI_LUN is not set
CONFIG_SCSI_CONSTANTS=y
CONFIG_SCSI_LOGGING=y
# CONFIG_SCSI_SCAN_ASYNC is not set
CONFIG_SCSI_WAIT_SCAN=m
#
# SCSI Transports
#
# CONFIG_SCSI_SPI_ATTRS is not set
# CONFIG_SCSI_FC_ATTRS is not set
CONFIG_SCSI_ISCSI_ATTRS=m
# CONFIG_SCSI_SAS_ATTRS is not set
# CONFIG_SCSI_SAS_LIBSAS is not set
# CONFIG_SCSI_SRP_ATTRS is not set
CONFIG_SCSI_LOWLEVEL=y
CONFIG_ISCSI_TCP=m
# CONFIG_BLK_DEV_3W_XXXX_RAID is not set
# CONFIG_SCSI_3W_9XXX is not set
# CONFIG_SCSI_ACARD is not set
# CONFIG_SCSI_AACRAID is not set
# CONFIG_SCSI_AIC7XXX is not set
# CONFIG_SCSI_AIC7XXX_OLD is not set
# CONFIG_SCSI_AIC79XX is not set
# CONFIG_SCSI_AIC94XX is not set
# CONFIG_SCSI_ADVANSYS is not set
# CONFIG_SCSI_ARCMSR is not set
# CONFIG_MEGARAID_NEWGEN is not set
# CONFIG_MEGARAID_LEGACY is not set
# CONFIG_MEGARAID_SAS is not set
# CONFIG_SCSI_HPTIOP is not set
# CONFIG_SCSI_BUSLOGIC is not set
# CONFIG_SCSI_DMX3191D is not set
# CONFIG_SCSI_EATA is not set
# CONFIG_SCSI_FUTURE_DOMAIN is not set
# CONFIG_SCSI_IPS is not set
# CONFIG_SCSI_INITIO is not set
# CONFIG_SCSI_INIA100 is not set
# CONFIG_SCSI_PPA is not set
# CONFIG_SCSI_IMM is not set
# CONFIG_SCSI_STEX is not set
# CONFIG_SCSI_SYM53C8XX_2 is not set
# CONFIG_SCSI_IPR is not set
# CONFIG_SCSI_QLOGIC_1280 is not set
# CONFIG_SCSI_QLA_FC is not set
# CONFIG_SCSI_QLA_ISCSI is not set
# CONFIG_SCSI_LPFC is not set
# CONFIG_SCSI_DC395x is not set
# CONFIG_SCSI_DC390T is not set
# CONFIG_SCSI_DEBUG is not set
# CONFIG_SCSI_SRP is not set
CONFIG_ATA=m
# CONFIG_ATA_NONSTANDARD is not set
CONFIG_ATA_ACPI=y
CONFIG_SATA_AHCI=m
# CONFIG_SATA_SVW is not set
# CONFIG_ATA_PIIX is not set
# CONFIG_SATA_MV is not set
# CONFIG_SATA_NV is not set
# CONFIG_PDC_ADMA is not set
# CONFIG_SATA_QSTOR is not set
CONFIG_SATA_PROMISE=m
CONFIG_SATA_SX4=m
# CONFIG_SATA_SIL is not set
# CONFIG_SATA_SIL24 is not set
# CONFIG_SATA_SIS is not set
# CONFIG_SATA_ULI is not set
CONFIG_SATA_VIA=m
# CONFIG_SATA_VITESSE is not set
# CONFIG_SATA_INIC162X is not set
# CONFIG_PATA_ACPI is not set
# CONFIG_PATA_ALI is not set
CONFIG_PATA_AMD=m
# CONFIG_PATA_ARTOP is not set
CONFIG_PATA_ATIIXP=m
# CONFIG_PATA_CMD640_PCI is not set
# CONFIG_PATA_CMD64X is not set
# CONFIG_PATA_CS5520 is not set
# CONFIG_PATA_CS5530 is not set
# CONFIG_PATA_CYPRESS is not set
# CONFIG_PATA_EFAR is not set
# CONFIG_ATA_GENERIC is not set
# CONFIG_PATA_HPT366 is not set
# CONFIG_PATA_HPT37X is not set
# CONFIG_PATA_HPT3X2N is not set
# CONFIG_PATA_HPT3X3 is not set
# CONFIG_PATA_IT821X is not set
# CONFIG_PATA_IT8213 is not set
# CONFIG_PATA_JMICRON is not set
# CONFIG_PATA_TRIFLEX is not set
# CONFIG_PATA_MARVELL is not set
# CONFIG_PATA_MPIIX is not set
# CONFIG_PATA_OLDPIIX is not set
# CONFIG_PATA_NETCELL is not set
# CONFIG_PATA_NS87410 is not set
# CONFIG_PATA_NS87415 is not set
# CONFIG_PATA_OPTI is not set
# CONFIG_PATA_OPTIDMA is not set
# CONFIG_PATA_PDC_OLD is not set
# CONFIG_PATA_RADISYS is not set
# CONFIG_PATA_RZ1000 is not set
# CONFIG_PATA_SC1200 is not set
# CONFIG_PATA_SERVERWORKS is not set
# CONFIG_PATA_PDC2027X is not set
# CONFIG_PATA_SIL680 is not set
# CONFIG_PATA_SIS is not set
# CONFIG_PATA_VIA is not set
# CONFIG_PATA_WINBOND is not set
CONFIG_MD=y
CONFIG_BLK_DEV_MD=m
CONFIG_MD_LINEAR=m
CONFIG_MD_RAID0=m
CONFIG_MD_RAID1=m
CONFIG_MD_RAID10=m
CONFIG_MD_RAID456=m
CONFIG_MD_RAID5_RESHAPE=y
CONFIG_MD_MULTIPATH=m
CONFIG_MD_FAULTY=m
CONFIG_BLK_DEV_DM=m
# CONFIG_DM_DEBUG is not set
CONFIG_DM_CRYPT=m
CONFIG_DM_SNAPSHOT=m
CONFIG_DM_MIRROR=m
CONFIG_DM_ZERO=m
# CONFIG_DM_MULTIPATH is not set
CONFIG_DM_DELAY=m
CONFIG_DM_UEVENT=y
# CONFIG_FUSION is not set
#
# IEEE 1394 (FireWire) support
#
# CONFIG_FIREWIRE is not set
# CONFIG_IEEE1394 is not set
# CONFIG_I2O is not set
# CONFIG_MACINTOSH_DRIVERS is not set
CONFIG_NETDEVICES=y
# CONFIG_NETDEVICES_MULTIQUEUE is not set
CONFIG_IFB=m
# CONFIG_DUMMY is not set
CONFIG_BONDING=m
CONFIG_MACVLAN=m
# CONFIG_EQUALIZER is not set
CONFIG_TUN=m
CONFIG_VETH=m
# CONFIG_NET_SB1000 is not set
# CONFIG_ARCNET is not set
# CONFIG_PHYLIB is not set
CONFIG_NET_ETHERNET=y
CONFIG_MII=m
# CONFIG_HAPPYMEAL is not set
# CONFIG_SUNGEM is not set
# CONFIG_CASSINI is not set
CONFIG_NET_VENDOR_3COM=y
CONFIG_VORTEX=m
# CONFIG_TYPHOON is not set
# CONFIG_NET_TULIP is not set
# CONFIG_HP100 is not set
# CONFIG_IBM_NEW_EMAC_ZMII is not set
# CONFIG_IBM_NEW_EMAC_RGMII is not set
# CONFIG_IBM_NEW_EMAC_TAH is not set
# CONFIG_IBM_NEW_EMAC_EMAC4 is not set
CONFIG_NET_PCI=y
# CONFIG_PCNET32 is not set
# CONFIG_AMD8111_ETH is not set
# CONFIG_ADAPTEC_STARFIRE is not set
# CONFIG_B44 is not set
# CONFIG_FORCEDETH is not set
# CONFIG_EEPRO100 is not set
CONFIG_E100=m
# CONFIG_FEALNX is not set
# CONFIG_NATSEMI is not set
# CONFIG_NE2K_PCI is not set
# CONFIG_8139CP is not set
CONFIG_8139TOO=m
# CONFIG_8139TOO_PIO is not set
# CONFIG_8139TOO_TUNE_TWISTER is not set
# CONFIG_8139TOO_8129 is not set
# CONFIG_8139_OLD_RX_RESET is not set
CONFIG_SIS900=m
# CONFIG_EPIC100 is not set
# CONFIG_SUNDANCE is not set
CONFIG_VIA_RHINE=m
CONFIG_VIA_RHINE_MMIO=y
CONFIG_VIA_RHINE_NAPI=y
# CONFIG_SC92031 is not set
# CONFIG_NET_POCKET is not set
CONFIG_NETDEV_1000=y
# CONFIG_ACENIC is not set
# CONFIG_DL2K is not set
CONFIG_E1000=m
CONFIG_E1000_NAPI=y
# CONFIG_E1000_DISABLE_PACKET_SPLIT is not set
CONFIG_E1000E=m
# CONFIG_IP1000 is not set
# CONFIG_NS83820 is not set
# CONFIG_HAMACHI is not set
# CONFIG_YELLOWFIN is not set
# CONFIG_R8169 is not set
# CONFIG_SIS190 is not set
CONFIG_SKGE=m
# CONFIG_SKGE_DEBUG is not set
CONFIG_SKY2=m
# CONFIG_SKY2_DEBUG is not set
# CONFIG_SK98LIN is not set
# CONFIG_VIA_VELOCITY is not set
CONFIG_TIGON3=m
CONFIG_BNX2=m
# CONFIG_QLA3XXX is not set
# CONFIG_ATL1 is not set
# CONFIG_NETDEV_10000 is not set
# CONFIG_TR is not set
#
# Wireless LAN
#
# CONFIG_WLAN_PRE80211 is not set
# CONFIG_WLAN_80211 is not set
#
# USB Network Adapters
#
CONFIG_USB_CATC=m
CONFIG_USB_KAWETH=m
CONFIG_USB_PEGASUS=m
CONFIG_USB_RTL8150=m
CONFIG_USB_USBNET=m
CONFIG_USB_NET_AX8817X=m
CONFIG_USB_NET_CDCETHER=m
CONFIG_USB_NET_DM9601=m
CONFIG_USB_NET_GL620A=m
CONFIG_USB_NET_NET1080=m
CONFIG_USB_NET_PLUSB=m
CONFIG_USB_NET_MCS7830=m
CONFIG_USB_NET_RNDIS_HOST=m
CONFIG_USB_NET_CDC_SUBSET=m
CONFIG_USB_ALI_M5632=y
CONFIG_USB_AN2720=y
CONFIG_USB_BELKIN=y
CONFIG_USB_ARMLINUX=y
CONFIG_USB_EPSON2888=y
CONFIG_USB_KC2190=y
CONFIG_USB_NET_ZAURUS=m
# CONFIG_WAN is not set
# CONFIG_FDDI is not set
# CONFIG_HIPPI is not set
# CONFIG_PLIP is not set
CONFIG_PPP=m
CONFIG_PPP_MULTILINK=y
CONFIG_PPP_FILTER=y
CONFIG_PPP_ASYNC=m
CONFIG_PPP_SYNC_TTY=m
CONFIG_PPP_DEFLATE=m
CONFIG_PPP_BSDCOMP=m
CONFIG_PPP_MPPE=m
CONFIG_PPPOE=m
CONFIG_PPPOL2TP=m
# CONFIG_SLIP is not set
CONFIG_SLHC=m
# CONFIG_NET_FC is not set
# CONFIG_SHAPER is not set
CONFIG_NETCONSOLE=m
CONFIG_NETCONSOLE_DYNAMIC=y
CONFIG_NETPOLL=y
CONFIG_NETPOLL_TRAP=y
CONFIG_NET_POLL_CONTROLLER=y
# CONFIG_ISDN is not set
# CONFIG_PHONE is not set
#
# Input device support
#
CONFIG_INPUT=y
CONFIG_INPUT_FF_MEMLESS=m
CONFIG_INPUT_POLLDEV=m
#
# Userland interfaces
#
CONFIG_INPUT_MOUSEDEV=y
# CONFIG_INPUT_MOUSEDEV_PSAUX is not set
CONFIG_INPUT_MOUSEDEV_SCREEN_X=1280
CONFIG_INPUT_MOUSEDEV_SCREEN_Y=1024
CONFIG_INPUT_JOYDEV=m
CONFIG_INPUT_EVDEV=m
# CONFIG_INPUT_EVBUG is not set
#
# Input Device Drivers
#
CONFIG_INPUT_KEYBOARD=y
CONFIG_KEYBOARD_ATKBD=y
# CONFIG_KEYBOARD_SUNKBD is not set
# CONFIG_KEYBOARD_LKKBD is not set
# CONFIG_KEYBOARD_XTKBD is not set
# CONFIG_KEYBOARD_NEWTON is not set
# CONFIG_KEYBOARD_STOWAWAY is not set
CONFIG_INPUT_MOUSE=y
CONFIG_MOUSE_PS2=m
CONFIG_MOUSE_PS2_ALPS=y
CONFIG_MOUSE_PS2_LOGIPS2PP=y
CONFIG_MOUSE_PS2_SYNAPTICS=y
CONFIG_MOUSE_PS2_LIFEBOOK=y
CONFIG_MOUSE_PS2_TRACKPOINT=y
# CONFIG_MOUSE_PS2_TOUCHKIT is not set
# CONFIG_MOUSE_SERIAL is not set
CONFIG_MOUSE_APPLETOUCH=m
# CONFIG_MOUSE_VSXXXAA is not set
# CONFIG_INPUT_JOYSTICK is not set
# CONFIG_INPUT_TABLET is not set
# CONFIG_INPUT_TOUCHSCREEN is not set
CONFIG_INPUT_MISC=y
CONFIG_INPUT_PCSPKR=m
# CONFIG_INPUT_ATLAS_BTNS is not set
CONFIG_INPUT_ATI_REMOTE=m
CONFIG_INPUT_ATI_REMOTE2=m
CONFIG_INPUT_KEYSPAN_REMOTE=m
# CONFIG_INPUT_POWERMATE is not set
CONFIG_INPUT_YEALINK=m
CONFIG_INPUT_UINPUT=m
#
# Hardware I/O ports
#
CONFIG_SERIO=y
CONFIG_SERIO_I8042=y
CONFIG_SERIO_SERPORT=y
# CONFIG_SERIO_CT82C710 is not set
# CONFIG_SERIO_PARKBD is not set
# CONFIG_SERIO_PCIPS2 is not set
CONFIG_SERIO_LIBPS2=y
# CONFIG_SERIO_RAW is not set
# CONFIG_GAMEPORT is not set
#
# Character devices
#
CONFIG_VT=y
CONFIG_VT_CONSOLE=y
CONFIG_HW_CONSOLE=y
# CONFIG_VT_HW_CONSOLE_BINDING is not set
# CONFIG_SERIAL_NONSTANDARD is not set
#
# Serial drivers
#
CONFIG_SERIAL_8250=y
CONFIG_SERIAL_8250_CONSOLE=y
CONFIG_FIX_EARLYCON_MEM=y
CONFIG_SERIAL_8250_PCI=y
CONFIG_SERIAL_8250_PNP=y
CONFIG_SERIAL_8250_NR_UARTS=2
CONFIG_SERIAL_8250_RUNTIME_UARTS=2
# CONFIG_SERIAL_8250_EXTENDED is not set
#
# Non-8250 serial port support
#
CONFIG_SERIAL_CORE=y
CONFIG_SERIAL_CORE_CONSOLE=y
# CONFIG_SERIAL_JSM is not set
CONFIG_UNIX98_PTYS=y
CONFIG_LEGACY_PTYS=y
CONFIG_LEGACY_PTY_COUNT=256
CONFIG_PRINTER=m
# CONFIG_LP_CONSOLE is not set
CONFIG_PPDEV=m
# CONFIG_IPMI_HANDLER is not set
# CONFIG_HW_RANDOM is not set
# CONFIG_NVRAM is not set
CONFIG_RTC=y
# CONFIG_R3964 is not set
# CONFIG_APPLICOM is not set
# CONFIG_MWAVE is not set
# CONFIG_PC8736x_GPIO is not set
# CONFIG_RAW_DRIVER is not set
# CONFIG_HPET is not set
# CONFIG_HANGCHECK_TIMER is not set
# CONFIG_TCG_TPM is not set
# CONFIG_TELCLOCK is not set
CONFIG_DEVPORT=y
CONFIG_I2C=m
CONFIG_I2C_BOARDINFO=y
CONFIG_I2C_CHARDEV=m
#
# I2C Algorithms
#
CONFIG_I2C_ALGOBIT=m
CONFIG_I2C_ALGOPCF=m
CONFIG_I2C_ALGOPCA=m
#
# I2C Hardware Bus support
#
# CONFIG_I2C_ALI1535 is not set
# CONFIG_I2C_ALI1563 is not set
# CONFIG_I2C_ALI15X3 is not set
