Date: Thu, 18 Feb 1999 12:45:19 -0500
From: Cole Tuininga <>
Subject: 2.2.1 Aiyee
Sender: linux-kernel-owner@vger.kernel.org
Precedence: bulk
List-ID: <linux-kernel.vger.kernel.org>
X-Mailing-List: linux-kernel@vger.kernel.org
X-Lkml-Link: https://lkml.org/lkml/1999/2/18/78

Hi folks - first off, my apologies.  I'm out of my element here so I beg
tolerance if I offer information that makes no sense.
The basic situation: I have an intel PR440FX motherboard with two PPro
200's.  128MB, Quatum 4G scsi drive.  
I've installed RedHat 5.2, then performed the appropriate upgrades to
get ready for the 2.2.1 kernel.  Everything seemed smooth. 
Compiled/installed the 2.2.1 kernel ... this is where the problem kicks
in.
Frequently, I'm getting the following message:
"spurious APIC interrupt, ayiee, should never happen."
I'm afraid I'm not a hardware person by any stretch of the imagination,
so I'll offer some information while fully expecting that more will be
required for anybody to help.  Attached should be the output of dmesg,
and what are in both /proc/interrupts and /proc/cpuinfo.  
I'm not on the list so I'd like to request any replies be CC'd to me. 
Thanks in advance.
--
"I think that the team that wins game five will win the series.  Unless
 we lose game five."  -Charles Barkley
Cole Tuininga
Network Admin
Trade Services, Inc
Egon@tradeservices.com
(603) 427-1100processor	: 0
vendor_id	: GenuineIntel
cpu family	: 6
model		: 1
model name	: Pentium Pro
stepping	: 6
cpu MHz		: 198.669974
cache size	: 256 KB
fdiv_bug	: no
hlt_bug		: no
sep_bug		: no
f00f_bug	: no
fpu		: yes
fpu_exception	: yes
cpuid level	: 2
wp		: yes
flags		: fpu vme de pse tsc msr pae mce cx8 apic sep mtrr pge mca cmov
bogomips	: 198.25
processor	: 12
vendor_id	: GenuineIntel
cpu family	: 6
model		: 1
model name	: Pentium Pro
stepping	: 9
cpu MHz		: 198.669974
cache size	: 256 KB
fdiv_bug	: no
hlt_bug		: no
sep_bug		: no
f00f_bug	: no
fpu		: yes
fpu_exception	: yes
cpuid level	: 2
wp		: yes
flags		: fpu vme de pse tsc msr pae mce cx8 apic sep mtrr pge mca cmov
bogomips	: 198.25
Linux version 2.2.1 (root@ns1.tasmanet.net) (gcc version 2.7.2.3) #2 SMP Thu Feb 18 13:05:49 EST 1999
Intel MultiProcessor Specification v1.4
    Virtual Wire compatibility mode.
OEM ID: INTEL    Product ID: PR440FX      APIC at: 0xFEC08000
Processor #0 Pentium(tm) Pro APIC version 17
Processor #12 Pentium(tm) Pro APIC version 17
I/O APIC #13 Version 17 at 0xFEC00000.
Processors: 2
mapped APIC to ffffe000 (fec08000)
mapped IOAPIC to ffffd000 (fec00000)
Detected 198669974 Hz processor.
Console: colour VGA+ 132x43
Calibrating delay loop... 198.25 BogoMIPS
Memory: 128116k/131072k available (972k kernel code, 416k reserved, 1528k data, 40k init)
VFS: Diskquotas version dquot_6.4.0 initialized
Checking 386/387 coupling... OK, FPU using exception 16 error reporting.
Checking 'hlt' instruction... OK.
POSIX conformance testing by UNIFIX
per-CPU timeslice cutoff: 50.16 usecs.
CPU0: Intel Pentium Pro stepping 06
calibrating APIC timer ... 
..... CPU clock speed is 198.6815 MHz.
..... system bus clock speed is 66.2270 MHz.
Booting processor 12 eip 2000
Calibrating delay loop... 198.25 BogoMIPS
OK.
CPU12: Intel Pentium Pro stepping 09
Total of 2 processors activated (396.49 BogoMIPS).
enabling symmetric IO mode... ...done.
ENABLING IO-APIC IRQs
init IO_APIC IRQs
 IO-APIC pin 0, 2, 11, 13, 16, 19, 20, 21, 22, 23 not connected.
...trying to set up timer as ExtINT... .. (found pin 0) ... works.
number of MP IRQ sources: 15.
number of IO-APIC registers: 24.
testing the IO APIC.......................
.... register #00: 0D000000
.......    : physical APIC id: 0D
.... register #01: 00170011
.......     : max redirection entries: 0017
.......     : IO APIC version: 0011
.... register #02: 00000000
.......     : arbitration: 00
.... IRQ redirection table:
 NR Log Phy Mask Trig IRR Pol Stat Dest Deli Vect:   
 00 001 01  0    0    0   0   0    1    7    00
 01 000 00  0    0    0   0   0    1    1    59
 02 000 00  1    0    0   0   0    0    0    00
 03 000 00  0    0    0   0   0    1    1    61
 04 000 00  0    0    0   0   0    1    1    69
 05 000 00  0    0    0   0   0    1    1    71
 06 000 00  0    0    0   0   0    1    1    79
 07 000 00  0    0    0   0   0    1    1    81
 08 000 00  0    0    0   0   0    1    1    89
 09 000 00  0    0    0   0   0    1    1    91
 0a 000 00  0    0    0   0   0    1    1    99
 0b 000 00  1    0    0   0   0    0    0    00
 0c 000 00  0    0    0   0   0    1    1    A1
 0d 000 00  1    0    0   0   0    0    0    00
 0e 000 00  0    0    0   0   0    1    1    A9
 0f 000 00  0    0    0   0   0    1    1    B1
 10 000 00  1    0    0   0   0    0    0    00
 11 0FF 0F  1    1    0   1   0    1    1    B9
 12 0FF 0F  1    1    0   1   0    1    1    C1
 13 000 00  1    0    0   0   0    0    0    00
 14 000 00  1    0    0   0   0    0    0    00
 15 000 00  1    0    0   0   0    0    0    00
 16 000 00  1    0    0   0   0    0    0    00
 17 000 00  1    0    0   0   0    0    0    00
IRQ to pin mappings:
IRQ1 -> 1
IRQ3 -> 3
IRQ4 -> 4
IRQ5 -> 5
IRQ6 -> 6
IRQ7 -> 7
IRQ8 -> 8
IRQ9 -> 9
IRQ10 -> 10
IRQ12 -> 12
IRQ14 -> 14
IRQ15 -> 15
IRQ17 -> 17
IRQ18 -> 18
.................................... done.
PCI: PCI BIOS revision 2.10 entry at 0xfda11
PCI: Using configuration type 1
PCI: Probing PCI hardware
PCI->APIC IRQ transform: (B0,I6,P0) -> 18
PCI->APIC IRQ transform: (B0,I9,P0) -> 17
PCI: 00:00 [8086/1237]: Passive release enable (00)
Linux NET4.0 for Linux 2.2
Based upon Swansea University Computer Society NET3.039
NET4: Unix domain sockets 1.0 for Linux NET4.0.
NET4: Linux TCP/IP 1.0 for NET4.0
IP Protocols: ICMP, UDP, TCP
Starting kswapd v 1.5 
Detected PS/2 Mouse Port.
Serial driver version 4.27 with no serial options enabled
pty: 256 Unix98 ptys configured
Floppy drive(s): fd0 is 1.44M
FDC 0 is a National Semiconductor PC87306
(scsi0) <Adaptec AIC-7880 Ultra SCSI host adapter> found at PCI 9/0
(scsi0) Wide Channel, SCSI ID=7, 16/255 SCBs
(scsi0) Downloading sequencer code... 419 instructions downloaded
scsi0 : Adaptec AHA274x/284x/294x (EISA/VLB/PCI-Fast SCSI) 5.1.10/3.2.4
       <Adaptec AIC-7880 Ultra SCSI host adapter>
scsi : 1 host.
  Vendor: QUANTUM   Model: XP34550W          Rev: LXY4
  Type:   Direct-Access                      ANSI SCSI revision: 02
Detected scsi disk sda at scsi0, channel 0, id 0, lun 0
(scsi0:0:0:0) Synchronous at 20.0 Mbyte/sec, offset 15.
scsi : detected 1 SCSI disk total.
SCSI device sda: hdwr sector= 512 bytes. Sectors= 8890760 [4341 MB] [4.3 GB]
eth0: Intel EtherExpress Pro 10/100 at 0xff40, 00:A0:C9:60:56:7E, IRQ 18.
  Board assembly 645520-034, Physical connectors present: RJ45
  Primary interface chip DP83840 PHY #1.
  DP83840 specific setup, setting register 23 to 8462.
  General self-test: passed.
  Serial sub-system self-test: passed.
  Internal registers self-test: passed.
  ROM checksum self-test: passed (0x49caa8d6).
  Receiver lock-up workaround activated.
Partition check:
 sda: sda1 sda2 < sda5 sda6 sda7 sda8 sda9 >
NTFS version 990102
VFS: Mounted root (ext2 filesystem) readonly.
Freeing unused kernel memory: 40k freed
Adding Swap: 72256k swap-space (priority -1)
spurious APIC interrupt, ayiee, should never happen.
spurious APIC interrupt, ayiee, should never happen.
           CPU0       CPU1       
  0:      68303         64          XT-PIC  timer
  1:         85         99    IO-APIC-edge  keyboard
  2:          0          0          XT-PIC  cascade
 12:          0          0    IO-APIC-edge  PS/2 Mouse
 13:          1          0          XT-PIC  fpu
 17:       1085       1081   IO-APIC-level  aic7xxx
 18:        266        281   IO-APIC-level  Intel EtherExpress Pro 10/100 Ethernet
NMI:          0
ERR:          0