Date: Wed, 28 Mar 2007 09:46:40 +0200
From: Oliver Joa <>
Subject: Re: Corrupt XFS -Filesystems on new Hardware and Kernel
Sender: linux-kernel-owner@vger.kernel.org
Precedence: bulk
List-ID: <linux-kernel.vger.kernel.org>
X-Mailing-List: linux-kernel@vger.kernel.org
X-Lkml-Link: https://lkml.org/lkml/2007/3/28/41

Hi,
Jeffrey Hundstad wrote:
[...]
> In this whole message I can only help on this point.  Switching to ext2 
> will not help.  You've got *something* wrong with YOUR setup.  I have 
> used the kernels you mention in VERY large environments with excellent 
> and stable results.
What can be wrong? There is nothing special, only board, cpu and 
harddisk, no other hardware. The board is running with the newest 
available bios. I bought a Intel-board, because normally Intel is 
supported very well.
> You need to find out what's up with the sata-bus-reset problem.  It 
> won't do *me* any good but people who can fix your problem will want the 
> entire .config and dmesg to even guess about what is going on with 
> *your* situation.
i attached the config and dmesg. I hope someone can help me.
Thanks a lot.
Oliver
[    0.000000] Linux version 2.6.20.4-majestix-1 (root@test) (gcc version 4.1.2 20061115 (prerelease) (Debian 4.1.1-21)) #1 SMP PREEMPT Tue Mar 27 12:15:41 CEST 2007
[    0.000000] BIOS-provided physical RAM map:
[    0.000000] sanitize start
[    0.000000] sanitize end
[    0.000000] copy_e820_map() start: 0000000000000000 size: 000000000008f000 end: 000000000008f000 type: 1
[    0.000000] copy_e820_map() type is E820_RAM
[    0.000000] copy_e820_map() start: 000000000008f000 size: 0000000000011000 end: 00000000000a0000 type: 2
[    0.000000] copy_e820_map() start: 00000000000e0000 size: 0000000000020000 end: 0000000000100000 type: 2
[    0.000000] copy_e820_map() start: 0000000000100000 size: 000000007ddfb000 end: 000000007defb000 type: 1
[    0.000000] copy_e820_map() type is E820_RAM
[    0.000000] copy_e820_map() start: 000000007defb000 size: 000000000007a000 end: 000000007df75000 type: 4
[    0.000000] copy_e820_map() start: 000000007df75000 size: 0000000000e85000 end: 000000007edfa000 type: 1
[    0.000000] copy_e820_map() type is E820_RAM
[    0.000000] copy_e820_map() start: 000000007edfa000 size: 000000000000d000 end: 000000007ee07000 type: 2
[    0.000000] copy_e820_map() start: 000000007ee07000 size: 00000000000a2000 end: 000000007eea9000 type: 1
[    0.000000] copy_e820_map() type is E820_RAM
[    0.000000] copy_e820_map() start: 000000007eea9000 size: 0000000000005000 end: 000000007eeae000 type: 3
[    0.000000] copy_e820_map() start: 000000007eeae000 size: 0000000000044000 end: 000000007eef2000 type: 4
[    0.000000] copy_e820_map() start: 000000007eef2000 size: 0000000000001000 end: 000000007eef3000 type: 1
[    0.000000] copy_e820_map() type is E820_RAM
[    0.000000] copy_e820_map() start: 000000007eef3000 size: 000000000000c000 end: 000000007eeff000 type: 3
[    0.000000] copy_e820_map() start: 000000007eeff000 size: 0000000000001000 end: 000000007ef00000 type: 1
[    0.000000] copy_e820_map() type is E820_RAM
[    0.000000] copy_e820_map() start: 000000007ef00000 size: 0000000000100000 end: 000000007f000000 type: 2
[    0.000000] copy_e820_map() start: 00000000fff00000 size: 0000000000100000 end: 0000000100000000 type: 2
[    0.000000]  BIOS-e820: 0000000000000000 - 000000000008f000 (usable)
[    0.000000]  BIOS-e820: 000000000008f000 - 00000000000a0000 (reserved)
[    0.000000]  BIOS-e820: 00000000000e0000 - 0000000000100000 (reserved)
[    0.000000]  BIOS-e820: 0000000000100000 - 000000007defb000 (usable)
[    0.000000]  BIOS-e820: 000000007defb000 - 000000007df75000 (ACPI NVS)
[    0.000000]  BIOS-e820: 000000007df75000 - 000000007edfa000 (usable)
[    0.000000]  BIOS-e820: 000000007edfa000 - 000000007ee07000 (reserved)
[    0.000000]  BIOS-e820: 000000007ee07000 - 000000007eea9000 (usable)
[    0.000000]  BIOS-e820: 000000007eea9000 - 000000007eeae000 (ACPI data)
[    0.000000]  BIOS-e820: 000000007eeae000 - 000000007eef2000 (ACPI NVS)
[    0.000000]  BIOS-e820: 000000007eef2000 - 000000007eef3000 (usable)
[    0.000000]  BIOS-e820: 000000007eef3000 - 000000007eeff000 (ACPI data)
[    0.000000]  BIOS-e820: 000000007eeff000 - 000000007ef00000 (usable)
[    0.000000]  BIOS-e820: 000000007ef00000 - 000000007f000000 (reserved)
[    0.000000]  BIOS-e820: 00000000fff00000 - 0000000100000000 (reserved)
[    0.000000] 1135MB HIGHMEM available.
[    0.000000] 896MB LOWMEM available.
[    0.000000] found SMP MP-table at 000fe200
[    0.000000] Entering add_active_range(0, 0, 519936) 0 entries of 256 used
[    0.000000] Zone PFN ranges:
[    0.000000]   DMA             0 ->     4096
[    0.000000]   Normal       4096 ->   229376
[    0.000000]   HighMem    229376 ->   519936
[    0.000000] early_node_map[1] active PFN ranges
[    0.000000]     0:        0 ->   519936
[    0.000000] On node 0 totalpages: 519936
[    0.000000]   DMA zone: 32 pages used for memmap
[    0.000000]   DMA zone: 0 pages reserved
[    0.000000]   DMA zone: 4064 pages, LIFO batch:0
[    0.000000]   Normal zone: 1760 pages used for memmap
[    0.000000]   Normal zone: 223520 pages, LIFO batch:31
[    0.000000]   HighMem zone: 2270 pages used for memmap
[    0.000000]   HighMem zone: 288290 pages, LIFO batch:31
[    0.000000] DMI 2.4 present.
[    0.000000] ACPI: RSDP (v000 INTEL                                 ) @ 0x000fe020
[    0.000000] ACPI: RSDT (v001 INTEL  DP965LT  0x0000064c      0x01000013) @ 0x7eefd038
[    0.000000] ACPI: FADT (v001 INTEL  DP965LT  0x0000064c MSFT 0x01000013) @ 0x7eefc000
[    0.000000] ACPI: MADT (v001 INTEL  DP965LT  0x0000064c MSFT 0x01000013) @ 0x7eef6000
[    0.000000] ACPI: WDDT (v001 INTEL  DP965LT  0x0000064c MSFT 0x01000013) @ 0x7eef5000
[    0.000000] ACPI: MCFG (v001 INTEL  DP965LT  0x0000064c MSFT 0x01000013) @ 0x7eef4000
[    0.000000] ACPI: ASF! (v032 INTEL  DP965LT  0x0000064c MSFT 0x01000013) @ 0x7eef3000
[    0.000000] ACPI: SSDT (v001 INTEL     CpuPm 0x0000064c MSFT 0x01000013) @ 0x7eead000
[    0.000000] ACPI: SSDT (v001 INTEL   Cpu0Ist 0x0000064c MSFT 0x01000013) @ 0x7eeac000
[    0.000000] ACPI: SSDT (v001 INTEL   Cpu1Ist 0x0000064c MSFT 0x01000013) @ 0x7eeab000
[    0.000000] ACPI: SSDT (v001 INTEL   Cpu2Ist 0x0000064c MSFT 0x01000013) @ 0x7eeaa000
[    0.000000] ACPI: SSDT (v001 INTEL   Cpu3Ist 0x0000064c MSFT 0x01000013) @ 0x7eea9000
[    0.000000] ACPI: DSDT (v001 INTEL  DP965LT  0x0000064c MSFT 0x01000013) @ 0x00000000
[    0.000000] ACPI: PM-Timer IO Port: 0x408
[    0.000000] ACPI: Local APIC address 0xfee00000
[    0.000000] ACPI: LAPIC (acpi_id[0x01] lapic_id[0x00] enabled)
[    0.000000] Processor #0 6:15 APIC version 20
[    0.000000] ACPI: LAPIC (acpi_id[0x02] lapic_id[0x01] enabled)
[    0.000000] Processor #1 6:15 APIC version 20
[    0.000000] ACPI: LAPIC (acpi_id[0x03] lapic_id[0x82] disabled)
[    0.000000] ACPI: LAPIC (acpi_id[0x04] lapic_id[0x83] disabled)
[    0.000000] ACPI: LAPIC_NMI (acpi_id[0x01] dfl dfl lint[0x1])
[    0.000000] ACPI: LAPIC_NMI (acpi_id[0x02] dfl dfl lint[0x1])
[    0.000000] ACPI: IOAPIC (id[0x02] address[0xfec00000] gsi_base[0])
[    0.000000] IOAPIC[0]: apic_id 2, version 32, address 0xfec00000, GSI 0-23
[    0.000000] ACPI: INT_SRC_OVR (bus 0 bus_irq 0 global_irq 2 dfl dfl)
[    0.000000] ACPI: INT_SRC_OVR (bus 0 bus_irq 9 global_irq 9 high level)
[    0.000000] ACPI: IRQ0 used by override.
[    0.000000] ACPI: IRQ2 used by override.
[    0.000000] ACPI: IRQ9 used by override.
[    0.000000] Enabling APIC mode:  Flat.  Using 1 I/O APICs
[    0.000000] Using ACPI (MADT) for SMP configuration information
[    0.000000] Allocating PCI resources starting at 80000000 (gap: 7f000000:80f00000)
[    0.000000] Detected 1864.854 MHz processor.
[   33.491009] Built 1 zonelists.  Total pages: 515874
[   33.491011] Kernel command line: auto BOOT_IMAGE=Linux15 ro root=803
[   33.491164] mapped APIC to ffffd000 (fee00000)
[   33.491167] mapped IOAPIC to ffffc000 (fec00000)
[   33.491169] Enabling fast FPU save and restore... done.
[   33.491171] Enabling unmasked SIMD FPU exception support... done.
[   33.491176] Initializing CPU#0
[   33.491218] PID hash table entries: 4096 (order: 12, 16384 bytes)
[   33.492855] Console: colour VGA+ 80x25
[   33.497061] Dentry cache hash table entries: 131072 (order: 7, 524288 bytes)
[   33.497346] Inode-cache hash table entries: 65536 (order: 6, 262144 bytes)
[   33.555701] Memory: 2056596k/2079744k available (2453k kernel code, 20984k reserved, 828k data, 200k init, 1161360k highmem)
[   33.555789] virtual kernel memory layout:
[   33.555790]     fixmap  : 0xfff9d000 - 0xfffff000   ( 392 kB)
[   33.555791]     pkmap   : 0xff800000 - 0xffc00000   (4096 kB)
[   33.555792]     vmalloc : 0xf8800000 - 0xff7fe000   ( 111 MB)
[   33.555793]     lowmem  : 0xc0000000 - 0xf8000000   ( 896 MB)
[   33.555794]       .init : 0xc043c000 - 0xc046e000   ( 200 kB)
[   33.555795]       .data : 0xc03654ad - 0xc043484c   ( 828 kB)
[   33.555796]       .text : 0xc0100000 - 0xc03654ad   (2453 kB)
[   33.556227] Checking if this processor honours the WP bit even in supervisor mode... Ok.
[   33.635201] Calibrating delay using timer specific routine.. 3732.56 BogoMIPS (lpj=7465134)
[   33.635348] Mount-cache hash table entries: 512
[   33.635491] CPU: After generic identify, caps: bfebfbff 20100000 00000000 00000000 0000e3bd 00000000 00000001
[   33.635498] monitor/mwait feature present.
[   33.635551] using mwait in idle threads.
[   33.635605] CPU: L1 I cache: 32K, L1 D cache: 32K
[   33.635689] CPU: L2 cache: 2048K
[   33.635741] CPU: Physical Processor ID: 0
[   33.635793] CPU: Processor Core ID: 0
[   33.635845] CPU: After all inits, caps: bfebfbff 20100000 00000000 00003940 0000e3bd 00000000 00000001
[   33.635861] Checking 'hlt' instruction... OK.
[   33.651320] Freeing SMP alternatives: 13k freed
[   33.651376] ACPI: Core revision 20060707
[   33.655303] CPU0: Intel(R) Core(TM)2 CPU          6300  @ 1.86GHz stepping 06
[   33.655437] Booting processor 1/1 eip 2000
[   33.665991] Initializing CPU#1
[   33.743182] Calibrating delay using timer specific routine.. 3729.87 BogoMIPS (lpj=7459759)
[   33.743187] CPU: After generic identify, caps: bfebfbff 20100000 00000000 00000000 0000e3bd 00000000 00000001
[   33.743191] monitor/mwait feature present.
[   33.743194] CPU: L1 I cache: 32K, L1 D cache: 32K
[   33.743196] CPU: L2 cache: 2048K
[   33.743198] CPU: Physical Processor ID: 0
[   33.743199] CPU: Processor Core ID: 1
[   33.743200] CPU: After all inits, caps: bfebfbff 20100000 00000000 00003940 0000e3bd 00000000 00000001
[   33.743508] CPU1: Intel(R) Core(TM)2 CPU          6300  @ 1.86GHz stepping 06
[   33.744009] Total of 2 processors activated (7462.44 BogoMIPS).
[   33.744201] ENABLING IO-APIC IRQs
[   33.744414] ..TIMER: vector=0x31 apic1=0 pin1=2 apic2=-1 pin2=-1
[   33.891165] checking TSC synchronization across 2 CPUs: passed.
[    0.003959] Brought up 2 CPUs
[    0.048793] migration_cost=12
[    0.049175] NET: Registered protocol family 16
[    0.049286] ACPI: bus type pci registered
[    0.049345] PCI: BIOS Bug: MCFG area at f0000000 is not E820-reserved
[    0.049401] PCI: Not using MMCONFIG.
[    0.050977] PCI: Using configuration type 1
[    0.051029] Setting up standard PCI resources
[    0.060760] ACPI: Interpreter enabled
[    0.060813] ACPI: Using IOAPIC for interrupt routing
[    0.061234] ACPI: PCI Root Bridge [PCI0] (0000:00)
[    0.061295] PCI: Probing PCI hardware (bus 00)
[    0.061309] ACPI: Assume root bridge [\_SB_.PCI0] bus is 0
[    0.062922] PCI quirk: region 0400-047f claimed by ICH6 ACPI/GPIO/TCO
[    0.062981] PCI quirk: region 0500-053f claimed by ICH6 GPIO
[    0.063650] Boot video device is 0000:07:00.0
[    0.063794] PCI: Transparent bridge - 0000:00:1e.0
[    0.063920] ACPI: PCI Interrupt Routing Table [\_SB_.PCI0._PRT]
[    0.068373] ACPI: PCI Interrupt Routing Table [\_SB_.PCI0.P32_._PRT]
[    0.068962] ACPI: PCI Interrupt Link [LNKA] (IRQs 3 4 5 7 *9 10 11 12)
[    0.069514] ACPI: PCI Interrupt Link [LNKB] (IRQs 3 4 5 7 9 *10 11 12)
[    0.070065] ACPI: PCI Interrupt Link [LNKC] (IRQs 3 4 5 7 9 10 *11 12)
[    0.070615] ACPI: PCI Interrupt Link [LNKD] (IRQs 3 4 5 7 9 10 *11 12)
[    0.071171] ACPI: PCI Interrupt Link [LNKE] (IRQs 3 4 5 7 9 *10 11 12)
[    0.071720] ACPI: PCI Interrupt Link [LNKF] (IRQs 3 4 5 7 9 10 *11 12)
[    0.072293] ACPI: PCI Interrupt Link [LNKG] (IRQs 3 4 5 7 *9 10 11 12)
[    0.072840] ACPI: PCI Interrupt Link [LNKH] (IRQs 3 4 5 7 9 10 *11 12)
[    0.074491] ACPI: PCI Interrupt Routing Table [\_SB_.PCI0.PEX0._PRT]
[    0.074693] ACPI: PCI Interrupt Routing Table [\_SB_.PCI0.PEX1._PRT]
[    0.074895] ACPI: PCI Interrupt Routing Table [\_SB_.PCI0.PEX2._PRT]
[    0.075096] ACPI: PCI Interrupt Routing Table [\_SB_.PCI0.PEX3._PRT]
[    0.075296] ACPI: PCI Interrupt Routing Table [\_SB_.PCI0.PEX4._PRT]
[    0.076672] SCSI subsystem initialized
[    0.076763] libata version 2.00 loaded.
[    0.076799] PCI: Using ACPI for IRQ routing
[    0.076853] PCI: If a device doesn't work, try "pci=routeirq".  If it helps, post a report
[    0.077268] PCI: Bridge: 0000:00:01.0
[    0.077320]   IO window: disabled.
[    0.077374]   MEM window: 90300000-903fffff
[    0.077427]   PREFETCH window: disabled.
[    0.077481] PCI: Bridge: 0000:00:1c.0
[    0.077532]   IO window: disabled.
[    0.077586]   MEM window: 90400000-904fffff
[    0.077640]   PREFETCH window: disabled.
[    0.077695] PCI: Bridge: 0000:00:1c.1
[    0.077748]   IO window: 2000-2fff
[    0.077802]   MEM window: 90100000-901fffff
[    0.077856]   PREFETCH window: disabled.
[    0.077911] PCI: Bridge: 0000:00:1c.2
[    0.077962]   IO window: disabled.
[    0.078016]   MEM window: 90500000-905fffff
[    0.078071]   PREFETCH window: disabled.
[    0.078125] PCI: Bridge: 0000:00:1c.3
[    0.078177]   IO window: disabled.
[    0.078231]   MEM window: 90600000-906fffff
[    0.078285]   PREFETCH window: disabled.
[    0.078340] PCI: Bridge: 0000:00:1c.4
[    0.078391]   IO window: disabled.
[    0.078445]   MEM window: 90700000-907fffff
[    0.078499]   PREFETCH window: disabled.
[    0.078555] PCI: Bridge: 0000:00:1e.0
[    0.078608]   IO window: 1000-1fff
[    0.078662]   MEM window: 90000000-900fffff
[    0.078717]   PREFETCH window: 80000000-8fffffff
[    0.078782] ACPI: PCI Interrupt 0000:00:01.0[A] -> GSI 16 (level, low) -> IRQ 16
[    0.078888] PCI: Setting latency timer of device 0000:00:01.0 to 64
[    0.078903] ACPI: PCI Interrupt 0000:00:1c.0[A] -> GSI 17 (level, low) -> IRQ 17
[    0.079009] PCI: Setting latency timer of device 0000:00:1c.0 to 64
[    0.079023] ACPI: PCI Interrupt 0000:00:1c.1[B] -> GSI 16 (level, low) -> IRQ 16
[    0.079129] PCI: Setting latency timer of device 0000:00:1c.1 to 64
[    0.079144] ACPI: PCI Interrupt 0000:00:1c.2[C] -> GSI 18 (level, low) -> IRQ 18
[    0.079250] PCI: Setting latency timer of device 0000:00:1c.2 to 64
[    0.079265] ACPI: PCI Interrupt 0000:00:1c.3[D] -> GSI 19 (level, low) -> IRQ 19
[    0.079371] PCI: Setting latency timer of device 0000:00:1c.3 to 64
[    0.079385] ACPI: PCI Interrupt 0000:00:1c.4[A] -> GSI 17 (level, low) -> IRQ 17
[    0.080652] PCI: Setting latency timer of device 0000:00:1c.4 to 64
[    0.080661] PCI: Setting latency timer of device 0000:00:1e.0 to 64
[    0.080683] NET: Registered protocol family 2
[    0.132252] IP route cache hash table entries: 32768 (order: 5, 131072 bytes)
[    0.132401] TCP established hash table entries: 131072 (order: 8, 1572864 bytes)
[    0.133007] TCP bind hash table entries: 65536 (order: 7, 786432 bytes)
[    0.133360] TCP: Hash tables configured (established 131072 bind 65536)
[    0.133419] TCP reno registered
[    0.148956] highmem bounce pool size: 64 pages
[    0.149086] VFS: Disk quotas dquot_6.5.1
[    0.149154] Dquot-cache hash table entries: 1024 (order 0, 4096 bytes)
[    0.149307] Installing knfsd (copyright (C) 1996 okir@monad.swb.de).
[    0.149464] SGI XFS with no debug enabled
[    0.149660] io scheduler noop registered
[    0.149742] io scheduler anticipatory registered (default)
[    0.149858] io scheduler deadline registered
[    0.149950] io scheduler cfq registered
[    0.150460] PCI: Setting latency timer of device 0000:00:01.0 to 64
[    0.150490] assign_interrupt_mode Found MSI capability
[    0.150546] Allocate Port Service[0000:00:01.0:pcie00]
[    0.150609] PCI: Setting latency timer of device 0000:00:1c.0 to 64
[    0.150645] assign_interrupt_mode Found MSI capability
[    0.150700] Allocate Port Service[0000:00:1c.0:pcie00]
[    0.150727] Allocate Port Service[0000:00:1c.0:pcie02]
[    0.150797] PCI: Setting latency timer of device 0000:00:1c.1 to 64
[    0.150833] assign_interrupt_mode Found MSI capability
[    0.150888] Allocate Port Service[0000:00:1c.1:pcie00]
[    0.150915] Allocate Port Service[0000:00:1c.1:pcie02]
[    0.150983] PCI: Setting latency timer of device 0000:00:1c.2 to 64
[    0.151019] assign_interrupt_mode Found MSI capability
[    0.151074] Allocate Port Service[0000:00:1c.2:pcie00]
[    0.151101] Allocate Port Service[0000:00:1c.2:pcie02]
[    0.151169] PCI: Setting latency timer of device 0000:00:1c.3 to 64
[    0.151204] assign_interrupt_mode Found MSI capability
[    0.151259] Allocate Port Service[0000:00:1c.3:pcie00]
[    0.151289] Allocate Port Service[0000:00:1c.3:pcie02]
[    0.151358] PCI: Setting latency timer of device 0000:00:1c.4 to 64
[    0.151394] assign_interrupt_mode Found MSI capability
[    0.151449] Allocate Port Service[0000:00:1c.4:pcie00]
[    0.151476] Allocate Port Service[0000:00:1c.4:pcie02]
[    3.184226] floppy0: no floppy controllers found
[    3.184712] RAMDISK driver initialized: 16 RAM disks of 4096K size 1024 blocksize
[    3.184869] Uniform Multi-Platform E-IDE driver Revision: 7.00alpha2
[    3.184927] ide: Assuming 33MHz system bus speed for PIO modes; override with idebus=xx
[    3.185198] Probing IDE interface ide0...
[    3.748773] Probing IDE interface ide1...
[    4.313435] st: Version 20070203, fixed bufsize 32768, s/g segs 256
[    4.313583] ahci 0000:00:1f.2: version 2.0
[    4.313602] ACPI: PCI Interrupt 0000:00:1f.2[A] -> GSI 19 (level, low) -> IRQ 19
[    5.317353] PCI: Setting latency timer of device 0000:00:1f.2 to 64
[    5.317359] ahci 0000:00:1f.2: AHCI 0001.0100 32 slots 4 ports 3 Gbps 0x33 impl SATA mode
[    5.317437] ahci 0000:00:1f.2: flags: 64bit ncq led clo pio slum part 
[    5.317568] ata1: SATA max UDMA/133 cmd 0xF880E100 ctl 0x0 bmdma 0x0 irq 19
[    5.317691] ata2: SATA max UDMA/133 cmd 0xF880E180 ctl 0x0 bmdma 0x0 irq 19
[    5.317764] ata3: DUMMY
[    5.317827] ata4: DUMMY
[    5.317930] ata5: SATA max UDMA/133 cmd 0xF880E300 ctl 0x0 bmdma 0x0 irq 19
[    5.318041] ata6: SATA max UDMA/133 cmd 0xF880E380 ctl 0x0 bmdma 0x0 irq 19
[    5.318105] scsi0 : ahci
[    5.801146] ata1: SATA link up 1.5 Gbps (SStatus 113 SControl 300)
[    5.802694] ata1.00: ATA-6, max UDMA/133, 312581808 sectors: LBA48 NCQ (depth 31/32)
[    5.804178] ata1.00: configured for UDMA/133
[    5.804236] scsi1 : ahci
[    6.115396] ata2: SATA link down (SStatus 0 SControl 300)
[    6.115458] scsi2 : ahci
[    6.115547] scsi3 : ahci
[    6.115636] scsi4 : ahci
[    6.430427] ata5: SATA link down (SStatus 0 SControl 300)
[    6.430489] scsi5 : ahci
[    6.740527] ata6: SATA link down (SStatus 0 SControl 300)
[    6.740660] scsi 0:0:0:0: Direct-Access     ATA      ST3160827AS      3.42 PQ: 0 ANSI: 5
[    6.740822] SCSI device sda: 312581808 512-byte hdwr sectors (160042 MB)
[    6.740887] sda: Write Protect is off
[    6.740939] sda: Mode Sense: 00 3a 00 00
[    6.740952] SCSI device sda: write cache: enabled, read cache: enabled, doesn't support DPO or FUA
[    6.741060] SCSI device sda: 312581808 512-byte hdwr sectors (160042 MB)
[    6.741124] sda: Write Protect is off
[    6.741176] sda: Mode Sense: 00 3a 00 00
[    6.741189] SCSI device sda: write cache: enabled, read cache: enabled, doesn't support DPO or FUA
[    6.741266]  sda: sda1 sda2 sda3 sda4
[    6.745618] sd 0:0:0:0: Attached scsi disk sda
[    6.745724] sd 0:0:0:0: Attached scsi generic sg0 type 0
[    6.748683] serio: i8042 KBD port at 0x60,0x64 irq 1
[    6.748756] serio: i8042 AUX port at 0x60,0x64 irq 12
[    6.748904] mice: PS/2 mouse device common for all mice
[    6.770905] input: AT Translated Set 2 keyboard as /class/input/input0
[    6.935909] md: linear personality registered for level -1
[    6.935966] md: raid0 personality registered for level 0
[    6.936032] md: raid1 personality registered for level 1
[    6.936088] md: raid10 personality registered for level 10
[    6.966211] TCP cubic registered
[    6.966268] NET: Registered protocol family 1
[    6.966324] NET: Registered protocol family 17
[    6.966379] NET: Registered protocol family 15
[    6.966508] Starting balanced_irq
[    6.966563] Using IPI Shortcut mode
[    6.966836] Time: tsc clocksource has been installed.
[    7.067003] md: Autodetecting RAID arrays.
[    7.067057] md: autorun ...
[    7.067118] md: ... autorun DONE.
[    7.118210] XFS mounting filesystem sda3
[    7.193386] Ending clean XFS mount for filesystem: sda3
[    7.193444] VFS: Mounted root (xfs filesystem) readonly.
[    7.193581] Freeing unused kernel memory: 200k freed
[    9.352834] ACPI: PCI Interrupt 0000:03:00.0[A] -> GSI 17 (level, low) -> IRQ 17
[    9.352956] PCI: Setting latency timer of device 0000:03:00.0 to 64
[    9.352979] ata7: PATA max UDMA/100 cmd 0x2018 ctl 0x2026 bmdma 0x2000 irq 17
[    9.353051] scsi6 : pata_marvell
[    9.353148] BAR5:00:00 01:7F 02:22 03:CA 04:00 05:00 06:00 07:00 08:00 09:00 0A:00 0B:00 0C:01 0D:00 0E:00 0F:00 
[    9.431579] Intel(R) PRO/1000 Network Driver - version 7.3.15-k2-NAPI
[    9.431641] Copyright (c) 1999-2006 Intel Corporation.
[    9.431734] ACPI: PCI Interrupt 0000:00:19.0[A] -> GSI 20 (level, low) -> IRQ 20
[    9.431845] PCI: Setting latency timer of device 0000:00:19.0 to 64
[    9.463031] e1000: 0000:00:19.0: e1000_probe: (PCI Express:2.5Gb/s:Width x1) 00:19:d1:08:b3:f9
[    9.499649] usbcore: registered new interface driver usbfs
[    9.499724] usbcore: registered new interface driver hub
[    9.499798] usbcore: registered new device driver usb
[    9.518400] ATA: abnormal status 0x8 on port 0x201F
[    9.560781] e1000: eth0: e1000_probe: Intel(R) PRO/1000 Network Connection
[    9.621809] USB Universal Host Controller Interface driver v3.0
[    9.621909] ACPI: PCI Interrupt 0000:00:1a.0[A] -> GSI 16 (level, low) -> IRQ 16
[    9.622025] PCI: Setting latency timer of device 0000:00:1a.0 to 64
[    9.622028] uhci_hcd 0000:00:1a.0: UHCI Host Controller
[    9.622180] uhci_hcd 0000:00:1a.0: new USB bus registered, assigned bus number 1
[    9.622279] uhci_hcd 0000:00:1a.0: irq 16, io base 0x000030c0
[    9.622428] usb usb1: configuration #1 chosen from 1 choice
[    9.622504] hub 1-0:1.0: USB hub found
[    9.622560] hub 1-0:1.0: 2 ports detected
[    9.728550] ACPI: PCI Interrupt 0000:00:1a.1[B] -> GSI 21 (level, low) -> IRQ 21
[    9.728668] PCI: Setting latency timer of device 0000:00:1a.1 to 64
[    9.728672] uhci_hcd 0000:00:1a.1: UHCI Host Controller
[    9.728757] uhci_hcd 0000:00:1a.1: new USB bus registered, assigned bus number 2
[    9.728853] uhci_hcd 0000:00:1a.1: irq 21, io base 0x000030a0
[    9.728983] usb usb2: configuration #1 chosen from 1 choice
[    9.729058] hub 2-0:1.0: USB hub found
[    9.729114] hub 2-0:1.0: 2 ports detected
[    9.833540] ACPI: PCI Interrupt 0000:00:1d.0[A] -> GSI 23 (level, low) -> IRQ 22
[    9.833653] PCI: Setting latency timer of device 0000:00:1d.0 to 64
[    9.833657] uhci_hcd 0000:00:1d.0: UHCI Host Controller
[    9.833741] uhci_hcd 0000:00:1d.0: new USB bus registered, assigned bus number 3
[    9.833836] uhci_hcd 0000:00:1d.0: irq 22, io base 0x00003080
[    9.833960] usb usb3: configuration #1 chosen from 1 choice
[    9.834036] hub 3-0:1.0: USB hub found
[    9.834092] hub 3-0:1.0: 2 ports detected
[    9.938246] ACPI: PCI Interrupt 0000:00:1d.1[B] -> GSI 19 (level, low) -> IRQ 19
[    9.938361] PCI: Setting latency timer of device 0000:00:1d.1 to 64
[    9.938365] uhci_hcd 0000:00:1d.1: UHCI Host Controller
[    9.938448] uhci_hcd 0000:00:1d.1: new USB bus registered, assigned bus number 4
[    9.938540] uhci_hcd 0000:00:1d.1: irq 19, io base 0x00003060
[    9.938663] usb usb4: configuration #1 chosen from 1 choice
[    9.938739] hub 4-0:1.0: USB hub found
[    9.938794] hub 4-0:1.0: 2 ports detected
[   10.042775] ACPI: PCI Interrupt 0000:00:1d.2[C] -> GSI 18 (level, low) -> IRQ 18
[   10.042886] PCI: Setting latency timer of device 0000:00:1d.2 to 64
[   10.042890] uhci_hcd 0000:00:1d.2: UHCI Host Controller
[   10.042965] uhci_hcd 0000:00:1d.2: new USB bus registered, assigned bus number 5
[   10.043062] uhci_hcd 0000:00:1d.2: irq 18, io base 0x00003040
[   10.043199] usb usb5: configuration #1 chosen from 1 choice
[   10.043272] hub 5-0:1.0: USB hub found
[   10.043329] hub 5-0:1.0: 2 ports detected
[   10.147802] ACPI: PCI Interrupt 0000:00:1a.7[C] -> GSI 18 (level, low) -> IRQ 18
[   10.147927] PCI: Setting latency timer of device 0000:00:1a.7 to 64
[   10.147930] ehci_hcd 0000:00:1a.7: EHCI Host Controller
[   10.148003] ehci_hcd 0000:00:1a.7: new USB bus registered, assigned bus number 6
[   10.148100] ehci_hcd 0000:00:1a.7: debug port 1
[   10.148158] PCI: cache line size of 32 is not supported by device 0000:00:1a.7
[   10.148163] ehci_hcd 0000:00:1a.7: irq 18, io mem 0x90225c00
[   10.152085] ehci_hcd 0000:00:1a.7: USB 2.0 started, EHCI 1.00, driver 10 Dec 2004
[   10.152222] usb usb6: configuration #1 chosen from 1 choice
[   10.152301] hub 6-0:1.0: USB hub found
[   10.152357] hub 6-0:1.0: 4 ports detected
[   10.256582] ACPI: PCI Interrupt 0000:00:1d.7[A] -> GSI 23 (level, low) -> IRQ 22
[   10.256700] PCI: Setting latency timer of device 0000:00:1d.7 to 64
[   10.256703] ehci_hcd 0000:00:1d.7: EHCI Host Controller
[   10.256789] ehci_hcd 0000:00:1d.7: new USB bus registered, assigned bus number 7
[   10.256884] ehci_hcd 0000:00:1d.7: debug port 1
[   10.256942] PCI: cache line size of 32 is not supported by device 0000:00:1d.7
[   10.256947] ehci_hcd 0000:00:1d.7: irq 22, io mem 0x90225800
[   10.260883] ehci_hcd 0000:00:1d.7: USB 2.0 started, EHCI 1.00, driver 10 Dec 2004
[   10.261018] usb usb7: configuration #1 chosen from 1 choice
[   10.261093] hub 7-0:1.0: USB hub found
[   10.261148] hub 7-0:1.0: 6 ports detected
[   10.365596] ACPI: PCI Interrupt 0000:00:1f.3[B] -> GSI 21 (level, low) -> IRQ 21
[   10.985942] Adding 987956k swap on /dev/sda1.  Priority:-1 extents:1 across:987956k
[   41.986049] ata1.00: exception Emask 0x0 SAct 0x1 SErr 0x0 action 0x2 frozen
[   41.986116] ata1.00: cmd 61/12:00:aa:f5:9c/00:00:03:00:00/40 tag 0 cdb 0x0 data 9216 out
[   41.986117]          res 40/00:00:00:00:00/00:00:00:00:00/00 Emask 0x4 (timeout)
[   42.300909] ata1: soft resetting port
[   42.526387] ata1: SATA link up 1.5 Gbps (SStatus 113 SControl 300)
[   42.529024] ata1.00: configured for UDMA/133
[   42.529082] ata1: EH complete
[   42.529160] SCSI device sda: 312581808 512-byte hdwr sectors (160042 MB)
[   42.529227] sda: Write Protect is off
[   42.529290] sda: Mode Sense: 00 3a 00 00
[   42.529304] SCSI device sda: write cache: enabled, read cache: enabled, doesn't support DPO or FUA
[   44.277723] e1000: eth0: e1000_watchdog: NIC Link is Up 100 Mbps Full Duplex
[   44.277800] e1000: eth0: e1000_watchdog: 10/100 speed: disabling TSO
#
# Automatically generated make config: don't edit
# Linux kernel version: 2.6.20.4
# Tue Mar 27 12:06:33 2007
#
CONFIG_X86_32=y
CONFIG_GENERIC_TIME=y
CONFIG_LOCKDEP_SUPPORT=y
CONFIG_STACKTRACE_SUPPORT=y
CONFIG_SEMAPHORE_SLEEPERS=y
CONFIG_X86=y
CONFIG_MMU=y
CONFIG_GENERIC_ISA_DMA=y
CONFIG_GENERIC_IOMAP=y
CONFIG_GENERIC_BUG=y
CONFIG_GENERIC_HWEIGHT=y
CONFIG_ARCH_MAY_HAVE_PC_FDC=y
CONFIG_DMI=y
CONFIG_DEFCONFIG_LIST="/lib/modules/$UNAME_RELEASE/.config"
#
# Code maturity level options
#
CONFIG_EXPERIMENTAL=y
CONFIG_LOCK_KERNEL=y
CONFIG_INIT_ENV_ARG_LIMIT=32
#
# General setup
#
CONFIG_LOCALVERSION="-majestix-1"
CONFIG_LOCALVERSION_AUTO=y
CONFIG_SWAP=y
CONFIG_SYSVIPC=y
# CONFIG_IPC_NS is not set
# CONFIG_POSIX_MQUEUE is not set
CONFIG_BSD_PROCESS_ACCT=y
# CONFIG_BSD_PROCESS_ACCT_V3 is not set
# CONFIG_TASKSTATS is not set
# CONFIG_UTS_NS is not set
# CONFIG_AUDIT is not set
CONFIG_IKCONFIG=y
CONFIG_IKCONFIG_PROC=y
# CONFIG_CPUSETS is not set
CONFIG_SYSFS_DEPRECATED=y
# CONFIG_RELAY is not set
CONFIG_INITRAMFS_SOURCE=""
CONFIG_CC_OPTIMIZE_FOR_SIZE=y
CONFIG_SYSCTL=y
# CONFIG_EMBEDDED is not set
CONFIG_UID16=y
CONFIG_SYSCTL_SYSCALL=y
CONFIG_KALLSYMS=y
# CONFIG_KALLSYMS_ALL is not set
# CONFIG_KALLSYMS_EXTRA_PASS is not set
CONFIG_HOTPLUG=y
CONFIG_PRINTK=y
CONFIG_BUG=y
CONFIG_ELF_CORE=y
CONFIG_BASE_FULL=y
CONFIG_FUTEX=y
CONFIG_EPOLL=y
CONFIG_SHMEM=y
CONFIG_SLAB=y
CONFIG_VM_EVENT_COUNTERS=y
CONFIG_RT_MUTEXES=y
# CONFIG_TINY_SHMEM is not set
CONFIG_BASE_SMALL=0
# CONFIG_SLOB is not set
#
# Loadable module support
#
CONFIG_MODULES=y
CONFIG_MODULE_UNLOAD=y
CONFIG_MODULE_FORCE_UNLOAD=y
# CONFIG_MODVERSIONS is not set
# CONFIG_MODULE_SRCVERSION_ALL is not set
CONFIG_KMOD=y
CONFIG_STOP_MACHINE=y
#
# Block layer
#
CONFIG_BLOCK=y
# CONFIG_LBD is not set
# CONFIG_BLK_DEV_IO_TRACE is not set
# CONFIG_LSF is not set
#
# IO Schedulers
#
CONFIG_IOSCHED_NOOP=y
CONFIG_IOSCHED_AS=y
CONFIG_IOSCHED_DEADLINE=y
CONFIG_IOSCHED_CFQ=y
CONFIG_DEFAULT_AS=y
# CONFIG_DEFAULT_DEADLINE is not set
# CONFIG_DEFAULT_CFQ is not set
# CONFIG_DEFAULT_NOOP is not set
CONFIG_DEFAULT_IOSCHED="anticipatory"
#
# Processor type and features
#
CONFIG_SMP=y
CONFIG_X86_PC=y
# CONFIG_X86_ELAN is not set
# CONFIG_X86_VOYAGER is not set
# CONFIG_X86_NUMAQ is not set
# CONFIG_X86_SUMMIT is not set
# CONFIG_X86_BIGSMP is not set
# CONFIG_X86_VISWS is not set
# CONFIG_X86_GENERICARCH is not set
# CONFIG_X86_ES7000 is not set
# CONFIG_PARAVIRT is not set
# CONFIG_M386 is not set
# CONFIG_M486 is not set
# CONFIG_M586 is not set
# CONFIG_M586TSC is not set
# CONFIG_M586MMX is not set
# CONFIG_M686 is not set
# CONFIG_MPENTIUMII is not set
# CONFIG_MPENTIUMIII is not set
# CONFIG_MPENTIUMM is not set
CONFIG_MCORE2=y
# CONFIG_MPENTIUM4 is not set
# CONFIG_MK6 is not set
# CONFIG_MK7 is not set
# CONFIG_MK8 is not set
# CONFIG_MCRUSOE is not set
# CONFIG_MEFFICEON is not set
# CONFIG_MWINCHIPC6 is not set
# CONFIG_MWINCHIP2 is not set
# CONFIG_MWINCHIP3D is not set
# CONFIG_MGEODEGX1 is not set
# CONFIG_MGEODE_LX is not set
# CONFIG_MCYRIXIII is not set
# CONFIG_MVIAC3_2 is not set
# CONFIG_X86_GENERIC is not set
CONFIG_X86_CMPXCHG=y
CONFIG_X86_XADD=y
CONFIG_X86_L1_CACHE_SHIFT=6
CONFIG_RWSEM_XCHGADD_ALGORITHM=y
# CONFIG_ARCH_HAS_ILOG2_U32 is not set
# CONFIG_ARCH_HAS_ILOG2_U64 is not set
CONFIG_GENERIC_CALIBRATE_DELAY=y
CONFIG_X86_WP_WORKS_OK=y
CONFIG_X86_INVLPG=y
CONFIG_X86_BSWAP=y
CONFIG_X86_POPAD_OK=y
CONFIG_X86_CMPXCHG64=y
CONFIG_X86_GOOD_APIC=y
CONFIG_X86_INTEL_USERCOPY=y
CONFIG_X86_USE_PPRO_CHECKSUM=y
CONFIG_X86_TSC=y
CONFIG_HPET_TIMER=y
CONFIG_NR_CPUS=2
# CONFIG_SCHED_SMT is not set
CONFIG_SCHED_MC=y
# CONFIG_PREEMPT_NONE is not set
# CONFIG_PREEMPT_VOLUNTARY is not set
CONFIG_PREEMPT=y
CONFIG_PREEMPT_BKL=y
CONFIG_X86_LOCAL_APIC=y
CONFIG_X86_IO_APIC=y
# CONFIG_X86_MCE is not set
CONFIG_VM86=y
# CONFIG_TOSHIBA is not set
# CONFIG_I8K is not set
# CONFIG_X86_REBOOTFIXUPS is not set
# CONFIG_MICROCODE is not set
# CONFIG_X86_MSR is not set
# CONFIG_X86_CPUID is not set
#
# Firmware Drivers
#
# CONFIG_EDD is not set
# CONFIG_DELL_RBU is not set
# CONFIG_DCDBAS is not set
# CONFIG_NOHIGHMEM is not set
CONFIG_HIGHMEM4G=y
# CONFIG_HIGHMEM64G is not set
CONFIG_PAGE_OFFSET=0xC0000000
CONFIG_HIGHMEM=y
CONFIG_ARCH_FLATMEM_ENABLE=y
CONFIG_ARCH_SPARSEMEM_ENABLE=y
CONFIG_ARCH_SELECT_MEMORY_MODEL=y
CONFIG_ARCH_POPULATES_NODE_MAP=y
CONFIG_SELECT_MEMORY_MODEL=y
CONFIG_FLATMEM_MANUAL=y
# CONFIG_DISCONTIGMEM_MANUAL is not set
# CONFIG_SPARSEMEM_MANUAL is not set
CONFIG_FLATMEM=y
CONFIG_FLAT_NODE_MEM_MAP=y
CONFIG_SPARSEMEM_STATIC=y
CONFIG_SPLIT_PTLOCK_CPUS=4
# CONFIG_RESOURCES_64BIT is not set
# CONFIG_HIGHPTE is not set
# CONFIG_MATH_EMULATION is not set
CONFIG_MTRR=y
# CONFIG_EFI is not set
CONFIG_IRQBALANCE=y
CONFIG_SECCOMP=y
# CONFIG_HZ_100 is not set
CONFIG_HZ_250=y
# CONFIG_HZ_300 is not set
# CONFIG_HZ_1000 is not set
CONFIG_HZ=250
# CONFIG_KEXEC is not set
# CONFIG_CRASH_DUMP is not set
CONFIG_PHYSICAL_START=0x100000
# CONFIG_RELOCATABLE is not set
CONFIG_PHYSICAL_ALIGN=0x100000
# CONFIG_HOTPLUG_CPU is not set
# CONFIG_COMPAT_VDSO is not set
CONFIG_ARCH_ENABLE_MEMORY_HOTPLUG=y
#
# Power management options (ACPI, APM)
#
CONFIG_PM=y
# CONFIG_PM_LEGACY is not set
# CONFIG_PM_DEBUG is not set
# CONFIG_PM_SYSFS_DEPRECATED is not set
#
# ACPI (Advanced Configuration and Power Interface) Support
#
CONFIG_ACPI=y
CONFIG_ACPI_AC=m
CONFIG_ACPI_BATTERY=m
CONFIG_ACPI_BUTTON=m
CONFIG_ACPI_VIDEO=m
# CONFIG_ACPI_HOTKEY is not set
CONFIG_ACPI_FAN=m
CONFIG_ACPI_DOCK=m
CONFIG_ACPI_PROCESSOR=m
CONFIG_ACPI_THERMAL=m
# CONFIG_ACPI_ASUS is not set
# CONFIG_ACPI_IBM is not set
# CONFIG_ACPI_TOSHIBA is not set
CONFIG_ACPI_BLACKLIST_YEAR=0
# CONFIG_ACPI_DEBUG is not set
CONFIG_ACPI_EC=y
CONFIG_ACPI_POWER=y
CONFIG_ACPI_SYSTEM=y
CONFIG_X86_PM_TIMER=y
# CONFIG_ACPI_CONTAINER is not set
# CONFIG_ACPI_SBS is not set
#
# APM (Advanced Power Management) BIOS Support
#
# CONFIG_APM is not set
#
# CPU Frequency scaling
#
CONFIG_CPU_FREQ=y
CONFIG_CPU_FREQ_TABLE=y
# CONFIG_CPU_FREQ_DEBUG is not set
CONFIG_CPU_FREQ_STAT=y
CONFIG_CPU_FREQ_STAT_DETAILS=y
CONFIG_CPU_FREQ_DEFAULT_GOV_PERFORMANCE=y
# CONFIG_CPU_FREQ_DEFAULT_GOV_USERSPACE is not set
CONFIG_CPU_FREQ_GOV_PERFORMANCE=y
CONFIG_CPU_FREQ_GOV_POWERSAVE=m
CONFIG_CPU_FREQ_GOV_USERSPACE=m
CONFIG_CPU_FREQ_GOV_ONDEMAND=m
CONFIG_CPU_FREQ_GOV_CONSERVATIVE=m
#
# CPUFreq processor drivers
#
CONFIG_X86_ACPI_CPUFREQ=m
# CONFIG_X86_POWERNOW_K6 is not set
# CONFIG_X86_POWERNOW_K7 is not set
# CONFIG_X86_POWERNOW_K8 is not set
# CONFIG_X86_GX_SUSPMOD is not set
CONFIG_X86_SPEEDSTEP_CENTRINO=m
# CONFIG_X86_SPEEDSTEP_CENTRINO_ACPI is not set
CONFIG_X86_SPEEDSTEP_CENTRINO_TABLE=y
CONFIG_X86_SPEEDSTEP_ICH=m
CONFIG_X86_SPEEDSTEP_SMI=m
CONFIG_X86_P4_CLOCKMOD=m
# CONFIG_X86_CPUFREQ_NFORCE2 is not set
# CONFIG_X86_LONGRUN is not set
# CONFIG_X86_LONGHAUL is not set
#
# shared options
#
# CONFIG_X86_ACPI_CPUFREQ_PROC_INTF is not set
CONFIG_X86_SPEEDSTEP_LIB=m
# CONFIG_X86_SPEEDSTEP_RELAXED_CAP_CHECK is not set
#
# Bus options (PCI, PCMCIA, EISA, MCA, ISA)
#
CONFIG_PCI=y
# CONFIG_PCI_GOBIOS is not set
# CONFIG_PCI_GOMMCONFIG is not set
# CONFIG_PCI_GODIRECT is not set
CONFIG_PCI_GOANY=y
CONFIG_PCI_BIOS=y
CONFIG_PCI_DIRECT=y
CONFIG_PCI_MMCONFIG=y
CONFIG_PCIEPORTBUS=y
CONFIG_PCIEAER=y
# CONFIG_PCI_MSI is not set
# CONFIG_PCI_DEBUG is not set
CONFIG_HT_IRQ=y
CONFIG_ISA_DMA_API=y
# CONFIG_ISA is not set
# CONFIG_MCA is not set
# CONFIG_SCx200 is not set
#
# PCCARD (PCMCIA/CardBus) support
#
# CONFIG_PCCARD is not set
#
# PCI Hotplug Support
#
# CONFIG_HOTPLUG_PCI is not set
#
# Executable file formats
#
CONFIG_BINFMT_ELF=y
CONFIG_BINFMT_AOUT=m
CONFIG_BINFMT_MISC=m
#
# Networking
#
CONFIG_NET=y
#
# Networking options
#
# CONFIG_NETDEBUG is not set
CONFIG_PACKET=y
CONFIG_PACKET_MMAP=y
CONFIG_UNIX=y
CONFIG_XFRM=y
CONFIG_XFRM_USER=m
# CONFIG_XFRM_SUB_POLICY is not set
CONFIG_NET_KEY=y
CONFIG_INET=y
CONFIG_IP_MULTICAST=y
CONFIG_IP_ADVANCED_ROUTER=y
CONFIG_ASK_IP_FIB_HASH=y
# CONFIG_IP_FIB_TRIE is not set
CONFIG_IP_FIB_HASH=y
CONFIG_IP_MULTIPLE_TABLES=y
CONFIG_IP_ROUTE_MULTIPATH=y
# CONFIG_IP_ROUTE_MULTIPATH_CACHED is not set
CONFIG_IP_ROUTE_VERBOSE=y
# CONFIG_IP_PNP is not set
CONFIG_NET_IPIP=m
# CONFIG_NET_IPGRE is not set
# CONFIG_IP_MROUTE is not set
# CONFIG_ARPD is not set
CONFIG_SYN_COOKIES=y
CONFIG_INET_AH=m
CONFIG_INET_ESP=m
CONFIG_INET_IPCOMP=m
CONFIG_INET_XFRM_TUNNEL=m
CONFIG_INET_TUNNEL=m
CONFIG_INET_XFRM_MODE_TRANSPORT=y
CONFIG_INET_XFRM_MODE_TUNNEL=y
CONFIG_INET_XFRM_MODE_BEET=y
CONFIG_INET_DIAG=y
CONFIG_INET_TCP_DIAG=y
# CONFIG_TCP_CONG_ADVANCED is not set
CONFIG_TCP_CONG_CUBIC=y
CONFIG_DEFAULT_TCP_CONG="cubic"
# CONFIG_TCP_MD5SIG is not set
#
# IP: Virtual Server Configuration
#
# CONFIG_IP_VS is not set
# CONFIG_IPV6 is not set
# CONFIG_INET6_XFRM_TUNNEL is not set
# CONFIG_INET6_TUNNEL is not set
# CONFIG_NETWORK_SECMARK is not set
CONFIG_NETFILTER=y
CONFIG_NETFILTER_DEBUG=y
#
# Core Netfilter Configuration
#
# CONFIG_NETFILTER_NETLINK is not set
CONFIG_NF_CONNTRACK_ENABLED=m
CONFIG_NF_CONNTRACK_SUPPORT=y
# CONFIG_IP_NF_CONNTRACK_SUPPORT is not set
CONFIG_NF_CONNTRACK=m
# CONFIG_NF_CT_ACCT is not set
CONFIG_NF_CONNTRACK_MARK=y
# CONFIG_NF_CONNTRACK_EVENTS is not set
# CONFIG_NF_CT_PROTO_SCTP is not set
# CONFIG_NF_CONNTRACK_AMANDA is not set
CONFIG_NF_CONNTRACK_FTP=m
CONFIG_NF_CONNTRACK_H323=m
CONFIG_NF_CONNTRACK_IRC=m
# CONFIG_NF_CONNTRACK_NETBIOS_NS is not set
# CONFIG_NF_CONNTRACK_PPTP is not set
# CONFIG_NF_CONNTRACK_SIP is not set
CONFIG_NF_CONNTRACK_TFTP=m
CONFIG_NETFILTER_XTABLES=y
CONFIG_NETFILTER_XT_TARGET_CLASSIFY=m
CONFIG_NETFILTER_XT_TARGET_CONNMARK=m
CONFIG_NETFILTER_XT_TARGET_DSCP=m
CONFIG_NETFILTER_XT_TARGET_MARK=m
CONFIG_NETFILTER_XT_TARGET_NFQUEUE=m
CONFIG_NETFILTER_XT_TARGET_NFLOG=m
CONFIG_NETFILTER_XT_TARGET_NOTRACK=m
CONFIG_NETFILTER_XT_MATCH_COMMENT=m
CONFIG_NETFILTER_XT_MATCH_CONNMARK=m
CONFIG_NETFILTER_XT_MATCH_CONNTRACK=m
CONFIG_NETFILTER_XT_MATCH_DCCP=m
CONFIG_NETFILTER_XT_MATCH_DSCP=m
CONFIG_NETFILTER_XT_MATCH_ESP=m
CONFIG_NETFILTER_XT_MATCH_HELPER=m
CONFIG_NETFILTER_XT_MATCH_LENGTH=m
CONFIG_NETFILTER_XT_MATCH_LIMIT=m
CONFIG_NETFILTER_XT_MATCH_MAC=m
CONFIG_NETFILTER_XT_MATCH_MARK=m
CONFIG_NETFILTER_XT_MATCH_POLICY=m
CONFIG_NETFILTER_XT_MATCH_MULTIPORT=m
CONFIG_NETFILTER_XT_MATCH_PKTTYPE=m
CONFIG_NETFILTER_XT_MATCH_QUOTA=m
CONFIG_NETFILTER_XT_MATCH_REALM=m
CONFIG_NETFILTER_XT_MATCH_SCTP=m
CONFIG_NETFILTER_XT_MATCH_STATE=m
CONFIG_NETFILTER_XT_MATCH_STATISTIC=m
CONFIG_NETFILTER_XT_MATCH_STRING=m
CONFIG_NETFILTER_XT_MATCH_TCPMSS=m
CONFIG_NETFILTER_XT_MATCH_HASHLIMIT=m
#
# IP: Netfilter Configuration
#
CONFIG_NF_CONNTRACK_IPV4=m
CONFIG_NF_CONNTRACK_PROC_COMPAT=y
CONFIG_IP_NF_QUEUE=m
CONFIG_IP_NF_IPTABLES=m
CONFIG_IP_NF_MATCH_IPRANGE=m
CONFIG_IP_NF_MATCH_TOS=m
CONFIG_IP_NF_MATCH_RECENT=m
CONFIG_IP_NF_MATCH_ECN=m
CONFIG_IP_NF_MATCH_AH=m
CONFIG_IP_NF_MATCH_TTL=m
CONFIG_IP_NF_MATCH_OWNER=m
CONFIG_IP_NF_MATCH_ADDRTYPE=m
CONFIG_IP_NF_FILTER=m
CONFIG_IP_NF_TARGET_REJECT=m
CONFIG_IP_NF_TARGET_LOG=m
CONFIG_IP_NF_TARGET_ULOG=m
CONFIG_IP_NF_TARGET_TCPMSS=m
CONFIG_NF_NAT=m
CONFIG_NF_NAT_NEEDED=y
CONFIG_IP_NF_TARGET_MASQUERADE=m
CONFIG_IP_NF_TARGET_REDIRECT=m
CONFIG_IP_NF_TARGET_NETMAP=m
CONFIG_IP_NF_TARGET_SAME=m
CONFIG_NF_NAT_SNMP_BASIC=m
CONFIG_NF_NAT_FTP=m
CONFIG_NF_NAT_IRC=m
CONFIG_NF_NAT_TFTP=m
# CONFIG_NF_NAT_AMANDA is not set
# CONFIG_NF_NAT_PPTP is not set
CONFIG_NF_NAT_H323=m
# CONFIG_NF_NAT_SIP is not set
CONFIG_IP_NF_MANGLE=m
CONFIG_IP_NF_TARGET_TOS=m
CONFIG_IP_NF_TARGET_ECN=m
CONFIG_IP_NF_TARGET_TTL=m
CONFIG_IP_NF_TARGET_CLUSTERIP=m
CONFIG_IP_NF_RAW=m
CONFIG_IP_NF_ARPTABLES=m
CONFIG_IP_NF_ARPFILTER=m
CONFIG_IP_NF_ARP_MANGLE=m
#
# DCCP Configuration (EXPERIMENTAL)
#
# CONFIG_IP_DCCP is not set
#
# SCTP Configuration (EXPERIMENTAL)
#
# CONFIG_IP_SCTP is not set
#
# TIPC Configuration (EXPERIMENTAL)
#
# CONFIG_TIPC is not set
# CONFIG_ATM is not set
# CONFIG_BRIDGE is not set
# CONFIG_VLAN_8021Q is not set
# CONFIG_DECNET is not set
# CONFIG_LLC2 is not set
# CONFIG_IPX is not set
# CONFIG_ATALK is not set
# CONFIG_X25 is not set
# CONFIG_LAPB is not set
# CONFIG_ECONET is not set
# CONFIG_WAN_ROUTER is not set
#
# QoS and/or fair queueing
#
CONFIG_NET_SCHED=y
CONFIG_NET_SCH_FIFO=y
CONFIG_NET_SCH_CLK_JIFFIES=y
# CONFIG_NET_SCH_CLK_GETTIMEOFDAY is not set
# CONFIG_NET_SCH_CLK_CPU is not set
#
# Queueing/Scheduling
#
CONFIG_NET_SCH_CBQ=m
CONFIG_NET_SCH_HTB=m
CONFIG_NET_SCH_HFSC=m
CONFIG_NET_SCH_PRIO=m
CONFIG_NET_SCH_RED=m
CONFIG_NET_SCH_SFQ=m
CONFIG_NET_SCH_TEQL=m
CONFIG_NET_SCH_TBF=m
CONFIG_NET_SCH_GRED=m
CONFIG_NET_SCH_DSMARK=m
CONFIG_NET_SCH_NETEM=m
CONFIG_NET_SCH_INGRESS=m
#
# Classification
#
CONFIG_NET_CLS=y
# CONFIG_NET_CLS_BASIC is not set
CONFIG_NET_CLS_TCINDEX=m
CONFIG_NET_CLS_ROUTE4=m
CONFIG_NET_CLS_ROUTE=y
CONFIG_NET_CLS_FW=m
CONFIG_NET_CLS_U32=m
# CONFIG_CLS_U32_PERF is not set
# CONFIG_CLS_U32_MARK is not set
CONFIG_NET_CLS_RSVP=m
CONFIG_NET_CLS_RSVP6=m
# CONFIG_NET_EMATCH is not set
# CONFIG_NET_CLS_ACT is not set
CONFIG_NET_CLS_POLICE=y
# CONFIG_NET_CLS_IND is not set
CONFIG_NET_ESTIMATOR=y
#
# Network testing
#
CONFIG_NET_PKTGEN=m
# CONFIG_HAMRADIO is not set
# CONFIG_IRDA is not set
# CONFIG_BT is not set
# CONFIG_IEEE80211 is not set
CONFIG_FIB_RULES=y
#
# Device Drivers
#
#
# Generic Driver Options
#
CONFIG_STANDALONE=y
CONFIG_PREVENT_FIRMWARE_BUILD=y
# CONFIG_FW_LOADER is not set
# CONFIG_DEBUG_DRIVER is not set
# CONFIG_SYS_HYPERVISOR is not set
#
# Connector - unified userspace <-> kernelspace linker
#
# CONFIG_CONNECTOR is not set
#
# Memory Technology Devices (MTD)
#
# CONFIG_MTD is not set
#
# Parallel port support
#
CONFIG_PARPORT=m
CONFIG_PARPORT_PC=m
# CONFIG_PARPORT_SERIAL is not set
CONFIG_PARPORT_PC_FIFO=y
# CONFIG_PARPORT_PC_SUPERIO is not set
# CONFIG_PARPORT_GSC is not set
# CONFIG_PARPORT_AX88796 is not set
# CONFIG_PARPORT_1284 is not set
#
# Plug and Play support
#
# CONFIG_PNP is not set
#
# Block devices
#
CONFIG_BLK_DEV_FD=y
# CONFIG_PARIDE is not set
# CONFIG_BLK_CPQ_DA is not set
# CONFIG_BLK_CPQ_CISS_DA is not set
# CONFIG_BLK_DEV_DAC960 is not set
# CONFIG_BLK_DEV_UMEM is not set
# CONFIG_BLK_DEV_COW_COMMON is not set
CONFIG_BLK_DEV_LOOP=m
CONFIG_BLK_DEV_CRYPTOLOOP=m
CONFIG_BLK_DEV_NBD=m
# CONFIG_BLK_DEV_SX8 is not set
# CONFIG_BLK_DEV_UB is not set
CONFIG_BLK_DEV_RAM=y
CONFIG_BLK_DEV_RAM_COUNT=16
CONFIG_BLK_DEV_RAM_SIZE=4096
CONFIG_BLK_DEV_RAM_BLOCKSIZE=1024
CONFIG_BLK_DEV_INITRD=y
CONFIG_CDROM_PKTCDVD=m
CONFIG_CDROM_PKTCDVD_BUFFERS=8
# CONFIG_CDROM_PKTCDVD_WCACHE is not set
# CONFIG_ATA_OVER_ETH is not set
#
# Misc devices
#
# CONFIG_IBM_ASM is not set
# CONFIG_SGI_IOC4 is not set
# CONFIG_TIFM_CORE is not set
#
# ATA/ATAPI/MFM/RLL support
#
CONFIG_IDE=y
CONFIG_BLK_DEV_IDE=y
#
# Please see Documentation/ide.txt for help/info on IDE drives
#
# CONFIG_BLK_DEV_IDE_SATA is not set
# CONFIG_BLK_DEV_HD_IDE is not set
CONFIG_BLK_DEV_IDEDISK=y
# CONFIG_IDEDISK_MULTI_MODE is not set
CONFIG_BLK_DEV_IDECD=y
# CONFIG_BLK_DEV_IDETAPE is not set
# CONFIG_BLK_DEV_IDEFLOPPY is not set
CONFIG_BLK_DEV_IDESCSI=y
# CONFIG_IDE_TASK_IOCTL is not set
#
# IDE chipset support/bugfixes
#
CONFIG_IDE_GENERIC=y
CONFIG_BLK_DEV_CMD640=y
# CONFIG_BLK_DEV_CMD640_ENHANCED is not set
CONFIG_BLK_DEV_IDEPCI=y
CONFIG_IDEPCI_SHARE_IRQ=y
# CONFIG_BLK_DEV_OFFBOARD is not set
CONFIG_BLK_DEV_GENERIC=y
# CONFIG_BLK_DEV_OPTI621 is not set
# CONFIG_BLK_DEV_RZ1000 is not set
CONFIG_BLK_DEV_IDEDMA_PCI=y
# CONFIG_BLK_DEV_IDEDMA_FORCED is not set
CONFIG_IDEDMA_PCI_AUTO=y
# CONFIG_IDEDMA_ONLYDISK is not set
# CONFIG_BLK_DEV_AEC62XX is not set
# CONFIG_BLK_DEV_ALI15X3 is not set
# CONFIG_BLK_DEV_AMD74XX is not set
# CONFIG_BLK_DEV_ATIIXP is not set
# CONFIG_BLK_DEV_CMD64X is not set
# CONFIG_BLK_DEV_TRIFLEX is not set
# CONFIG_BLK_DEV_CY82C693 is not set
# CONFIG_BLK_DEV_CS5520 is not set
# CONFIG_BLK_DEV_CS5530 is not set
# CONFIG_BLK_DEV_CS5535 is not set
# CONFIG_BLK_DEV_HPT34X is not set
# CONFIG_BLK_DEV_HPT366 is not set
CONFIG_BLK_DEV_JMICRON=y
# CONFIG_BLK_DEV_SC1200 is not set
CONFIG_BLK_DEV_PIIX=y
# CONFIG_BLK_DEV_IT821X is not set
# CONFIG_BLK_DEV_NS87415 is not set
# CONFIG_BLK_DEV_PDC202XX_OLD is not set
# CONFIG_BLK_DEV_PDC202XX_NEW is not set
# CONFIG_BLK_DEV_SVWKS is not set
# CONFIG_BLK_DEV_SIIMAGE is not set
# CONFIG_BLK_DEV_SIS5513 is not set
# CONFIG_BLK_DEV_SLC90E66 is not set
# CONFIG_BLK_DEV_TRM290 is not set
# CONFIG_BLK_DEV_VIA82CXXX is not set
# CONFIG_IDE_ARM is not set
CONFIG_BLK_DEV_IDEDMA=y
# CONFIG_IDEDMA_IVB is not set
CONFIG_IDEDMA_AUTO=y
# CONFIG_BLK_DEV_HD is not set
#
# SCSI device support
#
CONFIG_RAID_ATTRS=y
CONFIG_SCSI=y
CONFIG_SCSI_TGT=m
# CONFIG_SCSI_NETLINK is not set
CONFIG_SCSI_PROC_FS=y
#
# SCSI support type (disk, tape, CD-ROM)
#
CONFIG_BLK_DEV_SD=y
CONFIG_CHR_DEV_ST=y
# CONFIG_CHR_DEV_OSST is not set
CONFIG_BLK_DEV_SR=m
# CONFIG_BLK_DEV_SR_VENDOR is not set
CONFIG_CHR_DEV_SG=y
# CONFIG_CHR_DEV_SCH is not set
#
# Some SCSI devices (e.g. CD jukebox) support multiple LUNs
#
CONFIG_SCSI_MULTI_LUN=y
CONFIG_SCSI_CONSTANTS=y
# CONFIG_SCSI_LOGGING is not set
# CONFIG_SCSI_SCAN_ASYNC is not set
#
# SCSI Transports
#
CONFIG_SCSI_SPI_ATTRS=m
# CONFIG_SCSI_FC_ATTRS is not set
# CONFIG_SCSI_ISCSI_ATTRS is not set
# CONFIG_SCSI_SAS_ATTRS is not set
# CONFIG_SCSI_SAS_LIBSAS is not set
#
# SCSI low-level drivers
#
# CONFIG_ISCSI_TCP is not set
# CONFIG_BLK_DEV_3W_XXXX_RAID is not set
# CONFIG_SCSI_3W_9XXX is not set
# CONFIG_SCSI_ACARD is not set
# CONFIG_SCSI_AACRAID is not set
# CONFIG_SCSI_AIC7XXX is not set
# CONFIG_SCSI_AIC7XXX_OLD is not set
# CONFIG_SCSI_AIC79XX is not set
# CONFIG_SCSI_AIC94XX is not set
# CONFIG_SCSI_DPT_I2O is not set
# CONFIG_SCSI_ADVANSYS is not set
# CONFIG_SCSI_ARCMSR is not set
# CONFIG_MEGARAID_NEWGEN is not set
# CONFIG_MEGARAID_LEGACY is not set
# CONFIG_MEGARAID_SAS is not set
# CONFIG_SCSI_HPTIOP is not set
# CONFIG_SCSI_BUSLOGIC is not set
# CONFIG_SCSI_DMX3191D is not set
# CONFIG_SCSI_EATA is not set
# CONFIG_SCSI_FUTURE_DOMAIN is not set
# CONFIG_SCSI_GDTH is not set
# CONFIG_SCSI_IPS is not set
# CONFIG_SCSI_INITIO is not set
# CONFIG_SCSI_INIA100 is not set
# CONFIG_SCSI_PPA is not set
# CONFIG_SCSI_IMM is not set
# CONFIG_SCSI_STEX is not set
# CONFIG_SCSI_SYM53C8XX_2 is not set
# CONFIG_SCSI_IPR is not set
# CONFIG_SCSI_QLOGIC_1280 is not set
# CONFIG_SCSI_QLA_FC is not set
# CONFIG_SCSI_QLA_ISCSI is not set
# CONFIG_SCSI_LPFC is not set
# CONFIG_SCSI_DC395x is not set
# CONFIG_SCSI_DC390T is not set
# CONFIG_SCSI_NSP32 is not set
# CONFIG_SCSI_DEBUG is not set
# CONFIG_SCSI_SRP is not set
#
# Serial ATA (prod) and Parallel ATA (experimental) drivers
#
CONFIG_ATA=y
# CONFIG_ATA_NONSTANDARD is not set
CONFIG_SATA_AHCI=y
# CONFIG_SATA_SVW is not set
CONFIG_ATA_PIIX=y
# CONFIG_SATA_MV is not set
# CONFIG_SATA_NV is not set
# CONFIG_PDC_ADMA is not set
# CONFIG_SATA_QSTOR is not set
# CONFIG_SATA_PROMISE is not set
# CONFIG_SATA_SX4 is not set
# CONFIG_SATA_SIL is not set
# CONFIG_SATA_SIL24 is not set
# CONFIG_SATA_SIS is not set
# CONFIG_SATA_ULI is not set
# CONFIG_SATA_VIA is not set
# CONFIG_SATA_VITESSE is not set
CONFIG_SATA_INTEL_COMBINED=y
# CONFIG_PATA_ALI is not set
# CONFIG_PATA_AMD is not set
# CONFIG_PATA_ARTOP is not set
# CONFIG_PATA_ATIIXP is not set
# CONFIG_PATA_CMD64X is not set
# CONFIG_PATA_CS5520 is not set
# CONFIG_PATA_CS5530 is not set
# CONFIG_PATA_CS5535 is not set
# CONFIG_PATA_CYPRESS is not set
# CONFIG_PATA_EFAR is not set
CONFIG_ATA_GENERIC=m
# CONFIG_PATA_HPT366 is not set
CONFIG_PATA_HPT37X=m
# CONFIG_PATA_HPT3X2N is not set
# CONFIG_PATA_HPT3X3 is not set
# CONFIG_PATA_IT821X is not set
CONFIG_PATA_JMICRON=m
# CONFIG_PATA_TRIFLEX is not set
CONFIG_PATA_MARVELL=m
CONFIG_PATA_MPIIX=m
# CONFIG_PATA_OLDPIIX is not set
# CONFIG_PATA_NETCELL is not set
# CONFIG_PATA_NS87410 is not set
# CONFIG_PATA_OPTI is not set
# CONFIG_PATA_OPTIDMA is not set
# CONFIG_PATA_PDC_OLD is not set
# CONFIG_PATA_RADISYS is not set
# CONFIG_PATA_RZ1000 is not set
# CONFIG_PATA_SC1200 is not set
# CONFIG_PATA_SERVERWORKS is not set
# CONFIG_PATA_PDC2027X is not set
# CONFIG_PATA_SIL680 is not set
# CONFIG_PATA_SIS is not set
# CONFIG_PATA_VIA is not set
# CONFIG_PATA_WINBOND is not set
#
# Multi-device support (RAID and LVM)
#
CONFIG_MD=y
CONFIG_BLK_DEV_MD=y
CONFIG_MD_LINEAR=y
CONFIG_MD_RAID0=y
CONFIG_MD_RAID1=y
CONFIG_MD_RAID10=y
# CONFIG_MD_RAID456 is not set
# CONFIG_MD_MULTIPATH is not set
# CONFIG_MD_FAULTY is not set
# CONFIG_BLK_DEV_DM is not set
#
# Fusion MPT device support
#
# CONFIG_FUSION is not set
# CONFIG_FUSION_SPI is not set
# CONFIG_FUSION_FC is not set
# CONFIG_FUSION_SAS is not set
#
# IEEE 1394 (FireWire) support
#
# CONFIG_IEEE1394 is not set
#
# I2O device support
#
# CONFIG_I2O is not set
#
# Macintosh device drivers
#
# CONFIG_MAC_EMUMOUSEBTN is not set
#
# Network device support
#
CONFIG_NETDEVICES=y
CONFIG_DUMMY=m
CONFIG_BONDING=m
# CONFIG_EQUALIZER is not set
CONFIG_TUN=m
#
# ARCnet devices
#
# CONFIG_ARCNET is not set
#
# PHY device support
#
# CONFIG_PHYLIB is not set
#
# Ethernet (10 or 100Mbit)
#
CONFIG_NET_ETHERNET=y
CONFIG_MII=m
# CONFIG_HAPPYMEAL is not set
# CONFIG_SUNGEM is not set
# CONFIG_CASSINI is not set
CONFIG_NET_VENDOR_3COM=y
CONFIG_VORTEX=m
# CONFIG_TYPHOON is not set
#
# Tulip family network device support
#
# CONFIG_NET_TULIP is not set
# CONFIG_HP100 is not set
CONFIG_NET_PCI=y
# CONFIG_PCNET32 is not set
# CONFIG_AMD8111_ETH is not set
# CONFIG_ADAPTEC_STARFIRE is not set
# CONFIG_B44 is not set
# CONFIG_FORCEDETH is not set
# CONFIG_DGRS is not set
CONFIG_EEPRO100=m
CONFIG_E100=m
# CONFIG_FEALNX is not set
# CONFIG_NATSEMI is not set
# CONFIG_NE2K_PCI is not set
# CONFIG_8139CP is not set
# CONFIG_8139TOO is not set
# CONFIG_SIS900 is not set
# CONFIG_EPIC100 is not set
# CONFIG_SUNDANCE is not set
# CONFIG_TLAN is not set
# CONFIG_VIA_RHINE is not set
# CONFIG_NET_POCKET is not set
#
# Ethernet (1000 Mbit)
#
# CONFIG_ACENIC is not set
# CONFIG_DL2K is not set
CONFIG_E1000=m
CONFIG_E1000_NAPI=y
# CONFIG_E1000_DISABLE_PACKET_SPLIT is not set
# CONFIG_NS83820 is not set
# CONFIG_HAMACHI is not set
# CONFIG_YELLOWFIN is not set
# CONFIG_R8169 is not set
# CONFIG_SIS190 is not set
# CONFIG_SKGE is not set
# CONFIG_SKY2 is not set
# CONFIG_SK98LIN is not set
# CONFIG_VIA_VELOCITY is not set
# CONFIG_TIGON3 is not set
# CONFIG_BNX2 is not set
# CONFIG_QLA3XXX is not set
#
# Ethernet (10000 Mbit)
#
# CONFIG_CHELSIO_T1 is not set
# CONFIG_IXGB is not set
# CONFIG_S2IO is not set
# CONFIG_MYRI10GE is not set
# CONFIG_NETXEN_NIC is not set
#
# Token Ring devices
#
# CONFIG_TR is not set
#
# Wireless LAN (non-hamradio)
#
# CONFIG_NET_RADIO is not set
#
# Wan interfaces
#
# CONFIG_WAN is not set
# CONFIG_FDDI is not set
# CONFIG_HIPPI is not set
# CONFIG_PLIP is not set
CONFIG_PPP=m
CONFIG_PPP_MULTILINK=y
# CONFIG_PPP_FILTER is not set
CONFIG_PPP_ASYNC=m
CONFIG_PPP_SYNC_TTY=m
CONFIG_PPP_DEFLATE=m
CONFIG_PPP_BSDCOMP=m
CONFIG_PPP_MPPE=m
CONFIG_PPPOE=m
CONFIG_SLIP=m
# CONFIG_SLIP_COMPRESSED is not set
CONFIG_SLHC=m
# CONFIG_SLIP_SMART is not set
# CONFIG_SLIP_MODE_SLIP6 is not set
# CONFIG_NET_FC is not set
CONFIG_SHAPER=m
# CONFIG_NETCONSOLE is not set
# CONFIG_NETPOLL is not set
# CONFIG_NET_POLL_CONTROLLER is not set
#
# ISDN subsystem
#
# CONFIG_ISDN is not set
#
# Telephony Support
#
# CONFIG_PHONE is not set
#
# Input device support
#
CONFIG_INPUT=y
# CONFIG_INPUT_FF_MEMLESS is not set
#
# Userland interfaces
#
CONFIG_INPUT_MOUSEDEV=y
CONFIG_INPUT_MOUSEDEV_PSAUX=y
CONFIG_INPUT_MOUSEDEV_SCREEN_X=1024
CONFIG_INPUT_MOUSEDEV_SCREEN_Y=768
# CONFIG_INPUT_JOYDEV is not set
# CONFIG_INPUT_TSDEV is not set
# CONFIG_INPUT_EVDEV is not set
# CONFIG_INPUT_EVBUG is not set
#
# Input Device Drivers
#
CONFIG_INPUT_KEYBOARD=y
CONFIG_KEYBOARD_ATKBD=y
# CONFIG_KEYBOARD_SUNKBD is not set
# CONFIG_KEYBOARD_LKKBD is not set
# CONFIG_KEYBOARD_XTKBD is not set
# CONFIG_KEYBOARD_NEWTON is not set
# CONFIG_KEYBOARD_STOWAWAY is not set
CONFIG_INPUT_MOUSE=y
CONFIG_MOUSE_PS2=y
# CONFIG_MOUSE_SERIAL is not set
# CONFIG_MOUSE_VSXXXAA is not set
# CONFIG_INPUT_JOYSTICK is not set
# CONFIG_INPUT_TOUCHSCREEN is not set
# CONFIG_INPUT_MISC is not set
#
# Hardware I/O ports
#
CONFIG_SERIO=y
CONFIG_SERIO_I8042=y
CONFIG_SERIO_SERPORT=y
# CONFIG_SERIO_CT82C710 is not set
# CONFIG_SERIO_PARKBD is not set
# CONFIG_SERIO_PCIPS2 is not set
CONFIG_SERIO_LIBPS2=y
CONFIG_SERIO_RAW=m
# CONFIG_GAMEPORT is not set
#
# Character devices
#
CONFIG_VT=y
CONFIG_VT_CONSOLE=y
CONFIG_HW_CONSOLE=y
# CONFIG_VT_HW_CONSOLE_BINDING is not set
# CONFIG_SERIAL_NONSTANDARD is not set
#
# Serial drivers
#
CONFIG_SERIAL_8250=m
CONFIG_SERIAL_8250_PCI=m
CONFIG_SERIAL_8250_NR_UARTS=4
CONFIG_SERIAL_8250_RUNTIME_UARTS=4
# CONFIG_SERIAL_8250_EXTENDED is not set
#
# Non-8250 serial port support
#
CONFIG_SERIAL_CORE=m
# CONFIG_SERIAL_JSM is not set
CONFIG_UNIX98_PTYS=y
CONFIG_LEGACY_PTYS=y
CONFIG_LEGACY_PTY_COUNT=256
CONFIG_PRINTER=m
# CONFIG_LP_CONSOLE is not set
# CONFIG_PPDEV is not set
# CONFIG_TIPAR is not set
#
# IPMI
#
# CONFIG_IPMI_HANDLER is not set
#
# Watchdog Cards
#
# CONFIG_WATCHDOG is not set
# CONFIG_HW_RANDOM is not set
CONFIG_NVRAM=m
CONFIG_RTC=m
# CONFIG_GEN_RTC is not set
# CONFIG_DTLK is not set
# CONFIG_R3964 is not set
# CONFIG_APPLICOM is not set
# CONFIG_SONYPI is not set
# CONFIG_AGP is not set
# CONFIG_DRM is not set
# CONFIG_MWAVE is not set
# CONFIG_PC8736x_GPIO is not set
# CONFIG_NSC_GPIO is not set
# CONFIG_CS5535_GPIO is not set
# CONFIG_RAW_DRIVER is not set
# CONFIG_HPET is not set
# CONFIG_HANGCHECK_TIMER is not set
#
# TPM devices
#
# CONFIG_TCG_TPM is not set
# CONFIG_TELCLOCK is not set
#
# I2C support
#
CONFIG_I2C=m
CONFIG_I2C_CHARDEV=m
#
# I2C Algorithms
#
CONFIG_I2C_ALGOBIT=m
CONFIG_I2C_ALGOPCF=m
CONFIG_I2C_ALGOPCA=m
#
# I2C Hardware Bus support
#
# CONFIG_I2C_ALI1535 is not set
# CONFIG_I2C_ALI1563 is not set
# CONFIG_I2C_ALI15X3 is not set
# CONFIG_I2C_AMD756 is not set
# CONFIG_I2C_AMD8111 is not set
CONFIG_I2C_I801=m
CONFIG_I2C_I810=m
CONFIG_I2C_PIIX4=m
# CONFIG_I2C_NFORCE2 is not set
# CONFIG_I2C_OCORES is not set
# CONFIG_I2C_PARPORT is not set
# CONFIG_I2C_PARPORT_LIGHT is not set
# CONFIG_I2C_PROSAVAGE is not set
# CONFIG_I2C_SAVAGE4 is not set
# CONFIG_SCx200_ACB is not set
# CONFIG_I2C_SIS5595 is not set
# CONFIG_I2C_SIS630 is not set
# CONFIG_I2C_SIS96X is not set
# CONFIG_I2C_STUB is not set
# CONFIG_I2C_VIA is not set
# CONFIG_I2C_VIAPRO is not set
# CONFIG_I2C_VOODOO3 is not set
# CONFIG_I2C_PCA_ISA is not set
#
# Miscellaneous I2C Chip support
#
CONFIG_SENSORS_DS1337=m
CONFIG_SENSORS_DS1374=m
CONFIG_SENSORS_EEPROM=m
CONFIG_SENSORS_PCF8574=m
CONFIG_SENSORS_PCA9539=m
CONFIG_SENSORS_PCF8591=m
CONFIG_SENSORS_MAX6875=m
# CONFIG_I2C_DEBUG_CORE is not set
# CONFIG_I2C_DEBUG_ALGO is not set
# CONFIG_I2C_DEBUG_BUS is not set
# CONFIG_I2C_DEBUG_CHIP is not set
#
# SPI support
#
CONFIG_SPI=y
# CONFIG_SPI_DEBUG is not set
CONFIG_SPI_MASTER=y
#
# SPI Master Controller Drivers
#
CONFIG_SPI_BITBANG=m
CONFIG_SPI_BUTTERFLY=m
#
# SPI Protocol Masters
#
#
# Dallas's 1-wire bus
#
# CONFIG_W1 is not set
#
# Hardware Monitoring support
#
CONFIG_HWMON=y
# CONFIG_HWMON_VID is not set
CONFIG_SENSORS_ABITUGURU=m
# CONFIG_SENSORS_ADM1021 is not set
# CONFIG_SENSORS_ADM1025 is not set
# CONFIG_SENSORS_ADM1026 is not set
# CONFIG_SENSORS_ADM1031 is not set
# CONFIG_SENSORS_ADM9240 is not set
# CONFIG_SENSORS_K8TEMP is not set
# CONFIG_SENSORS_ASB100 is not set
# CONFIG_SENSORS_ATXP1 is not set
# CONFIG_SENSORS_DS1621 is not set
# CONFIG_SENSORS_F71805F is not set
# CONFIG_SENSORS_FSCHER is not set
# CONFIG_SENSORS_FSCPOS is not set
# CONFIG_SENSORS_GL518SM is not set
# CONFIG_SENSORS_GL520SM is not set
# CONFIG_SENSORS_IT87 is not set
# CONFIG_SENSORS_LM63 is not set
# CONFIG_SENSORS_LM70 is not set
# CONFIG_SENSORS_LM75 is not set
# CONFIG_SENSORS_LM77 is not set
# CONFIG_SENSORS_LM78 is not set
# CONFIG_SENSORS_LM80 is not set
# CONFIG_SENSORS_LM83 is not set
# CONFIG_SENSORS_LM85 is not set
# CONFIG_SENSORS_LM87 is not set
# CONFIG_SENSORS_LM90 is not set
# CONFIG_SENSORS_LM92 is not set
# CONFIG_SENSORS_MAX1619 is not set
# CONFIG_SENSORS_PC87360 is not set
CONFIG_SENSORS_PC87427=m
# CONFIG_SENSORS_SIS5595 is not set
# CONFIG_SENSORS_SMSC47M1 is not set
# CONFIG_SENSORS_SMSC47M192 is not set
# CONFIG_SENSORS_SMSC47B397 is not set
# CONFIG_SENSORS_VIA686A is not set
# CONFIG_SENSORS_VT1211 is not set
# CONFIG_SENSORS_VT8231 is not set
# CONFIG_SENSORS_W83781D is not set
# CONFIG_SENSORS_W83791D is not set
# CONFIG_SENSORS_W83792D is not set
# CONFIG_SENSORS_W83793 is not set
# CONFIG_SENSORS_W83L785TS is not set
# CONFIG_SENSORS_W83627HF is not set
# CONFIG_SENSORS_W83627EHF is not set
# CONFIG_SENSORS_HDAPS is not set
# CONFIG_HWMON_DEBUG_CHIP is not set
#
# Multimedia devices
#
# CONFIG_VIDEO_DEV is not set
#
# Digital Video Broadcasting Devices
#
# CONFIG_DVB is not set
# CONFIG_USB_DABUSB is not set
#
# Graphics support
#
CONFIG_FIRMWARE_EDID=y
# CONFIG_FB is not set
#
# Console display driver support
#
CONFIG_VGA_CONSOLE=y
# CONFIG_VGACON_SOFT_SCROLLBACK is not set
CONFIG_VIDEO_SELECT=y
CONFIG_DUMMY_CONSOLE=y
# CONFIG_BACKLIGHT_LCD_SUPPORT is not set
#
# Sound
#
# CONFIG_SOUND is not set
#
# HID Devices
#
CONFIG_HID=m
#
# USB support
#
CONFIG_USB_ARCH_HAS_HCD=y
CONFIG_USB_ARCH_HAS_OHCI=y
CONFIG_USB_ARCH_HAS_EHCI=y
CONFIG_USB=m
# CONFIG_USB_DEBUG is not set
#
# Miscellaneous USB options
#
CONFIG_USB_DEVICEFS=y
# CONFIG_USB_BANDWIDTH is not set
# CONFIG_USB_DYNAMIC_MINORS is not set
# CONFIG_USB_SUSPEND is not set
# CONFIG_USB_OTG is not set
#
# USB Host Controller Drivers
#
CONFIG_USB_EHCI_HCD=m
# CONFIG_USB_EHCI_SPLIT_ISO is not set
# CONFIG_USB_EHCI_ROOT_HUB_TT is not set
# CONFIG_USB_EHCI_TT_NEWSCHED is not set
# CONFIG_USB_ISP116X_HCD is not set
CONFIG_USB_OHCI_HCD=m
# CONFIG_USB_OHCI_BIG_ENDIAN is not set
CONFIG_USB_OHCI_LITTLE_ENDIAN=y
CONFIG_USB_UHCI_HCD=m
# CONFIG_USB_SL811_HCD is not set
#
# USB Device Class drivers
#
# CONFIG_USB_ACM is not set
# CONFIG_USB_PRINTER is not set
#
# NOTE: USB_STORAGE enables SCSI, and 'SCSI disk support'
#
#
# may also be needed; see USB_STORAGE Help for more information
#
CONFIG_USB_STORAGE=m
CONFIG_USB_STORAGE_DEBUG=y
CONFIG_USB_STORAGE_DATAFAB=y
CONFIG_USB_STORAGE_FREECOM=y
CONFIG_USB_STORAGE_ISD200=y
CONFIG_USB_STORAGE_DPCM=y
# CONFIG_USB_STORAGE_USBAT is not set
CONFIG_USB_STORAGE_SDDR09=y
CONFIG_USB_STORAGE_SDDR55=y
CONFIG_USB_STORAGE_JUMPSHOT=y
# CONFIG_USB_STORAGE_ALAUDA is not set
# CONFIG_USB_STORAGE_KARMA is not set
# CONFIG_USB_LIBUSUAL is not set
#
# USB Input Devices
#
# CONFIG_USB_HID is not set
#
# USB HID Boot Protocol drivers
#
# CONFIG_USB_KBD is not set
# CONFIG_USB_MOUSE is not set
# CONFIG_USB_AIPTEK is not set
# CONFIG_USB_WACOM is not set
# CONFIG_USB_ACECAD is not set
# CONFIG_USB_KBTAB is not set
# CONFIG_USB_POWERMATE is not set
# CONFIG_USB_TOUCHSCREEN is not set
# CONFIG_USB_YEALINK is not set
# CONFIG_USB_XPAD is not set
# CONFIG_USB_ATI_REMOTE is not set
# CONFIG_USB_ATI_REMOTE2 is not set
# CONFIG_USB_KEYSPAN_REMOTE is not set
# CONFIG_USB_APPLETOUCH is not set
#
# USB Imaging devices
#
# CONFIG_USB_MDC800 is not set
# CONFIG_USB_MICROTEK is not set
#
# USB Network Adapters
#
# CONFIG_USB_CATC is not set
# CONFIG_USB_KAWETH is not set
# CONFIG_USB_PEGASUS is not set
# CONFIG_USB_RTL8150 is not set
# CONFIG_USB_USBNET_MII is not set
# CONFIG_USB_USBNET is not set
CONFIG_USB_MON=y
#
# USB port drivers
#
# CONFIG_USB_USS720 is not set
#
# USB Serial Converter support
#
# CONFIG_USB_SERIAL is not set
#
# USB Miscellaneous drivers
#
# CONFIG_USB_EMI62 is not set
# CONFIG_USB_EMI26 is not set
# CONFIG_USB_ADUTUX is not set
# CONFIG_USB_AUERSWALD is not set
# CONFIG_USB_RIO500 is not set
# CONFIG_USB_LEGOTOWER is not set
# CONFIG_USB_LCD is not set
# CONFIG_USB_LED is not set
# CONFIG_USB_CYPRESS_CY7C63 is not set
# CONFIG_USB_CYTHERM is not set
# CONFIG_USB_PHIDGET is not set
# CONFIG_USB_IDMOUSE is not set
# CONFIG_USB_FTDI_ELAN is not set
# CONFIG_USB_APPLEDISPLAY is not set
# CONFIG_USB_SISUSBVGA is not set
# CONFIG_USB_LD is not set
# CONFIG_USB_TRANCEVIBRATOR is not set
# CONFIG_USB_TEST is not set
#
# USB DSL modem support
#
#
# USB Gadget Support
#
# CONFIG_USB_GADGET is not set
#
# MMC/SD Card support
#
# CONFIG_MMC is not set
#
# LED devices
#
# CONFIG_NEW_LEDS is not set
#
# LED drivers
#
#
# LED Triggers
#
#
# InfiniBand support
#
# CONFIG_INFINIBAND is not set
#
# EDAC - error detection and reporting (RAS) (EXPERIMENTAL)
#
# CONFIG_EDAC is not set
#
# Real Time Clock
#
CONFIG_RTC_LIB=m
CONFIG_RTC_CLASS=m
#
# RTC interfaces
#
CONFIG_RTC_INTF_SYSFS=m
CONFIG_RTC_INTF_PROC=m
CONFIG_RTC_INTF_DEV=m
# CONFIG_RTC_INTF_DEV_UIE_EMUL is not set
#
# RTC drivers
#
# CONFIG_RTC_DRV_X1205 is not set
# CONFIG_RTC_DRV_DS1307 is not set
# CONFIG_RTC_DRV_DS1553 is not set
# CONFIG_RTC_DRV_ISL1208 is not set
# CONFIG_RTC_DRV_DS1672 is not set
# CONFIG_RTC_DRV_DS1742 is not set
# CONFIG_RTC_DRV_PCF8563 is not set
# CONFIG_RTC_DRV_PCF8583 is not set
# CONFIG_RTC_DRV_RS5C348 is not set
# CONFIG_RTC_DRV_RS5C372 is not set
# CONFIG_RTC_DRV_M48T86 is not set
# CONFIG_RTC_DRV_TEST is not set
# CONFIG_RTC_DRV_MAX6902 is not set
# CONFIG_RTC_DRV_V3020 is not set
#
# DMA Engine support
#
CONFIG_DMA_ENGINE=y
#
# DMA Clients
#
CONFIG_NET_DMA=y
#
# DMA Devices
#
CONFIG_INTEL_IOATDMA=m
#
# Virtualization
#
CONFIG_KVM=m
CONFIG_KVM_INTEL=m
# CONFIG_KVM_AMD is not set
#
# File systems
#
CONFIG_EXT2_FS=y
# CONFIG_EXT2_FS_XATTR is not set
# CONFIG_EXT2_FS_XIP is not set
CONFIG_EXT3_FS=y
CONFIG_EXT3_FS_XATTR=y
# CONFIG_EXT3_FS_POSIX_ACL is not set
# CONFIG_EXT3_FS_SECURITY is not set
# CONFIG_EXT4DEV_FS is not set
CONFIG_JBD=y
CONFIG_JBD_DEBUG=y
CONFIG_FS_MBCACHE=y
CONFIG_REISERFS_FS=m
# CONFIG_REISERFS_CHECK is not set
# CONFIG_REISERFS_PROC_INFO is not set
# CONFIG_REISERFS_FS_XATTR is not set
# CONFIG_JFS_FS is not set
CONFIG_FS_POSIX_ACL=y
CONFIG_XFS_FS=y
# CONFIG_XFS_QUOTA is not set
# CONFIG_XFS_SECURITY is not set
# CONFIG_XFS_POSIX_ACL is not set
# CONFIG_XFS_RT is not set
# CONFIG_GFS2_FS is not set
# CONFIG_OCFS2_FS is not set
CONFIG_MINIX_FS=m
CONFIG_ROMFS_FS=m
CONFIG_INOTIFY=y
CONFIG_INOTIFY_USER=y
CONFIG_QUOTA=y
# CONFIG_QFMT_V1 is not set
# CONFIG_QFMT_V2 is not set
CONFIG_QUOTACTL=y
CONFIG_DNOTIFY=y
CONFIG_AUTOFS_FS=m
CONFIG_AUTOFS4_FS=y
CONFIG_FUSE_FS=m
#
# CD-ROM/DVD Filesystems
#
CONFIG_ISO9660_FS=m
CONFIG_JOLIET=y
# CONFIG_ZISOFS is not set
CONFIG_UDF_FS=m
CONFIG_UDF_NLS=y
#
# DOS/FAT/NT Filesystems
#
CONFIG_FAT_FS=m
CONFIG_MSDOS_FS=m
CONFIG_VFAT_FS=m
CONFIG_FAT_DEFAULT_CODEPAGE=437
CONFIG_FAT_DEFAULT_IOCHARSET="iso8859-1"
# CONFIG_NTFS_FS is not set
#
# Pseudo filesystems
#
CONFIG_PROC_FS=y
CONFIG_PROC_KCORE=y
CONFIG_PROC_SYSCTL=y
CONFIG_SYSFS=y
CONFIG_TMPFS=y
# CONFIG_TMPFS_POSIX_ACL is not set
# CONFIG_HUGETLBFS is not set
# CONFIG_HUGETLB_PAGE is not set
CONFIG_RAMFS=y
CONFIG_CONFIGFS_FS=y
#
# Miscellaneous filesystems
#
# CONFIG_ADFS_FS is not set
# CONFIG_AFFS_FS is not set
# CONFIG_HFS_FS is not set
# CONFIG_HFSPLUS_FS is not set
# CONFIG_BEFS_FS is not set
# CONFIG_BFS_FS is not set
# CONFIG_EFS_FS is not set
CONFIG_CRAMFS=y
# CONFIG_VXFS_FS is not set
# CONFIG_HPFS_FS is not set
# CONFIG_QNX4FS_FS is not set
# CONFIG_SYSV_FS is not set
# CONFIG_UFS_FS is not set
#
# Network File Systems
#
CONFIG_NFS_FS=y
CONFIG_NFS_V3=y
# CONFIG_NFS_V3_ACL is not set
CONFIG_NFS_V4=y
CONFIG_NFS_DIRECTIO=y
CONFIG_NFSD=y
CONFIG_NFSD_V3=y
# CONFIG_NFSD_V3_ACL is not set
CONFIG_NFSD_V4=y
CONFIG_NFSD_TCP=y
CONFIG_LOCKD=y
CONFIG_LOCKD_V4=y
CONFIG_EXPORTFS=y
CONFIG_NFS_COMMON=y
CONFIG_SUNRPC=y
CONFIG_SUNRPC_GSS=y
CONFIG_RPCSEC_GSS_KRB5=y
# CONFIG_RPCSEC_GSS_SPKM3 is not set
CONFIG_SMB_FS=m
# CONFIG_SMB_NLS_DEFAULT is not set
CONFIG_CIFS=m
# CONFIG_CIFS_STATS is not set
# CONFIG_CIFS_WEAK_PW_HASH is not set
# CONFIG_CIFS_XATTR is not set
# CONFIG_CIFS_DEBUG2 is not set
# CONFIG_CIFS_EXPERIMENTAL is not set
# CONFIG_NCP_FS is not set
CONFIG_CODA_FS=m
# CONFIG_CODA_FS_OLD_API is not set
CONFIG_AFS_FS=m
CONFIG_RXRPC=m
# CONFIG_9P_FS is not set
#
# Partition Types
#
# CONFIG_PARTITION_ADVANCED is not set
CONFIG_MSDOS_PARTITION=y
#
# Native Language Support
#
CONFIG_NLS=y
CONFIG_NLS_DEFAULT="iso8859-1"
CONFIG_NLS_CODEPAGE_437=m
# CONFIG_NLS_CODEPAGE_737 is not set
# CONFIG_NLS_CODEPAGE_775 is not set
CONFIG_NLS_CODEPAGE_850=m
# CONFIG_NLS_CODEPAGE_852 is not set
# CONFIG_NLS_CODEPAGE_855 is not set
# CONFIG_NLS_CODEPAGE_857 is not set
# CONFIG_NLS_CODEPAGE_860 is not set
# CONFIG_NLS_CODEPAGE_861 is not set
# CONFIG_NLS_CODEPAGE_862 is not set
# CONFIG_NLS_CODEPAGE_863 is not set
# CONFIG_NLS_CODEPAGE_864 is not set
# CONFIG_NLS_CODEPAGE_865 is not set
# CONFIG_NLS_CODEPAGE_866 is not set
# CONFIG_NLS_CODEPAGE_869 is not set
# CONFIG_NLS_CODEPAGE_936 is not set
# CONFIG_NLS_CODEPAGE_950 is not set
# CONFIG_NLS_CODEPAGE_932 is not set
# CONFIG_NLS_CODEPAGE_949 is not set
# CONFIG_NLS_CODEPAGE_874 is not set
# CONFIG_NLS_ISO8859_8 is not set
# CONFIG_NLS_CODEPAGE_1250 is not set
# CONFIG_NLS_CODEPAGE_1251 is not set
# CONFIG_NLS_ASCII is not set
CONFIG_NLS_ISO8859_1=m
# CONFIG_NLS_ISO8859_2 is not set
# CONFIG_NLS_ISO8859_3 is not set
# CONFIG_NLS_ISO8859_4 is not set
# CONFIG_NLS_ISO8859_5 is not set
# CONFIG_NLS_ISO8859_6 is not set
# CONFIG_NLS_ISO8859_7 is not set
# CONFIG_NLS_ISO8859_9 is not set
# CONFIG_NLS_ISO8859_13 is not set
# CONFIG_NLS_ISO8859_14 is not set
CONFIG_NLS_ISO8859_15=m
# CONFIG_NLS_KOI8_R is not set
# CONFIG_NLS_KOI8_U is not set
# CONFIG_NLS_UTF8 is not set
#
# Distributed Lock Manager
#
CONFIG_DLM=m
CONFIG_DLM_TCP=y
# CONFIG_DLM_SCTP is not set
# CONFIG_DLM_DEBUG is not set
#
# Instrumentation Support
#
# CONFIG_PROFILING is not set
# CONFIG_KPROBES is not set
#
# Kernel hacking
#
CONFIG_TRACE_IRQFLAGS_SUPPORT=y
CONFIG_PRINTK_TIME=y
CONFIG_ENABLE_MUST_CHECK=y
CONFIG_MAGIC_SYSRQ=y
# CONFIG_UNUSED_SYMBOLS is not set
# CONFIG_DEBUG_FS is not set
# CONFIG_HEADERS_CHECK is not set
CONFIG_DEBUG_KERNEL=y
CONFIG_LOG_BUF_SHIFT=15
CONFIG_DETECT_SOFTLOCKUP=y
# CONFIG_SCHEDSTATS is not set
# CONFIG_DEBUG_SLAB is not set
CONFIG_DEBUG_PREEMPT=y
# CONFIG_DEBUG_RT_MUTEXES is not set
# CONFIG_RT_MUTEX_TESTER is not set
# CONFIG_DEBUG_SPINLOCK is not set
# CONFIG_DEBUG_MUTEXES is not set
# CONFIG_DEBUG_RWSEMS is not set
# CONFIG_DEBUG_LOCK_ALLOC is not set
# CONFIG_PROVE_LOCKING is not set
# CONFIG_DEBUG_SPINLOCK_SLEEP is not set
# CONFIG_DEBUG_LOCKING_API_SELFTESTS is not set
# CONFIG_DEBUG_KOBJECT is not set
# CONFIG_DEBUG_HIGHMEM is not set
CONFIG_DEBUG_BUGVERBOSE=y
# CONFIG_DEBUG_INFO is not set
# CONFIG_DEBUG_VM is not set
# CONFIG_DEBUG_LIST is not set
# CONFIG_FRAME_POINTER is not set
CONFIG_FORCED_INLINING=y
# CONFIG_RCU_TORTURE_TEST is not set
# CONFIG_FAULT_INJECTION is not set
CONFIG_EARLY_PRINTK=y
# CONFIG_DEBUG_STACKOVERFLOW is not set
# CONFIG_DEBUG_STACK_USAGE is not set
# CONFIG_DEBUG_PAGEALLOC is not set
# CONFIG_DEBUG_RODATA is not set
# CONFIG_4KSTACKS is not set
CONFIG_X86_FIND_SMP_CONFIG=y
CONFIG_X86_MPPARSE=y
CONFIG_DOUBLEFAULT=y
#
# Security options
#
# CONFIG_KEYS is not set
# CONFIG_SECURITY is not set
#
# Cryptographic options
#
CONFIG_CRYPTO=y
CONFIG_CRYPTO_ALGAPI=y
CONFIG_CRYPTO_BLKCIPHER=y
CONFIG_CRYPTO_HASH=y
CONFIG_CRYPTO_MANAGER=y
CONFIG_CRYPTO_HMAC=y
CONFIG_CRYPTO_XCBC=m
CONFIG_CRYPTO_NULL=m
CONFIG_CRYPTO_MD4=m
CONFIG_CRYPTO_MD5=y
CONFIG_CRYPTO_SHA1=m
CONFIG_CRYPTO_SHA256=m
CONFIG_CRYPTO_SHA512=m
# CONFIG_CRYPTO_WP512 is not set
# CONFIG_CRYPTO_TGR192 is not set
CONFIG_CRYPTO_GF128MUL=m
CONFIG_CRYPTO_ECB=m
CONFIG_CRYPTO_CBC=y
CONFIG_CRYPTO_LRW=m
CONFIG_CRYPTO_DES=y
CONFIG_CRYPTO_BLOWFISH=m
CONFIG_CRYPTO_TWOFISH=m
CONFIG_CRYPTO_TWOFISH_COMMON=m
# CONFIG_CRYPTO_TWOFISH_586 is not set
CONFIG_CRYPTO_SERPENT=m
# CONFIG_CRYPTO_AES is not set
# CONFIG_CRYPTO_AES_586 is not set
CONFIG_CRYPTO_CAST5=m
CONFIG_CRYPTO_CAST6=m
# CONFIG_CRYPTO_TEA is not set
CONFIG_CRYPTO_ARC4=m
# CONFIG_CRYPTO_KHAZAD is not set
CONFIG_CRYPTO_ANUBIS=m
CONFIG_CRYPTO_DEFLATE=m
# CONFIG_CRYPTO_MICHAEL_MIC is not set
# CONFIG_CRYPTO_CRC32C is not set
CONFIG_CRYPTO_TEST=m
#
# Hardware crypto devices
#
# CONFIG_CRYPTO_DEV_PADLOCK is not set
CONFIG_CRYPTO_DEV_GEODE=m
#
# Library routines
#
CONFIG_BITREVERSE=m
CONFIG_CRC_CCITT=m
# CONFIG_CRC16 is not set
CONFIG_CRC32=m
# CONFIG_LIBCRC32C is not set
CONFIG_ZLIB_INFLATE=y
CONFIG_ZLIB_DEFLATE=m
CONFIG_TEXTSEARCH=y
CONFIG_TEXTSEARCH_KMP=m
CONFIG_TEXTSEARCH_BM=m
CONFIG_TEXTSEARCH_FSM=m
CONFIG_PLIST=y
CONFIG_IOMAP_COPY=y
CONFIG_GENERIC_HARDIRQS=y
CONFIG_GENERIC_IRQ_PROBE=y
CONFIG_GENERIC_PENDING_IRQ=y
CONFIG_X86_SMP=y
CONFIG_X86_HT=y
CONFIG_X86_BIOS_REBOOT=y
CONFIG_X86_TRAMPOLINE=y
CONFIG_KTIME_SCALAR=y