Date: Wed, 31 May 2006 18:25:07 -0700
From: "Randy.Dunlap" <>
Subject: Re: 2.6.17-rc5-mm1
Sender: linux-kernel-owner@vger.kernel.org
Precedence: bulk
List-ID: <linux-kernel.vger.kernel.org>
X-Mailing-List: linux-kernel@vger.kernel.org
X-Lkml-Link: https://lkml.org/lkml/2006/5/31/335

On Tue, 30 May 2006 02:29:25 -0700 Andrew Morton wrote:
> 
> 
ftp://ftp.kernel.org/pub/linux/kernel/people/akpm/patches/2.6/2.6.17-rc5/2.6.17-rc5-mm1/
Some odd panic, reproducible.  .config attached.
Machine is Pentium-D with 2 GB RAM and SATA drives.
[    0.000000] Bootdata ok (command line is root=/dev/sda7 vga=0x31a psmouse.proto=imps selinux=0  resume=/dev/sda2 splash=silent debug console=ttyS0,57600n8 netconsole=6665@192.168.0.101/eth0,6666@192.168.0.104/00:14:22:d9:67:60 console=ttyUSB0,57600n8r console=tty1  initcall_debug)
[    0.000000] Linux version 2.6.17-rc5-mm1 (rddunlap@midway) (gcc version 4.0.2 20050901 (prerelease) (SUSE Linux)) #1 SMP Wed May 31 15:14:19 PDT 2006
[    0.000000] BIOS-provided physical RAM map:
[    0.000000]  BIOS-e820: 0000000000000000 - 000000000009fc00 (usable)
[    0.000000]  BIOS-e820: 000000000009fc00 - 00000000000a0000 (reserved)
[    0.000000]  BIOS-e820: 00000000000e0000 - 0000000000100000 (reserved)
[    0.000000]  BIOS-e820: 0000000000100000 - 000000007f664000 (usable)
[    0.000000]  BIOS-e820: 000000007f664000 - 000000007f6e9000 (ACPI NVS)
[    0.000000]  BIOS-e820: 000000007f6e9000 - 000000007f6ed000 (usable)
[    0.000000]  BIOS-e820: 000000007f6ed000 - 000000007f6ff000 (ACPI data)
[    0.000000]  BIOS-e820: 000000007f6ff000 - 000000007f700000 (usable)
[    0.000000] DMI 2.3 present.
[    0.000000] ACPI: RSDP (v000 INTEL                                 ) @ 0x00000000000fe020
[    0.000000] ACPI: RSDT (v001 INTEL  D945GNT  0x000009b7 MSFT 0x01000013) @ 0x000000007f6fde48
[    0.000000] ACPI: FADT (v001 INTEL  D945GNT  0x000009b7 MSFT 0x01000013) @ 0x000000007f6fcf10
[    0.000000] ACPI: MADT (v001 INTEL  D945GNT  0x000009b7 MSFT 0x01000013) @ 0x000000007f6fce10
[    0.000000] ACPI: WDDT (v001 INTEL  D945GNT  0x000009b7 MSFT 0x01000013) @ 0x000000007f6f7f90
[    0.000000] ACPI: MCFG (v001 INTEL  D945GNT  0x000009b7 MSFT 0x01000013) @ 0x000000007f6f7f10
[    0.000000] ACPI: ASF! (v032 INTEL  D945GNT  0x000009b7 MSFT 0x01000013) @ 0x000000007f6fcd10
[    0.000000] ACPI: SSDT (v001 INTEL     CpuPm 0x000009b7 MSFT 0x01000013) @ 0x000000007f6fdc10
[    0.000000] ACPI: SSDT (v001 INTEL   Cpu0Ist 0x000009b7 MSFT 0x01000013) @ 0x000000007f6fda10
[    0.000000] ACPI: SSDT (v001 INTEL   Cpu1Ist 0x000009b7 MSFT 0x01000013) @ 0x000000007f6fd810
[    0.000000] ACPI: SSDT (v001 INTEL   Cpu2Ist 0x000009b7 MSFT 0x01000013) @ 0x000000007f6fd610
[    0.000000] ACPI: SSDT (v001 INTEL   Cpu3Ist 0x000009b7 MSFT 0x01000013) @ 0x000000007f6fd410
[    0.000000] ACPI: TCPA (v001 INTEL  TIANO    0x00000002 MSFT 0x01000013) @ 0x000000007f6e6d90
[    0.000000] ACPI: DSDT (v001 INTEL  D945GNT  0x000009b7 MSFT 0x01000013) @ 0x0000000000000000
[    0.000000] On node 0 totalpages: 512398
[    0.000000]   DMA zone: 2753 pages, LIFO batch:0
[    0.000000]   DMA32 zone: 509645 pages, LIFO batch:31
[    0.000000] ACPI: PM-Timer IO Port: 0x408
[    0.000000] ACPI: Local APIC address 0xfee00000
[    0.000000] ACPI: LAPIC (acpi_id[0x01] lapic_id[0x00] enabled)
[    0.000000] Processor #0 15:4 APIC version 20
[    0.000000] ACPI: LAPIC (acpi_id[0x02] lapic_id[0x01] enabled)
[    0.000000] Processor #1 15:4 APIC version 20
[    0.000000] ACPI: LAPIC (acpi_id[0x03] lapic_id[0x82] disabled)
[    0.000000] ACPI: LAPIC (acpi_id[0x04] lapic_id[0x83] disabled)
[    0.000000] ACPI: LAPIC_NMI (acpi_id[0x01] dfl dfl lint[0x1])
[    0.000000] ACPI: LAPIC_NMI (acpi_id[0x02] dfl dfl lint[0x1])
[    0.000000] ACPI: IOAPIC (id[0x02] address[0xfec00000] gsi_base[0])
[    0.000000] IOAPIC[0]: apic_id 2, version 32, address 0xfec00000, GSI 0-23
[    0.000000] ACPI: INT_SRC_OVR (bus 0 bus_irq 0 global_irq 2 dfl dfl)
[    0.000000] ACPI: INT_SRC_OVR (bus 0 bus_irq 9 global_irq 9 high level)
[    0.000000] ACPI: IRQ0 used by override.
[    0.000000] ACPI: IRQ2 used by override.
[    0.000000] ACPI: IRQ9 used by override.
[    0.000000] Setting APIC routing to flat
[    0.000000] Using ACPI (MADT) for SMP configuration information
[    0.000000] Allocating PCI resources starting at 80000000 (gap: 7f700000:80900000)
[    0.000000] Built 1 zonelists
[    0.000000] Kernel command line: root=/dev/sda7 vga=0x31a psmouse.proto=imps selinux=0  resume=/dev/sda2 splash=silent debug console=ttyS0,57600n8 netconsole=6665@192.168.0.101/eth0,6666@192.168.0.104/00:14:22:d9:67:60 console=ttyUSB0,57600n8r console=tty1  initcall_debug
[    0.000000] netconsole: local port 6665
[    0.000000] netconsole: local IP 192.168.0.101
[    0.000000] netconsole: interface eth0
[    0.000000] netconsole: remote port 6666
[    0.000000] netconsole: remote IP 192.168.0.104
[    0.000000] netconsole: remote ethernet address 00:14:22:d9:67:60
[    0.000000] Initializing CPU#0
[    0.000000] PID hash table entries: 4096 (order: 12, 32768 bytes)
[   25.380581] Console: colour dummy device 80x25
[   26.188250] Dentry cache hash table entries: 262144 (order: 9, 2097152 bytes)
[   26.204064] Inode-cache hash table entries: 131072 (order: 8, 1048576 bytes)
[   26.218420] Checking aperture...
[   26.247610] Memory: 2045964k/2087936k available (2767k kernel code, 40628k reserved, 1240k data, 224k init)
[   26.409571] Calibrating delay using timer specific routine.. 6004.26 BogoMIPS (lpj=30021346)
[   26.426565] Mount-cache hash table entries: 256
[   26.435858] CPU: Trace cache: 12K uops, L1 D cache: 16K
[   26.446262] CPU: L2 cache: 1024K
[   26.452679] using mwait in idle threads.
[   26.460479] CPU: Physical Processor ID: 0
[   26.469735] CPU: Processor Core ID: 0
[   26.477018] CPU0: Thermal monitoring enabled (TM1)
[   26.486560] Freeing SMP alternatives: 24k freed
[   26.497278]  tbxface-0107 [01] load_tables           : ACPI Tables successfully acquired
[   26.519875] Parsing all Control Methods:
[   26.527484] Table [DSDT](id 000A) - 528 Objects with 54 Devices 147 Methods 30 Regions
[   26.543798] Parsing all Control Methods:
[   26.551371] Table [SSDT](id 0004) - 10 Objects with 0 Devices 4 Methods 0 Regions
[   26.566731] Parsing all Control Methods:
[   26.574303] Table [SSDT](id 0005) - 5 Objects with 0 Devices 3 Methods 0 Regions
[   26.589490] Parsing all Control Methods:
[   26.597054] Table [SSDT](id 0006) - 5 Objects with 0 Devices 3 Methods 0 Regions
[   26.612238] Parsing all Control Methods:
[   26.619811] Table [SSDT](id 0007) - 5 Objects with 0 Devices 3 Methods 0 Regions
[   26.634990] Parsing all Control Methods:
[   26.642565] Table [SSDT](id 0008) - 5 Objects with 0 Devices 3 Methods 0 Regions
[   26.657639] ACPI Namespace successfully loaded at root ffffffff80529b20
[   26.671579] evxfevnt-0089 [02] enable                : Transition to ACPI mode successful
[   26.788186] Using local APIC timer interrupts.
[   26.830321] result 12500143
[   26.835866] Detected 12.500 MHz APIC timer.
[   26.849668] Booting processor 1/2 APIC 0x1
[   26.868194] Initializing CPU#1
[   27.018978] Calibrating delay using timer specific routine.. 6000.09 BogoMIPS (lpj=30000493)
[   27.018990] CPU: Trace cache: 12K uops, L1 D cache: 16K
[   27.018993] CPU: L2 cache: 1024K
[   27.018996] CPU: Physical Processor ID: 0
[   27.018997] CPU: Processor Core ID: 1
[   27.019007] CPU1: Thermal monitoring enabled (TM1)
[   27.019245]               Intel(R) Pentium(R) D CPU 3.00GHz stepping 04
[   27.028976] APIC error on CPU1: 00(40)
[   27.028993] Brought up 2 CPUs
[   27.119902] testing NMI watchdog ... OK.
[   27.227673] time.c: Using 3.579545 MHz WALL PM GTOD PIT/TSC timer.
[   27.239966] time.c: Detected 3000.048 MHz processor.
[   27.439186] migration_cost=399
[   27.448014] Calling initcall 0xffffffff80559ef0: cpufreq_tsc+0x0/0x6d()
[   27.461208] Calling initcall 0xffffffff8055e129: init_smp_flush+0x0/0x58()
[   27.474906] Calling initcall 0xffffffff80564a7a: init_elf32_binfmt+0x0/0x12()
[   27.490550] Calling initcall 0xffffffff8056619b: helper_init+0x0/0x2f()
[   27.503750] Calling initcall 0xffffffff80566423: pm_init+0x0/0x29()
[   27.516247] Calling initcall 0xffffffff805665f7: ksysfs_init+0x0/0x29()
[   27.529439] Calling initcall 0xffffffff8056854c: filelock_init+0x0/0x31()
[   27.542986] Calling initcall 0xffffffff80568dd6: init_misc_binfmt+0x0/0x3c()
[   27.557030] Calling initcall 0xffffffff80568e12: init_script_binfmt+0x0/0x12()
[   27.571420] Calling initcall 0xffffffff80568e24: init_elf_binfmt+0x0/0x12()
[   27.585287] Calling initcall 0xffffffff805698b1: debugfs_init+0x0/0x49()
[   27.598643] Calling initcall 0xffffffff80575ff8: sock_init+0x0/0x5a()
[   27.611538] Calling initcall 0xffffffff80576518: netlink_proto_init+0x0/0x17e()
[   27.626124] NET: Registered protocol family 16
[   27.634977] Calling initcall 0xffffffff80569edc: kobject_uevent_init+0x0/0x3c()
[   27.649550] Calling initcall 0xffffffff8056a01a: pcibus_class_init+0x0/0x12()
[   27.663774] Calling initcall 0xffffffff8056a84c: pci_driver_init+0x0/0x12()
[   27.677662] Calling initcall 0xffffffff8056e08f: tty_class_init+0x0/0x2a()
[   27.691371] Calling initcall 0xffffffff8055d4dc: mtrr_if_init+0x0/0x74()
[   27.704724] Calling initcall 0xffffffff8056a9de: pci_acpi_init+0x0/0x2e()
[   27.718244] ACPI: bus type pci registered
[   27.726214] Calling initcall 0xffffffff8056c7e2: init_acpi_device_notify+0x0/0x4b()
[   27.741470] Calling initcall 0xffffffff80575356: pci_access_init+0x0/0x1c()
[   27.755338] PCI: BIOS Bug: MCFG area is not E820-reserved
[   27.766073] PCI: Not using MMCONFIG.
[   27.773181] PCI: Using configuration type 1
[   27.781496] Calling initcall 0xffffffff8055d355: mtrr_init_finialize+0x0/0x34()
[   27.796057] Calling initcall 0xffffffff805636ef: topology_init+0x0/0x36()
[   27.809839] Calling initcall 0xffffffff80147401: pm_sysrq_init+0x0/0x1b()
[   27.823367] Calling initcall 0xffffffff80568325: init_bio+0x0/0x105()
[   27.836657] Calling initcall 0xffffffff80569d1b: genhd_device_init+0x0/0x33()
[   27.851014] Calling initcall 0xffffffff8056affd: fbmem_init+0x0/0x95()
[   27.864039] Calling initcall 0xffffffff8056c604: acpi_init+0x0/0x1de()
[   27.877042] ACPI: Subsystem revision 20060310
[   27.886383] evgpeblk-0951 [04] ev_create_gpe_block   : GPE 00 to 1F [_GPE] 4 regs on int 0x9
[   27.905663] evgpeblk-1048 [03] ev_initialize_gpe_bloc: Found 8 Wake, Enabled 1 Runtime GPEs in this block
[   27.926803] Completing Region/Field/Buffer/Package initialization:...........................................................................
[   27.956263] Initialized 29/30 Regions 0/0 Fields 22/22 Buffers 24/40 Packages (567 nodes)
[   27.972888] Executing all Device _STA and_INI methods:............................................................
[   27.993929] 60 Devices found - executed 0 _STA, 1 _INI methods
[   28.007242] ACPI: Interpreter enabled
[   28.014520] ACPI: Using IOAPIC for interrupt routing
[   28.024484] Calling initcall 0xffffffff8056c94d: acpi_ec_init+0x0/0x63()
[   28.037838] Calling initcall 0xffffffff8056d20b: acpi_pci_root_init+0x0/0x28()
[   28.052229] Calling initcall 0xffffffff8056d320: acpi_pci_link_init+0x0/0x48()
[   28.066616] Calling initcall 0xffffffff8056d41b: acpi_power_init+0x0/0x77()
[   28.080488] Calling initcall 0xffffffff8056d5b2: acpi_system_init+0x0/0xc0()
[   28.094532] Calling initcall 0xffffffff8056d672: acpi_event_init+0x0/0x3d()
[   28.108402] Calling initcall 0xffffffff8056d6af: acpi_debug_init+0x0/0xa8()
[   28.122278] Calling initcall 0xffffffff8056d757: acpi_scan_init+0x0/0x18e()
[   28.137642] ACPI: PCI Root Bridge [PCI0] (0000:00)
[   28.147173] PCI: Probing PCI hardware (bus 00)
[   28.156068] ACPI: Assume root bridge [\_SB_.PCI0] bus is 0
[   28.174188] Boot video device is 0000:00:02.0
[   28.183647] PCI: Ignoring BAR0-3 of IDE controller 0000:00:1f.1
[   28.196982] PCI: Transparent bridge - 0000:00:1e.0
[   28.206591] ACPI: PCI Interrupt Routing Table [\_SB_.PCI0._PRT]
[   28.232605] ACPI: PCI Interrupt Routing Table [\_SB_.PCI0.P32_._PRT]
[   28.248331] ACPI: PCI Interrupt Link [LNKA] (IRQs 3 4 5 7 9 10 *11 12)
[   28.262146] ACPI: PCI Interrupt Link [LNKB] (IRQs 3 4 5 7 9 10 *11 12)
[   28.275964] ACPI: PCI Interrupt Link [LNKC] (IRQs 3 4 5 7 9 10 *11 12)
[   28.289783] ACPI: PCI Interrupt Link [LNKD] (IRQs 3 4 5 7 9 10 *11 12)
[   28.303588] ACPI: PCI Interrupt Link [LNKE] (IRQs 3 4 5 7 9 10 11 12) *0, disabled.
[   28.319674] ACPI: PCI Interrupt Link [LNKF] (IRQs 3 4 5 7 9 10 *11 12)
[   28.333481] ACPI: PCI Interrupt Link [LNKG] (IRQs 3 4 5 7 *9 10 11 12)
[   28.347286] ACPI: PCI Interrupt Link [LNKH] (IRQs 3 4 5 7 9 *10 11 12)
[   28.365226] ACPI: PCI Interrupt Routing Table [\_SB_.PCI0.PEX0._PRT]
[   28.379046] ACPI: PCI Interrupt Routing Table [\_SB_.PCI0.PEX2._PRT]
[   28.392591] ACPI: PCI Interrupt Routing Table [\_SB_.PCI0.PEX3._PRT]
[   28.406129] ACPI: PCI Interrupt Routing Table [\_SB_.PCI0.PEX4._PRT]
[   28.419669] ACPI: PCI Interrupt Routing Table [\_SB_.PCI0.PEX5._PRT]
[   28.436624] Calling initcall 0xffffffff8056da5a: pnp_init+0x0/0x20()
[   28.449290] Linux Plug and Play Support v0.97 (c) Adam Belay
[   28.460568] Calling initcall 0xffffffff8056dbc9: pnpacpi_init+0x0/0x6a()
[   28.473918] pnp: PnP ACPI init
[   28.490943] pnp: PnP ACPI: found 13 devices
[   28.499259] Calling initcall 0xffffffff8056e6c3: misc_init+0x0/0x80()
[   28.513336] Calling initcall 0xffffffff80571b62: phy_init+0x0/0x2f()
[   28.526123] Generic PHY: Registered new driver
[   28.534959] Calling initcall 0xffffffff8057293b: init_scsi+0x0/0xd9()
[   28.548867] SCSI subsystem initialized
[   28.556319] Calling initcall 0xffffffff80572e4c: usb_init+0x0/0xd5()
[   28.569122] usbcore: registered new driver usbfs
[   28.578421] usbcore: registered new driver hub
[   28.587388] Calling initcall 0xffffffff805735d1: serio_init+0x0/0x9f()
[   28.600451] Calling initcall 0xffffffff80573969: gameport_init+0x0/0x89()
[   28.614028] Calling initcall 0xffffffff805739f2: input_init+0x0/0x122()
[   28.627228] Calling initcall 0xffffffff80573c66: i2c_init+0x0/0x32()
[   28.640018] Calling initcall 0xffffffff80575372: pci_acpi_init+0x0/0xab()
[   28.653543] PCI: Using ACPI for IRQ routing
[   28.661860] PCI: If a device doesn't work, try "pci=routeirq".  If it helps, post a report
[   28.678305] Calling initcall 0xffffffff8057541d: pci_legacy_init+0x0/0x124()
[   28.692348] Calling initcall 0xffffffff805758ef: pcibios_irq_init+0x0/0x4a4()
[   28.706562] Calling initcall 0xffffffff80575d93: pcibios_init+0x0/0x69()
[   28.720004] Calling initcall 0xffffffff805760ad: proto_init+0x0/0x34()
[   28.733010] Calling initcall 0xffffffff80576210: net_dev_init+0x0/0x1cb()
[   28.746555] Calling initcall 0xffffffff80576696: genl_init+0x0/0xaf()
[   28.759407] Calling initcall 0xffffffff80559fef: late_hpet_init+0x0/0xd1()
[   28.773105] Calling initcall 0xffffffff8055ce79: pci_iommu_init+0x0/0x12()
[   28.786812] PCI-GART: No AMD northbridge found.
[   28.795820] Calling initcall 0xffffffff805684d6: init_pipe_fs+0x0/0x49()
[   28.809189] Calling initcall 0xffffffff8056d924: acpi_motherboard_init+0x0/0x136()
[   28.824329] Calling initcall 0xffffffff8056db5e: pnp_system_init+0x0/0x12()
[   28.838314] pnp: 00:06: ioport range 0x500-0x53f has been reserved
[   28.850610] pnp: 00:06: ioport range 0x400-0x47f could not be reserved
[   28.863596] pnp: 00:06: ioport range 0x680-0x6ff has been reserved
[   28.875901] Calling initcall 0xffffffff8056df93: chr_dev_init+0x0/0x8a()
[   28.890130] Calling initcall 0xffffffff80573e16: cpufreq_gov_performance_init+0x0/0x12()
[   28.906250] Calling initcall 0xffffffff80573e3a: cpufreq_gov_userspace_init+0x0/0x20()
[   28.922027] Calling initcall 0xffffffff80574e1a: pcibios_assign_resources+0x0/0x8b()
[   28.937476] PCI: Ignore bogus resource 6 [0:0] of 0000:00:02.0
[   28.949081] PCI: Bridge: 0000:00:1c.0
[   28.956357]   IO window: 1000-1fff
[   28.963118]   MEM window: 90100000-901fffff
[   28.971435]   PREFETCH window: disabled.
[   28.979236] PCI: Bridge: 0000:00:1c.2
[   28.986509]   IO window: disabled.
[   28.993271]   MEM window: 90300000-903fffff
[   29.001587]   PREFETCH window: disabled.
[   29.009385] PCI: Bridge: 0000:00:1c.3
[   29.016658]   IO window: disabled.
[   29.024810]   MEM window: 90400000-904fffff
[   29.033127]   PREFETCH window: disabled.
[   29.040926] PCI: Bridge: 0000:00:1c.4
[   29.048202]   IO window: disabled.
[   29.054961]   MEM window: 90500000-905fffff
[   29.063277]   PREFETCH window: disabled.
[   29.071074] PCI: Bridge: 0000:00:1c.5
[   29.078350]   IO window: disabled.
[   29.085109]   MEM window: 90600000-906fffff
[   29.093424]   PREFETCH window: disabled.
[   29.101223] PCI: Bridge: 0000:00:1e.0
[   29.108498]   IO window: disabled.
[   29.115258]   MEM window: 90000000-900fffff
[   29.123573]   PREFETCH window: disabled.
[   29.131388] ACPI (acpi_bus-0192): Device `PEX0]is not power manageable [20060310]
[   29.146298] GSI 16 sharing vector 0xA9 and IRQ 16
[   29.155653] ACPI: PCI Interrupt 0000:00:1c.0[A] -> GSI 17 (level, low) -> IRQ 169
[   29.170556] PCI: Setting latency timer of device 0000:00:1c.0 to 64
[   29.183037] ACPI (acpi_bus-0192): Device `PEX2]is not power manageable [20060310]
[   29.197947] GSI 17 sharing vector 0xB1 and IRQ 17
[   29.207300] ACPI: PCI Interrupt 0000:00:1c.2[C] -> GSI 18 (level, low) -> IRQ 177
[   29.222200] PCI: Setting latency timer of device 0000:00:1c.2 to 64
[   29.234681] ACPI (acpi_bus-0192): Device `PEX3]is not power manageable [20060310]
[   29.249591] GSI 18 sharing vector 0xB9 and IRQ 18
[   29.258942] ACPI: PCI Interrupt 0000:00:1c.3[D] -> GSI 19 (level, low) -> IRQ 185
[   29.273841] PCI: Setting latency timer of device 0000:00:1c.3 to 64
[   29.286320] ACPI (acpi_bus-0192): Device `PEX4]is not power manageable [20060310]
[   29.301230] ACPI: PCI Interrupt 0000:00:1c.4[A] -> GSI 17 (level, low) -> IRQ 169
[   29.316128] PCI: Setting latency timer of device 0000:00:1c.4 to 64
[   29.328607] ACPI (acpi_bus-0192): Device `PEX5]is not power manageable [20060310]
[   29.343515] GSI 19 sharing vector 0xC1 and IRQ 19
[   29.352868] ACPI: PCI Interrupt 0000:00:1c.5[B] -> GSI 16 (level, low) -> IRQ 193
[   29.367767] PCI: Setting latency timer of device 0000:00:1c.5 to 64
[   29.380241] PCI: Setting latency timer of device 0000:00:1e.0 to 64
[   29.392709] Calling initcall 0xffffffff80577008: inet_init+0x0/0x331()
[   29.405796] NET: Registered protocol family 2
[   29.508841] IP route cache hash table entries: 65536 (order: 7, 524288 bytes)
[   29.523569] TCP established hash table entries: 131072 (order: 10, 4194304 bytes)
[   29.541890] TCP bind hash table entries: 65536 (order: 9, 2097152 bytes)
[   29.556348] TCP: Hash tables configured (established 131072 bind 65536)
[   29.569519] TCP reno registered
[   29.575845] Calling initcall 0xffffffff8010c770: time_init_device+0x0/0x22()
[   29.590030] Calling initcall 0xffffffff8055a51c: add_pcspkr+0x0/0x43()
[   29.603165] Calling initcall 0xffffffff8055b67e: init_timer_sysfs+0x0/0x22()
[   29.617310] Calling initcall 0xffffffff8055b65c: i8259A_init_sysfs+0x0/0x22()
[   29.631632] Calling initcall 0xffffffff8055bb4d: vsyscall_init+0x0/0x9b()
[   29.645166] Calling initcall 0xffffffff8055c093: sbf_init+0x0/0xd7()
[   29.657824] Calling initcall 0xffffffff8055cc54: i8237A_init_sysfs+0x0/0x22()
[   29.672142] Calling initcall 0xffffffff8055d18b: mce_init_device+0x0/0x76()
[   29.686332] Calling initcall 0xffffffff8055cfb1: periodic_mcheck_init+0x0/0x24()
[   29.701075] Calling initcall 0xffffffff8055df35: msr_init+0x0/0xfa()
[   29.713951] Calling initcall 0xffffffff8055e02f: cpuid_init+0x0/0xfa()
[   29.727167] Calling initcall 0xffffffff8055f302: init_lapic_sysfs+0x0/0x33()
[   29.741313] Calling initcall 0xffffffff80560109: ioapic_init_sysfs+0x0/0xb6()
[   29.755635] Calling initcall 0xffffffff80563d56: cache_sysfs_init+0x0/0x5a()
[   29.770281] Calling initcall 0xffffffff805642d2: x8664_sysctl_init+0x0/0x19()
[   29.784514] Calling initcall 0xffffffff80564a8c: ia32_binfmt_init+0x0/0x19()
[   29.798562] Calling initcall 0xffffffff80564aa5: init_syscall32+0x0/0x5a()
[   29.812258] Calling initcall 0xffffffff80564aff: init_aout_binfmt+0x0/0x12()
[   29.826298] Calling initcall 0xffffffff805657b9: create_proc_profile+0x0/0x246()
[   29.841033] Calling initcall 0xffffffff80565a7c: ioresources_init+0x0/0x42()
[   29.855077] Calling initcall 0xffffffff80565bb7: timekeeping_init_device+0x0/0x22()
[   29.870427] Calling initcall 0xffffffff80565cca: uid_cache_init+0x0/0x8c()
[   29.884154] Calling initcall 0xffffffff80565faa: param_sysfs_init+0x0/0x15d()
[   29.903349] Calling initcall 0xffffffff80566107: init_posix_timers+0x0/0x94()
[   29.917604] Calling initcall 0xffffffff805661ca: init_posix_cpu_timers+0x0/0x69()
[   29.932512] Calling initcall 0xffffffff80566273: init_clocksource_sysfs+0x0/0x50()
[   29.947688] Calling initcall 0xffffffff80566358: init_jiffies_clocksource+0x0/0x12()
[   29.963115] Calling initcall 0xffffffff8056636a: init+0x0/0x6c()
[   29.975147] Calling initcall 0xffffffff805663d6: proc_dma_init+0x0/0x25()
[   29.988769] Calling initcall 0xffffffff8014362e: percpu_modinit+0x0/0x73()
[   30.002473] Calling initcall 0xffffffff805663fb: kallsyms_init+0x0/0x28()
[   30.015996] Calling initcall 0xffffffff8056644c: ikconfig_init+0x0/0x3c()
[   30.029523] Calling initcall 0xffffffff805664fa: audit_init+0x0/0xab()
[   30.042524] audit: initializing netlink socket (disabled)
[   30.054554] audit(1149099139.660:1): initialized
[   30.063734] Calling initcall 0xffffffff805665a5: init_kprobes+0x0/0x52()
[   30.077094] Calling initcall 0xffffffff805672ee: init_per_zone_pages_min+0x0/0x41()
[   30.092353] Calling initcall 0xffffffff80567a74: pdflush_init+0x0/0x1a()
[   30.105803] Calling initcall 0xffffffff80567a8e: readahead_init+0x0/0xa6()
[   30.119552] Calling initcall 0xffffffff80567b59: kswapd_init+0x0/0x2b()
[   30.132792] Calling initcall 0xffffffff80567bc8: procswaps_init+0x0/0x25()
[   30.146490] Calling initcall 0xffffffff80567ca7: kprefetchd_init+0x0/0x3d()
[   30.160397] Calling initcall 0xffffffff80567d17: hugetlb_init+0x0/0x63()
[   30.173746] Total HugeTLB memory allocated, 0
[   30.182405] Calling initcall 0xffffffff80567d7a: init_tmpfs+0x0/0xe1()
[   30.195445] Calling initcall 0xffffffff80567e5b: cpucache_init+0x0/0x37()
[   30.208972] Calling initcall 0xffffffff8056851f: fasync_init+0x0/0x2d()
[   30.222173] Calling initcall 0xffffffff80568b3c: aio_setup+0x0/0x67()
[   30.235121] Calling initcall 0xffffffff80568ba3: inotify_setup+0x0/0x12()
[   30.248646] Calling initcall 0xffffffff80568bb5: inotify_user_setup+0x0/0xbc()
[   30.263092] Calling initcall 0xffffffff80568c71: eventpoll_init+0x0/0xd0()
[   30.276840] Calling initcall 0xffffffff80568d41: init_sys32_ioctl+0x0/0x95()
[   30.290910] Calling initcall 0xffffffff80568e36: dnotify_init+0x0/0x2d()
[   30.304287] Calling initcall 0xffffffff805692d2: configfs_init+0x0/0x98()
[   30.317839] Calling initcall 0xffffffff8056936a: init_devpts_fs+0x0/0x3a()
[   30.331549] Calling initcall 0xffffffff805693a4: init_ext3_fs+0x0/0x5b()
[   30.344917] Calling initcall 0xffffffff8056947d: journal_init+0x0/0xc2()
[   30.358361] Calling initcall 0xffffffff8056953f: init_ext2_fs+0x0/0x5a()
[   30.371732] Calling initcall 0xffffffff80569599: init_cramfs_fs+0x0/0x17()
[   30.385432] Calling initcall 0xffffffff805695b0: init_ramfs_fs+0x0/0x12()
[   30.398956] Calling initcall 0xffffffff805695d4: init_hugetlbfs_fs+0x0/0x7f()
[   30.413201] Calling initcall 0xffffffff8056968b: init_fat_fs+0x0/0x50()
[   30.426425] Calling initcall 0xffffffff805696db: init_msdos_fs+0x0/0x12()
[   30.439948] Calling initcall 0xffffffff805696ed: init_vfat_fs+0x0/0x12()
[   30.453294] Calling initcall 0xffffffff805696ff: init_iso9660_fs+0x0/0x6e()
[   30.467187] Calling initcall 0xffffffff805697d8: init_nls_cp437+0x0/0x12()
[   30.480881] Calling initcall 0xffffffff805697ea: init_nls_cp850+0x0/0x12()
[   30.494572] Calling initcall 0xffffffff805697fc: init_nls_ascii+0x0/0x12()
[   30.508267] Calling initcall 0xffffffff8056980e: init_nls_iso8859_1+0x0/0x12()
[   30.522652] Calling initcall 0xffffffff80569820: init_nls_iso8859_15+0x0/0x12()
[   30.537213] Calling initcall 0xffffffff80569832: init_nls_utf8+0x0/0x25()
[   30.550733] Calling initcall 0xffffffff80569857: init_romfs_fs+0x0/0x5a()
[   30.565557] Calling initcall 0xffffffff805698fa: ipc_init+0x0/0x17()
[   30.578240] Calling initcall 0xffffffff80569adb: init_mqueue_fs+0x0/0xe9()
[   30.591984] Calling initcall 0xffffffff80569d4e: noop_init+0x0/0x12()
[   30.604813] io scheduler noop registered
[   30.612616] Calling initcall 0xffffffff80569d60: as_init+0x0/0x57()
[   30.625118] io scheduler anticipatory registered
[   30.634306] Calling initcall 0xffffffff80569db7: deadline_init+0x0/0x58()
[   30.647855] io scheduler deadline registered
[   30.656349] Calling initcall 0xffffffff80569e0f: cfq_init+0x0/0xcd()
[   30.669074] io scheduler cfq registered (default)
[   30.678444] Calling initcall 0xffffffff802015a8: pci_init+0x0/0x32()
[   30.691114]  0000:00:1d.0: uhci_check_and_reset_hc: legsup = 0x0f10
[   30.703578]  0000:00:1d.0: Performing full reset
[   30.712770]  0000:00:1d.1: uhci_check_and_reset_hc: legsup = 0x0010
[   30.725234]  0000:00:1d.1: Performing full reset
[   30.734424]  0000:00:1d.2: uhci_check_and_reset_hc: legsup = 0x0010
[   30.746887]  0000:00:1d.2: Performing full reset
[   30.756076]  0000:00:1d.3: uhci_check_and_reset_hc: legsup = 0x0010
[   30.768541]  0000:00:1d.3: Performing full reset
[   30.777984] Calling initcall 0xffffffff8056a85e: pci_sysfs_init+0x0/0x37()
[   30.791791] Calling initcall 0xffffffff8056a895: pci_proc_init+0x0/0x6f()
[   30.805367] Calling initcall 0xffffffff8056a904: pcie_portdrv_init+0x0/0x2b()
[   30.819758] ACPI: PCI Interrupt 0000:00:1c.0[A] -> GSI 17 (level, low) -> IRQ 169
[   30.834658] PCI: Setting latency timer of device 0000:00:1c.0 to 64
[   30.847164] assign_interrupt_mode Found MSI capability
[   30.857475] Allocate Port Service[0000:00:1c.0:pcie00]
[   30.867816] Allocate Port Service[0000:00:1c.0:pcie02]
[   30.878165] ACPI: PCI Interrupt 0000:00:1c.2[C] -> GSI 18 (level, low) -> IRQ 177
[   30.893064] PCI: Setting latency timer of device 0000:00:1c.2 to 64
[   30.905569] assign_interrupt_mode Found MSI capability
[   30.915860] Allocate Port Service[0000:00:1c.2:pcie00]
[   30.926191] Allocate Port Service[0000:00:1c.2:pcie02]
[   30.936534] ACPI: PCI Interrupt 0000:00:1c.3[D] -> GSI 19 (level, low) -> IRQ 185
[   30.951433] PCI: Setting latency timer of device 0000:00:1c.3 to 64
[   30.963938] assign_interrupt_mode Found MSI capability
[   30.974228] Allocate Port Service[0000:00:1c.3:pcie00]
[   30.984554] Allocate Port Service[0000:00:1c.3:pcie02]
[   30.994897] ACPI: PCI Interrupt 0000:00:1c.4[A] -> GSI 17 (level, low) -> IRQ 169
[   31.009804] PCI: Setting latency timer of device 0000:00:1c.4 to 64
[   31.022308] assign_interrupt_mode Found MSI capability
[   31.032598] Allocate Port Service[0000:00:1c.4:pcie00]
[   31.042932] Allocate Port Service[0000:00:1c.4:pcie02]
[   31.053272] ACPI: PCI Interrupt 0000:00:1c.5[B] -> GSI 16 (level, low) -> IRQ 193
[   31.068174] PCI: Setting latency timer of device 0000:00:1c.5 to 64
[   31.080679] assign_interrupt_mode Found MSI capability
[   31.090969] Allocate Port Service[0000:00:1c.5:pcie00]
[   31.101302] Allocate Port Service[0000:00:1c.5:pcie02]
[   31.111650] Calling initcall 0xffffffff8056a92f: pci_hotplug_init+0x0/0x57()
[   31.125702] pci_hotplug: PCI Hot Plug PCI Core version: 0.5
[   31.136783] Calling initcall 0xffffffff8056af93: fb_console_init+0x0/0x6a()
[   31.150652] Calling initcall 0xffffffff8056b7c4: vesafb_init+0x0/0x235()
[   31.164237] vesafb: framebuffer at 0x80000000, mapped to 0xffffc20000080000, using 5120k, total 7872k
[   31.182585] vesafb: mode is 1280x1024x16, linelength=2560, pages=2
[   31.194877] vesafb: scrolling: redraw
[   31.202154] vesafb: Truecolor: size=0:5:6:5, shift=0:11:5:0
[   31.260457] Console: switching to colour frame buffer device 160x64
[   31.320013] fb0: VESA VGA frame buffer device
[   31.328916] Calling initcall 0xffffffff8056bbab: vga16fb_init+0x0/0xb1()
[   31.342853] vga16fb: initializing
[   31.349618] vga16fb: mapped to 0xffff8100000a0000
[   31.359368] fb1: VGA16 VGA frame buffer device
[   31.368445] Calling initcall 0xffffffff8056c82d: acpi_ac_init+0x0/0x60()
[   31.382190] Calling initcall 0xffffffff8056c88d: acpi_battery_init+0x0/0x60()
[   31.396816] Calling initcall 0xffffffff8056c8ed: acpi_button_init+0x0/0x60()
[   31.411273] ACPI: Power Button (FF) [PWRF]
[   31.419655] ACPI: Sleep Button (CM) [SLPB]
[   31.428026] Calling initcall 0xffffffff8056cf2e: acpi_fan_init+0x0/0x60()
[   31.441935] Calling initcall 0xffffffff8056cf8e: acpi_video_init+0x0/0x60()
[   31.456455] Calling initcall 0xffffffff8056cfee: hotkey_init+0x0/0x21d()
[   31.470178] Using specific hotkey driver
[   31.478180] Calling initcall 0xffffffff8056d2e8: irqrouter_init_sysfs+0x0/0x38()
[   31.493427] Calling initcall 0xffffffff8056d492: acpi_processor_init+0x0/0x80()
[   31.509012] ACPI Error (acpi_processor-0474): Getting cpuindex for acpiid 0x3 [20060310]
[   31.525593] ACPI Error (acpi_processor-0474): Getting cpuindex for acpiid 0x4 [20060310]
[   31.542165] Calling initcall 0xffffffff8056d512: acpi_container_init+0x0/0x40()
[   31.561015] Calling initcall 0xffffffff8056d552: acpi_thermal_init+0x0/0x60()
[   31.575651] Calling initcall 0xffffffff8056e02c: rand_initialize+0x0/0x2c()
[   31.589929] Calling initcall 0xffffffff8056e0b9: tty_init+0x0/0x1cd()
[   31.609984] Calling initcall 0xffffffff8056e286: pty_init+0x0/0x43d()
[   31.683014] Calling initcall 0xffffffff8056ec8d: lp_init_module+0x0/0x253()
[   31.697397] lp: driver loaded but no devices found
[   31.707184] Calling initcall 0xffffffff8056eee0: hpet_init+0x0/0x6b()
[   31.720507] Calling initcall 0xffffffff8056ef4b: rtc_generic_init+0x0/0x65()
[   31.734949] Generic RTC Driver v1.07
[   31.742347] Calling initcall 0xffffffff8056efb0: nvram_init+0x0/0x89()
[   31.755821] Non-volatile memory driver v1.2
[   31.764359] Calling initcall 0xffffffff8056f039: ppdev_init+0x0/0xcb()
[   31.777826] ppdev: user-space parallel port driver
[   31.787615] Calling initcall 0xffffffff8056f104: watchdog_init+0x0/0xb4()
[   31.801616] Software Watchdog Timer: 0.07 initialized. soft_noboot=0 soft_margin=60 sec (nowayout= 0)
[   31.820456] Calling initcall 0xffffffff8056f1b8: agp_init+0x0/0x26()
[   31.833472] Linux agpgart interface v0.101 (c) Dave Jones
[   31.844491] Calling initcall 0xffffffff8056f2e1: drm_core_init+0x0/0x140()
[   31.858588] [drm] Initialized drm 1.0.1 20051102
[   31.868011] Calling initcall 0xffffffff8056f4d5: hangcheck_init+0x0/0x7e()
[   31.891941] Hangcheck: starting hangcheck timer 0.9.0 (tick is 180 seconds, margin is 60 seconds).
[   31.920508] Hangcheck: Using monotonic_clock().
[   31.940326] Calling initcall 0xffffffff8056f553: cn_init+0x0/0xc4()
[   31.964092] Calling initcall 0xffffffff8056f617: cn_proc_init+0x0/0x3a()
[   31.988759] Calling initcall 0xffffffff8056fa77: serial8250_init+0x0/0x13a()
[   32.014276] Serial: 8250/16550 driver $Revision: 1.90 $ 4 ports, IRQ sharing disabled
[   32.041916] serial8250: ttyS0 at I/O 0x3f8 (irq = 4) is a 16550A
[   32.066625] Calling initcall 0xffffffff805700da: parport_default_proc_register+0x0/0x1d()
[   32.095493] Calling initcall 0xffffffff805703ed: parport_pc_init+0x0/0x189()
[   32.122329] parport: PnPBIOS parport detected.
[   32.144066] parport0: PC-style at 0x378 (0x778), irq 7 [PCSPP,TRISTATE]
[   32.246535] lp0: using parport0 (interrupt-driven).
[   32.269604] lp0: console ready
[   32.289304] Calling initcall 0xffffffff8057068b: firmware_class_init+0x0/0x70()
[   32.317882] Calling initcall 0xffffffff805706fb: topology_sysfs_init+0x0/0x4f()
[   32.346576] Calling initcall 0xffffffff805709e0: floppy_init+0x0/0x9cc()
[   32.374245] isa bounce pool size: 16 pages
[   32.396788] Floppy drive(s): fd0 is 1.44M
[   32.439721] FDC 0 is a post-1991 82077
[   32.462942] Calling initcall 0xffffffff805713ac: rd_init+0x0/0x1c7()
[   32.492645] RAMDISK driver initialized: 16 RAM disks of 4096K size 1024 blocksize
[   32.522977] Calling initcall 0xffffffff805715cc: loop_init+0x0/0x2c9()
[   32.552729] loop: loaded (max 8 devices)
[   32.576389] Calling initcall 0xffffffff80571895: pkt_init+0x0/0xe8()
[   32.605189] Calling initcall 0xffffffff8057197d: mm_init+0x0/0x1a0()
[   32.633698] v2.3 : Micro Memory(tm) PCI memory board block driver
[   32.661727] MM: desc_per_page = 128
[   32.684296] Calling initcall 0xffffffff80571b1d: e1000_init_module+0x0/0x45()
[   32.714528] Intel(R) PRO/1000 Network Driver - version 7.0.38-k4
[   32.742536] Copyright (c) 1999-2006 Intel Corporation.
[   32.768884] ACPI: PCI Interrupt 0000:01:00.0[A] -> GSI 16 (level, low) -> IRQ 193
[   32.800120] PCI: Setting latency timer of device 0000:01:00.0 to 64
[   32.909145] e1000: 0000:01:00.0: e1000_probe: (PCI Express:2.5Gb/s:Width x1) 00:13:20:e3:97:02
[   33.023464] e1000: eth0: e1000_probe: Intel(R) PRO/1000 Network Connection
[   33.053958] Calling initcall 0xffffffff80571bf5: net_olddevs_init+0x0/0xb7()
[   33.085102] Calling initcall 0xffffffff80571d81: dummy_init_module+0x0/0xb9()
[   33.116386] Calling initcall 0xffffffff80571e3a: tun_init+0x0/0x64()
[   33.145936] tun: Universal TUN/TAP device driver, 1.6
[   33.172747] tun: (C) 1999-2004 Max Krasnyansky <maxk@qualcomm.com>
[   33.201906] Calling initcall 0xffffffff802b4568: init_netconsole+0x0/0x5e()
[   33.232729] netconsole: device eth0 not up yet, forcing it
[   36.489028] Unable to handle kernel NULL pointer dereference at 0000000000000000 RIP: 
[   36.500245]  [<0000000000000000>] stext+0x7feff0e8/0xe8
[   36.549518] PGD 0 
[   36.570488] Oops: 0010 [1] SMP 
[   36.593713] last sysfs file: 
[   36.616496] CPU 0 
[   36.637392] Modules linked in:
[   36.660367] Pid: 0, comm: idle Not tainted 2.6.17-rc5-mm1 #1
[   36.688549] RIP: 0010:[<0000000000000000>]  [<0000000000000000>] stext+0x7feff0e8/0xe8
[   36.704388] RSP: 0000:ffffffff804f4f98  EFLAGS: 00010006
[   36.749115] RAX: 0000000000001d00 RBX: ffffffff8054fec8 RCX: 0000000000000000
[   36.780475] RDX: ffffffff8054fec8 RSI: ffffffff80544d00 RDI: 000000000000003a
[   36.811700] RBP: ffffffff804f4fb0 R08: ffffffff8054e000 R09: 000000000000002f
[   36.842745] R10: ffff810003002970 R11: ffffffff80512300 R12: 000000000000003a
[   36.873626] R13: 0000000000000000 R14: 0000000000000000 R15: 0000000000000000
[   36.904373] FS:  0000000000000000(0000) GS:ffffffff80542000(0000) knlGS:0000000000000000
[   36.937031] CS:  0010 DS: 0018 ES: 0018 CR0: 000000008005003b
[   36.964797] CR2: 0000000000000000 CR3: 0000000000101000 CR4: 00000000000006e0
[   36.995261] Process idle (pid: 0, threadinfo ffffffff8054e000, task ffffffff80441800)
[   37.027224] Stack: ffffffff8010b711 ffffffff80107d21 0000000000000000 ffffffff8054fef0 
[   37.043298]        ffffffff80109708  <EOI> 000020250cff65fa 10250c8b4865c900 1fd8e98148000000 
[   37.076996]        0003582444f70000 00fe6ebf12740000 
[   37.103370] Call Trace:
[   37.140640]  <IRQ> [<ffffffff8010b711>] do_IRQ+0x4f/0x5e
[   37.167285]  [<ffffffff80107d21>] mwait_idle+0x0/0x53
[   37.193322]  [<ffffffff80109708>] ret_from_intr+0x0/0xa
[   37.219723]  <EOI>
[   37.239638] 
[   37.239639] Code:  Bad RIP value.
[   37.280189] RIP  [<0000000000000000>] stext+0x7feff0e8/0xe8 RSP <ffffffff804f4f98>
[   37.310891] CR2: 0000000000000000
[   37.332934]  <0>Kernel panic - not syncing: Aiee, killing interrupt handler!
[   37.362625]  BUG: warning at kernel/panic.c:138/panic()
[   37.388627] 
[   37.388629] Call Trace:
[   37.426958]  <IRQ> [<ffffffff8012a29b>] panic+0x1f9/0x21e
[   37.453041]  [<ffffffff801f7dd8>] __up_read+0xaa/0xb2
[   37.478499]  [<ffffffff80137d51>] blocking_notifier_call_chain+0x47/0x51
[   37.507365]  [<ffffffff8012ca06>] do_exit+0x8e/0x8e1
[   37.532615]  [<ffffffff803b03ce>] do_page_fault+0x77a/0x806
[   37.559092]  [<ffffffff801244b4>] move_tasks+0xf1/0x2a8
[   37.584878]  [<ffffffff803ae0a3>] _spin_unlock+0x9/0xb
[   37.610360]  [<ffffffff80109edd>] error_exit+0x0/0x84
[   37.635490]  [<ffffffff8010b711>] do_IRQ+0x4f/0x5e
[   37.659887]  [<ffffffff80107d21>] mwait_idle+0x0/0x53
[   37.684661]  [<ffffffff80109708>] ret_from_intr+0x0/0xa
[   37.709657]  <EOI>
---
~Randy
[unhandled content-type:application/octet-stream]