Date: Sun, 16 Jul 2006 12:33:45 +0200
From: Laurent Riffard <>
Subject: Re: [patch] lockdep: annotate pktcdvd natural device hierarchy
Sender: linux-kernel-owner@vger.kernel.org
Precedence: bulk
List-ID: <linux-kernel.vger.kernel.org>
X-Mailing-List: linux-kernel@vger.kernel.org
X-Lkml-Link: https://lkml.org/lkml/2006/7/16/29

Le 15.07.2006 12:57, Peter Osterlund a écrit :
> Laurent Riffard <laurent.riffard@free.fr> writes:
> 
>> Le 15.07.2006 09:04, Arjan van de Ven a écrit :
>>
>> Thanks Arjan, this seems to solve the initial issue of this thread, 
>> which was "possible circular locking deadlock detected!" while 
>> doing "pktsetup dvd /dev/dvd".
>>
>> So here is the next step :-(. I'm now running 2.6.18-rc1-mm2 and I was able 
>> to successfully run:
>> - modprobe ptkcdvd
>> - pktsetup dvd /dev/dvd
>>
>> Then I inserted a UDF-formatted CD-RW in the CD/DVD burner and I typed 
>> this command :
>> - mount -oro -tauto /dev/pktcdvd/dvd /mnt/cdrom 
>> The following happened :
>>
>> pktcdvd: writer pktcdvd0 mapped to hdc
>>
>> =============================================
>> [ INFO: possible recursive locking detected ]
>> ---------------------------------------------
> 
> I got the same problem. This patch fixes it in my case. I'm not sure
> if using the *_partition() functions is the right thing to do, but the
> device mapper code is using those functions in similar situations.
> 
>  drivers/block/pktcdvd.c |   12 ++++++------
>  fs/block_dev.c          |    7 +++----
>  include/linux/fs.h      |    1 +
>  3 files changed, 10 insertions(+), 10 deletions(-)
> 
> diff --git a/drivers/block/pktcdvd.c b/drivers/block/pktcdvd.c
> index f87d1a8..ccded00 100644
> --- a/drivers/block/pktcdvd.c
> +++ b/drivers/block/pktcdvd.c
> @@ -1922,7 +1922,7 @@ static int pkt_open_dev(struct pktcdvd_d
>  	 * so bdget() can't fail.
>  	 */
>  	bdget(pd->bdev->bd_dev);
> -	if ((ret = blkdev_get(pd->bdev, FMODE_READ, O_RDONLY)))
> +	if ((ret = blkdev_get_partition(pd->bdev, FMODE_READ, O_RDONLY)))
>  		goto out;
> 
>  	if ((ret = bd_claim(pd->bdev, pd)))
> @@ -1971,7 +1971,7 @@ static int pkt_open_dev(struct pktcdvd_d
>  out_unclaim:
>  	bd_release(pd->bdev);
>  out_putdev:
> -	blkdev_put(pd->bdev);
> +	blkdev_put_partition(pd->bdev);
>  out:
>  	return ret;
>  }
> @@ -1989,7 +1989,7 @@ static void pkt_release_dev(struct pktcd
> 
>  	pkt_set_speed(pd, MAX_SPEED, MAX_SPEED);
>  	bd_release(pd->bdev);
> -	blkdev_put(pd->bdev);
> +	blkdev_put_partition(pd->bdev);
> 
>  	pkt_shrink_pktlist(pd);
>  }
> @@ -2339,7 +2339,7 @@ static int pkt_new_dev(struct pktcdvd_de
>  	bdev = bdget(dev);
>  	if (!bdev)
>  		return -ENOMEM;
> -	ret = blkdev_get(bdev, FMODE_READ, O_RDONLY | O_NONBLOCK);
> +	ret = blkdev_get_partition(bdev, FMODE_READ, O_RDONLY | O_NONBLOCK);
>  	if (ret)
>  		return ret;
> 
> @@ -2368,7 +2368,7 @@ static int pkt_new_dev(struct pktcdvd_de
>  	return 0;
> 
>  out_mem:
> -	blkdev_put(bdev);
> +	blkdev_put_partition(bdev);
>  	/* This is safe: open() is still holding a reference. */
>  	module_put(THIS_MODULE);
>  	return ret;
> @@ -2530,7 +2530,7 @@ static int pkt_remove_dev(struct pkt_ctr
>  	if (!IS_ERR(pd->cdrw.thread))
>  		kthread_stop(pd->cdrw.thread);
> 
> -	blkdev_put(pd->bdev);
> +	blkdev_put_partition(pd->bdev);
> 
>  	remove_proc_entry(pd->name, pkt_proc);
>  	DPRINTK("pktcdvd: writer %s unmapped\n", pd->name);
> diff --git a/fs/block_dev.c b/fs/block_dev.c
> index b721bb6..642e9b2 100644
> --- a/fs/block_dev.c
> +++ b/fs/block_dev.c
> @@ -822,9 +822,6 @@ struct block_device *open_by_devnum(dev_
> 
>  EXPORT_SYMBOL(open_by_devnum);
> 
> -static int
> -blkdev_get_partition(struct block_device *bdev, mode_t mode, unsigned flags);
> -
>  struct block_device *open_partition_by_devnum(dev_t dev, unsigned mode)
>  {
>  	struct block_device *bdev = bdget(dev);
> @@ -1031,7 +1028,7 @@ blkdev_get_whole(struct block_device *bd
>  	return do_open(bdev, &fake_file, BD_MUTEX_WHOLE);
>  }
> 
> -static int
> +int
>  blkdev_get_partition(struct block_device *bdev, mode_t mode, unsigned flags)
>  {
>  	/*
> @@ -1050,6 +1047,8 @@ blkdev_get_partition(struct block_device
>  	return do_open(bdev, &fake_file, BD_MUTEX_PARTITION);
>  }
> 
> +EXPORT_SYMBOL(blkdev_get_partition);
> +
>  static int blkdev_open(struct inode * inode, struct file * filp)
>  {
>  	struct block_device *bdev;
> diff --git a/include/linux/fs.h b/include/linux/fs.h
> index b9f1c18..10f8c56 100644
> --- a/include/linux/fs.h
> +++ b/include/linux/fs.h
> @@ -1455,6 +1455,7 @@ extern int ioctl_by_bdev(struct block_de
>  extern int blkdev_ioctl(struct block_device *, struct file *, unsigned, unsigned long);
>  extern long compat_blkdev_ioctl(struct file *, unsigned, unsigned long);
>  extern int blkdev_get(struct block_device *, mode_t, unsigned);
> +extern int blkdev_get_partition(struct block_device *, mode_t, unsigned);
>  extern int blkdev_put(struct block_device *);
>  extern int blkdev_put_partition(struct block_device *);
>  extern int bd_claim(struct block_device *, void *);
Thank you Peter, the above patch removed the "possible recursive 
locking detected" message. 
Now, I've got a new one (will this thread never end ?):
pktcdvd: writer pktcdvd0 mapped to hdc
INFO: trying to register non-static key.
the code is fine but needs lockdep annotation.
turning off the locking correctness validator.
 [<c0104db5>] show_trace+0xd/0x10
 [<c0104dd1>] dump_stack+0x19/0x1c
 [<c012c2e1>] __lock_acquire+0x10f/0x9a5
 [<c012cbd7>] lock_acquire+0x60/0x80
 [<c0292131>] _spin_lock_irq+0x1f/0x2e
 [<c028fe86>] wait_for_completion+0x29/0xe5
 [<e1136299>] pkt_generic_packet+0x1bb/0x1e8 [pktcdvd]
 [<e113671a>] pkt_get_disc_info+0x3d/0x77 [pktcdvd]
 [<e113836f>] pkt_open+0xc3/0xbf4 [pktcdvd]
 [<c0159c36>] do_open+0xa1/0x3bd
 [<c015a179>] blkdev_open+0x1f/0x48
 [<c0151c87>] __dentry_open+0xb8/0x186
 [<c0151dc3>] nameidata_to_filp+0x1c/0x2e
 [<c0151e03>] do_filp_open+0x2e/0x35
 [<c0152ce1>] do_sys_open+0x40/0xbb
 [<c0152d88>] sys_open+0x16/0x18
 [<c0102c2d>] sysenter_past_esp+0x56/0x8d
UDF-fs INFO UDF 0.9.8.1 (2004/29/09) Mounting volume 'flexbackup', timestamp 2006/03/17 15:29 (1078)
(full dmesg attached)
-- 
laurent
Linux version 2.6.18-rc1-mm2 (laurent@antares.localdomain) (gcc version 4.1.1 20060330 (prerelease)) #72 Sat Jul 15 15:10:19 CEST 2006
BIOS-provided physical RAM map:
sanitize start
sanitize end
copy_e820_map() start: 0000000000000000 size: 000000000009fc00 end: 000000000009fc00 type: 1
copy_e820_map() type is E820_RAM
add_memory_region(0000000000000000, 000000000009fc00, 1)
copy_e820_map() start: 000000000009fc00 size: 0000000000000400 end: 00000000000a0000 type: 2
add_memory_region(000000000009fc00, 0000000000000400, 2)
copy_e820_map() start: 00000000000f0000 size: 0000000000010000 end: 0000000000100000 type: 2
add_memory_region(00000000000f0000, 0000000000010000, 2)
copy_e820_map() start: 0000000000100000 size: 000000001feec000 end: 000000001ffec000 type: 1
copy_e820_map() type is E820_RAM
add_memory_region(0000000000100000, 000000001feec000, 1)
copy_e820_map() start: 000000001ffec000 size: 0000000000003000 end: 000000001ffef000 type: 3
add_memory_region(000000001ffec000, 0000000000003000, 3)
copy_e820_map() start: 000000001ffef000 size: 0000000000010000 end: 000000001ffff000 type: 2
add_memory_region(000000001ffef000, 0000000000010000, 2)
copy_e820_map() start: 000000001ffff000 size: 0000000000001000 end: 0000000020000000 type: 4
add_memory_region(000000001ffff000, 0000000000001000, 4)
copy_e820_map() start: 00000000ffff0000 size: 0000000000010000 end: 0000000100000000 type: 2
add_memory_region(00000000ffff0000, 0000000000010000, 2)
 BIOS-e820: 0000000000000000 - 000000000009fc00 (usable)
 BIOS-e820: 000000000009fc00 - 00000000000a0000 (reserved)
 BIOS-e820: 00000000000f0000 - 0000000000100000 (reserved)
 BIOS-e820: 0000000000100000 - 000000001ffec000 (usable)
 BIOS-e820: 000000001ffec000 - 000000001ffef000 (ACPI data)
 BIOS-e820: 000000001ffef000 - 000000001ffff000 (reserved)
 BIOS-e820: 000000001ffff000 - 0000000020000000 (ACPI NVS)
 BIOS-e820: 00000000ffff0000 - 0000000100000000 (reserved)
511MB LOWMEM available.
On node 0 totalpages: 131052
  DMA zone: 4096 pages, LIFO batch:0
  Normal zone: 126956 pages, LIFO batch:31
DMI 2.3 present.
ACPI: RSDP (v000 ASUS                                  ) @ 0x000f6a80
ACPI: RSDT (v001 ASUS   A7V133-C 0x30303031 MSFT 0x31313031) @ 0x1ffec000
ACPI: FADT (v001 ASUS   A7V133-C 0x30303031 MSFT 0x31313031) @ 0x1ffec080
ACPI: BOOT (v001 ASUS   A7V133-C 0x30303031 MSFT 0x31313031) @ 0x1ffec040
ACPI: DSDT (v001   ASUS A7V133-C 0x00001000 MSFT 0x0100000b) @ 0x00000000
ACPI: PM-Timer IO Port: 0xe408
Allocating PCI resources starting at 30000000 (gap: 20000000:dfff0000)
Detected 1410.215 MHz processor.
Built 1 zonelists.  Total pages: 131052
Kernel command line: root=/dev/vglinux1/lvroot video=vesafb:ywrap,mtrr splash=silent resume=/dev/hdb6 vga=791 init 1
Local APIC disabled by BIOS -- you can enable it with "lapic"
mapped APIC to ffffd000 (01407000)
Enabling fast FPU save and restore... done.
Enabling unmasked SIMD FPU exception support... done.
Initializing CPU#0
PID hash table entries: 2048 (order: 11, 8192 bytes)
Console: colour dummy device 80x25
Lock dependency validator: Copyright (c) 2006 Red Hat, Inc., Ingo Molnar
... MAX_LOCKDEP_SUBCLASSES:    8
... MAX_LOCK_DEPTH:          30
... MAX_LOCKDEP_KEYS:        2048
... CLASSHASH_SIZE:           1024
... MAX_LOCKDEP_ENTRIES:     8192
... MAX_LOCKDEP_CHAINS:      8192
... CHAINHASH_SIZE:          4096
 memory used by lock dependency info: 696 kB
 per task-struct memory footprint: 1200 bytes
------------------------
| Locking API testsuite:
----------------------------------------------------------------------------
                                 | spin |wlock |rlock |mutex | wsem | rsem |
  --------------------------------------------------------------------------
                     A-A deadlock:  ok  |  ok  |  ok  |  ok  |  ok  |  ok  |
                 A-B-B-A deadlock:  ok  |  ok  |  ok  |  ok  |  ok  |  ok  |
             A-B-B-C-C-A deadlock:  ok  |  ok  |  ok  |  ok  |  ok  |  ok  |
             A-B-C-A-B-C deadlock:  ok  |  ok  |  ok  |  ok  |  ok  |  ok  |
         A-B-B-C-C-D-D-A deadlock:  ok  |  ok  |  ok  |  ok  |  ok  |  ok  |
         A-B-C-D-B-D-D-A deadlock:  ok  |  ok  |  ok  |  ok  |  ok  |  ok  |
         A-B-C-D-B-C-D-A deadlock:  ok  |  ok  |  ok  |  ok  |  ok  |  ok  |
                    double unlock:  ok  |  ok  |  ok  |  ok  |  ok  |  ok  |
                  initialize held:  ok  |  ok  |  ok  |  ok  |  ok  |  ok  |
                 bad unlock order:  ok  |  ok  |  ok  |  ok  |  ok  |  ok  |
  --------------------------------------------------------------------------
              recursive read-lock:             |  ok  |             |  ok  |
           recursive read-lock #2:             |  ok  |             |  ok  |
            mixed read-write-lock:             |  ok  |             |  ok  |
            mixed write-read-lock:             |  ok  |             |  ok  |
  --------------------------------------------------------------------------
     hard-irqs-on + irq-safe-A/12:  ok  |  ok  |  ok  |
     soft-irqs-on + irq-safe-A/12:  ok  |  ok  |  ok  |
     hard-irqs-on + irq-safe-A/21:  ok  |  ok  |  ok  |
     soft-irqs-on + irq-safe-A/21:  ok  |  ok  |  ok  |
       sirq-safe-A => hirqs-on/12:  ok  |  ok  |  ok  |
       sirq-safe-A => hirqs-on/21:  ok  |  ok  |  ok  |
         hard-safe-A + irqs-on/12:  ok  |  ok  |  ok  |
         soft-safe-A + irqs-on/12:  ok  |  ok  |  ok  |
         hard-safe-A + irqs-on/21:  ok  |  ok  |  ok  |
         soft-safe-A + irqs-on/21:  ok  |  ok  |  ok  |
    hard-safe-A + unsafe-B #1/123:  ok  |  ok  |  ok  |
    soft-safe-A + unsafe-B #1/123:  ok  |  ok  |  ok  |
    hard-safe-A + unsafe-B #1/132:  ok  |  ok  |  ok  |
    soft-safe-A + unsafe-B #1/132:  ok  |  ok  |  ok  |
    hard-safe-A + unsafe-B #1/213:  ok  |  ok  |  ok  |
    soft-safe-A + unsafe-B #1/213:  ok  |  ok  |  ok  |
    hard-safe-A + unsafe-B #1/231:  ok  |  ok  |  ok  |
    soft-safe-A + unsafe-B #1/231:  ok  |  ok  |  ok  |
    hard-safe-A + unsafe-B #1/312:  ok  |  ok  |  ok  |
    soft-safe-A + unsafe-B #1/312:  ok  |  ok  |  ok  |
    hard-safe-A + unsafe-B #1/321:  ok  |  ok  |  ok  |
    soft-safe-A + unsafe-B #1/321:  ok  |  ok  |  ok  |
    hard-safe-A + unsafe-B #2/123:  ok  |  ok  |  ok  |
    soft-safe-A + unsafe-B #2/123:  ok  |  ok  |  ok  |
    hard-safe-A + unsafe-B #2/132:  ok  |  ok  |  ok  |
    soft-safe-A + unsafe-B #2/132:  ok  |  ok  |  ok  |
    hard-safe-A + unsafe-B #2/213:  ok  |  ok  |  ok  |
    soft-safe-A + unsafe-B #2/213:  ok  |  ok  |  ok  |
    hard-safe-A + unsafe-B #2/231:  ok  |  ok  |  ok  |
    soft-safe-A + unsafe-B #2/231:  ok  |  ok  |  ok  |
    hard-safe-A + unsafe-B #2/312:  ok  |  ok  |  ok  |
    soft-safe-A + unsafe-B #2/312:  ok  |  ok  |  ok  |
    hard-safe-A + unsafe-B #2/321:  ok  |  ok  |  ok  |
    soft-safe-A + unsafe-B #2/321:  ok  |  ok  |  ok  |
      hard-irq lock-inversion/123:  ok  |  ok  |  ok  |
      soft-irq lock-inversion/123:  ok  |  ok  |  ok  |
      hard-irq lock-inversion/132:  ok  |  ok  |  ok  |
      soft-irq lock-inversion/132:  ok  |  ok  |  ok  |
      hard-irq lock-inversion/213:  ok  |  ok  |  ok  |
      soft-irq lock-inversion/213:  ok  |  ok  |  ok  |
      hard-irq lock-inversion/231:  ok  |  ok  |  ok  |
      soft-irq lock-inversion/231:  ok  |  ok  |  ok  |
      hard-irq lock-inversion/312:  ok  |  ok  |  ok  |
      soft-irq lock-inversion/312:  ok  |  ok  |  ok  |
      hard-irq lock-inversion/321:  ok  |  ok  |  ok  |
      soft-irq lock-inversion/321:  ok  |  ok  |  ok  |
      hard-irq read-recursion/123:  ok  |
      soft-irq read-recursion/123:  ok  |
      hard-irq read-recursion/132:  ok  |
      soft-irq read-recursion/132:  ok  |
      hard-irq read-recursion/213:  ok  |
      soft-irq read-recursion/213:  ok  |
      hard-irq read-recursion/231:  ok  |
      soft-irq read-recursion/231:  ok  |
      hard-irq read-recursion/312:  ok  |
      soft-irq read-recursion/312:  ok  |
      hard-irq read-recursion/321:  ok  |
      soft-irq read-recursion/321:  ok  |
-------------------------------------------------------
Good, all 218 testcases passed! |
---------------------------------
Dentry cache hash table entries: 65536 (order: 6, 262144 bytes)
Inode-cache hash table entries: 32768 (order: 5, 131072 bytes)
Memory: 514492k/524208k available (1611k kernel code, 9176k reserved, 1176k data, 180k init, 0k highmem)
Checking if this processor honours the WP bit even in supervisor mode... Ok.
Calibrating delay using timer specific routine.. 2824.40 BogoMIPS (lpj=5648807)
Mount-cache hash table entries: 512
CPU: After generic identify, caps: 0383f9ff c1cbf9ff 00000000 00000000 00000000 00000000 00000000
CPU: After vendor identify, caps: 0383f9ff c1cbf9ff 00000000 00000000 00000000 00000000 00000000
CPU: L1 I Cache: 64K (64 bytes/line), D cache 64K (64 bytes/line)
CPU: L2 Cache: 256K (64 bytes/line)
CPU: After all inits, caps: 0383f9ff c1cbf9ff 00000000 00000420 00000000 00000000 00000000
Intel machine check architecture supported.
Intel machine check reporting enabled on CPU#0.
CPU: AMD Athlon(TM) XP 1600+ stepping 02
Checking 'hlt' instruction... OK.
ACPI: Core revision 20060707
 tbxface-0107 [01] load_tables           : ACPI Tables successfully acquired
Parsing all Control Methods:
Table [DSDT](id 0005) - 356 Objects with 38 Devices 115 Methods 24 Regions
ACPI Namespace successfully loaded at root c053c630
ACPI: setting ELCR to 0200 (from 0c20)
evxfevnt-0089 [02] enable                : Transition to ACPI mode successful
checking if image is initramfs... it is
Freeing initrd memory: 224k freed
NET: Registered protocol family 16
ACPI: bus type pci registered
PCI: PCI BIOS revision 2.10 entry at 0xf1180, last bus=1
Setting up standard PCI resources
evgpeblk-0951 [04] ev_create_gpe_block   : GPE 00 to 0F [_GPE] 2 regs on int 0x9
evgpeblk-1048 [03] ev_initialize_gpe_bloc: Found 4 Wake, Enabled 0 Runtime GPEs in this block
Completing Region/Field/Buffer/Package initialization:.......................................................
Initialized 23/24 Regions 2/2 Fields 19/19 Buffers 11/14 Packages (365 nodes)
Initializing Device/Processor/Thermal objects by executing _INI methods:
Executed 0 _INI methods requiring 0 _STA executions (examined 41 objects)
ACPI: Interpreter enabled
ACPI: Using PIC for interrupt routing
ACPI: PCI Interrupt Link [LNKA] (IRQs 3 4 5 6 7 9 10 *11 12 14 15)
ACPI: PCI Interrupt Link [LNKB] (IRQs 3 4 5 6 7 9 *10 11 12 14 15)
ACPI: PCI Interrupt Link [LNKC] (IRQs 3 4 5 6 7 9 10 11 12 14 15) *0, disabled.
ACPI: PCI Interrupt Link [LNKD] (IRQs 3 4 *5 6 7 9 10 11 12 14 15)
ACPI: PCI Root Bridge [PCI0] (0000:00)
PCI: Probing PCI hardware (bus 00)
ACPI: Assume root bridge [\_SB_.PCI0] bus is 0
PCI quirk: region e200-e27f claimed by vt82c686 HW-mon
PCI quirk: region e800-e80f claimed by vt82c686 SMB
Boot video device is 0000:01:00.0
ACPI: PCI Interrupt Routing Table [\_SB_.PCI0._PRT]
PCI: Using ACPI for IRQ routing
PCI: If a device doesn't work, try "pci=routeirq".  If it helps, post a report
PCI: Bridge: 0000:00:01.0
  IO window: disabled.
  MEM window: c6000000-c7efffff
  PREFETCH window: c7f00000-cfffffff
PCI: Setting latency timer of device 0000:00:01.0 to 64
NET: Registered protocol family 2
IP route cache hash table entries: 4096 (order: 2, 16384 bytes)
TCP established hash table entries: 16384 (order: 7, 655360 bytes)
TCP bind hash table entries: 8192 (order: 6, 360448 bytes)
TCP: Hash tables configured (established 16384 bind 8192)
TCP reno registered
Simple Boot Flag at 0x3a set to 0x1
Initializing Cryptographic API
io scheduler noop registered
io scheduler anticipatory registered
io scheduler deadline registered
io scheduler cfq registered (default)
Applying VIA southbridge workaround.
PCI: Disabling Via external APIC routing
vesafb: framebuffer at 0xc8000000, mapped to 0xe0880000, using 3072k, total 65536k
vesafb: mode is 1024x768x16, linelength=2048, pages=0
vesafb: protected mode interface info at c000:0eb9
vesafb: pmi: set display start = c00c0ef2, set palette = c00c0f68
vesafb: pmi: ports = 3b4 3b5 3ba 3c0 3c1 3c4 3c5 3c6 3c7 3c8 3c9 3cc 3ce 3cf 3d0 3d1 3d2 3d3 3d4 3d5 3da 
vesafb: scrolling: ywrap using protected mode interface, yres_virtual=1536
vesafb: Truecolor: size=0:5:6:5, shift=0:11:5:0
Console: switching to colour frame buffer device 128x48
fb0: VESA VGA frame buffer device
ACPI: Power Button (FF) [PWRF]
ACPI: Power Button (CM) [PWRB]
ACPI: CPU0 (power states: C1[C1] C2[C2])
ACPI: Processor [CPU0] (supports 16 throttling states)
RAMDISK driver initialized: 16 RAM disks of 4096K size 1024 blocksize
ne2k-pci.c:v1.03 9/22/2003 D. Becker/P. Gortmaker
  
http://www.scyld.com/network/ne2k-pci.html
ACPI: PCI Interrupt Link [LNKB] enabled at IRQ 10
PCI: setting IRQ 10 as level-triggered
ACPI: PCI Interrupt 0000:00:0b.0[A] -> Link [LNKB] -> GSI 10 (level, low) -> IRQ 10
eth0: RealTek RTL-8029 found at 0xa400, IRQ 10, 00:40:95:46:6E:2D.
netconsole: not configured, aborting
Uniform Multi-Platform E-IDE driver Revision: 7.00alpha2
ide: Assuming 33MHz system bus speed for PIO modes; override with idebus=xx
serio: i8042 AUX port at 0x60,0x64 irq 12
serio: i8042 KBD port at 0x60,0x64 irq 1
mice: PS/2 mouse device common for all mice
TCP bic registered
NET: Registered protocol family 1
Using IPI Shortcut mode
Time: tsc clocksource has been installed.
ACPI: (supports S0 S1 S3 S4 S5)
BIOS EDD facility v0.16 2004-Jun-25, 2 devices found
Freeing unused kernel memory: 180k freed
Write protecting the kernel read-only data: 702k
input: AT Translated Set 2 keyboard as /class/input/input0
VP_IDE: IDE controller at PCI slot 0000:00:04.1
VP_IDE: chipset revision 6
VP_IDE: not 100% native mode: will probe irqs later
VP_IDE: VIA vt82c686b (rev 40) IDE UDMA100 controller on pci0000:00:04.1
    ide0: BM-DMA at 0xd800-0xd807, BIOS settings: hda:DMA, hdb:DMA
    ide1: BM-DMA at 0xd808-0xd80f, BIOS settings: hdc:DMA, hdd:DMA
Probing IDE interface ide0...
Time: acpi_pm clocksource has been installed.
input: ImExPS/2 Generic Explorer Mouse as /class/input/input1
hda: ST340016A, ATA DISK drive
hdb: Maxtor 6Y080L0, ATA DISK drive
ide0 at 0x1f0-0x1f7,0x3f6 on irq 14
hda: max request size: 128KiB
hda: 78165360 sectors (40020 MB) w/2048KiB Cache, CHS=65535/16/63, UDMA(100)
hda: cache flushes not supported
 hda: hda1 hda2 hda3 < hda5 hda6 hda7 > hda4
hdb: max request size: 128KiB
hdb: 160086528 sectors (81964 MB) w/2048KiB Cache, CHS=65535/16/63, UDMA(100)
hdb: cache flushes supported
 hdb: hdb1 hdb2 < hdb5 hdb6 hdb7 hdb8 hdb9 >
Probing IDE interface ide1...
hdc: HL-DT-ST DVDRAM GSA-4165B, ATAPI CD/DVD-ROM drive
hdd: CD-950E/AKU, ATAPI CD/DVD-ROM drive
ide1 at 0x170-0x177,0x376 on irq 15
device-mapper: ioctl: 4.8.0-ioctl (2006-06-24) initialised: dm-devel@redhat.com
kjournald starting.  Commit interval 5 seconds
EXT3-fs: mounted filesystem with ordered data mode.
usbcore: registered new interface driver usbfs
usbcore: registered new interface driver hub
usbcore: registered new device driver usb
USB Universal Host Controller Interface driver v3.0
ACPI: PCI Interrupt Link [LNKD] enabled at IRQ 5
PCI: setting IRQ 5 as level-triggered
ACPI: PCI Interrupt 0000:00:04.2[D] -> Link [LNKD] -> GSI 5 (level, low) -> IRQ 5
uhci_hcd 0000:00:04.2: UHCI Host Controller
uhci_hcd 0000:00:04.2: new USB bus registered, assigned bus number 1
uhci_hcd 0000:00:04.2: irq 5, io base 0x0000d400
usb usb1: new device found, idVendor=0000, idProduct=0000
usb usb1: new device strings: Mfr=3, Product=2, SerialNumber=1
usb usb1: Product: UHCI Host Controller
usb usb1: Manufacturer: Linux 2.6.18-rc1-mm2 uhci_hcd
usb usb1: SerialNumber: 0000:00:04.2
usb usb1: configuration #1 chosen from 1 choice
hub 1-0:1.0: USB hub found
hub 1-0:1.0: 2 ports detected
warning: process `sleep' used the removed sysctl system call
ACPI: PCI Interrupt 0000:00:04.3[D] -> Link [LNKD] -> GSI 5 (level, low) -> IRQ 5
uhci_hcd 0000:00:04.3: UHCI Host Controller
uhci_hcd 0000:00:04.3: new USB bus registered, assigned bus number 2
uhci_hcd 0000:00:04.3: irq 5, io base 0x0000d000
usb usb2: new device found, idVendor=0000, idProduct=0000
usb usb2: new device strings: Mfr=3, Product=2, SerialNumber=1
usb usb2: Product: UHCI Host Controller
usb usb2: Manufacturer: Linux 2.6.18-rc1-mm2 uhci_hcd
usb usb2: SerialNumber: 0000:00:04.3
usb usb2: configuration #1 chosen from 1 choice
hub 2-0:1.0: USB hub found
hub 2-0:1.0: 2 ports detected
usb 1-2: new low speed USB device using uhci_hcd and address 2
ACPI: PCI Interrupt 0000:00:09.0[A] -> Link [LNKD] -> GSI 5 (level, low) -> IRQ 5
ohci1394: fw-host0: OHCI-1394 1.0 (PCI): IRQ=[5]  MMIO=[c5800000-c58007ff]  Max Packet=[2048]  IR/IT contexts=[8/8]
usb 1-2: new device found, idVendor=044f, idProduct=b303
usb 1-2: new device strings: Mfr=4, Product=30, SerialNumber=0
usb 1-2: Product: FireStorm Dual Analog 2
usb 1-2: Manufacturer: THRUSTMASTER
usb 1-2: configuration #1 chosen from 1 choice
ohci1394: fw-host0: Running dma failed because Node ID is not valid
input: THRUSTMASTER FireStorm Dual Analog 2 as /class/input/input2
input: USB HID v1.10 Gamepad [THRUSTMASTER FireStorm Dual Analog 2] on usb-0000:00:04.2-2
usbcore: registered new interface driver usbhid
drivers/usb/input/hid-core.c: v2.6:USB HID core driver
warning: process `date' used the removed sysctl system call
ohci1394: fw-host0: AT dma reset ctx=0, aborting transmission
ieee1394: Current remote IRM is not 1394a-2000 compliant, resetting...
Linux agpgart interface v0.101 (c) Dave Jones
agpgart: Detected VIA Twister-K/KT133x/KM133 chipset
agpgart: AGP aperture is 256M @ 0xd0000000
input: PC Speaker as /class/input/input3
ieee1394: Host added: ID:BUS[0-00:1023]  GUID[00308d0120e085ca]
Using specific hotkey driver
EXT3 FS on dm-4, internal journal
Adding 257000k swap on /dev/hdb6.  Priority:1 extents:1 across:257000k
Adding 64220k swap on /dev/hda5.  Priority:2 extents:1 across:64220k
Adding 795208k swap on /dev/hdb7.  Priority:2 extents:1 across:795208k
ReiserFS: dm-1: found reiserfs format "3.6" with standard journal
ReiserFS: dm-1: using ordered data mode
ReiserFS: dm-1: journal params: device dm-1, size 8192, journal first block 18, max trans len 1024, max batch 900, max commit age 30, max trans age 30
ReiserFS: dm-1: checking transaction log (dm-1)
ReiserFS: dm-1: Using r5 hash to sort names
Loading Reiser4. See www.namesys.com for a description of Reiser4.
ps_hash_table: 32 buckets
d_cursor_hash_table: 256 buckets
z_hash_table: 8192 buckets
z_hash_table: 8192 buckets
j_hash_table: 16384 buckets
loading reiser4 bitmap......done (33 jiffies)
ReiserFS: hda7: found reiserfs format "3.6" with standard journal
ReiserFS: hda7: using ordered data mode
ReiserFS: hda7: journal params: device hda7, size 8192, journal first block 18, max trans len 1024, max batch 900, max commit age 30, max trans age 30
ReiserFS: hda7: checking transaction log (hda7)
ReiserFS: hda7: Using r5 hash to sort names
ReiserFS: dm-0: found reiserfs format "3.6" with standard journal
ReiserFS: dm-0: using ordered data mode
ReiserFS: dm-0: journal params: device dm-0, size 8192, journal first block 18, max trans len 1024, max batch 900, max commit age 30, max trans age 30
ReiserFS: dm-0: checking transaction log (dm-0)
ReiserFS: dm-0: Using r5 hash to sort names
kjournald starting.  Commit interval 5 seconds
EXT3 FS on dm-2, internal journal
EXT3-fs: mounted filesystem with ordered data mode.
ReiserFS: dm-6: found reiserfs format "3.6" with standard journal
ReiserFS: dm-6: using ordered data mode
ReiserFS: dm-6: journal params: device dm-6, size 8192, journal first block 18, max trans len 1024, max batch 900, max commit age 30, max trans age 30
ReiserFS: dm-6: checking transaction log (dm-6)
ReiserFS: dm-6: Using r5 hash to sort names
loop: loaded (max 8 devices)
hdc: ATAPI 40X DVD-ROM DVD-R-RAM CD-R/RW drive, 2048kB Cache, UDMA(33)
Uniform CD-ROM driver Revision: 3.20
hdd: ATAPI 48X CD-ROM drive, 128kB Cache, DMA
hda: cache flushes not supported
warning: process `ls' used the removed sysctl system call
warning: process `prcsys' used the removed sysctl system call
warning: process `sleep' used the removed sysctl system call
pktcdvd: writer pktcdvd0 mapped to hdc
INFO: trying to register non-static key.
the code is fine but needs lockdep annotation.
turning off the locking correctness validator.
 [<c0104db5>] show_trace+0xd/0x10
 [<c0104dd1>] dump_stack+0x19/0x1c
 [<c012c2e1>] __lock_acquire+0x10f/0x9a5
 [<c012cbd7>] lock_acquire+0x60/0x80
 [<c0292131>] _spin_lock_irq+0x1f/0x2e
 [<c028fe86>] wait_for_completion+0x29/0xe5
 [<e1136299>] pkt_generic_packet+0x1bb/0x1e8 [pktcdvd]
 [<e113671a>] pkt_get_disc_info+0x3d/0x77 [pktcdvd]
 [<e113836f>] pkt_open+0xc3/0xbf4 [pktcdvd]
 [<c0159c36>] do_open+0xa1/0x3bd
 [<c015a179>] blkdev_open+0x1f/0x48
 [<c0151c87>] __dentry_open+0xb8/0x186
 [<c0151dc3>] nameidata_to_filp+0x1c/0x2e
 [<c0151e03>] do_filp_open+0x2e/0x35
 [<c0152ce1>] do_sys_open+0x40/0xbb
 [<c0152d88>] sys_open+0x16/0x18
 [<c0102c2d>] sysenter_past_esp+0x56/0x8d
UDF-fs INFO UDF 0.9.8.1 (2004/29/09) Mounting volume 'flexbackup', timestamp 2006/03/17 15:29 (1078)