Date: Fri, 3 Mar 2000 01:41:19 -0500 (EST)
From: ADAM Sulmicki <>
Subject: success 2.3.49
Sender: linux-kernel-owner@vger.kernel.org
Precedence: bulk
List-ID: <linux-kernel.vger.kernel.org>
X-Mailing-List: linux-kernel@vger.kernel.org
X-Lkml-Link: https://lkml.org/lkml/2000/3/3/15

Hello,
	I just did try out 2.3.49. It was first kernel in a long while
	which compiled for me out-of-box without need to make any 
	hacks to source.
	So far everything seems be perfect except few minor things. I
	though I would mention them.
	1)  I get lost messages like those in dmesg. I think pretty much
	for each packet I sent.
PROTO=6 192.168.1.2:22 192.168.1.1:25280 L=80 S=0x00 I=0 F=0x4000 T=64
ip_local_deliver: bad non-lo skb: 
skb: pf=2 (unowned) dev=eth0 len=40
PROTO=6 192.168.1.1:25280 192.168.1.2:22 L=40 S=0x00 I=38295 F=0x4000 T=64
ip_local_deliver: bad non-lo skb: 
skb: pf=2 (unowned) dev=eth0 len=80
PROTO=6 192.168.1.1:25280 192.168.1.2:22 L=80 S=0x00 I=38296 F=0x4000 T=64
ip_finish_output: bad owned skb = c6d8de40: 
skb: pf=2 (owned) dev=eth0 len=80
PROTO=6 192.168.1.2:22 192.168.1.1:25280 L=80 S=0x00 I=0 F=0x4000 T=64
	2) I get those "hm, .... page reserved twice"  juding from "hm" ,
	it is something what  author assumed would not show up, so I
	report them below (along with whole dmesg for shake of
	completeness)
Linux version 2.3.49 (root@pepsi) (gcc version egcs-2.91.66 19990314/Linux
(egcs -1.1.2 release)) #22 SMP Thu Mar 2 18:41:05 EST 2000
e820: 0009fc00 @ 00000000 (usable)
e820: 00000400 @ 0009fc00 (reserved)
e820: 00010000 @ 000f0000 (reserved)
e820: 00001000 @ fec00000 (reserved)
e820: 00001000 @ fee00000 (reserved)
e820: 00010000 @ ffff0000 (reserved)
e820: 07f00000 @ 00100000 (usable)
Scan SMP from c0000000 for 1024 bytes.
Scan SMP from c009fc00 for 1024 bytes.
Scan SMP from c00f0000 for 65536 bytes.
found SMP MP-table at 000f5b90
hm, page 000f5000 reserved twice.
hm, page 000f6000 reserved twice.
hm, page 000f1000 reserved twice.
hm, page 000f2000 reserved twice.
On node 0 totalpages: 32768
zone(0): 4096 pages.
zone(1): 28672 pages.
zone(2): 0 pages.
Intel MultiProcessor Specification v1.1
    Virtual Wire compatibility mode.
OEM ID: OEM00000 Product ID: PROD00000000 APIC at: 0xFEE00000
Processor #0 Pentium(tm) Pro APIC version 17
    Floating point unit present.
    Machine Exception supported.
    64 bit compare & exchange supported.
    Internal APIC present.
    Bootup CPU
Processor #1 Pentium(tm) Pro APIC version 17
    Floating point unit present.
    Machine Exception supported.
    64 bit compare & exchange supported.
    Internal APIC present.
Bus #0 is PCI   
Bus #1 is PCI   
Bus #2 is ISA   
I/O APIC #2 Version 17 at 0xFEC00000.
Processors: 2
mapped APIC to ffffe000 (fee00000)
mapped IOAPIC to ffffd000 (fec00000)
Initializing CPU#0
Detected 551263081 Hz processor.
ide_setup: hdc=ide-scsi
Console: colour VGA+ 80x25
Calibrating delay loop... 550.50 BogoMIPS
Memory: 125396k/131072k available (1842k kernel code, 5288k reserved, 150k
data,
 208k init, 0k highmem)
Buffer-cache hash table entries: 8192 (order: 3, 32768 bytes)
Page-cache hash table entries: 32768 (order: 5, 131072 bytes)
VFS: Diskquotas version dquot_6.4.0 initialized
Checking 386/387 coupling... OK, FPU using exception 16 error reporting.
Checking 'hlt' instruction... OK.
POSIX conformance testing by UNIFIX
mtrr: v1.36 (20000221) Richard Gooch (rgooch@atnf.csiro.au)
CPU0: Intel Celeron (Mendocino) stepping 05
per-CPU timeslice cutoff: 356.82 usecs.
Getting VERSION: 40011
Getting VERSION: 40011
Getting LVT0: 700
Getting LVT1: 400
enabled ExtINT on CPU#0
ESR value before enabling vector: 00000000
ESR value after enabling vector: 00000000
CPU present map: 3
Booting processor 1 eip 2000
Setting warm reset code and vector.
1.
2.
3.
Asserting INIT.
Deasserting INIT.
#startup loops: 2.
Sending STARTUP #1.
After apic_write.
Startup point 1.
Waiting for send to finish...
+Initializing CPU#1
CPU#1 (phys ID: 1) waiting for CALLOUT
Sending STARTUP #2.
After apic_write.
Startup point 1.
Waiting for send to finish...
+After Startup.
Before Callout 1.
After Callout 1.
CALLIN, before setup_local_APIC().
masked ExtINT on CPU#1
ESR value before enabling vector: 00000000
ESR value after enabling vector: 00000000
Calibrating delay loop... 550.50 BogoMIPS
Stack at about c1279fbc
OK.
CPU1: Intel Celeron (Mendocino) stepping 05
CPU has booted.
Before bogomips.
Total of 2 processors activated (1101.00 BogoMIPS).
Before bogocount - setting activated=1.
Boot done.
ENABLING IO-APIC IRQs
...changing IO-APIC physical APIC ID to 2 ... ok.
init IO_APIC IRQs
 IO-APIC (apicid-pin) 2-0, 2-9, 2-11, 2-17, 2-20, 2-21, 2-22, 2-23 not
connected
.
..TIMER: vector=81 pin1=2 pin2=0
activating NMI Watchdog ... done.
number of MP IRQ sources: 20.
number of IO-APIC #2 registers: 24.
testing the IO APIC.......................
IO APIC #2......
.... register #00: 02000000
:
.......    : physical APIC id: 02
.... register #01: 00170011
.......     : max redirection entries: 0017
.......     : IO APIC version: 0011
.... register #02: 00000000
.......     : arbitration: 00
.... IRQ redirection table:
 NR Log Phy Mask Trig IRR Pol Stat Dest Deli Vect:   
 00 000 00  1    0    0   0   0    0    0    00
 01 0FF 0F  0    0    0   0   0    1    1    59
 02 0FF 0F  0    0    0   0   0    1    1    51
 03 0FF 0F  0    0    0   0   0    1    1    61
 04 0FF 0F  0    0    0   0   0    1    1    69
 05 0FF 0F  0    0    0   0   0    1    1    71
 06 0FF 0F  0    0    0   0   0    1    1    79
 07 0FF 0F  0    0    0   0   0    1    1    81
 08 0FF 0F  0    0    0   0   0    1    1    89
 09 000 00  1    0    0   0   0    0    0    00
 0a 0FF 0F  0    0    0   0   0    1    1    91
 0b 000 00  1    0    0   0   0    0    0    00
 0c 0FF 0F  0    0    0   0   0    1    1    99
 0d 000 00  1    0    0   0   0    0    0    00
 0e 0FF 0F  0    0    0   0   0    1    1    A1
 0f 0FF 0F  0    0    0   0   0    1    1    A9
 10 0FF 0F  1    1    0   1   0    1    1    B1
 11 000 00  1    0    0   0   0    0    0    00
 12 0FF 0F  1    1    0   1   0    1    1    B9
 13 0FF 0F  1    1    0   1   0    1    1    C1
 14 000 00  1    0    0   0   0    0    0    00
 15 000 00  1    0    0   0   0    0    0    00
 16 000 00  1    0    0   0   0    0    0    00
 17 000 00  1    0    0   0   0    0    0    00
IRQ to pin mappings:
IRQ0 -> 2
IRQ1 -> 1
IRQ3 -> 3
IRQ4 -> 4
IRQ5 -> 5
IRQ6 -> 6
IRQ7 -> 7
IRQ8 -> 8
IRQ10 -> 10
IRQ12 -> 12
IRQ13 -> 13
IRQ14 -> 14
IRQ15 -> 15
IRQ16 -> 16
IRQ18 -> 18
IRQ19 -> 19
.................................... done.
calibrating APIC timer ... 
..... CPU clock speed is 551.1888 MHz.
..... host bus clock speed is 100.2160 MHz.
cpu: 0, clocks: 1002160, slice: 334053
CPU0<C0:1002160,C:668096,D:11,S:334053,C:1002160>
cpu: 1, clocks: 1002160, slice: 334053
CPU1<C0:1002160,C:334048,D:6,S:334053,C:1002160>
checking TSC synchronization across CPUs: passed.
Setting commenced=1, go go go
mtrr: your CPUs had inconsistent fixed MTRR settings
mtrr: probably your BIOS does not setup all CPUs
PCI: PCI BIOS revision 2.10 entry at 0xfb440
PCI: Using configuration type 1
PCI: Probing PCI hardware
PCI: Interrupt Routing Table found at 0xc00fdef0 [router type 8086/7000]
PCI->APIC IRQ transform: (B0,I7,P3) -> 19
PCI->APIC IRQ transform: (B0,I11,P0) -> 18
PCI->APIC IRQ transform: (B0,I19,P0) -> 18
PCI->APIC IRQ transform: (B0,I19,P1) -> 18
PCI->APIC IRQ transform: (B1,I0,P0) -> 16
Limiting direct PCI/PCI transfers.
isapnp: Scanning for Pnp cards...
isapnp: No Plug & Play device found
Linux NET4.0 for Linux 2.3
Based upon Swansea University Computer Society NET3.039
NET4: Unix domain sockets 1.0/SMP for Linux NET4.0.
NET4: Linux TCP/IP 1.0 for NET4.0
IP Protocols: ICMP, UDP, TCP, IGMP
IP: routing cache hash table of 512 buckets, 8Kbytes
TCP: Hash tables configured (established 4096 bind 5461)
Linux IP multicast router 0.06 plus PIM-SM
Initializing RT netlink socket
ACPI: found PIIX4 at 0x4000
Starting kswapd v1.6
Serial driver version 4.92 (2000-1-27) with MANY_PORTS SHARE_IRQ
SERIAL_PCI ISAP
NP enabled
ttyS00 at 0x03f8 (irq = 4) is a 16550A
ttyS01 at 0x02f8 (irq = 3) is a 16550A
pty: 256 Unix98 ptys configured
Software Watchdog Timer: 0.05, timer margin: 60 sec
RAMDISK driver initialized: 16 RAM disks of 4096K size 1024 blocksize
Uniform Multi-Platform E-IDE driver Revision: 6.30
PIIX4: IDE controller on PCI bus 00 dev 39
PIIX4: not 100% native mode: will probe irqs later
    ide0: BM-DMA at 0xf000-0xf007, BIOS settings: hda:DMA, hdb:pio
    ide1: BM-DMA at 0xf008-0xf00f, BIOS settings: hdc:DMA, hdd:DMA
HPT366: onboard version of chipset, pin1=1 pin2=2
HPT366: IDE controller on PCI bus 00 dev 98
HPT366: not 100% native mode: will probe irqs later
    ide2: BM-DMA at 0xdc00-0xdc07, BIOS settings: hde:DMA, hdf:pio
HPT366: IDE controller on PCI bus 00 dev 99
HPT366: not 100% native mode: will probe irqs later
    ide3: BM-DMA at 0xe800-0xe807, BIOS settings: hdg:pio, hdh:pio
hda: IBM-DHEA-38451, ATA DISK drive
hdc: QPS CD-R PX-W8432T, ATAPI CDROM drive
hdd: CD-532E, ATAPI CDROM drive
hde: WDC WD272AA, ATA DISK drive
ide0 at 0x1f0-0x1f7,0x3f6 on irq 14
ide1 at 0x170-0x177,0x376 on irq 15
ide2 at 0xd400-0xd407,0xd802 on irq 18
hda: IBM-DHEA-38451, 8063MB w/472kB Cache, CHS=1027/255/63, UDMA(33)
hde: WDC WD272AA, 25941MB w/2048kB Cache, CHS=52707/16/63, UDMA(66)
Partition check:
 hda: hda1
 hde: hde1 hde2 hde3
Floppy drive(s): fd0 is 1.44M
FDC 0 is a post-1991 82077
md driver 0.90.0 MAX_MD_DEVS=256, MAX_REAL=12
md.c: sizeof(mdp_super_t) = 4096
scsi : 0 hosts.
scsi : detected total.
Real Time Clock Driver v1.10b
Non-volatile memory driver v1.0
3c59x.c:v0.99H+lk1.0 Feb 9, 2000 The Linux Kernel Team
http://cesdis.gsfc.nasa.g
ov/linux/drivers/vortex.html
Linux agpgart interface v0.99 (c) Jeff Hartmann
agpgart: Maximum main memory to use for agp memory: 96M
agpgart: Detected Intel 440BX chipset
agpgart: AGP aperture is 128M @ 0xe0000000
VFS: Mounted root (ext2 filesystem) readonly.
Freeing unused kernel memory: 208k freed
Adding Swap: 131536k swap-space (priority -1)
-
To unsubscribe from this list: send the line "unsubscribe linux-kernel" in
the body of a message to majordomo@vger.rutgers.edu
Please read the FAQ at 
http://www.tux.org/lkml/