Date: Fri, 6 Jan 2006 15:20:14 +0200 (EET)
From: 	caszonyi@rdslink ...
Subject: Re: [2.6 patch] schedule obsolete OSS drivers for removal
Sender: linux-kernel-owner@vger.kernel.org
Precedence: bulk
List-ID: <linux-kernel.vger.kernel.org>
X-Mailing-List: linux-kernel@vger.kernel.org
X-Lkml-Link: https://lkml.org/lkml/2006/1/6/130

On Thu, 5 Jan 2006, Lee Revell wrote:
> On Fri, 2006-01-06 at 01:19 +0200, Hannu Savolainen wrote:
>> On Thu, 5 Jan 2006, Lee Revell wrote:
>>
>>> On Thu, 2006-01-05 at 13:44 +0100, Marcin Dalecki wrote:
>>>> Second - you still didn't explain why this allows you to conclude
>>>> that sound mixing should in no way be done inside the kernel.
>>>
>>> It works perfectly right now in userspace.  Therefore it should not be
>>> in the kernel.
>> So all the complaints about dmix problems in the ALSA mailing lists are
>> just exceptions that prove the above statement to be true.
>
> No, it just means ALSA like the kernel is a work in progress.  Anyway
> almost all the known issues have been fixed.  It works perfectly for the
> vast majority of users.
>
Ok. It seems i'm a minority.
I switched xmms to alsa
If i play a stream in xmms using alsa output and try to play in the same 
time a movie in mplayer the last message printed by mplayer is
alsa-init: 1 soundcard found, using: default
and then it hangs until i press stop button in xmms. When i press the stop 
button in xmms the movie begins to play. If i press now the play button in 
xmms it says:
** WARNING **: alsa_setup(): Failed to open pcm device (default): Device 
or resource busy
So it seems that dmix is not working by default in kernel 2.6.15
Alsa userspace tools are version 1.0.8.
config and dmesg attached
> Are all the Oopses posted to LKML evidence that the kernel is
> fundamentally broken?
>
> Lee
>
--
"frate, trezeste-te, aici nu-i razboiul stelelor"
 				Radu R. pe offtopic at lug.ro
Linux version 2.6.15 (root@grinch) (gcc version 3.3.4) #1 PREEMPT Tue Jan 3 23:29:37 EET 2006
BIOS-provided physical RAM map:
 BIOS-e820: 0000000000000000 - 000000000009fc00 (usable)
 BIOS-e820: 000000000009fc00 - 00000000000a0000 (reserved)
 BIOS-e820: 00000000000f0000 - 0000000000100000 (reserved)
 BIOS-e820: 0000000000100000 - 000000000fff0000 (usable)
 BIOS-e820: 000000000fff0000 - 000000000fff3000 (ACPI NVS)
 BIOS-e820: 000000000fff3000 - 0000000010000000 (ACPI data)
 BIOS-e820: 00000000ffff0000 - 0000000100000000 (reserved)
255MB LOWMEM available.
On node 0 totalpages: 65520
  DMA zone: 4096 pages, LIFO batch:0
  DMA32 zone: 0 pages, LIFO batch:0
  Normal zone: 61424 pages, LIFO batch:15
  HighMem zone: 0 pages, LIFO batch:0
DMI not present.
ACPI: RSDP (v000 VIA694                                ) @ 0x000f7060
ACPI: RSDT (v001 VIA694 AWRDACPI 0x42302e31 AWRD 0x00000000) @ 0x0fff3000
ACPI: FADT (v001 VIA694 AWRDACPI 0x42302e31 AWRD 0x00000000) @ 0x0fff3040
ACPI: DSDT (v001 VIA694 AWRDACPI 0x00001000 MSFT 0x0100000c) @ 0x00000000
ACPI: PM-Timer IO Port: 0x4008
Allocating PCI resources starting at 20000000 (gap: 10000000:efff0000)
Built 1 zonelists
Kernel command line: auto BOOT_IMAGE=k2615 ro root=302
Initializing CPU#0
PID hash table entries: 1024 (order: 10, 16384 bytes)
Detected 700.394 MHz processor.
Using pmtmr for high-res timesource
Console: colour VGA+ 132x25
Dentry cache hash table entries: 65536 (order: 6, 262144 bytes)
Inode-cache hash table entries: 32768 (order: 5, 131072 bytes)
Memory: 254128k/262080k available (2857k kernel code, 7400k reserved, 1562k data, 168k init, 0k highmem)
Checking if this processor honours the WP bit even in supervisor mode... Ok.
Calibrating delay using timer specific routine.. 1401.22 BogoMIPS (lpj=700612)
Mount-cache hash table entries: 512
CPU: After generic identify, caps: 0183f9ff c1c7f9ff 00000000 00000000 00000000 00000000 00000000
CPU: After vendor identify, caps: 0183f9ff c1c7f9ff 00000000 00000000 00000000 00000000 00000000
CPU: L1 I Cache: 64K (64 bytes/line), D cache 64K (64 bytes/line)
CPU: L2 Cache: 64K (64 bytes/line)
CPU: After all inits, caps: 0183f9ff c1c7f9ff 00000000 00000020 00000000 00000000 00000000
mtrr: v2.0 (20020519)
CPU: AMD Duron(tm) Processor stepping 01
Enabling fast FPU save and restore... done.
Checking 'hlt' instruction... OK.
ACPI: setting ELCR to 0200 (from 0e00)
NET: Registered protocol family 16
ACPI: bus type pci registered
PCI: Using configuration type 1
ACPI: Subsystem revision 20050902
ACPI: Interpreter enabled
ACPI: Using PIC for interrupt routing
ACPI: PCI Root Bridge [PCI0] (0000:00)
PCI: Probing PCI hardware (bus 00)
ACPI: Assume root bridge [\_SB_.PCI0] bus is 0
Disabling VIA memory write queue (PCI ID 0305, rev 02): [55] 81 & 1f -> 01
PCI quirk: region 4000-40ff claimed by vt82c586 ACPI
PCI quirk: region 6000-607f claimed by vt82c686 HW-mon
PCI quirk: region 5000-500f claimed by vt82c686 SMB
Boot video device is 0000:01:00.0
ACPI: PCI Interrupt Routing Table [\_SB_.PCI0._PRT]
ACPI: PCI Interrupt Link [LNKA] (IRQs 1 3 4 5 6 7 10 *11 12 14 15)
ACPI: PCI Interrupt Link [LNKB] (IRQs 1 3 4 5 6 7 10 11 12 14 15) *0, disabled.
ACPI: PCI Interrupt Link [LNKC] (IRQs 1 3 4 5 6 7 *10 11 12 14 15)
ACPI: PCI Interrupt Link [LNKD] (IRQs 1 3 4 5 6 7 10 11 12 14 15) *0, disabled.
Linux Plug and Play Support v0.97 (c) Adam Belay
pnp: PnP ACPI init
pnp: PnP ACPI: found 12 devices
PnPBIOS: Disabled by ACPI PNP
PCI: Using ACPI for IRQ routing
PCI: If a device doesn't work, try "pci=routeirq".  If it helps, post a report
PCI: Bridge: 0000:00:01.0
  IO window: d000-dfff
  MEM window: dc000000-ddffffff
  PREFETCH window: d0000000-d7ffffff
PCI: Setting latency timer of device 0000:00:01.0 to 64
Installing knfsd (copyright (C) 1996 okir@monad.swb.de).
NTFS driver 2.1.25 [Flags: R/O].
JFS: nTxBlock = 1986, nTxLock = 15893
io scheduler noop registered
io scheduler anticipatory registered
io scheduler deadline registered
io scheduler cfq registered
ACPI: Power Button (FF) [PWRF]
ACPI: Power Button (CM) [PWRB]
ACPI: CPU0 (power states: C1[C1] C2[C2])
ACPI: Processor [CPU0] (supports 2 throttling states)
isapnp: Scanning for PnP cards...
isapnp: Card 'Crystal Codec'
isapnp: 1 Plug & Play card detected total
lp: driver loaded but no devices found
Real Time Clock Driver v1.12
Linux agpgart interface v0.101 (c) Dave Jones
agpgart: Detected VIA Twister-K/KT133x/KM133 chipset
agpgart: AGP aperture is 64M @ 0xd8000000
[drm] Initialized drm 1.0.0 20040925
ACPI: PCI Interrupt Link [LNKA] enabled at IRQ 11
PCI: setting IRQ 11 as level-triggered
ACPI: PCI Interrupt 0000:01:00.0[A] -> Link [LNKA] -> GSI 11 (level, low) -> IRQ 11
[drm] Initialized radeon 1.19.0 20050911 on minor 0: 
PNP: PS/2 Controller [PNP0303:PS2K,PNP0f13:PS2M] at 0x60,0x64 irq 1,12
serio: i8042 AUX port at 0x60,0x64 irq 12
serio: i8042 KBD port at 0x60,0x64 irq 1
Serial: 8250/16550 driver $Revision: 1.90 $ 4 ports, IRQ sharing disabled
serial8250: ttyS0 at I/O 0x3f8 (irq = 4) is a 16550A
serial8250: ttyS1 at I/O 0x2f8 (irq = 3) is a 16550A
00:07: ttyS0 at I/O 0x3f8 (irq = 4) is a 16550A
00:08: ttyS1 at I/O 0x2f8 (irq = 3) is a 16550A
parport_pc: VIA 686A/8231 detected
parport_pc: probing current configuration
parport_pc: Current parallel port base: 0x3BC
parport0: PC-style at 0x3bc (0x7bc), irq 7, using FIFO [PCSPP,TRISTATE,COMPAT,ECP]
lp0: using parport0 (interrupt-driven).
parport_pc: VIA parallel port: io=0x3BC, irq=7
Floppy drive(s): fd0 is 1.44M
FDC 0 is a post-1991 82077
loop: loaded (max 8 devices)
PPP generic driver version 2.4.2
NET: Registered protocol family 24
8139too Fast Ethernet driver 0.9.27
ACPI: PCI Interrupt 0000:00:0c.0[A] -> Link [LNKA] -> GSI 11 (level, low) -> IRQ 11
eth0: RealTek RTL8139 at 0xd0802000, 00:40:f4:72:99:b3, IRQ 11
eth0:  Identified 8139 chip type 'RTL-8100B/8139D'
Linux video capture interface: v1.00
bttv: driver version 0.9.16 loaded
bttv: using 8 buffers with 2080k (520 pages) each for capture
bttv: Bt8xx card found (0).
ACPI: PCI Interrupt Link [LNKC] enabled at IRQ 10
PCI: setting IRQ 10 as level-triggered
ACPI: PCI Interrupt 0000:00:0a.0[A] -> Link [LNKC] -> GSI 10 (level, low) -> IRQ 10
bttv0: Bt878 (rev 2) at 0000:00:0a.0, irq: 10, latency: 32, mmio: 0xde000000
bttv0: detected: AVermedia TVCapture 98 [card=13], PCI subsystem ID is 1461:0002
bttv0: using: AVerMedia TVCapture 98 [card=13,autodetected]
bttv0: gpio: en=00000000, out=00000000 in=000477c3 [init]
bttv0: Hauppauge/Voodoo msp34xx: reset line init [11]
bttv0: Avermedia eeprom[0x4011]: tuner=5 radio:no remote control:yes
bttv0: using tuner=5
bttv0: registered device video0
bttv0: registered device vbi0
bttv0: PLL: 28636363 => 35468950 .. ok
bttv0: add subdevice "remote0"
input: bttv IR (card=13) as /class/input/input0
tuner 0-0061: chip found @ 0xc2 (bt878 #0 [sw])
tuner 0-0061: type set to 5 (Philips PAL_BG (FI1216 and compatibles))
Uniform Multi-Platform E-IDE driver Revision: 7.00alpha2
ide: Assuming 33MHz system bus speed for PIO modes; override with idebus=xx
VP_IDE: IDE controller at PCI slot 0000:00:07.1
PCI: Via IRQ fixup for 0000:00:07.1, from 255 to 0
VP_IDE: chipset revision 16
VP_IDE: not 100% native mode: will probe irqs later
VP_IDE: VIA vt82c686a (rev 22) IDE UDMA66 controller on pci0000:00:07.1
    ide0: BM-DMA at 0xe000-0xe007, BIOS settings: hda:DMA, hdb:pio
    ide1: BM-DMA at 0xe008-0xe00f, BIOS settings: hdc:DMA, hdd:pio
Probing IDE interface ide0...
hda: WDC WD2000JB-00GVC0, ATA DISK drive
ide0 at 0x1f0-0x1f7,0x3f6 on irq 14
Probing IDE interface ide1...
hdc: _NEC DVD_RW ND-3550A, ATAPI CD/DVD-ROM drive
ide1 at 0x170-0x177,0x376 on irq 15
hda: max request size: 1024KiB
hda: 390721968 sectors (200049 MB) w/8192KiB Cache, CHS=24321/255/63, UDMA(66)
hda: cache flushes supported
 hda: hda1 hda2 hda3 hda4 < hda5 hda6 hda7 hda8 hda9 >
hdc: ATAPI 48X DVD-ROM DVD-R CD-R/RW drive, 2048kB Cache, UDMA(33)
Uniform CD-ROM driver Revision: 3.20
mice: PS/2 mouse device common for all mice
input: PC Speaker as /class/input/input1
i2c /dev entries driver
input: AT Translated Set 2 keyboard as /class/input/input2
Advanced Linux Sound Architecture Driver Version 1.0.10rc3 (Mon Nov 07 13:30:21 2005 UTC).
pnp: Device 01:01.00 activated.
pnp: Device 01:01.02 activated.
pnp: Device 01:01.03 activated.
ALSA device list:
  #0: CS4239 at 0x534, irq 5, dma 1&0
Netfilter messages via NETLINK v0.30.
NET: Registered protocol family 2
IP route cache hash table entries: 4096 (order: 2, 16384 bytes)
TCP established hash table entries: 16384 (order: 4, 65536 bytes)
TCP bind hash table entries: 16384 (order: 4, 65536 bytes)
TCP: Hash tables configured (established 16384 bind 16384)
TCP reno registered
GRE over IPv4 tunneling driver
ip_conntrack version 2.4 (2047 buckets, 16376 max) - 232 bytes per conntrack
ip_conntrack_pptp version 3.1 loaded
ip_nat_pptp version 3.0 loaded
ip_tables: (C) 2000-2002 Netfilter core team
ipt_recent v0.3.1: Stephen Frost <sfrost@snowman.net>.  
http://snowman.net/projects/ipt_recent/
ClusterIP Version 0.8 loaded successfully
arp_tables: (C) 2002 David S. Miller
TCP bic registered
NET: Registered protocol family 1
NET: Registered protocol family 17
Using IPI Shortcut mode
VFS: Mounted root (ext2 filesystem) readonly.
Freeing unused kernel memory: 168k freed
input: PS/2 Generic Mouse as /class/input/input3
Adding 2104504k swap on /dev/hda3.  Priority:-1 extents:1 across:2104504k
NTFS volume version 3.0.
eth0: link up, 100Mbps, full-duplex, lpa 0x41E1
mtrr: 0xd0000000,0x8000000 overlaps existing 0xd0000000,0x2000000
mtrr: 0xd0000000,0x8000000 overlaps existing 0xd0000000,0x2000000
mtrr: 0xd0000000,0x8000000 overlaps existing 0xd0000000,0x2000000
agpgart: Found an AGP 2.0 compliant device at 0000:00:00.0.
agpgart: Putting AGP V2 device at 0000:00:00.0 into 4x mode
agpgart: Putting AGP V2 device at 0000:01:00.0 into 4x mode
CONFIG_X86_32=y
CONFIG_SEMAPHORE_SLEEPERS=y
CONFIG_X86=y
CONFIG_MMU=y
CONFIG_UID16=y
CONFIG_GENERIC_ISA_DMA=y
CONFIG_GENERIC_IOMAP=y
CONFIG_ARCH_MAY_HAVE_PC_FDC=y
CONFIG_EXPERIMENTAL=y
CONFIG_CLEAN_COMPILE=y
CONFIG_BROKEN_ON_SMP=y
CONFIG_LOCK_KERNEL=y
CONFIG_INIT_ENV_ARG_LIMIT=32
CONFIG_LOCALVERSION=""
CONFIG_SWAP=y
CONFIG_SYSVIPC=y
CONFIG_POSIX_MQUEUE=y
CONFIG_SYSCTL=y
CONFIG_HOTPLUG=y
CONFIG_KOBJECT_UEVENT=y
CONFIG_INITRAMFS_SOURCE=""
CONFIG_KALLSYMS=y
CONFIG_PRINTK=y
CONFIG_BUG=y
CONFIG_BASE_FULL=y
CONFIG_FUTEX=y
CONFIG_EPOLL=y
CONFIG_SHMEM=y
CONFIG_CC_ALIGN_FUNCTIONS=0
CONFIG_CC_ALIGN_LABELS=0
CONFIG_CC_ALIGN_LOOPS=0
CONFIG_CC_ALIGN_JUMPS=0
CONFIG_BASE_SMALL=0
CONFIG_MODULES=y
CONFIG_MODULE_UNLOAD=y
CONFIG_OBSOLETE_MODPARM=y
CONFIG_KMOD=y
CONFIG_IOSCHED_NOOP=y
CONFIG_IOSCHED_AS=y
CONFIG_IOSCHED_DEADLINE=y
CONFIG_IOSCHED_CFQ=y
CONFIG_DEFAULT_AS=y
CONFIG_DEFAULT_IOSCHED="anticipatory"
CONFIG_X86_PC=y
CONFIG_MK7=y
CONFIG_X86_CMPXCHG=y
CONFIG_X86_XADD=y
CONFIG_X86_L1_CACHE_SHIFT=6
CONFIG_RWSEM_XCHGADD_ALGORITHM=y
CONFIG_GENERIC_CALIBRATE_DELAY=y
CONFIG_X86_WP_WORKS_OK=y
CONFIG_X86_INVLPG=y
CONFIG_X86_BSWAP=y
CONFIG_X86_POPAD_OK=y
CONFIG_X86_CMPXCHG64=y
CONFIG_X86_GOOD_APIC=y
CONFIG_X86_INTEL_USERCOPY=y
CONFIG_X86_USE_PPRO_CHECKSUM=y
CONFIG_X86_USE_3DNOW=y
CONFIG_X86_TSC=y
CONFIG_PREEMPT=y
CONFIG_X86_MSR=y
CONFIG_X86_CPUID=y
CONFIG_NOHIGHMEM=y
CONFIG_SELECT_MEMORY_MODEL=y
CONFIG_FLATMEM_MANUAL=y
CONFIG_FLATMEM=y
CONFIG_FLAT_NODE_MEM_MAP=y
CONFIG_SPLIT_PTLOCK_CPUS=4
CONFIG_MTRR=y
CONFIG_REGPARM=y
CONFIG_HZ_1000=y
CONFIG_HZ=1000
CONFIG_PHYSICAL_START=0x100000
CONFIG_PM=y
CONFIG_PM_LEGACY=y
CONFIG_ACPI=y
CONFIG_ACPI_BUTTON=y
CONFIG_ACPI_PROCESSOR=y
CONFIG_ACPI_THERMAL=y
CONFIG_ACPI_BLACKLIST_YEAR=0
CONFIG_ACPI_EC=y
CONFIG_ACPI_POWER=y
CONFIG_ACPI_SYSTEM=y
CONFIG_X86_PM_TIMER=y
CONFIG_PCI=y
CONFIG_PCI_GODIRECT=y
CONFIG_PCI_DIRECT=y
CONFIG_PCI_LEGACY_PROC=y
CONFIG_ISA_DMA_API=y
CONFIG_ISA=y
CONFIG_BINFMT_ELF=y
CONFIG_NET=y
CONFIG_PACKET=y
CONFIG_PACKET_MMAP=y
CONFIG_UNIX=y
CONFIG_INET=y
CONFIG_IP_MULTICAST=y
CONFIG_IP_ADVANCED_ROUTER=y
CONFIG_ASK_IP_FIB_HASH=y
CONFIG_IP_FIB_HASH=y
CONFIG_IP_MULTIPLE_TABLES=y
CONFIG_NET_IPGRE=y
CONFIG_SYN_COOKIES=y
CONFIG_INET_DIAG=y
CONFIG_INET_TCP_DIAG=y
CONFIG_TCP_CONG_BIC=y
CONFIG_NETFILTER=y
CONFIG_NETFILTER_NETLINK=y
CONFIG_NETFILTER_NETLINK_QUEUE=y
CONFIG_NETFILTER_NETLINK_LOG=y
CONFIG_IP_NF_CONNTRACK=y
CONFIG_IP_NF_CT_ACCT=y
CONFIG_IP_NF_CONNTRACK_MARK=y
CONFIG_IP_NF_CONNTRACK_EVENTS=y
CONFIG_IP_NF_CT_PROTO_SCTP=y
CONFIG_IP_NF_FTP=y
CONFIG_IP_NF_IRC=y
CONFIG_IP_NF_NETBIOS_NS=y
CONFIG_IP_NF_TFTP=y
CONFIG_IP_NF_AMANDA=y
CONFIG_IP_NF_PPTP=y
CONFIG_IP_NF_QUEUE=y
CONFIG_IP_NF_IPTABLES=y
CONFIG_IP_NF_MATCH_LIMIT=y
CONFIG_IP_NF_MATCH_IPRANGE=y
CONFIG_IP_NF_MATCH_MAC=y
CONFIG_IP_NF_MATCH_PKTTYPE=y
CONFIG_IP_NF_MATCH_MARK=y
CONFIG_IP_NF_MATCH_MULTIPORT=y
CONFIG_IP_NF_MATCH_TOS=y
CONFIG_IP_NF_MATCH_RECENT=y
CONFIG_IP_NF_MATCH_ECN=y
CONFIG_IP_NF_MATCH_DSCP=y
CONFIG_IP_NF_MATCH_AH_ESP=y
CONFIG_IP_NF_MATCH_LENGTH=y
CONFIG_IP_NF_MATCH_TTL=y
CONFIG_IP_NF_MATCH_TCPMSS=y
CONFIG_IP_NF_MATCH_HELPER=y
CONFIG_IP_NF_MATCH_STATE=y
CONFIG_IP_NF_MATCH_CONNTRACK=y
CONFIG_IP_NF_MATCH_OWNER=y
CONFIG_IP_NF_MATCH_ADDRTYPE=y
CONFIG_IP_NF_MATCH_REALM=y
CONFIG_IP_NF_MATCH_SCTP=y
CONFIG_IP_NF_MATCH_DCCP=y
CONFIG_IP_NF_MATCH_COMMENT=y
CONFIG_IP_NF_MATCH_CONNMARK=y
CONFIG_IP_NF_MATCH_CONNBYTES=y
CONFIG_IP_NF_MATCH_HASHLIMIT=y
CONFIG_IP_NF_MATCH_STRING=y
CONFIG_IP_NF_FILTER=y
CONFIG_IP_NF_TARGET_REJECT=y
CONFIG_IP_NF_TARGET_LOG=y
CONFIG_IP_NF_TARGET_ULOG=y
CONFIG_IP_NF_TARGET_TCPMSS=y
CONFIG_IP_NF_TARGET_NFQUEUE=y
CONFIG_IP_NF_NAT=y
CONFIG_IP_NF_NAT_NEEDED=y
CONFIG_IP_NF_TARGET_MASQUERADE=y
CONFIG_IP_NF_TARGET_REDIRECT=y
CONFIG_IP_NF_TARGET_NETMAP=y
CONFIG_IP_NF_TARGET_SAME=y
CONFIG_IP_NF_NAT_SNMP_BASIC=y
CONFIG_IP_NF_NAT_IRC=y
CONFIG_IP_NF_NAT_FTP=y
CONFIG_IP_NF_NAT_TFTP=y
CONFIG_IP_NF_NAT_AMANDA=y
CONFIG_IP_NF_NAT_PPTP=y
CONFIG_IP_NF_MANGLE=y
CONFIG_IP_NF_TARGET_TOS=y
CONFIG_IP_NF_TARGET_ECN=y
CONFIG_IP_NF_TARGET_DSCP=y
CONFIG_IP_NF_TARGET_MARK=y
CONFIG_IP_NF_TARGET_CLASSIFY=y
CONFIG_IP_NF_TARGET_TTL=y
CONFIG_IP_NF_TARGET_CONNMARK=y
CONFIG_IP_NF_TARGET_CLUSTERIP=y
CONFIG_IP_NF_RAW=y
CONFIG_IP_NF_TARGET_NOTRACK=y
CONFIG_IP_NF_ARPTABLES=y
CONFIG_IP_NF_ARPFILTER=y
CONFIG_IP_NF_ARP_MANGLE=y
CONFIG_NET_CLS_ROUTE=y
CONFIG_PREVENT_FIRMWARE_BUILD=y
CONFIG_FW_LOADER=y
CONFIG_PARPORT=y
CONFIG_PARPORT_PC=y
CONFIG_PARPORT_PC_FIFO=y
CONFIG_PARPORT_1284=y
CONFIG_PNP=y
CONFIG_ISAPNP=y
CONFIG_PNPBIOS=y
CONFIG_PNPBIOS_PROC_FS=y
CONFIG_PNPACPI=y
CONFIG_BLK_DEV_FD=y
CONFIG_BLK_DEV_LOOP=y
CONFIG_BLK_DEV_RAM_COUNT=16
CONFIG_IDE=y
CONFIG_BLK_DEV_IDE=y
CONFIG_BLK_DEV_IDEDISK=y
CONFIG_IDEDISK_MULTI_MODE=y
CONFIG_BLK_DEV_IDECD=y
CONFIG_IDE_GENERIC=y
CONFIG_BLK_DEV_IDEPCI=y
CONFIG_BLK_DEV_GENERIC=y
CONFIG_BLK_DEV_IDEDMA_PCI=y
CONFIG_IDEDMA_PCI_AUTO=y
CONFIG_BLK_DEV_VIA82CXXX=y
CONFIG_BLK_DEV_IDEDMA=y
CONFIG_IDEDMA_IVB=y
CONFIG_IDEDMA_AUTO=y
CONFIG_NETDEVICES=y
CONFIG_NET_ETHERNET=y
CONFIG_MII=y
CONFIG_NET_PCI=y
CONFIG_8139TOO=y
CONFIG_PPP=y
CONFIG_PPP_FILTER=y
CONFIG_PPP_ASYNC=y
CONFIG_PPPOE=y
CONFIG_INPUT=y
CONFIG_INPUT_MOUSEDEV=y
CONFIG_INPUT_MOUSEDEV_PSAUX=y
CONFIG_INPUT_MOUSEDEV_SCREEN_X=1280
CONFIG_INPUT_MOUSEDEV_SCREEN_Y=1024
CONFIG_INPUT_KEYBOARD=y
CONFIG_KEYBOARD_ATKBD=y
CONFIG_INPUT_MOUSE=y
CONFIG_MOUSE_PS2=y
CONFIG_INPUT_MISC=y
CONFIG_INPUT_PCSPKR=y
CONFIG_SERIO=y
CONFIG_SERIO_I8042=y
CONFIG_SERIO_LIBPS2=y
CONFIG_VT=y
CONFIG_VT_CONSOLE=y
CONFIG_HW_CONSOLE=y
CONFIG_SERIAL_8250=y
CONFIG_SERIAL_8250_NR_UARTS=4
CONFIG_SERIAL_8250_EXTENDED=y
CONFIG_SERIAL_8250_DETECT_IRQ=y
CONFIG_SERIAL_CORE=y
CONFIG_UNIX98_PTYS=y
CONFIG_LEGACY_PTYS=y
CONFIG_LEGACY_PTY_COUNT=256
CONFIG_PRINTER=y
CONFIG_RTC=y
CONFIG_AGP=y
CONFIG_AGP_VIA=y
CONFIG_DRM=y
CONFIG_DRM_RADEON=y
CONFIG_I2C=y
CONFIG_I2C_CHARDEV=y
CONFIG_I2C_ALGOBIT=y
CONFIG_I2C_ALGOPCF=y
CONFIG_I2C_ALGOPCA=y
CONFIG_I2C_ISA=y
CONFIG_I2C_VIAPRO=y
CONFIG_SENSORS_EEPROM=y
CONFIG_HWMON=y
CONFIG_SENSORS_VIA686A=y
CONFIG_VIDEO_DEV=y
CONFIG_VIDEO_BT848=y
CONFIG_VIDEO_TUNER=y
CONFIG_VIDEO_BUF=y
CONFIG_VIDEO_BTCX=y
CONFIG_VIDEO_IR=y
CONFIG_VIDEO_TVEEPROM=y
CONFIG_VIDEO_SELECT=y
CONFIG_VGA_CONSOLE=y
CONFIG_DUMMY_CONSOLE=y
CONFIG_SOUND=y
CONFIG_SND=y
CONFIG_SND_TIMER=y
CONFIG_SND_PCM=y
CONFIG_SND_HWDEP=y
CONFIG_SND_RAWMIDI=y
CONFIG_SND_OSSEMUL=y
CONFIG_SND_MIXER_OSS=y
CONFIG_SND_PCM_OSS=y
CONFIG_SND_RTCTIMER=y
CONFIG_SND_GENERIC_DRIVER=y
CONFIG_SND_MPU401_UART=y
CONFIG_SND_OPL3_LIB=y
CONFIG_SND_CS4231_LIB=y
CONFIG_SND_CS4236=y
CONFIG_SND_BT87X=y
CONFIG_USB_ARCH_HAS_HCD=y
CONFIG_USB_ARCH_HAS_OHCI=y
CONFIG_EXT2_FS=y
CONFIG_EXT2_FS_XATTR=y
CONFIG_FS_MBCACHE=y
CONFIG_JFS_FS=y
CONFIG_DNOTIFY=y
CONFIG_ISO9660_FS=y
CONFIG_JOLIET=y
CONFIG_ZISOFS=y
CONFIG_ZISOFS_FS=y
CONFIG_UDF_FS=y
CONFIG_UDF_NLS=y
CONFIG_FAT_FS=y
CONFIG_MSDOS_FS=y
CONFIG_VFAT_FS=y
CONFIG_FAT_DEFAULT_CODEPAGE=437
CONFIG_FAT_DEFAULT_IOCHARSET="iso8859-1"
CONFIG_NTFS_FS=y
CONFIG_PROC_FS=y
CONFIG_PROC_KCORE=y
CONFIG_SYSFS=y
CONFIG_TMPFS=y
CONFIG_RAMFS=y
CONFIG_NFS_FS=y
CONFIG_NFS_V3=y
CONFIG_NFSD=y
CONFIG_NFSD_V3=y
CONFIG_NFSD_TCP=y
CONFIG_LOCKD=y
CONFIG_LOCKD_V4=y
CONFIG_EXPORTFS=y
CONFIG_NFS_COMMON=y
CONFIG_SUNRPC=y
CONFIG_SMB_FS=y
CONFIG_CIFS=y
CONFIG_PARTITION_ADVANCED=y
CONFIG_MSDOS_PARTITION=y
CONFIG_NLS=y
CONFIG_NLS_DEFAULT="iso8859-2"
CONFIG_NLS_CODEPAGE_437=y
CONFIG_NLS_CODEPAGE_737=y
CONFIG_NLS_CODEPAGE_775=y
CONFIG_NLS_CODEPAGE_850=y
CONFIG_NLS_CODEPAGE_852=y
CONFIG_NLS_CODEPAGE_855=y
CONFIG_NLS_CODEPAGE_857=y
CONFIG_NLS_CODEPAGE_860=y
CONFIG_NLS_CODEPAGE_861=y
CONFIG_NLS_CODEPAGE_862=y
CONFIG_NLS_CODEPAGE_863=y
CONFIG_NLS_CODEPAGE_864=y
CONFIG_NLS_CODEPAGE_865=y
CONFIG_NLS_CODEPAGE_866=y
CONFIG_NLS_CODEPAGE_869=y
CONFIG_NLS_CODEPAGE_936=y
CONFIG_NLS_CODEPAGE_950=y
CONFIG_NLS_CODEPAGE_932=y
CONFIG_NLS_CODEPAGE_949=y
CONFIG_NLS_CODEPAGE_874=y
CONFIG_NLS_ISO8859_8=y
CONFIG_NLS_CODEPAGE_1250=y
CONFIG_NLS_CODEPAGE_1251=y
CONFIG_NLS_ASCII=y
CONFIG_NLS_ISO8859_1=y
CONFIG_NLS_ISO8859_2=y
CONFIG_NLS_ISO8859_3=y
CONFIG_NLS_ISO8859_4=y
CONFIG_NLS_ISO8859_5=y
CONFIG_NLS_ISO8859_6=y
CONFIG_NLS_ISO8859_7=y
CONFIG_NLS_ISO8859_9=y
CONFIG_NLS_ISO8859_13=y
CONFIG_NLS_ISO8859_14=y
CONFIG_NLS_ISO8859_15=y
CONFIG_NLS_KOI8_R=y
CONFIG_NLS_KOI8_U=y
CONFIG_NLS_UTF8=y
CONFIG_DEBUG_KERNEL=y
CONFIG_MAGIC_SYSRQ=y
CONFIG_LOG_BUF_SHIFT=17
CONFIG_DEBUG_BUGVERBOSE=y
CONFIG_EARLY_PRINTK=y
CONFIG_CRC_CCITT=y
CONFIG_CRC32=y
CONFIG_ZLIB_INFLATE=y
CONFIG_TEXTSEARCH=y
CONFIG_TEXTSEARCH_KMP=y
CONFIG_TEXTSEARCH_BM=y
CONFIG_TEXTSEARCH_FSM=y
CONFIG_GENERIC_HARDIRQS=y
CONFIG_GENERIC_IRQ_PROBE=y
CONFIG_X86_BIOS_REBOOT=y