Date: Mon, 21 Feb 2000 14:04:05 +0100
From: Anders Eriksson <>
Subject: ramdisk & initd & etherboot   of "Mon, 21 Feb 2000 18:31:32 +0800." <>
Sender: linux-kernel-owner@vger.kernel.org
Precedence: bulk
List-ID: <linux-kernel.vger.kernel.org>
X-Mailing-List: linux-kernel@vger.kernel.org
X-Lkml-Link: https://lkml.org/lkml/2000/2/21/85

Hi all,
IÃ¤m trying to create a boot image for Etherboot which include an initrd image. 
The following errors appears...
(Is "Freeing initrd memory: 4194303k freed" OK ? The initrd (gzipped) file is 
800K...)
Linux version 2.3.45-1 (root@milou.localdomain) (gcc version egcs-2.91.66 
199900
e820: 0009fc00 @ 00000000 (usable)                                           
e820: 00000400 @ 0009fc00 (reserved)                                         
e820: 00010000 @ 000f0000 (reserved)                                         
e820: 01f00000 @ 00100000 (usable)                                           
e820: 00040000 @ fffc0000 (reserved)                                         
On node 0 totalpages: 8192              
zone(0): 4096 pages.                    
zone(1): 4096 pages.                    
zone(2): 0 pages.                       
Initializing CPU#0                      
Detected 199907362 Hz processor.
Calibrating delay loop... 398.95 BogoMIPS
Memory: 29644k/32768k available (751k kernel code, 2736k reserved, 53k data, 
14)
Buffer-cache hash table entries: 1024 (order: 0, 4096 bytes)
Page-cache hash table entries: 8192 (order: 3, 32768 bytes)                    
CPU: Intel Pentium MMX stepping 03                                             
Checking 386/387 coupling... OK, FPU using exception 16 error reporting.       
Checking 'hlt' instruction... OK.                                              
Intel Pentium with F0 0F bug - workaround enabled.                             
POSIX conformance testing by UNIFIX                                            
PCI: PCI BIOS revision 2.10 entry at 0xfd83e                                   
PCI: Using configuration type 1                                                
PCI: Probing PCI hardware                                                      
Limiting direct PCI/PCI transfers.                                             
Activating ISA DMA hang workarounds.                                           
Linux NET4.0 for Linux 2.3                                                     
Based upon Swansea University Computer Society NET3.039                        
NET4: Unix domain sockets 1.0/SMP for Linux NET4.0.                            
NET4: Linux TCP/IP 1.0 for NET4.0                                              
IP Protocols: ICMP, UDP, TCP                                                   
IP: routing cache hash table of 512 buckets, 4Kbytes                           
TCP: Hash tables configured (established 2048 bind 4096)                       
apm: BIOS not found.                                                           
Starting kswapd v1.6                                                           
Serial driver version 4.92 (2000-1-27) with MANY_PORTS SHARE_IRQ SERIAL_PCI 
enad
ttyS00 at 0x03f8 (irq = 4) is a 16550A                                         
ttyS01 at 0x02f8 (irq = 3) is a 16550A                                         
pty: 256 Unix98 ptys configured                                                
RAMDISK driver initialized: 16 RAM disks of 4096K size 1024 blocksize          
IP-Config: No network devices available.                                       
RAMDISK: Compressed image found at block 0                                     
Freeing initrd memory: 4194303k freed                                          
kernel BUG at block_dev.c:425!                                                 
invalid operand: 0000                                                          
CPU:    0                                                                      
EIP:    0010:[<c0130051>]                                                      
EFLAGS: 00010296                                                               
eax: 0000001f   ebx: c10aa020   ecx: c01bdf74   edx: c01bdf74                  
esi: 00000000   edi: 00000000   ebp: 00000000   esp: c1093d88                  
ds: 0018   es: 0018   ss: 0018                                                 
Process swapper (pid: 1, stackpage=c1093000)                                   
Stack: c019dd14 c019dedd 000001a9 c10ab0c0 c013a548 c10aa020 c10ab0c0 c013acd2 
       c10ab0c0 c10a00fa 00000000 c10ab0c0 0000001c c01d4c7a c10ab0c0 c01efb1c 
       00000000 c0105000 00097570 00000000 00000100 000001fa c1092000 c1093f00 
Call Trace: [<c019dd14>] [<c019dedd>] [<c013a548>] [<c013acd2>] [<c0105000>] 
[<
Code: 0f 0b 83 c4 0c 8b 03 8b 53 04 89 50 04 89 02 53 a1 80 76 1f              
[unhandled content-type:application/pgp-signature]