Date: Tue, 16 Jan 2001 09:51:56 +0100 (CET)
From: Igmar Palsenberg <>
Subject: 2.4.0ac9
Sender: linux-kernel-owner@vger.kernel.org
Precedence: bulk
List-ID: <linux-kernel.vger.kernel.org>
X-Mailing-List: linux-kernel@vger.kernel.org
X-Lkml-Link: https://lkml.org/lkml/2001/1/16/175

Hi,
2.4.0ac9 still kills the mouse on this machine. dmesg is attached.
Something I find interesting is that the PCMCIA bridge is on IRQ12.
We can't change the mouse or the PCMCIA bridges' interrupt.
I'll be happy to provide additional info.
	Regards,
		Igmar
Jan 16 08:33:06 mars kernel: Linux version 2.4.0-ac9 (root@igmar.office.jdimedia.nl) (gcc version egcs-2.91.66 19990314/Linux (egcs-1.1.2 release)) #6 Mon Jan 15 19:03:29 CET 2001 
Jan 16 08:33:06 mars kernel: BIOS-provided physical RAM map: 
Jan 16 08:33:06 mars kernel:  BIOS-e820: 000000000009f800 @ 0000000000000000 (usable) 
Jan 16 08:33:06 mars kernel:  BIOS-e820: 0000000000000800 @ 000000000009f800 (reserved) 
Jan 16 08:33:06 mars kernel:  BIOS-e820: 0000000000015800 @ 00000000000ea800 (reserved) 
Jan 16 08:33:06 mars kernel:  BIOS-e820: 0000000005f00000 @ 0000000000100000 (usable) 
Jan 16 08:33:06 mars kernel:  BIOS-e820: 0000000000015800 @ 00000000fffea800 (reserved) 
Jan 16 08:33:06 mars kernel: On node 0 totalpages: 24576 
Jan 16 08:33:06 mars kernel: zone(0): 4096 pages. 
Jan 16 08:33:06 mars kernel: zone(1): 20480 pages. 
Jan 16 08:33:06 mars atd: atd startup succeeded
Jan 16 08:33:06 mars kernel: zone(2): 0 pages. 
Jan 16 08:33:07 mars kernel: Kernel command line: BOOT_IMAGE=test1 ro root=307 sb=0x220,5,1 
Jan 16 08:33:07 mars kernel: Initializing CPU#0 
Jan 16 08:33:07 mars kernel: Detected 232.110 MHz processor. 
Jan 16 08:33:07 mars kernel: Console: colour VGA+ 80x25 
Jan 16 08:33:07 mars kernel: Calibrating delay loop... 462.02 BogoMIPS 
Jan 16 08:33:07 mars kernel: Memory: 94084k/98304k available (1252k kernel code, 3832k reserved, 508k data, 196k init, 0k highmem) 
Jan 16 08:33:07 mars kernel: Dentry-cache hash table entries: 16384 (order: 5, 131072 bytes) 
Jan 16 08:33:07 mars kernel: Buffer-cache hash table entries: 4096 (order: 2, 16384 bytes) 
Jan 16 08:33:07 mars kernel: Page-cache hash table entries: 32768 (order: 5, 131072 bytes) 
Jan 16 08:33:07 mars kernel: Inode-cache hash table entries: 8192 (order: 4, 65536 bytes) 
Jan 16 08:33:07 mars kernel: VFS: Diskquotas version dquot_6.5.0 initialized 
Jan 16 08:33:00 mars rc.sysinit: Mounting proc filesystem succeeded 
Jan 16 08:33:07 mars crond: crond startup succeeded
Jan 16 08:33:07 mars kernel: CPU: Before vendor init, caps: 0183f9ff 00000000 00000000, vendor = 0 
Jan 16 08:33:00 mars sysctl: net.ipv4.ip_forward = 0 
Jan 16 08:33:07 mars kernel: CPU: L1 I cache: 16K, L1 D cache: 16K 
Jan 16 08:33:00 mars sysctl: net.ipv4.conf.all.rp_filter = 1 
Jan 16 08:33:07 mars kernel: CPU: L2 cache: 512K 
Jan 16 08:33:00 mars sysctl: kernel.sysrq = 0 
Jan 16 08:33:08 mars kernel: Intel machine check architecture supported. 
Jan 16 08:33:08 mars inet: inetd startup succeeded
Jan 16 08:33:00 mars sysctl: error: 'net.ipv4.ip_always_defrag' is an unknown key 
Jan 16 08:33:08 mars kernel: Intel machine check reporting enabled on CPU#0. 
Jan 16 08:33:00 mars rc.sysinit: Configuring kernel parameters succeeded 
Jan 16 08:33:08 mars kernel: CPU: After vendor init, caps: 0183f9ff 00000000 00000000 00000000 
Jan 16 08:33:08 mars sshd: Starting sshd: 
Jan 16 08:33:00 mars date: Tue Jan 16 08:32:59 CET 2001 
Jan 16 08:33:08 mars kernel: CPU: After generic, caps: 0183f9ff 00000000 00000000 00000000 
Jan 16 08:33:00 mars rc.sysinit: Setting clock : Tue Jan 16 08:32:59 CET 2001 succeeded 
Jan 16 08:33:08 mars kernel: CPU: Common caps: 0183f9ff 00000000 00000000 00000000 
Jan 16 08:33:00 mars rc.sysinit: Loading default keymap succeeded 
Jan 16 08:33:09 mars kernel: CPU: Intel Pentium II (Deschutes) stepping 02 
Jan 16 08:33:00 mars rc.sysinit: Activating swap partitions succeeded 
Jan 16 08:33:09 mars kernel: Enabling fast FPU save and restore... done. 
Jan 16 08:33:00 mars rc.sysinit: Setting hostname mars.office.jdimedia.nl succeeded 
Jan 16 08:33:09 mars kernel: Checking 'hlt' instruction... OK. 
Jan 16 08:33:00 mars fsck: /dev/hda7: clean, 50558/114016 files, 196128/227800 blocks 
Jan 16 08:33:10 mars sshd: sshd startup succeeded
Jan 16 08:33:10 mars sshd[557]: Server listening on 0.0.0.0 port 22.
Jan 16 08:33:10 mars kernel: POSIX conformance testing by UNIFIX 
Jan 16 08:33:00 mars rc.sysinit: Checking root filesystem succeeded 
Jan 16 08:33:10 mars sshd: 
Jan 16 08:33:10 mars sshd[557]: Generating 768 bit RSA key.
Jan 16 08:33:10 mars kernel: PCI: PCI BIOS revision 2.10 entry at 0xfd9e3, last bus=0 
Jan 16 08:33:00 mars rc.sysinit: Remounting root filesystem in read-write mode succeeded 
Jan 16 08:33:10 mars rc: Starting sshd succeeded
Jan 16 08:33:10 mars kernel: PCI: Using configuration type 1 
Jan 16 08:33:00 mars rc.sysinit: Finding module dependencies failed 
Jan 16 08:33:10 mars kernel: PCI: Probing PCI hardware 
Jan 16 08:33:00 mars depmod: depmod: Can't open /lib/modules/2.4.0-ac9/modules.dep for writing 
Jan 16 08:33:11 mars kernel: PCI: Using IRQ router PIIX [8086/7110] at 00:03.0 
Jan 16 08:33:01 mars modprobe: modprobe: Can't open dependencies file /lib/modules/2.4.0-ac9/modules.dep (No such file or directory) 
Jan 16 08:33:11 mars kernel: Limiting direct PCI/PCI transfers. 
Jan 16 08:33:11 mars lpd: lpd startup succeeded
Jan 16 08:33:11 mars lpd[572]: restarted
Jan 16 08:33:01 mars rc.sysinit: Loading sound module (sb) failed 
Jan 16 08:33:11 mars kernel: isapnp: Scanning for Pnp cards... 
Jan 16 08:33:01 mars modprobe: modprobe: Can't open dependencies file /lib/modules/2.4.0-ac9/modules.dep (No such file or directory) 
Jan 16 08:33:11 mars keytable: Loading keymap: 
Jan 16 08:33:11 mars kernel: isapnp: No Plug & Play device found 
Jan 16 08:33:01 mars rc.sysinit: Loading midi module (opl3) failed 
Jan 16 08:33:11 mars keytable: Loading /usr/lib/kbd/keymaps/i386/qwerty/us.kmap.gz
Jan 16 08:33:11 mars kernel: Linux NET4.0 for Linux 2.4 
Jan 16 08:33:01 mars fsck: /dev/hda5: clean, 26/11088 files, 4591/44320 blocks 
Jan 16 08:33:12 mars keytable: Loading system font: 
Jan 16 08:33:12 mars kernel: Based upon Swansea University Computer Society NET3.039 
Jan 16 08:33:01 mars fsck: /dev/hda8: clean, 6036/112896 files, 90895/225784 blocks 
Jan 16 08:33:12 mars rc: Starting keytable succeeded
Jan 16 08:33:12 mars kernel: Initializing RT netlink socket 
Jan 16 08:33:01 mars rc.sysinit: Checking filesystems succeeded 
Jan 16 08:33:12 mars sshd[557]: RSA key generation complete.
Jan 16 08:33:12 mars kernel: apm: BIOS version 1.2 Flags 0x03 (Driver version 1.14) 
Jan 16 08:33:01 mars modprobe: modprobe: Can't open dependencies file /lib/modules/2.4.0-ac9/modules.dep (No such file or directory) 
Jan 16 08:33:12 mars kernel: Starting kswapd v1.8 
Jan 16 08:33:01 mars mount: mount: /dev/hda1 has wrong major or minor number 
Jan 16 08:33:13 mars kernel: parport0: PC-style at 0x378 [PCSPP] 
Jan 16 08:33:01 mars rc.sysinit: Mounting local filesystems failed 
Jan 16 08:33:01 mars rc.sysinit: Turning on user and group quotas for local filesystems succeeded 
Jan 16 08:33:02 mars rc.sysinit: Enabling swap space succeeded 
Jan 16 08:33:02 mars init: Entering runlevel: 3 
Jan 16 08:33:02 mars pcmcia: Starting PCMCIA services: 
Jan 16 08:33:14 mars kernel: pty: 256 Unix98 ptys configured 
Jan 16 08:33:14 mars kernel: lp0: using parport0 (polling). 
Jan 16 08:33:14 mars kernel: block: queued sectors max/low 62400kB/46800kB, 192 slots per queue 
Jan 16 08:33:02 mars pcmcia:  cardmgr. 
Jan 16 08:33:02 mars rc: Starting pcmcia succeeded 
Jan 16 08:33:14 mars kernel: loop: enabling 8 loop devices 
Jan 16 08:33:14 mars kernel: Uniform Multi-Platform E-IDE driver Revision: 6.31 
Jan 16 08:33:03 mars cardmgr[181]: starting, version is 3.1.22 
Jan 16 08:33:03 mars sysctl: net.ipv4.ip_forward = 0 
Jan 16 08:33:03 mars sysctl: net.ipv4.conf.all.rp_filter = 1 
Jan 16 08:33:14 mars kernel: ide: Assuming 33MHz system bus speed for PIO modes; override with idebus=xx 
Jan 16 08:33:03 mars sysctl: kernel.sysrq = 0 
Jan 16 08:33:15 mars kernel: PIIX4: IDE controller on PCI bus 00 dev 19 
Jan 16 08:33:03 mars sysctl: error: 'net.ipv4.ip_always_defrag' is an unknown key 
Jan 16 08:33:15 mars kernel: PIIX4: chipset revision 1 
Jan 16 08:33:03 mars cardmgr[181]: watching 2 sockets 
Jan 16 08:33:15 mars kernel: PIIX4: not 100% native mode: will probe irqs later 
Jan 16 08:33:15 mars sendmail: sendmail startup succeeded
Jan 16 08:33:03 mars network: Setting network parameters succeeded 
Jan 16 08:33:15 mars kernel: hda: TOSHIBA MK3205MAV, ATA DISK drive 
Jan 16 08:33:03 mars cardmgr[181]: socket 0: EZLink 4109 Ethernet 
Jan 16 08:33:16 mars kernel: hdb: TOSHIBA CD-ROM XM-1802B, ATAPI CD/DVD-ROM drive 
Jan 16 08:33:03 mars cardmgr[181]: + modprobe: Can't open dependencies file /lib/modules/2.4.0-ac9/modules.dep (No such file or directory) 
Jan 16 08:33:16 mars kernel: ide0 at 0x1f0-0x1f7,0x3f6 on irq 14 
Jan 16 08:33:03 mars cardmgr[181]: module /lib/modules/2.4.0-ac9/net/8390.o not available 
Jan 16 08:33:16 mars kernel: hda: 6354432 sectors (3253 MB), CHS=788/128/63 
Jan 16 08:33:04 mars network: Bringing up interface lo succeeded 
Jan 16 08:33:16 mars kernel: hdb: ATAPI 24X CD-ROM drive, 128kB Cache 
Jan 16 08:33:04 mars ifup: SIOCADDRT: File exists 
Jan 16 08:33:16 mars kernel: Uniform CD-ROM driver Revision: 3.12 
Jan 16 08:33:04 mars ifup: SIOCADDRT: File exists 
Jan 16 08:33:17 mars kernel: Partition check: 
Jan 16 08:33:04 mars network: Bringing up interface eth0 succeeded 
Jan 16 08:33:17 mars kernel:  hda: hda1 hda3 < hda5 hda6 hda7 hda8 > hda4 
Jan 16 08:33:05 mars portmap: portmap startup succeeded 
Jan 16 08:33:17 mars kernel: Floppy drive(s): fd0 is 1.44M 
Jan 16 08:33:05 mars rpc.lockd: lockdsvc: Function not implemented 
Jan 16 08:33:17 mars kernel: FDC 0 is a National Semiconductor PC87306 
Jan 16 08:33:05 mars nfslock: rpc.lockd startup failed 
Jan 16 08:33:17 mars kernel: Serial driver version 5.02 (2000-08-09) with MANY_PORTS SHARE_IRQ SERIAL_PCI ISAPNP enabled 
Jan 16 08:33:05 mars nfslock: rpc.statd startup succeeded 
Jan 16 08:33:18 mars kernel: ttyS00 at 0x03f8 (irq = 4) is a 16550A 
Jan 16 08:33:05 mars apmd: apmd startup succeeded 
Jan 16 08:33:18 mars kernel: ttyS02 at 0x03e8 (irq = 4) is a 16550A 
Jan 16 08:33:05 mars apmd[439]: Version 3.0final (APM BIOS 1.2, Linux driver 1.14) 
Jan 16 08:33:18 mars kernel: PPP generic driver version 2.4.1 
Jan 16 08:33:05 mars random: Initializing random number generator succeeded 
Jan 16 08:33:19 mars kernel: PPP Deflate Compression module registered 
Jan 16 08:33:06 mars netfs: Mounting NFS filesystems succeeded 
Jan 16 08:33:19 mars kernel: Soundblaster audio driver Copyright (C) by Hannu Savolainen 1993-1996 
Jan 16 08:33:06 mars modprobe: modprobe: Can't open dependencies file /lib/modules/2.4.0-ac9/modules.dep (No such file or directory) 
Jan 16 08:33:19 mars kernel: sb: No ISAPnP cards found, trying standard ones... 
Jan 16 08:33:06 mars mount: mount: /dev/hda1 has wrong major or minor number 
Jan 16 08:33:19 mars kernel: ESS chip ES1869 detected 
Jan 16 08:33:06 mars netfs: Mounting other filesystems failed 
Jan 16 08:33:20 mars kernel: <ESS ES1869 AudioDrive (rev 11) (3.01)> at 0x220 irq 5 dma 1,-1070675584 
Jan 16 08:33:20 mars kernel: YM3812 and OPL-3 driver Copyright (C) by Hannu Savolainen, Rob Hooft 1993-1996 
Jan 16 08:33:20 mars kernel: Linux PCMCIA Card Services 3.1.22 
Jan 16 08:33:20 mars httpd: httpd startup succeeded
Jan 16 08:33:20 mars kernel:   options:  [pci] [cardbus] [pm] 
Jan 16 08:33:20 mars kernel: PCI: Assigned IRQ 12 for device 00:0a.0 
Jan 16 08:33:20 mars kernel: PCI: Assigned IRQ 12 for device 00:0a.1 
Jan 16 08:33:20 mars kernel: Intel PCIC probe: not found. 
Jan 16 08:33:20 mars kernel: NET4: Linux TCP/IP 1.0 for NET4.0 
Jan 16 08:33:20 mars kernel: IP Protocols: ICMP, UDP, TCP 
Jan 16 08:33:21 mars kernel: IP: routing cache hash table of 512 buckets, 4Kbytes 
Jan 16 08:33:21 mars kernel: TCP: Hash tables configured (established 8192 bind 8192) 
Jan 16 08:33:21 mars kernel: ip_conntrack (768 buckets, 6144 max) 
Jan 16 08:33:21 mars kernel: ip_tables: (c)2000 Netfilter core team 
Jan 16 08:33:21 mars kernel: NET4: Unix domain sockets 1.0/SMP for Linux NET4.0. 
Jan 16 08:33:21 mars kernel: Yenta IRQ list 0c98, PCI irq12 
Jan 16 08:33:21 mars kernel: Socket status: 30000010 
Jan 16 08:33:21 mars kernel: Yenta IRQ list 0c98, PCI irq12 
Jan 16 08:33:21 mars kernel: Socket status: 30000006 
Jan 16 08:33:21 mars kernel: VFS: Mounted root (ext2 filesystem) readonly. 
Jan 16 08:33:21 mars kernel: Freeing unused kernel memory: 196k freed 
Jan 16 08:33:21 mars kernel: Adding Swap: 133016k swap-space (priority -1) 
Jan 16 08:33:21 mars kernel: cs: IO port probe 0x1000-0x17ff: clean. 
Jan 16 08:33:21 mars kernel: cs: IO port probe 0x0100-0x04ff: excluding 0x330-0x337 0x388-0x38f 0x398-0x39f 0x4d0-0x4d7 
Jan 16 08:33:22 mars kernel: cs: IO port probe 0x0a00-0x0aff: clean. 
Jan 16 08:33:22 mars kernel: cs: memory probe 0xa0000000-0xa0ffffff: clean. 
Jan 16 08:33:22 mars kernel: eth0: NE2000 Compatible: io 0x300, irq 3, hw_addr 00:50:22:20:18:9F 