Date: Fri, 25 Aug 2000 06:07:58 +0400 (MSD)
From: <>
Subject: FAT is broken in 2.4.0-test6
Sender: linux-kernel-owner@vger.kernel.org
Precedence: bulk
List-ID: <linux-kernel.vger.kernel.org>
X-Mailing-List: linux-kernel@vger.kernel.org
X-Lkml-Link: https://lkml.org/lkml/2000/8/24/157

Looks like I triggered some bug in FAT code of 2.4.0-test6. I'll try to
test with 2.4.0-test7 when I'll have chance. This is how it looks:
-- cut --
[root@sch57 pqdid]# cp win98-2b.pqi /home/samplezuser/
[root@sch57 pqdid]# cmp win98-2b.pqi /home/samplezuser/win98-2b.pqi
win98-2b.pqi /home/samplezuser/win98-2b.pqi differ: char 34013697, line 130326
[root@sch57 pqdid]# md5sum win98-2b.pqi /home/samplezuser/win98-2b.pqi
ec4927fcb859ad0dbf22221c13deb475  win98-2b.pqi
1de9494bb55f368ed245452800ef0f9d  /home/samplezuser/win98-2b.pqi
[root@sch57 pqdid]# cmp win98-2b.pqi /home/samplezuser/win98-2b.pqi
win98-2b.pqi /home/samplezuser/win98-2b.pqi differ: char 20898305, line 80163
[root@sch57 pqdid]# md5sum win98-2b.pqi /home/samplezuser/win98-2b.pqi
911405e48cb705804278b345b30759dc  win98-2b.pqi
1de9494bb55f368ed245452800ef0f9d  /home/samplezuser/win98-2b.pqi
[root@sch57 pqdid]# cmp win98-2b.pqi /home/samplezuser/win98-2b.pqi
win98-2b.pqi /home/samplezuser/win98-2b.pqi differ: char 32432641, line 124399
[root@sch57 pqdid]# md5sum win98-2b.pqi /home/samplezuser/win98-2b.pqi
4c1cdb25a79b83259d531505f65bf3cb  win98-2b.pqi
1de9494bb55f368ed245452800ef0f9d  /home/samplezuser/win98-2b.pqi
-- cut --
That is: looks like if I'll try to read big file (perhaps bigger then
available RAM?) I'm getting rare random errors. With small files it does
not occur.
-
To unsubscribe from this list: send the line "unsubscribe linux-kernel" in
the body of a message to majordomo@vger.kernel.org
Please read the FAQ at 
http://www.tux.org/lkml/