Date: Sat, 21 Aug 2004 15:43:46 +0200
From: matthias brill <>
Subject: atiixp problem with asus L4000R
Sender: linux-kernel-owner@vger.kernel.org
Precedence: bulk
List-ID: <linux-kernel.vger.kernel.org>
X-Mailing-List: linux-kernel@vger.kernel.org
X-Lkml-Link: https://lkml.org/lkml/2004/8/21/75

hi takashi,
i'm wrangling with an asus L4000R-series (L4510RBP) pentium-m/ati9100igp
notebook, and i'm in need of help.  the machine alleges to include an
"ATI Technologies Inc IXP150 AC'97 Audio Controller":
0000:00:14.5 Multimedia audio controller: ATI Technologies Inc IXP150 AC'97 Audio Controller
the snd_atiixp (2.6.8.1) module fails on this one:
ACPI: PCI interrupt 0000:00:14.5[B] -> GSI 5 (level, low) -> IRQ 5
ATI IXP AC97 controller: probe of 0000:00:14.5 failed with error -13
i've been looking through the code in atiixp.c but don't see what "-13"
is supposed to mean...?
i don't know what is needed to support this particular IXP150 -- i'm
appending 'lspci -v', 'dmesg' and the current kernel .config.
thanks in advance, thias
0000:00:00.0 Host bridge: ATI Technologies Inc: Unknown device 5830 (rev 02)
	Subsystem: Asustek Computer, Inc.: Unknown device 8107
	Flags: bus master, 66MHz, medium devsel, latency 64
	Memory at f8000000 (32-bit, prefetchable) [size=64M]
	Memory at f7f00000 (32-bit, non-prefetchable) [size=4K]
	Capabilities: [a0] AGP version 3.0
0000:00:01.0 PCI bridge: ATI Technologies Inc: Unknown device 5838 (prog-if 00 [Normal decode])
	Flags: bus master, 66MHz, medium devsel, latency 64
	Bus: primary=00, secondary=01, subordinate=01, sec-latency=64
	I/O behind bridge: 0000e000-0000efff
	Memory behind bridge: fd700000-fdafffff
	Prefetchable memory behind bridge: efe00000-f7dfffff
0000:00:13.0 USB Controller: ATI Technologies Inc: Unknown device 4347 (rev 01) (prog-if 10 [OHCI])
	Subsystem: Asustek Computer, Inc.: Unknown device 8108
	Flags: bus master, 66MHz, medium devsel, latency 64, IRQ 10
	Memory at fe900000 (32-bit, non-prefetchable) [size=4K]
0000:00:13.1 USB Controller: ATI Technologies Inc: Unknown device 4348 (rev 01) (prog-if 10 [OHCI])
	Subsystem: Asustek Computer, Inc.: Unknown device 8108
	Flags: bus master, 66MHz, medium devsel, latency 64, IRQ 10
	Memory at fea00000 (32-bit, non-prefetchable) [size=4K]
0000:00:13.2 USB Controller: ATI Technologies Inc: Unknown device 4345 (rev 01) (prog-if 20 [EHCI])
	Subsystem: Asustek Computer, Inc.: Unknown device 8108
	Flags: bus master, 66MHz, medium devsel, latency 64, IRQ 10
	Memory at feb00000 (32-bit, non-prefetchable) [size=4K]
	Capabilities: [dc] Power Management version 2
0000:00:14.0 SMBus: ATI Technologies Inc ATI SMBus (rev 18)
	Subsystem: Asustek Computer, Inc.: Unknown device 8108
	Flags: 66MHz, medium devsel
	I/O ports at 0a00 [size=16]
	Memory at 1e000000 (32-bit, non-prefetchable) [size=1K]
0000:00:14.1 IDE interface: ATI Technologies Inc: Unknown device 4349 (prog-if 8a [Master SecP PriP])
	Subsystem: Asustek Computer, Inc.: Unknown device 8108
	Flags: bus master, medium devsel, latency 0, IRQ 11
	I/O ports at <ignored>
	I/O ports at <ignored>
	I/O ports at <ignored>
	I/O ports at <ignored>
	I/O ports at ff00 [size=16]
0000:00:14.3 ISA bridge: ATI Technologies Inc: Unknown device 434c
	Subsystem: Asustek Computer, Inc.: Unknown device 8108
	Flags: bus master, 66MHz, medium devsel, latency 0
0000:00:14.4 PCI bridge: ATI Technologies Inc: Unknown device 4342 (prog-if 01 [Subtractive decode])
	Flags: bus master, 66MHz, medium devsel, latency 64
	Bus: primary=00, secondary=02, subordinate=03, sec-latency=64
	Memory behind bridge: fdb00000-fe0fffff
0000:00:14.5 Multimedia audio controller: ATI Technologies Inc IXP150 AC'97 Audio Controller
	Subsystem: Asustek Computer, Inc.: Unknown device 1833
	Flags: bus master, 66MHz, slow devsel, latency 64, IRQ 5
	Memory at fe700000 (32-bit, non-prefetchable) [size=256]
0000:00:14.6 Modem: ATI Technologies Inc: Unknown device 434d (rev 01) (prog-if 00 [Generic])
	Subsystem: Asustek Computer, Inc.: Unknown device 1836
	Flags: 66MHz, slow devsel, IRQ 5
	Memory at fe800000 (32-bit, non-prefetchable) [size=256]
0000:01:05.0 VGA compatible controller: ATI Technologies Inc: Unknown device 5835 (prog-if 00 [VGA])
	Subsystem: Asustek Computer, Inc.: Unknown device 1832
	Flags: bus master, 66MHz, medium devsel, latency 64, IRQ 11
	Memory at f0000000 (32-bit, prefetchable) [size=64M]
	I/O ports at e000 [size=256]
	Memory at fda00000 (32-bit, non-prefetchable) [size=64K]
	Expansion ROM at fd900000 [disabled] [size=128K]
	Capabilities: [58] AGP version 3.0
	Capabilities: [50] Power Management version 2
0000:02:05.0 CardBus bridge: Ricoh Co Ltd RL5c475 (rev b8)
	Subsystem: Asustek Computer, Inc.: Unknown device 1834
	Flags: bus master, medium devsel, latency 168, IRQ 5
	Memory at 1e001000 (32-bit, non-prefetchable) [size=4K]
	Bus: primary=02, secondary=03, subordinate=06, sec-latency=176
	Memory window 0: 1e400000-1e7ff000 (prefetchable)
	Memory window 1: 1e800000-1ebff000
	I/O window 0: 00004000-000040ff
	I/O window 1: 00004400-000044ff
	16-bit legacy interface ports at 0001
0000:02:05.1 FireWire (IEEE 1394): Ricoh Co Ltd R5C551 IEEE 1394 Controller (prog-if 10 [OHCI])
	Subsystem: Asustek Computer, Inc.: Unknown device 1837
	Flags: bus master, medium devsel, latency 64, IRQ 7
	Memory at fe000000 (32-bit, non-prefetchable) [size=2K]
	Capabilities: [dc] Power Management version 2
0000:02:06.0 Ethernet controller: Broadcom Corporation BCM4401 100Base-T (rev 01)
	Subsystem: Asustek Computer, Inc. A7V8X motherboard
	Flags: bus master, fast devsel, latency 64, IRQ 7
	Memory at fdf00000 (32-bit, non-prefetchable) [size=8K]
	Capabilities: [40] Power Management version 2
0000:02:07.0 Network controller: Broadcom Corporation BCM4301 802.11b (rev 02)
	Subsystem: Asustek Computer, Inc.: Unknown device 0120
	Flags: bus master, fast devsel, latency 64, IRQ 5
	Memory at fde00000 (32-bit, non-prefetchable) [size=8K]
	Capabilities: [40] Power Management version 2
Linux version 2.6.8.1 (thias@cinnamon) (gcc version 3.3.4 (Debian 1:3.3.4-9)) #1 Sat Aug 21 14:04:46 CEST 2004
BIOS-provided physical RAM map:
 BIOS-e820: 0000000000000000 - 000000000009fc00 (usable)
 BIOS-e820: 000000000009fc00 - 00000000000a0000 (reserved)
 BIOS-e820: 00000000000e8000 - 0000000000100000 (reserved)
 BIOS-e820: 0000000000100000 - 000000001df40000 (usable)
 BIOS-e820: 000000001df40000 - 000000001df50000 (ACPI data)
 BIOS-e820: 000000001df50000 - 000000001e000000 (ACPI NVS)
 BIOS-e820: 00000000ff7c0000 - 0000000100000000 (reserved)
479MB LOWMEM available.
On node 0 totalpages: 122688
  DMA zone: 4096 pages, LIFO batch:1
  Normal zone: 118592 pages, LIFO batch:16
  HighMem zone: 0 pages, LIFO batch:1
DMI 2.3 present.
ACPI: RSDP (v000 ACPIAM                                    ) @ 0x000fad90
ACPI: RSDT (v001 A M I  OEMRSDT  0x05000425 MSFT 0x00000097) @ 0x1df40000
ACPI: FADT (v001 A M I  OEMFACP  0x05000425 MSFT 0x00000097) @ 0x1df40200
ACPI: ECDT (v001 A M I  OEMECDT  0x05000425 MSFT 0x00000097) @ 0x1df40360
ACPI: OEMB (v001 A M I  OEMBIOS  0x05000425 MSFT 0x00000097) @ 0x1df50040
ACPI: DSDT (v001  A0009 A0009000 0x00000000 INTL 0x20030522) @ 0x00000000
Built 1 zonelists
Kernel command line: ro root=/dev/hda5 acpi_os_name="Microsoft Windows  XP"
Found and enabled local APIC!
Initializing CPU#0
CPU 0 irqstacks, hard=c0400000 soft=c03ff000
PID hash table entries: 2048 (order 11: 16384 bytes)
Detected 1400.274 MHz processor.
Using tsc for high-res timesource
Console: colour VGA+ 80x25
Dentry cache hash table entries: 65536 (order: 6, 262144 bytes)
Inode-cache hash table entries: 32768 (order: 5, 131072 bytes)
Memory: 482424k/490752k available (2055k kernel code, 7556k reserved, 829k data, 156k init, 0k highmem)
Checking if this processor honours the WP bit even in supervisor mode... Ok.
Calibrating delay loop... 2777.08 BogoMIPS
Mount-cache hash table entries: 512 (order: 0, 4096 bytes)
CPU: After generic identify, caps: a7e9fbbf 00000000 00000000 00000000
CPU: After vendor identify, caps:  a7e9fbbf 00000000 00000000 00000000
CPU: L1 I cache: 32K, L1 D cache: 32K
CPU: L2 cache: 1024K
CPU: After all inits, caps:        a7e9fbbf 00000000 00000000 00000040
Intel machine check architecture supported.
Intel machine check reporting enabled on CPU#0.
CPU: Intel(R) Pentium(R) M processor 1400MHz stepping 05
Enabling fast FPU save and restore... done.
Enabling unmasked SIMD FPU exception support... done.
Checking 'hlt' instruction... OK.
enabled ExtINT on CPU#0
ESR value before enabling vector: 00000000
ESR value after enabling vector: 00000000
Using local APIC timer interrupts.
calibrating APIC timer ...
..... CPU clock speed is 1399.0862 MHz.
..... host bus clock speed is 99.0990 MHz.
NET: Registered protocol family 16
PCI: PCI BIOS revision 2.10 entry at 0xf0031, last bus=3
PCI: Using configuration type 1
mtrr: v2.0 (20020519)
ACPI: Subsystem revision 20040326
ACPI: IRQ9 SCI: Level Trigger.
ACPI: Found ECDT
    ACPI-0347: *** Error: Handler for [EmbeddedControl] returned AE_TIME
    ACPI-1133: *** Error: Method execution failed [\_SB_.PCI0.SBRG.EC0_.RDC3] (Node ddeb37e0), AE_AML_NO_RETURN_VALUE
    ACPI-1133: *** Error: Method execution failed [\ECIO] (Node ddeb3320), AE_AML_NO_RETURN_VALUE
    ACPI-1133: *** Error: Method execution failed [\_SB_.PCI0.BAT0._STA] (Node ddeb2bc0), AE_AML_NO_RETURN_VALUE
    ACPI-0154: *** Error: Method execution failed [\_SB_.PCI0.BAT0._STA] (Node ddeb2bc0), AE_AML_NO_RETURN_VALUE
ACPI: Interpreter enabled
ACPI: Using PIC for interrupt routing
ACPI: PCI Root Bridge [PCI0] (00:00)
PCI: Probing PCI hardware (bus 00)
PCI: Ignoring BAR0-3 of IDE controller 0000:00:14.1
PCI: Transparent bridge - 0000:00:14.4
ACPI: PCI Interrupt Routing Table [\_SB_.PCI0._PRT]
ACPI: PCI Interrupt Routing Table [\_SB_.PCI0.P0P1._PRT]
ACPI: Embedded Controller [EC0] (gpe 6)
    ACPI-0347: *** Error: Handler for [EmbeddedControl] returned AE_TIME
    ACPI-1133: *** Error: Method execution failed [\_SB_.PCI0.SBRG.EC0_.RDC3] (Node ddeb37e0), AE_AML_NO_RETURN_VALUE
    ACPI-1133: *** Error: Method execution failed [\ECIO] (Node ddeb3320), AE_AML_NO_RETURN_VALUE
    ACPI-1133: *** Error: Method execution failed [\_SB_.PCI0.BAT0._STA] (Node ddeb2bc0), AE_AML_NO_RETURN_VALUE
ACPI: PCI Interrupt Routing Table [\_SB_.PCI0.P0P2._PRT]
ACPI: PCI Interrupt Link [LNKA] (IRQs 3 4 5 7 10 *11 12 14 15)
ACPI: PCI Interrupt Link [LNKB] (IRQs 3 4 *5 7 10 11 12 14 15)
ACPI: PCI Interrupt Link [LNKC] (IRQs 3 4 5 *7 10 11 12 14 15)
ACPI: PCI Interrupt Link [LNKD] (IRQs 3 4 5 7 *10 11 12 14 15)
Linux Kernel Card Services
  options:  [pci] [cardbus] [pm]
usbcore: registered new driver usbfs
usbcore: registered new driver hub
PCI: Using ACPI for IRQ routing
ACPI: PCI Interrupt Link [LNKD] enabled at IRQ 10
ACPI: PCI interrupt 0000:00:13.0[A] -> GSI 10 (level, low) -> IRQ 10
ACPI: PCI interrupt 0000:00:13.1[A] -> GSI 10 (level, low) -> IRQ 10
ACPI: PCI interrupt 0000:00:13.2[A] -> GSI 10 (level, low) -> IRQ 10
ACPI: PCI Interrupt Link [LNKA] enabled at IRQ 11
ACPI: PCI interrupt 0000:00:14.1[A] -> GSI 11 (level, low) -> IRQ 11
ACPI: PCI Interrupt Link [LNKB] enabled at IRQ 5
ACPI: PCI interrupt 0000:00:14.5[B] -> GSI 5 (level, low) -> IRQ 5
ACPI: PCI interrupt 0000:00:14.6[B] -> GSI 5 (level, low) -> IRQ 5
ACPI: PCI interrupt 0000:01:05.0[A] -> GSI 11 (level, low) -> IRQ 11
ACPI: PCI interrupt 0000:02:05.0[A] -> GSI 5 (level, low) -> IRQ 5
ACPI: PCI Interrupt Link [LNKC] enabled at IRQ 7
ACPI: PCI interrupt 0000:02:05.1[B] -> GSI 7 (level, low) -> IRQ 7
ACPI: PCI interrupt 0000:02:06.0[A] -> GSI 7 (level, low) -> IRQ 7
ACPI: PCI interrupt 0000:02:07.0[A] -> GSI 5 (level, low) -> IRQ 5
Machine check exception polling timer started.
VFS: Disk quotas dquot_6.5.1
Dquot-cache hash table entries: 1024 (order 0, 4096 bytes)
Initializing Cryptographic API
lp: driver loaded but no devices found
Linux agpgart interface v0.100 (c) Dave Jones
agpgart: Detected Ati IGP9100/M chipset
agpgart: Maximum main memory to use for agp memory: 409M
agpgart: AGP aperture is 64M @ 0xf8000000
Serial: 8250/16550 driver $Revision: 1.90 $ 8 ports, IRQ sharing disabled
ttyS1 at I/O 0x2f8 (irq = 3) is a 16550A
ACPI: PCI interrupt 0000:00:14.6[B] -> GSI 5 (level, low) -> IRQ 5
RAMDISK driver initialized: 16 RAM disks of 4096K size 1024 blocksize
Uniform Multi-Platform E-IDE driver Revision: 7.00alpha2
ide: Assuming 33MHz system bus speed for PIO modes; override with idebus=xx
ATIIXP: IDE controller at PCI slot 0000:00:14.1
ACPI: PCI interrupt 0000:00:14.1[A] -> GSI 11 (level, low) -> IRQ 11
ATIIXP: chipset revision 0
ATIIXP: not 100% native mode: will probe irqs later
    ide0: BM-DMA at 0xff00-0xff07, BIOS settings: hda:DMA, hdb:pio
    ide1: BM-DMA at 0xff08-0xff0f, BIOS settings: hdc:DMA, hdd:pio
hda: IC25N060ATMR04-0, ATA DISK drive
Using anticipatory io scheduler
ide0 at 0x1f0-0x1f7,0x3f6 on irq 14
hdc: TOSHIBA DVD-ROM SD-R2312, ATAPI CD/DVD-ROM drive
ide1 at 0x170-0x177,0x376 on irq 15
hda: max request size: 1024KiB
hda: 117210240 sectors (60011 MB) w/7884KiB Cache, CHS=16383/255/63, UDMA(100)
 hda: hda1 hda2 hda3 < hda5 hda6 hda7 hda8 hda9 hda10 >
ieee1394: Initialized config rom entry `ip1394'
usbcore: registered new driver hiddev
usbcore: registered new driver usbhid
drivers/usb/input/hid-core.c: v2.0:USB HID core driver
mice: PS/2 mouse device common for all mice
i8042.c: Detected active multiplexing controller, rev 1.1.
serio: i8042 AUX0 port at 0x60,0x64 irq 12
serio: i8042 AUX1 port at 0x60,0x64 irq 12
serio: i8042 AUX2 port at 0x60,0x64 irq 12
serio: i8042 AUX3 port at 0x60,0x64 irq 12
input: ImPS/2 Generic Wheel Mouse on isa0060/serio4
serio: i8042 KBD port at 0x60,0x64 irq 1
input: AT Translated Set 2 keyboard on isa0060/serio0
Advanced Linux Sound Architecture Driver Version 1.0.4 (Mon May 17 14:31:44 2004 UTC).
ALSA device list:
  No soundcards found.
NET: Registered protocol family 2
IP: routing cache hash table of 4096 buckets, 32Kbytes
TCP: Hash tables configured (established 32768 bind 65536)
NET: Registered protocol family 1
NET: Registered protocol family 17
speedstep-centrino: found "Intel(R) Pentium(R) M processor 1400MHz": max frequency: 1400000kHz
PM: Reading pmdisk image.
PM: Resume from disk failed.
ACPI: (supports S0 S3 S4 S5)
VFS: Mounted root (ext2 filesystem) readonly.
Freeing unused kernel memory: 156k freed
Adding 1004020k swap on /dev/hda1.  Priority:-1 extents:1
Real Time Clock Driver v1.12
Asus Laptop ACPI Extras version 0.28
  L4R model detected, unsupported, trying default values, supply the developers with your DSDT
ACPI: PCI interrupt 0000:00:14.5[B] -> GSI 5 (level, low) -> IRQ 5
ATI IXP AC97 controller: probe of 0000:00:14.5 failed with error -13
kjournald starting.  Commit interval 5 seconds
EXT3 FS on hda8, internal journal
EXT3-fs: mounted filesystem with ordered data mode.
kjournald starting.  Commit interval 5 seconds
EXT3 FS on hda9, internal journal
EXT3-fs: mounted filesystem with ordered data mode.
kjournald starting.  Commit interval 5 seconds
EXT3 FS on hda10, internal journal
EXT3-fs: mounted filesystem with ordered data mode.
ohci_hcd: 2004 Feb 02 USB 1.1 'Open' Host Controller (OHCI) Driver (PCI)
ohci_hcd: block sizes: ed 64 td 64
ACPI: PCI interrupt 0000:00:13.0[A] -> GSI 10 (level, low) -> IRQ 10
ohci_hcd 0000:00:13.0: PCI device 1002:4347 (ATI Technologies Inc)
ohci_hcd 0000:00:13.0: irq 10, pci mem de8d1000
ohci_hcd 0000:00:13.0: new USB bus registered, assigned bus number 1
hub 1-0:1.0: USB hub found
hub 1-0:1.0: 3 ports detected
ACPI: PCI interrupt 0000:00:13.1[A] -> GSI 10 (level, low) -> IRQ 10
ohci_hcd 0000:00:13.1: PCI device 1002:4348 (ATI Technologies Inc)
ohci_hcd 0000:00:13.1: irq 10, pci mem de8dc000
ohci_hcd 0000:00:13.1: new USB bus registered, assigned bus number 2
hub 2-0:1.0: USB hub found
hub 2-0:1.0: 3 ports detected
ACPI: PCI interrupt 0000:00:13.2[A] -> GSI 10 (level, low) -> IRQ 10
ehci_hcd 0000:00:13.2: PCI device 1002:4345 (ATI Technologies Inc)
ehci_hcd 0000:00:13.2: irq 10, pci mem de8de000
ehci_hcd 0000:00:13.2: new USB bus registered, assigned bus number 3
ehci_hcd 0000:00:13.2: USB 2.0 enabled, EHCI 1.00, driver 2004-May-10
hub 3-0:1.0: USB hub found
hub 3-0:1.0: 6 ports detected
hub 3-0:1.0: over-current change on port 1
hub 3-0:1.0: over-current change on port 6
ACPI: PCI interrupt 0000:02:05.0[A] -> GSI 5 (level, low) -> IRQ 5
Yenta: CardBus bridge found at 0000:02:05.0 [1043:1834]
Yenta: ISA IRQ mask 0x0018, PCI irq 5
Socket status: 30000006
ohci1394: $Rev: 1223 $ Ben Collins <bcollins@debian.org>
ACPI: PCI interrupt 0000:02:05.1[B] -> GSI 7 (level, low) -> IRQ 7
ohci1394: fw-host0: OHCI-1394 1.0 (PCI): IRQ=[7]  MMIO=[fe000000-fe0007ff]  Max Packet=[2048]
b44.c:v0.94 (May 4, 2004)
ACPI: PCI interrupt 0000:02:06.0[A] -> GSI 7 (level, low) -> IRQ 7
eth0: Broadcom 4400 10/100BaseT Ethernet 00:0e:a6:8e:d1:c5
ieee1394: Host added: ID:BUS[0-00:1023]  GUID[00e018000317baeb]
ip1394: $Rev: 1224 $ Ben Collins <bcollins@debian.org>
ip1394: eth1: IEEE-1394 IPv4 over 1394 Ethernet (fw-host0)
ip_conntrack version 2.1 (3834 buckets, 30672 max) - 296 bytes per conntrack
ip_tables: (C) 2000-2002 Netfilter core team
b44: eth0: Link is down.
[unhandled content-type:application/octet-stream][unhandled content-type:application/pgp-signature]