Date: Sun, 8 May 2005 11:21:07 +0800
From: jeanwelly <>
Subject: Linux2.6.11: Stop at -- Freeing init memory: 96K
Sender: linux-kernel-owner@vger.kernel.org
Precedence: bulk
List-ID: <linux-kernel.vger.kernel.org>
X-Mailing-List: linux-kernel@vger.kernel.org
X-Lkml-Link: https://lkml.org/lkml/2005/5/7/125

Hi, all
    I am using 2.6.11 on S3C2410 ARM platform.
I am using NFS for test...
When booting, it stop at -- Freeing init memory: 96K  
My root filesystem is for 2.4.18, but I think it can be boot for 2.6.11
Thanks.
My .config file is attached.
-------------------------------
vivi> param set linux_cmd_line "noinitrd console=ttySAC0 init=/linuxrc
root=/de"Change linux command line to "noinitrd console=ttySAC0
init=/linuxrc root=/dev/"vivi> param save
Found block size = 0x0000c000 
Erasing... ... done 
Writing... ... done 
Written 49152 bytes 
Saved vivi private data 
vivi> boot 
Copy linux kernel from 0x00030000 to 0x30008000, size = 0x001d0000 ... done 
zImage magic = 0x016f2818 
Setup linux parameters at 0x30000100 
linux command line is: "noinitrd console=ttySAC0 init=/linuxrc
root=/dev/nfs nf"MACH_TYPE = 193
NOW, Booting Linux...... 
Uncompressing Linux.............................................................Linux
version 2.6.11 (root@localhost.localdomain) (gcc version 3.4.1) #26
Thu A5CPU: ARM920Tid(wb) [41129200] revision 0 (ARMv4T)
CPU0: D VIVT write-back cache 
CPU0: I cache: 16384 bytes, associativity 64, 32 byte lines, 8 sets 
CPU0: D cache: 16384 bytes, associativity 64, 32 byte lines, 8 sets 
Machine: SMDK2410 
ATAG_INITRD is deprecated; please update your bootloader. 
Memory policy: ECC disabled, Data cache writeback 
CPU S3C2410 (id 0x32410000) 
S3C2410: core 200.000 MHz, memory 100.000 MHz, peripheral 50.000 MHz 
S3C2410 Clock control, (c) 2004 Simtec Electronics 
Built 1 zonelists 
Kernel command line: noinitrd console=ttySAC0 init=/linuxrc
root=/dev/nfs nfsrofirq: clearing pending ext status 00000100
irq: clearing subpending status 00000003 
irq: clearing subpending status 00000002 
PID hash table entries: 512 (order: 9, 8192 bytes) 
timer tcon=00000000, tcnt a2c1, tcfg 00000200,00000000, usec 00001eb8 
Console: colour dummy device 80x30 
Dentry cache hash table entries: 16384 (order: 4, 65536 bytes) 
Inode-cache hash table entries: 8192 (order: 3, 32768 bytes) 
Memory: 64MB = 64MB total 
Memory: 62336KB available (1818K code, 543K data, 96K init) 
Mount-cache hash table entries: 512 (order: 0, 4096 bytes) 
CPU: Testing write buffer coherency: ok 
NET: Registered protocol family 16 
S3C2410: Initialising architecture 
S3C2410 DMA Driver, (c) 2003-2004 Simtec Electronics 
DMA channel 0 at c4800000, irq 33 
DMA channel 1 at c4800040, irq 34 
DMA channel 2 at c4800080, irq 35 
DMA channel 3 at c48000c0, irq 36 
VFS: Disk quotas dquot_6.5.1 
Dquot-cache hash table entries: 1024 (order 0, 4096 bytes) 
devfs: 2004-01-31 Richard Gooch (rgooch@atnf.csiro.au) 
devfs: devfs_debug: 0x0 
devfs: boot_options: 0x1 
Initializing Cryptographic API 
Real Time Clock Driver v1.12 
S3C2410 RTC, (c) 2004 Simtec Electronics 
S3C2410 Watchdog Timer, (c) 2004 Simtec Electronics 
s3c2410_serial0 at MMIO 0x50000000 (irq = 70) is a S3C2410 
s3c2410_serial1 at MMIO 0x50004000 (irq = 73) is a S3C2410 
s3c2410_serial2 at MMIO 0x50008000 (irq = 76) is a S3C2410 
io scheduler noop registered 
io scheduler anticipatory registered 
io scheduler deadline registered 
io scheduler cfq registered 
RAMDISK driver initialized: 16 RAM disks of 4096K size 1024 blocksize 
nbd: registered device at major 43 
Cirrus Logic CS8900A driver for Linux (Modified for SMDK2410) 
eth0: CS8900A rev E at 0xe0000300 irq=53, no eeprom , addr: 08: 0:3E:26:0A:5B 
Uniform Multi-Platform E-IDE driver Revision: 7.00alpha2 
ide: Assuming 50MHz system bus speed for PIO modes; override with idebus=xx 
ide-floppy driver 0.99.newide 
S3C2410 NAND Driver, (c) 2004 Simtec Electronics 
s3c2410-nand: mapped registers at c4a00000 
s3c2410-nand: timing: Tacls 10ns, Twrph0 40ns, Twrph1 10ns 
NAND device: Manufacturer ID: 0xec, Chip ID: 0x76 (Samsung NAND 64MiB
3,3V 8-bi)NAND_ECC_NONE selected by board driver. This is not
recommended !!
Scanning device for bad blocks 
Creating 5 MTD partitions on "NAND 64MiB 3,3V 8-bit": 
0x00000000-0x00020000 : "vivi" 
mtd: Giving out device 0 to vivi 
0x00020000-0x00030000 : "param" 
mtd: Giving out device 1 to param 
0x00030000-0x001f0000 : "kernel" 
mtd: Giving out device 2 to kernel 
0x00200000-0x00400000 : "root" 
mtd: Giving out device 3 to root 
0x00400000-0x04000000 : "user" 
mtd: Giving out device 4 to user 
mice: PS/2 mouse device common for all mice 
NET: Registered protocol family 2 
IP: routing cache hash table of 512 buckets, 4Kbytes 
TCP established hash table entries: 4096 (order: 3, 32768 bytes) 
TCP bind hash table entries: 4096 (order: 2, 16384 bytes) 
TCP: Hash tables configured (established 4096 bind 4096) 
NET: Registered protocol family 1 
IP-Config: Complete: 
device=eth0, addr=192.168.16.155, mask=255.255.255.0, gw=192.168.16.122, 
host=192.168.16.155, domain=, nis-domain=(none), 
bootserver=192.168.16.122, rootserver=192.168.16.122, rootpath= 
Looking up port of RPC 100003/2 on 192.168.16.122 
Looking up port of RPC 100005/1 on 192.168.16.122 
VFS: Mounted root (nfs filesystem). 
Mounted devfs on /dev 
Freeing init memory: 96K  <<<---------- Stop here.
-- 
jeanwelly
Email:  jeanwelly@gmail.com
China
[unhandled content-type:application/octet-stream]