Date: Sun, 3 Jun 2001 05:18:05 +0300 (EET DST)
From: mythos <>
Subject: Re: Intellimouse in 2.4.5-ac7
Sender: linux-kernel-owner@vger.kernel.org
Precedence: bulk
List-ID: <linux-kernel.vger.kernel.org>
X-Mailing-List: linux-kernel@vger.kernel.org
X-Lkml-Link: https://lkml.org/lkml/2001/6/2/98

I don't know what is the problem but the kernel doesn't report the IRQ of
the UHCI.So no mouse.Maybe something wrong with the config?Please help.
I have included dmesg.
Linux version 2.4.5-ac7 (root@Santorini) (gcc version 2.95.3 20010315 (release)) #1 Êõñ Éïýí 3 02:59:47 EEST 2001
BIOS-provided physical RAM map:
 BIOS-e820: 0000000000000000 - 000000000009fc00 (usable)
 BIOS-e820: 000000000009fc00 - 00000000000a0000 (reserved)
 BIOS-e820: 00000000000f0000 - 0000000000100000 (reserved)
 BIOS-e820: 0000000000100000 - 000000000ffec000 (usable)
 BIOS-e820: 000000000ffec000 - 000000000ffef000 (ACPI data)
 BIOS-e820: 000000000ffef000 - 000000000ffff000 (reserved)
 BIOS-e820: 000000000ffff000 - 0000000010000000 (ACPI NVS)
 BIOS-e820: 00000000ffff0000 - 0000000100000000 (reserved)
On node 0 totalpages: 65516
zone(0): 4096 pages.
zone(1): 61420 pages.
zone(2): 0 pages.
Local APIC disabled by BIOS -- reenabling.
Found and enabled local APIC!
Kernel command line: auto BOOT_IMAGE=try ro root=304 BOOT_FILE=/boot/vmlinuz.try parport=0x378,7,3 video=matrox:vesa:0x11A,fh:85,fv:80
Initializing CPU#0
Detected 609.046 MHz processor.
Console: colour VGA+ 80x25
Calibrating delay loop... 1215.69 BogoMIPS
Memory: 254868k/262064k available (1433k kernel code, 6808k reserved, 453k data, 220k init, 0k highmem)
Dentry-cache hash table entries: 32768 (order: 6, 262144 bytes)
Inode-cache hash table entries: 16384 (order: 5, 131072 bytes)
Buffer-cache hash table entries: 16384 (order: 4, 65536 bytes)
Page-cache hash table entries: 65536 (order: 6, 262144 bytes)
CPU: Before vendor init, caps: 0183fbff c1c3fbff 00000000, vendor = 2
Intel machine check architecture supported.
Intel machine check reporting enabled on CPU#0.
CPU: L1 I Cache: 64K (64 bytes/line), D cache 64K (64 bytes/line)
CPU: L2 Cache: 512K (64 bytes/line)
CPU: After vendor init, caps: 0183fbff c1c3fbff 00000000 00000000
CPU:     After generic, caps: 0183fbff c1c3fbff 00000000 00000000
CPU:             Common caps: 0183fbff c1c3fbff 00000000 00000000
CPU: AMD Athlon(tm) Processor stepping 01
Enabling fast FPU save and restore... done.
Checking 'hlt' instruction... OK.
POSIX conformance testing by UNIFIX
enabled ExtINT on CPU#0
ESR value before enabling vector: 00000000
ESR value after enabling vector: 00000000
Using local APIC timer interrupts.
calibrating APIC timer ...
..... CPU clock speed is 609.0596 MHz.
..... host bus clock speed is 203.0200 MHz.
cpu: 0, clocks: 2030200, slice: 1015100
CPU0<T0:2030192,T1:1015088,D:4,S:1015100,C:2030200>
mtrr: v1.40 (20010327) Richard Gooch (rgooch@atnf.csiro.au)
mtrr: detected mtrr type: Intel
PCI: PCI BIOS revision 2.10 entry at 0xf1010, last bus=1
PCI: Using configuration type 1
PCI: Probing PCI hardware
Unknown bridge resource 0: assuming transparent
PCI: Using IRQ router VIA [1106/0686] at 00:04.0
PCI: Disabling Via external APIC routing
isapnp: Scanning for PnP cards...
isapnp: No Plug & Play device found
PnP: PNP BIOS installation structure at 0xc00fc2b0
PnP: PNP BIOS version 1.0, entry at f0000:c2e0, dseg at f0000
Linux NET4.0 for Linux 2.4
Based upon Swansea University Computer Society NET3.039
IA-32 Microcode Update Driver: v1.08 <tigran@veritas.com>
apm: BIOS version 1.2 Flags 0x03 (Driver version 1.14)
Starting kswapd v1.8
udf: registering filesystem
0x378: FIFO is 16 bytes
0x378: writeIntrThreshold is 8
0x378: readIntrThreshold is 8
0x378: PWord is 8 bits
0x378: Interrupts are ISA-Pulses
0x378: ECP port cfgA=0x10 cfgB=0x00
0x378: ECP settings irq=<none or set by other means> dma=<none or set by other means>
parport0: PC-style at 0x378 (0x778), irq 7, dma 3 [PCSPP,TRISTATE,COMPAT,ECP,DMA]
parport0: cpp_daisy: aa5500ff(00)
parport0: assign_addrs: aa5500ff(00)
parport0: cpp_daisy: aa5500ff(00)
parport0: assign_addrs: aa5500ff(00)
i2c-core.o: i2c core module
i2c-dev.o: i2c /dev entries driver module
i2c-core.o: driver i2c-dev dummy driver registered.
i2c-algo-bit.o: i2c bit algorithm module
matroxfb: Matrox Millennium G400 MAX (AGP) detected
matroxfb: MTRR's turned on
matroxfb: 1280x1024x16bpp (virtual: 1280x6552)
matroxfb: framebuffer at 0xDE000000, mapped to 0xd0805000, size 33554432
Console: switching to colour frame buffer device 160x64
fb0: MATROX VGA frame buffer device
pty: 256 Unix98 ptys configured
lp0: using parport0 (interrupt-driven).
Serial driver version 5.05b (2001-05-03) with MANY_PORTS SHARE_IRQ SERIAL_PCI ISAPNP enabled
ttyS00 at 0x03f8 (irq = 4) is a 16550A
ttyS01 at 0x02f8 (irq = 3) is a 16550A
block: queued sectors max/low 169258kB/56419kB, 512 slots per queue
Uniform Multi-Platform E-IDE driver Revision: 6.31
ide: Assuming 33MHz system bus speed for PIO modes; override with idebus=xx
VP_IDE: IDE controller on PCI bus 00 dev 21
VP_IDE: chipset revision 16
VP_IDE: not 100% native mode: will probe irqs later
ide: Assuming 33MHz system bus speed for PIO modes; override with idebus=xx
VP_IDE: VIA vt82c686a (rev 21) IDE UDMA66 controller on pci00:04.1
    ide0: BM-DMA at 0xd800-0xd807, BIOS settings: hda:DMA, hdb:DMA
    ide1: BM-DMA at 0xd808-0xd80f, BIOS settings: hdc:DMA, hdd:pio
hda: WDC WD153BA, ATA DISK drive
hdb: Pioneer DVD-ROM ATAPIModel DVD-116 0107, ATAPI CD/DVD-ROM drive
hdc: FUJITSU MPB3021ATU, ATA DISK drive
hdd: IOMEGA ZIP 100 ATAPI, ATAPI FLOPPY drive
ide0 at 0x1f0-0x1f7,0x3f6 on irq 14
ide1 at 0x170-0x177,0x376 on irq 15
hda: 30043440 sectors (15382 MB) w/2048KiB Cache, CHS=1870/255/63, UDMA(66)
hdc: 4124736 sectors (2112 MB), CHS=4092/16/63, UDMA(33)
hdb: ATAPI 40X DVD-ROM drive, 256kB Cache, UDMA(66)
Uniform CD-ROM driver Revision: 3.12
hdd: 98304kB, 32/64/96 CHS, 4096 kBps, 512 sector size, 2941 rpm
ide-floppy: hdd: I/O error, pc = 5a, key =  5, asc = 24, ascq =  0
Partition check:
 hda: hda1 hda2 hda3 hda4
 hdc: hdc1
Floppy drive(s): fd0 is 1.44M
FDC 0 is a post-1991 82077
Loading I2O Core - (c) Copyright 1999 Red Hat Software
Linux I2O PCI support (c) 1999 Red Hat Software.
i2o: Checking for PCI I2O controllers...
I2O configuration manager v 0.04.
  (C) Copyright 1999 Red Hat Software
I2O Block Storage OSM v0.9
   (c) Copyright 1999-2001 Red Hat Software.
i2o_block: Checking for Boot device...
i2o_block: Checking for I2O Block devices...
loop: loaded (max 8 devices)
PPP generic driver version 2.4.1
PPP Deflate Compression module registered
PPP BSD Compression module registered
Linux agpgart interface v0.99 (c) Jeff Hartmann
agpgart: Maximum main memory to use for agp memory: 203M
agpgart: Detected Via Apollo Pro chipset
agpgart: AGP aperture is 128M @ 0xe0000000
i2c-dev.o: Registered 'DDC:fb0 #0 on i2c-matroxfb' as minor 0
i2c-core.o: adapter DDC:fb0 #0 on i2c-matroxfb registered as adapter 0.
i2c-dev.o: Registered 'DDC:fb0 #1 on i2c-matroxfb' as minor 1
i2c-core.o: adapter DDC:fb0 #1 on i2c-matroxfb registered as adapter 1.
i2c-dev.o: Registered 'MAVEN:fb0 on i2c-matroxfb' as minor 2
i2c-core.o: adapter MAVEN:fb0 on i2c-matroxfb registered as adapter 2.
i2c-core.o: driver maven registered.
i2c-core.o: client [maven client] registered to adapter [MAVEN:fb0 on i2c-matroxfb](pos. 0).
matroxfb_crtc2: secondary head of fb0 was registered as fb1
usb.c: registered new driver usbdevfs
usb.c: registered new driver hub
usb.c: registered new driver hid
hid-core.c: v1.8 Andreas Gal, Vojtech Pavlik <vojtech@suse.cz>
hid-core.c: USB HID support drivers
mice: PS/2 mouse device common for all mice
ACPI: APM is already active, exiting
LVM version 0.9.1_beta3  by Heinz Mauelshagen  (25/01/2001)
lvm -- Driver successfully initialized
NET4: Linux TCP/IP 1.0 for NET4.0
IP Protocols: ICMP, UDP, TCP, IGMP
IP: routing cache hash table of 2048 buckets, 16Kbytes
TCP: Hash tables configured (established 16384 bind 16384)
NET4: Unix domain sockets 1.0/SMP for Linux NET4.0.
UDF-fs DEBUG lowlevel.c:65:udf_get_last_session: CDROMMULTISESSION not supported: rc=-5
UDF-fs DEBUG super.c:1315:udf_read_super: Multi-session=0
UDF-fs DEBUG misc.c:313:udf_read_tagged: location mismatch block 256, tag 202640 != 256
UDF-fs DEBUG super.c:1324:udf_read_super: Lastblock=0
UDF-fs DEBUG super.c:388:udf_vrs: Starting at sector 16 (2048 byte sectors)
UDF-fs DEBUG super.c:1079:udf_check_valid: Failed to read byte 32768. Assuming open disc. Skipping validity check
UDF-fs DEBUG super.c:1131:udf_load_partition: No Anchor block found
UDF-fs: No partition found (1)
reiserfs: checking transaction log (device 03:04) ...
Using tea hash to sort names
reiserfs: using 3.5.x disk format
ReiserFS version 3.6.25
VFS: Mounted root (reiserfs filesystem) readonly.
Freeing unused kernel memory: 220k freed
Adding Swap: 48184k swap-space (priority -1)
Adding Swap: 192772k swap-space (priority -2)
reiserfs: checking transaction log (device 16:01) ...
Using r5 hash to sort names
ReiserFS version 3.6.25
VFS: Disk change detected on device ide0(3,64)
hdc: DMA disabled
[drm] AGP 0.99 on VIA Apollo Pro @ 0xe0000000 128MB
[drm] Initialized mga 3.0.2 20010321 on minor 0
Warning: Remapping obsolete /dev/fb* minor 32 to 1
PCI: Found IRQ 10 for device 00:0b.0