Date: Thu, 27 Oct 2005 23:00:47 +0200
From: Marcel Holtmann <>
Subject: Re: 4GB memory and Intel Dual-Core system
Sender: linux-kernel-owner@vger.kernel.org
Precedence: bulk
List-ID: <linux-kernel.vger.kernel.org>
X-Mailing-List: linux-kernel@vger.kernel.org
X-Lkml-Link: https://lkml.org/lkml/2005/10/27/137

Hi Roland,
>     > BIOS-provided physical RAM map:
>     >  BIOS-e820: 0000000000000000 - 000000000009fc00 (usable)
>     >  BIOS-e820: 000000000009fc00 - 00000000000a0000 (reserved)
>     >  BIOS-e820: 00000000000edbb0 - 0000000000100000 (reserved)
>     >  BIOS-e820: 0000000000100000 - 00000000cec11000 (usable)
>     >  BIOS-e820: 00000000cec11000 - 00000000cee12000 (ACPI NVS)
>     >  BIOS-e820: 00000000cee12000 - 00000000cf68f000 (usable)
>     >  BIOS-e820: 00000000cf68f000 - 00000000cf6e9000 (ACPI NVS)
>     >  BIOS-e820: 00000000cf6e9000 - 00000000cf6ed000 (usable)
>     >  BIOS-e820: 00000000cf6ed000 - 00000000cf6ff000 (ACPI data)
>     >  BIOS-e820: 00000000cf6ff000 - 00000000cf700000 (usable)
> 
> If that's the full e820 map, then I guess the question is why did the
> BIOS not tell you about any memory above 0xcf700000?
yes, that's it. Attached is the full dmesg of the last boot.
Regards
Marcel