Date: Mon, 26 Jan 2004 13:11:43 -0500
From: Paul Blazejowski <>
Subject: [2.6.2-rc1-mm3] Badness in interruptible_sleep_on.
Sender: linux-kernel-owner@vger.kernel.org
Precedence: bulk
List-ID: <linux-kernel.vger.kernel.org>
X-Mailing-List: linux-kernel@vger.kernel.org
X-Lkml-Link: https://lkml.org/lkml/2004/1/26/113

Hello Andrew,
I see these panics rated to pagebuf from XFS on:
Linux blaze 2.6.2-rc1-mm3 #1 Sun Jan 25 18:24:01 EST 2004 i686 AMD
Athlon(tm) XP 3200+ AuthenticAMD GNU/Linux
Code snip:
Badness in interruptible_sleep_on at kernel/sched.c:2242
Call Trace:
 [<c011cb93>] interruptible_sleep_on+0x103/0x110
 [<c011c740>] default_wake_function+0x0/0x20
 [<c0209db0>] pagebuf_daemon+0x0/0x260
 [<c0209ff4>] pagebuf_daemon+0x244/0x260
ret_from_fork+0x6/0x14
 [<c0209d80>] pagebuf_daemon_wakeup+0x0/0x30
 [<c0209db0>] <6>hda: 58633344 sectors (30020 MB) w/2048KiB Cache,
CHS=58168/16/63, UDMA(100)
 hda: hda1
pagebuf_daemon+0x0/0x260
 [<c0108e49>] kernel_thread_helper+0x5/0xc
Also this creaps in:
atkbd.c: Unknown key released (translated set 2, code 0x7a on
isa0060/serio0).
atkbd.c: This is an XFree86 bug. It shouldn't access hardware directly.
atkbd.c: Unknown key released (translated set 2, code 0x7a on
isa0060/serio0).
atkbd.c: This is an XFree86 bug. It shouldn't access hardware directly.
request_module: failed /sbin/modprobe -- block-major-11-0. error = 256
Regards,
Paul B.
Linux version 2.6.2-rc1-mm3 (root@blaze) (gcc version 3.3.2) #1 Sun Jan 25 18:24:01 EST 2004
BIOS-provided physical RAM map:
 BIOS-e820: 0000000000000000 - 000000000009fc00 (usable)
 BIOS-e820: 000000000009fc00 - 00000000000a0000 (reserved)
 BIOS-e820: 00000000000f0000 - 0000000000100000 (reserved)
 BIOS-e820: 0000000000100000 - 000000003fff0000 (usable)
 BIOS-e820: 000000003fff0000 - 000000003fff3000 (ACPI NVS)
 BIOS-e820: 000000003fff3000 - 0000000040000000 (ACPI data)
 BIOS-e820: 00000000fec00000 - 00000000fec01000 (reserved)
 BIOS-e820: 00000000fee00000 - 00000000fee01000 (reserved)
 BIOS-e820: 00000000ffff0000 - 0000000100000000 (reserved)
127MB HIGHMEM available.
896MB LOWMEM available.
found SMP MP-table at 000f5330
hm, page 000f5000 reserved twice.
hm, page 000f6000 reserved twice.
hm, page 000f0000 reserved twice.
hm, page 000f1000 reserved twice.
zapping low mappings.
On node 0 totalpages: 262128
  DMA zone: 4096 pages, LIFO batch:1
  Normal zone: 225280 pages, LIFO batch:16
  HighMem zone: 32752 pages, LIFO batch:7
DMI 2.3 present.
ACPI: RSDP (v000 Nvidia                                    ) @ 0x000f6d30
ACPI: RSDT (v001 Nvidia AWRDACPI 0x42302e31 AWRD 0x01010101) @ 0x3fff3000
ACPI: FADT (v001 Nvidia AWRDACPI 0x42302e31 AWRD 0x01010101) @ 0x3fff3040
ACPI: MADT (v001 Nvidia AWRDACPI 0x42302e31 AWRD 0x01010101) @ 0x3fff7640
ACPI: DSDT (v001 NVIDIA AWRDACPI 0x00001000 MSFT 0x0100000c) @ 0x00000000
ACPI: Local APIC address 0xfee00000
ACPI: LAPIC (acpi_id[0x00] lapic_id[0x00] enabled)
Processor #0 6:10 APIC version 16
ACPI: LAPIC_NMI (acpi_id[0x00] dfl dfl lint[0x1])
ACPI: IOAPIC (id[0x02] address[0xfec00000] global_irq_base[0x0])
IOAPIC[0]: Assigned apic_id 2
IOAPIC[0]: apic_id 2, version 17, address 0xfec00000, IRQ 0-23
ACPI: INT_SRC_OVR (bus 0 bus_irq 0 global_irq 2 dfl dfl)
ACPI: INT_SRC_OVR (bus 0 bus_irq 9 global_irq 9 high level)
ACPI BALANCE SET
Enabling APIC mode:  Flat.  Using 1 I/O APICs
Using ACPI (MADT) for SMP configuration information
Built 1 zonelists
Kernel command line: auto BOOT_IMAGE=Slackware ro root=801 rootflags=quota console=ttyS0,57600n8 console=tty0
current: c0392a60
current->thread_info: c0408000
Initializing CPU#0
PID hash table entries: 4096 (order 12: 32768 bytes)
Detected 2204.975 MHz processor.
Using tsc for high-res timesource
Console: colour dummy device 80x25
Memory: 1033604k/1048512k available (2308k kernel code, 14000k reserved, 790k data, 176k init, 131008k highmem)
Calibrating delay loop... 4358.14 BogoMIPS
Dentry cache hash table entries: 131072 (order: 7, 524288 bytes)
Inode-cache hash table entries: 65536 (order: 6, 262144 bytes)
Mount-cache hash table entries: 512 (order: 0, 4096 bytes)
checking if image is initramfs...it isn't (ungzip failed); looks like an initrd
Freeing initrd memory: 38k freed
CPU:     After generic identify, caps: 0383fbff c1c3fbff 00000000 00000000
CPU:     After vendor identify, caps: 0383fbff c1c3fbff 00000000 00000000
CPU: L1 I Cache: 64K (64 bytes/line), D cache 64K (64 bytes/line)
CPU: L2 Cache: 512K (64 bytes/line)
CPU:     After all inits, caps: 0383fbff c1c3fbff 00000000 00000020
Intel machine check architecture supported.
Intel machine check reporting enabled on CPU#0.
CPU: AMD Athlon(tm) XP 3200+ stepping 00
Enabling fast FPU save and restore... done.
Enabling unmasked SIMD FPU exception support... done.
Checking 'hlt' instruction... OK.
POSIX conformance testing by UNIFIX
enabled ExtINT on CPU#0
ESR value before enabling vector: 00000000
ESR value after enabling vector: 00000000
ENABLING IO-APIC IRQs
init IO_APIC IRQs
 IO-APIC (apicid-pin) 2-0, 2-16, 2-17, 2-18, 2-19, 2-20, 2-21, 2-22, 2-23 not connected.
..TIMER: vector=0x31 pin1=2 pin2=-1
..MP-BIOS bug: 8254 timer not connected to IO-APIC
...trying to set up timer (IRQ0) through the 8259A ...  failed.
...trying to set up timer as Virtual Wire IRQ... failed.
...trying to set up timer as ExtINT IRQ... works.
Using local APIC timer interrupts.
calibrating APIC timer ...
..... CPU clock speed is 2204.0554 MHz.
..... host bus clock speed is 400.0828 MHz.
NET: Registered protocol family 16
PCI: PCI BIOS revision 2.10 entry at 0xfaf10, last bus=3
PCI: Using configuration type 1
mtrr: v2.0 (20020519)
ACPI: Subsystem revision 20040116
IOAPIC[0]: Set PCI routing entry (2-9 -> 0x71 -> IRQ 9 Mode:1 Active:0)
ACPI: Interpreter enabled
ACPI: Using IOAPIC for interrupt routing
ACPI: PCI Root Bridge [PCI0] (00:00)
PCI: Probing PCI hardware (bus 00)
ACPI: PCI Interrupt Routing Table [\_SB_.PCI0._PRT]
ACPI: PCI Interrupt Routing Table [\_SB_.PCI0.HUB0._PRT]
ACPI: PCI Interrupt Routing Table [\_SB_.PCI0.AGPB._PRT]
ACPI: PCI Interrupt Link [LNK1] (IRQs 3 4 5 6 7 *9 10 11 12 14 15)
ACPI: PCI Interrupt Link [LNK2] (IRQs 3 4 *5 6 7 9 10 11 12 14 15)
ACPI: PCI Interrupt Link [LNK3] (IRQs 3 4 5 6 7 9 10 *11 12 14 15)
ACPI: PCI Interrupt Link [LNK4] (IRQs 3 4 5 6 7 9 10 *11 12 14 15)
ACPI: PCI Interrupt Link [LNK5] (IRQs 3 4 5 6 7 9 10 11 12 14 15)
ACPI: PCI Interrupt Link [LUBA] (IRQs 3 4 5 6 7 9 10 *11 12 14 15)
ACPI: PCI Interrupt Link [LUBB] (IRQs 3 4 5 6 7 *9 10 11 12 14 15)
ACPI: PCI Interrupt Link [LMAC] (IRQs 3 4 5 6 7 9 10 11 12 14 15)
ACPI: PCI Interrupt Link [LAPU] (IRQs 3 4 5 6 7 *9 10 11 12 14 15)
ACPI: PCI Interrupt Link [LACI] (IRQs 3 4 *5 6 7 9 10 11 12 14 15)
ACPI: PCI Interrupt Link [LMCI] (IRQs 3 4 5 6 7 9 10 11 12 14 15)
ACPI: PCI Interrupt Link [LSMB] (IRQs 3 4 *5 6 7 9 10 11 12 14 15)
ACPI: PCI Interrupt Link [LUB2] (IRQs 3 4 *5 6 7 9 10 11 12 14 15)
ACPI: PCI Interrupt Link [LFIR] (IRQs 3 4 5 6 7 9 10 *11 12 14 15)
ACPI: PCI Interrupt Link [L3CM] (IRQs 3 4 5 6 7 9 10 11 12 14 15)
ACPI: PCI Interrupt Link [LIDE] (IRQs 3 4 5 6 7 9 10 11 12 14 15)
ACPI: PCI Interrupt Link [APC1] (IRQs *16)
ACPI: PCI Interrupt Link [APC2] (IRQs *17)
ACPI: PCI Interrupt Link [APC3] (IRQs *18)
ACPI: PCI Interrupt Link [APC4] (IRQs *19)
ACPI: PCI Interrupt Link [APC5] (IRQs 16)
ACPI: PCI Interrupt Link [APCF] (IRQs 20 21 22)
ACPI: PCI Interrupt Link [APCG] (IRQs 20 21 22)
ACPI: PCI Interrupt Link [APCH] (IRQs 20 21 22)
ACPI: PCI Interrupt Link [APCI] (IRQs 20 21 22)
ACPI: PCI Interrupt Link [APCJ] (IRQs 20 21 22)
ACPI: PCI Interrupt Link [APCK] (IRQs 20 21 22)
ACPI: PCI Interrupt Link [APCS] (IRQs *23)
ACPI: PCI Interrupt Link [APCL] (IRQs 20 21 22)
ACPI: PCI Interrupt Link [APCM] (IRQs 20 21 22)
ACPI: PCI Interrupt Link [AP3C] (IRQs 20 21 22)
ACPI: PCI Interrupt Link [APCZ] (IRQs 20 21 22)
SCSI subsystem initialized
drivers/usb/core/usb.c: registered new driver usbfs
drivers/usb/core/usb.c: registered new driver hub
ACPI: PCI Interrupt Link [APCS] enabled at IRQ 23
IOAPIC[0]: Set PCI routing entry (2-23 -> 0xa9 -> IRQ 23 Mode:1 Active:0)
00:00:01[A] -> 2-23 -> IRQ 23
Pin 2-23 already programmed
ACPI: PCI Interrupt Link [APCF] enabled at IRQ 20
IOAPIC[0]: Set PCI routing entry (2-20 -> 0xb1 -> IRQ 20 Mode:1 Active:0)
00:00:02[A] -> 2-20 -> IRQ 20
ACPI: PCI Interrupt Link [APCG] enabled at IRQ 22
IOAPIC[0]: Set PCI routing entry (2-22 -> 0xb9 -> IRQ 22 Mode:1 Active:0)
00:00:02[B] -> 2-22 -> IRQ 22
ACPI: PCI Interrupt Link [APCL] enabled at IRQ 21
IOAPIC[0]: Set PCI routing entry (2-21 -> 0xc1 -> IRQ 21 Mode:1 Active:0)
00:00:02[C] -> 2-21 -> IRQ 21
ACPI: PCI Interrupt Link [APCH] enabled at IRQ 20
Pin 2-20 already programmed
ACPI: PCI Interrupt Link [APCI] enabled at IRQ 22
Pin 2-22 already programmed
ACPI: PCI Interrupt Link [APCJ] enabled at IRQ 21
Pin 2-21 already programmed
ACPI: PCI Interrupt Link [APCK] enabled at IRQ 20
Pin 2-20 already programmed
ACPI: PCI Interrupt Link [APCM] enabled at IRQ 22
Pin 2-22 already programmed
ACPI: PCI Interrupt Link [APCZ] enabled at IRQ 21
Pin 2-21 already programmed
ACPI: PCI Interrupt Link [APC3] enabled at IRQ 18
IOAPIC[0]: Set PCI routing entry (2-18 -> 0xc9 -> IRQ 18 Mode:1 Active:0)
00:01:06[A] -> 2-18 -> IRQ 18
ACPI: PCI Interrupt Link [APC4] enabled at IRQ 19
IOAPIC[0]: Set PCI routing entry (2-19 -> 0xd1 -> IRQ 19 Mode:1 Active:0)
00:01:06[B] -> 2-19 -> IRQ 19
ACPI: PCI Interrupt Link [APC1] enabled at IRQ 16
IOAPIC[0]: Set PCI routing entry (2-16 -> 0xd9 -> IRQ 16 Mode:1 Active:0)
00:01:06[C] -> 2-16 -> IRQ 16
ACPI: PCI Interrupt Link [APC2] enabled at IRQ 17
IOAPIC[0]: Set PCI routing entry (2-17 -> 0xe1 -> IRQ 17 Mode:1 Active:0)
00:01:06[D] -> 2-17 -> IRQ 17
Pin 2-19 already programmed
Pin 2-16 already programmed
Pin 2-17 already programmed
Pin 2-18 already programmed
Pin 2-16 already programmed
Pin 2-17 already programmed
Pin 2-18 already programmed
Pin 2-19 already programmed
Pin 2-17 already programmed
Pin 2-18 already programmed
Pin 2-19 already programmed
Pin 2-16 already programmed
Pin 2-18 already programmed
Pin 2-19 already programmed
Pin 2-16 already programmed
Pin 2-17 already programmed
Pin 2-16 already programmed
Pin 2-16 already programmed
Pin 2-16 already programmed
Pin 2-16 already programmed
Pin 2-18 already programmed
Pin 2-18 already programmed
Pin 2-18 already programmed
Pin 2-18 already programmed
Pin 2-17 already programmed
Pin 2-17 already programmed
Pin 2-17 already programmed
Pin 2-17 already programmed
Pin 2-19 already programmed
number of MP IRQ sources: 15.
number of IO-APIC #2 registers: 24.
testing the IO APIC.......................
IO APIC #2......
.... register #00: 02000000
.......    : physical APIC id: 02
.......    : Delivery Type: 0
.......    : LTS          : 0
.... register #01: 00170011
.......     : max redirection entries: 0017
.......     : PRQ implemented: 0
.......     : IO APIC version: 0011
.... register #02: 00000000
.......     : arbitration: 00
.... IRQ redirection table:
 NR Log Phy Mask Trig IRR Pol Stat Dest Deli Vect:   
 00 000 00  1    0    0   0   0    0    0    00
 01 001 01  0    0    0   0   0    1    1    39
 02 000 00  1    0    0   0   0    0    0    00
 03 001 01  0    0    0   0   0    1    1    41
 04 001 01  0    0    0   0   0    1    1    49
 05 001 01  0    0    0   0   0    1    1    51
 06 001 01  0    0    0   0   0    1    1    59
 07 001 01  1    0    0   0   0    1    1    61
 08 001 01  0    0    0   0   0    1    1    69
 09 001 01  0    1    0   0   0    1    1    71
 0a 001 01  0    0    0   0   0    1    1    79
 0b 001 01  0    0    0   0   0    1    1    81
 0c 001 01  0    0    0   0   0    1    1    89
 0d 001 01  0    0    0   0   0    1    1    91
 0e 001 01  0    0    0   0   0    1    1    99
 0f 001 01  0    0    0   0   0    1    1    A1
 10 001 01  1    1    0   0   0    1    1    D9
 11 001 01  1    1    0   0   0    1    1    E1
 12 001 01  1    1    0   0   0    1    1    C9
 13 001 01  1    1    0   0   0    1    1    D1
 14 001 01  1    1    0   0   0    1    1    B1
 15 001 01  1    1    0   0   0    1    1    C1
 16 001 01  1    1    0   0   0    1    1    B9
 17 001 01  1    1    0   0   0    1    1    A9
IRQ to pin mappings:
IRQ0 -> 0:2
IRQ1 -> 0:1
IRQ3 -> 0:3
IRQ4 -> 0:4
IRQ5 -> 0:5
IRQ6 -> 0:6
IRQ7 -> 0:7
IRQ8 -> 0:8
IRQ9 -> 0:9-> 0:9
IRQ10 -> 0:10
IRQ11 -> 0:11
IRQ12 -> 0:12
IRQ13 -> 0:13
IRQ14 -> 0:14
IRQ15 -> 0:15
IRQ16 -> 0:16
IRQ17 -> 0:17
IRQ18 -> 0:18
IRQ19 -> 0:19
IRQ20 -> 0:20
IRQ21 -> 0:21
IRQ22 -> 0:22
IRQ23 -> 0:23
.................................... done.
PCI: Using ACPI for IRQ routing
PCI: if you experience problems, try using option 'pci=noacpi' or even 'acpi=off'
vesafb: framebuffer at 0xd0000000, mapped to 0xf880c000, size 16384k
vesafb: mode is 1024x768x16, linelength=2048, pages=41
vesafb: protected mode interface info at c000:5654
vesafb: scrolling: redraw
vesafb: directcolor: size=0:5:6:5, shift=0:11:5:0
fb0: VESA VGA frame buffer device
Machine check exception polling timer started.
Total HugeTLB memory allocated, 0
ikconfig 0.7 with /proc/config*
highmem bounce pool size: 64 pages
VFS: Disk quotas dquot_6.5.1
SGI XFS with ACLs, large block numbers, no debug enabled
SGI XFS Quota Management subsystem
Initializing Cryptographic API
pci_hotplug: PCI Hot Plug PCI Core version: 0.5
ACPI: Power Button (FF) [PWRF]
ACPI: Processor [CPU0] (supports C1)
Badness in interruptible_sleep_on at kernel/sched.c:2242
Call Trace:
 [<c011cb93>] interruptible_sleep_on+0x103/0x110
 [<c011c740>] default_wake_function+0x0/0x20
 [<c0209db0>] pagebuf_daemon+0x0/0x260
 [<c0209ff4>] pagebuf_daemon+0x244/0x260
 [<c034049a>] <6>bootsplash 3.1.3-2003/11/14: looking for picture.... silentjpeg size 19730 bytes, found (1024x768, 19600 bytes, v3).
Console: switching to colour frame buffer device 128x48
pty: 512 Unix98 ptys configured
Serial: 8250/16550 driver $Revision: 1.90 $ 8 ports, IRQ sharing enabled
ttyS0 at I/O 0x3f8 (irq = 4) is a 16550A
ttyS1 at I/O 0x2f8 (irq = 3) is a 16550A
Uniform Multi-Platform E-IDE driver Revision: 7.00alpha2
ide: Assuming 33MHz system bus speed for PIO modes; override with idebus=xx
NFORCE2: IDE controller at PCI slot 0000:00:09.0
NFORCE2: chipset revision 162
NFORCE2: not 100% native mode: will probe irqs later
NFORCE2: BIOS didn't set cable bits correctly. Enabling workaround.
ide: Assuming 33MHz system bus speed for PIO modes; override with idebus=xx
NFORCE2: 0000:00:09.0 (rev a2) UDMA133 controller
    ide0: BM-DMA at 0xf000-0xf007, BIOS settings: hda:DMA, hdb:DMA
    ide1: BM-DMA at 0xf008-0xf00f, BIOS settings: hdc:DMA, hdd:DMA
hda: WDC WD300BB-00AUA1, ATA DISK drive
Using anticipatory io scheduler
ide0 at 0x1f0-0x1f7,0x3f6 on irq 14
hdc: IOMEGA ZIP 100 ATAPI, ATAPI FLOPPY drive
ide1 at 0x170-0x177,0x376 on irq 15
hda: max request size: 128KiB
ret_from_fork+0x6/0x14
 [<c0209d80>] pagebuf_daemon_wakeup+0x0/0x30
 [<c0209db0>] <6>hda: 58633344 sectors (30020 MB) w/2048KiB Cache, CHS=58168/16/63, UDMA(100)
 hda: hda1
pagebuf_daemon+0x0/0x260
 [<c0108e49>] kernel_thread_helper+0x5/0xc
scsi0 : Adaptec AIC7XXX EISA/VLB/PCI SCSI HBA DRIVER, Rev 6.2.36
        <Adaptec 2940 Ultra2 SCSI adapter>
        aic7890/91: Ultra2 Wide Channel A, SCSI Id=7, 32/253 SCBs
(scsi0:A:3): 40.000MB/s transfers (20.000MHz, offset 15, 16bit)
  Vendor: PLEXTOR   Model: CD-ROM PX-40TW    Rev: 1.05
  Type:   CD-ROM                             ANSI SCSI revision: 02
(scsi0:A:4): 20.000MB/s transfers (20.000MHz, offset 16)
  Vendor: PLEXTOR   Model: CD-R   PX-W1210S  Rev: 1.06
  Type:   CD-ROM                             ANSI SCSI revision: 02
(scsi0:A:6): 80.000MB/s transfers (40.000MHz, offset 63, 16bit)
  Vendor: IBM       Model: DDYS-T36950N      Rev: S80D
  Type:   Direct-Access                      ANSI SCSI revision: 03
scsi0:A:6:0: Tagged Queuing enabled.  Depth 32
SCSI device sda: 71687340 512-byte hdwr sectors (36704 MB)
SCSI device sda: drive cache: write back
 sda: sda1 sda2 sda3 sda4 < sda5 sda6 sda7 >
Attached scsi disk sda at scsi0, channel 0, id 6, lun 0
Console: switching to colour frame buffer device 128x48
ehci_hcd 0000:00:02.2: EHCI Host Controller
PCI: Setting latency timer of device 0000:00:02.2 to 64
ehci_hcd 0000:00:02.2: irq 21, pci mem f980f000
ehci_hcd 0000:00:02.2: new USB bus registered, assigned bus number 1
PCI: cache line size of 64 is not supported by device 0000:00:02.2
ehci_hcd 0000:00:02.2: USB 2.0 enabled, EHCI 1.00, driver 2003-Dec-29
hub 1-0:1.0: USB hub found
hub 1-0:1.0: 6 ports detected
ohci_hcd: 2003 Oct 13 USB 1.1 'Open' Host Controller (OHCI) Driver (PCI)
ohci_hcd: block sizes: ed 64 td 64
ohci_hcd 0000:00:02.0: OHCI Host Controller
PCI: Setting latency timer of device 0000:00:02.0 to 64
ohci_hcd 0000:00:02.0: irq 20, pci mem f9811000
ohci_hcd 0000:00:02.0: new USB bus registered, assigned bus number 2
hub 2-0:1.0: USB hub found
hub 2-0:1.0: 3 ports detected
ohci_hcd 0000:00:02.1: OHCI Host Controller
PCI: Setting latency timer of device 0000:00:02.1 to 64
ohci_hcd 0000:00:02.1: irq 22, pci mem f9813000
ohci_hcd 0000:00:02.1: new USB bus registered, assigned bus number 3
hub 3-0:1.0: USB hub found
hub 3-0:1.0: 3 ports detected
Initializing USB Mass Storage driver...
drivers/usb/core/usb.c: registered new driver usb-storage
USB Mass Storage support registered.
drivers/usb/core/usb.c: registered new driver hid
drivers/usb/input/hid-core.c: v2.0:USB HID core driver
mice: PS/2 mouse device common for all mice
serio: i8042 AUX port at 0x60,0x64 irq 12
serio: i8042 KBD port at 0x60,0x64 irq 1
input: AT Translated Set 2 keyboard on isa0060/serio0
NET: Registered protocol family 2
IP: routing cache hash table of 8192 buckets, 64Kbytes
TCP: Hash tables configured (established 262144 bind 65536)
NET: Registered protocol family 1
NET: Registered protocol family 17
BIOS EDD facility v0.11 2003-Dec-17, 3 devices found
Please report your BIOS at 
http://domsch.com/linux/edd30/results.html
XFS mounting filesystem sda1
Ending clean XFS mount for filesystem: sda1
VFS: Mounted root (xfs filesystem) readonly.
Freeing unused kernel memory: 176k freed
hub 2-0:1.0: new USB device on port 2, assigned address 2
drivers/usb/input/hid-ff.c: hid_ff_init could not find initializer
input: USB HID v1.10 Mouse [Microsoft Microsoft 5-Button Mouse with IntelliEye(TM)] on usb-0000:00:02.0-2
Adding 248968k swap on /dev/sda7.  Priority:-1 extents:1
hub 3-0:1.0: new USB device on port 1, assigned address 2
XFS mounting filesystem sda2
Ending clean XFS mount for filesystem: sda2
XFS mounting filesystem sda3
Ending clean XFS mount for filesystem: sda3
XFS mounting filesystem sda5
Ending clean XFS mount for filesystem: sda5
XFS mounting filesystem sda6
Ending clean XFS mount for filesystem: sda6
Real Time Clock Driver v1.12
Linux agpgart interface v0.100 (c) Dave Jones
agpgart: Detected NVIDIA nForce2 chipset
agpgart: Maximum main memory to use for agp memory: 941M
agpgart: AGP aperture is 256M @ 0xc0000000
Intel(R) PRO/1000 Network Driver - version 5.2.27-k1
Copyright (c) 1999-2003 Intel Corporation.
eth0: Intel(R) PRO/1000 Network Connection
NET: Registered protocol family 10
Disabled Privacy Extensions on device c03cb3a0(lo)
IPv6 over IPv4 tunneling driver
request_module: failed /sbin/modprobe -- parport_lowlevel. error = 256
lp: driver loaded but no devices found
PCI: Setting latency timer of device 0000:00:06.0 to 64
intel8x0_measure_ac97_clock: measured 49397 usecs
intel8x0: clocking to 47422
request_module: failed /sbin/modprobe -- char-major-10-134. error = 256
request_module: failed /sbin/modprobe -- char-major-226-0. error = 256
fglrx: module license 'Proprietary. (C) 2002 - ATI Technologies, Starnberg, GERMANY' taints kernel.
[fglrx] Maximum main memory to use for locked dma buffers: 928 MBytes.
[fglrx] module loaded - fglrx 3.2.9 [Nov 10 2003] on minor 0
[fglrx] AGP detected, AgpState   = 0x1f000217 (hardware caps of chipset)
agpgart: Found an AGP 2.0 compliant device at 0000:00:00.0.
agpgart: Putting AGP V2 device at 0000:00:00.0 into 4x mode
agpgart: Putting AGP V2 device at 0000:03:00.0 into 4x mode
[fglrx] AGP enabled,  AgpCommand = 0x1f000314 (selected caps)
[fglrx] free  AGP = 256126976
[fglrx] max   AGP = 256126976
[fglrx] free  LFB = 49283072
[fglrx] max   LFB = 49283072
[fglrx] free  Inv = 0
[fglrx] max   Inv = 0
[fglrx] total Inv = 0
[fglrx] total TIM = 0
[fglrx] total FB  = 0
[fglrx] total AGP = 65536
atkbd.c: Unknown key released (translated set 2, code 0x7a on isa0060/serio0).
atkbd.c: This is an XFree86 bug. It shouldn't access hardware directly.
atkbd.c: Unknown key released (translated set 2, code 0x7a on isa0060/serio0).
atkbd.c: This is an XFree86 bug. It shouldn't access hardware directly.
request_module: failed /sbin/modprobe -- block-major-11-0. error = 256
e1000: eth0 NIC Link is Up 100 Mbps Full Duplex
eth0: no IPv6 routers present
request_module: failed /sbin/modprobe -- sound-slot-1. error = 256
request_module: failed /sbin/modprobe -- block-major-11-0. error = 256
request_module: failed /sbin/modprobe -- block-major-11-0. error = 256
request_module: failed /sbin/modprobe -- block-major-11-0. error = 256
request_module: failed /sbin/modprobe -- block-major-11-0. error = 256
request_module: failed /sbin/modprobe -- sound-slot-1. error = 256
request_module: failed /sbin/modprobe -- block-major-11-0. error = 256
request_module: failed /sbin/modprobe -- block-major-11-0. error = 256
request_module: failed /sbin/modprobe -- block-major-11-0. error = 256
request_module: failed /sbin/modprobe -- block-major-11-0. error = 256
request_module: failed /sbin/modprobe -- block-major-11-0. error = 256
request_module: failed /sbin/modprobe -- block-major-11-0. error = 256
request_module: failed /sbin/modprobe -- sound-slot-1. error = 256
request_module: failed /sbin/modprobe -- sound-slot-1. error = 256
request_module: failed /sbin/modprobe -- sound-slot-1. error = 256
request_module: failed /sbin/modprobe -- sound-slot-1. error = 256
request_module: failed /sbin/modprobe -- sound-slot-1. error = 256
[unhandled content-type:application/pgp-signature]