Date: Fri, 10 Jan 2003 17:23:31 -0500 (EST)
From: Bill Davidsen <>
Subject: [BUG] 2.5.5x can't find my printer
Sender: linux-kernel-owner@vger.kernel.org
Precedence: bulk
List-ID: <linux-kernel.vger.kernel.org>
X-Mailing-List: linux-kernel@vger.kernel.org
X-Lkml-Link: https://lkml.org/lkml/2003/1/10/337

The 2.5.5x kernels can't find my printer. 2.4 kernels work fine. dmesg 
attached, I'll send config if anyone cares.
Known problem, new problem, or just some config error? The modules load 
but don't find anything.
lsmod:
Module                  Size  Used by
apm                    15140
parport_pc             33320
parport                34496
-- 
bill davidsen <davidsen@tmr.com>
Linux version 2.5.54 (root@oddball.prodigy.com) (gcc version 2.96 20000731 (Red Hat Linux 7.3 2.96-110)) #1 Wed Jan 8 19:20:44 EST 2003
Video mode to be used for restore is ffff
BIOS-provided physical RAM map:
 BIOS-e820: 0000000000000000 - 000000000009f800 (usable)
 BIOS-e820: 000000000009f800 - 00000000000a0000 (reserved)
 BIOS-e820: 00000000000e7400 - 0000000000100000 (reserved)
 BIOS-e820: 0000000000100000 - 00000000040fdc00 (usable)
 BIOS-e820: 00000000040fdc00 - 00000000040ff800 (ACPI data)
 BIOS-e820: 00000000040ff800 - 00000000040ffc00 (ACPI NVS)
 BIOS-e820: 00000000040ffc00 - 0000000006000000 (usable)
 BIOS-e820: 00000000fffe7400 - 0000000100000000 (reserved)
96MB LOWMEM available.
On node 0 totalpages: 24576
  DMA zone: 4096 pages, LIFO batch:1
  Normal zone: 20480 pages, LIFO batch:5
  HighMem zone: 0 pages, LIFO batch:1
Building zonelist for node : 0
Kernel command line: BOOT_IMAGE=2.5.54-1 ro root=303 BOOT_FILE=/boot/vmlinuz-2.5.54 nmi_watchdog=1
Initializing CPU#0
Detected 348.402 MHz processor.
Console: colour VGA+ 80x25
Calibrating delay loop... 688.12 BogoMIPS
Memory: 93932k/98304k available (1660k kernel code, 3840k reserved, 605k data, 284k init, 0k highmem)
Dentry cache hash table entries: 16384 (order: 5, 131072 bytes)
Inode-cache hash table entries: 8192 (order: 4, 65536 bytes)
Mount-cache hash table entries: 512 (order: 0, 4096 bytes)
-> /dev
-> /dev/console
-> /root
CPU: L1 I cache: 16K, L1 D cache: 16K
CPU: L2 cache: 512K
CPU:     After generic, caps: 0183f9ff 00000000 00000000 00000000
CPU: Intel Pentium II (Deschutes) stepping 01
Enabling fast FPU save and restore... done.
Checking 'hlt' instruction... OK.
POSIX conformance testing by UNIFIX
Linux NET4.0 for Linux 2.4
Based upon Swansea University Computer Society NET3.039
Initializing RT netlink socket
mtrr: v2.0 (20020519)
device class 'cpu': registering
device class cpu: adding driver system:cpu
PCI: PCI BIOS revision 2.10 entry at 0xfd994, last bus=1
PCI: Using configuration type 1
device class cpu: adding device CPU 0
interfaces: adding device CPU 0
BIO: pool of 256 setup, 15Kb (60 bytes/bio)
biovec pool[0]:   1 bvecs: 182 entries (12 bytes)
biovec pool[1]:   4 bvecs: 182 entries (48 bytes)
biovec pool[2]:  16 bvecs: 182 entries (192 bytes)
biovec pool[3]:  64 bvecs:  91 entries (768 bytes)
biovec pool[4]: 128 bvecs:  45 entries (1536 bytes)
biovec pool[5]: 256 bvecs:  22 entries (3072 bytes)
Linux Plug and Play Support v0.93 (c) Adam Belay
pnp: the driver 'system' has been registered
pnp: Enabling Plug and Play Card Services.
PnPBIOS: Found PnP BIOS installation structure at 0xc00f6f70
PnPBIOS: PnP BIOS version 1.0, entry 0xf0000:0x9db3, dseg 0x400
pnp: pnp: match found with the PnP device '00:00' and the driver 'system'
pnp: pnp: match found with the PnP device '00:01' and the driver 'system'
pnp: 00:01: ioport range 0x370-0x371 has been reserved
pnp: pnp: match found with the PnP device '00:02' and the driver 'system'
pnp: pnp: match found with the PnP device '00:0b' and the driver 'system'
pnp: 00:0b: ioport range 0x4d0-0x4d1 has been reserved
pnp: 00:0b: ioport range 0x8000-0x803f has been reserved
pnp: 00:0b: ioport range 0x7000-0x700f has been reserved
pnp: pnp: match found with the PnP device '00:0c' and the driver 'system'
PnPBIOS: 17 nodes reported by PnP BIOS; 17 recorded by driver
block request queues:
 128 requests per read queue
 128 requests per write queue
 8 requests per batch
 enter congestion at 31
 exit congestion at 33
drivers/usb/core/usb.c: registered new driver usbfs
drivers/usb/core/usb.c: registered new driver hub
PCI: Probing PCI hardware
PCI: Probing PCI hardware (bus 00)
PCI: Address space collision on region 7 of bridge 00:07.3 [8000:803f]
PCI: Address space collision on region 8 of bridge 00:07.3 [7000:701f]
PCI: Using IRQ router PIIX [8086/7110] at 00:07.0
SLIP: version 0.8.4-NET3.019-NEWTTY (dynamic channels, max=256) (6 bit encapsulation enabled).
CSLIP: code copyright 1989 Regents of the University of California.
SLIP linefill/keepalive option.
Enabling SEP on CPU 0
aio_setup: sizeof(struct page) = 40
Journalled Block Device driver loaded
Installing knfsd (copyright (C) 1996 okir@monad.swb.de).
Initializing Cryptographic API
Limiting direct PCI/PCI transfers.
isapnp: Scanning for PnP cards...
isapnp: No Plug & Play device found
Serial: 8250/16550 driver $Revision: 1.90 $ IRQ sharing disabled
ttyS0 at I/O 0x3f8 (irq = 4) is a 16550A
pnp: the driver 'serial' has been registered
pnp: pnp: match found with the PnP device '00:0e' and the driver 'serial'
device class 'tty': registering
pty: 256 Unix98 ptys configured
Real Time Clock Driver v1.11
Software Watchdog Timer: 0.06, soft_margin: 60 sec, nowayout: 0
Linux agpgart interface v0.100 (c) Dave Jones
agpgart: Detected Intel 440BX chipset
agpgart: Maximum main memory to use for agp memory: 62M
agpgart: AGP aperture is 64M @ 0xf8000000
Floppy drive(s): fd0 is 1.44M
FDC 0 is a post-1991 82077
RAMDISK driver initialized: 16 RAM disks of 4096K size 1024 blocksize
loop: loaded (max 8 devices)
Intel(R) PRO/100 Network Driver - version 2.1.24-k2
Copyright (c) 2002 Intel Corporation
PCI: Found IRQ 9 for device 00:06.0
PCI: Sharing IRQ 9 with 00:07.2
e100: selftest OK.
Freeing alive device c5f0a000, eth%d
e100: eth0: Intel(R) 82558-based Integrated Ethernet with Wake on LAN*
  Mem:0xf6200000  IRQ:9  Speed:0 Mbps  Dx:N/A
Uniform Multi-Platform E-IDE driver Revision: 7.00alpha2
ide: Assuming 33MHz system bus speed for PIO modes; override with idebus=xx
PIIX4: IDE controller at PCI slot 00:07.1
PIIX4: chipset revision 1
PIIX4: not 100% native mode: will probe irqs later
    ide0: BM-DMA at 0x1020-0x1027, BIOS settings: hda:DMA, hdb:pio
    ide1: BM-DMA at 0x1028-0x102f, BIOS settings: hdc:DMA, hdd:pio
hda: Maxtor 90845D4, ATA DISK drive
hdb: WDC AC31600H, ATA DISK drive
hdb: Disabling (U)DMA for WDC AC31600H
ide0 at 0x1f0-0x1f7,0x3f6 on irq 14
hdc: NEC CD-ROM DRIVE:28C, ATAPI CD/DVD-ROM drive
ide1 at 0x170-0x177,0x376 on irq 15
hda: host protected area => 1
hda: 16514064 sectors (8455 MB) w/512KiB Cache, CHS=16383/16/63, UDMA(33)
 hda: hda1 hda2 hda3 hda4 < hda5 >
hdb: task_no_data_intr: status=0x51 { DriveReady SeekComplete Error }
hdb: task_no_data_intr: error=0x10 { SectorIdNotFound }, LBAsect=0, sector=0
hdb: 3173184 sectors (1625 MB) w/128KiB Cache, CHS=3148/16/63
 hdb: hdb1 hdb2 hdb3
hdc: ATAPI 32X CD-ROM drive, 128kB Cache, UDMA(33)
Uniform CD-ROM driver Revision: 3.12
end_request: I/O error, dev hdc, sector 0
device class 'input': registering
register interface 'mouse' with class 'input'
mice: PS/2 mouse device common for all mice
input: PC Speaker
input: ImPS/2 Logitech Wheel Mouse on isa0060/serio1
serio: i8042 AUX port at 0x60,0x64 irq 12
input: AT Set 2 keyboard on isa0060/serio0
serio: i8042 KBD port at 0x60,0x64 irq 1
NET4: Linux TCP/IP 1.0 for NET4.0
IP: routing cache hash table of 512 buckets, 4Kbytes
TCP: Hash tables configured (established 8192 bind 8192)
ip_conntrack version 2.1 (768 buckets, 6144 max) - 304 bytes per conntrack
ip_tables: (C) 2000-2002 Netfilter core team
NET4: Unix domain sockets 1.0/SMP for Linux NET4.0.
kjournald starting.  Commit interval 5 seconds
EXT3-fs: mounted filesystem with ordered data mode.
VFS: Mounted root (ext3 filesystem) readonly.
Freeing unused kernel memory: 284k freed
Adding 200804k swap on /dev/hda2.  Priority:-1 extents:1
EXT3 FS 2.4-0.9.16, 02 Dec 2001 on ide0(3,3), internal journal
kjournald starting.  Commit interval 5 seconds
EXT3 FS 2.4-0.9.16, 02 Dec 2001 on ide0(3,1), internal journal
EXT3-fs: mounted filesystem with ordered data mode.
kjournald starting.  Commit interval 5 seconds
EXT3 FS 2.4-0.9.16, 02 Dec 2001 on ide0(3,5), internal journal
EXT3-fs: mounted filesystem with ordered data mode.
kjournald starting.  Commit interval 5 seconds
EXT3 FS 2.4-0.9.16, 02 Dec 2001 on ide0(3,67), internal journal
EXT3-fs: mounted filesystem with ordered data mode.
end_request: I/O error, dev hdc, sector 0
end_request: I/O error, dev hdc, sector 0
hdc: DMA disabled
pnp: the driver 'parport_pc' has been registered
pnp: pnp: match found with the PnP device '00:12' and the driver 'parport_pc'
pnp: the device '00:12' has been activated
parport0: PC-style at 0x378 (0x778) [PCSPP,TRISTATE]
parport0: irq 7 detected
parport0: cpp_mux: aa55f00f52ad51(80)
parport0: cpp_daisy: aa5500ff(80)
parport0: assign_addrs: aa5500ff(80)
Module parport cannot be unloaded due to unsafe usage in include/linux/module.h:347
Module parport_pc cannot be unloaded due to unsafe usage in include/linux/module.h:347
parport0: cpp_mux: aa55f00f52ad51(80)
parport0: cpp_daisy: aa5500ff(80)
parport0: assign_addrs: aa5500ff(80)
e100: eth0 NIC Link is Up 10 Mbps Half duplex
warning: process `update' used the obsolete bdflush system call
Fix your initscripts?
warning: process `update' used the obsolete bdflush system call
Fix your initscripts?