Date: Wed, 20 Oct 1999 15:07:29 -0400
From: "Stanley C. Rogacki" <>
Subject: Booting error using ATAPI ZIP as SCSI
Sender: linux-kernel-owner@vger.kernel.org
Precedence: bulk
List-ID: <linux-kernel.vger.kernel.org>
X-Mailing-List: linux-kernel@vger.kernel.org
X-Lkml-Link: https://lkml.org/lkml/1999/10/20/72

Hello,
I'm new to this list.  I hope I've posted this in the correct area.  Using
SuSE 6.2 (Kernel 2.2.10),  I'm having trouble getting the correct kernel
components to work with my  ATAPI ZIP.  I've not used ATAPI-FLOPPY, but
rather SCSI emulation and SCSI  generic.   During booting, I get the
following
 << snip
Inspecting /boot/System.map
Loaded 7533 symbols from /boot/System.map.
Symbols match kernel version 2.2.10.
Loaded 16 symbols from 2 modules.
klogd 1.3-3, log source = /proc/kmsg started.
<4>Linux version 2.2.10 (root@tux) (gcc version 2.7.2.3) #59 Tue Oct 19
22:57:05 EST 1999
<4>Detected 350799866 Hz processor.
<4>Console: colour VGA+ 80x25
<4>Calibrating delay loop... 699.60 BogoMIPS
<4>Memory: 127968k/131008k available (1068k kernel code, 408k reserved,
1524k data, 40k init)
<5>VFS: Diskquotas version dquot_6.4.0 initialized
<4>CPU: AMD AMD-K6(tm) 3D processor stepping 0c
<6>Checking 386/387 coupling... OK, FPU using exception 16 error reporting.
<6>Checking 'hlt' instruction... OK.
<6>Checking for popad bug... OK.
<4>POSIX conformance testing by UNIFIX
<4>mtrr: v1.35 (19990512) Richard Gooch (rgooch@atnf.csiro.au)
<4>PCI: PCI BIOS revision 2.10 entry at 0xf0560
<4>PCI: Using configuration type 1
<4>PCI: Probing PCI hardware
<6>Linux NET4.0 for Linux 2.2
<6>Based upon Swansea University Computer Society NET3.039
<6>NET4: Linux TCP/IP 1.0 for NET4.0
<6>IP Protocols: ICMP, UDP, TCP, IGMP
<4>Initializing RT netlink socket
<4>Starting kswapd v 1.5
<6>Detected PS/2 Mouse Port.
<4>pty: 256 Unix98 ptys configured
<6>Real Time Clock Driver v1.09
<5>ISDN subsystem Rev: 1.55/1.47/1.55/none/none/1.2
<4>RAM disk driver initialized:  16 RAM disks of 4096K size
<4>PCI_IDE: unknown IDE controller on PCI bus 00 device 78, VID=10b9,
DID=5229
<4>PCI_IDE: not 100% native mode: will probe irqs later
<4>PCI_IDE: simplex device:  DMA disabled
<4>ide0: PCI_IDE Bus-Master DMA disabled (BIOS)
<4>PCI_IDE: simplex device:  DMA disabled
<4>ide1: PCI_IDE Bus-Master DMA disabled (BIOS)
<4>hda: Maxtor 90845D4, ATA DISK drive
<4>hdb: ATAPI CD-ROM DRIVE 40X MAX, ATAPI CDROM drive
<4>hdc: WDC WD205BA, ATA DISK drive
<4>hdd: IOMEGA ZIP 100 ATAPI, ATAPI FLOPPY drive
<4>ide0 at 0x1f0-0x1f7,0x3f6 on irq 14
<4>ide1 at 0x170-0x177,0x376 on irq 15
<6>hda: Maxtor 90845D4, 8063MB w/256kB Cache, CHS=1027/255/63
<6>hdc: WDC WD205BA, 19574MB w/1961kB Cache, CHS=39770/16/63
<6>Floppy drive(s): fd0 is 1.44M
<6>FDC 0 is a post-1991 82077
<4>scsi0 : SCSI host adapter emulation for IDE ATAPI devices
<4>scsi : 1 host.
<4>  Vendor: IOMEGA    Model: ZIP 100           Rev: 14.A
<4>  Type:   Direct-Access                      ANSI SCSI revision: 00
<4>Detected scsi removable disk sda at scsi0, channel 0, id 0, lun 0
<4>  Vendor: ATAPI     Model: CD-ROM DRIVE-40X  Rev: 404K
<4>  Type:   CD-ROM                             ANSI SCSI revision: 02
<4>scsi : detected 1 SCSI disk total.
<4>SCSI device sda: hdwr sector= 512 bytes. Sectors= 196608 [96 MB] [0.1 GB]
<4>sda: Write Protect is off
<4>Partition check:
<4> sda:scsi0: MEDIUM ERROR on channel 0, id 0, lun 0, CDB: Request Sense 00
00 00 10 00
<4>extra data not valid Current error sd08:00: sense key Medium Error
<4>Additional sense indicates Defect list not found
<4>scsidisk I/O error: dev 08:00, sector 0
<4> unable to read partition table
<4> hda: hda1 hda2 < > hda3
<4> hdc: hdc1 hdc2 hdc3 hdc4 < hdc5 >
<4> hdd:<3>ide-scsi: hdd: unsupported command in request queue (0)
<4>end_request: I/O error, dev 16:40 (hdd), sector 0
<4> unable to read partition table
<4>VFS: Mounted root (ext2 filesystem) readonly.
<4>Freeing unused kernel memory: 40k freed
<6>NET4: Unix domain sockets 1.0 for Linux NET4.0.
<6>Adding Swap: 265068k swap-space (priority -1)
Kernel logging (proc) stopped.
Kernel log daemon terminating.
<<snip
 Can anyone tell me what the MEDUIM ERROR means and how do I correct it?  If
I try to mount the ZIP manually, I get a "Can't read block device" error
messgae.  When I shutdown, all the filesystems seem to hang and won't
unmount.
 I've tried a variety of fstab entries for /dev/sda4   /zip ......
 and I have a /zip folder.
Thanks
Stanley C. Rogacki, P.E.
Stanley C. Rogacki, P.E.
IDEAS Company
E-mail: ideasco@compuserve.com
-
To unsubscribe from this list: send the line "unsubscribe linux-kernel" in
the body of a message to majordomo@vger.rutgers.edu
Please read the FAQ at 
http://www.tux.org/lkml/