Date: Wed, 20 Sep 2000 09:16:06 +0100 (BST)
From: Tigran Aivazian <>
Subject: for Martin (Re: weird PCI problems... (fwd)
Sender: linux-kernel-owner@vger.kernel.org
Precedence: bulk
List-ID: <linux-kernel.vger.kernel.org>
X-Mailing-List: linux-kernel@vger.kernel.org
X-Lkml-Link: https://lkml.org/lkml/2000/9/20/50

Martin, I got bounces from your <mj@suse.cz> address - so I am not sure if
you received this info you requested:
---------- Forwarded message ----------
Date: Tue, 19 Sep 2000 22:05:24 +0100 (BST)
From: Tigran Aivazian <tigran@veritas.com>
To: Martin Mares <mj@suse.cz>
Cc: Andrew Morton <andrewm@uow.edu.au>, linux-kernel@vger.kernel.org
Subject: Re: weird PCI problems...
On Tue, 19 Sep 2000, Martin Mares wrote:
> Anyway, can you send me your /proc/ioports and /proc/iomem, please?
Yes, sure:
00000000-0009fbff : System RAM
0009fc00-0009ffff : reserved
000a0000-000bffff : Video RAM area
000c0000-000c7fff : Video ROM
000d0000-000d0fff : Extension ROM
000d4000-000d47ff : Extension ROM
000f0000-000fffff : System ROM
00100000-07feffff : System RAM
  00100000-00246197 : Kernel code
  00246198-0025cf37 : Kernel data
07ff0000-07ffffff : ACPI Tables
10000000-10000fff : Texas Instruments PCI1225
10001000-10001fff : Texas Instruments PCI1225 (#2)
100a0000-100fffff : reserved
10400000-107fffff : PCI CardBus #03
  10400000-1041ffff : PCI device 10b7:5257
10800000-10bfffff : PCI CardBus #03
  10800000-1080007f : PCI device 10b7:5257
  10800080-108000ff : PCI device 10b7:5257
10c00000-10ffffff : PCI CardBus #04
11000000-113fffff : PCI CardBus #04
a0000000-a0000fff : card services
f0000000-f3ffffff : Intel Corporation 440BX/ZX - 82443BX/ZX Host bridge
f5000000-f5ffffff : PCI Bus #02
f6000000-f6ffffff : PCI Bus #01
fa000000-fbffffff : PCI Bus #02
  fae00000-faefffff : Intel Corporation 82557 [Ethernet Pro 100]
  faffd000-faffdfff : Adaptec AIC-7880U
  faffe000-faffefff : Intel Corporation 82557 [Ethernet Pro 100]
    faffe000-faffefff : eepro100
  fafff800-fafff87f : 3Com Corporation 3c905C-TX [Fast Etherlink]
  fafffc00-fafffcff : Realtek Semiconductor Co., Ltd. RTL-8139
    fafffc00-fafffcff : eth2
fc000000-feffffff : PCI Bus #01
  fcfff000-fcffffff : ATI Technologies Inc 3D Rage P/M Mobility AGP 2x
  fd000000-fdffffff : ATI Technologies Inc 3D Rage P/M Mobility AGP 2x
ffe00000-ffffffff : reserved
---------------------------------------------------------
0000-001f : dma1
0020-003f : pic1
0040-005f : timer
0060-006f : keyboard
0070-007f : rtc
0080-008f : dma page reg
00a0-00bf : pic2
00c0-00df : dma2
00f0-00ff : fpu
0170-0177 : ide1
01f0-01f7 : ide0
02f8-02ff : serial(set)
0376-0376 : ide1
03c0-03df : vga+
03f6-03f6 : ide0
03f8-03ff : serial(auto)
0800-083f : Intel Corporation 82371AB PIIX4 ACPI
0840-085f : Intel Corporation 82371AB PIIX4 ACPI
0860-086f : Intel Corporation 82371AB PIIX4 IDE
  0860-0867 : ide0
  0868-086f : ide1
0cf8-0cff : PCI conf1
1000-10ff : PCI CardBus #03
  1000-107f : PCI device 10b7:5257
    1000-107f : eth3
1400-14ff : PCI CardBus #03
1800-18ff : PCI CardBus #04
1c00-1cff : PCI CardBus #04
d800-d8ff : ESS Technology ES1978 Maestro 2E
  d800-d8ff : ESS Maestro 2E
dce0-dcff : Intel Corporation 82371AB PIIX4 USB
e000-efff : PCI Bus #01
  ec00-ecff : ATI Technologies Inc 3D Rage P/M Mobility AGP 2x
f000-ffff : PCI Bus #02
  f000-f0ff : Adaptec AIC-7880U
  f800-f87f : 3Com Corporation 3c905C-TX [Fast Etherlink]
    f800-f87f : eth0
  f880-f88f : CMD Technology Inc PCI0646
    f880-f887 : ide2
    f888-f88f : ide3
  f898-f89b : CMD Technology Inc PCI0646
  f8a0-f8a7 : CMD Technology Inc PCI0646
  f8b0-f8b3 : CMD Technology Inc PCI0646
  f8b8-f8bf : CMD Technology Inc PCI0646
  f8c0-f8ff : Intel Corporation 82557 [Ethernet Pro 100]
    f8c0-f8ff : eepro100
  fc00-fcff : Realtek Semiconductor Co., Ltd. RTL-8139
    fc00-fcff : eth2
-
To unsubscribe from this list: send the line "unsubscribe linux-kernel" in
the body of a message to majordomo@vger.kernel.org
Please read the FAQ at 
http://www.tux.org/lkml/