Date: Mon, 17 Nov 2003 13:28:13 -0500
From: David T Hollis <>
Subject: Re: HOWTO build modules in 2.6.0 ...
Sender: linux-kernel-owner@vger.kernel.org
Precedence: bulk
List-ID: <linux-kernel.vger.kernel.org>
X-Mailing-List: linux-kernel@vger.kernel.org
X-Lkml-Link: https://lkml.org/lkml/2003/11/17/94

On Mon, 2003-11-17 at 14:00, Wojciech 'Sas' Cieciwa wrote:
> Hi,
> 
> How can I build kernel modele from other package without root, or copying 
> all from /usr/scr/linux/ ??
> When I try build kernel module from user i got error,
> 
> [...]
> make[1]: Leaving directory `/users/cieciwa/rpm/BUILD/eagle-1.0.4/driver'
> /usr/bin/make -C /usr/src/linux SUBDIRS=`pwd` modules;
> make[1]: Entering directory `/usr/src/linux-2.6.0'
>   HOSTCC  scripts/fixdep
> cc1: Permission denied: opening dependency file scripts/.fixdep.d
> make[2]: *** [scripts/fixdep] Error 1
> make[1]: *** [scripts] Error 2
> make[1]: Leaving directory `/usr/src/linux-2.6.0'
> make: *** [adiusbadsl.o] Error 2
> make: Leaving directory `/users/cieciwa/rpm/BUILD/eagle-1.0.4/driver'
> 
> How can I solve this problem ??
> 
> Thanx,
> 					Sas.
Here's what I have used that works quite well.  Taken from the lwn.net
articles on porting to 2.5/2.6:
ifneq ($(KERNELRELEASE),)
obj-m   := usbnet.o
else
KDIR    := /lib/modules/$(shell uname -r)/build
PWD     := $(shell pwd)
default:
        $(MAKE) -C $(KDIR) SUBDIRS=$(PWD) modules
endif
The only item to change would be the 'obj-m := usbnet.o'.  That's the
module that you want built.
-
To unsubscribe from this list: send the line "unsubscribe linux-kernel" in
the body of a message to majordomo@vger.kernel.org
More majordomo info at  
http://vger.kernel.org/majordomo-info.html
Please read the FAQ at  
http://www.tux.org/lkml/