Date: Thu, 19 Aug 2004 19:46:14 +0200
From: Tomasz Torcz <>
Subject: 2.6.8.1-mm2: floppy magically disappaperd
Sender: linux-kernel-owner@vger.kernel.org
Precedence: bulk
List-ID: <linux-kernel.vger.kernel.org>
X-Mailing-List: linux-kernel@vger.kernel.org
X-Lkml-Link: https://lkml.org/lkml/2004/8/19/207

 Hi,
 My flopped disappeared with this kernel becaouse of ACPI. It was
working earlier revisions. Modprobing floppy.ko fails:
(in dmesg)
#v+
inserting floppy driver for 2.6.8.1-mm2
floppy: controller ACPI FDC0 at I/O 0x3f7-0x3f7 irq 6 dma channel 2
Floppy drive(s): fd0 is 1.44M
floppy0: Floppy io-port 0x03f7 in use
#v-
 I am sending couple of files as report, please ping me if more
 information is needed.
-- 
Tomasz Torcz                        To co nierealne - tutaj jest normalne.
zdzichu@irc.-nie.spam-.pl          Ziomale na życie mają tu patenty specjalne.
[unhandled content-type:application/x-gunzip]Linux version 2.6.8.1-mm2 (zdzichu@mother) (gcc version 3.4.1) #4 Thu Aug 19 15:08:26 CEST 2004
BIOS-provided physical RAM map:
 BIOS-e820: 0000000000000000 - 000000000009fc00 (usable)
 BIOS-e820: 000000000009fc00 - 00000000000a0000 (reserved)
 BIOS-e820: 00000000000f0000 - 0000000000100000 (reserved)
 BIOS-e820: 0000000000100000 - 000000000fff0000 (usable)
 BIOS-e820: 000000000fff0000 - 000000000fff3000 (ACPI NVS)
 BIOS-e820: 000000000fff3000 - 0000000010000000 (ACPI data)
 BIOS-e820: 00000000ffff0000 - 0000000100000000 (reserved)
255MB LOWMEM available.
On node 0 totalpages: 65520
  DMA zone: 4096 pages, LIFO batch:1
  Normal zone: 61424 pages, LIFO batch:14
  HighMem zone: 0 pages, LIFO batch:1
DMI 2.1 present.
ACPI: RSDP (v000 VIA693                                    ) @ 0x000f70c0
ACPI: RSDT (v001 AWARD  AWRDACPI 0x42302e31 AWRD 0x00000000) @ 0x0fff3000
ACPI: FADT (v001 AWARD  AWRDACPI 0x42302e31 AWRD 0x00000000) @ 0x0fff3040
ACPI: DSDT (v001 VIA693 AWRDACPI 0x00001000 MSFT 0x0100000a) @ 0x00000000
Built 1 zonelists
Initializing CPU#0
Kernel command line: root=/dev/hda4 acpi=force ro elevator=cfq resume=/dev/hda2 
PID hash table entries: 1024 (order 10: 8192 bytes)
Detected 367.592 MHz processor.
Using tsc for high-res timesource
Console: colour VGA+ 80x25
Dentry cache hash table entries: 65536 (order: 6, 262144 bytes)
Inode-cache hash table entries: 32768 (order: 5, 131072 bytes)
Memory: 254920k/262080k available (2605k kernel code, 6608k reserved, 965k data, 160k init, 0k highmem)
Checking if this processor honours the WP bit even in supervisor mode... Ok.
Calibrating delay loop... 718.84 BogoMIPS (lpj=359424)
Mount-cache hash table entries: 512 (order: 0, 4096 bytes)
CPU: After generic identify, caps: 0183f9ff 00000000 00000000 00000000
CPU: After vendor identify, caps:  0183f9ff 00000000 00000000 00000000
CPU: L1 I cache: 16K, L1 D cache: 16K
CPU: L2 cache: 128K
CPU: After all inits, caps:        0183f9ff 00000000 00000000 00000040
Intel machine check architecture supported.
Intel machine check reporting enabled on CPU#0.
CPU: Intel Celeron (Mendocino) stepping 05
Enabling fast FPU save and restore... done.
Checking 'hlt' instruction... OK.
ACPI: IRQ9 SCI: Level Trigger.
NET: Registered protocol family 16
PCI: PCI BIOS revision 2.10 entry at 0xfb2b0, last bus=1
PCI: Using configuration type 1
mtrr: v2.0 (20020519)
ACPI: Subsystem revision 20040715
ACPI: Interpreter enabled
ACPI: Using PIC for interrupt routing
ACPI: PCI Root Bridge [PCI0] (00:00)
PCI: Probing PCI hardware (bus 00)
ACPI: PCI Interrupt Routing Table [\_SB_.PCI0._PRT]
ACPI: PCI Interrupt Link [LNKA] (IRQs 1 3 4 5 6 7 10 *11 12 14 15)
ACPI: PCI Interrupt Link [LNKB] (IRQs 1 3 4 5 6 7 10 11 12 14 15) *9
ACPI: PCI Interrupt Link [LNKC] (IRQs 1 3 4 5 6 7 *10 11 12 14 15)
ACPI: PCI Interrupt Link [LNKD] (IRQs 1 3 4 5 6 7 *10 11 12 14 15)
Linux Plug and Play Support v0.97 (c) Adam Belay
PnPBIOS: Scanning system for PnP BIOS support...
PnPBIOS: Found PnP BIOS installation structure at 0xc00fbed0
PnPBIOS: PnP BIOS version 1.0, entry 0xf0000:0xbef8, dseg 0xf0000
PnPBIOS: 15 nodes reported by PnP BIOS; 15 recorded by driver
PCI: Using ACPI for IRQ routing
** PCI interrupts are no longer routed automatically.  If this
** causes a device to stop working, it is probably because the
** driver failed to call pci_enable_device().  As a temporary
** workaround, the "pci=routeirq" argument restores the old
** behavior.  If this argument makes the device work again,
** please email the output of "lspci" to bjorn.helgaas@hp.com
** so I can fix the driver.
vesafb: probe of vesafb0 failed with error -6
audit: initializing netlink socket (disabled)
audit(1092921402.4294965890:0): initialized
Initializing Cryptographic API
ACPI: Power Button (FF) [PWRF]
ACPI: Processor [CPU0] (supports C1 C2, 2 throttling states)
isapnp: Scanning for PnP cards...
isapnp: No Plug & Play device found
Real Time Clock Driver v1.12
Linux agpgart interface v0.100 (c) Dave Jones
agpgart: Detected VIA Apollo Pro 133 chipset
agpgart: Maximum main memory to use for agp memory: 203M
agpgart: AGP aperture is 64M @ 0xe0000000
ACPI: PCI Interrupt Link [LNKA] enabled at IRQ 11
ACPI: PCI interrupt 0000:01:00.0[A] -> GSI 11 (level, low) -> IRQ 11
[drm] Initialized mga 3.1.0 20021029 on minor 0: Matrox Graphics, Inc. MGA G550 AGP
serio: i8042 AUX port at 0x60,0x64 irq 12
serio: i8042 KBD port at 0x60,0x64 irq 1
Serial: 8250/16550 driver $Revision: 1.90 $ 8 ports, IRQ sharing disabled
ttyS0 at I/O 0x3f8 (irq = 4) is a 16550A
ttyS1 at I/O 0x2f8 (irq = 3) is a 16550A
loop: loaded (max 8 devices)
Universal TUN/TAP device driver 1.5 (C)1999-2002 Maxim Krasnyansky
Linux video capture interface: v1.00
Uniform Multi-Platform E-IDE driver Revision: 7.00alpha2
ide: Assuming 33MHz system bus speed for PIO modes; override with idebus=xx
VP_IDE: IDE controller at PCI slot 0000:00:07.1
VP_IDE: chipset revision 6
VP_IDE: not 100% native mode: will probe irqs later
VP_IDE: VIA vt82c686a (rev 1b) IDE UDMA66 controller on pci0000:00:07.1
    ide0: BM-DMA at 0xc000-0xc007, BIOS settings: hda:DMA, hdb:pio
    ide1: BM-DMA at 0xc008-0xc00f, BIOS settings: hdc:DMA, hdd:pio
Probing IDE interface ide0...
hda: ST380011A, ATA DISK drive
hda: IRQ probe failed (0xfcfa)
hdb: IRQ probe failed (0xfcfa)
hdb: IRQ probe failed (0xfcfa)
Using cfq io scheduler
ide0 at 0x1f0-0x1f7,0x3f6 on irq 14
Probing IDE interface ide1...
ide1: Wait for ready failed before probe !
hdc: 8X4X32, ATAPI CD/DVD-ROM drive
ide1 at 0x170-0x177,0x376 on irq 15
Probing IDE interface ide2...
ide2: Wait for ready failed before probe !
Probing IDE interface ide3...
ide3: Wait for ready failed before probe !
Probing IDE interface ide4...
ide4: Wait for ready failed before probe !
Probing IDE interface ide5...
ide5: Wait for ready failed before probe !
hda: max request size: 1024KiB
hda: 156301488 sectors (80026 MB) w/2048KiB Cache, CHS=16383/255/63, UDMA(66)
hda: cache flushes supported
 hda: hda1 hda2 hda3 hda4
hdc: ATAPI 32X CD-ROM CD-R/RW drive, 8192kB Cache, DMA
Uniform CD-ROM driver Revision: 3.20
mice: PS/2 mouse device common for all mice
input: AT Translated Set 2 keyboard on isa0060/serio0
input: ImPS/2 Generic Wheel Mouse on isa0060/serio1
device-mapper: 4.1.0-ioctl (2003-12-10) initialised: dm@uk.sistina.com
Advanced Linux Sound Architecture Driver Version 1.0.6 (Sun Aug 15 07:17:53 2004 UTC).
ACPI: PCI Interrupt Link [LNKD] enabled at IRQ 10
ACPI: PCI interrupt 0000:00:0b.0[A] -> GSI 10 (level, low) -> IRQ 10
ALSA device list:
  #0: Ensoniq AudioPCI ENS1370 at 0xdc00, irq 10
NET: Registered protocol family 2
IP: routing cache hash table of 2048 buckets, 16Kbytes
TCP: Hash tables configured (established 16384 bind 32768)
ip_conntrack version 2.1 (2047 buckets, 16376 max) - 296 bytes per conntrack
ip_nat_irc: error registering helper for port 0
ip_tables: (C) 2000-2002 Netfilter core team
Initializing IPsec netlink socket
NET: Registered protocol family 1
NET: Registered protocol family 10
IPv6 over IPv4 tunneling driver
ip6_tables: (C) 2000-2002 Netfilter core team
NET: Registered protocol family 17
NET: Registered protocol family 15
Bridge firewalling registered
ACPI: (supports S0 S1 S4 S4bios S5)
ACPI wakeup devices: 
PWRB USB0 USB1 
ReiserFS: hda4: found reiserfs format "3.6" with standard journal
ReiserFS: hda4: using ordered data mode
ReiserFS: hda4: journal params: device hda4, size 8192, journal first block 18, max trans len 1024, max batch 900, max commit age 30, max trans age 30
ReiserFS: hda4: checking transaction log (hda4)
ReiserFS: hda4: Using r5 hash to sort names
VFS: Mounted root (reiserfs filesystem) readonly.
Freeing unused kernel memory: 160k freed
Adding 262136k swap on /dev/hda2.  Priority:2 extents:1
bttv: driver version 0.9.15 loaded
bttv: using 8 buffers with 2080k (520 pages) each for capture
bttv: Bt8xx card found (0).
ACPI: PCI Interrupt Link [LNKB] enabled at IRQ 11
ACPI: PCI interrupt 0000:00:09.0[A] -> GSI 11 (level, low) -> IRQ 11
bttv0: Bt878 (rev 2) at 0000:00:09.0, irq: 11, latency: 32, mmio: 0xeb041000
bttv0: detected: AVerMedia TVCapture 98 [card=13], PCI subsystem ID is 1461:0004
bttv0: using: AVerMedia TVCapture 98 [card=13,autodetected]
bttv0: gpio: en=00000000, out=00000000 in=001c7ff3 [init]
bttv0: Hauppauge/Voodoo msp34xx: reset line init [11]
bttv0: Avermedia eeprom[0x4021]: tuner=5 radio:no remote control:yes
bttv0: using tuner=5
bttv0: i2c: checking for MSP34xx @ 0x80... not found
bttv0: i2c: checking for MSP34xx (alternate address) @ 0x88... not found
bttv0: i2c: checking for TDA9875 @ 0xb0... not found
bttv0: i2c: checking for TDA7432 @ 0x8a... not found
tvaudio: Ignoring new-style parameters in presence of obsolete ones
tvaudio: TV audio decoder + audio/video mux driver
tvaudio: known chips: tda9840,tda9873h,tda9874h/a,tda9850,tda9855,tea6300,tea6420,tda8425,pic16c54 (PV951),ta8874z
tuner: Ignoring new-style parameters in presence of obsolete ones
tuner: chip found at addr 0xc2 i2c-bus bt878 #0 [sw]
tuner: type set to 5 (Philips PAL_BG (FI1216 and compatibles)) by bt878 #0 [sw]
bttv0: registered device video0
bttv0: registered device vbi0
bttv0: PLL: 28636363 => 35468950 .. ok
bttv0: add subdevice "remote0"
ir-kbd-gpio: bttv IR (card=13) detected at pci-0000:00:09.0/ir0
cdrom: open failed.
ReiserFS: loop7: found reiserfs format "3.6" with standard journal
ReiserFS: loop7: using journaled data mode
ReiserFS: loop7: journal params: device loop7, size 8192, journal first block 18, max trans len 1024, max batch 900, max commit age 30, max trans age 30
ReiserFS: loop7: checking transaction log (loop7)
ReiserFS: loop7: Using r5 hash to sort names
e1000: Ignoring new-style parameters in presence of obsolete ones
Intel(R) PRO/1000 Network Driver - version 5.3.19-k2-NAPI
Copyright (c) 1999-2004 Intel Corporation.
ACPI: PCI interrupt 0000:00:0c.0[A] -> GSI 10 (level, low) -> IRQ 10
e1000: eth0: e1000_probe: Intel(R) PRO/1000 Network Connection
e1000: eth0: e1000_validate_option: Checksum Offload Enabled
e1000: eth0: e1000_validate_option: Flow Control Enabled
8139too Fast Ethernet driver 0.9.27
ACPI: PCI interrupt 0000:00:08.0[A] -> GSI 11 (level, low) -> IRQ 11
eth0: RealTek RTL8139 at 0xd0a14000, 00:06:4f:00:e8:99, IRQ 11
eth0:  Identified 8139 chip type 'RTL-8139C'
Disabled Privacy Extensions on device c0431100(lo)
e1000: ep0: e1000_watchdog: NIC Link is Up 100 Mbps Full Duplex
Disabled Privacy Extensions on device cf32ac00(sxb0)
ACPI: PCI interrupt 0000:00:09.1[A] -> GSI 11 (level, low) -> IRQ 11
ACPI: PCI Interrupt Link [LNKC] enabled at IRQ 10
ACPI: PCI interrupt 0000:00:07.5[C] -> GSI 10 (level, low) -> IRQ 10
PCI: Setting latency timer of device 0000:00:07.5 to 64
usbcore: registered new driver usbfs
usbcore: registered new driver hub
USB Universal Host Controller Interface driver v2.2
ACPI: PCI interrupt 0000:00:07.2[D] -> GSI 10 (level, low) -> IRQ 10
uhci_hcd 0000:00:07.2: VIA Technologies, Inc. VT82xxxxx UHCI USB 1.1 Controller
uhci_hcd 0000:00:07.2: irq 10, io base 0000c400
uhci_hcd 0000:00:07.2: new USB bus registered, assigned bus number 1
hub 1-0:1.0: USB hub found
hub 1-0:1.0: 2 ports detected
ACPI: PCI interrupt 0000:00:07.3[D] -> GSI 10 (level, low) -> IRQ 10
uhci_hcd 0000:00:07.3: VIA Technologies, Inc. VT82xxxxx UHCI USB 1.1 Controller (#2)
uhci_hcd 0000:00:07.3: irq 10, io base 0000c800
uhci_hcd 0000:00:07.3: new USB bus registered, assigned bus number 2
hub 2-0:1.0: USB hub found
hub 2-0:1.0: 2 ports detected
parport0: PC-style at 0x378 (0x778) [PCSPP,TRISTATE]
parport_pc: Via 686A parallel port: io=0x378
agpgart: Found an AGP 1.0 compliant device at 0000:00:00.0.
agpgart: Putting AGP V2 device at 0000:00:00.0 into 2x mode
agpgart: Putting AGP V2 device at 0000:01:00.0 into 2x mode
e1000: Ignoring new-style parameters in presence of obsolete ones
Intel(R) PRO/1000 Network Driver - version 5.3.19-k2-NAPI
Copyright (c) 1999-2004 Intel Corporation.
ACPI: PCI interrupt 0000:00:0c.0[A] -> GSI 10 (level, low) -> IRQ 10
e1000: eth0: e1000_probe: Intel(R) PRO/1000 Network Connection
e1000: eth0: e1000_validate_option: Checksum Offload Enabled
e1000: eth0: e1000_validate_option: Flow Control Enabled
e1000: ep0: e1000_watchdog: NIC Link is Up 100 Mbps Full Duplex
e1000: ep0: e1000_watchdog: NIC Link is Down
e1000: ep0: e1000_watchdog: NIC Link is Up 10 Mbps Half Duplex
e1000: ep0: e1000_watchdog: NIC Link is Down
e1000: ep0: e1000_watchdog: NIC Link is Up 100 Mbps Full Duplex
device ep0 entered promiscuous mode
device ep0 left promiscuous mode
inserting floppy driver for 2.6.8.1-mm2
floppy: controller ACPI FDC0 at I/O 0x3f7-0x3f7 irq 6 dma channel 2
Floppy drive(s): fd0 is 1.44M
floppy0: Floppy io-port 0x03f7 in use
[unhandled content-type:application/x-gunzip]           CPU0       
  0:   16106216          XT-PIC  timer
  1:      31199          XT-PIC  i8042
  2:          0          XT-PIC  cascade
  3:         26          XT-PIC  serial
  8:          1          XT-PIC  rtc
  9:          0          XT-PIC  acpi
 10:    3019776          XT-PIC  Ensoniq AudioPCI, VIA686A, uhci_hcd, uhci_hcd, ep0
 11:     952856          XT-PIC  bttv0, Bt87x audio, mga@PCI:1:0:0
 12:     210614          XT-PIC  i8042
 14:     236596          XT-PIC  ide0
 15:     152034          XT-PIC  ide1
NMI:          0 
ERR:          0
00000000-0009fbff : System RAM
0009fc00-0009ffff : reserved
000a0000-000bffff : Video RAM area
000c0000-000c8fff : Video ROM
000d0000-000d17ff : Adapter ROM
000f0000-000fffff : System ROM
00100000-0ffeffff : System RAM
  00100000-0038b583 : Kernel code
  0038b584-0047ccbf : Kernel data
0fff0000-0fff2fff : ACPI Non-volatile Storage
0fff3000-0fffffff : ACPI Tables
e0000000-e3ffffff : 0000:00:00.0
e4000000-e7ffffff : PCI Bus #01
  e4000000-e4003fff : 0000:01:00.0
  e5000000-e57fffff : 0000:01:00.0
e8000000-e9ffffff : PCI Bus #01
  e8000000-e9ffffff : 0000:01:00.0
eb000000-eb01ffff : 0000:00:0c.0
  eb000000-eb01ffff : e1000
eb020000-eb03ffff : 0000:00:0c.0
  eb020000-eb03ffff : e1000
eb040000-eb0400ff : 0000:00:08.0
  eb040000-eb0400ff : 8139too
eb041000-eb041fff : 0000:00:09.0
  eb041000-eb041fff : bttv0
eb042000-eb042fff : 0000:00:09.1
  eb042000-eb042fff : Bt87x audio
ffff0000-ffffffff : reserved
0000-001f : dma1
0020-0021 : pic1
0040-005f : timer
0060-006f : keyboard
0070-0077 : rtc
0080-008f : dma page reg
00a0-00a1 : pic2
00c0-00df : dma2
00f0-00ff : fpu
0170-0177 : ide1
01f0-01f7 : ide0
02f8-02ff : serial
0376-0376 : ide1
0378-037a : parport0
03c0-03df : vga+
03f6-03f6 : ide0
03f8-03ff : serial
0cf8-0cff : PCI conf1
4000-4003 : PM1a_EVT_BLK
4004-4005 : PM1a_CNT_BLK
4008-400b : PM_TMR
4010-4015 : ACPI CPU throttle
4020-4023 : GPE0_BLK
5000-500f : 0000:00:07.4
6000-607f : 0000:00:07.4
  6000-607f : via686a-sensor
c000-c00f : 0000:00:07.1
  c000-c007 : ide0
  c008-c00f : ide1
c400-c41f : 0000:00:07.2
  c400-c41f : uhci_hcd
c800-c81f : 0000:00:07.3
  c800-c81f : uhci_hcd
cc00-ccff : 0000:00:07.5
  cc00-ccff : VIA686A
d000-d003 : 0000:00:07.5
  d000-d003 : VIA686A
d400-d403 : 0000:00:07.5
  d400-d403 : VIA686A
d800-d8ff : 0000:00:08.0
  d800-d8ff : 8139too
dc00-dc3f : 0000:00:0b.0
  dc00-dc3f : Ensoniq AudioPCI
e000-e03f : 0000:00:0c.0
  e000-e03f : e1000
00:00.0 Host bridge: VIA Technologies, Inc. VT82C693A/694x [Apollo PRO133x] (rev 44)
	Control: I/O- Mem+ BusMaster+ SpecCycle- MemWINV- VGASnoop- ParErr- Stepping- SERR- FastB2B-
	Status: Cap+ 66Mhz- UDF- FastB2B- ParErr- DEVSEL=medium >TAbort- <TAbort- <MAbort+ >SERR- <PERR+
	Latency: 0
	Region 0: Memory at e0000000 (32-bit, prefetchable) [size=64M]
	Capabilities: [a0] AGP version 1.0
		Status: RQ=8 Iso- ArqSz=0 Cal=0 SBA+ ITACoh- GART64- HTrans- 64bit- FW- AGP3- Rate=x1,x2
		Command: RQ=1 ArqSz=0 Cal=0 SBA+ AGP+ GART64- 64bit- FW- Rate=x2
00:01.0 PCI bridge: VIA Technologies, Inc. VT82C598/694x [Apollo MVP3/Pro133x AGP] (prog-if 00 [Normal decode])
	Control: I/O+ Mem+ BusMaster+ SpecCycle- MemWINV- VGASnoop- ParErr- Stepping- SERR- FastB2B-
	Status: Cap+ 66Mhz+ UDF- FastB2B- ParErr- DEVSEL=medium >TAbort- <TAbort- <MAbort+ >SERR- <PERR-
	Latency: 0
	Bus: primary=00, secondary=01, subordinate=01, sec-latency=0
	I/O behind bridge: 0000f000-00000fff
	Memory behind bridge: e4000000-e7ffffff
	Prefetchable memory behind bridge: e8000000-e9ffffff
	BridgeCtl: Parity- SERR- NoISA+ VGA+ MAbort- >Reset- FastB2B-
	Capabilities: [80] Power Management version 2
		Flags: PMEClk- DSI- D1- D2- AuxCurrent=0mA PME(D0-,D1-,D2-,D3hot-,D3cold-)
		Status: D0 PME-Enable- DSel=0 DScale=0 PME-
00:07.0 ISA bridge: VIA Technologies, Inc. VT82C686 [Apollo Super South] (rev 1b)
	Subsystem: VIA Technologies, Inc. VT82C686/A PCI to ISA Bridge
	Control: I/O+ Mem+ BusMaster+ SpecCycle- MemWINV- VGASnoop- ParErr- Stepping+ SERR- FastB2B-
	Status: Cap- 66Mhz- UDF- FastB2B- ParErr- DEVSEL=medium >TAbort- <TAbort- <MAbort- >SERR- <PERR-
	Latency: 0
00:07.1 IDE interface: VIA Technologies, Inc. VT82C586A/B/VT82C686/A/B/VT823x/A/C/VT8235 PIPC Bus Master IDE (rev 06) (prog-if 8a [Master SecP PriP])
	Control: I/O+ Mem+ BusMaster+ SpecCycle- MemWINV- VGASnoop- ParErr- Stepping- SERR- FastB2B-
	Status: Cap+ 66Mhz- UDF- FastB2B+ ParErr- DEVSEL=medium >TAbort- <TAbort- <MAbort- >SERR- <PERR-
	Latency: 32
	Region 4: I/O ports at c000 [size=16]
	Capabilities: [c0] Power Management version 2
		Flags: PMEClk- DSI- D1- D2- AuxCurrent=0mA PME(D0-,D1-,D2-,D3hot-,D3cold-)
		Status: D0 PME-Enable- DSel=0 DScale=0 PME-
00:07.2 USB Controller: VIA Technologies, Inc. VT6202 [USB 2.0 controller] (rev 0e) (prog-if 00 [UHCI])
	Subsystem: VIA Technologies, Inc. (Wrong ID) USB Controller
	Control: I/O+ Mem+ BusMaster+ SpecCycle- MemWINV- VGASnoop- ParErr- Stepping- SERR- FastB2B-
	Status: Cap+ 66Mhz- UDF- FastB2B- ParErr- DEVSEL=medium >TAbort- <TAbort- <MAbort- >SERR- <PERR-
	Latency: 32, cache line size 08
	Interrupt: pin D routed to IRQ 10
	Region 4: I/O ports at c400 [size=32]
	Capabilities: [80] Power Management version 2
		Flags: PMEClk- DSI- D1- D2- AuxCurrent=0mA PME(D0-,D1-,D2-,D3hot-,D3cold-)
		Status: D0 PME-Enable- DSel=0 DScale=0 PME-
00:07.3 USB Controller: VIA Technologies, Inc. VT6202 [USB 2.0 controller] (rev 0e) (prog-if 00 [UHCI])
	Subsystem: VIA Technologies, Inc. (Wrong ID) USB Controller
	Control: I/O+ Mem+ BusMaster+ SpecCycle- MemWINV- VGASnoop- ParErr- Stepping- SERR- FastB2B-
	Status: Cap+ 66Mhz- UDF- FastB2B- ParErr- DEVSEL=medium >TAbort- <TAbort- <MAbort- >SERR- <PERR-
	Latency: 32, cache line size 08
	Interrupt: pin D routed to IRQ 10
	Region 4: I/O ports at c800 [size=32]
	Capabilities: [80] Power Management version 2
		Flags: PMEClk- DSI- D1- D2- AuxCurrent=0mA PME(D0-,D1-,D2-,D3hot-,D3cold-)
		Status: D0 PME-Enable- DSel=0 DScale=0 PME-
00:07.4 Host bridge: VIA Technologies, Inc. VT82C686 [Apollo Super ACPI] (rev 20)
	Control: I/O- Mem- BusMaster- SpecCycle- MemWINV- VGASnoop- ParErr- Stepping- SERR- FastB2B-
	Status: Cap- 66Mhz- UDF- FastB2B+ ParErr- DEVSEL=medium >TAbort- <TAbort- <MAbort- >SERR- <PERR-
	Interrupt: pin ? routed to IRQ 9
00:07.5 Multimedia audio controller: VIA Technologies, Inc. VT82C686 AC97 Audio Controller (rev 21)
	Subsystem: VIA Technologies, Inc. VT82C686 AC97 Audio Controller
	Control: I/O+ Mem- BusMaster- SpecCycle- MemWINV- VGASnoop- ParErr- Stepping- SERR- FastB2B-
	Status: Cap+ 66Mhz- UDF- FastB2B- ParErr- DEVSEL=medium >TAbort- <TAbort- <MAbort- >SERR- <PERR-
	Interrupt: pin C routed to IRQ 10
	Region 0: I/O ports at cc00 [size=256]
	Region 1: I/O ports at d000 [size=4]
	Region 2: I/O ports at d400 [size=4]
	Capabilities: [c0] Power Management version 2
		Flags: PMEClk- DSI- D1- D2- AuxCurrent=0mA PME(D0-,D1-,D2-,D3hot-,D3cold-)
		Status: D0 PME-Enable- DSel=0 DScale=0 PME-
00:08.0 Ethernet controller: Realtek Semiconductor Co., Ltd. RTL-8139/8139C/8139C+ (rev 10)
	Subsystem: Realtek Semiconductor Co., Ltd. RT8139
	Control: I/O+ Mem+ BusMaster+ SpecCycle- MemWINV- VGASnoop- ParErr- Stepping- SERR- FastB2B-
	Status: Cap+ 66Mhz- UDF- FastB2B+ ParErr- DEVSEL=medium >TAbort- <TAbort- <MAbort- >SERR- <PERR-
	Latency: 32 (8000ns min, 16000ns max)
	Interrupt: pin A routed to IRQ 11
	Region 0: I/O ports at d800 [size=256]
	Region 1: Memory at eb040000 (32-bit, non-prefetchable) [size=256]
	Capabilities: [50] Power Management version 2
		Flags: PMEClk- DSI- D1+ D2+ AuxCurrent=375mA PME(D0-,D1+,D2+,D3hot+,D3cold+)
		Status: D0 PME-Enable- DSel=0 DScale=0 PME-
00:09.0 Multimedia video controller: Brooktree Corporation Bt878 Video Capture (rev 02)
	Subsystem: Avermedia Technologies Inc AVerTV WDM Video Capture
	Control: I/O- Mem+ BusMaster+ SpecCycle- MemWINV- VGASnoop- ParErr- Stepping- SERR- FastB2B-
	Status: Cap- 66Mhz- UDF- FastB2B+ ParErr- DEVSEL=medium >TAbort- <TAbort- <MAbort- >SERR- <PERR-
	Latency: 32 (4000ns min, 10000ns max)
	Interrupt: pin A routed to IRQ 11
	Region 0: Memory at eb041000 (32-bit, prefetchable) [size=4K]
00:09.1 Multimedia controller: Brooktree Corporation Bt878 Audio Capture (rev 02)
	Subsystem: Avermedia Technologies Inc AVerTV WDM Audio Capture
	Control: I/O- Mem+ BusMaster+ SpecCycle- MemWINV- VGASnoop- ParErr- Stepping- SERR- FastB2B-
	Status: Cap- 66Mhz- UDF- FastB2B+ ParErr- DEVSEL=medium >TAbort- <TAbort- <MAbort- >SERR- <PERR-
	Latency: 32 (1000ns min, 63750ns max)
	Interrupt: pin A routed to IRQ 11
	Region 0: Memory at eb042000 (32-bit, prefetchable) [size=4K]
00:0b.0 Multimedia audio controller: Ensoniq ES1370 [AudioPCI]
	Subsystem: Unknown device 4942:4c4c
	Control: I/O+ Mem- BusMaster+ SpecCycle- MemWINV- VGASnoop- ParErr- Stepping- SERR+ FastB2B-
	Status: Cap- 66Mhz- UDF- FastB2B- ParErr- DEVSEL=slow >TAbort- <TAbort- <MAbort+ >SERR- <PERR-
	Latency: 64 (3000ns min, 32000ns max)
	Interrupt: pin A routed to IRQ 10
	Region 0: I/O ports at dc00 [size=64]
00:0c.0 Ethernet controller: Intel Corp. 82540EM Gigabit Ethernet Controller (rev 02)
	Subsystem: Intel Corp. PRO/1000 MT Desktop Adapter
	Control: I/O+ Mem+ BusMaster+ SpecCycle- MemWINV- VGASnoop- ParErr- Stepping- SERR- FastB2B-
	Status: Cap+ 66Mhz+ UDF- FastB2B- ParErr- DEVSEL=medium >TAbort- <TAbort- <MAbort- >SERR- <PERR-
	Latency: 32 (63750ns min), cache line size 08
	Interrupt: pin A routed to IRQ 10
	Region 0: Memory at eb020000 (32-bit, non-prefetchable) [size=128K]
	Region 1: Memory at eb000000 (32-bit, non-prefetchable) [size=128K]
	Region 2: I/O ports at e000 [size=64]
	Expansion ROM at ea000000 [disabled] [size=128K]
	Capabilities: [dc] Power Management version 2
		Flags: PMEClk- DSI+ D1- D2- AuxCurrent=0mA PME(D0+,D1-,D2-,D3hot+,D3cold+)
		Status: D0 PME-Enable- DSel=0 DScale=1 PME-
	Capabilities: [e4] PCI-X non-bridge device.
		Command: DPERE- ERO+ RBC=0 OST=0
		Status: Bus=0 Dev=0 Func=0 64bit- 133MHz- SCD- USC-, DC=simple, DMMRBC=0, DMOST=0, DMCRS=0, RSCEM-	Capabilities: [f0] Message Signalled Interrupts: 64bit+ Queue=0/0 Enable-
		Address: 0000000000000000  Data: 0000
01:00.0 VGA compatible controller: Matrox Graphics, Inc. MGA G550 AGP (rev 01) (prog-if 00 [VGA])
	Subsystem: Matrox Graphics, Inc. Millennium G550 Dual Head DDR 32Mb
	Control: I/O+ Mem+ BusMaster+ SpecCycle- MemWINV- VGASnoop- ParErr- Stepping- SERR- FastB2B-
	Status: Cap+ 66Mhz- UDF- FastB2B+ ParErr- DEVSEL=medium >TAbort- <TAbort- <MAbort- >SERR- <PERR-
	Latency: 64 (4000ns min, 8000ns max), cache line size 08
	Interrupt: pin A routed to IRQ 11
	Region 0: Memory at e8000000 (32-bit, prefetchable) [size=32M]
	Region 1: Memory at e4000000 (32-bit, non-prefetchable) [size=16K]
	Region 2: Memory at e5000000 (32-bit, non-prefetchable) [size=8M]
	Expansion ROM at <unassigned> [disabled] [size=128K]
	Capabilities: [dc] Power Management version 2
		Flags: PMEClk- DSI+ D1- D2- AuxCurrent=0mA PME(D0-,D1-,D2-,D3hot-,D3cold-)
		Status: D0 PME-Enable- DSel=0 DScale=0 PME-
	Capabilities: [f0] AGP version 2.0
		Status: RQ=32 Iso- ArqSz=0 Cal=0 SBA+ ITACoh- GART64- HTrans- 64bit- FW- AGP3- Rate=x1,x2
		Command: RQ=8 ArqSz=0 Cal=0 SBA+ AGP+ GART64- 64bit- FW- Rate=x2