Date: Sun, 27 Jan 2008 08:31:29 -0400
From: Kevin Winchester <>
Subject: Re: X fails to start with latest Linus git
Sender: linux-kernel-owner@vger.kernel.org
Precedence: bulk
List-ID: <linux-kernel.vger.kernel.org>
X-Mailing-List: linux-kernel@vger.kernel.org
X-Lkml-Link: https://lkml.org/lkml/2008/1/27/98

On Sun, 27 Jan 2008 07:27:03 +0100
Ingo Molnar <mingo@elte.hu> wrote:
> 
> * Kevin Winchester <kjwinchester@gmail.com> wrote:
> 
> > The machine boots normally, but without that revert, X locks up.  Does 
> > that make sense to anyone?
> 
> could you send your full bootlog? Also please send me the output of:
> 
>  
http://people.redhat.com/mingo/cfs-scheduler/tools/cfs-debug-info.sh
> 
> and please send me your .config as well.
> 
> somehow this new ktime_get() done within printk() will lock up your box 
> - that's weird. We can undo this commit easily, but it would be nice to 
> figure out what's going on.
> 
Sure, the result of the script is at
http://personal.nbnet.nb.ca/kwin/cfs-debug-info-2008.01.27-08.13.28
although it is not complete.  For some reason (xubuntu, probably) dash is
my default shell and it does not like the for loop at line 69 of that
script:
for ((i=0; i<5; i++)); do
 echo "-- sched_debug #$i: --"       >> $FILE
 date                                >> $FILE
 cat /proc/sched_debug               >> $FILE 2>/dev/null
 sleep 1
done
Not being a shell scripter, I have no idea how to port that to dash.
I believe the script includes my .config and dmesg, but I've included them here anyway.
[    0.000000] Linux version 2.6.24-gccd55b5c (kevin@alekhine) (gcc version 4.1.3 20070929 (prerelease) (Ubuntu 4.1.2-16ubuntu2)) #19 PREEMPT Sat Jan 26 21:06:49 AST 2008
[    0.000000] BIOS-provided physical RAM map:
[    0.000000]  BIOS-e820: 0000000000000000 - 000000000009f800 (usable)
[    0.000000]  BIOS-e820: 000000000009f800 - 00000000000a0000 (reserved)
[    0.000000]  BIOS-e820: 00000000000f0000 - 0000000000100000 (reserved)
[    0.000000]  BIOS-e820: 0000000000100000 - 000000003fef0000 (usable)
[    0.000000]  BIOS-e820: 000000003fef0000 - 000000003fef3000 (ACPI NVS)
[    0.000000]  BIOS-e820: 000000003fef3000 - 000000003ff00000 (ACPI data)
[    0.000000]  BIOS-e820: 00000000fec00000 - 0000000100000000 (reserved)
[    0.000000] 126MB HIGHMEM available.
[    0.000000] 896MB LOWMEM available.
[    0.000000] found SMP MP-table at 000f36a0
[    0.000000] Entering add_active_range(0, 0, 261872) 0 entries of 256 used
[    0.000000] Zone PFN ranges:
[    0.000000]   DMA             0 ->     4096
[    0.000000]   Normal       4096 ->   229376
[    0.000000]   HighMem    229376 ->   261872
[    0.000000] Movable zone start PFN for each node
[    0.000000] early_node_map[1] active PFN ranges
[    0.000000]     0:        0 ->   261872
[    0.000000] On node 0 totalpages: 261872
[    0.000000]   DMA zone: 32 pages used for memmap
[    0.000000]   DMA zone: 0 pages reserved
[    0.000000]   DMA zone: 4064 pages, LIFO batch:0
[    0.000000]   Normal zone: 1760 pages used for memmap
[    0.000000]   Normal zone: 223520 pages, LIFO batch:31
[    0.000000]   HighMem zone: 253 pages used for memmap
[    0.000000]   HighMem zone: 32243 pages, LIFO batch:7
[    0.000000]   Movable zone: 0 pages used for memmap
[    0.000000] DMI 2.3 present.
[    0.000000] ACPI: RSDP 000F77D0, 0014 (r0 VIAK8T)
[    0.000000] ACPI: RSDT 3FEF3040, 0034 (r1 VIAK8T AWRDACPI 42302E31 AWRD        0)
[    0.000000] ACPI: FACP 3FEF30C0, 0074 (r1 VIAK8T AWRDACPI 42302E31 AWRD        0)
[    0.000000] ACPI: DSDT 3FEF3180, 4F8A (r1 VIAK8T AWRDACPI     1000 MSFT  100000E)
[    0.000000] ACPI: FACS 3FEF0000, 0040
[    0.000000] ACPI: BOOT 3FEF8180, 0028 (r1 VIAK8T AWRDACPI 42302E31 AWRD        0)
[    0.000000] ACPI: SSDT 3FEF82C0, 00B5 (r1 PTLTD  POWERNOW        1  LTP        1)
[    0.000000] ACPI: APIC 3FEF8200, 0068 (r1 VIAK8T AWRDACPI 42302E31 AWRD        0)
[    0.000000] ACPI: PM-Timer IO Port: 0x4008
[    0.000000] ACPI: Local APIC address 0xfee00000
[    0.000000] ACPI: LAPIC (acpi_id[0x00] lapic_id[0x00] enabled)
[    0.000000] Processor #0 15:15 APIC version 16
[    0.000000] ACPI: LAPIC (acpi_id[0x01] lapic_id[0x01] disabled)
[    0.000000] ACPI: LAPIC_NMI (acpi_id[0x00] high edge lint[0x1])
[    0.000000] ACPI: LAPIC_NMI (acpi_id[0x01] high edge lint[0x1])
[    0.000000] ACPI: IOAPIC (id[0x02] address[0xfec00000] gsi_base[0])
[    0.000000] IOAPIC[0]: apic_id 2, version 3, address 0xfec00000, GSI 0-23
[    0.000000] ACPI: INT_SRC_OVR (bus 0 bus_irq 0 global_irq 2 dfl dfl)
[    0.000000] ACPI: INT_SRC_OVR (bus 0 bus_irq 9 global_irq 9 low level)
[    0.000000] ACPI: IRQ0 used by override.
[    0.000000] ACPI: IRQ2 used by override.
[    0.000000] ACPI: IRQ9 used by override.
[    0.000000] Enabling APIC mode:  Flat.  Using 1 I/O APICs
[    0.000000] Using ACPI (MADT) for SMP configuration information
[    0.000000] Allocating PCI resources starting at 40000000 (gap: 3ff00000:bed00000)
[    0.000000] Built 1 zonelists in Zone order, mobility grouping on.  Total pages: 259827
[    0.000000] Kernel command line: root=/dev/sda1 hpet=force
[    0.000000] mapped APIC to ffffb000 (fee00000)
[    0.000000] mapped IOAPIC to ffffa000 (fec00000)
[    0.000000] Enabling fast FPU save and restore... done.
[    0.000000] Enabling unmasked SIMD FPU exception support... done.
[    0.000000] Initializing CPU#0
[    0.000000] Preemptible RCU implementation.
[    0.000000] CPU 0 irqstacks, hard=c047c000 soft=c047b000
[    0.000000] PID hash table entries: 4096 (order: 12, 16384 bytes)
[    0.000000] Detected 1804.203 MHz processor.
[    0.000999] Console: colour VGA+ 80x25
[    0.000999] console [tty0] enabled
[    0.000999] Lock dependency validator: Copyright (c) 2006 Red Hat, Inc., Ingo Molnar
[    0.000999] ... MAX_LOCKDEP_SUBCLASSES:    8
[    0.000999] ... MAX_LOCK_DEPTH:          30
[    0.000999] ... MAX_LOCKDEP_KEYS:        2048
[    0.000999] ... CLASSHASH_SIZE:           1024
[    0.000999] ... MAX_LOCKDEP_ENTRIES:     8192
[    0.000999] ... MAX_LOCKDEP_CHAINS:      16384
[    0.000999] ... CHAINHASH_SIZE:          8192
[    0.000999]  memory used by lock dependency info: 992 kB
[    0.000999]  per task-struct memory footprint: 1200 bytes
[    0.000999] Dentry cache hash table entries: 131072 (order: 7, 524288 bytes)
[    0.000999] Inode-cache hash table entries: 65536 (order: 6, 262144 bytes)
[    0.000999] Memory: 1031940k/1047488k available (2399k kernel code, 14948k reserved, 976k data, 168k init, 129984k highmem)
[    0.000999] virtual kernel memory layout:
[    0.000999]     fixmap  : 0xfffa8000 - 0xfffff000   ( 348 kB)
[    0.000999]     pkmap   : 0xff800000 - 0xffc00000   (4096 kB)
[    0.000999]     vmalloc : 0xf8800000 - 0xff7fe000   ( 111 MB)
[    0.000999]     lowmem  : 0xc0000000 - 0xf8000000   ( 896 MB)
[    0.000999]       .init : 0xc044e000 - 0xc0478000   ( 168 kB)
[    0.000999]       .data : 0xc0357f70 - 0xc044c08c   ( 976 kB)
[    0.000999]       .text : 0xc0100000 - 0xc0357f70   (2399 kB)
[    0.000999] Checking if this processor honours the WP bit even in supervisor mode... Ok.
[    0.000999] SLUB: Genslabs=11, HWalign=64, Order=0-1, MinObjects=4, CPUs=1, Nodes=1
[    0.060995] Calibrating delay using timer specific routine.. 3611.76 BogoMIPS (lpj=1805884)
[    0.061142] Mount-cache hash table entries: 512
[    0.061439] CPU: After generic identify, caps: 078bfbff e3d3fbff 00000000 00000000 00000000 00000000 00000001 00000000
[    0.061449] CPU: L1 I Cache: 64K (64 bytes/line), D cache 64K (64 bytes/line)
[    0.061509] CPU: L2 Cache: 512K (64 bytes/line)
[    0.061566] CPU: After all inits, caps: 078bfbff e3d3fbff 00000000 00000410 00000000 00000000 00000001 00000000
[    0.061574] Intel machine check architecture supported.
[    0.061632] Intel machine check reporting enabled on CPU#0.
[    0.061692] Compat vDSO mapped to ffffe000.
[    0.061754] CPU: AMD Athlon(tm) 64 Processor 3000+ stepping 00
[    0.061891] Checking 'hlt' instruction... OK.
[    0.065253] Freeing SMP alternatives: 0k freed
[    0.065309] ACPI: Core revision 20070126
[    0.069581] ENABLING IO-APIC IRQs
[    0.069963] ..TIMER: vector=0x31 apic1=0 pin1=2 apic2=0 pin2=0
[    0.080987] net_namespace: 76 bytes
[    0.080987] NET: Registered protocol family 16
[    0.081203] ACPI: bus type pci registered
[    0.090069] PCI: PCI BIOS revision 2.10 entry at 0xfa090, last bus=1
[    0.090127] PCI: Using configuration type 1
[    0.090182] Setting up standard PCI resources
[    0.095485] ACPI: EC: Look up EC in DSDT
[    0.101778] ACPI: Interpreter enabled
[    0.101840] ACPI: (supports S0 S3 S5)
[    0.102041] ACPI: Using IOAPIC for interrupt routing
[    0.109782] ACPI: PCI Root Bridge [PCI0] (0000:00)
[    0.110866] Force enabled HPET at base address 0xfed00000
[    0.111264] ACPI: PCI Interrupt Routing Table [\_SB_.PCI0._PRT]
[    0.175282] ACPI: PCI Interrupt Link [LNKA] (IRQs 3 4 6 7 10 11 12) *5
[    0.175922] ACPI: PCI Interrupt Link [LNKB] (IRQs 3 4 6 7 10 *11 12)
[    0.176497] ACPI: PCI Interrupt Link [LNKC] (IRQs 3 4 6 7 10 *11 12)
[    0.177120] ACPI: PCI Interrupt Link [LNKD] (IRQs 3 4 6 7 10 11 12) *0, disabled.
[    0.177782] ACPI: PCI Interrupt Link [LNKE] (IRQs 3 4 6 7 10 11 12) *0, disabled.
[    0.178428] ACPI: PCI Interrupt Link [LNKF] (IRQs 3 4 6 7 10 11 12) *0, disabled.
[    0.179118] ACPI: PCI Interrupt Link [LNK0] (IRQs 3 4 6 7 *10 11 12)
[    0.179701] ACPI: PCI Interrupt Link [LNK1] (IRQs 3 4 6 7 *10 11 12)
[    0.180302] ACPI: PCI Interrupt Link [ALKA] (IRQs *20)
[    0.180659] ACPI: PCI Interrupt Link [ALKB] (IRQs *21)
[    0.181044] ACPI: PCI Interrupt Link [ALKC] (IRQs *22)
[    0.181440] ACPI: PCI Interrupt Link [ALKD] (IRQs *23), disabled.
[    0.181821] Linux Plug and Play Support v0.97 (c) Adam Belay
[    0.181930] pnp: PnP ACPI init
[    0.181991] ACPI: bus type pnp registered
[    0.186164] pnp: PnP ACPI: found 10 devices
[    0.186226] ACPI: ACPI bus type pnp unregistered
[    0.186548] SCSI subsystem initialized
[    0.186653] libata version 3.00 loaded.
[    0.186839] usbcore: registered new interface driver usbfs
[    0.186953] usbcore: registered new interface driver hub
[    0.187062] usbcore: registered new device driver usb
[    0.187537] PCI: Using ACPI for IRQ routing
[    0.187594] PCI: If a device doesn't work, try "pci=routeirq".  If it helps, post a report
[    0.225100] hpet clockevent registered
[    0.225107] hpet0: at MMIO 0xfed00000, IRQs 2, 8, 0
[    0.225320] hpet0: 3 32-bit timers, 14318180 Hz
[    0.226021] ACPI: RTC can wake from S4
[    0.226548] Time: tsc clocksource has been installed.
[    0.237985] system 00:00: iomem range 0xcc000-0xcffff has been reserved
[    0.238046] system 00:00: iomem range 0xf0000-0xf7fff could not be reserved
[    0.238106] system 00:00: iomem range 0xf8000-0xfbfff could not be reserved
[    0.238167] system 00:00: iomem range 0xfc000-0xfffff could not be reserved
[    0.238227] system 00:00: iomem range 0x3ff00000-0x3fffffff has been reserved
[    0.238288] system 00:00: iomem range 0x3fef0000-0x3fefffff could not be reserved
[    0.238360] system 00:00: iomem range 0xffff0000-0xffffffff could not be reserved
[    0.238431] system 00:00: iomem range 0x0-0x9ffff could not be reserved
[    0.238491] system 00:00: iomem range 0x100000-0x3feeffff could not be reserved
[    0.238562] system 00:00: iomem range 0xfec00000-0xfec00fff could not be reserved
[    0.238633] system 00:00: iomem range 0xfee00000-0xfee00fff could not be reserved
[    0.238704] system 00:00: iomem range 0xfff80000-0xfffeffff could not be reserved
[    0.238782] system 00:02: ioport range 0x4000-0x407f has been reserved
[    0.238842] system 00:02: ioport range 0x5000-0x500f has been reserved
[    0.238908] system 00:03: ioport range 0xb78-0xb7b has been reserved
[    0.238967] system 00:03: ioport range 0xf78-0xf7b has been reserved
[    0.239026] system 00:03: ioport range 0xa78-0xa7b has been reserved
[    0.239085] system 00:03: ioport range 0xe78-0xe7b has been reserved
[    0.239145] system 00:03: ioport range 0xbbc-0xbbf has been reserved
[    0.239204] system 00:03: ioport range 0xfbc-0xfbf has been reserved
[    0.239264] system 00:03: ioport range 0x4d0-0x4d1 has been reserved
[    0.239323] system 00:03: ioport range 0x290-0x297 has been reserved
[    0.270199] PCI: Bridge: 0000:00:01.0
[    0.270255]   IO window: c000-cfff
[    0.270314]   MEM window: f8000000-f80fffff
[    0.270371]   PREFETCH window: e8000000-f7ffffff
[    0.270443] PCI: Setting latency timer of device 0000:00:01.0 to 64
[    0.270458] NET: Registered protocol family 2
[    0.306068] IP route cache hash table entries: 32768 (order: 5, 131072 bytes)
[    0.306526] TCP established hash table entries: 131072 (order: 8, 1048576 bytes)
[    0.307326] TCP bind hash table entries: 65536 (order: 9, 2097152 bytes)
[    0.312791] TCP: Hash tables configured (established 131072 bind 65536)
[    0.312867] TCP reno registered
[    0.324187] Simple Boot Flag at 0x37 set to 0x1
[    0.324542] Machine check exception polling timer started.
[    0.325475] highmem bounce pool size: 64 pages
[    0.329695] Installing knfsd (copyright (C) 1996 okir@monad.swb.de).
[    0.330201] Block layer SCSI generic (bsg) driver version 0.4 loaded (major 253)
[    0.330281] io scheduler noop registered
[    0.330434] io scheduler cfq registered (default)
[    0.330500] PCI: VIA PCI bridge detected. Disabling DAC.
[    0.330628] Boot video device is 0000:01:00.0
[    0.330826] input: Power Button (FF) as /devices/virtual/input/input0
[    0.330899] ACPI: Power Button (FF) [PWRF]
[    0.331092] input: Power Button (CM) as /devices/virtual/input/input1
[    0.331152] ACPI: Power Button (CM) [PWRB]
[    0.356239] Linux agpgart interface v0.102
[    0.356327] agpgart: Detected AGP bridge 0
[    0.360327] agpgart: AGP aperture is 128M @ 0xe0000000
[    0.360516] [drm] Initialized drm 1.1.0 20060810
[    0.360625] ACPI: PCI Interrupt 0000:01:00.0[A] -> GSI 16 (level, low) -> IRQ 16
[    0.361047] [drm] Initialized radeon 1.28.0 20060524 on minor 0
[    0.361115] Hangcheck: starting hangcheck timer 0.9.0 (tick is 180 seconds, margin is 60 seconds).
[    0.361187] Hangcheck: Using get_cycles().
[    0.361368] via-rhine: Broken BIOS detected, avoid_D3 enabled.
[    0.361505] VIA Networking Velocity Family Gigabit Ethernet Adapter Driver Ver. 1.14
[    0.361947] Copyright (c) 2002, 2003 VIA Networking Technologies, Inc.
[    0.362006] Copyright (c) 2004 Red Hat Inc.
[    0.362074] ACPI: PCI Interrupt 0000:00:0e.0[A] -> GSI 22 (level, low) -> IRQ 17
[    0.363222] eth0: VIA Networking Velocity Family Gigabit Ethernet Adapter
[    0.363283] eth0: Ethernet Address: 00:50:8D:D1:28:BB
[    0.374014] PPP generic driver version 2.4.2
[    0.374234] PPP MPPE Compression module registered
[    0.374506] Driver 'sd' needs updating - please use bus_type methods
[    0.374613] Driver 'sr' needs updating - please use bus_type methods
[    0.374840] sata_via 0000:00:0f.0: version 2.3
[    0.375114] ACPI: PCI Interrupt Link [ALKA] enabled at IRQ 20
[    0.375176] ACPI: PCI Interrupt 0000:00:0f.0[B] -> Link [ALKA] -> GSI 20 (level, low) -> IRQ 18
[    0.375385] sata_via 0000:00:0f.0: routed to hard irq line 11
[    0.375534] scsi0 : sata_via
[    0.375708] scsi1 : sata_via
[    0.375852] ata1: SATA max UDMA/133 cmd 0xe900 ctl 0xea00 bmdma 0xe200 irq 18
[    0.375912] ata2: SATA max UDMA/133 cmd 0xe000 ctl 0xe100 bmdma 0xe208 irq 18
[    0.576919] ata1: SATA link down 1.5 Gbps (SStatus 0 SControl 300)
[    0.725897] Switched to high resolution mode on CPU 0
[    0.726897] ata2: SATA link down 1.5 Gbps (SStatus 0 SControl 300)
[    0.728889] pata_via 0000:00:0f.1: version 0.3.3
[    0.728889] ACPI: PCI Interrupt 0000:00:0f.1[A] -> Link [ALKA] -> GSI 20 (level, low) -> IRQ 18
[    0.728889] scsi2 : pata_via
[    0.728889] scsi3 : pata_via
[    0.730687] ata3: PATA max UDMA/133 cmd 0x1f0 ctl 0x3f6 bmdma 0xe400 irq 14
[    0.730747] ata4: PATA max UDMA/133 cmd 0x170 ctl 0x376 bmdma 0xe408 irq 15
[    0.745229] ata3.00: ATAPI: COMPAQ  DVD-ROM DRD-8120B, 1.10, max UDMA/33
[    0.745302] ata3.01: ATAPI: HL-DT-ST GCE-8525B, 1.03, max UDMA/33
[    0.748099] ata3.00: configured for UDMA/33
[    0.751097] ata3.01: configured for UDMA/33
[    0.753342] ata4.00: ATA-6: WDC WD800JB-00JJA0, 05.01C05, max UDMA/100
[    0.753401] ata4.00: 156301488 sectors, multi 16: LBA 
[    0.754200] ata4.00: configured for UDMA/100
[    0.754885] scsi 2:0:0:0: CD-ROM            COMPAQ   DVD-ROM DRD8120B 1.10 PQ: 0 ANSI: 5
[    0.758302] sr0: scsi3-mmc drive: 0x/40x cd/rw xa/form2 cdda tray
[    0.758362] Uniform CD-ROM driver Revision: 3.20
[    0.758594] sr 2:0:0:0: Attached scsi CD-ROM sr0
[    0.758745] sr 2:0:0:0: Attached scsi generic sg0 type 5
[    0.759178] scsi 2:0:1:0: CD-ROM            HL-DT-ST CD-RW GCE-8525B  1.03 PQ: 0 ANSI: 5
[    0.763143] sr1: scsi3-mmc drive: 40x/52x writer cd/rw xa/form2 cdda tray
[    0.763318] sr 2:0:1:0: Attached scsi CD-ROM sr1
[    0.763438] sr 2:0:1:0: Attached scsi generic sg1 type 5
[    0.763659] scsi 3:0:0:0: Direct-Access     ATA      WDC WD800JB-00JJ 05.0 PQ: 0 ANSI: 5
[    0.763970] sd 3:0:0:0: [sda] 156301488 512-byte hardware sectors (80026 MB)
[    0.764050] sd 3:0:0:0: [sda] Write Protect is off
[    0.764108] sd 3:0:0:0: [sda] Mode Sense: 00 3a 00 00
[    0.764146] sd 3:0:0:0: [sda] Write cache: enabled, read cache: enabled, doesn't support DPO or FUA
[    0.764345] sd 3:0:0:0: [sda] 156301488 512-byte hardware sectors (80026 MB)
[    0.764424] sd 3:0:0:0: [sda] Write Protect is off
[    0.764482] sd 3:0:0:0: [sda] Mode Sense: 00 3a 00 00
[    0.764520] sd 3:0:0:0: [sda] Write cache: enabled, read cache: enabled, doesn't support DPO or FUA
[    0.764594]  sda: sda1 sda2 < sda5 sda6 >
[    0.774882] sd 3:0:0:0: [sda] Attached SCSI disk
[    0.774882] sd 3:0:0:0: Attached scsi generic sg2 type 0
[    0.775137] ACPI: PCI Interrupt 0000:00:07.0[A] -> GSI 23 (level, low) -> IRQ 19
[    0.788887] firewire_ohci: Added fw-ohci device 0000:00:07.0, OHCI version 1.0
[    0.789107] ACPI: PCI Interrupt 0000:00:10.4[C] -> GSI 21 (level, low) -> IRQ 20
[    0.789227] ehci_hcd 0000:00:10.4: EHCI Host Controller
[    0.789377] ehci_hcd 0000:00:10.4: new USB bus registered, assigned bus number 1
[    0.789501] ehci_hcd 0000:00:10.4: irq 20, io mem 0xf8121000
[    0.794885] ehci_hcd 0000:00:10.4: USB 2.0 started, EHCI 1.00, driver 10 Dec 2004
[    0.795353] usb usb1: configuration #1 chosen from 1 choice
[    0.795503] hub 1-0:1.0: USB hub found
[    0.795576] hub 1-0:1.0: 8 ports detected
[    0.807089] USB Universal Host Controller Interface driver v3.0
[    0.807193] ACPI: PCI Interrupt 0000:00:10.0[A] -> GSI 21 (level, low) -> IRQ 20
[    0.807308] uhci_hcd 0000:00:10.0: UHCI Host Controller
[    0.807426] uhci_hcd 0000:00:10.0: new USB bus registered, assigned bus number 2
[    0.807514] uhci_hcd 0000:00:10.0: irq 20, io base 0x0000e500
[    0.807818] usb usb2: configuration #1 chosen from 1 choice
[    0.807954] hub 2-0:1.0: USB hub found
[    0.808030] hub 2-0:1.0: 2 ports detected
[    0.823016] ACPI: PCI Interrupt 0000:00:10.1[A] -> GSI 21 (level, low) -> IRQ 20
[    0.823131] uhci_hcd 0000:00:10.1: UHCI Host Controller
[    0.823248] uhci_hcd 0000:00:10.1: new USB bus registered, assigned bus number 3
[    0.823335] uhci_hcd 0000:00:10.1: irq 20, io base 0x0000e600
[    0.823635] usb usb3: configuration #1 chosen from 1 choice
[    0.823765] hub 3-0:1.0: USB hub found
[    0.823828] hub 3-0:1.0: 2 ports detected
[    0.838012] ACPI: PCI Interrupt 0000:00:10.2[B] -> GSI 21 (level, low) -> IRQ 20
[    0.838127] uhci_hcd 0000:00:10.2: UHCI Host Controller
[    0.838245] uhci_hcd 0000:00:10.2: new USB bus registered, assigned bus number 4
[    0.838333] uhci_hcd 0000:00:10.2: irq 20, io base 0x0000e700
[    0.838636] usb usb4: configuration #1 chosen from 1 choice
[    0.838768] hub 4-0:1.0: USB hub found
[    0.838830] hub 4-0:1.0: 2 ports detected
[    0.854010] ACPI: PCI Interrupt 0000:00:10.3[B] -> GSI 21 (level, low) -> IRQ 20
[    0.854124] uhci_hcd 0000:00:10.3: UHCI Host Controller
[    0.854241] uhci_hcd 0000:00:10.3: new USB bus registered, assigned bus number 5
[    0.854328] uhci_hcd 0000:00:10.3: irq 20, io base 0x0000e800
[    0.854630] usb usb5: configuration #1 chosen from 1 choice
[    0.854761] hub 5-0:1.0: USB hub found
[    0.854825] hub 5-0:1.0: 2 ports detected
[    0.870049] firewire_core: created new fw device fw0 (0 config rom retries, S400)
[    0.897873] usb 2-1: new low speed USB device using uhci_hcd and address 2
[    0.900863] usb 2-1: configuration #1 chosen from 1 choice
[    0.919870] usb 2-2: new low speed USB device using uhci_hcd and address 3
[    0.922860] usb 2-2: configuration #1 chosen from 1 choice
[    0.958922] usbcore: registered new interface driver usblp
[    0.958981] Initializing USB Mass Storage driver...
[    0.959099] usbcore: registered new interface driver usb-storage
[    0.959160] USB Mass Storage support registered.
[    0.959428] PNP: No PS/2 controller found. Probing ports directly.
[    0.961275] serio: i8042 KBD port at 0x60,0x64 irq 1
[    0.961340] serio: i8042 AUX port at 0x60,0x64 irq 12
[    0.961678] mice: PS/2 mouse device common for all mice
[    0.983122] rtc_cmos 00:05: rtc core: registered rtc_cmos as rtc0
[    0.983224] rtc0: alarms up to one year, y3k
[    0.983329] i2c /dev entries driver
[    1.000880] w83627hf: Found W83627HF chip at 0x290
[    1.005041] w83627hf w83627hf.656: Enabling temp2, readings might not make sense
[    1.005144] w83627hf w83627hf.656: Enabling temp3, readings might not make sense
[    1.026743] abituguru: testing bank1 sensor 0
[    1.028253] abituguru:   alarm not raised during volt sensor test
[    1.029806] abituguru:   found temp sensor
[    1.030422] abituguru: testing bank1 sensor 1
[    1.031268] abituguru:   alarm not raised during volt sensor test
[    1.032808] abituguru:   found temp sensor
[    1.033424] abituguru: testing bank1 sensor 3
[    1.035828] abituguru:   found volt sensor
[    1.036450] abituguru: testing bank1 sensor 4
[    1.037843] abituguru:   found volt sensor
[    1.038401] abituguru: testing bank1 sensor 10
[    1.039842] abituguru:   found volt sensor
[    1.040460] abituguru: testing bank1 sensor 8
[    1.042811] abituguru:   found volt sensor
[    1.043434] abituguru: testing bank1 sensor 14
[    1.045772] abituguru:   found volt sensor
[    1.046390] abituguru: testing bank1 sensor 2
[    1.047787] abituguru:   found volt sensor
[    1.048410] abituguru: testing bank1 sensor 9
[    1.050866] abituguru:   found volt sensor
[    1.051534] abituguru: testing bank1 sensor 6
[    1.053763] abituguru:   found volt sensor
[    1.054381] abituguru: testing bank1 sensor 5
[    1.056817] abituguru:   found volt sensor
[    1.057437] abituguru: testing bank1 sensor 11
[    1.059757] abituguru:   found volt sensor
[    1.060375] abituguru: testing bank1 sensor 15
[    1.061245] abituguru:   alarm not raised during volt sensor test
[    1.063792] abituguru:   found temp sensor
[    1.064415] abituguru: testing bank1 sensor 13
[    1.066813] abituguru:   found volt sensor
[    1.067438] abituguru: testing bank1 sensor 7
[    1.069272] abituguru:   alarm not raised during volt sensor test
[    1.070262] abituguru:   alarm not raised during temp sensor test
[    1.070992] abituguru: testing bank1 sensor 12
[    1.072233] abituguru:   alarm not raised during volt sensor test
[    1.073228] abituguru:   alarm not raised during temp sensor test
[    1.073684] abituguru: detecting number of fan sensors
[    1.073687] abituguru:   bank2 sensor 5 does not seem to be a fan sensor: the threshold (0) is below the minimum (5)
[    1.073690] abituguru:  found: 5 fan sensors
[    1.073699] abituguru: detecting number of PWM outputs
[    1.073703] abituguru:   pwm channel 3 does not seem to be a pwm channel: settings[0] = C9
[    1.073706] abituguru:  found: 3 PWM outputs
[    1.073713] abituguru: found Abit uGuru
[    1.074432] WDT driver for the Winbond(TM) W83627HF/THF/HG Super I/O chip initialising.
[    1.074608] w83627hf/thf/hg WDT: initialized. timeout=60 sec (nowayout=0)
[    1.086835] input: Logitech USB Mouse as /devices/pci0000:00/0000:00:10.0/usb2/2-1/2-1:1.0/input/input2
[    1.109901] input: USB HID v1.10 Mouse [Logitech USB Mouse] on usb-0000:00:10.0-1
[    1.122830] input: Microsoft Microsoft_ Digital Media Pro Keyboard as /devices/pci0000:00/0000:00:10.0/usb2/2-2/2-2:1.0/input/input3
[    1.145897] input: USB HID v1.11 Keyboard [Microsoft Microsoft_ Digital Media Pro Keyboard] on usb-0000:00:10.0-2
[    1.159824] input: Microsoft Microsoft_ Digital Media Pro Keyboard as /devices/pci0000:00/0000:00:10.0/usb2/2-2/2-2:1.1/input/input4
[    1.182889] input: USB HID v1.11 Device [Microsoft Microsoft_ Digital Media Pro Keyboard] on usb-0000:00:10.0-2
[    1.183091] usbcore: registered new interface driver usbhid
[    1.183151] drivers/hid/usbhid/hid-core.c: v2.6:USB HID core driver
[    1.183293] Advanced Linux Sound Architecture Driver Version 1.0.15 (Tue Nov 20 19:16:42 2007 UTC).
[    1.183929] ACPI: PCI Interrupt 0000:00:11.5[C] -> GSI 22 (level, low) -> IRQ 17
[    1.184177] PCI: Setting latency timer of device 0000:00:11.5 to 64
[    1.214155] ALSA device list:
[    1.214213]   #0: VIA 8237 with ALC658D at 0xd800, irq 17
[    1.214271] GRE over IPv4 tunneling driver
[    1.214737] TCP cubic registered
[    1.214822] NET: Registered protocol family 1
[    1.214892] NET: Registered protocol family 17
[    1.215201] RPC: Registered udp transport module.
[    1.215258] RPC: Registered tcp transport module.
[    1.215317] powernow-k8: Found 1 AMD Athlon(tm) 64 Processor 3000+ processors (1 cpu cores) (version 2.20.00)
[    1.215444] powernow-k8:    0 : fid 0xa (1800 MHz), vid 0x6
[    1.215503] powernow-k8:    1 : fid 0x2 (1000 MHz), vid 0x12
[    1.215694] Using IPI Shortcut mode
[    1.216007] rtc_cmos 00:05: setting system clock to 2008-01-27 12:07:55 UTC (1201435675)
[    1.225814] EXT3-fs: mounted filesystem with ordered data mode.
[    1.225814] VFS: Mounted root (ext3 filesystem) readonly.
[    1.225814] Freeing unused kernel memory: 168k freed
[    1.225814] kjournald starting.  Commit interval 5 seconds
[    4.914337] Velocity is AUTO mode
[    5.660634] Adding 1502036k swap on /dev/sda5.  Priority:-1 extents:1 across:1502036k
[    5.751372] EXT3 FS on sda1, internal journal
[    6.014089] kjournald starting.  Commit interval 5 seconds
[    6.014089] EXT3 FS on sda6, internal journal
[    6.014089] EXT3-fs: mounted filesystem with ordered data mode.
[    6.053083] eth0: Link auto-negotiation speed 100M bps full duplex
[   10.020431] agpgart: Found an AGP 3.0 compliant device at 0000:00:00.0.
[   10.020922] agpgart: Putting AGP V3 device at 0000:00:00.0 into 8x mode
[   10.021396] agpgart: Putting AGP V3 device at 0000:01:00.0 into 8x mode
[   10.034616] [drm] Setting GART location based on new memory map
[   10.035038] [drm] Loading R200 Microcode
[   10.035368] [drm] writeback test succeeded in 1 usecs
[   10.313437] Marking TSC unstable due to: cpufreq changes.
[   10.313437] Time: hpet clocksource has been installed.
[   10.424431] Clocksource tsc unstable (delta = -121609771 ns)
#
# Automatically generated make config: don't edit
# Linux kernel version: 2.6.24
# Sat Jan 26 20:22:02 2008
#
# CONFIG_64BIT is not set
CONFIG_X86_32=y
# CONFIG_X86_64 is not set
CONFIG_X86=y
CONFIG_GENERIC_TIME=y
CONFIG_GENERIC_CMOS_UPDATE=y
CONFIG_CLOCKSOURCE_WATCHDOG=y
CONFIG_GENERIC_CLOCKEVENTS=y
CONFIG_GENERIC_CLOCKEVENTS_BROADCAST=y
CONFIG_LOCKDEP_SUPPORT=y
CONFIG_STACKTRACE_SUPPORT=y
CONFIG_SEMAPHORE_SLEEPERS=y
CONFIG_MMU=y
CONFIG_ZONE_DMA=y
CONFIG_QUICKLIST=y
CONFIG_GENERIC_ISA_DMA=y
CONFIG_GENERIC_IOMAP=y
CONFIG_GENERIC_BUG=y
CONFIG_GENERIC_HWEIGHT=y
CONFIG_ARCH_MAY_HAVE_PC_FDC=y
CONFIG_DMI=y
# CONFIG_RWSEM_GENERIC_SPINLOCK is not set
CONFIG_RWSEM_XCHGADD_ALGORITHM=y
# CONFIG_ARCH_HAS_ILOG2_U32 is not set
# CONFIG_ARCH_HAS_ILOG2_U64 is not set
CONFIG_GENERIC_CALIBRATE_DELAY=y
# CONFIG_GENERIC_TIME_VSYSCALL is not set
CONFIG_ARCH_SUPPORTS_OPROFILE=y
# CONFIG_ZONE_DMA32 is not set
CONFIG_ARCH_POPULATES_NODE_MAP=y
# CONFIG_AUDIT_ARCH is not set
CONFIG_GENERIC_HARDIRQS=y
CONFIG_GENERIC_IRQ_PROBE=y
CONFIG_X86_BIOS_REBOOT=y
CONFIG_KTIME_SCALAR=y
CONFIG_DEFCONFIG_LIST="/lib/modules/$UNAME_RELEASE/.config"
#
# General setup
#
CONFIG_EXPERIMENTAL=y
CONFIG_BROKEN_ON_SMP=y
CONFIG_LOCK_KERNEL=y
CONFIG_INIT_ENV_ARG_LIMIT=32
CONFIG_LOCALVERSION=""
CONFIG_LOCALVERSION_AUTO=y
CONFIG_SWAP=y
# CONFIG_SYSVIPC is not set
# CONFIG_POSIX_MQUEUE is not set
# CONFIG_BSD_PROCESS_ACCT is not set
# CONFIG_TASKSTATS is not set
# CONFIG_USER_NS is not set
# CONFIG_PID_NS is not set
# CONFIG_AUDIT is not set
CONFIG_IKCONFIG=y
CONFIG_IKCONFIG_PROC=y
CONFIG_LOG_BUF_SHIFT=17
# CONFIG_CGROUPS is not set
CONFIG_FAIR_GROUP_SCHED=y
CONFIG_FAIR_USER_SCHED=y
# CONFIG_FAIR_CGROUP_SCHED is not set
# CONFIG_SYSFS_DEPRECATED is not set
# CONFIG_RELAY is not set
# CONFIG_BLK_DEV_INITRD is not set
CONFIG_CC_OPTIMIZE_FOR_SIZE=y
CONFIG_SYSCTL=y
# CONFIG_EMBEDDED is not set
CONFIG_UID16=y
CONFIG_SYSCTL_SYSCALL=y
CONFIG_KALLSYMS=y
CONFIG_KALLSYMS_ALL=y
# CONFIG_KALLSYMS_EXTRA_PASS is not set
CONFIG_HOTPLUG=y
CONFIG_PRINTK=y
CONFIG_BUG=y
CONFIG_ELF_CORE=y
CONFIG_BASE_FULL=y
CONFIG_FUTEX=y
CONFIG_ANON_INODES=y
CONFIG_EPOLL=y
CONFIG_SIGNALFD=y
CONFIG_EVENTFD=y
CONFIG_SHMEM=y
CONFIG_VM_EVENT_COUNTERS=y
CONFIG_SLUB_DEBUG=y
# CONFIG_SLAB is not set
CONFIG_SLUB=y
# CONFIG_SLOB is not set
CONFIG_SLABINFO=y
CONFIG_RT_MUTEXES=y
# CONFIG_TINY_SHMEM is not set
CONFIG_BASE_SMALL=0
# CONFIG_MODULES is not set
CONFIG_BLOCK=y
# CONFIG_LBD is not set
# CONFIG_BLK_DEV_IO_TRACE is not set
# CONFIG_LSF is not set
CONFIG_BLK_DEV_BSG=y
#
# IO Schedulers
#
CONFIG_IOSCHED_NOOP=y
# CONFIG_IOSCHED_AS is not set
# CONFIG_IOSCHED_DEADLINE is not set
CONFIG_IOSCHED_CFQ=y
# CONFIG_DEFAULT_AS is not set
# CONFIG_DEFAULT_DEADLINE is not set
CONFIG_DEFAULT_CFQ=y
# CONFIG_DEFAULT_NOOP is not set
CONFIG_DEFAULT_IOSCHED="cfq"
# CONFIG_CLASSIC_RCU is not set
CONFIG_PREEMPT_RCU=y
#
# Processor type and features
#
CONFIG_TICK_ONESHOT=y
CONFIG_NO_HZ=y
CONFIG_HIGH_RES_TIMERS=y
CONFIG_GENERIC_CLOCKEVENTS_BUILD=y
# CONFIG_SMP is not set
CONFIG_X86_PC=y
# CONFIG_X86_ELAN is not set
# CONFIG_X86_VOYAGER is not set
# CONFIG_X86_NUMAQ is not set
# CONFIG_X86_SUMMIT is not set
# CONFIG_X86_BIGSMP is not set
# CONFIG_X86_VISWS is not set
# CONFIG_X86_GENERICARCH is not set
# CONFIG_X86_ES7000 is not set
# CONFIG_X86_VSMP is not set
# CONFIG_SCHED_NO_NO_OMIT_FRAME_POINTER is not set
# CONFIG_PARAVIRT_GUEST is not set
# CONFIG_M386 is not set
# CONFIG_M486 is not set
# CONFIG_M586 is not set
# CONFIG_M586TSC is not set
# CONFIG_M586MMX is not set
# CONFIG_M686 is not set
# CONFIG_MPENTIUMII is not set
# CONFIG_MPENTIUMIII is not set
# CONFIG_MPENTIUMM is not set
# CONFIG_MPENTIUM4 is not set
# CONFIG_MK6 is not set
# CONFIG_MK7 is not set
CONFIG_MK8=y
# CONFIG_MCRUSOE is not set
# CONFIG_MEFFICEON is not set
# CONFIG_MWINCHIPC6 is not set
# CONFIG_MWINCHIP2 is not set
# CONFIG_MWINCHIP3D is not set
# CONFIG_MGEODEGX1 is not set
# CONFIG_MGEODE_LX is not set
# CONFIG_MCYRIXIII is not set
# CONFIG_MVIAC3_2 is not set
# CONFIG_MVIAC7 is not set
# CONFIG_MPSC is not set
# CONFIG_MCORE2 is not set
# CONFIG_GENERIC_CPU is not set
# CONFIG_X86_GENERIC is not set
CONFIG_X86_CMPXCHG=y
CONFIG_X86_L1_CACHE_SHIFT=6
CONFIG_X86_XADD=y
CONFIG_X86_WP_WORKS_OK=y
CONFIG_X86_INVLPG=y
CONFIG_X86_BSWAP=y
CONFIG_X86_POPAD_OK=y
CONFIG_X86_GOOD_APIC=y
CONFIG_X86_INTEL_USERCOPY=y
CONFIG_X86_USE_PPRO_CHECKSUM=y
CONFIG_X86_TSC=y
CONFIG_X86_MINIMUM_CPU_FAMILY=4
CONFIG_HPET_TIMER=y
# CONFIG_PREEMPT_NONE is not set
# CONFIG_PREEMPT_VOLUNTARY is not set
CONFIG_PREEMPT=y
# CONFIG_RCU_TRACE is not set
CONFIG_X86_UP_APIC=y
CONFIG_X86_UP_IOAPIC=y
CONFIG_X86_LOCAL_APIC=y
CONFIG_X86_IO_APIC=y
CONFIG_X86_MCE=y
CONFIG_X86_MCE_NONFATAL=y
# CONFIG_X86_MCE_P4THERMAL is not set
CONFIG_VM86=y
# CONFIG_TOSHIBA is not set
# CONFIG_I8K is not set
# CONFIG_X86_REBOOTFIXUPS is not set
# CONFIG_MICROCODE is not set
CONFIG_X86_MSR=y
CONFIG_X86_CPUID=y
# CONFIG_NOHIGHMEM is not set
CONFIG_HIGHMEM4G=y
# CONFIG_HIGHMEM64G is not set
CONFIG_PAGE_OFFSET=0xC0000000
CONFIG_HIGHMEM=y
CONFIG_ARCH_FLATMEM_ENABLE=y
CONFIG_ARCH_SPARSEMEM_ENABLE=y
CONFIG_ARCH_SELECT_MEMORY_MODEL=y
CONFIG_SELECT_MEMORY_MODEL=y
CONFIG_FLATMEM_MANUAL=y
# CONFIG_DISCONTIGMEM_MANUAL is not set
# CONFIG_SPARSEMEM_MANUAL is not set
CONFIG_FLATMEM=y
CONFIG_FLAT_NODE_MEM_MAP=y
CONFIG_SPARSEMEM_STATIC=y
# CONFIG_SPARSEMEM_VMEMMAP_ENABLE is not set
CONFIG_SPLIT_PTLOCK_CPUS=4
CONFIG_RESOURCES_64BIT=y
CONFIG_ZONE_DMA_FLAG=1
CONFIG_BOUNCE=y
CONFIG_NR_QUICK=1
CONFIG_VIRT_TO_BUS=y
# CONFIG_HIGHPTE is not set
# CONFIG_MATH_EMULATION is not set
CONFIG_MTRR=y
# CONFIG_EFI is not set
# CONFIG_SECCOMP is not set
# CONFIG_HZ_100 is not set
# CONFIG_HZ_250 is not set
# CONFIG_HZ_300 is not set
CONFIG_HZ_1000=y
CONFIG_HZ=1000
CONFIG_SCHED_HRTICK=y
# CONFIG_KEXEC is not set
# CONFIG_CRASH_DUMP is not set
CONFIG_PHYSICAL_START=0x100000
# CONFIG_RELOCATABLE is not set
CONFIG_PHYSICAL_ALIGN=0x100000
# CONFIG_COMPAT_VDSO is not set
CONFIG_ARCH_ENABLE_MEMORY_HOTPLUG=y
#
# Power management options
#
CONFIG_PM=y
# CONFIG_PM_LEGACY is not set
# CONFIG_PM_DEBUG is not set
CONFIG_PM_SLEEP=y
CONFIG_SUSPEND_UP_POSSIBLE=y
CONFIG_SUSPEND=y
CONFIG_HIBERNATION_UP_POSSIBLE=y
# CONFIG_HIBERNATION is not set
CONFIG_ACPI=y
CONFIG_ACPI_SLEEP=y
CONFIG_ACPI_PROCFS=y
# CONFIG_ACPI_PROCFS_POWER is not set
CONFIG_ACPI_SYSFS_POWER=y
CONFIG_ACPI_PROC_EVENT=y
# CONFIG_ACPI_AC is not set
# CONFIG_ACPI_BATTERY is not set
CONFIG_ACPI_BUTTON=y
CONFIG_ACPI_FAN=y
# CONFIG_ACPI_DOCK is not set
CONFIG_ACPI_PROCESSOR=y
CONFIG_ACPI_THERMAL=y
# CONFIG_ACPI_ASUS is not set
# CONFIG_ACPI_TOSHIBA is not set
CONFIG_ACPI_BLACKLIST_YEAR=2000
# CONFIG_ACPI_DEBUG is not set
CONFIG_ACPI_EC=y
CONFIG_ACPI_POWER=y
CONFIG_ACPI_SYSTEM=y
CONFIG_X86_PM_TIMER=y
# CONFIG_ACPI_CONTAINER is not set
# CONFIG_ACPI_SBS is not set
# CONFIG_APM is not set
#
# CPU Frequency scaling
#
CONFIG_CPU_FREQ=y
CONFIG_CPU_FREQ_TABLE=y
# CONFIG_CPU_FREQ_DEBUG is not set
# CONFIG_CPU_FREQ_STAT is not set
CONFIG_CPU_FREQ_DEFAULT_GOV_PERFORMANCE=y
# CONFIG_CPU_FREQ_DEFAULT_GOV_USERSPACE is not set
# CONFIG_CPU_FREQ_DEFAULT_GOV_ONDEMAND is not set
# CONFIG_CPU_FREQ_DEFAULT_GOV_CONSERVATIVE is not set
CONFIG_CPU_FREQ_GOV_PERFORMANCE=y
# CONFIG_CPU_FREQ_GOV_POWERSAVE is not set
# CONFIG_CPU_FREQ_GOV_USERSPACE is not set
CONFIG_CPU_FREQ_GOV_ONDEMAND=y
CONFIG_CPU_FREQ_GOV_CONSERVATIVE=y
#
# CPUFreq processor drivers
#
# CONFIG_X86_ACPI_CPUFREQ is not set
# CONFIG_X86_POWERNOW_K6 is not set
# CONFIG_X86_POWERNOW_K7 is not set
CONFIG_X86_POWERNOW_K8=y
CONFIG_X86_POWERNOW_K8_ACPI=y
# CONFIG_X86_GX_SUSPMOD is not set
# CONFIG_X86_SPEEDSTEP_CENTRINO is not set
# CONFIG_X86_SPEEDSTEP_ICH is not set
# CONFIG_X86_SPEEDSTEP_SMI is not set
# CONFIG_X86_P4_CLOCKMOD is not set
# CONFIG_X86_CPUFREQ_NFORCE2 is not set
# CONFIG_X86_LONGRUN is not set
# CONFIG_X86_LONGHAUL is not set
# CONFIG_X86_E_POWERSAVER is not set
#
# shared options
#
# CONFIG_X86_ACPI_CPUFREQ_PROC_INTF is not set
# CONFIG_X86_SPEEDSTEP_LIB is not set
# CONFIG_CPU_IDLE is not set
#
# Bus options (PCI etc.)
#
CONFIG_PCI=y
# CONFIG_PCI_GOBIOS is not set
# CONFIG_PCI_GOMMCONFIG is not set
# CONFIG_PCI_GODIRECT is not set
CONFIG_PCI_GOANY=y
CONFIG_PCI_BIOS=y
CONFIG_PCI_DIRECT=y
CONFIG_PCI_MMCONFIG=y
CONFIG_PCI_DOMAINS=y
# CONFIG_PCIEPORTBUS is not set
CONFIG_ARCH_SUPPORTS_MSI=y
# CONFIG_PCI_MSI is not set
# CONFIG_PCI_LEGACY is not set
# CONFIG_PCI_DEBUG is not set
CONFIG_HT_IRQ=y
CONFIG_ISA_DMA_API=y
# CONFIG_ISA is not set
# CONFIG_MCA is not set
# CONFIG_SCx200 is not set
CONFIG_K8_NB=y
# CONFIG_PCCARD is not set
# CONFIG_HOTPLUG_PCI is not set
#
# Executable file formats / Emulations
#
CONFIG_BINFMT_ELF=y
# CONFIG_BINFMT_AOUT is not set
# CONFIG_BINFMT_MISC is not set
#
# Networking
#
CONFIG_NET=y
#
# Networking options
#
CONFIG_PACKET=y
CONFIG_PACKET_MMAP=y
CONFIG_UNIX=y
# CONFIG_NET_KEY is not set
CONFIG_INET=y
# CONFIG_IP_MULTICAST is not set
# CONFIG_IP_ADVANCED_ROUTER is not set
CONFIG_IP_FIB_HASH=y
# CONFIG_IP_PNP is not set
# CONFIG_NET_IPIP is not set
CONFIG_NET_IPGRE=y
# CONFIG_ARPD is not set
# CONFIG_SYN_COOKIES is not set
# CONFIG_INET_AH is not set
# CONFIG_INET_ESP is not set
# CONFIG_INET_IPCOMP is not set
# CONFIG_INET_XFRM_TUNNEL is not set
# CONFIG_INET_TUNNEL is not set
# CONFIG_INET_XFRM_MODE_TRANSPORT is not set
# CONFIG_INET_XFRM_MODE_TUNNEL is not set
# CONFIG_INET_XFRM_MODE_BEET is not set
CONFIG_INET_LRO=y
# CONFIG_INET_DIAG is not set
# CONFIG_TCP_CONG_ADVANCED is not set
CONFIG_TCP_CONG_CUBIC=y
CONFIG_DEFAULT_TCP_CONG="cubic"
# CONFIG_TCP_MD5SIG is not set
# CONFIG_IPV6 is not set
# CONFIG_INET6_XFRM_TUNNEL is not set
# CONFIG_INET6_TUNNEL is not set
# CONFIG_NETWORK_SECMARK is not set
# CONFIG_NETFILTER is not set
# CONFIG_IP_DCCP is not set
# CONFIG_IP_SCTP is not set
# CONFIG_TIPC is not set
# CONFIG_ATM is not set
# CONFIG_BRIDGE is not set
# CONFIG_VLAN_8021Q is not set
# CONFIG_DECNET is not set
# CONFIG_LLC2 is not set
# CONFIG_IPX is not set
# CONFIG_ATALK is not set
# CONFIG_X25 is not set
# CONFIG_LAPB is not set
# CONFIG_ECONET is not set
# CONFIG_WAN_ROUTER is not set
# CONFIG_NET_SCHED is not set
#
# Network testing
#
# CONFIG_NET_PKTGEN is not set
# CONFIG_HAMRADIO is not set
# CONFIG_IRDA is not set
# CONFIG_BT is not set
# CONFIG_AF_RXRPC is not set
#
# Wireless
#
# CONFIG_CFG80211 is not set
# CONFIG_WIRELESS_EXT is not set
# CONFIG_MAC80211 is not set
# CONFIG_IEEE80211 is not set
# CONFIG_RFKILL is not set
# CONFIG_NET_9P is not set
#
# Device Drivers
#
#
# Generic Driver Options
#
CONFIG_UEVENT_HELPER_PATH="/sbin/hotplug"
CONFIG_STANDALONE=y
CONFIG_PREVENT_FIRMWARE_BUILD=y
# CONFIG_FW_LOADER is not set
# CONFIG_DEBUG_DRIVER is not set
# CONFIG_DEBUG_DEVRES is not set
# CONFIG_SYS_HYPERVISOR is not set
# CONFIG_CONNECTOR is not set
# CONFIG_MTD is not set
# CONFIG_PARPORT is not set
CONFIG_PNP=y
# CONFIG_PNP_DEBUG is not set
#
# Protocols
#
CONFIG_PNPACPI=y
CONFIG_BLK_DEV=y
# CONFIG_BLK_DEV_FD is not set
# CONFIG_BLK_CPQ_DA is not set
# CONFIG_BLK_CPQ_CISS_DA is not set
# CONFIG_BLK_DEV_DAC960 is not set
# CONFIG_BLK_DEV_UMEM is not set
# CONFIG_BLK_DEV_COW_COMMON is not set
# CONFIG_BLK_DEV_LOOP is not set
# CONFIG_BLK_DEV_NBD is not set
# CONFIG_BLK_DEV_SX8 is not set
# CONFIG_BLK_DEV_UB is not set
# CONFIG_BLK_DEV_RAM is not set
CONFIG_CDROM_PKTCDVD=y
CONFIG_CDROM_PKTCDVD_BUFFERS=8
# CONFIG_CDROM_PKTCDVD_WCACHE is not set
# CONFIG_ATA_OVER_ETH is not set
# CONFIG_MISC_DEVICES is not set
# CONFIG_IDE is not set
#
# SCSI device support
#
# CONFIG_RAID_ATTRS is not set
CONFIG_SCSI=y
CONFIG_SCSI_DMA=y
CONFIG_SCSI_TGT=y
# CONFIG_SCSI_NETLINK is not set
# CONFIG_SCSI_PROC_FS is not set
#
# SCSI support type (disk, tape, CD-ROM)
#
CONFIG_BLK_DEV_SD=y
# CONFIG_CHR_DEV_ST is not set
# CONFIG_CHR_DEV_OSST is not set
CONFIG_BLK_DEV_SR=y
# CONFIG_BLK_DEV_SR_VENDOR is not set
CONFIG_CHR_DEV_SG=y
# CONFIG_CHR_DEV_SCH is not set
#
# Some SCSI devices (e.g. CD jukebox) support multiple LUNs
#
# CONFIG_SCSI_MULTI_LUN is not set
# CONFIG_SCSI_CONSTANTS is not set
# CONFIG_SCSI_LOGGING is not set
CONFIG_SCSI_SCAN_ASYNC=y
#
# SCSI Transports
#
# CONFIG_SCSI_SPI_ATTRS is not set
# CONFIG_SCSI_FC_ATTRS is not set
# CONFIG_SCSI_ISCSI_ATTRS is not set
# CONFIG_SCSI_SAS_ATTRS is not set
# CONFIG_SCSI_SAS_LIBSAS is not set
# CONFIG_SCSI_SRP_ATTRS is not set
# CONFIG_SCSI_LOWLEVEL is not set
CONFIG_ATA=y
# CONFIG_ATA_NONSTANDARD is not set
CONFIG_ATA_ACPI=y
# CONFIG_SATA_AHCI is not set
# CONFIG_SATA_SVW is not set
# CONFIG_ATA_PIIX is not set
# CONFIG_SATA_MV is not set
# CONFIG_SATA_NV is not set
# CONFIG_PDC_ADMA is not set
# CONFIG_SATA_QSTOR is not set
# CONFIG_SATA_PROMISE is not set
# CONFIG_SATA_SX4 is not set
CONFIG_SATA_SIL=y
# CONFIG_SATA_SIL24 is not set
# CONFIG_SATA_SIS is not set
# CONFIG_SATA_ULI is not set
CONFIG_SATA_VIA=y
# CONFIG_SATA_VITESSE is not set
# CONFIG_SATA_INIC162X is not set
# CONFIG_PATA_ACPI is not set
# CONFIG_PATA_ALI is not set
# CONFIG_PATA_AMD is not set
# CONFIG_PATA_ARTOP is not set
# CONFIG_PATA_ATIIXP is not set
# CONFIG_PATA_CMD640_PCI is not set
# CONFIG_PATA_CMD64X is not set
# CONFIG_PATA_CS5520 is not set
# CONFIG_PATA_CS5530 is not set
# CONFIG_PATA_CS5535 is not set
# CONFIG_PATA_CS5536 is not set
# CONFIG_PATA_CYPRESS is not set
# CONFIG_PATA_EFAR is not set
# CONFIG_ATA_GENERIC is not set
# CONFIG_PATA_HPT366 is not set
# CONFIG_PATA_HPT37X is not set
# CONFIG_PATA_HPT3X2N is not set
# CONFIG_PATA_HPT3X3 is not set
# CONFIG_PATA_IT821X is not set
# CONFIG_PATA_IT8213 is not set
# CONFIG_PATA_JMICRON is not set
# CONFIG_PATA_TRIFLEX is not set
# CONFIG_PATA_MARVELL is not set
# CONFIG_PATA_MPIIX is not set
# CONFIG_PATA_OLDPIIX is not set
# CONFIG_PATA_NETCELL is not set
# CONFIG_PATA_NINJA32 is not set
# CONFIG_PATA_NS87410 is not set
# CONFIG_PATA_NS87415 is not set
# CONFIG_PATA_OPTI is not set
# CONFIG_PATA_OPTIDMA is not set
# CONFIG_PATA_PDC_OLD is not set
# CONFIG_PATA_RADISYS is not set
# CONFIG_PATA_RZ1000 is not set
# CONFIG_PATA_SC1200 is not set
# CONFIG_PATA_SERVERWORKS is not set
# CONFIG_PATA_PDC2027X is not set
# CONFIG_PATA_SIL680 is not set
# CONFIG_PATA_SIS is not set
CONFIG_PATA_VIA=y
# CONFIG_PATA_WINBOND is not set
# CONFIG_MD is not set
# CONFIG_FUSION is not set
#
# IEEE 1394 (FireWire) support
#
CONFIG_FIREWIRE=y
CONFIG_FIREWIRE_OHCI=y
# CONFIG_FIREWIRE_SBP2 is not set
# CONFIG_IEEE1394 is not set
# CONFIG_I2O is not set
# CONFIG_MACINTOSH_DRIVERS is not set
CONFIG_NETDEVICES=y
# CONFIG_NETDEVICES_MULTIQUEUE is not set
# CONFIG_DUMMY is not set
# CONFIG_BONDING is not set
# CONFIG_MACVLAN is not set
# CONFIG_EQUALIZER is not set
# CONFIG_TUN is not set
# CONFIG_VETH is not set
# CONFIG_NET_SB1000 is not set
# CONFIG_ARCNET is not set
# CONFIG_PHYLIB is not set
CONFIG_NET_ETHERNET=y
CONFIG_MII=y
# CONFIG_HAPPYMEAL is not set
# CONFIG_SUNGEM is not set
# CONFIG_CASSINI is not set
# CONFIG_NET_VENDOR_3COM is not set
# CONFIG_NET_TULIP is not set
# CONFIG_HP100 is not set
# CONFIG_IBM_NEW_EMAC_ZMII is not set
# CONFIG_IBM_NEW_EMAC_RGMII is not set
# CONFIG_IBM_NEW_EMAC_TAH is not set
# CONFIG_IBM_NEW_EMAC_EMAC4 is not set
CONFIG_NET_PCI=y
# CONFIG_PCNET32 is not set
# CONFIG_AMD8111_ETH is not set
# CONFIG_ADAPTEC_STARFIRE is not set
# CONFIG_B44 is not set
# CONFIG_FORCEDETH is not set
# CONFIG_EEPRO100 is not set
# CONFIG_E100 is not set
# CONFIG_FEALNX is not set
# CONFIG_NATSEMI is not set
# CONFIG_NE2K_PCI is not set
# CONFIG_8139CP is not set
# CONFIG_8139TOO is not set
# CONFIG_SIS900 is not set
# CONFIG_EPIC100 is not set
# CONFIG_SUNDANCE is not set
# CONFIG_TLAN is not set
CONFIG_VIA_RHINE=y
CONFIG_VIA_RHINE_MMIO=y
# CONFIG_VIA_RHINE_NAPI is not set
# CONFIG_SC92031 is not set
CONFIG_NETDEV_1000=y
# CONFIG_ACENIC is not set
# CONFIG_DL2K is not set
# CONFIG_E1000 is not set
# CONFIG_E1000E is not set
# CONFIG_IP1000 is not set
# CONFIG_NS83820 is not set
# CONFIG_HAMACHI is not set
# CONFIG_YELLOWFIN is not set
# CONFIG_R8169 is not set
# CONFIG_SIS190 is not set
# CONFIG_SKGE is not set
# CONFIG_SKY2 is not set
# CONFIG_SK98LIN is not set
CONFIG_VIA_VELOCITY=y
# CONFIG_TIGON3 is not set
# CONFIG_BNX2 is not set
# CONFIG_QLA3XXX is not set
# CONFIG_ATL1 is not set
# CONFIG_NETDEV_10000 is not set
# CONFIG_TR is not set
#
# Wireless LAN
#
# CONFIG_WLAN_PRE80211 is not set
# CONFIG_WLAN_80211 is not set
#
# USB Network Adapters
#
# CONFIG_USB_CATC is not set
# CONFIG_USB_KAWETH is not set
# CONFIG_USB_PEGASUS is not set
# CONFIG_USB_RTL8150 is not set
# CONFIG_USB_USBNET is not set
# CONFIG_WAN is not set
# CONFIG_FDDI is not set
# CONFIG_HIPPI is not set
CONFIG_PPP=y
# CONFIG_PPP_MULTILINK is not set
CONFIG_PPP_FILTER=y
CONFIG_PPP_ASYNC=y
CONFIG_PPP_SYNC_TTY=y
# CONFIG_PPP_DEFLATE is not set
# CONFIG_PPP_BSDCOMP is not set
CONFIG_PPP_MPPE=y
# CONFIG_PPPOE is not set
# CONFIG_PPPOL2TP is not set
# CONFIG_SLIP is not set
CONFIG_SLHC=y
# CONFIG_NET_FC is not set
# CONFIG_SHAPER is not set
# CONFIG_NETCONSOLE is not set
# CONFIG_NETPOLL is not set
# CONFIG_NET_POLL_CONTROLLER is not set
# CONFIG_ISDN is not set
# CONFIG_PHONE is not set
#
# Input device support
#
CONFIG_INPUT=y
# CONFIG_INPUT_FF_MEMLESS is not set
# CONFIG_INPUT_POLLDEV is not set
#
# Userland interfaces
#
CONFIG_INPUT_MOUSEDEV=y
CONFIG_INPUT_MOUSEDEV_PSAUX=y
CONFIG_INPUT_MOUSEDEV_SCREEN_X=1024
CONFIG_INPUT_MOUSEDEV_SCREEN_Y=768
# CONFIG_INPUT_JOYDEV is not set
CONFIG_INPUT_EVDEV=y
# CONFIG_INPUT_EVBUG is not set
#
# Input Device Drivers
#
CONFIG_INPUT_KEYBOARD=y
CONFIG_KEYBOARD_ATKBD=y
# CONFIG_KEYBOARD_SUNKBD is not set
# CONFIG_KEYBOARD_LKKBD is not set
# CONFIG_KEYBOARD_XTKBD is not set
# CONFIG_KEYBOARD_NEWTON is not set
# CONFIG_KEYBOARD_STOWAWAY is not set
# CONFIG_INPUT_MOUSE is not set
# CONFIG_INPUT_JOYSTICK is not set
# CONFIG_INPUT_TABLET is not set
# CONFIG_INPUT_TOUCHSCREEN is not set
# CONFIG_INPUT_MISC is not set
#
# Hardware I/O ports
#
CONFIG_SERIO=y
CONFIG_SERIO_I8042=y
# CONFIG_SERIO_SERPORT is not set
# CONFIG_SERIO_CT82C710 is not set
# CONFIG_SERIO_PCIPS2 is not set
CONFIG_SERIO_LIBPS2=y
# CONFIG_SERIO_RAW is not set
# CONFIG_GAMEPORT is not set
#
# Character devices
#
CONFIG_VT=y
CONFIG_VT_CONSOLE=y
CONFIG_HW_CONSOLE=y
# CONFIG_VT_HW_CONSOLE_BINDING is not set
# CONFIG_SERIAL_NONSTANDARD is not set
# CONFIG_NOZOMI is not set
#
# Serial drivers
#
# CONFIG_SERIAL_8250 is not set
CONFIG_FIX_EARLYCON_MEM=y
#
# Non-8250 serial port support
#
# CONFIG_SERIAL_JSM is not set
CONFIG_UNIX98_PTYS=y
# CONFIG_LEGACY_PTYS is not set
# CONFIG_IPMI_HANDLER is not set
CONFIG_HW_RANDOM=y
# CONFIG_HW_RANDOM_INTEL is not set
# CONFIG_HW_RANDOM_AMD is not set
# CONFIG_HW_RANDOM_GEODE is not set
CONFIG_HW_RANDOM_VIA=y
# CONFIG_NVRAM is not set
# CONFIG_RTC is not set
# CONFIG_GEN_RTC is not set
# CONFIG_R3964 is not set
# CONFIG_APPLICOM is not set
# CONFIG_SONYPI is not set
# CONFIG_MWAVE is not set
# CONFIG_PC8736x_GPIO is not set
# CONFIG_NSC_GPIO is not set
# CONFIG_CS5535_GPIO is not set
# CONFIG_RAW_DRIVER is not set
CONFIG_HPET=y
# CONFIG_HPET_RTC_IRQ is not set
CONFIG_HPET_MMAP=y
CONFIG_HANGCHECK_TIMER=y
# CONFIG_TCG_TPM is not set
# CONFIG_TELCLOCK is not set
CONFIG_DEVPORT=y
CONFIG_I2C=y
CONFIG_I2C_BOARDINFO=y
CONFIG_I2C_CHARDEV=y
#
# I2C Algorithms
#
# CONFIG_I2C_ALGOBIT is not set
# CONFIG_I2C_ALGOPCF is not set
# CONFIG_I2C_ALGOPCA is not set
#
# I2C Hardware Bus support
#
# CONFIG_I2C_ALI1535 is not set
# CONFIG_I2C_ALI1563 is not set
# CONFIG_I2C_ALI15X3 is not set
# CONFIG_I2C_AMD756 is not set
# CONFIG_I2C_AMD8111 is not set
# CONFIG_I2C_I801 is not set
# CONFIG_I2C_I810 is not set
# CONFIG_I2C_PIIX4 is not set
# CONFIG_I2C_NFORCE2 is not set
# CONFIG_I2C_OCORES is not set
# CONFIG_I2C_PARPORT_LIGHT is not set
# CONFIG_I2C_PROSAVAGE is not set
# CONFIG_I2C_SAVAGE4 is not set
# CONFIG_I2C_SIMTEC is not set
# CONFIG_SCx200_ACB is not set
# CONFIG_I2C_SIS5595 is not set
# CONFIG_I2C_SIS630 is not set
# CONFIG_I2C_SIS96X is not set
# CONFIG_I2C_TAOS_EVM is not set
# CONFIG_I2C_TINY_USB is not set
# CONFIG_I2C_VIA is not set
CONFIG_I2C_VIAPRO=y
# CONFIG_I2C_VOODOO3 is not set
#
# Miscellaneous I2C Chip support
#
# CONFIG_SENSORS_DS1337 is not set
# CONFIG_SENSORS_DS1374 is not set
# CONFIG_DS1682 is not set
CONFIG_SENSORS_EEPROM=y
# CONFIG_SENSORS_PCF8574 is not set
# CONFIG_SENSORS_PCA9539 is not set
# CONFIG_SENSORS_PCF8591 is not set
# CONFIG_SENSORS_MAX6875 is not set
# CONFIG_SENSORS_TSL2550 is not set
# CONFIG_I2C_DEBUG_CORE is not set
# CONFIG_I2C_DEBUG_ALGO is not set
# CONFIG_I2C_DEBUG_BUS is not set
# CONFIG_I2C_DEBUG_CHIP is not set
#
# SPI support
#
# CONFIG_SPI is not set
# CONFIG_SPI_MASTER is not set
# CONFIG_W1 is not set
CONFIG_POWER_SUPPLY=y
# CONFIG_POWER_SUPPLY_DEBUG is not set
# CONFIG_PDA_POWER is not set
# CONFIG_BATTERY_DS2760 is not set
CONFIG_HWMON=y
CONFIG_HWMON_VID=y
CONFIG_SENSORS_ABITUGURU=y
# CONFIG_SENSORS_ABITUGURU3 is not set
# CONFIG_SENSORS_AD7418 is not set
# CONFIG_SENSORS_ADM1021 is not set
# CONFIG_SENSORS_ADM1025 is not set
# CONFIG_SENSORS_ADM1026 is not set
# CONFIG_SENSORS_ADM1029 is not set
# CONFIG_SENSORS_ADM1031 is not set
# CONFIG_SENSORS_ADM9240 is not set
# CONFIG_SENSORS_ADT7470 is not set
CONFIG_SENSORS_K8TEMP=y
# CONFIG_SENSORS_ASB100 is not set
# CONFIG_SENSORS_ATXP1 is not set
# CONFIG_SENSORS_DS1621 is not set
# CONFIG_SENSORS_I5K_AMB is not set
# CONFIG_SENSORS_F71805F is not set
# CONFIG_SENSORS_F71882FG is not set
# CONFIG_SENSORS_F75375S is not set
# CONFIG_SENSORS_FSCHER is not set
# CONFIG_SENSORS_FSCPOS is not set
# CONFIG_SENSORS_FSCHMD is not set
# CONFIG_SENSORS_GL518SM is not set
# CONFIG_SENSORS_GL520SM is not set
# CONFIG_SENSORS_CORETEMP is not set
# CONFIG_SENSORS_IT87 is not set
# CONFIG_SENSORS_LM63 is not set
# CONFIG_SENSORS_LM75 is not set
# CONFIG_SENSORS_LM77 is not set
# CONFIG_SENSORS_LM78 is not set
# CONFIG_SENSORS_LM80 is not set
# CONFIG_SENSORS_LM83 is not set
# CONFIG_SENSORS_LM85 is not set
# CONFIG_SENSORS_LM87 is not set
# CONFIG_SENSORS_LM90 is not set
# CONFIG_SENSORS_LM92 is not set
# CONFIG_SENSORS_LM93 is not set
# CONFIG_SENSORS_MAX1619 is not set
# CONFIG_SENSORS_MAX6650 is not set
# CONFIG_SENSORS_PC87360 is not set
# CONFIG_SENSORS_PC87427 is not set
# CONFIG_SENSORS_SIS5595 is not set
# CONFIG_SENSORS_DME1737 is not set
# CONFIG_SENSORS_SMSC47M1 is not set
# CONFIG_SENSORS_SMSC47M192 is not set
# CONFIG_SENSORS_SMSC47B397 is not set
# CONFIG_SENSORS_THMC50 is not set
# CONFIG_SENSORS_VIA686A is not set
# CONFIG_SENSORS_VT1211 is not set
# CONFIG_SENSORS_VT8231 is not set
# CONFIG_SENSORS_W83781D is not set
# CONFIG_SENSORS_W83791D is not set
# CONFIG_SENSORS_W83792D is not set
# CONFIG_SENSORS_W83793 is not set
# CONFIG_SENSORS_W83L785TS is not set
CONFIG_SENSORS_W83627HF=y
# CONFIG_SENSORS_W83627EHF is not set
# CONFIG_SENSORS_HDAPS is not set
# CONFIG_SENSORS_APPLESMC is not set
# CONFIG_HWMON_DEBUG_CHIP is not set
CONFIG_WATCHDOG=y
# CONFIG_WATCHDOG_NOWAYOUT is not set
#
# Watchdog Device Drivers
#
# CONFIG_SOFT_WATCHDOG is not set
# CONFIG_ACQUIRE_WDT is not set
# CONFIG_ADVANTECH_WDT is not set
# CONFIG_ALIM1535_WDT is not set
# CONFIG_ALIM7101_WDT is not set
# CONFIG_SC520_WDT is not set
# CONFIG_EUROTECH_WDT is not set
# CONFIG_IB700_WDT is not set
# CONFIG_IBMASR is not set
# CONFIG_WAFER_WDT is not set
# CONFIG_I6300ESB_WDT is not set
# CONFIG_ITCO_WDT is not set
# CONFIG_IT8712F_WDT is not set
# CONFIG_SC1200_WDT is not set
# CONFIG_PC87413_WDT is not set
# CONFIG_60XX_WDT is not set
# CONFIG_SBC8360_WDT is not set
# CONFIG_SBC7240_WDT is not set
# CONFIG_CPU5_WDT is not set
# CONFIG_SMSC37B787_WDT is not set
CONFIG_W83627HF_WDT=y
# CONFIG_W83697HF_WDT is not set
# CONFIG_W83877F_WDT is not set
# CONFIG_W83977F_WDT is not set
# CONFIG_MACHZ_WDT is not set
# CONFIG_SBC_EPX_C3_WATCHDOG is not set
#
# PCI-based Watchdog Cards
#
# CONFIG_PCIPCWATCHDOG is not set
# CONFIG_WDTPCI is not set
#
# USB-based Watchdog Cards
#
# CONFIG_USBPCWATCHDOG is not set
#
# Sonics Silicon Backplane
#
CONFIG_SSB_POSSIBLE=y
# CONFIG_SSB is not set
#
# Multifunction device drivers
#
# CONFIG_MFD_SM501 is not set
#
# Multimedia devices
#
# CONFIG_VIDEO_DEV is not set
# CONFIG_DVB_CORE is not set
# CONFIG_DAB is not set
#
# Graphics support
#
CONFIG_AGP=y
# CONFIG_AGP_ALI is not set
# CONFIG_AGP_ATI is not set
# CONFIG_AGP_AMD is not set
CONFIG_AGP_AMD64=y
# CONFIG_AGP_INTEL is not set
# CONFIG_AGP_NVIDIA is not set
# CONFIG_AGP_SIS is not set
# CONFIG_AGP_SWORKS is not set
# CONFIG_AGP_VIA is not set
# CONFIG_AGP_EFFICEON is not set
CONFIG_DRM=y
# CONFIG_DRM_TDFX is not set
# CONFIG_DRM_R128 is not set
CONFIG_DRM_RADEON=y
# CONFIG_DRM_MGA is not set
# CONFIG_DRM_SIS is not set
# CONFIG_DRM_VIA is not set
# CONFIG_DRM_SAVAGE is not set
# CONFIG_VGASTATE is not set
# CONFIG_VIDEO_OUTPUT_CONTROL is not set
# CONFIG_FB is not set
# CONFIG_BACKLIGHT_LCD_SUPPORT is not set
#
# Display device support
#
# CONFIG_DISPLAY_SUPPORT is not set
#
# Console display driver support
#
CONFIG_VGA_CONSOLE=y
# CONFIG_VGACON_SOFT_SCROLLBACK is not set
# CONFIG_VIDEO_SELECT is not set
CONFIG_DUMMY_CONSOLE=y
#
# Sound
#
CONFIG_SOUND=y
#
# Advanced Linux Sound Architecture
#
CONFIG_SND=y
CONFIG_SND_TIMER=y
CONFIG_SND_PCM=y
CONFIG_SND_RAWMIDI=y
CONFIG_SND_SEQUENCER=y
# CONFIG_SND_SEQ_DUMMY is not set
CONFIG_SND_OSSEMUL=y
CONFIG_SND_MIXER_OSS=y
CONFIG_SND_PCM_OSS=y
CONFIG_SND_PCM_OSS_PLUGINS=y
CONFIG_SND_SEQUENCER_OSS=y
# CONFIG_SND_DYNAMIC_MINORS is not set
# CONFIG_SND_SUPPORT_OLD_API is not set
# CONFIG_SND_VERBOSE_PROCFS is not set
# CONFIG_SND_VERBOSE_PRINTK is not set
# CONFIG_SND_DEBUG is not set
#
# Generic devices
#
CONFIG_SND_MPU401_UART=y
CONFIG_SND_AC97_CODEC=y
# CONFIG_SND_DUMMY is not set
# CONFIG_SND_VIRMIDI is not set
# CONFIG_SND_MTPAV is not set
# CONFIG_SND_SERIAL_U16550 is not set
# CONFIG_SND_MPU401 is not set
#
# PCI devices
#
# CONFIG_SND_AD1889 is not set
# CONFIG_SND_ALS300 is not set
# CONFIG_SND_ALS4000 is not set
# CONFIG_SND_ALI5451 is not set
# CONFIG_SND_ATIIXP is not set
# CONFIG_SND_ATIIXP_MODEM is not set
# CONFIG_SND_AU8810 is not set
# CONFIG_SND_AU8820 is not set
# CONFIG_SND_AU8830 is not set
# CONFIG_SND_AZT3328 is not set
# CONFIG_SND_BT87X is not set
# CONFIG_SND_CA0106 is not set
# CONFIG_SND_CMIPCI is not set
# CONFIG_SND_CS4281 is not set
# CONFIG_SND_CS46XX is not set
# CONFIG_SND_CS5530 is not set
# CONFIG_SND_CS5535AUDIO is not set
# CONFIG_SND_DARLA20 is not set
# CONFIG_SND_GINA20 is not set
# CONFIG_SND_LAYLA20 is not set
# CONFIG_SND_DARLA24 is not set
# CONFIG_SND_GINA24 is not set
# CONFIG_SND_LAYLA24 is not set
# CONFIG_SND_MONA is not set
# CONFIG_SND_MIA is not set
# CONFIG_SND_ECHO3G is not set
# CONFIG_SND_INDIGO is not set
# CONFIG_SND_INDIGOIO is not set
# CONFIG_SND_INDIGODJ is not set
# CONFIG_SND_EMU10K1 is not set
# CONFIG_SND_EMU10K1X is not set
# CONFIG_SND_ENS1370 is not set
# CONFIG_SND_ENS1371 is not set
# CONFIG_SND_ES1938 is not set
# CONFIG_SND_ES1968 is not set
# CONFIG_SND_FM801 is not set
# CONFIG_SND_HDA_INTEL is not set
# CONFIG_SND_HDSP is not set
# CONFIG_SND_HDSPM is not set
# CONFIG_SND_ICE1712 is not set
# CONFIG_SND_ICE1724 is not set
# CONFIG_SND_INTEL8X0 is not set
# CONFIG_SND_INTEL8X0M is not set
# CONFIG_SND_KORG1212 is not set
# CONFIG_SND_MAESTRO3 is not set
# CONFIG_SND_MIXART is not set
# CONFIG_SND_NM256 is not set
# CONFIG_SND_PCXHR is not set
# CONFIG_SND_RIPTIDE is not set
# CONFIG_SND_RME32 is not set
# CONFIG_SND_RME96 is not set
# CONFIG_SND_RME9652 is not set
# CONFIG_SND_SONICVIBES is not set
# CONFIG_SND_TRIDENT is not set
CONFIG_SND_VIA82XX=y
# CONFIG_SND_VIA82XX_MODEM is not set
# CONFIG_SND_VX222 is not set
# CONFIG_SND_YMFPCI is not set
CONFIG_SND_AC97_POWER_SAVE=y
CONFIG_SND_AC97_POWER_SAVE_DEFAULT=0
#
# USB devices
#
# CONFIG_SND_USB_AUDIO is not set
# CONFIG_SND_USB_USX2Y is not set
# CONFIG_SND_USB_CAIAQ is not set
#
# System on Chip audio support
#
# CONFIG_SND_SOC is not set
#
# SoC Audio support for SuperH
#
#
# Open Sound System
#
# CONFIG_SOUND_PRIME is not set
CONFIG_AC97_BUS=y
CONFIG_HID_SUPPORT=y
CONFIG_HID=y
# CONFIG_HID_DEBUG is not set
# CONFIG_HIDRAW is not set
#
# USB Input Devices
#
CONFIG_USB_HID=y
# CONFIG_USB_HIDINPUT_POWERBOOK is not set
# CONFIG_HID_FF is not set
# CONFIG_USB_HIDDEV is not set
CONFIG_USB_SUPPORT=y
CONFIG_USB_ARCH_HAS_HCD=y
CONFIG_USB_ARCH_HAS_OHCI=y
CONFIG_USB_ARCH_HAS_EHCI=y
CONFIG_USB=y
# CONFIG_USB_DEBUG is not set
#
# Miscellaneous USB options
#
# CONFIG_USB_DEVICEFS is not set
# CONFIG_USB_DEVICE_CLASS is not set
# CONFIG_USB_DYNAMIC_MINORS is not set
# CONFIG_USB_SUSPEND is not set
# CONFIG_USB_PERSIST is not set
# CONFIG_USB_OTG is not set
#
# USB Host Controller Drivers
#
CONFIG_USB_EHCI_HCD=y
CONFIG_USB_EHCI_SPLIT_ISO=y
CONFIG_USB_EHCI_ROOT_HUB_TT=y
CONFIG_USB_EHCI_TT_NEWSCHED=y
# CONFIG_USB_ISP116X_HCD is not set
# CONFIG_USB_OHCI_HCD is not set
CONFIG_USB_UHCI_HCD=y
# CONFIG_USB_SL811_HCD is not set
# CONFIG_USB_R8A66597_HCD is not set
#
# USB Device Class drivers
#
# CONFIG_USB_ACM is not set
CONFIG_USB_PRINTER=y
#
# NOTE: USB_STORAGE enables SCSI, and 'SCSI disk support'
#
#
# may also be needed; see USB_STORAGE Help for more information
#
CONFIG_USB_STORAGE=y
# CONFIG_USB_STORAGE_DEBUG is not set
# CONFIG_USB_STORAGE_DATAFAB is not set
# CONFIG_USB_STORAGE_FREECOM is not set
# CONFIG_USB_STORAGE_ISD200 is not set
# CONFIG_USB_STORAGE_DPCM is not set
# CONFIG_USB_STORAGE_USBAT is not set
# CONFIG_USB_STORAGE_SDDR09 is not set
# CONFIG_USB_STORAGE_SDDR55 is not set
# CONFIG_USB_STORAGE_JUMPSHOT is not set
# CONFIG_USB_STORAGE_ALAUDA is not set
# CONFIG_USB_STORAGE_KARMA is not set
# CONFIG_USB_LIBUSUAL is not set
#
# USB Imaging devices
#
# CONFIG_USB_MDC800 is not set
# CONFIG_USB_MICROTEK is not set
# CONFIG_USB_MON is not set
#
# USB port drivers
#
#
# USB Serial Converter support
#
# CONFIG_USB_SERIAL is not set
#
# USB Miscellaneous drivers
#
# CONFIG_USB_EMI62 is not set
# CONFIG_USB_EMI26 is not set
# CONFIG_USB_ADUTUX is not set
# CONFIG_USB_AUERSWALD is not set
# CONFIG_USB_RIO500 is not set
# CONFIG_USB_LEGOTOWER is not set
# CONFIG_USB_LCD is not set
# CONFIG_USB_BERRY_CHARGE is not set
# CONFIG_USB_LED is not set
# CONFIG_USB_CYPRESS_CY7C63 is not set
# CONFIG_USB_CYTHERM is not set
# CONFIG_USB_PHIDGET is not set
# CONFIG_USB_IDMOUSE is not set
# CONFIG_USB_FTDI_ELAN is not set
# CONFIG_USB_APPLEDISPLAY is not set
# CONFIG_USB_SISUSBVGA is not set
# CONFIG_USB_LD is not set
# CONFIG_USB_TRANCEVIBRATOR is not set
# CONFIG_USB_IOWARRIOR is not set
#
# USB DSL modem support
#
#
# USB Gadget Support
#
# CONFIG_USB_GADGET is not set
# CONFIG_MMC is not set
# CONFIG_NEW_LEDS is not set
# CONFIG_INFINIBAND is not set
# CONFIG_EDAC is not set
CONFIG_RTC_LIB=y
CONFIG_RTC_CLASS=y
CONFIG_RTC_HCTOSYS=y
CONFIG_RTC_HCTOSYS_DEVICE="rtc0"
# CONFIG_RTC_DEBUG is not set
#
# RTC interfaces
#
# CONFIG_RTC_INTF_SYSFS is not set
# CONFIG_RTC_INTF_PROC is not set
CONFIG_RTC_INTF_DEV=y
CONFIG_RTC_INTF_DEV_UIE_EMUL=y
# CONFIG_RTC_DRV_TEST is not set
#
# I2C RTC drivers
#
# CONFIG_RTC_DRV_DS1307 is not set
# CONFIG_RTC_DRV_DS1374 is not set
# CONFIG_RTC_DRV_DS1672 is not set
# CONFIG_RTC_DRV_MAX6900 is not set
# CONFIG_RTC_DRV_RS5C372 is not set
# CONFIG_RTC_DRV_ISL1208 is not set
# CONFIG_RTC_DRV_X1205 is not set
# CONFIG_RTC_DRV_PCF8563 is not set
# CONFIG_RTC_DRV_PCF8583 is not set
# CONFIG_RTC_DRV_M41T80 is not set
#
# SPI RTC drivers
#
#
# Platform RTC drivers
#
CONFIG_RTC_DRV_CMOS=y
# CONFIG_RTC_DRV_DS1553 is not set
# CONFIG_RTC_DRV_STK17TA8 is not set
# CONFIG_RTC_DRV_DS1742 is not set
# CONFIG_RTC_DRV_M48T86 is not set
# CONFIG_RTC_DRV_M48T59 is not set
# CONFIG_RTC_DRV_V3020 is not set
#
# on-CPU RTC drivers
#
# CONFIG_DMADEVICES is not set
# CONFIG_VIRTUALIZATION is not set
#
# Userspace I/O
#
# CONFIG_UIO is not set
#
# Firmware Drivers
#
# CONFIG_EDD is not set
# CONFIG_DELL_RBU is not set
# CONFIG_DCDBAS is not set
# CONFIG_DMIID is not set
#
# File systems
#
CONFIG_EXT2_FS=y
CONFIG_EXT2_FS_XATTR=y
CONFIG_EXT2_FS_POSIX_ACL=y
CONFIG_EXT2_FS_SECURITY=y
# CONFIG_EXT2_FS_XIP is not set
CONFIG_EXT3_FS=y
CONFIG_EXT3_FS_XATTR=y
CONFIG_EXT3_FS_POSIX_ACL=y
CONFIG_EXT3_FS_SECURITY=y
# CONFIG_EXT4DEV_FS is not set
CONFIG_JBD=y
CONFIG_FS_MBCACHE=y
# CONFIG_REISERFS_FS is not set
# CONFIG_JFS_FS is not set
CONFIG_FS_POSIX_ACL=y
# CONFIG_XFS_FS is not set
# CONFIG_GFS2_FS is not set
# CONFIG_OCFS2_FS is not set
# CONFIG_MINIX_FS is not set
# CONFIG_ROMFS_FS is not set
CONFIG_INOTIFY=y
CONFIG_INOTIFY_USER=y
# CONFIG_QUOTA is not set
CONFIG_DNOTIFY=y
# CONFIG_AUTOFS_FS is not set
# CONFIG_AUTOFS4_FS is not set
# CONFIG_FUSE_FS is not set
#
# CD-ROM/DVD Filesystems
#
CONFIG_ISO9660_FS=y
CONFIG_JOLIET=y
CONFIG_ZISOFS=y
CONFIG_UDF_FS=y
CONFIG_UDF_NLS=y
#
# DOS/FAT/NT Filesystems
#
# CONFIG_MSDOS_FS is not set
# CONFIG_VFAT_FS is not set
# CONFIG_NTFS_FS is not set
#
# Pseudo filesystems
#
CONFIG_PROC_FS=y
CONFIG_PROC_KCORE=y
CONFIG_PROC_SYSCTL=y
CONFIG_SYSFS=y
CONFIG_TMPFS=y
# CONFIG_TMPFS_POSIX_ACL is not set
# CONFIG_HUGETLBFS is not set
# CONFIG_HUGETLB_PAGE is not set
# CONFIG_CONFIGFS_FS is not set
#
# Miscellaneous filesystems
#
# CONFIG_ADFS_FS is not set
# CONFIG_AFFS_FS is not set
# CONFIG_HFS_FS is not set
# CONFIG_HFSPLUS_FS is not set
# CONFIG_BEFS_FS is not set
# CONFIG_BFS_FS is not set
# CONFIG_EFS_FS is not set
# CONFIG_CRAMFS is not set
# CONFIG_VXFS_FS is not set
# CONFIG_HPFS_FS is not set
# CONFIG_QNX4FS_FS is not set
# CONFIG_SYSV_FS is not set
# CONFIG_UFS_FS is not set
CONFIG_NETWORK_FILESYSTEMS=y
# CONFIG_NFS_FS is not set
CONFIG_NFSD=y
CONFIG_NFSD_V3=y
# CONFIG_NFSD_V3_ACL is not set
# CONFIG_NFSD_V4 is not set
CONFIG_NFSD_TCP=y
CONFIG_LOCKD=y
CONFIG_LOCKD_V4=y
CONFIG_EXPORTFS=y
CONFIG_NFS_COMMON=y
CONFIG_SUNRPC=y
# CONFIG_SUNRPC_BIND34 is not set
# CONFIG_RPCSEC_GSS_KRB5 is not set
# CONFIG_RPCSEC_GSS_SPKM3 is not set
# CONFIG_SMB_FS is not set
# CONFIG_CIFS is not set
# CONFIG_NCP_FS is not set
# CONFIG_CODA_FS is not set
# CONFIG_AFS_FS is not set
#
# Partition Types
#
# CONFIG_PARTITION_ADVANCED is not set
CONFIG_MSDOS_PARTITION=y
CONFIG_NLS=y
CONFIG_NLS_DEFAULT="iso8859-1"
# CONFIG_NLS_CODEPAGE_437 is not set
# CONFIG_NLS_CODEPAGE_737 is not set
# CONFIG_NLS_CODEPAGE_775 is not set
# CONFIG_NLS_CODEPAGE_850 is not set
# CONFIG_NLS_CODEPAGE_852 is not set
# CONFIG_NLS_CODEPAGE_855 is not set
# CONFIG_NLS_CODEPAGE_857 is not set
# CONFIG_NLS_CODEPAGE_860 is not set
# CONFIG_NLS_CODEPAGE_861 is not set
# CONFIG_NLS_CODEPAGE_862 is not set
# CONFIG_NLS_CODEPAGE_863 is not set
# CONFIG_NLS_CODEPAGE_864 is not set
# CONFIG_NLS_CODEPAGE_865 is not set
# CONFIG_NLS_CODEPAGE_866 is not set
# CONFIG_NLS_CODEPAGE_869 is not set
# CONFIG_NLS_CODEPAGE_936 is not set
# CONFIG_NLS_CODEPAGE_950 is not set
# CONFIG_NLS_CODEPAGE_932 is not set
# CONFIG_NLS_CODEPAGE_949 is not set
# CONFIG_NLS_CODEPAGE_874 is not set
# CONFIG_NLS_ISO8859_8 is not set
# CONFIG_NLS_CODEPAGE_1250 is not set
# CONFIG_NLS_CODEPAGE_1251 is not set
CONFIG_NLS_ASCII=y
CONFIG_NLS_ISO8859_1=y
# CONFIG_NLS_ISO8859_2 is not set
# CONFIG_NLS_ISO8859_3 is not set
# CONFIG_NLS_ISO8859_4 is not set
# CONFIG_NLS_ISO8859_5 is not set
# CONFIG_NLS_ISO8859_6 is not set
# CONFIG_NLS_ISO8859_7 is not set
# CONFIG_NLS_ISO8859_9 is not set
# CONFIG_NLS_ISO8859_13 is not set
# CONFIG_NLS_ISO8859_14 is not set
# CONFIG_NLS_ISO8859_15 is not set
CONFIG_NLS_KOI8_R=y
# CONFIG_NLS_KOI8_U is not set
CONFIG_NLS_UTF8=y
# CONFIG_DLM is not set
# CONFIG_INSTRUMENTATION is not set
#
# Kernel hacking
#
CONFIG_TRACE_IRQFLAGS_SUPPORT=y
CONFIG_PRINTK_TIME=y
CONFIG_ENABLE_WARN_DEPRECATED=y
# CONFIG_ENABLE_MUST_CHECK is not set
CONFIG_MAGIC_SYSRQ=y
# CONFIG_UNUSED_SYMBOLS is not set
# CONFIG_DEBUG_FS is not set
# CONFIG_HEADERS_CHECK is not set
CONFIG_DEBUG_KERNEL=y
# CONFIG_DEBUG_SHIRQ is not set
CONFIG_DETECT_SOFTLOCKUP=y
CONFIG_SCHED_DEBUG=y
CONFIG_SCHEDSTATS=y
# CONFIG_TIMER_STATS is not set
# CONFIG_SLUB_DEBUG_ON is not set
CONFIG_DEBUG_PREEMPT=y
# CONFIG_DEBUG_RT_MUTEXES is not set
# CONFIG_RT_MUTEX_TESTER is not set
CONFIG_DEBUG_SPINLOCK=y
CONFIG_DEBUG_MUTEXES=y
CONFIG_DEBUG_LOCK_ALLOC=y
CONFIG_PROVE_LOCKING=y
CONFIG_LOCKDEP=y
# CONFIG_LOCK_STAT is not set
# CONFIG_DEBUG_LOCKDEP is not set
CONFIG_TRACE_IRQFLAGS=y
CONFIG_DEBUG_SPINLOCK_SLEEP=y
# CONFIG_DEBUG_LOCKING_API_SELFTESTS is not set
CONFIG_STACKTRACE=y
# CONFIG_DEBUG_KOBJECT is not set
# CONFIG_DEBUG_HIGHMEM is not set
CONFIG_DEBUG_BUGVERBOSE=y
CONFIG_DEBUG_INFO=y
# CONFIG_DEBUG_VM is not set
# CONFIG_DEBUG_LIST is not set
# CONFIG_DEBUG_SG is not set
CONFIG_FRAME_POINTER=y
CONFIG_FORCED_INLINING=y
# CONFIG_BOOT_PRINTK_DELAY is not set
# CONFIG_FAULT_INJECTION is not set
CONFIG_LATENCYTOP=y
# CONFIG_SAMPLES is not set
CONFIG_EARLY_PRINTK=y
# CONFIG_DEBUG_STACKOVERFLOW is not set
# CONFIG_DEBUG_STACK_USAGE is not set
# CONFIG_DEBUG_PAGEALLOC is not set
# CONFIG_DEBUG_RODATA is not set
CONFIG_4KSTACKS=y
CONFIG_X86_FIND_SMP_CONFIG=y
CONFIG_X86_MPPARSE=y
CONFIG_DOUBLEFAULT=y
#
# Security options
#
# CONFIG_KEYS is not set
# CONFIG_SECURITY is not set
# CONFIG_SECURITY_FILE_CAPABILITIES is not set
CONFIG_CRYPTO=y
CONFIG_CRYPTO_ALGAPI=y
CONFIG_CRYPTO_BLKCIPHER=y
# CONFIG_CRYPTO_SEQIV is not set
CONFIG_CRYPTO_HASH=y
CONFIG_CRYPTO_MANAGER=y
CONFIG_CRYPTO_HMAC=y
# CONFIG_CRYPTO_XCBC is not set
# CONFIG_CRYPTO_NULL is not set
# CONFIG_CRYPTO_MD4 is not set
CONFIG_CRYPTO_MD5=y
CONFIG_CRYPTO_SHA1=y
CONFIG_CRYPTO_SHA256=y
# CONFIG_CRYPTO_SHA512 is not set
# CONFIG_CRYPTO_WP512 is not set
# CONFIG_CRYPTO_TGR192 is not set
# CONFIG_CRYPTO_GF128MUL is not set
CONFIG_CRYPTO_ECB=y
# CONFIG_CRYPTO_CBC is not set
# CONFIG_CRYPTO_PCBC is not set
# CONFIG_CRYPTO_LRW is not set
# CONFIG_CRYPTO_XTS is not set
# CONFIG_CRYPTO_CTR is not set
# CONFIG_CRYPTO_GCM is not set
# CONFIG_CRYPTO_CCM is not set
# CONFIG_CRYPTO_CRYPTD is not set
# CONFIG_CRYPTO_DES is not set
# CONFIG_CRYPTO_FCRYPT is not set
# CONFIG_CRYPTO_BLOWFISH is not set
# CONFIG_CRYPTO_TWOFISH is not set
# CONFIG_CRYPTO_TWOFISH_586 is not set
# CONFIG_CRYPTO_SERPENT is not set
# CONFIG_CRYPTO_AES is not set
# CONFIG_CRYPTO_AES_586 is not set
# CONFIG_CRYPTO_CAST5 is not set
# CONFIG_CRYPTO_CAST6 is not set
# CONFIG_CRYPTO_TEA is not set
CONFIG_CRYPTO_ARC4=y
# CONFIG_CRYPTO_KHAZAD is not set
# CONFIG_CRYPTO_ANUBIS is not set
# CONFIG_CRYPTO_SEED is not set
# CONFIG_CRYPTO_SALSA20 is not set
# CONFIG_CRYPTO_SALSA20_586 is not set
# CONFIG_CRYPTO_DEFLATE is not set
# CONFIG_CRYPTO_MICHAEL_MIC is not set
# CONFIG_CRYPTO_CRC32C is not set
# CONFIG_CRYPTO_CAMELLIA is not set
# CONFIG_CRYPTO_AUTHENC is not set
# CONFIG_CRYPTO_LZO is not set
# CONFIG_CRYPTO_HW is not set
#
# Library routines
#
CONFIG_BITREVERSE=y
CONFIG_CRC_CCITT=y
# CONFIG_CRC16 is not set
CONFIG_CRC_ITU_T=y
CONFIG_CRC32=y
# CONFIG_CRC7 is not set
# CONFIG_LIBCRC32C is not set
CONFIG_ZLIB_INFLATE=y
CONFIG_PLIST=y
CONFIG_HAS_IOMEM=y
CONFIG_HAS_IOPORT=y
CONFIG_HAS_DMA=y
-- 
Kevin Winchester <kjwinchester@gmail.com>