Date: Thu, 13 May 1999 17:24:35 -0600 (MDT)
From: Jason Gunthorpe <>
Subject: Strange kernel messages from a via rhine card
Sender: linux-kernel-owner@vger.kernel.org
Precedence: bulk
List-ID: <linux-kernel.vger.kernel.org>
X-Mailing-List: linux-kernel@vger.kernel.org
X-Lkml-Link: https://lkml.org/lkml/1999/5/15/28

[ Please CC, I am not on the list ]
Hi all,
I am running stock 2.2.8 with a pair of DLink DFE-530TX (Rev A) cards with
the via-rhine driver. The card has a chip on it from viacom labled
 DM9101F 9816T M3283
The kernel has spit out several odd messages:
Thanks,
Jason
Linux version 2.2.8 (root@green) (gcc version egcs-2.91.66 Debian GNU/Linux (egcs-1.1.2 release)) #1 Wed May 12 10:39:54 MDT 1999
Console: colour VGA+ 80x25
Calibrating delay loop... 133.53 BogoMIPS
Memory: 47184k/49152k available (772k kernel code, 412k reserved, 744k data, 40k init)
Checking if this processor honours the WP bit even in supervisor mode... Ok.
CPU: Cyrix 6x86 2x Core/Bus Clock stepping 07
Checking 386/387 coupling... OK, FPU using exception 16 error reporting.
Checking 'hlt' instruction... OK.
Cyrix processor with "coma bug" found, workaround enabled
POSIX conformance testing by UNIFIX
mtrr: v1.34 (19990310) Richard Gooch (rgooch@atnf.csiro.au)
mtrr: Using Cyrix style ARRs
PCI: PCI BIOS revision 2.10 entry at 0xfdb91
PCI: Using configuration type 1
PCI: Probing PCI hardware
Linux NET4.0 for Linux 2.2
Based upon Swansea University Computer Society NET3.039
NET4: Unix domain sockets 1.0 for Linux NET4.0.
NET4: Linux TCP/IP 1.0 for NET4.0
IP Protocols: ICMP, UDP, TCP
Initializing RT netlink socket
Starting kswapd v 1.5 
Serial driver version 4.27 with no serial options enabled
ttyS00 at 0x03f8 (irq = 4) is a 16550A
ttyS01 at 0x02f8 (irq = 3) is a 16550A
pty: 256 Unix98 ptys configured
Real Time Clock Driver v1.09
RAM disk driver initialized:  16 RAM disks of 4096K size
PIIX3: IDE controller on PCI bus 00 dev 39
PIIX3: not 100% native mode: will probe irqs later
    ide0: BM-DMA at 0xfff0-0xfff7, BIOS settings: hda:pio, hdb:pio
    ide1: BM-DMA at 0xfff8-0xffff, BIOS settings: hdc:pio, hdd:pio
hda: QUANTUM FIREBALL SE3.2A, ATA DISK drive
hdb: QUANTUM FIREBALL CR8.4A, ATA DISK drive
ide0 at 0x1f0-0x1f7,0x3f6 on irq 14
hda: QUANTUM FIREBALL SE3.2A, 3079MB w/80kB Cache, CHS=782/128/63, (U)DMA
hdb: QUANTUM FIREBALL CR8.4A, 8063MB w/418kB Cache, CHS=1027/255/63, (U)DMA
Floppy drive(s): fd0 is 1.44M
FDC 0 is a post-1991 82077
Partition check:
 hda: hda1 hda2 hda3
 hdb: hdb1
VFS: Mounted root (ext2 filesystem) readonly.
Freeing unused kernel memory: 40k freed
Adding Swap: 130748k swap-space (priority -1)
via-rhine.c:v1.00 9/5/98  Written by Donald Becker
  
http://cesdis.gsfc.nasa.gov/linux/drivers/via-rhine.html
via-rhine.c:v1.00 9/5/98  Written by Donald Becker
  
http://cesdis.gsfc.nasa.gov/linux/drivers/via-rhine.html
eth0: VIA VT3043 Rhine at 0x7f80, 00:80:c8:e1:69:fb, IRQ 11.
eth0: MII PHY found at address 8, status 0x782d advertising 05e1 Link 0000.
eth1: VIA VT3043 Rhine at 0x7f00, 00:80:c8:e2:ce:89, IRQ 10.
eth1: MII PHY found at address 8, status 0x7809 advertising 05e1 Link 0000.
 hdb: hdb1
eth0: Something Wicked happened! 2008.
eth0: Something Wicked happened! 2008.
eth0: Something Wicked happened! 2008.
eth0: Oversized Ethernet frame spanned multiple buffers, entry 0x10c599 length 0 status 0600!
eth0: Oversized Ethernet frame c028f090 vs c028f090.
eth0: Oversized Ethernet frame spanned multiple buffers, entry 0x111264 length 0 status 0600!
eth0: Oversized Ethernet frame c028f040 vs c028f040.
eth0: Oversized Ethernet frame spanned multiple buffers, entry 0x116e90 length 0 status 0600!
eth0: Oversized Ethernet frame c028f000 vs c028f000.
eth0: Oversized Ethernet frame spanned multiple buffers, entry 0x118089 length 0 status 0600!
eth0: Oversized Ethernet frame c028f090 vs c028f090.
eth0: Oversized Ethernet frame spanned multiple buffers, entry 0x1192b0 length 0 status 0600!
eth0: Oversized Ethernet frame c028f000 vs c028f000.
-
To unsubscribe from this list: send the line "unsubscribe linux-kernel" in
the body of a message to majordomo@vger.rutgers.edu
Please read the FAQ at 
http://www.tux.org/lkml/