Date: Thu, 2 Mar 2000 22:59:45 -0800 (PST)
From: Andre Hedrick <>
Subject: Re: 2.3.4[89] fail to probe/id IDE properly (long)
Sender: linux-kernel-owner@vger.kernel.org
Precedence: bulk
List-ID: <linux-kernel.vger.kernel.org>
X-Mailing-List: linux-kernel@vger.kernel.org
X-Lkml-Link: https://lkml.org/lkml/2000/3/3/22

OOPS.........how did I miss that in the goofy??
What is part is a module "request_module[ide-probe-mod]".
Follow me offline........
On Thu, 2 Mar 2000, Pete Clements wrote:
> 2.3.48 and 2.3.49 fail to properly probe/id IDE.  This box is an i486
> with no pci bus and none configured.  Below is the boot log for
> 2.3.49 followed by the boot log for the working 2.3.47 kernel.  
> -- 
> Pete Clements 
> clem@clem.digital.net
> 
> Mar  2 22:11:54 clem kernel: klogd 1.3-3#31, log source = /proc/kmsg started.
> Mar  2 22:11:54 clem kernel: Inspecting /boot/System.map-2.3.49
> Mar  2 22:11:57 clem kernel: Loaded 7024 symbols from /boot/System.map-2.3.49.
> Mar  2 22:11:58 clem kernel: Symbols match kernel version 2.3.49.
> Mar  2 22:11:58 clem kernel: No module symbols loaded.
> Mar  2 22:11:58 clem kernel: Linux version 2.3.49 (root@clem) (gcc version 2.7.2.3) #1 Thu Mar 2 20:34:45 EST 2000 
> Mar  2 22:11:58 clem kernel: On node 0 totalpages: 8192 
> Mar  2 22:11:58 clem kernel: zone(0): 4096 pages. 
> Mar  2 22:11:58 clem kernel: zone(1): 4096 pages. 
> Mar  2 22:11:58 clem kernel: zone(2): 0 pages. 
> Mar  2 22:11:58 clem kernel: Initializing CPU#0 
> Mar  2 22:11:58 clem kernel: Console: colour VGA+ 80x25 
> Mar  2 22:11:58 clem kernel: Calibrating delay loop... 33.28 BogoMIPS 
> Mar  2 22:11:58 clem kernel: Memory: 30112k/32768k available (1110k kernel code, 2268k reserved, 74k data, 44k init, 0k highmem) 
> Mar  2 22:11:58 clem kernel: Checking if this processor honours the WP bit even in supervisor mode... Ok. 
> Mar  2 22:11:58 clem kernel: Buffer-cache hash table entries: 1024 (order: 0, 4096 bytes) 
> Mar  2 22:11:58 clem kernel: Page-cache hash table entries: 8192 (order: 3, 32768 bytes) 
> Mar  2 22:11:58 clem kernel: CPU: 486<6>Checking 386/387 coupling... OK, FPU using exception 16 error reporting. 
> Mar  2 22:11:58 clem kernel: Checking 'hlt' instruction... OK. 
> Mar  2 22:11:58 clem kernel: POSIX conformance testing by UNIFIX 
> Mar  2 22:11:58 clem kernel: Linux NET4.0 for Linux 2.3 
> Mar  2 22:11:58 clem kernel: Based upon Swansea University Computer Society NET3.039 
> Mar  2 22:11:58 clem kernel: NET4: Unix domain sockets 1.0/SMP for Linux NET4.0. 
> Mar  2 22:11:58 clem kernel: NET4: Linux TCP/IP 1.0 for NET4.0 
> Mar  2 22:11:58 clem kernel: IP Protocols: ICMP, UDP, TCP 
> Mar  2 22:11:58 clem kernel: IP: routing cache hash table of 512 buckets, 4Kbytes 
> Mar  2 22:11:58 clem kernel: TCP: Hash tables configured (established 2048 bind 2048) 
> Mar  2 22:11:58 clem kernel: Initializing RT netlink socket 
> Mar  2 22:11:58 clem kernel: Starting kswapd v1.6 
> Mar  2 22:11:58 clem kernel: parport0: PC-style at 0x378 [PCSPP] 
> Mar  2 22:11:58 clem kernel: Serial driver version 4.92 (2000-1-27) with no serial options enabled 
> Mar  2 22:11:58 clem kernel: ttyS00 at 0x03f8 (irq = 4) is a 16450 
> Mar  2 22:11:58 clem kernel: ttyS01 at 0x02f8 (irq = 3) is a 16450 
> Mar  2 22:11:58 clem kernel: ttyS02 at 0x03e8 (irq = 4) is a 16550A 
> Mar  2 22:11:58 clem kernel: ttyS03 at 0x02e8 (irq = 3) is a 16550A 
> Mar  2 22:11:58 clem kernel: lp0: using parport0 (polling). 
> Mar  2 22:11:58 clem kernel: Uniform Multi-Platform E-IDE driver Revision: 6.30 
> Mar  2 22:11:58 clem kernel: request_module[ide-probe-mod]: Root fs not mounted 
> Mar  2 22:11:58 clem last message repeated 19 times
> Mar  2 22:11:58 clem kernel: hda: ST3550A, ATA DISK drive 
> Mar  2 22:11:58 clem kernel: hdb: WDC AC31200F, ATA DISK drive 
> Mar  2 22:11:58 clem kernel: ide1: ports already in use, skipping probe 
> Mar  2 22:11:58 clem kernel: ide2: ports already in use, skipping probe 
> Mar  2 22:11:58 clem kernel: ide3: ports already in use, skipping probe 
> Mar  2 22:11:58 clem kernel: ide4: ports already in use, skipping probe 
> Mar  2 22:11:58 clem kernel: ide5: ports already in use, skipping probe 
> Mar  2 22:11:58 clem kernel: ide6: ports already in use, skipping probe 
> Mar  2 22:11:58 clem kernel: ide0 at 0x1f0-0x1f7,0x3f6 on irq 14 
> Mar  2 22:11:58 clem kernel: hda: ST3550A, 431MB w/256kB Cache, CHS=1018/14/62 
> Mar  2 22:11:58 clem kernel: hdb: WDC AC31200F, 1222MB w/64kB Cache, CHS=2484/16/63 
> Mar  2 22:11:58 clem kernel: Partition check: 
> Mar  2 22:11:58 clem kernel:  hda: hda1 hda2 
> Mar  2 22:11:58 clem kernel:  hdb: hdb1 hdb2 hdb3 
> Mar  2 22:11:58 clem kernel: Floppy drive(s): fd0 is 1.44M, fd1 is 1.2M 
> Mar  2 22:11:58 clem kernel: FDC 0 is an 8272A 
> Mar  2 22:11:58 clem kernel: eth0: 3c509 at 0x300, BNC port, address  00 20 af 26 bf ad, IRQ 10. 
> Mar  2 22:11:58 clem kernel: 3c509.c:1.16 (2.2) 2/3/98 becker@cesdis.gsfc.nasa.gov. 
> Mar  2 22:11:58 clem kernel: SLIP: version 0.8.4-NET3.019-NEWTTY (dynamic channels, max=256). 
> Mar  2 22:11:58 clem kernel: PPP generic driver version 2.4.0 
> Mar  2 22:11:58 clem kernel: VFS: Mounted root (ext2 filesystem) readonly. 
> Mar  2 22:11:58 clem kernel: Freeing unused kernel memory: 44k freed 
> Mar  2 22:11:58 clem kernel: Adding Swap: 33260k swap-space (priority -1) 
> Mar  2 22:11:58 clem kernel: Adding Swap: 33412k swap-space (priority -2) 
> Mar  2 22:11:58 clem kernel: eth0: Setting Rx mode to 1 addresses. 
> Mar  2 22:13:00 clem kernel: PPP BSD Compression module registered 
> Mar  2 22:13:01 clem kernel: PPP Deflate Compression module registered 
> Mar  2 22:13:29 clem kernel: Kernel logging (proc) stopped.
> 
> -----------------------
> 
> Mar  2 22:13:29 clem kernel: Kernel log daemon terminating.
> Mar  2 22:14:48 clem kernel: klogd 1.3-3#31, log source = /proc/kmsg started.
> Mar  2 22:14:49 clem kernel: Inspecting /boot/System.map-2.3.47
> Mar  2 22:14:52 clem kernel: Loaded 6976 symbols from /boot/System.map-2.3.47.
> Mar  2 22:14:52 clem kernel: Symbols match kernel version 2.3.47.
> Mar  2 22:14:52 clem kernel: Loaded 9 symbols from 7 modules.
> Mar  2 22:14:52 clem kernel: Linux version 2.3.47 (root@clem) (gcc version 2.7.2.3) #1 Sun Feb 27 12:55:37 EST 2000 
> Mar  2 22:14:52 clem kernel: On node 0 totalpages: 8192 
> Mar  2 22:14:52 clem kernel: zone(0): 4096 pages. 
> Mar  2 22:14:52 clem kernel: zone(1): 4096 pages. 
> Mar  2 22:14:52 clem kernel: zone(2): 0 pages. 
> Mar  2 22:14:52 clem kernel: Initializing CPU#0 
> Mar  2 22:14:52 clem kernel: Console: colour VGA+ 80x25 
> Mar  2 22:14:52 clem kernel: Calibrating delay loop... 33.28 BogoMIPS 
> Mar  2 22:14:52 clem kernel: Memory: 30136k/32768k available (1101k kernel code, 2244k reserved, 73k data, 44k init, 0k highmem) 
> Mar  2 22:14:52 clem kernel: Checking if this processor honours the WP bit even in supervisor mode... Ok. 
> Mar  2 22:14:52 clem kernel: Buffer-cache hash table entries: 1024 (order: 0, 4096 bytes) 
> Mar  2 22:14:52 clem kernel: Page-cache hash table entries: 8192 (order: 3, 32768 bytes) 
> Mar  2 22:14:52 clem kernel: CPU: 486<6>Checking 386/387 coupling... OK, FPU using exception 16 error reporting. 
> Mar  2 22:14:52 clem kernel: Checking 'hlt' instruction... OK. 
> Mar  2 22:14:52 clem kernel: POSIX conformance testing by UNIFIX 
> Mar  2 22:14:52 clem kernel: Linux NET4.0 for Linux 2.3 
> Mar  2 22:14:52 clem kernel: Based upon Swansea University Computer Society NET3.039 
> Mar  2 22:14:52 clem kernel: NET4: Unix domain sockets 1.0/SMP for Linux NET4.0. 
> Mar  2 22:14:52 clem kernel: NET4: Linux TCP/IP 1.0 for NET4.0 
> Mar  2 22:14:52 clem kernel: IP Protocols: ICMP, UDP, TCP 
> Mar  2 22:14:52 clem kernel: IP: routing cache hash table of 512 buckets, 4Kbytes 
> Mar  2 22:14:52 clem kernel: TCP: Hash tables configured (established 2048 bind 2048) 
> Mar  2 22:14:52 clem kernel: Initializing RT netlink socket 
> Mar  2 22:14:52 clem kernel: Starting kswapd v1.6 
> Mar  2 22:14:52 clem kernel: parport0: PC-style at 0x378 [PCSPP] 
> Mar  2 22:14:52 clem kernel: Serial driver version 4.92 (2000-1-27) with no serial options enabled 
> Mar  2 22:14:52 clem kernel: ttyS00 at 0x03f8 (irq = 4) is a 16450 
> Mar  2 22:14:52 clem kernel: ttyS01 at 0x02f8 (irq = 3) is a 16450 
> Mar  2 22:14:52 clem kernel: ttyS02 at 0x03e8 (irq = 4) is a 16550A 
> Mar  2 22:14:52 clem kernel: ttyS03 at 0x02e8 (irq = 3) is a 16550A 
> Mar  2 22:14:52 clem kernel: lp0: using parport0 (polling). 
> Mar  2 22:14:52 clem kernel: Uniform Multi-Platform E-IDE driver Revision: 6.30 
> Mar  2 22:14:52 clem kernel: request_module[ide-probe-mod]: Root fs not mounted 
> Mar  2 22:14:52 clem last message repeated 9 times
> Mar  2 22:14:52 clem kernel: hda: ST3550A, ATA DISK drive 
> Mar  2 22:14:52 clem kernel: hdb: WDC AC31200F, ATA DISK drive 
> Mar  2 22:14:52 clem kernel: hdc: ST51080A, ATA DISK drive 
> Mar  2 22:14:52 clem kernel: hdd: WDC AC2420H, ATA DISK drive 
> Mar  2 22:14:52 clem kernel: ide2: ports already in use, skipping probe 
> Mar  2 22:14:52 clem kernel: ide6: ports already in use, skipping probe 
> Mar  2 22:14:52 clem kernel: ide0 at 0x1f0-0x1f7,0x3f6 on irq 14 
> Mar  2 22:14:52 clem kernel: ide1 at 0x170-0x177,0x376 on irq 15 
> Mar  2 22:14:52 clem kernel: hda: ST3550A, 431MB w/256kB Cache, CHS=1018/14/62 
> Mar  2 22:14:52 clem kernel: hdb: WDC AC31200F, 1222MB w/64kB Cache, CHS=2484/16/63 
> Mar  2 22:14:52 clem kernel: hdc: ST51080A, 1033MB w/256kB Cache, CHS=2100/16/63 
> Mar  2 22:14:52 clem kernel: hdd: WDC AC2420H, 405MB w/128kB Cache, CHS=989/15/56 
> Mar  2 22:14:52 clem kernel: Partition check: 
> Mar  2 22:14:52 clem kernel:  hda: hda1 hda2 
> Mar  2 22:14:52 clem kernel:  hdb: hdb1 hdb2 hdb3 
> Mar  2 22:14:52 clem kernel:  hdc: hdc1 hdc2 
> Mar  2 22:14:52 clem kernel:  hdd: hdd1 
> Mar  2 22:14:52 clem kernel: Floppy drive(s): fd0 is 1.44M, fd1 is 1.2M 
> Mar  2 22:14:52 clem kernel: FDC 0 is an 8272A 
> Mar  2 22:14:52 clem kernel: SLIP: version 0.8.4-NET3.019-NEWTTY (dynamic channels, max=256). 
> Mar  2 22:14:52 clem kernel: PPP generic driver version 2.4.0 
> Mar  2 22:14:52 clem kernel: VFS: Mounted root (ext2 filesystem) readonly. 
> Mar  2 22:14:52 clem kernel: Freeing unused kernel memory: 44k freed 
> Mar  2 22:14:52 clem kernel: Adding Swap: 33260k swap-space (priority -1) 
> Mar  2 22:14:52 clem kernel: Adding Swap: 33412k swap-space (priority -2) 
> Mar  2 22:14:52 clem kernel: eth0: 3c509 at 0x300, BNC port, address  00 20 af 26 bf ad, IRQ 10. 
> Mar  2 22:14:52 clem kernel: 3c509.c:1.16 (2.2) 2/3/98 becker@cesdis.gsfc.nasa.gov. 
> Mar  2 22:14:52 clem kernel: eth0: Setting Rx mode to 1 addresses. 
> Mar  2 22:15:57 clem kernel: PPP BSD Compression module registered 
> Mar  2 22:15:58 clem kernel: PPP Deflate Compression module registered 
> 
> -
> To unsubscribe from this list: send the line "unsubscribe linux-kernel" in
> the body of a message to majordomo@vger.rutgers.edu
> Please read the FAQ at 
http://www.tux.org/lkml/
> 
Andre Hedrick
The Linux ATA/IDE guy
-
To unsubscribe from this list: send the line "unsubscribe linux-kernel" in
the body of a message to majordomo@vger.rutgers.edu
Please read the FAQ at 
http://www.tux.org/lkml/