Date: Wed, 05 Jul 2000 22:52:51 +0200
From: octave klaba <>
Subject: is there any kernel panic there ?
Sender: linux-kernel-owner@vger.kernel.org
Precedence: bulk
List-ID: <linux-kernel.vger.kernel.org>
X-Mailing-List: linux-kernel@vger.kernel.org
X-Lkml-Link: https://lkml.org/lkml/2000/7/5/79

Hi,
An another servers crashed running on 2.2.15 with raid-soft
the output of the servers' consoles is logged on a separated 
box thought serial cable and I have nothight the logs except 
the "\n" and the server is no more pingable. I can not log 
thought serial, can not log directly. Just hard reset.
Have you any idea where should I seek the error ? Why there is
no kernel panic ?
Thx
Octave
Linux version 2.2.15 (root@XXXXXXXXXXXX) (gcc version egcs-2.91.66 19990314/Linux (egcs-1.1.2 release)) #1 Sun May 28 01:36:47
CEST 2000
Detected 451026999 Hz processor.
Console: colour VGA+ 80x25
Calibrating delay loop... 897.84 BogoMIPS
Memory: 387604k/393152k available (1008k kernel code, 408k reserved, 4092k data, 40k init)
Dentry hash table entries: 65536 (order 7, 512k)
Buffer cache hash table entries: 524288 (order 9, 2048k)
Page cache hash table entries: 131072 (order 7, 512k)
VFS: Diskquotas version dquot_6.4.0 initialized
CPU: Intel Pentium III (Katmai) stepping 03
Checking 386/387 coupling... OK, FPU using exception 16 error reporting.
Checking 'hlt' instruction... OK.
POSIX conformance testing by UNIFIX
mtrr: v1.35a (19990819) Richard Gooch (rgooch@atnf.csiro.au)
PCI: PCI BIOS revision 2.10 entry at 0xf08b0
PCI: Using configuration type 1
PCI: Probing PCI hardware
Linux NET4.0 for Linux 2.2
Based upon Swansea University Computer Society NET3.039
NET4: Unix domain sockets 1.0 for Linux NET4.0.
NET4: Linux TCP/IP 1.0 for NET4.0
IP Protocols: ICMP, UDP, TCP
TCP: Hash tables configured (ehash 524288 bhash 65536)
Starting kswapd v 1.5 
Detected PS/2 Mouse Port.
Serial driver version 4.27 with<4>keyboard: Too many NACKs -- noisy kbd cable?
keyboard: Too many NACKs -- noisy kbd cable?
 no serial options enabled
ttyS00 at 0x03f8 (irq = 4) is a 16550A
ttyS01 at 0x02f8 (irq = 3) is a 16550A
pty: 256 Unix98 ptys configured
Real Time Clock Driver v1.09
PIIX4: IDE controller on PCI bus 00 dev 21
PIIX4: not 100% native mode: will probe irqs later
    ide0: BM-DMA at 0xd800-0xd807, BIOS settings: hda:DMA, hdb:pio
    ide1: BM-DMA at 0xd808-0xd80f, BIOS settings: hdc:pio, hdd:pio
hda: IBM-DJNA-371800, ATA DISK drive
ide0 at 0x1f0-0x1f7,0x3f6 on irq 14
hda: IBM-DJNA-371800, 17206MB w/1966kB Cache, CHS=2193/255/63, UDMA
floppy0: no floppy controllers found
md driver 0.90.0 MAX_MD_DEVS=256, MAX_REAL=12
raid1 personality registered
(scsi0) <Adaptec AHA-294X Ultra2 SCSI host adapter> found at PCI 0/12/0
(scsi0) Wide Channel, SCSI ID=7, 32/255 SCBs
(scsi0) Downloading sequencer code... 396 instructions downloaded
scsi0 : Adaptec AHA274x/284x/294x (EISA/VLB/PCI-Fast SCSI) 5.1.28/3.2.4
       <Adaptec AHA-294X Ultra2 SCSI host adapter>
scsi : 1 host.
(scsi0:0:0:0) Synchronous at 40.0 Mbyte/sec, offset 31.
  Vendor: IBM       Model: DNES-318350W      Rev: SA30
  Type:   Direct-Access                      ANSI SCSI revision: 03
Detected scsi disk sda at scsi0, channel 0, id 0, lun 0
(scsi0:0:1:0) Synchronous at 40.0 Mbyte/sec, offset 31.
  Vendor: IBM       Model: DNES-318350W      Rev: SA30
  Type:   Direct-Access                      ANSI SCSI revision: 03
Detected scsi disk sdb at scsi0, channel 0, id 1, lun 0
scsi : detected 2 SCSI disks total.
SCSI device sda: hdwr sector= 512 bytes. Sectors= 35843670 [17501 MB] [17.5 GB]
SCSI device sdb: hdwr sector= 512 bytes. Sectors= 35843670 [17501 MB] [17.5 GB]
3c59x.c:v0.99H 11/17/98 Donald Becker 
http://cesdis.gsfc.nasa.gov/linux/drivers/vortex.html
eth0: 3Com 3c905B Cyclone 100baseTx at 0xd000,  00:01:02:06:d2:54, IRQ 10
  8K byte-wide RAM 5:3 Rx:Tx split, autoselect/Autonegotiate interface.
  MII transceiver found at address 24, status 786d.
  MII transceiver found at address 0, status 786d.
  Enabling bus-master transmits and whole-frame receives.
Partition check:
 sda: sda1 sda2
 sdb: sdb1 sdb2
md.c: sizeof(mdp_super_t) = 4096
 hda: hda1 hda2 < hda5 hda6 >
autodetecting RAID arrays
(read) sda2's sb offset: 17526848 [events: 00000009]
(read) sdb2's sb offset: 17526848 [events: 00000009]
autorun ...
considering sdb2 ...
  adding sdb2 ...
  adding sda2 ...
created md0
bind<sda2,1>
bind<sdb2,2>
running: <sdb2><sda2>
now!
sdb2's event counter: 00000009
sda2's event counter: 00000009
md: md0: raid array is not clean -- starting background reconstruction
md0: max total readahead window set to 128k
md0: 1 data-disks, max readahead per data-disk: 128k
raid1: device sdb2 operational as mirror 1
raid1: device sda2 operational as mirror 0
raid1: raid set md0 not clean; reconstructing mirrors
raid1: raid set md0 active with 2 out of 2 mirrors
md: updating md0 RAID superblock on device
sdb2 [events: 0000000a](write) sdb2's sb offset: 17526848
md: syncing RAID array md0
md: minimum _guaranteed_ reconstruction speed: 100 KB/sec.
md: using maximum available idle IO bandwith for reconstruction.
md: using 128k window.
sda2 [events: 0000000a](write) sda2's sb offset: 17526848
.
... autorun DONE.
VFS: Mounted root (ext2 filesystem) readonly.
Freeing unused kernel memory: 40k freed
Adding Swap: 393552k swap-space (priority -1)
Adding Swap: 393552k swap-space (priority -2)
md: md0: sync done.
i2c-core.o: i2c core module
piix4.o version 2.5.0 (20000312)
i2c-core.o: adapter SMBus PIIX4 adapter at e800 registered as adapter 0.
i2c-piix4.o: PIIX4 bus detected and initialized
sensors.o version 2.5.0 (20000312)
w83781d.o version 2.5.0 (20000312)
i2c-core.o: driver W83781D sensor driver registered.
i2c-core.o: client [AS99127F chip] registered to adapter [SMBus PIIX4 adapter at e800](pos. 0).
i2c-core.o: client [AS99127F subclient] registered to adapter [SMBus PIIX4 adapter at e800](pos. 1).
i2c-core.o: client [AS99127F subclient] registered to adapter [SMBus PIIX4 adapter at e800](pos. 2).
-
To unsubscribe from this list: send the line "unsubscribe linux-kernel" in
the body of a message to majordomo@vger.rutgers.edu
Please read the FAQ at 
http://www.tux.org/lkml/