Date: Wed, 20 Jan 1999 10:49:36 +1030 (CST)
From: Benjamin Close <>
Subject: Set Multimode Question/error
Sender: linux-kernel-owner@vger.kernel.org
Precedence: bulk
List-ID: <linux-kernel.vger.kernel.org>
X-Mailing-List: linux-kernel@vger.kernel.org
X-Lkml-Link: https://lkml.org/lkml/1999/1/20/69

Hi,
	Could someone tell me why I get the following error at boot up:
Partition check:
 hda: hda1 hda2 hda3
 hdb:hdb: set_multmode: status=0x51 { DriveReady SeekComplete Error }
hdb: set_multmode: error=0x04 { DriveStatusError }
 hdb1 hdb2 < hdb5 hdb6 hdb7 hdb8 > hdb3 hdb4
This problem has happened ever since the shift to 2.2.0x
It worked fine in 2.1.132. The drive still works under 2.2, just much
slower.
Attached is the boot log in the hope this problem can be resolved.
Oh overclocking my 133 to 188 is not the problem as it's been this way
since 2.1.89 without problems. 
My motherboard does not support UDMA
--
Linux version 2.2.0-pre8 (root@Bytes4u.nodomain.yet) (gcc version 2.7.2.3)
#1 Wed Jan 20 10:15:28 CST 1999
Detected 187114361 Hz processor.
Console: colour VGA+ 80x25
Calibrating delay loop... 74.75 BogoMIPS
Memory: 47156k/49152k available (736k kernel code, 412k reserved, 800k
data, 48k init)
CPU: Intel Pentium 75 - 200 stepping 0c
Checking 386/387 coupling... OK, FPU using exception 16 error reporting.
Checking 'hlt' instruction... OK.
Intel Pentium with F0 0F bug - workaround enabled.
POSIX conformance testing by UNIFIX
PCI: PCI BIOS revision 2.10 entry at 0xfb000
PCI: Using configuration type 1
PCI: Probing PCI hardware
Linux NET4.0 for Linux 2.2
Based upon Swansea University Computer Society NET3.039
NET4: Unix domain sockets 1.0 for Linux NET4.0.
NET4: Linux TCP/IP 1.0 for NET4.0
IP Protocols: ICMP, UDP, TCP
Initializing RT netlink socket
Starting kswapd v 1.5
Serial driver version 4.27 with SHARE_IRQ enabled
ttyS00 at 0x03f8 (irq = 4) is a 16550A
ttyS01 at 0x02f8 (irq = 3) is a 16550A
ttyS03 at 0x02e8 (irq = 3) is a 16550A
apm: BIOS version 1.2 Flags 0x07 (Driver version 1.9)
PIIX3: IDE controller on PCI bus 00 dev 39
PIIX3: not 100% native mode: will probe irqs later
    ide0: BM-DMA at 0xf000-0xf007, BIOS settings: hda:pio, hdb:pio
    ide1: BM-DMA at 0xf008-0xf00f, BIOS settings: hdc:pio, hdd:pio
hda: ST31720A, ATA DISK drive
hdb: ST36531A, ATA DISK drive
hdc: MATSHITA CR-584, ATAPI CDROM drive
hdd: LS-120 VER4 07 UHD Floppy, ATAPI CDROM drive
ide0 at 0x1f0-0x1f7,0x3f6 on irq 14
ide1 at 0x170-0x177,0x376 on irq 15
hda: ST31720A, 1626MB w/0kB Cache, CHS=826/64/63
hdb: ST36531A, 6204MB w/128kB Cache, CHS=840/240/63, (U)DMA
hdb: set_multmode: error=0x04 { DriveStatusError }
 hdb1 hdb2 < hdb5 hdb6 hdb7 hdb8 > hdb3 hdb4
VFS: Mounted root (ext2 filesystem) readonly.
Freeing unused kernel memory: 48k freed
Adding Swap: 66524k swap-space (priority -1)
Adding Swap: 68036k swap-space (priority -2)
Cheers,
--
* Benjamin Close
* Benjsc@senet.com.au
* Web Page: 
http://users.senet.com.au/~benjsc/
-
To unsubscribe from this list: send the line "unsubscribe linux-kernel" in
the body of a message to majordomo@vger.rutgers.edu
Please read the FAQ at 
http://www.tux.org/lkml/