Date: Sat, 25 Mar 2000 23:32:19 -0500 (EST)
From: Aaron Sethman <>
Subject: strange data in /proc/meminfo
Sender: linux-kernel-owner@vger.kernel.org
Precedence: bulk
List-ID: <linux-kernel.vger.kernel.org>
X-Mailing-List: linux-kernel@vger.kernel.org
X-Lkml-Link: https://lkml.org/lkml/2000/3/25/173

Just noticed this bit of weirdness in /proc/meminfo
Notice the MemShared entry is set to zero.  Is it just a display issue or?
BTW the kernel is 2.3.99-pre3.
Thanks,
Aaron
# cat /proc/meminfo
        total:    used:    free:  shared: buffers:  cached:
Mem:  96960512 26636288 70324224        0   835584 14303232
Swap: 268869632        0 268869632
MemTotal:     94688 kB
MemFree:      68676 kB
MemShared:        0 kB
Buffers:        816 kB
Cached:       13968 kB
HighTotal:        0 kB
HighFree:         0 kB
LowTotal:     94688 kB
LowFree:      68676 kB
SwapTotal:   262568 kB
SwapFree:    262568 kB
-
To unsubscribe from this list: send the line "unsubscribe linux-kernel" in
the body of a message to majordomo@vger.rutgers.edu
Please read the FAQ at 
http://www.tux.org/lkml/