Date: Tue, 17 Dec 2002 17:10:47 -0800 (PST)
From: Andre Hedrick <>
Subject: Re: No booting with a Silicon Image 3112 SATA-Controller
Sender: linux-kernel-owner@vger.kernel.org
Precedence: bulk
List-ID: <linux-kernel.vger.kernel.org>
X-Mailing-List: linux-kernel@vger.kernel.org
X-Lkml-Link: https://lkml.org/lkml/2002/12/17/280

Attached is SATA booting and running as /dev/md0 in raid 1
[root@athy root]# hdparm -t /dev/md0
/dev/md0:
 Timing buffered disk reads:  64 MB in  1.55 seconds = 41.29 MB/sec
Try enableing offboard booting.
This is the next rev below, with the real mccoy devices.
Linux version 2.4.20-ac1 (root@svwks.linux-ide.org) (gcc version 3.2
20020903 (Red Hat Linux 8.0 3.2-7)) #1 Sat Dec 14 02:37:07 PST 2002
SvrWks CSB6: IDE controller at PCI slot 00:0f.1
SvrWks CSB6: chipset revision 160
SvrWks CSB6: not 100% native mode: will probe irqs later
    ide0: BM-DMA at 0x1420-0x1427, BIOS settings: hda:DMA, hdb:pio
    ide1: BM-DMA at 0x1428-0x142f, BIOS settings: hdc:DMA, hdd:pio
SvrWks CSB6: IDE controller at PCI slot 00:0e.0
PCI: Guessed IRQ 11 for device 00:0e.0
SvrWks CSB6: chipset revision 160
SvrWks CSB6: 100% native mode on irq 11
    ide2: BM-DMA at 0x1410-0x1417, BIOS settings: hde:pio, hdf:pio
SiI3112 Serial ATA: IDE controller at PCI slot 00:04.0
SiI3112 Serial ATA: chipset revision 2
SiI3112 Serial ATA: not 100% native mode: will probe irqs later
    ide3: MMIO-DMA at 0xe880d000-0xe880d007, BIOS settings: hdg:pio, hdh:pio
    ide4: MMIO-DMA at 0xe880d008-0xe880d00f, BIOS settings: hdi:pio, hdj:pio
hda: IC25N030ATCS04-0, ATA DISK drive
blk: queue c0319e00, I/O limit 4095Mb (mask 0xffffffff)
hdc: HL-DT-STDVD-ROM GDR8160B, ATAPI CD/DVD-ROM drive
hdg: WDC WD800BB-00CAA0, ATA DISK drive
blk: queue c031aae4, I/O limit 4095Mb (mask 0xffffffff)
hdi: ST330013AS, ATA DISK drive
blk: queue c031af30, I/O limit 4095Mb (mask 0xffffffff)
ide0 at 0x1f0-0x1f7,0x3f6 on irq 14
ide1 at 0x170-0x177,0x376 on irq 15
ide3 at 0xe880d080-0xe880d087,0xe880d08a on irq 10
ide4 at 0xe880d0c0-0xe880d0c7,0xe880d0ca on irq 10
hda: host protected area => 1
hda: 58605120 sectors (30006 MB) w/1768KiB Cache, CHS=3648/255/63, UDMA(100)
hdg: host protected area => 1
hdg: 156301488 sectors (80026 MB) w/2048KiB Cache, CHS=155061/16/63, UDMA(100)
hdi: host protected area => 1
hdi: 58633344 sectors (30020 MB) w/8192KiB Cache, CHS=58168/16/63 UDMA(100)
On Tue, 17 Dec 2002, Markus Wagner wrote:
> Hi,
> 
> I got a PCI SATA-Controller with the SiI 3112 Chipset. I tried to get it 
> running with 
> 
> 2.4.19-ac4-ide ( from linux-ide.org )
> 2.4.20-ac1 and -ac2.
> 
> The support for the controller is compiled directly into the kernel.
> 
> Since I dont have a SATA-HDD, I am using a SATA to PATA dongle with an IBM 
> DTLA 307030 HDD.
> 
> When booting the 2.4.20-ac1/-ac2 kernel, the boot process stops at 
> 
> VFS: Mounted root (ext3 filesystem) readonly.
> Freeing unused kernel memory: 132k freed
> 
> with no further action.
> 
> With Kernel 2.4.19-ac4-ide the system booted and crashed shortly after.
> 
> I tried the "ide=reveresed" kernel option with all kernels used.
> 
> Some info about my system:
> MoBo: ECS Elitegroup K7S5A with AMD Athlon C 1400 ( SiS 735 Chipset )
> The HDD ( IBM DTLA-307030 ) works without failure when using the onboard 
> Controller.
> 
> I tried to remove the network and the sound card to get a unique interrupt for 
> the controller but that didn't change things.
> 
> This is the Screen-Output when booting 2.4.20-ac2:
> ...
> Uniform Multi-Platform E-IDE driver Revision: 7.00beta-2.4
> ide: Assuming 33MHz system bus speed for PIO modes; override with idebus=xx
> SIS5513: IDE controller at PCI slot 00:02.5
> SIS5513: chipset revision 208
> SIS5513: not 100% native mode: will probe irqs later
> SiS735    ATA 100 controller
>     ide0: BM-DMA at 0xff00-0xff07, BIOS settings: hda:DMA, hdb:DMA
>     ide1: BM-DMA at 0xff08-0xff0f, BIOS settings: hdc:DMA, hdd:DMA
> SiI3112 Serial ATA: IDE controller at PCI slot 00:0b.0
> PCI: Found IRQ 5 for device 00:0b.0
> PCI: Sharing IRQ 5 with 00:11.0
> SiI3112 Serial ATA: chipset revision 1
> SiI3112 Serial ATA: not 100% native mode: will probe irqs later
>     ide2: MMIO-DMA at 0xe280ee00-0xe280ee07, BIOS settings: hde:pio, hdf:pio
>     ide3: MMIO-DMA at 0xe280ee08-0xe280ee0f, BIOS settings: hdg:pio, hdh:pio
> hdc: CREATIVECD-RW RW121032E, ATAPI CD/DVD-ROM drive
> hdd: CREATIVE CD5233E, ATAPI CD/DVD-ROM drive
> hde: IBM-DTLA-307030, ATA DISK drive
> hde: DMA disabled
> hdg: no response (status = 0xfe)
>     ide2 at 0xe280ee80-0xe280ee87, 0xe280ee8a on IRQ 5
> hde: host protected area => 1
> hde: 60036480 sectors (30739 MB) w/1916KiB Cache, CHS=3737/255/63, UDMA(100)
> ide-floppy driver 0.99.newide
> Partition check:
>  hda: hda1 hda2 hda3 hda4
> ide-floppy driver 0.99.newide
> md: md driver 0.90.0 MAX_MD_DEVS=256, MD_SB_DISKS=27
> md: Autodetecting RAID arrays.
> md: autorun ...
> md: ... autorun DONE.
> NET4: Linux TCP/IP 1.0 for NET4.0
> IP Protocols: ICMP, UDP, TCP, IGMP
> IP: routing cache hash table of 4096 buckets, 32Kbytes
> TCP: Hash tables configured (established 32768 bind 65536)
> Linux IP multicast router 0.06 plus PIM-SM
> NET4: Unix domain sockets 1.0/SMP for Linux NET4.0.
> kjournald starting.  Commit interval 5 seconds
> EXT3-fs: mounted filesystem with ordered data mode.
> VFS: Mounted root (ext3 filesystem) readonly.
> Freeing unused kernel memory: 132k freed
> 
> Output of scripts/ver_linux:
> 
> Linux jupiter 2.4.20-ac2 #2 Die Dez 17 21:08:28 EST 2002 i686 unknown
> 
> Gnu C                  2.96
> Gnu make               3.79.1
> util-linux             2.11n
> mount                  2.11n
> modutils               2.4.18
> e2fsprogs              1.27
> reiserfsprogs          3.x.0j
> Linux C Library        2.2.5
> Dynamic linker (ldd)   2.2.5
> Procps                 2.0.7
> Net-tools              1.60
> Console-tools          0.3.3
> Sh-utils               2.0.11
> Modules Loaded         sr_mod emu10k1 ac97_codec sound soundcore agpgart 
> nvidia natsemi ide-scsi scsi_mod ide-cd cdrom
> 
> cat /proc/pci ( with HDD on oboard IDE) :
> PCI devices found:
>   Bus  0, device   0, function  0:
>     Host bridge: Silicon Integrated Systems [SiS] 735 Host (rev 1).
>       Master Capable.  Latency=32.
>       Non-prefetchable 32 bit memory at 0xd0000000 [0xd3ffffff].
>   Bus  0, device   1, function  0:
>     PCI bridge: Silicon Integrated Systems [SiS] 5591/5592 AGP (rev 0).
>       Master Capable.  Latency=64.  Min Gnt=10.
>   Bus  0, device   2, function  0:
>     ISA bridge: Silicon Integrated Systems [SiS] 85C503/5513 (rev 0).
>   Bus  0, device   2, function  5:
>     IDE interface: Silicon Integrated Systems [SiS] 5513 [IDE] (rev 208).
>       Master Capable.  Latency=128.
>       I/O at 0xff00 [0xff0f].
>   Bus  0, device  11, function  0:
>     Unknown mass storage controller: PCI device 1095:3112 (CMD Technology Inc) 
> (rev 1).
>       IRQ 5.
>       Master Capable.  Latency=64.
>       I/O at 0xd800 [0xd807].
>       I/O at 0xd400 [0xd403].
>       I/O at 0xd000 [0xd007].
>       I/O at 0xcc00 [0xcc03].
>       I/O at 0xc800 [0xc80f].
>       Non-prefetchable 32 bit memory at 0xcffffe00 [0xcfffffff].
>   Bus  0, device  15, function  0:
>     Ethernet controller: National Semiconductor Corporation DP83815 
> (MacPhyter) Ethernet Controller (rev 0).
>       IRQ 10.
>       Master Capable.  Latency=64.  Min Gnt=11.Max Lat=52.
>       I/O at 0xc400 [0xc4ff].
>       Non-prefetchable 32 bit memory at 0xcfffe000 [0xcfffefff].
>   Bus  0, device  17, function  0:
>     Multimedia audio controller: Creative Labs SB Live! EMU10k1 (rev 8).
>       IRQ 5.
>       Master Capable.  Latency=64.  Min Gnt=2.Max Lat=20.
>       I/O at 0xc000 [0xc01f].
>   Bus  0, device  17, function  1:
>     Input device controller: Creative Labs SB Live! MIDI/Game Port (rev 8).
>       Master Capable.  Latency=64.
>       I/O at 0xdc00 [0xdc07].
>   Bus  1, device   0, function  0:
>     VGA compatible controller: nVidia Corporation NV11 [GeForce2 MX] (rev 
> 161).
>       IRQ 11.
>       Master Capable.  Latency=248.  Min Gnt=5.Max Lat=1.
>       Non-prefetchable 32 bit memory at 0xce000000 [0xceffffff].
>       Prefetchable 32 bit memory at 0xc0000000 [0xc7ffffff].
> 
> Hope you can make use of this
> 
> best regards,
> 
> Markus Wagner
> 
> -
> To unsubscribe from this list: send the line "unsubscribe linux-kernel" in
> the body of a message to majordomo@vger.kernel.org
> More majordomo info at  
http://vger.kernel.org/majordomo-info.html
> Please read the FAQ at  
http://www.tux.org/lkml/
> 
Andre Hedrick
LAD Storage Consulting Group
Linux version 2.4.18-3bigmem (root@autobuild.linux-ide.org) (gcc version 2.96 20000731 (Red Hat Linux 7.3 2.96-110)) #1 SMP Thu Nov 21 15:01:39 PST 2002
BIOS-provided physical RAM map:
 BIOS-e820: 0000000000000000 - 000000000009f000 (usable)
 BIOS-e820: 000000000009f000 - 00000000000a0000 (reserved)
 BIOS-e820: 00000000000e4800 - 0000000000100000 (reserved)
 BIOS-e820: 0000000000100000 - 0000000010000000 (usable)
 BIOS-e820: 00000000fec00000 - 00000000fec10000 (reserved)
 BIOS-e820: 00000000fee00000 - 00000000fee01000 (reserved)
 BIOS-e820: 00000000fff80000 - 0000000100000000 (reserved)
found SMP MP-table at 000f74d0
hm, page 000f7000 reserved twice.
hm, page 000f8000 reserved twice.
hm, page 0009f000 reserved twice.
hm, page 000a0000 reserved twice.
On node 0 totalpages: 65536
zone(0): 4096 pages.
zone(1): 61440 pages.
zone(2): 0 pages.
Intel MultiProcessor Specification v1.4
    Virtual Wire compatibility mode.
OEM ID: TYAN     Product ID: GUINNESS     APIC at: 0xFEE00000
Processor #1 Pentium(tm) Pro APIC version 16
Processor #0 Pentium(tm) Pro APIC version 16
I/O APIC #2 Version 17 at 0xFEC00000.
Processors: 2
Kernel command line: auto BOOT_IMAGE=linux ro root=900 BOOT_FILE=/boot/vmlinuz-2.4.18-3bigmem ide=reverse
ide_setup: ide=reverse : Enabled support for IDE inverse scan order.
Initializing CPU#0
Detected 997.478 MHz processor.
Console: colour VGA+ 80x25
Calibrating delay loop... 1992.29 BogoMIPS
Memory: 254708k/262144k available (1248k kernel code, 7048k reserved, 861k data, 312k init, 0k highmem)
Dentry cache hash table entries: 32768 (order: 6, 262144 bytes)
Inode cache hash table entries: 16384 (order: 5, 131072 bytes)
Mount-cache hash table entries: 4096 (order: 3, 32768 bytes)
Buffer cache hash table entries: 16384 (order: 4, 65536 bytes)
Page-cache hash table entries: 65536 (order: 6, 262144 bytes)
CPU: Before vendor init, caps: 0183fbff c1c7fbff 00000000, vendor = 2
CPU: L1 I Cache: 64K (64 bytes/line), D cache 64K (64 bytes/line)
CPU: L2 Cache: 256K (64 bytes/line)
CPU: After vendor init, caps: 0183fbff c1c7fbff 00000000 00000000
Intel machine check architecture supported.
Intel machine check reporting enabled on CPU#0.
CPU:     After generic, caps: 0183fbff c1c7fbff 00000000 00000000
CPU:             Common caps: 0183fbff c1c7fbff 00000000 00000000
Enabling fast FPU save and restore... done.
Checking 'hlt' instruction... OK.
POSIX conformance testing by UNIFIX
mtrr: v1.40 (20010327) Richard Gooch (rgooch@atnf.csiro.au)
mtrr: detected mtrr type: Intel
CPU: Before vendor init, caps: 0183fbff c1c7fbff 00000000, vendor = 2
CPU: L1 I Cache: 64K (64 bytes/line), D cache 64K (64 bytes/line)
CPU: L2 Cache: 256K (64 bytes/line)
CPU: After vendor init, caps: 0183fbff c1c7fbff 00000000 00000000
Intel machine check reporting enabled on CPU#0.
CPU:     After generic, caps: 0183fbff c1c7fbff 00000000 00000000
CPU:             Common caps: 0183fbff c1c7fbff 00000000 00000000
CPU0: AMD Athlon(tm) Processor stepping 02
per-CPU timeslice cutoff: 731.70 usecs.
task migration cache decay timeout: 10 msecs.
enabled ExtINT on CPU#0
ESR value before enabling vector: 00000000
ESR value after enabling vector: 00000000
Booting processor 1/0 eip 2000
Initializing CPU#1
masked ExtINT on CPU#1
ESR value before enabling vector: 00000000
ESR value after enabling vector: 00000000
Calibrating delay loop... 1992.29 BogoMIPS
CPU: Before vendor init, caps: 0183fbff c1c7fbff 00000000, vendor = 2
CPU: L1 I Cache: 64K (64 bytes/line), D cache 64K (64 bytes/line)
CPU: L2 Cache: 256K (64 bytes/line)
CPU: After vendor init, caps: 0183fbff c1c7fbff 00000000 00000000
Intel machine check reporting enabled on CPU#1.
CPU:     After generic, caps: 0183fbff c1c7fbff 00000000 00000000
CPU:             Common caps: 0183fbff c1c7fbff 00000000 00000000
CPU1: AMD Athlon(tm) Processor stepping 02
Total of 2 processors activated (3984.58 BogoMIPS).
ENABLING IO-APIC IRQs
Setting 2 in the phys_id_present_map
...changing IO-APIC physical APIC ID to 2 ... ok.
init IO_APIC IRQs
 IO-APIC (apicid-pin) 2-0, 2-16, 2-17, 2-18, 2-19, 2-20, 2-21, 2-22, 2-23 not connected.
..TIMER: vector=0x31 pin1=2 pin2=0
number of MP IRQ sources: 16.
number of IO-APIC #2 registers: 24.
testing the IO APIC.......................
IO APIC #2......
.... register #00: 02000000
.......    : physical APIC id: 02
.... register #01: 00170011
.......     : max redirection entries: 0017
.......     : PRQ implemented: 0
.......     : IO APIC version: 0011
.... register #02: 00000000
.......     : arbitration: 00
.... IRQ redirection table:
 NR Log Phy Mask Trig IRR Pol Stat Dest Deli Vect:   
 00 000 00  1    0    0   0   0    0    0    00
 01 003 03  0    0    0   0   0    1    1    39
 02 003 03  0    0    0   0   0    1    1    31
 03 003 03  1    1    0   1   0    1    1    41
 04 003 03  0    0    0   0   0    1    1    49
 05 003 03  1    1    0   1   0    1    1    51
 06 003 03  0    0    0   0   0    1    1    59
 07 003 03  0    0    0   0   0    1    1    61
 08 003 03  0    0    0   0   0    1    1    69
 09 003 03  0    0    0   0   0    1    1    71
 0a 003 03  1    1    0   1   0    1    1    79
 0b 003 03  1    1    0   1   0    1    1    81
 0c 003 03  0    0    0   0   0    1    1    89
 0d 003 03  0    0    0   0   0    1    1    91
 0e 003 03  0    0    0   0   0    1    1    99
 0f 003 03  0    0    0   0   0    1    1    A1
 10 000 00  1    0    0   0   0    0    0    00
 11 000 00  1    0    0   0   0    0    0    00
 12 000 00  1    0    0   0   0    0    0    00
 13 000 00  1    0    0   0   0    0    0    00
 14 000 00  1    0    0   0   0    0    0    00
 15 000 00  1    0    0   0   0    0    0    00
 16 000 00  1    0    0   0   0    0    0    00
 17 000 00  1    0    0   0   0    0    0    00
IRQ to pin mappings:
IRQ0 -> 0:2
IRQ1 -> 0:1
IRQ3 -> 0:3
IRQ4 -> 0:4
IRQ5 -> 0:5
IRQ6 -> 0:6
IRQ7 -> 0:7
IRQ8 -> 0:8
IRQ9 -> 0:9
IRQ10 -> 0:10
IRQ11 -> 0:11
IRQ12 -> 0:12
IRQ13 -> 0:13
IRQ14 -> 0:14
IRQ15 -> 0:15
.................................... done.
Using local APIC timer interrupts.
calibrating APIC timer ...
..... CPU clock speed is 997.4591 MHz.
..... host bus clock speed is 265.9891 MHz.
cpu: 0, clocks: 2659891, slice: 886630
CPU0<T0:2659888,T1:1773248,D:10,S:886630,C:2659891>
cpu: 1, clocks: 2659891, slice: 886630
CPU1<T0:2659888,T1:886624,D:4,S:886630,C:2659891>
checking TSC synchronization across CPUs: passed.
mtrr: your CPUs had inconsistent fixed MTRR settings
mtrr: probably your BIOS does not setup all CPUs
PCI: PCI BIOS revision 2.10 entry at 0xfd7c0, last bus=1
PCI: Using configuration type 1
PCI: Probing PCI hardware
Unknown bridge resource 0: assuming transparent
Unknown bridge resource 1: assuming transparent
Unknown bridge resource 2: assuming transparent
BIOS failed to enable PCI standards compliance, fixing this error.
I/O APIC: AMD Errata #22 may be present. In the event of instability try
        : booting with the "noapic" option.
isapnp: Scanning for PnP cards...
isapnp: No Plug & Play device found
Linux NET4.0 for Linux 2.4
Based upon Swansea University Computer Society NET3.039
Initializing RT netlink socket
apm: BIOS not found.
Starting kswapd
VFS: Diskquotas version dquot_6.5.0 initialized
pty: 2048 Unix98 ptys configured
Serial driver version 5.05c (2001-07-08) with MANY_PORTS MULTIPORT SHARE_IRQ SERIAL_PCI ISAPNP enabled
ttyS00 at 0x03f8 (irq = 4) is a 16550A
Real Time Clock Driver v1.10e
block: 480 slots per queue, batch=120
Uniform Multi-Platform E-IDE driver Revision: 6.31
ide: Assuming 33MHz system bus speed for PIO modes; override with idebus=xx
SiI3112: IDE controller on PCI bus 00 dev 50
SiI3112: chipset revision 1
SiI3112: not 100% native mode: will probe irqs later
SiI3112: BASE CLOCK == 100 
    ide0: MMIO-DMA at 0xd080d000-0xd080d007, BIOS settings: hda:DMA, hdb:pio
    ide1: MMIO-DMA at 0xd080d008-0xd080d00f, BIOS settings: hdc:DMA, hdd:pio
AMD7411: IDE controller on PCI bus 00 dev 39
AMD7411: chipset revision 1
AMD7411: not 100% native mode: will probe irqs later
    ide2: BM-DMA at 0xf000-0xf007, BIOS settings: hde:DMA, hdf:pio
    ide3: BM-DMA at 0xf008-0xf00f, BIOS settings: hdg:pio, hdh:pio
hda: ST320011A, ATA DISK drive
blk: queue c03efc24, I/O limit 4095Mb (mask 0xffffffff)
hdc: ST320011A, ATA DISK drive
blk: queue c03f0008, I/O limit 4095Mb (mask 0xffffffff)
hde: Maxtor 54610H6, ATA DISK drive
hdg: CD-ROM CDU611, ATAPI CD/DVD-ROM drive
ide0 at 0xd080d080-0xd080d087,0xd080d08a on irq 3
ide1 at 0xd080d0c0-0xd080d0c7,0xd080d0ca on irq 3
ide2 at 0x1f0-0x1f7,0x3f6 on irq 14
ide3 at 0x170-0x177,0x376 on irq 15
hda: 39102336 sectors (20020 MB) w/2048KiB Cache, CHS=38792/16/63, UDMA(100)
hdc: 39102336 sectors (20020 MB) w/2048KiB Cache, CHS=38792/16/63, UDMA(100)
hde: 90045648 sectors (46103 MB) w/2048KiB Cache, CHS=5605/255/63, UDMA(100)
ide-floppy driver 0.99.newide
Partition check:
 hda: [PTBL] [2434/255/63] hda1
 hdc: hdc1
 hde: hde1 hde2 hde3 hde4 < hde5 hde6 hde7 >
Floppy drive(s): fd0 is 1.44M
FDC 0 is a post-1991 82077
RAMDISK driver initialized: 16 RAM disks of 4096K size 1024 blocksize
ide-floppy driver 0.99.newide
md: md driver 0.90.0 MAX_MD_DEVS=256, MD_SB_DISKS=27
md: Autodetecting RAID arrays.
 [events: 00000004]
 [events: 00000004]
md: autorun ...
md: considering hdc1 ...
md:  adding hdc1 ...
md:  adding hda1 ...
md: created md0
md: bind<hda1,1>
md: bind<hdc1,2>
md: running: <hdc1><hda1>
md: hdc1's event counter: 00000004
md: hda1's event counter: 00000004
md: md0: raid array is not clean -- starting background reconstruction
md: RAID level 1 does not need chunksize! Continuing anyway.
kmod: failed to exec /sbin/modprobe -s -k md-personality-3, errno = 2
md: personality 3 is not loaded!
md :do_md_run() returned -22
md: md0 stopped.
md: unbind<hdc1,1>
md: export_rdev(hdc1)
md: unbind<hda1,0>
md: export_rdev(hda1)
md: ... autorun DONE.
pci_hotplug: PCI Hot Plug PCI Core version: 0.4
NET4: Linux TCP/IP 1.0 for NET4.0
IP Protocols: ICMP, UDP, TCP, IGMP
IP: routing cache hash table of 2048 buckets, 16Kbytes
TCP: Hash tables configured (established 16384 bind 16384)
Linux IP multicast router 0.06 plus PIM-SM
NET4: Unix domain sockets 1.0/SMP for Linux NET4.0.
RAMDISK: Compressed image found at block 0
Freeing initrd memory: 253k freed
VFS: Mounted root (ext2 filesystem).
SCSI subsystem driver Revision: 1.00
kmod: failed to exec /sbin/modprobe -s -k scsi_hostadapter, errno = 2
scsi0 : Adaptec AIC7XXX EISA/VLB/PCI SCSI HBA DRIVER, Rev 6.2.5
        <Adaptec aic7899 Ultra160 SCSI adapter>
        aic7899: Ultra160 Wide Channel A, SCSI Id=7, 32/253 SCBs
scsi1 : Adaptec AIC7XXX EISA/VLB/PCI SCSI HBA DRIVER, Rev 6.2.5
        <Adaptec aic7899 Ultra160 SCSI adapter>
        aic7899: Ultra160 Wide Channel B, SCSI Id=7, 32/253 SCBs
  Vendor: QUANTUM   Model: VIKING 4.5 WSE    Rev: 880R
  Type:   Direct-Access                      ANSI SCSI revision: 02
  Vendor: QUANTUM   Model: VIKING II 4.5WLS  Rev: 5552
  Type:   Direct-Access                      ANSI SCSI revision: 02
scsi0:A:1:0: Tagged Queuing enabled.  Depth 253
scsi0:A:2:0: Tagged Queuing enabled.  Depth 253
Attached scsi disk sda at scsi0, channel 0, id 1, lun 0
Attached scsi disk sdb at scsi0, channel 0, id 2, lun 0
(scsi0:A:1): 40.000MB/s transfers (20.000MHz, offset 31, 16bit)
SCSI device sda: 8899737 512-byte hdwr sectors (4557 MB)
 sda: sda1
(scsi0:A:2): 40.000MB/s transfers (20.000MHz, offset 31, 16bit)
SCSI device sdb: 8910423 512-byte hdwr sectors (4562 MB)
 sdb: sdb1
md: raid1 personality registered as nr 3
Journalled Block Device driver loaded
md: Autodetecting RAID arrays.
 [events: 00000004]
 [events: 00000004]
md: autorun ...
md: considering hda1 ...
md:  adding hda1 ...
md:  adding hdc1 ...
md: created md0
md: bind<hdc1,1>
md: bind<hda1,2>
md: running: <hda1><hdc1>
md: hda1's event counter: 00000004
md: hdc1's event counter: 00000004
md: md0: raid array is not clean -- starting background reconstruction
md: RAID level 1 does not need chunksize! Continuing anyway.
md0: max total readahead window set to 508k
md0: 1 data-disks, max readahead per data-disk: 508k
raid1: device hda1 operational as mirror 0
raid1: device hdc1 operational as mirror 1
raid1: raid set md0 not clean; reconstructing mirrors
raid1: raid set md0 active with 2 out of 2 mirrors
md: updating md0 RAID superblock on device
md: hda1 [events: 00000005]<6>(write) hda1's sb offset: 19550976
md: syncing RAID array md0
md: minimum _guaranteed_ reconstruction speed: 100 KB/sec/disc.
md: using maximum available idle IO bandwith (but not more than 100000 KB/sec) for reconstruction.
md: using 508k window, over a total of 19550976 blocks.
md: hdc1 [events: 00000005]<6>(write) hdc1's sb offset: 19551040
md: ... autorun DONE.
kjournald starting.  Commit interval 5 seconds
EXT3-fs: mounted filesystem with ordered data mode.
Freeing unused kernel memory: 312k freed
usb.c: registered new driver usbdevfs
usb.c: registered new driver hub
usb-ohci.c: USB OHCI at membase 0xc00dc000, IRQ 11
usb-ohci.c: usb-00:07.4, Advanced Micro Devices [AMD] AMD-765 [Viper] USB
usb.c: new USB bus registered, assigned bus number 1
hub.c: USB hub found
hub.c: 4 ports detected
EXT3 FS 2.4-0.9.17, 10 Jan 2002 on md(9,0), internal journal
ide-floppy driver 0.99.newide
hdg: ATAPI 10X CD-ROM drive, 256kB Cache
Uniform CD-ROM driver Revision: 3.12
hdg: DMA disabled
parport0: PC-style at 0x378 [PCSPP]
ip_conntrack (2048 buckets, 16384 max)
eepro100.c:v1.09j-t 9/29/99 Donald Becker 
http://www.scyld.com/network/eepro100.html
eepro100.c: $Revision: 1.36 $ 2000/11/17 Modified by Andrey V. Savochkin <saw@saw.sw.com.sg> and others
eth0: OEM i82557/i82558 10/100 Ethernet, 00:90:27:E5:8D:BB, IRQ 5.
  Board assembly 727095-004, Physical connectors present: RJ45
  Primary interface chip i82555 PHY #1.
  General self-test: passed.
  Serial sub-system self-test: passed.
  Internal registers self-test: passed.
  ROM checksum self-test: passed (0x04f4518b).
Intel(R) PRO/1000 Network Driver - version 4.1.7
Copyright (c) 1999-2002 Intel Corporation.
Compaq Gigabit Ethernet Server Adapter
eth1:  Mem:0xf4020000  IRQ:10  Speed:1000 Mbps  Duplex:Full
eth0: 0 multicast blocks dropped.
eth0: 0 multicast blocks dropped.
ISO 9660 Extensions: Microsoft Joliet Level 3
ISO 9660 Extensions: RRIP_1991A
ISO 9660 Extensions: Microsoft Joliet Level 3
ISO 9660 Extensions: RRIP_1991A