Date: Fri, 07 Dec 2007 10:25:23 +0100
From: Martin MOKREJÅ  <>
Subject: 2.6.23.8: OOM killer kills wrong jobs
Sender: linux-kernel-owner@vger.kernel.org
Precedence: bulk
List-ID: <linux-kernel.vger.kernel.org>
X-Mailing-List: linux-kernel@vger.kernel.org
X-Lkml-Link: https://lkml.org/lkml/2007/12/7/58

Hi,
  first of all, sorry for not being up to date with how the OOM killer
works. I think there used to be a kernel config option to disable
OOM killer and instead kill the process which actually asks for the
memory and supposedly caused the memory lack. That is what I would
like to have on my system. I a have a 1GB RAM laptop and use t-coffee
software from 
http://www.tcoffee.org/Projects_home_page/t_coffee_home_page.html
to do some science. ;) 
# grep Killed /tmp/dmesg.killed.txt 
Killed process 5733 (seamonkey-bin)
Killed process 10011 (t_coffee)
Killed process 5647 (FvwmPager)
Killed process 5659 (xterm)
#
Killing just t_coffee would have been enough.
$ perl -e 'print ">one\n"; print "ATGCCGTAAATGCATG"x100000; print "\n>two"; print "GGGGCCCCAT"x1000; print "\n"' > testcase.txt 
$ t_coffee testcase.txt
... [you should run out of memory soon]
So, how can I change the behaviour or kernel?
Please Cc: me in replies. Thanks.
Martin
Linux version 2.6.23.8 (root@vrapenec) (gcc version 4.2.2 (Gentoo 4.2.2 p1.0)) #1 Fri Nov 16 23:45:21 MET 2007
BIOS-provided physical RAM map:
 BIOS-e820: 0000000000000000 - 000000000009fc00 (usable)
 BIOS-e820: 000000000009fc00 - 00000000000a0000 (reserved)
 BIOS-e820: 00000000000f0000 - 0000000000100000 (reserved)
 BIOS-e820: 0000000000100000 - 000000003fff9000 (usable)
 BIOS-e820: 000000003fff9000 - 000000003ffff000 (ACPI data)
 BIOS-e820: 000000003ffff000 - 0000000040000000 (ACPI NVS)
 BIOS-e820: 00000000ffff0000 - 0000000100000000 (reserved)
127MB HIGHMEM available.
896MB LOWMEM available.
Entering add_active_range(0, 0, 262137) 0 entries of 256 used
Zone PFN ranges:
  DMA             0 ->     4096
  Normal       4096 ->   229376
  HighMem    229376 ->   262137
Movable zone start PFN for each node
early_node_map[1] active PFN ranges
    0:        0 ->   262137
On node 0 totalpages: 262137
  DMA zone: 32 pages used for memmap
  DMA zone: 0 pages reserved
  DMA zone: 4064 pages, LIFO batch:0
  Normal zone: 1760 pages used for memmap
  Normal zone: 223520 pages, LIFO batch:31
  HighMem zone: 255 pages used for memmap
  HighMem zone: 32506 pages, LIFO batch:7
  Movable zone: 0 pages used for memmap
DMI 2.3 present.
ACPI: RSDP 000F6890, 0014 (r0 ASUS  )
ACPI: RSDT 3FFF9000, 002C (r1 ASUS   P4_L3CS  42302E31 MSFT 31313031)
ACPI: FACP 3FFF9080, 0074 (r1 ASUS   P4_L3CS  42302E31 MSFT 31313031)
ACPI: DSDT 3FFF9100, 52E9 (r1   ASUS P4_L3CS      1000 MSFT  100000D)
ACPI: FACS 3FFFF000, 0040
ACPI: BOOT 3FFF9040, 0028 (r1 ASUS   P4_L3CS  42302E31 MSFT 31313031)
ACPI: PM-Timer IO Port: 0xe408
Allocating PCI resources starting at 50000000 (gap: 40000000:bfff0000)
swsusp: Registered nosave memory region: 000000000009f000 - 00000000000a0000
swsusp: Registered nosave memory region: 00000000000a0000 - 00000000000f0000
swsusp: Registered nosave memory region: 00000000000f0000 - 0000000000100000
Built 1 zonelists in Zone order.  Total pages: 260090
Kernel command line: udev root=/dev/hda3 idebus=66 ide0=dma ide2=dma ide0=ata66 ide1=ata66 pci=assign-busses apic=verbose console=ttyS0,57600n8 console=tty0
ide_setup: idebus=66
ide_setup: ide0=dma -- OBSOLETE OPTION, WILL BE REMOVED SOON!
ide_setup: ide2=dma -- OBSOLETE OPTION, WILL BE REMOVED SOON!
ide_setup: ide0=ata66 -- OBSOLETE OPTION, WILL BE REMOVED SOON!
ide_setup: ide1=ata66 -- OBSOLETE OPTION, WILL BE REMOVED SOON!
Local APIC disabled by BIOS -- you can enable it with "lapic"
mapped APIC to ffffb000 (01cbc000)
Enabling fast FPU save and restore... done.
Enabling unmasked SIMD FPU exception support... done.
Initializing CPU#0
PID hash table entries: 4096 (order: 12, 16384 bytes)
Detected 1800.189 MHz processor.
Console: colour VGA+ 80x25
console [tty0] enabled
console [ttyS0] enabled
Dentry cache hash table entries: 131072 (order: 7, 524288 bytes)
Inode-cache hash table entries: 65536 (order: 6, 262144 bytes)
Memory: 1017660k/1048548k available (2790k kernel code, 30212k reserved, 1424k data, 192k init, 131044k highmem)
virtual kernel memory layout:
    fixmap  : 0xfffa8000 - 0xfffff000   ( 348 kB)
    pkmap   : 0xff800000 - 0xffc00000   (4096 kB)
    vmalloc : 0xf8800000 - 0xff7fe000   ( 111 MB)
    lowmem  : 0xc0000000 - 0xf8000000   ( 896 MB)
      .init : 0xc1420000 - 0xc1450000   ( 192 kB)
      .data : 0xc12b9ac4 - 0xc141dc88   (1424 kB)
      .text : 0xc1000000 - 0xc12b9ac4   (2790 kB)
Checking if this processor honours the WP bit even in supervisor mode... Ok.
Calibrating delay using timer specific routine.. 3601.93 BogoMIPS (lpj=1800969)
Mount-cache hash table entries: 512
CPU: After generic identify, caps: bfebf9ff 00000000 00000000 00000000 00000000 00000000 00000000 00000000
CPU: Trace cache: 12K uops, L1 D cache: 8K
CPU: L2 cache: 512K
CPU: After all inits, caps: bfebf9ff 00000000 00000000 0000b080 00000000 00000000 00000000 00000000
Intel machine check architecture supported.
Intel machine check reporting enabled on CPU#0.
CPU0: Intel P4/Xeon Extended MCE MSRs (12) available
Compat vDSO mapped to ffffe000.
CPU: Intel Mobile Intel(R) Pentium(R) 4 - M CPU 1.80GHz stepping 07
Checking 'hlt' instruction... OK.
ACPI: Core revision 20070126
ACPI: setting ELCR to 0200 (from 0a28)
NET: Registered protocol family 16
ACPI: bus type pci registered
spurious 8259A interrupt: IRQ7.
PCI: PCI BIOS revision 2.10 entry at 0xf0e40, last bus=2
PCI: Using configuration type 1
Setting up standard PCI resources
ACPI: EC: Look up EC in DSDT
ACPI: EC: GPE = 0x1c, I/O: command/status = 0x66, data = 0x62
ACPI: Interpreter enabled
ACPI: (supports S0 S1 S3 S4 S5)
ACPI: Using PIC for interrupt routing
ACPI: EC: GPE = 0x1c, I/O: command/status = 0x66, data = 0x62
ACPI: PCI Root Bridge [PCI0] (0000:00)
PCI: Enabled i801 SMBus device
PCI quirk: region e400-e47f claimed by ICH4 ACPI/GPIO/TCO
PCI quirk: region ec00-ec3f claimed by ICH4 GPIO
PCI: Transparent bridge - 0000:00:1e.0
ACPI: PCI Interrupt Routing Table [\_SB_.PCI0._PRT]
ACPI: PCI Interrupt Routing Table [\_SB_.PCI0.PCI1._PRT]
ACPI: PCI Interrupt Routing Table [\_SB_.PCI0.PCI2._PRT]
ACPI: PCI Interrupt Link [LNKA] (IRQs *5)
ACPI: PCI Interrupt Link [LNKB] (IRQs 7 *11)
ACPI: PCI Interrupt Link [LNKC] (IRQs *3 11)
ACPI: PCI Interrupt Link [LNKD] (IRQs 5 7 11) *9
ACPI: PCI Interrupt Link [LNKE] (IRQs 3 4 5 6 7 10 11 12 14 15) *0, disabled.
ACPI: PCI Interrupt Link [LNKF] (IRQs 3 4 5 6 7 10 11 12 14 15) *0, disabled.
ACPI: PCI Interrupt Link [LNKG] (IRQs 3 4 5 6 7 10 11 12 14 15) *0, disabled.
ACPI: PCI Interrupt Link [LNKH] (IRQs 3 4 5 6 7 10 11 12 14 15) *0, disabled.
ACPI: Power Resource [PRCF] (off)
Linux Plug and Play Support v0.97 (c) Adam Belay
pnp: PnP ACPI init
ACPI: bus type pnp registered
pnp: PnP ACPI: found 15 devices
ACPI: ACPI bus type pnp unregistered
SCSI subsystem initialized
usbcore: registered new interface driver usbfs
usbcore: registered new interface driver hub
usbcore: registered new device driver usb
PCI: Using ACPI for IRQ routing
PCI: If a device doesn't work, try "pci=routeirq".  If it helps, post a report
Time: tsc clocksource has been installed.
pnp: 00:00: iomem range 0x0-0x9ffff could not be reserved
pnp: 00:00: iomem range 0xf0000-0xfffff could not be reserved
pnp: 00:00: iomem range 0x100000-0x3fffffff could not be reserved
pnp: 00:02: ioport range 0xe400-0xe47f has been reserved
pnp: 00:02: ioport range 0xe800-0xe81f has been reserved
pnp: 00:02: ioport range 0xec00-0xec3f has been reserved
pnp: 00:02: ioport range 0x40b-0x40b has been reserved
pnp: 00:02: ioport range 0x480-0x48f has been reserved
pnp: 00:02: ioport range 0x4d6-0x4d6 has been reserved
pnp: 00:03: iomem range 0xffa00000-0xffbfffff has been reserved
pnp: 00:03: iomem range 0xffe00000-0xffffffff could not be reserved
pnp: 00:0e: ioport range 0x610-0x62f has been reserved
PCI: Bridge: 0000:00:01.0
  IO window: d000-dfff
  MEM window: d7000000-d7efffff
  PREFETCH window: d7f00000-dfffffff
PCI: Bus 3, cardbus bridge: 0000:02:07.0
  IO window: 0000a000-0000a0ff
  IO window: 0000a400-0000a4ff
  PREFETCH window: 50000000-53ffffff
  MEM window: 58000000-5bffffff
PCI: Bus 7, cardbus bridge: 0000:02:07.1
  IO window: 0000ac00-0000acff
  IO window: 00001000-000010ff
  PREFETCH window: 54000000-57ffffff
  MEM window: 5c000000-5fffffff
PCI: Bridge: 0000:00:1e.0
  IO window: a000-afff
  MEM window: d6000000-d6ffffff
  PREFETCH window: 50000000-57ffffff
PCI: Setting latency timer of device 0000:00:01.0 to 64
PCI: Setting latency timer of device 0000:00:1e.0 to 64
ACPI: PCI Interrupt Link [LNKA] enabled at IRQ 5
PCI: setting IRQ 5 as level-triggered
ACPI: PCI Interrupt 0000:02:07.0[A] -> Link [LNKA] -> GSI 5 (level, low) -> IRQ 5
PCI: Enabling device 0000:02:07.1 (0000 -> 0003)
ACPI: PCI Interrupt Link [LNKB] enabled at IRQ 11
PCI: setting IRQ 11 as level-triggered
ACPI: PCI Interrupt 0000:02:07.1[B] -> Link [LNKB] -> GSI 11 (level, low) -> IRQ 11
NET: Registered protocol family 2
IP route cache hash table entries: 32768 (order: 5, 131072 bytes)
TCP established hash table entries: 131072 (order: 8, 1048576 bytes)
TCP bind hash table entries: 65536 (order: 6, 262144 bytes)
TCP: Hash tables configured (established 131072 bind 65536)
TCP reno registered
Simple Boot Flag at 0x3a set to 0x1
Machine check exception polling timer started.
IA-32 Microcode Update Driver: v1.14a <tigran@aivazian.fsnet.co.uk>
highmem bounce pool size: 64 pages
DLM (built Nov 16 2007 23:33:00) installed
io scheduler noop registered
io scheduler anticipatory registered (default)
io scheduler deadline registered
io scheduler cfq registered
Boot video device is 0000:01:00.0
ACPI: PCI Interrupt 0000:01:00.0[A] -> Link [LNKA] -> GSI 5 (level, low) -> IRQ 5
radeonfb: Retrieved PLL infos from BIOS
radeonfb: Reference=27.00 MHz (RefDiv=12) Memory=230.00 Mhz, System=183.00 MHz
radeonfb: PLL min 12000 max 35000
i2c-adapter i2c-1: unable to read EDID block.
i2c-adapter i2c-1: unable to read EDID block.
i2c-adapter i2c-1: unable to read EDID block.
i2c-adapter i2c-3: unable to read EDID block.
i2c-adapter i2c-3: unable to read EDID block.
i2c-adapter i2c-3: unable to read EDID block.
Non-DDC laptop panel detected
i2c-adapter i2c-2: unable to read EDID block.
i2c-adapter i2c-2: unable to read EDID block.
i2c-adapter i2c-2: unable to read EDID block.
i2c-adapter i2c-3: unable to read EDID block.
i2c-adapter i2c-3: unable to read EDID block.
i2c-adapter i2c-3: unable to read EDID block.
radeonfb: Monitor 1 type LCD found
radeonfb: Monitor 2 type no found
radeonfb: panel ID string: Samsung LTN150P1-L02    
radeonfb: detected LVDS panel size from BIOS: 1400x1050
radeondb: BIOS provided dividers will be used
radeonfb: Dynamic Clock Power Management enabled
Console: switching to colour frame buffer device 175x65
radeonfb (0000:01:00.0): ATI Radeon LW 
ACPI: AC Adapter [ACAD] (on-line)
ACPI: Battery Slot [BAT0] (battery absent)
input: Power Button (FF) as /devices/virtual/input/input0
ACPI: Power Button (FF) [PWRF]
input: Sleep Button (CM) as /devices/virtual/input/input1
ACPI: Sleep Button (CM) [SLPB]
input: Lid Switch as /devices/virtual/input/input2
ACPI: Lid Switch [LIDD]
ACPI: Transitioning device [CFAN] to D3
ACPI: Transitioning device [CFAN] to D3
ACPI: Fan [CFAN] (off)
ACPI: CPU0 (power states: C1[C1] C2[C2])
ACPI: Processor [CPU0] (supports 8 throttling states)
Marking TSC unstable due to: possible TSC halt in C2.
Time: acpi_pm clocksource has been installed.
ACPI: Thermal Zone [THRM] (37 C)
Asus Laptop ACPI Extras version 0.30
  L3C model detected, supported
lp: driver loaded but no devices found
Real Time Clock Driver v1.12ac
Non-volatile memory driver v1.2
Hangcheck: starting hangcheck timer 0.9.0 (tick is 180 seconds, margin is 60 seconds).
Hangcheck: Using get_cycles().
Serial: 8250/16550 driver $Revision: 1.90 $ 4 ports, IRQ sharing enabled
serial8250: ttyS0 at I/O 0x3f8 (irq = 4) is a 16550A
00:0b: ttyS0 at I/O 0x3f8 (irq = 4) is a 16550A
ACPI: PCI Interrupt 0000:00:1f.6[B] -> Link [LNKB] -> GSI 11 (level, low) -> IRQ 11
ACPI: PCI interrupt for device 0000:00:1f.6 disabled
parport_pc 00:0a: reported by Plug and Play ACPI
parport0: PC-style at 0x378 (0x778), irq 7, dma 3 [PCSPP,TRISTATE,COMPAT,EPP,ECP,DMA]
lp0: using parport0 (interrupt-driven).
Floppy drive(s): fd0 is 1.44M
FDC 0 is a National Semiconductor PC87306
loop: module loaded
tun: Universal TUN/TAP device driver, 1.6
tun: (C) 1999-2004 Max Krasnyansky <maxk@qualcomm.com>
Linux video capture interface: v2.00
Uniform Multi-Platform E-IDE driver Revision: 7.00alpha2
ide: Assuming 66MHz system bus speed for PIO modes
ICH3M: IDE controller at PCI slot 0000:00:1f.1
ACPI: PCI Interrupt Link [LNKC] enabled at IRQ 3
PCI: setting IRQ 3 as level-triggered
ACPI: PCI Interrupt 0000:00:1f.1[A] -> Link [LNKC] -> GSI 3 (level, low) -> IRQ 3
ICH3M: chipset revision 2
ICH3M: not 100% native mode: will probe irqs later
    ide0: BM-DMA at 0x8400-0x8407, BIOS settings: hda:DMA, hdb:pio
    ide1: BM-DMA at 0x8408-0x840f, BIOS settings: hdc:DMA, hdd:pio
Probing IDE interface ide0...
hda: ST9160821A, ATA DISK drive
hda: selected mode 0x45
ide0 at 0x1f0-0x1f7,0x3f6 on irq 14
Probing IDE interface ide1...
hdc: TOSHIBA DVD-ROM SD-R2212, ATAPI CD/DVD-ROM drive
hdc: selected mode 0x42
ide1 at 0x170-0x177,0x376 on irq 15
Probing IDE interface ide2...
Probing IDE interface ide3...
Probing IDE interface ide4...
Probing IDE interface ide5...
hda: max request size: 512KiB
hda: 312581808 sectors (160041 MB) w/8192KiB Cache, CHS=19457/255/63, UDMA(100)
hda: cache flushes supported
 hda: hda1 hda2 hda3 hda4
hdc: ATAPI 24X DVD-ROM CD-R/RW drive, 2048kB Cache, UDMA(33)
Uniform CD-ROM driver Revision: 3.20
PNP: PS/2 Controller [PNP0303:PS2K,PNP0f13:PS2M] at 0x60,0x64 irq 1,12
i8042.c: Detected active multiplexing controller, rev 1.1.
serio: i8042 KBD port at 0x60,0x64 irq 1
serio: i8042 AUX0 port at 0x60,0x64 irq 12
serio: i8042 AUX1 port at 0x60,0x64 irq 12
serio: i8042 AUX2 port at 0x60,0x64 irq 12
serio: i8042 AUX3 port at 0x60,0x64 irq 12
mice: PS/2 mouse device common for all mice
input: AT Translated Set 2 keyboard as /devices/platform/i8042/serio0/input/input3
input: PC Speaker as /devices/platform/pcspkr/input/input4
Synaptics Touchpad, model: 1, fw: 4.6, id: 0x925ea1, caps: 0x80471b/0x0
input: SynPS/2 Synaptics TouchPad as /devices/platform/i8042/serio4/input/input5
i2c /dev entries driver
ACPI: PCI Interrupt 0000:00:1f.3[B] -> Link [LNKB] -> GSI 11 (level, low) -> IRQ 11
EDAC MC: Ver: 2.1.0 Nov 16 2007
usbcore: registered new interface driver hiddev
usbcore: registered new interface driver usbhid
drivers/hid/usbhid/hid-core.c: v2.6:USB HID core driver
Advanced Linux Sound Architecture Driver Version 1.0.14 (Fri Jul 20 09:12:58 2007 UTC).
ACPI: PCI Interrupt 0000:00:1f.5[B] -> Link [LNKB] -> GSI 11 (level, low) -> IRQ 11
PCI: Setting latency timer of device 0000:00:1f.5 to 64
intel8x0_measure_ac97_clock: measured 50431 usecs
intel8x0: clocking to 48000
ACPI: PCI Interrupt 0000:00:1f.6[B] -> Link [LNKB] -> GSI 11 (level, low) -> IRQ 11
PCI: Setting latency timer of device 0000:00:1f.6 to 64
ALSA device list:
  #0: Intel 82801CA-ICH3 with CS4299 at irq 11
  #1: Intel 82801CA-ICH3 Modem at irq 11
TCP bic registered
TCP cubic registered
TCP westwood registered
TCP highspeed registered
TCP hybla registered
TCP htcp registered
TCP vegas registered
TCP scalable registered
TCP yeah registered
TCP illinois registered
Initializing XFRM netlink socket
NET: Registered protocol family 1
NET: Registered protocol family 17
NET: Registered protocol family 15
CCID: Registered CCID 3 (ccid3)
CCID: Registered CCID 2 (ccid2)
SCTP: Hash tables configured (established 65536 bind 65536)
Using IPI Shortcut mode
drivers/rtc/hctosys.c: unable to open rtc device (rtc0)
BIOS EDD facility v0.16 2004-Jun-25, 6 devices found
kjournald starting.  Commit interval 5 seconds
EXT3-fs: mounted filesystem with ordered data mode.
VFS: Mounted root (ext3 filesystem) readonly.
Freeing unused kernel memory: 192k freed
Linux agpgart interface v0.102
USB Universal Host Controller Interface driver v3.0
ACPI: PCI Interrupt 0000:00:1d.0[A] -> Link [LNKA] -> GSI 5 (level, low) -> IRQ 5
PCI: Setting latency timer of device 0000:00:1d.0 to 64
uhci_hcd 0000:00:1d.0: UHCI Host Controller
uhci_hcd 0000:00:1d.0: new USB bus registered, assigned bus number 1
uhci_hcd 0000:00:1d.0: irq 5, io base 0x0000b800
usb usb1: configuration #1 chosen from 1 choice
hub 1-0:1.0: USB hub found
hub 1-0:1.0: 2 ports detected
8139too Fast Ethernet driver 0.9.28
ACPI: PCI Interrupt Link [LNKD] enabled at IRQ 11
ACPI: PCI Interrupt 0000:00:1d.1[B] -> Link [LNKD] -> GSI 11 (level, low) -> IRQ 11
PCI: Setting latency timer of device 0000:00:1d.1 to 64
uhci_hcd 0000:00:1d.1: UHCI Host Controller
uhci_hcd 0000:00:1d.1: new USB bus registered, assigned bus number 2
uhci_hcd 0000:00:1d.1: irq 11, io base 0x0000b400
usb usb2: configuration #1 chosen from 1 choice
hub 2-0:1.0: USB hub found
hub 2-0:1.0: 2 ports detected
ACPI: PCI Interrupt 0000:02:05.0[A] -> Link [LNKD] -> GSI 11 (level, low) -> IRQ 11
eth0: RealTek RTL8139 at 0xf881e000, 00:e0:18:b6:9d:31, IRQ 11
eth0:  Identified 8139 chip type 'RTL-8100'
agpgart: Detected an Intel 845G Chipset.
agpgart: AGP aperture is 256M @ 0xe0000000
input: Video Bus as /devices/virtual/input/input6
ACPI: Video Device [VGAC] (multi-head: yes  rom: no  post: no)
ACPI: PCI Interrupt 0000:02:07.2[C] -> Link [LNKC] -> GSI 3 (level, low) -> IRQ 3
ohci1394: fw-host0: OHCI-1394 1.0 (PCI): IRQ=[3]  MMIO=[d6000000-d60007ff]  Max Packet=[2048]  IR/IT contexts=[4/4]
usb 1-1: new low speed USB device using uhci_hcd and address 2
usb 1-1: configuration #1 chosen from 1 choice
Yenta: CardBus bridge found at 0000:02:07.0 [1043:1624]
input: CHICONY USB Keyboard as /devices/pci0000:00/0000:00:1d.0/usb1/1-1/1-1:1.0/input/input7
input: USB HID v1.10 Keyboard [CHICONY USB Keyboard] on usb-0000:00:1d.0-1
Yenta: ISA IRQ mask 0x0010, PCI irq 5
Socket status: 30000006
pcmcia: parent PCI bridge I/O window: 0xa000 - 0xafff
cs: IO port probe 0xa000-0xafff: clean.
pcmcia: parent PCI bridge Memory window: 0xd6000000 - 0xd6ffffff
pcmcia: parent PCI bridge Memory window: 0x50000000 - 0x57ffffff
Yenta: CardBus bridge found at 0000:02:07.1 [1043:1624]
usb 1-2: new low speed USB device using uhci_hcd and address 3
Yenta: ISA IRQ mask 0x0010, PCI irq 11
Socket status: 30000006
pcmcia: parent PCI bridge I/O window: 0xa000 - 0xafff
cs: IO port probe 0xa000-0xafff: clean.
pcmcia: parent PCI bridge Memory window: 0xd6000000 - 0xd6ffffff
pcmcia: parent PCI bridge Memory window: 0x50000000 - 0x57ffffff
usb 1-2: configuration #1 chosen from 1 choice
input: Logitech USB-PS/2 Optical Mouse as /devices/pci0000:00/0000:00:1d.0/usb1/1-2/1-2:1.0/input/input8
input: USB HID v1.10 Mouse [Logitech USB-PS/2 Optical Mouse] on usb-0000:00:1d.0-2
cs: IO port probe 0x100-0x3af: clean.
cs: IO port probe 0x3e0-0x4ff: clean.
cs: IO port probe 0x820-0x8ff: clean.
cs: IO port probe 0xc00-0xcf7: clean.
cs: IO port probe 0xa00-0xaff: clean.
ieee1394: Host added: ID:BUS[0-00:1023]  GUID[00e018000305e5fc]
cs: IO port probe 0x100-0x3af: clean.
cs: IO port probe 0x3e0-0x4ff: clean.
cs: IO port probe 0x820-0x8ff: clean.
cs: IO port probe 0xc00-0xcf7: clean.
cs: IO port probe 0xa00-0xaff: clean.
EXT3 FS on hda3, internal journal
[drm] Initialized drm 1.1.0 20060810
[drm] Initialized radeon 1.28.0 20060524 on minor 0
ohci_hcd: 2006 August 04 USB 1.1 'Open' Host Controller (OHCI) Driver
Adding 1028152k swap on /dev/hda4.  Priority:-1 extents:1 across:1028152k
eth0: link up, 100Mbps, full-duplex, lpa 0x43E1
agpgart: Found an AGP 2.0 compliant device at 0000:00:00.0.
agpgart: Putting AGP V2 device at 0000:00:00.0 into 1x mode
agpgart: Putting AGP V2 device at 0000:01:00.0 into 1x mode
[drm] Setting GART location based on new memory map
[drm] writeback test succeeded in 2 usecs
Clocksource tsc unstable (delta = -124343210 ns)
agpgart: Found an AGP 2.0 compliant device at 0000:00:00.0.
agpgart: Putting AGP V2 device at 0000:00:00.0 into 1x mode
agpgart: Putting AGP V2 device at 0000:01:00.0 into 1x mode
SMB connection re-established (-5)
SMB connection re-established (-5)
SMB connection re-established (-5)
portageq invoked oom-killer: gfp_mask=0xa01d2, order=0, oomkilladj=0
 [<c1004b2c>] show_trace_log_lvl+0x1a/0x2f
 [<c100559d>] show_trace+0x12/0x14
 [<c10055b4>] dump_stack+0x15/0x17
 [<c103f2ef>] out_of_memory+0x67/0x17c
 [<c10407cb>] __alloc_pages+0x208/0x287
 [<c1041c4d>] __do_page_cache_readahead+0xac/0x1c9
 [<c1042062>] do_page_cache_readahead+0x4b/0x56
 [<c103e844>] filemap_fault+0x13a/0x2df
 [<c10459ad>] __do_fault+0x51/0x29e
 [<c1046e6f>] handle_mm_fault+0x26f/0x4b0
 [<c10156a6>] do_page_fault+0x1f4/0x562
 [<c12b8cda>] error_code+0x6a/0x70
 =======================
Mem-info:
DMA per-cpu:
CPU    0: Hot: hi:    0, btch:   1 usd:   0   Cold: hi:    0, btch:   1 usd:   0
Normal per-cpu:
CPU    0: Hot: hi:  186, btch:  31 usd:  48   Cold: hi:   62, btch:  15 usd:  45
HighMem per-cpu:
CPU    0: Hot: hi:   42, btch:   7 usd:   5   Cold: hi:   14, btch:   3 usd:   3
Active:210483 inactive:34086 dirty:0 writeback:0 unstable:0
 free:2997 slab:1902 mapped:11 pagetables:814 bounce:0
DMA free:4068kB min:68kB low:84kB high:100kB active:6164kB inactive:5708kB present:16256kB pages_scanned:18244 all_unreclaimable? yes
lowmem_reserve[]: 0 873 1000 1000
Normal free:7800kB min:3744kB low:4680kB high:5616kB active:770840kB inactive:66136kB present:894080kB pages_scanned:1533670 all_unreclaimable? yes
lowmem_reserve[]: 0 0 1015 1015
HighMem free:120kB min:128kB low:264kB high:400kB active:64928kB inactive:64500kB present:130024kB pages_scanned:197795 all_unreclaimable? yes
lowmem_reserve[]: 0 0 0 0
DMA: 1*4kB 0*8kB 0*16kB 1*32kB 1*64kB 1*128kB 1*256kB 1*512kB 1*1024kB 1*2048kB 0*4096kB = 4068kB
Normal: 18*4kB 4*8kB 1*16kB 0*32kB 2*64kB 1*128kB 1*256kB 0*512kB 1*1024kB 1*2048kB 1*4096kB = 7800kB
HighMem: 0*4kB 1*8kB 1*16kB 1*32kB 1*64kB 0*128kB 0*256kB 0*512kB 0*1024kB 0*2048kB 0*4096kB = 120kB
Swap cache: add 296611, delete 296611, find 6359/8093, race 0+0
Free swap  = 0kB
Total swap = 1028152kB
Free swap:            0kB
262137 pages of RAM
32761 pages of HIGHMEM
7666 reserved pages
2167 pages shared
0 pages swap cached
0 pages dirty
0 pages writeback
11 pages mapped
1902 pages slab
814 pages pagetables
Out of memory: kill process 5724 (mozilla-launche) score 203027 or a child
Killed process 5733 (seamonkey-bin)
syslog-ng invoked oom-killer: gfp_mask=0xa00d2, order=0, oomkilladj=0
 [<c1004b2c>] show_trace_log_lvl+0x1a/0x2f
 [<c100559d>] show_trace+0x12/0x14
 [<c10055b4>] dump_stack+0x15/0x17
 [<c103f2ef>] out_of_memory+0x67/0x17c
 [<c10407cb>] __alloc_pages+0x208/0x287
 [<c104cb74>] read_swap_cache_async+0x35/0xb2
 [<c1045c34>] swapin_readahead+0x3a/0x58
 [<c1046ea7>] handle_mm_fault+0x2a7/0x4b0
 [<c10156a6>] do_page_fault+0x1f4/0x562
 [<c12b8cda>] error_code+0x6a/0x70
 [<c105de88>] sys_poll+0x33/0x35
 [<c1003c46>] sysenter_past_esp+0x5f/0x85
 =======================
Mem-info:
DMA per-cpu:
CPU    0: Hot: hi:    0, btch:   1 usd:   0   Cold: hi:    0, btch:   1 usd:   0
Normal per-cpu:
CPU    0: Hot: hi:  186, btch:  31 usd:  47   Cold: hi:   62, btch:  15 usd:  45
HighMem per-cpu:
CPU    0: Hot: hi:   42, btch:   7 usd:   5   Cold: hi:   14, btch:   3 usd:   3
Active:210435 inactive:34134 dirty:0 writeback:0 unstable:0
 free:2997 slab:1903 mapped:11 pagetables:814 bounce:0
DMA free:4068kB min:68kB low:84kB high:100kB active:6164kB inactive:5708kB present:16256kB pages_scanned:18244 all_unreclaimable? yes
lowmem_reserve[]: 0 873 1000 1000
Normal free:7800kB min:3744kB low:4680kB high:5616kB active:770648kB inactive:66328kB present:894080kB pages_scanned:1533718 all_unreclaimable? yes
lowmem_reserve[]: 0 0 1015 1015
HighMem free:120kB min:128kB low:264kB high:400kB active:64928kB inactive:64500kB present:130024kB pages_scanned:197795 all_unreclaimable? yes
lowmem_reserve[]: 0 0 0 0
DMA: 1*4kB 0*8kB 0*16kB 1*32kB 1*64kB 1*128kB 1*256kB 1*512kB 1*1024kB 1*2048kB 0*4096kB = 4068kB
Normal: 18*4kB 4*8kB 1*16kB 0*32kB 2*64kB 1*128kB 1*256kB 0*512kB 1*1024kB 1*2048kB 1*4096kB = 7800kB
HighMem: 0*4kB 1*8kB 1*16kB 1*32kB 1*64kB 0*128kB 0*256kB 0*512kB 0*1024kB 0*2048kB 0*4096kB = 120kB
Swap cache: add 296611, delete 296611, find 6359/8094, race 0+0
Free swap  = 0kB
Total swap = 1028152kB
Free swap:            0kB
262137 pages of RAM
32761 pages of HIGHMEM
7666 reserved pages
2167 pages shared
0 pages swap cached
0 pages dirty
0 pages writeback
11 pages mapped
1903 pages slab
814 pages pagetables
seamonkey-bin invoked oom-killer: gfp_mask=0xa01d2, order=0, oomkilladj=0
 [<c1004b2c>] show_trace_log_lvl+0x1a/0x2f
 [<c100559d>] show_trace+0x12/0x14
 [<c10055b4>] dump_stack+0x15/0x17
 [<c103f2ef>] out_of_memory+0x67/0x17c
 [<c10407cb>] __alloc_pages+0x208/0x287
 [<c1041c4d>] __do_page_cache_readahead+0xac/0x1c9
 [<c1042062>] do_page_cache_readahead+0x4b/0x56
 [<c103e844>] filemap_fault+0x13a/0x2df
 [<c10459ad>] __do_fault+0x51/0x29e
 [<c1046e6f>] handle_mm_fault+0x26f/0x4b0
 [<c10156a6>] do_page_fault+0x1f4/0x562
 [<c12b8cda>] error_code+0x6a/0x70
 =======================
Mem-info:
DMA per-cpu:
CPU    0: Hot: hi:    0, btch:   1 usd:   0   Cold: hi:    0, btch:   1 usd:   0
Normal per-cpu:
CPU    0: Hot: hi:  186, btch:  31 usd:  47   Cold: hi:   62, btch:  15 usd:  45
HighMem per-cpu:
CPU    0: Hot: hi:   42, btch:   7 usd:   5   Cold: hi:   14, btch:   3 usd:   3
Active:210435 inactive:34134 dirty:0 writeback:0 unstable:0
 free:2997 slab:1903 mapped:11 pagetables:814 bounce:0
DMA free:4068kB min:68kB low:84kB high:100kB active:6164kB inactive:5708kB present:16256kB pages_scanned:18244 all_unreclaimable? yes
lowmem_reserve[]: 0 873 1000 1000
Normal free:7800kB min:3744kB low:4680kB high:5616kB active:770648kB inactive:66328kB present:894080kB pages_scanned:1533718 all_unreclaimable? yes
lowmem_reserve[]: 0 0 1015 1015
HighMem free:120kB min:128kB low:264kB high:400kB active:64928kB inactive:64500kB present:130024kB pages_scanned:197795 all_unreclaimable? yes
lowmem_reserve[]: 0 0 0 0
DMA: 1*4kB 0*8kB 0*16kB 1*32kB 1*64kB 1*128kB 1*256kB 1*512kB 1*1024kB 1*2048kB 0*4096kB = 4068kB
Normal: 18*4kB 4*8kB 1*16kB 0*32kB 2*64kB 1*128kB 1*256kB 0*512kB 1*1024kB 1*2048kB 1*4096kB = 7800kB
HighMem: 0*4kB 1*8kB 1*16kB 1*32kB 1*64kB 0*128kB 0*256kB 0*512kB 0*1024kB 0*2048kB 0*4096kB = 120kB
Swap cache: add 296611, delete 296611, find 6359/8094, race 0+0
Free swap  = 0kB
Total swap = 1028152kB
Free swap:            0kB
262137 pages of RAM
32761 pages of HIGHMEM
7666 reserved pages
2167 pages shared
0 pages swap cached
0 pages dirty
0 pages writeback
11 pages mapped
1903 pages slab
814 pages pagetables
kdc invoked oom-killer: gfp_mask=0xa01d2, order=0, oomkilladj=0
 [<c1004b2c>] show_trace_log_lvl+0x1a/0x2f
 [<c100559d>] show_trace+0x12/0x14
 [<c10055b4>] dump_stack+0x15/0x17
 [<c103f2ef>] out_of_memory+0x67/0x17c
 [<c10407cb>] __alloc_pages+0x208/0x287
 [<c1041c4d>] __do_page_cache_readahead+0xac/0x1c9
 [<c1042062>] do_page_cache_readahead+0x4b/0x56
 [<c103e844>] filemap_fault+0x13a/0x2df
 [<c10459ad>] __do_fault+0x51/0x29e
 [<c1046e6f>] handle_mm_fault+0x26f/0x4b0
 [<c10156a6>] do_page_fault+0x1f4/0x562
 [<c12b8cda>] error_code+0x6a/0x70
 =======================
Mem-info:
DMA per-cpu:
CPU    0: Hot: hi:    0, btch:   1 usd:   0   Cold: hi:    0, btch:   1 usd:   0
Normal per-cpu:
CPU    0: Hot: hi:  186, btch:  31 usd:  47   Cold: hi:   62, btch:  15 usd:  45
HighMem per-cpu:
CPU    0: Hot: hi:   42, btch:   7 usd:   5   Cold: hi:   14, btch:   3 usd:   2
Active:210435 inactive:34150 dirty:0 writeback:0 unstable:0
 free:2982 slab:1903 mapped:11 pagetables:814 bounce:0
DMA free:4068kB min:68kB low:84kB high:100kB active:6164kB inactive:5708kB present:16256kB pages_scanned:18244 all_unreclaimable? yes
lowmem_reserve[]: 0 873 1000 1000
Normal free:7800kB min:3744kB low:4680kB high:5616kB active:770648kB inactive:66328kB present:894080kB pages_scanned:1533718 all_unreclaimable? yes
lowmem_reserve[]: 0 0 1015 1015
HighMem free:60kB min:128kB low:264kB high:400kB active:64928kB inactive:64564kB present:130024kB pages_scanned:197795 all_unreclaimable? yes
lowmem_reserve[]: 0 0 0 0
DMA: 1*4kB 0*8kB 0*16kB 1*32kB 1*64kB 1*128kB 1*256kB 1*512kB 1*1024kB 1*2048kB 0*4096kB = 4068kB
Normal: 18*4kB 4*8kB 1*16kB 0*32kB 2*64kB 1*128kB 1*256kB 0*512kB 1*1024kB 1*2048kB 1*4096kB = 7800kB
HighMem: 1*4kB 1*8kB 1*16kB 1*32kB 0*64kB 0*128kB 0*256kB 0*512kB 0*1024kB 0*2048kB 0*4096kB = 60kB
Swap cache: add 296611, delete 296611, find 6359/8094, race 0+0
Free swap  = 0kB
Total swap = 1028152kB
Free swap:            0kB
262137 pages of RAM
32761 pages of HIGHMEM
7666 reserved pages
2168 pages shared
0 pages swap cached
0 pages dirty
0 pages writeback
11 pages mapped
1903 pages slab
814 pages pagetables
syslog-ng invoked oom-killer: gfp_mask=0xa00d2, order=0, oomkilladj=0
 [<c1004b2c>] show_trace_log_lvl+0x1a/0x2f
 [<c100559d>] show_trace+0x12/0x14
 [<c10055b4>] dump_stack+0x15/0x17
 [<c103f2ef>] out_of_memory+0x67/0x17c
 [<c10407cb>] __alloc_pages+0x208/0x287
 [<c104cb74>] read_swap_cache_async+0x35/0xb2
 [<c1045c34>] swapin_readahead+0x3a/0x58
 [<c1046ea7>] handle_mm_fault+0x2a7/0x4b0
 [<c10156a6>] do_page_fault+0x1f4/0x562
 [<c12b8cda>] error_code+0x6a/0x70
 [<c105de88>] sys_poll+0x33/0x35
 [<c1003c46>] sysenter_past_esp+0x5f/0x85
 =======================
Mem-info:
DMA per-cpu:
CPU    0: Hot: hi:    0, btch:   1 usd:   0   Cold: hi:    0, btch:   1 usd:   0
Normal per-cpu:
CPU    0: Hot: hi:  186, btch:  31 usd:  47   Cold: hi:   62, btch:  15 usd:  45
HighMem per-cpu:
CPU    0: Hot: hi:   42, btch:   7 usd:   5   Cold: hi:   14, btch:   3 usd:   2
Active:210387 inactive:34198 dirty:0 writeback:0 unstable:0
 free:2982 slab:1903 mapped:11 pagetables:814 bounce:0
DMA free:4068kB min:68kB low:84kB high:100kB active:6164kB inactive:5708kB present:16256kB pages_scanned:18244 all_unreclaimable? yes
lowmem_reserve[]: 0 873 1000 1000
Normal free:7800kB min:3744kB low:4680kB high:5616kB active:770456kB inactive:66520kB present:894080kB pages_scanned:1533766 all_unreclaimable? yes
lowmem_reserve[]: 0 0 1015 1015
HighMem free:60kB min:128kB low:264kB high:400kB active:64928kB inactive:64564kB present:130024kB pages_scanned:197795 all_unreclaimable? yes
lowmem_reserve[]: 0 0 0 0
DMA: 1*4kB 0*8kB 0*16kB 1*32kB 1*64kB 1*128kB 1*256kB 1*512kB 1*1024kB 1*2048kB 0*4096kB = 4068kB
Normal: 18*4kB 4*8kB 1*16kB 0*32kB 2*64kB 1*128kB 1*256kB 0*512kB 1*1024kB 1*2048kB 1*4096kB = 7800kB
HighMem: 1*4kB 1*8kB 1*16kB 1*32kB 0*64kB 0*128kB 0*256kB 0*512kB 0*1024kB 0*2048kB 0*4096kB = 60kB
Swap cache: add 296611, delete 296611, find 6359/8094, race 0+0
Free swap  = 0kB
Total swap = 1028152kB
Free swap:            0kB
262137 pages of RAM
32761 pages of HIGHMEM
7666 reserved pages
2168 pages shared
0 pages swap cached
0 pages dirty
0 pages writeback
11 pages mapped
1903 pages slab
814 pages pagetables
kdc invoked oom-killer: gfp_mask=0xa01d2, order=0, oomkilladj=0
 [<c1004b2c>] show_trace_log_lvl+0x1a/0x2f
 [<c100559d>] show_trace+0x12/0x14
 [<c10055b4>] dump_stack+0x15/0x17
 [<c103f2ef>] out_of_memory+0x67/0x17c
 [<c10407cb>] __alloc_pages+0x208/0x287
 [<c1041c4d>] __do_page_cache_readahead+0xac/0x1c9
 [<c1042062>] do_page_cache_readahead+0x4b/0x56
 [<c103e844>] filemap_fault+0x13a/0x2df
 [<c10459ad>] __do_fault+0x51/0x29e
 [<c1046e6f>] handle_mm_fault+0x26f/0x4b0
 [<c10156a6>] do_page_fault+0x1f4/0x562
 [<c12b8cda>] error_code+0x6a/0x70
 =======================
Mem-info:
DMA per-cpu:
CPU    0: Hot: hi:    0, btch:   1 usd:   0   Cold: hi:    0, btch:   1 usd:   0
Normal per-cpu:
CPU    0: Hot: hi:  186, btch:  31 usd:  47   Cold: hi:   62, btch:  15 usd:  45
HighMem per-cpu:
CPU    0: Hot: hi:   42, btch:   7 usd:   5   Cold: hi:   14, btch:   3 usd:   2
Active:210339 inactive:34246 dirty:0 writeback:0 unstable:0
 free:2982 slab:1903 mapped:11 pagetables:814 bounce:0
DMA free:4068kB min:68kB low:84kB high:100kB active:6164kB inactive:5708kB present:16256kB pages_scanned:18244 all_unreclaimable? yes
lowmem_reserve[]: 0 873 1000 1000
Normal free:7800kB min:3744kB low:4680kB high:5616kB active:770264kB inactive:66712kB present:894080kB pages_scanned:1533814 all_unreclaimable? yes
lowmem_reserve[]: 0 0 1015 1015
HighMem free:60kB min:128kB low:264kB high:400kB active:64928kB inactive:64564kB present:130024kB pages_scanned:197795 all_unreclaimable? yes
lowmem_reserve[]: 0 0 0 0
DMA: 1*4kB 0*8kB 0*16kB 1*32kB 1*64kB 1*128kB 1*256kB 1*512kB 1*1024kB 1*2048kB 0*4096kB = 4068kB
Normal: 18*4kB 4*8kB 1*16kB 0*32kB 2*64kB 1*128kB 1*256kB 0*512kB 1*1024kB 1*2048kB 1*4096kB = 7800kB
HighMem: 1*4kB 1*8kB 1*16kB 1*32kB 0*64kB 0*128kB 0*256kB 0*512kB 0*1024kB 0*2048kB 0*4096kB = 60kB
Swap cache: add 296611, delete 296611, find 6359/8094, race 0+0
Free swap  = 0kB
Total swap = 1028152kB
Free swap:            0kB
262137 pages of RAM
32761 pages of HIGHMEM
7666 reserved pages
2168 pages shared
0 pages swap cached
0 pages dirty
0 pages writeback
11 pages mapped
1903 pages slab
814 pages pagetables
svscan invoked oom-killer: gfp_mask=0xa01d2, order=0, oomkilladj=0
 [<c1004b2c>] show_trace_log_lvl+0x1a/0x2f
 [<c100559d>] show_trace+0x12/0x14
 [<c10055b4>] dump_stack+0x15/0x17
 [<c103f2ef>] out_of_memory+0x67/0x17c
 [<c10407cb>] __alloc_pages+0x208/0x287
 [<c1041c4d>] __do_page_cache_readahead+0xac/0x1c9
 [<c1042062>] do_page_cache_readahead+0x4b/0x56
 [<c103e844>] filemap_fault+0x13a/0x2df
 [<c10459ad>] __do_fault+0x51/0x29e
 [<c1046e6f>] handle_mm_fault+0x26f/0x4b0
 [<c10156a6>] do_page_fault+0x1f4/0x562
 [<c12b8cda>] error_code+0x6a/0x70
 [<c105ab93>] getname+0x5b/0x8e
 [<c1052f9e>] do_sys_open+0x14/0xc7
 [<c1053089>] sys_open+0x1c/0x1e
 [<c1003c46>] sysenter_past_esp+0x5f/0x85
 =======================
Mem-info:
DMA per-cpu:
CPU    0: Hot: hi:    0, btch:   1 usd:   0   Cold: hi:    0, btch:   1 usd:   0
Normal per-cpu:
CPU    0: Hot: hi:  186, btch:  31 usd:  47   Cold: hi:   62, btch:  15 usd:  45
HighMem per-cpu:
CPU    0: Hot: hi:   42, btch:   7 usd:   5   Cold: hi:   14, btch:   3 usd:   2
Active:210339 inactive:34246 dirty:0 writeback:0 unstable:0
 free:2982 slab:1903 mapped:11 pagetables:814 bounce:0
DMA free:4068kB min:68kB low:84kB high:100kB active:6164kB inactive:5708kB present:16256kB pages_scanned:18244 all_unreclaimable? yes
lowmem_reserve[]: 0 873 1000 1000
Normal free:7800kB min:3744kB low:4680kB high:5616kB active:770264kB inactive:66712kB present:894080kB pages_scanned:1533814 all_unreclaimable? yes
lowmem_reserve[]: 0 0 1015 1015
HighMem free:60kB min:128kB low:264kB high:400kB active:64928kB inactive:64564kB present:130024kB pages_scanned:197795 all_unreclaimable? yes
lowmem_reserve[]: 0 0 0 0
DMA: 1*4kB 0*8kB 0*16kB 1*32kB 1*64kB 1*128kB 1*256kB 1*512kB 1*1024kB 1*2048kB 0*4096kB = 4068kB
Normal: 18*4kB 4*8kB 1*16kB 0*32kB 2*64kB 1*128kB 1*256kB 0*512kB 1*1024kB 1*2048kB 1*4096kB = 7800kB
HighMem: 1*4kB 1*8kB 1*16kB 1*32kB 0*64kB 0*128kB 0*256kB 0*512kB 0*1024kB 0*2048kB 0*4096kB = 60kB
Swap cache: add 296611, delete 296611, find 6359/8094, race 0+0
Free swap  = 0kB
Total swap = 1028152kB
Free swap:            0kB
262137 pages of RAM
32761 pages of HIGHMEM
7666 reserved pages
2168 pages shared
0 pages swap cached
0 pages dirty
0 pages writeback
11 pages mapped
1903 pages slab
814 pages pagetables
openvpn invoked oom-killer: gfp_mask=0xa01d2, order=0, oomkilladj=0
 [<c1004b2c>] show_trace_log_lvl+0x1a/0x2f
 [<c100559d>] show_trace+0x12/0x14
 [<c10055b4>] dump_stack+0x15/0x17
 [<c103f2ef>] out_of_memory+0x67/0x17c
 [<c10407cb>] __alloc_pages+0x208/0x287
 [<c1041c4d>] __do_page_cache_readahead+0xac/0x1c9
 [<c1042062>] do_page_cache_readahead+0x4b/0x56
 [<c103e844>] filemap_fault+0x13a/0x2df
 [<c10459ad>] __do_fault+0x51/0x29e
 [<c1046e6f>] handle_mm_fault+0x26f/0x4b0
 [<c10156a6>] do_page_fault+0x1f4/0x562
 [<c12b8cda>] error_code+0x6a/0x70
 =======================
Mem-info:
DMA per-cpu:
CPU    0: Hot: hi:    0, btch:   1 usd:   0   Cold: hi:    0, btch:   1 usd:   0
Normal per-cpu:
CPU    0: Hot: hi:  186, btch:  31 usd:  47   Cold: hi:   62, btch:  15 usd:  45
HighMem per-cpu:
CPU    0: Hot: hi:   42, btch:   7 usd:   5   Cold: hi:   14, btch:   3 usd:   2
Active:210291 inactive:34294 dirty:0 writeback:0 unstable:0
 free:2982 slab:1903 mapped:11 pagetables:814 bounce:0
DMA free:4068kB min:68kB low:84kB high:100kB active:6164kB inactive:5708kB present:16256kB pages_scanned:18244 all_unreclaimable? yes
lowmem_reserve[]: 0 873 1000 1000
Normal free:7800kB min:3744kB low:4680kB high:5616kB active:770072kB inactive:66904kB present:894080kB pages_scanned:1533862 all_unreclaimable? yes
lowmem_reserve[]: 0 0 1015 1015
HighMem free:60kB min:128kB low:264kB high:400kB active:64928kB inactive:64564kB present:130024kB pages_scanned:197795 all_unreclaimable? yes
lowmem_reserve[]: 0 0 0 0
DMA: 1*4kB 0*8kB 0*16kB 1*32kB 1*64kB 1*128kB 1*256kB 1*512kB 1*1024kB 1*2048kB 0*4096kB = 4068kB
Normal: 18*4kB 4*8kB 1*16kB 0*32kB 2*64kB 1*128kB 1*256kB 0*512kB 1*1024kB 1*2048kB 1*4096kB = 7800kB
HighMem: 1*4kB 1*8kB 1*16kB 1*32kB 0*64kB 0*128kB 0*256kB 0*512kB 0*1024kB 0*2048kB 0*4096kB = 60kB
Swap cache: add 296611, delete 296611, find 6359/8094, race 0+0
Free swap  = 0kB
Total swap = 1028152kB
Free swap:            0kB
262137 pages of RAM
32761 pages of HIGHMEM
7666 reserved pages
2168 pages shared
0 pages swap cached
0 pages dirty
0 pages writeback
11 pages mapped
1903 pages slab
814 pages pagetables
gpg-agent invoked oom-killer: gfp_mask=0xa01d2, order=0, oomkilladj=0
 [<c1004b2c>] show_trace_log_lvl+0x1a/0x2f
 [<c100559d>] show_trace+0x12/0x14
 [<c10055b4>] dump_stack+0x15/0x17
 [<c103f2ef>] out_of_memory+0x67/0x17c
 [<c10407cb>] __alloc_pages+0x208/0x287
 [<c1041c4d>] __do_page_cache_readahead+0xac/0x1c9
 [<c1042062>] do_page_cache_readahead+0x4b/0x56
 [<c103e844>] filemap_fault+0x13a/0x2df
 [<c10459ad>] __do_fault+0x51/0x29e
 [<c1046e6f>] handle_mm_fault+0x26f/0x4b0
 [<c10156a6>] do_page_fault+0x1f4/0x562
 [<c12b8cda>] error_code+0x6a/0x70
 =======================
Mem-info:
DMA per-cpu:
CPU    0: Hot: hi:    0, btch:   1 usd:   0   Cold: hi:    0, btch:   1 usd:   0
Normal per-cpu:
CPU    0: Hot: hi:  186, btch:  31 usd:  47   Cold: hi:   62, btch:  15 usd:  45
HighMem per-cpu:
CPU    0: Hot: hi:   42, btch:   7 usd:   5   Cold: hi:   14, btch:   3 usd:   2
Active:210291 inactive:34294 dirty:0 writeback:0 unstable:0
 free:2982 slab:1903 mapped:11 pagetables:814 bounce:0
DMA free:4068kB min:68kB low:84kB high:100kB active:6164kB inactive:5708kB present:16256kB pages_scanned:18244 all_unreclaimable? yes
lowmem_reserve[]: 0 873 1000 1000
Normal free:7800kB min:3744kB low:4680kB high:5616kB active:770072kB inactive:66904kB present:894080kB pages_scanned:1533862 all_unreclaimable? yes
lowmem_reserve[]: 0 0 1015 1015
HighMem free:60kB min:128kB low:264kB high:400kB active:64928kB inactive:64564kB present:130024kB pages_scanned:197795 all_unreclaimable? yes
lowmem_reserve[]: 0 0 0 0
DMA: 1*4kB 0*8kB 0*16kB 1*32kB 1*64kB 1*128kB 1*256kB 1*512kB 1*1024kB 1*2048kB 0*4096kB = 4068kB
Normal: 18*4kB 4*8kB 1*16kB 0*32kB 2*64kB 1*128kB 1*256kB 0*512kB 1*1024kB 1*2048kB 1*4096kB = 7800kB
HighMem: 1*4kB 1*8kB 1*16kB 1*32kB 0*64kB 0*128kB 0*256kB 0*512kB 0*1024kB 0*2048kB 0*4096kB = 60kB
Swap cache: add 296611, delete 296611, find 6359/8094, race 0+0
Free swap  = 0kB
Total swap = 1028152kB
Free swap:            0kB
262137 pages of RAM
32761 pages of HIGHMEM
7666 reserved pages
2168 pages shared
0 pages swap cached
0 pages dirty
0 pages writeback
11 pages mapped
1903 pages slab
814 pages pagetables
svscan invoked oom-killer: gfp_mask=0xa01d2, order=0, oomkilladj=0
 [<c1004b2c>] show_trace_log_lvl+0x1a/0x2f
 [<c100559d>] show_trace+0x12/0x14
 [<c10055b4>] dump_stack+0x15/0x17
 [<c103f2ef>] out_of_memory+0x67/0x17c
 [<c10407cb>] __alloc_pages+0x208/0x287
 [<c1041c4d>] __do_page_cache_readahead+0xac/0x1c9
 [<c1042062>] do_page_cache_readahead+0x4b/0x56
 [<c103e844>] filemap_fault+0x13a/0x2df
 [<c10459ad>] __do_fault+0x51/0x29e
 [<c1046e6f>] handle_mm_fault+0x26f/0x4b0
 [<c10156a6>] do_page_fault+0x1f4/0x562
 [<c12b8cda>] error_code+0x6a/0x70
 [<c105ab93>] getname+0x5b/0x8e
 [<c1052f9e>] do_sys_open+0x14/0xc7
 [<c1053089>] sys_open+0x1c/0x1e
 [<c1003c46>] sysenter_past_esp+0x5f/0x85
 =======================
Mem-info:
DMA per-cpu:
CPU    0: Hot: hi:    0, btch:   1 usd:   0   Cold: hi:    0, btch:   1 usd:   0
Normal per-cpu:
CPU    0: Hot: hi:  186, btch:  31 usd:  47   Cold: hi:   62, btch:  15 usd:  45
HighMem per-cpu:
CPU    0: Hot: hi:   42, btch:   7 usd:   5   Cold: hi:   14, btch:   3 usd:   2
Active:210243 inactive:34342 dirty:0 writeback:0 unstable:0
 free:2982 slab:1903 mapped:11 pagetables:814 bounce:0
DMA free:4068kB min:68kB low:84kB high:100kB active:6164kB inactive:5708kB present:16256kB pages_scanned:18244 all_unreclaimable? yes
lowmem_reserve[]: 0 873 1000 1000
Normal free:7800kB min:3744kB low:4680kB high:5616kB active:769880kB inactive:67096kB present:894080kB pages_scanned:1533910 all_unreclaimable? yes
lowmem_reserve[]: 0 0 1015 1015
HighMem free:60kB min:128kB low:264kB high:400kB active:64928kB inactive:64564kB present:130024kB pages_scanned:197795 all_unreclaimable? yes
lowmem_reserve[]: 0 0 0 0
DMA: 1*4kB 0*8kB 0*16kB 1*32kB 1*64kB 1*128kB 1*256kB 1*512kB 1*1024kB 1*2048kB 0*4096kB = 4068kB
Normal: 18*4kB 4*8kB 1*16kB 0*32kB 2*64kB 1*128kB 1*256kB 0*512kB 1*1024kB 1*2048kB 1*4096kB = 7800kB
HighMem: 1*4kB 1*8kB 1*16kB 1*32kB 0*64kB 0*128kB 0*256kB 0*512kB 0*1024kB 0*2048kB 0*4096kB = 60kB
Swap cache: add 296611, delete 296611, find 6359/8094, race 0+0
Free swap  = 0kB
Total swap = 1028152kB
Free swap:            0kB
262137 pages of RAM
32761 pages of HIGHMEM
7666 reserved pages
2168 pages shared
0 pages swap cached
0 pages dirty
0 pages writeback
11 pages mapped
1903 pages slab
814 pages pagetables
printk: 22 messages suppressed.
supervise invoked oom-killer: gfp_mask=0xa00d2, order=0, oomkilladj=0
 [<c1004b2c>] show_trace_log_lvl+0x1a/0x2f
 [<c100559d>] show_trace+0x12/0x14
 [<c10055b4>] dump_stack+0x15/0x17
 [<c103f2ef>] out_of_memory+0x67/0x17c
 [<c10407cb>] __alloc_pages+0x208/0x287
 [<c104cb74>] read_swap_cache_async+0x35/0xb2
 [<c1045c34>] swapin_readahead+0x3a/0x58
 [<c1046ea7>] handle_mm_fault+0x2a7/0x4b0
 [<c10156a6>] do_page_fault+0x1f4/0x562
 [<c12b8cda>] error_code+0x6a/0x70
 [<c105de88>] sys_poll+0x33/0x35
 [<c1003c46>] sysenter_past_esp+0x5f/0x85
 =======================
Mem-info:
DMA per-cpu:
CPU    0: Hot: hi:    0, btch:   1 usd:   0   Cold: hi:    0, btch:   1 usd:   0
Normal per-cpu:
CPU    0: Hot: hi:  186, btch:  31 usd:  93   Cold: hi:   62, btch:  15 usd:  46
HighMem per-cpu:
CPU    0: Hot: hi:   42, btch:   7 usd:   3   Cold: hi:   14, btch:   3 usd:   3
Active:124358 inactive:120289 dirty:0 writeback:0 unstable:0
 free:2993 slab:1746 mapped:4 pagetables:777 bounce:0
DMA free:4068kB min:68kB low:84kB high:100kB active:6204kB inactive:5648kB present:16256kB pages_scanned:21649595 all_unreclaimable? yes
lowmem_reserve[]: 0 873 1000 1000
Normal free:7780kB min:3744kB low:4680kB high:5616kB active:426864kB inactive:410508kB present:894080kB pages_scanned:169681081 all_unreclaimable? yes
lowmem_reserve[]: 0 0 1015 1015
HighMem free:124kB min:128kB low:264kB high:400kB active:64364kB inactive:65000kB present:130024kB pages_scanned:263090 all_unreclaimable? yes
lowmem_reserve[]: 0 0 0 0
DMA: 1*4kB 0*8kB 0*16kB 1*32kB 1*64kB 1*128kB 1*256kB 1*512kB 1*1024kB 1*2048kB 0*4096kB = 4068kB
Normal: 1*4kB 8*8kB 2*16kB 0*32kB 6*64kB 3*128kB 1*256kB 1*512kB 0*1024kB 1*2048kB 1*4096kB = 7780kB
HighMem: 1*4kB 3*8kB 0*16kB 1*32kB 1*64kB 0*128kB 0*256kB 0*512kB 0*1024kB 0*2048kB 0*4096kB = 124kB
Swap cache: add 349432, delete 349432, find 10088/12550, race 0+0
Free swap  = 0kB
Total swap = 1028152kB
Free swap:            0kB
262137 pages of RAM
32761 pages of HIGHMEM
7666 reserved pages
2187 pages shared
0 pages swap cached
0 pages dirty
0 pages writeback
4 pages mapped
1746 pages slab
777 pages pagetables
Out of memory: kill process 5827 (bash) score 212055 or a child
Killed process 10011 (t_coffee)
supervise invoked oom-killer: gfp_mask=0xa00d2, order=0, oomkilladj=0
 [<c1004b2c>] show_trace_log_lvl+0x1a/0x2f
 [<c100559d>] show_trace+0x12/0x14
 [<c10055b4>] dump_stack+0x15/0x17
 [<c103f2ef>] out_of_memory+0x67/0x17c
 [<c10407cb>] __alloc_pages+0x208/0x287
 [<c104cb74>] read_swap_cache_async+0x35/0xb2
 [<c1045c34>] swapin_readahead+0x3a/0x58
 [<c1046ea7>] handle_mm_fault+0x2a7/0x4b0
 [<c10156a6>] do_page_fault+0x1f4/0x562
 [<c12b8cda>] error_code+0x6a/0x70
 [<c105de88>] sys_poll+0x33/0x35
 [<c1003c46>] sysenter_past_esp+0x5f/0x85
 =======================
Mem-info:
DMA per-cpu:
CPU    0: Hot: hi:    0, btch:   1 usd:   0   Cold: hi:    0, btch:   1 usd:   0
Normal per-cpu:
CPU    0: Hot: hi:  186, btch:  31 usd:  93   Cold: hi:   62, btch:  15 usd:  46
HighMem per-cpu:
CPU    0: Hot: hi:   42, btch:   7 usd:   3   Cold: hi:   14, btch:   3 usd:   3
Active:124422 inactive:120225 dirty:0 writeback:0 unstable:0
 free:2993 slab:1746 mapped:4 pagetables:777 bounce:0
DMA free:4068kB min:68kB low:84kB high:100kB active:6204kB inactive:5648kB present:16256kB pages_scanned:21649595 all_unreclaimable? yes
lowmem_reserve[]: 0 873 1000 1000
Normal free:7780kB min:3744kB low:4680kB high:5616kB active:427120kB inactive:410252kB present:894080kB pages_scanned:169681145 all_unreclaimable? yes
lowmem_reserve[]: 0 0 1015 1015
HighMem free:124kB min:128kB low:264kB high:400kB active:64364kB inactive:65000kB present:130024kB pages_scanned:263090 all_unreclaimable? yes
lowmem_reserve[]: 0 0 0 0
DMA: 1*4kB 0*8kB 0*16kB 1*32kB 1*64kB 1*128kB 1*256kB 1*512kB 1*1024kB 1*2048kB 0*4096kB = 4068kB
Normal: 1*4kB 8*8kB 2*16kB 0*32kB 6*64kB 3*128kB 1*256kB 1*512kB 0*1024kB 1*2048kB 1*4096kB = 7780kB
HighMem: 1*4kB 3*8kB 0*16kB 1*32kB 1*64kB 0*128kB 0*256kB 0*512kB 0*1024kB 0*2048kB 0*4096kB = 124kB
Swap cache: add 349432, delete 349432, find 10088/12551, race 0+0
Free swap  = 0kB
Total swap = 1028152kB
Free swap:            0kB
262137 pages of RAM
32761 pages of HIGHMEM
7666 reserved pages
2187 pages shared
0 pages swap cached
0 pages dirty
0 pages writeback
4 pages mapped
1746 pages slab
777 pages pagetables
supervise invoked oom-killer: gfp_mask=0xa00d2, order=0, oomkilladj=0
 [<c1004b2c>] show_trace_log_lvl+0x1a/0x2f
 [<c100559d>] show_trace+0x12/0x14
 [<c10055b4>] dump_stack+0x15/0x17
 [<c103f2ef>] out_of_memory+0x67/0x17c
 [<c10407cb>] __alloc_pages+0x208/0x287
 [<c104cb74>] read_swap_cache_async+0x35/0xb2
 [<c1045c34>] swapin_readahead+0x3a/0x58
 [<c1046ea7>] handle_mm_fault+0x2a7/0x4b0
 [<c10156a6>] do_page_fault+0x1f4/0x562
 [<c12b8cda>] error_code+0x6a/0x70
 [<c105de88>] sys_poll+0x33/0x35
 [<c1003c46>] sysenter_past_esp+0x5f/0x85
 =======================
Mem-info:
DMA per-cpu:
CPU    0: Hot: hi:    0, btch:   1 usd:   0   Cold: hi:    0, btch:   1 usd:   0
Normal per-cpu:
CPU    0: Hot: hi:  186, btch:  31 usd:  93   Cold: hi:   62, btch:  15 usd:  46
HighMem per-cpu:
CPU    0: Hot: hi:   42, btch:   7 usd:   3   Cold: hi:   14, btch:   3 usd:   3
Active:124368 inactive:120279 dirty:0 writeback:0 unstable:0
 free:2993 slab:1746 mapped:4 pagetables:777 bounce:0
DMA free:4068kB min:68kB low:84kB high:100kB active:6204kB inactive:5648kB present:16256kB pages_scanned:21649595 all_unreclaimable? yes
lowmem_reserve[]: 0 873 1000 1000
Normal free:7780kB min:3744kB low:4680kB high:5616kB active:426904kB inactive:410468kB present:894080kB pages_scanned:169681199 all_unreclaimable? yes
lowmem_reserve[]: 0 0 1015 1015
HighMem free:124kB min:128kB low:264kB high:400kB active:64364kB inactive:65000kB present:130024kB pages_scanned:263090 all_unreclaimable? yes
lowmem_reserve[]: 0 0 0 0
DMA: 1*4kB 0*8kB 0*16kB 1*32kB 1*64kB 1*128kB 1*256kB 1*512kB 1*1024kB 1*2048kB 0*4096kB = 4068kB
Normal: 1*4kB 8*8kB 2*16kB 0*32kB 6*64kB 3*128kB 1*256kB 1*512kB 0*1024kB 1*2048kB 1*4096kB = 7780kB
HighMem: 1*4kB 3*8kB 0*16kB 1*32kB 1*64kB 0*128kB 0*256kB 0*512kB 0*1024kB 0*2048kB 0*4096kB = 124kB
Swap cache: add 349432, delete 349432, find 10088/12552, race 0+0
Free swap  = 0kB
Total swap = 1028152kB
Free swap:            0kB
262137 pages of RAM
32761 pages of HIGHMEM
7666 reserved pages
2187 pages shared
0 pages swap cached
0 pages dirty
0 pages writeback
4 pages mapped
1746 pages slab
777 pages pagetables
supervise invoked oom-killer: gfp_mask=0xa00d2, order=0, oomkilladj=0
 [<c1004b2c>] show_trace_log_lvl+0x1a/0x2f
 [<c100559d>] show_trace+0x12/0x14
 [<c10055b4>] dump_stack+0x15/0x17
 [<c103f2ef>] out_of_memory+0x67/0x17c
 [<c10407cb>] __alloc_pages+0x208/0x287
 [<c104cb74>] read_swap_cache_async+0x35/0xb2
 [<c1045c34>] swapin_readahead+0x3a/0x58
 [<c1046ea7>] handle_mm_fault+0x2a7/0x4b0
 [<c10156a6>] do_page_fault+0x1f4/0x562
 [<c12b8cda>] error_code+0x6a/0x70
 [<c105de88>] sys_poll+0x33/0x35
 [<c1003c46>] sysenter_past_esp+0x5f/0x85
 =======================
Mem-info:
DMA per-cpu:
CPU    0: Hot: hi:    0, btch:   1 usd:   0   Cold: hi:    0, btch:   1 usd:   0
Normal per-cpu:
CPU    0: Hot: hi:  186, btch:  31 usd:  93   Cold: hi:   62, btch:  15 usd:  46
HighMem per-cpu:
CPU    0: Hot: hi:   42, btch:   7 usd:   3   Cold: hi:   14, btch:   3 usd:   3
Active:124432 inactive:120215 dirty:0 writeback:0 unstable:0
 free:2993 slab:1746 mapped:4 pagetables:777 bounce:0
DMA free:4068kB min:68kB low:84kB high:100kB active:6204kB inactive:5648kB present:16256kB pages_scanned:21649595 all_unreclaimable? yes
lowmem_reserve[]: 0 873 1000 1000
Normal free:7780kB min:3744kB low:4680kB high:5616kB active:427160kB inactive:410212kB present:894080kB pages_scanned:169681263 all_unreclaimable? yes
lowmem_reserve[]: 0 0 1015 1015
HighMem free:124kB min:128kB low:264kB high:400kB active:64364kB inactive:65000kB present:130024kB pages_scanned:263090 all_unreclaimable? yes
lowmem_reserve[]: 0 0 0 0
DMA: 1*4kB 0*8kB 0*16kB 1*32kB 1*64kB 1*128kB 1*256kB 1*512kB 1*1024kB 1*2048kB 0*4096kB = 4068kB
Normal: 1*4kB 8*8kB 2*16kB 0*32kB 6*64kB 3*128kB 1*256kB 1*512kB 0*1024kB 1*2048kB 1*4096kB = 7780kB
HighMem: 1*4kB 3*8kB 0*16kB 1*32kB 1*64kB 0*128kB 0*256kB 0*512kB 0*1024kB 0*2048kB 0*4096kB = 124kB
Swap cache: add 349432, delete 349432, find 10088/12553, race 0+0
Free swap  = 0kB
Total swap = 1028152kB
Free swap:            0kB
262137 pages of RAM
32761 pages of HIGHMEM
7666 reserved pages
2187 pages shared
0 pages swap cached
0 pages dirty
0 pages writeback
4 pages mapped
1746 pages slab
777 pages pagetables
supervise invoked oom-killer: gfp_mask=0xa00d2, order=0, oomkilladj=0
 [<c1004b2c>] show_trace_log_lvl+0x1a/0x2f
 [<c100559d>] show_trace+0x12/0x14
 [<c10055b4>] dump_stack+0x15/0x17
 [<c103f2ef>] out_of_memory+0x67/0x17c
 [<c10407cb>] __alloc_pages+0x208/0x287
 [<c104cb74>] read_swap_cache_async+0x35/0xb2
 [<c1045c34>] swapin_readahead+0x3a/0x58
 [<c1046ea7>] handle_mm_fault+0x2a7/0x4b0
 [<c10156a6>] do_page_fault+0x1f4/0x562
 [<c12b8cda>] error_code+0x6a/0x70
 [<c105de88>] sys_poll+0x33/0x35
 [<c1003c46>] sysenter_past_esp+0x5f/0x85
 =======================
Mem-info:
DMA per-cpu:
CPU    0: Hot: hi:    0, btch:   1 usd:   0   Cold: hi:    0, btch:   1 usd:   0
Normal per-cpu:
CPU    0: Hot: hi:  186, btch:  31 usd:  93   Cold: hi:   62, btch:  15 usd:  46
HighMem per-cpu:
CPU    0: Hot: hi:   42, btch:   7 usd:   3   Cold: hi:   14, btch:   3 usd:   3
Active:124378 inactive:120269 dirty:0 writeback:0 unstable:0
 free:2993 slab:1746 mapped:4 pagetables:777 bounce:0
DMA free:4068kB min:68kB low:84kB high:100kB active:6204kB inactive:5648kB present:16256kB pages_scanned:21649595 all_unreclaimable? yes
lowmem_reserve[]: 0 873 1000 1000
Normal free:7780kB min:3744kB low:4680kB high:5616kB active:426944kB inactive:410428kB present:894080kB pages_scanned:169681317 all_unreclaimable? yes
lowmem_reserve[]: 0 0 1015 1015
HighMem free:124kB min:128kB low:264kB high:400kB active:64364kB inactive:65000kB present:130024kB pages_scanned:263154 all_unreclaimable? yes
lowmem_reserve[]: 0 0 0 0
DMA: 1*4kB 0*8kB 0*16kB 1*32kB 1*64kB 1*128kB 1*256kB 1*512kB 1*1024kB 1*2048kB 0*4096kB = 4068kB
Normal: 1*4kB 8*8kB 2*16kB 0*32kB 6*64kB 3*128kB 1*256kB 1*512kB 0*1024kB 1*2048kB 1*4096kB = 7780kB
HighMem: 1*4kB 3*8kB 0*16kB 1*32kB 1*64kB 0*128kB 0*256kB 0*512kB 0*1024kB 0*2048kB 0*4096kB = 124kB
Swap cache: add 349432, delete 349432, find 10088/12554, race 0+0
Free swap  = 0kB
Total swap = 1028152kB
Free swap:            0kB
262137 pages of RAM
32761 pages of HIGHMEM
7666 reserved pages
2187 pages shared
0 pages swap cached
0 pages dirty
0 pages writeback
4 pages mapped
1746 pages slab
777 pages pagetables
supervise invoked oom-killer: gfp_mask=0xa00d2, order=0, oomkilladj=0
 [<c1004b2c>] show_trace_log_lvl+0x1a/0x2f
 [<c100559d>] show_trace+0x12/0x14
 [<c10055b4>] dump_stack+0x15/0x17
 [<c103f2ef>] out_of_memory+0x67/0x17c
 [<c10407cb>] __alloc_pages+0x208/0x287
 [<c104cb74>] read_swap_cache_async+0x35/0xb2
 [<c1045c34>] swapin_readahead+0x3a/0x58
 [<c1046ea7>] handle_mm_fault+0x2a7/0x4b0
 [<c10156a6>] do_page_fault+0x1f4/0x562
 [<c12b8cda>] error_code+0x6a/0x70
 [<c105de88>] sys_poll+0x33/0x35
 [<c1003c46>] sysenter_past_esp+0x5f/0x85
 =======================
Mem-info:
DMA per-cpu:
CPU    0: Hot: hi:    0, btch:   1 usd:   0   Cold: hi:    0, btch:   1 usd:   0
Normal per-cpu:
CPU    0: Hot: hi:  186, btch:  31 usd:  93   Cold: hi:   62, btch:  15 usd:  46
HighMem per-cpu:
CPU    0: Hot: hi:   42, btch:   7 usd:   3   Cold: hi:   14, btch:   3 usd:   3
Active:124388 inactive:120259 dirty:0 writeback:0 unstable:0
 free:2993 slab:1746 mapped:4 pagetables:777 bounce:0
DMA free:4068kB min:68kB low:84kB high:100kB active:6204kB inactive:5648kB present:16256kB pages_scanned:21649595 all_unreclaimable? yes
lowmem_reserve[]: 0 873 1000 1000
Normal free:7780kB min:3744kB low:4680kB high:5616kB active:426984kB inactive:410388kB present:894080kB pages_scanned:169681435 all_unreclaimable? yes
lowmem_reserve[]: 0 0 1015 1015
HighMem free:124kB min:128kB low:264kB high:400kB active:64364kB inactive:65000kB present:130024kB pages_scanned:263154 all_unreclaimable? yes
lowmem_reserve[]: 0 0 0 0
DMA: 1*4kB 0*8kB 0*16kB 1*32kB 1*64kB 1*128kB 1*256kB 1*512kB 1*1024kB 1*2048kB 0*4096kB = 4068kB
Normal: 1*4kB 8*8kB 2*16kB 0*32kB 6*64kB 3*128kB 1*256kB 1*512kB 0*1024kB 1*2048kB 1*4096kB = 7780kB
HighMem: 1*4kB 3*8kB 0*16kB 1*32kB 1*64kB 0*128kB 0*256kB 0*512kB 0*1024kB 0*2048kB 0*4096kB = 124kB
Swap cache: add 349432, delete 349432, find 10088/12556, race 0+0
Free swap  = 0kB
Total swap = 1028152kB
Free swap:            0kB
262137 pages of RAM
32761 pages of HIGHMEM
7666 reserved pages
2187 pages shared
0 pages swap cached
0 pages dirty
0 pages writeback
4 pages mapped
1746 pages slab
777 pages pagetables
supervise invoked oom-killer: gfp_mask=0xa00d2, order=0, oomkilladj=0
 [<c1004b2c>] show_trace_log_lvl+0x1a/0x2f
 [<c100559d>] show_trace+0x12/0x14
 [<c10055b4>] dump_stack+0x15/0x17
 [<c103f2ef>] out_of_memory+0x67/0x17c
 [<c10407cb>] __alloc_pages+0x208/0x287
 [<c104cb74>] read_swap_cache_async+0x35/0xb2
 [<c1045c34>] swapin_readahead+0x3a/0x58
 [<c1046ea7>] handle_mm_fault+0x2a7/0x4b0
 [<c10156a6>] do_page_fault+0x1f4/0x562
 [<c12b8cda>] error_code+0x6a/0x70
 [<c105de88>] sys_poll+0x33/0x35
 [<c1003c46>] sysenter_past_esp+0x5f/0x85
 =======================
Mem-info:
DMA per-cpu:
CPU    0: Hot: hi:    0, btch:   1 usd:   0   Cold: hi:    0, btch:   1 usd:   0
Normal per-cpu:
CPU    0: Hot: hi:  186, btch:  31 usd:  93   Cold: hi:   62, btch:  15 usd:  46
HighMem per-cpu:
CPU    0: Hot: hi:   42, btch:   7 usd:   3   Cold: hi:   14, btch:   3 usd:   3
Active:124452 inactive:120195 dirty:0 writeback:0 unstable:0
 free:2993 slab:1746 mapped:4 pagetables:777 bounce:0
DMA free:4068kB min:68kB low:84kB high:100kB active:6204kB inactive:5648kB present:16256kB pages_scanned:21649595 all_unreclaimable? yes
lowmem_reserve[]: 0 873 1000 1000
Normal free:7780kB min:3744kB low:4680kB high:5616kB active:427240kB inactive:410132kB present:894080kB pages_scanned:169681499 all_unreclaimable? yes
lowmem_reserve[]: 0 0 1015 1015
HighMem free:124kB min:128kB low:264kB high:400kB active:64364kB inactive:65000kB present:130024kB pages_scanned:263154 all_unreclaimable? yes
lowmem_reserve[]: 0 0 0 0
DMA: 1*4kB 0*8kB 0*16kB 1*32kB 1*64kB 1*128kB 1*256kB 1*512kB 1*1024kB 1*2048kB 0*4096kB = 4068kB
Normal: 1*4kB 8*8kB 2*16kB 0*32kB 6*64kB 3*128kB 1*256kB 1*512kB 0*1024kB 1*2048kB 1*4096kB = 7780kB
HighMem: 1*4kB 3*8kB 0*16kB 1*32kB 1*64kB 0*128kB 0*256kB 0*512kB 0*1024kB 0*2048kB 0*4096kB = 124kB
Swap cache: add 349432, delete 349432, find 10088/12557, race 0+0
Free swap  = 0kB
Total swap = 1028152kB
Free swap:            0kB
262137 pages of RAM
32761 pages of HIGHMEM
7666 reserved pages
2187 pages shared
0 pages swap cached
0 pages dirty
0 pages writeback
4 pages mapped
1746 pages slab
777 pages pagetables
X invoked oom-killer: gfp_mask=0xa01d2, order=0, oomkilladj=0
 [<c1004b2c>] show_trace_log_lvl+0x1a/0x2f
 [<c100559d>] show_trace+0x12/0x14
 [<c10055b4>] dump_stack+0x15/0x17
 [<c103f2ef>] out_of_memory+0x67/0x17c
 [<c10407cb>] __alloc_pages+0x208/0x287
 [<c1041c4d>] __do_page_cache_readahead+0xac/0x1c9
 [<c1042062>] do_page_cache_readahead+0x4b/0x56
 [<c103e844>] filemap_fault+0x13a/0x2df
 [<c10459ad>] __do_fault+0x51/0x29e
 [<c1046e6f>] handle_mm_fault+0x26f/0x4b0
 [<c10156a6>] do_page_fault+0x1f4/0x562
 [<c12b8cda>] error_code+0x6a/0x70
 =======================
Mem-info:
DMA per-cpu:
CPU    0: Hot: hi:    0, btch:   1 usd:   0   Cold: hi:    0, btch:   1 usd:   0
Normal per-cpu:
CPU    0: Hot: hi:  186, btch:  31 usd:  93   Cold: hi:   62, btch:  15 usd:  46
HighMem per-cpu:
CPU    0: Hot: hi:   42, btch:   7 usd:   3   Cold: hi:   14, btch:   3 usd:   3
Active:124452 inactive:120195 dirty:0 writeback:0 unstable:0
 free:2993 slab:1746 mapped:4 pagetables:777 bounce:0
DMA free:4068kB min:68kB low:84kB high:100kB active:6204kB inactive:5648kB present:16256kB pages_scanned:21649595 all_unreclaimable? yes
lowmem_reserve[]: 0 873 1000 1000
Normal free:7780kB min:3744kB low:4680kB high:5616kB active:427240kB inactive:410132kB present:894080kB pages_scanned:169681499 all_unreclaimable? yes
lowmem_reserve[]: 0 0 1015 1015
HighMem free:124kB min:128kB low:264kB high:400kB active:64364kB inactive:65000kB present:130024kB pages_scanned:263154 all_unreclaimable? yes
lowmem_reserve[]: 0 0 0 0
DMA: 1*4kB 0*8kB 0*16kB 1*32kB 1*64kB 1*128kB 1*256kB 1*512kB 1*1024kB 1*2048kB 0*4096kB = 4068kB
Normal: 1*4kB 8*8kB 2*16kB 0*32kB 6*64kB 3*128kB 1*256kB 1*512kB 0*1024kB 1*2048kB 1*4096kB = 7780kB
HighMem: 1*4kB 3*8kB 0*16kB 1*32kB 1*64kB 0*128kB 0*256kB 0*512kB 0*1024kB 0*2048kB 0*4096kB = 124kB
Swap cache: add 349432, delete 349432, find 10088/12557, race 0+0
Free swap  = 0kB
Total swap = 1028152kB
Free swap:            0kB
262137 pages of RAM
32761 pages of HIGHMEM
7666 reserved pages
2187 pages shared
0 pages swap cached
0 pages dirty
0 pages writeback
4 pages mapped
1746 pages slab
777 pages pagetables
init invoked oom-killer: gfp_mask=0xa01d2, order=0, oomkilladj=0
 [<c1004b2c>] show_trace_log_lvl+0x1a/0x2f
 [<c100559d>] show_trace+0x12/0x14
 [<c10055b4>] dump_stack+0x15/0x17
 [<c103f2ef>] out_of_memory+0x67/0x17c
 [<c10407cb>] __alloc_pages+0x208/0x287
 [<c1041c4d>] __do_page_cache_readahead+0xac/0x1c9
 [<c1042062>] do_page_cache_readahead+0x4b/0x56
 [<c103e844>] filemap_fault+0x13a/0x2df
 [<c10459ad>] __do_fault+0x51/0x29e
 [<c1046e6f>] handle_mm_fault+0x26f/0x4b0
 [<c10156a6>] do_page_fault+0x1f4/0x562
 [<c12b8cda>] error_code+0x6a/0x70
 =======================
Mem-info:
DMA per-cpu:
CPU    0: Hot: hi:    0, btch:   1 usd:   0   Cold: hi:    0, btch:   1 usd:   0
Normal per-cpu:
CPU    0: Hot: hi:  186, btch:  31 usd:  93   Cold: hi:   62, btch:  15 usd:  46
HighMem per-cpu:
CPU    0: Hot: hi:   42, btch:   7 usd:   3   Cold: hi:   14, btch:   3 usd:   3
Active:124452 inactive:120195 dirty:0 writeback:0 unstable:0
 free:2993 slab:1746 mapped:4 pagetables:777 bounce:0
DMA free:4068kB min:68kB low:84kB high:100kB active:6204kB inactive:5648kB present:16256kB pages_scanned:21649595 all_unreclaimable? yes
lowmem_reserve[]: 0 873 1000 1000
Normal free:7780kB min:3744kB low:4680kB high:5616kB active:427240kB inactive:410132kB present:894080kB pages_scanned:169681499 all_unreclaimable? yes
lowmem_reserve[]: 0 0 1015 1015
HighMem free:124kB min:128kB low:264kB high:400kB active:64364kB inactive:65000kB present:130024kB pages_scanned:263154 all_unreclaimable? yes
lowmem_reserve[]: 0 0 0 0
DMA: 1*4kB 0*8kB 0*16kB 1*32kB 1*64kB 1*128kB 1*256kB 1*512kB 1*1024kB 1*2048kB 0*4096kB = 4068kB
Normal: 1*4kB 8*8kB 2*16kB 0*32kB 6*64kB 3*128kB 1*256kB 1*512kB 0*1024kB 1*2048kB 1*4096kB = 7780kB
HighMem: 1*4kB 3*8kB 0*16kB 1*32kB 1*64kB 0*128kB 0*256kB 0*512kB 0*1024kB 0*2048kB 0*4096kB = 124kB
Swap cache: add 349432, delete 349432, find 10088/12557, race 0+0
Free swap  = 0kB
Total swap = 1028152kB
Free swap:            0kB
262137 pages of RAM
32761 pages of HIGHMEM
7666 reserved pages
2187 pages shared
0 pages swap cached
0 pages dirty
0 pages writeback
4 pages mapped
1746 pages slab
777 pages pagetables
hald invoked oom-killer: gfp_mask=0xa01d2, order=0, oomkilladj=0
 [<c1004b2c>] show_trace_log_lvl+0x1a/0x2f
 [<c100559d>] show_trace+0x12/0x14
 [<c10055b4>] dump_stack+0x15/0x17
 [<c103f2ef>] out_of_memory+0x67/0x17c
 [<c10407cb>] __alloc_pages+0x208/0x287
 [<c1041c4d>] __do_page_cache_readahead+0xac/0x1c9
 [<c1042062>] do_page_cache_readahead+0x4b/0x56
 [<c103e844>] filemap_fault+0x13a/0x2df
 [<c10459ad>] __do_fault+0x51/0x29e
 [<c1046e6f>] handle_mm_fault+0x26f/0x4b0
 [<c10156a6>] do_page_fault+0x1f4/0x562
 [<c12b8cda>] error_code+0x6a/0x70
 =======================
Mem-info:
DMA per-cpu:
CPU    0: Hot: hi:    0, btch:   1 usd:   0   Cold: hi:    0, btch:   1 usd:   0
Normal per-cpu:
CPU    0: Hot: hi:  186, btch:  31 usd:  93   Cold: hi:   62, btch:  15 usd:  46
HighMem per-cpu:
CPU    0: Hot: hi:   42, btch:   7 usd:   3   Cold: hi:   14, btch:   3 usd:   3
Active:124452 inactive:120195 dirty:0 writeback:0 unstable:0
 free:2993 slab:1746 mapped:4 pagetables:777 bounce:0
DMA free:4068kB min:68kB low:84kB high:100kB active:6204kB inactive:5648kB present:16256kB pages_scanned:21649595 all_unreclaimable? yes
lowmem_reserve[]: 0 873 1000 1000
Normal free:7780kB min:3744kB low:4680kB high:5616kB active:427240kB inactive:410132kB present:894080kB pages_scanned:169681499 all_unreclaimable? yes
lowmem_reserve[]: 0 0 1015 1015
HighMem free:124kB min:128kB low:264kB high:400kB active:64364kB inactive:65000kB present:130024kB pages_scanned:263154 all_unreclaimable? yes
lowmem_reserve[]: 0 0 0 0
DMA: 1*4kB 0*8kB 0*16kB 1*32kB 1*64kB 1*128kB 1*256kB 1*512kB 1*1024kB 1*2048kB 0*4096kB = 4068kB
Normal: 1*4kB 8*8kB 2*16kB 0*32kB 6*64kB 3*128kB 1*256kB 1*512kB 0*1024kB 1*2048kB 1*4096kB = 7780kB
HighMem: 1*4kB 3*8kB 0*16kB 1*32kB 1*64kB 0*128kB 0*256kB 0*512kB 0*1024kB 0*2048kB 0*4096kB = 124kB
Swap cache: add 349432, delete 349432, find 10088/12557, race 0+0
Free swap  = 0kB
Total swap = 1028152kB
Free swap:            0kB
262137 pages of RAM
32761 pages of HIGHMEM
7666 reserved pages
2187 pages shared
0 pages swap cached
0 pages dirty
0 pages writeback
4 pages mapped
1746 pages slab
777 pages pagetables
Out of memory: kill process 5646 (fvwm2) score 23098 or a child
Killed process 5647 (FvwmPager)
Out of memory: kill process 5646 (fvwm2) score 22745 or a child
Killed process 5659 (xterm)
agpgart: Found an AGP 2.0 compliant device at 0000:00:00.0.
agpgart: Putting AGP V2 device at 0000:00:00.0 into 1x mode
agpgart: Putting AGP V2 device at 0000:01:00.0 into 1x mode
mtrr: no MTRR for d8000000,2000000 found
agpgart: Found an AGP 2.0 compliant device at 0000:00:00.0.
agpgart: Putting AGP V2 device at 0000:00:00.0 into 1x mode
agpgart: Putting AGP V2 device at 0000:01:00.0 into 1x mode
[drm] Setting GART location based on new memory map
[drm] writeback test succeeded in 2 usecs
mtrr: no MTRR for d8000000,2000000 found
agpgart: Found an AGP 2.0 compliant device at 0000:00:00.0.
agpgart: Putting AGP V2 device at 0000:00:00.0 into 1x mode
agpgart: Putting AGP V2 device at 0000:01:00.0 into 1x mode
[drm] Setting GART location based on new memory map
[drm] writeback test succeeded in 2 usecs
agpgart: Found an AGP 2.0 compliant device at 0000:00:00.0.
agpgart: Putting AGP V2 device at 0000:00:00.0 into 1x mode
agpgart: Putting AGP V2 device at 0000:01:00.0 into 1x mode