Date: Fri, 27 Aug 1999 17:28:00 +0200
From: FAVRE Grégoire <>
Subject: 2.3.15 won't boot (aic7xxx ?)
Sender: linux-kernel-owner@vger.kernel.org
Precedence: bulk
List-ID: <linux-kernel.vger.kernel.org>
X-Mailing-List: linux-kernel@vger.kernel.org
X-Lkml-Link: https://lkml.org/lkml/1999/8/27/64

Hello,
Just after changing the resolution (vga=794), leaving a black screen of the
new resolution, the system halt, is there a way to learn where the problem
is?
As I don't see anything on the scsi chain (as it should...) maybe the problem
is from there?
please note that I have also compiled 2.3.15 with gcc 2.8.1 with the same results.
Under 2.3.14, from dmesg:
Linux version 2.3.14 (root@lsne-dhcp-1-199) (gcc version pgcc-2.91.66 19990314 (egcs-1.1.2 release)) #10 Sun Aug 22 20:14:20 CEST 1999
INITIALIZING CPU#0
Detected 503963778 Hz processor.
Console: colour dummy device 80x25
Calibrating delay loop... 502.99 BogoMIPS
Memory: 256708k/262080k available (1072k kernel code, 404k reserved, 3820k data, 76k init)
Buffer-cache hash table entries: 16384 (order: 4, 65536 bytes)
Page-cache hash table entries: 65536 (order: 6, 262144 bytes)
CPU: Intel Pentium III (Katmai) stepping 02
Checking 386/387 coupling... OK, FPU using exception 16 error reporting.
Checking 'hlt' instruction... OK.
POSIX conformance testing by UNIFIX
mtrr: v1.35 (19990512) Richard Gooch (rgooch@atnf.csiro.au)
PCI: PCI BIOS revision 2.10 entry at 0xf0720
PCI: Using configuration type 1
PCI: Probing PCI hardware
Linux NET4.0 for Linux 2.3
Based upon Swansea University Computer Society NET3.039
NET4: Unix domain sockets 1.0 for Linux NET4.0.
NET4: Linux TCP/IP 1.0 for NET4.0
IP Protocols: ICMP, UDP, TCP
TCP: Hash tables configured (established 262144 bind 262144)
apm: BIOS version 1.2 Flags 0x03 (Driver version 1.9)
Starting kswapd v1.6
parport0: PC-style at 0x378 [PCSPP]
vesafb: framebuffer at 0xe0000000, mapped to 0xd0000000, size 32768k
vesafb: mode is 1280x1024x16, linelength=2560, pages=11
vesafb: protected mode interface info at c000:49a4
vesafb: scrolling: redraw
vesafb: directcolor: size=0:5:6:5, shift=0:11:5:0
Console: switching to colour frame buffer device 160x64
fb0: VESA VGA frame buffer device
Detected PS/2 Mouse Port.
pty: 256 Unix98 ptys configured
lp0: using parport0 (polling).
Floppy drive(s): fd0 is 1.44M
FDC 0 is a post-1991 82077
Trying to free free IRQ6
(scsi0) <Adaptec AIC-7890/1 Ultra2 SCSI host adapter> found at PCI 6/0
(scsi0) Wide Channel, SCSI ID=7, 32/255 SCBs
(scsi0) Downloading sequencer code... 374 instructions downloaded
scsi0 : Adaptec AHA274x/284x/294x (EISA/VLB/PCI-Fast SCSI) 5.1.19/3.2.4
       <Adaptec AIC-7890/1 Ultra2 SCSI host adapter>
scsi : 1 host.
(scsi0:0:0:0) Synchronous at 20.0 Mbyte/sec, offset 15.
  Vendor: QUANTUM   Model: FIREBALL_TM3200S  Rev: 300X
  Type:   Direct-Access                      ANSI SCSI revision: 02
Detected scsi disk sda at scsi0, channel 0, id 0, lun 0
(scsi0:0:1:0) Synchronous at 20.0 Mbyte/sec, offset 8.
  Vendor: PIONEER   Model: DVD-ROM DVD-303   Rev: 1.09
  Type:   CD-ROM                             ANSI SCSI revision: 02
Detected scsi CD-ROM sr0 at scsi0, channel 0, id 1, lun 0
(scsi0:0:2:0) Synchronous at 16.0 Mbyte/sec, offset 16.
  Vendor: PIONEER   Model: CD-ROM DR-U06S    Rev: 1.05
  Type:   CD-ROM                             ANSI SCSI revision: 02
Detected scsi CD-ROM sr1 at scsi0, channel 0, id 2, lun 0
(scsi0:0:3:0) Synchronous at 10.0 Mbyte/sec, offset 8.
  Vendor: PLEXTOR   Model: CD-R   PX-R820T   Rev: 1.05
  Type:   CD-ROM                             ANSI SCSI revision: 02
Detected scsi CD-ROM sr2 at scsi0, channel 0, id 3, lun 0
(scsi0:0:4:0) Synchronous at 80.0 Mbyte/sec, offset 15.
  Vendor: IBM       Model: DDRS-39130D       Rev: DC1B
  Type:   Direct-Access                      ANSI SCSI revision: 02
Detected scsi disk sdb at scsi0, channel 0, id 4, lun 0
scsi : detected 3 SCSI cdroms 2 SCSI disks total.
sr0: scsi3-mmc drive: 0x/0x cd/rw xa/form2 cdda tray
Uniform CDROM driver Revision: 3.02
sr1: scsi3-mmc drive: 32x/32x cd/rw xa/form2 cdda tray
sr2: scsi3-mmc drive: 20x/20x writer cd/rw xa/form2 cdda tray
SCSI device sda: hdwr sector= 512 bytes. Sectors= 6281856 [3067 MB] [3.1 GB]
SCSI device sdb: hdwr sector= 512 bytes. Sectors= 17850000 [8715 MB] [8.7 GB]
  PCI latency timer (CFLT) is unreasonably low at 0.  Setting to 32 clocks.
eepro100.c:v1.09j 7/27/99 Donald Becker 
http://cesdis.gsfc.nasa.gov/linux/drivers/eepro100.html
eth0: Intel PCI EtherExpress Pro100 at 0xd2003000, 00:E0:18:90:14:C5, IRQ 14.
  Board assembly 668081-002, Physical connectors present: RJ45
  Primary interface chip i82555 PHY #1.
  General self-test: passed.
  Serial sub-system self-test: passed.
  Internal registers self-test: passed.
  ROM checksum self-test: passed (0x24c9f043).
  Receiver lock-up workaround activated.
eepro100.c:v1.09j 7/27/99 Donald Becker 
http://cesdis.gsfc.nasa.gov/linux/drivers/eepro100.html
Partition check:
 sda: sda1 sda2 < sda5 >
 sdb: sdb1 sdb2 sdb3 sdb4 < sdb5 sdb6 sdb7 sdb8 sdb9 sdb10 >
VFS: Mounted root (ext2 filesystem) readonly.
Freeing unused kernel memory: 76k freed
Adding Swap: 130748k swap-space (priority -1)
Thanks,
	Greg						ICQ:16624071
''''''''''''''''''''''''''''''''''''''''''''''''''''''''''''''''''''
Gregoire Favre, Institut de Mathématique de l'Universite de Lausanne
+41216923573,+41763231357, 
http://www.unil.ch/ima/docs/Personnes/gfavre
-
To unsubscribe from this list: send the line "unsubscribe linux-kernel" in
the body of a message to majordomo@vger.rutgers.edu
Please read the FAQ at 
http://www.tux.org/lkml/