Date: Wed, 25 Jul 2007 21:41:42 +0200
From: "Christoph Pfister" <>
Subject: BUG: soft lockup detected on CPU#0!
Sender: linux-kernel-owner@vger.kernel.org
Precedence: bulk
List-ID: <linux-kernel.vger.kernel.org>
X-Mailing-List: linux-kernel@vger.kernel.org
X-Lkml-Link: https://lkml.org/lkml/2007/7/25/376

Hi,
After burning a dvd I had to eject it and found that message in dmesg.
Syslog snippet and dmesg attached.
System is 2.6.21 (debian version), running a p4, issue reproducible.
Thanks for taking care of this,
Christoph
Jul 25 21:28:18 localhost kernel: hdc: DMA timeout retry
Jul 25 21:28:18 localhost kernel: hdc: timeout waiting for DMA
Jul 25 21:28:18 localhost kernel: hdc: status timeout: status=0xd0 { Busy }
Jul 25 21:28:18 localhost kernel: ide: failed opcode was: unknown
Jul 25 21:28:18 localhost kernel: hdc: drive not ready for command
Jul 25 21:28:22 localhost kernel: hdc: status timeout: status=0xd0 { Busy }
Jul 25 21:28:22 localhost kernel: ide: failed opcode was: unknown
Jul 25 21:28:22 localhost kernel: hdc: drive not ready for command
Jul 25 21:28:27 localhost kernel: hdc: status timeout: status=0xd0 { Busy }
Jul 25 21:28:27 localhost kernel: ide: failed opcode was: unknown
Jul 25 21:28:27 localhost kernel: hdc: drive not ready for command
Jul 25 21:28:33 localhost kernel: hdc: status timeout: status=0xd0 { Busy }
Jul 25 21:28:33 localhost kernel: ide: failed opcode was: unknown
Jul 25 21:28:33 localhost kernel: hdc: drive not ready for command
Jul 25 21:28:37 localhost kernel: hdc: status timeout: status=0xd0 { Busy }
Jul 25 21:28:37 localhost kernel: ide: failed opcode was: unknown
Jul 25 21:28:37 localhost kernel: hdc: drive not ready for command
Jul 25 21:28:42 localhost kernel: hdc: status timeout: status=0xd0 { Busy }
Jul 25 21:28:42 localhost kernel: ide: failed opcode was: unknown
Jul 25 21:28:42 localhost kernel: hdc: drive not ready for command
Jul 25 21:28:47 localhost kernel: hdc: status timeout: status=0xd0 { Busy }
Jul 25 21:28:47 localhost kernel: ide: failed opcode was: unknown
Jul 25 21:28:47 localhost kernel: hdc: drive not ready for command
Jul 25 21:28:53 localhost kernel: hdc: status timeout: status=0xd0 { Busy }
Jul 25 21:28:53 localhost kernel: ide: failed opcode was: unknown
Jul 25 21:28:53 localhost kernel: hdc: drive not ready for command
Jul 25 21:28:57 localhost kernel: hdc: status timeout: status=0xd0 { Busy }
Jul 25 21:28:57 localhost kernel: ide: failed opcode was: unknown
Jul 25 21:28:57 localhost kernel: hdc: drive not ready for command
Jul 25 21:29:02 localhost kernel: hdc: status timeout: status=0xd0 { Busy }
Jul 25 21:29:02 localhost kernel: ide: failed opcode was: unknown
Jul 25 21:29:02 localhost kernel: hdc: drive not ready for command
Jul 25 21:29:07 localhost kernel: hdc: status timeout: status=0xd0 { Busy }
Jul 25 21:29:07 localhost kernel: ide: failed opcode was: unknown
Jul 25 21:29:07 localhost kernel: hdc: drive not ready for command
Jul 25 21:29:12 localhost kernel: hdc: status timeout: status=0xd0 { Busy }
Jul 25 21:29:12 localhost kernel: ide: failed opcode was: unknown
Jul 25 21:29:12 localhost kernel: hdc: drive not ready for command
Jul 25 21:29:15 localhost kernel: Clocksource tsc unstable (delta = 60929737808 ns)
Jul 25 21:29:15 localhost kernel: Time: acpi_pm clocksource has been installed.
Jul 25 21:29:15 localhost kernel: BUG: soft lockup detected on CPU#0!
Jul 25 21:29:15 localhost kernel:  [<c014ab53>] softlockup_tick+0xa6/0xb5
Jul 25 21:29:15 localhost kernel:  [<c012a062>] update_process_times+0x3b/0x5e
Jul 25 21:29:15 localhost kernel:  [<c0138e08>] tick_sched_timer+0x78/0xbb
Jul 25 21:29:15 localhost kernel:  [<c01358e4>] hrtimer_interrupt+0x131/0x1bd
Jul 25 21:29:15 localhost kernel:  [<c0138d90>] tick_sched_timer+0x0/0xbb
Jul 25 21:29:15 localhost kernel:  [<c0114bbd>] smp_apic_timer_interrupt+0x6c/0x7d
Jul 25 21:29:15 localhost kernel:  [<c010481c>] apic_timer_interrupt+0x28/0x30
Jul 25 21:29:15 localhost kernel:  =======================
Linux version 2.6.21-2-686 (Debian 2.6.21-6) (waldi@debian.org) (gcc version 4.1.3 20070629 (prerelease) (Debian 4.1.2-13)) #1 SMP Wed Jul 11 03:53:02 UTC 2007
BIOS-provided physical RAM map:
sanitize start
sanitize end
copy_e820_map() start: 0000000000000000 size: 000000000009fc00 end: 000000000009fc00 type: 1
copy_e820_map() type is E820_RAM
copy_e820_map() start: 000000000009fc00 size: 0000000000000400 end: 00000000000a0000 type: 2
copy_e820_map() start: 00000000000e8000 size: 0000000000018000 end: 0000000000100000 type: 2
copy_e820_map() start: 0000000000100000 size: 000000001fe30000 end: 000000001ff30000 type: 1
copy_e820_map() type is E820_RAM
copy_e820_map() start: 000000001ff30000 size: 0000000000010000 end: 000000001ff40000 type: 3
copy_e820_map() start: 000000001ff40000 size: 00000000000b0000 end: 000000001fff0000 type: 4
copy_e820_map() start: 000000001fff0000 size: 0000000000010000 end: 0000000020000000 type: 2
copy_e820_map() start: 00000000ffb80000 size: 0000000000480000 end: 0000000100000000 type: 2
 BIOS-e820: 0000000000000000 - 000000000009fc00 (usable)
 BIOS-e820: 000000000009fc00 - 00000000000a0000 (reserved)
 BIOS-e820: 00000000000e8000 - 0000000000100000 (reserved)
 BIOS-e820: 0000000000100000 - 000000001ff30000 (usable)
 BIOS-e820: 000000001ff30000 - 000000001ff40000 (ACPI data)
 BIOS-e820: 000000001ff40000 - 000000001fff0000 (ACPI NVS)
 BIOS-e820: 000000001fff0000 - 0000000020000000 (reserved)
 BIOS-e820: 00000000ffb80000 - 0000000100000000 (reserved)
0MB HIGHMEM available.
511MB LOWMEM available.
found SMP MP-table at 000ff780
Entering add_active_range(0, 0, 130864) 0 entries of 256 used
Zone PFN ranges:
  DMA             0 ->     4096
  Normal       4096 ->   130864
  HighMem    130864 ->   130864
early_node_map[1] active PFN ranges
    0:        0 ->   130864
On node 0 totalpages: 130864
  DMA zone: 32 pages used for memmap
  DMA zone: 0 pages reserved
  DMA zone: 4064 pages, LIFO batch:0
  Normal zone: 990 pages used for memmap
  Normal zone: 125778 pages, LIFO batch:31
  HighMem zone: 0 pages used for memmap
DMI 2.3 present.
ACPI: RSDP 000F9E30, 0014 (r0 ACPIAM)
ACPI: RSDT 1FF30000, 0030 (r1 A M I  OEMRSDT  11000306 MSFT       97)
ACPI: FACP 1FF30200, 0081 (r2 A M I  OEMFACP  11000306 MSFT       97)
ACPI Warning (tbfadt-0360): Ignoring BIOS FADT r2 C-state control [20070126]
ACPI: DSDT 1FF303F0, 382D (r1  P4P81 P4P81088       88 INTL  2002026)
ACPI: FACS 1FF40000, 0040
ACPI: APIC 1FF30390, 005C (r1 A M I  OEMAPIC  11000306 MSFT       97)
ACPI: OEMB 1FF40040, 003F (r1 A M I  OEMBIOS  11000306 MSFT       97)
ACPI: PM-Timer IO Port: 0x808
ACPI: Local APIC address 0xfee00000
ACPI: LAPIC (acpi_id[0x01] lapic_id[0x00] enabled)
Processor #0 15:2 APIC version 20
ACPI: LAPIC (acpi_id[0x02] lapic_id[0x01] enabled)
Processor #1 15:2 APIC version 20
ACPI: IOAPIC (id[0x02] address[0xfec00000] gsi_base[0])
IOAPIC[0]: apic_id 2, version 32, address 0xfec00000, GSI 0-23
ACPI: INT_SRC_OVR (bus 0 bus_irq 0 global_irq 2 dfl dfl)
ACPI: INT_SRC_OVR (bus 0 bus_irq 9 global_irq 9 high level)
ACPI: IRQ0 used by override.
ACPI: IRQ2 used by override.
ACPI: IRQ9 used by override.
Enabling APIC mode:  Flat.  Using 1 I/O APICs
Using ACPI (MADT) for SMP configuration information
Allocating PCI resources starting at 30000000 (gap: 20000000:dfb80000)
Built 1 zonelists.  Total pages: 129842
Kernel command line: root=/dev/hda8 vga=795
mapped APIC to ffffd000 (fee00000)
mapped IOAPIC to ffffc000 (fec00000)
Enabling fast FPU save and restore... done.
Enabling unmasked SIMD FPU exception support... done.
Initializing CPU#0
PID hash table entries: 2048 (order: 11, 8192 bytes)
Detected 2806.561 MHz processor.
Console: colour dummy device 80x25
Dentry cache hash table entries: 65536 (order: 6, 262144 bytes)
Inode-cache hash table entries: 32768 (order: 5, 131072 bytes)
Memory: 514116k/523456k available (1661k kernel code, 8752k reserved, 636k data, 212k init, 0k highmem)
virtual kernel memory layout:
    fixmap  : 0xfff4f000 - 0xfffff000   ( 704 kB)
    pkmap   : 0xff800000 - 0xffc00000   (4096 kB)
    vmalloc : 0xe0800000 - 0xff7fe000   ( 495 MB)
    lowmem  : 0xc0000000 - 0xdff30000   ( 511 MB)
      .init : 0xc0345000 - 0xc037a000   ( 212 kB)
      .data : 0xc029f5e5 - 0xc033e834   ( 636 kB)
      .text : 0xc0100000 - 0xc029f5e5   (1661 kB)
Checking if this processor honours the WP bit even in supervisor mode... Ok.
Calibrating delay using timer specific routine.. 5617.26 BogoMIPS (lpj=11234535)
Security Framework v1.0.0 initialized
SELinux:  Disabled at boot.
Capability LSM initialized
Mount-cache hash table entries: 512
CPU: After generic identify, caps: bfebfbff 00000000 00000000 00000000 00004400 00000000 00000000
CPU: Trace cache: 12K uops, L1 D cache: 8K
CPU: L2 cache: 512K
CPU: Physical Processor ID: 0
CPU: After all inits, caps: bfebfbff 00000000 00000000 00003080 00004400 00000000 00000000
Intel machine check architecture supported.
Intel machine check reporting enabled on CPU#0.
CPU0: Intel P4/Xeon Extended MCE MSRs (12) available
CPU0: Thermal monitoring enabled
Compat vDSO mapped to ffffe000.
Checking 'hlt' instruction... OK.
SMP alternatives: switching to UP code
ACPI: Core revision 20070126
CPU0: Intel(R) Pentium(R) 4 CPU 2.80GHz stepping 09
SMP alternatives: switching to SMP code
Booting processor 1/1 eip 3000
Initializing CPU#1
Calibrating delay using timer specific routine.. 5613.17 BogoMIPS (lpj=11226355)
CPU: After generic identify, caps: bfebfbff 00000000 00000000 00000000 00004400 00000000 00000000
CPU: Trace cache: 12K uops, L1 D cache: 8K
CPU: L2 cache: 512K
CPU: Physical Processor ID: 0
CPU: After all inits, caps: bfebfbff 00000000 00000000 00003080 00004400 00000000 00000000
Intel machine check architecture supported.
Intel machine check reporting enabled on CPU#1.
CPU1: Intel P4/Xeon Extended MCE MSRs (12) available
CPU1: Thermal monitoring enabled
CPU1: Intel(R) Pentium(R) 4 CPU 2.80GHz stepping 09
Total of 2 processors activated (11230.44 BogoMIPS).
ENABLING IO-APIC IRQs
..TIMER: vector=0x31 apic1=0 pin1=2 apic2=-1 pin2=-1
checking TSC synchronization [CPU#0 -> CPU#1]: passed.
Brought up 2 CPUs
migration_cost=67
Booting paravirtualized kernel on bare hardware
NET: Registered protocol family 16
ACPI: bus type pci registered
PCI: PCI BIOS revision 2.10 entry at 0xf0031, last bus=2
PCI: Using configuration type 1
Setting up standard PCI resources
ACPI: Interpreter enabled
ACPI: (supports S0 S1 S3 S4 S5)
ACPI: Using IOAPIC for interrupt routing
ACPI: PCI Root Bridge [PCI0] (0000:00)
PCI: Probing PCI hardware (bus 00)
PCI quirk: region 0800-087f claimed by ICH4 ACPI/GPIO/TCO
PCI quirk: region 0480-04bf claimed by ICH4 GPIO
Boot video device is 0000:01:00.0
PCI: Transparent bridge - 0000:00:1e.0
ACPI: PCI Interrupt Routing Table [\_SB_.PCI0._PRT]
ACPI: PCI Interrupt Routing Table [\_SB_.PCI0.P0P4._PRT]
ACPI: PCI Interrupt Link [LNKA] (IRQs 3 4 5 6 7 *10 11 12 14 15)
ACPI: PCI Interrupt Link [LNKB] (IRQs 3 4 *5 6 7 10 11 12 14 15)
ACPI: PCI Interrupt Link [LNKC] (IRQs 3 4 *5 6 7 10 11 12 14 15)
ACPI: PCI Interrupt Link [LNKD] (IRQs 3 4 *5 6 7 10 11 12 14 15)
ACPI: PCI Interrupt Link [LNKE] (IRQs 3 4 5 6 7 10 *11 12 14 15)
ACPI: PCI Interrupt Link [LNKF] (IRQs 3 4 *5 6 7 10 11 12 14 15)
ACPI: PCI Interrupt Link [LNKG] (IRQs 3 4 *5 6 7 10 11 12 14 15)
ACPI: PCI Interrupt Link [LNKH] (IRQs 3 4 5 6 7 10 *11 12 14 15)
Linux Plug and Play Support v0.97 (c) Adam Belay
pnp: PnP ACPI init
pnp: PnP ACPI: found 14 devices
ASUS P4P800 detected. Disabling PnPBIOS
PnPBIOS: Disabled
PCI: Using ACPI for IRQ routing
PCI: If a device doesn't work, try "pci=routeirq".  If it helps, post a report
NET: Registered protocol family 8
NET: Registered protocol family 20
pnp: 00:0a: ioport range 0x680-0x6ff has been reserved
pnp: 00:0a: ioport range 0x290-0x297 has been reserved
pnp: 00:0b: iomem range 0xfed20000-0xfed8ffff has been reserved
pnp: 00:0b: iomem range 0xffb00000-0xffbfffff could not be reserved
pnp: 00:0c: iomem range 0xfec00000-0xfec00fff has been reserved
pnp: 00:0c: iomem range 0xfee00000-0xfee00fff has been reserved
pnp: 00:0d: iomem range 0x0-0x9ffff could not be reserved
pnp: 00:0d: iomem range 0xc0000-0xdffff could not be reserved
pnp: 00:0d: iomem range 0xe0000-0xfffff could not be reserved
pnp: 00:0d: iomem range 0x100000-0x1ffeffff could not be reserved
Time: tsc clocksource has been installed.
PCI: Bridge: 0000:00:01.0
  IO window: disabled.
  MEM window: fc900000-fe9fffff
  PREFETCH window: e7f00000-f7efffff
PCI: Bridge: 0000:00:1e.0
  IO window: d000-dfff
  MEM window: fea00000-feafffff
  PREFETCH window: disabled.
PCI: Setting latency timer of device 0000:00:1e.0 to 64
NET: Registered protocol family 2
IP route cache hash table entries: 4096 (order: 2, 16384 bytes)
TCP established hash table entries: 16384 (order: 5, 196608 bytes)
TCP bind hash table entries: 16384 (order: 5, 131072 bytes)
TCP: Hash tables configured (established 16384 bind 16384)
TCP reno registered
checking if image is initramfs... it is
Freeing initrd memory: 1305k freed
audit: initializing netlink socket (disabled)
audit(1185398280.336:1): initialized
VFS: Disk quotas dquot_6.5.1
Dquot-cache hash table entries: 1024 (order 0, 4096 bytes)
io scheduler noop registered
io scheduler anticipatory registered
io scheduler deadline registered
io scheduler cfq registered (default)
Switched to high resolution mode on CPU 1
Switched to high resolution mode on CPU 0
0000:00:1d.7 EHCI: BIOS handoff failed (BIOS bug ?) 01010001
vesafb: framebuffer at 0xe8000000, mapped to 0xe0880000, using 10240k, total 131072k
vesafb: mode is 1280x1024x32, linelength=5120, pages=0
vesafb: protected mode interface info at c000:ef40
vesafb: pmi: set display start = c00cef76, set palette = c00cefe0
vesafb: pmi: ports = 3b4 3b5 3ba 3c0 3c1 3c4 3c5 3c6 3c7 3c8 3c9 3cc 3ce 3cf 3d0 3d1 3d2 3d3 3d4 3d5 3da 
vesafb: scrolling: redraw
vesafb: Truecolor: size=8:8:8:8, shift=24:16:8:0
Console: switching to colour frame buffer device 160x64
fb0: VESA VGA frame buffer device
isapnp: Scanning for PnP cards...
isapnp: No Plug & Play device found
Serial: 8250/16550 driver $Revision: 1.90 $ 4 ports, IRQ sharing enabled
serial8250: ttyS0 at I/O 0x3f8 (irq = 4) is a 16550A
serial8250: ttyS1 at I/O 0x2f8 (irq = 3) is a 16550A
00:06: ttyS0 at I/O 0x3f8 (irq = 4) is a 16550A
00:07: ttyS1 at I/O 0x2f8 (irq = 3) is a 16550A
RAMDISK driver initialized: 16 RAM disks of 8192K size 1024 blocksize
PNP: PS/2 Controller [PNP0303:PS2K] at 0x60,0x64 irq 1
PNP: PS/2 controller doesn't have AUX irq; using default 12
serio: i8042 KBD port at 0x60,0x64 irq 1
serio: i8042 AUX port at 0x60,0x64 irq 12
mice: PS/2 mouse device common for all mice
TCP bic registered
NET: Registered protocol family 1
NET: Registered protocol family 17
Using IPI No-Shortcut mode
Freeing unused kernel memory: 212k freed
input: AT Translated Set 2 keyboard as /class/input/input0
Uniform Multi-Platform E-IDE driver Revision: 7.00alpha2
ide: Assuming 33MHz system bus speed for PIO modes; override with idebus=xx
ICH5: IDE controller at PCI slot 0000:00:1f.1
PCI: Enabling device 0000:00:1f.1 (0005 -> 0007)
ACPI: PCI Interrupt 0000:00:1f.1[A] -> GSI 18 (level, low) -> IRQ 16
ICH5: chipset revision 2
ICH5: not 100% native mode: will probe irqs later
    ide0: BM-DMA at 0xfc00-0xfc07, BIOS settings: hda:DMA, hdb:pio
    ide1: BM-DMA at 0xfc08-0xfc0f, BIOS settings: hdc:DMA, hdd:pio
Probing IDE interface ide0...
hda: SAMSUNG SP1614N, ATA DISK drive
ide0 at 0x1f0-0x1f7,0x3f6 on irq 14
Probing IDE interface ide1...
hdc: LITE-ON DVDRW SHW-1635S, ATAPI CD/DVD-ROM drive
ide1 at 0x170-0x177,0x376 on irq 15
SCSI subsystem initialized
libata version 2.20 loaded.
hda: max request size: 512KiB
hda: 312581808 sectors (160041 MB) w/8192KiB Cache, CHS=19457/255/63, UDMA(100)
hda: cache flushes supported
 hda: hda1 hda2 < hda5 hda6 hda7 hda8 hda9 >
ReiserFS: hda8: found reiserfs format "3.6" with standard journal
ReiserFS: hda8: using ordered data mode
ReiserFS: hda8: journal params: device hda8, size 8192, journal first block 18, max trans len 1024, max batch 900, max commit age 30, max trans age 30
ReiserFS: hda8: checking transaction log (hda8)
ReiserFS: hda8: Using r5 hash to sort names
usbcore: registered new interface driver usbfs
usbcore: registered new interface driver hub
input: PC Speaker as /class/input/input1
usbcore: registered new device driver usb
ACPI: PCI Interrupt 0000:00:1f.3[B] -> GSI 17 (level, low) -> IRQ 17
Linux agpgart interface v0.102 (c) Dave Jones
agpgart: Detected an Intel 865 Chipset.
agpgart: AGP aperture is 64M @ 0xf8000000
pci_hotplug: PCI Hot Plug PCI Core version: 0.5
USB Universal Host Controller Interface driver v3.0
ACPI: PCI Interrupt 0000:00:1d.0[A] -> GSI 16 (level, low) -> IRQ 18
PCI: Setting latency timer of device 0000:00:1d.0 to 64
uhci_hcd 0000:00:1d.0: UHCI Host Controller
uhci_hcd 0000:00:1d.0: new USB bus registered, assigned bus number 1
uhci_hcd 0000:00:1d.0: irq 18, io base 0x0000ef00
usb usb1: configuration #1 chosen from 1 choice
hub 1-0:1.0: USB hub found
hub 1-0:1.0: 2 ports detected
intel_rng: FWH not detected
parport: PnPBIOS parport detected.
parport0: PC-style at 0x378 (0x778), irq 7, dma 3 [PCSPP,TRISTATE,COMPAT,EPP,ECP,DMA]
Real Time Clock Driver v1.12ac
ACPI: PCI Interrupt 0000:00:1d.1[B] -> GSI 19 (level, low) -> IRQ 19
PCI: Setting latency timer of device 0000:00:1d.1 to 64
uhci_hcd 0000:00:1d.1: UHCI Host Controller
uhci_hcd 0000:00:1d.1: new USB bus registered, assigned bus number 2
uhci_hcd 0000:00:1d.1: irq 19, io base 0x0000ef20
usb usb2: configuration #1 chosen from 1 choice
hub 2-0:1.0: USB hub found
hub 2-0:1.0: 2 ports detected
Floppy drive(s): fd0 is 1.44M
FDC 0 is a post-1991 82077
Intel 810 + AC97 Audio, version 1.01, 03:46:36 Jul 11 2007
ACPI: PCI Interrupt 0000:00:1d.2[C] -> GSI 18 (level, low) -> IRQ 16
PCI: Setting latency timer of device 0000:00:1d.2 to 64
uhci_hcd 0000:00:1d.2: UHCI Host Controller
uhci_hcd 0000:00:1d.2: new USB bus registered, assigned bus number 3
uhci_hcd 0000:00:1d.2: irq 16, io base 0x0000ef40
usb usb3: configuration #1 chosen from 1 choice
hub 3-0:1.0: USB hub found
hub 3-0:1.0: 2 ports detected
iTCO_wdt: Intel TCO WatchDog Timer Driver v1.01 (21-Jan-2007)
iTCO_wdt: Found a ICH5 or ICH5R TCO device (Version=1, TCOBASE=0x0860)
iTCO_wdt: initialized. heartbeat=30 sec (nowayout=0)
ACPI: PCI Interrupt 0000:00:1d.3[A] -> GSI 16 (level, low) -> IRQ 18
PCI: Setting latency timer of device 0000:00:1d.3 to 64
uhci_hcd 0000:00:1d.3: UHCI Host Controller
uhci_hcd 0000:00:1d.3: new USB bus registered, assigned bus number 4
uhci_hcd 0000:00:1d.3: irq 18, io base 0x0000ef80
usb usb4: configuration #1 chosen from 1 choice
hub 4-0:1.0: USB hub found
hub 4-0:1.0: 2 ports detected
hdc: ATAPI 48X DVD-ROM DVD-R CD-R/RW drive, 2048kB Cache, UDMA(33)
Uniform CD-ROM driver Revision: 3.20
usb 2-2: new low speed USB device using uhci_hcd and address 2
ACPI: PCI Interrupt 0000:00:1f.5[B] -> GSI 17 (level, low) -> IRQ 17
PCI: Setting latency timer of device 0000:00:1f.5 to 64
i810: Intel ICH5 found at IO 0xee80 and 0xe800, MEM 0xfebff800 and 0xfebff400, IRQ 17
i810: Intel ICH5 mmio at 0xe0838800 and 0xe1402400
usb 2-2: configuration #1 chosen from 1 choice
usbcore: registered new interface driver hiddev
input: Logitech USB Trackball as /class/input/input2
input: USB HID v1.10 Mouse [Logitech USB Trackball] on usb-0000:00:1d.1-2
usbcore: registered new interface driver usbhid
drivers/usb/input/hid-core.c: v2.6:USB HID core driver
i810_audio: Primary codec has ID 0
i810_audio: Audio Controller supports 6 channels.
i810_audio: Defaulting to base 2 channel mode.
i810_audio: Resetting connection 0
i810_audio: Connection 0 with codec id 0
ac97_codec: AC97 Audio codec, id: ADS117 (Unknown)
i810_audio: AC'97 codec 0 supports AMAP, total channels = 6
shpchp: Standard Hot Plug PCI Controller Driver version: 0.4
ACPI: PCI Interrupt 0000:00:1d.7[D] -> GSI 23 (level, low) -> IRQ 20
PCI: Setting latency timer of device 0000:00:1d.7 to 64
ehci_hcd 0000:00:1d.7: EHCI Host Controller
ehci_hcd 0000:00:1d.7: new USB bus registered, assigned bus number 5
ehci_hcd 0000:00:1d.7: debug port 1
PCI: cache line size of 128 is not supported by device 0000:00:1d.7
ehci_hcd 0000:00:1d.7: irq 20, io mem 0xfebffc00
ehci_hcd 0000:00:1d.7: USB 2.0 started, EHCI 1.00, driver 10 Dec 2004
usb usb5: configuration #1 chosen from 1 choice
hub 5-0:1.0: USB hub found
hub 5-0:1.0: 8 ports detected
usb 2-2: USB disconnect, address 2
ACPI: PCI Interrupt 0000:02:0c.0[A] -> GSI 20 (level, low) -> IRQ 21
ath_hal: module license 'Proprietary' taints kernel.
ath_hal: 0.9.18.0 (AR5210, AR5211, AR5212, RF5111, RF5112, RF2413, RF5413)
ieee1394: Initialized config rom entry `ip1394'
Linux video capture interface: v2.00
saa7146: register extension 'dvb'.
usb 2-2: new low speed USB device using uhci_hcd and address 3
wlan: 0.8.4.2 (0.9.3)
ath_pci: 0.9.4.5 (0.9.3)
usb 2-2: configuration #1 chosen from 1 choice
input: Logitech USB Trackball as /class/input/input3
input: USB HID v1.10 Mouse [Logitech USB Trackball] on usb-0000:00:1d.1-2
ACPI: PCI Interrupt 0000:02:05.0[A] -> GSI 22 (level, low) -> IRQ 22
skge 1.10 addr 0xfeafc000 irq 22 chip Yukon rev 1
skge eth0: addr 00:0e:a6:5a:62:a3
ACPI: PCI Interrupt 0000:02:0d.0[A] -> GSI 21 (level, low) -> IRQ 23
ohci1394: fw-host0: OHCI-1394 1.0 (PCI): IRQ=[23]  MMIO=[feafb000-feafb7ff]  Max Packet=[2048]  IR/IT contexts=[8/8]
ACPI: PCI Interrupt 0000:02:0a.0[A] -> GSI 22 (level, low) -> IRQ 22
saa7146: found saa7146 @ mem e1466c00 (revision 1, irq 22) (0x13c2,0x000e).
DVB: registering new adapter (Technotrend/Hauppauge WinTV Nexus-S rev2.3).
adapter has MAC addr = 00:d0:5c:24:b9:5d
dvb-ttpci: gpioirq unknown type=0 len=0
dvb-ttpci: info @ card 0: firm f0240009, rtsl b0250018, vid 71010068, app 80002622
dvb-ttpci: firmware @ card 0 supports CI link layer interface
dvb-ttpci: Crystal audio DAC @ card 0 detected
saa7146_vv: saa7146 (0): registered device video0 [v4l2]
saa7146_vv: saa7146 (0): registered device vbi0 [v4l2]
DVB: registering frontend 0 (ST STV0299 DVB-S)...
input: DVB on-card IR receiver as /class/input/input4
dvb-ttpci: found av7110-0.
ACPI: PCI Interrupt 0000:02:09.0[A] -> GSI 21 (level, low) -> IRQ 23
ath_rate_sample: 1.2 (0.9.3)
wifi0: 11b rates: 1Mbps 2Mbps 5.5Mbps 11Mbps
wifi0: 11g rates: 1Mbps 2Mbps 5.5Mbps 11Mbps 6Mbps 9Mbps 12Mbps 18Mbps 24Mbps 36Mbps 48Mbps 54Mbps
wifi0: turboG rates: 6Mbps 12Mbps 18Mbps 24Mbps 36Mbps 48Mbps 54Mbps
wifi0: H/W encryption support: WEP AES AES_CCM TKIP
wifi0: mac 7.9 phy 4.5 radio 5.6
wifi0: Use hw queue 1 for WME_AC_BE traffic
wifi0: Use hw queue 0 for WME_AC_BK traffic
wifi0: Use hw queue 2 for WME_AC_VI traffic
wifi0: Use hw queue 3 for WME_AC_VO traffic
wifi0: Use hw queue 8 for CAB traffic
wifi0: Use hw queue 9 for beacons
wifi0: Atheros 5212: mem=0xfeae0000, irq=23
ieee1394: Host added: ID:BUS[0-00:1023]  GUID[0011060000007241]
eth1394: eth1: IEEE-1394 IPv4 over 1394 Ethernet (fw-host0)
Adding 1020088k swap on /dev/hda9.  Priority:-1 extents:1 across:1020088k
device-mapper: ioctl: 4.11.0-ioctl (2006-10-12) initialised: dm-devel@redhat.com
ip_tables: (C) 2000-2006 Netfilter Core Team
Netfilter messages via NETLINK v0.30.
nf_conntrack version 0.5.0 (4089 buckets, 32712 max)
NET: Registered protocol family 10
lo: Disabled Privacy Extensions
ip6_tables: (C) 2000-2006 Netfilter Core Team
tun: Universal TUN/TAP device driver, 1.6
tun: (C) 1999-2004 Max Krasnyansky <maxk@qualcomm.com>
tun0: Disabled Privacy Extensions
input: Power Button (FF) as /class/input/input5
ACPI: Power Button (FF) [PWRF]
input: Power Button (CM) as /class/input/input6
ACPI: Power Button (CM) [PWRB]
lp0: using parport0 (interrupt-driven).
ppdev: user-space parallel port driver
ath0: no IPv6 routers present
usb 5-1: new high speed USB device using ehci_hcd and address 3
usb 5-1: configuration #1 chosen from 1 choice
Initializing USB Mass Storage driver...
scsi0 : SCSI emulation for USB Mass Storage devices
usbcore: registered new interface driver usb-storage
USB Mass Storage support registered.
usb-storage: device found at 3
usb-storage: waiting for device to settle before scanning
usb-storage: device scan complete
scsi 0:0:0:0: Direct-Access     TOSHIBA  MK6021GAS        0811 PQ: 0 ANSI: 0
SCSI device sda: 117210240 512-byte hdwr sectors (60012 MB)
sda: test WP failed, assume Write Enabled
sda: assuming drive cache: write through
SCSI device sda: 117210240 512-byte hdwr sectors (60012 MB)
sda: test WP failed, assume Write Enabled
sda: assuming drive cache: write through
 sda: sda1
sd 0:0:0:0: Attached scsi disk sda
cdrom: This disc doesn't have any tracks I recognize!
hdc: DMA timeout retry
hdc: timeout waiting for DMA
hdc: status timeout: status=0xd0 { Busy }
ide: failed opcode was: unknown
hdc: drive not ready for command
hdc: status timeout: status=0xd0 { Busy }
ide: failed opcode was: unknown
hdc: drive not ready for command
hdc: status timeout: status=0xd0 { Busy }
ide: failed opcode was: unknown
hdc: drive not ready for command
hdc: status timeout: status=0xd0 { Busy }
ide: failed opcode was: unknown
hdc: drive not ready for command
hdc: status timeout: status=0xd0 { Busy }
ide: failed opcode was: unknown
hdc: drive not ready for command
hdc: status timeout: status=0xd0 { Busy }
ide: failed opcode was: unknown
hdc: drive not ready for command
hdc: status timeout: status=0xd0 { Busy }
ide: failed opcode was: unknown
hdc: drive not ready for command
hdc: status timeout: status=0xd0 { Busy }
ide: failed opcode was: unknown
hdc: drive not ready for command
hdc: status timeout: status=0xd0 { Busy }
ide: failed opcode was: unknown
hdc: drive not ready for command
hdc: status timeout: status=0xd0 { Busy }
ide: failed opcode was: unknown
hdc: drive not ready for command
hdc: status timeout: status=0xd0 { Busy }
ide: failed opcode was: unknown
hdc: drive not ready for command
hdc: status timeout: status=0xd0 { Busy }
ide: failed opcode was: unknown
hdc: drive not ready for command
Clocksource tsc unstable (delta = 60929737808 ns)
Time: acpi_pm clocksource has been installed.
BUG: soft lockup detected on CPU#0!
 [<c014ab53>] softlockup_tick+0xa6/0xb5
 [<c012a062>] update_process_times+0x3b/0x5e
 [<c0138e08>] tick_sched_timer+0x78/0xbb
 [<c01358e4>] hrtimer_interrupt+0x131/0x1bd
 [<c0138d90>] tick_sched_timer+0x0/0xbb
 [<c0114bbd>] smp_apic_timer_interrupt+0x6c/0x7d
 [<c010481c>] apic_timer_interrupt+0x28/0x30
 =======================