Date: Sat, 30 Jun 2001 20:12:36 +0200
From: Bernfried Molte <>
Subject: Re: 2.4.6-pre8 build error of aic7xxx
Sender: linux-kernel-owner@vger.kernel.org
Precedence: bulk
List-ID: <linux-kernel.vger.kernel.org>
X-Mailing-List: linux-kernel@vger.kernel.org
X-Lkml-Link: https://lkml.org/lkml/2001/6/30/62

On 30 Jun 2001 18:13:42 +0100
Rodrigo Ventura <yoda@isr.ist.utl.pt> wrote:
>         I got the following build error of aic7xxx drivers, with
> kernel 2.4.6-pre8:
> 
> ----------------------------------------------------------------------
> [...]
> make[2]: Entering directory `/usr/src/linux/drivers/scsi'
> make -C aic7xxx
> make[3]: Entering directory `/usr/src/linux/drivers/scsi/aic7xxx'
> make all_targets
> make[4]: Entering directory `/usr/src/linux/drivers/scsi/aic7xxx'
> make -C aicasm
> make[5]: Entering directory `/usr/src/linux/drivers/scsi/aic7xxx/aicasm'
> gcc -I/usr/include -I. -ldb aicasm_gram.c aicasm_scan.c aicasm.c aicasm_symbol.c -o aicasm
> /usr/i486-linux/bin/ld: cannot open -ldb: No such file or directory
> collect2: ld returned 1 exit status
> make[5]: *** [aicasm] Error 1
> [...]
> ----------------------------------------------------------------------
may be a 'make mrproper' solves your problem,
bernfried molte
-
To unsubscribe from this list: send the line "unsubscribe linux-kernel" in
the body of a message to majordomo@vger.kernel.org
More majordomo info at  
http://vger.kernel.org/majordomo-info.html
Please read the FAQ at  
http://www.tux.org/lkml/