Date: Thu, 17 Jun 1999 22:06:29 +0000
From: Tom Eastep <>
Subject: Re: Massive e2fs corruption with 2.2.9/10?
Sender: linux-kernel-owner@vger.kernel.org
Precedence: bulk
List-ID: <linux-kernel.vger.kernel.org>
X-Mailing-List: linux-kernel@vger.kernel.org
X-Lkml-Link: https://lkml.org/lkml/1999/6/17/157

Just spent the last couple of hours putting my /usr/share directory back
together.
[eastep@eastep-3 eastep]$ cat /proc/version
Linux version 2.2.10 (eastep@eastep-3.mis.tandem.com) (gcc version
egcs-2.91.66
19990314/Linux (egcs-1.1.2 release)) #4 Thu Jun 17 07:25:39 PDT 1999
[eastep@eastep-3 eastep]$
All IDE
Via Chipset
Devfs patch v99.3 
dmesg attached.
I have been running 2.2.9 on this machine and another for some time
without problems - just installed 2.2.10 yestderday.
-Tom                                                     
Alan Cox wrote:
> 
> >  If I copy a large (650Mb) file to a different filename, then perform a
> > compare on them, I encounter random, different miscompares.  I've seen
> > this on several 2.2.9 and 2.2.10 systems.
> 
> Ok people is this
> 
>         SCSI or IDE (or a mix)
>         What compiler was used
> 
> I'll go try and break my hardisk
> 
> -
> To unsubscribe from this list: send the line "unsubscribe linux-kernel" in
> the body of a message to majordomo@vger.rutgers.edu
> Please read the FAQ at 
http://www.tux.org/lkml/
-- 
Tom Eastep
Compaq Computer Corporation
Enterprise Computing Group
Tandem Division
tom.eastep@compaq.comLinux version 2.2.10 (eastep@eastep-3.mis.tandem.com) (gcc version egcs-2.91.66 19990314/Linux (egcs-1.1.2 release)) #4 Thu Jun 17 07:25:39 PDT 1999
Detected 345791666 Hz processor.
Console: colour dummy device 80x25
Calibrating delay loop... 689.77 BogoMIPS
Memory: 128276k/131072k available (796k kernel code, 408k reserved, 1536k data, 56k init)
CPU: AMD AMD-K6(tm) 3D processor stepping 0c
Checking 386/387 coupling... OK, FPU using exception 16 error reporting.
Checking 'hlt' instruction... OK.
POSIX conformance testing by UNIFIX
mtrr: v1.35 (19990512) Richard Gooch (rgooch@atnf.csiro.au)
PCI: PCI BIOS revision 2.10 entry at 0xfa114
PCI: Using configuration type 1
PCI: Probing PCI hardware
PCI: 00:a0 [1106/0586]: Work around ISA DMA hangs (00)
Activating ISA DMA hang workarounds.
Linux NET4.0 for Linux 2.2
Based upon Swansea University Computer Society NET3.039
NET4: Unix domain sockets 1.0 for Linux NET4.0.
NET4: Linux TCP/IP 1.0 for NET4.0
IP Protocols: ICMP, UDP, TCP
Starting kswapd v 1.5 
parport0: PC-style at 0x378 [SPP,ECP,ECPEPP,ECPPS2]
parport0: detected irq 7; use procfs to enable interrupt-driven operation.
vesafb: framebuffer at 0x40000000, mapped to 0xc8800000, size 4096k
vesafb: mode is 1280x1024x16, linelength=2560, pages=0
vesafb: protected mode interface info at c000:4be0
vesafb: scrolling: redraw
vesafb: directcolor: size=0:5:6:5, shift=0:11:5:0
Console: switching to colour frame buffer device 160x64
fb0: VESA VGA frame buffer device
Detected PS/2 Mouse Port.
pty: 256 Unix98 ptys configured
apm: BIOS version 1.2 Flags 0x03 (Driver version 1.9)
Real Time Clock Driver v1.09
VP_IDE: IDE controller on PCI bus 00 dev a1
VP_IDE: not 100% native mode: will probe irqs later
    ide0: BM-DMA at 0x20a0-0x20a7, BIOS settings: hda:DMA, hdb:pio
ide0: VIA Bus-Master (U)DMA Timing Config Success
    ide1: BM-DMA at 0x20a8-0x20af, BIOS settings: hdc:DMA, hdd:pio
ide1: VIA Bus-Master (U)DMA Timing Config Success
hda: QUANTUM Bigfoot TX8.0AT, ATA DISK drive
hdc: Compaq CRD-8322B, ATAPI CDROM drive
ide0 at 0x1f0-0x1f7,0x3f6 on irq 14
ide1 at 0x170-0x177,0x376 on irq 15
hda: QUANTUM Bigfoot TX8.0AT, 7665MB w/69kB Cache, CHS=1038/240/63, UDMA
Floppy drive(s): fd0 is 1.44M
FDC 0 is a post-1991 82077
aha152x: processing commandline: ok
aha152x: BIOS test: passed, detected 1 controller(s)
aha152x0: vital data: PORTBASE=0x140, IRQ=9, SCSI ID=7, reconnect=enabled, parity=enabled, synchronous=disabled, delay=100, extended translation=disabled
aha152x: trying software interrupt, ok.
scsi0 : Adaptec 152x SCSI driver; $Revision: 1.7 $
scsi : 1 host.
  Vendor: HP        Model: HP35480A          Rev: T503
  Type:   Sequential-Access                  ANSI SCSI revision: 02
scsi : detected total.
Partition check:
 /dev/ide/hd/c0b0t0u0: p1 p2 < p5 p6 p7 p8 >
devfs: v0.71 (19990615) Richard Gooch (rgooch@atnf.csiro.au)
devfs: boot_options: 0x4
VFS: Mounted root (ext2 filesystem) readonly.
Mounted devfs on /dev
Freeing unused kernel memory: 56k freed
Adding Swap: 136044k swap-space (priority -1)
Soundblaster audio driver Copyright (C) by Hannu Savolainen 1993-1996
SB 3.01 detected OK (220)
ESS chip ES1869 specified
YM3812 and OPL-3 driver Copyright (C) by Hannu Savolainen, Rob Hooft 1993-1996
hdc: ATAPI 32X CD-ROM drive, 128kB Cache
Uniform CDROM driver Revision: 2.55
st: bufsize 32768, wrt 30720, max buffers 4, s/g segs 16.
Detected scsi tape st0 at scsi0, channel 0, id 3, lun 0