Date: Sat, 21 Jun 2003 11:27:23 -0700 (PDT)
From: Andre Hedrick <>
Subject: SATA and ATA fixes complete
Sender: linux-kernel-owner@vger.kernel.org
Precedence: bulk
List-ID: <linux-kernel.vger.kernel.org>
X-Mailing-List: linux-kernel@vger.kernel.org
X-Lkml-Link: https://lkml.org/lkml/2003/6/21/111

Now patching and updated for release on K.O.
The patch fixes Silicon Image 3112/3512 and add 3114
It also adds a massive copyright update and addition to file which did not
original add copyright to because of development mindset.  This are are
required for me to register with LOC to then purse several companies in
court for GPL violations.  This is not a SCO party, it is to get back what
is the communities.
Regards,
Andre Hedrick
LAD Storage Consulting Group
Linux version 2.4.21 (root@athy.linux-ide.org) (gcc version 2.96 20000731 (Red Hat Linux 7.3 2.96-110)) #1 SMP Fri Jun 20 17:51:13 PDT 2003
BIOS-provided physical RAM map:
 BIOS-e820: 0000000000000000 - 000000000009f000 (usable)
 BIOS-e820: 000000000009f000 - 00000000000a0000 (reserved)
 BIOS-e820: 00000000000e4800 - 0000000000100000 (reserved)
 BIOS-e820: 0000000000100000 - 000000000fff0000 (usable)
 BIOS-e820: 000000000fff0000 - 000000000fff6c00 (ACPI data)
 BIOS-e820: 000000000fff6c00 - 0000000010000000 (ACPI NVS)
 BIOS-e820: 00000000fec00000 - 00000000fec10000 (reserved)
 BIOS-e820: 00000000fee00000 - 00000000fee01000 (reserved)
 BIOS-e820: 00000000fff80000 - 0000000100000000 (reserved)
0MB HIGHMEM available.
255MB LOWMEM available.
found SMP MP-table at 000f74d0
hm, page 000f7000 reserved twice.
hm, page 000f8000 reserved twice.
hm, page 0009f000 reserved twice.
hm, page 000a0000 reserved twice.
On node 0 totalpages: 65520
zone(0): 4096 pages.
zone(1): 61424 pages.
zone(2): 0 pages.
Intel MultiProcessor Specification v1.4
    Virtual Wire compatibility mode.
OEM ID: TYAN     Product ID: GUINNESS     APIC at: 0xFEE00000
Processor #1 Pentium(tm) Pro APIC version 16
Processor #0 Pentium(tm) Pro APIC version 16
I/O APIC #2 Version 17 at 0xFEC00000.
Enabling APIC mode: Flat.	Using 1 I/O APICs
Processors: 2
Kernel command line: auto BOOT_IMAGE=2.4.21 ro root=302 BOOT_FILE=/boot/vmlinuz-2.4.21
Initializing CPU#0
Detected 997.473 MHz processor.
Console: colour VGA+ 80x25
Calibrating delay loop... 1992.29 BogoMIPS
Memory: 255576k/262080k available (1588k kernel code, 6116k reserved, 546k data, 144k init, 0k highmem)
Dentry cache hash table entries: 32768 (order: 6, 262144 bytes)
Inode cache hash table entries: 16384 (order: 5, 131072 bytes)
Mount cache hash table entries: 512 (order: 0, 4096 bytes)
Buffer-cache hash table entries: 16384 (order: 4, 65536 bytes)
Page-cache hash table entries: 65536 (order: 6, 262144 bytes)
CPU: L1 I Cache: 64K (64 bytes/line), D cache 64K (64 bytes/line)
CPU: L2 Cache: 256K (64 bytes/line)
CPU:     After generic, caps: 0183fbff c1c7fbff 00000000 00000000
CPU:             Common caps: 0183fbff c1c7fbff 00000000 00000000
Enabling fast FPU save and restore... done.
Checking 'hlt' instruction... OK.
POSIX conformance testing by UNIFIX
mtrr: v1.40 (20010327) Richard Gooch (rgooch@atnf.csiro.au)
mtrr: detected mtrr type: Intel
CPU: L1 I Cache: 64K (64 bytes/line), D cache 64K (64 bytes/line)
CPU: L2 Cache: 256K (64 bytes/line)
CPU:     After generic, caps: 0183fbff c1c7fbff 00000000 00000000
CPU:             Common caps: 0183fbff c1c7fbff 00000000 00000000
CPU0: AMD Athlon(tm) Processor stepping 02
per-CPU timeslice cutoff: 731.70 usecs.
enabled ExtINT on CPU#0
ESR value before enabling vector: 00000000
ESR value after enabling vector: 00000000
Booting processor 1/0 eip 2000
Initializing CPU#1
masked ExtINT on CPU#1
ESR value before enabling vector: 00000000
ESR value after enabling vector: 00000000
Calibrating delay loop... 1992.29 BogoMIPS
CPU: L1 I Cache: 64K (64 bytes/line), D cache 64K (64 bytes/line)
CPU: L2 Cache: 256K (64 bytes/line)
CPU:     After generic, caps: 0183fbff c1c7fbff 00000000 00000000
CPU:             Common caps: 0183fbff c1c7fbff 00000000 00000000
CPU1: AMD Athlon(tm) Processor stepping 02
Total of 2 processors activated (3984.58 BogoMIPS).
ENABLING IO-APIC IRQs
Setting 2 in the phys_id_present_map
...changing IO-APIC physical APIC ID to 2 ... ok.
init IO_APIC IRQs
 IO-APIC (apicid-pin) 2-0, 2-16, 2-17, 2-18, 2-19, 2-20, 2-21, 2-22, 2-23 not connected.
..TIMER: vector=0x31 pin1=2 pin2=0
number of MP IRQ sources: 16.
number of IO-APIC #2 registers: 24.
testing the IO APIC.......................
IO APIC #2......
.... register #00: 02000000
.......    : physical APIC id: 02
.......    : Delivery Type: 0
.......    : LTS          : 0
.... register #01: 00170011
.......     : max redirection entries: 0017
.......     : PRQ implemented: 0
.......     : IO APIC version: 0011
.... register #02: 00000000
.......     : arbitration: 00
.... IRQ redirection table:
 NR Log Phy Mask Trig IRR Pol Stat Dest Deli Vect:   
 00 000 00  1    0    0   0   0    0    0    00
 01 003 03  0    0    0   0   0    1    1    39
 02 003 03  0    0    0   0   0    1    1    31
 03 003 03  1    1    0   1   0    1    1    41
 04 003 03  0    0    0   0   0    1    1    49
 05 003 03  1    1    0   1   0    1    1    51
 06 003 03  0    0    0   0   0    1    1    59
 07 003 03  0    0    0   0   0    1    1    61
 08 003 03  0    0    0   0   0    1    1    69
 09 003 03  0    0    0   0   0    1    1    71
 0a 003 03  1    1    0   1   0    1    1    79
 0b 003 03  1    1    0   1   0    1    1    81
 0c 003 03  0    0    0   0   0    1    1    89
 0d 003 03  0    0    0   0   0    1    1    91
 0e 003 03  0    0    0   0   0    1    1    99
 0f 003 03  0    0    0   0   0    1    1    A1
 10 000 00  1    0    0   0   0    0    0    00
 11 000 00  1    0    0   0   0    0    0    00
 12 000 00  1    0    0   0   0    0    0    00
 13 000 00  1    0    0   0   0    0    0    00
 14 000 00  1    0    0   0   0    0    0    00
 15 000 00  1    0    0   0   0    0    0    00
 16 000 00  1    0    0   0   0    0    0    00
 17 000 00  1    0    0   0   0    0    0    00
IRQ to pin mappings:
IRQ0 -> 0:2
IRQ1 -> 0:1
IRQ3 -> 0:3
IRQ4 -> 0:4
IRQ5 -> 0:5
IRQ6 -> 0:6
IRQ7 -> 0:7
IRQ8 -> 0:8
IRQ9 -> 0:9
IRQ10 -> 0:10
IRQ11 -> 0:11
IRQ12 -> 0:12
IRQ13 -> 0:13
IRQ14 -> 0:14
IRQ15 -> 0:15
.................................... done.
Using local APIC timer interrupts.
calibrating APIC timer ...
..... CPU clock speed is 997.4759 MHz.
..... host bus clock speed is 265.9934 MHz.
cpu: 0, clocks: 2659934, slice: 886644
CPU0<T0:2659920,T1:1773264,D:12,S:886644,C:2659934>
cpu: 1, clocks: 2659934, slice: 886644
CPU1<T0:2659920,T1:886624,D:8,S:886644,C:2659934>
checking TSC synchronization across CPUs: passed.
Waiting on wait_init_idle (map = 0x2)
All processors have done init_idle
mtrr: your CPUs had inconsistent fixed MTRR settings
mtrr: probably your BIOS does not setup all CPUs
PCI: PCI BIOS revision 2.10 entry at 0xfd7c0, last bus=1
PCI: Using configuration type 1
PCI: Probing PCI hardware
BIOS failed to enable PCI standards compliance, fixing this error.
I/O APIC: AMD Errata #22 may be present. In the event of instability try
        : booting with the "noapic" option.
isapnp: Scanning for PnP cards...
isapnp: No Plug & Play device found
Linux NET4.0 for Linux 2.4
Based upon Swansea University Computer Society NET3.039
Initializing RT netlink socket
Starting kswapd
VFS: Diskquotas version dquot_6.4.0 initialized
Journalled Block Device driver loaded
devfs: v1.12c (20020818) Richard Gooch (rgooch@atnf.csiro.au)
devfs: boot_options: 0x0
pty: 256 Unix98 ptys configured
Serial driver version 5.05c (2001-07-08) with MANY_PORTS MULTIPORT SHARE_IRQ SERIAL_PCI ISAPNP enabled
ttyS00 at 0x03f8 (irq = 4) is a 16550A
Real Time Clock Driver v1.10e
Floppy drive(s): fd0 is 1.44M
FDC 0 is a post-1991 82077
RAMDISK driver initialized: 16 RAM disks of 64000K size 1024 blocksize
Uniform Multi-Platform E-IDE driver Revision: 7.00beta4-2.4
ide: Assuming 33MHz system bus speed for PIO modes; override with idebus=xx
AMD7411: IDE controller at PCI slot 00:07.1
AMD7411: chipset revision 1
AMD7411: not 100% native mode: will probe irqs later
ide: Assuming 33MHz system bus speed for PIO modes; override with idebus=xx
AMD_IDE: Advanced Micro Devices [AMD] AMD-766 [ViperPlus] IDE (rev 01) UDMA100 controller on pci00:07.1
    ide0: BM-DMA at 0xf000-0xf007, BIOS settings: hda:DMA, hdb:pio
    ide1: BM-DMA at 0xf008-0xf00f, BIOS settings: hdc:pio, hdd:pio
SiI3112 (Athena) Serial ATA: IDE controller at PCI slot 00:0a.0
SiI3112 (Athena) Serial ATA: chipset revision 2
SiI3112 (Athena) Serial ATA: not 100% native mode: will probe irqs later
PCI: 00:0a.0 PCI cache line size set incorrectly (4 bytes) by BIOS/FW.
PCI: 00:0a.0 PCI cache line size corrected to 64.
    ide2: MMIO-DMA , BIOS settings: hde:pio, hdf:pio
    ide3: MMIO-DMA , BIOS settings: hdg:pio, hdh:pio
hda: Maxtor 54610H6, ATA DISK drive
blk: queue c03936e0, I/O limit 4095Mb (mask 0xffffffff)
hdc: CD-ROM CDU611, ATAPI CD/DVD-ROM drive
hde: ST320011A, ATA DISK drive
blk: queue c0394008, I/O limit 4095Mb (mask 0xffffffff)
hdg: ST320011A, ATA DISK drive
blk: queue c039449c, I/O limit 4095Mb (mask 0xffffffff)
ide0 at 0x1f0-0x1f7,0x3f6 on irq 14
ide1 at 0x170-0x177,0x376 on irq 15
ide2 at 0xd0800080-0xd0800087,0xd080008a on irq 3
ide3 at 0xd08000c0-0xd08000c7,0xd08000ca on irq 3
hda: attached ide-disk driver.
hda: host protected area => 1
hda: 90045648 sectors (46103 MB) w/2048KiB Cache, CHS=5605/255/63, UDMA(100)
hde: attached ide-disk driver.
hde: host protected area => 1
hde: 39102336 sectors (20020 MB) w/2048KiB Cache, CHS=38792/16/63, UDMA(100)
hdg: attached ide-disk driver.
hdg: host protected area => 1
hdg: 39102336 sectors (20020 MB) w/2048KiB Cache, CHS=38792/16/63, UDMA(100)
Partition check:
 /dev/ide/host0/bus0/target0/lun0: p1 p2 p3 p4 < p5 p6 p7 >
 /dev/ide/host2/bus0/target0/lun0: unknown partition table
 /dev/ide/host2/bus1/target0/lun0: unknown partition table
md: md driver 0.90.0 MAX_MD_DEVS=256, MD_SB_DISKS=27
md: Autodetecting RAID arrays.
md: autorun ...
md: ... autorun DONE.
LVM version 1.0.5+(22/07/2002)
NET4: Linux TCP/IP 1.0 for NET4.0
IP Protocols: ICMP, UDP, TCP, IGMP
IP: routing cache hash table of 1024 buckets, 16Kbytes
TCP: Hash tables configured (established 8192 bind 10922)
Linux IP multicast router 0.06 plus PIM-SM
NET4: Unix domain sockets 1.0/SMP for Linux NET4.0.
NET4: AppleTalk 0.18a for Linux NET4.0
RAMDISK: Compressed image found at block 0
Freeing initrd memory: 193k freed
VFS: Mounted root (ext2 filesystem).
SCSI subsystem driver Revision: 1.00
scsi0 : Adaptec AIC7XXX EISA/VLB/PCI SCSI HBA DRIVER, Rev 6.2.8
        <Adaptec aic7899 Ultra160 SCSI adapter>
        aic7899: Ultra160 Wide Channel A, SCSI Id=7, 32/253 SCBs
scsi1 : Adaptec AIC7XXX EISA/VLB/PCI SCSI HBA DRIVER, Rev 6.2.8
        <Adaptec aic7899 Ultra160 SCSI adapter>
        aic7899: Ultra160 Wide Channel B, SCSI Id=7, 32/253 SCBs
blk: queue c132861c, I/O limit 4095Mb (mask 0xffffffff)
  Vendor: QUANTUM   Model: VIKING 4.5 WSE    Rev: 880R
  Type:   Direct-Access                      ANSI SCSI revision: 02
blk: queue c1399a1c, I/O limit 4095Mb (mask 0xffffffff)
  Vendor: QUANTUM   Model: VIKING II 4.5WLS  Rev: 5552
  Type:   Direct-Access                      ANSI SCSI revision: 02
blk: queue c132801c, I/O limit 4095Mb (mask 0xffffffff)
scsi0:A:1:0: Tagged Queuing enabled.  Depth 253
scsi0:A:2:0: Tagged Queuing enabled.  Depth 253
Attached scsi disk sda at scsi0, channel 0, id 1, lun 0
Attached scsi disk sdb at scsi0, channel 0, id 2, lun 0
(scsi0:A:1): 40.000MB/s transfers (20.000MHz, offset 31, 16bit)
SCSI device sda: 8899737 512-byte hdwr sectors (4557 MB)
 /dev/scsi/host0/bus0/target1/lun0: p1
(scsi0:A:2): 40.000MB/s transfers (20.000MHz, offset 31, 16bit)
SCSI device sdb: 8910423 512-byte hdwr sectors (4562 MB)
 /dev/scsi/host0/bus0/target2/lun0: p1
kjournald starting.  Commit interval 5 seconds
EXT3-fs: mounted filesystem with ordered data mode.
Freeing unused kernel memory: 144k freed
usb.c: registered new driver usbdevfs
usb.c: registered new driver hub
usb-ohci.c: USB OHCI at membase 0xc00dc000, IRQ 11
usb-ohci.c: usb-00:07.4, Advanced Micro Devices [AMD] AMD-766 [ViperPlus] USB
usb.c: new USB bus registered, assigned bus number 1
hub.c: USB hub found
hub.c: 4 ports detected
EXT3 FS 2.4-0.9.19, 19 August 2002 on ide0(3,2), internal journal
kjournald starting.  Commit interval 5 seconds
EXT3 FS 2.4-0.9.19, 19 August 2002 on ide0(3,1), internal journal
EXT3-fs: mounted filesystem with ordered data mode.
kjournald starting.  Commit interval 5 seconds
EXT3 FS 2.4-0.9.19, 19 August 2002 on ide0(3,7), internal journal
EXT3-fs: mounted filesystem with ordered data mode.
kjournald starting.  Commit interval 5 seconds
EXT3 FS 2.4-0.9.19, 19 August 2002 on ide0(3,3), internal journal
EXT3-fs: mounted filesystem with ordered data mode.
kjournald starting.  Commit interval 5 seconds
EXT3 FS 2.4-0.9.19, 19 August 2002 on ide0(3,6), internal journal
EXT3-fs: mounted filesystem with ordered data mode.
kjournald starting.  Commit interval 5 seconds
EXT3 FS 2.4-0.9.19, 19 August 2002 on ide0(3,5), internal journal
EXT3-fs: mounted filesystem with ordered data mode.
hdc: attached ide-cdrom driver.
hdc: ATAPI 10X CD-ROM drive, 256kB Cache, DMA
Uniform CD-ROM driver Revision: 3.12
hdc: DMA disabled
parport0: PC-style at 0x378 [PCSPP]
Intel(R) PRO/100 Network Driver - version 2.2.21-k1
Copyright (c) 2003 Intel Corporation
e100: selftest OK.
e100: eth0: Intel(R) PRO/100 Network Connection
  Hardware receive checksums enabled
  cpu cycle saver enabled
e100: eth0 NIC Link is Up 100 Mbps Full duplex
Intel(R) PRO/1000 Network Driver - version 5.0.43-k1
Copyright (c) 1999-2003 Intel Corporation.
eth1: Intel(R) PRO/1000 Network Connection
e1000: eth1 NIC Link is Up 1000 Mbps Full Duplex
Linux version 2.4.21 (root@svwks.linux-ide.org) (gcc version 2.96 20000731 (Red Hat Linux 7.3 2.96-113)) #1 SMP Sat Jun 21 02:26:02 PDT 2003
BIOS-provided physical RAM map:
 BIOS-e820: 0000000000000000 - 000000000009f800 (usable)
 BIOS-e820: 000000000009f800 - 00000000000a0000 (reserved)
 BIOS-e820: 00000000000eac00 - 0000000000100000 (reserved)
 BIOS-e820: 0000000000100000 - 0000000027ff0000 (usable)
 BIOS-e820: 0000000027ff0000 - 0000000027fffc00 (ACPI data)
 BIOS-e820: 0000000027fffc00 - 0000000028000000 (ACPI NVS)
 BIOS-e820: 00000000fec00000 - 00000000fec10000 (reserved)
 BIOS-e820: 00000000fee00000 - 00000000fee01000 (reserved)
 BIOS-e820: 00000000fff80000 - 0000000100000000 (reserved)
0MB HIGHMEM available.
639MB LOWMEM available.
found SMP MP-table at 000f7090
hm, page 000f7000 reserved twice.
hm, page 000f8000 reserved twice.
hm, page 0009f000 reserved twice.
hm, page 000a0000 reserved twice.
On node 0 totalpages: 163824
zone(0): 4096 pages.
zone(1): 159728 pages.
zone(2): 0 pages.
ACPI: Searched entire block, no RSDP was found.
ACPI: RSDP located at physical address c00f70f0
RSD PTR  v0 [PTLTD ]
__va_range(0x27ffb8dc, 0x68): idx=8 mapped at ffff6000
ACPI table found: RSDT v1 [PTLTD    RSDT   1540.0]
__va_range(0x27fffae2, 0x24): idx=8 mapped at ffff6000
__va_range(0x27fffae2, 0x74): idx=8 mapped at ffff6000
ACPI table found: FACP v1 [PTL    GCLECSB5 1540.0]
__va_range(0x27fffb56, 0x24): idx=8 mapped at ffff6000
__va_range(0x27fffb56, 0x82): idx=8 mapped at ffff6000
ACPI table found: APIC v1 [PTLTD    APIC   1540.0]
__va_range(0x27fffb56, 0x82): idx=8 mapped at ffff6000
LAPIC (acpi_id[0x0000] id[0x0] enabled[1])
CPU 0 (0x0000) enabledProcessor #0 Pentium 4(tm) XEON(tm) APIC version 16
LAPIC (acpi_id[0x0001] id[0x1] enabled[1])
CPU 1 (0x0100) enabledProcessor #1 Pentium 4(tm) XEON(tm) APIC version 16
IOAPIC (id[0x2] address[0xfec00000] global_irq_base[0x0])
IOAPIC (id[0x3] address[0xfec01000] global_irq_base[0x10])
IOAPIC (id[0x4] address[0xfec02000] global_irq_base[0x20])
IOAPIC (id[0x5] address[0xfec03000] global_irq_base[0x30])
INT_SRC_OVR (bus[0] irq[0x0] global_irq[0x2] polarity[0x1] trigger[0x1])
LAPIC_NMI (acpi_id[0x0000] polarity[0x1] trigger[0x1] lint[0x1])
LAPIC_NMI (acpi_id[0x0001] polarity[0x1] trigger[0x1] lint[0x1])
2 CPUs total
Local APIC address fee00000
__va_range(0x27fffbd8, 0x24): idx=8 mapped at ffff6000
__va_range(0x27fffbd8, 0x28): idx=8 mapped at ffff6000
ACPI table found: BOOT v1 [PTLTD  $SBFTBL$ 1540.0]
Enabling the CPU's according to the ACPI table
Intel MultiProcessor Specification v1.4
    Virtual Wire compatibility mode.
OEM ID: SvrWorks Product ID: GCLE Workstn APIC at: 0xFEE00000
I/O APIC #2 Version 17 at 0xFEC00000.
I/O APIC #3 Version 17 at 0xFEC01000.
I/O APIC #4 Version 17 at 0xFEC02000.
I/O APIC #5 Version 17 at 0xFEC03000.
Enabling APIC mode: Flat.	Using 4 I/O APICs
Processors: 2
Kernel command line: auto BOOT_IMAGE=2.4.21 ro root=302 BOOT_FILE=/boot/vmlinuz-2.4.21 ide=reverse
ide_setup: ide=reverse : Enabled support for IDE inverse scan order.
Initializing CPU#0
Detected 2299.844 MHz processor.
Console: colour VGA+ 80x25
Calibrating delay loop... 4587.52 BogoMIPS
Memory: 644304k/655296k available (1601k kernel code, 10604k reserved, 542k data, 144k init, 0k highmem)
Dentry cache hash table entries: 131072 (order: 8, 1048576 bytes)
Inode cache hash table entries: 65536 (order: 7, 524288 bytes)
Mount cache hash table entries: 512 (order: 0, 4096 bytes)
Buffer-cache hash table entries: 65536 (order: 6, 262144 bytes)
Page-cache hash table entries: 262144 (order: 8, 1048576 bytes)
CPU: Trace cache: 12K uops, L1 D cache: 8K
CPU: L2 cache: 512K
CPU: Physical Processor ID: 0
CPU:     After generic, caps: bfebfbff 00000000 00000000 00000000
CPU:             Common caps: bfebfbff 00000000 00000000 00000000
Enabling fast FPU save and restore... done.
Enabling unmasked SIMD FPU exception support... done.
Checking 'hlt' instruction... OK.
POSIX conformance testing by UNIFIX
mtrr: v1.40 (20010327) Richard Gooch (rgooch@atnf.csiro.au)
mtrr: detected mtrr type: Intel
CPU: Trace cache: 12K uops, L1 D cache: 8K
CPU: L2 cache: 512K
CPU: Physical Processor ID: 0
CPU:     After generic, caps: bfebfbff 00000000 00000000 00000000
CPU:             Common caps: bfebfbff 00000000 00000000 00000000
CPU0: Intel(R) Pentium(R) 4 CPU 3.06GHz stepping 07
per-CPU timeslice cutoff: 1462.78 usecs.
enabled ExtINT on CPU#0
ESR value before enabling vector: 00000000
ESR value after enabling vector: 00000000
Booting processor 1/1 eip 2000
Initializing CPU#1
masked ExtINT on CPU#1
ESR value before enabling vector: 00000000
ESR value after enabling vector: 00000000
Calibrating delay loop... 4587.52 BogoMIPS
CPU: Trace cache: 12K uops, L1 D cache: 8K
CPU: L2 cache: 512K
CPU: Physical Processor ID: 0
CPU:     After generic, caps: bfebfbff 00000000 00000000 00000000
CPU:             Common caps: bfebfbff 00000000 00000000 00000000
CPU1: Intel(R) Pentium(R) 4 CPU 3.06GHz stepping 07
Total of 2 processors activated (9175.04 BogoMIPS).
cpu_sibling_map[0] = 1
cpu_sibling_map[1] = 0
ENABLING IO-APIC IRQs
Setting 2 in the phys_id_present_map
...changing IO-APIC physical APIC ID to 2 ... ok.
Setting 3 in the phys_id_present_map
...changing IO-APIC physical APIC ID to 3 ... ok.
Setting 4 in the phys_id_present_map
...changing IO-APIC physical APIC ID to 4 ... ok.
Setting 5 in the phys_id_present_map
...changing IO-APIC physical APIC ID to 5 ... ok.
init IO_APIC IRQs
 IO-APIC (apicid-pin) 2-0, 3-0, 3-1, 3-3, 3-5, 3-7, 3-9, 3-10, 3-11, 3-12, 3-13, 3-14, 3-15, 4-0, 4-1, 4-2, 4-3, 4-4, 4-5, 4-6, 4-7, 4-8, 4-9, 4-10, 4-11, 4-12, 4-13, 4-14, 4-15, 5-0, 5-1, 5-2, 5-3, 5-4, 5-5, 5-6, 5-7, 5-8, 5-9, 5-10, 5-11, 5-12, 5-13, 5-14, 5-15 not connected.
..TIMER: vector=0x31 pin1=2 pin2=0
..MP-BIOS bug: 8254 timer not connected to IO-APIC
...trying to set up timer (IRQ0) through the 8259A ... 
..... (found pin 0) ...works.
number of MP IRQ sources: 20.
number of IO-APIC #2 registers: 16.
number of IO-APIC #3 registers: 16.
number of IO-APIC #4 registers: 16.
number of IO-APIC #5 registers: 16.
testing the IO APIC.......................
IO APIC #2......
.... register #00: 02000000
.......    : physical APIC id: 02
.......    : Delivery Type: 0
.......    : LTS          : 0
.... register #01: 000F0011
.......     : max redirection entries: 000F
.......     : PRQ implemented: 0
.......     : IO APIC version: 0011
.... register #02: 02000000
.......     : arbitration: 02
.... IRQ redirection table:
 NR Log Phy Mask Trig IRR Pol Stat Dest Deli Vect:   
 00 003 03  0    0    0   0   0    1    1    31
 01 003 03  0    0    0   0   0    1    1    39
 02 000 00  1    0    0   0   0    0    0    00
 03 003 03  0    0    0   0   0    1    1    41
 04 003 03  0    0    0   0   0    1    1    49
 05 003 03  0    0    0   0   0    1    1    51
 06 003 03  0    0    0   0   0    1    1    59
 07 003 03  0    0    0   0   0    1    1    61
 08 003 03  0    0    0   0   0    1    1    69
 09 003 03  1    1    0   1   0    1    1    71
 0a 003 03  1    1    0   1   0    1    1    79
 0b 003 03  1    1    0   1   0    1    1    81
 0c 003 03  0    0    0   0   0    1    1    89
 0d 003 03  0    0    0   0   0    1    1    91
 0e 003 03  0    0    0   0   0    1    1    99
 0f 003 03  0    0    0   0   0    1    1    A1
IO APIC #3......
.... register #00: 03000000
.......    : physical APIC id: 03
.......    : Delivery Type: 0
.......    : LTS          : 0
.... register #01: 000F0011
.......     : max redirection entries: 000F
.......     : PRQ implemented: 0
.......     : IO APIC version: 0011
.... register #02: 03000000
.......     : arbitration: 03
.... IRQ redirection table:
 NR Log Phy Mask Trig IRR Pol Stat Dest Deli Vect:   
 00 000 00  1    0    0   0   0    0    0    00
 01 000 00  1    0    0   0   0    0    0    00
 02 003 03  1    1    0   1   0    1    1    A9
 03 000 00  1    0    0   0   0    0    0    00
 04 003 03  1    1    0   1   0    1    1    B1
 05 000 00  1    0    0   0   0    0    0    00
 06 003 03  1    1    0   1   0    1    1    B9
 07 000 00  1    0    0   0   0    0    0    00
 08 003 03  1    1    0   1   0    1    1    C1
 09 000 00  1    0    0   0   0    0    0    00
 0a 000 00  1    0    0   0   0    0    0    00
 0b 000 00  1    0    0   0   0    0    0    00
 0c 000 00  1    0    0   0   0    0    0    00
 0d 000 00  1    0    0   0   0    0    0    00
 0e 000 00  1    0    0   0   0    0    0    00
 0f 000 00  1    0    0   0   0    0    0    00
IO APIC #4......
.... register #00: 04000000
.......    : physical APIC id: 04
.......    : Delivery Type: 0
.......    : LTS          : 0
.... register #01: 000F0011
.......     : max redirection entries: 000F
.......     : PRQ implemented: 0
.......     : IO APIC version: 0011
.... register #02: 04000000
.......     : arbitration: 04
.... IRQ redirection table:
 NR Log Phy Mask Trig IRR Pol Stat Dest Deli Vect:   
 00 000 00  1    0    0   0   0    0    0    00
 01 000 00  1    0    0   0   0    0    0    00
 02 000 00  1    0    0   0   0    0    0    00
 03 000 00  1    0    0   0   0    0    0    00
 04 000 00  1    0    0   0   0    0    0    00
 05 000 00  1    0    0   0   0    0    0    00
 06 000 00  1    0    0   0   0    0    0    00
 07 000 00  1    0    0   0   0    0    0    00
 08 000 00  1    0    0   0   0    0    0    00
 09 000 00  1    0    0   0   0    0    0    00
 0a 000 00  1    0    0   0   0    0    0    00
 0b 000 00  1    0    0   0   0    0    0    00
 0c 000 00  1    0    0   0   0    0    0    00
 0d 000 00  1    0    0   0   0    0    0    00
 0e 000 00  1    0    0   0   0    0    0    00
 0f 000 00  1    0    0   0   0    0    0    00
IO APIC #5......
.... register #00: 05000000
.......    : physical APIC id: 05
.......    : Delivery Type: 0
.......    : LTS          : 0
.... register #01: 000F0011
.......     : max redirection entries: 000F
.......     : PRQ implemented: 0
.......     : IO APIC version: 0011
.... register #02: 05000000
.......     : arbitration: 05
.... IRQ redirection table:
 NR Log Phy Mask Trig IRR Pol Stat Dest Deli Vect:   
 00 000 00  1    0    0   0   0    0    0    00
 01 000 00  1    0    0   0   0    0    0    00
 02 000 00  1    0    0   0   0    0    0    00
 03 000 00  1    0    0   0   0    0    0    00
 04 000 00  1    0    0   0   0    0    0    00
 05 000 00  1    0    0   0   0    0    0    00
 06 000 00  1    0    0   0   0    0    0    00
 07 000 00  1    0    0   0   0    0    0    00
 08 000 00  1    0    0   0   0    0    0    00
 09 000 00  1    0    0   0   0    0    0    00
 0a 000 00  1    0    0   0   0    0    0    00
 0b 000 00  1    0    0   0   0    0    0    00
 0c 000 00  1    0    0   0   0    0    0    00
 0d 000 00  1    0    0   0   0    0    0    00
 0e 000 00  1    0    0   0   0    0    0    00
 0f 000 00  1    0    0   0   0    0    0    00
IRQ to pin mappings:
IRQ0 -> 0:0
IRQ1 -> 0:1
IRQ3 -> 0:3
IRQ4 -> 0:4
IRQ5 -> 0:5
IRQ6 -> 0:6
IRQ7 -> 0:7
IRQ8 -> 0:8
IRQ9 -> 0:9
IRQ10 -> 0:10
IRQ11 -> 0:11
IRQ12 -> 0:12
IRQ13 -> 0:13
IRQ14 -> 0:14
IRQ15 -> 0:15
IRQ18 -> 1:2
IRQ20 -> 1:4
IRQ22 -> 1:6
IRQ24 -> 1:8
.................................... done.
Using local APIC timer interrupts.
calibrating APIC timer ...
..... CPU clock speed is 2299.7794 MHz.
..... host bus clock speed is 99.9902 MHz.
cpu: 0, clocks: 999902, slice: 333300
CPU0<T0:999888,T1:666576,D:12,S:333300,C:999902>
cpu: 1, clocks: 999902, slice: 333300
CPU1<T0:999888,T1:333280,D:8,S:333300,C:999902>
checking TSC synchronization across CPUs: passed.
Waiting on wait_init_idle (map = 0x2)
All processors have done init_idle
PCI: PCI BIOS revision 2.10 entry at 0xfd9e4, last bus=2
PCI: Using configuration type 1
PCI: Probing PCI hardware
PCI: Ignoring BAR0-3 of IDE controller 00:0f.1
PCI: Discovered primary peer bus 01 [IRQ]
PCI: Discovered primary peer bus 02 [IRQ]
PCI->APIC IRQ transform: (B0,I3,P0) -> 20
PCI->APIC IRQ transform: (B0,I4,P0) -> 22
PCI->APIC IRQ transform: (B0,I5,P0) -> 24
PCI->APIC IRQ transform: (B0,I6,P0) -> 18
PCI->APIC IRQ transform: (B0,I15,P0) -> 9
isapnp: Scanning for PnP cards...
isapnp: No Plug & Play device found
Linux NET4.0 for Linux 2.4
Based upon Swansea University Computer Society NET3.039
Initializing RT netlink socket
Starting kswapd
VFS: Diskquotas version dquot_6.4.0 initialized
Journalled Block Device driver loaded
devfs: v1.12c (20020818) Richard Gooch (rgooch@atnf.csiro.au)
devfs: boot_options: 0x0
pty: 256 Unix98 ptys configured
Serial driver version 5.05c (2001-07-08) with MANY_PORTS MULTIPORT SHARE_IRQ SERIAL_PCI ISAPNP enabled
ttyS00 at 0x03f8 (irq = 4) is a 16550A
ttyS01 at 0x02f8 (irq = 3) is a 16550A
Real Time Clock Driver v1.10e
Floppy drive(s): fd0 is 1.44M
FDC 0 is a National Semiconductor PC87306
RAMDISK driver initialized: 16 RAM disks of 64000K size 1024 blocksize
Uniform Multi-Platform E-IDE driver Revision: 7.00beta4-2.4
ide: Assuming 33MHz system bus speed for PIO modes; override with idebus=xx
SvrWks CSB6: IDE controller at PCI slot 00:0f.1
SvrWks CSB6: chipset revision 160
SvrWks CSB6: not 100% native mode: will probe irqs later
    ide0: BM-DMA at 0x1480-0x1487, BIOS settings: hda:DMA, hdb:pio
    ide1: BM-DMA at 0x1488-0x148f, BIOS settings: hdc:pio, hdd:DMA
SvrWks CSB6: IDE controller at PCI slot 00:0e.0
SvrWks CSB6: chipset revision 160
SvrWks CSB6: 100% native mode on irq 11
    ide2: BM-DMA at 0x1470-0x1477, BIOS settings: hde:pio, hdf:DMA
SiI3114 (Taurus) Serial ATA: IDE controller at PCI slot 00:04.0
SiI3114 (Taurus) Serial ATA: chipset revision 1
SiI3114 (Taurus) Serial ATA: not 100% native mode: will probe irqs later
    ide3: BM-DMA at 0x1460-0x1467, BIOS settings: hdg:pio, hdh:pio
    ide4: BM-DMA at 0x1468-0x146f, BIOS settings: hdi:pio, hdj:pio
hda: QUANTUM FIREBALLlct20 40, ATA DISK drive
blk: queue c0391de0, I/O limit 4095Mb (mask 0xffffffff)
hde: LS-120 VER5 00 UHD Floppy, ATAPI FLOPPY drive
hdf: LTN483, ATAPI CD/DVD-ROM drive
hdg: ST3120026AS, ATA DISK drive
hdh: ST3120026AS, ATA DISK drive
blk: queue c0392b9c, I/O limit 4095Mb (mask 0xffffffff)
blk: queue c0392cf8, I/O limit 4095Mb (mask 0xffffffff)
hdi: ST3120026AS, ATA DISK drive
hdj: ST3120026AS, ATA DISK drive
blk: queue c0393030, I/O limit 4095Mb (mask 0xffffffff)
blk: queue c039318c, I/O limit 4095Mb (mask 0xffffffff)
ide0 at 0x1f0-0x1f7,0x3f6 on irq 14
ide2 at 0x14b8-0x14bf,0x14ae on irq 11
ide3 at 0x14a0-0x14a7,0x1496 on irq 22
ide4 at 0x1498-0x149f,0x1492 on irq 22
hda: attached ide-disk driver.
hda: host protected area => 1
hda: 78177792 sectors (40027 MB) w/418KiB Cache, CHS=4866/255/63, UDMA(100)
hdg: attached ide-disk driver.
hdg: host protected area => 1
hdg: 234441648 sectors (120034 MB) w/8192KiB Cache, CHS=14593/255/63, UDMA(133)
hdh: attached ide-disk driver.
hdh: host protected area => 1
hdh: 234441648 sectors (120034 MB) w/8192KiB Cache, CHS=14593/255/63, UDMA(133)
hdi: attached ide-disk driver.
hdi: host protected area => 1
hdi: 234441648 sectors (120034 MB) w/8192KiB Cache, CHS=14593/255/63, UDMA(133)
hdj: attached ide-disk driver.
hdj: host protected area => 1
hdj: 234441648 sectors (120034 MB) w/8192KiB Cache, CHS=14593/255/63, UDMA(133)
Partition check:
 /dev/ide/host0/bus0/target0/lun0: p1 p2 p3
 /dev/ide/host3/bus0/target0/lun0: unknown partition table
 /dev/ide/host3/bus0/target1/lun0: unknown partition table
 /dev/ide/host3/bus1/target0/lun0: unknown partition table
 /dev/ide/host3/bus1/target1/lun0: unknown partition table
md: md driver 0.90.0 MAX_MD_DEVS=256, MD_SB_DISKS=27
md: Autodetecting RAID arrays.
md: autorun ...
md: ... autorun DONE.
LVM version 1.0.5+(22/07/2002)
NET4: Linux TCP/IP 1.0 for NET4.0
IP Protocols: ICMP, UDP, TCP, IGMP
IP: routing cache hash table of 4096 buckets, 64Kbytes
TCP: Hash tables configured (established 131072 bind 43690)
Linux IP multicast router 0.06 plus PIM-SM
NET4: Unix domain sockets 1.0/SMP for Linux NET4.0.
NET4: AppleTalk 0.18a for Linux NET4.0
RAMDISK: Compressed image found at block 0
Freeing initrd memory: 61k freed
VFS: Mounted root (ext2 filesystem).
kjournald starting.  Commit interval 5 seconds
EXT3-fs: mounted filesystem with ordered data mode.
Freeing unused kernel memory: 144k freed
Adding Swap: 1309288k swap-space (priority -1)
usb.c: registered new driver usbdevfs
usb.c: registered new driver hub
usb-ohci.c: USB OHCI at membase 0xe88bf000, IRQ 9
usb-ohci.c: usb-00:0f.2, ServerWorks CSB6 OHCI USB Controller
usb.c: new USB bus registered, assigned bus number 1
hub.c: USB hub found
hub.c: 2 ports detected
EXT3 FS 2.4-0.9.19, 19 August 2002 on ide0(3,2), internal journal
kjournald starting.  Commit interval 5 seconds
EXT3 FS 2.4-0.9.19, 19 August 2002 on ide0(3,1), internal journal
EXT3-fs: mounted filesystem with ordered data mode.
ide-floppy driver 0.99.newide
hde: attached ide-floppy driver.
hde: 123264kB, 246528 blocks, 512 sector size
hde: 123264kB, 963/8/32 CHS, 533 kBps, 512 sector size, 720 rpm
 /dev/ide/host2/bus0/target0/lun0: unknown partition table
 /dev/ide/host2/bus0/target0/lun0: unknown partition table
hde: DMA disabled
ide-floppy driver 0.99.newide
hdf: attached ide-cdrom driver.
hdf: ATAPI 48X CD-ROM drive, 120kB Cache, UDMA(33)
Uniform CD-ROM driver Revision: 3.12
hdf: DMA disabled
parport0: PC-style at 0x378 (0x778) [PCSPP,TRISTATE,EPP]
parport0: irq 7 detected
ip_conntrack version 2.1 (5119 buckets, 40952 max) - 292 bytes per conntrack
Intel(R) PRO/100 Network Driver - version 2.2.21-k1
Copyright (c) 2003 Intel Corporation
e100: selftest OK.
e100: eth0: Intel(R) PRO/100 Network Connection
  Hardware receive checksums enabled
  cpu cycle saver enabled
e100: eth0 NIC Link is Up 100 Mbps Full duplex
Intel(R) PRO/1000 Network Driver - version 5.0.43-k1
Copyright (c) 1999-2003 Intel Corporation.
eth1: Intel(R) PRO/1000 Network Connection
Transmit Descriptors set to 4096
Receive Descriptors set to 4096
e1000: eth1 NIC Link is Up 1000 Mbps Full Duplex