Date: Fri, 21 Nov 2003 07:05:45 +0100
From: Jurriaan <>
Subject: 2.6.0-test9-mm4: page allocation failure. order 3, mode 0x20
Sender: linux-kernel-owner@vger.kernel.org
Precedence: bulk
List-ID: <linux-kernel.vger.kernel.org>
X-Mailing-List: linux-kernel@vger.kernel.org
X-Lkml-Link: https://lkml.org/lkml/2003/11/21/4

After several runs of cdda2wav I get this message:
Nov 21 07:03:34 middle kernel: cdda2wav: page allocation failure. order:3, mode:0x20
Nov 21 07:03:34 middle last message repeated 36 times
MemTotal:      1032740 kB
MemFree:          4212 kB
Buffers:         21952 kB
Cached:         909920 kB
SwapCached:          0 kB
Active:         243228 kB
Inactive:       744460 kB
HighTotal:      131008 kB
HighFree:          252 kB
LowTotal:       901732 kB
LowFree:          3960 kB
SwapTotal:     4016232 kB
SwapFree:      4016232 kB
Dirty:           66352 kB
Writeback:           0 kB
Mapped:          64664 kB
Slab:            25816 kB
Committed_AS:    64280 kB
PageTables:        616 kB
VmallocTotal:   106488 kB
VmallocUsed:     40972 kB
VmallocChunk:    65516 kB
I ran cdda2wav a lot more under 2.9.0-test9-mm3 and didn't see this
message.
Kind regards,
Jurriaan
-- 
And though kids scrawl frustration on the back street wall
Most of them can't even spell bastard
	New Model Army - Master Race
Debian (Unstable) GNU/Linux 2.6.0-test9-mm3 4276 bogomips 0.81 0.57
-
To unsubscribe from this list: send the line "unsubscribe linux-kernel" in
the body of a message to majordomo@vger.kernel.org
More majordomo info at  
http://vger.kernel.org/majordomo-info.html
Please read the FAQ at  
http://www.tux.org/lkml/