Date: Mon, 05 Sep 2005 17:13:42 +0900
From: Kalin KOZHUHAROV <>
Subject: Re: 2.6.13 (was 2.6.11.11) and rsync oops (SATA or NFS related?)
Sender: linux-kernel-owner@vger.kernel.org
Precedence: bulk
List-ID: <linux-kernel.vger.kernel.org>
X-Mailing-List: linux-kernel@vger.kernel.org
X-Lkml-Link: https://lkml.org/lkml/2005/9/5/51

Kalin KOZHUHAROV wrote:
> Hi, there.
> Long time no posting - didn't have kernel problems for long time :-)
> 
> That is why I am still running 2.6.11.11 (2.6.12 elsewhere). Will move
> to 2.6.13 soon.
> 
> Yesterday just bought a new SATAII drive (Seagate Barracuda 7200.8
> ST3300831AS) and while trying to rsync some data from the old drives the
> rsync process died with segfault. My SiI3112 controller is not SATAII,
> but it should work in SATA mode, have another drive for year+. Looking
> at the dmesg I saw 3 oopses (see the shortened .dmesg file). Run the
> ksymoops and got some output (see .ksymoops.bz2).
> 
> Although it does not seem very related to the drive, that is the only
> recent change in hardware, in software: udev . The machine (MB: A7V8X
> Deluxe) was working stable for 6 months with a few restarts.
> 
> As far as reproducibility goes, apart from those 3 oopses everything is
> OK, didn't even have to restart and am now continuing to rsync some
> 200GB more.
> 
> Any ideas as to what caused this?
OK, I upgraded to the latest 2.6.13 kernel and still got (similar?) oops.
Looking again at it it might be NFS (using v4 recently) related.
Will provide config if needed.
Attaching the new oops.
Any ideas what are all the warnings from ksymoops like that:
...
Warning (compare_maps): vmlinux symbol __crc_IO_APIC_get_PCI_irq_vector 
not found in System.map.  Ignoring System.map entry
Warning (compare_maps): vmlinux symbol __crc_I_BDEV not found in 
System.map.  Ignoring System.map entry
Warning (compare_maps): vmlinux symbol __crc_SELECT_DRIVE not found in 
System.map.  Ignoring System.map entry
...
Running ksymoops without "-v" option clears them, but... I shall I omit 
the "-m" option when I use "-v"?
BTW, runnig with CONFIG_PRINTK_TIME=y cannot pipe directly into ksymoops 
:-( Disabling.
Kalin.
-- 
|[ ~~~~~~~~~~~~~~~~~~~~~~ ]|
+-> 
http://ThinRope.net/
 <-+
|[ ______________________ ]|
[17179569.184000] Linux version 2.6.13-dorf (root@dorf) (gcc version 3.3.5-20050130 (Gentoo 3.3.5.20050130-r1, ssp-3.3.5.20050130-1, pie-8.7.7.1)) #2 Mon Sep 5 11:50:42 JST 2005
[17179569.184000] BIOS-provided physical RAM map:
[17179569.184000]  BIOS-e820: 0000000000000000 - 000000000009fc00 (usable)
[17179569.184000]  BIOS-e820: 000000000009fc00 - 00000000000a0000 (reserved)
[17179569.184000]  BIOS-e820: 00000000000f0000 - 0000000000100000 (reserved)
[17179569.184000]  BIOS-e820: 0000000000100000 - 000000003fff0000 (usable)
[17179569.184000]  BIOS-e820: 000000003fff0000 - 000000003fff3000 (ACPI NVS)
[17179569.184000]  BIOS-e820: 000000003fff3000 - 0000000040000000 (ACPI data)
[17179569.184000]  BIOS-e820: 00000000fec00000 - 00000000fec01000 (reserved)
[17179569.184000]  BIOS-e820: 00000000fee00000 - 00000000fee01000 (reserved)
[17179569.184000]  BIOS-e820: 00000000ffff0000 - 0000000100000000 (reserved)
[17179569.184000] 127MB HIGHMEM available.
[17179569.184000] 896MB LOWMEM available.
[17179569.184000] On node 0 totalpages: 262128
[17179569.184000]   DMA zone: 4096 pages, LIFO batch:1
[17179569.184000]   Normal zone: 225280 pages, LIFO batch:31
[17179569.184000]   HighMem zone: 32752 pages, LIFO batch:15
[17179569.184000] DMI 2.2 present.
[17179569.184000] ACPI: RSDP (v000 Nvidia                                ) @ 0x000f75e0
[17179569.184000] ACPI: RSDT (v001 Nvidia AWRDACPI 0x42302e31 AWRD 0x00000000) @ 0x3fff3000
[17179569.184000] ACPI: FADT (v001 Nvidia AWRDACPI 0x42302e31 AWRD 0x00000000) @ 0x3fff3040
[17179569.184000] ACPI: MADT (v001 Nvidia AWRDACPI 0x42302e31 AWRD 0x00000000) @ 0x3fff74c0
[17179569.184000] ACPI: DSDT (v001 NVIDIA AWRDACPI 0x00001000 MSFT 0x0100000e) @ 0x00000000
[17179569.184000] ACPI: Local APIC address 0xfee00000
[17179569.184000] ACPI: LAPIC (acpi_id[0x00] lapic_id[0x00] enabled)
[17179569.184000] Processor #0 6:10 APIC version 16
[17179569.184000] ACPI: LAPIC_NMI (acpi_id[0x00] high edge lint[0x1])
[17179569.184000] ACPI: IOAPIC (id[0x02] address[0xfec00000] gsi_base[0])
[17179569.184000] IOAPIC[0]: apic_id 2, version 17, address 0xfec00000, GSI 0-23
[17179569.184000] ACPI: INT_SRC_OVR (bus 0 bus_irq 0 global_irq 2 dfl dfl)
[17179569.184000] ACPI: BIOS IRQ0 pin2 override ignored.
[17179569.184000] ACPI: INT_SRC_OVR (bus 0 bus_irq 9 global_irq 9 high level)
[17179569.184000] ACPI: INT_SRC_OVR (bus 0 bus_irq 14 global_irq 14 high edge)
[17179569.184000] ACPI: INT_SRC_OVR (bus 0 bus_irq 15 global_irq 15 high edge)
[17179569.184000] ACPI: IRQ9 used by override.
[17179569.184000] ACPI: IRQ14 used by override.
[17179569.184000] ACPI: IRQ15 used by override.
[17179569.184000] Enabling APIC mode:  Flat.  Using 1 I/O APICs
[17179569.184000] Using ACPI (MADT) for SMP configuration information
[17179569.184000] Allocating PCI resources starting at 40000000 (gap: 40000000:bec00000)
[17179569.184000] Built 1 zonelists
[17179569.184000] Kernel command line: root=/dev/hde1 udev nodevfs
[17179569.184000] mapped APIC to ffffd000 (fee00000)
[17179569.184000] mapped IOAPIC to ffffc000 (fec00000)
[17179569.184000] Initializing CPU#0
[17179569.184000] PID hash table entries: 4096 (order: 12, 65536 bytes)
[    0.000000] Detected 1837.618 MHz processor.
[   26.404904] Using tsc for high-res timesource
[   26.406447] Console: colour VGA+ 80x25
[   26.407482] Dentry cache hash table entries: 131072 (order: 7, 524288 bytes)
[   26.408067] Inode-cache hash table entries: 65536 (order: 6, 262144 bytes)
[   26.433823] Memory: 1034860k/1048512k available (2283k kernel code, 12872k reserved, 1041k data, 176k init, 131008k highmem)
[   26.433857] Checking if this processor honours the WP bit even in supervisor mode... Ok.
[   26.512564] Calibrating delay using timer specific routine.. 3680.08 BogoMIPS (lpj=7360161)
[   26.512621] Security Framework v1.0.0 initialized
[   26.512642] Capability LSM initialized
[   26.512667] Mount-cache hash table entries: 512
[   26.512793] CPU: After generic identify, caps: 0383fbff c1c3fbff 00000000 00000000 00000000 00000000 00000000
[   26.512800] CPU: After vendor identify, caps: 0383fbff c1c3fbff 00000000 00000000 00000000 00000000 00000000
[   26.512807] CPU: L1 I Cache: 64K (64 bytes/line), D cache 64K (64 bytes/line)
[   26.512828] CPU: L2 Cache: 512K (64 bytes/line)
[   26.512845] CPU: After all inits, caps: 0383fbff c1c3fbff 00000000 00000020 00000000 00000000 00000000
[   26.512851] Intel machine check architecture supported.
[   26.512869] Intel machine check reporting enabled on CPU#0.
[   26.512895] mtrr: v2.0 (20020519)
[   26.512913] CPU: AMD Athlon(tm) XP 2500+ stepping 00
[   26.512941] Enabling fast FPU save and restore... done.
[   26.512963] Enabling unmasked SIMD FPU exception support... done.
[   26.512988] Checking 'hlt' instruction... OK.
[   26.551531] ENABLING IO-APIC IRQs
[   26.551736] ..TIMER: vector=0x31 pin1=0 pin2=-1
[   26.696807] NET: Registered protocol family 16
[   26.696846] ACPI: bus type pci registered
[   26.712830] PCI: PCI BIOS revision 2.10 entry at 0xfb490, last bus=3
[   26.712855] PCI: Using configuration type 1
[   26.713170] ACPI: Subsystem revision 20050408
[   26.727547] ACPI: Interpreter enabled
[   26.727565] ACPI: Using IOAPIC for interrupt routing
[   26.728132] ACPI: PCI Root Bridge [PCI0] (0000:00)
[   26.728151] PCI: Probing PCI hardware (bus 00)
[   26.728292] ACPI: Assume root bridge [\_SB_.PCI0] segment is 0
[   26.732340] PCI: nForce2 C1 Halt Disconnect fixup
[   26.733264] Boot video device is 0000:03:00.0
[   26.733313] ACPI: PCI Interrupt Routing Table [\_SB_.PCI0._PRT]
[   26.814195] ACPI: PCI Interrupt Routing Table [\_SB_.PCI0.HUB0._PRT]
[   26.814730] ACPI: PCI Interrupt Routing Table [\_SB_.PCI0.AGPB._PRT]
[   26.814966] ACPI: PCI Interrupt Routing Table [\_SB_.PCI0.HUB1._PRT]
[   26.815996] ACPI: PCI Interrupt Link [LNK1] (IRQs 3 4 5 6 7 10 11 *12 14 15)
[   26.816452] ACPI: PCI Interrupt Link [LNK2] (IRQs 3 4 5 6 7 10 11 12 14 15) *0, disabled.
[   26.816915] ACPI: PCI Interrupt Link [LNK3] (IRQs 3 4 5 6 7 10 *11 12 14 15)
[   26.817363] ACPI: PCI Interrupt Link [LNK4] (IRQs 3 4 5 6 7 10 11 *12 14 15)
[   26.817808] ACPI: PCI Interrupt Link [LNK5] (IRQs 3 4 5 6 7 10 11 12 14 15) *0, disabled.
[   26.818269] ACPI: PCI Interrupt Link [LUBA] (IRQs 3 4 5 6 7 10 *11 12 14 15)
[   26.818716] ACPI: PCI Interrupt Link [LUBB] (IRQs 3 4 5 6 7 10 *11 12 14 15)
[   26.819161] ACPI: PCI Interrupt Link [LMAC] (IRQs 3 4 *5 6 7 10 11 12 14 15)
[   26.819606] ACPI: PCI Interrupt Link [LAPU] (IRQs 3 4 5 6 7 10 *11 12 14 15)
[   26.820050] ACPI: PCI Interrupt Link [LACI] (IRQs 3 4 *5 6 7 10 11 12 14 15)
[   26.820503] ACPI: PCI Interrupt Link [LMCI] (IRQs 3 4 5 6 7 10 11 12 14 15) *0, disabled.
[   26.820977] ACPI: PCI Interrupt Link [LSMB] (IRQs 3 4 5 6 7 10 11 *12 14 15)
[   26.821422] ACPI: PCI Interrupt Link [LUB2] (IRQs 3 4 *5 6 7 10 11 12 14 15)
[   26.821866] ACPI: PCI Interrupt Link [LFIR] (IRQs 3 4 5 6 7 10 11 *12 14 15)
[   26.822306] ACPI: PCI Interrupt Link [L3CM] (IRQs 3 4 5 6 7 10 *11 12 14 15)
[   26.822749] ACPI: PCI Interrupt Link [LIDE] (IRQs 3 4 5 6 7 10 11 12 14 15) *0, disabled.
[   26.823174] ACPI: PCI Interrupt Link [APC1] (IRQs *16), disabled.
[   26.823532] ACPI: PCI Interrupt Link [APC2] (IRQs *17), disabled.
[   26.823890] ACPI: PCI Interrupt Link [APC3] (IRQs *18), disabled.
[   26.824246] ACPI: PCI Interrupt Link [APC4] (IRQs *19), disabled.
[   26.824617] ACPI: PCI Interrupt Link [APC5] (IRQs *16), disabled.
[   26.825066] ACPI: PCI Interrupt Link [APCF] (IRQs 20 21 22) *0, disabled.
[   26.825530] ACPI: PCI Interrupt Link [APCG] (IRQs 20 21 22) *0, disabled.
[   26.826002] ACPI: PCI Interrupt Link [APCH] (IRQs 20 21 22) *0, disabled.
[   26.826464] ACPI: PCI Interrupt Link [APCI] (IRQs 20 21 22) *0, disabled.
[   26.826926] ACPI: PCI Interrupt Link [APCJ] (IRQs 20 21 22) *0, disabled.
[   26.827385] ACPI: PCI Interrupt Link [APCK] (IRQs 20 21 22) *0, disabled.
[   26.827757] ACPI: PCI Interrupt Link [APCS] (IRQs *23), disabled.
[   26.828204] ACPI: PCI Interrupt Link [APCL] (IRQs 20 21 22) *0, disabled.
[   26.828672] ACPI: PCI Interrupt Link [APCM] (IRQs 20 21 22) *0, disabled.
[   26.829128] ACPI: PCI Interrupt Link [AP3C] (IRQs 20 21 22) *0, disabled.
[   26.829589] ACPI: PCI Interrupt Link [APCZ] (IRQs 20 21 22) *0, disabled.
[   26.833663] Linux Plug and Play Support v0.97 (c) Adam Belay
[   26.833694] pnp: PnP ACPI init
[   26.840541] pnp: PnP ACPI: found 15 devices
[   26.840602] PCI: Using ACPI for IRQ routing
[   26.840621] PCI: If a device doesn't work, try "pci=routeirq".  If it helps, post a report
[   26.900345] PCI: Bridge: 0000:00:08.0
[   26.900362]   IO window: a000-bfff
[   26.900381]   MEM window: e0000000-e1ffffff
[   26.900408]   PREFETCH window: 40000000-400fffff
[   26.900428] PCI: Bridge: 0000:00:0c.0
[   26.900444]   IO window: c000-cfff
[   26.900463]   MEM window: dc000000-ddffffff
[   26.900481]   PREFETCH window: 40100000-401fffff
[   26.900500] PCI: Bridge: 0000:00:1e.0
[   26.900516]   IO window: disabled.
[   26.900534]   MEM window: de000000-dfffffff
[   26.900552]   PREFETCH window: d0000000-d7ffffff
[   26.900578] PCI: Setting latency timer of device 0000:00:08.0 to 64
[   26.900585] PCI: Setting latency timer of device 0000:00:0c.0 to 64
[   26.901230] pnp: 00:00: ioport range 0x4000-0x407f could not be reserved
[   26.901251] pnp: 00:00: ioport range 0x4080-0x40ff has been reserved
[   26.901271] pnp: 00:00: ioport range 0x4400-0x447f has been reserved
[   26.901290] pnp: 00:00: ioport range 0x4480-0x44ff could not be reserved
[   26.901310] pnp: 00:00: ioport range 0x4200-0x427f has been reserved
[   26.901329] pnp: 00:00: ioport range 0x4280-0x42ff has been reserved
[   26.901350] pnp: 00:01: ioport range 0x5000-0x503f has been reserved
[   26.901370] pnp: 00:01: ioport range 0x5500-0x553f has been reserved
[   26.901575] Machine check exception polling timer started.
[   26.902057] highmem bounce pool size: 64 pages
[   26.902120] VFS: Disk quotas dquot_6.5.1
[   26.902157] Dquot-cache hash table entries: 1024 (order 0, 4096 bytes)
[   26.902226] Installing knfsd (copyright (C) 1996 okir@monad.swb.de).
[   26.902396] Initializing Cryptographic API
[   26.902546] ACPI: CPU0 (power states: C1[C1])
[   26.913088] Real Time Clock Driver v1.12
[   26.913201] PNP: PS/2 controller doesn't have AUX irq; using default 0xc
[   26.913222] PNP: PS/2 Controller [PNP0303:PS2K] at 0x60,0x64 irq 112
[   26.914888] serio: i8042 AUX port at 0x60,0x64 irq 12
[   26.914966] serio: i8042 KBD port at 0x60,0x64 irq 1
[   26.914986] io scheduler noop registered
[   26.915021] io scheduler anticipatory registered
[   26.915046] io scheduler deadline registered
[   26.915074] io scheduler cfq registered
[   26.915129] Floppy drive(s): fd0 is 1.44M
[   26.932079] FDC 0 is a post-1991 82077
[   26.933292] RAMDISK driver initialized: 16 RAM disks of 8192K size 1024 blocksize
[   26.933452] loop: loaded (max 8 devices)
[   26.933511] Uniform Multi-Platform E-IDE driver Revision: 7.00alpha2
[   26.933531] ide: Assuming 33MHz system bus speed for PIO modes; override with idebus=xx
[   26.933591] NFORCE2: IDE controller at PCI slot 0000:00:09.0
[   26.933629] NFORCE2: chipset revision 162
[   26.933645] NFORCE2: not 100% native mode: will probe irqs later
[   26.933666] NFORCE2: BIOS didn't set cable bits correctly. Enabling workaround.
[   26.933691] NFORCE2: BIOS didn't set cable bits correctly. Enabling workaround.
[   26.933720] NFORCE2: 0000:00:09.0 (rev a2) UDMA133 controller
[   26.933746]     ide0: BM-DMA at 0xf000-0xf007, BIOS settings: hda:DMA, hdb:DMA
[   26.933790]     ide1: BM-DMA at 0xf008-0xf00f, BIOS settings: hdc:DMA, hdd:DMA
[   26.933830] Probing IDE interface ide0...
[   27.220373] hda: WDC WD1000BB-00CAA0, ATA DISK drive
[   27.893717] ide0 at 0x1f0-0x1f7,0x3f6 on irq 14
[   27.893771] Probing IDE interface ide1...
[   28.179946] hdc: WDC WD2000JB-00DUA0, ATA DISK drive
[   28.853174] ide1 at 0x170-0x177,0x376 on irq 15
[   28.853243] SiI3112 Serial ATA: IDE controller at PCI slot 0000:01:0b.0
[   28.853544] ACPI: PCI Interrupt Link [APC3] enabled at IRQ 18
[   28.853567] ACPI: PCI Interrupt 0000:01:0b.0[A] -> Link [APC3] -> GSI 18 (level, high) -> IRQ 16
[   28.853609] SiI3112 Serial ATA: chipset revision 2
[   28.853649] SiI3112 Serial ATA: 100% native mode on irq 16
[   28.853670]     ide2: MMIO-DMA , BIOS settings: hde:pio, hdf:pio
[   28.853707]     ide3: MMIO-DMA , BIOS settings: hdg:pio, hdh:pio
[   28.853740] Probing IDE interface ide2...
[   29.139748] hde: WDC WD360GD-00FLA0, ATA DISK drive
[   29.812204] ide2 at 0xf8802080-0xf8802087,0xf880208a on irq 16
[   29.812259] Probing IDE interface ide3...
[   30.099321] hdg: ST3300831AS, ATA DISK drive
[   30.770788] hdg: applying pessimistic Seagate errata fix
[   30.770815] ide3 at 0xf88020c0-0xf88020c7,0xf88020ca on irq 16
[   30.770984] hda: max request size: 128KiB
[   30.785712] hda: 195371568 sectors (100030 MB) w/2048KiB Cache, CHS=65535/16/63, UDMA(100)
[   30.785761] hda: cache flushes not supported
[   30.785816]  hda: hda1 hda2 hda3 hda4 < hda5 hda6 >
[   30.820450] hdc: max request size: 1024KiB
[   30.836520] hdc: 390721968 sectors (200049 MB) w/8192KiB Cache, CHS=24321/255/63, UDMA(100)
[   30.838090] hdc: cache flushes supported
[   30.838138]  hdc: hdc1 hdc2 hdc3 < hdc5 hdc6 > hdc4
[   30.857607] hde: max request size: 64KiB
[   30.860236] hde: 72303840 sectors (37019 MB) w/8192KiB Cache, CHS=16383/255/63, UDMA(133)
[   30.863203] hde: cache flushes supported
[   30.863245]  hde: hde1 hde2
[   30.876291] hdg: max request size: 7KiB
[   30.876534] hdg: 586072368 sectors (300069 MB) w/8192KiB Cache, CHS=36481/255/63
[   30.876680] hdg: cache flushes supported
[   30.876723]  hdg: hdg1
[   30.902599] mice: PS/2 mouse device common for all mice
[   30.902652] NET: Registered protocol family 2
[   30.942642] IP route cache hash table entries: 65536 (order: 6, 262144 bytes)
[   30.943015] TCP established hash table entries: 262144 (order: 9, 2097152 bytes)
[   30.945697] TCP bind hash table entries: 65536 (order: 6, 262144 bytes)
[   30.946090] TCP: Hash tables configured (established 262144 bind 65536)
[   30.946110] TCP reno registered
[   30.946148] TCP bic registered
[   30.946180] NET: Registered protocol family 1
[   30.946202] NET: Registered protocol family 17
[   30.946258] Using IPI Shortcut mode
[   30.953562] ReiserFS: hde1: found reiserfs format "3.6" with standard journal
[   31.209222] input: AT Translated Set 2 keyboard on isa0060/serio0
[   31.872867] ReiserFS: hde1: using ordered data mode
[   31.882200] ReiserFS: hde1: journal params: device hde1, size 8192, journal first block 18, max trans len 1024, max batch 900, max commit age 30, max trans age 30
[   31.883156] ReiserFS: hde1: checking transaction log (hde1)
[   31.917458] ReiserFS: hde1: Using r5 hash to sort names
[   31.917522] VFS: Mounted root (reiserfs filesystem) readonly.
[   31.917750] Freeing unused kernel memory: 176k freed
[   33.137724] Adding 1951888k swap on /dev/hda2.  Priority:-1 extents:1
[   33.154766] Adding 1775172k swap on /dev/hdc4.  Priority:-2 extents:1
[   40.413511] NET: Registered protocol family 10
[   40.413601] Disabled Privacy Extensions on device c0406000(lo)
[   40.413660] IPv6 over IPv4 tunneling driver
[   40.428095] usbcore: registered new driver usbfs
[   40.428437] usbcore: registered new driver hub
[   40.431602] ohci_hcd: 2005 April 22 USB 1.1 'Open' Host Controller (OHCI) Driver (PCI)
[   40.432434] ACPI: PCI Interrupt Link [APCF] enabled at IRQ 22
[   40.432441] ACPI: PCI Interrupt 0000:00:02.0[A] -> Link [APCF] -> GSI 22 (level, high) -> IRQ 17
[   40.432457] PCI: Setting latency timer of device 0000:00:02.0 to 64
[   40.432461] ohci_hcd 0000:00:02.0: nVidia Corporation nForce2 USB Controller
[   40.433002] ohci_hcd 0000:00:02.0: new USB bus registered, assigned bus number 1
[   40.433015] ohci_hcd 0000:00:02.0: irq 17, io mem 0xe2087000
[   40.489082] hub 1-0:1.0: USB hub found
[   40.489097] hub 1-0:1.0: 3 ports detected
[   40.494784] ACPI: PCI Interrupt Link [APCG] enabled at IRQ 21
[   40.494790] ACPI: PCI Interrupt 0000:00:02.1[B] -> Link [APCG] -> GSI 21 (level, high) -> IRQ 18
[   40.494803] PCI: Setting latency timer of device 0000:00:02.1 to 64
[   40.494807] ohci_hcd 0000:00:02.1: nVidia Corporation nForce2 USB Controller (#2)
[   40.495197] ohci_hcd 0000:00:02.1: new USB bus registered, assigned bus number 2
[   40.495207] ohci_hcd 0000:00:02.1: irq 18, io mem 0xe2082000
[   40.552998] hub 2-0:1.0: USB hub found
[   40.553011] hub 2-0:1.0: 3 ports detected
[   40.564845] ACPI: PCI Interrupt Link [APCL] enabled at IRQ 20
[   40.564854] ACPI: PCI Interrupt 0000:00:02.2[C] -> Link [APCL] -> GSI 20 (level, high) -> IRQ 19
[   40.564869] PCI: Setting latency timer of device 0000:00:02.2 to 64
[   40.564873] ehci_hcd 0000:00:02.2: nVidia Corporation nForce2 USB Controller
[   40.564882] ehci_hcd 0000:00:02.2: debug port 1
[   40.565255] ehci_hcd 0000:00:02.2: new USB bus registered, assigned bus number 3
[   40.565267] ehci_hcd 0000:00:02.2: irq 19, io mem 0xe2083000
[   40.565301] PCI: cache line size of 64 is not supported by device 0000:00:02.2
[   40.565304] ehci_hcd 0000:00:02.2: park 0
[   40.565309] ehci_hcd 0000:00:02.2: USB 2.0 initialized, EHCI 1.00, driver 10 Dec 2004
[   40.566035] hub 3-0:1.0: USB hub found
[   40.566047] hub 3-0:1.0: 6 ports detected
[   40.593817] via-rhine.c:v1.10-LK1.2.0-2.6 June-10-2004 Written by Donald Becker
[   40.594173] ACPI: PCI Interrupt Link [APC1] enabled at IRQ 16
[   40.594180] ACPI: PCI Interrupt 0000:01:0a.0[A] -> Link [APC1] -> GSI 16 (level, high) -> IRQ 20
[   40.594187] PCI: Via IRQ fixup for 0000:01:0a.0, from 12 to 4
[   40.598855] eth0: VIA Rhine II at 0x1a000, 00:90:fe:53:3e:72, IRQ 20.
[   40.599587] eth0: MII PHY found at address 8, status 0x782d advertising 01e1 Link 45e1.
[   40.604290] forcedeth.c: Reverse Engineered nForce ethernet driver. Version 0.35.
[   40.605659] ACPI: PCI Interrupt Link [APCH] enabled at IRQ 22
[   40.605663] ACPI: PCI Interrupt 0000:00:04.0[A] -> Link [APCH] -> GSI 22 (level, high) -> IRQ 17
[   40.605671] PCI: Setting latency timer of device 0000:00:04.0 to 64
[   41.122558] eth1: forcedeth.c: subsystem: 01043:80a7 bound to 0000:00:04.0
[   41.133812] ip_conntrack version 2.1 (8191 buckets, 65528 max) - 244 bytes per conntrack
[   41.236211] ip_tables: (C) 2000-2002 Netfilter core team
[   60.969593] kjournald starting.  Commit interval 5 seconds
[   60.969701] EXT3 FS on hda5, internal journal
[   60.969706] EXT3-fs: mounted filesystem with ordered data mode.
[   60.998460] ReiserFS: hda6: found reiserfs format "3.6" with standard journal
[   64.122908] ReiserFS: hda6: using ordered data mode
[   64.138274] ReiserFS: hda6: journal params: device hda6, size 8192, journal first block 18, max trans len 1024, max batch 900, max commit age 30, max trans age 30
[   64.139222] ReiserFS: hda6: checking transaction log (hda6)
[   64.167702] ReiserFS: hda6: Using r5 hash to sort names
[   64.243615] kjournald starting.  Commit interval 5 seconds
[   64.243763] EXT3 FS on hdc5, internal journal
[   64.243768] EXT3-fs: mounted filesystem with ordered data mode.
[   64.275477] ReiserFS: hdc6: found reiserfs format "3.6" with standard journal
[   70.041841] ReiserFS: hdc6: using ordered data mode
[   70.062556] ReiserFS: hdc6: journal params: device hdc6, size 8192, journal first block 18, max trans len 1024, max batch 900, max commit age 30, max trans age 30
[   70.063508] ReiserFS: hdc6: checking transaction log (hdc6)
[   70.130791] ReiserFS: hdc6: Using r5 hash to sort names
[   70.180513] ReiserFS: hde2: found reiserfs format "3.6" with standard journal
[   70.204844] ReiserFS: hde2: using ordered data mode
[   70.212164] ReiserFS: hde2: journal params: device hde2, size 8192, journal first block 18, max trans len 1024, max batch 900, max commit age 30, max trans age 30
[   70.213093] ReiserFS: hde2: checking transaction log (hde2)
[   70.236919] ReiserFS: hde2: Using r5 hash to sort names
[   70.275254] ReiserFS: hdg1: found reiserfs format "3.6" with standard journal
[   84.028736] ReiserFS: hdg1: using ordered data mode
[   84.049235] ReiserFS: hdg1: journal params: device hdg1, size 8192, journal first block 18, max trans len 1024, max batch 900, max commit age 30, max trans age 30
[   84.050184] ReiserFS: hdg1: checking transaction log (hdg1)
[   84.097576] ReiserFS: hdg1: Using r5 hash to sort names
[   86.298932] i2c_adapter i2c-0: nForce2 SMBus adapter at 0x5000
[   86.299399] i2c_adapter i2c-1: nForce2 SMBus adapter at 0x5500
[   89.571829] eth0: link up, 100Mbps, full-duplex, lpa 0x45E1
[   90.079538] CSLIP: code copyright 1989 Regents of the University of California
[   90.084325] PPP generic driver version 2.4.2
[   97.658632] NFSD: Using /var/lib/nfs/v4recovery as the NFSv4 state recovery directory
[   97.658872] NFSD: recovery directory /var/lib/nfs/v4recovery doesn't exist
[   97.658876] NFSD: starting 90-second grace period
[  177.723843] MPPE/MPPC encryption/compression module registered
[  209.587595] nfsd: last server has exited
[  209.587600] nfsd: unexporting all filesystems
[  209.677982] NFSD: Using /var/lib/nfs/v4recovery as the NFSv4 state recovery directory
[  209.678228] NFSD: starting 90-second grace period
[ 7638.386919] RPC: error 5 connecting to server 127.0.0.1
[ 7638.442963] RPC: error 5 connecting to server 127.0.0.1
[10824.759964] Unable to handle kernel paging request at virtual address 03cdc3e8
[10824.759971]  printing eip:
[10824.759973] c022aa99
[10824.759975] *pde = 00000000
[10824.759978] Oops: 0000 [#1]
[10824.759988] Modules linked in: sha1 arc4 ppp_mppe_mppc ipt_TCPMSS ipt_REJECT ipt_state iptable_filter iptable_mangle ppp_synctty ppp_async ppp_generic slhc w83l785ts asb100 i2c_sensor i2c_nforce2 i2c_core ext3 jbd mbcache ip_nat_ftp iptable_nat ip_tables ip_conntrack_ftp ip_conntrack forcedeth via_rhine mii ehci_hcd ohci_hcd usbcore ipv6
[10824.760098] CPU:    0
[10824.760099] EIP:    0060:[<c022aa99>]    Not tainted VLI
[10824.760101] EFLAGS: 00010296   (2.6.13-dorf) 
[10824.760128] EIP is at prio_tree_first+0x29/0xc0
[10824.760138] eax: 00000000   ebx: c1b9ddb4   ecx: c1b9ddb4   edx: 03cdc3d4
[10824.760150] esi: 00000000   edi: c11ccca0   ebp: 03cdc3e8   esp: c1b9dd48
[10824.760161] ds: 007b   es: 007b   ss: 0068
[10824.760169] Process kswapd0 (pid: 169, threadinfo=c1b9c000 task=c1b40a60)
[10824.760180] Stack: 000003ee 00000086 c03a27ec c13d7de0 c03a2838 c13d7dc0 c1b9ddb4 00000000 
[10824.760213]        c11ccca0 c1b9ddb4 c022abd4 c1b9ddb4 00000000 e5cdc3e0 00000001 f385ca08 
[10824.760246]        00000000 00000000 c11ccca0 c01403c7 c1b9ddb4 c01481f3 00000000 c1b9ddb4 
[10824.760279] Call Trace:
[10824.760299]  [<c022abd4>] prio_tree_next+0xa4/0xd0
[10824.760321]  [<c01403c7>] vma_prio_tree_next+0x27/0x60
[10824.760344]  [<c01481f3>] page_referenced_file+0x53/0xc0
[10824.760368]  [<c013dd8b>] __pagevec_release_nonlru+0x6b/0x90
[10824.760392]  [<c01482f6>] page_referenced+0x96/0xb0
[10824.760413]  [<c013ed42>] shrink_list+0xd2/0x3e0
[10824.760439]  [<c013f200>] shrink_cache+0x100/0x270
[10824.760462]  [<c013a143>] get_writeback_state+0x43/0x50
[10824.760487]  [<c013e91a>] shrink_slab+0x9a/0x1c0
[10824.760508]  [<c013f7ad>] shrink_zone+0xad/0xe0
[10824.760528]  [<c013fcc6>] balance_pgdat+0x2a6/0x3a0
[10824.760554]  [<c013fe9e>] kswapd+0xde/0x100
[10824.760574]  [<c012a920>] autoremove_wake_function+0x0/0x60
[10824.760598]  [<c012a920>] autoremove_wake_function+0x0/0x60
[10824.760620]  [<c013fdc0>] kswapd+0x0/0x100
[10824.760639]  [<c0100f65>] kernel_thread_helper+0x5/0x10
[10824.760660] Code: 89 f6 55 57 56 53 83 ec 18 8b 5c 24 2c 8b 6b 10 c7 03 00 00 00 00 c7 43 04 00 00 00 00 c7 43 08 00 00 00 00 c7 43 0c 00 00 00 00 <8b> 7d 00 85 ff 74 7c 8d 7c 24 14 8d 74 24 10 89 7c 24 0c 89 74 
[10824.761096]  <1>Unable to handle kernel paging request at virtual address 53a9da8c
[10826.747246]  printing eip:
[10826.747261] c022aa99
[10826.747277] *pde = 00000000
[10826.747293] Oops: 0000 [#2]
[10826.747310] Modules linked in: sha1 arc4 ppp_mppe_mppc ipt_TCPMSS ipt_REJECT ipt_state iptable_filter iptable_mangle ppp_synctty ppp_async ppp_generic slhc w83l785ts asb100 i2c_sensor i2c_nforce2 i2c_core ext3 jbd mbcache ip_nat_ftp iptable_nat ip_tables ip_conntrack_ftp ip_conntrack forcedeth via_rhine mii ehci_hcd ohci_hcd usbcore ipv6
[10826.747544] CPU:    0
[10826.747545] EIP:    0060:[<c022aa99>]    Not tainted VLI
[10826.747546] EFLAGS: 00010286   (2.6.13-dorf) 
[10826.747602] EIP is at prio_tree_first+0x29/0xc0
[10826.747620] eax: 00000000   ebx: f4259b0c   ecx: f4259b0c   edx: 53a9da78
[10826.747640] esi: 00000000   edi: c11ccc80   ebp: 53a9da8c   esp: f4259aa0
[10826.747660] ds: 007b   es: 007b   ss: 0068
[10826.747677] Process rsync (pid: 9243, threadinfo=f4258000 task=f6fc35f0)
[10826.747691] Stack: 00000082 00000000 d1857ca0 00000002 f7125934 f4259ae8 f4259b0c 00000000 
[10826.747763]        c11ccc80 f4259b0c c022abd4 f4259b0c 00000000 f0a9da84 00000001 f7125934 
[10826.747835]        00000000 00000000 c11ccc80 c01403c7 f4259b0c c01481f3 00000000 f4259b0c 
[10826.747909] Call Trace:
[10826.747938]  [<c022abd4>] prio_tree_next+0xa4/0xd0
[10826.747968]  [<c01403c7>] vma_prio_tree_next+0x27/0x60
[10826.747999]  [<c01481f3>] page_referenced_file+0x53/0xc0
[10826.748032]  [<c0156240>] try_to_free_buffers+0x50/0x90
[10826.748064]  [<c01482f6>] page_referenced+0x96/0xb0
[10826.748093]  [<c013ed42>] shrink_list+0xd2/0x3e0
[10826.748128]  [<c013f200>] shrink_cache+0x100/0x270
[10826.748158]  [<c02a217c>] ide_map_sg+0x9c/0xb0
[10826.748188]  [<c013a143>] get_writeback_state+0x43/0x50
[10826.748220]  [<c013a16c>] get_dirty_limits+0x1c/0xe0
[10826.748250]  [<c013a400>] throttle_vm_writeout+0x30/0x80
[10826.748280]  [<c013f7ad>] shrink_zone+0xad/0xe0
[10826.748309]  [<c013f859>] shrink_caches+0x79/0x90
[10826.748338]  [<c013f940>] try_to_free_pages+0xd0/0x1b0
[10826.748371]  [<c0138e79>] __alloc_pages+0x1a9/0x470
[10826.748404]  [<c013b4d9>] __do_page_cache_readahead+0xd9/0x110
[10826.748435]  [<c013b679>] blockable_page_cache_readahead+0x59/0xd0
[10826.748466]  [<c013b76a>] make_ahead_window+0x7a/0xb0
[10826.748496]  [<c013b845>] page_cache_readahead+0xa5/0x190
[10826.748527]  [<c0134f8c>] do_generic_mapping_read+0x56c/0x580
[10826.748563]  [<c0135251>] __generic_file_aio_read+0x1c1/0x200
[10826.748594]  [<c0134fa0>] file_read_actor+0x0/0xf0
[10826.748624]  [<c01352ea>] generic_file_aio_read+0x5a/0x80
[10826.748655]  [<c01513d7>] do_sync_read+0xc7/0x110
[10826.748691]  [<c012a920>] autoremove_wake_function+0x0/0x60
[10826.748723]  [<c0164f74>] sys_select+0x204/0x420
[10826.748754]  [<c0151502>] vfs_read+0xe2/0x1b0
[10826.748783]  [<c01518e1>] sys_read+0x51/0x80
[10826.748812]  [<c0102d15>] syscall_call+0x7/0xb
[10826.748844] Code: 89 f6 55 57 56 53 83 ec 18 8b 5c 24 2c 8b 6b 10 c7 03 00 00 00 00 c7 43 04 00 00 00 00 c7 43 08 00 00 00 00 c7 43 0c 00 00 00 00 <8b> 7d 00 85 ff 74 7c 8d 7c 24 14 8d 74 24 10 89 7c 24 0c 89 74 
[10826.749210]  <1>Unable to handle kernel paging request at virtual address 53a9daa8
[10826.989144]  printing eip:
[10826.989159] c0133e1e
[10826.989173] *pde = 00000000
[10826.989189] Oops: 0000 [#3]
[10826.989205] Modules linked in: sha1 arc4 ppp_mppe_mppc ipt_TCPMSS ipt_REJECT ipt_state iptable_filter iptable_mangle ppp_synctty ppp_async ppp_generic slhc w83l785ts asb100 i2c_sensor i2c_nforce2 i2c_core ext3 jbd mbcache ip_nat_ftp iptable_nat ip_tables ip_conntrack_ftp ip_conntrack forcedeth via_rhine mii ehci_hcd ohci_hcd usbcore ipv6
[10826.989438] CPU:    0
[10826.989439] EIP:    0060:[<c0133e1e>]    Not tainted VLI
[10826.989441] EFLAGS: 00010206   (2.6.13-dorf) 
[10826.989493] EIP is at sync_page+0x1e/0x50
[10826.989511] eax: 00000000   ebx: cf3b1e44   ecx: c11ccc80   edx: 53a9da78
[10826.989531] esi: cf3b1e4c   edi: c1802180   ebp: 00000000   esp: cf3b1dfc
[10826.989551] ds: 007b   es: 007b   ss: 0068
[10826.989568] Process rsync (pid: 9245, threadinfo=cf3b0000 task=f596c020)
[10826.989582] Stack: c1802180 c033a212 c11ccc80 c0133e00 f596c020 cf3b1e44 cf3b1e40 c11ccc80 
[10826.989655]        c01346a1 00000002 c11ccc80 00000000 00000000 f596c020 c012a980 cf3b1e58 
[10826.989727]        cf3b1e58 f0a9da78 c11ccc80 00000000 00000001 f596c020 c012a980 c1802180 
[10826.989799] Call Trace:
[10826.989826]  [<c033a212>] __wait_on_bit_lock+0x52/0x60
[10826.989860]  [<c0133e00>] sync_page+0x0/0x50
[10826.989888]  [<c01346a1>] __lock_page+0x91/0xa0
[10826.989917]  [<c012a980>] wake_bit_function+0x0/0x60
[10826.989949]  [<c012a980>] wake_bit_function+0x0/0x60
[10826.989978]  [<c013e2d8>] truncate_inode_pages+0x188/0x2a0
[10826.990015]  [<c016b95f>] generic_delete_inode+0x12f/0x140
[10826.990048]  [<c016bb15>] iput+0x55/0x70
[10826.990076]  [<c0168eaf>] dput+0xef/0x190
[10826.990105]  [<c0152713>] __fput+0x113/0x170
[10826.990137]  [<c0150c7d>] filp_close+0x4d/0x80
[10826.990165]  [<c0118f96>] put_files_struct+0x56/0xc0
[10826.990198]  [<c0119b91>] do_exit+0xf1/0x370
[10826.990225]  [<c0151961>] sys_write+0x51/0x80
[10826.990254]  [<c0119e84>] do_group_exit+0x34/0x70
[10826.990284]  [<c0102d15>] syscall_call+0x7/0xb
[10826.990316] Code: eb e8 8d 74 26 00 8d bc 27 00 00 00 00 83 ec 04 8b 4c 24 08 8b 01 8b 51 10 c1 e8 0f 83 e0 01 75 34 f6 c2 01 0f 45 d0 85 d2 74 12 <8b> 42 30 85 c0 74 0b 8b 50 08 85 d2 75 14 8d 74 26 00 e8 7b 60 
[10826.990681]  <1>Fixing recursive fault but reboot is needed!
[unhandled content-type:application/octet-stream]