Date: Fri, 15 Jul 2005 11:31:21 +0200
From: Carl-Daniel Hailfinger <>
Subject: ATAPI+SATA support in 2.6.13-rc3
Sender: linux-kernel-owner@vger.kernel.org
Precedence: bulk
List-ID: <linux-kernel.vger.kernel.org>
X-Mailing-List: linux-kernel@vger.kernel.org
X-Lkml-Link: https://lkml.org/lkml/2005/7/15/49

Hi Jeff,
I have a Intel ICH6M chipset and am using ata_piix as my
default disk driver. With the SUSE patched 2.6.11.4 kernel
(it has some libata patches) my DVD-RAM drive works, with
2.6.13-rc3 it doesn't work. My .config is nearly identical
for both kernels (except options introduced after 2.6.11).
I have two suspects: the changed interrupt routing and
libata version differences. Especially strange is the fact
that both kernels seem to disagree with lspci about the
interrupts assigned to the SATA controller.
Please find dmesg, /proc/interrupts and lspci -v attached
for both kernels.
Regards,
Carl-Daniel
-- 
http://www.hailfinger.org/
Linux version 2.6.11.4-21.7-default (geeko@buildhost) (gcc version 3.3.5 20050117 (prerelease) (SUSE Linux)) #1 Thu Jun 2 14:23:14 UTC 2005
BIOS-provided physical RAM map:
 BIOS-e820: 0000000000000000 - 000000000009f800 (usable)
 BIOS-e820: 000000000009f800 - 00000000000a0000 (reserved)
 BIOS-e820: 00000000000dc000 - 0000000000100000 (reserved)
 BIOS-e820: 0000000000100000 - 000000001f6e0000 (usable)
 BIOS-e820: 000000001f6e0000 - 000000001f6ea000 (ACPI data)
 BIOS-e820: 000000001f6ea000 - 000000001f700000 (ACPI NVS)
 BIOS-e820: 000000001f700000 - 0000000020000000 (reserved)
 BIOS-e820: 00000000e0000000 - 00000000f0006000 (reserved)
 BIOS-e820: 00000000f0008000 - 00000000f000c000 (reserved)
 BIOS-e820: 00000000fed20000 - 00000000fed90000 (reserved)
 BIOS-e820: 00000000ff000000 - 0000000100000000 (reserved)
0MB HIGHMEM available.
502MB LOWMEM available.
On node 0 totalpages: 128736
  DMA zone: 4096 pages, LIFO batch:1
  Normal zone: 124640 pages, LIFO batch:16
  HighMem zone: 0 pages, LIFO batch:1
DMI present.
ACPI: RSDP (v000 PTLTD                                 ) @ 0x000f7810
ACPI: RSDT (v001 PTLTD  Wistron  0x06040000  LTP 0x00000000) @ 0x1f6e4214
ACPI: FADT (v001 INTEL  ALVISO   0x06040000 LOHR 0x0000005f) @ 0x1f6e9e88
ACPI: MADT (v001 INTEL  ALVISO   0x06040000 LOHR 0x0000005f) @ 0x1f6e9efc
ACPI: BOOT (v001 PTLTD  $SBFTBL$ 0x06040000  LTP 0x00000001) @ 0x1f6e9fd8
ACPI: MCFG (v001 INTEL  ALVISO   0x06040000 LOHR 0x0000005f) @ 0x1f6e9f9c
ACPI: SSDT (v001 SataRe  SataPri 0x00001000 INTL 0x20030224) @ 0x1f6e510c
ACPI: SSDT (v001 SataRe  SataSec 0x00001000 INTL 0x20030224) @ 0x1f6e4a7a
ACPI: SSDT (v001  PmRef  Cpu0Ist 0x00003000 INTL 0x20030224) @ 0x1f6e4635
ACPI: SSDT (v001  PmRef  Cpu0Cst 0x00003001 INTL 0x20030224) @ 0x1f6e4457
ACPI: SSDT (v001  PmRef    CpuPm 0x00003000 INTL 0x20030224) @ 0x1f6e425c
ACPI: DSDT (v001 INTEL  ALVISO   0x06040000 MSFT 0x0100000e) @ 0x00000000
ACPI: PM-Timer IO Port: 0x1008
ACPI: local apic disabled
Allocating PCI resources starting at 20000000 (gap: 20000000:c0000000)
Built 1 zonelists
Kernel command line: root=/dev/sda8 vga=0x317 selinux=0  splash=silent resume=/dev/sda9 single
bootsplash: silent mode.
Initializing CPU#0
PID hash table entries: 2048 (order: 11, 32768 bytes)
Detected 1596.886 MHz processor.
Using pmtmr for high-res timesource
Console: colour dummy device 80x25
Dentry cache hash table entries: 65536 (order: 6, 262144 bytes)
Inode-cache hash table entries: 32768 (order: 5, 131072 bytes)
Memory: 505268k/514944k available (1866k kernel code, 9088k reserved, 658k data, 204k init, 0k highmem)
Checking if this processor honours the WP bit even in supervisor mode... Ok.
Calibrating delay loop... 3153.92 BogoMIPS (lpj=1576960)
Security Framework v1.0.0 initialized
SELinux:  Disabled at boot.
Mount-cache hash table entries: 512 (order: 0, 4096 bytes)
CPU: After generic identify, caps: afe9fbff 00100000 00000000 00000000 00000180 00000000 00000000
CPU: After vendor identify, caps: afe9fbff 00100000 00000000 00000000 00000180 00000000 00000000
CPU: L1 I cache: 32K, L1 D cache: 32K
CPU: L2 cache: 2048K
CPU: After all inits, caps: afe9fbff 00100000 00000000 00000040 00000180 00000000 00000000
Intel machine check architecture supported.
Intel machine check reporting enabled on CPU#0.
CPU: Intel(R) Pentium(R) M processor 1.60GHz stepping 08
Enabling fast FPU save and restore... done.
Enabling unmasked SIMD FPU exception support... done.
Checking 'hlt' instruction... OK.
checking if image is initramfs... it is
Freeing initrd memory: 1505k freed
ACPI: Looking for DSDT in initrd... not found!
 not found!
ACPI: setting ELCR to 0200 (from 0c00)
NET: Registered protocol family 16
PCI: PCI BIOS revision 2.10 entry at 0xfd79e, last bus=6
PCI: Using MMCONFIG
mtrr: v2.0 (20020519)
ACPI: Subsystem revision 20050211
ACPI: Interpreter enabled
ACPI: Using PIC for interrupt routing
    ACPI-0250: *** Warning: Handle is NULL and Pathname is relative
    ACPI-0250: *** Warning: Handle is NULL and Pathname is relative
    ACPI-0250: *** Warning: Handle is NULL and Pathname is relative
    ACPI-0250: *** Warning: Handle is NULL and Pathname is relative
ACPI: PCI Root Bridge [PCI0] (00:00)
PCI: Probing PCI hardware (bus 00)
PCI: Ignoring BAR0-3 of IDE controller 0000:00:1f.2
PCI: Transparent bridge - 0000:00:1e.0
ACPI: PCI Interrupt Routing Table [\_SB_.PCI0._PRT]
ACPI: PCI Interrupt Routing Table [\_SB_.PCI0.RP01._PRT]
ACPI: PCI Interrupt Routing Table [\_SB_.PCI0.PCIB._PRT]
ACPI: PCI Interrupt Link [LNKA] (IRQs *10 11)
ACPI: PCI Interrupt Link [LNKB] (IRQs 10 *11)
ACPI: PCI Interrupt Link [LNKC] (IRQs 10 *11)
ACPI: PCI Interrupt Link [LNKD] (IRQs 10 *11)
ACPI: PCI Interrupt Link [LNKE] (IRQs *10 11)
ACPI: PCI Interrupt Link [LNKF] (IRQs *10 11)
ACPI: PCI Interrupt Link [LNKG] (IRQs 11) *10
ACPI: PCI Interrupt Link [LNKH] (IRQs 10 *11)
ACPI: Embedded Controller [EC0] (gpe 23)
Linux Plug and Play Support v0.97 (c) Adam Belay
pnp: PnP ACPI init
pnp: PnP ACPI: found 7 devices
PCI: Using ACPI for IRQ routing
PCI: If a device doesn't work, try "pci=routeirq".  If it helps, post a report
TC classifier action (bugs to netdev@oss.sgi.com cc hadi@cyberus.ca)
pnp: 00:03: ioport range 0x800-0x80f has been reserved
Simple Boot Flag at 0x37 set to 0x1
apm: BIOS not found.
audit: initializing netlink socket (disabled)
audit(1121425643.172:0): initialized
Total HugeTLB memory allocated, 0
VFS: Disk quotas dquot_6.5.1
Dquot-cache hash table entries: 1024 (order 0, 4096 bytes)
Initializing Cryptographic API
ACPI: PCI Interrupt Link [LNKB] enabled at IRQ 11
PCI: setting IRQ 11 as level-triggered
ACPI: PCI interrupt 0000:00:1c.0[A] -> GSI 11 (level, low) -> IRQ 11
PCI: Setting latency timer of device 0000:00:1c.0 to 64
assign_interrupt_mode Found MSI capability
Allocate Port Service[pcie00]
Allocate Port Service[pcie02]
Allocate Port Service[pcie03]
vesafb: framebuffer at 0xc0000000, mapped to 0xe0080000, using 6144k, total 7872k
vesafb: mode is 1024x768x16, linelength=2048, pages=4
vesafb: protected mode interface info at 00ff:44f0
vesafb: scrolling: redraw
vesafb: Truecolor: size=0:5:6:5, shift=0:11:5:0
bootsplash 3.1.6-2004/03/31: looking for picture...<6> silentjpeg size 57135 bytes,<6>...found (1024x768, 36789 bytes, v3).
Console: switching to colour frame buffer device 127x44
fb0: VESA VGA frame buffer device
isapnp: Scanning for PnP cards...
isapnp: No Plug & Play device found
Real Time Clock Driver v1.12
PNP: PS/2 Controller [PNP0303:KBC0,PNP0f13:PS2M] at 0x60,0x64 irq 1,12
i8042.c: Detected active multiplexing controller, rev 1.1.
serio: i8042 AUX0 port at 0x60,0x64 irq 12
serio: i8042 AUX1 port at 0x60,0x64 irq 12
serio: i8042 AUX2 port at 0x60,0x64 irq 12
serio: i8042 AUX3 port at 0x60,0x64 irq 12
serio: i8042 KBD port at 0x60,0x64 irq 1
Serial: 8250/16550 driver $Revision: 1.90 $ 48 ports, IRQ sharing enabled
ACPI: PCI Interrupt Link [LNKF] enabled at IRQ 10
PCI: setting IRQ 10 as level-triggered
ACPI: PCI interrupt 0000:00:1e.3[B] -> GSI 10 (level, low) -> IRQ 10
io scheduler noop registered
io scheduler anticipatory registered
io scheduler deadline registered
io scheduler cfq registered
floppy0: no floppy controllers found
RAMDISK driver initialized: 16 RAM disks of 64000K size 1024 blocksize
loop: loaded (max 8 devices)
mice: PS/2 mouse device common for all mice
input: PC Speaker
md: md driver 0.90.1 MAX_MD_DEVS=256, MD_SB_DISKS=27
NET: Registered protocol family 2
IP: routing cache hash table of 4096 buckets, 32Kbytes
TCP established hash table entries: 16384 (order: 5, 131072 bytes)
TCP bind hash table entries: 16384 (order: 4, 65536 bytes)
TCP: Hash tables configured (established 16384 bind 16384)
NET: Registered protocol family 1
PM: Checking swsusp image.
PM: Resume from disk failed.
ACPI wakeup devices: 
LID0 SLPB AZAL RP01 RP02 RP03 RP04 LANB MODM 
ACPI: (supports S0 S3 S4 S5)
Freeing unused kernel memory: 204k freed
input: AT Translated Set 2 keyboard on isa0060/serio0
SCSI subsystem initialized
libata version 1.10 loaded.
ata_piix version 1.03
ACPI: PCI interrupt 0000:00:1f.2[B] -> GSI 11 (level, low) -> IRQ 11
PCI: Setting latency timer of device 0000:00:1f.2 to 64
ata1: SATA max UDMA/133 cmd 0x1F0 ctl 0x3F6 bmdma 0x18B0 irq 14
Synaptics Touchpad, model: 1
 Firmware: 6.2
 180 degree mounted touchpad
 Sensor: 18
 new absolute packet format
 Touchpad has extended capability bits
 -> 4 multi-buttons, i.e. besides standard buttons
 -> multifinger detection
 -> palm detection
input: SynPS/2 Synaptics TouchPad on isa0060/serio4
ata1: dev 0 cfg 49:2f00 82:346b 83:7f09 84:6003 85:3c69 86:3d01 87:6003 88:203f
ata1: dev 0 ATA-7, max UDMA/100, 156368016 sectors: LBA48
ata1(0): applying bridge limits
ata1: dev 0 configured for UDMA/100
scsi0 : ata_piix
  Vendor: ATA       Model: SAMSUNG MP0804H   Rev: UE10
  Type:   Direct-Access                      ANSI SCSI revision: 05
SCSI device sda: 156368016 512-byte hdwr sectors (80060 MB)
SCSI device sda: drive cache: write back
spurious 8259A interrupt: IRQ7.
SCSI device sda: 156368016 512-byte hdwr sectors (80060 MB)
SCSI device sda: drive cache: write back
 sda: sda1 sda2 < sda5 sda6 sda7 sda8 sda9 sda10 sda11 >
Attached scsi disk sda at scsi0, channel 0, id 0, lun 0
ata2: SATA max UDMA/133 cmd 0x170 ctl 0x376 bmdma 0x18B8 irq 15
ata2: dev 0 cfg 49:0f00 82:0000 83:0000 84:0000 85:0000 86:0000 87:0000 88:0407
ata2: dev 0 ATAPI, max UDMA/33
ata2(0): applying bridge limits
ata2: dev 0 configured for UDMA/33
scsi1 : ata_piix
  Vendor: MATSHITA  Model: DVD-RAM UJ-840S   Rev: 1.00
  Type:   CD-ROM                             ANSI SCSI revision: 05
Uniform Multi-Platform E-IDE driver Revision: 7.00alpha2
ide: Assuming 33MHz system bus speed for PIO modes; override with idebus=xx
Attempting manual resume
PM: Checking swsusp image.
swsusp: Suspend partition has wrong signature?
PM: Resume from disk failed.
ReiserFS: sda8: found reiserfs format "3.6" with standard journal
ReiserFS: sda8: using ordered data mode
reiserfs: using flush barriers
ReiserFS: sda8: journal params: device sda8, size 8192, journal first block 18, max trans len 1024, max batch 900, max commit age 30, max trans age 30
ReiserFS: sda8: checking transaction log (sda8)
reiserfs: disabling flush barriers on sda8
ReiserFS: sda8: Using r5 hash to sort names
usbcore: registered new driver usbfs
usbcore: registered new driver hub
ACPI: PCI Interrupt Link [LNKH] enabled at IRQ 11
ACPI: PCI interrupt 0000:00:1d.7[A] -> GSI 11 (level, low) -> IRQ 11
ehci_hcd 0000:00:1d.7: EHCI Host Controller
PCI: Setting latency timer of device 0000:00:1d.7 to 64
ehci_hcd 0000:00:1d.7: irq 11, pci mem 0xb0040000
ehci_hcd 0000:00:1d.7: new USB bus registered, assigned bus number 1
PCI: cache line size of 32 is not supported by device 0000:00:1d.7
ehci_hcd 0000:00:1d.7: USB 2.0 initialized, EHCI 1.00, driver 10 Dec 2004
hub 1-0:1.0: USB hub found
hub 1-0:1.0: 8 ports detected
ohci_hcd: 2004 Nov 08 USB 1.1 'Open' Host Controller (OHCI) Driver (PCI)
USB Universal Host Controller Interface driver v2.2
ACPI: PCI interrupt 0000:00:1d.0[A] -> GSI 11 (level, low) -> IRQ 11
uhci_hcd 0000:00:1d.0: UHCI Host Controller
PCI: Setting latency timer of device 0000:00:1d.0 to 64
uhci_hcd 0000:00:1d.0: irq 11, io base 0x1820
uhci_hcd 0000:00:1d.0: new USB bus registered, assigned bus number 2
hub 2-0:1.0: USB hub found
hub 2-0:1.0: 2 ports detected
ACPI: PCI interrupt 0000:00:1d.1[B] -> GSI 11 (level, low) -> IRQ 11
uhci_hcd 0000:00:1d.1: UHCI Host Controller
PCI: Setting latency timer of device 0000:00:1d.1 to 64
uhci_hcd 0000:00:1d.1: irq 11, io base 0x1840
uhci_hcd 0000:00:1d.1: new USB bus registered, assigned bus number 3
hub 3-0:1.0: USB hub found
hub 3-0:1.0: 2 ports detected
ACPI: PCI Interrupt Link [LNKC] enabled at IRQ 11
ACPI: PCI interrupt 0000:00:1d.2[C] -> GSI 11 (level, low) -> IRQ 11
uhci_hcd 0000:00:1d.2: UHCI Host Controller
PCI: Setting latency timer of device 0000:00:1d.2 to 64
uhci_hcd 0000:00:1d.2: irq 11, io base 0x1860
uhci_hcd 0000:00:1d.2: new USB bus registered, assigned bus number 4
hub 4-0:1.0: USB hub found
hub 4-0:1.0: 2 ports detected
ACPI: PCI Interrupt Link [LNKD] enabled at IRQ 11
ACPI: PCI interrupt 0000:00:1d.3[D] -> GSI 11 (level, low) -> IRQ 11
uhci_hcd 0000:00:1d.3: UHCI Host Controller
PCI: Setting latency timer of device 0000:00:1d.3 to 64
uhci_hcd 0000:00:1d.3: irq 11, io base 0x1880
uhci_hcd 0000:00:1d.3: new USB bus registered, assigned bus number 5
hub 5-0:1.0: USB hub found
hub 5-0:1.0: 2 ports detected
usb 5-2: new full speed USB device using uhci_hcd and address 2
usbcore: registered new driver hiddev
usbcore: registered new driver usbhid
drivers/usb/input/hid-core.c: v2.01:USB HID core driver
serio: kseriod exiting
bootsplash: status on console 0 changed to on
Linux version 2.6.13-rc3 (corinna@laptop) (gcc version 3.3.5 20050117 (prerelease) (SUSE Linux)) #1 Thu Jul 14 17:01:12 CEST 2005
BIOS-provided physical RAM map:
 BIOS-e820: 0000000000000000 - 000000000009f800 (usable)
 BIOS-e820: 000000000009f800 - 00000000000a0000 (reserved)
 BIOS-e820: 00000000000dc000 - 0000000000100000 (reserved)
 BIOS-e820: 0000000000100000 - 000000001f6e0000 (usable)
 BIOS-e820: 000000001f6e0000 - 000000001f6ea000 (ACPI data)
 BIOS-e820: 000000001f6ea000 - 000000001f700000 (ACPI NVS)
 BIOS-e820: 000000001f700000 - 0000000020000000 (reserved)
 BIOS-e820: 00000000e0000000 - 00000000f0006000 (reserved)
 BIOS-e820: 00000000f0008000 - 00000000f000c000 (reserved)
 BIOS-e820: 00000000fed20000 - 00000000fed90000 (reserved)
 BIOS-e820: 00000000ff000000 - 0000000100000000 (reserved)
0MB HIGHMEM available.
502MB LOWMEM available.
On node 0 totalpages: 128736
  DMA zone: 4096 pages, LIFO batch:1
  Normal zone: 124640 pages, LIFO batch:31
  HighMem zone: 0 pages, LIFO batch:1
DMI present.
ACPI: RSDP (v000 PTLTD                                 ) @ 0x000f7810
ACPI: RSDT (v001 PTLTD  Wistron  0x06040000  LTP 0x00000000) @ 0x1f6e4214
ACPI: FADT (v001 INTEL  ALVISO   0x06040000 LOHR 0x0000005f) @ 0x1f6e9e88
ACPI: MADT (v001 INTEL  ALVISO   0x06040000 LOHR 0x0000005f) @ 0x1f6e9efc
ACPI: BOOT (v001 PTLTD  $SBFTBL$ 0x06040000  LTP 0x00000001) @ 0x1f6e9fd8
ACPI: MCFG (v001 INTEL  ALVISO   0x06040000 LOHR 0x0000005f) @ 0x1f6e9f9c
ACPI: SSDT (v001 SataRe  SataPri 0x00001000 INTL 0x20030224) @ 0x1f6e510c
ACPI: SSDT (v001 SataRe  SataSec 0x00001000 INTL 0x20030224) @ 0x1f6e4a7a
ACPI: SSDT (v001  PmRef  Cpu0Ist 0x00003000 INTL 0x20030224) @ 0x1f6e4635
ACPI: SSDT (v001  PmRef  Cpu0Cst 0x00003001 INTL 0x20030224) @ 0x1f6e4457
ACPI: SSDT (v001  PmRef    CpuPm 0x00003000 INTL 0x20030224) @ 0x1f6e425c
ACPI: DSDT (v001 INTEL  ALVISO   0x06040000 MSFT 0x0100000e) @ 0x00000000
ACPI: PM-Timer IO Port: 0x1008
ACPI: Local APIC address 0xfee00000
ACPI: LAPIC (acpi_id[0x00] lapic_id[0x00] enabled)
Processor #0 6:13 APIC version 20
ACPI: LAPIC (acpi_id[0x01] lapic_id[0x01] disabled)
ACPI: LAPIC_NMI (acpi_id[0x00] high edge lint[0x1])
ACPI: LAPIC_NMI (acpi_id[0x01] high edge lint[0x1])
ACPI: IOAPIC (id[0x01] address[0xfec00000] gsi_base[0])
IOAPIC[0]: apic_id 1, version 32, address 0xfec00000, GSI 0-23
ACPI: INT_SRC_OVR (bus 0 bus_irq 0 global_irq 2 dfl dfl)
ACPI: INT_SRC_OVR (bus 0 bus_irq 9 global_irq 9 high level)
ACPI: IRQ0 used by override.
ACPI: IRQ2 used by override.
ACPI: IRQ9 used by override.
Enabling APIC mode:  Flat.  Using 1 I/O APICs
Using ACPI (MADT) for SMP configuration information
Allocating PCI resources starting at 20000000 (gap: 20000000:c0000000)
Built 1 zonelists
Kernel command line: root=/dev/sda8 vga=0x317 selinux=0  splash=silent resume=/dev/sda9 single
mapped APIC to ffffd000 (fee00000)
mapped IOAPIC to ffffc000 (fec00000)
Initializing CPU#0
PID hash table entries: 2048 (order: 11, 32768 bytes)
Detected 1596.188 MHz processor.
Using pmtmr for high-res timesource
Console: colour dummy device 80x25
Dentry cache hash table entries: 65536 (order: 6, 262144 bytes)
Inode-cache hash table entries: 32768 (order: 5, 131072 bytes)
Memory: 502916k/514944k available (2166k kernel code, 11488k reserved, 662k data, 212k init, 0k highmem)
Checking if this processor honours the WP bit even in supervisor mode... Ok.
Calibrating delay using timer specific routine.. 3196.06 BogoMIPS (lpj=15980343)
Security Framework v1.0.0 initialized
SELinux:  Disabled at boot.
Mount-cache hash table entries: 512
CPU: After generic identify, caps: afe9fbff 00100000 00000000 00000000 00000180 00000000 00000000
CPU: After vendor identify, caps: afe9fbff 00100000 00000000 00000000 00000180 00000000 00000000
CPU: L1 I cache: 32K, L1 D cache: 32K
CPU: L2 cache: 2048K
CPU: After all inits, caps: afe9fbff 00100000 00000000 00000040 00000180 00000000 00000000
Intel machine check architecture supported.
Intel machine check reporting enabled on CPU#0.
mtrr: v2.0 (20020519)
CPU: Intel(R) Pentium(R) M processor 1.60GHz stepping 08
Enabling fast FPU save and restore... done.
Enabling unmasked SIMD FPU exception support... done.
Checking 'hlt' instruction... OK.
ENABLING IO-APIC IRQs
..TIMER: vector=0x31 pin1=2 pin2=-1
checking if image is initramfs... it is
Freeing initrd memory: 3602k freed
NET: Registered protocol family 16
ACPI: bus type pci registered
PCI: PCI BIOS revision 2.10 entry at 0xfd79e, last bus=6
PCI: Using MMCONFIG
ACPI: Subsystem revision 20050408
ACPI: Interpreter enabled
ACPI: Using IOAPIC for interrupt routing
ACPI: PCI Root Bridge [PCI0] (0000:00)
PCI: Probing PCI hardware (bus 00)
ACPI: Assume root bridge [\_SB_.PCI0] segment is 0
Boot video device is 0000:00:02.0
PCI: Ignoring BAR0-3 of IDE controller 0000:00:1f.2
PCI: Transparent bridge - 0000:00:1e.0
ACPI: PCI Interrupt Routing Table [\_SB_.PCI0._PRT]
ACPI: PCI Interrupt Routing Table [\_SB_.PCI0.RP01._PRT]
ACPI: PCI Interrupt Routing Table [\_SB_.PCI0.PCIB._PRT]
ACPI: PCI Interrupt Link [LNKA] (IRQs *10 11)
ACPI: PCI Interrupt Link [LNKB] (IRQs 10 *11)
ACPI: PCI Interrupt Link [LNKC] (IRQs 10 *11)
ACPI: PCI Interrupt Link [LNKD] (IRQs 10 *11)
ACPI: PCI Interrupt Link [LNKE] (IRQs *10 11)
ACPI: PCI Interrupt Link [LNKF] (IRQs *10 11)
ACPI: PCI Interrupt Link [LNKG] (IRQs 11) *10
ACPI: PCI Interrupt Link [LNKH] (IRQs 10 *11)
ACPI: Embedded Controller [EC0] (gpe 23)
Linux Plug and Play Support v0.97 (c) Adam Belay
pnp: PnP ACPI init
pnp: PnP ACPI: found 7 devices
PCI: Using ACPI for IRQ routing
PCI: If a device doesn't work, try "pci=routeirq".  If it helps, post a report
PCI: Ignore bogus resource 6 [0:0] of 0000:00:02.0
PCI: Bridge: 0000:00:1c.0
  IO window: 3000-3fff
  MEM window: b4000000-b7ffffff
  PREFETCH window: d0000000-d3ffffff
PCI: Bus 7, cardbus bridge: 0000:06:09.0
  IO window: 00005000-00005fff
  IO window: 00006000-00006fff
  PREFETCH window: 20000000-21ffffff
  MEM window: 24000000-25ffffff
PCI: Bridge: 0000:00:1e.0
  IO window: 4000-4fff
  MEM window: b8000000-b80fffff
  PREFETCH window: 20000000-21ffffff
ACPI: PCI Interrupt 0000:00:1c.0[A] -> GSI 17 (level, low) -> IRQ 169
PCI: Setting latency timer of device 0000:00:1c.0 to 64
PCI: Setting latency timer of device 0000:00:1e.0 to 64
ACPI: PCI Interrupt 0000:06:09.0[A] -> GSI 22 (level, low) -> IRQ 177
TC classifier action (bugs to netdev@vger.kernel.org cc hadi@cyberus.ca)
pnp: 00:03: ioport range 0x800-0x80f has been reserved
Simple Boot Flag at 0x37 set to 0x1
apm: BIOS not found.
audit: initializing netlink socket (disabled)
audit(1121425234.810:1): initialized
Total HugeTLB memory allocated, 0
inotify syscall
VFS: Disk quotas dquot_6.5.1
Dquot-cache hash table entries: 1024 (order 0, 4096 bytes)
Initializing Cryptographic API
ACPI: PCI Interrupt 0000:00:1c.0[A] -> GSI 17 (level, low) -> IRQ 169
PCI: Setting latency timer of device 0000:00:1c.0 to 64
assign_interrupt_mode Found MSI capability
Allocate Port Service[pcie00]
Allocate Port Service[pcie02]
Allocate Port Service[pcie03]
vesafb: framebuffer at 0xc0000000, mapped to 0xe0080000, using 3072k, total 7872k
vesafb: mode is 1024x768x16, linelength=2048, pages=4
vesafb: protected mode interface info at 00ff:44f0
vesafb: scrolling: redraw
vesafb: Truecolor: size=0:5:6:5, shift=0:11:5:0
Console: switching to colour frame buffer device 128x48
fb0: VESA VGA frame buffer device
isapnp: Scanning for PnP cards...
isapnp: No Plug & Play device found
Real Time Clock Driver v1.12
PNP: PS/2 Controller [PNP0303:KBC0,PNP0f13:PS2M] at 0x60,0x64 irq 1,12
i8042.c: Detected active multiplexing controller, rev 1.1.
serio: i8042 AUX0 port at 0x60,0x64 irq 12
serio: i8042 AUX1 port at 0x60,0x64 irq 12
serio: i8042 AUX2 port at 0x60,0x64 irq 12
serio: i8042 AUX3 port at 0x60,0x64 irq 12
serio: i8042 KBD port at 0x60,0x64 irq 1
Serial: 8250/16550 driver $Revision: 1.90 $ 4 ports, IRQ sharing enabled
ACPI: PCI Interrupt 0000:00:1e.3[B] -> GSI 21 (level, low) -> IRQ 201
io scheduler noop registered
io scheduler anticipatory registered
io scheduler deadline registered
io scheduler cfq registered
floppy0: no floppy controllers found
RAMDISK driver initialized: 16 RAM disks of 64000K size 1024 blocksize
loop: loaded (max 8 devices)
mice: PS/2 mouse device common for all mice
input: PC Speaker
md: md driver 0.90.2 MAX_MD_DEVS=256, MD_SB_DISKS=27
md: bitmap version 3.38
NET: Registered protocol family 2
IP route cache hash table entries: 4096 (order: 2, 16384 bytes)
TCP established hash table entries: 16384 (order: 5, 131072 bytes)
TCP bind hash table entries: 16384 (order: 4, 65536 bytes)
TCP: Hash tables configured (established 16384 bind 16384)
TCP reno registered
NET: Registered protocol family 1
Using IPI Shortcut mode
ACPI wakeup devices: 
LID0 SLPB AZAL RP01 RP02 RP03 RP04 LANB MODM 
ACPI: (supports S0 S3 S4 S5)
Freeing unused kernel memory: 212k freed
input: AT Translated Set 2 keyboard on isa0060/serio0
SCSI subsystem initialized
libata version 1.11 loaded.
ata_piix version 1.03
ACPI: PCI Interrupt 0000:00:1f.2[B] -> GSI 17 (level, low) -> IRQ 169
PCI: Setting latency timer of device 0000:00:1f.2 to 64
ata1: SATA max UDMA/133 cmd 0x1F0 ctl 0x3F6 bmdma 0x18B0 irq 14
Synaptics Touchpad, model: 1, fw: 6.2, id: 0x92a0b1, caps: 0xa04713/0x204000
input: SynPS/2 Synaptics TouchPad on isa0060/serio4
ata1: dev 0 cfg 49:2f00 82:346b 83:7f09 84:6003 85:3c69 86:3d01 87:6003 88:203f
ata1: dev 0 ATA, max UDMA/100, 156368016 sectors: lba48
ata1(0): applying bridge limits
ata1: dev 0 configured for UDMA/100
scsi0 : ata_piix
  Vendor: ATA       Model: SAMSUNG MP0804H   Rev: UE10
  Type:   Direct-Access                      ANSI SCSI revision: 05
SCSI device sda: 156368016 512-byte hdwr sectors (80060 MB)
SCSI device sda: drive cache: write back
SCSI device sda: 156368016 512-byte hdwr sectors (80060 MB)
SCSI device sda: drive cache: write back
 sda: sda1 sda2 < sda5 sda6 sda7 sda8 sda9 sda10 sda11 >
Attached scsi disk sda at scsi0, channel 0, id 0, lun 0
ata2: SATA max UDMA/133 cmd 0x170 ctl 0x376 bmdma 0x18B8 irq 15
ata2: dev 0 cfg 49:0f00 82:0000 83:0000 84:0000 85:0000 86:0000 87:0000 88:0407
ata2: dev 0 ATAPI, max UDMA/33
ata2(0): applying bridge limits
ata2: dev 0 configured for UDMA/33
scsi1 : ata_piix
Uniform Multi-Platform E-IDE driver Revision: 7.00alpha2
ide: Assuming 33MHz system bus speed for PIO modes; override with idebus=xx
Attempting manual resume
swsusp: Suspend partition has wrong signature?
ReiserFS: sda8: found reiserfs format "3.6" with standard journal
ReiserFS: sda8: using ordered data mode
ReiserFS: sda8: journal params: device sda8, size 8192, journal first block 18, max trans len 1024, max batch 900, max commit age 30, max trans age 30
ReiserFS: sda8: checking transaction log (sda8)
ReiserFS: sda8: Using r5 hash to sort names
usbcore: registered new driver usbfs
usbcore: registered new driver hub
ACPI: PCI Interrupt 0000:00:1d.7[A] -> GSI 23 (level, low) -> IRQ 209
PCI: Setting latency timer of device 0000:00:1d.7 to 64
ehci_hcd 0000:00:1d.7: EHCI Host Controller
ehci_hcd 0000:00:1d.7: debug port 1
ehci_hcd 0000:00:1d.7: new USB bus registered, assigned bus number 1
ehci_hcd 0000:00:1d.7: irq 209, io mem 0xb0040000
PCI: cache line size of 32 is not supported by device 0000:00:1d.7
ehci_hcd 0000:00:1d.7: USB 2.0 initialized, EHCI 1.00, driver 10 Dec 2004
hub 1-0:1.0: USB hub found
hub 1-0:1.0: 8 ports detected
ohci_hcd: 2005 April 22 USB 1.1 'Open' Host Controller (OHCI) Driver (PCI)
USB Universal Host Controller Interface driver v2.3
ACPI: PCI Interrupt 0000:00:1d.0[A] -> GSI 23 (level, low) -> IRQ 209
PCI: Setting latency timer of device 0000:00:1d.0 to 64
uhci_hcd 0000:00:1d.0: UHCI Host Controller
uhci_hcd 0000:00:1d.0: new USB bus registered, assigned bus number 2
uhci_hcd 0000:00:1d.0: irq 209, io base 0x00001820
hub 2-0:1.0: USB hub found
hub 2-0:1.0: 2 ports detected
ACPI: PCI Interrupt 0000:00:1d.1[B] -> GSI 17 (level, low) -> IRQ 169
PCI: Setting latency timer of device 0000:00:1d.1 to 64
uhci_hcd 0000:00:1d.1: UHCI Host Controller
uhci_hcd 0000:00:1d.1: new USB bus registered, assigned bus number 3
uhci_hcd 0000:00:1d.1: irq 169, io base 0x00001840
hub 3-0:1.0: USB hub found
hub 3-0:1.0: 2 ports detected
ACPI: PCI Interrupt 0000:00:1d.2[C] -> GSI 18 (level, low) -> IRQ 217
PCI: Setting latency timer of device 0000:00:1d.2 to 64
uhci_hcd 0000:00:1d.2: UHCI Host Controller
uhci_hcd 0000:00:1d.2: new USB bus registered, assigned bus number 4
uhci_hcd 0000:00:1d.2: irq 217, io base 0x00001860
hub 4-0:1.0: USB hub found
hub 4-0:1.0: 2 ports detected
ACPI: PCI Interrupt 0000:00:1d.3[D] -> GSI 19 (level, low) -> IRQ 225
PCI: Setting latency timer of device 0000:00:1d.3 to 64
uhci_hcd 0000:00:1d.3: UHCI Host Controller
uhci_hcd 0000:00:1d.3: new USB bus registered, assigned bus number 5
uhci_hcd 0000:00:1d.3: irq 225, io base 0x00001880
hub 5-0:1.0: USB hub found
hub 5-0:1.0: 2 ports detected
usb 5-2: new full speed USB device using uhci_hcd and address 2
usbcore: registered new driver hiddev
usbcore: registered new driver usbhid
drivers/usb/input/hid-core.c: v2.01:USB HID core driver
BIOS EDD facility v0.16 2004-Jun-25, 1 devices found
0000:00:00.0 Host bridge: Intel Corporation Mobile 915GM/PM/GMS/910GML Express Processor to DRAM Controller (rev 03)
	Subsystem: Wistron Corp.: Unknown device 4047
	Flags: bus master, fast devsel, latency 0
	Capabilities: [e0] #09 [2109]
0000:00:02.0 VGA compatible controller: Intel Corporation Mobile 915GM/GMS/910GML Express Graphics Controller (rev 03) (prog-if 00 [VGA])
	Subsystem: Wistron Corp.: Unknown device 2071
	Flags: fast devsel, IRQ 10
	Memory at b0080000 (32-bit, non-prefetchable) [size=512K]
	I/O ports at 1800 [size=8]
	Memory at c0000000 (32-bit, prefetchable) [size=256M]
	Memory at b0000000 (32-bit, non-prefetchable) [size=256K]
	Capabilities: [d0] Power Management version 2
0000:00:02.1 Display controller: Intel Corporation Mobile 915GM/GMS/910GML Express Graphics Controller (rev 03)
	Subsystem: Wistron Corp.: Unknown device 2071
	Flags: fast devsel
	Memory at 20000000 (32-bit, non-prefetchable) [disabled] [size=512K]
	Capabilities: [d0] Power Management version 2
0000:00:1c.0 PCI bridge: Intel Corporation 82801FB/FBM/FR/FW/FRW (ICH6 Family) PCI Express Port 1 (rev 04) (prog-if 00 [Normal decode])
	Flags: bus master, fast devsel, latency 0
	Bus: primary=00, secondary=02, subordinate=02, sec-latency=0
	I/O behind bridge: 00003000-00003fff
	Memory behind bridge: b4000000-b7ffffff
	Prefetchable memory behind bridge: 00000000d0000000-00000000d3f00000
	Capabilities: [40] #10 [0141]
	Capabilities: [80] Message Signalled Interrupts: 64bit- Queue=0/0 Enable+
	Capabilities: [90] #0d [0000]
	Capabilities: [a0] Power Management version 2
0000:00:1d.0 USB Controller: Intel Corporation 82801FB/FBM/FR/FW/FRW (ICH6 Family) USB UHCI #1 (rev 04) (prog-if 00 [UHCI])
	Subsystem: Wistron Corp.: Unknown device 10a5
	Flags: bus master, medium devsel, latency 0, IRQ 11
	I/O ports at 1820 [size=32]
0000:00:1d.1 USB Controller: Intel Corporation 82801FB/FBM/FR/FW/FRW (ICH6 Family) USB UHCI #2 (rev 04) (prog-if 00 [UHCI])
	Subsystem: Wistron Corp.: Unknown device 10a5
	Flags: bus master, medium devsel, latency 0, IRQ 11
	I/O ports at 1840 [size=32]
0000:00:1d.2 USB Controller: Intel Corporation 82801FB/FBM/FR/FW/FRW (ICH6 Family) USB UHCI #3 (rev 04) (prog-if 00 [UHCI])
	Subsystem: Wistron Corp.: Unknown device 10a5
	Flags: bus master, medium devsel, latency 0, IRQ 11
	I/O ports at 1860 [size=32]
0000:00:1d.3 USB Controller: Intel Corporation 82801FB/FBM/FR/FW/FRW (ICH6 Family) USB UHCI #4 (rev 04) (prog-if 00 [UHCI])
	Subsystem: Wistron Corp.: Unknown device 10a5
	Flags: bus master, medium devsel, latency 0, IRQ 11
	I/O ports at 1880 [size=32]
0000:00:1d.7 USB Controller: Intel Corporation 82801FB/FBM/FR/FW/FRW (ICH6 Family) USB2 EHCI Controller (rev 04) (prog-if 20 [EHCI])
	Subsystem: Wistron Corp.: Unknown device 10a6
	Flags: bus master, medium devsel, latency 0, IRQ 11
	Memory at b0040000 (32-bit, non-prefetchable) [size=1K]
	Capabilities: [50] Power Management version 2
	Capabilities: [58] #0a [20a0]
0000:00:1e.0 PCI bridge: Intel Corporation 82801 Mobile PCI Bridge (rev d4) (prog-if 01 [Subtractive decode])
	Flags: bus master, fast devsel, latency 0
	Bus: primary=00, secondary=06, subordinate=0a, sec-latency=216
	I/O behind bridge: 00004000-00004fff
	Memory behind bridge: b8000000-b80fffff
	Capabilities: [50] #0d [0000]
0000:00:1e.2 Multimedia audio controller: Intel Corporation 82801FB/FBM/FR/FW/FRW (ICH6 Family) AC'97 Audio Controller (rev 04)
	Subsystem: Wistron Corp.: Unknown device 2016
	Flags: bus master, medium devsel, latency 0, IRQ 10
	I/O ports at 1c00 [size=256]
	I/O ports at 18c0 [size=64]
	Memory at b0040800 (32-bit, non-prefetchable) [size=512]
	Memory at b0040400 (32-bit, non-prefetchable) [size=256]
	Capabilities: [50] Power Management version 2
0000:00:1e.3 Modem: Intel Corporation 82801FB/FBM/FR/FW/FRW (ICH6 Family) AC'97 Modem Controller (rev 04) (prog-if 00 [Generic])
	Subsystem: Wistron Corp.: Unknown device 10bb
	Flags: medium devsel, IRQ 10
	I/O ports at 2400 [size=256]
	I/O ports at 2000 [size=128]
	Capabilities: [50] Power Management version 2
0000:00:1f.0 ISA bridge: Intel Corporation 82801FBM (ICH6M) LPC Interface Bridge (rev 04)
	Subsystem: Wistron Corp.: Unknown device 4045
	Flags: bus master, medium devsel, latency 0
0000:00:1f.2 IDE interface: Intel Corporation 82801FBM (ICH6M) SATA Controller (rev 04) (prog-if 80 [Master])
	Subsystem: Wistron Corp.: Unknown device 4042
	Flags: bus master, 66Mhz, medium devsel, latency 0, IRQ 11
	I/O ports at <unassigned>
	I/O ports at <unassigned>
	I/O ports at <unassigned>
	I/O ports at <unassigned>
	I/O ports at 18b0 [size=16]
	Capabilities: [70] Power Management version 2
0000:00:1f.3 SMBus: Intel Corporation 82801FB/FBM/FR/FW/FRW (ICH6 Family) SMBus Controller (rev 04)
	Subsystem: Wistron Corp.: Unknown device 4041
	Flags: medium devsel, IRQ 11
	I/O ports at 20a0 [size=32]
0000:06:05.0 Network controller: Intel Corporation PRO/Wireless 2200BG (rev 05)
	Subsystem: Intel Corporation: Unknown device 2701
	Flags: bus master, medium devsel, latency 32, IRQ 10
	Memory at b8006000 (32-bit, non-prefetchable) [size=4K]
	Capabilities: [dc] Power Management version 2
0000:06:07.0 Ethernet controller: Realtek Semiconductor Co., Ltd. RTL-8139/8139C/8139C+ (rev 10)
	Subsystem: Wistron Corp.: Unknown device 1053
	Flags: bus master, medium devsel, latency 32, IRQ 10
	I/O ports at 4000 [size=256]
	Memory at b8007000 (32-bit, non-prefetchable) [size=256]
	Capabilities: [50] Power Management version 2
0000:06:09.0 CardBus bridge: Texas Instruments: Unknown device 8031
	Subsystem: Wistron Corp.: Unknown device 3007
	Flags: bus master, medium devsel, latency 64, IRQ 255
	Memory at 20080000 (32-bit, non-prefetchable) [size=4K]
	Bus: primary=06, secondary=07, subordinate=0a, sec-latency=176
	I/O window 0: 00000000-00000003
	I/O window 1: 00000000-00000003
	16-bit legacy interface ports at 0001
0000:06:09.2 FireWire (IEEE 1394): Texas Instruments: Unknown device 8032 (prog-if 10 [OHCI])
	Subsystem: Wistron Corp.: Unknown device 3007
	Flags: bus master, medium devsel, latency 32, IRQ 10
	Memory at b8007800 (32-bit, non-prefetchable) [size=2K]
	Memory at b8000000 (32-bit, non-prefetchable) [size=16K]
	Capabilities: [44] Power Management version 2
0000:06:09.3 Unknown mass storage controller: Texas Instruments: Unknown device 8033
	Subsystem: Wistron Corp.: Unknown device 3007
	Flags: bus master, medium devsel, latency 57, IRQ 10
	Memory at b8004000 (32-bit, non-prefetchable) [size=8K]
	Capabilities: [44] Power Management version 2
0000:06:09.4 Class 0805: Texas Instruments: Unknown device 8034
	Subsystem: Wistron Corp.: Unknown device 3007
	Flags: bus master, medium devsel, latency 57, IRQ 10
	Memory at b8008400 (32-bit, non-prefetchable) [size=256]
	Memory at b8008000 (32-bit, non-prefetchable) [size=256]
	Memory at b8007400 (32-bit, non-prefetchable) [size=256]
	Capabilities: [80] Power Management version 2
0000:00:00.0 Host bridge: Intel Corporation Mobile 915GM/PM/GMS/910GML Express Processor to DRAM Controller (rev 03)
	Subsystem: Wistron Corp.: Unknown device 4047
	Flags: bus master, fast devsel, latency 0
	Capabilities: [e0] #09 [2109]
0000:00:02.0 VGA compatible controller: Intel Corporation Mobile 915GM/GMS/910GML Express Graphics Controller (rev 03) (prog-if 00 [VGA])
	Subsystem: Wistron Corp.: Unknown device 2071
	Flags: fast devsel, IRQ 10
	Memory at b0080000 (32-bit, non-prefetchable) [size=512K]
	I/O ports at 1800 [size=8]
	Memory at c0000000 (32-bit, prefetchable) [size=256M]
	Memory at b0000000 (32-bit, non-prefetchable) [size=256K]
	Capabilities: [d0] Power Management version 2
0000:00:02.1 Display controller: Intel Corporation Mobile 915GM/GMS/910GML Express Graphics Controller (rev 03)
	Subsystem: Wistron Corp.: Unknown device 2071
	Flags: fast devsel
	Memory at 22000000 (32-bit, non-prefetchable) [disabled] [size=512K]
	Capabilities: [d0] Power Management version 2
0000:00:1c.0 PCI bridge: Intel Corporation 82801FB/FBM/FR/FW/FRW (ICH6 Family) PCI Express Port 1 (rev 04) (prog-if 00 [Normal decode])
	Flags: bus master, fast devsel, latency 0
	Bus: primary=00, secondary=02, subordinate=02, sec-latency=0
	I/O behind bridge: 00003000-00003fff
	Memory behind bridge: b4000000-b7ffffff
	Prefetchable memory behind bridge: 00000000d0000000-00000000d3f00000
	Capabilities: [40] #10 [0141]
	Capabilities: [80] Message Signalled Interrupts: 64bit- Queue=0/0 Enable+
	Capabilities: [90] #0d [0000]
	Capabilities: [a0] Power Management version 2
0000:00:1d.0 USB Controller: Intel Corporation 82801FB/FBM/FR/FW/FRW (ICH6 Family) USB UHCI #1 (rev 04) (prog-if 00 [UHCI])
	Subsystem: Wistron Corp.: Unknown device 10a5
	Flags: bus master, medium devsel, latency 0, IRQ 209
	I/O ports at 1820 [size=32]
0000:00:1d.1 USB Controller: Intel Corporation 82801FB/FBM/FR/FW/FRW (ICH6 Family) USB UHCI #2 (rev 04) (prog-if 00 [UHCI])
	Subsystem: Wistron Corp.: Unknown device 10a5
	Flags: bus master, medium devsel, latency 0, IRQ 169
	I/O ports at 1840 [size=32]
0000:00:1d.2 USB Controller: Intel Corporation 82801FB/FBM/FR/FW/FRW (ICH6 Family) USB UHCI #3 (rev 04) (prog-if 00 [UHCI])
	Subsystem: Wistron Corp.: Unknown device 10a5
	Flags: bus master, medium devsel, latency 0, IRQ 217
	I/O ports at 1860 [size=32]
0000:00:1d.3 USB Controller: Intel Corporation 82801FB/FBM/FR/FW/FRW (ICH6 Family) USB UHCI #4 (rev 04) (prog-if 00 [UHCI])
	Subsystem: Wistron Corp.: Unknown device 10a5
	Flags: bus master, medium devsel, latency 0, IRQ 225
	I/O ports at 1880 [size=32]
0000:00:1d.7 USB Controller: Intel Corporation 82801FB/FBM/FR/FW/FRW (ICH6 Family) USB2 EHCI Controller (rev 04) (prog-if 20 [EHCI])
	Subsystem: Wistron Corp.: Unknown device 10a6
	Flags: bus master, medium devsel, latency 0, IRQ 209
	Memory at b0040000 (32-bit, non-prefetchable) [size=1K]
	Capabilities: [50] Power Management version 2
	Capabilities: [58] #0a [20a0]
0000:00:1e.0 PCI bridge: Intel Corporation 82801 Mobile PCI Bridge (rev d4) (prog-if 01 [Subtractive decode])
	Flags: bus master, fast devsel, latency 0
	Bus: primary=00, secondary=06, subordinate=0a, sec-latency=216
	I/O behind bridge: 00004000-00004fff
	Memory behind bridge: b8000000-b80fffff
	Prefetchable memory behind bridge: 0000000020000000-0000000021f00000
	Capabilities: [50] #0d [0000]
0000:00:1e.2 Multimedia audio controller: Intel Corporation 82801FB/FBM/FR/FW/FRW (ICH6 Family) AC'97 Audio Controller (rev 04)
	Subsystem: Wistron Corp.: Unknown device 2016
	Flags: bus master, medium devsel, latency 0, IRQ 10
	I/O ports at 1c00 [size=256]
	I/O ports at 18c0 [size=64]
	Memory at b0040800 (32-bit, non-prefetchable) [size=512]
	Memory at b0040400 (32-bit, non-prefetchable) [size=256]
	Capabilities: [50] Power Management version 2
0000:00:1e.3 Modem: Intel Corporation 82801FB/FBM/FR/FW/FRW (ICH6 Family) AC'97 Modem Controller (rev 04) (prog-if 00 [Generic])
	Subsystem: Wistron Corp.: Unknown device 10bb
	Flags: medium devsel, IRQ 201
	I/O ports at 2400 [size=256]
	I/O ports at 2000 [size=128]
	Capabilities: [50] Power Management version 2
0000:00:1f.0 ISA bridge: Intel Corporation 82801FBM (ICH6M) LPC Interface Bridge (rev 04)
	Subsystem: Wistron Corp.: Unknown device 4045
	Flags: bus master, medium devsel, latency 0
0000:00:1f.2 IDE interface: Intel Corporation 82801FBM (ICH6M) SATA Controller (rev 04) (prog-if 80 [Master])
	Subsystem: Wistron Corp.: Unknown device 4042
	Flags: bus master, 66Mhz, medium devsel, latency 0, IRQ 169
	I/O ports at <unassigned>
	I/O ports at <unassigned>
	I/O ports at <unassigned>
	I/O ports at <unassigned>
	I/O ports at 18b0 [size=16]
	Capabilities: [70] Power Management version 2
0000:00:1f.3 SMBus: Intel Corporation 82801FB/FBM/FR/FW/FRW (ICH6 Family) SMBus Controller (rev 04)
	Subsystem: Wistron Corp.: Unknown device 4041
	Flags: medium devsel, IRQ 11
	I/O ports at 20a0 [size=32]
0000:06:05.0 Network controller: Intel Corporation PRO/Wireless 2200BG (rev 05)
	Subsystem: Intel Corporation: Unknown device 2701
	Flags: bus master, medium devsel, latency 32, IRQ 10
	Memory at b8006000 (32-bit, non-prefetchable) [size=4K]
	Capabilities: [dc] Power Management version 2
0000:06:07.0 Ethernet controller: Realtek Semiconductor Co., Ltd. RTL-8139/8139C/8139C+ (rev 10)
	Subsystem: Wistron Corp.: Unknown device 1053
	Flags: bus master, medium devsel, latency 32, IRQ 10
	I/O ports at 4000 [size=256]
	Memory at b8007000 (32-bit, non-prefetchable) [size=256]
	Capabilities: [50] Power Management version 2
0000:06:09.0 CardBus bridge: Texas Instruments: Unknown device 8031
	Subsystem: Wistron Corp.: Unknown device 3007
	Flags: bus master, medium devsel, latency 64, IRQ 177
	Memory at b8009000 (32-bit, non-prefetchable) [size=4K]
	Bus: primary=06, secondary=07, subordinate=0a, sec-latency=176
	Memory window 0: 20000000-21fff000 (prefetchable)
	Memory window 1: 24000000-25fff000 (prefetchable)
	I/O window 0: 00005000-00005fff
	I/O window 1: 00006000-00006fff
	16-bit legacy interface ports at 0001
0000:06:09.2 FireWire (IEEE 1394): Texas Instruments: Unknown device 8032 (prog-if 10 [OHCI])
	Subsystem: Wistron Corp.: Unknown device 3007
	Flags: bus master, medium devsel, latency 32, IRQ 10
	Memory at b8007800 (32-bit, non-prefetchable) [size=2K]
	Memory at b8000000 (32-bit, non-prefetchable) [size=16K]
	Capabilities: [44] Power Management version 2
0000:06:09.3 Unknown mass storage controller: Texas Instruments: Unknown device 8033
	Subsystem: Wistron Corp.: Unknown device 3007
	Flags: bus master, medium devsel, latency 57, IRQ 10
	Memory at b8004000 (32-bit, non-prefetchable) [size=8K]
	Capabilities: [44] Power Management version 2
0000:06:09.4 Class 0805: Texas Instruments: Unknown device 8034
	Subsystem: Wistron Corp.: Unknown device 3007
	Flags: bus master, medium devsel, latency 57, IRQ 10
	Memory at b8008400 (32-bit, non-prefetchable) [size=256]
	Memory at b8008000 (32-bit, non-prefetchable) [size=256]
	Memory at b8007400 (32-bit, non-prefetchable) [size=256]
	Capabilities: [80] Power Management version 2
           CPU0       
  0:      57755          XT-PIC  timer
  1:        166          XT-PIC  i8042
  2:          0          XT-PIC  cascade
  8:          2          XT-PIC  rtc
  9:          7          XT-PIC  acpi
 11:         24          XT-PIC  ehci_hcd, uhci_hcd, uhci_hcd, uhci_hcd, uhci_hcd
 12:        132          XT-PIC  i8042
 14:       1858          XT-PIC  libata
 15:          6          XT-PIC  libata
NMI:          0 
LOC:          0 
ERR:          1
MIS:          0
           CPU0       
  0:      35738    IO-APIC-edge  timer
  1:       1729    IO-APIC-edge  i8042
  8:          2    IO-APIC-edge  rtc
  9:        137   IO-APIC-level  acpi
 12:        751    IO-APIC-edge  i8042
 14:       3034    IO-APIC-edge  libata
 15:          2    IO-APIC-edge  libata
169:          0   IO-APIC-level  uhci_hcd:usb3
209:          2   IO-APIC-level  ehci_hcd:usb1, uhci_hcd:usb2
217:          0   IO-APIC-level  uhci_hcd:usb4
225:         20   IO-APIC-level  uhci_hcd:usb5
NMI:          0 
LOC:      35704 
ERR:          0
MIS:          0