Date: Tue, 3 Dec 2002 21:57:56 -0500 (EST)
From: Nathaniel Russell <>
Subject: Help with Via AGP Card
Sender: linux-kernel-owner@vger.kernel.org
Precedence: bulk
List-ID: <linux-kernel.vger.kernel.org>
X-Mailing-List: linux-kernel@vger.kernel.org
X-Lkml-Link: https://lkml.org/lkml/2002/12/3/196

I have a Via Agp card that reports that it cant be found it i just type in
/sbin/modprobe agpgart or /sbin/insmod agpgart
but if i do a /sbin/modprobe agpgart agp_try_unsupport=1 or /sbin/insmod
agpgart agp_try_unsupported=1 it shows up and works.
Some help here plz i would like to just have to type in /sbin/modprobe
agpgart but if i cant that would be ok them me.
Thank you Nathaniel
CC me as im not subscribed to the list
reddog83@chartermi.net
Linux version 2.4.20 (root@reddog) (gcc version 3.2.1) #3 Fri Nov 29 00:46:46 EST 2002
BIOS-provided physical RAM map:
 BIOS-e820: 0000000000000000 - 000000000009fc00 (usable)
 BIOS-e820: 000000000009fc00 - 00000000000a0000 (reserved)
 BIOS-e820: 00000000000f0000 - 0000000000100000 (reserved)
 BIOS-e820: 0000000000100000 - 0000000007ff0000 (usable)
 BIOS-e820: 0000000007ff0000 - 0000000007ff3000 (ACPI NVS)
 BIOS-e820: 0000000007ff3000 - 0000000008000000 (ACPI data)
 BIOS-e820: 00000000ffff0000 - 0000000100000000 (reserved)
127MB LOWMEM available.
On node 0 totalpages: 32752
zone(0): 4096 pages.
zone(1): 28656 pages.
zone(2): 0 pages.
Kernel command line: BOOT_IMAGE=linux root=301
No local APIC present or hardware disabled
Initializing CPU#0
Detected 648.910 MHz processor.
Console: colour VGA+ 80x25
Calibrating delay loop... 1294.33 BogoMIPS
Memory: 126208k/131008k available (1773k kernel code, 4412k reserved, 658k data, 124k init, 0k highmem)
Checking if this processor honours the WP bit even in supervisor mode... Ok.
Dentry cache hash table entries: 16384 (order: 5, 131072 bytes)
Inode cache hash table entries: 8192 (order: 4, 65536 bytes)
Mount-cache hash table entries: 2048 (order: 2, 16384 bytes)
Buffer-cache hash table entries: 4096 (order: 2, 16384 bytes)
Page-cache hash table entries: 32768 (order: 5, 131072 bytes)
CPU: L1 I Cache: 64K (32 bytes/line), D cache 64K (32 bytes/line)
CPU:     After generic, caps: 008031b5 808030b5 00000000 00000000
CPU:             Common caps: 008031b5 808030b5 00000000 00000000
CPU: Centaur VIA Samuel stepping 03
Checking 'hlt' instruction... OK.
Checking for popad bug... OK.
POSIX conformance testing by UNIFIX
mtrr: v1.40 (20010327) Richard Gooch (rgooch@atnf.csiro.au)
mtrr: detected mtrr type: Intel
PCI: PCI BIOS revision 2.10 entry at 0xfb460, last bus=1
PCI: Using configuration type 1
PCI: Probing PCI hardware
PCI: Using IRQ router VIA [1106/3074] at 00:11.0
Linux NET4.0 for Linux 2.4
Based upon Swansea University Computer Society NET3.039
Initializing RT netlink socket
Starting kswapd
VFS: Diskquotas version dquot_6.4.0 initialized
Journalled Block Device driver loaded
devfs: v1.12c (20020818) Richard Gooch (rgooch@atnf.csiro.au)
devfs: boot_options: 0x0
ACPI: Core Subsystem version [20011018]
ACPI: Subsystem enabled
ACPI: System firmware supports S0 S1 S4 S5
Processor[0]: C0 C1 C2, 2 throttling states
ACPI: Power Button (FF) found
ACPI: Multiple power buttons detected, ignoring fixed-feature
ACPI: Power Button (CM) found
ACPI: Sleep Button (CM) found
ACPI: Thermal Zone found
rivafb: RIVA MTRR set to ON
Console: switching to colour frame buffer device 80x30
rivafb: PCI nVidia NV4 framebuffer ver 0.9.3 (RIVA-VTNT2, 8MB @ 0xE4000000)
pty: 512 Unix98 ptys configured
Serial driver version 5.05c (2001-07-08) with HUB-6 MANY_PORTS MULTIPORT SHARE_IRQ SERIAL_PCI enabled
ttyS00 at 0x03f8 (irq = 4) is a 16550A
ttyS01 at 0x02f8 (irq = 3) is a 16550A
Real Time Clock Driver v1.10e
Uniform Multi-Platform E-IDE driver Revision: 6.31
ide: Assuming 33MHz system bus speed for PIO modes; override with idebus=xx
VP_IDE: IDE controller on PCI bus 00 dev 89
VP_IDE: chipset revision 6
VP_IDE: not 100% native mode: will probe irqs later
ide: Assuming 33MHz system bus speed for PIO modes; override with idebus=xx
VP_IDE: VIA vt8233 (rev 00) IDE UDMA100 controller on pci00:11.1
    ide0: BM-DMA at 0xd800-0xd807, BIOS settings: hda:DMA, hdb:pio
    ide1: BM-DMA at 0xd808-0xd80f, BIOS settings: hdc:DMA, hdd:DMA
hda: WDC WD400BB-53DEA0, ATA DISK drive
hdc: Pioneer DVD-ROM ATAPIModel DVD-106S 012, ATAPI CD/DVD-ROM drive
hdd: PCRW804, ATAPI CD/DVD-ROM drive
ide0 at 0x1f0-0x1f7,0x3f6 on irq 14
ide1 at 0x170-0x177,0x376 on irq 15
blk: queue c03b3864, I/O limit 4095Mb (mask 0xffffffff)
hda: 78165360 sectors (40021 MB) w/2048KiB Cache, CHS=4865/255/63, UDMA(100)
ide-floppy driver 0.99.newide
Partition check:
 /dev/ide/host0/bus0/target0/lun0: p1 p2 p3 p4
Floppy drive(s): fd0 is 1.44M
FDC 0 is a post-1991 82077
RAMDISK driver initialized: 16 RAM disks of 7777K size 1024 blocksize
loop: loaded (max 8 devices)
ide-floppy driver 0.99.newide
SCSI subsystem driver Revision: 1.00
scsi0 : SCSI host adapter emulation for IDE ATAPI devices
  Vendor: PIONEER   Model: DVD-ROM DVD-106   Rev: 1.22
  Type:   CD-ROM                             ANSI SCSI revision: 02
  Vendor: PHILIPS   Model: PCRW804           Rev:  2,1
  Type:   CD-ROM                             ANSI SCSI revision: 02
Attached scsi CD-ROM sr0 at scsi0, channel 0, id 0, lun 0
Attached scsi CD-ROM sr1 at scsi0, channel 0, id 1, lun 0
sr0: scsi3-mmc drive: 40x/40x cd/rw xa/form2 cdda tray
Uniform CD-ROM driver Revision: 3.12
sr1: scsi3-mmc drive: 32x/32x writer cd/rw xa/form2 cdda tray
md: linear personality registered as nr 1
md: raid0 personality registered as nr 2
md: raid1 personality registered as nr 3
md: raid5 personality registered as nr 4
raid5: measuring checksumming speed
   8regs     :   511.600 MB/sec
   32regs    :   285.600 MB/sec
   pII_mmx   :   557.600 MB/sec
   p5_mmx    :   595.200 MB/sec
raid5: using function: p5_mmx (595.200 MB/sec)
md: md driver 0.90.0 MAX_MD_DEVS=256, MD_SB_DISKS=27
md: Autodetecting RAID arrays.
md: autorun ...
md: ... autorun DONE.
LVM version 1.0.5+(22/07/2002)
NET4: Linux TCP/IP 1.0 for NET4.0
IP Protocols: ICMP, UDP, TCP, IGMP
IP: routing cache hash table of 512 buckets, 4Kbytes
TCP: Hash tables configured (established 8192 bind 16384)
NET4: Unix domain sockets 1.0/SMP for Linux NET4.0.
kjournald starting.  Commit interval 5 seconds
EXT3-fs: ide0(3,1): orphan cleanup on readonly fs
ext3_orphan_cleanup: deleting unreferenced inode 458842
EXT3-fs: ide0(3,1): 1 orphan inode deleted
EXT3-fs: recovery complete.
EXT3-fs: mounted filesystem with ordered data mode.
VFS: Mounted root (ext3 filesystem) readonly.
Freeing unused kernel memory: 124k freed
Adding Swap: 1714600k swap-space (priority -1)
EXT3 FS 2.4-0.9.19, 19 August 2002 on ide0(3,1), internal journal
reiserfs: checking transaction log (device 03:02) ...
Using r5 hash to sort names
ReiserFS version 3.6.25
usb.c: registered new driver usbdevfs
usb.c: registered new driver hub
uhci.c: USB Universal Host Controller Interface driver v1.1
PCI: Found IRQ 11 for device 00:11.2
PCI: Sharing IRQ 11 with 00:0a.1
PCI: Sharing IRQ 11 with 00:11.3
PCI: Sharing IRQ 11 with 00:11.4
uhci.c: USB UHCI at I/O 0xdc00, IRQ 11
usb.c: new USB bus registered, assigned bus number 1
hub.c: USB hub found
hub.c: 2 ports detected
PCI: Found IRQ 11 for device 00:11.3
PCI: Sharing IRQ 11 with 00:0a.1
PCI: Sharing IRQ 11 with 00:11.2
PCI: Sharing IRQ 11 with 00:11.4
uhci.c: USB UHCI at I/O 0xe000, IRQ 11
usb.c: new USB bus registered, assigned bus number 2
hub.c: USB hub found
hub.c: 2 ports detected
PCI: Found IRQ 11 for device 00:11.4
PCI: Sharing IRQ 11 with 00:0a.1
PCI: Sharing IRQ 11 with 00:11.2
PCI: Sharing IRQ 11 with 00:11.3
uhci.c: USB UHCI at I/O 0xe400, IRQ 11
usb.c: new USB bus registered, assigned bus number 3
hub.c: USB hub found
hub.c: 2 ports detected
PCI: Found IRQ 11 for device 00:0a.2
PCI: Sharing IRQ 11 with 00:08.0
hcd.c: ehci-hcd @ 00:0a.2, NEC Corporation USB 2.0
hcd.c: irq 11, pci mem ca1b1000
usb.c: new USB bus registered, assigned bus number 4
ehci-hcd.c: USB 2.0 support enabled, EHCI rev 0.95
hub.c: USB hub found
hub.c: 5 ports detected
PCI: Found IRQ 11 for device 00:0a.0
PCI: Sharing IRQ 11 with 00:11.5
usb-ohci.c: USB OHCI at membase 0xca1b9000, IRQ 11
usb-ohci.c: usb-00:0a.0, NEC Corporation USB
usb.c: new USB bus registered, assigned bus number 5
hub.c: USB hub found
hub.c: 3 ports detected
PCI: Found IRQ 11 for device 00:0a.1
PCI: Sharing IRQ 11 with 00:11.2
PCI: Sharing IRQ 11 with 00:11.3
PCI: Sharing IRQ 11 with 00:11.4
usb-ohci.c: USB OHCI at membase 0xca1bb000, IRQ 11
usb-ohci.c: usb-00:0a.1, NEC Corporation USB (#2)
usb.c: new USB bus registered, assigned bus number 6
hub.c: USB hub found
hub.c: 2 ports detected
8139too Fast Ethernet driver 0.9.26
PCI: Found IRQ 11 for device 00:09.0
eth0: D-Link DFE-538TX (RealTek RTL8139) at 0xca1c4000, 00:50:ba:c8:1c:12, IRQ 11
eth0:  Identified 8139 chip type 'RTL-8139C'
es1370: version v0.37 time 21:22:17 Nov 28 2002
PCI: Found IRQ 11 for device 00:08.0
PCI: Sharing IRQ 11 with 00:0a.2
es1370: found adapter at io 0xd000 irq 11
es1370: features: joystick off, line in, mic impedance 0
usb-uhci.c: $Revision: 1.275 $ time 21:24:23 Nov 28 2002
usb-uhci.c: High bandwidth mode enabled
usb-uhci.c: v1.275:USB Universal Host Controller Interface driver
eth0: Setting half-duplex based on auto-negotiated partner ability 0000.
Linux agpgart interface v0.99 (c) Jeff Hartmann
agpgart: Maximum main memory to use for agp memory: 94M
agpgart: Trying generic Via routines for device id: 3091
agpgart: AGP aperture is 64M @ 0xe0000000
kjournald starting.  Commit interval 5 seconds
EXT3 FS 2.4-0.9.19, 19 August 2002 on ide0(3,4), internal journal
EXT3-fs: recovery complete.
EXT3-fs: mounted filesystem with ordered data mode.
eth0: Setting 100mbps full-duplex based on auto-negotiated partner ability 41e1.
Linux agpgart interface v0.99 (c) Jeff Hartmann
agpgart: Maximum main memory to use for agp memory: 94M
agpgart: Unsupported Via chipset (device id: 3091), you might want to try agp_try_unsupported=1.
agpgart: no supported devices found.
Linux agpgart interface v0.99 (c) Jeff Hartmann
agpgart: Maximum main memory to use for agp memory: 94M
agpgart: Unsupported Via chipset (device id: 3091), you might want to try agp_try_unsupported=1.
agpgart: no supported devices found.
Linux agpgart interface v0.99 (c) Jeff Hartmann
agpgart: Maximum main memory to use for agp memory: 94M
agpgart: Trying generic Via routines for device id: 3091
agpgart: AGP aperture is 64M @ 0xe0000000
00:00.0 Class 0600: 1106:3091 (rev 01)
00:01.0 Class 0604: 1106:b091
00:08.0 Class 0401: 1274:5000
00:09.0 Class 0200: 1186:1300 (rev 10)
00:0a.0 Class 0c03: 1033:0035 (rev 41)
00:0a.1 Class 0c03: 1033:0035 (rev 41)
00:0a.2 Class 0c03: 1033:00e0 (rev 02)
00:11.0 Class 0601: 1106:3074
00:11.1 Class 0101: 1106:0571 (rev 06)
00:11.2 Class 0c03: 1106:3038 (rev 18)
00:11.3 Class 0c03: 1106:3038 (rev 18)
00:11.4 Class 0c03: 1106:3038 (rev 18)
00:11.5 Class 0401: 1106:3059 (rev 10)
01:00.0 Class 0300: 10de:002c (rev 15)
00:00.0 Host bridge: VIA Technologies, Inc. VT8633 [Apollo Pro266] (rev 01)
	Subsystem: VIA Technologies, Inc. VT8633 [Apollo Pro266]
	Flags: bus master, medium devsel, latency 8
	Memory at e0000000 (32-bit, prefetchable) [size=64M]
	Capabilities: [a0] AGP version 2.0
	Capabilities: [c0] Power Management version 2
00:01.0 PCI bridge: VIA Technologies, Inc. VT8633 [Apollo Pro266 AGP] (prog-if 00 [Normal decode])
	Flags: bus master, 66Mhz, medium devsel, latency 0
	Bus: primary=00, secondary=01, subordinate=01, sec-latency=0
	Memory behind bridge: e6000000-e7ffffff
	Prefetchable memory behind bridge: e4000000-e5ffffff
	Capabilities: [80] Power Management version 2
00:08.0 Multimedia audio controller: Ensoniq ES1370 [AudioPCI]
	Subsystem: Unknown device 4942:4c4c
	Flags: bus master, slow devsel, latency 32, IRQ 11
	I/O ports at d000 [size=64]
00:09.0 Ethernet controller: D-Link System Inc RTL8139 Ethernet (rev 10)
	Subsystem: D-Link System Inc DFE-530TX+ 10/100 Ethernet Adapter
	Flags: bus master, medium devsel, latency 32, IRQ 11
	I/O ports at d400 [size=256]
	Memory at e8000000 (32-bit, non-prefetchable) [size=256]
	Capabilities: [50] Power Management version 2
00:0a.0 USB Controller: NEC Corporation USB (rev 41) (prog-if 10 [OHCI])
	Subsystem: Adaptec: Unknown device 0135
	Flags: bus master, medium devsel, latency 32, IRQ 11
	Memory at e8001000 (32-bit, non-prefetchable) [size=4K]
	Capabilities: [40] Power Management version 2
00:0a.1 USB Controller: NEC Corporation USB (rev 41) (prog-if 10 [OHCI])
	Subsystem: Adaptec: Unknown device 0135
	Flags: bus master, medium devsel, latency 32, IRQ 11
	Memory at e8002000 (32-bit, non-prefetchable) [size=4K]
	Capabilities: [40] Power Management version 2
00:0a.2 USB Controller: NEC Corporation USB 2.0 (rev 02) (prog-if 20 [EHCI])
	Subsystem: Adaptec: Unknown device 01e0
	Flags: bus master, medium devsel, latency 32, IRQ 11
	Memory at e8003000 (32-bit, non-prefetchable) [size=256]
	Capabilities: [40] Power Management version 2
00:11.0 ISA bridge: VIA Technologies, Inc. VT8233 PCI to ISA Bridge
	Subsystem: VIA Technologies, Inc. VT8233 PCI to ISA Bridge
	Flags: bus master, stepping, medium devsel, latency 0
	Capabilities: [c0] Power Management version 2
00:11.1 IDE interface: VIA Technologies, Inc. VT82C586B PIPC Bus Master IDE (rev 06) (prog-if 8a [Master SecP PriP])
	Subsystem: VIA Technologies, Inc. VT82C586B PIPC Bus Master IDE
	Flags: bus master, medium devsel, latency 32
	I/O ports at d800 [size=16]
	Capabilities: [c0] Power Management version 2
00:11.2 USB Controller: VIA Technologies, Inc. USB (rev 18) (prog-if 00 [UHCI])
	Subsystem: VIA Technologies, Inc. (Wrong ID) USB Controller
	Flags: bus master, medium devsel, latency 32, IRQ 11
	I/O ports at dc00 [size=32]
	Capabilities: [80] Power Management version 2
00:11.3 USB Controller: VIA Technologies, Inc. USB (rev 18) (prog-if 00 [UHCI])
	Subsystem: VIA Technologies, Inc. (Wrong ID) USB Controller
	Flags: bus master, medium devsel, latency 32, IRQ 11
	I/O ports at e000 [size=32]
	Capabilities: [80] Power Management version 2
00:11.4 USB Controller: VIA Technologies, Inc. USB (rev 18) (prog-if 00 [UHCI])
	Subsystem: VIA Technologies, Inc. (Wrong ID) USB Controller
	Flags: bus master, medium devsel, latency 32, IRQ 11
	I/O ports at e400 [size=32]
	Capabilities: [80] Power Management version 2
00:11.5 Multimedia audio controller: VIA Technologies, Inc. VT8233 AC97 Audio Controller (rev 10)
	Subsystem: VIA Technologies, Inc.: Unknown device 4511
	Flags: medium devsel, IRQ 11
	I/O ports at e800 [size=256]
	Capabilities: [c0] Power Management version 2
01:00.0 VGA compatible controller: nVidia Corporation NV6 [Vanta] (rev 15) (prog-if 00 [VGA])
	Subsystem: VISIONTEK: Unknown device 0004
	Flags: bus master, 66Mhz, medium devsel, latency 32, IRQ 11
	Memory at e6000000 (32-bit, non-prefetchable) [size=16M]
	Memory at e4000000 (32-bit, prefetchable) [size=32M]
	Expansion ROM at <unassigned> [disabled] [size=64K]
	Capabilities: [60] Power Management version 1
	Capabilities: [44] AGP version 2.0