Date: Fri, 12 Sep 2003 04:11:07 +0200
From: Bernd Eckenfels <>
Subject: Re: Bad directories w/Reiserfs on linux-2.6.0-test4
Sender: linux-kernel-owner@vger.kernel.org
Precedence: bulk
List-ID: <linux-kernel.vger.kernel.org>
X-Mailing-List: linux-kernel@vger.kernel.org
X-Lkml-Link: https://lkml.org/lkml/2003/9/11/322

In article <200309111945.11122.yurkjes@iit.edu> you wrote:
> open("/etc/ld.so.preload", O_RDONLY)    = -1 ENOENT (No such file or directory)
> open("/usr/qt/3/lib/i686/mmx/libc.so.6", O_RDONLY) = -1 ENOENT (No such file or directory)
> stat64("/usr/qt/3/lib/i686/mmx", 0xbfffe8c0) = -1 ENOENT (No such file or directory)
> open("/usr/qt/3/lib/i686/libc.so.6", O_RDONLY) = -1 ENOENT (No such file or directory)
> stat64("/usr/qt/3/lib/i686", 0xbfffe8c0) = -1 ENOENT (No such file or directory)
> open("/usr/qt/3/lib/mmx/libc.so.6", O_RDONLY) = -1 ENOENT (No such file or directory)
> stat64("/usr/qt/3/lib/mmx", 0xbfffe8c0) = -1 ENOENT (No such file or directory)
> open("/usr/qt/3/lib/libc.so.6", O_RDONLY) = -1 ENOENT (No such file or directory)
> stat64("/usr/qt/3/lib", {st_mode=S_IFDIR|0755, st_size=504, ...}) = 0
> open("/usr/kde/3.1/lib/i686/mmx/libc.so.6", O_RDONLY) = -1 ENOENT (No such file or directory)
> stat64("/usr/kde/3.1/lib/i686/mmx", 0xbfffe8c0) = -1 ENOENT (No such file or directory)
> open("/usr/kde/3.1/lib/i686/libc.so.6", O_RDONLY) = -1 ENOENT (No such file or directory)
> stat64("/usr/kde/3.1/lib/i686", 0xbfffe8c0) = -1 ENOENT (No such file or directory)
> open("/usr/kde/3.1/lib/mmx/libc.so.6", O_RDONLY) = -1 ENOENT (No such file or directory)
> stat64("/usr/kde/3.1/lib/mmx", 0xbfffe8c0) = -1 ENOENT (No such file or directory)
> open("/usr/kde/3.1/lib/libc.so.6", O_RDONLY) = -1 ENOENT (No such file or directory)
> stat64("/usr/kde/3.1/lib", {st_mode=S_IFDIR|0755, st_size=35768, ...}) = 0
what kind of system installation do you have, is this intentional? Some kind
of LD_PRELOAD or other wrappers?
> unlink("CVS")                           = -1 EISDIR (Is a directory)
> chdir("CVS")                            = 0
> open(".", O_RDONLY|O_NONBLOCK|O_LARGEFILE|O_DIRECTORY) = 4
> getdents64(4, /* 0 entries */, 131072)  = 0
> chdir("..")                             = 0
> rmdir("CVS")                            = -1 ENOTEMPTY (Directory not empty)
interesting... do you get the same empty dir (no . and ..) with ls?
Greetings
Bernd
-- 
eckes privat - 
http://www.eckes.org/
Project Freefire - 
http://www.freefire.org/
-
To unsubscribe from this list: send the line "unsubscribe linux-kernel" in
the body of a message to majordomo@vger.kernel.org
More majordomo info at  
http://vger.kernel.org/majordomo-info.html
Please read the FAQ at  
http://www.tux.org/lkml/