Date: Sat, 3 May 2003 15:55:12 +0300 (EEST)
From: Andrei Ivanov <>
Subject: usb [mouse] not working in mm4
Sender: linux-kernel-owner@vger.kernel.org
Precedence: bulk
List-ID: <linux-kernel.vger.kernel.org>
X-Mailing-List: linux-kernel@vger.kernel.org
X-Lkml-Link: https://lkml.org/lkml/2003/5/3/23

With the same config, in mm3, it works.
boot log for mm4 attached.Linux version 2.5.68-mm4 (root@hate) (gcc version 3.2.2 20030322 (Gentoo Linux 1.4 3.2.2-r2)) #1 Sat May 3 15:33:50 EEST 2003
Video mode to be used for restore is ffff
BIOS-provided physical RAM map:
 BIOS-e820: 0000000000000000 - 00000000000a0000 (usable)
 BIOS-e820: 00000000000f0000 - 0000000000100000 (reserved)
 BIOS-e820: 0000000000100000 - 000000001fff0000 (usable)
 BIOS-e820: 000000001fff0000 - 000000001fff3000 (ACPI NVS)
 BIOS-e820: 000000001fff3000 - 0000000020000000 (ACPI data)
 BIOS-e820: 00000000ffff0000 - 0000000100000000 (reserved)
511MB LOWMEM available.
On node 0 totalpages: 131056
  DMA zone: 4096 pages, LIFO batch:1
  Normal zone: 126960 pages, LIFO batch:16
  HighMem zone: 0 pages, LIFO batch:1
ACPI: RSDP (v000 VIA694                     ) @ 0x000f6f40
ACPI: RSDT (v001 VIA694 AWRDACPI 16944.11825) @ 0x1fff3000
ACPI: FADT (v001 VIA694 AWRDACPI 16944.11825) @ 0x1fff3040
ACPI: DSDT (v001 VIA694 AWRDACPI 00000.04096) @ 0x00000000
ACPI: BIOS passes blacklist
ACPI: MADT not present
Building zonelist for node : 0
Kernel command line: 
Local APIC disabled by BIOS -- reenabling.
Found and enabled local APIC!
Initializing CPU#0
PID hash table entries: 2048 (order 11: 16384 bytes)
Detected 900.463 MHz processor.
Console: colour VGA+ 80x25
Calibrating delay loop... 1769.47 BogoMIPS
Memory: 515088k/524224k available (2050k kernel code, 8392k reserved, 628k data, 308k init, 0k highmem)
Dentry cache hash table entries: 65536 (order: 6, 262144 bytes)
Inode-cache hash table entries: 32768 (order: 5, 131072 bytes)
Mount-cache hash table entries: 512 (order: 0, 4096 bytes)
-> /dev
-> /dev/console
-> /root
CPU: L1 I Cache: 64K (64 bytes/line), D cache 64K (64 bytes/line)
CPU: L2 Cache: 256K (64 bytes/line)
CPU:     After generic, caps: 0183fbff c1c7fbff 00000000 00000020
Intel machine check architecture supported.
Intel machine check reporting enabled on CPU#0.
CPU: AMD Athlon(tm) Processor stepping 02
Enabling fast FPU save and restore... done.
Checking 'hlt' instruction... OK.
POSIX conformance testing by UNIFIX
enabled ExtINT on CPU#0
ESR value before enabling vector: 00000000
ESR value after enabling vector: 00000000
Using local APIC timer interrupts.
calibrating APIC timer ...
..... CPU clock speed is 899.0807 MHz.
..... host bus clock speed is 199.0957 MHz.
mtrr: v2.0 (20020519)
PCI: PCI BIOS revision 2.10 entry at 0xfb4d0, last bus=1
PCI: Using configuration type 1
BIO: pool of 256 setup, 14Kb (56 bytes/bio)
biovec pool[0]:   1 bvecs: 256 entries (12 bytes)
biovec pool[1]:   4 bvecs: 256 entries (48 bytes)
biovec pool[2]:  16 bvecs: 256 entries (192 bytes)
biovec pool[3]:  64 bvecs: 256 entries (768 bytes)
biovec pool[4]: 128 bvecs: 256 entries (1536 bytes)
biovec pool[5]: 256 bvecs: 256 entries (3072 bytes)
ACPI: Subsystem revision 20030418
spurious 8259A interrupt: IRQ7.
ACPI: Interpreter enabled
ACPI: Using PIC for interrupt routing
ACPI: PCI Root Bridge [PCI0] (00:00)
PCI: Probing PCI hardware (bus 00)
Disabling VIA memory write queue (PCI ID 0305, rev 03): [55] 8d & 1f -> 0d
ACPI: PCI Interrupt Routing Table [\_SB_.PCI0._PRT]
ACPI: PCI Interrupt Link [LNKA] (IRQs 1 3 4 5 6 7 10 11 12 14 15, disabled)
ACPI: PCI Interrupt Link [LNKB] (IRQs 1 3 4 5 6 7 10 11 12 14 15, disabled)
ACPI: PCI Interrupt Link [LNKC] (IRQs 1 3 4 5 6 7 *10 11 12 14 15)
ACPI: PCI Interrupt Link [LNKD] (IRQs 1 3 4 5 6 7 10 *11 12 14 15)
block request queues:
 4/1024 requests per read queue
 4/1024 requests per write queue
 enter congestion at 127
 exit congestion at 129
drivers/usb/core/usb.c: registered new driver usbfs
drivers/usb/core/usb.c: registered new driver hub
ACPI: PCI Interrupt Link [LNKA] enabled at IRQ 5
ACPI: PCI Interrupt Link [LNKB] enabled at IRQ 11
PCI: Using ACPI for IRQ routing
PCI: if you experience problems, try using option 'pci=noacpi' or even 'acpi=off'
Initializing RT netlink socket
Machine check exception polling timer started.
Enabling SEP on CPU 0
VFS: Disk quotas dquot_6.5.1
Journalled Block Device driver loaded
devfs: v1.22 (20021013) Richard Gooch (rgooch@atnf.csiro.au)
devfs: boot_options: 0x1
NTFS driver 2.1.4 [Flags: R/O].
Initializing Cryptographic API
Applying VIA southbridge workaround.
ACPI: Power Button (FF) [PWRF]
ACPI: Processor [CPU0] (supports C1 C2, 2 throttling states)
pty: 256 Unix98 ptys configured
Real Time Clock Driver v1.11
Linux agpgart interface v0.100 (c) Dave Jones
agpgart: Detected VIA Apollo Pro KT133/KM133/TwisterK chipset
agpgart: Maximum main memory to use for agp memory: 439M
agpgart: AGP aperture is 64M @ 0xe0000000
Hangcheck: starting hangcheck timer 0.5.0 (tick is 180 seconds, margin is 60 seconds).
Serial: 8250/16550 driver $Revision: 1.90 $ IRQ sharing disabled
anticipatory scheduling elevator
Floppy drive(s): fd0 is 1.44M
FDC 0 is a post-1991 82077
8139too Fast Ethernet driver 0.9.26
eth0: RealTek RTL8139 Fast Ethernet at 0xe0829000, 00:02:44:16:e4:1e, IRQ 11
eth0:  Identified 8139 chip type 'RTL-8139C'
Uniform Multi-Platform E-IDE driver Revision: 7.00alpha2
ide: Assuming 33MHz system bus speed for PIO modes; override with idebus=xx
VP_IDE: IDE controller at PCI slot 00:07.1
VP_IDE: chipset revision 6
VP_IDE: not 100% native mode: will probe irqs later
ide: Assuming 33MHz system bus speed for PIO modes; override with idebus=xx
VP_IDE: VIA vt82c686b (rev 40) IDE UDMA100 controller on pci00:07.1
    ide0: BM-DMA at 0xd000-0xd007, BIOS settings: hda:DMA, hdb:pio
    ide1: BM-DMA at 0xd008-0xd00f, BIOS settings: hdc:DMA, hdd:pio
hda: QUANTUM FIREBALLP AS40.0, ATA DISK drive
anticipatory scheduling elevator
ide0 at 0x1f0-0x1f7,0x3f6 on irq 14
hdc: CD-540E, ATAPI CD/DVD-ROM drive
anticipatory scheduling elevator
ide1 at 0x170-0x177,0x376 on irq 15
hda: host protected area => 1
hda: 78177792 sectors (40027 MB) w/1902KiB Cache, CHS=77557/16/63, UDMA(100)
 /dev/ide/host0/bus0/target0/lun0: p1 p2 p3
hdc: ATAPI 40X CD-ROM drive, 128kB Cache, UDMA(33)
Uniform CD-ROM driver Revision: 3.12
end_request: I/O error, dev hdc, sector 0
drivers/usb/host/uhci-hcd.c: USB Universal Host Controller Interface driver v2.0
uhci-hcd 00:07.2: VIA Technologies, In USB
uhci-hcd 00:07.2: irq 11, io base 0000d400
Please use the 'usbfs' filetype instead, the 'usbdevfs' name is deprecated.
uhci-hcd 00:07.2: new USB bus registered, assigned bus number 1
hub 1-0:0: USB hub found
hub 1-0:0: 2 ports detected
drivers/usb/core/usb.c: registered new driver hid
drivers/usb/input/hid-core.c: v2.0:USB HID core driver
mice: PS/2 mouse device common for all mice
Trying to free free IRQ12
Trying to free free IRQ12
Trying to free free IRQ12
Trying to free free IRQ12
serio: i8042 AUX port at 0x60,0x64 irq 12
input: AT Set 2 keyboard on isa0060/serio0
serio: i8042 KBD port at 0x60,0x64 irq 1
Advanced Linux Sound Architecture Driver Version 0.9.2 (Thu Mar 20 13:31:57 2003 UTC).
request_module: failed /sbin/modprobe -- snd-card-0. error = -16
PCI: Setting latency timer of device 00:07.5 to 64
hub 1-0:0: debounce: port 2: delay 100ms stable 4 status 0x301
hub 1-0:0: new USB device on port 2, assigned address 2
ALSA device list:
  #0: VIA 82C686A/B rev50 at 0xdc00, irq 10
NET4: Linux TCP/IP 1.0 for NET4.0
IP: routing cache hash table of 4096 buckets, 32Kbytes
TCP: Hash tables configured (established 32768 bind 65536)
NET4: Unix domain sockets 1.0/SMP for Linux NET4.0.
kjournald starting.  Commit interval 5 seconds
EXT3-fs: mounted filesystem with ordered data mode.
VFS: Mounted root (ext3 filesystem) readonly.
Mounted devfs on /dev
Freeing unused kernel memory: 308k freed
usb 1-2: USB device not accepting new address=2 (error=-110)
hub 1-0:0: new USB device on port 2, assigned address 3
usb 1-2: USB device not accepting new address=3 (error=-110)
EXT3 FS 2.4-0.9.16, 02 Dec 2001 on ide/host0/bus0/target0/lun0/par, internal journal
NTFS volume version 3.1.
NTFS volume version 3.1.
Adding 262136k swap on /swap.  Priority:-1 extents:786
eth0: Setting 100mbps full-duplex based on auto-negotiated partner ability 41e1.