Date: Fri, 28 Feb 2003 10:56:45 +1100
From: Con Kolivas <>
Subject: Re: Rising io_load results Re: 2.5.63-mm1
Sender: linux-kernel-owner@vger.kernel.org
Precedence: bulk
List-ID: <linux-kernel.vger.kernel.org>
X-Mailing-List: linux-kernel@vger.kernel.org
X-Lkml-Link: https://lkml.org/lkml/2003/2/27/226

On Fri, 28 Feb 2003 09:01 am, Dave McCracken wrote:
> --On Thursday, February 27, 2003 13:44:03 -0800 Andrew Morton
>
> <akpm@digeo.com> wrote:
> >> ...
> >> Mapped:       4294923652 kB
> >
> > Well that's gotta hurt.  This metric is used in making writeback
> > decisions.  Probably the objrmap patch.
>
> Oops.  You're right.  Here's a patch to fix it.
Thanks. 
This looks better after a run:
MemTotal:       256156 kB
MemFree:        189448 kB
Buffers:         46744 kB
Cached:           4176 kB
SwapCached:          0 kB
Active:          51840 kB
Inactive:         1768 kB
HighTotal:           0 kB
HighFree:            0 kB
LowTotal:       256156 kB
LowFree:        189448 kB
SwapTotal:     4194272 kB
SwapFree:      4194272 kB
Dirty:               0 kB
Writeback:           0 kB
Mapped:        4546752 kB
Slab:             8468 kB
Committed_AS:     7032 kB
PageTables:        200 kB
ReverseMaps:       662
Con
-
To unsubscribe from this list: send the line "unsubscribe linux-kernel" in
the body of a message to majordomo@vger.kernel.org
More majordomo info at  
http://vger.kernel.org/majordomo-info.html
Please read the FAQ at  
http://www.tux.org/lkml/