Date: Sun, 26 Mar 2000 00:28:24 -0800
From: Thomas Zimmerman <>
Subject: 2.3.99-pre3 Opps
Sender: linux-kernel-owner@vger.kernel.org
Precedence: bulk
List-ID: <linux-kernel.vger.kernel.org>
X-Mailing-List: linux-kernel@vger.kernel.org
X-Lkml-Link: https://lkml.org/lkml/2000/3/26/19

ksymoops 0.7c on i586 2.3.99-pre3.  Options used
     -V (default)
     -k /proc/ksyms (default)
     -l /proc/modules (default)
     -o /lib/modules/2.3.99-pre3/ (default)
     -m /boot/System.map-2.3.99-pre3 (specified)
Unable to handle kernel paging request at virtual address b8849d88
b8849d88
*pde = 00000000
Oops: 0000
CPU:    0
EIP:    0010:[<b8849d88>]
Using defaults from ksymoops -t elf32-i386 -a i386
EFLAGS: 00010286
eax: 00000004   ebx: 00000005   ecx: c12bd900   edx: ffffff0b
esi: bffffa4c   edi: 80044d04   ebp: 00000005   esp: c1853f14
ds: 0018   es: 0018   ss: 0018
Process xmms (pid: 730, stackpage=c1853000)
Stack: c884a59c c12bd900 00000004 00000000 00000000 00000000
c8840c58 00000005 
       c8834c86 00000000 80044d04 bffffa4c 00000000 bffffa50
bffffa4c 80044d04 
       000000ff c01c7ae1 c01f7740 c012f9eb c3960600 c8834df1
00000000 80044d04 
Call Trace: [<c884a59c>] [<c8840c58>] [<c8834c86>] [<c01c7ae1>]
[<c012f9eb>] [<c8834df1>] [<c013c811>] 
       [<c010af24>] 
Warning (Oops_read): Code line not seen, dumping what data is
available
>>EIP; b8849d88 Before first symbol   <=====
Trace; c884a59c <[sb_lib]sb_mixer_ioctl+1bc/1dc>
Trace; c8840c58 <[sound]mixer_devs+0/14>
Trace; c8834c86 <[sound]sound_mixer_ioctl+b6/d0>
Trace; c01c7ae1 <tvecs+39bd/e59c>
Trace; c012f9eb <chrdev_open+3f/4c>
Trace; c8834df1 <[sound]sound_ioctl+151/1a0>
Trace; c013c811 <sys_ioctl+1a5/1d4>
Trace; c010af24 <system_call+34/40>
1 warning issued.  Results may not be reliable.
$dmesg
Linux version 2.3.99-pre3 (qubes@darklands) (gcc version
egcs-2.91.66 19990314/L 
inux (egcs-1.1.2 release)) #2 Sat Mar 25 20:35:59 PST 2000
e820: 0009fc00 @ 00000000 (usable)
e820: 00000400 @ 0009fc00 (reserved)
e820: 00010000 @ 000f0000 (reserved)
e820: 00010000 @ ffff0000 (reserved)
e820: 07f00000 @ 00100000 (usable)
Scan SMP from c0000000 for 1024 bytes.
Scan SMP from c009fc00 for 1024 bytes.
Scan SMP from c00f0000 for 65536 bytes.
Scan SMP from c009fc00 for 4096 bytes.
On node 0 totalpages: 32768
zone(0): 4096 pages.
zone(1): 28672 pages.
zone(2): 0 pages.
mapped APIC to ffffe000 (01243000)
Initializing CPU#0
Detected 451033204 Hz processor.
ide_setup: ide0=0xf700,0xf802
ide_setup: ide1=0xf900,0xfa02
Console: colour VGA+ 80x25
Calibrating delay loop... 897.84 BogoMIPS
Memory: 126704k/131072k available (965k kernel code, 3980k reserved,
79k data, 1 
72k init, 0k highmem)
Buffer-cache hash table entries: 8192 (order: 3, 32768 bytes)
Page-cache hash table entries: 32768 (order: 5, 131072 bytes)
CPU: L1 I Cache: 32K  L1 D Cache: 32K
Enabling new style K6 write allocation for 128 Mb
CPU: AMD AMD-K6(tm) 3D processor stepping 0c
Checking 386/387 coupling... OK, FPU using exception 16 error
reporting.
Checking 'hlt' instruction... OK.
POSIX conformance testing by UNIFIX
mtrr: v1.36 (20000221) Richard Gooch (rgooch@atnf.csiro.au)
PCI: PCI BIOS revision 2.10 entry at 0xfb3e0
PCI: Using configuration type 1
PCI: Probing PCI hardware
PCI: Interrupt Routing Table found at 0xc00fdd50 [router type
1106/0586]
Activating ISA DMA hang workarounds.
isapnp: Scanning for Pnp cards...
isapnp: Calling quirk for 01:00
ISAPnP: SB audio device quirk - increasing port range
isapnp: Card 'Creative SB16 PnP'
isapnp: 1 Plug & Play card detected total
Linux NET4.0 for Linux 2.3
Based upon Swansea University Computer Society NET3.039
NET4: Unix domain sockets 1.0/SMP for Linux NET4.0.
NET4: Linux TCP/IP 1.0 for NET4.0
IP Protocols: ICMP, UDP, TCP
IP: routing cache hash table of 1024 buckets, 8Kbytes
TCP: Hash tables configured (established 8192 bind 8192)
ACPI: found VIA Technologies, Inc. VT82C586B ACPI at 0x6000
Starting kswapd v1.6
pty: 256 Unix98 ptys configured
Uniform Multi-Platform E-IDE driver Revision: 6.30
ide: Assuming 40MHz system bus speed for PIO modes; override with
idebus=xx
VP_IDE: IDE controller on PCI bus 00 dev 39
VP_IDE: not 100% native mode: will probe irqs later
VT 82C597 Apollo VP3
 Chipset Core ATA-33
Split FIFO Configuration:  8 Primary buffers, threshold = 1/2
                           8 Second. buffers, threshold = 1/2
    ide2: BM-DMA at 0xf400-0xf407, BIOS settings: hde:DMA, hdf:DMA
ide2: VIA Bus-Master (U)DMA Timing Config Success
    ide3: BM-DMA at 0xf408-0xf40f, BIOS settings: hdg:DMA, hdh:DMA
ide3: VIA Bus-Master (U)DMA Timing Config Success
PDC20262: IDE controller on PCI bus 00 dev 50
PDC20262: not 100% native mode: will probe irqs later
PDC20262: (U)DMA Burst Bit ENABLED Primary PCI Mode Secondary PCI
Mode.
    ide0: BM-DMA at 0xfb00-0xfb07, BIOS settings: hda:DMA, hdb:pio
    ide1: BM-DMA at 0xfb08-0xfb0f, BIOS settings: hdc:DMA, hdd:pio
hda: FUJITSU MPD3108AT, ATA DISK drive
hdc: FUJITSU MPD3043AT, ATA DISK drive
hde: FUJITSU MPD3084AT, ATA DISK drive
hdg: CRW6206A, ATAPI CDROM drive
hdh: CS-R38 0, ATAPI CDROM drive
ide0 at 0xf700-0xf707,0xf802 on irq 10
ide1 at 0xf900-0xf907,0xfa02 on irq 10
ide2 at 0x1f0-0x1f7,0x3f6 on irq 14
ide3 at 0x170-0x177,0x376 on irq 15
hda: FUJITSU MPD3108AT, 10300MB w/512kB Cache, CHS=20928/16/63,
UDMA(33)
hdc: FUJITSU MPD3043AT, 4125MB w/512kB Cache, CHS=8940/15/63,
UDMA(33)
hde: FUJITSU MPD3084AT, 8063MB w/512kB Cache, CHS=16383/16/63,
UDMA(33)
Partition check:
 hda: [PTBL] [1313/255/63] hda1 hda2 hda3 < hda5 hda6 hda7 >
 hdc: [PTBL] [525/255/63] hdc1 hdc2
 hde: [PTBL] [1027/255/63] hde1 hde2 < hde5 hde6 hde7 hde8 >
Serial driver version 4.93 (2000-03-20) with MANY_PORTS SHARE_IRQ
SERIAL_PCI ISA 
PNP enabled
ttyS00 at 0x03f8 (irq = 4) is a 16550A
ttyS01 at 0x02f8 (irq = 3) is a 16550A
Linux Tulip driver version 0.9.4.2 (Mar 21, 2000)
eth0: Digital DC21041 Tulip rev 33 at 0xf600, 21041 mode,
00:80:AD:AC:10:C3, IRQ 
 9.
eth0: 21041 Media table, default media 0800 (Autosense).
eth0:  21041 media #0, 10baseT.
eth0:  21041 media #1, 10base2.
eth0:  21041 media #2, AUI.
eth0:  21041 media #4, 10baseT-FD.
Linux agpgart interface v0.99 (c) Jeff Hartmann
agpgart: Maximum main memory to use for agp memory: 96M
agpgart: Detected Via VP3 chipset
agpgart: AGP aperture is 8M @ 0xe0000000
VFS: Mounted root (ext2 filesystem) readonly.
Freeing unused kernel memory: 172k freed
Adding Swap: 200804k swap-space (priority 1)
Adding Swap: 56192k swap-space (priority 1)
Adding Swap: 56188k swap-space (priority 1)
Soundblaster audio driver Copyright (C) by Hannu Savolainen
1993-1996
sb: Creative SB16 PnP detected
sb: ISAPnP reports 'Creative SB16 PnP' at i/o 0x220, irq 5, dma 1, 5
SB 4.13 detected OK (220)
eth0: No 21041 10baseT link beat, Media switched to AUI.
eth0: No 21041 10baseT link beat, Media switched to AUI.
nfs warning: mount version newer than kernel
Soundblaster audio driver Copyright (C) by Hannu Savolainen
1993-1996
sb: Creative SB16 PnP detected
sb: ISAPnP reports 'Creative SB16 PnP' at i/o 0x220, irq 5, dma 1, 5
SB 4.13 detected OK (220)
Unable to handle kernel paging request at virtual address b8849d88
 printing eip:
b8849d88
*pde = 00000000
Oops: 0000
CPU:    0
EIP:    0010:[<b8849d88>]
EFLAGS: 00010286
eax: 00000004   ebx: 00000005   ecx: c12bd900   edx: ffffff0b
esi: bffffa4c   edi: 80044d04   ebp: 00000005   esp: c1853f14
ds: 0018   es: 0018   ss: 0018
Process xmms (pid: 730, stackpage=c1853000)
Stack: c884a59c c12bd900 00000004 00000000 00000000 00000000
c8840c58 00000005 
       c8834c86 00000000 80044d04 bffffa4c 00000000 bffffa50
bffffa4c 80044d04 
       000000ff c01c7ae1 c01f7740 c012f9eb c3960600 c8834df1
00000000 80044d04 
Call Trace: [<c884a59c>] [<c8840c58>] [<c8834c86>] [<c01c7ae1>]
[<c012f9eb>] [<c 
8834df1>] [<c013c811>] 
       [<c010af24>] 
Code:  Bad EIP value.
-
To unsubscribe from this list: send the line "unsubscribe linux-kernel" in
the body of a message to majordomo@vger.rutgers.edu
Please read the FAQ at 
http://www.tux.org/lkml/