Date: Tue, 04 May 1999 00:07:20 -0500
From: Nicholas Henke <>
Subject: Andrea2.bz2
Sender: linux-kernel-owner@vger.kernel.org
Precedence: bulk
List-ID: <linux-kernel.vger.kernel.org>
X-Mailing-List: linux-kernel@vger.kernel.org
X-Lkml-Link: https://lkml.org/lkml/1999/5/4/12

Here are some comparisions that I did with a vanilla 2.2.7 and then with
e 2 patch from andrea applied. All of the test were sone after a fresh
reboot, with the K desktop running. I did a fresh 'make bootstrap' on
the 1.1.2 egcs sources with egcs 1.1.2. Here are the results.
Before  test...2.2.7 vanilla
=========================================================
        total:    used:    free:  shared: buffers:  cached:
Mem:  81379328 78966784  2412544 42225664  5668864 49356800
Swap: 90472448  3948544 86523904
MemTotal:     79472 kB
MemFree:       2356 kB
MemShared:    41236 kB
Buffers:       5536 kB
Cached:       48200 kB
SwapTotal:    88352 kB
SwapFree:     84496 kB
==========================================================
After test...2.2.7 vanilla
==========================================================
        total:    used:    free:  shared: buffers:  cached:
Mem:  81379328 76931072  4448256 39124992 12595200 37068800
Swap: 90472448  4579328 85893120
MemTotal:     79472 kB
MemFree:       4344 kB
MemShared:    38208 kB
Buffers:      12300 kB
Cached:       36200 kB
SwapTotal:    88352 kB
SwapFree:     83880 kB
==========================================================
Times
real    60m4.008s
user    40m14.020s
sys     3m50.810s 
==========================================================
Before Test...2.2.7andrea2
==========================================================
	Total:    used:    free:  shared: buffers:  cached:
Mem:  80977920 79441920  1536000 59809792  2801664 47251456
Swap: 90472448   131072 90341376
MemTotal:     79080 kB
MemFree:       1500 kB
MemShared:    58408 kB
Buffers:       2736 kB
Cached:       46144 kB
SwapTotal:    88352 kB
SwapFree:     88224 kB
===========================================================
Times
real    50m41.599s
user    38m56.880s
sys     3m0.900s 
===========================================================
After Test...2.2.7andrea2
=========================================================
        total:    used:    free:  shared: buffers:  cached:
Mem:  80977920 78970880  2007040 60772352  9777152 33263616
Swap: 90472448   131072 90341376
MemTotal:     79080 kB
MemFree:       1960 kB
MemShared:    59348 kB
Buffers:       9548 kB
Cached:       32484 kB
SwapTotal:    88352 kB
SwapFree:     88224 kB
I realize I should have done a procinfo also, I will include that when I
compare these against andrea3
Nic
-- 
Nicholas Henke
University of Pennsylvania 
Class of 2002
215-417-5665
(ht/ft)tp://bs28-222-095.resnet.upenn.edu
=========================================
Never put off till tomorrow what you can avoid all together.
-
To unsubscribe from this list: send the line "unsubscribe linux-kernel" in
the body of a message to majordomo@vger.rutgers.edu
Please read the FAQ at 
http://www.tux.org/lkml/