Date: Mon, 06 Aug 2007 00:42:08 -0700
From: Christian Zankel <>
Subject: Re: 2.6.23-rc2 cross compile regressions (alpha,sparc,xtensa)
Sender: linux-kernel-owner@vger.kernel.org
Precedence: bulk
List-ID: <linux-kernel.vger.kernel.org>
X-Mailing-List: linux-kernel@vger.kernel.org
X-Lkml-Link: https://lkml.org/lkml/2007/8/6/48

Jan,
Thanks for your report. I am working on some patches that I plan to 
submit this week to fix those issues.
Thanks,
-Chris
Jan Dittmer wrote:
> sparc/defconfig:
>  CC      init/main.o
> In file included from include/linux/proc_fs.h:5,
>                 from init/main.c:14:
> include/linux/fs.h:848: warning: `struct flock' declared inside 
> parameter list
> include/linux/fs.h:848: warning: its scope is only this definition or 
> declaration, which is probably not what you want
> include/linux/fs.h:850: warning: `struct flock' declared inside 
> parameter list
> include/linux/fs.h:853: warning: `struct flock64' declared inside 
> parameter list
> include/linux/fs.h:855: warning: `struct flock64' declared inside 
> parameter list
> init/main.c: In function `init_post':
> init/main.c:782: error: `O_RDWR' undeclared (first use in this function)
> init/main.c:782: error: (Each undeclared identifier is reported only once
> init/main.c:782: error: for each function it appears in.)
> make[2]: *** [init/main.o] Error 1
> make[1]: *** [init] Error 2
> make: *** [_all] Error 2
> 
> xtensa/defconfig:
>  CC      arch/xtensa/kernel/process.o
> arch/xtensa/kernel/process.c:50: error: `INR_OPEN' undeclared here (not 
> in a function)
> arch/xtensa/kernel/process.c:50: error: initializer element is not constant
> arch/xtensa/kernel/process.c:50: error: (near initialization for 
> `init_signals.rlim[7].rlim_cur')
> arch/xtensa/kernel/process.c:50: error: `INR_OPEN' undeclared here (not 
> in a function)
> arch/xtensa/kernel/process.c:50: error: initializer element is not constant
> arch/xtensa/kernel/process.c:50: error: (near initialization for 
> `init_signals.rlim[7].rlim_max')
> arch/xtensa/kernel/process.c:50: error: initializer element is not constant
> arch/xtensa/kernel/process.c:50: error: (near initialization for 
> `init_signals.rlim[7]')
> arch/xtensa/kernel/process.c:50: error: initializer element is not constant
> arch/xtensa/kernel/process.c:50: error: (near initialization for 
> `init_signals.rlim[8]')
> arch/xtensa/kernel/process.c:50: error: initializer element is not constant
> arch/xtensa/kernel/process.c:50: error: (near initialization for 
> `init_signals.rlim[9]')
> arch/xtensa/kernel/process.c:50: error: initializer element is not constant
> arch/xtensa/kernel/process.c:50: error: (near initialization for 
> `init_signals.rlim[10]')
> arch/xtensa/kernel/process.c:50: error: initializer element is not constant
> arch/xtensa/kernel/process.c:50: error: (near initialization for 
> `init_signals.rlim[11]')
> arch/xtensa/kernel/process.c:50: error: initializer element is not constant
> arch/xtensa/kernel/process.c:50: error: (near initialization for 
> `init_signals.rlim[12]')
> arch/xtensa/kernel/process.c:50: error: initializer element is not constant
> arch/xtensa/kernel/process.c:50: error: (near initialization for 
> `init_signals.rlim[13]')
> arch/xtensa/kernel/process.c:50: error: initializer element is not constant
> arch/xtensa/kernel/process.c:50: error: (near initialization for 
> `init_signals.rlim[14]')
> arch/xtensa/kernel/process.c:50: error: initializer element is not constant
> arch/xtensa/kernel/process.c:50: error: (near initialization for 
> `init_signals.rlim')
> arch/xtensa/kernel/process.c:50: error: initializer element is not constant
> arch/xtensa/kernel/process.c:50: error: (near initialization for 
> `init_signals.<anonymous>')
> arch/xtensa/kernel/process.c: In function `xtensa_execve':
> arch/xtensa/kernel/process.c:449: error: implicit declaration of 
> function `getname'
> arch/xtensa/kernel/process.c:449: warning: assignment makes pointer from 
> integer without a cast
> arch/xtensa/kernel/process.c:460: error: implicit declaration of 
> function `putname'
> make[2]: *** [arch/xtensa/kernel/process.o] Error 1
> make[1]: *** [arch/xtensa/kernel] Error 2
> make: *** [_all] Error 2
> 
> alpha/defconfig:
>  LD      .tmp_vmlinux1
> arch/alpha/kernel/built-in.o(.text+0xaaa8): In function 
> `pdev_save_srm_config':
> include/linux/slub_def.h:154: undefined reference to 
> `__kmalloc_size_too_large'
> arch/alpha/kernel/built-in.o(.text+0xaaac):include/linux/slub_def.h:154: 
> undefined reference to `__kmalloc_size_too_large'
> arch/alpha/kernel/built-in.o(.text+0xd0a8): In function 
> `module_frob_arch_sections':
> include/linux/slub_def.h:154: undefined reference to 
> `__kmalloc_size_too_large'
> arch/alpha/kernel/built-in.o(.text+0xd0ac):include/linux/slub_def.h:154: 
> undefined reference to `__kmalloc_size_too_large'
> arch/alpha/kernel/built-in.o(.text+0x19388): In function 
> `srmcons_get_private_struct':
> include/linux/slub_def.h:154: undefined reference to 
> `__kmalloc_size_too_large'
> arch/alpha/kernel/built-in.o(.text+0x1938c):include/linux/slub_def.h:154: 
> more undefined references to `__kmalloc_size_too_large' follow
> make[1]: *** [.tmp_vmlinux1] Error 1
> make: *** [_all] Error 2
> 
> With patch: ia64/defconfig.
> Not compiling: blackfin,cris,frv,h8300,v850
> 
> Jan
> 
> 
-
To unsubscribe from this list: send the line "unsubscribe linux-kernel" in
the body of a message to majordomo@vger.kernel.org
More majordomo info at  
http://vger.kernel.org/majordomo-info.html
Please read the FAQ at  
http://www.tux.org/lkml/