Date: Tue, 26 Aug 2003 09:12:40 -0400
From: "Tony A. Lambley" <>
Subject: re: [ACPI] 2.4.22, My bios is to old?
Sender: linux-kernel-owner@vger.kernel.org
Precedence: bulk
List-ID: <linux-kernel.vger.kernel.org>
X-Mailing-List: linux-kernel@vger.kernel.org
X-Lkml-Link: https://lkml.org/lkml/2003/8/26/98

I have the same problem on a sager 5600D that's only 8 months old. It
didn't happen with 2.4.22-rc2, I missed -rc3, but it happens in -rc4. I
also get it in 2.6.0-test4. Was something back-ported?
Here's my grepped dmesg:
$ dmesg |grep ACPI
 BIOS-e820: 000000003fef0000 - 000000003fefb000 (ACPI data)
 BIOS-e820: 000000003fefb000 - 000000003ff00000 (ACPI NVS)
ACPI: have wakeup address 0xc0001000
ACPI disabled because your bios is from 92 and too old
ACPI: RSDP (v000 PTLTD                                     ) @
0x000f6360
ACPI: RSDT (v001 PTLTD  Sheeks   0x06040000  LTP 0x00000000) @
0x3fef6ae7
ACPI: FADT (v001 Clevo  845MP    0x06040000 PTL  0x00000050) @
0x3fefaf2d
ACPI: BOOT (v001 PTLTD  $SBFTBL$ 0x06040000  LTP 0x00000001) @
0x3fefafa1
ACPI: DSDT (v001 INTEL  845M     0x06040000 MSFT 0x0100000d) @
0x00000000
ACPI: MADT not present
ACPI: Subsystem revision 20030813
ACPI: Interpreter disabled.
PCI: ACPI tables contain no PCI IRQ routing entries
-
To unsubscribe from this list: send the line "unsubscribe linux-kernel" in
the body of a message to majordomo@vger.kernel.org
More majordomo info at  
http://vger.kernel.org/majordomo-info.html
Please read the FAQ at  
http://www.tux.org/lkml/