Date: Wed, 27 Nov 2002 01:33:51 +0100 (CET)
From: Steffen Persvold <>
Subject: Processor stuck in smp_call_function (arch/i386/kernel/smp.c)
Sender: linux-kernel-owner@vger.kernel.org
Precedence: bulk
List-ID: <linux-kernel.vger.kernel.org>
X-Mailing-List: linux-kernel@vger.kernel.org
X-Lkml-Link: https://lkml.org/lkml/2002/11/26/206

Dear kernel experts,
On a couple of Dual Xeon E7500 based machines (SuperMicro motherboards) we 
have been experiencing frequent lockups running compute and I/O intensive 
tasks. It came to a point where I patched the 2.4.20-rc2 kernel with kdb 
v2.5 by Keith Owens trying to find out what was happening.
Now, when the systems become unresponsive I'm able to enter kdb and do a 
back trace. It looks like this (trimmed down a bit to contain IMHO useful 
info only) :
smp_call_function+0x83 (0xc01141e0, 0x0, 0x1, 0x1)
flush_tlb_all+0x14 ()
vmfree_area_pages+0x180 (0xf8c00000, 0x11000)
vfree+0x39 (0xf8a5e000)
release_segments+0x47 (0xf6435880)
exit_mmap+0x12 (0xf6435880)
mmput+0x5d (0xf6435880)
do_exit+0xd0 (0x200)
smp_call_function() is looping here :
        /* Wait for response */
        while (atomic_read(&data.started) != cpus)
                barrier();
So it seems a process is about to exit and the TLB is to be flushed. 
However when the active cpu (cpu 0) waits for the flush_tlb_all_ipi() 
function to start on cpu 1, it loops forever. In addition, trying to 
switch to cpu 1 with kdb (with the 'cpu 1' command) results in an 
'Invalid cpu number' error and I was told by Keith that this must be 
because the other cpu hasn't responded to the kdb_ipi NMI.
It just looks like cpu 1 died for some reason, why ?
Has anyone experienced the same behaviour ?
I would really appreciate any input on this.
PS.
I've attached the output of dmesg and lspci, I hope it is helpful. As you 
can see the system has a lot of IO-APICs, the reason is that this sytems 
has fully equipped the E7500 MCH hub interfaces :
Hub Interface A : ICH3 (main APIC)
Hub Interface B, C, D : P64H2 (each with two PCI-X busses and APICs).
IOAPIC #2 is the APIC on the ICH3
IOAPIC #3 is the 1st APIC on Hub interface B
IOAPIC #4 is the 2nd APIC on Hub interface B
IOAPIC #5 is the 1st APIC on Hub interface C
IOAPIC #8 is the 2nd APIC on Hub interface C
IOAPIC #9 is the 1st APIC on Hub interface D
IOAPIC #10 is the 2nd APIC on Hub interface D
The PCI device where most of the IO is performed is located on the 2nd 
APIC on Hub interface D.
DS
Thanks,
-- 
  Steffen Persvold   |       Scali AS      
 mailto:sp@scali.com |  
http://www.scali.com
Tel: (+47) 2262 8950 |   Olaf Helsets vei 6
Fax: (+47) 2262 8951 |   N0621 Oslo, NORWAY
Linux version 2.4.20-rc2kdbfp (root@moonwatch) (gcc version 2.96 20000731 (Red Hat Linux 7.3 2.96-110)) #2 SMP Fri Nov 22 11:54:01 CET 2002
BIOS-provided physical RAM map:
 BIOS-e820: 0000000000000000 - 000000000009f800 (usable)
 BIOS-e820: 000000000009f800 - 00000000000a0000 (reserved)
 BIOS-e820: 00000000000d8000 - 00000000000e0000 (reserved)
 BIOS-e820: 00000000000e4000 - 0000000000100000 (reserved)
 BIOS-e820: 0000000000100000 - 000000007fef0000 (usable)
 BIOS-e820: 000000007fef0000 - 000000007fefc000 (ACPI data)
 BIOS-e820: 000000007fefc000 - 000000007ff00000 (ACPI NVS)
 BIOS-e820: 000000007ff00000 - 000000007ff80000 (usable)
 BIOS-e820: 000000007ff80000 - 0000000080000000 (reserved)
 BIOS-e820: 00000000fec00000 - 00000000fec10000 (reserved)
 BIOS-e820: 00000000fee00000 - 00000000fee01000 (reserved)
 BIOS-e820: 00000000ff800000 - 00000000ffc00000 (reserved)
 BIOS-e820: 00000000fff00000 - 0000000100000000 (reserved)
1151MB HIGHMEM available.
896MB LOWMEM available.
found SMP MP-table at 000f66c0
hm, page 000f6000 reserved twice.
hm, page 000f7000 reserved twice.
hm, page 0009f000 reserved twice.
hm, page 000a0000 reserved twice.
On node 0 totalpages: 524160
zone(0): 4096 pages.
zone(1): 225280 pages.
zone(2): 294784 pages.
ACPI: Searched entire block, no RSDP was found.
ACPI: RSDP located at physical address c00f6720
RSD PTR  v0 [PTLTD ]
__va_range(0x7fef8199, 0x68): idx=8 mapped at ffff6000
ACPI table found: RSDT v1 [PTLTD    RSDT   1540.0]
__va_range(0x7fefbe64, 0x24): idx=8 mapped at ffff6000
__va_range(0x7fefbe64, 0x74): idx=8 mapped at ffff6000
ACPI table found: FACP v1 [INTEL  K_CANYON 1540.0]
__va_range(0x7fefbed8, 0x24): idx=8 mapped at ffff6000
__va_range(0x7fefbed8, 0xb0): idx=8 mapped at ffff6000
ACPI table found: APIC v1 [PTLTD  	 APIC   1540.0]
__va_range(0x7fefbed8, 0xb0): idx=8 mapped at ffff6000
LAPIC (acpi_id[0x0000] id[0x0] enabled[1])
CPU 0 (0x0000) enabledProcessor #0 Pentium 4(tm) XEON(tm) APIC version 16
LAPIC (acpi_id[0x0001] id[0x6] enabled[1])
CPU 1 (0x0600) enabledProcessor #6 Pentium 4(tm) XEON(tm) APIC version 16
IOAPIC (id[0x2] address[0xfec00000] global_irq_base[0x0])
IOAPIC (id[0x3] address[0xfec80000] global_irq_base[0x18])
IOAPIC (id[0x4] address[0xfec80400] global_irq_base[0x30])
IOAPIC (id[0x5] address[0xfec81000] global_irq_base[0x48])
IOAPIC (id[0x8] address[0xfec81400] global_irq_base[0x60])
IOAPIC (id[0x9] address[0xfec82000] global_irq_base[0x78])
IOAPIC (id[0xa] address[0xfec82400] global_irq_base[0x90])
INT_SRC_OVR (bus[0] irq[0x0] global_irq[0x2] polarity[0x1] trigger[0x1])
INT_SRC_OVR (bus[0] irq[0x9] global_irq[0x9] polarity[0x1] trigger[0x3])
LAPIC_NMI (acpi_id[0x0000] polarity[0x1] trigger[0x1] lint[0x1])
LAPIC_NMI (acpi_id[0x0001] polarity[0x1] trigger[0x1] lint[0x1])
2 CPUs total
Local APIC address fee00000
__va_range(0x7fefbf88, 0x24): idx=8 mapped at ffff6000
__va_range(0x7fefbf88, 0x28): idx=8 mapped at ffff6000
ACPI table found: BOOT v1 [PTLTD  $SBFTBL$ 1540.0]
__va_range(0x7fefbfb0, 0x24): idx=8 mapped at ffff6000
__va_range(0x7fefbfb0, 0x50): idx=8 mapped at ffff6000
ACPI table found: SPCR v1 [PTLTD  $UCRTBL$ 1540.0]
Enabling the CPU's according to the ACPI table
Intel MultiProcessor Specification v1.4
    Virtual Wire compatibility mode.
OEM ID:   Product ID: Kings Canyon APIC at: 0xFEE00000
I/O APIC #2 Version 32 at 0xFEC00000.
I/O APIC #3 Version 32 at 0xFEC80000.
I/O APIC #4 Version 32 at 0xFEC80400.
I/O APIC #5 Version 32 at 0xFEC81000.
I/O APIC #8 Version 32 at 0xFEC81400.
I/O APIC #9 Version 32 at 0xFEC82000.
I/O APIC #10 Version 32 at 0xFEC82400.
Processors: 2
Kernel command line: ro root=/dev/hda1 nmi_watchdog=1
Initializing CPU#0
Detected 2196.327 MHz processor.
Console: colour VGA+ 80x25
Calibrating delay loop... 4377.80 BogoMIPS
Memory: 2068592k/2096640k available (1216k kernel code, 27596k reserved, 1050k data, 108k init, 1179072k highmem)
kdb version 2.5 by Keith Owens, Scott Lurndal. Copyright SGI, All Rights Reserved
Dentry cache hash table entries: 262144 (order: 9, 2097152 bytes)
Inode cache hash table entries: 131072 (order: 8, 1048576 bytes)
Mount-cache hash table entries: 32768 (order: 6, 262144 bytes)
Buffer-cache hash table entries: 131072 (order: 7, 524288 bytes)
Page-cache hash table entries: 524288 (order: 9, 2097152 bytes)
CPU: Trace cache: 12K uops, L1 D cache: 8K
CPU: L2 cache: 512K
CPU: Physical Processor ID: 0
Intel machine check architecture supported.
Intel machine check reporting enabled on CPU#0.
CPU:     After generic, caps: 3febfbff 00000000 00000000 00000000
CPU:             Common caps: 3febfbff 00000000 00000000 00000000
Enabling fast FPU save and restore... done.
Enabling unmasked SIMD FPU exception support... done.
Checking 'hlt' instruction... OK.
POSIX conformance testing by UNIFIX
mtrr: v1.40 (20010327) Richard Gooch (rgooch@atnf.csiro.au)
mtrr: detected mtrr type: Intel
CPU: Trace cache: 12K uops, L1 D cache: 8K
CPU: L2 cache: 512K
CPU: Physical Processor ID: 0
Intel machine check reporting enabled on CPU#0.
CPU:     After generic, caps: 3febfbff 00000000 00000000 00000000
CPU:             Common caps: 3febfbff 00000000 00000000 00000000
CPU0: Intel(R) XEON(TM) CPU 2.20GHz stepping 04
per-CPU timeslice cutoff: 1462.49 usecs.
enabled ExtINT on CPU#0
ESR value before enabling vector: 00000000
ESR value after enabling vector: 00000000
Booting processor 1/6 eip 2000
Initializing CPU#1
masked ExtINT on CPU#1
ESR value before enabling vector: 00000000
ESR value after enabling vector: 00000000
Calibrating delay loop... 4390.91 BogoMIPS
CPU: Trace cache: 12K uops, L1 D cache: 8K
CPU: L2 cache: 512K
CPU: Physical Processor ID: 3
Intel machine check reporting enabled on CPU#1.
CPU:     After generic, caps: 3febfbff 00000000 00000000 00000000
CPU:             Common caps: 3febfbff 00000000 00000000 00000000
CPU1: Intel(R) XEON(TM) CPU 2.20GHz stepping 04
Total of 2 processors activated (8768.71 BogoMIPS).
WARNING: No sibling found for CPU 0.
WARNING: No sibling found for CPU 1.
ENABLING IO-APIC IRQs
Setting 2 in the phys_id_present_map
...changing IO-APIC physical APIC ID to 2 ... ok.
Setting 3 in the phys_id_present_map
...changing IO-APIC physical APIC ID to 3 ... ok.
Setting 4 in the phys_id_present_map
...changing IO-APIC physical APIC ID to 4 ... ok.
Setting 5 in the phys_id_present_map
...changing IO-APIC physical APIC ID to 5 ... ok.
Setting 8 in the phys_id_present_map
...changing IO-APIC physical APIC ID to 8 ... ok.
Setting 9 in the phys_id_present_map
...changing IO-APIC physical APIC ID to 9 ... ok.
Setting 10 in the phys_id_present_map
...changing IO-APIC physical APIC ID to 10 ... ok.
init IO_APIC IRQs
 IO-APIC (apicid-pin) 2-0, 2-10, 2-11, 2-20, 2-21, 2-22, 2-23, 3-0, 3-1, 3-2, 3-3, 3-4, 3-5, 3-6, 3-7, 3-8, 3-9, 3-10, 3-11, 3-12, 3-13, 3-14, 3-15, 3-16, 3-17, 3-18, 3-19, 3-20, 3-21, 3-22, 3-23, 4-0, 4-1, 4-2, 4-3, 4-4, 4-5, 4-6, 4-7, 4-8, 4-9, 4-10, 4-11, 4-12, 4-13, 4-14, 4-15, 4-16, 4-17, 4-18, 4-19, 4-20, 4-21, 4-22, 4-23, 5-0, 5-1, 5-2, 5-3, 5-4, 5-5, 5-6, 5-7, 5-8, 5-9, 5-10, 5-11, 5-12, 5-13, 5-14, 5-15, 5-16, 5-17, 5-18, 5-19, 5-20, 5-21, 5-22, 5-23, 8-0, 8-1, 8-2, 8-3, 8-4, 8-5, 8-6, 8-7, 8-8, 8-9, 8-10, 8-11, 8-12, 8-13, 8-14, 8-15, 8-16, 8-17, 8-18, 8-19, 8-20, 8-21, 8-22, 8-23, 9-1, 9-2, 9-3, 9-4, 9-5, 9-6, 9-7, 9-8, 9-9, 9-10, 9-11, 9-12, 9-13, 9-14, 9-15, 9-16, 9-17, 9-18, 9-19, 9-20, 9-21, 9-22, 9-23, 10-0, 10-1, 10-2, 10-3, 10-4, 10-5, 10-6, 10-7, 10-8, 10-9, 10-10, 10-11, 10-12, 10-13, 10-14, 10-15, 10-16, 10-17, 10-18, 10-19, 10-20, 10-21, 10-22, 10-23 not connected.
..TIMER: vector=0x31 pin1=2 pin2=0
activating NMI Watchdog ... done.
testing NMI watchdog ... OK.
number of MP IRQ sources: 21.
number of IO-APIC #2 registers: 24.
number of IO-APIC #3 registers: 24.
number of IO-APIC #4 registers: 24.
number of IO-APIC #5 registers: 24.
number of IO-APIC #8 registers: 24.
number of IO-APIC #9 registers: 24.
number of IO-APIC #10 registers: 24.
testing the IO APIC.......................
IO APIC #2......
.... register #00: 02008000
.......    : physical APIC id: 02
 WARNING: unexpected IO-APIC, please mail
          to linux-smp@vger.kernel.org
.... register #01: 00178020
.......     : max redirection entries: 0017
.......     : PRQ implemented: 1
.......     : IO APIC version: 0020
.... register #02: 00000000
.......     : arbitration: 00
.... IRQ redirection table:
 NR Log Phy Mask Trig IRR Pol Stat Dest Deli Vect:   
 00 000 00  1    0    0   0   0    0    0    00
 01 003 03  0    0    0   0   0    1    1    39
 02 003 03  0    0    0   0   0    1    1    31
 03 003 03  0    0    0   0   0    1    1    41
 04 003 03  0    0    0   0   0    1    1    49
 05 003 03  0    0    0   0   0    1    1    51
 06 003 03  0    0    0   0   0    1    1    59
 07 003 03  0    0    0   0   0    1    1    61
 08 003 03  0    0    0   0   0    1    1    69
 09 003 03  0    0    0   0   0    1    1    71
 0a 000 00  1    0    0   0   0    0    0    00
 0b 000 00  1    0    0   0   0    0    0    00
 0c 003 03  0    0    0   0   0    1    1    79
 0d 003 03  0    0    0   0   0    1    1    89
 0e 003 03  0    0    0   0   0    1    1    91
 0f 003 03  0    0    0   0   0    1    1    99
 10 003 03  1    1    0   1   0    1    1    A1
 11 003 03  1    1    0   1   0    1    1    A9
 12 003 03  1    1    0   1   0    1    1    B1
 13 003 03  1    1    0   1   0    1    1    B9
 14 000 00  1    0    0   0   0    0    0    00
 15 000 00  1    0    0   0   0    0    0    00
 16 000 00  1    0    0   0   0    0    0    00
 17 000 00  1    0    0   0   0    0    0    00
IO APIC #3......
.... register #00: 03000000
.......    : physical APIC id: 03
.... register #01: 00178020
.......     : max redirection entries: 0017
.......     : PRQ implemented: 1
.......     : IO APIC version: 0020
.... register #02: 03000000
.......     : arbitration: 03
.... IRQ redirection table:
 NR Log Phy Mask Trig IRR Pol Stat Dest Deli Vect:   
 00 000 00  1    0    0   0   0    0    0    00
 01 000 00  1    0    0   0   0    0    0    00
 02 000 00  1    0    0   0   0    0    0    00
 03 000 00  1    0    0   0   0    0    0    00
 04 000 00  1    0    0   0   0    0    0    00
 05 000 00  1    0    0   0   0    0    0    00
 06 000 00  1    0    0   0   0    0    0    00
 07 000 00  1    0    0   0   0    0    0    00
 08 000 00  1    0    0   0   0    0    0    00
 09 000 00  1    0    0   0   0    0    0    00
 0a 000 00  1    0    0   0   0    0    0    00
 0b 000 00  1    0    0   0   0    0    0    00
 0c 000 00  1    0    0   0   0    0    0    00
 0d 000 00  1    0    0   0   0    0    0    00
 0e 000 00  1    0    0   0   0    0    0    00
 0f 000 00  1    0    0   0   0    0    0    00
 10 000 00  1    0    0   0   0    0    0    00
 11 000 00  1    0    0   0   0    0    0    00
 12 000 00  1    0    0   0   0    0    0    00
 13 000 00  1    0    0   0   0    0    0    00
 14 000 00  1    0    0   0   0    0    0    00
 15 000 00  1    0    0   0   0    0    0    00
 16 000 00  1    0    0   0   0    0    0    00
 17 000 00  1    0    0   0   0    0    0    00
IO APIC #4......
.... register #00: 04000000
.......    : physical APIC id: 04
.... register #01: 00178020
.......     : max redirection entries: 0017
.......     : PRQ implemented: 1
.......     : IO APIC version: 0020
.... register #02: 04000000
.......     : arbitration: 04
.... IRQ redirection table:
 NR Log Phy Mask Trig IRR Pol Stat Dest Deli Vect:   
 00 000 00  1    0    0   0   0    0    0    00
 01 000 00  1    0    0   0   0    0    0    00
 02 000 00  1    0    0   0   0    0    0    00
 03 000 00  1    0    0   0   0    0    0    00
 04 000 00  1    0    0   0   0    0    0    00
 05 000 00  1    0    0   0   0    0    0    00
 06 000 00  1    0    0   0   0    0    0    00
 07 000 00  1    0    0   0   0    0    0    00
 08 000 00  1    0    0   0   0    0    0    00
 09 000 00  1    0    0   0   0    0    0    00
 0a 000 00  1    0    0   0   0    0    0    00
 0b 000 00  1    0    0   0   0    0    0    00
 0c 000 00  1    0    0   0   0    0    0    00
 0d 000 00  1    0    0   0   0    0    0    00
 0e 000 00  1    0    0   0   0    0    0    00
 0f 000 00  1    0    0   0   0    0    0    00
 10 000 00  1    0    0   0   0    0    0    00
 11 000 00  1    0    0   0   0    0    0    00
 12 000 00  1    0    0   0   0    0    0    00
 13 000 00  1    0    0   0   0    0    0    00
 14 000 00  1    0    0   0   0    0    0    00
 15 000 00  1    0    0   0   0    0    0    00
 16 000 00  1    0    0   0   0    0    0    00
 17 000 00  1    0    0   0   0    0    0    00
IO APIC #5......
.... register #00: 05000000
.......    : physical APIC id: 05
.... register #01: 00178020
.......     : max redirection entries: 0017
.......     : PRQ implemented: 1
.......     : IO APIC version: 0020
.... register #02: 05000000
.......     : arbitration: 05
.... IRQ redirection table:
 NR Log Phy Mask Trig IRR Pol Stat Dest Deli Vect:   
 00 000 00  1    0    0   0   0    0    0    00
 01 000 00  1    0    0   0   0    0    0    00
 02 000 00  1    0    0   0   0    0    0    00
 03 000 00  1    0    0   0   0    0    0    00
 04 000 00  1    0    0   0   0    0    0    00
 05 000 00  1    0    0   0   0    0    0    00
 06 000 00  1    0    0   0   0    0    0    00
 07 000 00  1    0    0   0   0    0    0    00
 08 000 00  1    0    0   0   0    0    0    00
 09 000 00  1    0    0   0   0    0    0    00
 0a 000 00  1    0    0   0   0    0    0    00
 0b 000 00  1    0    0   0   0    0    0    00
 0c 000 00  1    0    0   0   0    0    0    00
 0d 000 00  1    0    0   0   0    0    0    00
 0e 000 00  1    0    0   0   0    0    0    00
 0f 000 00  1    0    0   0   0    0    0    00
 10 000 00  1    0    0   0   0    0    0    00
 11 000 00  1    0    0   0   0    0    0    00
 12 000 00  1    0    0   0   0    0    0    00
 13 000 00  1    0    0   0   0    0    0    00
 14 000 00  1    0    0   0   0    0    0    00
 15 000 00  1    0    0   0   0    0    0    00
 16 000 00  1    0    0   0   0    0    0    00
 17 000 00  1    0    0   0   0    0    0    00
IO APIC #8......
.... register #00: 08000000
.......    : physical APIC id: 08
.... register #01: 00178020
.......     : max redirection entries: 0017
.......     : PRQ implemented: 1
.......     : IO APIC version: 0020
.... register #02: 08000000
.......     : arbitration: 08
.... IRQ redirection table:
 NR Log Phy Mask Trig IRR Pol Stat Dest Deli Vect:   
 00 000 00  1    0    0   0   0    0    0    00
 01 000 00  1    0    0   0   0    0    0    00
 02 000 00  1    0    0   0   0    0    0    00
 03 000 00  1    0    0   0   0    0    0    00
 04 000 00  1    0    0   0   0    0    0    00
 05 000 00  1    0    0   0   0    0    0    00
 06 000 00  1    0    0   0   0    0    0    00
 07 000 00  1    0    0   0   0    0    0    00
 08 000 00  1    0    0   0   0    0    0    00
 09 000 00  1    0    0   0   0    0    0    00
 0a 000 00  1    0    0   0   0    0    0    00
 0b 000 00  1    0    0   0   0    0    0    00
 0c 000 00  1    0    0   0   0    0    0    00
 0d 000 00  1    0    0   0   0    0    0    00
 0e 000 00  1    0    0   0   0    0    0    00
 0f 000 00  1    0    0   0   0    0    0    00
 10 000 00  1    0    0   0   0    0    0    00
 11 000 00  1    0    0   0   0    0    0    00
 12 000 00  1    0    0   0   0    0    0    00
 13 000 00  1    0    0   0   0    0    0    00
 14 000 00  1    0    0   0   0    0    0    00
 15 000 00  1    0    0   0   0    0    0    00
 16 000 00  1    0    0   0   0    0    0    00
 17 000 00  1    0    0   0   0    0    0    00
IO APIC #9......
.... register #00: 09000000
.......    : physical APIC id: 09
.... register #01: 00178020
.......     : max redirection entries: 0017
.......     : PRQ implemented: 1
.......     : IO APIC version: 0020
.... register #02: 09000000
.......     : arbitration: 09
.... IRQ redirection table:
 NR Log Phy Mask Trig IRR Pol Stat Dest Deli Vect:   
 00 003 03  1    1    0   1   0    1    1    C1
 01 000 00  1    0    0   0   0    0    0    00
 02 000 00  1    0    0   0   0    0    0    00
 03 000 00  1    0    0   0   0    0    0    00
 04 000 00  1    0    0   0   0    0    0    00
 05 000 00  1    0    0   0   0    0    0    00
 06 000 00  1    0    0   0   0    0    0    00
 07 000 00  1    0    0   0   0    0    0    00
 08 000 00  1    0    0   0   0    0    0    00
 09 000 00  1    0    0   0   0    0    0    00
 0a 000 00  1    0    0   0   0    0    0    00
 0b 000 00  1    0    0   0   0    0    0    00
 0c 000 00  1    0    0   0   0    0    0    00
 0d 000 00  1    0    0   0   0    0    0    00
 0e 000 00  1    0    0   0   0    0    0    00
 0f 000 00  1    0    0   0   0    0    0    00
 10 000 00  1    0    0   0   0    0    0    00
 11 000 00  1    0    0   0   0    0    0    00
 12 000 00  1    0    0   0   0    0    0    00
 13 000 00  1    0    0   0   0    0    0    00
 14 000 00  1    0    0   0   0    0    0    00
 15 000 00  1    0    0   0   0    0    0    00
 16 000 00  1    0    0   0   0    0    0    00
 17 000 00  1    0    0   0   0    0    0    00
IO APIC #10......
.... register #00: 0A000000
.......    : physical APIC id: 0A
.... register #01: 00178020
.......     : max redirection entries: 0017
.......     : PRQ implemented: 1
.......     : IO APIC version: 0020
.... register #02: 0A000000
.......     : arbitration: 0A
.... IRQ redirection table:
 NR Log Phy Mask Trig IRR Pol Stat Dest Deli Vect:   
 00 000 00  1    0    0   0   0    0    0    00
 01 000 00  1    0    0   0   0    0    0    00
 02 000 00  1    0    0   0   0    0    0    00
 03 000 00  1    0    0   0   0    0    0    00
 04 000 00  1    0    0   0   0    0    0    00
 05 000 00  1    0    0   0   0    0    0    00
 06 000 00  1    0    0   0   0    0    0    00
 07 000 00  1    0    0   0   0    0    0    00
 08 000 00  1    0    0   0   0    0    0    00
 09 000 00  1    0    0   0   0    0    0    00
 0a 000 00  1    0    0   0   0    0    0    00
 0b 000 00  1    0    0   0   0    0    0    00
 0c 000 00  1    0    0   0   0    0    0    00
 0d 000 00  1    0    0   0   0    0    0    00
 0e 000 00  1    0    0   0   0    0    0    00
 0f 000 00  1    0    0   0   0    0    0    00
 10 000 00  1    0    0   0   0    0    0    00
 11 000 00  1    0    0   0   0    0    0    00
 12 000 00  1    0    0   0   0    0    0    00
 13 000 00  1    0    0   0   0    0    0    00
 14 000 00  1    0    0   0   0    0    0    00
 15 000 00  1    0    0   0   0    0    0    00
 16 000 00  1    0    0   0   0    0    0    00
 17 000 00  1    0    0   0   0    0    0    00
IRQ to pin mappings:
IRQ0 -> 0:2
IRQ1 -> 0:1
IRQ3 -> 0:3
IRQ4 -> 0:4
IRQ5 -> 0:5
IRQ6 -> 0:6
IRQ7 -> 0:7
IRQ8 -> 0:8
IRQ9 -> 0:9
IRQ12 -> 0:12
IRQ13 -> 0:13
IRQ14 -> 0:14
IRQ15 -> 0:15
IRQ16 -> 0:16
IRQ17 -> 0:17
IRQ18 -> 0:18
IRQ19 -> 0:19
IRQ120 -> 5:0
.................................... done.
Using local APIC timer interrupts.
calibrating APIC timer ...
..... CPU clock speed is 2196.2880 MHz.
..... host bus clock speed is 99.8312 MHz.
cpu: 0, clocks: 998312, slice: 332770
CPU0<T0:998304,T1:665520,D:14,S:332770,C:998312>
cpu: 1, clocks: 998312, slice: 332770
CPU1<T0:998304,T1:332752,D:12,S:332770,C:998312>
checking TSC synchronization across CPUs: passed.
Waiting on wait_init_idle (map = 0x2)
All processors have done init_idle
mtrr: your CPUs had inconsistent fixed MTRR settings
mtrr: probably your BIOS does not setup all CPUs
PCI: PCI BIOS revision 2.10 entry at 0xfd875, last bus=10
PCI: Using configuration type 1
PCI: Probing PCI hardware
Transparent bridge - Intel Corp. 82801BA/CA/DB PCI Bridge
PCI: Using IRQ router PIIX [8086/2480] at 00:1f.0
PCI->APIC IRQ transform: (B0,I29,P0) -> 16
PCI->APIC IRQ transform: (B0,I29,P1) -> 19
PCI->APIC IRQ transform: (B0,I29,P2) -> 18
PCI->APIC IRQ transform: (B9,I1,P0) -> 120
PCI->APIC IRQ transform: (B10,I1,P0) -> 16
PCI->APIC IRQ transform: (B10,I2,P0) -> 17
PCI->APIC IRQ transform: (B10,I3,P0) -> 18
Linux NET4.0 for Linux 2.4
Based upon Swansea University Computer Society NET3.039
Initializing RT netlink socket
Starting kswapd
allocated 32 pages and 32 bhs reserved for the highmem bounces
VFS: Diskquotas version dquot_6.4.0 initialized
Journalled Block Device driver loaded
Detected PS/2 Mouse Port.
pty: 256 Unix98 ptys configured
Serial driver version 5.05c (2001-07-08) with MANY_PORTS SHARE_IRQ SERIAL_PCI enabled
keyboard: Timeout - AT keyboard not present?(ed)
keyboard: Timeout - AT keyboard not present?(f4)
ttyS00 at 0x03f8 (irq = 4) is a 16550A
ttyS01 at 0x02f8 (irq = 3) is a 16550A
Real Time Clock Driver v1.10e
Uniform Multi-Platform E-IDE driver Revision: 6.31
ide: Assuming 33MHz system bus speed for PIO modes; override with idebus=xx
ICH3: IDE controller on PCI bus 00 dev f9
PCI: Device 00:1f.1 not available because of resource collisions
PCI: No IRQ known for interrupt pin A of device 00:1f.1. Probably buggy MP table.
ICH3: BIOS setup was incomplete.
ICH3: chipset revision 2
ICH3: not 100% native mode: will probe irqs later
    ide0: BM-DMA at 0x2060-0x2067, BIOS settings: hda:pio, hdb:pio
    ide1: BM-DMA at 0x2068-0x206f, BIOS settings: hdc:pio, hdd:pio
hda: WDC WD800AB-00CBA1, ATA DISK drive
ide0 at 0x1f0-0x1f7,0x3f6 on irq 14
blk: queue c03ba2e4, I/O limit 4095Mb (mask 0xffffffff)
hda: 156301488 sectors (80026 MB) w/2048KiB Cache, CHS=155061/16/63, UDMA(100)
Partition check:
 hda: hda1 hda2 hda3 hda4 < hda5 >
Floppy drive(s): fd0 is 1.44M
FDC 0 is a post-1991 82077
RAMDISK driver initialized: 16 RAM disks of 4096K size 1024 blocksize
SCSI subsystem driver Revision: 1.00
md: md driver 0.90.0 MAX_MD_DEVS=256, MD_SB_DISKS=27
md: Autodetecting RAID arrays.
md: autorun ...
md: ... autorun DONE.
pci_hotplug: PCI Hot Plug PCI Core version: 0.5
NET4: Linux TCP/IP 1.0 for NET4.0
IP Protocols: ICMP, UDP, TCP, IGMP
IP: routing cache hash table of 16384 buckets, 128Kbytes
TCP: Hash tables configured (established 262144 bind 65536)
NET4: Unix domain sockets 1.0/SMP for Linux NET4.0.
kjournald starting.  Commit interval 5 seconds
EXT3-fs: mounted filesystem with ordered data mode.
VFS: Mounted root (ext3 filesystem) readonly.
Freeing unused kernel memory: 108k freed
Adding Swap: 2096128k swap-space (priority -1)
EXT3 FS 2.4-0.9.19, 19 August 2002 on ide0(3,1), internal journal
kjournald starting.  Commit interval 5 seconds
EXT3 FS 2.4-0.9.19, 19 August 2002 on ide0(3,5), internal journal
EXT3-fs: mounted filesystem with ordered data mode.
hda: DMA disabled
00:00.0 Host bridge: Intel Corp. e7500 DRAM Controller (rev 03)
00:00.1 Class ff00: Intel Corp. e7500 DRAM Controller Error Reporting (rev 03)
00:02.0 PCI bridge: Intel Corp. e7500 HI_B Virtual PCI-to-PCI Bridge (F0) (rev 03)
00:03.0 PCI bridge: Intel Corp. e7500 HI_C Virtual PCI-to-PCI Bridge (F0) (rev 03)
00:04.0 PCI bridge: Intel Corp. e7500 HI_D Virtual PCI-to-PCI Bridge (F0) (rev 03)
00:1d.0 USB Controller: Intel Corp. 82801CA/CAM USB (Hub #1) (rev 02)
00:1d.1 USB Controller: Intel Corp. 82801CA/CAM USB (Hub #2) (rev 02)
00:1d.2 USB Controller: Intel Corp. 82801CA/CAM USB (Hub #3) (rev 02)
00:1e.0 PCI bridge: Intel Corp. 82801BA/CA PCI Bridge (rev 42)
00:1f.0 ISA bridge: Intel Corp. 82801CA ISA Bridge (LPC) (rev 02)
00:1f.1 IDE interface: Intel Corp. 82801CA IDE U100 (rev 02)
00:1f.3 SMBus: Intel Corp. 82801CA/CAM SMBus (rev 02)
01:1c.0 PIC: Intel Corp. 82870P2 P64H2 I/OxAPIC (rev 03)
01:1d.0 PCI bridge: Intel Corp. 82870P2 P64H2 Hub PCI Bridge (rev 03)
01:1e.0 PIC: Intel Corp. 82870P2 P64H2 I/OxAPIC (rev 03)
01:1f.0 PCI bridge: Intel Corp. 82870P2 P64H2 Hub PCI Bridge (rev 03)
04:1c.0 PIC: Intel Corp. 82870P2 P64H2 I/OxAPIC (rev 03)
04:1d.0 PCI bridge: Intel Corp. 82870P2 P64H2 Hub PCI Bridge (rev 03)
04:1e.0 PIC: Intel Corp. 82870P2 P64H2 I/OxAPIC (rev 03)
04:1f.0 PCI bridge: Intel Corp. 82870P2 P64H2 Hub PCI Bridge (rev 03)
07:1c.0 PIC: Intel Corp. 82870P2 P64H2 I/OxAPIC (rev 03)
07:1d.0 PCI bridge: Intel Corp. 82870P2 P64H2 Hub PCI Bridge (rev 03)
07:1e.0 PIC: Intel Corp. 82870P2 P64H2 I/OxAPIC (rev 03)
07:1f.0 PCI bridge: Intel Corp. 82870P2 P64H2 Hub PCI Bridge (rev 03)
09:01.0 Bridge: Dolphin Interconnect Solutions AS PSB66 SCI-Adapter D33x
0a:01.0 VGA compatible controller: ATI Technologies Inc Rage XL (rev 27)
0a:02.0 Ethernet controller: Intel Corp. 82557/8/9 [Ethernet Pro 100] (rev 0d)
0a:03.0 Ethernet controller: Intel Corp. 82557/8/9 [Ethernet Pro 100] (rev 0d)