Date: Fri, 9 Feb 2007 16:48:18 -0500
From: "Keenan Pepper" <>
Subject: More ICH7 PATA freezes with ata_piix
Sender: linux-kernel-owner@vger.kernel.org
Precedence: bulk
List-ID: <linux-kernel.vger.kernel.org>
X-Mailing-List: linux-kernel@vger.kernel.org
X-Lkml-Link: https://lkml.org/lkml/2007/2/9/316

I said earlier that the hard disk freezes I was experiencing stopped
whenever a readable disk was in the optical drive, and indeed I didn't
notice any for several days, but just now I definitely had a freeze
with a CD in the drive. The dmesg looks indistinguishable to me, but
then I'm not a kernel hacker.
Should I open a bug about this, or talk to the HAL people, or what?
dmesg and lspci -vvx attached
Keenan Pepper
[    0.000000] Linux version 2.6.20-6-generic (root@palmer) (gcc version 4.1.2 20070106 (prerelease) (Ubuntu 4.1.1-21ubuntu7)) #2 SMP Wed Jan 31 20:53:39 UTC 2007 (Ubuntu 2.6.20-6.11-generic)
[    0.000000] BIOS-provided physical RAM map:
[    0.000000] sanitize start
[    0.000000] sanitize end
[    0.000000] copy_e820_map() start: 0000000000000000 size: 000000000009fc00 end: 000000000009fc00 type: 1
[    0.000000] copy_e820_map() type is E820_RAM
[    0.000000] copy_e820_map() start: 000000000009fc00 size: 0000000000000400 end: 00000000000a0000 type: 2
[    0.000000] copy_e820_map() start: 00000000000e0000 size: 0000000000020000 end: 0000000000100000 type: 2
[    0.000000] copy_e820_map() start: 0000000000100000 size: 000000001f6c0000 end: 000000001f7c0000 type: 1
[    0.000000] copy_e820_map() type is E820_RAM
[    0.000000] copy_e820_map() start: 000000001f7c0000 size: 000000000000e000 end: 000000001f7ce000 type: 3
[    0.000000] copy_e820_map() start: 000000001f7ce000 size: 0000000000032000 end: 000000001f800000 type: 4
[    0.000000] copy_e820_map() start: 00000000fee00000 size: 0000000000001000 end: 00000000fee01000 type: 2
[    0.000000] copy_e820_map() start: 00000000ffb80000 size: 0000000000480000 end: 0000000100000000 type: 2
[    0.000000]  BIOS-e820: 0000000000000000 - 000000000009fc00 (usable)
[    0.000000]  BIOS-e820: 000000000009fc00 - 00000000000a0000 (reserved)
[    0.000000]  BIOS-e820: 00000000000e0000 - 0000000000100000 (reserved)
[    0.000000]  BIOS-e820: 0000000000100000 - 000000001f7c0000 (usable)
[    0.000000]  BIOS-e820: 000000001f7c0000 - 000000001f7ce000 (ACPI data)
[    0.000000]  BIOS-e820: 000000001f7ce000 - 000000001f800000 (ACPI NVS)
[    0.000000]  BIOS-e820: 00000000fee00000 - 00000000fee01000 (reserved)
[    0.000000]  BIOS-e820: 00000000ffb80000 - 0000000100000000 (reserved)
[    0.000000] 0MB HIGHMEM available.
[    0.000000] 503MB LOWMEM available.
[    0.000000] found SMP MP-table at 000ff780
[    0.000000] Entering add_active_range(0, 0, 128960) 0 entries of 256 used
[    0.000000] Zone PFN ranges:
[    0.000000]   DMA             0 ->     4096
[    0.000000]   Normal       4096 ->   128960
[    0.000000]   HighMem    128960 ->   128960
[    0.000000] early_node_map[1] active PFN ranges
[    0.000000]     0:        0 ->   128960
[    0.000000] On node 0 totalpages: 128960
[    0.000000]   DMA zone: 32 pages used for memmap
[    0.000000]   DMA zone: 0 pages reserved
[    0.000000]   DMA zone: 4064 pages, LIFO batch:0
[    0.000000]   Normal zone: 975 pages used for memmap
[    0.000000]   Normal zone: 123889 pages, LIFO batch:31
[    0.000000]   HighMem zone: 0 pages used for memmap
[    0.000000] DMI 2.3 present.
[    0.000000] ACPI: RSDP (v000 ACPIAM                                ) @ 0x000f7a20
[    0.000000] ACPI: RSDT (v001 A.M.I. OEMRSDT  0x10000623 MSFT 0x00000097) @ 0x1f7c0000
[    0.000000] ACPI: FADT (v002 A.M.I. OEMFACP  0x10000623 MSFT 0x00000097) @ 0x1f7c0200
[    0.000000] ACPI: MADT (v001 A.M.I. OEMAPIC  0x10000623 MSFT 0x00000097) @ 0x1f7c0390
[    0.000000] ACPI: MCFG (v001 A.M.I. OEMMCFG  0x10000623 MSFT 0x00000097) @ 0x1f7c03f0
[    0.000000] ACPI: BOOT (v001 A.M.I. OEMBOOT  0x10000623 MSFT 0x00000097) @ 0x1f7c0430
[    0.000000] ACPI: OEMB (v001 A.M.I. AMI_OEM  0x10000623 MSFT 0x00000097) @ 0x1f7ce040
[    0.000000] ACPI: TCPA (v001 A.M.I. TBLOEMID 0x00000001 MSFT 0x00000097) @ 0x1f7c8130
[    0.000000]   >>> ERROR: Invalid checksum
[    0.000000] ACPI: DSDT (v001  Z62FP Z62FP101 0x00000101 INTL 0x02002026) @ 0x00000000
[    0.000000] ACPI: PM-Timer IO Port: 0x808
[    0.000000] ACPI: Local APIC address 0xfee00000
[    0.000000] ACPI: LAPIC (acpi_id[0x01] lapic_id[0x00] enabled)
[    0.000000] Processor #0 6:15 APIC version 20
[    0.000000] ACPI: LAPIC (acpi_id[0x02] lapic_id[0x01] enabled)
[    0.000000] Processor #1 6:15 APIC version 20
[    0.000000] ACPI: IOAPIC (id[0x02] address[0xfec00000] gsi_base[0])
[    0.000000] IOAPIC[0]: apic_id 2, version 32, address 0xfec00000, GSI 0-23
[    0.000000] ACPI: INT_SRC_OVR (bus 0 bus_irq 0 global_irq 2 dfl dfl)
[    0.000000] ACPI: INT_SRC_OVR (bus 0 bus_irq 9 global_irq 9 high level)
[    0.000000] ACPI: IRQ0 used by override.
[    0.000000] ACPI: IRQ2 used by override.
[    0.000000] ACPI: IRQ9 used by override.
[    0.000000] Enabling APIC mode:  Flat.  Using 1 I/O APICs
[    0.000000] Using ACPI (MADT) for SMP configuration information
[    0.000000] Allocating PCI resources starting at 20000000 (gap: 1f800000:df600000)
[    0.000000] Detected 1662.724 MHz processor.
[   23.058317] Built 1 zonelists.  Total pages: 127953
[   23.058322] Kernel command line: root=UUID=24fe414d-3087-4e5e-a458-33e4606edc52 ro pci=assign-busses quiet splash
[   23.058571] mapped APIC to ffffd000 (fee00000)
[   23.058575] mapped IOAPIC to ffffc000 (fec00000)
[   23.058579] Enabling fast FPU save and restore... done.
[   23.058583] Enabling unmasked SIMD FPU exception support... done.
[   23.058592] Initializing CPU#0
[   23.058674] PID hash table entries: 2048 (order: 11, 8192 bytes)
[   23.060393] Console: colour VGA+ 80x25
[   23.060563] Dentry cache hash table entries: 65536 (order: 6, 262144 bytes)
[   23.060779] Inode-cache hash table entries: 32768 (order: 5, 131072 bytes)
[   23.074766] Memory: 500708k/515840k available (1975k kernel code, 14548k reserved, 878k data, 324k init, 0k highmem)
[   23.074780] virtual kernel memory layout:
[   23.074781]     fixmap  : 0xfff4e000 - 0xfffff000   ( 708 kB)
[   23.074783]     pkmap   : 0xff800000 - 0xffc00000   (4096 kB)
[   23.074785]     vmalloc : 0xe0000000 - 0xff7fe000   ( 503 MB)
[   23.074787]     lowmem  : 0xc0000000 - 0xdf7c0000   ( 503 MB)
[   23.074788]       .init : 0xc03cf000 - 0xc0420000   ( 324 kB)
[   23.074790]       .data : 0xc02edd14 - 0xc03c96d4   ( 878 kB)
[   23.074792]       .text : 0xc0100000 - 0xc02edd14   (1975 kB)
[   23.074796] Checking if this processor honours the WP bit even in supervisor mode... Ok.
[   23.154542] Calibrating delay using timer specific routine.. 3329.55 BogoMIPS (lpj=6659116)
[   23.154597] Security Framework v1.0.0 initialized
[   23.154603] SELinux:  Disabled at boot.
[   23.154626] Mount-cache hash table entries: 512
[   23.154800] CPU: After generic identify, caps: bfebfbff 20000000 00000000 00000000 0000e39d 00000000 00000001
[   23.154812] monitor/mwait feature present.
[   23.154815] using mwait in idle threads.
[   23.154821] CPU: L1 I cache: 32K, L1 D cache: 32K
[   23.154825] CPU: L2 cache: 2048K
[   23.154829] CPU: Physical Processor ID: 0
[   23.154831] CPU: Processor Core ID: 0
[   23.154834] CPU: After all inits, caps: bfebfbff 20000000 00000000 00003940 0000e39d 00000000 00000001
[   23.154860] Checking 'hlt' instruction... OK.
[   23.170655] SMP alternatives: switching to UP code
[   23.171011] ACPI: Core revision 20060707
[   23.189938] CPU0: Intel(R) Core(TM)2 CPU         T5500  @ 1.66GHz stepping 06
[   23.189962] SMP alternatives: switching to SMP code
[   23.189992] Booting processor 1/1 eip 3000
[   23.200547] Initializing CPU#1
[   23.278357] Calibrating delay using timer specific routine.. 3325.30 BogoMIPS (lpj=6650606)
[   23.278367] CPU: After generic identify, caps: bfebfbff 20000000 00000000 00000000 0000e39d 00000000 00000001
[   23.278375] monitor/mwait feature present.
[   23.278379] CPU: L1 I cache: 32K, L1 D cache: 32K
[   23.278382] CPU: L2 cache: 2048K
[   23.278385] CPU: Physical Processor ID: 0
[   23.278388] CPU: Processor Core ID: 1
[   23.278390] CPU: After all inits, caps: bfebfbff 20000000 00000000 00003940 0000e39d 00000000 00000001
[   23.279076] CPU1: Intel(R) Core(TM)2 CPU         T5500  @ 1.66GHz stepping 06
[   23.279108] Total of 2 processors activated (6654.86 BogoMIPS).
[   23.279310] ENABLING IO-APIC IRQs
[   23.279525] ..TIMER: vector=0x31 apic1=0 pin1=2 apic2=-1 pin2=-1
[   23.426157] checking TSC synchronization across 2 CPUs: passed.
[    0.003989] Brought up 2 CPUs
[    0.143700] migration_cost=51
[    0.144111] Booting paravirtualized kernel on bare hardware
[    0.144204] NET: Registered protocol family 16
[    0.144323] EISA bus registered
[    0.144329] ACPI: bus type pci registered
[    0.144341] PCI: BIOS Bug: MCFG area at e0000000 is not E820-reserved
[    0.144403] PCI: Not using MMCONFIG.
[    0.144674] PCI: PCI BIOS revision 3.00 entry at 0xf0031, last bus=4
[    0.144677] PCI: Using configuration type 1
[    0.144680] Setting up standard PCI resources
[    0.156900] APIC error on CPU1: 00(40)
[    0.218283] ACPI: Interpreter enabled
[    0.218287] ACPI: Using IOAPIC for interrupt routing
[    0.220220] ACPI: PCI Root Bridge [PCI0] (0000:00)
[    0.220233] PCI: Probing PCI hardware (bus 00)
[    0.220773] Boot video device is 0000:00:02.0
[    0.221561] PCI quirk: region 0800-087f claimed by ICH6 ACPI/GPIO/TCO
[    0.221568] PCI quirk: region 0480-04bf claimed by ICH6 GPIO
[    0.222868] PCI: Transparent bridge - 0000:00:1e.0
[    0.222987] ACPI: PCI Interrupt Routing Table [\_SB_.PCI0._PRT]
[    0.258498] ACPI: PCI Interrupt Routing Table [\_SB_.PCI0.P0P3._PRT]
[    0.259948] ACPI: PCI Interrupt Routing Table [\_SB_.PCI0.P0P1._PRT]
[    0.260539] ACPI: PCI Interrupt Routing Table [\_SB_.PCI0.P0P2._PRT]
[    0.262754] ACPI: PCI Interrupt Link [LNKA] (IRQs 3 4 5 6 7 *11 12)
[    0.263288] ACPI: PCI Interrupt Link [LNKB] (IRQs 3 4 *5 6 7 12)
[    0.263831] ACPI: PCI Interrupt Link [LNKC] (IRQs 3 4 5 *6 7 12)
[    0.264361] ACPI: PCI Interrupt Link [LNKD] (IRQs 3 *4 5 6 7 12)
[    0.264887] ACPI: PCI Interrupt Link [LNKE] (IRQs 3 4 5 6 7 12) *0, disabled.
[    0.265424] ACPI: PCI Interrupt Link [LNKF] (IRQs 3 4 5 6 7 12) *0, disabled.
[    0.265951] ACPI: PCI Interrupt Link [LNKG] (IRQs 3 4 5 6 7 12) *0, disabled.
[    0.266480] ACPI: PCI Interrupt Link [LNKH] (IRQs *3 4 5 6 7 12)
[    0.267096] Linux Plug and Play Support v0.97 (c) Adam Belay
[    0.267109] pnp: PnP ACPI init
[    0.272248] pnp: PnP ACPI: found 14 devices
[    0.272254] PnPBIOS: Disabled by ACPI PNP
[    0.272316] PCI: Using ACPI for IRQ routing
[    0.272320] PCI: If a device doesn't work, try "pci=routeirq".  If it helps, post a report
[    0.300870] pnp: 00:09: ioport range 0xa00-0xa0f has been reserved
[    0.300883] pnp: 00:0b: ioport range 0x250-0x25f has been reserved
[    0.301301] PCI: Ignore bogus resource 6 [0:0] of 0000:00:02.0
[    0.301306] PCI: Bridge: 0000:00:1c.0
[    0.301309]   IO window: disabled.
[    0.301316]   MEM window: disabled.
[    0.301322]   PREFETCH window: disabled.
[    0.301330] PCI: Bridge: 0000:00:1c.1
[    0.301332]   IO window: disabled.
[    0.301340]   MEM window: fdf00000-fdffffff
[    0.301346]   PREFETCH window: disabled.
[    0.301368] PCI: Bus 4, cardbus bridge: 0000:03:01.0
[    0.301371]   IO window: 0000c000-0000c0ff
[    0.301378]   IO window: 0000c400-0000c4ff
[    0.301384]   PREFETCH window: 20000000-23ffffff
[    0.301391]   MEM window: 24000000-27ffffff
[    0.301397] PCI: Bridge: 0000:00:1e.0
[    0.301402]   IO window: c000-dfff
[    0.301410]   MEM window: fe000000-fe8fffff
[    0.301417]   PREFETCH window: bdf00000-bfefffff
[    0.301453] ACPI: PCI Interrupt 0000:00:1c.0[A] -> GSI 16 (level, low) -> IRQ 16
[    0.301463] PCI: Setting latency timer of device 0000:00:1c.0 to 64
[    0.301493] ACPI: PCI Interrupt 0000:00:1c.1[B] -> GSI 17 (level, low) -> IRQ 17
[    0.301502] PCI: Setting latency timer of device 0000:00:1c.1 to 64
[    0.301520] PCI: Setting latency timer of device 0000:00:1e.0 to 64
[    0.301540] ACPI: PCI Interrupt 0000:03:01.0[A] -> GSI 17 (level, low) -> IRQ 17
[    0.301582] NET: Registered protocol family 2
[    0.343554] IP route cache hash table entries: 4096 (order: 2, 16384 bytes)
[    0.343672] TCP established hash table entries: 16384 (order: 5, 131072 bytes)
[    0.343760] TCP bind hash table entries: 8192 (order: 4, 65536 bytes)
[    0.343806] TCP: Hash tables configured (established 16384 bind 8192)
[    0.343810] TCP reno registered
[    0.355647] checking if image is initramfs... it is
[    1.331906] Freeing initrd memory: 6427k freed
[    1.332155] Simple Boot Flag at 0x52 set to 0x1
[    1.332839] audit: initializing netlink socket (disabled)
[    1.332862] audit(1171055620.724:1): initialized
[    1.333119] VFS: Disk quotas dquot_6.5.1
[    1.333152] Dquot-cache hash table entries: 1024 (order 0, 4096 bytes)
[    1.333222] io scheduler noop registered
[    1.333226] io scheduler anticipatory registered
[    1.333230] io scheduler deadline registered
[    1.333247] io scheduler cfq registered (default)
[    1.333572] PCI: Setting latency timer of device 0000:00:1c.0 to 64
[    1.333645] assign_interrupt_mode Found MSI capability
[    1.333716] Allocate Port Service[0000:00:1c.0:pcie00]
[    1.333771] Allocate Port Service[0000:00:1c.0:pcie02]
[    1.333950] PCI: Setting latency timer of device 0000:00:1c.1 to 64
[    1.334039] assign_interrupt_mode Found MSI capability
[    1.334095] Allocate Port Service[0000:00:1c.1:pcie00]
[    1.334146] Allocate Port Service[0000:00:1c.1:pcie02]
[    1.334405] isapnp: Scanning for PnP cards...
[    1.688111] isapnp: No Plug & Play device found
[    1.722323] Real Time Clock Driver v1.12ac
[    1.722415] Serial: 8250/16550 driver $Revision: 1.90 $ 4 ports, IRQ sharing enabled
[    1.723443] mice: PS/2 mouse device common for all mice
[    1.724328] RAMDISK driver initialized: 16 RAM disks of 65536K size 1024 blocksize
[    1.724475] Uniform Multi-Platform E-IDE driver Revision: 7.00alpha2
[    1.724480] ide: Assuming 33MHz system bus speed for PIO modes; override with idebus=xx
[    1.724847] PNP: PS/2 Controller [PNP0303:PS2K,PNP0f03:PS2M] at 0x60,0x64 irq 1,12
[    1.726551] i8042.c: Detected active multiplexing controller, rev 1.1.
[    1.727516] serio: i8042 KBD port at 0x60,0x64 irq 1
[    1.727522] serio: i8042 AUX0 port at 0x60,0x64 irq 12
[    1.727526] serio: i8042 AUX1 port at 0x60,0x64 irq 12
[    1.727530] serio: i8042 AUX2 port at 0x60,0x64 irq 12
[    1.727534] serio: i8042 AUX3 port at 0x60,0x64 irq 12
[    1.727685] EISA: Probing bus 0 at eisa.0
[    1.727734] EISA: Detected 0 cards.
[    1.757820] TCP cubic registered
[    1.757833] NET: Registered protocol family 1
[    1.757841] NET: Registered protocol family 8
[    1.757844] NET: Registered protocol family 20
[    1.757896] Starting balanced_irq
[    1.757905] Using IPI No-Shortcut mode
[    1.758063] ACPI: (supports S0 S1 S3 S4 S5)
[    1.758339] Freeing unused kernel memory: 324k freed
[    1.759634] input: AT Translated Set 2 keyboard as /class/input/input0
[    1.761385] Time: tsc clocksource has been installed.
[    3.052489] Capability LSM initialized
[    3.100068] ACPI (exconfig-0455): Dynamic SSDT Load - OemId [   AMI] OemTableId [  CPU1PM] [20060707]
[    3.100572] ACPI: CPU0 (power states: C1[C1] C2[C2] C3[C3] C4[C3])
[    3.100581] ACPI: Processor [CPU1] (supports 8 throttling states)
[    3.101233] ACPI (exconfig-0455): Dynamic SSDT Load - OemId [   AMI] OemTableId [  CPU2PM] [20060707]
[    3.101685] ACPI: CPU1 (power states: C1[C1] C2[C2] C3[C3] C4[C3])
[    3.101695] ACPI: Processor [CPU2] (supports 8 throttling states)
[    3.316000] ACPI: Thermal Zone [THRM] (37 C)
[    3.320000] Time: acpi_pm clocksource has been installed.
[    3.808000] usbcore: registered new interface driver usbfs
[    3.808000] usbcore: registered new interface driver hub
[    3.808000] usbcore: registered new device driver usb
[    3.808000] USB Universal Host Controller Interface driver v3.0
[    3.808000] ACPI: PCI Interrupt 0000:00:1d.0[A] -> GSI 23 (level, low) -> IRQ 18
[    3.808000] PCI: Setting latency timer of device 0000:00:1d.0 to 64
[    3.808000] uhci_hcd 0000:00:1d.0: UHCI Host Controller
[    3.808000] uhci_hcd 0000:00:1d.0: new USB bus registered, assigned bus number 1
[    3.808000] uhci_hcd 0000:00:1d.0: irq 18, io base 0x0000e880
[    3.808000] usb usb1: configuration #1 chosen from 1 choice
[    3.808000] hub 1-0:1.0: USB hub found
[    3.808000] hub 1-0:1.0: 2 ports detected
[    3.820000] SCSI subsystem initialized
[    3.848000] libata version 2.00 loaded.
[    3.912000] ACPI: PCI Interrupt 0000:00:1d.1[B] -> GSI 19 (level, low) -> IRQ 19
[    3.912000] PCI: Setting latency timer of device 0000:00:1d.1 to 64
[    3.912000] uhci_hcd 0000:00:1d.1: UHCI Host Controller
[    3.912000] uhci_hcd 0000:00:1d.1: new USB bus registered, assigned bus number 2
[    3.912000] uhci_hcd 0000:00:1d.1: irq 19, io base 0x0000e800
[    3.912000] usb usb2: configuration #1 chosen from 1 choice
[    3.912000] hub 2-0:1.0: USB hub found
[    3.912000] hub 2-0:1.0: 2 ports detected
[    3.924000] ieee1394: Initialized config rom entry `ip1394'
[    4.016000] ACPI: PCI Interrupt 0000:00:1d.2[C] -> GSI 18 (level, low) -> IRQ 20
[    4.016000] PCI: Setting latency timer of device 0000:00:1d.2 to 64
[    4.016000] uhci_hcd 0000:00:1d.2: UHCI Host Controller
[    4.016000] uhci_hcd 0000:00:1d.2: new USB bus registered, assigned bus number 3
[    4.016000] uhci_hcd 0000:00:1d.2: irq 20, io base 0x0000e480
[    4.016000] usb usb3: configuration #1 chosen from 1 choice
[    4.016000] hub 3-0:1.0: USB hub found
[    4.016000] hub 3-0:1.0: 2 ports detected
[    4.120000] ACPI: PCI Interrupt 0000:00:1d.3[D] -> GSI 16 (level, low) -> IRQ 16
[    4.120000] PCI: Setting latency timer of device 0000:00:1d.3 to 64
[    4.120000] uhci_hcd 0000:00:1d.3: UHCI Host Controller
[    4.120000] uhci_hcd 0000:00:1d.3: new USB bus registered, assigned bus number 4
[    4.120000] uhci_hcd 0000:00:1d.3: irq 16, io base 0x0000e400
[    4.120000] usb usb4: configuration #1 chosen from 1 choice
[    4.120000] hub 4-0:1.0: USB hub found
[    4.120000] hub 4-0:1.0: 2 ports detected
[    4.224000] ACPI: PCI Interrupt 0000:00:1d.7[A] -> GSI 23 (level, low) -> IRQ 18
[    4.224000] PCI: Setting latency timer of device 0000:00:1d.7 to 64
[    4.224000] ehci_hcd 0000:00:1d.7: EHCI Host Controller
[    4.224000] ehci_hcd 0000:00:1d.7: new USB bus registered, assigned bus number 5
[    4.224000] ehci_hcd 0000:00:1d.7: debug port 1
[    4.224000] PCI: cache line size of 32 is not supported by device 0000:00:1d.7
[    4.224000] ehci_hcd 0000:00:1d.7: irq 18, io mem 0xfeb3bc00
[    4.228000] ehci_hcd 0000:00:1d.7: USB 2.0 started, EHCI 1.00, driver 10 Dec 2004
[    4.228000] usb usb5: configuration #1 chosen from 1 choice
[    4.228000] hub 5-0:1.0: USB hub found
[    4.228000] hub 5-0:1.0: 8 ports detected
[    4.332000] r8169 Gigabit Ethernet driver 2.2LK loaded
[    4.332000] ACPI: PCI Interrupt 0000:03:07.0[A] -> GSI 16 (level, low) -> IRQ 16
[    4.332000] eth0: RTL8169sb/8110sb at 0xe00b8c00, 00:18:f3:e6:e4:f8, IRQ 16
[    4.332000] ACPI: PCI Interrupt 0000:03:01.1[B] -> GSI 18 (level, low) -> IRQ 20
[    4.384000] ohci1394: fw-host0: OHCI-1394 1.0 (PCI): IRQ=[20]  MMIO=[fe8ff800-fe8fffff]  Max Packet=[2048]  IR/IT contexts=[4/4]
[    4.392000] ata_piix 0000:00:1f.1: version 2.00ac7
[    4.392000] ACPI: PCI Interrupt 0000:00:1f.1[A] -> GSI 18 (level, low) -> IRQ 20
[    4.392000] PCI: Setting latency timer of device 0000:00:1f.1 to 64
[    4.392000] ata1: PATA max UDMA/133 cmd 0x1F0 ctl 0x3F6 bmdma 0xFFA0 irq 14
[    4.392000] ata2: PATA max UDMA/133 cmd 0x170 ctl 0x376 bmdma 0xFFA8 irq 15
[    4.392000] scsi0 : ata_piix
[    4.556000] ata1.00: ATA-6, max UDMA/100, 78140160 sectors: LBA48 
[    4.556000] ata1.00: ata1: dev 0 multi count 16
[    4.736000] ata1.01: ATAPI, max UDMA/33
[    4.744000] ata1.00: configured for UDMA/100
[    4.924000] ata1.01: configured for UDMA/33
[    4.924000] scsi1 : ata_piix
[    4.924000] ata2: port disabled. ignoring.
[    4.924000] scsi 0:0:0:0: Direct-Access     ATA      HTS541040G9AT00  MB2O PQ: 0 ANSI: 5
[    4.924000] scsi 0:0:1:0: CD-ROM            TSSTcorp CD/DVDW TS-L632D AS05 PQ: 0 ANSI: 5
[    4.944000] sr0: scsi3-mmc drive: 24x/24x writer dvd-ram cd/rw xa/form2 cdda tray
[    4.944000] Uniform CD-ROM driver Revision: 3.20
[    4.944000] sr 0:0:1:0: Attached scsi CD-ROM sr0
[    4.948000] sd 0:0:0:0: Attached scsi generic sg0 type 0
[    4.948000] sr 0:0:1:0: Attached scsi generic sg1 type 5
[    4.948000] SCSI device sda: 78140160 512-byte hdwr sectors (40008 MB)
[    4.948000] sda: Write Protect is off
[    4.948000] sda: Mode Sense: 00 3a 00 00
[    4.948000] SCSI device sda: write cache: enabled, read cache: enabled, doesn't support DPO or FUA
[    4.948000] SCSI device sda: 78140160 512-byte hdwr sectors (40008 MB)
[    4.948000] sda: Write Protect is off
[    4.948000] sda: Mode Sense: 00 3a 00 00
[    4.948000] SCSI device sda: write cache: enabled, read cache: enabled, doesn't support DPO or FUA
[    4.948000]  sda: sda1 sda2 sda3
[    4.972000] sd 0:0:0:0: Attached scsi disk sda
[    5.664000] ieee1394: Host added: ID:BUS[0-00:1023]  GUID[00e018000377ebdf]
[    5.892000] Attempting manual resume
[    5.900000] ReiserFS: sda2: found reiserfs format "3.6" with standard journal
[    5.900000] ReiserFS: sda2: using ordered data mode
[    5.920000] ReiserFS: sda2: journal params: device sda2, size 8192, journal first block 18, max trans len 1024, max batch 900, max commit age 30, max trans age 30
[    5.920000] ReiserFS: sda2: checking transaction log (sda2)
[    5.988000] ReiserFS: sda2: Using r5 hash to sort names
[   17.144000] pci_hotplug: PCI Hot Plug PCI Core version: 0.5
[   17.144000] shpchp: Standard Hot Plug PCI Controller Driver version: 0.4
[   17.168000] input: PC Speaker as /class/input/input1
[   17.240000] Linux agpgart interface v0.101 (c) Dave Jones
[   17.240000] agpgart: Detected an Intel 945GM Chipset.
[   17.244000] agpgart: Detected 7932K stolen memory.
[   17.260000] agpgart: AGP aperture is 256M @ 0xd0000000
[   17.368000] intel_rng: FWH not detected
[   17.616000] iTCO_vendor_support: vendor-support=0
[   17.620000] iTCO_wdt: Intel TCO WatchDog Timer Driver v1.01 (11-Nov-2006)
[   17.620000] iTCO_wdt: Found a ICH7-M TCO device (Version=2, TCOBASE=0x0860)
[   17.620000] iTCO_wdt: initialized. heartbeat=30 sec (nowayout=0)
[   18.000000] Yenta: CardBus bridge found at 0000:03:01.0 [1043:1297]
[   18.008000] sdhci: Secure Digital Host Controller Interface driver, 0.12
[   18.008000] sdhci: Copyright(c) Pierre Ossman
[   18.052000] pnp: Device 00:08 disabled.
[   18.052000] parport_pc: probe of 00:08 failed with error -22
[   18.068000] ieee80211_crypt: registered algorithm 'NULL'
[   18.072000] ieee80211: 802.11 data/management/control stack, git-1.1.13
[   18.072000] ieee80211: Copyright (C) 2004-2005 Intel Corporation <jketreno@linux.intel.com>
[   18.120000] ipw3945: Intel(R) PRO/Wireless 3945 Network Connection driver for Linux, 1.1.3mp
[   18.120000] ipw3945: Copyright(c) 2003-2006 Intel Corporation
[   18.132000] Yenta: ISA IRQ mask 0x0cb8, PCI irq 17
[   18.132000] Socket status: 30000006
[   18.132000] pcmcia: parent PCI bridge I/O window: 0xc000 - 0xdfff
[   18.132000] cs: IO port probe 0xc000-0xdfff: clean.
[   18.132000] pcmcia: parent PCI bridge Memory window: 0xfe000000 - 0xfe8fffff
[   18.132000] pcmcia: parent PCI bridge Memory window: 0xbdf00000 - 0xbfefffff
[   18.132000] sdhci: SDHCI controller found at 0000:03:01.2 [1180:0822] (rev 17)
[   18.132000] ACPI: PCI Interrupt 0000:03:01.2[C] -> GSI 19 (level, low) -> IRQ 19
[   18.132000] sdhci:slot0: Controller reports > 25 MHz base clock, but no high speed support.
[   18.132000] mmc0: SDHCI at 0xfe8ff400 irq 19 DMA
[   18.148000] ACPI: PCI Interrupt 0000:02:00.0[A] -> GSI 17 (level, low) -> IRQ 17
[   18.148000] PCI: Setting latency timer of device 0000:02:00.0 to 64
[   18.148000] ipw3945: Detected Intel PRO/Wireless 3945ABG Network Connection
[   18.308000] ACPI: PCI Interrupt 0000:00:1b.0[A] -> GSI 16 (level, low) -> IRQ 16
[   18.308000] PCI: Setting latency timer of device 0000:00:1b.0 to 64
[   18.532000] cs: IO port probe 0x100-0x3af: excluding 0x378-0x37f
[   18.532000] cs: IO port probe 0x3e0-0x4ff: excluding 0x4d0-0x4d7
[   18.536000] cs: IO port probe 0x820-0x8ff: clean.
[   18.536000] cs: IO port probe 0xc00-0xcf7: clean.
[   18.536000] cs: IO port probe 0xa00-0xaff: clean.
[   18.604000] Synaptics Touchpad, model: 1, fw: 6.1, id: 0xa3a0b3, caps: 0xa04713/0x10008
[   18.648000] input: SynPS/2 Synaptics TouchPad as /class/input/input2
[   18.968000] ACPI Exception (exoparg2-0442): AE_AML_PACKAGE_LIMIT, Index (0FFFFFFFD) is beyond end of object [20060707]
[   18.968000] ACPI Error (psparse-0537): Method parse/execution failed [\_PR_.CPU1._PSS] (Node df149ce8), AE_AML_PACKAGE_LIMIT
[   18.968000] ACPI Exception (acpi_processor-0235): AE_AML_PACKAGE_LIMIT, Evaluating _PSS [20060707]
[   18.968000] ACPI Exception (exoparg2-0442): AE_AML_PACKAGE_LIMIT, Index (0FFFFFFFD) is beyond end of object [20060707]
[   18.968000] ACPI Error (psparse-0537): Method parse/execution failed [\_PR_.CPU2._PSS] (Node df149b30), AE_AML_PACKAGE_LIMIT
[   18.968000] ACPI Exception (acpi_processor-0235): AE_AML_PACKAGE_LIMIT, Evaluating _PSS [20060707]
[   19.024000] Adding 1052216k swap on /dev/disk/by-uuid/b105993d-2956-48a3-85c8-15201b7a211c.  Priority:-1 extents:1 across:1052216k
[   20.064000] ipw3945: Detected geography ABG (11 802.11bg channels, 13 802.11a channels)
[   35.088000] ReiserFS: sda3: found reiserfs format "3.6" with standard journal
[   35.088000] ReiserFS: sda3: using ordered data mode
[   35.108000] ReiserFS: sda3: journal params: device sda3, size 8192, journal first block 18, max trans len 1024, max batch 900, max commit age 30, max trans age 30
[   35.108000] ReiserFS: sda3: checking transaction log (sda3)
[   35.124000] ReiserFS: sda3: Using r5 hash to sort names
[   36.676000] NET: Registered protocol family 17
[   39.600000] Using specific hotkey driver
[   39.684000] Asus Laptop ACPI Extras version 0.30
[   39.684000]   unsupported model Z62FP, trying default values
[   39.684000]   send /proc/acpi/dsdt to the developers
[   39.700000] ACPI: AC Adapter [AC0] (off-line)
[   39.716000] No dock devices found.
[   39.780000] toshiba_acpi: Unknown parameter `hotkeys_over_acpi'
[   39.800000] input: Power Button (FF) as /class/input/input3
[   39.800000] ACPI: Power Button (FF) [PWRF]
[   39.800000] input: Lid Switch as /class/input/input4
[   39.800000] ACPI: Lid Switch [LID]
[   39.800000] input: Power Button (CM) as /class/input/input5
[   39.800000] ACPI: Power Button (CM) [PWRB]
[   39.800000] input: Sleep Button (CM) as /class/input/input6
[   39.800000] ACPI: Sleep Button (CM) [SLPB]
[   39.980000] ibm_acpi: ec object not found
[   40.040000] ACPI: Battery Slot [BAT0] (battery present)
[   40.056000] ACPI: Video Device [VGA] (multi-head: yes  rom: no  post: no)
[   41.468000] lp: driver loaded but no devices found
[   41.520000] ppdev: user-space parallel port driver
[   41.892000] [drm] Initialized drm 1.1.0 20060810
[   41.916000] ACPI: PCI Interrupt 0000:00:02.0[A] -> GSI 16 (level, low) -> IRQ 16
[   41.916000] [drm] Initialized i915 1.6.0 20060119 on minor 0
[   43.544000] apm: BIOS not found.
[   47.324000] r8169: eth0: link down
[   48.300000] Bluetooth: Core ver 2.11
[   48.300000] NET: Registered protocol family 31
[   48.300000] Bluetooth: HCI device and connection manager initialized
[   48.300000] Bluetooth: HCI socket layer initialized
[   48.344000] Bluetooth: L2CAP ver 2.8
[   48.344000] Bluetooth: L2CAP socket layer initialized
[   48.388000] Bluetooth: RFCOMM socket layer initialized
[   48.388000] Bluetooth: RFCOMM TTY layer initialized
[   48.388000] Bluetooth: RFCOMM ver 1.8
[   98.484000] NET: Registered protocol family 10
[   98.484000] lo: Disabled Privacy Extensions
[   98.484000] ADDRCONF(NETDEV_UP): eth0: link is not ready
[   98.484000] ADDRCONF(NETDEV_UP): eth1: link is not ready
[  104.236000] ADDRCONF(NETDEV_CHANGE): eth1: link becomes ready
[ 1169.712000] ata1.01: exception Emask 0x0 SAct 0x0 SErr 0x0 action 0x2 frozen
[ 1169.712000] ata1.01: cmd a0/00:00:00:00:20/00:00:00:00:00/b0 tag 0 cdb 0x1e data 0 
[ 1169.712000]          res 40/00:03:00:00:00/00:00:00:00:00/b0 Emask 0x4 (timeout)
[ 1176.712000] ata1: port is slow to respond, please be patient (Status 0xd0)
[ 1199.728000] ata1: port failed to respond (30 secs, Status 0xd0)
[ 1199.728000] ata1: soft resetting port
[ 1200.088000] ata1.00: configured for UDMA/100
[ 1200.272000] ata1.01: configured for UDMA/33
[ 1200.272000] ata1: EH complete
[ 1200.280000] SCSI device sda: 78140160 512-byte hdwr sectors (40008 MB)
[ 1200.280000] sda: Write Protect is off
[ 1200.280000] sda: Mode Sense: 00 3a 00 00
[ 1200.696000] SCSI device sda: write cache: enabled, read cache: enabled, doesn't support DPO or FUA
[ 1200.732000] SCSI device sda: 78140160 512-byte hdwr sectors (40008 MB)
[ 1200.736000] sda: Write Protect is off
[ 1200.736000] sda: Mode Sense: 00 3a 00 00
[ 1200.740000] SCSI device sda: write cache: enabled, read cache: enabled, doesn't support DPO or FUA
00:00.0 Host bridge: Intel Corporation Mobile 945GM/PM/GMS/940GML and 945GT Express Memory Controller Hub (rev 03)
	Subsystem: ASUSTeK Computer Inc. Unknown device 1297
	Control: I/O- Mem+ BusMaster+ SpecCycle- MemWINV- VGASnoop- ParErr- Stepping- SERR- FastB2B-
	Status: Cap+ 66MHz- UDF- FastB2B+ ParErr- DEVSEL=fast >TAbort- <TAbort- <MAbort+ >SERR- <PERR-
	Latency: 0
	Capabilities: <access denied>
00: 86 80 a0 27 06 00 90 20 03 00 00 06 00 00 00 00
10: 00 00 00 00 00 00 00 00 00 00 00 00 00 00 00 00
20: 00 00 00 00 00 00 00 00 00 00 00 00 43 10 97 12
30: 00 00 00 00 e0 00 00 00 00 00 00 00 00 00 00 00
00:02.0 VGA compatible controller: Intel Corporation Mobile 945GM/GMS/940GML Express Integrated Graphics Controller (rev 03) (prog-if 00 [VGA])
	Subsystem: ASUSTeK Computer Inc. Unknown device 1252
	Control: I/O+ Mem+ BusMaster+ SpecCycle- MemWINV- VGASnoop- ParErr- Stepping- SERR- FastB2B-
	Status: Cap+ 66MHz- UDF- FastB2B+ ParErr- DEVSEL=fast >TAbort- <TAbort- <MAbort- >SERR- <PERR-
	Latency: 0
	Interrupt: pin A routed to IRQ 16
	Region 0: Memory at feb80000 (32-bit, non-prefetchable) [size=512K]
	Region 1: I/O ports at ec00 [size=8]
	Region 2: Memory at d0000000 (32-bit, prefetchable) [size=256M]
	Region 3: Memory at feb40000 (32-bit, non-prefetchable) [size=256K]
	Capabilities: <access denied>
00: 86 80 a2 27 07 00 90 00 03 00 00 03 00 00 80 00
10: 00 00 b8 fe 01 ec 00 00 08 00 00 d0 00 00 b4 fe
20: 00 00 00 00 00 00 00 00 00 00 00 00 43 10 52 12
30: 00 00 00 00 90 00 00 00 00 00 00 00 0b 01 00 00
00:02.1 Display controller: Intel Corporation Mobile 945GM/GMS/940GML Express Integrated Graphics Controller (rev 03)
	Subsystem: ASUSTeK Computer Inc. Unknown device 1252
	Control: I/O+ Mem+ BusMaster+ SpecCycle- MemWINV- VGASnoop- ParErr- Stepping- SERR- FastB2B-
	Status: Cap+ 66MHz- UDF- FastB2B+ ParErr- DEVSEL=fast >TAbort- <TAbort- <MAbort- >SERR- <PERR-
	Latency: 0
	Region 0: Memory at fea80000 (32-bit, non-prefetchable) [size=512K]
	Capabilities: <access denied>
00: 86 80 a6 27 07 00 90 00 03 00 80 03 00 00 80 00
10: 00 00 a8 fe 00 00 00 00 00 00 00 00 00 00 00 00
20: 00 00 00 00 00 00 00 00 00 00 00 00 43 10 52 12
30: 00 00 00 00 d0 00 00 00 00 00 00 00 00 00 00 00
00:1b.0 Audio device: Intel Corporation 82801G (ICH7 Family) High Definition Audio Controller (rev 02)
	Subsystem: ASUSTeK Computer Inc. Unknown device 1297
	Control: I/O- Mem+ BusMaster+ SpecCycle- MemWINV- VGASnoop- ParErr- Stepping- SERR- FastB2B-
	Status: Cap+ 66MHz- UDF- FastB2B- ParErr- DEVSEL=fast >TAbort- <TAbort- <MAbort- >SERR- <PERR-
	Latency: 0, Cache Line Size: 32 bytes
	Interrupt: pin A routed to IRQ 16
	Region 0: Memory at feb3c000 (64-bit, non-prefetchable) [size=16K]
	Capabilities: <access denied>
00: 86 80 d8 27 06 00 10 00 02 00 03 04 08 00 00 00
10: 04 c0 b3 fe 00 00 00 00 00 00 00 00 00 00 00 00
20: 00 00 00 00 00 00 00 00 00 00 00 00 43 10 97 12
30: 00 00 00 00 50 00 00 00 00 00 00 00 0b 01 00 00
00:1c.0 PCI bridge: Intel Corporation 82801G (ICH7 Family) PCI Express Port 1 (rev 02) (prog-if 00 [Normal decode])
	Control: I/O- Mem- BusMaster+ SpecCycle- MemWINV- VGASnoop- ParErr- Stepping- SERR+ FastB2B-
	Status: Cap+ 66MHz- UDF- FastB2B- ParErr- DEVSEL=fast >TAbort- <TAbort- <MAbort- >SERR- <PERR-
	Latency: 0, Cache Line Size: 32 bytes
	Bus: primary=00, secondary=01, subordinate=01, sec-latency=0
	Secondary status: 66MHz- FastB2B- ParErr- DEVSEL=fast >TAbort- <TAbort- <MAbort+ <SERR- <PERR-
	BridgeCtl: Parity- SERR+ NoISA+ VGA- MAbort- >Reset- FastB2B-
	Capabilities: <access denied>
00: 86 80 d0 27 04 05 10 00 02 00 04 06 08 00 81 00
10: 00 00 00 00 00 00 00 00 00 01 01 00 f0 00 00 20
20: f0 ff 00 00 f1 ff 01 00 00 00 00 00 00 00 00 00
30: 00 00 00 00 40 00 00 00 00 00 00 00 0b 01 06 00
00:1c.1 PCI bridge: Intel Corporation 82801G (ICH7 Family) PCI Express Port 2 (rev 02) (prog-if 00 [Normal decode])
	Control: I/O- Mem+ BusMaster+ SpecCycle- MemWINV- VGASnoop- ParErr- Stepping- SERR+ FastB2B-
	Status: Cap+ 66MHz- UDF- FastB2B- ParErr- DEVSEL=fast >TAbort- <TAbort- <MAbort- >SERR- <PERR-
	Latency: 0, Cache Line Size: 32 bytes
	Bus: primary=00, secondary=02, subordinate=02, sec-latency=0
	Memory behind bridge: fdf00000-fdffffff
	Secondary status: 66MHz- FastB2B- ParErr- DEVSEL=fast >TAbort- <TAbort- <MAbort+ <SERR- <PERR-
	BridgeCtl: Parity- SERR+ NoISA+ VGA- MAbort- >Reset- FastB2B-
	Capabilities: <access denied>
00: 86 80 d2 27 06 05 10 00 02 00 04 06 08 00 81 00
10: 00 00 00 00 00 00 00 00 00 02 02 00 f0 00 00 20
20: f0 fd f0 fd f1 ff 01 00 00 00 00 00 00 00 00 00
30: 00 00 00 00 40 00 00 00 00 00 00 00 05 02 06 00
00:1d.0 USB Controller: Intel Corporation 82801G (ICH7 Family) USB UHCI #1 (rev 02) (prog-if 00 [UHCI])
	Subsystem: ASUSTeK Computer Inc. Unknown device 1297
	Control: I/O+ Mem- BusMaster+ SpecCycle- MemWINV- VGASnoop- ParErr- Stepping- SERR- FastB2B-
	Status: Cap- 66MHz- UDF- FastB2B+ ParErr- DEVSEL=medium >TAbort- <TAbort- <MAbort- >SERR- <PERR-
	Latency: 0
	Interrupt: pin A routed to IRQ 18
	Region 4: I/O ports at e880 [size=32]
00: 86 80 c8 27 05 00 80 02 02 00 03 0c 00 00 80 00
10: 00 00 00 00 00 00 00 00 00 00 00 00 00 00 00 00
20: 81 e8 00 00 00 00 00 00 00 00 00 00 43 10 97 12
30: 00 00 00 00 00 00 00 00 00 00 00 00 03 01 00 00
00:1d.1 USB Controller: Intel Corporation 82801G (ICH7 Family) USB UHCI #2 (rev 02) (prog-if 00 [UHCI])
	Subsystem: ASUSTeK Computer Inc. Unknown device 1297
	Control: I/O+ Mem- BusMaster+ SpecCycle- MemWINV- VGASnoop- ParErr- Stepping- SERR- FastB2B-
	Status: Cap- 66MHz- UDF- FastB2B+ ParErr- DEVSEL=medium >TAbort- <TAbort- <MAbort- >SERR- <PERR-
	Latency: 0
	Interrupt: pin B routed to IRQ 19
	Region 4: I/O ports at e800 [size=32]
00: 86 80 c9 27 05 00 80 02 02 00 03 0c 00 00 00 00
10: 00 00 00 00 00 00 00 00 00 00 00 00 00 00 00 00
20: 01 e8 00 00 00 00 00 00 00 00 00 00 43 10 97 12
30: 00 00 00 00 00 00 00 00 00 00 00 00 04 02 00 00
00:1d.2 USB Controller: Intel Corporation 82801G (ICH7 Family) USB UHCI #3 (rev 02) (prog-if 00 [UHCI])
	Subsystem: ASUSTeK Computer Inc. Unknown device 1297
	Control: I/O+ Mem- BusMaster+ SpecCycle- MemWINV- VGASnoop- ParErr- Stepping- SERR- FastB2B-
	Status: Cap- 66MHz- UDF- FastB2B+ ParErr- DEVSEL=medium >TAbort- <TAbort- <MAbort- >SERR- <PERR-
	Latency: 0
	Interrupt: pin C routed to IRQ 20
	Region 4: I/O ports at e480 [size=32]
00: 86 80 ca 27 05 00 80 02 02 00 03 0c 00 00 00 00
10: 00 00 00 00 00 00 00 00 00 00 00 00 00 00 00 00
20: 81 e4 00 00 00 00 00 00 00 00 00 00 43 10 97 12
30: 00 00 00 00 00 00 00 00 00 00 00 00 06 03 00 00
00:1d.3 USB Controller: Intel Corporation 82801G (ICH7 Family) USB UHCI #4 (rev 02) (prog-if 00 [UHCI])
	Subsystem: ASUSTeK Computer Inc. Unknown device 1297
	Control: I/O+ Mem- BusMaster+ SpecCycle- MemWINV- VGASnoop- ParErr- Stepping- SERR- FastB2B-
	Status: Cap- 66MHz- UDF- FastB2B+ ParErr- DEVSEL=medium >TAbort- <TAbort- <MAbort- >SERR- <PERR-
	Latency: 0
	Interrupt: pin D routed to IRQ 16
	Region 4: I/O ports at e400 [size=32]
00: 86 80 cb 27 05 00 80 02 02 00 03 0c 00 00 00 00
10: 00 00 00 00 00 00 00 00 00 00 00 00 00 00 00 00
20: 01 e4 00 00 00 00 00 00 00 00 00 00 43 10 97 12
30: 00 00 00 00 00 00 00 00 00 00 00 00 0b 04 00 00
00:1d.7 USB Controller: Intel Corporation 82801G (ICH7 Family) USB2 EHCI Controller (rev 02) (prog-if 20 [EHCI])
	Subsystem: ASUSTeK Computer Inc. Unknown device 1297
	Control: I/O- Mem+ BusMaster+ SpecCycle- MemWINV- VGASnoop- ParErr- Stepping- SERR+ FastB2B-
	Status: Cap+ 66MHz- UDF- FastB2B+ ParErr- DEVSEL=medium >TAbort- <TAbort- <MAbort- >SERR- <PERR-
	Latency: 0
	Interrupt: pin A routed to IRQ 18
	Region 0: Memory at feb3bc00 (32-bit, non-prefetchable) [size=1K]
	Capabilities: <access denied>
00: 86 80 cc 27 06 01 90 02 02 20 03 0c 00 00 00 00
10: 00 bc b3 fe 00 00 00 00 00 00 00 00 00 00 00 00
20: 00 00 00 00 00 00 00 00 00 00 00 00 43 10 97 12
30: 00 00 00 00 50 00 00 00 00 00 00 00 03 01 00 00
00:1e.0 PCI bridge: Intel Corporation 82801 Mobile PCI Bridge (rev e2) (prog-if 01 [Subtractive decode])
	Control: I/O+ Mem+ BusMaster+ SpecCycle- MemWINV- VGASnoop- ParErr- Stepping- SERR+ FastB2B-
	Status: Cap+ 66MHz- UDF- FastB2B- ParErr- DEVSEL=fast >TAbort- <TAbort- <MAbort- >SERR- <PERR-
	Latency: 0
	Bus: primary=00, secondary=03, subordinate=07, sec-latency=32
	I/O behind bridge: 0000c000-0000dfff
	Memory behind bridge: fe000000-fe8fffff
	Prefetchable memory behind bridge: 00000000bdf00000-00000000bfefffff
	Secondary status: 66MHz- FastB2B+ ParErr- DEVSEL=medium >TAbort- <TAbort- <MAbort+ <SERR- <PERR-
	BridgeCtl: Parity- SERR+ NoISA+ VGA- MAbort- >Reset- FastB2B-
	Capabilities: <access denied>
00: 86 80 48 24 07 01 10 00 e2 01 04 06 00 00 01 00
10: 00 00 00 00 00 00 00 00 00 03 07 20 c0 d0 80 22
20: 00 fe 80 fe f1 bd e1 bf 00 00 00 00 00 00 00 00
30: 00 00 00 00 50 00 00 00 00 00 00 00 ff 00 06 00
00:1f.0 ISA bridge: Intel Corporation 82801GBM (ICH7-M) LPC Interface Bridge (rev 02)
	Subsystem: ASUSTeK Computer Inc. Unknown device 1297
	Control: I/O+ Mem+ BusMaster+ SpecCycle- MemWINV- VGASnoop- ParErr- Stepping- SERR- FastB2B-
	Status: Cap+ 66MHz- UDF- FastB2B- ParErr- DEVSEL=medium >TAbort- <TAbort- <MAbort- >SERR- <PERR-
	Latency: 0
	Capabilities: <access denied>
00: 86 80 b9 27 07 00 10 02 02 00 01 06 00 00 80 00
10: 00 00 00 00 00 00 00 00 00 00 00 00 00 00 00 00
20: 00 00 00 00 00 00 00 00 00 00 00 00 43 10 97 12
30: 00 00 00 00 e0 00 00 00 00 00 00 00 00 00 00 00
00:1f.1 IDE interface: Intel Corporation 82801G (ICH7 Family) IDE Controller (rev 02) (prog-if 8a [Master SecP PriP])
	Subsystem: ASUSTeK Computer Inc. Unknown device 1297
	Control: I/O+ Mem- BusMaster+ SpecCycle- MemWINV- VGASnoop- ParErr- Stepping- SERR- FastB2B-
	Status: Cap- 66MHz- UDF- FastB2B+ ParErr- DEVSEL=medium >TAbort- <TAbort- <MAbort- >SERR- <PERR-
	Latency: 0
	Interrupt: pin A routed to IRQ 20
	Region 0: I/O ports at 01f0 [size=8]
	Region 1: I/O ports at 03f4 [size=1]
	Region 2: I/O ports at 0170 [size=8]
	Region 3: I/O ports at 0374 [size=1]
	Region 4: I/O ports at ffa0 [size=16]
00: 86 80 df 27 05 00 80 02 02 8a 01 01 00 00 00 00
10: 01 00 00 00 01 00 00 00 01 00 00 00 01 00 00 00
20: a1 ff 00 00 00 00 00 00 00 00 00 00 43 10 97 12
30: 00 00 00 00 00 00 00 00 00 00 00 00 00 01 00 00
00:1f.3 SMBus: Intel Corporation 82801G (ICH7 Family) SMBus Controller (rev 02)
	Subsystem: ASUSTeK Computer Inc. Unknown device 1297
	Control: I/O+ Mem- BusMaster- SpecCycle- MemWINV- VGASnoop- ParErr- Stepping- SERR- FastB2B-
	Status: Cap- 66MHz- UDF- FastB2B+ ParErr- DEVSEL=medium >TAbort- <TAbort- <MAbort- >SERR- <PERR-
	Interrupt: pin B routed to IRQ 5
	Region 4: I/O ports at 0400 [size=32]
00: 86 80 da 27 01 00 80 02 02 00 05 0c 00 00 00 00
10: 00 00 00 00 00 00 00 00 00 00 00 00 00 00 00 00
20: 01 04 00 00 00 00 00 00 00 00 00 00 43 10 97 12
30: 00 00 00 00 00 00 00 00 00 00 00 00 05 02 00 00
02:00.0 Network controller: Intel Corporation PRO/Wireless 3945ABG Network Connection (rev 02)
	Subsystem: Intel Corporation Unknown device 1000
	Control: I/O- Mem+ BusMaster+ SpecCycle- MemWINV- VGASnoop- ParErr- Stepping- SERR- FastB2B-
	Status: Cap+ 66MHz- UDF- FastB2B- ParErr- DEVSEL=fast >TAbort- <TAbort- <MAbort- >SERR- <PERR-
	Latency: 0, Cache Line Size: 32 bytes
	Interrupt: pin A routed to IRQ 17
	Region 0: Memory at fdfff000 (32-bit, non-prefetchable) [size=4K]
	Capabilities: <access denied>
00: 86 80 22 42 06 00 10 00 02 00 80 02 08 00 00 00
10: 00 f0 ff fd 00 00 00 00 00 00 00 00 00 00 00 00
20: 00 00 00 00 00 00 00 00 00 00 00 00 86 80 00 10
30: 00 00 00 00 c8 00 00 00 00 00 00 00 05 01 00 00
03:01.0 CardBus bridge: Ricoh Co Ltd RL5c476 II (rev b3)
	Subsystem: ASUSTeK Computer Inc. Unknown device 1297
	Control: I/O+ Mem+ BusMaster+ SpecCycle- MemWINV- VGASnoop- ParErr- Stepping- SERR- FastB2B-
	Status: Cap+ 66MHz- UDF- FastB2B- ParErr- DEVSEL=medium >TAbort- <TAbort- <MAbort- >SERR- <PERR-
	Latency: 168
	Interrupt: pin A routed to IRQ 17
	Region 0: Memory at fe000000 (32-bit, non-prefetchable) [size=4K]
	Bus: primary=03, secondary=04, subordinate=07, sec-latency=176
	Memory window 0: 20000000-23fff000 (prefetchable)
	Memory window 1: 24000000-27fff000
	I/O window 0: 0000c000-0000c0ff
	I/O window 1: 0000c400-0000c4ff
	BridgeCtl: Parity- SERR- ISA- VGA- MAbort- >Reset- 16bInt+ PostWrite+
	16-bit legacy interface ports at 0001
00: 80 11 76 04 07 00 10 02 b3 00 07 06 00 a8 82 00
10: 00 00 00 fe dc 00 00 02 03 04 07 b0 00 00 00 20
20: 00 f0 ff 23 00 00 00 24 00 f0 ff 27 00 c0 00 00
30: fc c0 00 00 00 c4 00 00 fc c4 00 00 05 01 80 05
40: 43 10 97 12 01 00 00 00 00 00 00 00 00 00 00 00
50: 00 00 00 00 00 00 00 00 00 00 00 00 00 00 00 00
60: 00 00 00 00 00 00 00 00 00 00 00 00 00 00 00 00
70: 00 00 00 00 00 00 00 00 00 00 00 00 00 00 00 00
03:01.1 FireWire (IEEE 1394): Ricoh Co Ltd R5C552 IEEE 1394 Controller (rev 08) (prog-if 10 [OHCI])
	Subsystem: ASUSTeK Computer Inc. Unknown device 1297
	Control: I/O- Mem+ BusMaster+ SpecCycle- MemWINV- VGASnoop- ParErr- Stepping- SERR- FastB2B-
	Status: Cap+ 66MHz- UDF- FastB2B- ParErr- DEVSEL=medium >TAbort- <TAbort- <MAbort- >SERR- <PERR-
	Latency: 64 (500ns min, 1000ns max)
	Interrupt: pin B routed to IRQ 20
	Region 0: Memory at fe8ff800 (32-bit, non-prefetchable) [size=2K]
	Capabilities: <access denied>
00: 80 11 52 05 06 00 10 02 08 10 00 0c 00 40 80 00
10: 00 f8 8f fe 00 00 00 00 00 00 00 00 00 00 00 00
20: 00 00 00 00 00 00 00 00 00 00 00 00 43 10 97 12
30: 00 00 00 00 dc 00 00 00 00 00 00 00 06 02 02 04
03:01.2 Generic system peripheral [0805]: Ricoh Co Ltd R5C822 SD/SDIO/MMC/MS/MSPro Host Adapter (rev 17)
	Subsystem: ASUSTeK Computer Inc. Unknown device 1297
	Control: I/O- Mem+ BusMaster+ SpecCycle- MemWINV- VGASnoop- ParErr- Stepping- SERR- FastB2B-
	Status: Cap+ 66MHz- UDF- FastB2B- ParErr- DEVSEL=medium >TAbort- <TAbort- <MAbort- >SERR- <PERR-
	Latency: 64
	Interrupt: pin C routed to IRQ 19
	Region 0: Memory at fe8ff400 (32-bit, non-prefetchable) [size=256]
	Capabilities: <access denied>
00: 80 11 22 08 06 00 10 02 17 00 05 08 00 40 80 00
10: 00 f4 8f fe 00 00 00 00 00 00 00 00 00 00 00 00
20: 00 00 00 00 00 00 00 00 00 00 00 00 43 10 97 12
30: 00 00 00 00 80 00 00 00 00 00 00 00 04 03 00 00
03:01.3 System peripheral: Ricoh Co Ltd R5C592 Memory Stick Bus Host Adapter (rev 08)
	Subsystem: ASUSTeK Computer Inc. Unknown device 1297
	Control: I/O- Mem+ BusMaster- SpecCycle- MemWINV- VGASnoop- ParErr- Stepping- SERR- FastB2B-
	Status: Cap+ 66MHz- UDF- FastB2B- ParErr- DEVSEL=medium >TAbort- <TAbort- <MAbort- >SERR- <PERR-
	Interrupt: pin C routed to IRQ 4
	Region 0: Memory at fe8ff000 (32-bit, non-prefetchable) [size=256]
	Capabilities: <access denied>
00: 80 11 92 05 02 00 10 02 08 00 80 08 00 00 80 00
10: 00 f0 8f fe 00 00 00 00 00 00 00 00 00 00 00 00
20: 00 00 00 00 00 00 00 00 00 00 00 00 43 10 97 12
30: 00 00 00 00 80 00 00 00 00 00 00 00 04 03 00 00
03:07.0 Ethernet controller: Realtek Semiconductor Co., Ltd. RTL-8169 Gigabit Ethernet (rev 10)
	Subsystem: ASUSTeK Computer Inc. Unknown device 11e5
	Control: I/O+ Mem+ BusMaster+ SpecCycle- MemWINV+ VGASnoop- ParErr- Stepping- SERR- FastB2B-
	Status: Cap+ 66MHz+ UDF- FastB2B+ ParErr- DEVSEL=medium >TAbort- <TAbort- <MAbort- >SERR- <PERR-
	Latency: 64 (8000ns min, 16000ns max), Cache Line Size: 32 bytes
	Interrupt: pin A routed to IRQ 16
	Region 0: I/O ports at d800 [size=256]
	Region 1: Memory at fe8fec00 (32-bit, non-prefetchable) [size=256]
	Expansion ROM at bdf00000 [disabled] [size=128K]
	Capabilities: <access denied>
00: ec 10 69 81 17 00 b0 02 10 00 00 02 08 40 00 00
10: 01 d8 00 00 00 ec 8f fe 00 00 00 00 00 00 00 00
20: 00 00 00 00 00 00 00 00 00 00 00 00 43 10 e5 11
30: 00 00 8c fe dc 00 00 00 00 00 00 00 0b 01 20 40