Date: Sat, 24 Mar 2007 22:03:47 -0700
From: Roland Dreier <>
Subject: Early hang with 2.6.21-rc4-rt1
Sender: linux-kernel-owner@vger.kernel.org
Precedence: bulk
List-ID: <linux-kernel.vger.kernel.org>
X-Mailing-List: linux-kernel@vger.kernel.org
X-Lkml-Link: https://lkml.org/lkml/2007/3/25/9

Hi Ingo,
I'm trying to use 2.6.21-rc4-rt1 to track down who's keeping
interrupts off for too long.  However, on my system the -rt1 kernel
hangs before even earlyprintk produces any output.  Linus's current
tree and every other 2.6.21-rc kernel I've tried has worked fine.
I'm including the .config I tried for the -rt1 kernel; note that I
left the preemption model as PREEMPT_NONE, since I just wanted the
latency tracer.
The system is is a Dell SC1435 with two dual-core Opteron 2220 CPUs
and 8 GB of RAM, running a 64-bit kernel.  I'm also including the full
kernel log from the successful boot of the unpatched kernel.
Do you have any suggestions for where to look to debug this?
Thanks,
  Roland
Here's the diff between my working config and the -rt config:
--- kbuild/.config	2007-03-24 21:24:04.000000000 -0700
+++ kbuild-rt/.config	2007-03-24 21:07:32.000000000 -0700
@@ -1,12 +1,15 @@
 #
 # Automatically generated make config: don't edit
-# Linux kernel version: 2.6.21-rc4
-# Sat Mar 24 21:24:04 2007
+# Linux kernel version: 2.6.21-rc4-rt1
+# Sat Mar 24 21:07:32 2007
 #
 CONFIG_X86_64=y
 CONFIG_64BIT=y
 CONFIG_X86=y
+CONFIG_PARAVIRT=y
 CONFIG_GENERIC_TIME=y
+CONFIG_GENERIC_CLOCKEVENTS_BROADCAST=y
+CONFIG_GENERIC_CLOCKEVENTS=y
 CONFIG_GENERIC_TIME_VSYSCALL=y
 CONFIG_ZONE_DMA32=y
 CONFIG_LOCKDEP_SUPPORT=y
@@ -14,7 +17,6 @@
 CONFIG_SEMAPHORE_SLEEPERS=y
 CONFIG_MMU=y
 CONFIG_ZONE_DMA=y
-CONFIG_RWSEM_GENERIC_SPINLOCK=y
 CONFIG_GENERIC_HWEIGHT=y
 CONFIG_GENERIC_CALIBRATE_DELAY=y
 CONFIG_X86_CMPXCHG=y
@@ -137,11 +139,22 @@
 CONFIG_SMP=y
 CONFIG_SCHED_SMT=y
 CONFIG_SCHED_MC=y
+# CONFIG_TICK_ONESHOT is not set
+# CONFIG_NO_HZ is not set
+# CONFIG_HIGH_RES_TIMERS is not set
 CONFIG_PREEMPT_NONE=y
 # CONFIG_PREEMPT_VOLUNTARY is not set
-# CONFIG_PREEMPT is not set
+# CONFIG_PREEMPT_DESKTOP is not set
+# CONFIG_PREEMPT_RT is not set
+# CONFIG_PREEMPT_SOFTIRQS is not set
+# CONFIG_PREEMPT_HARDIRQS is not set
+# CONFIG_SPINLOCK_BKL is not set
 # CONFIG_PREEMPT_BKL is not set
+CONFIG_CLASSIC_RCU=y
+# CONFIG_PREEMPT_RCU is not set
+CONFIG_RCU_TRACE=y
 CONFIG_NUMA=y
+CONFIG_RWSEM_GENERIC_SPINLOCK=y
 CONFIG_K8_NUMA=y
 CONFIG_NODES_SHIFT=6
 CONFIG_X86_64_ACPI_NUMA=y
@@ -185,7 +198,7 @@
 # CONFIG_HZ_300 is not set
 # CONFIG_HZ_1000 is not set
 CONFIG_HZ=250
-CONFIG_REORDER=y
+# CONFIG_REORDER is not set
 CONFIG_K8_NB=y
 CONFIG_GENERIC_HARDIRQS=y
 CONFIG_GENERIC_IRQ_PROBE=y
@@ -485,6 +498,7 @@
 CONFIG_CDROM_PKTCDVD_BUFFERS=8
 # CONFIG_CDROM_PKTCDVD_WCACHE is not set
 # CONFIG_ATA_OVER_ETH is not set
+# CONFIG_KVM_BLOCK is not set
 
 #
 # Misc devices
@@ -983,6 +997,9 @@
 CONFIG_HW_RANDOM_GEODE=m
 CONFIG_NVRAM=m
 CONFIG_RTC=y
+# CONFIG_RTC_HISTOGRAM is not set
+# CONFIG_BLOCKER is not set
+# CONFIG_LPPTEST is not set
 # CONFIG_DTLK is not set
 # CONFIG_R3964 is not set
 # CONFIG_APPLICOM is not set
@@ -1005,6 +1022,8 @@
 #
 # CONFIG_TCG_TPM is not set
 # CONFIG_TELCLOCK is not set
+# CONFIG_RMEM is not set
+# CONFIG_ALLOC_RTSJ_MEM is not set
 
 #
 # I2C support
@@ -1475,8 +1494,10 @@
 # Virtualization
 #
 CONFIG_KVM=m
+CONFIG_HYPERVISOR=y
 # CONFIG_KVM_INTEL is not set
 CONFIG_KVM_AMD=m
+# CONFIG_KVM_NET is not set
 
 #
 # Firmware Drivers
@@ -1696,14 +1717,27 @@
 # CONFIG_DEBUG_MUTEXES is not set
 # CONFIG_DEBUG_LOCK_ALLOC is not set
 # CONFIG_PROVE_LOCKING is not set
+CONFIG_TRACE_IRQFLAGS=y
 # CONFIG_DEBUG_SPINLOCK_SLEEP is not set
 # CONFIG_DEBUG_LOCKING_API_SELFTESTS is not set
+CONFIG_STACKTRACE=y
+CONFIG_EVENT_TRACE=y
+CONFIG_FUNCTION_TRACE=y
+# CONFIG_WAKEUP_TIMING is not set
+CONFIG_LATENCY_TRACE=y
+CONFIG_CRITICAL_IRQSOFF_TIMING=y
+# CONFIG_INTERRUPT_OFF_HIST is not set
+CONFIG_CRITICAL_TIMING=y
+CONFIG_DEBUG_TRACE_IRQFLAGS=y
+CONFIG_LATENCY_TIMING=y
+CONFIG_MCOUNT=y
 # CONFIG_DEBUG_KOBJECT is not set
 CONFIG_DEBUG_BUGVERBOSE=y
 # CONFIG_DEBUG_INFO is not set
 # CONFIG_DEBUG_VM is not set
 # CONFIG_DEBUG_LIST is not set
-# CONFIG_FRAME_POINTER is not set
+CONFIG_FRAME_POINTER=y
+# CONFIG_UNWIND_INFO is not set
 # CONFIG_FORCED_INLINING is not set
 # CONFIG_RCU_TORTURE_TEST is not set
 # CONFIG_LKDTM is not set
And here's the full config I'm using for the rt kernel:
#
# Automatically generated make config: don't edit
# Linux kernel version: 2.6.21-rc4-rt1
# Sat Mar 24 21:07:32 2007
#
CONFIG_X86_64=y
CONFIG_64BIT=y
CONFIG_X86=y
CONFIG_PARAVIRT=y
CONFIG_GENERIC_TIME=y
CONFIG_GENERIC_CLOCKEVENTS_BROADCAST=y
CONFIG_GENERIC_CLOCKEVENTS=y
CONFIG_GENERIC_TIME_VSYSCALL=y
CONFIG_ZONE_DMA32=y
CONFIG_LOCKDEP_SUPPORT=y
CONFIG_STACKTRACE_SUPPORT=y
CONFIG_SEMAPHORE_SLEEPERS=y
CONFIG_MMU=y
CONFIG_ZONE_DMA=y
CONFIG_GENERIC_HWEIGHT=y
CONFIG_GENERIC_CALIBRATE_DELAY=y
CONFIG_X86_CMPXCHG=y
CONFIG_EARLY_PRINTK=y
CONFIG_GENERIC_ISA_DMA=y
CONFIG_GENERIC_IOMAP=y
CONFIG_ARCH_MAY_HAVE_PC_FDC=y
CONFIG_ARCH_POPULATES_NODE_MAP=y
CONFIG_DMI=y
CONFIG_AUDIT_ARCH=y
CONFIG_GENERIC_BUG=y
# CONFIG_ARCH_HAS_ILOG2_U32 is not set
# CONFIG_ARCH_HAS_ILOG2_U64 is not set
CONFIG_DEFCONFIG_LIST="/lib/modules/$UNAME_RELEASE/.config"
#
# Code maturity level options
#
CONFIG_EXPERIMENTAL=y
CONFIG_LOCK_KERNEL=y
CONFIG_INIT_ENV_ARG_LIMIT=32
#
# General setup
#
CONFIG_LOCALVERSION=""
# CONFIG_LOCALVERSION_AUTO is not set
CONFIG_SWAP=y
CONFIG_SYSVIPC=y
# CONFIG_IPC_NS is not set
CONFIG_SYSVIPC_SYSCTL=y
CONFIG_POSIX_MQUEUE=y
CONFIG_BSD_PROCESS_ACCT=y
CONFIG_BSD_PROCESS_ACCT_V3=y
# CONFIG_TASKSTATS is not set
# CONFIG_UTS_NS is not set
CONFIG_AUDIT=y
# CONFIG_AUDITSYSCALL is not set
CONFIG_IKCONFIG=y
CONFIG_IKCONFIG_PROC=y
CONFIG_CPUSETS=y
# CONFIG_SYSFS_DEPRECATED is not set
# CONFIG_RELAY is not set
CONFIG_BLK_DEV_INITRD=y
CONFIG_INITRAMFS_SOURCE=""
CONFIG_CC_OPTIMIZE_FOR_SIZE=y
CONFIG_SYSCTL=y
# CONFIG_EMBEDDED is not set
CONFIG_UID16=y
CONFIG_SYSCTL_SYSCALL=y
CONFIG_KALLSYMS=y
# CONFIG_KALLSYMS_ALL is not set
# CONFIG_KALLSYMS_EXTRA_PASS is not set
CONFIG_HOTPLUG=y
CONFIG_PRINTK=y
CONFIG_BUG=y
CONFIG_ELF_CORE=y
CONFIG_BASE_FULL=y
CONFIG_FUTEX=y
CONFIG_EPOLL=y
CONFIG_SHMEM=y
CONFIG_SLAB=y
CONFIG_VM_EVENT_COUNTERS=y
CONFIG_RT_MUTEXES=y
# CONFIG_TINY_SHMEM is not set
CONFIG_BASE_SMALL=0
# CONFIG_SLOB is not set
#
# Loadable module support
#
CONFIG_MODULES=y
CONFIG_MODULE_UNLOAD=y
CONFIG_MODULE_FORCE_UNLOAD=y
CONFIG_MODVERSIONS=y
# CONFIG_MODULE_SRCVERSION_ALL is not set
CONFIG_KMOD=y
CONFIG_STOP_MACHINE=y
#
# Block layer
#
CONFIG_BLOCK=y
# CONFIG_BLK_DEV_IO_TRACE is not set
#
# IO Schedulers
#
CONFIG_IOSCHED_NOOP=y
CONFIG_IOSCHED_AS=y
CONFIG_IOSCHED_DEADLINE=y
CONFIG_IOSCHED_CFQ=y
# CONFIG_DEFAULT_AS is not set
# CONFIG_DEFAULT_DEADLINE is not set
CONFIG_DEFAULT_CFQ=y
# CONFIG_DEFAULT_NOOP is not set
CONFIG_DEFAULT_IOSCHED="cfq"
#
# Processor type and features
#
CONFIG_X86_PC=y
# CONFIG_X86_VSMP is not set
CONFIG_MK8=y
# CONFIG_MPSC is not set
# CONFIG_MCORE2 is not set
# CONFIG_GENERIC_CPU is not set
CONFIG_X86_L1_CACHE_BYTES=64
CONFIG_X86_L1_CACHE_SHIFT=6
CONFIG_X86_INTERNODE_CACHE_BYTES=64
CONFIG_X86_TSC=y
CONFIG_X86_GOOD_APIC=y
CONFIG_MICROCODE=m
CONFIG_MICROCODE_OLD_INTERFACE=y
CONFIG_X86_MSR=m
CONFIG_X86_CPUID=m
CONFIG_X86_IO_APIC=y
CONFIG_X86_LOCAL_APIC=y
CONFIG_MTRR=y
CONFIG_SMP=y
CONFIG_SCHED_SMT=y
CONFIG_SCHED_MC=y
# CONFIG_TICK_ONESHOT is not set
# CONFIG_NO_HZ is not set
# CONFIG_HIGH_RES_TIMERS is not set
CONFIG_PREEMPT_NONE=y
# CONFIG_PREEMPT_VOLUNTARY is not set
# CONFIG_PREEMPT_DESKTOP is not set
# CONFIG_PREEMPT_RT is not set
# CONFIG_PREEMPT_SOFTIRQS is not set
# CONFIG_PREEMPT_HARDIRQS is not set
# CONFIG_SPINLOCK_BKL is not set
# CONFIG_PREEMPT_BKL is not set
CONFIG_CLASSIC_RCU=y
# CONFIG_PREEMPT_RCU is not set
CONFIG_RCU_TRACE=y
CONFIG_NUMA=y
CONFIG_RWSEM_GENERIC_SPINLOCK=y
CONFIG_K8_NUMA=y
CONFIG_NODES_SHIFT=6
CONFIG_X86_64_ACPI_NUMA=y
# CONFIG_NUMA_EMU is not set
CONFIG_ARCH_DISCONTIGMEM_ENABLE=y
CONFIG_ARCH_DISCONTIGMEM_DEFAULT=y
CONFIG_ARCH_SPARSEMEM_ENABLE=y
CONFIG_SELECT_MEMORY_MODEL=y
# CONFIG_FLATMEM_MANUAL is not set
CONFIG_DISCONTIGMEM_MANUAL=y
# CONFIG_SPARSEMEM_MANUAL is not set
CONFIG_DISCONTIGMEM=y
CONFIG_FLAT_NODE_MEM_MAP=y
CONFIG_NEED_MULTIPLE_NODES=y
# CONFIG_SPARSEMEM_STATIC is not set
# CONFIG_MEMORY_HOTPLUG is not set
CONFIG_SPLIT_PTLOCK_CPUS=4
CONFIG_MIGRATION=y
CONFIG_RESOURCES_64BIT=y
CONFIG_ZONE_DMA_FLAG=1
CONFIG_HAVE_ARCH_EARLY_PFN_TO_NID=y
CONFIG_OUT_OF_LINE_PFN_TO_PAGE=y
CONFIG_NR_CPUS=32
# CONFIG_HOTPLUG_CPU is not set
CONFIG_ARCH_ENABLE_MEMORY_HOTPLUG=y
CONFIG_HPET_TIMER=y
CONFIG_HPET_EMULATE_RTC=y
CONFIG_IOMMU=y
# CONFIG_CALGARY_IOMMU is not set
CONFIG_SWIOTLB=y
CONFIG_X86_MCE=y
# CONFIG_X86_MCE_INTEL is not set
CONFIG_X86_MCE_AMD=y
CONFIG_KEXEC=y
# CONFIG_CRASH_DUMP is not set
CONFIG_PHYSICAL_START=0x200000
# CONFIG_SECCOMP is not set
# CONFIG_CC_STACKPROTECTOR is not set
# CONFIG_HZ_100 is not set
CONFIG_HZ_250=y
# CONFIG_HZ_300 is not set
# CONFIG_HZ_1000 is not set
CONFIG_HZ=250
# CONFIG_REORDER is not set
CONFIG_K8_NB=y
CONFIG_GENERIC_HARDIRQS=y
CONFIG_GENERIC_IRQ_PROBE=y
CONFIG_ISA_DMA_API=y
CONFIG_GENERIC_PENDING_IRQ=y
#
# Power management options
#
CONFIG_PM=y
# CONFIG_PM_LEGACY is not set
# CONFIG_PM_DEBUG is not set
# CONFIG_PM_SYSFS_DEPRECATED is not set
#
# ACPI (Advanced Configuration and Power Interface) Support
#
CONFIG_ACPI=y
# CONFIG_ACPI_PROCFS is not set
CONFIG_ACPI_AC=m
# CONFIG_ACPI_BATTERY is not set
# CONFIG_ACPI_BUTTON is not set
# CONFIG_ACPI_VIDEO is not set
CONFIG_ACPI_FAN=m
# CONFIG_ACPI_DOCK is not set
CONFIG_ACPI_PROCESSOR=m
CONFIG_ACPI_THERMAL=m
CONFIG_ACPI_NUMA=y
# CONFIG_ACPI_ASUS is not set
# CONFIG_ACPI_IBM is not set
# CONFIG_ACPI_TOSHIBA is not set
CONFIG_ACPI_BLACKLIST_YEAR=0
# CONFIG_ACPI_DEBUG is not set
CONFIG_ACPI_EC=y
CONFIG_ACPI_POWER=y
CONFIG_ACPI_SYSTEM=y
CONFIG_X86_PM_TIMER=y
CONFIG_ACPI_CONTAINER=m
# CONFIG_ACPI_SBS is not set
#
# CPU Frequency scaling
#
CONFIG_CPU_FREQ=y
CONFIG_CPU_FREQ_TABLE=m
# CONFIG_CPU_FREQ_DEBUG is not set
CONFIG_CPU_FREQ_STAT=m
# CONFIG_CPU_FREQ_STAT_DETAILS is not set
CONFIG_CPU_FREQ_DEFAULT_GOV_PERFORMANCE=y
# CONFIG_CPU_FREQ_DEFAULT_GOV_USERSPACE is not set
CONFIG_CPU_FREQ_GOV_PERFORMANCE=y
CONFIG_CPU_FREQ_GOV_POWERSAVE=m
CONFIG_CPU_FREQ_GOV_USERSPACE=m
CONFIG_CPU_FREQ_GOV_ONDEMAND=m
CONFIG_CPU_FREQ_GOV_CONSERVATIVE=m
#
# CPUFreq processor drivers
#
CONFIG_X86_POWERNOW_K8=m
CONFIG_X86_POWERNOW_K8_ACPI=y
# CONFIG_X86_SPEEDSTEP_CENTRINO is not set
CONFIG_X86_ACPI_CPUFREQ=m
#
# shared options
#
# CONFIG_X86_ACPI_CPUFREQ_PROC_INTF is not set
# CONFIG_X86_SPEEDSTEP_LIB is not set
#
# Bus options (PCI etc.)
#
CONFIG_PCI=y
CONFIG_PCI_DIRECT=y
CONFIG_PCI_MMCONFIG=y
CONFIG_PCIEPORTBUS=y
CONFIG_HOTPLUG_PCI_PCIE=m
# CONFIG_HOTPLUG_PCI_PCIE_POLL_EVENT_MODE is not set
CONFIG_PCIEAER=y
CONFIG_PCI_MSI=y
# CONFIG_PCI_DEBUG is not set
CONFIG_HT_IRQ=y
#
# PCCARD (PCMCIA/CardBus) support
#
# CONFIG_PCCARD is not set
#
# PCI Hotplug Support
#
CONFIG_HOTPLUG_PCI=m
CONFIG_HOTPLUG_PCI_FAKE=m
CONFIG_HOTPLUG_PCI_ACPI=m
CONFIG_HOTPLUG_PCI_ACPI_IBM=m
# CONFIG_HOTPLUG_PCI_CPCI is not set
# CONFIG_HOTPLUG_PCI_SHPC is not set
#
# Executable file formats / Emulations
#
CONFIG_BINFMT_ELF=y
CONFIG_BINFMT_MISC=m
CONFIG_IA32_EMULATION=y
CONFIG_IA32_AOUT=y
CONFIG_COMPAT=y
CONFIG_SYSVIPC_COMPAT=y
#
# Networking
#
CONFIG_NET=y
#
# Networking options
#
# CONFIG_NETDEBUG is not set
CONFIG_PACKET=y
CONFIG_PACKET_MMAP=y
CONFIG_UNIX=y
CONFIG_XFRM=y
CONFIG_XFRM_USER=m
# CONFIG_XFRM_SUB_POLICY is not set
# CONFIG_XFRM_MIGRATE is not set
CONFIG_NET_KEY=m
# CONFIG_NET_KEY_MIGRATE is not set
CONFIG_INET=y
CONFIG_IP_MULTICAST=y
CONFIG_IP_ADVANCED_ROUTER=y
CONFIG_ASK_IP_FIB_HASH=y
# CONFIG_IP_FIB_TRIE is not set
CONFIG_IP_FIB_HASH=y
# CONFIG_IP_MULTIPLE_TABLES is not set
# CONFIG_IP_ROUTE_MULTIPATH is not set
# CONFIG_IP_ROUTE_VERBOSE is not set
# CONFIG_IP_PNP is not set
# CONFIG_NET_IPIP is not set
# CONFIG_NET_IPGRE is not set
# CONFIG_IP_MROUTE is not set
# CONFIG_ARPD is not set
CONFIG_SYN_COOKIES=y
# CONFIG_INET_AH is not set
# CONFIG_INET_ESP is not set
# CONFIG_INET_IPCOMP is not set
# CONFIG_INET_XFRM_TUNNEL is not set
# CONFIG_INET_TUNNEL is not set
# CONFIG_INET_XFRM_MODE_TRANSPORT is not set
# CONFIG_INET_XFRM_MODE_TUNNEL is not set
# CONFIG_INET_XFRM_MODE_BEET is not set
CONFIG_INET_DIAG=y
CONFIG_INET_TCP_DIAG=y
CONFIG_TCP_CONG_ADVANCED=y
CONFIG_TCP_CONG_BIC=y
CONFIG_TCP_CONG_CUBIC=m
CONFIG_TCP_CONG_WESTWOOD=m
CONFIG_TCP_CONG_HTCP=m
CONFIG_TCP_CONG_HSTCP=m
CONFIG_TCP_CONG_HYBLA=m
CONFIG_TCP_CONG_VEGAS=m
CONFIG_TCP_CONG_SCALABLE=m
CONFIG_TCP_CONG_LP=m
CONFIG_TCP_CONG_VENO=m
CONFIG_DEFAULT_BIC=y
# CONFIG_DEFAULT_CUBIC is not set
# CONFIG_DEFAULT_HTCP is not set
# CONFIG_DEFAULT_VEGAS is not set
# CONFIG_DEFAULT_WESTWOOD is not set
# CONFIG_DEFAULT_RENO is not set
CONFIG_DEFAULT_TCP_CONG="bic"
# CONFIG_TCP_MD5SIG is not set
CONFIG_IPV6=m
CONFIG_IPV6_PRIVACY=y
# CONFIG_IPV6_ROUTER_PREF is not set
# CONFIG_INET6_AH is not set
# CONFIG_INET6_ESP is not set
# CONFIG_INET6_IPCOMP is not set
# CONFIG_IPV6_MIP6 is not set
# CONFIG_INET6_XFRM_TUNNEL is not set
# CONFIG_INET6_TUNNEL is not set
# CONFIG_INET6_XFRM_MODE_TRANSPORT is not set
# CONFIG_INET6_XFRM_MODE_TUNNEL is not set
# CONFIG_INET6_XFRM_MODE_BEET is not set
# CONFIG_INET6_XFRM_MODE_ROUTEOPTIMIZATION is not set
# CONFIG_IPV6_SIT is not set
# CONFIG_IPV6_TUNNEL is not set
# CONFIG_IPV6_MULTIPLE_TABLES is not set
CONFIG_NETWORK_SECMARK=y
# CONFIG_NETFILTER is not set
#
# DCCP Configuration (EXPERIMENTAL)
#
# CONFIG_IP_DCCP is not set
#
# SCTP Configuration (EXPERIMENTAL)
#
CONFIG_IP_SCTP=m
# CONFIG_SCTP_DBG_MSG is not set
# CONFIG_SCTP_DBG_OBJCNT is not set
# CONFIG_SCTP_HMAC_NONE is not set
# CONFIG_SCTP_HMAC_SHA1 is not set
CONFIG_SCTP_HMAC_MD5=y
#
# TIPC Configuration (EXPERIMENTAL)
#
# CONFIG_TIPC is not set
# CONFIG_ATM is not set
CONFIG_BRIDGE=m
CONFIG_VLAN_8021Q=m
# CONFIG_DECNET is not set
CONFIG_LLC=m
# CONFIG_LLC2 is not set
# CONFIG_IPX is not set
# CONFIG_ATALK is not set
# CONFIG_X25 is not set
# CONFIG_LAPB is not set
# CONFIG_ECONET is not set
# CONFIG_WAN_ROUTER is not set
#
# QoS and/or fair queueing
#
# CONFIG_NET_SCHED is not set
#
# Network testing
#
# CONFIG_NET_PKTGEN is not set
# CONFIG_NET_TCPPROBE is not set
# CONFIG_HAMRADIO is not set
# CONFIG_IRDA is not set
# CONFIG_BT is not set
# CONFIG_IEEE80211 is not set
#
# Device Drivers
#
#
# Generic Driver Options
#
CONFIG_STANDALONE=y
CONFIG_PREVENT_FIRMWARE_BUILD=y
CONFIG_FW_LOADER=m
# CONFIG_DEBUG_DRIVER is not set
# CONFIG_DEBUG_DEVRES is not set
# CONFIG_SYS_HYPERVISOR is not set
#
# Connector - unified userspace <-> kernelspace linker
#
CONFIG_CONNECTOR=m
#
# Memory Technology Devices (MTD)
#
# CONFIG_MTD is not set
#
# Parallel port support
#
# CONFIG_PARPORT is not set
#
# Plug and Play support
#
CONFIG_PNP=y
CONFIG_PNP_DEBUG=y
#
# Protocols
#
CONFIG_PNPACPI=y
#
# Block devices
#
# CONFIG_BLK_DEV_FD is not set
# CONFIG_BLK_CPQ_DA is not set
# CONFIG_BLK_CPQ_CISS_DA is not set
# CONFIG_BLK_DEV_DAC960 is not set
# CONFIG_BLK_DEV_UMEM is not set
# CONFIG_BLK_DEV_COW_COMMON is not set
CONFIG_BLK_DEV_LOOP=m
# CONFIG_BLK_DEV_CRYPTOLOOP is not set
CONFIG_BLK_DEV_NBD=m
# CONFIG_BLK_DEV_SX8 is not set
# CONFIG_BLK_DEV_UB is not set
CONFIG_BLK_DEV_RAM=y
CONFIG_BLK_DEV_RAM_COUNT=16
CONFIG_BLK_DEV_RAM_SIZE=65536
CONFIG_BLK_DEV_RAM_BLOCKSIZE=1024
CONFIG_CDROM_PKTCDVD=m
CONFIG_CDROM_PKTCDVD_BUFFERS=8
# CONFIG_CDROM_PKTCDVD_WCACHE is not set
# CONFIG_ATA_OVER_ETH is not set
# CONFIG_KVM_BLOCK is not set
#
# Misc devices
#
# CONFIG_IBM_ASM is not set
# CONFIG_SGI_IOC4 is not set
# CONFIG_TIFM_CORE is not set
# CONFIG_MSI_LAPTOP is not set
# CONFIG_SONY_LAPTOP is not set
#
# ATA/ATAPI/MFM/RLL support
#
CONFIG_IDE=y
CONFIG_BLK_DEV_IDE=y
#
# Please see Documentation/ide.txt for help/info on IDE drives
#
# CONFIG_BLK_DEV_IDE_SATA is not set
# CONFIG_BLK_DEV_HD_IDE is not set
# CONFIG_BLK_DEV_IDEDISK is not set
# CONFIG_IDEDISK_MULTI_MODE is not set
CONFIG_BLK_DEV_IDECD=y
# CONFIG_BLK_DEV_IDETAPE is not set
# CONFIG_BLK_DEV_IDEFLOPPY is not set
# CONFIG_BLK_DEV_IDESCSI is not set
# CONFIG_BLK_DEV_IDEACPI is not set
# CONFIG_IDE_TASK_IOCTL is not set
#
# IDE chipset support/bugfixes
#
CONFIG_IDE_GENERIC=y
# CONFIG_BLK_DEV_CMD640 is not set
# CONFIG_BLK_DEV_IDEPNP is not set
CONFIG_BLK_DEV_IDEPCI=y
CONFIG_IDEPCI_SHARE_IRQ=y
# CONFIG_BLK_DEV_OFFBOARD is not set
CONFIG_BLK_DEV_GENERIC=y
# CONFIG_BLK_DEV_OPTI621 is not set
# CONFIG_BLK_DEV_RZ1000 is not set
CONFIG_BLK_DEV_IDEDMA_PCI=y
# CONFIG_BLK_DEV_IDEDMA_FORCED is not set
# CONFIG_IDEDMA_ONLYDISK is not set
# CONFIG_BLK_DEV_AEC62XX is not set
# CONFIG_BLK_DEV_ALI15X3 is not set
# CONFIG_BLK_DEV_AMD74XX is not set
# CONFIG_BLK_DEV_ATIIXP is not set
# CONFIG_BLK_DEV_CMD64X is not set
# CONFIG_BLK_DEV_TRIFLEX is not set
# CONFIG_BLK_DEV_CY82C693 is not set
# CONFIG_BLK_DEV_CS5520 is not set
# CONFIG_BLK_DEV_CS5530 is not set
# CONFIG_BLK_DEV_HPT34X is not set
# CONFIG_BLK_DEV_HPT366 is not set
# CONFIG_BLK_DEV_JMICRON is not set
# CONFIG_BLK_DEV_SC1200 is not set
# CONFIG_BLK_DEV_PIIX is not set
# CONFIG_BLK_DEV_IT8213 is not set
# CONFIG_BLK_DEV_IT821X is not set
# CONFIG_BLK_DEV_NS87415 is not set
# CONFIG_BLK_DEV_PDC202XX_OLD is not set
# CONFIG_BLK_DEV_PDC202XX_NEW is not set
CONFIG_BLK_DEV_SVWKS=y
# CONFIG_BLK_DEV_SIIMAGE is not set
# CONFIG_BLK_DEV_SIS5513 is not set
# CONFIG_BLK_DEV_SLC90E66 is not set
# CONFIG_BLK_DEV_TRM290 is not set
# CONFIG_BLK_DEV_VIA82CXXX is not set
# CONFIG_BLK_DEV_TC86C001 is not set
# CONFIG_IDE_ARM is not set
CONFIG_BLK_DEV_IDEDMA=y
# CONFIG_IDEDMA_IVB is not set
# CONFIG_BLK_DEV_HD is not set
#
# SCSI device support
#
# CONFIG_RAID_ATTRS is not set
CONFIG_SCSI=y
# CONFIG_SCSI_TGT is not set
# CONFIG_SCSI_NETLINK is not set
CONFIG_SCSI_PROC_FS=y
#
# SCSI support type (disk, tape, CD-ROM)
#
CONFIG_BLK_DEV_SD=y
# CONFIG_CHR_DEV_ST is not set
# CONFIG_CHR_DEV_OSST is not set
CONFIG_BLK_DEV_SR=y
CONFIG_BLK_DEV_SR_VENDOR=y
CONFIG_CHR_DEV_SG=y
# CONFIG_CHR_DEV_SCH is not set
#
# Some SCSI devices (e.g. CD jukebox) support multiple LUNs
#
CONFIG_SCSI_MULTI_LUN=y
CONFIG_SCSI_CONSTANTS=y
CONFIG_SCSI_LOGGING=y
# CONFIG_SCSI_SCAN_ASYNC is not set
#
# SCSI Transports
#
# CONFIG_SCSI_SPI_ATTRS is not set
# CONFIG_SCSI_FC_ATTRS is not set
CONFIG_SCSI_ISCSI_ATTRS=m
# CONFIG_SCSI_SAS_ATTRS is not set
# CONFIG_SCSI_SAS_LIBSAS is not set
#
# SCSI low-level drivers
#
# CONFIG_ISCSI_TCP is not set
# CONFIG_BLK_DEV_3W_XXXX_RAID is not set
# CONFIG_SCSI_3W_9XXX is not set
# CONFIG_SCSI_ACARD is not set
# CONFIG_SCSI_AACRAID is not set
# CONFIG_SCSI_AIC7XXX is not set
# CONFIG_SCSI_AIC7XXX_OLD is not set
# CONFIG_SCSI_AIC79XX is not set
# CONFIG_SCSI_AIC94XX is not set
# CONFIG_SCSI_ARCMSR is not set
# CONFIG_MEGARAID_NEWGEN is not set
# CONFIG_MEGARAID_LEGACY is not set
# CONFIG_MEGARAID_SAS is not set
# CONFIG_SCSI_HPTIOP is not set
# CONFIG_SCSI_BUSLOGIC is not set
# CONFIG_SCSI_DMX3191D is not set
# CONFIG_SCSI_EATA is not set
# CONFIG_SCSI_FUTURE_DOMAIN is not set
# CONFIG_SCSI_GDTH is not set
# CONFIG_SCSI_IPS is not set
# CONFIG_SCSI_INITIO is not set
# CONFIG_SCSI_INIA100 is not set
# CONFIG_SCSI_STEX is not set
# CONFIG_SCSI_SYM53C8XX_2 is not set
# CONFIG_SCSI_IPR is not set
# CONFIG_SCSI_QLOGIC_1280 is not set
# CONFIG_SCSI_QLA_FC is not set
# CONFIG_SCSI_QLA_ISCSI is not set
# CONFIG_SCSI_LPFC is not set
# CONFIG_SCSI_DC395x is not set
# CONFIG_SCSI_DC390T is not set
# CONFIG_SCSI_DEBUG is not set
# CONFIG_SCSI_SRP is not set
#
# Serial ATA (prod) and Parallel ATA (experimental) drivers
#
CONFIG_ATA=y
# CONFIG_ATA_NONSTANDARD is not set
# CONFIG_SATA_AHCI is not set
CONFIG_SATA_SVW=y
# CONFIG_ATA_PIIX is not set
# CONFIG_SATA_MV is not set
# CONFIG_SATA_NV is not set
# CONFIG_PDC_ADMA is not set
# CONFIG_SATA_QSTOR is not set
# CONFIG_SATA_PROMISE is not set
# CONFIG_SATA_SX4 is not set
# CONFIG_SATA_SIL is not set
# CONFIG_SATA_SIL24 is not set
# CONFIG_SATA_SIS is not set
# CONFIG_SATA_ULI is not set
# CONFIG_SATA_VIA is not set
# CONFIG_SATA_VITESSE is not set
# CONFIG_SATA_INIC162X is not set
CONFIG_SATA_ACPI=y
# CONFIG_PATA_ALI is not set
# CONFIG_PATA_AMD is not set
# CONFIG_PATA_ARTOP is not set
# CONFIG_PATA_ATIIXP is not set
# CONFIG_PATA_CMD64X is not set
# CONFIG_PATA_CS5520 is not set
# CONFIG_PATA_CS5530 is not set
# CONFIG_PATA_CYPRESS is not set
# CONFIG_PATA_EFAR is not set
# CONFIG_ATA_GENERIC is not set
# CONFIG_PATA_HPT366 is not set
# CONFIG_PATA_HPT37X is not set
# CONFIG_PATA_HPT3X2N is not set
# CONFIG_PATA_HPT3X3 is not set
# CONFIG_PATA_IT821X is not set
# CONFIG_PATA_IT8213 is not set
# CONFIG_PATA_JMICRON is not set
# CONFIG_PATA_TRIFLEX is not set
# CONFIG_PATA_MARVELL is not set
# CONFIG_PATA_MPIIX is not set
# CONFIG_PATA_OLDPIIX is not set
# CONFIG_PATA_NETCELL is not set
# CONFIG_PATA_NS87410 is not set
# CONFIG_PATA_OPTI is not set
# CONFIG_PATA_OPTIDMA is not set
# CONFIG_PATA_PDC_OLD is not set
# CONFIG_PATA_RADISYS is not set
# CONFIG_PATA_RZ1000 is not set
# CONFIG_PATA_SC1200 is not set
CONFIG_PATA_SERVERWORKS=y
# CONFIG_PATA_PDC2027X is not set
# CONFIG_PATA_SIL680 is not set
# CONFIG_PATA_SIS is not set
# CONFIG_PATA_VIA is not set
# CONFIG_PATA_WINBOND is not set
#
# Multi-device support (RAID and LVM)
#
CONFIG_MD=y
CONFIG_BLK_DEV_MD=m
CONFIG_MD_LINEAR=m
CONFIG_MD_RAID0=m
CONFIG_MD_RAID1=m
CONFIG_MD_RAID10=m
CONFIG_MD_RAID456=m
CONFIG_MD_RAID5_RESHAPE=y
CONFIG_MD_MULTIPATH=m
CONFIG_MD_FAULTY=m
CONFIG_BLK_DEV_DM=m
# CONFIG_DM_DEBUG is not set
CONFIG_DM_CRYPT=m
CONFIG_DM_SNAPSHOT=m
CONFIG_DM_MIRROR=m
CONFIG_DM_ZERO=m
CONFIG_DM_MULTIPATH=m
CONFIG_DM_MULTIPATH_EMC=m
#
# Fusion MPT device support
#
# CONFIG_FUSION is not set
# CONFIG_FUSION_SPI is not set
# CONFIG_FUSION_FC is not set
# CONFIG_FUSION_SAS is not set
#
# IEEE 1394 (FireWire) support
#
# CONFIG_IEEE1394 is not set
#
# I2O device support
#
# CONFIG_I2O is not set
#
# Macintosh device drivers
#
# CONFIG_MAC_EMUMOUSEBTN is not set
#
# Network device support
#
CONFIG_NETDEVICES=y
CONFIG_DUMMY=m
CONFIG_BONDING=m
# CONFIG_EQUALIZER is not set
CONFIG_TUN=m
# CONFIG_NET_SB1000 is not set
#
# ARCnet devices
#
# CONFIG_ARCNET is not set
#
# PHY device support
#
#
# Ethernet (10 or 100Mbit)
#
# CONFIG_NET_ETHERNET is not set
#
# Ethernet (1000 Mbit)
#
# CONFIG_ACENIC is not set
# CONFIG_DL2K is not set
# CONFIG_E1000 is not set
# CONFIG_NS83820 is not set
# CONFIG_HAMACHI is not set
# CONFIG_YELLOWFIN is not set
# CONFIG_R8169 is not set
# CONFIG_SIS190 is not set
# CONFIG_SKGE is not set
# CONFIG_SKY2 is not set
# CONFIG_SK98LIN is not set
CONFIG_TIGON3=m
CONFIG_BNX2=m
# CONFIG_QLA3XXX is not set
# CONFIG_ATL1 is not set
#
# Ethernet (10000 Mbit)
#
# CONFIG_CHELSIO_T1 is not set
CONFIG_CHELSIO_T3=m
# CONFIG_IXGB is not set
# CONFIG_S2IO is not set
# CONFIG_MYRI10GE is not set
# CONFIG_NETXEN_NIC is not set
#
# Token Ring devices
#
# CONFIG_TR is not set
#
# Wireless LAN (non-hamradio)
#
# CONFIG_NET_RADIO is not set
#
# Wan interfaces
#
# CONFIG_WAN is not set
# CONFIG_FDDI is not set
# CONFIG_HIPPI is not set
# CONFIG_PPP is not set
# CONFIG_SLIP is not set
# CONFIG_NET_FC is not set
# CONFIG_SHAPER is not set
CONFIG_NETCONSOLE=y
CONFIG_NETPOLL=y
# CONFIG_NETPOLL_RX is not set
# CONFIG_NETPOLL_TRAP is not set
CONFIG_NET_POLL_CONTROLLER=y
#
# ISDN subsystem
#
# CONFIG_ISDN is not set
#
# Telephony Support
#
# CONFIG_PHONE is not set
#
# Input device support
#
CONFIG_INPUT=y
# CONFIG_INPUT_FF_MEMLESS is not set
#
# Userland interfaces
#
CONFIG_INPUT_MOUSEDEV=y
CONFIG_INPUT_MOUSEDEV_PSAUX=y
CONFIG_INPUT_MOUSEDEV_SCREEN_X=1024
CONFIG_INPUT_MOUSEDEV_SCREEN_Y=768
CONFIG_INPUT_JOYDEV=m
CONFIG_INPUT_TSDEV=m
CONFIG_INPUT_TSDEV_SCREEN_X=240
CONFIG_INPUT_TSDEV_SCREEN_Y=320
CONFIG_INPUT_EVDEV=m
# CONFIG_INPUT_EVBUG is not set
#
# Input Device Drivers
#
CONFIG_INPUT_KEYBOARD=y
CONFIG_KEYBOARD_ATKBD=y
CONFIG_KEYBOARD_SUNKBD=m
CONFIG_KEYBOARD_LKKBD=m
CONFIG_KEYBOARD_XTKBD=m
CONFIG_KEYBOARD_NEWTON=m
# CONFIG_KEYBOARD_STOWAWAY is not set
CONFIG_INPUT_MOUSE=y
CONFIG_MOUSE_PS2=m
CONFIG_MOUSE_SERIAL=m
CONFIG_MOUSE_VSXXXAA=m
CONFIG_INPUT_JOYSTICK=y
CONFIG_JOYSTICK_ANALOG=m
CONFIG_JOYSTICK_A3D=m
CONFIG_JOYSTICK_ADI=m
CONFIG_JOYSTICK_COBRA=m
CONFIG_JOYSTICK_GF2K=m
CONFIG_JOYSTICK_GRIP=m
CONFIG_JOYSTICK_GRIP_MP=m
CONFIG_JOYSTICK_GUILLEMOT=m
CONFIG_JOYSTICK_INTERACT=m
CONFIG_JOYSTICK_SIDEWINDER=m
CONFIG_JOYSTICK_TMDC=m
CONFIG_JOYSTICK_IFORCE=m
CONFIG_JOYSTICK_IFORCE_USB=y
CONFIG_JOYSTICK_IFORCE_232=y
CONFIG_JOYSTICK_WARRIOR=m
CONFIG_JOYSTICK_MAGELLAN=m
CONFIG_JOYSTICK_SPACEORB=m
CONFIG_JOYSTICK_SPACEBALL=m
CONFIG_JOYSTICK_STINGER=m
CONFIG_JOYSTICK_TWIDJOY=m
CONFIG_JOYSTICK_JOYDUMP=m
CONFIG_INPUT_TOUCHSCREEN=y
CONFIG_TOUCHSCREEN_GUNZE=m
CONFIG_TOUCHSCREEN_ELO=m
CONFIG_TOUCHSCREEN_MTOUCH=m
CONFIG_TOUCHSCREEN_MK712=m
# CONFIG_TOUCHSCREEN_PENMOUNT is not set
# CONFIG_TOUCHSCREEN_TOUCHRIGHT is not set
# CONFIG_TOUCHSCREEN_TOUCHWIN is not set
# CONFIG_TOUCHSCREEN_UCB1400 is not set
CONFIG_INPUT_MISC=y
CONFIG_INPUT_PCSPKR=m
# CONFIG_INPUT_ATLAS_BTNS is not set
CONFIG_INPUT_UINPUT=m
#
# Hardware I/O ports
#
CONFIG_SERIO=y
CONFIG_SERIO_I8042=y
CONFIG_SERIO_SERPORT=m
CONFIG_SERIO_CT82C710=m
CONFIG_SERIO_PCIPS2=m
CONFIG_SERIO_LIBPS2=y
CONFIG_SERIO_RAW=m
CONFIG_GAMEPORT=m
CONFIG_GAMEPORT_NS558=m
CONFIG_GAMEPORT_L4=m
CONFIG_GAMEPORT_EMU10K1=m
CONFIG_GAMEPORT_FM801=m
#
# Character devices
#
CONFIG_VT=y
CONFIG_VT_CONSOLE=y
CONFIG_HW_CONSOLE=y
# CONFIG_VT_HW_CONSOLE_BINDING is not set
CONFIG_SERIAL_NONSTANDARD=y
# CONFIG_COMPUTONE is not set
# CONFIG_ROCKETPORT is not set
# CONFIG_CYCLADES is not set
# CONFIG_DIGIEPCA is not set
# CONFIG_MOXA_INTELLIO is not set
# CONFIG_MOXA_SMARTIO is not set
# CONFIG_MOXA_SMARTIO_NEW is not set
# CONFIG_ISI is not set
# CONFIG_SYNCLINK is not set
# CONFIG_SYNCLINKMP is not set
# CONFIG_SYNCLINK_GT is not set
# CONFIG_N_HDLC is not set
# CONFIG_SPECIALIX is not set
# CONFIG_SX is not set
# CONFIG_RIO is not set
# CONFIG_STALDRV is not set
#
# Serial drivers
#
CONFIG_SERIAL_8250=y
CONFIG_SERIAL_8250_CONSOLE=y
CONFIG_SERIAL_8250_PCI=y
CONFIG_SERIAL_8250_PNP=y
CONFIG_SERIAL_8250_NR_UARTS=16
CONFIG_SERIAL_8250_RUNTIME_UARTS=4
CONFIG_SERIAL_8250_EXTENDED=y
CONFIG_SERIAL_8250_MANY_PORTS=y
CONFIG_SERIAL_8250_SHARE_IRQ=y
# CONFIG_SERIAL_8250_DETECT_IRQ is not set
CONFIG_SERIAL_8250_RSA=y
#
# Non-8250 serial port support
#
CONFIG_SERIAL_CORE=y
CONFIG_SERIAL_CORE_CONSOLE=y
# CONFIG_SERIAL_JSM is not set
CONFIG_UNIX98_PTYS=y
CONFIG_LEGACY_PTYS=y
CONFIG_LEGACY_PTY_COUNT=16
#
# IPMI
#
CONFIG_IPMI_HANDLER=m
# CONFIG_IPMI_PANIC_EVENT is not set
CONFIG_IPMI_DEVICE_INTERFACE=m
CONFIG_IPMI_SI=m
CONFIG_IPMI_WATCHDOG=m
CONFIG_IPMI_POWEROFF=m
#
# Watchdog Cards
#
# CONFIG_WATCHDOG is not set
CONFIG_HW_RANDOM=y
# CONFIG_HW_RANDOM_INTEL is not set
CONFIG_HW_RANDOM_AMD=m
CONFIG_HW_RANDOM_GEODE=m
CONFIG_NVRAM=m
CONFIG_RTC=y
# CONFIG_RTC_HISTOGRAM is not set
# CONFIG_BLOCKER is not set
# CONFIG_LPPTEST is not set
# CONFIG_DTLK is not set
# CONFIG_R3964 is not set
# CONFIG_APPLICOM is not set
CONFIG_AGP=y
CONFIG_AGP_AMD64=y
CONFIG_AGP_INTEL=m
# CONFIG_AGP_SIS is not set
# CONFIG_AGP_VIA is not set
# CONFIG_DRM is not set
# CONFIG_MWAVE is not set
# CONFIG_PC8736x_GPIO is not set
# CONFIG_RAW_DRIVER is not set
CONFIG_HPET=y
# CONFIG_HPET_RTC_IRQ is not set
CONFIG_HPET_MMAP=y
CONFIG_HANGCHECK_TIMER=m
#
# TPM devices
#
# CONFIG_TCG_TPM is not set
# CONFIG_TELCLOCK is not set
# CONFIG_RMEM is not set
# CONFIG_ALLOC_RTSJ_MEM is not set
#
# I2C support
#
CONFIG_I2C=m
# CONFIG_I2C_CHARDEV is not set
#
# I2C Algorithms
#
CONFIG_I2C_ALGOBIT=m
# CONFIG_I2C_ALGOPCF is not set
CONFIG_I2C_ALGOPCA=m
#
# I2C Hardware Bus support
#
# CONFIG_I2C_ALI1535 is not set
# CONFIG_I2C_ALI1563 is not set
# CONFIG_I2C_ALI15X3 is not set
# CONFIG_I2C_AMD756 is not set
# CONFIG_I2C_AMD8111 is not set
# CONFIG_I2C_I801 is not set
# CONFIG_I2C_I810 is not set
# CONFIG_I2C_PIIX4 is not set
# CONFIG_I2C_NFORCE2 is not set
# CONFIG_I2C_OCORES is not set
# CONFIG_I2C_PARPORT_LIGHT is not set
# CONFIG_I2C_PASEMI is not set
# CONFIG_I2C_PROSAVAGE is not set
# CONFIG_I2C_SAVAGE4 is not set
# CONFIG_I2C_SIS5595 is not set
# CONFIG_I2C_SIS630 is not set
# CONFIG_I2C_SIS96X is not set
# CONFIG_I2C_STUB is not set
# CONFIG_I2C_VIA is not set
# CONFIG_I2C_VIAPRO is not set
# CONFIG_I2C_VOODOO3 is not set
# CONFIG_I2C_PCA_ISA is not set
#
# Miscellaneous I2C Chip support
#
# CONFIG_SENSORS_DS1337 is not set
# CONFIG_SENSORS_DS1374 is not set
# CONFIG_SENSORS_EEPROM is not set
# CONFIG_SENSORS_PCF8574 is not set
# CONFIG_SENSORS_PCA9539 is not set
# CONFIG_SENSORS_PCF8591 is not set
# CONFIG_SENSORS_MAX6875 is not set
# CONFIG_I2C_DEBUG_CORE is not set
# CONFIG_I2C_DEBUG_ALGO is not set
# CONFIG_I2C_DEBUG_BUS is not set
# CONFIG_I2C_DEBUG_CHIP is not set
#
# SPI support
#
# CONFIG_SPI is not set
# CONFIG_SPI_MASTER is not set
#
# Dallas's 1-wire bus
#
# CONFIG_W1 is not set
#
# Hardware Monitoring support
#
# CONFIG_HWMON is not set
# CONFIG_HWMON_VID is not set
#
# Multifunction device drivers
#
# CONFIG_MFD_SM501 is not set
#
# Multimedia devices
#
# CONFIG_VIDEO_DEV is not set
#
# Digital Video Broadcasting Devices
#
# CONFIG_DVB is not set
# CONFIG_USB_DABUSB is not set
#
# Graphics support
#
CONFIG_BACKLIGHT_LCD_SUPPORT=y
CONFIG_BACKLIGHT_CLASS_DEVICE=y
# CONFIG_LCD_CLASS_DEVICE is not set
# CONFIG_BACKLIGHT_PROGEAR is not set
CONFIG_FB=y
CONFIG_FIRMWARE_EDID=y
# CONFIG_FB_DDC is not set
CONFIG_FB_CFB_FILLRECT=y
CONFIG_FB_CFB_COPYAREA=y
CONFIG_FB_CFB_IMAGEBLIT=y
# CONFIG_FB_SVGALIB is not set
# CONFIG_FB_MACMODES is not set
# CONFIG_FB_BACKLIGHT is not set
CONFIG_FB_MODE_HELPERS=y
CONFIG_FB_TILEBLITTING=y
#
# Frambuffer hardware drivers
#
CONFIG_FB_CIRRUS=m
CONFIG_FB_PM2=m
CONFIG_FB_PM2_FIFO_DISCONNECT=y
CONFIG_FB_CYBER2000=m
CONFIG_FB_ARC=m
# CONFIG_FB_ASILIANT is not set
# CONFIG_FB_IMSTT is not set
CONFIG_FB_VGA16=m
CONFIG_FB_VESA=y
# CONFIG_FB_HGA is not set
# CONFIG_FB_S1D13XXX is not set
# CONFIG_FB_NVIDIA is not set
# CONFIG_FB_RIVA is not set
# CONFIG_FB_INTEL is not set
# CONFIG_FB_MATROX is not set
# CONFIG_FB_RADEON is not set
# CONFIG_FB_ATY128 is not set
# CONFIG_FB_ATY is not set
# CONFIG_FB_S3 is not set
# CONFIG_FB_SAVAGE is not set
# CONFIG_FB_SIS is not set
# CONFIG_FB_NEOMAGIC is not set
# CONFIG_FB_KYRO is not set
# CONFIG_FB_3DFX is not set
# CONFIG_FB_VOODOO1 is not set
# CONFIG_FB_TRIDENT is not set
# CONFIG_FB_GEODE is not set
# CONFIG_FB_VIRTUAL is not set
#
# Console display driver support
#
CONFIG_VGA_CONSOLE=y
# CONFIG_VGACON_SOFT_SCROLLBACK is not set
CONFIG_VIDEO_SELECT=y
CONFIG_DUMMY_CONSOLE=y
CONFIG_FRAMEBUFFER_CONSOLE=y
CONFIG_FRAMEBUFFER_CONSOLE_ROTATION=y
# CONFIG_FONTS is not set
CONFIG_FONT_8x8=y
CONFIG_FONT_8x16=y
#
# Logo configuration
#
# CONFIG_LOGO is not set
#
# Sound
#
# CONFIG_SOUND is not set
#
# HID Devices
#
CONFIG_HID=y
# CONFIG_HID_DEBUG is not set
#
# USB support
#
CONFIG_USB_ARCH_HAS_HCD=y
CONFIG_USB_ARCH_HAS_OHCI=y
CONFIG_USB_ARCH_HAS_EHCI=y
CONFIG_USB=y
# CONFIG_USB_DEBUG is not set
#
# Miscellaneous USB options
#
CONFIG_USB_DEVICEFS=y
# CONFIG_USB_DYNAMIC_MINORS is not set
CONFIG_USB_SUSPEND=y
# CONFIG_USB_OTG is not set
#
# USB Host Controller Drivers
#
CONFIG_USB_EHCI_HCD=m
CONFIG_USB_EHCI_SPLIT_ISO=y
CONFIG_USB_EHCI_ROOT_HUB_TT=y
# CONFIG_USB_EHCI_TT_NEWSCHED is not set
# CONFIG_USB_EHCI_BIG_ENDIAN_MMIO is not set
# CONFIG_USB_ISP116X_HCD is not set
CONFIG_USB_OHCI_HCD=m
# CONFIG_USB_OHCI_BIG_ENDIAN_DESC is not set
# CONFIG_USB_OHCI_BIG_ENDIAN_MMIO is not set
CONFIG_USB_OHCI_LITTLE_ENDIAN=y
CONFIG_USB_UHCI_HCD=m
# CONFIG_USB_SL811_HCD is not set
#
# USB Device Class drivers
#
# CONFIG_USB_ACM is not set
# CONFIG_USB_PRINTER is not set
#
# NOTE: USB_STORAGE enables SCSI, and 'SCSI disk support'
#
#
# may also be needed; see USB_STORAGE Help for more information
#
CONFIG_USB_STORAGE=m
# CONFIG_USB_STORAGE_DEBUG is not set
# CONFIG_USB_STORAGE_DATAFAB is not set
# CONFIG_USB_STORAGE_FREECOM is not set
# CONFIG_USB_STORAGE_ISD200 is not set
# CONFIG_USB_STORAGE_DPCM is not set
# CONFIG_USB_STORAGE_USBAT is not set
# CONFIG_USB_STORAGE_SDDR09 is not set
# CONFIG_USB_STORAGE_SDDR55 is not set
# CONFIG_USB_STORAGE_JUMPSHOT is not set
# CONFIG_USB_STORAGE_ALAUDA is not set
# CONFIG_USB_STORAGE_KARMA is not set
# CONFIG_USB_LIBUSUAL is not set
#
# USB Input Devices
#
CONFIG_USB_HID=m
CONFIG_USB_HIDINPUT_POWERBOOK=y
# CONFIG_HID_FF is not set
CONFIG_USB_HIDDEV=y
#
# USB HID Boot Protocol drivers
#
CONFIG_USB_KBD=m
CONFIG_USB_MOUSE=m
# CONFIG_USB_AIPTEK is not set
# CONFIG_USB_WACOM is not set
# CONFIG_USB_ACECAD is not set
# CONFIG_USB_KBTAB is not set
# CONFIG_USB_POWERMATE is not set
# CONFIG_USB_TOUCHSCREEN is not set
# CONFIG_USB_YEALINK is not set
# CONFIG_USB_XPAD is not set
# CONFIG_USB_ATI_REMOTE is not set
# CONFIG_USB_ATI_REMOTE2 is not set
# CONFIG_USB_KEYSPAN_REMOTE is not set
# CONFIG_USB_APPLETOUCH is not set
# CONFIG_USB_GTCO is not set
#
# USB Imaging devices
#
# CONFIG_USB_MDC800 is not set
# CONFIG_USB_MICROTEK is not set
#
# USB Network Adapters
#
# CONFIG_USB_CATC is not set
# CONFIG_USB_KAWETH is not set
# CONFIG_USB_PEGASUS is not set
# CONFIG_USB_RTL8150 is not set
# CONFIG_USB_USBNET_MII is not set
# CONFIG_USB_USBNET is not set
CONFIG_USB_MON=y
#
# USB port drivers
#
#
# USB Serial Converter support
#
CONFIG_USB_SERIAL=m
CONFIG_USB_SERIAL_GENERIC=y
# CONFIG_USB_SERIAL_AIRCABLE is not set
CONFIG_USB_SERIAL_AIRPRIME=m
CONFIG_USB_SERIAL_ARK3116=m
CONFIG_USB_SERIAL_BELKIN=m
CONFIG_USB_SERIAL_WHITEHEAT=m
CONFIG_USB_SERIAL_DIGI_ACCELEPORT=m
CONFIG_USB_SERIAL_CP2101=m
CONFIG_USB_SERIAL_CYPRESS_M8=m
CONFIG_USB_SERIAL_EMPEG=m
CONFIG_USB_SERIAL_FTDI_SIO=m
CONFIG_USB_SERIAL_FUNSOFT=m
CONFIG_USB_SERIAL_VISOR=m
CONFIG_USB_SERIAL_IPAQ=m
CONFIG_USB_SERIAL_IR=m
CONFIG_USB_SERIAL_EDGEPORT=m
CONFIG_USB_SERIAL_EDGEPORT_TI=m
CONFIG_USB_SERIAL_GARMIN=m
CONFIG_USB_SERIAL_IPW=m
CONFIG_USB_SERIAL_KEYSPAN_PDA=m
CONFIG_USB_SERIAL_KEYSPAN=m
CONFIG_USB_SERIAL_KEYSPAN_MPR=y
CONFIG_USB_SERIAL_KEYSPAN_USA28=y
CONFIG_USB_SERIAL_KEYSPAN_USA28X=y
CONFIG_USB_SERIAL_KEYSPAN_USA28XA=y
CONFIG_USB_SERIAL_KEYSPAN_USA28XB=y
CONFIG_USB_SERIAL_KEYSPAN_USA19=y
CONFIG_USB_SERIAL_KEYSPAN_USA18X=y
CONFIG_USB_SERIAL_KEYSPAN_USA19W=y
CONFIG_USB_SERIAL_KEYSPAN_USA19QW=y
CONFIG_USB_SERIAL_KEYSPAN_USA19QI=y
CONFIG_USB_SERIAL_KEYSPAN_USA49W=y
CONFIG_USB_SERIAL_KEYSPAN_USA49WLC=y
CONFIG_USB_SERIAL_KLSI=m
CONFIG_USB_SERIAL_KOBIL_SCT=m
CONFIG_USB_SERIAL_MCT_U232=m
# CONFIG_USB_SERIAL_MOS7720 is not set
# CONFIG_USB_SERIAL_MOS7840 is not set
CONFIG_USB_SERIAL_NAVMAN=m
CONFIG_USB_SERIAL_PL2303=m
CONFIG_USB_SERIAL_HP4X=m
CONFIG_USB_SERIAL_SAFE=m
# CONFIG_USB_SERIAL_SAFE_PADDED is not set
CONFIG_USB_SERIAL_SIERRAWIRELESS=m
CONFIG_USB_SERIAL_TI=m
CONFIG_USB_SERIAL_CYBERJACK=m
CONFIG_USB_SERIAL_XIRCOM=m
CONFIG_USB_SERIAL_OPTION=m
CONFIG_USB_SERIAL_OMNINET=m
# CONFIG_USB_SERIAL_DEBUG is not set
CONFIG_USB_EZUSB=y
#
# USB Miscellaneous drivers
#
# CONFIG_USB_EMI62 is not set
# CONFIG_USB_EMI26 is not set
# CONFIG_USB_ADUTUX is not set
# CONFIG_USB_AUERSWALD is not set
# CONFIG_USB_RIO500 is not set
# CONFIG_USB_LEGOTOWER is not set
# CONFIG_USB_LCD is not set
# CONFIG_USB_BERRY_CHARGE is not set
# CONFIG_USB_LED is not set
# CONFIG_USB_CYPRESS_CY7C63 is not set
# CONFIG_USB_CYTHERM is not set
# CONFIG_USB_PHIDGET is not set
# CONFIG_USB_IDMOUSE is not set
# CONFIG_USB_FTDI_ELAN is not set
# CONFIG_USB_APPLEDISPLAY is not set
# CONFIG_USB_SISUSBVGA is not set
# CONFIG_USB_LD is not set
# CONFIG_USB_TRANCEVIBRATOR is not set
# CONFIG_USB_IOWARRIOR is not set
# CONFIG_USB_TEST is not set
#
# USB DSL modem support
#
#
# USB Gadget Support
#
# CONFIG_USB_GADGET is not set
#
# MMC/SD Card support
#
# CONFIG_MMC is not set
#
# LED devices
#
# CONFIG_NEW_LEDS is not set
#
# LED drivers
#
#
# LED Triggers
#
#
# InfiniBand support
#
CONFIG_INFINIBAND=m
CONFIG_INFINIBAND_USER_MAD=m
CONFIG_INFINIBAND_USER_ACCESS=m
CONFIG_INFINIBAND_ADDR_TRANS=y
CONFIG_INFINIBAND_MTHCA=m
CONFIG_INFINIBAND_MTHCA_DEBUG=y
CONFIG_INFINIBAND_IPATH=m
CONFIG_INFINIBAND_AMSO1100=m
# CONFIG_INFINIBAND_AMSO1100_DEBUG is not set
CONFIG_INFINIBAND_CXGB3=m
CONFIG_INFINIBAND_CXGB3_DEBUG=y
CONFIG_INFINIBAND_IPOIB=m
CONFIG_INFINIBAND_IPOIB_CM=y
CONFIG_INFINIBAND_IPOIB_DEBUG=y
# CONFIG_INFINIBAND_IPOIB_DEBUG_DATA is not set
CONFIG_INFINIBAND_SRP=m
CONFIG_INFINIBAND_ISER=m
#
# EDAC - error detection and reporting (RAS) (EXPERIMENTAL)
#
CONFIG_EDAC=m
#
# Reporting subsystems
#
# CONFIG_EDAC_DEBUG is not set
CONFIG_EDAC_MM_EDAC=m
CONFIG_EDAC_E752X=m
CONFIG_EDAC_POLL=y
#
# Real Time Clock
#
CONFIG_RTC_LIB=m
CONFIG_RTC_CLASS=m
#
# RTC interfaces
#
CONFIG_RTC_INTF_SYSFS=m
CONFIG_RTC_INTF_PROC=m
CONFIG_RTC_INTF_DEV=m
# CONFIG_RTC_INTF_DEV_UIE_EMUL is not set
#
# RTC drivers
#
# CONFIG_RTC_DRV_CMOS is not set
CONFIG_RTC_DRV_X1205=m
CONFIG_RTC_DRV_DS1307=m
CONFIG_RTC_DRV_DS1553=m
CONFIG_RTC_DRV_ISL1208=m
CONFIG_RTC_DRV_DS1672=m
CONFIG_RTC_DRV_DS1742=m
CONFIG_RTC_DRV_PCF8563=m
CONFIG_RTC_DRV_RS5C372=m
CONFIG_RTC_DRV_M48T86=m
# CONFIG_RTC_DRV_TEST is not set
CONFIG_RTC_DRV_V3020=m
#
# DMA Engine support
#
CONFIG_DMA_ENGINE=y
#
# DMA Clients
#
CONFIG_NET_DMA=y
#
# DMA Devices
#
CONFIG_INTEL_IOATDMA=m
#
# Auxiliary Display support
#
#
# Virtualization
#
CONFIG_KVM=m
CONFIG_HYPERVISOR=y
# CONFIG_KVM_INTEL is not set
CONFIG_KVM_AMD=m
# CONFIG_KVM_NET is not set
#
# Firmware Drivers
#
CONFIG_EDD=m
CONFIG_DELL_RBU=m
CONFIG_DCDBAS=m
#
# File systems
#
CONFIG_EXT2_FS=m
CONFIG_EXT2_FS_XATTR=y
CONFIG_EXT2_FS_POSIX_ACL=y
CONFIG_EXT2_FS_SECURITY=y
# CONFIG_EXT2_FS_XIP is not set
CONFIG_EXT3_FS=y
CONFIG_EXT3_FS_XATTR=y
CONFIG_EXT3_FS_POSIX_ACL=y
CONFIG_EXT3_FS_SECURITY=y
CONFIG_EXT4DEV_FS=m
CONFIG_EXT4DEV_FS_XATTR=y
CONFIG_EXT4DEV_FS_POSIX_ACL=y
CONFIG_EXT4DEV_FS_SECURITY=y
CONFIG_JBD=y
# CONFIG_JBD_DEBUG is not set
CONFIG_JBD2=m
# CONFIG_JBD2_DEBUG is not set
CONFIG_FS_MBCACHE=y
# CONFIG_REISERFS_FS is not set
# CONFIG_JFS_FS is not set
CONFIG_FS_POSIX_ACL=y
# CONFIG_XFS_FS is not set
CONFIG_GFS2_FS=m
# CONFIG_GFS2_FS_LOCKING_NOLOCK is not set
CONFIG_GFS2_FS_LOCKING_DLM=m
CONFIG_OCFS2_FS=m
CONFIG_OCFS2_DEBUG_MASKLOG=y
CONFIG_MINIX_FS=m
CONFIG_ROMFS_FS=m
CONFIG_INOTIFY=y
CONFIG_INOTIFY_USER=y
CONFIG_QUOTA=y
CONFIG_QFMT_V1=m
CONFIG_QFMT_V2=m
CONFIG_QUOTACTL=y
CONFIG_DNOTIFY=y
CONFIG_AUTOFS_FS=m
CONFIG_AUTOFS4_FS=m
CONFIG_FUSE_FS=m
#
# CD-ROM/DVD Filesystems
#
CONFIG_ISO9660_FS=m
CONFIG_JOLIET=y
CONFIG_ZISOFS=y
CONFIG_UDF_FS=m
CONFIG_UDF_NLS=y
#
# DOS/FAT/NT Filesystems
#
CONFIG_FAT_FS=m
CONFIG_MSDOS_FS=m
CONFIG_VFAT_FS=m
CONFIG_FAT_DEFAULT_CODEPAGE=437
CONFIG_FAT_DEFAULT_IOCHARSET="iso8859-1"
# CONFIG_NTFS_FS is not set
#
# Pseudo filesystems
#
CONFIG_PROC_FS=y
CONFIG_PROC_KCORE=y
CONFIG_PROC_SYSCTL=y
CONFIG_SYSFS=y
CONFIG_TMPFS=y
# CONFIG_TMPFS_POSIX_ACL is not set
# CONFIG_HUGETLBFS is not set
# CONFIG_HUGETLB_PAGE is not set
CONFIG_RAMFS=y
CONFIG_CONFIGFS_FS=m
#
# Miscellaneous filesystems
#
# CONFIG_ADFS_FS is not set
# CONFIG_AFFS_FS is not set
# CONFIG_HFS_FS is not set
# CONFIG_HFSPLUS_FS is not set
# CONFIG_BEFS_FS is not set
# CONFIG_BFS_FS is not set
# CONFIG_EFS_FS is not set
# CONFIG_CRAMFS is not set
# CONFIG_VXFS_FS is not set
# CONFIG_HPFS_FS is not set
# CONFIG_QNX4FS_FS is not set
# CONFIG_SYSV_FS is not set
# CONFIG_UFS_FS is not set
#
# Network File Systems
#
CONFIG_NFS_FS=m
CONFIG_NFS_V3=y
CONFIG_NFS_V3_ACL=y
CONFIG_NFS_V4=y
CONFIG_NFS_DIRECTIO=y
CONFIG_NFSD=m
CONFIG_NFSD_V2_ACL=y
CONFIG_NFSD_V3=y
CONFIG_NFSD_V3_ACL=y
CONFIG_NFSD_V4=y
CONFIG_NFSD_TCP=y
CONFIG_LOCKD=m
CONFIG_LOCKD_V4=y
CONFIG_EXPORTFS=m
CONFIG_NFS_ACL_SUPPORT=m
CONFIG_NFS_COMMON=y
CONFIG_SUNRPC=m
CONFIG_SUNRPC_GSS=m
CONFIG_RPCSEC_GSS_KRB5=m
CONFIG_RPCSEC_GSS_SPKM3=m
# CONFIG_SMB_FS is not set
# CONFIG_CIFS is not set
# CONFIG_NCP_FS is not set
# CONFIG_CODA_FS is not set
# CONFIG_AFS_FS is not set
# CONFIG_9P_FS is not set
#
# Partition Types
#
# CONFIG_PARTITION_ADVANCED is not set
CONFIG_MSDOS_PARTITION=y
#
# Native Language Support
#
CONFIG_NLS=y
CONFIG_NLS_DEFAULT="iso8859-1"
CONFIG_NLS_CODEPAGE_437=m
# CONFIG_NLS_CODEPAGE_737 is not set
# CONFIG_NLS_CODEPAGE_775 is not set
# CONFIG_NLS_CODEPAGE_850 is not set
# CONFIG_NLS_CODEPAGE_852 is not set
# CONFIG_NLS_CODEPAGE_855 is not set
# CONFIG_NLS_CODEPAGE_857 is not set
# CONFIG_NLS_CODEPAGE_860 is not set
# CONFIG_NLS_CODEPAGE_861 is not set
# CONFIG_NLS_CODEPAGE_862 is not set
# CONFIG_NLS_CODEPAGE_863 is not set
# CONFIG_NLS_CODEPAGE_864 is not set
# CONFIG_NLS_CODEPAGE_865 is not set
# CONFIG_NLS_CODEPAGE_866 is not set
# CONFIG_NLS_CODEPAGE_869 is not set
# CONFIG_NLS_CODEPAGE_936 is not set
# CONFIG_NLS_CODEPAGE_950 is not set
# CONFIG_NLS_CODEPAGE_932 is not set
# CONFIG_NLS_CODEPAGE_949 is not set
# CONFIG_NLS_CODEPAGE_874 is not set
# CONFIG_NLS_ISO8859_8 is not set
# CONFIG_NLS_CODEPAGE_1250 is not set
# CONFIG_NLS_CODEPAGE_1251 is not set
CONFIG_NLS_ASCII=m
CONFIG_NLS_ISO8859_1=m
# CONFIG_NLS_ISO8859_2 is not set
# CONFIG_NLS_ISO8859_3 is not set
# CONFIG_NLS_ISO8859_4 is not set
# CONFIG_NLS_ISO8859_5 is not set
# CONFIG_NLS_ISO8859_6 is not set
# CONFIG_NLS_ISO8859_7 is not set
# CONFIG_NLS_ISO8859_9 is not set
# CONFIG_NLS_ISO8859_13 is not set
# CONFIG_NLS_ISO8859_14 is not set
# CONFIG_NLS_ISO8859_15 is not set
# CONFIG_NLS_KOI8_R is not set
# CONFIG_NLS_KOI8_U is not set
CONFIG_NLS_UTF8=m
#
# Distributed Lock Manager
#
CONFIG_DLM=m
CONFIG_DLM_TCP=y
# CONFIG_DLM_SCTP is not set
# CONFIG_DLM_DEBUG is not set
#
# Instrumentation Support
#
CONFIG_PROFILING=y
CONFIG_OPROFILE=m
CONFIG_KPROBES=y
#
# Kernel hacking
#
CONFIG_TRACE_IRQFLAGS_SUPPORT=y
CONFIG_PRINTK_TIME=y
# CONFIG_ENABLE_MUST_CHECK is not set
CONFIG_MAGIC_SYSRQ=y
CONFIG_UNUSED_SYMBOLS=y
CONFIG_DEBUG_FS=y
# CONFIG_HEADERS_CHECK is not set
CONFIG_DEBUG_KERNEL=y
CONFIG_DEBUG_SHIRQ=y
CONFIG_LOG_BUF_SHIFT=16
CONFIG_DETECT_SOFTLOCKUP=y
# CONFIG_SCHEDSTATS is not set
# CONFIG_TIMER_STATS is not set
# CONFIG_DEBUG_SLAB is not set
# CONFIG_DEBUG_RT_MUTEXES is not set
# CONFIG_RT_MUTEX_TESTER is not set
# CONFIG_DEBUG_SPINLOCK is not set
# CONFIG_DEBUG_MUTEXES is not set
# CONFIG_DEBUG_LOCK_ALLOC is not set
# CONFIG_PROVE_LOCKING is not set
CONFIG_TRACE_IRQFLAGS=y
# CONFIG_DEBUG_SPINLOCK_SLEEP is not set
# CONFIG_DEBUG_LOCKING_API_SELFTESTS is not set
CONFIG_STACKTRACE=y
CONFIG_EVENT_TRACE=y
CONFIG_FUNCTION_TRACE=y
# CONFIG_WAKEUP_TIMING is not set
CONFIG_LATENCY_TRACE=y
CONFIG_CRITICAL_IRQSOFF_TIMING=y
# CONFIG_INTERRUPT_OFF_HIST is not set
CONFIG_CRITICAL_TIMING=y
CONFIG_DEBUG_TRACE_IRQFLAGS=y
CONFIG_LATENCY_TIMING=y
CONFIG_MCOUNT=y
# CONFIG_DEBUG_KOBJECT is not set
CONFIG_DEBUG_BUGVERBOSE=y
# CONFIG_DEBUG_INFO is not set
# CONFIG_DEBUG_VM is not set
# CONFIG_DEBUG_LIST is not set
CONFIG_FRAME_POINTER=y
# CONFIG_UNWIND_INFO is not set
# CONFIG_FORCED_INLINING is not set
# CONFIG_RCU_TORTURE_TEST is not set
# CONFIG_LKDTM is not set
# CONFIG_FAULT_INJECTION is not set
# CONFIG_DEBUG_RODATA is not set
# CONFIG_IOMMU_DEBUG is not set
# CONFIG_DEBUG_STACKOVERFLOW is not set
# CONFIG_DEBUG_STACK_USAGE is not set
#
# Security options
#
# CONFIG_KEYS is not set
# CONFIG_SECURITY is not set
#
# Cryptographic options
#
CONFIG_CRYPTO=y
CONFIG_CRYPTO_ALGAPI=y
CONFIG_CRYPTO_BLKCIPHER=m
CONFIG_CRYPTO_HASH=y
CONFIG_CRYPTO_MANAGER=y
CONFIG_CRYPTO_HMAC=y
# CONFIG_CRYPTO_XCBC is not set
# CONFIG_CRYPTO_NULL is not set
# CONFIG_CRYPTO_MD4 is not set
CONFIG_CRYPTO_MD5=y
# CONFIG_CRYPTO_SHA1 is not set
# CONFIG_CRYPTO_SHA256 is not set
# CONFIG_CRYPTO_SHA512 is not set
# CONFIG_CRYPTO_WP512 is not set
# CONFIG_CRYPTO_TGR192 is not set
# CONFIG_CRYPTO_GF128MUL is not set
CONFIG_CRYPTO_ECB=m
CONFIG_CRYPTO_CBC=m
# CONFIG_CRYPTO_PCBC is not set
# CONFIG_CRYPTO_LRW is not set
CONFIG_CRYPTO_DES=m
# CONFIG_CRYPTO_FCRYPT is not set
# CONFIG_CRYPTO_BLOWFISH is not set
# CONFIG_CRYPTO_TWOFISH is not set
# CONFIG_CRYPTO_TWOFISH_X86_64 is not set
# CONFIG_CRYPTO_SERPENT is not set
# CONFIG_CRYPTO_AES is not set
# CONFIG_CRYPTO_AES_X86_64 is not set
CONFIG_CRYPTO_CAST5=m
# CONFIG_CRYPTO_CAST6 is not set
# CONFIG_CRYPTO_TEA is not set
CONFIG_CRYPTO_ARC4=m
# CONFIG_CRYPTO_KHAZAD is not set
# CONFIG_CRYPTO_ANUBIS is not set
# CONFIG_CRYPTO_DEFLATE is not set
# CONFIG_CRYPTO_MICHAEL_MIC is not set
# CONFIG_CRYPTO_CRC32C is not set
# CONFIG_CRYPTO_CAMELLIA is not set
# CONFIG_CRYPTO_TEST is not set
#
# Hardware crypto devices
#
#
# Library routines
#
CONFIG_BITREVERSE=y
# CONFIG_CRC_CCITT is not set
# CONFIG_CRC16 is not set
CONFIG_CRC32=y
CONFIG_LIBCRC32C=m
CONFIG_ZLIB_INFLATE=m
CONFIG_GENERIC_ALLOCATOR=y
CONFIG_PLIST=y
CONFIG_HAS_IOMEM=y
CONFIG_HAS_IOPORT=y
And here's the boot log from the working stock kernel:
[    0.000000] Linux version 2.6.21-rc4 (rdreier@roland-sc1435-1) (gcc version 4.1.2 20061115 (prerelease) (Debian 4.1.1-21)) #6 SMP Sat Mar 24 21:56:41 PDT 2007
[    0.000000] Command line: root=/dev/sda1 ro console=ttyS0,115200n8 
[    0.000000] BIOS-provided physical RAM map:
[    0.000000]  BIOS-e820: 0000000000000000 - 00000000000a0000 (usable)
[    0.000000]  BIOS-e820: 0000000000100000 - 00000000dfef8000 (usable)
[    0.000000]  BIOS-e820: 00000000dfef8000 - 00000000dff07c00 (ACPI data)
[    0.000000]  BIOS-e820: 00000000dff07c00 - 00000000e0000000 (reserved)
[    0.000000]  BIOS-e820: 00000000f0000000 - 00000000f8000000 (reserved)
[    0.000000]  BIOS-e820: 00000000fe000000 - 0000000100000000 (reserved)
[    0.000000]  BIOS-e820: 0000000100000000 - 0000000220000000 (usable)
[    0.000000] Entering add_active_range(0, 0, 160) 0 entries of 3200 used
[    0.000000] Entering add_active_range(0, 256, 917240) 1 entries of 3200 used
[    0.000000] Entering add_active_range(0, 1048576, 2228224) 2 entries of 3200 used
[    0.000000] end_pfn_map = 2228224
[    0.000000] DMI 2.4 present.
[    0.000000] ACPI: RSDP 000F2630, 0024 (r2 DELL  )
[    0.000000] ACPI: XSDT 000F2694, 005C (r1 DELL   PE_SC3          1 DELL        1)
[    0.000000] ACPI: FACP 000F2764, 00F4 (r3 DELL   PE_SC3          1 DELL        1)
[    0.000000] ACPI: DSDT DFEF8000, 3636 (r1 DELL   PE_SC3          1 MSFT  2000001)
[    0.000000] ACPI: FACS DFF07000, 0040
[    0.000000] ACPI: APIC 000F2858, 0092 (r1 DELL   PE_SC3          1 DELL        1)
[    0.000000] ACPI: SPCR 000F28EB, 0050 (r1 DELL   PE_SC3          1 DELL        1)
[    0.000000] ACPI: HPET 000F293B, 0038 (r1 DELL   PE_SC3          1 DELL        1)
[    0.000000] ACPI: MCFG 000F2973, 003C (r1 DELL   PE_SC3          1 DELL        1)
[    0.000000] ACPI: SRAT 000FC4A4, 0110 (r1 DELL   PE_SC3          1 DELL        1)
[    0.000000] ACPI: SSDT DFF07400, 0030 (r1 DELL   PE_SC3          1 DELL        1)
[    0.000000] SRAT: PXM 0 -> APIC 0 -> Node 0
[    0.000000] SRAT: PXM 0 -> APIC 1 -> Node 0
[    0.000000] SRAT: PXM 1 -> APIC 2 -> Node 1
[    0.000000] SRAT: PXM 1 -> APIC 3 -> Node 1
[    0.000000] SRAT: Node 0 PXM 0 0-a0000
[    0.000000] Entering add_active_range(0, 0, 160) 0 entries of 3200 used
[    0.000000] SRAT: Node 0 PXM 0 0-e0000000
[    0.000000] Entering add_active_range(0, 0, 160) 1 entries of 3200 used
[    0.000000] Entering add_active_range(0, 256, 917240) 1 entries of 3200 used
[    0.000000] SRAT: Node 0 PXM 0 0-120000000
[    0.000000] Entering add_active_range(0, 0, 160) 2 entries of 3200 used
[    0.000000] Entering add_active_range(0, 256, 917240) 2 entries of 3200 used
[    0.000000] Entering add_active_range(0, 1048576, 1179648) 2 entries of 3200 used
[    0.000000] SRAT: Node 1 PXM 1 120000000-220000000
[    0.000000] Entering add_active_range(1, 1179648, 2228224) 3 entries of 3200 used
[    0.000000] NUMA: Using 29 for the hash shift.
[    0.000000] Bootmem setup node 0 0000000000000000-0000000120000000
[    0.000000] Bootmem setup node 1 0000000120000000-0000000220000000
[    0.000000] Zone PFN ranges:
[    0.000000]   DMA             0 ->     4096
[    0.000000]   DMA32        4096 ->  1048576
[    0.000000]   Normal    1048576 ->  2228224
[    0.000000] early_node_map[4] active PFN ranges
[    0.000000]     0:        0 ->      160
[    0.000000]     0:      256 ->   917240
[    0.000000]     0:  1048576 ->  1179648
[    0.000000]     1:  1179648 ->  2228224
[    0.000000] On node 0 totalpages: 1048216
[    0.000000]   DMA zone: 56 pages used for memmap
[    0.000000]   DMA zone: 1010 pages reserved
[    0.000000]   DMA zone: 2934 pages, LIFO batch:0
[    0.000000]   DMA32 zone: 14280 pages used for memmap
[    0.000000]   DMA32 zone: 898864 pages, LIFO batch:31
[    0.000000]   Normal zone: 1792 pages used for memmap
[    0.000000]   Normal zone: 129280 pages, LIFO batch:31
[    0.000000] On node 1 totalpages: 1048576
[    0.000000]   DMA zone: 0 pages used for memmap
[    0.000000]   DMA32 zone: 0 pages used for memmap
[    0.000000]   Normal zone: 14336 pages used for memmap
[    0.000000]   Normal zone: 1034240 pages, LIFO batch:31
[    0.000000] ACPI: PM-Timer IO Port: 0x808
[    0.000000] ACPI: Local APIC address 0xfee00000
[    0.000000] ACPI: LAPIC (acpi_id[0x01] lapic_id[0x00] enabled)
[    0.000000] Processor #0 (Bootup-CPU)
[    0.000000] ACPI: LAPIC (acpi_id[0x02] lapic_id[0x02] enabled)
[    0.000000] Processor #2
[    0.000000] ACPI: LAPIC (acpi_id[0x03] lapic_id[0x01] enabled)
[    0.000000] Processor #1
[    0.000000] ACPI: LAPIC (acpi_id[0x04] lapic_id[0x03] enabled)
[    0.000000] Processor #3
[    0.000000] ACPI: LAPIC_NMI (acpi_id[0x01] high edge lint[0x1])
[    0.000000] ACPI: LAPIC_NMI (acpi_id[0x02] high edge lint[0x1])
[    0.000000] ACPI: LAPIC_NMI (acpi_id[0x03] high edge lint[0x1])
[    0.000000] ACPI: LAPIC_NMI (acpi_id[0x04] high edge lint[0x1])
[    0.000000] ACPI: IOAPIC (id[0x04] address[0xfec00000] gsi_base[0])
[    0.000000] IOAPIC[0]: apic_id 4, address 0xfec00000, GSI 0-15
[    0.000000] ACPI: IOAPIC (id[0x05] address[0xfec01000] gsi_base[32])
[    0.000000] IOAPIC[1]: apic_id 5, address 0xfec01000, GSI 32-47
[    0.000000] ACPI: IOAPIC (id[0x06] address[0xfec02000] gsi_base[64])
[    0.000000] IOAPIC[2]: apic_id 6, address 0xfec02000, GSI 64-79
[    0.000000] ACPI: INT_SRC_OVR (bus 0 bus_irq 0 global_irq 2 dfl dfl)
[    0.000000] ACPI: IRQ0 used by override.
[    0.000000] ACPI: IRQ2 used by override.
[    0.000000] ACPI: IRQ9 used by override.
[    0.000000] Setting APIC routing to flat
[    0.000000] ACPI: HPET id: 0x1166a201 base: 0xfed00000
[    0.000000] Using ACPI (MADT) for SMP configuration information
[    0.000000] Nosave address range: 00000000000a0000 - 0000000000100000
[    0.000000] Nosave address range: 00000000dfef8000 - 00000000dff07000
[    0.000000] Nosave address range: 00000000dff07000 - 00000000dff08000
[    0.000000] Nosave address range: 00000000dff08000 - 00000000e0000000
[    0.000000] Nosave address range: 00000000e0000000 - 00000000f0000000
[    0.000000] Nosave address range: 00000000f0000000 - 00000000f8000000
[    0.000000] Nosave address range: 00000000f8000000 - 00000000fe000000
[    0.000000] Nosave address range: 00000000fe000000 - 0000000100000000
[    0.000000] Allocating PCI resources starting at e1000000 (gap: e0000000:10000000)
[    0.000000] PERCPU: Allocating 37184 bytes of per cpu data
[    0.000000] Built 2 zonelists.  Total pages: 2065318
[    0.000000] Kernel command line: root=/dev/sda1 ro console=ttyS0,115200n8 
[    0.000000] Initializing CPU#0
[    0.000000] PID hash table entries: 4096 (order: 12, 32768 bytes)
[    0.000000] Extended CMOS year: 2000
[   80.735601] time.c: Detected 2800.098 MHz processor.
[   80.742453] Console: colour VGA+ 80x25
[   81.196434] Dentry cache hash table entries: 1048576 (order: 11, 8388608 bytes)
[   81.209704] Inode-cache hash table entries: 524288 (order: 10, 4194304 bytes)
[   81.218904] Checking aperture...
[   81.222134] CPU 0: aperture @ f4000000 size 64 MB
[   81.226828] CPU 1: aperture @ f4000000 size 64 MB
[   81.303583] Memory: 8248552k/8912896k available (2055k kernel code, 138616k reserved, 978k data, 316k init)
[   81.390636] Calibrating delay using timer specific routine.. 5603.83 BogoMIPS (lpj=11207671)
[   81.399164] Mount-cache hash table entries: 256
[   81.403810] CPU: L1 I Cache: 64K (64 bytes/line), D cache 64K (64 bytes/line)
[   81.410927] CPU: L2 Cache: 1024K (64 bytes/line)
[   81.415537] CPU 0/0 -> Node 0
[   81.418499] CPU: Physical Processor ID: 0
[   81.422501] CPU: Processor Core ID: 0
[   81.426169] Freeing SMP alternatives: 28k freed
[   81.430704] ACPI: Core revision 20070126
[   81.477194] Using local APIC timer interrupts.
[   81.517274] result 12500445
[   81.520060] Detected 12.500 MHz APIC timer.
[   81.526619] Booting processor 1/4 APIC 0x2
[   81.487168] Initializing CPU#1
[   81.564389] Calibrating delay using timer specific routine.. 5600.35 BogoMIPS (lpj=11200700)
[   81.564395] CPU: L1 I Cache: 64K (64 bytes/line), D cache 64K (64 bytes/line)
[   81.564397] CPU: L2 Cache: 1024K (64 bytes/line)
[   81.564399] CPU 1/2 -> Node 1
[   81.564401] CPU: Physical Processor ID: 1
[   81.564402] CPU: Processor Core ID: 0
[   81.564505] Dual-Core AMD Opteron(tm) Processor 2220 SE stepping 02
[   81.622346] Booting processor 2/4 APIC 0x1
[   81.676732] Initializing CPU#2
[   81.753936] Calibrating delay using timer specific routine.. 5600.28 BogoMIPS (lpj=11200569)
[   81.753942] CPU: L1 I Cache: 64K (64 bytes/line), D cache 64K (64 bytes/line)
[   81.753943] CPU: L2 Cache: 1024K (64 bytes/line)
[   81.753945] CPU 2/1 -> Node 0
[   81.753947] CPU: Physical Processor ID: 0
[   81.753948] CPU: Processor Core ID: 1
[   81.754035] Dual-Core AMD Opteron(tm) Processor 2220 SE stepping 02
[   81.758127] Booting processor 3/4 APIC 0x3
[   81.758708] Initializing CPU#3
[   81.835869] Calibrating delay using timer specific routine.. 5600.38 BogoMIPS (lpj=11200774)
[   81.835875] CPU: L1 I Cache: 64K (64 bytes/line), D cache 64K (64 bytes/line)
[   81.835877] CPU: L2 Cache: 1024K (64 bytes/line)
[   81.835879] CPU 3/3 -> Node 1
[   81.835881] CPU: Physical Processor ID: 1
[   81.835882] CPU: Processor Core ID: 1
[   81.835986] Dual-Core AMD Opteron(tm) Processor 2220 SE stepping 02
[   81.893687] Brought up 4 CPUs
[   82.703551] migration_cost=361,433
[   82.707330] NET: Registered protocol family 16
[   82.711869] ACPI: bus type pci registered
[   82.716483] PCI: Using MMCONFIG at f0000000 - f3ffffff
[   82.721639] PCI: No mmconfig possible on device 00:18
[   82.726684] PCI: No mmconfig possible on device 00:19
[   82.732097] mtrr: your CPUs had inconsistent fixed MTRR settings
[   82.738091] mtrr: probably your BIOS does not setup all CPUs.
[   82.743826] mtrr: corrected configuration.
[   82.750544] ACPI: Interpreter enabled
[   82.754200] ACPI: Using IOAPIC for interrupt routing
[   82.766499] ACPI: PCI Root Bridge [PCI0] (0000:00)
[   82.771287] PCI: Probing PCI hardware (bus 00)
[   82.771425] 0000:00:02.1: trying to change BAR0 from 01F0 to 01F0
[   82.777502] 0000:00:02.1: trying to change BAR1 from 03F4 to 03F4
[   82.783583] 0000:00:02.1: trying to change BAR2 from 0170 to 0170
[   82.789663] 0000:00:02.1: trying to change BAR3 from 0374 to 0374
[   82.795969] Boot video device is 0000:00:04.0
[   82.796752] ACPI: PCI Interrupt Routing Table [\_SB_.PCI0._PRT]
[   82.797861] ACPI: PCI Interrupt Routing Table [\_SB_.PCI0.PXB_._PRT]
[   82.797947] ACPI: PCI Interrupt Routing Table [\_SB_.PCI0.PXB_.PPBX._PRT]
[   82.798972] ACPI: PCI Interrupt Routing Table [\_SB_.PCI0.EXB0._PRT]
[   82.799031] ACPI: PCI Interrupt Routing Table [\_SB_.PCI0.EXB1._PRT]
[   82.799197] ACPI: PCI Interrupt Routing Table [\_SB_.PCI0.EXB2._PRT]
[   82.800229] ACPI: PCI Interrupt Routing Table [\_SB_.PCI0.EXB3._PRT]
[   82.800395] ACPI: PCI Interrupt Routing Table [\_SB_.PCI0.EXB4._PRT]
[   82.802430] ACPI: PCI Interrupt Link [LK10] (IRQs 3 4 5 *6 7 10 11)
[   82.808968] ACPI: PCI Interrupt Link [LK11] (IRQs 3 4 *5 6 7 10 11)
[   82.815521] ACPI: PCI Interrupt Link [LK12] (IRQs 3 4 5 6 7 10 11) *0, disabled.
[   82.823238] ACPI: PCI Interrupt Link [LK13] (IRQs 3 4 5 *6 7 10 11)
[   82.829777] ACPI: PCI Interrupt Link [LK14] (IRQs 3 4 *5 6 7 10 11)
[   82.836327] ACPI: PCI Interrupt Link [LK15] (IRQs 3 4 5 6 7 *10 11)
[   82.842839] ACPI: PCI Interrupt Link [LK16] (IRQs 3 4 5 6 7 10 11) *0, disabled.
[   82.850536] ACPI: PCI Interrupt Link [LK17] (IRQs 3 4 5 6 7 10 11) *0, disabled.
[   82.858236] ACPI: PCI Interrupt Link [LK18] (IRQs 3 4 5 6 7 10 11) *0, disabled.
[   82.865943] ACPI: PCI Interrupt Link [LK19] (IRQs 3 4 5 6 7 10 11) *0, disabled.
[   82.873641] ACPI: PCI Interrupt Link [LK1A] (IRQs 3 4 5 6 7 10 11) *0, disabled.
[   82.881365] ACPI: PCI Interrupt Link [LK1B] (IRQs 3 4 5 6 7 10 11) *0, disabled.
[   82.889049] ACPI: PCI Interrupt Link [LK1C] (IRQs 3 4 5 6 7 *10 11)
[   82.895578] ACPI: PCI Interrupt Link [LK1D] (IRQs 3 4 5 6 7 10 11) *0, disabled.
[   82.903295] ACPI: PCI Interrupt Link [LK1E] (IRQs 3 4 5 6 7 10 11) *0, disabled.
[   82.910999] ACPI: PCI Interrupt Link [LK1F] (IRQs 3 4 5 6 7 10 11) *0, disabled.
[   82.918683] ACPI: PCI Interrupt Link [LK20] (IRQs 3 4 5 6 7 10 11) *0, disabled.
[   82.926406] ACPI: PCI Interrupt Link [LK21] (IRQs 3 4 5 6 7 10 11) *0, disabled.
[   82.934109] ACPI: PCI Interrupt Link [LK22] (IRQs 3 4 5 6 7 10 11) *0, disabled.
[   82.941811] ACPI: PCI Interrupt Link [LK23] (IRQs 3 4 5 6 7 10 11) *0, disabled.
[   82.949538] ACPI: PCI Interrupt Link [LK24] (IRQs 3 4 5 6 7 10 11) *0, disabled.
[   82.957253] ACPI: PCI Interrupt Link [LK25] (IRQs 3 4 5 6 7 10 11) *0, disabled.
[   82.964943] ACPI: PCI Interrupt Link [LK26] (IRQs 3 4 5 6 7 10 11) *0, disabled.
[   82.972659] ACPI: PCI Interrupt Link [LK27] (IRQs 3 4 5 6 7 10 11) *0, disabled.
[   82.980358] ACPI: PCI Interrupt Link [LK28] (IRQs 3 4 5 6 7 10 11) *0, disabled.
[   82.988074] ACPI: PCI Interrupt Link [LK29] (IRQs 3 4 5 6 7 10 11) *0, disabled.
[   82.995765] ACPI: PCI Interrupt Link [LK2A] (IRQs 3 4 5 6 7 10 11) *0, disabled.
[   83.003444] ACPI: PCI Interrupt Link [LK2B] (IRQs 3 4 5 6 7 10 11) *0, disabled.
[   83.011172] ACPI: PCI Interrupt Link [LK2C] (IRQs 3 4 5 6 7 10 11) *0, disabled.
[   83.018887] ACPI: PCI Interrupt Link [LK2D] (IRQs 3 4 5 6 7 10 11) *0, disabled.
[   83.026620] ACPI: PCI Interrupt Link [LK2E] (IRQs 3 4 5 6 7 10 11) *0, disabled.
[   83.034316] ACPI: PCI Interrupt Link [LK2F] (IRQs 3 4 5 6 7 10 11) *0, disabled.
[   83.042034] ACPI: PCI Interrupt Link [LK01] (IRQs 3 4 5 6 7 10 *11 12 14)
[   83.049128] ACPI: PCI Interrupt Link [LK07] (IRQs 3 4 5 *6 7 10 11 12 14)
[   83.056210] Linux Plug and Play Support v0.97 (c) Adam Belay
[   83.061865] pnp: PnP ACPI init
[   83.064928] pnp: ACPI device : hid PNP0A03
[   83.067816] pnp: ACPI device : hid PNP0200
[   83.067879] pnp: ACPI device : hid PNP0C04
[   83.067947] pnp: ACPI device : hid PNP0800
[   83.068009] pnp: ACPI device : hid PNP0B00
[   83.069065] pnp: ACPI device : hid PNP0501
[   83.069328] pnp: ACPI device : hid PNP0501
[   83.069521] pnp: ACPI device : hid PNP0C01
[   83.070515] pnp: ACPI device : hid IPI0001
[   83.070580] pnp: ACPI device : hid PNP0C02
[   83.070628] pnp: ACPI device : hid PNP0103
[   83.072300] pnp: PnP ACPI: found 11 devices
[   83.076626] SCSI subsystem initialized
[   83.080437] libata version 2.20 loaded.
[   83.080496] usbcore: registered new interface driver usbfs
[   83.086002] usbcore: registered new interface driver hub
[   83.091339] usbcore: registered new device driver usb
[   83.096402] PCI: Using ACPI for IRQ routing
[   83.100582] PCI: If a device doesn't work, try "pci=routeirq".  If it helps, post a report
[   83.108941] PCI-DMA: Disabling AGP.
[   83.112460] PCI-DMA: aperture base @ f4000000 size 65536 KB
[   83.118018] PCI-DMA: using GART IOMMU.
[   83.121768] PCI-DMA: Reserving 64MB of IOMMU area in the AGP aperture
[   83.128226] hpet0: at MMIO 0xfed00000, IRQs 2, 8, 0
[   83.133173] hpet0: 3 64-bit timers, 14318180 Hz
[   83.138711] pnp: the driver 'system' has been registered
[   83.138740] pnp: match found with the PnP device '00:07' and the driver 'system'
[   83.138744] pnp: 00:07: ioport range 0x800-0x87f has been reserved
[   83.085476] Time: hpet clocksource has been installed.
[   83.150034] pnp: 00:07: ioport range 0x880-0x89f has been reserved
[   83.156200] pnp: 00:07: ioport range 0xcd6-0xcd7 has been reserved
[   83.162368] pnp: 00:07: ioport range 0x40b-0x40b has been reserved
[   83.168536] pnp: 00:07: ioport range 0x4d6-0x4d6 has been reserved
[   83.174703] pnp: 00:07: ioport range 0x8d0-0x8df has been reserved
[   83.180871] pnp: match found with the PnP device '00:08' and the driver 'system'
[   83.180874] pnp: 00:08: ioport range 0xca8-0xca8 has been reserved
[   83.187038] pnp: 00:08: ioport range 0xcac-0xcac has been reserved
[   83.193208] pnp: match found with the PnP device '00:09' and the driver 'system'
[   83.193211] pnp: 00:09: iomem range 0xf0000000-0xf1ffffff has been reserved
[   83.200442] PCI: Bridge: 0000:03:0d.0
[   83.204097]   IO window: disabled.
[   83.207496]   MEM window: disabled.
[   83.210982]   PREFETCH window: disabled.
[   83.214900] PCI: Bridge: 0000:00:01.0
[   83.218561]   IO window: e000-efff
[   83.221960]   MEM window: efb00000-efcfffff
[   83.226138]   PREFETCH window: e8800000-e88fffff
[   83.230748] PCI: Bridge: 0000:00:07.0
[   83.234405]   IO window: disabled.
[   83.237805]   MEM window: disabled.
[   83.241291]   PREFETCH window: disabled.
[   83.245210] PCI: Bridge: 0000:00:08.0
[   83.248868]   IO window: disabled.
[   83.252270]   MEM window: efd00000-efdfffff
[   83.256445]   PREFETCH window: disabled.
[   83.260364] PCI: Bridge: 0000:00:09.0
[   83.264024]   IO window: disabled.
[   83.267423]   MEM window: efe00000-efefffff
[   83.271601]   PREFETCH window: disabled.
[   83.275519] PCI: Bridge: 0000:00:0a.0
[   83.279177]   IO window: disabled.
[   83.282578]   MEM window: eff00000-efffffff
[   83.286756]   PREFETCH window: e8000000-e87fffff
[   83.291366] PCI: Bridge: 0000:00:0b.0
[   83.295025]   IO window: disabled.
[   83.298423]   MEM window: disabled.
[   83.301912]   PREFETCH window: disabled.
[   83.305852] ACPI: PCI Interrupt 0000:00:07.0[A] -> GSI 32 (level, low) -> IRQ 32
[   83.313250] PCI: Setting latency timer of device 0000:00:07.0 to 64
[   83.313258] ACPI: PCI Interrupt 0000:00:08.0[A] -> GSI 33 (level, low) -> IRQ 33
[   83.320656] PCI: Setting latency timer of device 0000:00:08.0 to 64
[   83.320664] ACPI: PCI Interrupt 0000:00:09.0[A] -> GSI 37 (level, low) -> IRQ 37
[   83.328068] PCI: Setting latency timer of device 0000:00:09.0 to 64
[   83.328075] ACPI: PCI Interrupt 0000:00:0a.0[A] -> GSI 35 (level, low) -> IRQ 35
[   83.335472] PCI: Setting latency timer of device 0000:00:0a.0 to 64
[   83.335480] ACPI: PCI Interrupt 0000:00:0b.0[A] -> GSI 36 (level, low) -> IRQ 36
[   83.342885] PCI: Setting latency timer of device 0000:00:0b.0 to 64
[   83.342964] NET: Registered protocol family 2
[   83.386808] IP route cache hash table entries: 262144 (order: 9, 2097152 bytes)
[   83.395347] TCP established hash table entries: 131072 (order: 9, 3145728 bytes)
[   83.404455] TCP bind hash table entries: 65536 (order: 8, 1048576 bytes)
[   83.411530] TCP: Hash tables configured (established 131072 bind 65536)
[   83.418124] TCP reno registered
[   83.378207] audit: initializing netlink socket (disabled)
[   83.383609] audit(1174798724.084:1): initialized
[   83.388498] VFS: Disk quotas dquot_6.5.1
[   83.392425] Dquot-cache hash table entries: 512 (order 0, 4096 bytes)
[   83.398940] io scheduler noop registered
[   83.402876] io scheduler anticipatory registered
[   83.407504] io scheduler deadline registered
[   83.411812] io scheduler cfq registered (default)
[   83.542697] PCI: Setting latency timer of device 0000:00:07.0 to 64
[   83.542714] assign_interrupt_mode Found MSI capability
[   83.547873] Allocate Port Service[0000:00:07.0:pcie00]
[   83.547908] Allocate Port Service[0000:00:07.0:pcie01]
[   83.547960] PCI: Setting latency timer of device 0000:00:08.0 to 64
[   83.547976] assign_interrupt_mode Found MSI capability
[   83.553114] Allocate Port Service[0000:00:08.0:pcie00]
[   83.553144] Allocate Port Service[0000:00:08.0:pcie01]
[   83.553191] PCI: Setting latency timer of device 0000:00:09.0 to 64
[   83.553206] assign_interrupt_mode Found MSI capability
[   83.558348] Allocate Port Service[0000:00:09.0:pcie00]
[   83.558383] Allocate Port Service[0000:00:09.0:pcie01]
[   83.558431] PCI: Setting latency timer of device 0000:00:0a.0 to 64
[   83.558448] assign_interrupt_mode Found MSI capability
[   83.563591] Allocate Port Service[0000:00:0a.0:pcie00]
[   83.563621] Allocate Port Service[0000:00:0a.0:pcie01]
[   83.563667] PCI: Setting latency timer of device 0000:00:0b.0 to 64
[   83.563681] assign_interrupt_mode Found MSI capability
[   83.568822] Allocate Port Service[0000:00:0b.0:pcie00]
[   83.568855] Allocate Port Service[0000:00:0b.0:pcie01]
[   83.568969] Evaluate _OSC Set fails. Status = 0x0005
[   83.568975] Evaluate _OSC Set fails. Status = 0x0005
[   83.568977] aer_init: AER service init fails - Run ACPI _OSC fails
[   83.568979] aer: probe of 0000:00:07.0:pcie01 failed with error 2
[   83.575070] Evaluate _OSC Set fails. Status = 0x0005
[   83.575074] Evaluate _OSC Set fails. Status = 0x0005
[   83.575075] aer_init: AER service init fails - Run ACPI _OSC fails
[   83.575077] aer: probe of 0000:00:08.0:pcie01 failed with error 2
[   83.581166] Evaluate _OSC Set fails. Status = 0x0005
[   83.581170] Evaluate _OSC Set fails. Status = 0x0005
[   83.581171] aer_init: AER service init fails - Run ACPI _OSC fails
[   83.581173] aer: probe of 0000:00:09.0:pcie01 failed with error 2
[   83.587257] Evaluate _OSC Set fails. Status = 0x0005
[   83.587260] Evaluate _OSC Set fails. Status = 0x0005
[   83.587262] aer_init: AER service init fails - Run ACPI _OSC fails
[   83.587264] aer: probe of 0000:00:0a.0:pcie01 failed with error 2
[   83.593345] Evaluate _OSC Set fails. Status = 0x0005
[   83.593349] Evaluate _OSC Set fails. Status = 0x0005
[   83.593350] aer_init: AER service init fails - Run ACPI _OSC fails
[   83.593352] aer: probe of 0000:00:0b.0:pcie01 failed with error 2
[   83.602857] Real Time Clock Driver v1.12ac
[   83.607097] hpet_resources: 0xfed00000 is busy
[   83.607117] Linux agpgart interface v0.102 (c) Dave Jones
[   83.612500] Serial: 8250/16550 driver $Revision: 1.90 $ 4 ports, IRQ sharing enabled
[   83.620347] serial8250: ttyS0 at I/O 0x3f8 (irq = 4) is a 16550A
[   83.626447] serial8250: ttyS1 at I/O 0x2f8 (irq = 3) is a 16550A
[   83.632584] pnp: the driver 'serial' has been registered
[   83.632642] pnp: match found with the PnP device '00:05' and the driver 'serial'
[   83.632756] 00:05: ttyS0 at I/O 0x3f8 (irq = 4) is a 16550A
[   83.638362] pnp: match found with the PnP device '00:06' and the driver 'serial'
[   83.638466] 00:06: ttyS1 at I/O 0x2f8 (irq = 3) is a 16550A
[   83.644651] RAMDISK driver initialized: 16 RAM disks of 65536K size 1024 blocksize
[   83.652278] netconsole: not configured, aborting
[   83.656884] Uniform Multi-Platform E-IDE driver Revision: 7.00alpha2
[   83.663225] ide: Assuming 33MHz system bus speed for PIO modes; override with idebus=xx
[   83.671232] SvrWks HT1000: IDE controller at PCI slot 0000:00:02.1
[   83.677413] SvrWks HT1000: chipset revision 0
[   83.681760] SvrWks HT1000: not 100% native mode: will probe irqs later
[   83.688281]     ide0: BM-DMA at 0x08c0-0x08c7, BIOS settings: hda:DMA, hdb:pio
[   83.695541] Probing IDE interface ide0...
[   84.433043] hda: PHILIPS DVD-ROM SDR089, ATAPI CD/DVD-ROM drive
[   85.111717] ide0 at 0x1f0-0x1f7,0x3f6 on irq 14
[   85.116389] Probing IDE interface ide1...
[   85.625366] hda: ATAPI 24X DVD-ROM drive, 2048kB Cache, UDMA(33)
[   85.631493] Uniform CD-ROM driver Revision: 3.20
[   85.695583] sata_svw 0000:03:0e.0: version 2.1
[   85.695752] ACPI: PCI Interrupt Link [LK07] enabled at IRQ 11
[   85.701492] ACPI: PCI Interrupt 0000:03:0e.0[A] -> Link [LK07] -> GSI 11 (level, low) -> IRQ 11
[   85.710283] ata1: SATA max UDMA/133 cmd 0xffffc2000000c000 ctl 0xffffc2000000c020 bmdma 0xffffc2000000c030 irq 11
[   85.720544] ata2: SATA max UDMA/133 cmd 0xffffc2000000c100 ctl 0xffffc2000000c120 bmdma 0xffffc2000000c130 irq 11
[   85.730801] ata3: SATA max UDMA/133 cmd 0xffffc2000000c200 ctl 0xffffc2000000c220 bmdma 0xffffc2000000c230 irq 11
[   85.741061] ata4: SATA max UDMA/133 cmd 0xffffc2000000c300 ctl 0xffffc2000000c320 bmdma 0xffffc2000000c330 irq 11
[   85.751302] scsi0 : sata_svw
[   86.167501] ata1: SATA link up 1.5 Gbps (SStatus 113 SControl 300)
[   86.183650] ata1.00: ATA-7: WDC WD800JD-75MSA3, 10.01E04, max UDMA/133
[   86.190167] ata1.00: 156250000 sectors, multi 8: LBA48 NCQ (depth 0/32)
[   86.207583] ata1.00: configured for UDMA/133
[   86.265657] scsi1 : sata_svw
[   86.526788] ata2: SATA link down (SStatus 4 SControl 300)
[   86.542175] ATA: abnormal status 0x7F on port 0xffffc2000000c11c
[   86.601978] scsi2 : sata_svw
[   86.866131] ata3: SATA link down (SStatus 4 SControl 300)
[   86.881525] ATA: abnormal status 0x7F on port 0xffffc2000000c21c
[   86.941328] scsi3 : sata_svw
[   87.205474] ata4: SATA link down (SStatus 4 SControl 300)
[   87.220865] ATA: abnormal status 0x7F on port 0xffffc2000000c31c
[   87.280726] scsi 0:0:0:0: Direct-Access     ATA      WDC WD800JD-75MS 10.0 PQ: 0 ANSI: 5
[   87.288874] SCSI device sda: 156250000 512-byte hdwr sectors (80000 MB)
[   87.295479] sda: Write Protect is off
[   87.299132] sda: Mode Sense: 00 3a 00 00
[   87.299142] SCSI device sda: write cache: enabled, read cache: enabled, doesn't support DPO or FUA
[   87.308106] SCSI device sda: 156250000 512-byte hdwr sectors (80000 MB)
[   87.314705] sda: Write Protect is off
[   87.318362] sda: Mode Sense: 00 3a 00 00
[   87.318372] SCSI device sda: write cache: enabled, read cache: enabled, doesn't support DPO or FUA
[   87.327306]  sda: sda1 sda2 < sda5 sda6 >
[   87.389243] sd 0:0:0:0: Attached scsi disk sda
[   87.393738] sd 0:0:0:0: Attached scsi generic sg0 type 0
[   87.399110] pnp: the driver 'i8042 kbd' has been registered
[   87.399143] pnp: the driver 'i8042 aux' has been registered
[   87.399198] pnp: the driver 'i8042 kbd' has been unregistered
[   87.399224] pnp: the driver 'i8042 aux' has been unregistered
[   87.399226] PNP: No PS/2 controller found. Probing ports directly.
[   87.353734] serio: i8042 KBD port at 0x60,0x64 irq 1
[   87.358695] serio: i8042 AUX port at 0x60,0x64 irq 12
[   87.363814] mice: PS/2 mouse device common for all mice
[   87.369116] TCP bic registered
[   87.372178] NET: Registered protocol family 1
[   87.376529] NET: Registered protocol family 17
[   87.571510] kjournald starting.  Commit interval 5 seconds
[   87.517709] EXT3-fs: mounted filesystem with ordered data mode.
[   87.529096] VFS: Mounted root (ext3 filesystem) readonly.
[   87.534568] Freeing unused kernel memory: 316k freed
[   89.400591] ohci_hcd: 2006 August 04 USB 1.1 'Open' Host Controller (OHCI) Driver
[   89.454668] ACPI: PCI Interrupt Link [LK01] enabled at IRQ 10
[   89.460416] ACPI: PCI Interrupt 0000:00:03.0[A] -> Link [LK01] -> GSI 10 (level, low) -> IRQ 10
[   89.469156] ohci_hcd 0000:00:03.0: OHCI Host Controller
[   89.474492] ohci_hcd 0000:00:03.0: new USB bus registered, assigned bus number 1
[   89.481886] ohci_hcd 0000:00:03.0: irq 10, io mem 0xefaed000
[   89.550946] usb usb1: configuration #1 chosen from 1 choice
[   89.556529] hub 1-0:1.0: USB hub found
[   89.560280] hub 1-0:1.0: 2 ports detected
[   89.670686] ACPI: PCI Interrupt 0000:00:03.1[A] -> Link [LK01] -> GSI 10 (level, low) -> IRQ 10
[   89.679435] ohci_hcd 0000:00:03.1: OHCI Host Controller
[   89.684668] ohci_hcd 0000:00:03.1: new USB bus registered, assigned bus number 2
[   89.692058] ohci_hcd 0000:00:03.1: irq 10, io mem 0xefaee000
[   89.677612] input: PC Speaker as /class/input/input0
[   89.758538] usb usb2: configuration #1 chosen from 1 choice
[   89.764123] hub 2-0:1.0: USB hub found
[   89.767872] hub 2-0:1.0: 2 ports detected
[   89.878333] ACPI: PCI Interrupt 0000:00:03.2[A] -> Link [LK01] -> GSI 10 (level, low) -> IRQ 10
[   89.887073] ehci_hcd 0000:00:03.2: EHCI Host Controller
[   89.892311] ehci_hcd 0000:00:03.2: new USB bus registered, assigned bus number 3
[   89.926119] ehci_hcd 0000:00:03.2: irq 10, io mem 0xefaef000
[   89.931773] ehci_hcd 0000:00:03.2: USB 2.0 started, EHCI 1.00, driver 10 Dec 2004
[   89.939286] usb usb3: configuration #1 chosen from 1 choice
[   89.944865] hub 3-0:1.0: USB hub found
[   89.948610] hub 3-0:1.0: 4 ports detected
[   90.058018] tg3.c:v3.74 (February 20, 2007)
[   90.062218] ACPI: PCI Interrupt 0000:01:00.0[A] -> GSI 33 (level, low) -> IRQ 33
[   90.069624] PCI: Setting latency timer of device 0000:01:00.0 to 64
[   90.093699] eth0: Tigon3 [partno(BCM95721) rev 4201 PHY(5750)] (PCI Express) 10/100/1000Base-T Ethernet 00:18:8b:7f:e8:1c
[   90.104749] eth0: RXcsums[1] LinkChgREG[1] MIirq[1] ASF[1] Split[0] WireSpeed[1] TSOcap[1] 
[   90.113080] eth0: dma_rwctrl[76180000] dma_mask[64-bit]
[   90.118309] ACPI: PCI Interrupt 0000:02:00.0[A] -> GSI 37 (level, low) -> IRQ 37
[   90.125710] PCI: Setting latency timer of device 0000:02:00.0 to 64
[   90.149563] eth1: Tigon3 [partno(BCM95721) rev 4201 PHY(5750)] (PCI Express) 10/100/1000Base-T Ethernet 00:18:8b:7f:e8:1d
[   90.160637] eth1: RXcsums[1] LinkChgREG[1] MIirq[1] ASF[1] Split[0] WireSpeed[1] TSOcap[1] 
[   90.168968] eth1: dma_rwctrl[76180000] dma_mask[64-bit]
[   90.174322] ib_mthca: Mellanox InfiniBand HCA driver v0.08 (February 14, 2006)
[   90.181527] ib_mthca: Initializing 0000:06:00.0
[   90.186072] ACPI: PCI Interrupt 0000:06:00.0[A] -> GSI 35 (level, low) -> IRQ 35
[   90.193479] PCI: Setting latency timer of device 0000:06:00.0 to 64
[   90.255579] usb 3-3: new high speed USB device using ehci_hcd and address 2
[   90.395761] usb 3-3: configuration #1 chosen from 1 choice
[   90.401440] hub 3-3:1.0: USB hub found
[   90.405411] hub 3-3:1.0: 2 ports detected
[   92.805072] Adding 4000144k swap on /dev/sda6.  Priority:-1 extents:1 across:4000144k
[   93.054499] EXT3 FS on sda1, internal journal
[   93.640843] loop: loaded (max 8 devices)
[   93.694912] device-mapper: ioctl: 4.11.0-ioctl (2006-10-12) initialised: dm-devel@redhat.com
[   94.399352] device eth0 entered promiscuous mode
[   94.403968] audit(1174798735.856:2): dev=eth0 prom=256 old_prom=0 auid=4294967295
[   94.359833] PM: Writing back config space on device 0000:01:00.0 at offset 1 (was 100406, writing 100006)
[   96.412414] tg3: eth0: Link is up at 100 Mbps, full duplex.
[   96.417980] tg3: eth0: Flow control is off for TX and off for RX.
[   96.431767] br0: port 1(eth0) entering learning state
[  111.410624] br0: topology change detected, propagating
[  111.415762] br0: port 1(eth0) entering forwarding state
[  116.087436] NET: Registered protocol family 10
[  116.091968] lo: Disabled Privacy Extensions
[  126.449513] br0: no IPv6 routers present
[  126.457496] eth0: no IPv6 routers present
-
To unsubscribe from this list: send the line "unsubscribe linux-kernel" in
the body of a message to majordomo@vger.kernel.org
More majordomo info at  
http://vger.kernel.org/majordomo-info.html
Please read the FAQ at  
http://www.tux.org/lkml/