Date: Fri, 15 Jan 1999 17:10:47 +0000 (GMT)
From: Dave Airlie <>
Subject: [crash] bootup hang with 2.2pre7ac4
Sender: linux-kernel-owner@vger.kernel.org
Precedence: bulk
List-ID: <linux-kernel.vger.kernel.org>
X-Mailing-List: linux-kernel@vger.kernel.org
X-Lkml-Link: https://lkml.org/lkml/1999/1/15/121

Hi,
	PII-266 Gateway 200 (G6-266) 2.2pre7ac4 hangs during boot 
somewhere in the hard drive areas ... 
it gets to the 
hda: lin
and then hard locks .. power down needed ...
Info - works fine under 2.0.36 (Redhat 5.2),
2 HD controllers 
- on board PIIX3
- PCI Promise UDMA board
1 HD Quantum Fireball attached to the PIIX3 primary master
1 CD drive on PIIX3 secondary master	
nothing attached to the PCI card at the moment ..
Attached is a /proc/pci from 2.0.36 and dmesg from 2.0.36
Hopefully this helps someone ..(or is it the bug on Alan's page?)
Dave.
------------ David Airlie, David.Airlie@ul.ie,airlied@skynet --------
Telecommunications Research Centre, ECE Dept, University of Limerick \
http://www.csn.ul.ie/~airlied
	-- Telecommunications Researcher      \
--- TEL: +353-61-202695 -----------------------------------------------
PCI devices found:
  Bus  0, device  17, function  0:
    VGA compatible controller: S3 Inc. ViRGE/DX or /GX (rev 1).
      Medium devsel.  IRQ 10.  Master Capable.  Latency=40.  Min Gnt=4.Max Lat=255.
      Non-prefetchable 32 bit memory at 0xf8000000.
  Bus  0, device  15, function  0:
    Ethernet controller: 3Com 3C905 100bTX (rev 0).
      Medium devsel.  IRQ 9.  Master Capable.  Latency=32.  Min Gnt=3.Max Lat=8.
      I/O at 0xff00.
  Bus  0, device  11, function  0:
    RAID bus controller: Promise Technology IDE UltraDMA/33 (rev 1).
      Medium devsel.  IRQ 9.  Master Capable.  Latency=32.  
      I/O at 0xfff0.
      I/O at 0xffe4.
      I/O at 0xffa8.
      I/O at 0xfbe4.
      I/O at 0xff80.
  Bus  0, device   7, function  1:
    IDE interface: Intel 82371SB PIIX3 IDE (rev 0).
      Medium devsel.  Fast back-to-back capable.  Master Capable.  Latency=32.  
      I/O at 0xff60.
  Bus  0, device   7, function  0:
    ISA bridge: Intel 82371SB PIIX3 ISA (rev 1).
      Medium devsel.  Fast back-to-back capable.  Master Capable.  No bursts.  
  Bus  0, device   0, function  0:
    Host bridge: Intel 82441FX Natoma (rev 2).
      Medium devsel.  Fast back-to-back capable.  Master Capable.  Latency=32.  
Memory: sized by int13 088h
Console: 16 point font, 400 scans
Console: colour VGA+ 80x25, 1 virtual console (max 63)
pcibios_init : BIOS32 Service Directory structure at 0x000fd9e0
pcibios_init : BIOS32 Service Directory entry at 0xfd9f0
pcibios_init : PCI BIOS revision 2.10 entry at 0xfda11
Probing PCI hardware.
Calibrating delay loop.. ok - 265.42 BogoMIPS
Memory: 63140k/65536k available (748k kernel code, 384k reserved, 1264k data)
Swansea University Computer Society NET3.035 for Linux 2.0
NET3: Unix domain sockets 0.13 for Linux NET3.035.
Swansea University Computer Society TCP/IP for NET3.034
IP Protocols: IGMP, ICMP, UDP, TCP
Linux IP multicast router 0.07.
VFS: Diskquotas version dquot_5.6.0 initialized
Checking 386/387 coupling... Ok, fpu using exception 16 error reporting.
Checking 'hlt' instruction... Ok.
Linux version 2.0.36 (root@porky.redhat.com) (gcc version 2.7.2.3) #1 Tue Oct 13 22:17:11 EDT 1998
Starting kswapd v 1.4.2.2 
Serial driver version 4.13 with no serial options enabled
tty00 at 0x03f8 (irq = 4) is a 16550A
tty01 at 0x02f8 (irq = 3) is a 16550A
PS/2 auxiliary pointing device detected -- driver installed.
Real Time Clock Driver v1.09
Ramdisk driver initialized : 16 ramdisks of 4096K size
ide: i82371 PIIX (Triton) on PCI bus 0 function 57
    ide0: BM-DMA at 0xff60-0xff67
    ide1: BM-DMA at 0xff68-0xff6f
ide: Promise Technology IDE Ultra-DMA 33 on PCI bus 0 function 88
ide: Enabling DMA for Promise Technology IDE Ultra-DMA 33 on PCI bus 0 function 88, port 0xff80
    ide2: BM-DMA at 0xff80-0xff87
    ide3: BM-DMA at 0xff88-0xff8f
hda: QUANTUM FIREBALL ST6.4A, 6149MB w/81kB Cache, CHS=784/255/63, DMA
hdc: FX240S, ATAPI CDROM drive
ide0 at 0x1f0-0x1f7,0x3f6 on irq 14
ide1 at 0x170-0x177,0x376 on irq 15
Floppy drive(s): fd0 is 1.44M
FDC 0 is a National Semiconductor PC87306
md driver 0.36.3 MAX_MD_DEV=4, MAX_REAL=8
scsi : 0 hosts.
scsi : detected total.
Partition check:
 hda: hda1 hda2 < hda5 hda6 hda7 hda8 hda9 >
VFS: Mounted root (ext2 filesystem) readonly.
Adding Swap: 40124k swap-space (priority -1)
3c59x.c:v0.99E 5/12/98 Donald Becker 
http://cesdis.gsfc.nasa.gov/linux/drivers/vortex.html
eth0: 3Com 3c905 Boomerang 100baseTx at 0xff00, 00:60:97:91:8a:99, IRQ 9
  8K word-wide RAM 3:5 Rx:Tx split, NWay Autonegotiation interface.
  MII transceiver found at address 24, status 7869.
  Enabling bus-master transmits and whole-frame receives.