Date: Thu, 16 Mar 2000 07:37:36 -0500
From: "Gibbas, Mark" <>
Subject: INPUT/OUTPUT ERROR with REDHAT 2.2.5-22smp KERNEL
Sender: linux-kernel-owner@vger.kernel.org
Precedence: bulk
List-ID: <linux-kernel.vger.kernel.org>
X-Mailing-List: linux-kernel@vger.kernel.org
X-Lkml-Link: https://lkml.org/lkml/2000/3/16/120

Hi,
I am getting some file system errors when several large files (each ~20MB)
are moved or copied.  The behavior almost appears to be random, since if I
execute identical cp commands I get errors on different files.  See the test
below. 
Hope someone can offer a solution. (Help!)
Note: Comments are indicated by: // COMMENT
[mgibbas@air214 000303]$ pwd
/ld2/avn/000303P 
[mgibbas@air214 000303]$ mkdir /ld3/avn/000303
[mgibbas@air214 000303]$ ls -l gblav.T00Z.*	 // JUST A LIST OF THE FILE
I WILL COPY
-rw-r--r--   1 mgibbas  meteorol 20599450 Mar  3 02:16 gblav.T00Z.PGrbF00
-rw-r--r--   1 mgibbas  meteorol 23393744 Mar  3 02:19 gblav.T00Z.PGrbF03
-rw-r--r--   1 mgibbas  meteorol 23491450 Mar  3 02:21 gblav.T00Z.PGrbF06
-rw-r--r--   1 mgibbas  meteorol 23435682 Mar  3 02:23 gblav.T00Z.PGrbF09
-rw-r--r--   1 mgibbas  meteorol 23483176 Mar  3 02:25 gblav.T00Z.PGrbF12
-rw-r--r--   1 mgibbas  meteorol 23483144 Mar  3 02:27 gblav.T00Z.PGrbF15
-rw-r--r--   1 mgibbas  meteorol 23411762 Mar  3 02:29 gblav.T00Z.PGrbF18
-rw-r--r--   1 mgibbas  meteorol 23391406 Mar  3 02:31 gblav.T00Z.PGrbF21
-rw-r--r--   1 mgibbas  meteorol 23424342 Mar  3 02:33 gblav.T00Z.PGrbF24
-rw-r--r--   1 mgibbas  meteorol 23460540 Mar  3 02:36 gblav.T00Z.PGrbF27
-rw-r--r--   1 mgibbas  meteorol 23497840 Mar  3 02:38 gblav.T00Z.PGrbF30
-rw-r--r--   1 mgibbas  meteorol 23486862 Mar  3 02:40 gblav.T00Z.PGrbF33
-rw-r--r--   1 mgibbas  meteorol 23573214 Mar  3 02:42 gblav.T00Z.PGrbF36
-rw-r--r--   1 mgibbas  meteorol 23572210 Mar  3 02:44 gblav.T00Z.PGrbF39
-rw-r--r--   1 mgibbas  meteorol 23569540 Mar  3 02:47 gblav.T00Z.PGrbF42
-rw-r--r--   1 mgibbas  meteorol 23534760 Mar  3 02:49 gblav.T00Z.PGrbF45
-rw-r--r--   1 mgibbas  meteorol 23547716 Mar  3 02:51 gblav.T00Z.PGrbF48
-rw-r--r--   1 mgibbas  meteorol 23493364 Mar  3 02:53 gblav.T00Z.PGrbF51
-rw-r--r--   1 mgibbas  meteorol 23566510 Mar  3 02:56 gblav.T00Z.PGrbF54
-rw-r--r--   1 mgibbas  meteorol 23562156 Mar  3 02:58 gblav.T00Z.PGrbF57
-rw-r--r--   1 mgibbas  meteorol 23636020 Mar  3 03:00 gblav.T00Z.PGrbF60
-rw-r--r--   1 mgibbas  meteorol 23568580 Mar  3 03:02 gblav.T00Z.PGrbF63
-rw-r--r--   1 mgibbas  meteorol 23636310 Mar  3 03:05 gblav.T00Z.PGrbF66
-rw-r--r--   1 mgibbas  meteorol 23668520 Mar  3 03:07 gblav.T00Z.PGrbF69
-rw-r--r--   1 mgibbas  meteorol 23738448 Mar  3 03:09 gblav.T00Z.PGrbF72
-rw-r--r--   1 mgibbas  meteorol 23725906 Mar  3 03:11 gblav.T00Z.PGrbF75
-rw-r--r--   1 mgibbas  meteorol 23740810 Mar  3 03:13 gblav.T00Z.PGrbF78
-rw-r--r--   1 mgibbas  meteorol 23708368 Mar  3 03:16 gblav.T00Z.PGrbF81
-rw-r--r--   1 mgibbas  meteorol 23787796 Mar  3 03:18 gblav.T00Z.PGrbF84
[mgibbas@air214 000303]$ cp gblav.T00Z.* /ld3/avn/000303/	// ATTEMPT 1
TO COPY
cp: gblav.T00Z.PGrbF09: Input/output error
cp: gblav.T00Z.PGrbF36: Input/output error
[mgibbas@air214 000303]$ cp gblav.T00Z.* /ld3/avn/000303/	// ATTEMPT 2
TO COPY
cp: gblav.T00Z.PGrbF18: Input/output error
cp: gblav.T00Z.PGrbF24: Input/output error
cp: gblav.T00Z.PGrbF81: Input/output error
[mgibbas@air214 000303]$ 
//  !! NOTE THE ERRORS ON DIFFERENT FILES !!
Thanks,
Mark
> ~~~~~~~~~~~~~~~~~~~~~~~~~~~
> Mark Gibbas
> Research Scientist
> Meteorology
> 
> Applied Insurance Research
> 101 Huntington Ave.
> Boston, MA 02199-8001
> 
> Web:    
http://www.air-worldwide.com/
> Voice:   617-954-1910
> Fax:     617-267-8284
> Email:   mgibbas@air-worldwide.com
> ~~~~~~~~~~~~~~~~~~~~~~~~~~~
> 
> 
-
To unsubscribe from this list: send the line "unsubscribe linux-kernel" in
the body of a message to majordomo@vger.rutgers.edu
Please read the FAQ at 
http://www.tux.org/lkml/