Date: Wed, 7 Nov 2007 19:07:07 -0500 (EST)
From: Gerhard Mack <>
Subject: Re: 2.6.24-rc2 breaks nVidia MCP51 High Definition Audio
Sender: linux-kernel-owner@vger.kernel.org
Precedence: bulk
List-ID: <linux-kernel.vger.kernel.org>
X-Mailing-List: linux-kernel@vger.kernel.org
X-Lkml-Link: https://lkml.org/lkml/2007/11/7/336

On Wed, 7 Nov 2007, Andrew Morton wrote:
> Date: Wed, 7 Nov 2007 15:21:27 -0800
> From: Andrew Morton <akpm@linux-foundation.org>
> To: Gerhard Mack <gmack@innerfire.net>
> Cc: linux-kernel@vger.kernel.org, Jaroslav Kysela <perex@suse.cz>,
>     Takashi Iwai <tiwai@suse.de>, Rafael J. Wysocki <rjw@sisk.pl>
> Subject: Re: 2.6.24-rc2 breaks nVidia MCP51 High Definition Audio
> 
> > On Wed, 7 Nov 2007 17:39:41 -0500 (EST) Gerhard Mack <gmack@innerfire.net> wrote:
> > hello,
> > 
> > This worked fine in 2.6.23 but now the kernel no longer sees my audio 
> > controller.
> > 
> > 00:10.1 Audio device: nVidia Corporation MCP51 High Definition Audio (rev 
> > a2)
> > 00:10.1 0403: 10de:026c (rev a2)
> > 
> > Let me know if I can provide more info or test patches.
> > 
> 
> Please provide the output of `dmesg -s 1000000' for both 2.6.23
> and 2.6.24-rc3, thanks.
> 
> Are you sure that the driver is suitably configured?  Sometimes
> we like to fiddle config options so that a `make oldconfig' will go and
> unconfigure drivers which you need.
Found an option for generic HD audio and enabled that with only marginally 
better results.  Now instead of not detecting my card it's showing a 
single volume control in the mixer and not providing any sound at all.
2.6.23:
Advanced Linux Sound Architecture Driver Version 1.0.14 (Fri Jul 20 
09:12:58 2007 UTC).
ACPI: PCI Interrupt Link [AAZA] enabled at IRQ 22
ACPI: PCI Interrupt 0000:00:10.1[B] -> Link [AAZA] -> GSI 22 (level, low) 
-> IRQ 22
PCI: Setting latency timer of device 0000:00:10.1 to 64
ALSA device list:
  #0: HDA NVidia at 0xfe024000 irq 22
GACT probability on
2.6.24-rc2:
Advanced Linux Sound Architecture Driver Version 1.0.15 (Tue Oct 23 
06:09:18 2007 UTC).
ACPI: PCI Interrupt Link [AAZA] enabled at IRQ 22
ACPI: PCI Interrupt 0000:00:10.1[B] -> Link [AAZA] -> GSI 22 (level, low) 
-> IRQ 22
PCI: Setting latency timer of device 0000:00:10.1 to 64
ieee1394: Host added: ID:BUS[0-00:1023]  GUID[0011d8000101f761]
ALSA device list:
  #0: HDA NVidia at 0xfe024000 irq 22
GACT probability on
 
--
Gerhard Mack
gmack@innerfire.net
<>< As a computer I find your faith in technology amusing.Linux version 2.6.23 (root@fire.home) (gcc version 4.2.1 (Debian 4.2.1-4)) #1 SMP PREEMPT Wed Oct 10 10:31:45 EDT 2007
Command line: root=/dev/sda3 ro 
BIOS-provided physical RAM map:
 BIOS-e820: 0000000000000000 - 000000000009f000 (usable)
 BIOS-e820: 000000000009f000 - 00000000000a0000 (reserved)
 BIOS-e820: 00000000000f0000 - 0000000000100000 (reserved)
 BIOS-e820: 0000000000100000 - 000000003dee0000 (usable)
 BIOS-e820: 000000003dee0000 - 000000003dee3000 (ACPI NVS)
 BIOS-e820: 000000003dee3000 - 000000003def0000 (ACPI data)
 BIOS-e820: 000000003def0000 - 000000003df00000 (reserved)
 BIOS-e820: 000000003e000000 - 0000000040000000 (reserved)
 BIOS-e820: 00000000e0000000 - 00000000f0000000 (reserved)
 BIOS-e820: 00000000fec00000 - 0000000100000000 (reserved)
Entering add_active_range(0, 0, 159) 0 entries of 256 used
Entering add_active_range(0, 256, 253664) 1 entries of 256 used
end_pfn_map = 1048576
DMI 2.4 present.
ACPI: RSDP 000F74E0, 0024 (r2 Nvidia)
ACPI: XSDT 3DEE3100, 004C (r1 Nvidia ASUSACPI 42302E31 AWRD        0)
ACPI: FACP 3DEEB500, 00F4 (r3 Nvidia ASUSACPI 42302E31 AWRD        0)
ACPI: DSDT 3DEE3280, 8235 (r1 NVIDIA ASUSACPI     1000 MSFT  3000000)
ACPI: FACS 3DEE0000, 0040
ACPI: SSDT 3DEEB700, 0206 (r1 PTLTD  POWERNOW        1  LTP        1)
ACPI: HPET 3DEEB980, 0038 (r1 Nvidia ASUSACPI 42302E31 AWRD       98)
ACPI: MCFG 3DEEBA00, 003C (r1 Nvidia ASUSACPI 42302E31 AWRD        0)
ACPI: APIC 3DEEB640, 007C (r1 Nvidia ASUSACPI 42302E31 AWRD        0)
Entering add_active_range(0, 0, 159) 0 entries of 256 used
Entering add_active_range(0, 256, 253664) 1 entries of 256 used
Zone PFN ranges:
  DMA             0 ->     4096
  DMA32        4096 ->  1048576
  Normal    1048576 ->  1048576
Movable zone start PFN for each node
early_node_map[2] active PFN ranges
    0:        0 ->      159
    0:      256 ->   253664
On node 0 totalpages: 253567
  DMA zone: 56 pages used for memmap
  DMA zone: 1974 pages reserved
  DMA zone: 1969 pages, LIFO batch:0
  DMA32 zone: 3412 pages used for memmap
  DMA32 zone: 246156 pages, LIFO batch:31
  Normal zone: 0 pages used for memmap
  Movable zone: 0 pages used for memmap
ACPI: PM-Timer IO Port: 0x4008
ACPI: Local APIC address 0xfee00000
ACPI: LAPIC (acpi_id[0x00] lapic_id[0x00] enabled)
Processor #0 (Bootup-CPU)
ACPI: LAPIC (acpi_id[0x01] lapic_id[0x01] enabled)
Processor #1
ACPI: LAPIC_NMI (acpi_id[0x00] high edge lint[0x1])
ACPI: LAPIC_NMI (acpi_id[0x01] high edge lint[0x1])
ACPI: IOAPIC (id[0x02] address[0xfec00000] gsi_base[0])
IOAPIC[0]: apic_id 2, address 0xfec00000, GSI 0-23
ACPI: INT_SRC_OVR (bus 0 bus_irq 0 global_irq 2 dfl dfl)
ACPI: INT_SRC_OVR (bus 0 bus_irq 9 global_irq 9 high level)
ACPI: INT_SRC_OVR (bus 0 bus_irq 14 global_irq 14 high edge)
ACPI: INT_SRC_OVR (bus 0 bus_irq 15 global_irq 15 high edge)
ACPI: IRQ0 used by override.
ACPI: IRQ2 used by override.
ACPI: IRQ9 used by override.
ACPI: IRQ14 used by override.
ACPI: IRQ15 used by override.
Setting APIC routing to flat
ACPI: HPET id: 0x10de8201 base: 0xfefff000
Using ACPI (MADT) for SMP configuration information
Allocating PCI resources starting at 50000000 (gap: 40000000:a0000000)
SMP: Allowing 2 CPUs, 0 hotplug CPUs
PERCPU: Allocating 31768 bytes of per cpu data
Built 1 zonelists in Zone order.  Total pages: 248125
Kernel command line: root=/dev/sda3 ro 
Initializing CPU#0
PID hash table entries: 4096 (order: 12, 32768 bytes)
Extended CMOS year: 2000
Marking TSC unstable due to TSCs unsynchronized
time.c: Detected 2210.183 MHz processor.
Console: colour VGA+ 80x25
console [tty0] enabled
Dentry cache hash table entries: 131072 (order: 8, 1048576 bytes)
Inode-cache hash table entries: 65536 (order: 7, 524288 bytes)
Checking aperture...
CPU 0: aperture @ f19c000000 size 32 MB
Aperture too small (32 MB)
No AGP bridge found
Memory: 990632k/1014656k available (4330k kernel code, 23448k reserved, 2567k data, 236k init)
SLUB: Genslabs=22, HWalign=64, Order=0-1, MinObjects=4, CPUs=2, Nodes=1
Calibrating delay using timer specific routine.. 4423.31 BogoMIPS (lpj=2211655)
Security Framework v1.0.0 initialized
Capability LSM initialized
Failure registering Root Plug module with the kernel
Failure registering Root Plug  module with primary security module.
Mount-cache hash table entries: 256
CPU: L1 I Cache: 64K (64 bytes/line), D cache 64K (64 bytes/line)
CPU: L2 Cache: 512K (64 bytes/line)
CPU: Physical Processor ID: 0
CPU: Processor Core ID: 0
SMP alternatives: switching to UP code
ACPI: Core revision 20070126
Using local APIC timer interrupts.
result 12557858
Detected 12.557 MHz APIC timer.
SMP alternatives: switching to SMP code
Booting processor 1/2 APIC 0x1
Initializing CPU#1
Calibrating delay using timer specific routine.. 4420.44 BogoMIPS (lpj=2210223)
CPU: L1 I Cache: 64K (64 bytes/line), D cache 64K (64 bytes/line)
CPU: L2 Cache: 512K (64 bytes/line)
CPU: Physical Processor ID: 0
CPU: Processor Core ID: 1
AMD Athlon(tm) 64 X2 Dual Core Processor 4200+ stepping 02
Brought up 2 CPUs
NET: Registered protocol family 16
ACPI: bus type pci registered
PCI: Using MMCONFIG at e0000000 - efffffff
PCI: No mmconfig possible on device 00:18
ACPI: EC: Look up EC in DSDT
ACPI: Interpreter enabled
ACPI: (supports S0 S5)
ACPI: Using IOAPIC for interrupt routing
ACPI: PCI Root Bridge [PCI0] (0000:00)
PCI: Transparent bridge - 0000:00:10.0
ACPI: PCI Interrupt Routing Table [\_SB_.PCI0._PRT]
ACPI: PCI Interrupt Routing Table [\_SB_.PCI0.HUB0._PRT]
ACPI: PCI Interrupt Link [LNK1] (IRQs 5 7 9 10 11 14 15) *0, disabled.
ACPI: PCI Interrupt Link [LNK2] (IRQs 5 7 9 10 11 14 15) *0, disabled.
ACPI: PCI Interrupt Link [LNK3] (IRQs 5 7 9 10 11 14 15) *0, disabled.
ACPI: PCI Interrupt Link [LNK4] (IRQs 5 7 9 10 11 14 15) *0, disabled.
ACPI: PCI Interrupt Link [LNK5] (IRQs 5 7 9 10 11 14 15) *0, disabled.
ACPI: PCI Interrupt Link [LNK6] (IRQs 5 7 9 10 11 14 15) *0, disabled.
ACPI: PCI Interrupt Link [LNK7] (IRQs *5 7 9 10 11 14 15)
ACPI: PCI Interrupt Link [LNK8] (IRQs 5 7 9 10 11 14 15) *0, disabled.
ACPI: PCI Interrupt Link [LUBA] (IRQs 5 7 9 10 11 14 15) *0, disabled.
ACPI: PCI Interrupt Link [LUBB] (IRQs 5 7 9 10 11 14 15) *0, disabled.
ACPI: PCI Interrupt Link [LMAC] (IRQs 5 7 9 10 *11 14 15)
ACPI: PCI Interrupt Link [LACI] (IRQs 5 7 9 10 11 14 15) *0, disabled.
ACPI: PCI Interrupt Link [LAZA] (IRQs 5 *7 9 10 11 14 15)
ACPI: PCI Interrupt Link [LPMU] (IRQs 5 7 9 10 11 14 15) *0, disabled.
ACPI: PCI Interrupt Link [LMCI] (IRQs 5 7 9 10 11 14 15) *0, disabled.
ACPI: PCI Interrupt Link [LSMB] (IRQs 5 7 9 10 11 14 15) *0, disabled.
ACPI: PCI Interrupt Link [LUB2] (IRQs 5 7 9 10 11 14 15) *0, disabled.
ACPI: PCI Interrupt Link [LIDE] (IRQs 5 7 9 10 11 14 15) *0, disabled.
ACPI: PCI Interrupt Link [LSID] (IRQs *5 7 9 10 11 14 15)
ACPI: PCI Interrupt Link [LFID] (IRQs *5 7 9 10 11 14 15)
ACPI: PCI Interrupt Link [APC1] (IRQs 16) *0, disabled.
ACPI: PCI Interrupt Link [APC2] (IRQs 17) *0, disabled.
ACPI: PCI Interrupt Link [APC3] (IRQs 18) *0, disabled.
ACPI: PCI Interrupt Link [APC4] (IRQs 19) *0, disabled.
ACPI: PCI Interrupt Link [APC5] (IRQs 16) *0, disabled.
ACPI: PCI Interrupt Link [APC6] (IRQs 16) *0, disabled.
ACPI: PCI Interrupt Link [APC7] (IRQs 16) *0
ACPI: PCI Interrupt Link [APC8] (IRQs 16) *0, disabled.
ACPI: PCI Interrupt Link [APCF] (IRQs 20 21 22 23) *0, disabled.
ACPI: PCI Interrupt Link [APCG] (IRQs 20 21 22 23) *0, disabled.
ACPI: PCI Interrupt Link [APCH] (IRQs 20 21 22 23) *0
ACPI: PCI Interrupt Link [APCJ] (IRQs 20 21 22 23) *0, disabled.
ACPI: PCI Interrupt Link [APMU] (IRQs 20 21 22 23) *0, disabled.
ACPI: PCI Interrupt Link [AAZA] (IRQs 20 21 22 23) *0
ACPI: PCI Interrupt Link [APCK] (IRQs 20 21 22 23) *0, disabled.
ACPI: PCI Interrupt Link [APCS] (IRQs 20 21 22 23) *0, disabled.
ACPI: PCI Interrupt Link [APCL] (IRQs 20 21 22 23) *0, disabled.
ACPI: PCI Interrupt Link [APCM] (IRQs 20 21 22 23) *0, disabled.
ACPI: PCI Interrupt Link [APCZ] (IRQs 20 21 22 23) *0, disabled.
ACPI: PCI Interrupt Link [APSI] (IRQs 20 21 22 23) *0
ACPI: PCI Interrupt Link [APSJ] (IRQs 20 21 22 23) *0
Linux Plug and Play Support v0.97 (c) Adam Belay
pnp: PnP ACPI init
ACPI: bus type pnp registered
pnp: PnP ACPI: found 12 devices
ACPI: ACPI bus type pnp unregistered
SCSI subsystem initialized
libata version 2.21 loaded.
usbcore: registered new interface driver usbfs
usbcore: registered new interface driver hub
usbcore: registered new device driver usb
PCI: Using ACPI for IRQ routing
PCI: If a device doesn't work, try "pci=routeirq".  If it helps, post a report
NetLabel: Initializing
NetLabel:  domain hash size = 128
NetLabel:  protocols = UNLABELED CIPSOv4
NetLabel:  unlabeled traffic allowed by default
hpet0: at MMIO 0xfefff000, IRQs 2, 8, 31
hpet0: 3 32-bit timers, 25000000 Hz
ACPI: RTC can wake from S4
Time: hpet clocksource has been installed.
pnp: 00:01: ioport range 0x4000-0x407f has been reserved
pnp: 00:01: ioport range 0x4080-0x40ff has been reserved
pnp: 00:01: ioport range 0x4400-0x447f has been reserved
pnp: 00:01: ioport range 0x4480-0x44ff has been reserved
pnp: 00:01: ioport range 0x4800-0x487f has been reserved
pnp: 00:01: ioport range 0x4880-0x48ff has been reserved
pnp: 00:01: ioport range 0x2000-0x207f has been reserved
pnp: 00:01: ioport range 0x2080-0x20ff has been reserved
pnp: 00:01: iomem range 0x3e000000-0x3fffffff could not be reserved
pnp: 00:0a: iomem range 0xe0000000-0xefffffff could not be reserved
pnp: 00:0b: iomem range 0xcec00-0xcffff has been reserved
pnp: 00:0b: iomem range 0xf0000-0xf7fff could not be reserved
pnp: 00:0b: iomem range 0xf8000-0xfbfff could not be reserved
pnp: 00:0b: iomem range 0xfc000-0xfffff could not be reserved
PCI: Bridge: 0000:00:10.0
  IO window: b000-bfff
  MEM window: fdd00000-fddfffff
  PREFETCH window: fde00000-fdefffff
PCI: Setting latency timer of device 0000:00:10.0 to 64
NET: Registered protocol family 2
IP route cache hash table entries: 32768 (order: 6, 262144 bytes)
TCP established hash table entries: 131072 (order: 9, 3145728 bytes)
TCP bind hash table entries: 65536 (order: 8, 1048576 bytes)
TCP: Hash tables configured (established 131072 bind 65536)
TCP reno registered
VFS: Disk quotas dquot_6.5.1
Dquot-cache hash table entries: 512 (order 0, 4096 bytes)
fuse init (API version 7.8)
SGI XFS with ACLs, security attributes, large block/inode numbers, no debug enabled
Block layer SCSI generic (bsg) driver version 0.4 loaded (major 253)
io scheduler noop registered
io scheduler cfq registered (default)
Boot video device is 0000:00:05.0
input: Power Button (FF) as /devices/virtual/input/input0
ACPI: Power Button (FF) [PWRF]
input: Power Button (CM) as /devices/virtual/input/input1
ACPI: Power Button (CM) [PWRB]
ACPI: Fan [FAN] (on)
ACPI: Thermal Zone [THRM] (40 C)
Real Time Clock Driver v1.12ac
hpet_resources: 0xfefff000 is busy
Non-volatile memory driver v1.2
Linux agpgart interface v0.102
[drm] Initialized drm 1.1.0 20060810
Hangcheck: starting hangcheck timer 0.9.0 (tick is 180 seconds, margin is 60 seconds).
Hangcheck: Using get_cycles().
Serial: 8250/16550 driver $Revision: 1.90 $ 2 ports, IRQ sharing enabled
Floppy drive(s): fd0 is 1.44M
FDC 0 is a post-1991 82077
loop: module loaded
forcedeth.c: Reverse Engineered nForce ethernet driver. Version 0.60.
ACPI: PCI Interrupt Link [APCH] enabled at IRQ 23
ACPI: PCI Interrupt 0000:00:14.0[A] -> Link [APCH] -> GSI 23 (level, low) -> IRQ 23
PCI: Setting latency timer of device 0000:00:14.0 to 64
forcedeth: using HIGHDMA
eth0: forcedeth.c: subsystem: 01043:816a bound to 0000:00:14.0
PPP generic driver version 2.4.2
NET: Registered protocol family 24
usbcore: registered new interface driver catc
drivers/net/usb/catc.c: v2.8 CATC EL1210A NetMate USB Ethernet driver
usbcore: registered new interface driver kaweth
pegasus: v0.6.14 (2006/09/27), Pegasus/Pegasus II USB Ethernet driver
usbcore: registered new interface driver pegasus
drivers/net/usb/rtl8150.c: rtl8150 based usb-ethernet driver v0.6.2 (2004/08/27)
usbcore: registered new interface driver rtl8150
usbcore: registered new interface driver asix
usbcore: registered new interface driver cdc_ether
usbcore: registered new interface driver net1080
usbcore: registered new interface driver zaurus
SCSI Media Changer driver v0.25 
sata_nv 0000:00:0e.0: version 3.5
ACPI: PCI Interrupt Link [APSI] enabled at IRQ 22
ACPI: PCI Interrupt 0000:00:0e.0[A] -> Link [APSI] -> GSI 22 (level, low) -> IRQ 22
PCI: Setting latency timer of device 0000:00:0e.0 to 64
scsi0 : sata_nv
scsi1 : sata_nv
ata1: SATA max UDMA/133 cmd 0x00000000000109f0 ctl 0x0000000000010bf2 bmdma 0x000000000001e000 irq 22
ata2: SATA max UDMA/133 cmd 0x0000000000010970 ctl 0x0000000000010b72 bmdma 0x000000000001e008 irq 22
ata1: SATA link up 1.5 Gbps (SStatus 113 SControl 300)
ata1.00: ATA-7: ST3250820AS, 3.AAE, max UDMA/133
ata1.00: 488397168 sectors, multi 1: LBA48 NCQ (depth 0/32)
ata1.00: configured for UDMA/133
ata2: SATA link down (SStatus 0 SControl 300)
scsi 0:0:0:0: Direct-Access     ATA      ST3250820AS      3.AA PQ: 0 ANSI: 5
sd 0:0:0:0: [sda] 488397168 512-byte hardware sectors (250059 MB)
sd 0:0:0:0: [sda] Write Protect is off
sd 0:0:0:0: [sda] Mode Sense: 00 3a 00 00
sd 0:0:0:0: [sda] Write cache: enabled, read cache: enabled, doesn't support DPO or FUA
sd 0:0:0:0: [sda] 488397168 512-byte hardware sectors (250059 MB)
sd 0:0:0:0: [sda] Write Protect is off
sd 0:0:0:0: [sda] Mode Sense: 00 3a 00 00
sd 0:0:0:0: [sda] Write cache: enabled, read cache: enabled, doesn't support DPO or FUA
 sda: sda1 sda2 sda3
sd 0:0:0:0: [sda] Attached SCSI disk
sd 0:0:0:0: Attached scsi generic sg0 type 0
ACPI: PCI Interrupt Link [APSJ] enabled at IRQ 21
ACPI: PCI Interrupt 0000:00:0f.0[A] -> Link [APSJ] -> GSI 21 (level, low) -> IRQ 21
PCI: Setting latency timer of device 0000:00:0f.0 to 64
scsi2 : sata_nv
scsi3 : sata_nv
ata3: SATA max UDMA/133 cmd 0x00000000000109e0 ctl 0x0000000000010be2 bmdma 0x000000000001cc00 irq 21
ata4: SATA max UDMA/133 cmd 0x0000000000010960 ctl 0x0000000000010b62 bmdma 0x000000000001cc08 irq 21
ata3: SATA link down (SStatus 0 SControl 300)
ata4: SATA link down (SStatus 0 SControl 300)
pata_amd 0000:00:0d.0: version 0.3.9
PCI: Setting latency timer of device 0000:00:0d.0 to 64
scsi4 : pata_amd
scsi5 : pata_amd
ata5: PATA max UDMA/133 cmd 0x00000000000101f0 ctl 0x00000000000103f6 bmdma 0x000000000001f400 irq 14
ata6: PATA max UDMA/133 cmd 0x0000000000010170 ctl 0x0000000000010376 bmdma 0x000000000001f408 irq 15
ata5.00: ATAPI: HL-DT-ST DVDRAM GSA-4167B, DL11, max UDMA/33
ata5.00: configured for UDMA/33
scsi 4:0:0:0: CD-ROM            HL-DT-ST DVDRAM GSA-4167B DL11 PQ: 0 ANSI: 5
sr0: scsi3-mmc drive: 48x/48x writer dvd-ram cd/rw xa/form2 cdda tray
Uniform CD-ROM driver Revision: 3.20
sr 4:0:0:0: Attached scsi CD-ROM sr0
sr 4:0:0:0: Attached scsi generic sg1 type 5
ACPI: PCI Interrupt Link [APC4] enabled at IRQ 19
ACPI: PCI Interrupt 0000:01:05.0[A] -> Link [APC4] -> GSI 19 (level, low) -> IRQ 19
ohci1394: fw-host0: OHCI-1394 1.1 (PCI): IRQ=[19]  MMIO=[fddff000-fddff7ff]  Max Packet=[2048]  IR/IT contexts=[4/8]
video1394: Installed video1394 module
ieee1394: raw1394: /dev/raw1394 device initialized
ACPI: PCI Interrupt Link [APCL] enabled at IRQ 20
ACPI: PCI Interrupt 0000:00:0b.1[B] -> Link [APCL] -> GSI 20 (level, low) -> IRQ 20
PCI: Setting latency timer of device 0000:00:0b.1 to 64
ehci_hcd 0000:00:0b.1: EHCI Host Controller
ehci_hcd 0000:00:0b.1: new USB bus registered, assigned bus number 1
ehci_hcd 0000:00:0b.1: debug port 1
PCI: cache line size of 64 is not supported by device 0000:00:0b.1
ehci_hcd 0000:00:0b.1: irq 20, io mem 0xfe02e000
ehci_hcd 0000:00:0b.1: USB 2.0 started, EHCI 1.00, driver 10 Dec 2004
usb usb1: configuration #1 chosen from 1 choice
hub 1-0:1.0: USB hub found
hub 1-0:1.0: 8 ports detected
ohci_hcd: 2006 August 04 USB 1.1 'Open' Host Controller (OHCI) Driver
ACPI: PCI Interrupt Link [APCF] enabled at IRQ 23
ACPI: PCI Interrupt 0000:00:0b.0[A] -> Link [APCF] -> GSI 23 (level, low) -> IRQ 23
PCI: Setting latency timer of device 0000:00:0b.0 to 64
ohci_hcd 0000:00:0b.0: OHCI Host Controller
ohci_hcd 0000:00:0b.0: new USB bus registered, assigned bus number 2
ohci_hcd 0000:00:0b.0: irq 23, io mem 0xfe02f000
usb usb2: configuration #1 chosen from 1 choice
hub 2-0:1.0: USB hub found
hub 2-0:1.0: 8 ports detected
Initializing USB Mass Storage driver...
usb 1-6: new high speed USB device using ehci_hcd and address 3
usb 1-6: configuration #1 chosen from 1 choice
usb 2-2: new low speed USB device using ohci_hcd and address 2
usb 2-2: configuration #1 chosen from 1 choice
scsi6 : SCSI emulation for USB Mass Storage devices
usb-storage: device found at 3
usb-storage: waiting for device to settle before scanning
usbcore: registered new interface driver usb-storage
USB Mass Storage support registered.
PNP: PS/2 Controller [PNP0303:PS2K] at 0x60,0x64 irq 1
PNP: PS/2 appears to have AUX port disabled, if this is incorrect please boot with i8042.nopnp
serio: i8042 KBD port at 0x60,0x64 irq 1
mice: PS/2 mouse device common for all mice
input: AT Translated Set 2 keyboard as /devices/platform/i8042/serio0/input/input2
input: PC Speaker as /devices/platform/pcspkr/input/input3
rtc_cmos 00:05: rtc core: registered rtc_cmos as rtc0
rtc_cmos: probe of 00:05 failed with error -16
i2c /dev entries driver
i2c-adapter i2c-0: nForce2 SMBus adapter at 0x4c00
i2c-adapter i2c-1: nForce2 SMBus adapter at 0x4c40
ieee1394: Host added: ID:BUS[0-00:1023]  GUID[0011d8000101f761]
it87: Found IT8716F chip at 0x290, revision 0
it87: in3 is VCC (+5V)
it87: in7 is VCCH (+5V Stand-By)
usbcore: registered new interface driver hiddev
input: Logitech USB-PS/2 Optical Mouse as /devices/pci0000:00/0000:00:0b.0/usb2/2-2/2-2:1.0/input/input4
input: USB HID v1.10 Mouse [Logitech USB-PS/2 Optical Mouse] on usb-0000:00:0b.0-2
usbcore: registered new interface driver usbhid
drivers/hid/usbhid/hid-core.c: v2.6:USB HID core driver
Advanced Linux Sound Architecture Driver Version 1.0.14 (Fri Jul 20 09:12:58 2007 UTC).
ACPI: PCI Interrupt Link [AAZA] enabled at IRQ 22
ACPI: PCI Interrupt 0000:00:10.1[B] -> Link [AAZA] -> GSI 22 (level, low) -> IRQ 22
PCI: Setting latency timer of device 0000:00:10.1 to 64
ALSA device list:
  #0: HDA NVidia at 0xfe024000 irq 22
GACT probability on
netem: version 1.2
u32 classifier
    Performance counters on
    Actions configured 
nf_conntrack version 0.5.0 (8192 buckets, 32768 max)
ip_tables: (C) 2000-2006 Netfilter Core Team
ClusterIP Version 0.8 loaded successfully
arp_tables: (C) 2002 David S. Miller
TCP cubic registered
Initializing XFRM netlink socket
NET: Registered protocol family 1
NET: Registered protocol family 10
IPv6 over IPv4 tunneling driver
NET: Registered protocol family 17
NET: Registered protocol family 15
powernow-k8: Found 1 AMD Athlon(tm) 64 X2 Dual Core Processor 4200+ processors (2 cpu cores) (version 2.00.00)
powernow-k8:    0 : fid 0xe (2200 MHz), vid 0x8
powernow-k8:    1 : fid 0xc (2000 MHz), vid 0xa
powernow-k8:    2 : fid 0xa (1800 MHz), vid 0xc
powernow-k8:    3 : fid 0x2 (1000 MHz), vid 0x12
drivers/rtc/hctosys.c: unable to open rtc device (rtc0)
BIOS EDD facility v0.16 2004-Jun-25, 6 devices found
UDF-fs: No VRS found
XFS mounting filesystem sda3
Ending clean XFS mount for filesystem: sda3
VFS: Mounted root (xfs filesystem) readonly.
Freeing unused kernel memory: 236k freed
usb_id[1187]: segfault at 0000000000000000 rip 00002abbdb753b05 rsp 00007fffcf5ebf28 error 4
usb_id[1192]: segfault at 0000000000000000 rip 00002ae4f9402b05 rsp 00007fffb193d278 error 4
Adding 1951888k swap on /dev/sda2.  Priority:-1 extents:1 across:1951888k
usb-storage: device scan complete
scsi 6:0:0:0: Direct-Access     Generic  USB SD Reader    1.00 PQ: 0 ANSI: 0
scsi 6:0:0:1: Direct-Access     Generic  USB CF Reader    1.01 PQ: 0 ANSI: 0
scsi 6:0:0:2: Direct-Access     Generic  USB SM Reader    1.02 PQ: 0 ANSI: 0
scsi 6:0:0:3: Direct-Access     Generic  USB MS Reader    1.03 PQ: 0 ANSI: 0
sd 6:0:0:0: [sdb] Attached SCSI removable disk
sd 6:0:0:0: Attached scsi generic sg2 type 0
sd 6:0:0:1: [sdc] Attached SCSI removable disk
sd 6:0:0:1: Attached scsi generic sg3 type 0
sd 6:0:0:2: [sdd] Attached SCSI removable disk
sd 6:0:0:2: Attached scsi generic sg4 type 0
sd 6:0:0:3: [sde] Attached SCSI removable disk
sd 6:0:0:3: Attached scsi generic sg5 type 0
ReiserFS: sda1: found reiserfs format "3.6" with standard journal
ReiserFS: sda1: using ordered data mode
ReiserFS: sda1: journal params: device sda1, size 8192, journal first block 18, max trans len 1024, max batch 900, max commit age 30, max trans age 30
ReiserFS: sda1: checking transaction log (sda1)
ReiserFS: sda1: Using r5 hash to sort names
eth0: no IPv6 routers present
Linux version 2.6.24-rc2 (root@fire.home) (gcc version 4.2.3 20071014 (prerelease) (Debian 4.2.2-3)) #2 SMP PREEMPT Wed Nov 7 18:11:45 EST 2007
Command line: root=/dev/sda3 ro 
BIOS-provided physical RAM map:
 BIOS-e820: 0000000000000000 - 000000000009f000 (usable)
 BIOS-e820: 000000000009f000 - 00000000000a0000 (reserved)
 BIOS-e820: 00000000000f0000 - 0000000000100000 (reserved)
 BIOS-e820: 0000000000100000 - 000000003dee0000 (usable)
 BIOS-e820: 000000003dee0000 - 000000003dee3000 (ACPI NVS)
 BIOS-e820: 000000003dee3000 - 000000003def0000 (ACPI data)
 BIOS-e820: 000000003def0000 - 000000003df00000 (reserved)
 BIOS-e820: 000000003e000000 - 0000000040000000 (reserved)
 BIOS-e820: 00000000e0000000 - 00000000f0000000 (reserved)
 BIOS-e820: 00000000fec00000 - 0000000100000000 (reserved)
Entering add_active_range(0, 0, 159) 0 entries of 256 used
Entering add_active_range(0, 256, 253664) 1 entries of 256 used
end_pfn_map = 1048576
DMI 2.4 present.
ACPI: RSDP 000F74E0, 0024 (r2 Nvidia)
ACPI: XSDT 3DEE3100, 004C (r1 Nvidia ASUSACPI 42302E31 AWRD        0)
ACPI: FACP 3DEEB500, 00F4 (r3 Nvidia ASUSACPI 42302E31 AWRD        0)
ACPI: DSDT 3DEE3280, 8235 (r1 NVIDIA ASUSACPI     1000 MSFT  3000000)
ACPI: FACS 3DEE0000, 0040
ACPI: SSDT 3DEEB700, 0206 (r1 PTLTD  POWERNOW        1  LTP        1)
ACPI: HPET 3DEEB980, 0038 (r1 Nvidia ASUSACPI 42302E31 AWRD       98)
ACPI: MCFG 3DEEBA00, 003C (r1 Nvidia ASUSACPI 42302E31 AWRD        0)
ACPI: APIC 3DEEB640, 007C (r1 Nvidia ASUSACPI 42302E31 AWRD        0)
Entering add_active_range(0, 0, 159) 0 entries of 256 used
Entering add_active_range(0, 256, 253664) 1 entries of 256 used
Zone PFN ranges:
  DMA             0 ->     4096
  DMA32        4096 ->  1048576
  Normal    1048576 ->  1048576
Movable zone start PFN for each node
early_node_map[2] active PFN ranges
    0:        0 ->      159
    0:      256 ->   253664
On node 0 totalpages: 253567
  DMA zone: 56 pages used for memmap
  DMA zone: 1957 pages reserved
  DMA zone: 1986 pages, LIFO batch:0
  DMA32 zone: 3412 pages used for memmap
  DMA32 zone: 246156 pages, LIFO batch:31
  Normal zone: 0 pages used for memmap
  Movable zone: 0 pages used for memmap
ACPI: PM-Timer IO Port: 0x4008
ACPI: Local APIC address 0xfee00000
ACPI: LAPIC (acpi_id[0x00] lapic_id[0x00] enabled)
Processor #0 (Bootup-CPU)
ACPI: LAPIC (acpi_id[0x01] lapic_id[0x01] enabled)
Processor #1
ACPI: LAPIC_NMI (acpi_id[0x00] high edge lint[0x1])
ACPI: LAPIC_NMI (acpi_id[0x01] high edge lint[0x1])
ACPI: IOAPIC (id[0x02] address[0xfec00000] gsi_base[0])
IOAPIC[0]: apic_id 2, address 0xfec00000, GSI 0-23
ACPI: INT_SRC_OVR (bus 0 bus_irq 0 global_irq 2 dfl dfl)
ACPI: INT_SRC_OVR (bus 0 bus_irq 9 global_irq 9 high level)
ACPI: INT_SRC_OVR (bus 0 bus_irq 14 global_irq 14 high edge)
ACPI: INT_SRC_OVR (bus 0 bus_irq 15 global_irq 15 high edge)
ACPI: IRQ0 used by override.
ACPI: IRQ2 used by override.
ACPI: IRQ9 used by override.
ACPI: IRQ14 used by override.
ACPI: IRQ15 used by override.
Setting APIC routing to flat
ACPI: HPET id: 0x10de8201 base: 0xfefff000
Using ACPI (MADT) for SMP configuration information
Allocating PCI resources starting at 50000000 (gap: 40000000:a0000000)
SMP: Allowing 2 CPUs, 0 hotplug CPUs
PERCPU: Allocating 34168 bytes of per cpu data
Built 1 zonelists in Zone order, mobility grouping on.  Total pages: 248142
Kernel command line: root=/dev/sda3 ro 
Initializing CPU#0
PID hash table entries: 4096 (order: 12, 32768 bytes)
Extended CMOS year: 2000
hpet clockevent registered
TSC calibrated against HPET
Marking TSC unstable due to TSCs unsynchronized
time.c: Detected 2210.185 MHz processor.
Console: colour VGA+ 80x25
console [tty0] enabled
Dentry cache hash table entries: 131072 (order: 8, 1048576 bytes)
Inode-cache hash table entries: 65536 (order: 7, 524288 bytes)
Checking aperture...
CPU 0: aperture @ f19c000000 size 32 MB
Aperture too small (32 MB)
No AGP bridge found
Memory: 990700k/1014656k available (4375k kernel code, 23388k reserved, 2460k data, 244k init)
SLUB: Genslabs=11, HWalign=64, Order=0-1, MinObjects=4, CPUs=2, Nodes=1
Calibrating delay using timer specific routine.. 4423.13 BogoMIPS (lpj=2211565)
Security Framework initialized
Capability LSM initialized
Failure registering Root Plug module with the kernel
Failure registering Root Plug  module with primary security module.
Mount-cache hash table entries: 256
CPU: L1 I Cache: 64K (64 bytes/line), D cache 64K (64 bytes/line)
CPU: L2 Cache: 512K (64 bytes/line)
CPU: Physical Processor ID: 0
CPU: Processor Core ID: 0
SMP alternatives: switching to UP code
ACPI: Core revision 20070126
Using local APIC timer interrupts.
APIC timer calibration result 12557871
Detected 12.557 MHz APIC timer.
SMP alternatives: switching to SMP code
Booting processor 1/2 APIC 0x1
Initializing CPU#1
Calibrating delay using timer specific routine.. 4420.14 BogoMIPS (lpj=2210071)
CPU: L1 I Cache: 64K (64 bytes/line), D cache 64K (64 bytes/line)
CPU: L2 Cache: 512K (64 bytes/line)
CPU: Physical Processor ID: 0
CPU: Processor Core ID: 1
AMD Athlon(tm) 64 X2 Dual Core Processor 4200+ stepping 02
Brought up 2 CPUs
net_namespace: 120 bytes
NET: Registered protocol family 16
ACPI: bus type pci registered
PCI: Using MMCONFIG at e0000000 - efffffff
PCI: No mmconfig possible on device 00:18
ACPI: EC: Look up EC in DSDT
ACPI: Interpreter enabled
ACPI: (supports S0 S5)
ACPI: Using IOAPIC for interrupt routing
ACPI: PCI Root Bridge [PCI0] (0000:00)
PCI: Transparent bridge - 0000:00:10.0
ACPI: PCI Interrupt Routing Table [\_SB_.PCI0._PRT]
ACPI: PCI Interrupt Routing Table [\_SB_.PCI0.HUB0._PRT]
ACPI: PCI Interrupt Link [LNK1] (IRQs 5 7 9 10 11 14 15) *0, disabled.
ACPI: PCI Interrupt Link [LNK2] (IRQs 5 7 9 10 11 14 15) *0, disabled.
ACPI: PCI Interrupt Link [LNK3] (IRQs 5 7 9 10 11 14 15) *0, disabled.
ACPI: PCI Interrupt Link [LNK4] (IRQs 5 7 9 10 11 14 15) *0, disabled.
ACPI: PCI Interrupt Link [LNK5] (IRQs 5 7 9 10 11 14 15) *0, disabled.
ACPI: PCI Interrupt Link [LNK6] (IRQs 5 7 9 10 11 14 15) *0, disabled.
ACPI: PCI Interrupt Link [LNK7] (IRQs *5 7 9 10 11 14 15)
ACPI: PCI Interrupt Link [LNK8] (IRQs 5 7 9 10 11 14 15) *0, disabled.
ACPI: PCI Interrupt Link [LUBA] (IRQs 5 7 9 10 11 14 15) *0, disabled.
ACPI: PCI Interrupt Link [LUBB] (IRQs 5 7 9 10 11 14 15) *0, disabled.
ACPI: PCI Interrupt Link [LMAC] (IRQs 5 7 9 10 *11 14 15)
ACPI: PCI Interrupt Link [LACI] (IRQs 5 7 9 10 11 14 15) *0, disabled.
ACPI: PCI Interrupt Link [LAZA] (IRQs 5 *7 9 10 11 14 15)
ACPI: PCI Interrupt Link [LPMU] (IRQs 5 7 9 10 11 14 15) *0, disabled.
ACPI: PCI Interrupt Link [LMCI] (IRQs 5 7 9 10 11 14 15) *0, disabled.
ACPI: PCI Interrupt Link [LSMB] (IRQs 5 7 9 10 11 14 15) *0, disabled.
ACPI: PCI Interrupt Link [LUB2] (IRQs 5 7 9 10 11 14 15) *0, disabled.
ACPI: PCI Interrupt Link [LIDE] (IRQs 5 7 9 10 11 14 15) *0, disabled.
ACPI: PCI Interrupt Link [LSID] (IRQs *5 7 9 10 11 14 15)
ACPI: PCI Interrupt Link [LFID] (IRQs *5 7 9 10 11 14 15)
ACPI: PCI Interrupt Link [APC1] (IRQs 16) *0, disabled.
ACPI: PCI Interrupt Link [APC2] (IRQs 17) *0, disabled.
ACPI: PCI Interrupt Link [APC3] (IRQs 18) *0, disabled.
ACPI: PCI Interrupt Link [APC4] (IRQs 19) *0, disabled.
ACPI: PCI Interrupt Link [APC5] (IRQs 16) *0, disabled.
ACPI: PCI Interrupt Link [APC6] (IRQs 16) *0, disabled.
ACPI: PCI Interrupt Link [APC7] (IRQs 16) *0
ACPI: PCI Interrupt Link [APC8] (IRQs 16) *0, disabled.
ACPI: PCI Interrupt Link [APCF] (IRQs 20 21 22 23) *0, disabled.
ACPI: PCI Interrupt Link [APCG] (IRQs 20 21 22 23) *0, disabled.
ACPI: PCI Interrupt Link [APCH] (IRQs 20 21 22 23) *0
ACPI: PCI Interrupt Link [APCJ] (IRQs 20 21 22 23) *0, disabled.
ACPI: PCI Interrupt Link [APMU] (IRQs 20 21 22 23) *0, disabled.
ACPI: PCI Interrupt Link [AAZA] (IRQs 20 21 22 23) *0
ACPI: PCI Interrupt Link [APCK] (IRQs 20 21 22 23) *0, disabled.
ACPI: PCI Interrupt Link [APCS] (IRQs 20 21 22 23) *0, disabled.
ACPI: PCI Interrupt Link [APCL] (IRQs 20 21 22 23) *0, disabled.
ACPI: PCI Interrupt Link [APCM] (IRQs 20 21 22 23) *0, disabled.
ACPI: PCI Interrupt Link [APCZ] (IRQs 20 21 22 23) *0, disabled.
ACPI: PCI Interrupt Link [APSI] (IRQs 20 21 22 23) *0
ACPI: PCI Interrupt Link [APSJ] (IRQs 20 21 22 23) *0
Linux Plug and Play Support v0.97 (c) Adam Belay
pnp: PnP ACPI init
ACPI: bus type pnp registered
pnp: PnP ACPI: found 12 devices
ACPI: ACPI bus type pnp unregistered
SCSI subsystem initialized
libata version 3.00 loaded.
usbcore: registered new interface driver usbfs
usbcore: registered new interface driver hub
usbcore: registered new device driver usb
PCI: Using ACPI for IRQ routing
PCI: If a device doesn't work, try "pci=routeirq".  If it helps, post a report
NetLabel: Initializing
NetLabel:  domain hash size = 128
NetLabel:  protocols = UNLABELED CIPSOv4
NetLabel:  unlabeled traffic allowed by default
DMAR:No DMAR devices found
hpet0: at MMIO 0xfefff000, IRQs 2, 8, 31
hpet0: 3 32-bit timers, 25000000 Hz
ACPI: RTC can wake from S4
Time: hpet clocksource has been installed.
Switched to high resolution mode on CPU 0
Switched to high resolution mode on CPU 1
system 00:01: ioport range 0x4000-0x407f has been reserved
system 00:01: ioport range 0x4080-0x40ff has been reserved
system 00:01: ioport range 0x4400-0x447f has been reserved
system 00:01: ioport range 0x4480-0x44ff has been reserved
system 00:01: ioport range 0x4800-0x487f has been reserved
system 00:01: ioport range 0x4880-0x48ff has been reserved
system 00:01: ioport range 0x2000-0x207f has been reserved
system 00:01: ioport range 0x2080-0x20ff has been reserved
system 00:01: iomem range 0x3e000000-0x3fffffff could not be reserved
system 00:0a: iomem range 0xe0000000-0xefffffff could not be reserved
system 00:0b: iomem range 0xcec00-0xcffff has been reserved
system 00:0b: iomem range 0xf0000-0xf7fff could not be reserved
system 00:0b: iomem range 0xf8000-0xfbfff could not be reserved
system 00:0b: iomem range 0xfc000-0xfffff could not be reserved
PCI: Bridge: 0000:00:10.0
  IO window: b000-bfff
  MEM window: fdd00000-fddfffff
  PREFETCH window: fde00000-fdefffff
PCI: Setting latency timer of device 0000:00:10.0 to 64
NET: Registered protocol family 2
IP route cache hash table entries: 32768 (order: 6, 262144 bytes)
TCP established hash table entries: 131072 (order: 9, 3145728 bytes)
TCP bind hash table entries: 65536 (order: 8, 1048576 bytes)
TCP: Hash tables configured (established 131072 bind 65536)
TCP reno registered
VFS: Disk quotas dquot_6.5.1
Dquot-cache hash table entries: 512 (order 0, 4096 bytes)
fuse init (API version 7.9)
SGI XFS with ACLs, security attributes, large block/inode numbers, no debug enabled
Block layer SCSI generic (bsg) driver version 0.4 loaded (major 253)
io scheduler noop registered
io scheduler cfq registered (default)
Boot video device is 0000:00:05.0
input: Power Button (FF) as /devices/virtual/input/input0
ACPI: Power Button (FF) [PWRF]
input: Power Button (CM) as /devices/virtual/input/input1
ACPI: Power Button (CM) [PWRB]
ACPI: Fan [FAN] (on)
ACPI: Thermal Zone [THRM] (40 C)
Real Time Clock Driver v1.12ac
hpet_resources: 0xfefff000 is busy
Non-volatile memory driver v1.2
Linux agpgart interface v0.102
[drm] Initialized drm 1.1.0 20060810
Hangcheck: starting hangcheck timer 0.9.0 (tick is 180 seconds, margin is 60 seconds).
Hangcheck: Using get_cycles().
Serial: 8250/16550 driver $Revision: 1.90 $ 2 ports, IRQ sharing enabled
Floppy drive(s): fd0 is 1.44M
FDC 0 is a post-1991 82077
loop: module loaded
forcedeth: Reverse Engineered nForce ethernet driver. Version 0.61.
ACPI: PCI Interrupt Link [APCH] enabled at IRQ 23
ACPI: PCI Interrupt 0000:00:14.0[A] -> Link [APCH] -> GSI 23 (level, low) -> IRQ 23
PCI: Setting latency timer of device 0000:00:14.0 to 64
forcedeth 0000:00:14.0: ifname eth0, PHY OUI 0x5043 @ 1, addr 00:18:f3:eb:df:88
forcedeth 0000:00:14.0: highdma pwrctl timirq gbit lnktim desc-v3
PPP generic driver version 2.4.2
NET: Registered protocol family 24
usbcore: registered new interface driver catc
drivers/net/usb/catc.c: v2.8 CATC EL1210A NetMate USB Ethernet driver
usbcore: registered new interface driver kaweth
pegasus: v0.6.14 (2006/09/27), Pegasus/Pegasus II USB Ethernet driver
usbcore: registered new interface driver pegasus
drivers/net/usb/rtl8150.c: rtl8150 based usb-ethernet driver v0.6.2 (2004/08/27)
usbcore: registered new interface driver rtl8150
usbcore: registered new interface driver asix
usbcore: registered new interface driver cdc_ether
usbcore: registered new interface driver net1080
usbcore: registered new interface driver zaurus
SCSI Media Changer driver v0.25 
sata_nv 0000:00:0e.0: version 3.5
ACPI: PCI Interrupt Link [APSI] enabled at IRQ 22
ACPI: PCI Interrupt 0000:00:0e.0[A] -> Link [APSI] -> GSI 22 (level, low) -> IRQ 22
PCI: Setting latency timer of device 0000:00:0e.0 to 64
scsi0 : sata_nv
scsi1 : sata_nv
ata1: SATA max UDMA/133 cmd 0x9f0 ctl 0xbf0 bmdma 0xe000 irq 22
ata2: SATA max UDMA/133 cmd 0x970 ctl 0xb70 bmdma 0xe008 irq 22
ata1: SATA link up 1.5 Gbps (SStatus 113 SControl 300)
ata1.00: ATA-7: ST3250820AS, 3.AAE, max UDMA/133
ata1.00: 488397168 sectors, multi 1: LBA48 NCQ (depth 0/32)
ata1.00: configured for UDMA/133
ata2: SATA link down (SStatus 0 SControl 300)
scsi 0:0:0:0: Direct-Access     ATA      ST3250820AS      3.AA PQ: 0 ANSI: 5
sd 0:0:0:0: [sda] 488397168 512-byte hardware sectors (250059 MB)
sd 0:0:0:0: [sda] Write Protect is off
sd 0:0:0:0: [sda] Mode Sense: 00 3a 00 00
sd 0:0:0:0: [sda] Write cache: enabled, read cache: enabled, doesn't support DPO or FUA
sd 0:0:0:0: [sda] 488397168 512-byte hardware sectors (250059 MB)
sd 0:0:0:0: [sda] Write Protect is off
sd 0:0:0:0: [sda] Mode Sense: 00 3a 00 00
sd 0:0:0:0: [sda] Write cache: enabled, read cache: enabled, doesn't support DPO or FUA
 sda: sda1 sda2 sda3
sd 0:0:0:0: [sda] Attached SCSI disk
sd 0:0:0:0: Attached scsi generic sg0 type 0
ACPI: PCI Interrupt Link [APSJ] enabled at IRQ 21
ACPI: PCI Interrupt 0000:00:0f.0[A] -> Link [APSJ] -> GSI 21 (level, low) -> IRQ 21
PCI: Setting latency timer of device 0000:00:0f.0 to 64
scsi2 : sata_nv
scsi3 : sata_nv
ata3: SATA max UDMA/133 cmd 0x9e0 ctl 0xbe0 bmdma 0xcc00 irq 21
ata4: SATA max UDMA/133 cmd 0x960 ctl 0xb60 bmdma 0xcc08 irq 21
ata3: SATA link down (SStatus 0 SControl 300)
ata4: SATA link down (SStatus 0 SControl 300)
pata_amd 0000:00:0d.0: version 0.3.9
PCI: Setting latency timer of device 0000:00:0d.0 to 64
scsi4 : pata_amd
scsi5 : pata_amd
ata5: PATA max UDMA/133 cmd 0x1f0 ctl 0x3f6 bmdma 0xf400 irq 14
ata6: PATA max UDMA/133 cmd 0x170 ctl 0x376 bmdma 0xf408 irq 15
ata5.00: ATAPI: HL-DT-ST DVDRAM GSA-4167B, DL11, max UDMA/33
ata5.00: configured for UDMA/33
scsi 4:0:0:0: CD-ROM            HL-DT-ST DVDRAM GSA-4167B DL11 PQ: 0 ANSI: 5
sr0: scsi3-mmc drive: 48x/48x writer dvd-ram cd/rw xa/form2 cdda tray
Uniform CD-ROM driver Revision: 3.20
sr 4:0:0:0: Attached scsi CD-ROM sr0
sr 4:0:0:0: Attached scsi generic sg1 type 5
ACPI: PCI Interrupt Link [APC4] enabled at IRQ 19
ACPI: PCI Interrupt 0000:01:05.0[A] -> Link [APC4] -> GSI 19 (level, low) -> IRQ 19
ohci1394: fw-host0: OHCI-1394 1.1 (PCI): IRQ=[19]  MMIO=[fddff000-fddff7ff]  Max Packet=[2048]  IR/IT contexts=[4/8]
video1394: Installed video1394 module
ieee1394: raw1394: /dev/raw1394 device initialized
ACPI: PCI Interrupt Link [APCL] enabled at IRQ 20
ACPI: PCI Interrupt 0000:00:0b.1[B] -> Link [APCL] -> GSI 20 (level, low) -> IRQ 20
PCI: Setting latency timer of device 0000:00:0b.1 to 64
ehci_hcd 0000:00:0b.1: EHCI Host Controller
ehci_hcd 0000:00:0b.1: new USB bus registered, assigned bus number 1
ehci_hcd 0000:00:0b.1: debug port 1
PCI: cache line size of 64 is not supported by device 0000:00:0b.1
ehci_hcd 0000:00:0b.1: irq 20, io mem 0xfe02e000
ehci_hcd 0000:00:0b.1: USB 2.0 started, EHCI 1.00, driver 10 Dec 2004
usb usb1: configuration #1 chosen from 1 choice
hub 1-0:1.0: USB hub found
hub 1-0:1.0: 8 ports detected
ohci_hcd: 2006 August 04 USB 1.1 'Open' Host Controller (OHCI) Driver
ACPI: PCI Interrupt Link [APCF] enabled at IRQ 23
ACPI: PCI Interrupt 0000:00:0b.0[A] -> Link [APCF] -> GSI 23 (level, low) -> IRQ 23
PCI: Setting latency timer of device 0000:00:0b.0 to 64
ohci_hcd 0000:00:0b.0: OHCI Host Controller
ohci_hcd 0000:00:0b.0: new USB bus registered, assigned bus number 2
ohci_hcd 0000:00:0b.0: irq 23, io mem 0xfe02f000
usb usb2: configuration #1 chosen from 1 choice
hub 2-0:1.0: USB hub found
hub 2-0:1.0: 8 ports detected
Initializing USB Mass Storage driver...
usb 1-6: new high speed USB device using ehci_hcd and address 3
usb 1-6: configuration #1 chosen from 1 choice
usb 2-2: new low speed USB device using ohci_hcd and address 2
usb 2-2: configuration #1 chosen from 1 choice
scsi6 : SCSI emulation for USB Mass Storage devices
usb-storage: device found at 3
usb-storage: waiting for device to settle before scanning
usbcore: registered new interface driver usb-storage
USB Mass Storage support registered.
PNP: PS/2 Controller [PNP0303:PS2K] at 0x60,0x64 irq 1
PNP: PS/2 appears to have AUX port disabled, if this is incorrect please boot with i8042.nopnp
serio: i8042 KBD port at 0x60,0x64 irq 1
mice: PS/2 mouse device common for all mice
input: AT Translated Set 2 keyboard as /devices/platform/i8042/serio0/input/input2
input: PC Speaker as /devices/platform/pcspkr/input/input3
rtc_cmos: probe of 00:05 failed with error -16
i2c /dev entries driver
i2c-adapter i2c-0: nForce2 SMBus adapter at 0x4c00
i2c-adapter i2c-1: nForce2 SMBus adapter at 0x4c40
it87: Found IT8716F chip at 0x290, revision 0
it87: in3 is VCC (+5V)
it87: in7 is VCCH (+5V Stand-By)
cpuidle: using governor ladder
cpuidle: using governor menu
usbcore: registered new interface driver hiddev
input: Logitech USB-PS/2 Optical Mouse as /devices/pci0000:00/0000:00:0b.0/usb2/2-2/2-2:1.0/input/input4
input: USB HID v1.10 Mouse [Logitech USB-PS/2 Optical Mouse] on usb-0000:00:0b.0-2
usbcore: registered new interface driver usbhid
drivers/hid/usbhid/hid-core.c: v2.6:USB HID core driver
Advanced Linux Sound Architecture Driver Version 1.0.15 (Tue Oct 23 06:09:18 2007 UTC).
ACPI: PCI Interrupt Link [AAZA] enabled at IRQ 22
ACPI: PCI Interrupt 0000:00:10.1[B] -> Link [AAZA] -> GSI 22 (level, low) -> IRQ 22
PCI: Setting latency timer of device 0000:00:10.1 to 64
ieee1394: Host added: ID:BUS[0-00:1023]  GUID[0011d8000101f761]
ALSA device list:
  #0: HDA NVidia at 0xfe024000 irq 22
GACT probability on
netem: version 1.2
u32 classifier
    Performance counters on
    Actions configured 
nf_conntrack version 0.5.0 (8192 buckets, 32768 max)
ip_tables: (C) 2000-2006 Netfilter Core Team
ClusterIP Version 0.8 loaded successfully
arp_tables: (C) 2002 David S. Miller
TCP cubic registered
Initializing XFRM netlink socket
NET: Registered protocol family 1
NET: Registered protocol family 10
IPv6 over IPv4 tunneling driver
NET: Registered protocol family 17
NET: Registered protocol family 15
RPC: Registered udp transport module.
RPC: Registered tcp transport module.
powernow-k8: Found 1 AMD Athlon(tm) 64 X2 Dual Core Processor 4200+ processors (2 cpu cores) (version 2.00.00)
powernow-k8:    0 : fid 0xe (2200 MHz), vid 0x8
powernow-k8:    1 : fid 0xc (2000 MHz), vid 0xa
powernow-k8:    2 : fid 0xa (1800 MHz), vid 0xc
powernow-k8:    3 : fid 0x2 (1000 MHz), vid 0x12
registered taskstats version 1
drivers/rtc/hctosys.c: unable to open rtc device (rtc0)
BIOS EDD facility v0.16 2004-Jun-25, 6 devices found
UDF-fs: No VRS found
XFS mounting filesystem sda3
Ending clean XFS mount for filesystem: sda3
VFS: Mounted root (xfs filesystem) readonly.
Freeing unused kernel memory: 244k freed
usb_id[1169]: segfault at 0 rip 2ae7a488fb05 rsp 7fff064addf8 error 4
usb_id[1171]: segfault at 0 rip 2b5079417b05 rsp 7fff31928268 error 4
Adding 1951888k swap on /dev/sda2.  Priority:-1 extents:1 across:1951888k
usb-storage: device scan complete
scsi 6:0:0:0: Direct-Access     Generic  USB SD Reader    1.00 PQ: 0 ANSI: 0
scsi 6:0:0:1: Direct-Access     Generic  USB CF Reader    1.01 PQ: 0 ANSI: 0
scsi 6:0:0:2: Direct-Access     Generic  USB SM Reader    1.02 PQ: 0 ANSI: 0
scsi 6:0:0:3: Direct-Access     Generic  USB MS Reader    1.03 PQ: 0 ANSI: 0
sd 6:0:0:0: [sdb] Attached SCSI removable disk
sd 6:0:0:0: Attached scsi generic sg2 type 0
sd 6:0:0:1: [sdc] Attached SCSI removable disk
sd 6:0:0:1: Attached scsi generic sg3 type 0
sd 6:0:0:2: [sdd] Attached SCSI removable disk
sd 6:0:0:2: Attached scsi generic sg4 type 0
sd 6:0:0:3: [sde] Attached SCSI removable disk
sd 6:0:0:3: Attached scsi generic sg5 type 0
ReiserFS: sda1: found reiserfs format "3.6" with standard journal
ReiserFS: sda1: using ordered data mode
ReiserFS: sda1: journal params: device sda1, size 8192, journal first block 18, max trans len 1024, max batch 900, max commit age 30, max trans age 30
ReiserFS: sda1: checking transaction log (sda1)
ReiserFS: sda1: Using r5 hash to sort names
eth0: no IPv6 routers present