Date: Thu, 9 Sep 2004 23:47:19 +0300 (EEST)
From: 	caszonyi@rdslink ...
Subject: Alsa sequencer with OSS emulation not working in 2.6.8
Sender: linux-kernel-owner@vger.kernel.org
Precedence: bulk
List-ID: <linux-kernel.vger.kernel.org>
X-Mailing-List: linux-kernel@vger.kernel.org
X-Lkml-Link: https://lkml.org/lkml/2004/9/10/244

Hello
I cannot play midi files with playmidi using oss emulation in 2.6.8
The message given by playmidi is:
playmidi /mnt/dosc/windows/media/passport.mid
open /dev/sequencer: No such device or address
then an error appears in the logs:
ALSA sound/core/seq/oss/seq_oss_init.c:222: can't create port
I have a Crystal CS4239 sound card on the ISA bus.
Dmesg, config and program's version attached. More info available on 
request
Alsa is compiled in kernel
Bye
Calin
--
"A mouse is a device used to point at
the xterm you want to type in".
Kim Alm on a.s.r.CONFIG_X86=y
CONFIG_MMU=y
CONFIG_UID16=y
CONFIG_GENERIC_ISA_DMA=y
CONFIG_EXPERIMENTAL=y
CONFIG_BROKEN=y
CONFIG_BROKEN_ON_SMP=y
CONFIG_SWAP=y
CONFIG_SYSVIPC=y
CONFIG_SYSCTL=y
CONFIG_LOG_BUF_SHIFT=17
CONFIG_KALLSYMS=y
CONFIG_FUTEX=y
CONFIG_EPOLL=y
CONFIG_IOSCHED_NOOP=y
CONFIG_IOSCHED_AS=y
CONFIG_IOSCHED_DEADLINE=y
CONFIG_IOSCHED_CFQ=y
CONFIG_MODULES=y
CONFIG_MODULE_UNLOAD=y
CONFIG_MODULE_FORCE_UNLOAD=y
CONFIG_OBSOLETE_MODPARM=y
CONFIG_KMOD=y
CONFIG_X86_PC=y
CONFIG_MK7=y
CONFIG_X86_CMPXCHG=y
CONFIG_X86_XADD=y
CONFIG_X86_L1_CACHE_SHIFT=6
CONFIG_RWSEM_XCHGADD_ALGORITHM=y
CONFIG_X86_WP_WORKS_OK=y
CONFIG_X86_INVLPG=y
CONFIG_X86_BSWAP=y
CONFIG_X86_POPAD_OK=y
CONFIG_X86_GOOD_APIC=y
CONFIG_X86_INTEL_USERCOPY=y
CONFIG_X86_USE_PPRO_CHECKSUM=y
CONFIG_X86_USE_3DNOW=y
CONFIG_HPET_TIMER=y
CONFIG_HPET_EMULATE_RTC=y
CONFIG_PREEMPT=y
CONFIG_X86_TSC=y
CONFIG_X86_CPUID=y
CONFIG_NOHIGHMEM=y
CONFIG_MTRR=y
CONFIG_HAVE_DEC_LOCK=y
CONFIG_REGPARM=y
CONFIG_PM=y
CONFIG_ACPI=y
CONFIG_ACPI_BOOT=y
CONFIG_ACPI_INTERPRETER=y
CONFIG_ACPI_BUTTON=y
CONFIG_ACPI_FAN=y
CONFIG_ACPI_PROCESSOR=y
CONFIG_ACPI_THERMAL=y
CONFIG_ACPI_BUS=y
CONFIG_ACPI_EC=y
CONFIG_ACPI_POWER=y
CONFIG_ACPI_PCI=y
CONFIG_ACPI_SYSTEM=y
CONFIG_PCI=y
CONFIG_PCI_GODIRECT=y
CONFIG_PCI_DIRECT=y
CONFIG_PCI_LEGACY_PROC=y
CONFIG_PCI_NAMES=y
CONFIG_ISA=y
CONFIG_BINFMT_ELF=y
CONFIG_PREVENT_FIRMWARE_BUILD=y
CONFIG_PARPORT=y
CONFIG_PARPORT_PC=y
CONFIG_PARPORT_PC_CML1=y
CONFIG_PARPORT_PC_FIFO=y
CONFIG_PARPORT_PC_SUPERIO=y
CONFIG_PARPORT_1284=y
CONFIG_PNP=y
CONFIG_PNP_DEBUG=y
CONFIG_ISAPNP=y
CONFIG_PNPBIOS=y
CONFIG_PNPBIOS_PROC_FS=y
CONFIG_BLK_DEV_FD=y
CONFIG_BLK_DEV_LOOP=y
CONFIG_IDE=y
CONFIG_BLK_DEV_IDE=y
CONFIG_BLK_DEV_IDEDISK=y
CONFIG_IDEDISK_MULTI_MODE=y
CONFIG_BLK_DEV_IDECD=y
CONFIG_IDE_TASKFILE_IO=y
CONFIG_BLK_DEV_IDEPCI=y
CONFIG_BLK_DEV_GENERIC=y
CONFIG_BLK_DEV_IDEDMA_PCI=y
CONFIG_IDEDMA_PCI_AUTO=y
CONFIG_BLK_DEV_ADMA=y
CONFIG_BLK_DEV_VIA82CXXX=y
CONFIG_BLK_DEV_IDEDMA=y
CONFIG_IDEDMA_AUTO=y
CONFIG_NET=y
CONFIG_PACKET=y
CONFIG_PACKET_MMAP=y
CONFIG_NETLINK_DEV=y
CONFIG_UNIX=y
CONFIG_INET=y
CONFIG_IP_ADVANCED_ROUTER=y
CONFIG_IP_ROUTE_TOS=y
CONFIG_NETFILTER=y
CONFIG_IP_NF_CONNTRACK=y
CONFIG_IP_NF_FTP=y
CONFIG_IP_NF_IRC=y
CONFIG_IP_NF_TFTP=y
CONFIG_IP_NF_IPTABLES=y
CONFIG_IP_NF_MATCH_LIMIT=y
CONFIG_IP_NF_MATCH_IPRANGE=y
CONFIG_IP_NF_MATCH_MAC=y
CONFIG_IP_NF_MATCH_PKTTYPE=y
CONFIG_IP_NF_MATCH_MARK=y
CONFIG_IP_NF_MATCH_MULTIPORT=y
CONFIG_IP_NF_MATCH_TOS=y
CONFIG_IP_NF_MATCH_RECENT=y
CONFIG_IP_NF_MATCH_ECN=y
CONFIG_IP_NF_MATCH_DSCP=y
CONFIG_IP_NF_MATCH_AH_ESP=y
CONFIG_IP_NF_MATCH_LENGTH=y
CONFIG_IP_NF_MATCH_TTL=y
CONFIG_IP_NF_MATCH_TCPMSS=y
CONFIG_IP_NF_MATCH_HELPER=y
CONFIG_IP_NF_MATCH_STATE=y
CONFIG_IP_NF_MATCH_CONNTRACK=y
CONFIG_IP_NF_MATCH_OWNER=y
CONFIG_IP_NF_FILTER=y
CONFIG_IP_NF_TARGET_REJECT=y
CONFIG_IP_NF_NAT=y
CONFIG_IP_NF_NAT_NEEDED=y
CONFIG_IP_NF_TARGET_MASQUERADE=y
CONFIG_IP_NF_TARGET_REDIRECT=y
CONFIG_IP_NF_TARGET_NETMAP=y
CONFIG_IP_NF_TARGET_SAME=y
CONFIG_IP_NF_NAT_LOCAL=y
CONFIG_IP_NF_NAT_SNMP_BASIC=y
CONFIG_IP_NF_NAT_IRC=y
CONFIG_IP_NF_NAT_FTP=y
CONFIG_IP_NF_NAT_TFTP=y
CONFIG_IP_NF_MANGLE=y
CONFIG_IP_NF_TARGET_TOS=y
CONFIG_IP_NF_TARGET_ECN=y
CONFIG_IP_NF_TARGET_DSCP=y
CONFIG_IP_NF_TARGET_MARK=y
CONFIG_IP_NF_TARGET_CLASSIFY=y
CONFIG_IP_NF_TARGET_LOG=y
CONFIG_IP_NF_TARGET_ULOG=y
CONFIG_IP_NF_TARGET_TCPMSS=y
CONFIG_IP_NF_ARPTABLES=y
CONFIG_IP_NF_ARPFILTER=y
CONFIG_NETDEVICES=y
CONFIG_NET_ETHERNET=y
CONFIG_MII=y
CONFIG_NET_PCI=y
CONFIG_8139TOO=y
CONFIG_NET_RADIO=y
CONFIG_NET_WIRELESS=y
CONFIG_PPP=y
CONFIG_PPP_FILTER=y
CONFIG_PPP_ASYNC=y
CONFIG_PPP_DEFLATE=y
CONFIG_PPP_BSDCOMP=y
CONFIG_INPUT=y
CONFIG_INPUT_MOUSEDEV=y
CONFIG_INPUT_MOUSEDEV_PSAUX=y
CONFIG_INPUT_MOUSEDEV_SCREEN_X=1024
CONFIG_INPUT_MOUSEDEV_SCREEN_Y=768
CONFIG_SOUND_GAMEPORT=y
CONFIG_SERIO=y
CONFIG_SERIO_I8042=y
CONFIG_SERIO_SERPORT=y
CONFIG_INPUT_KEYBOARD=y
CONFIG_KEYBOARD_ATKBD=y
CONFIG_INPUT_MOUSE=y
CONFIG_MOUSE_PS2=y
CONFIG_INPUT_MISC=y
CONFIG_INPUT_PCSPKR=y
CONFIG_VT=y
CONFIG_VT_CONSOLE=y
CONFIG_HW_CONSOLE=y
CONFIG_SERIAL_8250=y
CONFIG_SERIAL_8250_NR_UARTS=4
CONFIG_SERIAL_8250_EXTENDED=y
CONFIG_SERIAL_8250_DETECT_IRQ=y
CONFIG_SERIAL_8250_RSA=y
CONFIG_SERIAL_CORE=y
CONFIG_UNIX98_PTYS=y
CONFIG_LEGACY_PTYS=y
CONFIG_LEGACY_PTY_COUNT=512
CONFIG_PRINTER=y
CONFIG_LP_CONSOLE=y
CONFIG_PPDEV=y
CONFIG_NVRAM=y
CONFIG_RTC=y
CONFIG_AGP=y
CONFIG_AGP_VIA=y
CONFIG_DRM=y
CONFIG_DRM_RADEON=y
CONFIG_HPET=y
CONFIG_HPET_MMAP=y
CONFIG_I2C=y
CONFIG_I2C_CHARDEV=y
CONFIG_I2C_ALGOBIT=y
CONFIG_I2C_ALGOPCF=y
CONFIG_I2C_ISA=y
CONFIG_I2C_VIA=y
CONFIG_I2C_VIAPRO=y
CONFIG_I2C_SENSOR=y
CONFIG_SENSORS_VIA686A=y
CONFIG_VIDEO_DEV=y
CONFIG_VIDEO_BT848=m
CONFIG_VIDEO_TUNER=m
CONFIG_VIDEO_BUF=m
CONFIG_VIDEO_BTCX=m
CONFIG_VIDEO_IR=m
CONFIG_VIDEO_SELECT=y
CONFIG_VGA_CONSOLE=y
CONFIG_DUMMY_CONSOLE=y
CONFIG_SOUND=y
CONFIG_SND=y
CONFIG_SND_TIMER=y
CONFIG_SND_PCM=y
CONFIG_SND_HWDEP=y
CONFIG_SND_RAWMIDI=y
CONFIG_SND_SEQUENCER=y
CONFIG_SND_OSSEMUL=y
CONFIG_SND_MIXER_OSS=y
CONFIG_SND_PCM_OSS=y
CONFIG_SND_SEQUENCER_OSS=y
CONFIG_SND_RTCTIMER=y
CONFIG_SND_VERBOSE_PRINTK=y
CONFIG_SND_DEBUG=y
CONFIG_SND_DEBUG_MEMORY=y
CONFIG_SND_DEBUG_DETECT=y
CONFIG_SND_MPU401_UART=y
CONFIG_SND_OPL3_LIB=y
CONFIG_SND_MPU401=y
CONFIG_SND_CS4236=y
CONFIG_SND_BT87X=y
CONFIG_EXT2_FS=y
CONFIG_EXT2_FS_XATTR=y
CONFIG_EXT2_FS_POSIX_ACL=y
CONFIG_EXT3_FS=y
CONFIG_EXT3_FS_XATTR=y
CONFIG_EXT3_FS_POSIX_ACL=y
CONFIG_JBD=y
CONFIG_FS_MBCACHE=y
CONFIG_JFS_FS=y
CONFIG_JFS_POSIX_ACL=y
CONFIG_FS_POSIX_ACL=y
CONFIG_XFS_FS=y
CONFIG_XFS_POSIX_ACL=y
CONFIG_ISO9660_FS=y
CONFIG_JOLIET=y
CONFIG_ZISOFS=y
CONFIG_ZISOFS_FS=y
CONFIG_UDF_FS=y
CONFIG_UDF_NLS=y
CONFIG_FAT_FS=y
CONFIG_MSDOS_FS=y
CONFIG_VFAT_FS=y
CONFIG_FAT_DEFAULT_CODEPAGE=437
CONFIG_FAT_DEFAULT_IOCHARSET="iso8859-1"
CONFIG_PROC_FS=y
CONFIG_PROC_KCORE=y
CONFIG_SYSFS=y
CONFIG_TMPFS=y
CONFIG_RAMFS=y
CONFIG_UFS_FS=y
CONFIG_NFS_FS=y
CONFIG_NFS_V3=y
CONFIG_NFSD=y
CONFIG_NFSD_V3=y
CONFIG_NFSD_TCP=y
CONFIG_LOCKD=y
CONFIG_LOCKD_V4=y
CONFIG_EXPORTFS=y
CONFIG_SUNRPC=y
CONFIG_SMB_FS=y
CONFIG_CODA_FS=y
CONFIG_CODA_FS_OLD_API=y
CONFIG_PARTITION_ADVANCED=y
CONFIG_MSDOS_PARTITION=y
CONFIG_BSD_DISKLABEL=y
CONFIG_SOLARIS_X86_PARTITION=y
CONFIG_NLS=y
CONFIG_NLS_DEFAULT="iso8859-2"
CONFIG_NLS_CODEPAGE_437=y
CONFIG_NLS_CODEPAGE_850=y
CONFIG_NLS_CODEPAGE_852=y
CONFIG_NLS_CODEPAGE_1250=y
CONFIG_NLS_ASCII=y
CONFIG_NLS_ISO8859_1=y
CONFIG_NLS_ISO8859_2=y
CONFIG_NLS_ISO8859_15=y
CONFIG_NLS_UTF8=y
CONFIG_DEBUG_KERNEL=y
CONFIG_EARLY_PRINTK=y
CONFIG_MAGIC_SYSRQ=y
CONFIG_CRC_CCITT=y
CONFIG_CRC32=y
CONFIG_ZLIB_INFLATE=y
CONFIG_ZLIB_DEFLATE=y
CONFIG_X86_BIOS_REBOOT=y
CONFIG_PC=y
If some fields are empty or look unusual you may have an old version.
Compare to the current minimal requirements in Documentation/Changes.
Linux grinch 2.6.8.1 #1 Thu Sep 9 22:57:12 EEST 2004 i686 unknown unknown GNU/Linux
Gnu C                  3.3.4
Gnu make               3.80
binutils               2.15.90.0.3
util-linux             2.12a
mount                  2.12a
module-init-tools      3.0
e2fsprogs              1.35
jfsutils               1.1.7
xfsprogs               2.6.13
quota-tools            3.12.
nfs-utils              1.0.6
Linux C Library        2.3.2
Dynamic linker (ldd)   2.3.2
Linux C++ Library      5.0.6
Procps                 3.2.1
Net-tools              1.60
Kbd                    1.12
Sh-utils               5.2.1
Modules Loaded         bttv tvaudio tuner video_buf btcx_risc
Linux version 2.6.8.1 (root@grinch) (gcc version 3.3.4) #1 Thu Sep 9 22:57:12 EEST 2004
BIOS-provided physical RAM map:
 BIOS-e820: 0000000000000000 - 000000000009fc00 (usable)
 BIOS-e820: 000000000009fc00 - 00000000000a0000 (reserved)
 BIOS-e820: 00000000000f0000 - 0000000000100000 (reserved)
 BIOS-e820: 0000000000100000 - 000000000fff0000 (usable)
 BIOS-e820: 000000000fff0000 - 000000000fff3000 (ACPI NVS)
 BIOS-e820: 000000000fff3000 - 0000000010000000 (ACPI data)
 BIOS-e820: 00000000ffff0000 - 0000000100000000 (reserved)
255MB LOWMEM available.
On node 0 totalpages: 65520
  DMA zone: 4096 pages, LIFO batch:1
  Normal zone: 61424 pages, LIFO batch:14
  HighMem zone: 0 pages, LIFO batch:1
DMI not present.
ACPI: RSDP (v000 VIA694                                    ) @ 0x000f7060
ACPI: RSDT (v001 VIA694 AWRDACPI 0x42302e31 AWRD 0x00000000) @ 0x0fff3000
ACPI: FADT (v001 VIA694 AWRDACPI 0x42302e31 AWRD 0x00000000) @ 0x0fff3040
ACPI: DSDT (v001 VIA694 AWRDACPI 0x00001000 MSFT 0x0100000c) @ 0x00000000
Built 1 zonelists
Kernel command line: BOOT_IMAGE=k268 ro root=306 nmi_watchdog=2
Initializing CPU#0
PID hash table entries: 1024 (order 10: 8192 bytes)
Detected 700.398 MHz processor.
Using tsc for high-res timesource
Console: colour VGA+ 132x25
Dentry cache hash table entries: 65536 (order: 6, 262144 bytes)
Inode-cache hash table entries: 32768 (order: 5, 131072 bytes)
Memory: 254196k/262080k available (2995k kernel code, 7188k reserved, 884k data, 380k init, 0k highmem)
Checking if this processor honours the WP bit even in supervisor mode... Ok.
Calibrating delay loop... 1372.16 BogoMIPS
Mount-cache hash table entries: 512 (order: 0, 4096 bytes)
CPU: After generic identify, caps: 0183f9ff c1c7f9ff 00000000 00000000
CPU: After vendor identify, caps:  0183f9ff c1c7f9ff 00000000 00000000
CPU: L1 I Cache: 64K (64 bytes/line), D cache 64K (64 bytes/line)
CPU: L2 Cache: 64K (64 bytes/line)
CPU: After all inits, caps:        0183f9ff c1c7f9ff 00000000 00000020
CPU: AMD Duron(tm) Processor stepping 01
Enabling fast FPU save and restore... done.
Checking 'hlt' instruction... OK.
NET: Registered protocol family 16
PCI: Using configuration type 1
mtrr: v2.0 (20020519)
ACPI: Subsystem revision 20040326
ACPI: IRQ9 SCI: Level Trigger.
ACPI: Interpreter enabled
ACPI: Using PIC for interrupt routing
ACPI: PCI Root Bridge [PCI0] (00:00)
PCI: Probing PCI hardware (bus 00)
Disabling VIA memory write queue (PCI ID 0305, rev 02): [55] 81 & 1f -> 01
ACPI: PCI Interrupt Routing Table [\_SB_.PCI0._PRT]
ACPI: PCI Interrupt Link [LNKA] (IRQs 1 3 4 5 6 7 10 *11 12 14 15)
ACPI: PCI Interrupt Link [LNKB] (IRQs 1 3 4 5 6 7 *10 11 12 14 15)
ACPI: PCI Interrupt Link [LNKC] (IRQs 1 3 4 5 6 7 10 11 12 14 15) *0, disabled.
ACPI: PCI Interrupt Link [LNKD] (IRQs 1 3 4 5 6 7 10 11 12 14 15) *0, disabled.
Linux Plug and Play Support v0.97 (c) Adam Belay
pnp: the driver 'system' has been registered
PnPBIOS: Scanning system for PnP BIOS support...
PnPBIOS: Found PnP BIOS installation structure at 0xc00fbdf0
PnPBIOS: PnP BIOS version 1.0, entry 0xf0000:0xbe20, dseg 0xf0000
pnp: match found with the PnP device '00:07' and the driver 'system'
pnp: match found with the PnP device '00:08' and the driver 'system'
pnp: match found with the PnP device '00:0b' and the driver 'system'
pnp: 00:0b: ioport range 0x208-0x20f has been reserved
PnPBIOS: 16 nodes reported by PnP BIOS; 16 recorded by driver
PCI: Using ACPI for IRQ routing
ACPI: PCI Interrupt Link [LNKA] enabled at IRQ 11
ACPI: PCI interrupt 0000:00:08.0[A] -> GSI 11 (level, low) -> IRQ 11
ACPI: PCI Interrupt Link [LNKB] enabled at IRQ 10
ACPI: PCI interrupt 0000:00:09.0[A] -> GSI 10 (level, low) -> IRQ 10
ACPI: PCI interrupt 0000:00:09.1[A] -> GSI 10 (level, low) -> IRQ 10
ACPI: PCI interrupt 0000:01:00.0[A] -> GSI 11 (level, low) -> IRQ 11
Coda Kernel/Venus communications, v6.0.0, coda@cs.cmu.edu
Installing knfsd (copyright (C) 1996 okir@monad.swb.de).
udf: registering filesystem
SGI XFS with ACLs, no debug enabled
ACPI: Power Button (FF) [PWRF]
ACPI: Processor [CPU0] (supports C1 C2, 2 throttling states)
isapnp: Scanning for PnP cards...
isapnp: Card 'Crystal Codec'
isapnp: 1 Plug & Play card detected total
lp: driver loaded but no devices found
Real Time Clock Driver v1.12
Non-volatile memory driver v1.2
ppdev: user-space parallel port driver
Linux agpgart interface v0.100 (c) Dave Jones
agpgart: Detected VIA Twister-K/KT133x/KM133 chipset
agpgart: Maximum main memory to use for agp memory: 203M
agpgart: AGP aperture is 128M @ 0xd0000000
[drm] Initialized radeon 1.11.0 20020828 on minor 0: ATI Technologies Inc Radeon RV100 QY [Radeon 7000/VE]
Serial: 8250/16550 driver $Revision: 1.90 $ 8 ports, IRQ sharing disabled
ttyS0 at I/O 0x3f8 (irq = 4) is a 16550A
ttyS1 at I/O 0x2f8 (irq = 3) is a 16550A
pnp: the driver 'serial' has been registered
pnp: match found with the PnP device '00:0d' and the driver 'serial'
pnp: match found with the PnP device '00:0e' and the driver 'serial'
parport0: PC-style at 0x3bc (0x7bc) [PCSPP,TRISTATE]
lp0: using parport0 (polling).
lp0: console ready
parport_pc: Via 686A parallel port: io=0x3BC
Using anticipatory io scheduler
Floppy drive(s): fd0 is 1.44M
FDC 0 is a post-1991 82077
loop: loaded (max 8 devices)
PPP generic driver version 2.4.2
PPP Deflate Compression module registered
PPP BSD Compression module registered
8139too Fast Ethernet driver 0.9.27
ACPI: PCI interrupt 0000:00:08.0[A] -> GSI 11 (level, low) -> IRQ 11
eth0: RealTek RTL8139 at 0xd0886000, 00:40:f4:72:99:b3, IRQ 11
eth0:  Identified 8139 chip type 'RTL-8100B/8139D'
Linux video capture interface: v1.00
Uniform Multi-Platform E-IDE driver Revision: 7.00alpha2
ide: Assuming 33MHz system bus speed for PIO modes; override with idebus=xx
VP_IDE: IDE controller at PCI slot 0000:00:07.1
VP_IDE: chipset revision 16
VP_IDE: not 100% native mode: will probe irqs later
VP_IDE: VIA vt82c686a (rev 22) IDE UDMA66 controller on pci0000:00:07.1
    ide0: BM-DMA at 0xe000-0xe007, BIOS settings: hda:DMA, hdb:pio
    ide1: BM-DMA at 0xe008-0xe00f, BIOS settings: hdc:DMA, hdd:pio
hda: Maxtor 2F040J0, ATA DISK drive
ide0 at 0x1f0-0x1f7,0x3f6 on irq 14
hdc: TEAC CD-W552E, ATAPI CD/DVD-ROM drive
ide1 at 0x170-0x177,0x376 on irq 15
hda: max request size: 128KiB
hda: 80293248 sectors (41110 MB) w/2048KiB Cache, CHS=65535/16/63, UDMA(66)
 hda: hda1 hda2 hda3 hda4 < hda5 hda6 hda7 hda8 hda9 hda10 hda11 >
hdc: ATAPI 52X CD-ROM CD-R/RW drive, 2048kB Cache, UDMA(33)
Uniform CD-ROM driver Revision: 3.20
mice: PS/2 mouse device common for all mice
input: PC Speaker
serio: i8042 AUX port at 0x60,0x64 irq 12
input: PS/2 Generic Mouse on isa0060/serio1
serio: i8042 KBD port at 0x60,0x64 irq 1
input: AT Translated Set 2 keyboard on isa0060/serio0
i2c /dev entries driver
Advanced Linux Sound Architecture Driver Version 1.0.4 (Mon May 17 14:31:44 2004 UTC).
pnp: the driver 'cs423x' has been registered
pnp: match found with the PnP device '01:01.00' and the driver 'cs423x'
pnp: match found with the PnP device '01:01.02' and the driver 'cs423x'
pnp: match found with the PnP device '01:01.03' and the driver 'cs423x'
pnp: Device 01:01.00 activated.
ALSA sound/isa/cs423x/cs4236.c:340: isapnp WSS: wss port=0x534, fm port=0x388, sb port=0x220
ALSA sound/isa/cs423x/cs4236.c:342: isapnp WSS: irq=5, dma1=1, dma2=0
pnp: Device 01:01.02 activated.
ALSA sound/isa/cs423x/cs4236.c:359: isapnp CTRL: control port=0x120
pnp: Device 01:01.03 activated.
ALSA sound/isa/cs423x/cs4236.c:387: isapnp MPU: port=0x330, irq=-1
ALSA sound/isa/cs423x/cs4231_lib.c:1064: cs4231: port = 0x534, id = 0xa
ALSA sound/isa/cs423x/cs4231_lib.c:1070: CS4231: VERSION (I25) = 0x3
ALSA sound/isa/cs423x/cs4231_lib.c:1139: CS4231: ext version; rev = 0xde, id = 0xde
ALSA sound/isa/cs423x/cs4236_lib.c:302: CS4236: [0x120] C1 (version) = 0xde, ext = 0xde
ACPI: PCI interrupt 0000:00:09.1[A] -> GSI 10 (level, low) -> IRQ 10
ALSA device list:
  #0: CS4239 at 0x534, irq 5, dma 1&0
  #1: Brooktree Bt878 at 0xe2002000, irq 10
NET: Registered protocol family 2
IP: routing cache hash table of 2048 buckets, 16Kbytes
TCP: Hash tables configured (established 16384 bind 32768)
ip_conntrack version 2.1 (2047 buckets, 16376 max) - 296 bytes per conntrack
ip_tables: (C) 2000-2002 Netfilter core team
ipt_recent v0.3.1: Stephen Frost <sfrost@snowman.net>.  
http://snowman.net/projects/ipt_recent/
arp_tables: (C) 2002 David S. Miller
NET: Registered protocol family 1
NET: Registered protocol family 17
VFS: Mounted root (ext2 filesystem) readonly.
Freeing unused kernel memory: 380k freed
Adding 755012k swap on /dev/hda7.  Priority:-1 extents:1
XFS mounting filesystem hda9
Ending clean XFS mount for filesystem: hda9
kjournald starting.  Commit interval 5 seconds
EXT3 FS on hda10, internal journal
EXT3-fs: mounted filesystem with ordered data mode.
eth0: link down
tvaudio: TV audio decoder + audio/video mux driver
tvaudio: known chips: tda9840,tda9873h,tda9874h/a,tda9850,tda9855,tea6300,tea6420,tda8425,pic16c54 (PV951),ta8874z
bttv: driver version 0.9.15 loaded
bttv: using 32 buffers with 2080k (520 pages) each for capture
bttv: Bt8xx card found (0).
ACPI: PCI interrupt 0000:00:09.0[A] -> GSI 10 (level, low) -> IRQ 10
bttv0: Bt878 (rev 2) at 0000:00:09.0, irq: 10, latency: 32, mmio: 0xe2001000
bttv0: detected: AVermedia TVCapture 98 [card=13], PCI subsystem ID is 1461:0002
bttv0: using: AVerMedia TVCapture 98 [card=13,autodetected]
bttv0: gpio: en=00000000, out=00000000 in=000477c3 [init]
bttv0: Hauppauge/Voodoo msp34xx: reset line init [11]
tuner: chip found at addr 0xc2 i2c-bus bt878 #0 [sw]
bttv0: Avermedia eeprom[0x4011]: tuner=5 radio:no remote control:yes
bttv0: using tuner=5
tuner: type set to 5 (Philips PAL_BG (FI1216 and compatibles)) by bt878 #0 [sw]
bttv0: i2c: checking for MSP34xx @ 0x80... not found
bttv0: i2c: checking for MSP34xx (alternate address) @ 0x88... not found
bttv0: i2c: checking for TDA9875 @ 0xb0... not found
bttv0: i2c: checking for TDA7432 @ 0x8a... not found
bttv0: registered device video0
bttv0: registered device vbi0
bttv0: PLL: 28636363 => 35468950 .. ok
bttv0: add subdevice "remote0"
agpgart: Found an AGP 2.0 compliant device at 0000:00:00.0.
agpgart: Putting AGP V2 device at 0000:00:00.0 into 4x mode
agpgart: Putting AGP V2 device at 0000:01:00.0 into 4x mode
ALSA sound/core/seq/oss/seq_oss_init.c:222: can't create port
setserial sets custom speed on ttyS0. This is deprecated.