Date: Wed, 13 Mar 2002 17:25:41 -0700
From: Thunder from the hill <>
Subject: Re: 2.5.6: make xconfig croaks in with sound/core/Config.in
Sender: linux-kernel-owner@vger.kernel.org
Precedence: bulk
List-ID: <linux-kernel.vger.kernel.org>
X-Mailing-List: linux-kernel@vger.kernel.org
X-Lkml-Link: https://lkml.org/lkml/2002/3/13/215

Might be interesting to know what's already in the kconfig.tk - you
might find the file written up to the crashing point
Thunder
A Guy Called Tyketto wrote:
>         Short, but sweet:
> 
> root@bellicha:/usr/src/linux# head -10 Makefile
> VERSION = 2
> PATCHLEVEL = 5
> SUBLEVEL = 6
> EXTRAVERSION =
> 
> KERNELRELEASE=$(VERSION).$(PATCHLEVEL).$(SUBLEVEL)$(EXTRAVERSION)
> 
> ARCH := $(shell uname -m | sed -e s/i.86/i386/ -e s/sun4u/sparc64/ -e 
> s/arm.*/arm/ -e s/sa110/arm/)
> KERNELPATH=kernel-$(shell echo $(KERNELRELEASE) | sed -e "s/-//")
> 
> root@bellicha:/usr/src/linux# make xconfig &
> [2] 32520
> root@bellicha:/usr/src/linux# rm -f include/asm
> ( cd include ; ln -sf asm-i386 asm)
> make -C scripts kconfig.tk
> make[1]: Entering directory `/usr/src/linux-2.5.5/scripts'
> gcc -Wall -Wstrict-prototypes -O2 -fomit-frame-pointer -c -o tkparse.o 
> tkparse.c
> gcc -Wall -Wstrict-prototypes -O2 -fomit-frame-pointer -c -o tkcond.o tkcond.c
> gcc -Wall -Wstrict-prototypes -O2 -fomit-frame-pointer -c -o tkgen.o tkgen.c
> gcc -o tkparse tkparse.o tkcond.o tkgen.o
> cat header.tk >> ./kconfig.tk
> ./tkparse < ../arch/i386/config.in >> kconfig.tk
> sound/core/Config.in: 4: can't handle dep_bool/dep_mbool/dep_tristate condition
> make[1]: *** [kconfig.tk] Error 1
> make[1]: Leaving directory `/usr/src/linux-2.5.5/scripts'
> make: *** [xconfig] Error 2
> 
> [2]+  Exit 2                  make xconfig
> 
>                                                         BL.
> 
-- 
begin-base64 755 -
IyEgL3Vzci9iaW4vcGVybApteSAgICAgJHNheWluZyA9CSMgVGhlIHNjcmlw
dCBvbiB0aGUgbGVmdCBpcyB0aGUgcHJvb2YKIk5lbmEgaXN0IGVpbiIgLgkj
IHRoYXQgaXQgaXNuJ3QgYWxsIHRoZSB3YXkgaXQgc2VlbXMKIiB2ZXJhbHRl
dGVyICIgLgkjIHRvIGJlIChlc3BlY2lhbGx5IG5vdCB3aXRoIG1lKQoiTkRX
LVN0YXIuXG4iICA7CiRzYXlpbmcgPX4Kcy9ORFctU3Rhci9rYW5uXAogdW5z
IHJldHRlbi9nICA7CiRzYXlpbmcgICAgICAgPX4Kcy92ZXJhbHRldGVyL2Rp
XAplIExpZWJlL2c7CiRzYXlpbmcgPX5zL2Vpbi8KbnVyL2c7JHNheWluZyA9
fgpzL2lzdC9zYWd0LC9nICA7CiRzYXlpbmc9fnMvXG4vL2cKO3ByaW50Zigk
c2F5aW5nKQo7cHJpbnRmKCJcbiIpOwo=
====
Extract this and see what will happen if you execute my
signature. Just save it to file and do a
> uudecode $file | perl
-
To unsubscribe from this list: send the line "unsubscribe linux-kernel" in
the body of a message to majordomo@vger.kernel.org
More majordomo info at  
http://vger.kernel.org/majordomo-info.html
Please read the FAQ at  
http://www.tux.org/lkml/