Date: Wed, 06 Sep 2006 19:56:23 +0100
From: Darren Salt <>
Subject: Touchpad sometimes detected twice
Sender: linux-kernel-owner@vger.kernel.org
Precedence: bulk
List-ID: <linux-kernel.vger.kernel.org>
X-Mailing-List: linux-kernel@vger.kernel.org
X-Lkml-Link: https://lkml.org/lkml/2006/9/6/234

Sometimes, the touchpad on my (new) laptop is detected twice. This can cause
problems with udev: there may or may not be links in /dev/input/by-*, and if
present, the links may be broken.
Config etc. attached.
-- 
| Darren Salt    | linux or ds at              | nr. Ashington, | Toon
| RISC OS, Linux | youmustbejoking,demon,co,uk | Northumberland | Army
| + Buy local produce. Try to walk or cycle. TRANSPORT CAUSES GLOBAL WARMING.
There is always something new out of Africa.
# Linux kernel version: 2.6.18-rc6
# Tue Sep  5 19:27:35 2006
#
CONFIG_X86_32=y
CONFIG_GENERIC_TIME=y
CONFIG_LOCKDEP_SUPPORT=y
CONFIG_STACKTRACE_SUPPORT=y
CONFIG_SEMAPHORE_SLEEPERS=y
CONFIG_X86=y
CONFIG_MMU=y
CONFIG_GENERIC_ISA_DMA=y
CONFIG_GENERIC_IOMAP=y
CONFIG_GENERIC_HWEIGHT=y
CONFIG_ARCH_MAY_HAVE_PC_FDC=y
CONFIG_DMI=y
CONFIG_DEFCONFIG_LIST="/lib/modules/$UNAME_RELEASE/.config"
#
# Code maturity level options
#
CONFIG_EXPERIMENTAL=y
CONFIG_BROKEN_ON_SMP=y
CONFIG_INIT_ENV_ARG_LIMIT=32
#
# General setup
#
CONFIG_LOCALVERSION=""
CONFIG_SWAP=y
CONFIG_SYSVIPC=y
CONFIG_POSIX_MQUEUE=y
CONFIG_BSD_PROCESS_ACCT=y
CONFIG_SYSCTL=y
CONFIG_IKCONFIG=y
CONFIG_IKCONFIG_PROC=y
CONFIG_INITRAMFS_SOURCE=""
CONFIG_UID16=y
CONFIG_CC_OPTIMIZE_FOR_SIZE=y
CONFIG_KALLSYMS=y
CONFIG_KALLSYMS_ALL=y
CONFIG_HOTPLUG=y
CONFIG_PRINTK=y
CONFIG_BUG=y
CONFIG_ELF_CORE=y
CONFIG_BASE_FULL=y
CONFIG_RT_MUTEXES=y
CONFIG_FUTEX=y
CONFIG_EPOLL=y
CONFIG_SHMEM=y
CONFIG_SLAB=y
CONFIG_VM_EVENT_COUNTERS=y
CONFIG_BASE_SMALL=0
#
# Loadable module support
#
CONFIG_MODULES=y
CONFIG_MODULE_UNLOAD=y
CONFIG_KMOD=y
#
# Block layer
#
#
# IO Schedulers
#
CONFIG_IOSCHED_NOOP=y
CONFIG_IOSCHED_AS=y
CONFIG_IOSCHED_DEADLINE=y
CONFIG_IOSCHED_CFQ=y
CONFIG_DEFAULT_AS=y
CONFIG_DEFAULT_IOSCHED="anticipatory"
#
# Processor type and features
#
CONFIG_X86_PC=y
CONFIG_MPENTIUM4=y
CONFIG_X86_CMPXCHG=y
CONFIG_X86_XADD=y
CONFIG_X86_L1_CACHE_SHIFT=7
CONFIG_RWSEM_XCHGADD_ALGORITHM=y
CONFIG_GENERIC_CALIBRATE_DELAY=y
CONFIG_X86_WP_WORKS_OK=y
CONFIG_X86_INVLPG=y
CONFIG_X86_BSWAP=y
CONFIG_X86_POPAD_OK=y
CONFIG_X86_CMPXCHG64=y
CONFIG_X86_GOOD_APIC=y
CONFIG_X86_INTEL_USERCOPY=y
CONFIG_X86_USE_PPRO_CHECKSUM=y
CONFIG_X86_TSC=y
CONFIG_PREEMPT_VOLUNTARY=y
CONFIG_X86_UP_APIC=y
CONFIG_X86_UP_IOAPIC=y
CONFIG_X86_LOCAL_APIC=y
CONFIG_X86_IO_APIC=y
CONFIG_X86_MCE=y
CONFIG_X86_MCE_NONFATAL=y
CONFIG_X86_MCE_P4THERMAL=y
CONFIG_VM86=y
CONFIG_X86_MSR=m
#
# Firmware Drivers
#
CONFIG_NOHIGHMEM=y
CONFIG_PAGE_OFFSET=0xC0000000
CONFIG_ARCH_FLATMEM_ENABLE=y
CONFIG_ARCH_SPARSEMEM_ENABLE=y
CONFIG_ARCH_SELECT_MEMORY_MODEL=y
CONFIG_SELECT_MEMORY_MODEL=y
CONFIG_FLATMEM_MANUAL=y
CONFIG_FLATMEM=y
CONFIG_FLAT_NODE_MEM_MAP=y
CONFIG_SPARSEMEM_STATIC=y
CONFIG_SPLIT_PTLOCK_CPUS=4
CONFIG_MTRR=y
CONFIG_REGPARM=y
CONFIG_SECCOMP=y
CONFIG_HZ_250=y
CONFIG_HZ=250
CONFIG_PHYSICAL_START=0x100000
#
# Power management options (ACPI, APM)
#
CONFIG_PM=y
CONFIG_PM_LEGACY=y
CONFIG_SOFTWARE_SUSPEND=y
CONFIG_PM_STD_PARTITION="/dev/hda3"
#
# ACPI (Advanced Configuration and Power Interface) Support
#
CONFIG_ACPI=y
CONFIG_ACPI_SLEEP=y
CONFIG_ACPI_SLEEP_PROC_FS=y
CONFIG_ACPI_AC=y
CONFIG_ACPI_BATTERY=y
CONFIG_ACPI_BUTTON=y
CONFIG_ACPI_VIDEO=y
CONFIG_ACPI_HOTKEY=y
CONFIG_ACPI_FAN=y
CONFIG_ACPI_DOCK=m
CONFIG_ACPI_PROCESSOR=y
CONFIG_ACPI_THERMAL=y
CONFIG_ACPI_BLACKLIST_YEAR=0
CONFIG_ACPI_EC=y
CONFIG_ACPI_POWER=y
CONFIG_ACPI_SYSTEM=y
CONFIG_X86_PM_TIMER=y
#
# APM (Advanced Power Management) BIOS Support
#
#
# CPU Frequency scaling
#
CONFIG_CPU_FREQ=y
CONFIG_CPU_FREQ_TABLE=y
CONFIG_CPU_FREQ_STAT=y
CONFIG_CPU_FREQ_DEFAULT_GOV_USERSPACE=y
CONFIG_CPU_FREQ_GOV_PERFORMANCE=y
CONFIG_CPU_FREQ_GOV_USERSPACE=y
CONFIG_CPU_FREQ_GOV_ONDEMAND=y
#
# CPUFreq processor drivers
#
CONFIG_X86_SPEEDSTEP_CENTRINO=y
CONFIG_X86_SPEEDSTEP_CENTRINO_ACPI=y
#
# shared options
#
#
# Bus options (PCI, PCMCIA, EISA, MCA, ISA)
#
CONFIG_PCI=y
CONFIG_PCI_GOANY=y
CONFIG_PCI_BIOS=y
CONFIG_PCI_DIRECT=y
CONFIG_PCI_MMCONFIG=y
CONFIG_PCIEPORTBUS=y
CONFIG_PCI_MSI=y
CONFIG_ISA_DMA_API=y
#
# PCCARD (PCMCIA/CardBus) support
#
CONFIG_PCCARD=y
CONFIG_PCMCIA=m
CONFIG_CARDBUS=y
#
# PC-card bridges
#
CONFIG_YENTA=m
CONFIG_YENTA_O2=y
CONFIG_YENTA_RICOH=y
CONFIG_YENTA_TI=y
CONFIG_YENTA_ENE_TUNE=y
CONFIG_YENTA_TOSHIBA=y
CONFIG_PCCARD_NONSTATIC=m
#
# PCI Hotplug Support
#
#
# Executable file formats
#
CONFIG_BINFMT_ELF=y
CONFIG_BINFMT_MISC=m
#
# Networking
#
CONFIG_NET=y
#
# Networking options
#
CONFIG_PACKET=m
CONFIG_PACKET_MMAP=y
CONFIG_UNIX=y
CONFIG_INET=y
CONFIG_IP_FIB_HASH=y
CONFIG_NET_IPIP=m
CONFIG_NET_IPGRE=m
CONFIG_SYN_COOKIES=y
CONFIG_INET_TUNNEL=m
CONFIG_TCP_CONG_BIC=y
#
# IP: Virtual Server Configuration
#
CONFIG_NETFILTER=y
#
# Core Netfilter Configuration
#
CONFIG_NETFILTER_XTABLES=m
CONFIG_NETFILTER_XT_TARGET_CLASSIFY=m
CONFIG_NETFILTER_XT_TARGET_MARK=m
CONFIG_NETFILTER_XT_TARGET_NFQUEUE=m
CONFIG_NETFILTER_XT_MATCH_COMMENT=m
CONFIG_NETFILTER_XT_MATCH_CONNTRACK=m
CONFIG_NETFILTER_XT_MATCH_DCCP=m
CONFIG_NETFILTER_XT_MATCH_HELPER=m
CONFIG_NETFILTER_XT_MATCH_LENGTH=m
CONFIG_NETFILTER_XT_MATCH_LIMIT=m
CONFIG_NETFILTER_XT_MATCH_MAC=m
CONFIG_NETFILTER_XT_MATCH_MARK=m
CONFIG_NETFILTER_XT_MATCH_PKTTYPE=m
CONFIG_NETFILTER_XT_MATCH_REALM=m
CONFIG_NETFILTER_XT_MATCH_SCTP=m
CONFIG_NETFILTER_XT_MATCH_STATE=m
CONFIG_NETFILTER_XT_MATCH_STRING=m
CONFIG_NETFILTER_XT_MATCH_TCPMSS=m
#
# IP: Netfilter Configuration
#
CONFIG_IP_NF_CONNTRACK=m
CONFIG_IP_NF_FTP=m
CONFIG_IP_NF_IRC=m
CONFIG_IP_NF_NETBIOS_NS=m
CONFIG_IP_NF_TFTP=m
CONFIG_IP_NF_QUEUE=m
CONFIG_IP_NF_IPTABLES=m
CONFIG_IP_NF_MATCH_IPRANGE=m
CONFIG_IP_NF_MATCH_TOS=m
CONFIG_IP_NF_MATCH_RECENT=m
CONFIG_IP_NF_MATCH_ECN=m
CONFIG_IP_NF_MATCH_DSCP=m
CONFIG_IP_NF_MATCH_TTL=m
CONFIG_IP_NF_MATCH_OWNER=m
CONFIG_IP_NF_MATCH_ADDRTYPE=m
CONFIG_IP_NF_MATCH_HASHLIMIT=m
CONFIG_IP_NF_FILTER=m
CONFIG_IP_NF_TARGET_REJECT=m
CONFIG_IP_NF_TARGET_LOG=m
CONFIG_IP_NF_TARGET_ULOG=m
CONFIG_IP_NF_TARGET_TCPMSS=m
CONFIG_IP_NF_NAT=m
CONFIG_IP_NF_NAT_NEEDED=y
CONFIG_IP_NF_NAT_IRC=m
CONFIG_IP_NF_NAT_FTP=m
CONFIG_IP_NF_NAT_TFTP=m
CONFIG_IP_NF_MANGLE=m
CONFIG_IP_NF_TARGET_TOS=m
CONFIG_IP_NF_TARGET_ECN=m
CONFIG_IP_NF_TARGET_DSCP=m
CONFIG_IP_NF_TARGET_TTL=m
#
# DCCP Configuration (EXPERIMENTAL)
#
#
# SCTP Configuration (EXPERIMENTAL)
#
#
# TIPC Configuration (EXPERIMENTAL)
#
CONFIG_VLAN_8021Q=m
#
# QoS and/or fair queueing
#
CONFIG_NET_CLS_ROUTE=y
#
# Network testing
#
CONFIG_IEEE80211=m
CONFIG_IEEE80211_CRYPT_WEP=m
CONFIG_IEEE80211_CRYPT_CCMP=m
CONFIG_IEEE80211_CRYPT_TKIP=m
CONFIG_IEEE80211_SOFTMAC=m
CONFIG_WIRELESS_EXT=y
#
# Device Drivers
#
#
# Generic Driver Options
#
CONFIG_STANDALONE=y
CONFIG_PREVENT_FIRMWARE_BUILD=y
CONFIG_FW_LOADER=m
#
# Connector - unified userspace <-> kernelspace linker
#
#
# Memory Technology Devices (MTD)
#
#
# Parallel port support
#
#
# Plug and Play support
#
CONFIG_PNP=y
#
# Protocols
#
CONFIG_PNPACPI=y
#
# Block devices
#
CONFIG_BLK_DEV_LOOP=m
#
# ATA/ATAPI/MFM/RLL support
#
#
# SCSI device support
#
CONFIG_SCSI=y
#
# SCSI support type (disk, tape, CD-ROM)
#
CONFIG_BLK_DEV_SD=y
CONFIG_BLK_DEV_SR=y
CONFIG_CHR_DEV_SG=y
#
# Some SCSI devices (e.g. CD jukebox) support multiple LUNs
#
#
# SCSI Transport Attributes
#
#
# SCSI low-level drivers
#
CONFIG_SCSI_SATA=y
CONFIG_SCSI_ATA_PIIX=y
#
# PCMCIA SCSI adapter support
#
#
# Multi-device support (RAID and LVM)
#
#
# Fusion MPT device support
#
#
# IEEE 1394 (FireWire) support
#
#
# I2O device support
#
#
# Network device support
#
CONFIG_NETDEVICES=y
CONFIG_DUMMY=y
#
# ARCnet devices
#
#
# PHY device support
#
#
# Ethernet (10 or 100Mbit)
#
CONFIG_NET_ETHERNET=y
CONFIG_MII=m
#
# Tulip family network device support
#
#
# Ethernet (1000 Mbit)
#
CONFIG_R8169=m
#
# Ethernet (10000 Mbit)
#
#
# Token Ring devices
#
#
# Wireless LAN (non-hamradio)
#
CONFIG_NET_RADIO=y
#
# Obsolete Wireless cards support (pre-802.11)
#
#
# Wireless 802.11 Frequency Hopping cards support
#
#
# Wireless 802.11b ISA/PCI cards support
#
#
# Wireless 802.11b Pcmcia/Cardbus cards support
#
#
# Prism GT/Duette 802.11(a/b/g) PCI/Cardbus support
#
CONFIG_NET_WIRELESS=y
#
# PCMCIA network device support
#
#
# Wan interfaces
#
#
# ISDN subsystem
#
#
# Telephony Support
#
#
# Input device support
#
CONFIG_INPUT=y
#
# Userland interfaces
#
CONFIG_INPUT_MOUSEDEV=y
CONFIG_INPUT_MOUSEDEV_PSAUX=y
CONFIG_INPUT_MOUSEDEV_SCREEN_X=1280
CONFIG_INPUT_MOUSEDEV_SCREEN_Y=800
CONFIG_INPUT_JOYDEV=m
CONFIG_INPUT_EVDEV=y
#
# Input Device Drivers
#
CONFIG_INPUT_KEYBOARD=y
CONFIG_KEYBOARD_ATKBD=y
CONFIG_INPUT_MOUSE=y
CONFIG_MOUSE_PS2=y
CONFIG_INPUT_JOYSTICK=y
CONFIG_INPUT_MISC=y
CONFIG_INPUT_PCSPKR=y
#
# Hardware I/O ports
#
CONFIG_SERIO=y
CONFIG_SERIO_I8042=y
CONFIG_SERIO_LIBPS2=y
#
# Character devices
#
CONFIG_VT=y
CONFIG_VT_CONSOLE=y
CONFIG_HW_CONSOLE=y
#
# Serial drivers
#
#
# Non-8250 serial port support
#
CONFIG_UNIX98_PTYS=y
CONFIG_LEGACY_PTYS=y
CONFIG_LEGACY_PTY_COUNT=256
#
# IPMI
#
#
# Watchdog Cards
#
CONFIG_WATCHDOG=y
#
# Watchdog Device Drivers
#
CONFIG_SOFT_WATCHDOG=m
#
# PCI-based Watchdog Cards
#
#
# USB-based Watchdog Cards
#
CONFIG_RTC=y
#
# Ftape, the floppy tape device driver
#
CONFIG_AGP=y
CONFIG_AGP_INTEL=y
CONFIG_DRM=y
CONFIG_DRM_I915=y
#
# PCMCIA character devices
#
CONFIG_HANGCHECK_TIMER=m
#
# TPM devices
#
#
# I2C support
#
CONFIG_I2C=y
CONFIG_I2C_CHARDEV=y
#
# I2C Algorithms
#
CONFIG_I2C_ALGOBIT=y
CONFIG_I2C_ALGOPCF=y
CONFIG_I2C_ALGOPCA=y
#
# I2C Hardware Bus support
#
CONFIG_I2C_I801=y
#
# Miscellaneous I2C Chip support
#
CONFIG_SENSORS_EEPROM=y
#
# SPI support
#
#
# Dallas's 1-wire bus
#
#
# Hardware Monitoring support
#
#
# Misc devices
#
#
# Multimedia devices
#
CONFIG_VIDEO_DEV=m
CONFIG_VIDEO_V4L1=y
CONFIG_VIDEO_V4L1_COMPAT=y
CONFIG_VIDEO_V4L2=y
#
# Video Capture Adapters
#
#
# Video Capture Adapters
#
#
# Encoders and Decoders
#
#
# V4L USB devices
#
CONFIG_USB_PWC=m
#
# Radio Adapters
#
#
# Digital Video Broadcasting Devices
#
#
# Graphics support
#
CONFIG_FIRMWARE_EDID=y
CONFIG_FB=y
CONFIG_FB_CFB_FILLRECT=y
CONFIG_FB_CFB_COPYAREA=y
CONFIG_FB_CFB_IMAGEBLIT=y
CONFIG_FB_MODE_HELPERS=y
CONFIG_FB_TILEBLITTING=y
CONFIG_FB_VESA=y
CONFIG_FB_INTEL=y
#
# Console display driver support
#
CONFIG_VGA_CONSOLE=y
CONFIG_VIDEO_SELECT=y
CONFIG_DUMMY_CONSOLE=y
CONFIG_FRAMEBUFFER_CONSOLE=y
CONFIG_FONT_8x8=y
CONFIG_FONT_8x16=y
#
# Logo configuration
#
CONFIG_LOGO=y
CONFIG_LOGO_LINUX_VGA16=y
CONFIG_LOGO_LINUX_CLUT224=y
CONFIG_BACKLIGHT_LCD_SUPPORT=y
CONFIG_BACKLIGHT_CLASS_DEVICE=y
CONFIG_BACKLIGHT_DEVICE=y
CONFIG_LCD_CLASS_DEVICE=y
CONFIG_LCD_DEVICE=y
#
# Sound
#
CONFIG_SOUND=m
#
# Advanced Linux Sound Architecture
#
CONFIG_SND=m
CONFIG_SND_TIMER=m
CONFIG_SND_PCM=m
CONFIG_SND_RAWMIDI=m
CONFIG_SND_SEQUENCER=m
CONFIG_SND_OSSEMUL=y
CONFIG_SND_MIXER_OSS=m
CONFIG_SND_PCM_OSS=m
CONFIG_SND_PCM_OSS_PLUGINS=y
CONFIG_SND_SEQUENCER_OSS=y
CONFIG_SND_RTCTIMER=m
CONFIG_SND_SEQ_RTCTIMER_DEFAULT=y
CONFIG_SND_SUPPORT_OLD_API=y
#
# Generic devices
#
CONFIG_SND_VIRMIDI=m
#
# PCI devices
#
CONFIG_SND_HDA_INTEL=m
#
# USB devices
#
#
# PCMCIA devices
#
#
# Open Sound System
#
#
# USB support
#
CONFIG_USB_ARCH_HAS_HCD=y
CONFIG_USB_ARCH_HAS_OHCI=y
CONFIG_USB_ARCH_HAS_EHCI=y
CONFIG_USB=y
#
# Miscellaneous USB options
#
CONFIG_USB_DEVICEFS=y
CONFIG_USB_BANDWIDTH=y
CONFIG_USB_SUSPEND=y
#
# USB Host Controller Drivers
#
CONFIG_USB_EHCI_HCD=y
CONFIG_USB_UHCI_HCD=y
#
# USB Device Class drivers
#
#
# NOTE: USB_STORAGE enables SCSI, and 'SCSI disk support'
#
#
# may also be needed; see USB_STORAGE Help for more information
#
CONFIG_USB_STORAGE=m
CONFIG_USB_STORAGE_DATAFAB=y
CONFIG_USB_STORAGE_FREECOM=y
CONFIG_USB_STORAGE_DPCM=y
CONFIG_USB_STORAGE_USBAT=y
CONFIG_USB_STORAGE_SDDR09=y
CONFIG_USB_STORAGE_SDDR55=y
CONFIG_USB_STORAGE_JUMPSHOT=y
CONFIG_USB_STORAGE_ALAUDA=y
#
# USB Input Devices
#
CONFIG_USB_HID=m
CONFIG_USB_HIDINPUT=y
CONFIG_USB_HIDDEV=y
#
# USB HID Boot Protocol drivers
#
#
# USB Imaging devices
#
#
# USB Network Adapters
#
#
# USB port drivers
#
#
# USB Serial Converter support
#
CONFIG_USB_SERIAL=m
CONFIG_USB_SERIAL_GENERIC=y
CONFIG_USB_SERIAL_BELKIN=m
CONFIG_USB_SERIAL_WHITEHEAT=m
CONFIG_USB_SERIAL_DIGI_ACCELEPORT=m
CONFIG_USB_SERIAL_EMPEG=m
CONFIG_USB_SERIAL_FTDI_SIO=m
CONFIG_USB_SERIAL_VISOR=m
CONFIG_USB_SERIAL_IPAQ=m
CONFIG_USB_SERIAL_IR=m
CONFIG_USB_SERIAL_EDGEPORT=m
CONFIG_USB_SERIAL_EDGEPORT_TI=m
CONFIG_USB_SERIAL_KEYSPAN_PDA=m
CONFIG_USB_SERIAL_KEYSPAN=m
CONFIG_USB_SERIAL_KLSI=m
CONFIG_USB_SERIAL_KOBIL_SCT=m
CONFIG_USB_SERIAL_MCT_U232=m
CONFIG_USB_SERIAL_PL2303=m
CONFIG_USB_SERIAL_CYBERJACK=m
CONFIG_USB_SERIAL_XIRCOM=m
CONFIG_USB_SERIAL_OMNINET=m
CONFIG_USB_EZUSB=y
#
# USB Miscellaneous drivers
#
#
# USB DSL modem support
#
#
# USB Gadget Support
#
#
# MMC/SD Card support
#
CONFIG_MMC=m
CONFIG_MMC_BLOCK=m
CONFIG_MMC_SDHCI=m
#
# LED devices
#
#
# LED drivers
#
#
# LED Triggers
#
#
# InfiniBand support
#
#
# EDAC - error detection and reporting (RAS) (EXPERIMENTAL)
#
#
# Real Time Clock
#
#
# DMA Engine support
#
#
# DMA Clients
#
#
# DMA Devices
#
#
# File systems
#
CONFIG_EXT2_FS=y
CONFIG_EXT2_FS_XATTR=y
CONFIG_EXT3_FS=y
CONFIG_EXT3_FS_XATTR=y
CONFIG_JBD=y
CONFIG_FS_MBCACHE=y
CONFIG_INOTIFY=y
CONFIG_INOTIFY_USER=y
CONFIG_DNOTIFY=y
#
# CD-ROM/DVD Filesystems
#
CONFIG_ISO9660_FS=m
CONFIG_JOLIET=y
#
# DOS/FAT/NT Filesystems
#
CONFIG_FAT_FS=m
CONFIG_MSDOS_FS=m
CONFIG_VFAT_FS=m
CONFIG_FAT_DEFAULT_CODEPAGE=437
CONFIG_FAT_DEFAULT_IOCHARSET="iso8859-1"
#
# Pseudo filesystems
#
CONFIG_PROC_FS=y
CONFIG_PROC_KCORE=y
CONFIG_SYSFS=y
CONFIG_TMPFS=y
CONFIG_RAMFS=y
#
# Miscellaneous filesystems
#
#
# Network File Systems
#
CONFIG_NFS_FS=y
CONFIG_NFS_V3=y
CONFIG_LOCKD=y
CONFIG_LOCKD_V4=y
CONFIG_NFS_COMMON=y
CONFIG_SUNRPC=y
CONFIG_SMB_FS=y
CONFIG_SMB_NLS_DEFAULT=y
CONFIG_SMB_NLS_REMOTE="cp437"
#
# Partition Types
#
CONFIG_MSDOS_PARTITION=y
#
# Native Language Support
#
CONFIG_NLS=y
CONFIG_NLS_DEFAULT="cp437"
CONFIG_NLS_CODEPAGE_437=m
CONFIG_NLS_CODEPAGE_850=m
CONFIG_NLS_ISO8859_1=y
CONFIG_NLS_UTF8=y
#
# Instrumentation Support
#
#
# Kernel hacking
#
CONFIG_TRACE_IRQFLAGS_SUPPORT=y
CONFIG_MAGIC_SYSRQ=y
CONFIG_DEBUG_KERNEL=y
CONFIG_LOG_BUF_SHIFT=14
CONFIG_DETECT_SOFTLOCKUP=y
CONFIG_DEBUG_BUGVERBOSE=y
CONFIG_EARLY_PRINTK=y
#
# Page alloc debug is incompatible with Software Suspend on i386
#
CONFIG_X86_FIND_SMP_CONFIG=y
CONFIG_X86_MPPARSE=y
CONFIG_DOUBLEFAULT=y
#
# Security options
#
CONFIG_SECURITY=y
CONFIG_SECURITY_CAPABILITIES=y
#
# Cryptographic options
#
CONFIG_CRYPTO=y
CONFIG_CRYPTO_AES=m
CONFIG_CRYPTO_ARC4=m
CONFIG_CRYPTO_MICHAEL_MIC=m
#
# Hardware crypto devices
#
#
# Library routines
#
CONFIG_CRC_CCITT=m
CONFIG_CRC32=y
CONFIG_TEXTSEARCH=y
CONFIG_TEXTSEARCH_KMP=m
CONFIG_TEXTSEARCH_BM=m
CONFIG_TEXTSEARCH_FSM=m
CONFIG_PLIST=y
CONFIG_GENERIC_HARDIRQS=y
CONFIG_GENERIC_IRQ_PROBE=y
CONFIG_X86_BIOS_REBOOT=y
CONFIG_KTIME_SCALAR=y
I: Bus=0010 Vendor=001f Product=0001 Version=0100
N: Name="PC Speaker"
P: Phys=isa0061/input0
S: Sysfs=/class/input/input0
H: Handlers=kbd event0 
B: EV=40001
B: SND=6
I: Bus=0011 Vendor=0001 Product=0001 Version=ab41
N: Name="AT Translated Set 2 keyboard"
P: Phys=isa0060/serio0/input0
S: Sysfs=/class/input/input1
H: Handlers=kbd event1 
B: EV=120013
B: KEY=4 27d003f 3bf207f f87fd683 feffffdf ffefffff ffffffff ffffffff
B: MSC=10
B: LED=7
I: Bus=0011 Vendor=0002 Product=0008 Version=0000
N: Name="PS/2 Mouse"
P: Phys=isa0060/serio4/input1
S: Sysfs=/class/input/input4
H: Handlers=mouse0 event2 
B: EV=7
B: KEY=70000 0 0 0 0 0 0 0 0
B: REL=3
I: Bus=0011 Vendor=0002 Product=0008 Version=7321
N: Name="AlpsPS/2 ALPS GlidePoint"
P: Phys=isa0060/serio4/input0
S: Sysfs=/class/input/input5
H: Handlers=mouse1 event3 
B: EV=f
B: KEY=420 0 70000 0 0 0 0 0 0 0 0
B: REL=3
B: ABS=1000003
Linux version 2.6.18-rc6 (root@alien8) (gcc version 4.1.2 20060814 (prerelease) (Debian 4.1.1-11)) #1 Tue Sep 5 19:31:46 BST 2006
BIOS-provided physical RAM map:
 BIOS-e820: 0000000000000000 - 000000000009f800 (usable)
 BIOS-e820: 000000000009f800 - 00000000000a0000 (reserved)
 BIOS-e820: 00000000000dc000 - 0000000000100000 (reserved)
 BIOS-e820: 0000000000100000 - 000000001f680000 (usable)
 BIOS-e820: 000000001f680000 - 000000001f700000 (ACPI NVS)
 BIOS-e820: 000000001f700000 - 0000000020000000 (reserved)
 BIOS-e820: 00000000e0000000 - 00000000f0000000 (reserved)
 BIOS-e820: 00000000fec00000 - 00000000fec10000 (reserved)
 BIOS-e820: 00000000fed00000 - 00000000fed00400 (reserved)
 BIOS-e820: 00000000fed14000 - 00000000fed1a000 (reserved)
 BIOS-e820: 00000000fed1c000 - 00000000fed90000 (reserved)
 BIOS-e820: 00000000fee00000 - 00000000fee01000 (reserved)
 BIOS-e820: 00000000ff000000 - 0000000100000000 (reserved)
502MB LOWMEM available.
found SMP MP-table at 000f7670
On node 0 totalpages: 128640
  DMA zone: 4096 pages, LIFO batch:0
  Normal zone: 124544 pages, LIFO batch:31
DMI present.
ACPI: RSDP (v000 TOSCPL                                ) @ 0x000f75e0
ACPI: RSDT (v001 TOSCPL Capell00 0x06040000  LTP 0x00000000) @ 0x1f681b68
ACPI: FADT (v001 TOSCPL CALISTGA 0x06040000 LOHR 0x0000005a) @ 0x1f688dfc
ACPI: MADT (v001 INTEL  CALISTGA 0x06040000 LOHR 0x0000005a) @ 0x1f688e70
ACPI: HPET (v001 INTEL  CALISTGA 0x06040000 LOHR 0x0000005a) @ 0x1f688ed8
ACPI: MCFG (v001 INTEL  CALISTGA 0x06040000 LOHR 0x0000005a) @ 0x1f688f10
ACPI: BOOT (v001 PTLTD  $SBFTBL$ 0x06040000  LTP 0x00000001) @ 0x1f688fd8
ACPI: MADT (v001 PTLTD  	 APIC   0x06040000  LTP 0x00000000) @ 0x1f688f7e
ACPI: SSDT (v001 SataRe  SataPri 0x00001000 INTL 0x20050624) @ 0x1f682b3c
ACPI: SSDT (v001 SataRe  SataSec 0x00001000 INTL 0x20050624) @ 0x1f6824aa
ACPI: SSDT (v001  PmRef  Cpu0Ist 0x00003000 INTL 0x20050624) @ 0x1f68228a
ACPI: SSDT (v001  PmRef  Cpu0Cst 0x00003001 INTL 0x20050624) @ 0x1f6820ae
ACPI: SSDT (v001  PmRef    CpuPm 0x00003000 INTL 0x20050624) @ 0x1f681bb8
ACPI: DSDT (v001 TOSCPL CALISTGA 0x06040000 INTL 0x20050624) @ 0x00000000
ACPI: PM-Timer IO Port: 0x1008
ACPI: Local APIC address 0xfee00000
ACPI: 2 duplicate APIC table ignored.
ACPI: LAPIC (acpi_id[0x00] lapic_id[0x00] enabled)
Processor #0 6:14 APIC version 20
ACPI: LAPIC (acpi_id[0x01] lapic_id[0x01] disabled)
ACPI: LAPIC_NMI (acpi_id[0x00] high edge lint[0x1])
ACPI: LAPIC_NMI (acpi_id[0x01] high edge lint[0x1])
ACPI: IOAPIC (id[0x01] address[0xfec00000] gsi_base[0])
IOAPIC[0]: apic_id 1, version 32, address 0xfec00000, GSI 0-23
ACPI: INT_SRC_OVR (bus 0 bus_irq 0 global_irq 2 dfl dfl)
ACPI: INT_SRC_OVR (bus 0 bus_irq 9 global_irq 9 high level)
ACPI: IRQ0 used by override.
ACPI: IRQ2 used by override.
ACPI: IRQ9 used by override.
Enabling APIC mode:  Flat.  Using 1 I/O APICs
Using ACPI (MADT) for SMP configuration information
Allocating PCI resources starting at 30000000 (gap: 20000000:c0000000)
Detected 1862.189 MHz processor.
Built 1 zonelists.  Total pages: 128640
Kernel command line: BOOT_IMAGE=2.6.18-rc6 ro root=802 video=intelfb:1280x800-32@60 pci=assign-busses log_buf_len=128k resume2=swap:/dev/sda3
log_buf_len: 131072
mapped APIC to ffffd000 (fee00000)
mapped IOAPIC to ffffc000 (fec00000)
Enabling fast FPU save and restore... done.
Enabling unmasked SIMD FPU exception support... done.
Initializing CPU#0
PID hash table entries: 2048 (order: 11, 8192 bytes)
Console: colour VGA+ 80x25
Dentry cache hash table entries: 65536 (order: 6, 262144 bytes)
Inode-cache hash table entries: 32768 (order: 5, 131072 bytes)
Memory: 506632k/514560k available (1724k kernel code, 7504k reserved, 862k data, 148k init, 0k highmem)
Checking if this processor honours the WP bit even in supervisor mode... Ok.
Calibrating delay using timer specific routine.. 3728.17 BogoMIPS (lpj=7456358)
Security Framework v1.0.0 initialized
Capability LSM initialized
Mount-cache hash table entries: 512
CPU: After generic identify, caps: afe9fbff 00100000 00000000 00000000 0000c189 00000000 00000000
CPU: After vendor identify, caps: afe9fbff 00100000 00000000 00000000 0000c189 00000000 00000000
monitor/mwait feature present.
using mwait in idle threads.
CPU: L1 I cache: 32K, L1 D cache: 32K
CPU: L2 cache: 2048K
CPU: After all inits, caps: afe9fbff 00100000 00000000 00000940 0000c189 00000000 00000000
Intel machine check architecture supported.
Intel machine check reporting enabled on CPU#0.
CPU: Intel Genuine Intel(R) CPU           T1350  @ 1.86GHz stepping 08
Checking 'hlt' instruction... OK.
ACPI: Core revision 20060707
ENABLING IO-APIC IRQs
..TIMER: vector=0x31 apic1=0 pin1=2 apic2=-1 pin2=-1
NET: Registered protocol family 16
ACPI: bus type pci registered
PCI: Using MMCONFIG
Setting up standard PCI resources
ACPI: Interpreter enabled
ACPI: Using IOAPIC for interrupt routing
ACPI: PCI Root Bridge [PCI0] (0000:00)
PCI: Probing PCI hardware (bus 00)
Boot video device is 0000:00:02.0
PCI: Ignoring BAR0-3 of IDE controller 0000:00:1f.2
PCI: Transparent bridge - 0000:00:1e.0
ACPI: PCI Interrupt Routing Table [\_SB_.PCI0._PRT]
ACPI: PCI Interrupt Routing Table [\_SB_.PCI0.RP01._PRT]
ACPI: PCI Interrupt Routing Table [\_SB_.PCI0.RP02._PRT]
ACPI: PCI Interrupt Routing Table [\_SB_.PCI0.RP03._PRT]
ACPI: PCI Interrupt Routing Table [\_SB_.PCI0.PCIB._PRT]
ACPI: PCI Interrupt Link [LNKA] (IRQs 1 3 4 5 6 7 *10 12 14 15)
ACPI: PCI Interrupt Link [LNKB] (IRQs 1 3 4 5 6 7 11 12 14 15) *10
ACPI: PCI Interrupt Link [LNKC] (IRQs 1 3 4 5 6 7 10 12 14 15) *11
ACPI: PCI Interrupt Link [LNKD] (IRQs 1 3 4 5 6 7 *11 12 14 15)
ACPI: PCI Interrupt Link [LNKE] (IRQs 1 3 4 5 6 7 10 12 14 15) *11
ACPI: PCI Interrupt Link [LNKF] (IRQs 1 3 4 5 6 7 11 12 14 15) *0, disabled.
ACPI: PCI Interrupt Link [LNKG] (IRQs 1 3 4 5 6 7 10 12 14 15) *11
ACPI: PCI Interrupt Link [LNKH] (IRQs 1 3 4 5 6 7 *11 12 14 15)
ACPI: Embedded Controller [EC0] (gpe 25) interrupt mode.
Linux Plug and Play Support v0.97 (c) Adam Belay
pnp: PnP ACPI init
pnp: PnP ACPI: found 10 devices
SCSI subsystem initialized
usbcore: registered new driver usbfs
usbcore: registered new driver hub
PCI: Using ACPI for IRQ routing
PCI: If a device doesn't work, try "pci=routeirq".  If it helps, post a report
pnp: 00:01: ioport range 0xfe00-0xfe7f has been reserved
pnp: 00:01: ioport range 0xfe80-0xfeff has been reserved
pnp: 00:01: ioport range 0xff00-0xff7f has been reserved
PCI: Ignore bogus resource 6 [0:0] of 0000:00:02.0
PCI: Bridge: 0000:00:1c.0
  IO window: 2000-2fff
  MEM window: d6000000-d7ffffff
  PREFETCH window: d0000000-d1ffffff
PCI: Bridge: 0000:00:1c.1
  IO window: 3000-3fff
  MEM window: d8000000-d9ffffff
  PREFETCH window: d2000000-d3ffffff
PCI: Bridge: 0000:00:1c.2
  IO window: 4000-4fff
  MEM window: da000000-dbffffff
  PREFETCH window: d4000000-d5ffffff
PCI: Bus 5, cardbus bridge: 0000:04:04.0
  IO window: 00005400-000054ff
  IO window: 00005800-000058ff
  PREFETCH window: 30000000-31ffffff
  MEM window: 32000000-33ffffff
PCI: Bridge: 0000:00:1e.0
  IO window: 5000-5fff
  MEM window: dc000000-dc0fffff
  PREFETCH window: 30000000-31ffffff
ACPI: PCI Interrupt 0000:00:1c.0[A] -> GSI 17 (level, low) -> IRQ 169
PCI: Setting latency timer of device 0000:00:1c.0 to 64
ACPI: PCI Interrupt 0000:00:1c.1[B] -> GSI 16 (level, low) -> IRQ 177
PCI: Setting latency timer of device 0000:00:1c.1 to 64
ACPI: PCI Interrupt 0000:00:1c.2[C] -> GSI 18 (level, low) -> IRQ 185
PCI: Setting latency timer of device 0000:00:1c.2 to 64
PCI: Setting latency timer of device 0000:00:1e.0 to 64
ACPI: PCI Interrupt 0000:04:04.0[A] -> GSI 16 (level, low) -> IRQ 177
NET: Registered protocol family 2
IP route cache hash table entries: 4096 (order: 2, 16384 bytes)
TCP established hash table entries: 16384 (order: 4, 65536 bytes)
TCP bind hash table entries: 8192 (order: 3, 32768 bytes)
TCP: Hash tables configured (established 16384 bind 8192)
TCP reno registered
Simple Boot Flag at 0x36 set to 0x1
Machine check exception polling timer started.
Initializing Cryptographic API
io scheduler noop registered
io scheduler anticipatory registered (default)
io scheduler deadline registered
io scheduler cfq registered
PCI: Setting latency timer of device 0000:00:1c.0 to 64
assign_interrupt_mode Found MSI capability
Allocate Port Service[0000:00:1c.0:pcie00]
Allocate Port Service[0000:00:1c.0:pcie02]
Allocate Port Service[0000:00:1c.0:pcie03]
PCI: Setting latency timer of device 0000:00:1c.1 to 64
assign_interrupt_mode Found MSI capability
Allocate Port Service[0000:00:1c.1:pcie00]
Allocate Port Service[0000:00:1c.1:pcie02]
Allocate Port Service[0000:00:1c.1:pcie03]
PCI: Setting latency timer of device 0000:00:1c.2 to 64
assign_interrupt_mode Found MSI capability
Allocate Port Service[0000:00:1c.2:pcie00]
Allocate Port Service[0000:00:1c.2:pcie02]
Allocate Port Service[0000:00:1c.2:pcie03]
ACPI: AC Adapter [ACAD] (on-line)
ACPI: Battery Slot [BAT1] (battery present)
ACPI: Power Button (FF) [PWRF]
ACPI: Lid Switch [LID0]
ACPI: Power Button (CM) [PWRB]
ACPI: Video Device [VGA] (multi-head: yes  rom: no  post: no)
ACPI: Video Device [GFX0] (multi-head: yes  rom: no  post: no)
Using specific hotkey driver
ACPI: CPU0 (power states: C1[C1] C2[C2] C3[C3])
ACPI: Getting cpuindex for acpiid 0x1
Real Time Clock Driver v1.12ac
Linux agpgart interface v0.101 (c) Dave Jones
agpgart: Detected an Intel 945GM Chipset.
agpgart: Detected 7932K stolen memory.
agpgart: AGP aperture is 256M @ 0xc0000000
[drm] Initialized drm 1.0.1 20051102
ACPI: PCI Interrupt 0000:00:02.0[A] -> GSI 16 (level, low) -> IRQ 177
[drm] Initialized i915 1.5.0 20060119 on minor 0
intelfb: Framebuffer driver for Intel(R) 830M/845G/852GM/855GM/865G/915G/915GM/945G/945GM chipsets
intelfb: Version 0.9.4
intelfb: 00:02.0: Intel(R) 945GM, aperture size 256MB, stolen memory 7932kB
intelfb: Non-CRT device is enabled ( LVDS port ).  Disabling mode switching.
intelfb: Video mode must be programmed at boot time.
libata version 2.00 loaded.
ata_piix 0000:00:1f.2: version 2.00
ata_piix 0000:00:1f.2: MAP [ P0 P2 IDE IDE ]
ACPI: PCI Interrupt 0000:00:1f.2[B] -> GSI 19 (level, low) -> IRQ 225
PCI: Setting latency timer of device 0000:00:1f.2 to 64
ata1: SATA max UDMA/133 cmd 0x1F0 ctl 0x3F6 bmdma 0x18B0 irq 14
scsi0 : ata_piix
ata1.00: ATA-6, max UDMA/100, 78140160 sectors: LBA48 NCQ (depth 0/32)
ata1.00: ata1: dev 0 multi count 16
ata1.00: configured for UDMA/100
  Vendor: ATA       Model: TOSHIBA MK4032GS  Rev: AS21
  Type:   Direct-Access                      ANSI SCSI revision: 05
ata2: PATA max UDMA/100 cmd 0x170 ctl 0x376 bmdma 0x18B8 irq 15
scsi1 : ata_piix
ata2.00: ATAPI, max UDMA/33
ata2.00: configured for UDMA/33
  Vendor: MATSHITA  Model: DVD-RAM UJ-841S   Rev: 1.60
  Type:   CD-ROM                             ANSI SCSI revision: 05
SCSI device sda: 78140160 512-byte hdwr sectors (40008 MB)
sda: Write Protect is off
sda: Mode Sense: 00 3a 00 00
SCSI device sda: drive cache: write back
SCSI device sda: 78140160 512-byte hdwr sectors (40008 MB)
sda: Write Protect is off
sda: Mode Sense: 00 3a 00 00
SCSI device sda: drive cache: write back
 sda: sda1 sda2 sda3 sda4 < sda5 sda6 sda7 >
sd 0:0:0:0: Attached scsi disk sda
sr0: scsi3-mmc drive: 24x/24x writer dvd-ram cd/rw xa/form2 cdda tray
Uniform CD-ROM driver Revision: 3.20
sr 1:0:0:0: Attached scsi CD-ROM sr0
sd 0:0:0:0: Attached scsi generic sg0 type 0
sr 1:0:0:0: Attached scsi generic sg1 type 5
ACPI: PCI Interrupt 0000:00:1d.7[A] -> GSI 23 (level, low) -> IRQ 233
PCI: Setting latency timer of device 0000:00:1d.7 to 64
ehci_hcd 0000:00:1d.7: EHCI Host Controller
ehci_hcd 0000:00:1d.7: new USB bus registered, assigned bus number 1
ehci_hcd 0000:00:1d.7: debug port 1
PCI: cache line size of 32 is not supported by device 0000:00:1d.7
ehci_hcd 0000:00:1d.7: irq 233, io mem 0xdc444000
ehci_hcd 0000:00:1d.7: USB 2.0 started, EHCI 1.00, driver 10 Dec 2004
usb usb1: configuration #1 chosen from 1 choice
hub 1-0:1.0: USB hub found
hub 1-0:1.0: 8 ports detected
USB Universal Host Controller Interface driver v3.0
ACPI: PCI Interrupt 0000:00:1d.0[A] -> GSI 23 (level, low) -> IRQ 233
PCI: Setting latency timer of device 0000:00:1d.0 to 64
uhci_hcd 0000:00:1d.0: UHCI Host Controller
uhci_hcd 0000:00:1d.0: new USB bus registered, assigned bus number 2
uhci_hcd 0000:00:1d.0: irq 233, io base 0x00001820
usb usb2: configuration #1 chosen from 1 choice
hub 2-0:1.0: USB hub found
hub 2-0:1.0: 2 ports detected
ACPI: PCI Interrupt 0000:00:1d.1[B] -> GSI 19 (level, low) -> IRQ 225
PCI: Setting latency timer of device 0000:00:1d.1 to 64
uhci_hcd 0000:00:1d.1: UHCI Host Controller
uhci_hcd 0000:00:1d.1: new USB bus registered, assigned bus number 3
uhci_hcd 0000:00:1d.1: irq 225, io base 0x00001840
usb usb3: configuration #1 chosen from 1 choice
hub 3-0:1.0: USB hub found
hub 3-0:1.0: 2 ports detected
ACPI: PCI Interrupt 0000:00:1d.2[C] -> GSI 18 (level, low) -> IRQ 185
PCI: Setting latency timer of device 0000:00:1d.2 to 64
uhci_hcd 0000:00:1d.2: UHCI Host Controller
uhci_hcd 0000:00:1d.2: new USB bus registered, assigned bus number 4
uhci_hcd 0000:00:1d.2: irq 185, io base 0x00001860
usb usb4: configuration #1 chosen from 1 choice
hub 4-0:1.0: USB hub found
hub 4-0:1.0: 2 ports detected
ACPI: PCI Interrupt 0000:00:1d.3[D] -> GSI 16 (level, low) -> IRQ 177
PCI: Setting latency timer of device 0000:00:1d.3 to 64
uhci_hcd 0000:00:1d.3: UHCI Host Controller
uhci_hcd 0000:00:1d.3: new USB bus registered, assigned bus number 5
uhci_hcd 0000:00:1d.3: irq 177, io base 0x00001880
usb usb5: configuration #1 chosen from 1 choice
hub 5-0:1.0: USB hub found
hub 5-0:1.0: 2 ports detected
PNP: PS/2 Controller [PNP0303:PS2K,PNP0f13:PS2M] at 0x60,0x64 irq 1,12
i8042.c: Detected active multiplexing controller, rev 1.1.
serio: i8042 AUX0 port at 0x60,0x64 irq 12
serio: i8042 AUX1 port at 0x60,0x64 irq 12
serio: i8042 AUX2 port at 0x60,0x64 irq 12
serio: i8042 AUX3 port at 0x60,0x64 irq 12
serio: i8042 KBD port at 0x60,0x64 irq 1
mice: PS/2 mouse device common for all mice
input: PC Speaker as /class/input/input0
i2c /dev entries driver
ACPI: PCI Interrupt 0000:00:1f.3[B] -> GSI 19 (level, low) -> IRQ 225
TCP bic registered
NET: Registered protocol family 1
Using IPI Shortcut mode
ACPI: (supports S0 S3 S4 S5)
Time: tsc clocksource has been installed.
Time: acpi_pm clocksource has been installed.
kjournald starting.  Commit interval 5 seconds
EXT3-fs: mounted filesystem with ordered data mode.
VFS: Mounted root (ext3 filesystem) readonly.
Freeing unused kernel memory: 148k freed
input: AT Translated Set 2 keyboard as /class/input/input1
input: PS/2 Mouse as /class/input/input2
input: AlpsPS/2 ALPS GlidePoint as /class/input/input3
input: PS/2 Mouse as /class/input/input4
input: AlpsPS/2 ALPS GlidePoint as /class/input/input5
sdhci: Secure Digital Host Controller Interface driver, 0.12
sdhci: Copyright(c) Pierre Ossman
sdhci: SDHCI controller found at 0000:04:04.2 [1524:0550] (rev 1)
ACPI: PCI Interrupt 0000:04:04.2[B] -> GSI 17 (level, low) -> IRQ 169
mmc0: SDHCI at 0xdc001c00 irq 169 DMA
r8169 Gigabit Ethernet driver 2.2LK loaded
ACPI: PCI Interrupt 0000:03:00.0[A] -> GSI 18 (level, low) -> IRQ 185
PCI: Setting latency timer of device 0000:03:00.0 to 64
eth0: RTL8101e at 0xe0032000, 00:16:d4:27:9e:42, IRQ 185
Yenta: CardBus bridge found at 0000:04:04.0 [1179:ff01]
Yenta: Using CSCINT to route CSC interrupts to PCI
Yenta: Routing CardBus interrupts to PCI
Yenta TI: socket 0000:04:04.0, mfunc 0x89501212, devctl 0x44
Yenta: ISA IRQ mask 0x0cf8, PCI irq 177
Socket status: 30000006
pcmcia: parent PCI bridge I/O window: 0x5000 - 0x5fff
pcmcia: parent PCI bridge Memory window: 0xdc000000 - 0xdc0fffff
pcmcia: parent PCI bridge Memory window: 0x30000000 - 0x31ffffff
ACPI: PCI Interrupt 0000:00:1b.0[A] -> GSI 22 (level, low) -> IRQ 50
PCI: Setting latency timer of device 0000:00:1b.0 to 64
hda_codec: Unknown model for ALC861, trying auto-probe from BIOS...
Adding 1052232k swap on /dev/sda3.  Priority:-1 extents:1 across:1052232k
EXT3 FS on sda2, internal journal
kjournald starting.  Commit interval 5 seconds
EXT3 FS on sda5, internal journal
EXT3-fs: mounted filesystem with ordered data mode.
kjournald starting.  Commit interval 5 seconds
EXT3 FS on sda6, internal journal
EXT3-fs: mounted filesystem with ordered data mode.
kjournald starting.  Commit interval 5 seconds
EXT3 FS on sda7, internal journal
EXT3-fs: mounted filesystem with ordered data mode.
r8169: eh0: link down
r8169: eh0: link down
NET: Registered protocol family 17