Date: Tue, 22 Jan 2008 23:15:12 +0200 (EET)
From: Dan Nica <>
Subject: Re: SiI 3512 Serial ATA Controller - kernel 2.6.23
Sender: linux-kernel-owner@vger.kernel.org
Precedence: bulk
List-ID: <linux-kernel.vger.kernel.org>
X-Mailing-List: linux-kernel@vger.kernel.org
X-Lkml-Link: https://lkml.org/lkml/2008/1/22/302

attached dmesg and lspci
10x jeff
On Tue, 22 Jan 2008, Jeff Garzik wrote:
> Dan Nica wrote:
> > hello
> > 
> > I have a problem with a serial ata controller
> > that uses a SiI 3512 chip.
> 
> A complete dmesg, complete lspci would be helpful.
> 
> 
> > when I'm trying to add a device thats on the 3512 controller to the array
> > that I have, it give me lots of errors in dmesg
> > like this:
> > 
> > ata3.00: exception Emask 0x0 SAct 0x0 SErr 0x2400000 action 0x0
> > ata3.00: BMDMA2 stat 0x8652001
> > ata3.00: cmd 35/00:80:3f:5c:03/00:02:00:00:00/e0 tag 0 cdb 0x0 data 327680
> > out
> >          res 51/04:80:3f:5e:03/00:00:00:00:00/e0 Emask 0x1 (device error)
> 
> That's the device reporting an error, when the system issued a WRITE command
> ("cmd 35/....."), and the SiI controller is happily reporting that error to
> you.
> 
> I would worry about the device, if it is reporting errors on WRITE.
> 
> 	Jeff
> 
> 
> 
> --
> To unsubscribe from this list: send the line "unsubscribe linux-kernel" in
> the body of a message to majordomo@vger.kernel.org
> More majordomo info at  
http://vger.kernel.org/majordomo-info.html
> Please read the FAQ at  
http://www.tux.org/lkml/
> 
> 00:00.0 Host bridge: Intel Corporation 82865G/PE/P DRAM Controller/Host-Hub Interface (rev 02)
	Subsystem: Holco Enterprise Co, Ltd/Shuttle Computer: Unknown device ab60
	Control: I/O- Mem+ BusMaster+ SpecCycle- MemWINV- VGASnoop- ParErr- Stepping- SERR- FastB2B-
	Status: Cap+ 66MHz- UDF- FastB2B+ ParErr- DEVSEL=fast >TAbort- <TAbort- <MAbort+ >SERR- <PERR-
	Latency: 0
	Region 0: Memory at fc000000 (32-bit, prefetchable) [size=4M]
	Capabilities: [e4] Vendor Specific Information
	Capabilities: [a0] AGP version 3.0
		Status: RQ=32 Iso- ArqSz=2 Cal=2 SBA+ ITACoh- GART64- HTrans- 64bit- FW+ AGP3+ Rate=x4,x8
		Command: RQ=1 ArqSz=0 Cal=2 SBA+ AGP- GART64- 64bit- FW- Rate=<none>
00:01.0 PCI bridge: Intel Corporation 82865G/PE/P PCI to AGP Controller (rev 02) (prog-if 00 [Normal decode])
	Control: I/O+ Mem+ BusMaster+ SpecCycle- MemWINV- VGASnoop- ParErr- Stepping- SERR+ FastB2B-
	Status: Cap- 66MHz+ UDF- FastB2B+ ParErr- DEVSEL=fast >TAbort- <TAbort- <MAbort- >SERR- <PERR-
	Latency: 64
	Bus: primary=00, secondary=01, subordinate=01, sec-latency=32
	Memory behind bridge: f8000000-f9ffffff
	Prefetchable memory behind bridge: f0000000-f7ffffff
	Secondary status: 66MHz+ FastB2B+ ParErr- DEVSEL=medium >TAbort- <TAbort- <MAbort+ <SERR- <PERR-
	BridgeCtl: Parity- SERR- NoISA+ VGA+ MAbort- >Reset- FastB2B-
00:1e.0 PCI bridge: Intel Corporation 82801 PCI Bridge (rev c2) (prog-if 00 [Normal decode])
	Control: I/O+ Mem+ BusMaster+ SpecCycle- MemWINV- VGASnoop- ParErr- Stepping- SERR+ FastB2B-
	Status: Cap- 66MHz- UDF- FastB2B+ ParErr- DEVSEL=fast >TAbort- <TAbort- <MAbort- >SERR- <PERR-
	Latency: 0
	Bus: primary=00, secondary=02, subordinate=02, sec-latency=32
	I/O behind bridge: 00009000-0000afff
	Memory behind bridge: fa000000-fbffffff
	Prefetchable memory behind bridge: 30000000-300fffff
	Secondary status: 66MHz- FastB2B+ ParErr- DEVSEL=medium >TAbort- <TAbort- <MAbort- <SERR- <PERR-
	BridgeCtl: Parity- SERR+ NoISA+ VGA- MAbort- >Reset- FastB2B-
00:1f.0 ISA bridge: Intel Corporation 82801EB/ER (ICH5/ICH5R) LPC Interface Bridge (rev 02)
	Control: I/O+ Mem+ BusMaster+ SpecCycle+ MemWINV- VGASnoop- ParErr- Stepping- SERR- FastB2B-
	Status: Cap- 66MHz- UDF- FastB2B+ ParErr- DEVSEL=medium >TAbort- <TAbort- <MAbort- >SERR- <PERR-
	Latency: 0
00:1f.1 IDE interface: Intel Corporation 82801EB/ER (ICH5/ICH5R) IDE Controller (rev 02) (prog-if 8a [Master SecP PriP])
	Subsystem: Holco Enterprise Co, Ltd/Shuttle Computer: Unknown device ab60
	Control: I/O+ Mem+ BusMaster+ SpecCycle- MemWINV- VGASnoop- ParErr- Stepping- SERR- FastB2B-
	Status: Cap- 66MHz- UDF- FastB2B+ ParErr- DEVSEL=medium >TAbort- <TAbort- <MAbort- >SERR- <PERR-
	Latency: 0
	Interrupt: pin A routed to IRQ 11
	Region 0: I/O ports at 01f0 [size=8]
	Region 1: I/O ports at 03f4 [size=1]
	Region 2: I/O ports at 0170 [size=8]
	Region 3: I/O ports at 0374 [size=1]
	Region 4: I/O ports at f000 [size=16]
	Region 5: Memory at 30100000 (32-bit, non-prefetchable) [size=1K]
00:1f.2 IDE interface: Intel Corporation 82801EB (ICH5) SATA Controller (rev 02) (prog-if 8f [Master SecP SecO PriP PriO])
	Subsystem: Holco Enterprise Co, Ltd/Shuttle Computer: Unknown device ab60
	Control: I/O+ Mem- BusMaster+ SpecCycle- MemWINV- VGASnoop- ParErr- Stepping- SERR- FastB2B-
	Status: Cap- 66MHz+ UDF- FastB2B+ ParErr- DEVSEL=medium >TAbort- <TAbort- <MAbort- >SERR- <PERR-
	Latency: 0
	Interrupt: pin A routed to IRQ 11
	Region 0: I/O ports at c000 [size=8]
	Region 1: I/O ports at c400 [size=4]
	Region 2: I/O ports at c800 [size=8]
	Region 3: I/O ports at cc00 [size=4]
	Region 4: I/O ports at d000 [size=16]
00:1f.3 SMBus: Intel Corporation 82801EB/ER (ICH5/ICH5R) SMBus Controller (rev 02)
	Subsystem: Holco Enterprise Co, Ltd/Shuttle Computer: Unknown device ab60
	Control: I/O+ Mem- BusMaster- SpecCycle- MemWINV- VGASnoop- ParErr- Stepping- SERR- FastB2B-
	Status: Cap- 66MHz- UDF- FastB2B+ ParErr- DEVSEL=medium >TAbort- <TAbort- <MAbort- >SERR- <PERR-
	Interrupt: pin B routed to IRQ 11
	Region 4: I/O ports at 0500 [size=32]
01:00.0 VGA compatible controller: nVidia Corporation NV18 [GeForce4 MX 440 AGP 8x] (rev a4) (prog-if 00 [VGA])
	Control: I/O+ Mem+ BusMaster+ SpecCycle- MemWINV- VGASnoop- ParErr- Stepping- SERR- FastB2B-
	Status: Cap+ 66MHz+ UDF- FastB2B+ ParErr- DEVSEL=medium >TAbort- <TAbort- <MAbort- >SERR- <PERR-
	Latency: 32 (1250ns min, 250ns max)
	Interrupt: pin A routed to IRQ 5
	Region 0: Memory at f8000000 (32-bit, non-prefetchable) [size=16M]
	Region 1: Memory at f0000000 (32-bit, prefetchable) [size=128M]
	[virtual] Expansion ROM at f9000000 [disabled] [size=128K]
	Capabilities: [60] Power Management version 2
		Flags: PMEClk- DSI- D1- D2- AuxCurrent=0mA PME(D0-,D1-,D2-,D3hot-,D3cold-)
		Status: D0 PME-Enable- DSel=0 DScale=0 PME-
	Capabilities: [44] AGP version 3.0
		Status: RQ=32 Iso- ArqSz=0 Cal=3 SBA+ ITACoh- GART64- HTrans- 64bit- FW+ AGP3+ Rate=x4,x8
		Command: RQ=1 ArqSz=0 Cal=0 SBA- AGP- GART64- 64bit- FW- Rate=<none>
02:06.0 Unknown mass storage controller: Silicon Image, Inc. SiI 3512 [SATALink/SATARaid] Serial ATA Controller (rev 01)
	Subsystem: Silicon Image, Inc. SiI 3512 SATALink Controller
	Control: I/O+ Mem+ BusMaster+ SpecCycle- MemWINV- VGASnoop- ParErr- Stepping- SERR- FastB2B-
	Status: Cap+ 66MHz+ UDF- FastB2B+ ParErr- DEVSEL=medium >TAbort- <TAbort- <MAbort- >SERR- <PERR-
	Latency: 32, Cache Line Size 08
	Interrupt: pin A routed to IRQ 11
	Region 0: I/O ports at 9000 [size=8]
	Region 1: I/O ports at 9400 [size=4]
	Region 2: I/O ports at 9800 [size=8]
	Region 3: I/O ports at 9c00 [size=4]
	Region 4: I/O ports at a000 [size=16]
	Region 5: Memory at fb040000 (32-bit, non-prefetchable) [size=512]
	[virtual] Expansion ROM at 30000000 [disabled] [size=512K]
	Capabilities: [60] Power Management version 2
		Flags: PMEClk- DSI+ D1+ D2+ AuxCurrent=0mA PME(D0-,D1-,D2-,D3hot-,D3cold-)
		Status: D0 PME-Enable- DSel=0 DScale=2 PME-
02:07.0 Ethernet controller: Intel Corporation 82541PI Gigabit Ethernet Controller (rev 05)
	Subsystem: Intel Corporation: Unknown device 1376
	Control: I/O+ Mem+ BusMaster+ SpecCycle- MemWINV- VGASnoop- ParErr- Stepping- SERR- FastB2B-
	Status: Cap+ 66MHz+ UDF- FastB2B- ParErr- DEVSEL=medium >TAbort- <TAbort- <MAbort- >SERR- <PERR-
	Latency: 32 (63750ns min), Cache Line Size 08
	Interrupt: pin A routed to IRQ 10
	Region 0: Memory at fb000000 (32-bit, non-prefetchable) [size=128K]
	Region 1: Memory at fb020000 (32-bit, non-prefetchable) [size=128K]
	Region 2: I/O ports at a400 [size=64]
	[virtual] Expansion ROM at 30080000 [disabled] [size=128K]
	Capabilities: [dc] Power Management version 2
		Flags: PMEClk- DSI+ D1- D2- AuxCurrent=0mA PME(D0+,D1-,D2-,D3hot+,D3cold+)
		Status: D0 PME-Enable- DSel=0 DScale=1 PME-
	Capabilities: [e4] PCI-X non-bridge device
		Command: DPERE- ERO+ RBC=512 OST=1
		Status: Dev=00:00.0 64bit- 133MHz- SCD- USC- DC=simple DMMRBC=2048 DMOST=1 DMCRS=8 RSCEM- 266MHz- 533MHz-
02:0a.0 Ethernet controller: Realtek Semiconductor Co., Ltd. RTL-8139/8139C/8139C+ (rev 10)
	Subsystem: Realtek Semiconductor Co., Ltd. RT8139
	Control: I/O+ Mem+ BusMaster+ SpecCycle- MemWINV- VGASnoop- ParErr- Stepping- SERR- FastB2B-
	Status: Cap+ 66MHz- UDF- FastB2B+ ParErr- DEVSEL=medium >TAbort- <TAbort- <MAbort- >SERR- <PERR-
	Latency: 32 (8000ns min, 16000ns max)
	Interrupt: pin A routed to IRQ 12
	Region 0: I/O ports at a800 [size=256]
	Region 1: Memory at fb041000 (32-bit, non-prefetchable) [size=256]
	Capabilities: [50] Power Management version 2
		Flags: PMEClk- DSI- D1+ D2+ AuxCurrent=375mA PME(D0-,D1+,D2+,D3hot+,D3cold+)
		Status: D0 PME-Enable- DSel=0 DScale=0 PME-
Linux version 2.6.23-default (root@crystal) (gcc version 4.0.2 20050901 (prerelease) (SUSE Linux)) #4 SMP Tue Jan 22 14:11:12 EET 2008
BIOS-provided physical RAM map:
 BIOS-e820: 0000000000000000 - 000000000009f000 (usable)
 BIOS-e820: 000000000009f000 - 00000000000a0000 (reserved)
 BIOS-e820: 00000000000f0000 - 0000000000100000 (reserved)
 BIOS-e820: 0000000000100000 - 000000001fff0000 (usable)
 BIOS-e820: 000000001fff0000 - 000000001fff3000 (ACPI NVS)
 BIOS-e820: 000000001fff3000 - 0000000020000000 (ACPI data)
 BIOS-e820: 00000000fec00000 - 0000000100000000 (reserved)
0MB HIGHMEM available.
511MB LOWMEM available.
found SMP MP-table at 000f4f00
Entering add_active_range(0, 0, 131056) 0 entries of 256 used
Zone PFN ranges:
  DMA             0 ->     4096
  Normal       4096 ->   131056
  HighMem    131056 ->   131056
Movable zone start PFN for each node
early_node_map[1] active PFN ranges
    0:        0 ->   131056
On node 0 totalpages: 131056
  DMA zone: 32 pages used for memmap
  DMA zone: 0 pages reserved
  DMA zone: 4064 pages, LIFO batch:0
  Normal zone: 991 pages used for memmap
  Normal zone: 125969 pages, LIFO batch:31
  HighMem zone: 0 pages used for memmap
  Movable zone: 0 pages used for memmap
DMI 2.2 present.
Intel MultiProcessor Specification v1.4
    Virtual Wire compatibility mode.
OEM ID: OEM00000 Product ID: PROD00000000 APIC at: 0xFEE00000
Processor #0 15:2 APIC version 17
WARNING: maxcpus limit of 0 reached. Processor ignored.
I/O APIC #2 Version 17 at 0xFEC00000.
Enabling APIC mode:  Flat.  Using 1 I/O APICs
SMP mptable: no processors registered!
BIOS bug, MP table errors detected!...
... disabling SMP support. (tell your hw vendor)
Allocating PCI resources starting at 30000000 (gap: 20000000:dec00000)
Built 1 zonelists in Zone order.  Total pages: 130033
Kernel command line: auto BOOT_IMAGE=Linux ro root=302 selinux=0 resume=/dev/hda1 splash=silent showopts apm=off acpi=off noresume nosmp noapic maxcpus=0 edd=off 3
Found and enabled local APIC!
mapped APIC to ffffb000 (fee00000)
mapped IOAPIC to ffffa000 (0140d000)
Enabling fast FPU save and restore... done.
Enabling unmasked SIMD FPU exception support... done.
Initializing CPU#0
PID hash table entries: 2048 (order: 11, 8192 bytes)
Detected 1996.682 MHz processor.
Console: colour VGA+ 80x25
console [tty0] enabled
Dentry cache hash table entries: 65536 (order: 6, 262144 bytes)
Inode-cache hash table entries: 32768 (order: 5, 131072 bytes)
Memory: 514096k/524224k available (2053k kernel code, 9620k reserved, 804k data, 256k init, 0k highmem)
virtual kernel memory layout:
    fixmap  : 0xfff4c000 - 0xfffff000   ( 716 kB)
    pkmap   : 0xff800000 - 0xffc00000   (4096 kB)
    vmalloc : 0xe0800000 - 0xff7fe000   ( 495 MB)
    lowmem  : 0xc0000000 - 0xdfff0000   ( 511 MB)
      .init : 0xc03d2000 - 0xc0412000   ( 256 kB)
      .data : 0xc030178f - 0xc03ca87c   ( 804 kB)
      .text : 0xc0100000 - 0xc030178f   (2053 kB)
Checking if this processor honours the WP bit even in supervisor mode... Ok.
SLUB: Genslabs=22, HWalign=64, Order=0-1, MinObjects=4, CPUs=1, Nodes=1
Calibrating delay using timer specific routine.. 3997.35 BogoMIPS (lpj=7994704)
Security Framework v1.0.0 initialized
SELinux:  Disabled at boot.
Mount-cache hash table entries: 512
CPU: After generic identify, caps: bfebfbff 00000000 00000000 00000000 00004400 00000000 00000000 00000000
CPU: Trace cache: 12K uops, L1 D cache: 8K
CPU: L2 cache: 128K
CPU: Hyper-Threading is disabled
CPU: After all inits, caps: bfebfbff 00000000 00000000 0000b080 00004400 00000000 00000000 00000000
Intel machine check architecture supported.
Intel machine check reporting enabled on CPU#0.
CPU0: Intel P4/Xeon Extended MCE MSRs (12) available
CPU0: Thermal monitoring enabled
Compat vDSO mapped to ffffe000.
Checking 'hlt' instruction... OK.
SMP alternatives: switching to UP code
Freeing SMP alternatives: 14k freed
CPU0: Intel(R) Celeron(R) CPU 2.00GHz stepping 09
SMP motherboard not detected.
Brought up 1 CPUs
Booting paravirtualized kernel on bare hardware
NET: Registered protocol family 16
PCI: PCI BIOS revision 2.10 entry at 0xfb460, last bus=2
PCI: Using configuration type 1
Setting up standard PCI resources
ACPI: Interpreter disabled.
Linux Plug and Play Support v0.97 (c) Adam Belay
pnp: PnP ACPI: disabled
PCI: Probing PCI hardware
PCI: Probing PCI hardware (bus 00)
PCI quirk: region 0400-047f claimed by ICH4 ACPI/GPIO/TCO
PCI quirk: region 0480-04bf claimed by ICH4 GPIO
PCI: Transparent bridge - 0000:00:1e.0
PCI: Using IRQ router PIIX/ICH [8086/24d0] at 0000:00:1f.0
PCI: setting IRQ 11 as level-triggered
PCI: Found IRQ 11 for device 0000:00:1f.1
PCI: Sharing IRQ 11 with 0000:00:1f.2
PCI: Sharing IRQ 11 with 0000:02:06.0
PCI: Bridge: 0000:00:01.0
  IO window: disabled.
  MEM window: f8000000-f9ffffff
  PREFETCH window: f0000000-f7ffffff
PCI: Bridge: 0000:00:1e.0
  IO window: 9000-afff
  MEM window: fa000000-fbffffff
  PREFETCH window: 30000000-300fffff
PCI: Setting latency timer of device 0000:00:1e.0 to 64
NET: Registered protocol family 2
Time: tsc clocksource has been installed.
IP route cache hash table entries: 4096 (order: 2, 16384 bytes)
TCP established hash table entries: 16384 (order: 5, 196608 bytes)
TCP bind hash table entries: 16384 (order: 5, 131072 bytes)
TCP: Hash tables configured (established 16384 bind 16384)
TCP reno registered
checking if image is initramfs... it is
Freeing initrd memory: 1562k freed
Machine check exception polling timer started.
audit: initializing netlink socket (disabled)
audit(1201038661.496:1): initialized
Total HugeTLB memory allocated, 0
VFS: Disk quotas dquot_6.5.1
Dquot-cache hash table entries: 1024 (order 0, 4096 bytes)
io scheduler noop registered
io scheduler anticipatory registered
io scheduler deadline registered
io scheduler cfq registered (default)
Boot video device is 0000:01:00.0
Real Time Clock Driver v1.12ac
Serial: 8250/16550 driver $Revision: 1.90 $ 4 ports, IRQ sharing enabled
serial8250: ttyS0 at I/O 0x3f8 (irq = 4) is a 16550A
serial8250: ttyS1 at I/O 0x2f8 (irq = 3) is a 16550A
floppy0: no floppy controllers found
RAMDISK driver initialized: 16 RAM disks of 64000K size 1024 blocksize
loop: module loaded
Intel(R) PRO/1000 Network Driver - version 7.3.20-k2-NAPI
Copyright (c) 1999-2006 Intel Corporation.
PCI: setting IRQ 10 as level-triggered
PCI: Found IRQ 10 for device 0000:02:07.0
e1000: 0000:02:07.0: e1000_probe: (PCI:33MHz:32-bit) 00:0e:0c:81:5d:e4
e1000: eth0: e1000_probe: Intel(R) PRO/1000 Network Connection
8139cp: 10/100 PCI Ethernet driver v1.3 (Mar 22, 2004)
8139cp 0000:02:0a.0: This (id 10ec:8139 rev 10) is not an 8139C+ compatible chip
8139cp 0000:02:0a.0: Try the "8139too" driver instead.
PNP: No PS/2 controller found. Probing ports directly.
serio: i8042 KBD port at 0x60,0x64 irq 1
mice: PS/2 mouse device common for all mice
input: AT Translated Set 2 keyboard as /class/input/input0
input: PC Speaker as /class/input/input1
TCP cubic registered
NET: Registered protocol family 1
Using IPI Shortcut mode
Freeing unused kernel memory: 256k freed
Uniform Multi-Platform E-IDE driver Revision: 7.00alpha2
ide: Assuming 33MHz system bus speed for PIO modes; override with idebus=xx
SCSI subsystem initialized
ICH5: IDE controller at PCI slot 0000:00:1f.1
PCI: Found IRQ 11 for device 0000:00:1f.1
PCI: Sharing IRQ 11 with 0000:00:1f.2
PCI: Sharing IRQ 11 with 0000:02:06.0
ICH5: chipset revision 2
ICH5: not 100% native mode: will probe irqs later
    ide0: BM-DMA at 0xf000-0xf007, BIOS settings: hda:DMA, hdb:pio
    ide1: BM-DMA at 0xf008-0xf00f, BIOS settings: hdc:DMA, hdd:pio
Probing IDE interface ide0...
hda: QUANTUM FIREBALLP AS40.0, ATA DISK drive
hda: selected mode 0x45
ide0 at 0x1f0-0x1f7,0x3f6 on irq 14
hda: max request size: 128KiB
hda: 78177792 sectors (40027 MB) w/1902KiB Cache, CHS=65535/16/63, UDMA(100)
hda: cache flushes not supported
 hda: hda1 hda2
Probing IDE interface ide1...
hdc: WDC WD5000AAJB-00YRA0, ATA DISK drive
hdc: selected mode 0x45
ide1 at 0x170-0x177,0x376 on irq 15
hdc: max request size: 512KiB
hdc: 976773168 sectors (500107 MB) w/8192KiB Cache, CHS=60801/255/63, UDMA(100)
hdc: cache flushes supported
 hdc: hdc1
libata version 2.21 loaded.
ata_piix 0000:00:1f.2: version 2.12
ata_piix 0000:00:1f.2: MAP [ P0 -- P1 -- ]
PCI: Found IRQ 11 for device 0000:00:1f.2
PCI: Sharing IRQ 11 with 0000:00:1f.1
PCI: Sharing IRQ 11 with 0000:02:06.0
PCI: Setting latency timer of device 0000:00:1f.2 to 64
scsi0 : ata_piix
scsi1 : ata_piix
ata1: SATA max UDMA/133 cmd 0x0001c000 ctl 0x0001c402 bmdma 0x0001d000 irq 11
ata2: SATA max UDMA/133 cmd 0x0001c800 ctl 0x0001cc02 bmdma 0x0001d008 irq 11
ata1.00: ATA-8: SAMSUNG HD501LJ, CR100-12, max UDMA7
ata1.00: 976773168 sectors, multi 16: LBA48 NCQ (depth 0/32)
ata1.00: configured for UDMA/133
ata2.00: ATA-8: SAMSUNG HD501LJ, CR100-12, max UDMA7
ata2.00: 976773168 sectors, multi 16: LBA48 NCQ (depth 0/32)
ata2.00: configured for UDMA/133
scsi 0:0:0:0: Direct-Access     ATA      SAMSUNG HD501LJ  CR10 PQ: 0 ANSI: 5
sd 0:0:0:0: [sda] 976773168 512-byte hardware sectors (500108 MB)
sd 0:0:0:0: [sda] Write Protect is off
sd 0:0:0:0: [sda] Mode Sense: 00 3a 00 00
sd 0:0:0:0: [sda] Write cache: enabled, read cache: enabled, doesn't support DPO or FUA
sd 0:0:0:0: [sda] 976773168 512-byte hardware sectors (500108 MB)
sd 0:0:0:0: [sda] Write Protect is off
sd 0:0:0:0: [sda] Mode Sense: 00 3a 00 00
sd 0:0:0:0: [sda] Write cache: enabled, read cache: enabled, doesn't support DPO or FUA
 sda: sda1
sd 0:0:0:0: [sda] Attached SCSI disk
scsi 1:0:0:0: Direct-Access     ATA      SAMSUNG HD501LJ  CR10 PQ: 0 ANSI: 5
sd 1:0:0:0: [sdb] 976773168 512-byte hardware sectors (500108 MB)
sd 1:0:0:0: [sdb] Write Protect is off
sd 1:0:0:0: [sdb] Mode Sense: 00 3a 00 00
sd 1:0:0:0: [sdb] Write cache: enabled, read cache: enabled, doesn't support DPO or FUA
sd 1:0:0:0: [sdb] 976773168 512-byte hardware sectors (500108 MB)
sd 1:0:0:0: [sdb] Write Protect is off
sd 1:0:0:0: [sdb] Mode Sense: 00 3a 00 00
sd 1:0:0:0: [sdb] Write cache: enabled, read cache: enabled, doesn't support DPO or FUA
 sdb: sdb1
sd 1:0:0:0: [sdb] Attached SCSI disk
sd 0:0:0:0: Attached scsi generic sg0 type 0
sd 1:0:0:0: Attached scsi generic sg1 type 0
thermal: Unknown symbol acpi_processor_set_thermal_limit
kjournald starting.  Commit interval 5 seconds
EXT3 FS on hda2, internal journal
EXT3-fs: mounted filesystem with ordered data mode.
md: md0 stopped.
md: Autodetecting RAID arrays.
md: autorun ...
md: considering sdb1 ...
md:  adding sdb1 ...
md:  adding sda1 ...
md:  adding hdc1 ...
md: created md0
md: bind<hdc1>
md: bind<sda1>
md: bind<sdb1>
md: running: <sdb1><sda1><hdc1>
xor: automatically using best checksumming function: pIII_sse
   pIII_sse  :  2545.000 MB/sec
xor: using function: pIII_sse (2545.000 MB/sec)
async_tx: api initialized (sync-only)
raid6: int32x1    520 MB/s
raid6: int32x2    518 MB/s
raid6: int32x4    510 MB/s
raid6: int32x8    369 MB/s
raid6: mmxx1     1528 MB/s
raid6: mmxx2     1685 MB/s
raid6: sse1x1     874 MB/s
raid6: sse1x2    1781 MB/s
raid6: sse2x1    1867 MB/s
raid6: sse2x2    2179 MB/s
raid6: using algorithm sse2x2 (2179 MB/s)
md: raid6 personality registered for level 6
md: raid5 personality registered for level 5
md: raid4 personality registered for level 4
raid5: reshape will continue
raid5: device sdb1 operational as raid disk 0
raid5: device sda1 operational as raid disk 2
raid5: device hdc1 operational as raid disk 1
raid5: not enough operational devices for md0 (2/5 failed)
RAID5 conf printout:
 --- rd:5 wd:3
 disk 0, o:1, dev:sdb1
 disk 1, o:1, dev:hdc1
 disk 2, o:1, dev:sda1
raid5: failed to run raid set md0
md: pers->run() failed ...
md: do_md_run() returned -5
md: md0 stopped.
md: unbind<sdb1>
md: export_rdev(sdb1)
md: unbind<sda1>
md: export_rdev(sda1)
md: unbind<hdc1>
md: export_rdev(hdc1)
md: ... autorun DONE.
Adding 530104k swap on /dev/hda1.  Priority:-1 extents:1 across:530104k
device-mapper: ioctl: 4.11.0-ioctl (2006-10-12) initialised: dm-devel@redhat.com
net eth2: device_rename: sysfs_create_symlink failed (-17)
e1000: eth2: e1000_watchdog: NIC Link is Up 1000 Mbps Full Duplex, Flow Control: RX
NET: Registered protocol family 10
lo: Disabled Privacy Extensions
eth2: no IPv6 routers present
sata_sil 0000:02:06.0: version 2.3
PCI: Found IRQ 11 for device 0000:02:06.0
PCI: Sharing IRQ 11 with 0000:00:1f.1
PCI: Sharing IRQ 11 with 0000:00:1f.2
scsi2 : sata_sil
scsi3 : sata_sil
ata3: SATA max UDMA/100 cmd 0xe087c080 ctl 0xe087c08a bmdma 0xe087c000 irq 11
ata4: SATA max UDMA/100 cmd 0xe087c0c0 ctl 0xe087c0ca bmdma 0xe087c008 irq 11
ata3: SATA link up 1.5 Gbps (SStatus 113 SControl 310)
ata3.00: ATA-8: SAMSUNG HD501LJ, CR100-11, max UDMA7
ata3.00: 976773168 sectors, multi 16: LBA48 NCQ (depth 0/32)
ata3.00: configured for UDMA/100
ata4: SATA link down (SStatus 0 SControl 310)
scsi 2:0:0:0: Direct-Access     ATA      SAMSUNG HD501LJ  CR10 PQ: 0 ANSI: 5
sd 2:0:0:0: [sdc] 976773168 512-byte hardware sectors (500108 MB)
sd 2:0:0:0: [sdc] Write Protect is off
sd 2:0:0:0: [sdc] Mode Sense: 00 3a 00 00
sd 2:0:0:0: [sdc] Write cache: enabled, read cache: enabled, doesn't support DPO or FUA
sd 2:0:0:0: [sdc] 976773168 512-byte hardware sectors (500108 MB)
sd 2:0:0:0: [sdc] Write Protect is off
sd 2:0:0:0: [sdc] Mode Sense: 00 3a 00 00
sd 2:0:0:0: [sdc] Write cache: enabled, read cache: enabled, doesn't support DPO or FUA
 sdc: sdc1
sd 2:0:0:0: [sdc] Attached SCSI disk
sd 2:0:0:0: Attached scsi generic sg2 type 0
md: md0 stopped.
md: bind<hdc1>
md: bind<sda1>
md: bind<sdc1>
md: bind<sdb1>
raid5: reshape will continue
raid5: device sdb1 operational as raid disk 0
raid5: device sdc1 operational as raid disk 4
raid5: device sda1 operational as raid disk 2
raid5: device hdc1 operational as raid disk 1
raid5: allocated 5252kB for md0
raid5: raid level 5 set md0 active with 4 out of 5 devices, algorithm 2
RAID5 conf printout:
 --- rd:5 wd:4
 disk 0, o:1, dev:sdb1
 disk 1, o:1, dev:hdc1
 disk 2, o:1, dev:sda1
 disk 4, o:1, dev:sdc1
...ok start reshape thread
md: reshape of RAID array md0
md: minimum _guaranteed_  speed: 500000 KB/sec/disk.
md: using maximum available idle IO bandwidth (but not more than 1000000 KB/sec) for reshape.
md: using 128k window, over a total of 488383936 blocks.
ata3.00: exception Emask 0x0 SAct 0x0 SErr 0x2400000 action 0x0
ata3.00: BMDMA2 stat 0x8652001
ata3.00: cmd 35/00:80:3f:5c:03/00:02:00:00:00/e0 tag 0 cdb 0x0 data 327680 out
         res 51/04:80:3f:5e:03/00:00:00:00:00/e0 Emask 0x1 (device error)
ata3.00: configured for UDMA/100
ata3: EH complete
sd 2:0:0:0: [sdc] 976773168 512-byte hardware sectors (500108 MB)
sd 2:0:0:0: [sdc] Write Protect is off
sd 2:0:0:0: [sdc] Mode Sense: 00 3a 00 00
sd 2:0:0:0: [sdc] Write cache: enabled, read cache: enabled, doesn't support DPO or FUA
ata3.00: exception Emask 0x0 SAct 0x0 SErr 0x2400000 action 0x2 frozen
ata3.00: cmd 35/00:80:bf:75:03/00:02:00:00:00/e0 tag 0 cdb 0x0 data 327680 out
         res 40/00:80:3f:5e:03/00:00:00:00:00/e0 Emask 0x4 (timeout)
ata3: port is slow to respond, please be patient (Status 0xd1)
ata3: device not ready (errno=-16), forcing hardreset
ata3: hard resetting port
ata3: SATA link up 1.5 Gbps (SStatus 113 SControl 310)
ata3.00: configured for UDMA/100
ata3: EH complete
sd 2:0:0:0: [sdc] 976773168 512-byte hardware sectors (500108 MB)
sd 2:0:0:0: [sdc] Write Protect is off
sd 2:0:0:0: [sdc] Mode Sense: 00 3a 00 00
sd 2:0:0:0: [sdc] Write cache: enabled, read cache: enabled, doesn't support DPO or FUA
ata3.00: exception Emask 0x0 SAct 0x0 SErr 0x2400000 action 0x0
ata3.00: BMDMA2 stat 0x8652001
ata3.00: cmd 35/00:80:bf:8d:03/00:01:00:00:00/e0 tag 0 cdb 0x0 data 196608 out
         res 51/04:60:df:8e:03/00:00:00:00:00/e0 Emask 0x1 (device error)
ata3.00: configured for UDMA/100
ata3: EH complete
sd 2:0:0:0: [sdc] 976773168 512-byte hardware sectors (500108 MB)
sd 2:0:0:0: [sdc] Write Protect is off
sd 2:0:0:0: [sdc] Mode Sense: 00 3a 00 00
sd 2:0:0:0: [sdc] Write cache: enabled, read cache: enabled, doesn't support DPO or FUA
ata3.00: exception Emask 0x0 SAct 0x0 SErr 0x2400000 action 0x2 frozen
ata3.00: cmd 35/00:80:bf:9d:03/00:02:00:00:00/e0 tag 0 cdb 0x0 data 327680 out
         res 40/00:60:df:8e:03/00:00:00:00:00/e0 Emask 0x4 (timeout)
ata3: port is slow to respond, please be patient (Status 0xd1)
ata3: device not ready (errno=-16), forcing hardreset
ata3: hard resetting port
ata3: SATA link up 1.5 Gbps (SStatus 113 SControl 310)
ata3.00: configured for UDMA/100
ata3: EH complete
sd 2:0:0:0: [sdc] 976773168 512-byte hardware sectors (500108 MB)
sd 2:0:0:0: [sdc] Write Protect is off
sd 2:0:0:0: [sdc] Mode Sense: 00 3a 00 00
sd 2:0:0:0: [sdc] Write cache: enabled, read cache: enabled, doesn't support DPO or FUA
ata3.00: exception Emask 0x0 SAct 0x0 SErr 0x2400000 action 0x0
ata3.00: BMDMA2 stat 0x8652001
ata3.00: cmd 35/00:00:3f:ca:03/00:02:00:00:00/e0 tag 0 cdb 0x0 data 262144 out
         res 51/04:a0:9f:ca:03/00:01:00:00:00/e0 Emask 0x1 (device error)
ata3.00: configured for UDMA/100
ata3: EH complete
sd 2:0:0:0: [sdc] 976773168 512-byte hardware sectors (500108 MB)
sd 2:0:0:0: [sdc] Write Protect is off
sd 2:0:0:0: [sdc] Mode Sense: 00 3a 00 00
sd 2:0:0:0: [sdc] Write cache: enabled, read cache: enabled, doesn't support DPO or FUA
ata3.00: exception Emask 0x0 SAct 0x0 SErr 0x2400000 action 0x0
ata3.00: BMDMA2 stat 0x8652001
ata3.00: cmd ca/00:00:3f:d2:03/00:00:00:00:00/e0 tag 0 cdb 0x0 data 131072 out
         res 51/04:b0:8f:d2:03/00:01:00:00:00/e0 Emask 0x1 (device error)
ata3.00: configured for UDMA/100
ata3: EH complete
sd 2:0:0:0: [sdc] 976773168 512-byte hardware sectors (500108 MB)
sd 2:0:0:0: [sdc] Write Protect is off
sd 2:0:0:0: [sdc] Mode Sense: 00 3a 00 00
sd 2:0:0:0: [sdc] Write cache: enabled, read cache: enabled, doesn't support DPO or FUA
ata3.00: exception Emask 0x0 SAct 0x0 SErr 0x2400000 action 0x0
ata3.00: BMDMA2 stat 0x8652001
ata3.00: cmd 35/00:00:c7:d9:03/00:02:00:00:00/e0 tag 0 cdb 0x0 data 262144 out
         res 51/04:30:97:da:03/00:01:00:00:00/e0 Emask 0x1 (device error)
ata3.00: configured for UDMA/100
ata3: EH complete
sd 2:0:0:0: [sdc] 976773168 512-byte hardware sectors (500108 MB)
ata3.00: exception Emask 0x0 SAct 0x0 SErr 0x2400000 action 0x0
ata3.00: BMDMA2 stat 0x8652001
ata3.00: cmd 35/00:80:bf:dd:03/00:02:00:00:00/e0 tag 0 cdb 0x0 data 327680 out
         res 51/04:60:df:dd:03/00:02:00:00:00/e0 Emask 0x1 (device error)
ata3.00: configured for UDMA/100
ata3: EH complete
sd 2:0:0:0: [sdc] Write Protect is off
sd 2:0:0:0: [sdc] Mode Sense: 00 3a 00 00
sd 2:0:0:0: [sdc] Write cache: enabled, read cache: enabled, doesn't support DPO or FUA
sd 2:0:0:0: [sdc] 976773168 512-byte hardware sectors (500108 MB)
sd 2:0:0:0: [sdc] Write Protect is off
sd 2:0:0:0: [sdc] Mode Sense: 00 3a 00 00
sd 2:0:0:0: [sdc] Write cache: enabled, read cache: enabled, doesn't support DPO or FUA
ata3.00: exception Emask 0x0 SAct 0x0 SErr 0x2400000 action 0x0
ata3.00: BMDMA2 stat 0x8652001
ata3.00: cmd 35/00:00:3f:f2:03/00:02:00:00:00/e0 tag 0 cdb 0x0 data 262144 out
         res 51/04:e0:5f:f2:03/00:01:00:00:00/e0 Emask 0x1 (device error)
ata3.00: configured for UDMA/100
ata3: EH complete
sd 2:0:0:0: [sdc] 976773168 512-byte hardware sectors (500108 MB)
sd 2:0:0:0: [sdc] Write Protect is off
sd 2:0:0:0: [sdc] Mode Sense: 00 3a 00 00
sd 2:0:0:0: [sdc] Write cache: enabled, read cache: enabled, doesn't support DPO or FUA
ata3.00: exception Emask 0x0 SAct 0x0 SErr 0x2400000 action 0x0
ata3.00: BMDMA2 stat 0x86c2001
ata3.00: cmd 35/00:80:bf:0f:04/00:01:00:00:00/e0 tag 0 cdb 0x0 data 196608 out
         res 51/04:00:3e:11:04/00:00:00:00:00/e0 Emask 0x1 (device error)
ata3.00: configured for UDMA/100
ata3: EH complete
sd 2:0:0:0: [sdc] 976773168 512-byte hardware sectors (500108 MB)
sd 2:0:0:0: [sdc] Write Protect is off
sd 2:0:0:0: [sdc] Mode Sense: 00 3a 00 00
sd 2:0:0:0: [sdc] Write cache: enabled, read cache: enabled, doesn't support DPO or FUA
ata3.00: exception Emask 0x0 SAct 0x0 SErr 0x2400000 action 0x0
ata3.00: BMDMA2 stat 0x8652001
ata3.00: cmd 35/00:80:3f:13:04/00:02:00:00:00/e0 tag 0 cdb 0x0 data 327680 out
         res 51/04:b0:0f:14:04/00:01:00:00:00/e0 Emask 0x1 (device error)
ata3.00: configured for UDMA/100
ata3: EH complete
sd 2:0:0:0: [sdc] 976773168 512-byte hardware sectors (500108 MB)
sd 2:0:0:0: [sdc] Write Protect is off
sd 2:0:0:0: [sdc] Mode Sense: 00 3a 00 00
sd 2:0:0:0: [sdc] Write cache: enabled, read cache: enabled, doesn't support DPO or FUA
ata3.00: exception Emask 0x0 SAct 0x0 SErr 0x2400000 action 0x0
ata3.00: BMDMA2 stat 0x8652001
ata3.00: cmd 35/00:00:bf:27:04/00:02:00:00:00/e0 tag 0 cdb 0x0 data 262144 out
         res 51/04:80:3f:28:04/00:01:00:00:00/e0 Emask 0x1 (device error)
ata3.00: configured for UDMA/100
ata3: EH complete
sd 2:0:0:0: [sdc] 976773168 512-byte hardware sectors (500108 MB)
sd 2:0:0:0: [sdc] Write Protect is off
sd 2:0:0:0: [sdc] Mode Sense: 00 3a 00 00
sd 2:0:0:0: [sdc] Write cache: enabled, read cache: enabled, doesn't support DPO or FUA
ata3.00: limiting speed to UDMA/66:PIO4
ata3.00: exception Emask 0x0 SAct 0x0 SErr 0x2400000 action 0x2
ata3.00: BMDMA2 stat 0x8652001
ata3.00: cmd 35/00:80:bf:44:04/00:02:00:00:00/e0 tag 0 cdb 0x0 data 327680 out
         res 51/04:b0:8f:45:04/00:01:00:00:00/e0 Emask 0x1 (device error)
ata3: soft resetting port
ata3: SATA link up 1.5 Gbps (SStatus 113 SControl 310)
ata3.00: configured for UDMA/66
ata3: EH complete
sd 2:0:0:0: [sdc] 976773168 512-byte hardware sectors (500108 MB)
sd 2:0:0:0: [sdc] Write Protect is off
sd 2:0:0:0: [sdc] Mode Sense: 00 3a 00 00
sd 2:0:0:0: [sdc] Write cache: enabled, read cache: enabled, doesn't support DPO or FUA
ata3.00: exception Emask 0x0 SAct 0x0 SErr 0x2400000 action 0x0
ata3.00: BMDMA2 stat 0x8652001
ata3.00: cmd 35/00:00:3f:55:04/00:02:00:00:00/e0 tag 0 cdb 0x0 data 262144 out
         res 51/04:f0:4f:55:04/00:01:00:00:00/e0 Emask 0x1 (device error)
ata3.00: configured for UDMA/66
ata3: EH complete
sd 2:0:0:0: [sdc] 976773168 512-byte hardware sectors (500108 MB)
sd 2:0:0:0: [sdc] Write Protect is off
sd 2:0:0:0: [sdc] Mode Sense: 00 3a 00 00
sd 2:0:0:0: [sdc] Write cache: enabled, read cache: enabled, doesn't support DPO or FUA
ata3.00: exception Emask 0x0 SAct 0x0 SErr 0x2400000 action 0x0
ata3.00: BMDMA2 stat 0x8652001
ata3.00: cmd 35/00:80:bf:59:04/00:02:00:00:00/e0 tag 0 cdb 0x0 data 327680 out
         res 51/04:60:df:5a:04/00:01:00:00:00/e0 Emask 0x1 (device error)
ata3.00: configured for UDMA/66
ata3: EH complete
sd 2:0:0:0: [sdc] 976773168 512-byte hardware sectors (500108 MB)
sd 2:0:0:0: [sdc] Write Protect is off
sd 2:0:0:0: [sdc] Mode Sense: 00 3a 00 00
sd 2:0:0:0: [sdc] Write cache: enabled, read cache: enabled, doesn't support DPO or FUA
ata3.00: exception Emask 0x0 SAct 0x0 SErr 0x2400000 action 0x0
ata3.00: BMDMA2 stat 0x8652001
ata3.00: cmd 35/00:80:bf:63:04/00:02:00:00:00/e0 tag 0 cdb 0x0 data 327680 out
         res 51/04:80:bf:64:04/00:01:00:00:00/e0 Emask 0x1 (device error)
ata3.00: configured for UDMA/66
ata3: EH complete
sd 2:0:0:0: [sdc] 976773168 512-byte hardware sectors (500108 MB)
sd 2:0:0:0: [sdc] Write Protect is off
sd 2:0:0:0: [sdc] Mode Sense: 00 3a 00 00
sd 2:0:0:0: [sdc] Write cache: enabled, read cache: enabled, doesn't support DPO or FUA
ata3.00: exception Emask 0x0 SAct 0x0 SErr 0x2400000 action 0x0
ata3.00: BMDMA2 stat 0x8652001
ata3.00: cmd 35/00:80:bf:73:04/00:02:00:00:00/e0 tag 0 cdb 0x0 data 327680 out
         res 51/04:e0:5f:74:04/00:01:00:00:00/e0 Emask 0x1 (device error)
ata3.00: configured for UDMA/66
ata3: EH complete
sd 2:0:0:0: [sdc] 976773168 512-byte hardware sectors (500108 MB)
sd 2:0:0:0: [sdc] Write Protect is off
sd 2:0:0:0: [sdc] Mode Sense: 00 3a 00 00
sd 2:0:0:0: [sdc] Write cache: enabled, read cache: enabled, doesn't support DPO or FUA
ata3.00: exception Emask 0x0 SAct 0x0 SErr 0x2400000 action 0x0
ata3.00: BMDMA2 stat 0x8652001
ata3.00: cmd 35/00:00:bf:86:04/00:02:00:00:00/e0 tag 0 cdb 0x0 data 262144 out
         res 51/04:40:7f:87:04/00:01:00:00:00/e0 Emask 0x1 (device error)
ata3.00: configured for UDMA/66
ata3: EH complete
sd 2:0:0:0: [sdc] 976773168 512-byte hardware sectors (500108 MB)
sd 2:0:0:0: [sdc] Write Protect is off
sd 2:0:0:0: [sdc] Mode Sense: 00 3a 00 00
sd 2:0:0:0: [sdc] Write cache: enabled, read cache: enabled, doesn't support DPO or FUA
ata3.00: exception Emask 0x0 SAct 0x0 SErr 0x2400000 action 0x2 frozen
ata3.00: cmd 35/00:80:3f:8b:04/00:02:00:00:00/e0 tag 0 cdb 0x0 data 327680 out
         res 40/00:40:7f:87:04/00:01:00:00:00/e0 Emask 0x4 (timeout)
ata3: port is slow to respond, please be patient (Status 0xd1)
ata3: device not ready (errno=-16), forcing hardreset
ata3: hard resetting port
ata3: SATA link up 1.5 Gbps (SStatus 113 SControl 310)
ata3.00: configured for UDMA/66
ata3: EH complete
sd 2:0:0:0: [sdc] 976773168 512-byte hardware sectors (500108 MB)
sd 2:0:0:0: [sdc] Write Protect is off
sd 2:0:0:0: [sdc] Mode Sense: 00 3a 00 00
sd 2:0:0:0: [sdc] Write cache: enabled, read cache: enabled, doesn't support DPO or FUA
ata3.00: exception Emask 0x0 SAct 0x0 SErr 0x2400000 action 0x0
ata3.00: BMDMA2 stat 0x8652001
ata3.00: cmd 35/00:80:bf:94:04/00:01:00:00:00/e0 tag 0 cdb 0x0 data 196608 out
         res 51/04:4f:f0:94:04/00:01:00:00:00/e0 Emask 0x1 (device error)
ata3.00: configured for UDMA/66
ata3: EH complete
sd 2:0:0:0: [sdc] 976773168 512-byte hardware sectors (500108 MB)
sd 2:0:0:0: [sdc] Write Protect is off
sd 2:0:0:0: [sdc] Mode Sense: 00 3a 00 00
sd 2:0:0:0: [sdc] Write cache: enabled, read cache: enabled, doesn't support DPO or FUA
ata3.00: exception Emask 0x0 SAct 0x0 SErr 0x2400000 action 0x0
ata3.00: BMDMA2 stat 0x8652001
ata3.00: cmd 35/00:80:3f:99:04/00:01:00:00:00/e0 tag 0 cdb 0x0 data 196608 out
         res 51/04:60:5f:99:04/00:01:00:00:00/e0 Emask 0x1 (device error)
ata3.00: configured for UDMA/66
ata3: EH complete
sd 2:0:0:0: [sdc] 976773168 512-byte hardware sectors (500108 MB)
sd 2:0:0:0: [sdc] Write Protect is off
sd 2:0:0:0: [sdc] Mode Sense: 00 3a 00 00
sd 2:0:0:0: [sdc] Write cache: enabled, read cache: enabled, doesn't support DPO or FUA
ata3.00: exception Emask 0x0 SAct 0x0 SErr 0x2400000 action 0x0
ata3.00: BMDMA2 stat 0x8652001
ata3.00: cmd 35/00:80:bf:c1:04/00:02:00:00:00/e0 tag 0 cdb 0x0 data 327680 out
         res 51/04:91:ae:c2:04/00:01:00:00:00/e0 Emask 0x1 (device error)
ata3.00: configured for UDMA/66
ata3: EH complete
sd 2:0:0:0: [sdc] 976773168 512-byte hardware sectors (500108 MB)
sd 2:0:0:0: [sdc] Write Protect is off
sd 2:0:0:0: [sdc] Mode Sense: 00 3a 00 00
sd 2:0:0:0: [sdc] Write cache: enabled, read cache: enabled, doesn't support DPO or FUA
ata3.00: exception Emask 0x0 SAct 0x0 SErr 0x2400000 action 0x0
ata3.00: BMDMA2 stat 0x8652001
ata3.00: cmd 35/00:80:bf:c9:04/00:02:00:00:00/e0 tag 0 cdb 0x0 data 327680 out
         res 51/04:d0:6f:cb:04/00:00:00:00:00/e0 Emask 0x1 (device error)
ata3.00: configured for UDMA/66
ata3: EH complete
sd 2:0:0:0: [sdc] 976773168 512-byte hardware sectors (500108 MB)
sd 2:0:0:0: [sdc] Write Protect is off
sd 2:0:0:0: [sdc] Mode Sense: 00 3a 00 00
sd 2:0:0:0: [sdc] Write cache: enabled, read cache: enabled, doesn't support DPO or FUA
ata3.00: exception Emask 0x0 SAct 0x0 SErr 0x2400000 action 0x0
ata3.00: BMDMA2 stat 0x8652001
ata3.00: cmd 35/00:00:bf:d9:04/00:02:00:00:00/e0 tag 0 cdb 0x0 data 262144 out
         res 51/04:d0:ef:d9:04/00:01:00:00:00/e0 Emask 0x1 (device error)
ata3.00: configured for UDMA/66
ata3: EH complete
sd 2:0:0:0: [sdc] 976773168 512-byte hardware sectors (500108 MB)
sd 2:0:0:0: [sdc] Write Protect is off
sd 2:0:0:0: [sdc] Mode Sense: 00 3a 00 00
sd 2:0:0:0: [sdc] Write cache: enabled, read cache: enabled, doesn't support DPO or FUA
ata3.00: limiting speed to UDMA/33:PIO4
ata3.00: exception Emask 0x0 SAct 0x0 SErr 0x2400000 action 0x2
ata3.00: BMDMA2 stat 0x8652001
ata3.00: cmd 35/00:80:bf:f0:04/00:02:00:00:00/e0 tag 0 cdb 0x0 data 327680 out
         res 51/04:90:af:f1:04/00:01:00:00:00/e0 Emask 0x1 (device error)
ata3: soft resetting port
ata3: SATA link up 1.5 Gbps (SStatus 113 SControl 310)
ata3.00: configured for UDMA/33
ata3: EH complete
sd 2:0:0:0: [sdc] 976773168 512-byte hardware sectors (500108 MB)
sd 2:0:0:0: [sdc] Write Protect is off
sd 2:0:0:0: [sdc] Mode Sense: 00 3a 00 00
sd 2:0:0:0: [sdc] Write cache: enabled, read cache: enabled, doesn't support DPO or FUA
ata3.00: exception Emask 0x0 SAct 0x0 SErr 0x2400000 action 0x0
ata3.00: BMDMA2 stat 0x8652001
ata3.00: cmd 35/00:00:3f:f9:04/00:02:00:00:00/e0 tag 0 cdb 0x0 data 262144 out
         res 51/04:40:ff:fa:04/00:00:00:00:00/e0 Emask 0x1 (device error)
ata3.00: configured for UDMA/33
ata3: EH complete
sd 2:0:0:0: [sdc] 976773168 512-byte hardware sectors (500108 MB)
sd 2:0:0:0: [sdc] Write Protect is off
sd 2:0:0:0: [sdc] Mode Sense: 00 3a 00 00
sd 2:0:0:0: [sdc] Write cache: enabled, read cache: enabled, doesn't support DPO or FUA
ata3.00: exception Emask 0x0 SAct 0x0 SErr 0x2400000 action 0x2 frozen
ata3.00: cmd 35/00:80:3f:32:05/00:02:00:00:00/e0 tag 0 cdb 0x0 data 327680 out
         res 40/00:40:ff:fa:04/00:00:00:00:00/e0 Emask 0x4 (timeout)
ata3: port is slow to respond, please be patient (Status 0xd1)
ata3: device not ready (errno=-16), forcing hardreset
ata3: hard resetting port
ata3: SATA link up 1.5 Gbps (SStatus 113 SControl 310)
ata3.00: configured for UDMA/33
ata3: EH complete
sd 2:0:0:0: [sdc] 976773168 512-byte hardware sectors (500108 MB)
sd 2:0:0:0: [sdc] Write Protect is off
sd 2:0:0:0: [sdc] Mode Sense: 00 3a 00 00
sd 2:0:0:0: [sdc] Write cache: enabled, read cache: enabled, doesn't support DPO or FUA
ata3.00: exception Emask 0x0 SAct 0x0 SErr 0x2400000 action 0x2 frozen
ata3.00: cmd 35/00:80:3f:47:05/00:01:00:00:00/e0 tag 0 cdb 0x0 data 196608 out
         res 40/00:40:ff:fa:04/00:00:00:00:00/e0 Emask 0x4 (timeout)
ata3: port is slow to respond, please be patient (Status 0xd1)
ata3: device not ready (errno=-16), forcing hardreset
ata3: hard resetting port
ata3: SATA link up 1.5 Gbps (SStatus 113 SControl 310)
ata3.00: configured for UDMA/33
ata3: EH complete
sd 2:0:0:0: [sdc] 976773168 512-byte hardware sectors (500108 MB)
sd 2:0:0:0: [sdc] Write Protect is off
sd 2:0:0:0: [sdc] Mode Sense: 00 3a 00 00
sd 2:0:0:0: [sdc] Write cache: enabled, read cache: enabled, doesn't support DPO or FUA
ata3.00: exception Emask 0x0 SAct 0x0 SErr 0x2400000 action 0x0
ata3.00: BMDMA2 stat 0x8652001
ata3.00: cmd 35/00:80:bf:70:05/00:02:00:00:00/e0 tag 0 cdb 0x0 data 327680 out
         res 51/04:c0:7f:71:05/00:01:00:00:00/e0 Emask 0x1 (device error)
ata3.00: configured for UDMA/33
ata3: EH complete
sd 2:0:0:0: [sdc] 976773168 512-byte hardware sectors (500108 MB)
sd 2:0:0:0: [sdc] Write Protect is off
sd 2:0:0:0: [sdc] Mode Sense: 00 3a 00 00
sd 2:0:0:0: [sdc] Write cache: enabled, read cache: enabled, doesn't support DPO or FUA
ata3.00: exception Emask 0x0 SAct 0x0 SErr 0x2400000 action 0x0
ata3.00: BMDMA2 stat 0x8652001
ata3.00: cmd 35/00:80:3f:7b:05/00:02:00:00:00/e0 tag 0 cdb 0x0 data 327680 out
         res 51/04:90:2f:7c:05/00:01:00:00:00/e0 Emask 0x1 (device error)
ata3.00: configured for UDMA/33
ata3: EH complete
sd 2:0:0:0: [sdc] 976773168 512-byte hardware sectors (500108 MB)
sd 2:0:0:0: [sdc] Write Protect is off
sd 2:0:0:0: [sdc] Mode Sense: 00 3a 00 00
sd 2:0:0:0: [sdc] Write cache: enabled, read cache: enabled, doesn't support DPO or FUA
ata3.00: exception Emask 0x0 SAct 0x0 SErr 0x2400000 action 0x0
ata3.00: BMDMA2 stat 0x8652001
ata3.00: cmd 35/00:80:3f:88:05/00:02:00:00:00/e0 tag 0 cdb 0x0 data 327680 out
         res 51/04:40:7f:89:05/00:01:00:00:00/e0 Emask 0x1 (device error)
ata3.00: configured for UDMA/33
ata3: EH complete
sd 2:0:0:0: [sdc] 976773168 512-byte hardware sectors (500108 MB)
sd 2:0:0:0: [sdc] Write Protect is off
sd 2:0:0:0: [sdc] Mode Sense: 00 3a 00 00
sd 2:0:0:0: [sdc] Write cache: enabled, read cache: enabled, doesn't support DPO or FUA
ata3.00: exception Emask 0x0 SAct 0x0 SErr 0x2400000 action 0x0
ata3.00: BMDMA2 stat 0x8652001
ata3.00: cmd 35/00:80:bf:97:05/00:02:00:00:00/e0 tag 0 cdb 0x0 data 327680 out
         res 51/04:90:af:98:05/00:01:00:00:00/e0 Emask 0x1 (device error)
ata3.00: configured for UDMA/33
ata3: EH complete
sd 2:0:0:0: [sdc] 976773168 512-byte hardware sectors (500108 MB)
sd 2:0:0:0: [sdc] Write Protect is off
sd 2:0:0:0: [sdc] Mode Sense: 00 3a 00 00
sd 2:0:0:0: [sdc] Write cache: enabled, read cache: enabled, doesn't support DPO or FUA
ata3.00: exception Emask 0x0 SAct 0x0 SErr 0x2400000 action 0x0
ata3.00: BMDMA2 stat 0x8652001
ata3.00: cmd 35/00:80:bf:ae:05/00:01:00:00:00/e0 tag 0 cdb 0x0 data 196608 out
         res 51/04:70:cf:ae:05/00:01:00:00:00/e0 Emask 0x1 (device error)
ata3.00: configured for UDMA/33
ata3: EH complete
sd 2:0:0:0: [sdc] 976773168 512-byte hardware sectors (500108 MB)
sd 2:0:0:0: [sdc] Write Protect is off
sd 2:0:0:0: [sdc] Mode Sense: 00 3a 00 00
sd 2:0:0:0: [sdc] Write cache: enabled, read cache: enabled, doesn't support DPO or FUA
ata3.00: exception Emask 0x0 SAct 0x0 SErr 0x2400000 action 0x0
ata3.00: BMDMA2 stat 0x8652001
ata3.00: cmd 35/00:80:bf:b8:05/00:01:00:00:00/e0 tag 0 cdb 0x0 data 196608 out
         res 51/04:a0:9f:b9:05/00:00:00:00:00/e0 Emask 0x1 (device error)
ata3.00: configured for UDMA/33
ata3: EH complete
sd 2:0:0:0: [sdc] 976773168 512-byte hardware sectors (500108 MB)
sd 2:0:0:0: [sdc] Write Protect is off
sd 2:0:0:0: [sdc] Mode Sense: 00 3a 00 00
sd 2:0:0:0: [sdc] Write cache: enabled, read cache: enabled, doesn't support DPO or FUA
ata3.00: exception Emask 0x0 SAct 0x0 SErr 0x2400000 action 0x0
ata3.00: BMDMA2 stat 0x86c2001
ata3.00: cmd 35/00:80:bf:bc:05/00:02:00:00:00/e0 tag 0 cdb 0x0 data 327680 out
         res 51/04:00:3e:bf:05/00:00:00:00:00/e0 Emask 0x1 (device error)
ata3.00: configured for UDMA/33
ata3: EH complete
sd 2:0:0:0: [sdc] 976773168 512-byte hardware sectors (500108 MB)
sd 2:0:0:0: [sdc] Write Protect is off
sd 2:0:0:0: [sdc] Mode Sense: 00 3a 00 00
sd 2:0:0:0: [sdc] Write cache: enabled, read cache: enabled, doesn't support DPO or FUA
ata3.00: exception Emask 0x0 SAct 0x0 SErr 0x2400000 action 0x0
ata3.00: BMDMA2 stat 0x8652001
ata3.00: cmd 35/00:80:bf:c7:05/00:02:00:00:00/e0 tag 0 cdb 0x0 data 327680 out
         res 51/04:c0:7f:c9:05/00:00:00:00:00/e0 Emask 0x1 (device error)
ata3.00: configured for UDMA/33
ata3: EH complete
sd 2:0:0:0: [sdc] 976773168 512-byte hardware sectors (500108 MB)
sd 2:0:0:0: [sdc] Write Protect is off
sd 2:0:0:0: [sdc] Mode Sense: 00 3a 00 00
sd 2:0:0:0: [sdc] Write cache: enabled, read cache: enabled, doesn't support DPO or FUA
ata3.00: exception Emask 0x0 SAct 0x0 SErr 0x2400000 action 0x0
ata3.00: BMDMA2 stat 0x8652001
ata3.00: cmd 35/00:80:bf:cd:05/00:02:00:00:00/e0 tag 0 cdb 0x0 data 327680 out
         res 51/04:80:bf:ce:05/00:01:00:00:00/e0 Emask 0x1 (device error)
ata3.00: configured for UDMA/33
ata3: EH complete
sd 2:0:0:0: [sdc] 976773168 512-byte hardware sectors (500108 MB)
sd 2:0:0:0: [sdc] Write Protect is off
sd 2:0:0:0: [sdc] Mode Sense: 00 3a 00 00
sd 2:0:0:0: [sdc] Write cache: enabled, read cache: enabled, doesn't support DPO or FUA
ata3.00: exception Emask 0x0 SAct 0x0 SErr 0x2400000 action 0x0
ata3.00: BMDMA2 stat 0x8652001
ata3.00: cmd 35/00:80:3f:de:05/00:02:00:00:00/e0 tag 0 cdb 0x0 data 327680 out
         res 51/04:f1:ce:df:05/00:00:00:00:00/e0 Emask 0x1 (device error)
ata3.00: configured for UDMA/33
ata3: EH complete
sd 2:0:0:0: [sdc] 976773168 512-byte hardware sectors (500108 MB)
sd 2:0:0:0: [sdc] Write Protect is off
sd 2:0:0:0: [sdc] Mode Sense: 00 3a 00 00
sd 2:0:0:0: [sdc] Write cache: enabled, read cache: enabled, doesn't support DPO or FUA
ata3.00: exception Emask 0x0 SAct 0x0 SErr 0x2400000 action 0x0
ata3.00: BMDMA2 stat 0x8652001
ata3.00: cmd 35/00:80:3f:e6:05/00:02:00:00:00/e0 tag 0 cdb 0x0 data 327680 out
         res 51/04:90:2f:e7:05/00:01:00:00:00/e0 Emask 0x1 (device error)
ata3.00: configured for UDMA/33
ata3: EH complete
sd 2:0:0:0: [sdc] 976773168 512-byte hardware sectors (500108 MB)
sd 2:0:0:0: [sdc] Write Protect is off
sd 2:0:0:0: [sdc] Mode Sense: 00 3a 00 00
sd 2:0:0:0: [sdc] Write cache: enabled, read cache: enabled, doesn't support DPO or FUA
ata3.00: exception Emask 0x0 SAct 0x0 SErr 0x2400000 action 0x2 frozen
ata3.00: cmd ca/00:00:3f:f4:05/00:00:00:00:00/e0 tag 0 cdb 0x0 data 131072 out
         res 40/00:90:2f:e7:05/00:01:00:00:00/e0 Emask 0x4 (timeout)
ata3: port is slow to respond, please be patient (Status 0xd1)
ata3: device not ready (errno=-16), forcing hardreset
ata3: hard resetting port
ata3: SATA link up 1.5 Gbps (SStatus 113 SControl 310)
ata3.00: configured for UDMA/33
ata3: EH complete
sd 2:0:0:0: [sdc] 976773168 512-byte hardware sectors (500108 MB)
sd 2:0:0:0: [sdc] Write Protect is off
sd 2:0:0:0: [sdc] Mode Sense: 00 3a 00 00
sd 2:0:0:0: [sdc] Write cache: enabled, read cache: enabled, doesn't support DPO or FUA
ata3.00: exception Emask 0x0 SAct 0x0 SErr 0x2400000 action 0x0
ata3.00: BMDMA2 stat 0x8652001
ata3.00: cmd 35/00:80:bf:05:06/00:02:00:00:00/e0 tag 0 cdb 0x0 data 327680 out
         res 51/04:b0:8f:07:06/00:00:00:00:00/e0 Emask 0x1 (device error)
ata3.00: configured for UDMA/33
ata3: EH complete
sd 2:0:0:0: [sdc] 976773168 512-byte hardware sectors (500108 MB)
sd 2:0:0:0: [sdc] Write Protect is off
sd 2:0:0:0: [sdc] Mode Sense: 00 3a 00 00
sd 2:0:0:0: [sdc] Write cache: enabled, read cache: enabled, doesn't support DPO or FUA
ata3.00: exception Emask 0x0 SAct 0x0 SErr 0x2400000 action 0x0
ata3.00: BMDMA2 stat 0x8652001
ata3.00: cmd 35/00:80:3f:10:06/00:02:00:00:00/e0 tag 0 cdb 0x0 data 327680 out
         res 51/04:f0:cf:11:06/00:00:00:00:00/e0 Emask 0x1 (device error)
ata3.00: configured for UDMA/33
ata3: EH complete
sd 2:0:0:0: [sdc] 976773168 512-byte hardware sectors (500108 MB)
sd 2:0:0:0: [sdc] Write Protect is off
sd 2:0:0:0: [sdc] Mode Sense: 00 3a 00 00
sd 2:0:0:0: [sdc] Write cache: enabled, read cache: enabled, doesn't support DPO or FUA
ata3.00: exception Emask 0x0 SAct 0x0 SErr 0x2400000 action 0x0
ata3.00: BMDMA2 stat 0x8652001
ata3.00: cmd 35/00:80:3f:14:06/00:02:00:00:00/e0 tag 0 cdb 0x0 data 327680 out
         res 51/04:91:2e:15:06/00:01:00:00:00/e0 Emask 0x1 (device error)
ata3.00: configured for UDMA/33
ata3: EH complete
sd 2:0:0:0: [sdc] 976773168 512-byte hardware sectors (500108 MB)
sd 2:0:0:0: [sdc] Write Protect is off
sd 2:0:0:0: [sdc] Mode Sense: 00 3a 00 00
sd 2:0:0:0: [sdc] Write cache: enabled, read cache: enabled, doesn't support DPO or FUA
ata3.00: exception Emask 0x0 SAct 0x0 SErr 0x2400000 action 0x0
ata3.00: BMDMA2 stat 0x8652001
ata3.00: cmd 35/00:80:bf:29:06/00:02:00:00:00/e0 tag 0 cdb 0x0 data 327680 out
         res 51/04:f0:4f:2b:06/00:00:00:00:00/e0 Emask 0x1 (device error)
ata3.00: configured for UDMA/33
ata3: EH complete
sd 2:0:0:0: [sdc] 976773168 512-byte hardware sectors (500108 MB)
sd 2:0:0:0: [sdc] Write Protect is off
sd 2:0:0:0: [sdc] Mode Sense: 00 3a 00 00
sd 2:0:0:0: [sdc] Write cache: enabled, read cache: enabled, doesn't support DPO or FUA
ata3.00: exception Emask 0x0 SAct 0x0 SErr 0x2400000 action 0x0
ata3.00: BMDMA2 stat 0x8652001
ata3.00: cmd 35/00:80:bf:34:06/00:02:00:00:00/e0 tag 0 cdb 0x0 data 327680 out
         res 51/04:d0:6f:36:06/00:00:00:00:00/e0 Emask 0x1 (device error)
ata3.00: configured for UDMA/33
ata3: EH complete
sd 2:0:0:0: [sdc] 976773168 512-byte hardware sectors (500108 MB)
sd 2:0:0:0: [sdc] Write Protect is off
sd 2:0:0:0: [sdc] Mode Sense: 00 3a 00 00
sd 2:0:0:0: [sdc] Write cache: enabled, read cache: enabled, doesn't support DPO or FUA
ata3.00: exception Emask 0x0 SAct 0x0 SErr 0x2400000 action 0x0
ata3.00: BMDMA2 stat 0x8652001
ata3.00: cmd 35/00:80:3f:56:06/00:01:00:00:00/e0 tag 0 cdb 0x0 data 196608 out
         res 51/04:60:5f:56:06/00:01:00:00:00/e0 Emask 0x1 (device error)
ata3.00: configured for UDMA/33
ata3: EH complete
sd 2:0:0:0: [sdc] 976773168 512-byte hardware sectors (500108 MB)
sd 2:0:0:0: [sdc] Write Protect is off
sd 2:0:0:0: [sdc] Mode Sense: 00 3a 00 00
ata3.00: exception Emask 0x0 SAct 0x0 SErr 0x2400000 action 0x0
ata3.00: BMDMA2 stat 0x8652001
ata3.00: cmd 35/00:80:3f:5c:06/00:01:00:00:00/e0 tag 0 cdb 0x0 data 196608 out
         res 51/04:a0:1f:5d:06/00:00:00:00:00/e0 Emask 0x1 (device error)
ata3.00: configured for UDMA/33
ata3: EH complete
sd 2:0:0:0: [sdc] Write cache: enabled, read cache: enabled, doesn't support DPO or FUA
sd 2:0:0:0: [sdc] 976773168 512-byte hardware sectors (500108 MB)
sd 2:0:0:0: [sdc] Write Protect is off
sd 2:0:0:0: [sdc] Mode Sense: 00 3a 00 00
sd 2:0:0:0: [sdc] Write cache: enabled, read cache: enabled, doesn't support DPO or FUA
ata3.00: exception Emask 0x0 SAct 0x0 SErr 0x2400000 action 0x2 frozen
ata3.00: cmd 35/00:00:bf:6c:06/00:02:00:00:00/e0 tag 0 cdb 0x0 data 262144 out
         res 40/00:a0:1f:5d:06/00:00:00:00:00/e0 Emask 0x4 (timeout)
ata3: port is slow to respond, please be patient (Status 0xd1)
ata3: device not ready (errno=-16), forcing hardreset
ata3: hard resetting port
ata3: SATA link up 1.5 Gbps (SStatus 113 SControl 310)
ata3.00: configured for UDMA/33
ata3: EH complete
sd 2:0:0:0: [sdc] 976773168 512-byte hardware sectors (500108 MB)
sd 2:0:0:0: [sdc] Write Protect is off
sd 2:0:0:0: [sdc] Mode Sense: 00 3a 00 00
sd 2:0:0:0: [sdc] Write cache: enabled, read cache: enabled, doesn't support DPO or FUA
ata3.00: exception Emask 0x0 SAct 0x0 SErr 0x2400000 action 0x0
ata3.00: BMDMA2 stat 0x8652001
ata3.00: cmd 35/00:80:bf:78:06/00:02:00:00:00/e0 tag 0 cdb 0x0 data 327680 out
         res 51/04:a0:9f:7a:06/00:00:00:00:00/e0 Emask 0x1 (device error)
ata3.00: configured for UDMA/33
ata3: EH complete
sd 2:0:0:0: [sdc] 976773168 512-byte hardware sectors (500108 MB)
sd 2:0:0:0: [sdc] Write Protect is off
sd 2:0:0:0: [sdc] Mode Sense: 00 3a 00 00
sd 2:0:0:0: [sdc] Write cache: enabled, read cache: enabled, doesn't support DPO or FUA
ata3.00: exception Emask 0x0 SAct 0x0 SErr 0x2400000 action 0x0
ata3.00: BMDMA2 stat 0x8652001
ata3.00: cmd 35/00:08:3f:80:06/00:01:00:00:00/e0 tag 0 cdb 0x0 data 135168 out
         res 51/04:d8:6f:80:06/00:00:00:00:00/e0 Emask 0x1 (device error)
ata3.00: configured for UDMA/33
ata3: EH complete
sd 2:0:0:0: [sdc] 976773168 512-byte hardware sectors (500108 MB)
sd 2:0:0:0: [sdc] Write Protect is off
sd 2:0:0:0: [sdc] Mode Sense: 00 3a 00 00
sd 2:0:0:0: [sdc] Write cache: enabled, read cache: enabled, doesn't support DPO or FUA
ata3.00: exception Emask 0x0 SAct 0x0 SErr 0x2400000 action 0x0
ata3.00: BMDMA2 stat 0x8652001
ata3.00: cmd 35/00:80:3f:95:06/00:01:00:00:00/e0 tag 0 cdb 0x0 data 196608 out
         res 51/04:6f:50:95:06/00:01:00:00:00/e0 Emask 0x1 (device error)
ata3.00: configured for UDMA/33
ata3: EH complete
sd 2:0:0:0: [sdc] 976773168 512-byte hardware sectors (500108 MB)
sd 2:0:0:0: [sdc] Write Protect is off
sd 2:0:0:0: [sdc] Mode Sense: 00 3a 00 00
sd 2:0:0:0: [sdc] Write cache: enabled, read cache: enabled, doesn't support DPO or FUA
ata3.00: exception Emask 0x0 SAct 0x0 SErr 0x2400000 action 0x0
ata3.00: BMDMA2 stat 0x8652001
ata3.00: cmd 35/00:80:bf:a7:06/00:02:00:00:00/e0 tag 0 cdb 0x0 data 327680 out
         res 51/04:d0:6f:a8:06/00:01:00:00:00/e0 Emask 0x1 (device error)
ata3.00: configured for UDMA/33
ata3: EH complete
sd 2:0:0:0: [sdc] 976773168 512-byte hardware sectors (500108 MB)
sd 2:0:0:0: [sdc] Write Protect is off
sd 2:0:0:0: [sdc] Mode Sense: 00 3a 00 00
sd 2:0:0:0: [sdc] Write cache: enabled, read cache: enabled, doesn't support DPO or FUA
ata3.00: exception Emask 0x0 SAct 0x0 SErr 0x2400000 action 0x0
ata3.00: BMDMA2 stat 0x8652001
ata3.00: cmd 35/00:80:bf:ad:06/00:02:00:00:00/e0 tag 0 cdb 0x0 data 327680 out
         res 51/04:20:1f:ae:06/00:02:00:00:00/e0 Emask 0x1 (device error)
ata3.00: configured for UDMA/33
ata3: EH complete
sd 2:0:0:0: [sdc] 976773168 512-byte hardware sectors (500108 MB)
sd 2:0:0:0: [sdc] Write Protect is off
sd 2:0:0:0: [sdc] Mode Sense: 00 3a 00 00
sd 2:0:0:0: [sdc] Write cache: enabled, read cache: enabled, doesn't support DPO or FUA
ata3.00: exception Emask 0x0 SAct 0x0 SErr 0x2400000 action 0x0
ata3.00: BMDMA2 stat 0x8652001
ata3.00: cmd 35/00:80:bf:b8:06/00:02:00:00:00/e0 tag 0 cdb 0x0 data 327680 out
         res 51/04:10:2f:bb:06/00:00:00:00:00/e0 Emask 0x1 (device error)
ata3.00: configured for UDMA/33
ata3: EH complete
sd 2:0:0:0: [sdc] 976773168 512-byte hardware sectors (500108 MB)
sd 2:0:0:0: [sdc] Write Protect is off
sd 2:0:0:0: [sdc] Mode Sense: 00 3a 00 00
sd 2:0:0:0: [sdc] Write cache: enabled, read cache: enabled, doesn't support DPO or FUA
ata3.00: exception Emask 0x0 SAct 0x0 SErr 0x2400000 action 0x0
ata3.00: BMDMA2 stat 0x8652001
ata3.00: cmd ca/00:00:3f:d8:06/00:00:00:00:00/e0 tag 0 cdb 0x0 data 131072 out
         res 51/04:60:df:d8:06/00:00:00:00:00/e0 Emask 0x1 (device error)
ata3.00: configured for UDMA/33
ata3: EH complete
sd 2:0:0:0: [sdc] 976773168 512-byte hardware sectors (500108 MB)
ata3.00: exception Emask 0x0 SAct 0x0 SErr 0x2400000 action 0x0
ata3.00: BMDMA2 stat 0x8652001
ata3.00: cmd 35/00:00:3f:da:06/00:04:00:00:00/e0 tag 0 cdb 0x0 data 524288 out
         res 51/04:e0:5f:dd:06/00:00:00:00:00/e0 Emask 0x1 (device error)
ata3.00: configured for UDMA/33
ata3: EH complete
sd 2:0:0:0: [sdc] Write Protect is off
sd 2:0:0:0: [sdc] Mode Sense: 00 3a 00 00
sd 2:0:0:0: [sdc] Write cache: enabled, read cache: enabled, doesn't support DPO or FUA
sd 2:0:0:0: [sdc] 976773168 512-byte hardware sectors (500108 MB)
sd 2:0:0:0: [sdc] Write Protect is off
sd 2:0:0:0: [sdc] Mode Sense: 00 3a 00 00
sd 2:0:0:0: [sdc] Write cache: enabled, read cache: enabled, doesn't support DPO or FUA
ata3.00: exception Emask 0x0 SAct 0x0 SErr 0x2400000 action 0x0
ata3.00: BMDMA2 stat 0x8652001
ata3.00: cmd 35/00:00:3f:e0:06/00:02:00:00:00/e0 tag 0 cdb 0x0 data 262144 out
         res 51/04:70:cf:e0:06/00:01:00:00:00/e0 Emask 0x1 (device error)
ata3.00: configured for UDMA/33
ata3: EH complete
sd 2:0:0:0: [sdc] 976773168 512-byte hardware sectors (500108 MB)
sd 2:0:0:0: [sdc] Write Protect is off
sd 2:0:0:0: [sdc] Mode Sense: 00 3a 00 00
sd 2:0:0:0: [sdc] Write cache: enabled, read cache: enabled, doesn't support DPO or FUA
ata3.00: exception Emask 0x0 SAct 0x0 SErr 0x2400000 action 0x0
ata3.00: BMDMA2 stat 0x8652001
ata3.00: cmd 35/00:80:3f:ee:06/00:02:00:00:00/e0 tag 0 cdb 0x0 data 327680 out
         res 51/04:3f:80:f0:06/00:00:00:00:00/e0 Emask 0x1 (device error)
ata3.00: configured for UDMA/33
ata3: EH complete
sd 2:0:0:0: [sdc] 976773168 512-byte hardware sectors (500108 MB)
sd 2:0:0:0: [sdc] Write Protect is off
sd 2:0:0:0: [sdc] Mode Sense: 00 3a 00 00
sd 2:0:0:0: [sdc] Write cache: enabled, read cache: enabled, doesn't support DPO or FUA
ata3.00: exception Emask 0x0 SAct 0x0 SErr 0x2400000 action 0x0
ata3.00: BMDMA2 stat 0x8652001
ata3.00: cmd 35/00:80:bf:05:07/00:02:00:00:00/e0 tag 0 cdb 0x0 data 327680 out
         res 51/04:b0:8f:06:07/00:01:00:00:00/e0 Emask 0x1 (device error)
ata3.00: configured for UDMA/33
ata3: EH complete
sd 2:0:0:0: [sdc] 976773168 512-byte hardware sectors (500108 MB)
sd 2:0:0:0: [sdc] Write Protect is off
sd 2:0:0:0: [sdc] Mode Sense: 00 3a 00 00
sd 2:0:0:0: [sdc] Write cache: enabled, read cache: enabled, doesn't support DPO or FUA
ata3.00: exception Emask 0x0 SAct 0x0 SErr 0x2400000 action 0x0
ata3.00: BMDMA2 stat 0x8652001
ata3.00: cmd 35/00:80:bf:45:07/00:01:00:00:00/e0 tag 0 cdb 0x0 data 196608 out
         res 51/04:31:0e:47:07/00:00:00:00:00/e0 Emask 0x1 (device error)
ata3.00: configured for UDMA/33
ata3: EH complete
sd 2:0:0:0: [sdc] 976773168 512-byte hardware sectors (500108 MB)
sd 2:0:0:0: [sdc] Write Protect is off
sd 2:0:0:0: [sdc] Mode Sense: 00 3a 00 00
sd 2:0:0:0: [sdc] Write cache: enabled, read cache: enabled, doesn't support DPO or FUA
ata3.00: exception Emask 0x0 SAct 0x0 SErr 0x2400000 action 0x0
ata3.00: BMDMA2 stat 0x8652001
ata3.00: cmd 35/00:80:bf:49:07/00:02:00:00:00/e0 tag 0 cdb 0x0 data 327680 out
         res 51/04:e0:5f:4a:07/00:01:00:00:00/e0 Emask 0x1 (device error)
ata3.00: configured for UDMA/33
ata3: EH complete
sd 2:0:0:0: [sdc] 976773168 512-byte hardware sectors (500108 MB)
sd 2:0:0:0: [sdc] Write Protect is off
sd 2:0:0:0: [sdc] Mode Sense: 00 3a 00 00
sd 2:0:0:0: [sdc] Write cache: enabled, read cache: enabled, doesn't support DPO or FUA
ata3.00: exception Emask 0x0 SAct 0x0 SErr 0x2400000 action 0x2 frozen
ata3.00: cmd ca/00:00:3f:51:07/00:00:00:00:00/e0 tag 0 cdb 0x0 data 131072 out
         res 40/00:e0:5f:4a:07/00:01:00:00:00/e0 Emask 0x4 (timeout)
ata3: port is slow to respond, please be patient (Status 0xd1)
ata3: device not ready (errno=-16), forcing hardreset
ata3: hard resetting port
ata3: SATA link up 1.5 Gbps (SStatus 113 SControl 310)
ata3.00: configured for UDMA/33
ata3: EH complete
sd 2:0:0:0: [sdc] 976773168 512-byte hardware sectors (500108 MB)
sd 2:0:0:0: [sdc] Write Protect is off
sd 2:0:0:0: [sdc] Mode Sense: 00 3a 00 00
sd 2:0:0:0: [sdc] Write cache: enabled, read cache: enabled, doesn't support DPO or FUA
ata3.00: exception Emask 0x0 SAct 0x0 SErr 0x2400000 action 0x0
ata3.00: BMDMA2 stat 0x8652001
ata3.00: cmd 35/00:88:47:58:07/00:02:00:00:00/e0 tag 0 cdb 0x0 data 331776 out
         res 51/04:e8:e7:59:07/00:00:00:00:00/e0 Emask 0x1 (device error)
ata3.00: configured for UDMA/33
ata3: EH complete
sd 2:0:0:0: [sdc] 976773168 512-byte hardware sectors (500108 MB)
sd 2:0:0:0: [sdc] Write Protect is off
sd 2:0:0:0: [sdc] Mode Sense: 00 3a 00 00
sd 2:0:0:0: [sdc] Write cache: enabled, read cache: enabled, doesn't support DPO or FUA
ata3.00: exception Emask 0x0 SAct 0x0 SErr 0x2400000 action 0x0
ata3.00: BMDMA2 stat 0x8652001
ata3.00: cmd 35/00:00:3f:61:07/00:02:00:00:00/e0 tag 0 cdb 0x0 data 262144 out
         res 51/04:d0:6f:61:07/00:01:00:00:00/e0 Emask 0x1 (device error)
ata3.00: configured for UDMA/33
ata3: EH complete
sd 2:0:0:0: [sdc] 976773168 512-byte hardware sectors (500108 MB)
sd 2:0:0:0: [sdc] Write Protect is off
sd 2:0:0:0: [sdc] Mode Sense: 00 3a 00 00
sd 2:0:0:0: [sdc] Write cache: enabled, read cache: enabled, doesn't support DPO or FUA
ata3.00: exception Emask 0x0 SAct 0x0 SErr 0x2400000 action 0x0
ata3.00: BMDMA2 stat 0x8652001
ata3.00: cmd ca/00:00:3f:6c:07/00:00:00:00:00/e0 tag 0 cdb 0x0 data 131072 out
         res 51/04:61:de:6c:07/00:01:00:00:00/e0 Emask 0x1 (device error)
ata3.00: configured for UDMA/33
ata3: EH complete
sd 2:0:0:0: [sdc] 976773168 512-byte hardware sectors (500108 MB)
sd 2:0:0:0: [sdc] Write Protect is off
sd 2:0:0:0: [sdc] Mode Sense: 00 3a 00 00
sd 2:0:0:0: [sdc] Write cache: enabled, read cache: enabled, doesn't support DPO or FUA
ata3.00: exception Emask 0x0 SAct 0x0 SErr 0x2400000 action 0x0
ata3.00: BMDMA2 stat 0x8652001
ata3.00: cmd 35/00:80:3f:80:07/00:02:00:00:00/e0 tag 0 cdb 0x0 data 327680 out
         res 51/04:b0:0f:82:07/00:00:00:00:00/e0 Emask 0x1 (device error)
ata3.00: configured for UDMA/33
ata3: EH complete
sd 2:0:0:0: [sdc] 976773168 512-byte hardware sectors (500108 MB)
sd 2:0:0:0: [sdc] Write Protect is off
sd 2:0:0:0: [sdc] Mode Sense: 00 3a 00 00
sd 2:0:0:0: [sdc] Write cache: enabled, read cache: enabled, doesn't support DPO or FUA
ata3.00: exception Emask 0x0 SAct 0x0 SErr 0x2400000 action 0x0
ata3.00: BMDMA2 stat 0x8652001
ata3.00: cmd 35/00:00:3f:86:07/00:02:00:00:00/e0 tag 0 cdb 0x0 data 262144 out
         res 51/04:90:af:87:07/00:00:00:00:00/e0 Emask 0x1 (device error)
ata3.00: configured for UDMA/33
ata3: EH complete
sd 2:0:0:0: [sdc] 976773168 512-byte hardware sectors (500108 MB)
sd 2:0:0:0: [sdc] Write Protect is off
sd 2:0:0:0: [sdc] Mode Sense: 00 3a 00 00
sd 2:0:0:0: [sdc] Write cache: enabled, read cache: enabled, doesn't support DPO or FUA
ata3.00: exception Emask 0x0 SAct 0x0 SErr 0x2400000 action 0x0
ata3.00: BMDMA2 stat 0x8652001
ata3.00: cmd 35/00:80:bf:9c:07/00:01:00:00:00/e0 tag 0 cdb 0x0 data 196608 out
         res 51/04:4f:f0:9c:07/00:01:00:00:00/e0 Emask 0x1 (device error)
ata3.00: configured for UDMA/33
ata3: EH complete
sd 2:0:0:0: [sdc] 976773168 512-byte hardware sectors (500108 MB)
sd 2:0:0:0: [sdc] Write Protect is off
sd 2:0:0:0: [sdc] Mode Sense: 00 3a 00 00
sd 2:0:0:0: [sdc] Write cache: enabled, read cache: enabled, doesn't support DPO or FUA
ata3.00: exception Emask 0x0 SAct 0x0 SErr 0x2400000 action 0x2 frozen
ata3.00: cmd 35/00:80:bf:a7:07/00:02:00:00:00/e0 tag 0 cdb 0x0 data 327680 out
         res 40/00:4f:f0:9c:07/00:01:00:00:00/e0 Emask 0x4 (timeout)
ata3: port is slow to respond, please be patient (Status 0xd1)
ata3: device not ready (errno=-16), forcing hardreset
ata3: hard resetting port
ata3: SATA link up 1.5 Gbps (SStatus 113 SControl 310)
ata3.00: configured for UDMA/33
ata3: EH complete
sd 2:0:0:0: [sdc] 976773168 512-byte hardware sectors (500108 MB)
sd 2:0:0:0: [sdc] Write Protect is off
sd 2:0:0:0: [sdc] Mode Sense: 00 3a 00 00
sd 2:0:0:0: [sdc] Write cache: enabled, read cache: enabled, doesn't support DPO or FUA
ata3.00: exception Emask 0x0 SAct 0x0 SErr 0x2400000 action 0x0
ata3.00: BMDMA2 stat 0x8652001
ata3.00: cmd 35/00:80:3f:b2:07/00:02:00:00:00/e0 tag 0 cdb 0x0 data 327680 out
         res 51/04:e0:df:b3:07/00:00:00:00:00/e0 Emask 0x1 (device error)
ata3.00: configured for UDMA/33
ata3: EH complete
sd 2:0:0:0: [sdc] 976773168 512-byte hardware sectors (500108 MB)
sd 2:0:0:0: [sdc] Write Protect is off
sd 2:0:0:0: [sdc] Mode Sense: 00 3a 00 00
sd 2:0:0:0: [sdc] Write cache: enabled, read cache: enabled, doesn't support DPO or FUA
ata3.00: exception Emask 0x0 SAct 0x0 SErr 0x2400000 action 0x0
ata3.00: BMDMA2 stat 0x8652001
ata3.00: cmd 35/00:80:3f:c4:07/00:02:00:00:00/e0 tag 0 cdb 0x0 data 327680 out
         res 51/04:00:bf:c5:07/00:01:00:00:00/e0 Emask 0x1 (device error)
ata3.00: configured for UDMA/33
ata3: EH complete
sd 2:0:0:0: [sdc] 976773168 512-byte hardware sectors (500108 MB)
sd 2:0:0:0: [sdc] Write Protect is off
sd 2:0:0:0: [sdc] Mode Sense: 00 3a 00 00
sd 2:0:0:0: [sdc] Write cache: enabled, read cache: enabled, doesn't support DPO or FUA
ata3.00: exception Emask 0x0 SAct 0x0 SErr 0x2400000 action 0x0
ata3.00: BMDMA2 stat 0x8652001
ata3.00: cmd 35/00:00:bf:d6:07/00:02:00:00:00/e0 tag 0 cdb 0x0 data 262144 out
         res 51/04:e0:df:d6:07/00:01:00:00:00/e0 Emask 0x1 (device error)
ata3.00: configured for UDMA/33
ata3: EH complete
sd 2:0:0:0: [sdc] 976773168 512-byte hardware sectors (500108 MB)
sd 2:0:0:0: [sdc] Write Protect is off
sd 2:0:0:0: [sdc] Mode Sense: 00 3a 00 00
sd 2:0:0:0: [sdc] Write cache: enabled, read cache: enabled, doesn't support DPO or FUA
ata3.00: exception Emask 0x0 SAct 0x0 SErr 0x2400000 action 0x0
ata3.00: BMDMA2 stat 0x8652001
ata3.00: cmd 35/00:80:bf:e0:07/00:01:00:00:00/e0 tag 0 cdb 0x0 data 196608 out
         res 51/04:70:cf:e0:07/00:01:00:00:00/e0 Emask 0x1 (device error)
ata3.00: configured for UDMA/33
ata3: EH complete
sd 2:0:0:0: [sdc] 976773168 512-byte hardware sectors (500108 MB)
ata3.00: exception Emask 0x0 SAct 0x0 SErr 0x2400000 action 0x2 frozen
ata3.00: cmd 35/00:78:c7:e4:07/00:01:00:00:00/e0 tag 0 cdb 0x0 data 192512 out
         res 40/00:70:cf:e0:07/00:01:00:00:00/e0 Emask 0x4 (timeout)
ata3: port is slow to respond, please be patient (Status 0xd1)
ata3: device not ready (errno=-16), forcing hardreset
ata3: hard resetting port
ata3: SATA link up 1.5 Gbps (SStatus 113 SControl 310)
ata3.00: configured for UDMA/33
ata3: EH complete
sd 2:0:0:0: [sdc] Write Protect is off
sd 2:0:0:0: [sdc] Mode Sense: 00 3a 00 00
sd 2:0:0:0: [sdc] Write cache: enabled, read cache: enabled, doesn't support DPO or FUA
sd 2:0:0:0: [sdc] 976773168 512-byte hardware sectors (500108 MB)
sd 2:0:0:0: [sdc] Write Protect is off
sd 2:0:0:0: [sdc] Mode Sense: 00 3a 00 00
sd 2:0:0:0: [sdc] Write cache: enabled, read cache: enabled, doesn't support DPO or FUA
ata3.00: exception Emask 0x0 SAct 0x0 SErr 0x2400000 action 0x0
ata3.00: BMDMA2 stat 0x8652001
ata3.00: cmd 35/00:00:3f:ee:07/00:02:00:00:00/e0 tag 0 cdb 0x0 data 262144 out
         res 51/04:81:be:ee:07/00:01:00:00:00/e0 Emask 0x1 (device error)
ata3.00: configured for UDMA/33
ata3: EH complete
sd 2:0:0:0: [sdc] 976773168 512-byte hardware sectors (500108 MB)
sd 2:0:0:0: [sdc] Write Protect is off
sd 2:0:0:0: [sdc] Mode Sense: 00 3a 00 00
sd 2:0:0:0: [sdc] Write cache: enabled, read cache: enabled, doesn't support DPO or FUA
ata3.00: exception Emask 0x0 SAct 0x0 SErr 0x2400000 action 0x0
ata3.00: BMDMA2 stat 0x8652001
ata3.00: cmd 35/00:80:3f:f4:07/00:01:00:00:00/e0 tag 0 cdb 0x0 data 196608 out
         res 51/04:50:6f:f5:07/00:00:00:00:00/e0 Emask 0x1 (device error)
ata3.00: configured for UDMA/33
ata3: EH complete
sd 2:0:0:0: [sdc] 976773168 512-byte hardware sectors (500108 MB)
sd 2:0:0:0: [sdc] Write Protect is off
sd 2:0:0:0: [sdc] Mode Sense: 00 3a 00 00
sd 2:0:0:0: [sdc] Write cache: enabled, read cache: enabled, doesn't support DPO or FUA
ata3.00: exception Emask 0x0 SAct 0x0 SErr 0x2400000 action 0x0
ata3.00: BMDMA2 stat 0x8652001
ata3.00: cmd 35/00:80:3f:08:08/00:01:00:00:00/e0 tag 0 cdb 0x0 data 196608 out
         res 51/04:31:8e:08:08/00:01:00:00:00/e0 Emask 0x1 (device error)
ata3.00: configured for UDMA/33
ata3: EH complete
sd 2:0:0:0: [sdc] 976773168 512-byte hardware sectors (500108 MB)
sd 2:0:0:0: [sdc] Write Protect is off
sd 2:0:0:0: [sdc] Mode Sense: 00 3a 00 00
sd 2:0:0:0: [sdc] Write cache: enabled, read cache: enabled, doesn't support DPO or FUA
ata3.00: exception Emask 0x0 SAct 0x0 SErr 0x2400000 action 0x0
ata3.00: BMDMA2 stat 0x8652001
ata3.00: cmd 35/00:80:3f:0e:08/00:01:00:00:00/e0 tag 0 cdb 0x0 data 196608 out
         res 51/04:60:5f:0e:08/00:01:00:00:00/e0 Emask 0x1 (device error)
ata3.00: configured for UDMA/33
ata3: EH complete
sd 2:0:0:0: [sdc] 976773168 512-byte hardware sectors (500108 MB)
sd 2:0:0:0: [sdc] Write Protect is off
sd 2:0:0:0: [sdc] Mode Sense: 00 3a 00 00
sd 2:0:0:0: [sdc] Write cache: enabled, read cache: enabled, doesn't support DPO or FUA
ata3.00: exception Emask 0x0 SAct 0x0 SErr 0x2400000 action 0x0
ata3.00: BMDMA2 stat 0x8652001
ata3.00: cmd 35/00:80:bf:34:08/00:02:00:00:00/e0 tag 0 cdb 0x0 data 327680 out
         res 51/04:00:3f:36:08/00:01:00:00:00/e0 Emask 0x1 (device error)
ata3.00: configured for UDMA/33
ata3: EH complete
sd 2:0:0:0: [sdc] 976773168 512-byte hardware sectors (500108 MB)
sd 2:0:0:0: [sdc] Write Protect is off
sd 2:0:0:0: [sdc] Mode Sense: 00 3a 00 00
sd 2:0:0:0: [sdc] Write cache: enabled, read cache: enabled, doesn't support DPO or FUA
ata3.00: exception Emask 0x0 SAct 0x0 SErr 0x2400000 action 0x2 frozen
ata3.00: cmd 35/00:80:3f:3f:08/00:01:00:00:00/e0 tag 0 cdb 0x0 data 196608 out
         res 40/00:00:3f:36:08/00:01:00:00:00/e0 Emask 0x4 (timeout)
ata3: port is slow to respond, please be patient (Status 0xd1)
ata3: device not ready (errno=-16), forcing hardreset
ata3: hard resetting port
ata3: SATA link up 1.5 Gbps (SStatus 113 SControl 310)
ata3.00: configured for UDMA/33
ata3: EH complete
sd 2:0:0:0: [sdc] 976773168 512-byte hardware sectors (500108 MB)
sd 2:0:0:0: [sdc] Write Protect is off
sd 2:0:0:0: [sdc] Mode Sense: 00 3a 00 00
sd 2:0:0:0: [sdc] Write cache: enabled, read cache: enabled, doesn't support DPO or FUA
ata3.00: exception Emask 0x0 SAct 0x0 SErr 0x2400000 action 0x0
ata3.00: BMDMA2 stat 0x8652001
ata3.00: cmd 35/00:80:bf:4e:08/00:02:00:00:00/e0 tag 0 cdb 0x0 data 327680 out
         res 51/04:8f:b0:4f:08/00:01:00:00:00/e0 Emask 0x1 (device error)
ata3.00: configured for UDMA/33
ata3: EH complete
sd 2:0:0:0: [sdc] 976773168 512-byte hardware sectors (500108 MB)
sd 2:0:0:0: [sdc] Write Protect is off
sd 2:0:0:0: [sdc] Mode Sense: 00 3a 00 00
sd 2:0:0:0: [sdc] Write cache: enabled, read cache: enabled, doesn't support DPO or FUA
ata3.00: exception Emask 0x0 SAct 0x0 SErr 0x2400000 action 0x0
ata3.00: BMDMA2 stat 0x8652001
ata3.00: cmd 35/00:80:3f:66:08/00:01:00:00:00/e0 tag 0 cdb 0x0 data 196608 out
         res 51/04:70:4f:66:08/00:01:00:00:00/e0 Emask 0x1 (device error)
ata3.00: configured for UDMA/33
ata3: EH complete
sd 2:0:0:0: [sdc] 976773168 512-byte hardware sectors (500108 MB)
sd 2:0:0:0: [sdc] Write Protect is off
sd 2:0:0:0: [sdc] Mode Sense: 00 3a 00 00
sd 2:0:0:0: [sdc] Write cache: enabled, read cache: enabled, doesn't support DPO or FUA
ata3.00: exception Emask 0x0 SAct 0x0 SErr 0x2400000 action 0x0
ata3.00: BMDMA2 stat 0x8652001
ata3.00: cmd 35/00:80:3f:85:08/00:02:00:00:00/e0 tag 0 cdb 0x0 data 327680 out
         res 51/04:d1:ee:86:08/00:00:00:00:00/e0 Emask 0x1 (device error)
ata3.00: configured for UDMA/33
ata3: EH complete
sd 2:0:0:0: [sdc] 976773168 512-byte hardware sectors (500108 MB)
sd 2:0:0:0: [sdc] Write Protect is off
sd 2:0:0:0: [sdc] Mode Sense: 00 3a 00 00
sd 2:0:0:0: [sdc] Write cache: enabled, read cache: enabled, doesn't support DPO or FUA
ata3.00: exception Emask 0x0 SAct 0x0 SErr 0x2400000 action 0x2 frozen
ata3.00: cmd 35/00:80:3f:9a:08/00:02:00:00:00/e0 tag 0 cdb 0x0 data 327680 out
         res 40/00:d1:ee:86:08/00:00:00:00:00/e0 Emask 0x4 (timeout)
ata3: port is slow to respond, please be patient (Status 0xd1)
raid5: Disk failure on sdc1, disabling device. Operation continuing on 3 devices
ata3: device not ready (errno=-16), forcing hardreset
ata3: hard resetting port
ata3: SATA link up 1.5 Gbps (SStatus 113 SControl 310)
ata3.00: configured for UDMA/33
ata3: EH complete
md: md0: reshape done.
sd 2:0:0:0: [sdc] 976773168 512-byte hardware sectors (500108 MB)
sd 2:0:0:0: [sdc] Write Protect is off
sd 2:0:0:0: [sdc] Mode Sense: 00 3a 00 00
sd 2:0:0:0: [sdc] Write cache: enabled, read cache: enabled, doesn't support DPO or FUA
EXT3-fs: can't read group descriptor 47
md: cannot remove active disk sdc1 from md0 ... 
md: cannot remove active disk sdc1 from md0 ... 
md: cannot remove active disk sdc1 from md0 ... 
md: cannot remove active disk sdc1 from md0 ... 
md: md0 stopped.
md: unbind<sdb1>
md: export_rdev(sdb1)
md: unbind<sdc1>
md: export_rdev(sdc1)
md: unbind<sda1>
md: export_rdev(sda1)
md: unbind<hdc1>
md: export_rdev(hdc1)