Date: Thu, 23 Jun 2005 20:09:35 +0200
From: Brice Goglin <>
Subject: Re: 2.6.12-mm1
Sender: linux-kernel-owner@vger.kernel.org
Precedence: bulk
List-ID: <linux-kernel.vger.kernel.org>
X-Mailing-List: linux-kernel@vger.kernel.org
X-Lkml-Link: https://lkml.org/lkml/2005/6/23/235

Le 23.06.2005 19:05, Rajesh Shah a Ã©crit :
> Reverting the host bridge patch should not affect /proc/ioports,
> that's probably something different. I'd like to see what your
> ACPI tables look like and what the firmware reported for host
> bridge resources. Can you send me the system DSDT 
> (cat /proc/acpi/dsdt > dsdt.hex). Also, can you apply this debug
> hack patch to 2.6.12-mm1 and send me the dmesg output? You will
> have to change your .config (e.g. disable yenta support?) to avoid
> the system hang you seeing with 2.6.12-mm1 (or, you could capture
> debug messages via serial console).
dmesg and dsdt are attached.
Thanks
Brice
Linux version 2.6.12-mm1=LoulousMobile (bgoglin@puligny) (version gcc 3.3.5 (Debian 1:3.3.5-13)) #4 Thu Jun 23 19:39:24 CEST 2005
BIOS-provided physical RAM map:
 BIOS-e820: 0000000000000000 - 000000000009fc00 (usable)
 BIOS-e820: 000000000009fc00 - 00000000000a0000 (reserved)
 BIOS-e820: 00000000000e0000 - 0000000000100000 (reserved)
 BIOS-e820: 0000000000100000 - 0000000027fd0000 (usable)
 BIOS-e820: 0000000027fd0000 - 0000000027ff0c00 (reserved)
 BIOS-e820: 0000000027ff0c00 - 0000000027ffc000 (ACPI NVS)
 BIOS-e820: 0000000027ffc000 - 0000000028000000 (reserved)
639MB LOWMEM available.
On node 0 totalpages: 163792
  DMA zone: 4096 pages, LIFO batch:1
  Normal zone: 159696 pages, LIFO batch:31
  HighMem zone: 0 pages, LIFO batch:1
DMI 2.3 present.
ACPI: RSDP (v000 COMPAQ                                ) @ 0x000f9970
ACPI: RSDT (v001 COMPAQ CPQ0030  0x31120320 CPQ  0x00000001) @ 0x27ff0c84
ACPI: FADT (v002 COMPAQ CPQ0030  0x00000002 CPQ  0x00000001) @ 0x27ff0c00
ACPI: SSDT (v001 COMPAQ   CPQCPU 0x00001001 MSFT 0x0100000e) @ 0x27ff7bcb
ACPI: SSDT (v001 COMPAQ  CPQGysr 0x00001001 MSFT 0x0100000e) @ 0x27ff7c16
ACPI: DSDT (v001 COMPAQ EVON600C 0x00010000 MSFT 0x0100000e) @ 0x00000000
ACPI: PM-Timer IO Port: 0x1008
Allocating PCI resources starting at 28000000 (gap: 28000000:d8000000)
Built 1 zonelists
Local APIC disabled by BIOS -- you can enable it with "lapic"
mapped APIC to ffffd000 (01b42000)
Initializing CPU#0
Kernel command line: root=/dev/hda2 ro 
CPU 0 irqstacks, hard=c04a1000 soft=c04a0000
PID hash table entries: 4096 (order: 12, 65536 bytes)
Detected 996.841 MHz processor.
Using pmtmr for high-res timesource
Console: colour VGA+ 80x25
Dentry cache hash table entries: 131072 (order: 7, 524288 bytes)
Inode-cache hash table entries: 65536 (order: 6, 262144 bytes)
Memory: 638260k/655168k available (2313k kernel code, 16392k reserved, 1192k data, 180k init, 0k highmem)
Checking if this processor honours the WP bit even in supervisor mode... Ok.
Calibrating delay using timer specific routine.. 1994.56 BogoMIPS (lpj=997282)
Mount-cache hash table entries: 512
CPU: After generic identify, caps: 0383f9ff 00000000 00000000 00000000 00000000 00000000 00000000
CPU: After vendor identify, caps: 0383f9ff 00000000 00000000 00000000 00000000 00000000 00000000
CPU: L1 I cache: 16K, L1 D cache: 16K
CPU: L2 cache: 512K
CPU: After all inits, caps: 0383f9ff 00000000 00000000 00000040 00000000 00000000 00000000
Intel machine check architecture supported.
Intel machine check reporting enabled on CPU#0.
CPU: Intel(R) Pentium(R) III Mobile CPU      1000MHz stepping 01
Enabling fast FPU save and restore... done.
Enabling unmasked SIMD FPU exception support... done.
Checking 'hlt' instruction... OK.
 tbxface-0118 [02] acpi_load_tables      : ACPI Tables successfully acquired
Parsing all Control Methods:..........................................................................................................................................................................................................................................................................
Table [DSDT](id F006) - 833 Objects with 89 Devices 266 Methods 26 Regions
Parsing all Control Methods:.
Table [SSDT](id F003) - 3 Objects with 0 Devices 1 Methods 0 Regions
Parsing all Control Methods:..
Table [SSDT](id F004) - 4 Objects with 0 Devices 2 Methods 0 Regions
ACPI Namespace successfully loaded at root c04da680
ACPI: setting ELCR to 0200 (from 0800)
evxfevnt-0094 [03] acpi_enable           : Transition to ACPI mode successful
softlockup thread 0 started up.
NET: Registered protocol family 16
PCI: PCI BIOS revision 2.10 entry at 0xf04dd, last bus=4
PCI: Using configuration type 1
mtrr: v2.0 (20020519)
ACPI: Subsystem revision 20050309
evgpeblk-0275 [08] ev_save_method_info   : Unknown GPE method type: C13E (name not of form _Lxx or _Exx)
evgpeblk-0275 [08] ev_save_method_info   : Unknown GPE method type: C18F (name not of form _Lxx or _Exx)
evgpeblk-0275 [08] ev_save_method_info   : Unknown GPE method type: C1DC (name not of form _Lxx or _Exx)
evgpeblk-0979 [06] ev_create_gpe_block   : GPE 00 to 0F [_GPE] 2 regs on int 0x9
evgpeblk-0987 [06] ev_create_gpe_block   : Found 3 Wake, Enabled 1 Runtime GPEs in this block
evgpeblk-0275 [08] ev_save_method_info   : Unknown GPE method type: C13E (name not of form _Lxx or _Exx)
evgpeblk-0275 [08] ev_save_method_info   : Unknown GPE method type: C18F (name not of form _Lxx or _Exx)
evgpeblk-0275 [08] ev_save_method_info   : Unknown GPE method type: C1DC (name not of form _Lxx or _Exx)
evgpeblk-0979 [06] ev_create_gpe_block   : GPE 10 to 1F [_GPE] 2 regs on int 0x9
evgpeblk-0987 [06] ev_create_gpe_block   : Found 2 Wake, Enabled 5 Runtime GPEs in this block
Completing Region/Field/Buffer/Package initialization:..................................................................................................
Initialized 25/26 Regions 0/0 Fields 26/26 Buffers 47/56 Packages (849 nodes)
Executing all Device _STA and_INI methods:...........................................................................................
91 Devices found containing: 91 _STA, 8 _INI methods
ACPI: Interpreter enabled
ACPI: Using PIC for interrupt routing
ACPI: PCI Root Bridge [C03E] (0000:00)
PCI: Probing PCI hardware (bus 00)
PCI: Ignoring BAR0-3 of IDE controller 0000:00:1f.1
Boot video device is 0000:01:00.0
PCI: Transparent bridge - 0000:00:1e.0
add_resource_range: adding resource 0:cf7, flags 100 @ bus 0:0
add_resource_range: adding resource d00:ffff, flags 100 @ bus 0:1
add_resource_range: adding resource a0000:bffff, flags 200 @ bus 0:2
add_resource_range: adding resource 28000000:ffffffff, flags 200 @ bus 0:3
add_resource_range: adding resource d4000:dffff, flags 200 @ bus 0:4
dump_bridge_resources: Bus resources for bus root, num  0, prim  0, sec  0, sub  a
	bus resouce # 0, start 0, end cf7, flags 100
	bus resouce # 1, start d00, end ffff, flags 100
	bus resouce # 2, start a0000, end bffff, flags 200
	bus resouce # 3, start 28000000, end ffffffff, flags 200
	bus resouce # 4, start d4000, end dffff, flags 200
ACPI: PCI Interrupt Routing Table [\_SB_.C03E._PRT]
ACPI: PCI Interrupt Routing Table [\_SB_.C03E.C03F._PRT]
ACPI: PCI Interrupt Routing Table [\_SB_.C03E.C052._PRT]
ACPI: Power Resource [C14E] (on)
ACPI: Power Resource [C167] (on)
ACPI: Power Resource [C16B] (on)
ACPI: Power Resource [C174] (on)
ACPI: PCI Interrupt Link [C0BA] (IRQs 5 10 *11)
ACPI: PCI Interrupt Link [C0BB] (IRQs 5 10 *11)
ACPI: PCI Interrupt Link [C0BC] (IRQs 5 10 *11)
ACPI: PCI Interrupt Link [C0BD] (IRQs 5 10 *11)
ACPI: PCI Interrupt Link [C0BE] (IRQs 5 10 *11)
ACPI: PCI Interrupt Link [C0BF] (IRQs 5 10 *11)
ACPI: PCI Interrupt Link [C0C0] (IRQs 5 10 *11)
ACPI: PCI Interrupt Link [C0C1] (IRQs 5 10 11) *0, disabled.
ACPI: Power Resource [C1F3] (off)
ACPI: Power Resource [C1F4] (off)
ACPI: Power Resource [C1F5] (off)
Linux Plug and Play Support v0.97 (c) Adam Belay
pnp: PnP ACPI init
pnp: PnP ACPI: found 14 devices
PnPBIOS: Disabled by ACPI PNP
SCSI subsystem initialized
PCI: Using ACPI for IRQ routing
PCI: If a device doesn't work, try "pci=routeirq".  If it helps, post a report
PCI: Bridge: 0000:00:01.0
  IO window: 3000-3fff
  MEM window: 40200000-402fffff
  PREFETCH window: 48000000-4fffffff
PCI: Bus 3, cardbus bridge: 0000:02:03.0
  IO window: 00002000-00002fff
  IO window: 00003000-00003fff
  PREFETCH window: 28000000-29ffffff
  MEM window: 28000000-29ffffff
PCI: Bus 7, cardbus bridge: 0000:02:03.1
  IO window: 00004000-00004fff
  IO window: 00005000-00005fff
  PREFETCH window: 2a000000-2bffffff
  MEM window: 2a000000-2bffffff
PCI: Bridge: 0000:00:1e.0
  IO window: 2000-2fff
  MEM window: 40000000-401fffff
  PREFETCH window: 28000000-2bffffff
PCI: Setting latency timer of device 0000:00:1e.0 to 64
ACPI: PCI Interrupt Link [C0C0] enabled at IRQ 11
PCI: setting IRQ 11 as level-triggered
ACPI: PCI Interrupt 0000:02:03.0[A] -> Link [C0C0] -> GSI 11 (level, low) -> IRQ 11
ACPI: PCI Interrupt 0000:02:03.1[A] -> Link [C0C0] -> GSI 11 (level, low) -> IRQ 11
pnp: 00:0b: ioport range 0x140-0x14f has been reserved
pnp: 00:0c: ioport range 0x4d0-0x4d1 has been reserved
pnp: 00:0c: ioport range 0x1000-0x1087 could not be reserved
pnp: 00:0c: ioport range 0x1100-0x113f has been reserved
pnp: 00:0c: ioport range 0x1200-0x121f has been reserved
apm: BIOS version 1.2 Flags 0x03 (Driver version 1.16ac)
apm: overridden by ACPI.
inotify device minor=63
devfs: 2004-01-31 Richard Gooch (rgooch@atnf.csiro.au)
devfs: boot_options: 0x0
Initializing Cryptographic API
pci_hotplug: PCI Hot Plug PCI Core version: 0.5
fakephp: Fake PCI Hot Plug Controller Driver
cpqphp: Compaq Hot Plug PCI Controller Driver version: 0.9.8
ACPI: PCI Interrupt Link [C0BB] enabled at IRQ 11
ACPI: PCI Interrupt 0000:01:00.0[A] -> Link [C0BB] -> GSI 11 (level, low) -> IRQ 11
radeonfb: Retreived PLL infos from BIOS
radeonfb: Reference=27.00 MHz (RefDiv=60) Memory=166.00 Mhz, System=166.00 MHz
radeonfb: PLL min 12000 max 35000
Non-DDC laptop panel detected
radeonfb: Monitor 1 type LCD found
radeonfb: Monitor 2 type no found
radeonfb: panel ID string: 1024x768                
radeonfb: detected LVDS panel size from BIOS: 1024x768
radeondb: BIOS provided dividers will be used
radeonfb: Dynamic Clock Power Management enabled
Console: switching to colour frame buffer device 128x48
radeonfb (0000:01:00.0): ATI Radeon LY 
ACPI: AC Adapter [C1A2] (on-line)
ACPI: Battery Slot [C19F] (battery absent)
ACPI: Battery Slot [C1A0] (battery absent)
ACPI: Power Button (FF) [PWRF]
ACPI: Sleep Button (CM) [C1A3]
ACPI: Lid Switch [C1A4]
ACPI: Fan [C1F6] (off)
ACPI: Fan [C1F7] (off)
ACPI: Fan [C1F8] (off)
ACPI: CPU0 (power states: C1[C1] C2[C2] C3[C3])
ACPI: Thermal Zone [TZ1] (73 C)
Linux agpgart interface v0.101 (c) Dave Jones
agpgart: Detected an Intel 830M Chipset.
agpgart: AGP aperture is 256M @ 0x60000000
[drm] Initialized drm 1.0.0 20040925
ACPI: PCI Interrupt 0000:01:00.0[A] -> Link [C0BB] -> GSI 11 (level, low) -> IRQ 11
mtrr: 0x48000000,0x8000000 overlaps existing 0x48000000,0x1000000
[drm] Initialized radeon 1.16.0 20050311 on minor 0: ATI Technologies Inc Radeon Mobility M6 LY
cn_fork is registered
PNP: PS/2 Controller [PNP0303:C171,PNP0f0e:C172] at 0x60,0x64 irq 1,12
i8042.c: Detected active multiplexing controller, rev 1.1.
serio: i8042 AUX0 port at 0x60,0x64 irq 12
serio: i8042 AUX1 port at 0x60,0x64 irq 12
serio: i8042 AUX2 port at 0x60,0x64 irq 12
serio: i8042 AUX3 port at 0x60,0x64 irq 12
serio: i8042 KBD port at 0x60,0x64 irq 1
Serial: 8250/16550 driver $Revision: 1.90 $ 8 ports, IRQ sharing disabled
ttyS0 at I/O 0x3f8 (irq = 4) is a 16550A
ttyS2 at I/O 0x3e8 (irq = 4) is a 16550A
ttyS0 at I/O 0x3f8 (irq = 4) is a 16550A
io scheduler noop registered
io scheduler anticipatory registered
io scheduler deadline registered
io scheduler cfq registered
e100: Intel(R) PRO/100 Network Driver, 3.4.8-k2-NAPI
e100: Copyright(c) 1999-2005 Intel Corporation
ACPI: PCI Interrupt Link [C0BE] enabled at IRQ 11
ACPI: PCI Interrupt 0000:02:08.0[A] -> Link [C0BE] -> GSI 11 (level, low) -> IRQ 11
e100: eth0: e100_probe: addr 0x40100000, irq 11, MAC addr 00:02:A5:B5:03:7C
Uniform Multi-Platform E-IDE driver Revision: 7.00alpha2
ide: Assuming 33MHz system bus speed for PIO modes; override with idebus=xx
ICH3M: IDE controller at PCI slot 0000:00:1f.1
PCI: Enabling device 0000:00:1f.1 (0005 -> 0007)
ACPI: PCI Interrupt Link [C0BC] enabled at IRQ 11
ACPI: PCI Interrupt 0000:00:1f.1[A] -> Link [C0BC] -> GSI 11 (level, low) -> IRQ 11
ICH3M: chipset revision 1
ICH3M: not 100% native mode: will probe irqs later
    ide0: BM-DMA at 0x4060-0x4067, BIOS settings: hda:DMA, hdb:pio
    ide1: BM-DMA at 0x4068-0x406f, BIOS settings: hdc:DMA, hdd:pio
Probing IDE interface ide0...
hda: IC25N020ATDA04-0, ATA DISK drive
ide0 at 0x1f0-0x1f7,0x3f6 on irq 14
Probing IDE interface ide1...
hdc: Compaq DVD-ROM SD-C2402, ATAPI CD/DVD-ROM drive
ide1 at 0x170-0x177,0x376 on irq 15
ide2: I/O resource 0x3EE-0x3EE not free.
ide2: ports already in use, skipping probe
Probing IDE interface ide3...
Probing IDE interface ide4...
Probing IDE interface ide5...
hda: max request size: 128KiB
hda: 39070080 sectors (20003 MB) w/1806KiB Cache, CHS=38760/16/63, UDMA(100)
hda: cache flushes not supported
 /dev/ide/host0/bus0/target0/lun0: p1 p2 p3 p4
hdc: ATAPI 24X DVD-ROM drive, 128kB Cache, DMA
Uniform CD-ROM driver Revision: 3.20
mice: PS/2 mouse device common for all mice
NET: Registered protocol family 2
IP: routing cache hash table of 8192 buckets, 64Kbytes
TCP established hash table entries: 131072 (order: 8, 1048576 bytes)
TCP bind hash table entries: 65536 (order: 6, 262144 bytes)
TCP: Hash tables configured (established 131072 bind 65536)
TCP reno registered
NET: Registered protocol family 1
NET: Registered protocol family 17
Using IPI Shortcut mode
PM: Checking swsusp image.
swsusp: Resume From Partition /dev/hda4
input: AT Translated Set 2 keyboard on isa0060/serio0
swsusp: Suspend partition has wrong signature?
swsusp: Error -22 check for resume file
PM: Resume from disk failed.
ACPI wakeup devices: 
C052 C17E C185 C0A4 C0AA C19F C1A0 C1A3 C1A4 
ACPI: (supports S0 S1 S3 S4 S4bios S5)
EXT3-fs: mounted filesystem with ordered data mode.
VFS: Mounted root (ext3 filesystem) readonly.
Freeing unused kernel memory: 180k freed
kjournald starting.  Commit interval 5 seconds
Adding 665272k swap on /dev/hda4.  Priority:-1 extents:1
EXT3 FS on hda2, internal journal
device-mapper: 4.4.0-ioctl (2005-01-12) initialised: dm-devel@redhat.com
kjournald starting.  Commit interval 5 seconds
EXT3 FS on hda3, internal journal
EXT3-fs: mounted filesystem with ordered data mode.
usbcore: registered new driver usbfs
usbcore: registered new driver hub
USB Universal Host Controller Interface driver v2.3
ACPI: PCI Interrupt Link [C0BA] enabled at IRQ 11
ACPI: PCI Interrupt 0000:00:1d.0[A] -> Link [C0BA] -> GSI 11 (level, low) -> IRQ 11
PCI: Setting latency timer of device 0000:00:1d.0 to 64
uhci_hcd 0000:00:1d.0: Intel Corporation 82801CA/CAM USB (Hub #1)
uhci_hcd 0000:00:1d.0: new USB bus registered, assigned bus number 1
uhci_hcd 0000:00:1d.0: irq 11, io base 0x00004000
hub 1-0:1.0: USB hub found
hub 1-0:1.0: 2 ports detected
ACPI: PCI Interrupt Link [C0BD] enabled at IRQ 11
ACPI: PCI Interrupt 0000:00:1d.1[B] -> Link [C0BD] -> GSI 11 (level, low) -> IRQ 11
PCI: Setting latency timer of device 0000:00:1d.1 to 64
uhci_hcd 0000:00:1d.1: Intel Corporation 82801CA/CAM USB (Hub #2)
uhci_hcd 0000:00:1d.1: new USB bus registered, assigned bus number 2
uhci_hcd 0000:00:1d.1: irq 11, io base 0x00004020
hub 2-0:1.0: USB hub found
hub 2-0:1.0: 2 ports detected
ACPI: PCI Interrupt 0000:00:1d.2[C] -> Link [C0BC] -> GSI 11 (level, low) -> IRQ 11
PCI: Setting latency timer of device 0000:00:1d.2 to 64
uhci_hcd 0000:00:1d.2: Intel Corporation 82801CA/CAM USB (Hub #3)
uhci_hcd 0000:00:1d.2: new USB bus registered, assigned bus number 3
uhci_hcd 0000:00:1d.2: irq 11, io base 0x00004040
hub 3-0:1.0: USB hub found
hub 3-0:1.0: 2 ports detected
hw_random hardware driver 1.0.0 loaded
parport: PnPBIOS parport detected.
parport0: PC-style at 0x378, irq 7 [PCSPP(,...)]
input: PC Speaker
Real Time Clock Driver v1.12
Synaptics Touchpad, model: 1, fw: 5.8, id: 0x9b48b1, caps: 0x884793/0x0
serio: Synaptics pass-through port at isa0060/serio4/input0
input: SynPS/2 Synaptics TouchPad on isa0060/serio4
input: PS/2 Generic Mouse on synaptics-pt/serio0
agpgart: Found an AGP 2.0 compliant device at 0000:00:00.0.
agpgart: Putting AGP V2 device at 0000:00:00.0 into 4x mode
agpgart: Putting AGP V2 device at 0000:01:00.0 into 4x mode
[unhandled content-type:application/octet-stream]