Date: Mon, 13 Oct 2003 21:22:01 +0300
From: Kostadin Karaivanov <>
Subject: Re: Duron 1GB memory problem
Sender: linux-kernel-owner@vger.kernel.org
Precedence: bulk
List-ID: <linux-kernel.vger.kernel.org>
X-Mailing-List: linux-kernel@vger.kernel.org
X-Lkml-Link: https://lkml.org/lkml/2003/10/13/147

On пн, 2003-10-13 at 20:32, jhigdon wrote:
> On Mon, 13 Oct 2003 18:37:38 +0300
> Kostadin Karaivanov <larry@tamiweb.com> wrote:
> 
> > 	1. After upgrading my memory up to 1BG (2x512MB SDRAM) previosly 512MB
> > (2x256MB SDRAM) I try to boot 2.6.0-test5 compiled without highmem
> > support with boot-time option mem=512M and I got an Oops right before
> > the checks for memory (15th-16th row of dmesg).
> > It can't boot without mem=512M option even.
> > 
> > 	2. 2.4.20 (without highmem support) boots fine with same option, but
> > can't boot without it (?same? Oops).
> > 
> > 	3. 2.6.0-test7 _WITH_ highmem enabled boots but I get 2 kernel Oops for
> > 24 hours.
> > 
> > 	4. 2.6.0-test5 _with_ highmem reboots itself before getting to login
> > prompt,  I was told  about this by my hosting support.
> > 
> > 	5. 2.4.22 with high mem works fine... for now
> > 
> > 
> > 	1, 2, 3 had happaned in my presence.
> > 	I can't provide traces. It is productional server.
> 
> but you can run a 2.6.0-testX kernel on it? dmesg and .config would probably help too
Yes, 2.6.0-test7 with highmem and I got two Oops within 24 hours (as
stated before )
Grep from /var/log/messages of 2.6.0-test7 bootup, and 2.6.0-test7
.config follows
Oct 10 11:45:19 hosting kernel: klogd 1.4.1, log source = /proc/kmsg started.
Oct 10 11:45:19 hosting kernel: BIOS-provided physical RAM map:
Oct 10 11:45:19 hosting kernel: 119MB HIGHMEM available.
Oct 10 11:45:19 hosting kernel: 896MB LOWMEM available.
Oct 10 11:45:19 hosting kernel: DMI 2.3 present.
Oct 10 11:45:19 hosting kernel: Initializing CPU#0
Oct 10 11:45:19 hosting kernel: Memory: 1026340k/1040320k available (1829k kernel code, 13040k reserved, 307k data, 288k init, 122816k highmem)
Oct 10 11:45:19 hosting kernel: Dentry cache hash table entries: 131072 (order: 7, 524288 bytes)
Oct 10 11:45:19 hosting kernel: CPU: L1 I Cache: 64K (64 bytes/line), D cache 64K (64 bytes/line)
Oct 10 11:45:19 hosting kernel: CPU: L2 Cache: 64K (64 bytes/line)
Oct 10 11:45:19 hosting kernel: Intel machine check architecture supported.
Oct 10 11:45:19 hosting kernel: Intel machine check reporting enabled on CPU#0.
Oct 10 11:45:19 hosting kernel: Enabling fast FPU save and restore... done.
Oct 10 11:45:19 hosting kernel: Checking 'hlt' instruction... OK.
Oct 10 11:45:19 hosting kernel: NET: Registered protocol family 16
Oct 10 11:45:19 hosting kernel: PCI: PCI BIOS revision 2.10 entry at 0xfdb01, last bus=1
Oct 10 11:45:19 hosting kernel: PCI: Using configuration type 1
Oct 10 11:45:19 hosting kernel: mtrr: v2.0 (20020519)
Oct 10 11:45:19 hosting kernel: PCI: Using IRQ router SIS [1039/0008] at 0000:00:01.0
Oct 10 11:45:19 hosting kernel: SGI XFS for Linux with ACLs, large block numbers, no debug enabled
Oct 10 11:45:19 hosting kernel: SGI XFS Quota Management subsystem
Oct 10 11:45:19 hosting kernel: Initializing Cryptographic API
Oct 10 11:45:19 hosting kernel: Real Time Clock Driver v1.12
Oct 10 11:45:19 hosting kernel: Serial: 8250/16550 driver $Revision: 1.90 $ 8 ports, IRQ sharing disabled
Oct 10 11:45:19 hosting kernel: loop: loaded (max 8 devices)
Oct 10 11:45:19 hosting kernel: sis900.c: v1.08.06 9/24/2002
Oct 10 11:45:19 hosting kernel: PCI: Found IRQ 11 for device 0000:00:01.1
Oct 10 11:45:19 hosting kernel: eth0: VIA 6103 PHY transceiver found at address 1.
Oct 10 11:45:19 hosting kernel: eth0: Using transceiver found at address 1 as default
Oct 10 11:45:19 hosting kernel: eth0: SiS 900 PCI Fast Ethernet at 0xd400, IRQ 11, 00:0a:e6:4a:84:eb.
Oct 10 11:45:19 hosting kernel: Uniform Multi-Platform E-IDE driver Revision: 7.00alpha2
Oct 10 11:45:19 hosting kernel: ide: Assuming 33MHz system bus speed for PIO modes; override with idebus=xx
Oct 10 11:45:19 hosting kernel: SIS5513: IDE controller at PCI slot 0000:00:00.1
Oct 10 11:45:19 hosting kernel: SIS5513: chipset revision 208
Oct 10 11:45:19 hosting kernel: SIS5513: not 100%% native mode: will probe irqs later
Oct 10 11:45:19 hosting kernel: SIS5513: SiS730 ATA 100 (1st gen) controller
Oct 10 11:45:19 hosting kernel:     ide0: BM-DMA at 0xff00-0xff07, BIOS settings: hda:DMA, hdb:DMA
Oct 10 11:45:19 hosting kernel:     ide1: BM-DMA at 0xff08-0xff0f, BIOS settings: hdc:DMA, hdd:DMA
Oct 10 11:45:19 hosting kernel: hda: 160086528 sectors (81964 MB) w/2048KiB Cache, CHS=65535/16/63, UDMA(100)
Oct 10 11:45:19 hosting kernel:  hda: hda1 hda2 hda3 hda4
Oct 10 11:45:19 hosting kernel: mice: PS/2 mouse device common for all mice
Oct 10 11:45:19 hosting kernel: input: PC Speaker
Oct 10 11:45:19 hosting kernel: input: PS/2 Logitech Mouse on isa0060/serio1
Oct 10 11:45:19 hosting kernel: serio: i8042 AUX port at 0x60,0x64 irq 12
Oct 10 11:45:19 hosting kernel: input: AT Translated Set 2 keyboard on isa0060/serio0
Oct 10 11:45:19 hosting kernel: serio: i8042 KBD port at 0x60,0x64 irq 1
Oct 10 11:45:19 hosting kernel: device-mapper: 4.0.0-ioctl (2003-06-04) initialised: dm@uk.sistina.com
Oct 10 11:45:19 hosting kernel: NET: Registered protocol family 2
Oct 10 11:45:19 hosting kernel: IP: routing cache hash table of 8192 buckets, 64Kbytes
Oct 10 11:45:19 hosting kernel: TCP: Hash tables configured (established 262144 bind 65536)
Oct 10 11:45:19 hosting kernel: Initializing IPsec netlink socket
Oct 10 11:45:19 hosting kernel: NET: Registered protocol family 1
Oct 10 11:45:19 hosting kernel: NET: Registered protocol family 17
Oct 10 11:45:19 hosting kernel: NET: Registered protocol family 15
Oct 10 11:45:19 hosting kernel: BIOS EDD facility v0.09 2003-Jan-22, 1 devices found
Oct 10 11:45:19 hosting kernel: XFS mounting filesystem hda3
Oct 10 11:45:19 hosting kernel: Starting XFS recovery on filesystem: hda3 (dev: hda3)
Oct 10 11:45:19 hosting kernel: Ending XFS recovery on filesystem: hda3 (dev: hda3)
Oct 10 11:45:19 hosting kernel: Freeing unused kernel memory: 288k freed
Oct 10 11:45:19 hosting kernel: Adding 996020k swap on /dev/hda2.  Priority:-1 extents:1
Oct 10 11:45:19 hosting kernel: XFS mounting filesystem hda1
Oct 10 11:45:19 hosting kernel: Starting XFS recovery on filesystem: hda1 (dev: hda1)
Oct 10 11:45:19 hosting kernel: Ending XFS recovery on filesystem: hda1 (dev: hda1)
Oct 10 11:45:19 hosting kernel: XFS mounting filesystem hda4
Oct 10 11:45:19 hosting kernel: Starting XFS recovery on filesystem: hda4 (dev: hda4)
Oct 10 11:45:19 hosting kernel: Ending XFS recovery on filesystem: hda4 (dev: hda4)
Oct 10 11:45:19 hosting kernel: eth0: Media Link On 100mbps full-duplex
CONFIG_X86=y
CONFIG_MMU=y
CONFIG_UID16=y
CONFIG_GENERIC_ISA_DMA=y
CONFIG_EXPERIMENTAL=y
CONFIG_CLEAN_COMPILE=y
CONFIG_STANDALONE=y
CONFIG_BROKEN_ON_SMP=y
CONFIG_SWAP=y
CONFIG_SYSVIPC=y
CONFIG_BSD_PROCESS_ACCT=y
CONFIG_SYSCTL=y
CONFIG_LOG_BUF_SHIFT=14
CONFIG_EMBEDDED=y
CONFIG_FUTEX=y
CONFIG_EPOLL=y
CONFIG_IOSCHED_DEADLINE=y
CONFIG_MODULES=y
CONFIG_MODULE_UNLOAD=y
CONFIG_MODULE_FORCE_UNLOAD=y
CONFIG_OBSOLETE_MODPARM=y
CONFIG_MODVERSIONS=y
CONFIG_X86_PC=y
CONFIG_MK7=y
CONFIG_X86_CMPXCHG=y
CONFIG_X86_XADD=y
CONFIG_X86_L1_CACHE_SHIFT=6
CONFIG_RWSEM_XCHGADD_ALGORITHM=y
CONFIG_X86_WP_WORKS_OK=y
CONFIG_X86_INVLPG=y
CONFIG_X86_BSWAP=y
CONFIG_X86_POPAD_OK=y
CONFIG_X86_GOOD_APIC=y
CONFIG_X86_INTEL_USERCOPY=y
CONFIG_X86_USE_PPRO_CHECKSUM=y
CONFIG_X86_USE_3DNOW=y
CONFIG_X86_TSC=y
CONFIG_X86_MCE=y
CONFIG_X86_MCE_NONFATAL=y
CONFIG_HIGHMEM4G=y
CONFIG_HIGHMEM=y
CONFIG_HIGHPTE=y
CONFIG_MTRR=y
CONFIG_PCI=y
CONFIG_PCI_GOANY=y
CONFIG_PCI_BIOS=y
CONFIG_PCI_DIRECT=y
CONFIG_PCI_NAMES=y
CONFIG_BINFMT_ELF=y
CONFIG_BINFMT_AOUT=y
CONFIG_BLK_DEV_LOOP=y
CONFIG_BLK_DEV_CRYPTOLOOP=y
CONFIG_BLK_DEV_RAM=y
CONFIG_BLK_DEV_RAM_SIZE=4096
CONFIG_BLK_DEV_INITRD=y
CONFIG_IDE=y
CONFIG_BLK_DEV_IDE=y
CONFIG_BLK_DEV_IDEDISK=y
CONFIG_IDEDISK_MULTI_MODE=y
CONFIG_BLK_DEV_IDECD=m
CONFIG_IDE_TASK_IOCTL=y
CONFIG_IDE_TASKFILE_IO=y
CONFIG_BLK_DEV_IDEPCI=y
CONFIG_IDEPCI_SHARE_IRQ=y
CONFIG_BLK_DEV_GENERIC=y
CONFIG_BLK_DEV_IDEDMA_PCI=y
CONFIG_IDEDMA_PCI_AUTO=y
CONFIG_BLK_DEV_ADMA=y
CONFIG_BLK_DEV_SIS5513=y
CONFIG_BLK_DEV_IDEDMA=y
CONFIG_IDEDMA_AUTO=y
CONFIG_NET=y
CONFIG_PACKET=y
CONFIG_PACKET_MMAP=y
CONFIG_UNIX=y
CONFIG_NET_KEY=y
CONFIG_INET=y
CONFIG_INET_ECN=y
CONFIG_INET_AH=y
CONFIG_INET_ESP=y
CONFIG_INET_IPCOMP=y
CONFIG_NETFILTER=y
CONFIG_IP_NF_CONNTRACK=y
CONFIG_IP_NF_FTP=y
CONFIG_IP_NF_IPTABLES=y
CONFIG_IP_NF_MATCH_LIMIT=m
CONFIG_IP_NF_MATCH_MAC=m
CONFIG_IP_NF_MATCH_PKTTYPE=m
CONFIG_IP_NF_MATCH_MARK=m
CONFIG_IP_NF_MATCH_MULTIPORT=m
CONFIG_IP_NF_MATCH_TOS=m
CONFIG_IP_NF_MATCH_ECN=m
CONFIG_IP_NF_MATCH_DSCP=m
CONFIG_IP_NF_MATCH_AH_ESP=m
CONFIG_IP_NF_MATCH_LENGTH=m
CONFIG_IP_NF_MATCH_TTL=m
CONFIG_IP_NF_MATCH_TCPMSS=m
CONFIG_IP_NF_MATCH_HELPER=m
CONFIG_IP_NF_MATCH_STATE=y
CONFIG_IP_NF_MATCH_CONNTRACK=y
CONFIG_IP_NF_MATCH_OWNER=m
CONFIG_IP_NF_FILTER=y
CONFIG_IP_NF_TARGET_REJECT=y
CONFIG_IP_NF_NAT=m
CONFIG_IP_NF_NAT_NEEDED=y
CONFIG_IP_NF_TARGET_MASQUERADE=m
CONFIG_IP_NF_TARGET_REDIRECT=m
CONFIG_IP_NF_NAT_LOCAL=y
CONFIG_IP_NF_NAT_SNMP_BASIC=m
CONFIG_IP_NF_NAT_FTP=m
CONFIG_IP_NF_MANGLE=m
CONFIG_IP_NF_TARGET_TOS=m
CONFIG_IP_NF_TARGET_ECN=m
CONFIG_IP_NF_TARGET_DSCP=m
CONFIG_IP_NF_TARGET_MARK=m
CONFIG_IP_NF_TARGET_LOG=m
CONFIG_IP_NF_TARGET_ULOG=m
CONFIG_IP_NF_TARGET_TCPMSS=m
CONFIG_IP_NF_ARPTABLES=m
CONFIG_XFRM=y
CONFIG_XFRM_USER=y
CONFIG_IPV6_SCTP__=y
CONFIG_NETDEVICES=y
CONFIG_NET_ETHERNET=y
CONFIG_NET_PCI=y
CONFIG_SIS900=y
CONFIG_INPUT=y
CONFIG_INPUT_MOUSEDEV=y
CONFIG_INPUT_MOUSEDEV_PSAUX=y
CONFIG_INPUT_MOUSEDEV_SCREEN_X=1024
CONFIG_INPUT_MOUSEDEV_SCREEN_Y=768
CONFIG_SOUND_GAMEPORT=y
CONFIG_SERIO=y
CONFIG_SERIO_I8042=y
CONFIG_INPUT_KEYBOARD=y
CONFIG_KEYBOARD_ATKBD=y
CONFIG_INPUT_MOUSE=y
CONFIG_MOUSE_PS2=y
CONFIG_VT=y
CONFIG_VT_CONSOLE=y
CONFIG_HW_CONSOLE=y
CONFIG_SERIAL_8250=y
CONFIG_SERIAL_8250_NR_UARTS=4
CONFIG_SERIAL_CORE=y
CONFIG_UNIX98_PTYS=y
CONFIG_UNIX98_PTY_COUNT=256
CONFIG_RTC=y
CONFIG_VIDEO_SELECT=y
CONFIG_VGA_CONSOLE=y
CONFIG_DUMMY_CONSOLE=y
CONFIG_EXT2_FS=m
CONFIG_EXT2_FS_XATTR=y
CONFIG_EXT2_FS_POSIX_ACL=y
CONFIG_EXT2_FS_SECURITY=y
CONFIG_FS_MBCACHE=m
CONFIG_FS_POSIX_ACL=y
CONFIG_XFS_FS=y
CONFIG_XFS_QUOTA=y
CONFIG_XFS_POSIX_ACL=y
CONFIG_QUOTACTL=y
CONFIG_ISO9660_FS=m
CONFIG_JOLIET=y
CONFIG_ZISOFS=y
CONFIG_ZISOFS_FS=m
CONFIG_FAT_FS=m
CONFIG_MSDOS_FS=m
CONFIG_VFAT_FS=m
CONFIG_PROC_FS=y
CONFIG_PROC_KCORE=y
CONFIG_DEVPTS_FS=y
CONFIG_RAMFS=y
CONFIG_MSDOS_PARTITION=y
CONFIG_NLS=y
CONFIG_NLS_DEFAULT="iso8859-1"
CONFIG_NLS_CODEPAGE_437=y
CONFIG_NLS_CODEPAGE_1251=y
CONFIG_NLS_ISO8859_1=y
CONFIG_NLS_UTF8=y
CONFIG_CRYPTO=y
CONFIG_CRYPTO_HMAC=y
CONFIG_CRYPTO_NULL=m
CONFIG_CRYPTO_MD4=m
CONFIG_CRYPTO_MD5=y
CONFIG_CRYPTO_SHA1=y
CONFIG_CRYPTO_SHA256=m
CONFIG_CRYPTO_SHA512=m
CONFIG_CRYPTO_DES=y
CONFIG_CRYPTO_BLOWFISH=m
CONFIG_CRYPTO_TWOFISH=m
CONFIG_CRYPTO_SERPENT=m
CONFIG_CRYPTO_AES=y
CONFIG_CRYPTO_CAST5=m
CONFIG_CRYPTO_CAST6=m
CONFIG_CRYPTO_DEFLATE=y
CONFIG_CRYPTO_TEST=m
CONFIG_CRC32=y
CONFIG_ZLIB_INFLATE=y
CONFIG_ZLIB_DEFLATE=y
CONFIG_X86_BIOS_REBOOT=y
wwell Larry
 
[unhandled content-type:application/pgp-signature]