Date: Wed, 1 Nov 2006 22:14:32 -0500
From: "Ivan Matveich" <>
Subject: [airo.c bug] Couldn't allocate RX FID / Max tries exceeded when issueing command
Sender: linux-kernel-owner@vger.kernel.org
Precedence: bulk
List-ID: <linux-kernel.vger.kernel.org>
X-Mailing-List: linux-kernel@vger.kernel.org
X-Lkml-Link: https://lkml.org/lkml/2006/11/1/436

hardware: ibm thinkpad t30
kernel: 2.6.18
problem:
airo(): Probing for PCI adapters
ACPI: PCI Interrupt Link [LNKC] enabled at IRQ 11
ACPI: PCI Interrupt 0000:02:02.0[A] -> Link [LNKC] -> GSI 11 (level,
low) -> IRQ 11
airo(eth1): Found an MPI350 card
airo(eth1): Max tries exceeded when issueing command
airo(eth1): Couldn't allocate RX FID
airo(eth1): Could not map memory
airo(): Finished probing for PCI adapters
Any ideas?
1) Firmware upgrade/downgrade? (How?)
2) Command sequence to better reset the card? Documentation?
My complete dmesg log (at loglevel=8) follows. TIA.
Linux version 2.6.18 (root@ibm) (gcc version 4.1.2 20060901 (prerelease) (Debian 4.1.1-13)) #10 PREEMPT Wed Nov 1 21:15:56 EST 2006
BIOS-provided physical RAM map:
 BIOS-e820: 0000000000000000 - 000000000009f000 (usable)
 BIOS-e820: 000000000009f000 - 00000000000a0000 (reserved)
 BIOS-e820: 00000000000d2000 - 00000000000d4000 (reserved)
 BIOS-e820: 00000000000dc000 - 0000000000100000 (reserved)
 BIOS-e820: 0000000000100000 - 000000000ff60000 (usable)
 BIOS-e820: 000000000ff60000 - 000000000ff7a000 (ACPI data)
 BIOS-e820: 000000000ff7a000 - 000000000ff7c000 (ACPI NVS)
 BIOS-e820: 000000000ff7c000 - 0000000010000000 (reserved)
 BIOS-e820: 00000000ff800000 - 0000000100000000 (reserved)
255MB LOWMEM available.
On node 0 totalpages: 65376
  DMA zone: 4096 pages, LIFO batch:0
  Normal zone: 61280 pages, LIFO batch:15
DMI present.
ACPI: RSDP (v002 IBM                                   ) @ 0x000f7010
ACPI: XSDT (v001 IBM    TP-1I    0x00002010  LTP 0x00000000) @ 0x0ff6f3a8
ACPI: FADT (v001 IBM    TP-1I    0x00002010 IBM  0x00000001) @ 0x0ff6f3f4
ACPI: SSDT (v001 IBM    TP-1I    0x00002010 MSFT 0x0100000d) @ 0x0ff6f4a8
ACPI: ECDT (v001 IBM    TP-1I    0x00002010 IBM  0x00000001) @ 0x0ff79f55
ACPI: TCPA (v001 IBM    TP-1I    0x00002010 PTL  0x00000001) @ 0x0ff79fa6
ACPI: BOOT (v001 IBM    TP-1I    0x00002010  LTP 0x00000001) @ 0x0ff79fd8
ACPI: DSDT (v001 IBM    TP-1I    0x00002010 MSFT 0x0100000d) @ 0x00000000
ACPI: PM-Timer IO Port: 0x1008
Allocating PCI resources starting at 20000000 (gap: 10000000:ef800000)
Detected 1794.240 MHz processor.
Built 1 zonelists.  Total pages: 65376
Kernel command line: root=/dev/hda1 video=radeonfb:1400x1050 resume=/dev/hda2 loglevel=8
Enabling fast FPU save and restore... done.
Enabling unmasked SIMD FPU exception support... done.
Initializing CPU#0
PID hash table entries: 1024 (order: 10, 4096 bytes)
Console: colour VGA+ 80x25
Dentry cache hash table entries: 32768 (order: 5, 131072 bytes)
Inode-cache hash table entries: 16384 (order: 4, 65536 bytes)
Memory: 251508k/261504k available (3644k kernel code, 9564k reserved, 2105k data, 196k init, 0k highmem)
Checking if this processor honours the WP bit even in supervisor mode... Ok.
Calibrating delay using timer specific routine.. 3590.11 BogoMIPS (lpj=1795059)
Security Framework v1.0.0 initialized
Capability LSM initialized
Mount-cache hash table entries: 512
CPU: After generic identify, caps: 3febf9ff 00000000 00000000 00000000 00000000 00000000 00000000
CPU: After vendor identify, caps: 3febf9ff 00000000 00000000 00000000 00000000 00000000 00000000
CPU: Trace cache: 12K uops, L1 D cache: 8K
CPU: L2 cache: 512K
CPU: After all inits, caps: 3febf9ff 00000000 00000000 00000080 00000000 00000000 00000000
Intel machine check architecture supported.
Intel machine check reporting enabled on CPU#0.
CPU0: Intel P4/Xeon Extended MCE MSRs (12) available
CPU: Intel(R) Pentium(R) 4 Mobile CPU 1.80GHz stepping 04
Checking 'hlt' instruction... OK.
ACPI: Core revision 20060707
ACPI: setting ELCR to 0200 (from 0800)
PM: Adding info for No Bus:platform
NET: Registered protocol family 16
ACPI: ACPI Dock Station Driver 
ACPI: bus type pci registered
PCI: PCI BIOS revision 2.10 entry at 0xfd8fe, last bus=8
PCI: Using configuration type 1
Setting up standard PCI resources
ACPI: Found ECDT
ACPI: Could not use ECDT
ACPI Error (evregion-0317): No handler for Region [ECOR] (cff4e72c) [EmbeddedControl] [20060707]
ACPI Error (exfldio-0290): Region EmbeddedControl(3) has no handler [20060707]
ACPI Exception (dswexec-0458): AE_NOT_EXIST, While resolving operands for [OpcodeName unavailable] [20060707]
ACPI Error (psparse-0537): Method parse/execution failed [\_SB_.PCI0.LPC_.FDC_._INI] (Node cff5a888), AE_NOT_EXIST
ACPI Error (evregion-0317): No handler for Region [ECOR] (cff4e72c) [EmbeddedControl] [20060707]
ACPI Error (exfldio-0290): Region EmbeddedControl(3) has no handler [20060707]
ACPI Error (psparse-0537): Method parse/execution failed [\_SB_.PCI0.LPC_.EC__._INI] (Node cff56b6c), AE_NOT_EXIST
ACPI: Interpreter enabled
ACPI: Using PIC for interrupt routing
PM: Adding info for acpi:acpi
ACPI: PCI Interrupt Link [LNKA] (IRQs 3 4 5 6 7 9 10 *11)
ACPI: PCI Interrupt Link [LNKB] (IRQs 3 4 5 6 7 9 10 *11)
ACPI: PCI Interrupt Link [LNKC] (IRQs 3 4 5 6 7 9 10 *11)
ACPI: PCI Interrupt Link [LNKD] (IRQs 3 4 5 6 7 9 10 *11)
ACPI: PCI Interrupt Link [LNKE] (IRQs 3 4 5 6 7 9 10 *11)
ACPI: PCI Interrupt Link [LNKF] (IRQs 3 4 5 6 7 9 10 11) *0, disabled.
ACPI: PCI Interrupt Link [LNKG] (IRQs 3 4 5 6 7 9 10 11) *0, disabled.
ACPI: PCI Interrupt Link [LNKH] (IRQs 3 4 5 6 7 9 10 11) *0, disabled.
ACPI: PCI Root Bridge [PCI0] (0000:00)
PCI: Probing PCI hardware (bus 00)
PM: Adding info for No Bus:pci0000:00
ACPI Error (evregion-0317): No handler for Region [ECOR] (cff4e72c) [EmbeddedControl] [20060707]
ACPI Error (exfldio-0290): Region EmbeddedControl(3) has no handler [20060707]
ACPI Exception (dswexec-0458): AE_NOT_EXIST, While resolving operands for [OpcodeName unavailable] [20060707]
ACPI Error (psparse-0537): Method parse/execution failed [\_SB_.PCI0.LPC_.EC__.BAT0._STA] (Node cff56edc), AE_NOT_EXIST
ACPI Error (uteval-0212): Method execution failed [\_SB_.PCI0.LPC_.EC__.BAT0._STA] (Node cff56edc), AE_NOT_EXIST
ACPI Error (evregion-0317): No handler for Region [ECOR] (cff4e72c) [EmbeddedControl] [20060707]
ACPI Error (exfldio-0290): Region EmbeddedControl(3) has no handler [20060707]
ACPI Exception (dswexec-0458): AE_NOT_EXIST, While resolving operands for [OpcodeName unavailable] [20060707]
ACPI Error (psparse-0537): Method parse/execution failed [\_SB_.PCI0.LPC_.EC__.BAT1._STA] (Node cff56dec), AE_NOT_EXIST
ACPI Error (uteval-0212): Method execution failed [\_SB_.PCI0.LPC_.EC__.BAT1._STA] (Node cff56dec), AE_NOT_EXIST
ACPI Error (evregion-0317): No handler for Region [ECOR] (cff4e72c) [EmbeddedControl] [20060707]
ACPI Error (exfldio-0290): Region EmbeddedControl(3) has no handler [20060707]
ACPI Exception (dswexec-0458): AE_NOT_EXIST, While resolving operands for [OpcodeName unavailable] [20060707]
ACPI Error (psparse-0537): Method parse/execution failed [\_SB_.PCI0.LPC_.EC__.BGID] (Node cff5a950), AE_NOT_EXIST
ACPI Error (psparse-0537): Method parse/execution failed [\_SB_.PCI0.LPC_.EC__.BINI] (Node cff5a964), AE_NOT_EXIST
ACPI Error (psparse-0537): Method parse/execution failed [\_SB_.PCI0.LPC_.EC__.BSTA] (Node cff5a98c), AE_NOT_EXIST
ACPI Error (psparse-0537): Method parse/execution failed [\_SB_.PCI0.IDE0.SCND.MSTR._STA] (Node cff5a8c4), AE_NOT_EXIST
ACPI Error (uteval-0212): Method execution failed [\_SB_.PCI0.IDE0.SCND.MSTR._STA] (Node cff5a8c4), AE_NOT_EXIST
ACPI Error (evregion-0317): No handler for Region [ECOR] (cff4e72c) [EmbeddedControl] [20060707]
ACPI Error (exfldio-0290): Region EmbeddedControl(3) has no handler [20060707]
ACPI Exception (dswexec-0458): AE_NOT_EXIST, While resolving operands for [OpcodeName unavailable] [20060707]
ACPI Error (psparse-0537): Method parse/execution failed [\_SB_.PCI0.LPC_.EC__.BGID] (Node cff5a950), AE_NOT_EXIST
ACPI Error (psparse-0537): Method parse/execution failed [\_SB_.PCI0.LPC_.EC__.BINI] (Node cff5a964), AE_NOT_EXIST
ACPI Error (psparse-0537): Method parse/execution failed [\_SB_.PCI0.LPC_.EC__.BSTA] (Node cff5a98c), AE_NOT_EXIST
ACPI Error (psparse-0537): Method parse/execution failed [\_SB_.PCI0.USB0.URTH.UNST._STA] (Node cff5a338), AE_NOT_EXIST
ACPI Error (uteval-0212): Method execution failed [\_SB_.PCI0.USB0.URTH.UNST._STA] (Node cff5a338), AE_NOT_EXIST
ACPI Error (evregion-0317): No handler for Region [ECOR] (cff4e72c) [EmbeddedControl] [20060707]
ACPI Error (exfldio-0290): Region EmbeddedControl(3) has no handler [20060707]
ACPI Exception (dswexec-0458): AE_NOT_EXIST, While resolving operands for [OpcodeName unavailable] [20060707]
ACPI Error (psparse-0537): Method parse/execution failed [\_SB_.PCI0.LPC_.EC__.BGID] (Node cff5a950), AE_NOT_EXIST
ACPI Error (psparse-0537): Method parse/execution failed [\_SB_.PCI0.LPC_.EC__.BINI] (Node cff5a964), AE_NOT_EXIST
ACPI Error (psparse-0537): Method parse/execution failed [\_SB_.PCI0.LPC_.EC__.BSTA] (Node cff5a98c), AE_NOT_EXIST
ACPI Error (psparse-0537): Method parse/execution failed [\_SB_.NEST._STA] (Node cff5a7c0), AE_NOT_EXIST
ACPI Error (uteval-0212): Method execution failed [\_SB_.NEST._STA] (Node cff5a7c0), AE_NOT_EXIST
PCI quirk: region 1000-107f claimed by ICH4 ACPI/GPIO/TCO
PCI quirk: region 1180-11bf claimed by ICH4 GPIO
PCI: Ignoring BAR0-3 of IDE controller 0000:00:1f.1
Boot video device is 0000:01:00.0
PCI: Firmware left 0000:02:08.0 e100 interrupts enabled, disabling
PCI: Transparent bridge - 0000:00:1e.0
ACPI: PCI Interrupt Routing Table [\_SB_.PCI0._PRT]
PM: Adding info for pci:0000:00:00.0
PM: Adding info for pci:0000:00:01.0
PM: Adding info for pci:0000:00:1d.0
PM: Adding info for pci:0000:00:1d.1
PM: Adding info for pci:0000:00:1d.2
PM: Adding info for pci:0000:00:1e.0
PM: Adding info for pci:0000:00:1f.0
PM: Adding info for pci:0000:00:1f.1
PM: Adding info for pci:0000:00:1f.3
PM: Adding info for pci:0000:00:1f.5
PM: Adding info for pci:0000:00:1f.6
PM: Adding info for pci:0000:01:00.0
PM: Adding info for pci:0000:02:00.0
PM: Adding info for pci:0000:02:00.1
PM: Adding info for pci:0000:02:02.0
PM: Adding info for pci:0000:02:08.0
ACPI: Embedded Controller [EC] (gpe 28) interrupt mode.
ACPI: Power Resource [PUBS] (on)
ACPI: PCI Interrupt Routing Table [\_SB_.PCI0.AGP_._PRT]
ACPI: PCI Interrupt Routing Table [\_SB_.PCI0.PCI1._PRT]
SCSI subsystem initialized
usbcore: registered new driver usbfs
usbcore: registered new driver hub
PCI: Using ACPI for IRQ routing
PCI: If a device doesn't work, try "pci=routeirq".  If it helps, post a report
PCI: Bridge: 0000:00:01.0
  IO window: 3000-3fff
  MEM window: d0100000-d01fffff
  PREFETCH window: e8000000-efffffff
PCI: Bus 3, cardbus bridge: 0000:02:00.0
  IO window: 00004000-000040ff
  IO window: 00004400-000044ff
  PREFETCH window: f0000000-f1ffffff
  MEM window: d2000000-d3ffffff
PCI: Bus 7, cardbus bridge: 0000:02:00.1
  IO window: 00004800-000048ff
  IO window: 00004c00-00004cff
  PREFETCH window: f2000000-f3ffffff
  MEM window: d4000000-d5ffffff
PCI: Bridge: 0000:00:1e.0
  IO window: 4000-8fff
  MEM window: d0200000-dfffffff
  PREFETCH window: f0000000-f7ffffff
PCI: Setting latency timer of device 0000:00:1e.0 to 64
ACPI: PCI Interrupt Link [LNKA] enabled at IRQ 11
PCI: setting IRQ 11 as level-triggered
ACPI: PCI Interrupt 0000:02:00.0[A] -> Link [LNKA] -> GSI 11 (level, low) -> IRQ 11
ACPI: PCI Interrupt Link [LNKB] enabled at IRQ 11
ACPI: PCI Interrupt 0000:02:00.1[B] -> Link [LNKB] -> GSI 11 (level, low) -> IRQ 11
NET: Registered protocol family 2
IP route cache hash table entries: 2048 (order: 1, 8192 bytes)
TCP established hash table entries: 8192 (order: 3, 32768 bytes)
TCP bind hash table entries: 4096 (order: 2, 16384 bytes)
TCP: Hash tables configured (established 8192 bind 4096)
TCP reno registered
PM: Adding info for platform:pcspkr
Simple Boot Flag at 0x35 set to 0x1
Machine check exception polling timer started.
speedstep: frequency transition measured seems out of range (0 nSec), falling back to a safe one of 500000 nSec.
IA-32 Microcode Update Driver: v1.14a <tigran@veritas.com>
audit: initializing netlink socket (disabled)
audit(1162435562.556:1): initialized
Total HugeTLB memory allocated, 0
VFS: Disk quotas dquot_6.5.1
Dquot-cache hash table entries: 1024 (order 0, 4096 bytes)
Installing knfsd (copyright (C) 1996 okir@monad.swb.de).
fuse init (API version 7.7)
seclvl: seclvl_init: seclvl: Failure registering with the kernel.
seclvl: seclvl_init: seclvl: Failure registering with primary security module.
seclvl: Error during initialization: rc = [-22]
Initializing Cryptographic API
io scheduler noop registered
io scheduler anticipatory registered (default)
ACPI: PCI Interrupt 0000:01:00.0[A] -> Link [LNKA] -> GSI 11 (level, low) -> IRQ 11
radeonfb: Retrieved PLL infos from BIOS
radeonfb: Reference=27.00 MHz (RefDiv=12) Memory=260.00 Mhz, System=183.00 MHz
radeonfb: PLL min 12000 max 35000
PM: Adding info for No Bus:i2c-0
PM: Adding info for No Bus:i2c-1
PM: Adding info for No Bus:i2c-2
PM: Adding info for No Bus:i2c-3
Non-DDC laptop panel detected
radeonfb: Monitor 1 type LCD found
radeonfb: Monitor 2 type no found
radeonfb: panel ID string: SXGA+ Single (85MHz)    
radeonfb: detected LVDS panel size from BIOS: 1400x1050
radeondb: BIOS provided dividers will be used
radeonfb: Dynamic Clock Power Management enabled
radeonfb: IBM Thinkpad T30 detected, enabling workaround
Console: switching to colour frame buffer device 175x65
radeonfb (0000:01:00.0): ATI Radeon LW 
ACPI: AC Adapter [AC] (on-line)
ACPI: Battery Slot [BAT0] (battery present)
ACPI: Power Button (FF) [PWRF]
ACPI: Lid Switch [LID]
ACPI: Sleep Button (CM) [SLPB]
ACPI: Video Device [VID] (multi-head: yes  rom: no  post: no)
Using specific hotkey driver
ACPI: CPU0 (power states: C1[C1] C2[C2] C3[C3])
ACPI: Processor [CPU] (supports 8 throttling states)
ACPI: Thermal Zone [THM0] (48 C)
ibm_acpi: IBM ThinkPad ACPI Extras v0.12a
ibm_acpi: 
http://ibm-acpi.sf.net/
Real Time Clock Driver v1.12ac
Non-volatile memory driver v1.2
Linux agpgart interface v0.101 (c) Dave Jones
agpgart: Detected an Intel i845 Chipset.
agpgart: AGP aperture is 64M @ 0xe0000000
[drm] Initialized drm 1.0.1 20051102
[drm] Initialized radeon 1.25.0 20060524 on minor 0
Serial: 8250/16550 driver $Revision: 1.90 $ 4 ports, IRQ sharing disabled
PM: Adding info for platform:serial8250
ACPI: PCI Interrupt 0000:00:1f.6[B] -> Link [LNKB] -> GSI 11 (level, low) -> IRQ 11
ACPI: PCI interrupt for device 0000:00:1f.6 disabled
RAMDISK driver initialized: 16 RAM disks of 4096K size 1024 blocksize
loop: loaded (max 8 devices)
nbd: registered device at major 43
Ethernet Channel Bonding Driver: v3.0.3 (March 23, 2006)
bonding: Warning: either miimon or arp_interval and arp_ip_target module parameters must be specified, otherwise bonding will not detect link failures! see bonding.txt for details.
e100: Intel(R) PRO/100 Network Driver, 3.5.10-k2-NAPI
e100: Copyright(c) 1999-2005 Intel Corporation
ACPI: PCI Interrupt Link [LNKE] enabled at IRQ 11
ACPI: PCI Interrupt 0000:02:08.0[A] -> Link [LNKE] -> GSI 11 (level, low) -> IRQ 11
e100: eth0: e100_probe: addr 0xd0204000, irq 11, MAC addr 00:09:6B:30:29:A3
PPP generic driver version 2.4.2
PPP Deflate Compression module registered
PPP BSD Compression module registered
PPP MPPE Compression module registered
NET: Registered protocol family 24
tun: Universal TUN/TAP device driver, 1.6
tun: (C) 1999-2004 Max Krasnyansky <maxk@qualcomm.com>
airo(): Probing for PCI adapters
ACPI: PCI Interrupt Link [LNKC] enabled at IRQ 11
ACPI: PCI Interrupt 0000:02:02.0[A] -> Link [LNKC] -> GSI 11 (level, low) -> IRQ 11
airo(eth1): Found an MPI350 card
airo(eth1): Max tries exceeded when issueing command
airo(eth1): Couldn't allocate RX FID
airo(eth1): Could not map memory
airo(): Finished probing for PCI adapters
netconsole: not configured, aborting
Uniform Multi-Platform E-IDE driver Revision: 7.00alpha2
ide: Assuming 33MHz system bus speed for PIO modes; override with idebus=xx
ICH3M: IDE controller at PCI slot 0000:00:1f.1
PCI: Enabling device 0000:00:1f.1 (0005 -> 0007)
ACPI: PCI Interrupt 0000:00:1f.1[A] -> Link [LNKC] -> GSI 11 (level, low) -> IRQ 11
ICH3M: chipset revision 2
ICH3M: not 100% native mode: will probe irqs later
    ide0: BM-DMA at 0x1860-0x1867, BIOS settings: hda:DMA, hdb:pio
    ide1: BM-DMA at 0x1868-0x186f, BIOS settings: hdc:DMA, hdd:pio
Probing IDE interface ide0...
hda: IC25N040ATCS05-0, ATA DISK drive
PM: Adding info for No Bus:ide0
ide0 at 0x1f0-0x1f7,0x3f6 on irq 14
PM: Adding info for ide:0.0
Probing IDE interface ide1...
hdc: DW-28E, ATAPI CD/DVD-ROM drive
PM: Adding info for No Bus:ide1
ide1 at 0x170-0x177,0x376 on irq 15
PM: Adding info for ide:1.0
hda: max request size: 128KiB
hda: 78140160 sectors (40007 MB) w/7898KiB Cache, CHS=65535/16/63, UDMA(100)
hda: cache flushes not supported
 hda: hda1 hda2
hdc: ATAPI 24X DVD-ROM CD-R/RW drive, 1658kB Cache, UDMA(33)
Uniform CD-ROM driver Revision: 3.20
Yenta: CardBus bridge found at 0000:02:00.0 [1014:0512]
Yenta: Using INTVAL to route CSC interrupts to PCI
Yenta: Routing CardBus interrupts to PCI
Yenta TI: socket 0000:02:00.0, mfunc 0x01d21022, devctl 0x64
Yenta: ISA IRQ mask 0x04b8, PCI irq 11
Socket status: 30000006
pcmcia: parent PCI bridge I/O window: 0x4000 - 0x8fff
pcmcia: parent PCI bridge Memory window: 0xd0200000 - 0xdfffffff
pcmcia: parent PCI bridge Memory window: 0xf0000000 - 0xf7ffffff
Yenta: CardBus bridge found at 0000:02:00.1 [1014:0512]
Yenta: Using INTVAL to route CSC interrupts to PCI
Yenta: Routing CardBus interrupts to PCI
Yenta TI: socket 0000:02:00.1, mfunc 0x01d21022, devctl 0x64
Yenta: ISA IRQ mask 0x04b8, PCI irq 11
Socket status: 30000006
pcmcia: parent PCI bridge I/O window: 0x4000 - 0x8fff
pcmcia: parent PCI bridge Memory window: 0xd0200000 - 0xdfffffff
pcmcia: parent PCI bridge Memory window: 0xf0000000 - 0xf7ffffff
ohci_hcd: 2005 April 22 USB 1.1 'Open' Host Controller (OHCI) Driver (PCI)
USB Universal Host Controller Interface driver v3.0
ACPI: PCI Interrupt 0000:00:1d.0[A] -> Link [LNKA] -> GSI 11 (level, low) -> IRQ 11
PCI: Setting latency timer of device 0000:00:1d.0 to 64
uhci_hcd 0000:00:1d.0: UHCI Host Controller
uhci_hcd 0000:00:1d.0: new USB bus registered, assigned bus number 1
uhci_hcd 0000:00:1d.0: irq 11, io base 0x00001800
PM: Adding info for usb:usb1
PM: Adding info for No Bus:usbdev1.1_ep00
usb usb1: configuration #1 chosen from 1 choice
PM: Adding info for usb:1-0:1.0
hub 1-0:1.0: USB hub found
hub 1-0:1.0: 2 ports detected
PM: Adding info for No Bus:usbdev1.1_ep81
ACPI: PCI Interrupt Link [LNKD] enabled at IRQ 11
ACPI: PCI Interrupt 0000:00:1d.1[B] -> Link [LNKD] -> GSI 11 (level, low) -> IRQ 11
PCI: Setting latency timer of device 0000:00:1d.1 to 64
uhci_hcd 0000:00:1d.1: UHCI Host Controller
uhci_hcd 0000:00:1d.1: new USB bus registered, assigned bus number 2
uhci_hcd 0000:00:1d.1: irq 11, io base 0x00001820
PM: Adding info for usb:usb2
PM: Adding info for No Bus:usbdev2.1_ep00
usb usb2: configuration #1 chosen from 1 choice
PM: Adding info for usb:2-0:1.0
hub 2-0:1.0: USB hub found
hub 2-0:1.0: 2 ports detected
PM: Adding info for No Bus:usbdev2.1_ep81
ACPI: PCI Interrupt 0000:00:1d.2[C] -> Link [LNKC] -> GSI 11 (level, low) -> IRQ 11
PCI: Setting latency timer of device 0000:00:1d.2 to 64
uhci_hcd 0000:00:1d.2: UHCI Host Controller
uhci_hcd 0000:00:1d.2: new USB bus registered, assigned bus number 3
uhci_hcd 0000:00:1d.2: irq 11, io base 0x00001840
PM: Adding info for usb:usb3
PM: Adding info for No Bus:usbdev3.1_ep00
usb usb3: configuration #1 chosen from 1 choice
PM: Adding info for usb:3-0:1.0
hub 3-0:1.0: USB hub found
hub 3-0:1.0: 2 ports detected
PM: Adding info for No Bus:usbdev3.1_ep81
usbcore: registered new driver usblp
drivers/usb/class/usblp.c: v0.13: USB Printer Device Class driver
Initializing USB Mass Storage driver...
usbcore: registered new driver usb-storage
USB Mass Storage support registered.
usbcore: registered new driver libusual
usbcore: registered new driver usbhid
drivers/usb/input/hid-core.c: v2.6:USB HID core driver
PM: Adding info for platform:i8042
serio: i8042 AUX port at 0x60,0x64 irq 12
PM: Adding info for serio:serio0
serio: i8042 KBD port at 0x60,0x64 irq 1
PM: Adding info for serio:serio1
mice: PS/2 mouse device common for all mice
md: linear personality registered for level -1
md: raid0 personality registered for level 0
md: raid1 personality registered for level 1
md: raid10 personality registered for level 10
md: multipath personality registered for level -4
md: faulty personality registered for level -5
md: md driver 0.90.3 MAX_MD_DEVS=256, MD_SB_DISKS=27
md: bitmap version 4.39
device-mapper: ioctl: 4.7.0-ioctl (2006-06-24) initialised: dm-devel@redhat.com
device-mapper: multipath: version 1.0.4 loaded
device-mapper: multipath round-robin: version 1.0.0 loaded
device-mapper: multipath emc: version 0.0.3 loaded
input: AT Translated Set 2 keyboard as /class/input/input0
sdhci: Secure Digital Host Controller Interface driver, 0.12
sdhci: Copyright(c) Pierre Ossman
wbsd: Winbond W83L51xD SD/MMC card interface driver, 1.6
wbsd: Copyright(c) Pierre Ossman
Synaptics Touchpad, model: 1, fw: 5.9, id: 0x2c6ab1, caps: 0x884793/0x0
serio: Synaptics pass-through port at isa0060/serio1/input0
input: SynPS/2 Synaptics TouchPad as /class/input/input1
PM: Adding info for serio:serio2
PM: Adding info for platform:wbsd
Advanced Linux Sound Architecture Driver Version 1.0.12rc1 (Thu Jun 22 13:55:50 2006 UTC).
ACPI: PCI Interrupt 0000:00:1f.5[B] -> Link [LNKB] -> GSI 11 (level, low) -> IRQ 11
PCI: Setting latency timer of device 0000:00:1f.5 to 64
intel8x0_measure_ac97_clock: measured 50992 usecs
intel8x0: clocking to 48000
PM: Adding info for ac97:0-0:AD1881A
PCI: Enabling device 0000:00:1f.6 (0000 -> 0001)
ACPI: PCI Interrupt 0000:00:1f.6[B] -> Link [LNKB] -> GSI 11 (level, low) -> IRQ 11
PCI: Setting latency timer of device 0000:00:1f.6 to 64
PM: Adding info for ac97:1-1:Si3036,8
ALSA device list:
  #0: Intel 82801CA-ICH3 with AD1881A at 0x1c00, irq 11
  #1: Intel 82801CA-ICH3 Modem at 0x2400, irq 11
oprofile: using timer interrupt.
NET: Registered protocol family 26
GACT probability on
Mirror/redirect action on
Simple TC action Loaded
netem: version 1.2
u32 classifier
    Performance counters on
    input device check on 
    Actions configured 
Netfilter messages via NETLINK v0.30.
IPv4 over IPv4 tunneling driver
GRE over IPv4 tunneling driver
ip_conntrack version 2.4 (2043 buckets, 16344 max) - 224 bytes per conntrack
ctnetlink v0.90: registering with nfnetlink.
ip_conntrack_pptp version 3.1 loaded
ip_nat_pptp version 3.0 loaded
ip_tables: (C) 2000-2006 Netfilter Core Team
ClusterIP Version 0.8 loaded successfully
arp_tables: (C) 2002 David S. Miller
TCP bic registered
TCP cubic registered
TCP westwood registered
TCP highspeed registered
TCP hybla registered
TCP htcp registered
TCP vegas registered
TCP scalable registered
Initializing IPsec netlink socket
NET: Registered protocol family 1
NET: Registered protocol family 17
NET: Registered protocol family 15
Bridge firewalling registered
Ebtables v2.0 registered
ebt_ulog: not logging via ulog since somebody else already registered for PF_BRIDGE
802.1Q VLAN Support v1.8 Ben Greear <greearb@candelatech.com>
All bugs added by David S. Miller <davem@redhat.com>
CCID: Registered CCID 3 (ccid3)
CCID: Registered CCID 2 (ccid2)
SCTP: Hash tables configured (established 8192 bind 16384)
ieee80211: 802.11 data/management/control stack, git-1.1.13
ieee80211: Copyright (C) 2004-2005 Intel Corporation <jketreno@linux.intel.com>
ieee80211_crypt: registered algorithm 'NULL'
ieee80211_crypt: registered algorithm 'WEP'
ieee80211_crypt: registered algorithm 'CCMP'
TIPC: Activated (version 1.6.1 compiled Nov  1 2006 21:15:10)
NET: Registered protocol family 30
TIPC: Started in single node mode
Using IPI Shortcut mode
swsusp: Resume From Partition /dev/hda2
Time: tsc clocksource has been installed.
Time: acpi_pm clocksource has been installed.
PM: Checking swsusp image.
PM: Resume from disk failed.
ACPI: (supports S0 S3 S4 S5)
drivers/rtc/hctosys.c: unable to open rtc device (rtc0)
md: Autodetecting RAID arrays.
md: autorun ...
md: ... autorun DONE.
kjournald starting.  Commit interval 5 seconds
EXT3-fs: mounted filesystem with ordered data mode.
VFS: Mounted root (ext3 filesystem) readonly.
Freeing unused kernel memory: 196k freed
IBM TrackPoint firmware: 0x0e, buttons: 3/3
input: TPPS/2 IBM TrackPoint as /class/input/input2
Adding 747012k swap on /dev/hda2.  Priority:-1 extents:1 across:747012k
EXT3 FS on hda1, internal journal
input: /usr/sbin/thinkpad-keys as /class/input/input3
NFSD: Using /var/lib/nfs/v4recovery as the NFSv4 state recovery directory
NFSD: starting 90-second grace period
mtrr: 0xe8000000,0x8000000 overlaps existing 0xe8000000,0x1000000
mtrr: 0xe8000000,0x8000000 overlaps existing 0xe8000000,0x1000000