Date: Wed, 7 Jan 2004 22:43:54 +0200 (EET)
From:  caszonyi@rdslink ...
Subject: Unable to handle ... with 2.6.0 (bttv related)
Sender: linux-kernel-owner@vger.kernel.org
Precedence: bulk
List-ID: <linux-kernel.vger.kernel.org>
X-Mailing-List: linux-kernel@vger.kernel.org
X-Lkml-Link: https://lkml.org/lkml/2004/1/7/233

I was recording from tv with transcode while xawtv was running.
First time I had a kernel crash with  "Fatal exception in interrupt"
Second and third time i had the messages from the "bug" file (attached)
I can reproduce the problem but it seems it's not the same every time
Attached are also:
- config
- program versions
- /etc/modules.conf
- dmesg
--
"A mouse is a device used to point at
the xterm you want to type in".
Kim Alm on a.s.r.Linux version 2.6.0 (root@grinch) (gcc version 3.2.3) #12 Wed Jan 7 17:35:41 EET 2004
BIOS-provided physical RAM map:
 BIOS-e820: 0000000000000000 - 000000000009fc00 (usable)
 BIOS-e820: 000000000009fc00 - 00000000000a0000 (reserved)
 BIOS-e820: 00000000000f0000 - 0000000000100000 (reserved)
 BIOS-e820: 0000000000100000 - 000000000fff0000 (usable)
 BIOS-e820: 000000000fff0000 - 000000000fff3000 (ACPI NVS)
 BIOS-e820: 000000000fff3000 - 0000000010000000 (ACPI data)
 BIOS-e820: 00000000ffff0000 - 0000000100000000 (reserved)
255MB LOWMEM available.
On node 0 totalpages: 65520
  DMA zone: 4096 pages, LIFO batch:1
  Normal zone: 61424 pages, LIFO batch:14
  HighMem zone: 0 pages, LIFO batch:1
DMI not present.
Building zonelist for node : 0
Kernel command line: BOOT_IMAGE=k260ga ro root=306 psmouse_noext nmi_watchdog=2
Local APIC disabled by BIOS -- reenabling.
Found and enabled local APIC!
Initializing CPU#0
PID hash table entries: 1024 (order 10: 8192 bytes)
Detected 700.428 MHz processor.
Console: colour VGA+ 132x25
Memory: 254016k/262080k available (3200k kernel code, 7336k reserved, 811k data, 352k init, 0k highmem)
Calibrating delay loop... 1372.16 BogoMIPS
Dentry cache hash table entries: 32768 (order: 5, 131072 bytes)
Inode-cache hash table entries: 16384 (order: 4, 65536 bytes)
Mount-cache hash table entries: 512 (order: 0, 4096 bytes)
CPU:     After generic identify, caps: 0183fbff c1c7fbff 00000000 00000000
CPU:     After vendor identify, caps: 0183fbff c1c7fbff 00000000 00000000
CPU: L1 I Cache: 64K (64 bytes/line), D cache 64K (64 bytes/line)
CPU: L2 Cache: 64K (64 bytes/line)
CPU:     After all inits, caps: 0183fbff c1c7fbff 00000000 00000020
Intel machine check architecture supported.
Intel machine check reporting enabled on CPU#0.
CPU: AMD Duron(tm) Processor stepping 01
Enabling fast FPU save and restore... done.
Checking 'hlt' instruction... OK.
POSIX conformance testing by UNIFIX
enabled ExtINT on CPU#0
ESR value before enabling vector: 00000000
ESR value after enabling vector: 00000000
testing NMI watchdog ... OK.
Using local APIC timer interrupts.
calibrating APIC timer ...
..... CPU clock speed is 699.0950 MHz.
..... host bus clock speed is 199.0985 MHz.
NET: Registered protocol family 16
PCI: Using configuration type 1
mtrr: v2.0 (20020519)
Linux Plug and Play Support v0.97 (c) Adam Belay
pnp: the driver 'system' has been registered
PnPBIOS: Scanning system for PnP BIOS support...
PnPBIOS: Found PnP BIOS installation structure at 0xc00fbdf0
PnPBIOS: PnP BIOS version 1.0, entry 0xf0000:0xbe20, dseg 0xf0000
pnp: match found with the PnP device '00:07' and the driver 'system'
pnp: match found with the PnP device '00:08' and the driver 'system'
pnp: match found with the PnP device '00:0b' and the driver 'system'
pnp: 00:0b: ioport range 0x208-0x20f has been reserved
spurious 8259A interrupt: IRQ7.
PnPBIOS: 16 nodes reported by PnP BIOS; 16 recorded by driver
PCI: Probing PCI hardware
PCI: Probing PCI hardware (bus 00)
Disabling VIA memory write queue (PCI ID 0305, rev 02): [55] 81 & 1f -> 01
PCI: Using IRQ router VIA [1106/0686] at 0000:00:07.0
Machine check exception polling timer started.
apm: BIOS version 1.2 Flags 0x07 (Driver version 1.16ac)
Coda Kernel/Venus communications, v6.0.0, coda@cs.cmu.edu
Installing knfsd (copyright (C) 1996 okir@monad.swb.de).
udf: registering filesystem
SGI XFS for Linux with ACLs, no debug enabled
isapnp: Scanning for PnP cards...
isapnp: Card 'Crystal Codec'
isapnp: 1 Plug & Play card detected total
pty: 512 Unix98 ptys configured
request_module: failed /sbin/modprobe -- parport_lowlevel. error = -16
lp: driver loaded but no devices found
Real Time Clock Driver v1.12
Non-volatile memory driver v1.2
ppdev: user-space parallel port driver
Linux agpgart interface v0.100 (c) Dave Jones
agpgart: Detected VIA Twister-K/KT133x/KM133 chipset
agpgart: Maximum main memory to use for agp memory: 203M
agpgart: AGP aperture is 128M @ 0xd0000000
[drm] Initialized radeon 1.9.0 20020828 on minor 0
Serial: 8250/16550 driver $Revision: 1.90 $ 8 ports, IRQ sharing enabled
ttyS0 at I/O 0x3f8 (irq = 4) is a 16550A
ttyS1 at I/O 0x2f8 (irq = 3) is a 16550A
pnp: the driver 'serial' has been registered
pnp: match found with the PnP device '00:0d' and the driver 'serial'
pnp: match found with the PnP device '00:0e' and the driver 'serial'
pnp: the driver 'parport_pc' has been registered
pnp: match found with the PnP device '00:10' and the driver 'parport_pc'
parport0: PC-style at 0x3bc (0x7bc) [PCSPP,TRISTATE]
parport0: cpp_daisy: aa5500ff(38)
parport0: assign_addrs: aa5500ff(38)
parport0: cpp_daisy: aa5500ff(38)
parport0: assign_addrs: aa5500ff(38)
lp0: using parport0 (polling).
lp0: console ready
parport_pc: Via 686A parallel port: io=0x3BC
Using anticipatory io scheduler
Floppy drive(s): fd0 is 1.44M
FDC 0 is a post-1991 82077
loop: loaded (max 8 devices)
PPP generic driver version 2.4.2
PPP Deflate Compression module registered
PPP BSD Compression module registered
8139too Fast Ethernet driver 0.9.26
PCI: Found IRQ 10 for device 0000:00:08.0
eth0: RealTek RTL8139 at 0xd0883000, 00:40:f4:72:99:b3, IRQ 10
eth0:  Identified 8139 chip type 'RTL-8100B/8139D'
PCI: Found IRQ 11 for device 0000:00:0a.0
eth1: RealTek RTL8139 at 0xd0885000, 00:40:f4:74:6d:fb, IRQ 11
eth1:  Identified 8139 chip type 'RTL-8100B/8139D'
Linux video capture interface: v1.00
Uniform Multi-Platform E-IDE driver Revision: 7.00alpha2
ide: Assuming 33MHz system bus speed for PIO modes; override with idebus=xx
VP_IDE: IDE controller at PCI slot 0000:00:07.1
VP_IDE: chipset revision 16
VP_IDE: not 100% native mode: will probe irqs later
ide: Assuming 33MHz system bus speed for PIO modes; override with idebus=xx
VP_IDE: VIA vt82c686a (rev 22) IDE UDMA66 controller on pci0000:00:07.1
    ide0: BM-DMA at 0xd000-0xd007, BIOS settings: hda:DMA, hdb:DMA
    ide1: BM-DMA at 0xd008-0xd00f, BIOS settings: hdc:DMA, hdd:pio
hda: Maxtor 2F040J0, ATA DISK drive
hdb: SONY CDU4811, ATAPI CD/DVD-ROM drive
ide0 at 0x1f0-0x1f7,0x3f6 on irq 14
hdc: TEAC CD-W552E, ATAPI CD/DVD-ROM drive
ide1 at 0x170-0x177,0x376 on irq 15
hda: max request size: 128KiB
hda: 80293248 sectors (41110 MB) w/2048KiB Cache, CHS=65535/16/63, UDMA(66)
 hda: hda1 hda2 hda3 hda4 < hda5 hda6 hda7 hda8 hda9 >
hdb: ATAPI 48X CD-ROM drive, 120kB Cache, UDMA(33)
Uniform CD-ROM driver Revision: 3.12
end_request: I/O error, dev hdc, sector 0
hdc: ATAPI 52X CD-ROM CD-R/RW drive, 2048kB Cache, UDMA(33)
mice: PS/2 mouse device common for all mice
input: PC Speaker
input: PS/2 Generic Mouse on isa0060/serio1
serio: i8042 AUX port at 0x60,0x64 irq 12
input: AT Translated Set 2 keyboard on isa0060/serio0
serio: i8042 KBD port at 0x60,0x64 irq 1
i2c /dev entries driver
registering 0-0050
registering 0-0051
Advanced Linux Sound Architecture Driver Version 0.9.7 (Thu Sep 25 19:16:36 2003 UTC).
request_module: failed /sbin/modprobe -- snd-card-0. error = -16
pnp: the driver 'cs423x' has been registered
pnp: match found with the PnP device '01:01.00' and the driver 'cs423x'
pnp: match found with the PnP device '01:01.02' and the driver 'cs423x'
pnp: match found with the PnP device '01:01.03' and the driver 'cs423x'
pnp: Device 01:01.00 activated.
pnp: Device 01:01.02 activated.
pnp: Device 01:01.03 activated.
ALSA device list:
  #0: CS4239 at 0x534, irq 5, dma 1&0
NET: Registered protocol family 2
IP: routing cache hash table of 2048 buckets, 16Kbytes
TCP: Hash tables configured (established 16384 bind 32768)
IPv4 over IPv4 tunneling driver
ip_conntrack version 2.1 (2047 buckets, 16376 max) - 300 bytes per conntrack
ip_tables: (C) 2000-2002 Netfilter core team
ipt_recent v0.3.1: Stephen Frost <sfrost@snowman.net>.  
http://snowman.net/projects/ipt_recent/
arp_tables: (C) 2002 David S. Miller
NET: Registered protocol family 1
NET: Registered protocol family 17
You didn't specify the type of your ufs filesystem
mount -t ufs -o ufstype=sun|sunx86|44bsd|old|hp|nextstep|netxstep-cd|openstep ...
>>>WARNING<<< Wrong ufstype may corrupt your filesystem, default is ufstype=old
ufs_read_super: bad magic number
UDF-fs DEBUG fs/udf/lowlevel.c:65:udf_get_last_session: CDROMMULTISESSION not supported: rc=-22
UDF-fs DEBUG fs/udf/super.c:1544:udf_fill_super: Multi-session=0
UDF-fs DEBUG fs/udf/super.c:532:udf_vrs: Starting at sector 16 (2048 byte sectors)
UDF-fs: No VRS found
VFS: Mounted root (jfs filesystem) readonly.
Freeing unused kernel memory: 352k freed
Adding 530104k swap on /dev/hda7.  Priority:-1 extents:1
eth0: link down
eth1: link down
bttv: driver version 0.9.12 loaded
bttv: using 8 buffers with 2080k (520 pages) each for capture
bttv: Bt8xx card found (0).
PCI: Found IRQ 9 for device 0000:00:09.0
PCI: Sharing IRQ 9 with 0000:00:09.1
bttv0: Bt878 (rev 2) at 0000:00:09.0, irq: 9, latency: 32, mmio: 0xe2001000
bttv0: detected: AVermedia TVCapture 98 [card=13], PCI subsystem ID is 1461:0002
bttv0: using: AVerMedia TVCapture 98 [card=13,autodetected]
bttv0: Hauppauge/Voodoo msp34xx: reset line init [11]
registering 1-0050
registering 1-0051
registering 1-0052
registering 1-0053
registering 1-0054
registering 1-0055
registering 1-0056
registering 1-0057
bttv0: Avermedia eeprom[0x4011]: tuner=5 radio:no remote control:yes
bttv0: using tuner=5
bttv0: i2c: checking for MSP34xx @ 0x80... not found
bttv0: i2c: checking for MSP34xx (alternate address) @ 0x88... not found
bttv0: i2c: checking for TDA9875 @ 0xb0... not found
bttv0: i2c: checking for TDA7432 @ 0x8a... not found
tvaudio: TV audio decoder + audio/video mux driver
tvaudio: known chips: tda9840,tda9873h,tda9874h/a,tda9850,tda9855,tea6300,tea6420,tda8425,pic16c54 (PV951),ta8874z
tuner: chip found @ 0xc2
tuner: type set to 5 (Philips PAL_BG (FI1216 and compatibles))
registering 1-0061
bttv0: registered device video0
bttv0: registered device vbi0
bttv0: PLL: 28636363 => 35468950 .. ok
options bttv gbuffers=32If some fields are empty or look unusual you may have an old version.
Compare to the current minimal requirements in Documentation/Changes.
Linux grinch 2.6.0 #12 Wed Jan 7 17:35:41 EET 2004 i686 unknown
Gnu C                  3.2.3
Gnu make               3.80
util-linux             2.11z
mount                  2.11z
module-init-tools      0.9.9
e2fsprogs              1.32
jfsutils               1.1.4
reiserfsprogs          3.6.4
xfsprogs               2.3.5
quota-tools            3.08.
PPP                    2.4.1
nfs-utils              1.0.4
Dynamic linker (ldd)   2.3.1
Linux C++ Library      5.0.3
Procps                 3.1.8
Net-tools              1.60
Kbd                    1.08
Sh-utils               2.0
Modules Loaded         tuner tvaudio bttv video_buf btcx_risc
CONFIG_X86=y
CONFIG_MMU=y
CONFIG_UID16=y
CONFIG_GENERIC_ISA_DMA=y
CONFIG_EXPERIMENTAL=y
CONFIG_BROKEN=y
CONFIG_BROKEN_ON_SMP=y
CONFIG_SWAP=y
CONFIG_SYSVIPC=y
CONFIG_SYSCTL=y
CONFIG_LOG_BUF_SHIFT=16
CONFIG_KALLSYMS=y
CONFIG_FUTEX=y
CONFIG_EPOLL=y
CONFIG_IOSCHED_NOOP=y
CONFIG_IOSCHED_AS=y
CONFIG_IOSCHED_DEADLINE=y
CONFIG_MODULES=y
CONFIG_MODULE_UNLOAD=y
CONFIG_MODULE_FORCE_UNLOAD=y
CONFIG_OBSOLETE_MODPARM=y
CONFIG_KMOD=y
CONFIG_X86_PC=y
CONFIG_MK7=y
CONFIG_X86_CMPXCHG=y
CONFIG_X86_XADD=y
CONFIG_X86_L1_CACHE_SHIFT=6
CONFIG_RWSEM_XCHGADD_ALGORITHM=y
CONFIG_X86_WP_WORKS_OK=y
CONFIG_X86_INVLPG=y
CONFIG_X86_BSWAP=y
CONFIG_X86_POPAD_OK=y
CONFIG_X86_GOOD_APIC=y
CONFIG_X86_INTEL_USERCOPY=y
CONFIG_X86_USE_PPRO_CHECKSUM=y
CONFIG_X86_USE_3DNOW=y
CONFIG_HPET_TIMER=y
CONFIG_HPET_EMULATE_RTC=y
CONFIG_PREEMPT=y
CONFIG_X86_UP_APIC=y
CONFIG_X86_LOCAL_APIC=y
CONFIG_X86_TSC=y
CONFIG_X86_MCE=y
CONFIG_X86_MCE_NONFATAL=y
CONFIG_X86_CPUID=y
CONFIG_NOHIGHMEM=y
CONFIG_MTRR=y
CONFIG_HAVE_DEC_LOCK=y
CONFIG_PM=y
CONFIG_APM=y
CONFIG_APM_DO_ENABLE=y
CONFIG_APM_RTC_IS_GMT=y
CONFIG_PCI=y
CONFIG_PCI_GODIRECT=y
CONFIG_PCI_DIRECT=y
CONFIG_PCI_LEGACY_PROC=y
CONFIG_PCI_NAMES=y
CONFIG_ISA=y
CONFIG_BINFMT_ELF=y
CONFIG_PARPORT=y
CONFIG_PARPORT_PC=y
CONFIG_PARPORT_PC_CML1=y
CONFIG_PARPORT_PC_FIFO=y
CONFIG_PARPORT_PC_SUPERIO=y
CONFIG_PARPORT_1284=y
CONFIG_PNP=y
CONFIG_PNP_DEBUG=y
CONFIG_ISAPNP=y
CONFIG_PNPBIOS=y
CONFIG_BLK_DEV_FD=y
CONFIG_BLK_DEV_LOOP=y
CONFIG_IDE=y
CONFIG_BLK_DEV_IDE=y
CONFIG_BLK_DEV_IDEDISK=y
CONFIG_IDEDISK_MULTI_MODE=y
CONFIG_BLK_DEV_IDECD=y
CONFIG_IDE_TASKFILE_IO=y
CONFIG_BLK_DEV_IDEPCI=y
CONFIG_IDEPCI_SHARE_IRQ=y
CONFIG_BLK_DEV_GENERIC=y
CONFIG_BLK_DEV_IDEDMA_PCI=y
CONFIG_IDEDMA_PCI_AUTO=y
CONFIG_BLK_DEV_ADMA=y
CONFIG_BLK_DEV_VIA82CXXX=y
CONFIG_BLK_DEV_IDEDMA=y
CONFIG_IDEDMA_AUTO=y
CONFIG_NET=y
CONFIG_PACKET=y
CONFIG_PACKET_MMAP=y
CONFIG_NETLINK_DEV=y
CONFIG_UNIX=y
CONFIG_INET=y
CONFIG_IP_ADVANCED_ROUTER=y
CONFIG_IP_ROUTE_MULTIPATH=y
CONFIG_NET_IPIP=y
CONFIG_ARPD=y
CONFIG_NETFILTER=y
CONFIG_IP_NF_CONNTRACK=y
CONFIG_IP_NF_FTP=y
CONFIG_IP_NF_IRC=y
CONFIG_IP_NF_TFTP=y
CONFIG_IP_NF_IPTABLES=y
CONFIG_IP_NF_MATCH_LIMIT=y
CONFIG_IP_NF_MATCH_IPRANGE=y
CONFIG_IP_NF_MATCH_MAC=y
CONFIG_IP_NF_MATCH_PKTTYPE=y
CONFIG_IP_NF_MATCH_MARK=y
CONFIG_IP_NF_MATCH_MULTIPORT=y
CONFIG_IP_NF_MATCH_TOS=y
CONFIG_IP_NF_MATCH_RECENT=y
CONFIG_IP_NF_MATCH_ECN=y
CONFIG_IP_NF_MATCH_DSCP=y
CONFIG_IP_NF_MATCH_AH_ESP=y
CONFIG_IP_NF_MATCH_LENGTH=y
CONFIG_IP_NF_MATCH_TTL=y
CONFIG_IP_NF_MATCH_TCPMSS=y
CONFIG_IP_NF_MATCH_HELPER=y
CONFIG_IP_NF_MATCH_STATE=y
CONFIG_IP_NF_MATCH_CONNTRACK=y
CONFIG_IP_NF_MATCH_OWNER=y
CONFIG_IP_NF_FILTER=y
CONFIG_IP_NF_TARGET_REJECT=y
CONFIG_IP_NF_NAT=y
CONFIG_IP_NF_NAT_NEEDED=y
CONFIG_IP_NF_TARGET_MASQUERADE=y
CONFIG_IP_NF_TARGET_REDIRECT=y
CONFIG_IP_NF_TARGET_NETMAP=y
CONFIG_IP_NF_TARGET_SAME=y
CONFIG_IP_NF_NAT_LOCAL=y
CONFIG_IP_NF_NAT_SNMP_BASIC=y
CONFIG_IP_NF_NAT_IRC=y
CONFIG_IP_NF_NAT_FTP=y
CONFIG_IP_NF_NAT_TFTP=y
CONFIG_IP_NF_MANGLE=y
CONFIG_IP_NF_TARGET_TOS=y
CONFIG_IP_NF_TARGET_ECN=y
CONFIG_IP_NF_TARGET_DSCP=y
CONFIG_IP_NF_TARGET_MARK=y
CONFIG_IP_NF_TARGET_CLASSIFY=y
CONFIG_IP_NF_TARGET_LOG=y
CONFIG_IP_NF_TARGET_ULOG=y
CONFIG_IP_NF_TARGET_TCPMSS=y
CONFIG_IP_NF_ARPTABLES=y
CONFIG_IP_NF_ARPFILTER=y
CONFIG_XFRM=y
CONFIG_IPV6_SCTP__=y
CONFIG_NETDEVICES=y
CONFIG_NET_ETHERNET=y
CONFIG_MII=y
CONFIG_NET_PCI=y
CONFIG_8139TOO=y
CONFIG_PPP=y
CONFIG_PPP_FILTER=y
CONFIG_PPP_ASYNC=y
CONFIG_PPP_DEFLATE=y
CONFIG_PPP_BSDCOMP=y
CONFIG_SHAPER=y
CONFIG_INPUT=y
CONFIG_INPUT_MOUSEDEV=y
CONFIG_INPUT_MOUSEDEV_PSAUX=y
CONFIG_INPUT_MOUSEDEV_SCREEN_X=1024
CONFIG_INPUT_MOUSEDEV_SCREEN_Y=768
CONFIG_SOUND_GAMEPORT=y
CONFIG_SERIO=y
CONFIG_SERIO_I8042=y
CONFIG_SERIO_SERPORT=y
CONFIG_INPUT_KEYBOARD=y
CONFIG_KEYBOARD_ATKBD=y
CONFIG_INPUT_MOUSE=y
CONFIG_MOUSE_PS2=y
CONFIG_INPUT_MISC=y
CONFIG_INPUT_PCSPKR=y
CONFIG_VT=y
CONFIG_VT_CONSOLE=y
CONFIG_HW_CONSOLE=y
CONFIG_SERIAL_8250=y
CONFIG_SERIAL_8250_NR_UARTS=4
CONFIG_SERIAL_8250_EXTENDED=y
CONFIG_SERIAL_8250_SHARE_IRQ=y
CONFIG_SERIAL_8250_DETECT_IRQ=y
CONFIG_SERIAL_8250_MULTIPORT=y
CONFIG_SERIAL_8250_RSA=y
CONFIG_SERIAL_CORE=y
CONFIG_UNIX98_PTYS=y
CONFIG_UNIX98_PTY_COUNT=512
CONFIG_PRINTER=y
CONFIG_LP_CONSOLE=y
CONFIG_PPDEV=y
CONFIG_I2C=y
CONFIG_I2C_CHARDEV=y
CONFIG_I2C_ALGOBIT=y
CONFIG_I2C_VIA=y
CONFIG_I2C_VIAPRO=y
CONFIG_I2C_SENSOR=y
CONFIG_SENSORS_EEPROM=y
CONFIG_SENSORS_VIA686A=y
CONFIG_NVRAM=y
CONFIG_RTC=y
CONFIG_AGP=y
CONFIG_AGP_VIA=y
CONFIG_DRM=y
CONFIG_DRM_RADEON=y
CONFIG_VIDEO_DEV=y
CONFIG_VIDEO_BT848=m
CONFIG_VIDEO_TUNER=m
CONFIG_VIDEO_BUF=m
CONFIG_VIDEO_BTCX=m
CONFIG_VIDEO_SELECT=y
CONFIG_VGA_CONSOLE=y
CONFIG_DUMMY_CONSOLE=y
CONFIG_SOUND=y
CONFIG_SND=y
CONFIG_SND_SEQUENCER=y
CONFIG_SND_SEQ_DUMMY=y
CONFIG_SND_OSSEMUL=y
CONFIG_SND_MIXER_OSS=y
CONFIG_SND_PCM_OSS=y
CONFIG_SND_SEQUENCER_OSS=y
CONFIG_SND_RTCTIMER=y
CONFIG_SND_VERBOSE_PRINTK=y
CONFIG_SND_CS4236=y
CONFIG_EXT2_FS=y
CONFIG_EXT2_FS_XATTR=y
CONFIG_EXT2_FS_POSIX_ACL=y
CONFIG_EXT3_FS=y
CONFIG_EXT3_FS_XATTR=y
CONFIG_EXT3_FS_POSIX_ACL=y
CONFIG_JBD=y
CONFIG_FS_MBCACHE=y
CONFIG_JFS_FS=y
CONFIG_JFS_POSIX_ACL=y
CONFIG_JFS_DEBUG=y
CONFIG_FS_POSIX_ACL=y
CONFIG_XFS_FS=y
CONFIG_XFS_POSIX_ACL=y
CONFIG_ISO9660_FS=y
CONFIG_JOLIET=y
CONFIG_ZISOFS=y
CONFIG_ZISOFS_FS=y
CONFIG_UDF_FS=y
CONFIG_FAT_FS=y
CONFIG_MSDOS_FS=y
CONFIG_VFAT_FS=y
CONFIG_PROC_FS=y
CONFIG_PROC_KCORE=y
CONFIG_DEVPTS_FS=y
CONFIG_TMPFS=y
CONFIG_RAMFS=y
CONFIG_UFS_FS=y
CONFIG_NFS_FS=y
CONFIG_NFS_V3=y
CONFIG_NFSD=y
CONFIG_NFSD_V3=y
CONFIG_NFSD_TCP=y
CONFIG_LOCKD=y
CONFIG_LOCKD_V4=y
CONFIG_EXPORTFS=y
CONFIG_SUNRPC=y
CONFIG_SMB_FS=y
CONFIG_CODA_FS=y
CONFIG_CODA_FS_OLD_API=y
CONFIG_PARTITION_ADVANCED=y
CONFIG_MSDOS_PARTITION=y
CONFIG_BSD_DISKLABEL=y
CONFIG_SOLARIS_X86_PARTITION=y
CONFIG_SMB_NLS=y
CONFIG_NLS=y
CONFIG_NLS_DEFAULT="iso8859-2"
CONFIG_NLS_CODEPAGE_437=y
CONFIG_NLS_CODEPAGE_850=y
CONFIG_NLS_CODEPAGE_852=y
CONFIG_NLS_CODEPAGE_1250=y
CONFIG_NLS_ISO8859_1=y
CONFIG_NLS_ISO8859_2=y
CONFIG_NLS_ISO8859_15=y
CONFIG_NLS_UTF8=y
CONFIG_DEBUG_KERNEL=y
CONFIG_DEBUG_SLAB=y
CONFIG_MAGIC_SYSRQ=y
CONFIG_DEBUG_INFO=y
CONFIG_X86_EXTRA_IRQS=y
CONFIG_X86_FIND_SMP_CONFIG=y
CONFIG_X86_MPPARSE=y
CONFIG_CRC32=y
CONFIG_ZLIB_INFLATE=y
CONFIG_ZLIB_DEFLATE=y
CONFIG_X86_BIOS_REBOOT=y
CONFIG_PC=y
Jan  7 18:41:56 grinch kernel: ------------[ cut here ]------------
Jan  7 18:41:56 grinch kernel: kernel BUG at mm/filemap.c:332!
Jan  7 18:41:56 grinch kernel: invalid operand: 0000 [#1]
Jan  7 18:41:56 grinch kernel: CPU:    0
Jan  7 18:41:56 grinch kernel: EIP:    0060:[<c01360e2>]    Not tainted
Jan  7 18:41:56 grinch kernel: EFLAGS: 00210246
Jan  7 18:41:56 grinch kernel: EIP is at unlock_page+0x22/0x60
Jan  7 18:41:56 grinch kernel: eax: 00000000   ebx: c5c4c0bc   ecx: 0000001c   edx: c127fdc0
Jan  7 18:41:56 grinch kernel: esi: c127fdd8   edi: c5801000   ebp: c61bdeec   esp: c61bdbf0
Jan  7 18:41:56 grinch kernel: ds: 007b   es: 007b   ss: 0068
Jan  7 18:41:56 grinch kernel: Process transcode (pid: 415, threadinfo=c61bc000 task=c6348d40)
Jan  7 18:41:56 grinch kernel: Stack: c5c4c0bc 00000001 00000208 d08e529a 00200286 cf92849c cf92849c cf928480 
Jan  7 18:41:56 grinch kernel:        d0902720 d08e5738 c5801000 00000208 cf92849c d08f36b8 cfe1ad68 cf92849c 
Jan  7 18:41:56 grinch kernel:        00000000 cf928480 cf1ec0c4 cf1ec0d0 d08eda90 d0902720 cf928480 00000001 
Jan  7 18:41:56 grinch kernel: Call Trace:
Jan  7 18:41:56 grinch kernel:  [<d08e529a>] videobuf_unlock+0x4a/0x60 [video_buf]
Jan  7 18:41:56 grinch kernel:  [<d08e5738>] videobuf_dma_pci_unmap+0x58/0x70 [video_buf]
Jan  7 18:41:56 grinch kernel:  [<d08f36b8>] bttv_dma_free+0x58/0xa0 [bttv]
Jan  7 18:41:56 grinch kernel:  [<d08eda90>] bttv_do_ioctl+0x260/0x14e0 [bttv]
Jan  7 18:41:56 grinch kernel:  [<c01190a0>] recalc_task_prio+0x90/0x1a0
Jan  7 18:41:56 grinch kernel:  [<c01650ff>] kill_fasync+0x2f/0x70
Jan  7 18:41:56 grinch kernel:  [<c0378762>] snd_pcm_period_elapsed+0xa2/0x310
Jan  7 18:41:56 grinch kernel:  [<c0398b75>] snd_cs4231_interrupt+0x95/0x120
Jan  7 18:41:56 grinch kernel:  [<d08f3348>] bttv_set_dma+0x148/0x1f0 [bttv]
Jan  7 18:41:56 grinch kernel:  [<c010ed20>] do_gettimeofday+0x20/0xb0
Jan  7 18:41:56 grinch kernel:  [<d08efa5f>] bttv_irq_wakeup_set+0x1f/0x1b0 [bttv]
Jan  7 18:41:56 grinch kernel:  [<d08f3878>] bttv_buffer_set_activate+0x178/0x430 [bttv]
Jan  7 18:41:56 grinch kernel:  [<c0350b41>] i8042_interrupt+0x181/0x190
Jan  7 18:41:56 grinch kernel:  [<d08effc5>] bttv_irq_switch_fields+0x135/0x140 [bttv]
Jan  7 18:41:56 grinch kernel:  [<c0126973>] __dequeue_signal+0x103/0x190
Jan  7 18:41:56 grinch kernel:  [<c0108a51>] setup_sigcontext+0xe1/0x130
Jan  7 18:41:56 grinch kernel:  [<c0108baa>] setup_frame+0x10a/0x1e0
Jan  7 18:41:56 grinch kernel:  [<c03297e8>] video_usercopy+0xd8/0x1d0
Jan  7 18:41:56 grinch kernel:  [<c01190a0>] recalc_task_prio+0x90/0x1a0
Jan  7 18:41:56 grinch kernel:  [<c0119dde>] schedule+0x2fe/0x570
Jan  7 18:41:56 grinch kernel:  [<c0125b1f>] do_timer+0xdf/0xf0
Jan  7 18:41:56 grinch kernel:  [<d08eed4e>] bttv_ioctl+0x3e/0x70 [bttv]
Jan  7 18:41:56 grinch kernel:  [<d08ed830>] bttv_do_ioctl+0x0/0x14e0 [bttv]
Jan  7 18:41:56 grinch kernel:  [<c01653f3>] sys_ioctl+0xf3/0x280
Jan  7 18:41:56 grinch kernel:  [<c0109367>] syscall_call+0x7/0xb
Jan  7 18:41:56 grinch kernel: 
Jan  7 18:41:56 grinch kernel: Code: 0f 0b 4c 01 cb 44 43 c0 39 36 75 12 8b 5c 24 04 8b 74 24 08 
Jan  7 18:41:56 grinch kernel:  bttv0: skipped frame. no signal? high irq latency?
Jan  7 18:42:02 grinch kernel: ------------[ cut here ]------------
Jan  7 18:42:02 grinch kernel: kernel BUG at include/linux/mm.h:267!
Jan  7 18:42:02 grinch kernel: invalid operand: 0000 [#2]
Jan  7 18:42:02 grinch kernel: CPU:    0
Jan  7 18:42:02 grinch kernel: EIP:    0060:[<d08e57f6>]    Not tainted
Jan  7 18:42:02 grinch kernel: EFLAGS: 00010246
Jan  7 18:42:02 grinch kernel: EIP is at videobuf_dma_free+0xa6/0xb0 [video_buf]
Jan  7 18:42:02 grinch kernel: eax: 00000000   ebx: c5801000   ecx: 00000208   edx: c5c4c0bc
Jan  7 18:42:02 grinch kernel: esi: 00000000   edi: cf92849c   ebp: 0000000b   esp: c6341e24
Jan  7 18:42:02 grinch kernel: ds: 007b   es: 007b   ss: 0068
Jan  7 18:42:02 grinch kernel: Process transcode (pid: 403, threadinfo=c6340000 task=c691a0c0)
Jan  7 18:42:02 grinch kernel: Stack: cf92849c cf92849c cf928480 d0902720 d08f36c0 cf92849c cf92849c 00000000 
Jan  7 18:42:02 grinch kernel:        00000005 c82215d0 c6c758bc d08e6ce4 d0902720 cf928480 cffea618 00000296 
Jan  7 18:42:02 grinch kernel:        c6c758bc c6c758bc c6c75908 d08e6c50 c0147e8e c6c758bc c6c755c4 00000300 
Jan  7 18:42:02 grinch kernel: Call Trace:
Jan  7 18:42:02 grinch kernel:  [<d08f36c0>] bttv_dma_free+0x60/0xa0 [bttv]
Jan  7 18:42:02 grinch kernel:  [<d08e6ce4>] videobuf_vm_close+0x94/0xc0 [video_buf]
Jan  7 18:42:02 grinch kernel:  [<d08e6c50>] videobuf_vm_close+0x0/0xc0 [video_buf]
Jan  7 18:42:02 grinch kernel:  [<c0147e8e>] exit_mmap+0x16e/0x190
Jan  7 18:42:02 grinch kernel:  [<c011ba75>] mmput+0x65/0xc0
Jan  7 18:42:02 grinch kernel:  [<c011fa13>] do_exit+0x123/0x3b0
Jan  7 18:42:02 grinch kernel:  [<c011fd8b>] do_group_exit+0x7b/0xb0
Jan  7 18:42:02 grinch kernel:  [<c0128ee1>] get_signal_to_deliver+0x1f1/0x380
Jan  7 18:42:02 grinch kernel:  [<c010914a>] do_signal+0xda/0x110
Jan  7 18:42:02 grinch kernel:  [<c0120427>] sys_wait4+0x1f7/0x290
Jan  7 18:42:02 grinch kernel:  [<c01532d5>] vfs_write+0xd5/0x130
Jan  7 18:42:02 grinch kernel:  [<c0153401>] sys_write+0x61/0x70
Jan  7 18:42:02 grinch kernel:  [<c01091d6>] do_notify_resume+0x56/0x58
Jan  7 18:42:02 grinch kernel:  [<c01093b2>] work_notifysig+0x13/0x15
Jan  7 18:42:02 grinch kernel: 
Jan  7 18:42:02 grinch kernel: Code: 0f 0b 0b 01 b7 72 8e d0 eb 93 83 ec 24 89 5c 24 18 89 74 24 
Jan  7 19:01:28 grinch kernel: Unable to handle kernel paging request at virtual address fdfdfe00
Jan  7 19:01:28 grinch kernel:  printing eip:
Jan  7 19:01:28 grinch kernel: c0135fb9
Jan  7 19:01:28 grinch kernel: *pde = 00000000
Jan  7 19:01:28 grinch kernel: Oops: 0000 [#1]
Jan  7 19:01:28 grinch kernel: CPU:    0
Jan  7 19:01:28 grinch kernel: EIP:    0060:[<c0135fb9>]    Not tainted
Jan  7 19:01:28 grinch kernel: EFLAGS: 00010286
Jan  7 19:01:28 grinch kernel: EIP is at page_waitqueue+0x9/0x30
Jan  7 19:01:28 grinch kernel: eax: fdfdfdfd   ebx: fdfdfdfd   ecx: 00000020   edx: c5214000
Jan  7 19:01:28 grinch kernel: esi: 00000208   edi: c5214000   ebp: c61d5eec   esp: c61d5bec
Jan  7 19:01:28 grinch kernel: ds: 007b   es: 007b   ss: 0068
Jan  7 19:01:28 grinch kernel: Process transcode (pid: 414, threadinfo=c61d4000 task=c633c6a0)
Jan  7 19:01:28 grinch kernel: Stack: c01360d5 fdfdfdfd 00000001 00000208 d08e529a 00000286 cf921e2c cf921e2c 
Jan  7 19:01:28 grinch kernel:        cf921e10 d0902720 d08e5738 c5214000 00000208 cf921e2c d08f36b8 cfe1ad68 
Jan  7 19:01:28 grinch kernel:        cf921e2c 00000000 cf921e10 cf0d3b40 cf0d3b4c d08eda90 d0902720 cf921e10 
Jan  7 19:01:28 grinch kernel: Call Trace:
Jan  7 19:01:28 grinch kernel:  [<c01360d5>] unlock_page+0x15/0x60
Jan  7 19:01:28 grinch kernel:  [<d08e529a>] videobuf_unlock+0x4a/0x60 [video_buf]
Jan  7 19:01:28 grinch kernel:  [<d08e5738>] videobuf_dma_pci_unmap+0x58/0x70 [video_buf]
Jan  7 19:01:28 grinch kernel:  [<d08f36b8>] bttv_dma_free+0x58/0xa0 [bttv]
Jan  7 19:01:28 grinch kernel:  [<d08eda90>] bttv_do_ioctl+0x260/0x14e0 [bttv]
Jan  7 19:01:28 grinch kernel:  [<c01190a0>] recalc_task_prio+0x90/0x1a0
Jan  7 19:01:28 grinch kernel:  [<c011a101>] __wake_up_common+0x31/0x50
Jan  7 19:01:28 grinch kernel:  [<c01190a0>] recalc_task_prio+0x90/0x1a0
Jan  7 19:01:28 grinch kernel:  [<c011a101>] __wake_up_common+0x31/0x50
Jan  7 19:01:28 grinch kernel:  [<c01190a0>] recalc_task_prio+0x90/0x1a0
Jan  7 19:01:28 grinch kernel:  [<c0126973>] __dequeue_signal+0x103/0x190
Jan  7 19:01:28 grinch kernel:  [<c0108a51>] setup_sigcontext+0xe1/0x130
Jan  7 19:01:28 grinch kernel:  [<c0108baa>] setup_frame+0x10a/0x1e0
Jan  7 19:01:28 grinch kernel:  [<c03297e8>] video_usercopy+0xd8/0x1d0
Jan  7 19:01:28 grinch kernel:  [<c01190a0>] recalc_task_prio+0x90/0x1a0
Jan  7 19:01:28 grinch kernel:  [<c0119dde>] schedule+0x2fe/0x570
Jan  7 19:01:28 grinch kernel:  [<c0125b1f>] do_timer+0xdf/0xf0
Jan  7 19:01:28 grinch kernel:  [<d08eed4e>] bttv_ioctl+0x3e/0x70 [bttv]
Jan  7 19:01:28 grinch kernel:  [<d08ed830>] bttv_do_ioctl+0x0/0x14e0 [bttv]
Jan  7 19:01:28 grinch kernel:  [<c01653f3>] sys_ioctl+0xf3/0x280
Jan  7 19:01:28 grinch kernel:  [<c0109367>] syscall_call+0x7/0xb
Jan  7 19:01:28 grinch kernel: 
Jan  7 19:01:28 grinch kernel: Code: 0f b6 50 03 69 c0 01 00 37 9e 8b 14 95 28 b1 55 c0 2b 8a c8 
Jan  7 19:01:30 grinch kernel:  <1>Unable to handle kernel paging request at virtual address fdfdfdfd
Jan  7 19:01:30 grinch kernel:  printing eip:
Jan  7 19:01:30 grinch kernel: d08e5783
Jan  7 19:01:30 grinch kernel: *pde = 00000000
Jan  7 19:01:30 grinch kernel: Oops: 0000 [#2]
Jan  7 19:01:30 grinch kernel: CPU:    0
Jan  7 19:01:30 grinch kernel: EIP:    0060:[<d08e5783>]    Not tainted
Jan  7 19:01:30 grinch kernel: EFLAGS: 00210293
Jan  7 19:01:30 grinch kernel: EIP is at videobuf_dma_free+0x33/0xb0 [video_buf]
Jan  7 19:01:30 grinch kernel: eax: 00000000   ebx: c5214000   ecx: 00000208   edx: fdfdfdfd
Jan  7 19:01:30 grinch kernel: esi: 00000000   edi: cf921e2c   ebp: 0000000b   esp: c6ce3e24
Jan  7 19:01:30 grinch kernel: ds: 007b   es: 007b   ss: 0068
Jan  7 19:01:30 grinch kernel: Process transcode (pid: 402, threadinfo=c6ce2000 task=c6d9d2a0)
Jan  7 19:01:30 grinch kernel: Stack: cf921e2c cf921e2c cf921e10 d0902720 d08f36c0 cf921e2c cf921e2c 00000000 
Jan  7 19:01:30 grinch kernel:        00000000 c8220bd4 c648b3b0 d08e6ce4 d0902720 cf921e10 cffea618 00200296 
Jan  7 19:01:30 grinch kernel:        c648b3b0 c648b3b0 c648b364 d08e6c50 c0147e8e c648b3b0 c648b3fc 00000300 
Jan  7 19:01:30 grinch kernel: Call Trace:
Jan  7 19:01:30 grinch kernel:  [<d08f36c0>] bttv_dma_free+0x60/0xa0 [bttv]
Jan  7 19:01:30 grinch kernel:  [<d08e6ce4>] videobuf_vm_close+0x94/0xc0 [video_buf]
Jan  7 19:01:30 grinch kernel:  [<d08e6c50>] videobuf_vm_close+0x0/0xc0 [video_buf]
Jan  7 19:01:30 grinch kernel:  [<c0147e8e>] exit_mmap+0x16e/0x190
Jan  7 19:01:30 grinch kernel:  [<c011ba75>] mmput+0x65/0xc0
Jan  7 19:01:30 grinch kernel:  [<c011fa13>] do_exit+0x123/0x3b0
Jan  7 19:01:30 grinch kernel:  [<c011fd8b>] do_group_exit+0x7b/0xb0
Jan  7 19:01:30 grinch kernel:  [<c0128ee1>] get_signal_to_deliver+0x1f1/0x380
Jan  7 19:01:30 grinch kernel:  [<c010914a>] do_signal+0xda/0x110
Jan  7 19:01:30 grinch kernel:  [<c0120427>] sys_wait4+0x1f7/0x290
Jan  7 19:01:30 grinch kernel:  [<c01532d5>] vfs_write+0xd5/0x130
Jan  7 19:01:30 grinch kernel:  [<c0153401>] sys_write+0x61/0x70
Jan  7 19:01:30 grinch kernel:  [<c01091d6>] do_notify_resume+0x56/0x58
Jan  7 19:01:30 grinch kernel:  [<c01093b2>] work_notifysig+0x13/0x15
Jan  7 19:01:30 grinch kernel: 
Jan  7 19:01:30 grinch kernel: Code: 8b 02 a9 00 08 00 00 75 17 8b 42 04 85 c0 74 63 ff 4a 04 0f 