Date: Sat, 9 Oct 1999 16:33:14 +0200
From: Gaddoni Marco <>
Subject: _isofs_bmap: block >= EOF (21, 24366)
Sender: linux-kernel-owner@vger.kernel.org
Precedence: bulk
List-ID: <linux-kernel.vger.kernel.org>
X-Mailing-List: linux-kernel@vger.kernel.org
X-Lkml-Link: https://lkml.org/lkml/1999/10/9/97

Hello!
I get a number of error of this type every time i read 
any file with my cdrom:
_isofs_bmap: block >= EOF (138, 230276)
_isofs_bmap: block >= EOF (139, 230276)
_isofs_bmap: block >= EOF (140, 230276)
_isofs_bmap: block >= EOF (141, 230276)
_isofs_bmap: block >= EOF (142, 230276)
_isofs_bmap: block >= EOF (143, 230276)
_isofs_bmap: block >= EOF (144, 230276)
_isofs_bmap: block >= EOF (145, 230276)
_isofs_bmap: block >= EOF (146, 230276)
_isofs_bmap: block >= EOF (147, 230276)
_isofs_bmap: block >= EOF (148, 230276)
_isofs_bmap: block >= EOF (149, 230276)
_isofs_bmap: block >= EOF (150, 230276)
_isofs_bmap: block >= EOF (151, 230276)
_isofs_bmap: block >= EOF (152, 230276)
_isofs_bmap: block >= EOF (153, 230276)
_isofs_bmap: block >= EOF (154, 230276)
I have no problem to read the file.
enterprise:/cdrom# uname -a
Linux enterprise 2.3.19 #10 Thu Oct 7 11:47:47 CEST 1999 i586 unknown
enterprise:/cdrom# hdparm -I /dev/hdd
/dev/hdd:
 Model=TAPA IDCOR M                            , FwRev=1V03 H  , SerialNo=
 Config={ Fixed Removeable DTR<=5Mbs DTR>10Mbs nonMagnetic }
 RawCHS=0/0/0, TrkSize=0, SectSize=0, ECCbytes=0
 BuffType=0(?), BuffSize=0kB, MaxMultSect=0
 DblWordIO=no, maxPIO=4(?), DMA=yes, maxDMA=2(fast)
 (maybe): CurCHS=0/0/0, CurSects=0, LBA=yes, LBA=yes, LBAsects=0
 tDMA={min:120,rec:150}, DMA modes: mword0 mword1 mword2
 IORDY=yes, tPIO={min:227,w/IORDY:120}, PIO modes: mode3 mode4
 UDMA modes: mode0 mode1 *mode2
the chipset is an ETEQ (aka Via relabelled)
enterprise:/cdrom# dmesg
Linux version 2.3.19 (root@enterprise) (gcc version 2.95.2 19990906 (prerelease)) #10 Thu Oct 7 11:47:47 CEST 1999
e820: 654336 @ 00000000 (usable)
e820: 1024 @ 0009fc00 (usable)
e820: 65536 @ 000f0000 (reserved)
e820: 65536 @ ffff0000 (reserved)
e820: 32505856 @ 00100000 (usable)
Initializing CPU#0
Detected 375007109 Hz processor.
Console: colour VGA+ 80x25
Calibrating delay loop... 748.75 BogoMIPS
memory region: 639k @ 00000000
e820: 1024 @ 0009fc00 (usable)
e820: 65536 @ 000f0000 (reserved)
e820: 65536 @ ffff0000 (reserved)
e820: 32505856 @ 00100000 (usable)
Initializing CPU#0
Detected 375007109 Hz processor.
Console: colour VGA+ 80x25
Calibrating delay loop... 748.75 BogoMIPS
memory region: 639k @ 00000000
memory region: 1k @ 0009fc00
memory region: 31744k @ 00100000
Memory: 30808k/32768k available (784k kernel code, 416k reserved, 700k data, 60k init, 0k bigmem)
Buffer-cache hash table entries: 2048 (order: 1, 8192 bytes)
Page-cache hash table entries: 8192 (order: 3, 32768 bytes)
CPU: AMD AMD-K6(tm) 3D processor stepping 0c
Checking 386/387 coupling... OK, FPU using exception 16 error reporting.
Checking 'hlt' instruction... OK.
POSIX conformance testing by UNIFIX
mtrr: v1.35 (19990512) Richard Gooch (rgooch@atnf.csiro.au)
PCI: PCI BIOS revision 2.10 entry at 0xfb280
PCI: Using configuration type 1
PCI: Probing PCI hardware
Activating ISA DMA hang workarounds.
Memory: 30808k/32768k available (784k kernel code, 416k reserved, 700k data, 60k init, 0k bigmem)
Buffer-cache hash table entries: 2048 (order: 1, 8192 bytes)
Page-cache hash table entries: 8192 (order: 3, 32768 bytes)
CPU: AMD AMD-K6(tm) 3D processor stepping 0c
Checking 386/387 coupling... OK, FPU using exception 16 error reporting.
Checking 'hlt' instruction... OK.
POSIX conformance testing by UNIFIX
mtrr: v1.35 (19990512) Richard Gooch (rgooch@atnf.csiro.au)
PCI: PCI BIOS revision 2.10 entry at 0xfb280
PCI: Using configuration type 1
PCI: Probing PCI hardware
Activating ISA DMA hang workarounds.
Linux NET4.0 for Linux 2.3
Based upon Swansea University Computer Society NET3.039
NET4: Unix domain sockets 1.0/SMP for Linux NET4.0.
NET4: Linux TCP/IP 1.0 for NET4.0
IP Protocols: ICMP, UDP, TCP
TCP: Hash tables configured (established 2048 bind 4096)
Starting kswapd v1.6
0x378: FIFO is 16 bytes
0x378: writeIntrThreshold is 15
0x378: readIntrThreshold is 15
0x378: PWord is 8 bits
0x378: Interrupts are ISA-Pulses
Parport0: PC-style at 0x378 (0x778), irq 7, dma 3 [PCSPP,TRISTATE,ECP,DMA]
parport0: cpp_daisy: aa5500ff(88)
parport0: assign_addrs: aa5500ff(88)
parport0: Printer, Hewlett-Packard HP LaserJet 5L
Serial driver version 4.30 with SHARE_IRQ SERIAL_PCI PCI_IOMEM enabled
ttyS00 at 0x03f8 (irq = 4) is a 16550A
ttyS01 at 0x02f8 (irq = 3) is a 16550A
ttyS02 at 0x03e8 (irq = 4) is a 16550A
pty: 256 Unix98 ptys configured
Uniform Multi-Platform E-IDE driver Revision: 6.20
VP_IDE: IDE controller on PCI bus 00 dev 39
VP_IDE: not 100% native mode: will probe irqs later
VT 82C597 Apollo VP3 Chipset Core ATA-33
Split FIFO Configuration:  8 Primary buffers, threshold = 1/2
                           8 Second. buffers, threshold = 1/2
    ide0: BM-DMA at 0xe000-0xe007, BIOS settings: hda:DMA, hdb:DMA
ide0: VIA Bus-Master (U)DMA Timing Config Success
    ide1: BM-DMA at 0xe008-0xe00f, BIOS settings: hdc:DMA, hdd:DMA
ide1: VIA Bus-Master (U)DMA Timing Config Success
hda: Conner Peripherals 420MB - CFS420A, ATA DISK drive
hdc: QUANTUM BIGFOOT2550A, ATA DISK drive
hdd: ATAPI CDROM, ATAPI CDROM drive
ide2: ports already in use, skipping probe
ide0 at 0x1f0-0x1f7,0x3f6 on irq 14
VP_IDE: not 100% native mode: will probe irqs later
VT 82C597 Apollo VP3 Chipset Core ATA-33
Split FIFO Configuration:  8 Primary buffers, threshold = 1/2
                           8 Second. buffers, threshold = 1/2
    ide0: BM-DMA at 0xe000-0xe007, BIOS settings: hda:DMA, hdb:DMA
ide0: VIA Bus-Master (U)DMA Timing Config Success
    ide1: BM-DMA at 0xe008-0xe00f, BIOS settings: hdc:DMA, hdd:DMA
ide1: VIA Bus-Master (U)DMA Timing Config Success
hda: Conner Peripherals 420MB - CFS420A, ATA DISK drive
hdc: QUANTUM BIGFOOT2550A, ATA DISK drive
hdd: ATAPI CDROM, ATAPI CDROM drive
ide2: ports already in use, skipping probe
ide0 at 0x1f0-0x1f7,0x3f6 on irq 14
ide1 at 0x170-0x177,0x376 on irq 15
hda: Conner Peripherals 420MB - CFS420A, 406MB w/64kB Cache, CHS=826/16/63
hdc: QUANTUM BIGFOOT2550A, 2457MB w/87kB Cache, CHS=4994/16/63, DMA
PPP generic driver version 2.4.0
Partition check:
 hda: hda1 hda2
 hdc: hdc1 hdc2 hdc3 hdc4
VFS: Mounted root (ext2 filesystem) readonly.
Freeing unused kernel memory: 60k freed
Adding Swap: 57452k swap-space (priority 1)
Adding Swap: 56444k swap-space (priority 1)
hdd: ATAPI 40X CD-ROM drive, 128kB Cache, UDMA
Please let me know if you need more info.
Ciao. Marco.
-- 
This is not a Sig. (With homage to Magritte).
-
To unsubscribe from this list: send the line "unsubscribe linux-kernel" in
the body of a message to majordomo@vger.rutgers.edu
Please read the FAQ at 
http://www.tux.org/lkml/