Date: Fri, 10 Jan 2003 07:39:02 +0100
From: Jochen Hein <>
Subject: [NEOFB, 2.5.54] panic when initializing
Sender: linux-kernel-owner@vger.kernel.org
Precedence: bulk
List-ID: <linux-kernel.vger.kernel.org>
X-Mailing-List: linux-kernel@vger.kernel.org
X-Lkml-Link: https://lkml.org/lkml/2003/1/10/17

The boot messages are (I use vga=0x317 as command line)
Video mode to be used for restore is 317
BIOS-provided physical RAM map:
 BIOS-e820: 0000000000000000 - 000000000009fc00 (usable)
 BIOS-e820: 000000000009fc00 - 00000000000a0000 (reserved)
 BIOS-e820: 00000000000f0000 - 0000000000100000 (reserved)
 BIOS-e820: 0000000000100000 - 0000000005fd0000 (usable)
 BIOS-e820: 0000000005fd0000 - 0000000005fdf000 (ACPI data)
 BIOS-e820: 0000000005fdf000 - 0000000005fe0000 (ACPI NVS)
 BIOS-e820: 0000000005fe0000 - 0000000006000000 (reserved)
 BIOS-e820: 00000000fffe0000 - 0000000100000000 (reserved)
95MB LOWMEM available.
[...]
neofb: mapped io at c680d000
Autodetected internal display
Panel is a 1024x768 color TFT display
neofb: mapped framebuffer at c6a0e000
neofb v0.4.1: 2048kB VRAM, using 1024x768, 48.361kHz, 60Hz
fb0: MagicGraph 128XD frame buffer device
Unable to handle kernel NULL pointer dereference at virtual address 00000000
 printing eip:
c0261cfb
*pde = 00000000
Oops: 0000
CPU:    0
EIP:    0060:[<c0261cfb>]    Not tainted
EFLAGS: 00010202
EIP is at neofb_check_var+0x7d3/0x844
eax: c5ecdd7c   ebx: 00000325   ecx: 00000000   edx: 000003d5
esi: c5ecdd7c   edi: c5ecdc00   ebp: c5f79f48   esp: c5f79ef0
ds: 007b   es: 007b   ss: 0068
Process swapper (pid: 1, threadinfo=c5f78000 task=c5f76040)
Stack: c5ec9800 00000010 c5ecdc00 c5f79f28 000000a5 0000007b c5ecdc0c 0000005e 
       c01354f4 00000000 0000fde6 00000400 00000418 000004a0 00000540 00000300 
       00000303 00000309 00000326 00000003 00000000 00000000 c5f79f68 c025bda8 
Call Trace:
 [<c01354f4>] poison_obj+0x30/0x58
 [<c025bda8>] accel_cursor+0x1e8/0x22c
 [<c022b517>] clear_buffer_attributes+0x17/0x180
 [<c0105096>] do_pre_smp_initcalls+0x2e/0x178
 [<c0105068>] do_pre_smp_initcalls+0x0/0x178
 [<c0107211>] show_regs+0x5/0xc
Code: 8b 01 a8 01 74 08 89 ca 8b 02 a8 01 75 fa 8b 55 c0 8b 42 18 
 <0>Kernel panic: Attempted to kill init!
 
-- 
#include <~/.signature>: permission denied
-
To unsubscribe from this list: send the line "unsubscribe linux-kernel" in
the body of a message to majordomo@vger.kernel.org
More majordomo info at  
http://vger.kernel.org/majordomo-info.html
Please read the FAQ at  
http://www.tux.org/lkml/