Date: Thu, 10 Aug 2000 20:05:43 +0530
From: "Madan A S" <>
Subject: help me understand /var/log/dmesg , source code traverse
Sender: linux-kernel-owner@vger.kernel.org
Precedence: bulk
List-ID: <linux-kernel.vger.kernel.org>
X-Mailing-List: linux-kernel@vger.kernel.org
X-Lkml-Link: https://lkml.org/lkml/2000/8/10/192

This is the first time i have complied a new kernel .Previously i had
installed from cd redhat6.2 .Compliled 2.4.0-test5 kernel and saw a
different /var/log/dmesg .
1.Help me figuring what each of these lines say ?
2.Are there any command line html veiwers to traverse the documemtation ?
3.Are there any applications which help in browsing thru the source code ?
    Though there is too much to scroll, Any help in this regard would be
acknowledged .
----------------------------------------------------------------------------
---------------------------------------------
Linux version 2.4.0-test5 (root@Pina) (gcc version egcs-2.91.66
19990314/Linux (egcs-1.1.2 release)) #1 Thu Aug 10 18:31:19 IST 2000
BIOS-provided physical RAM map:
 e820: 000000000009fc00 @ 0000000000000000 (usable)
 e820: 0000000000000400 @ 000000000009fc00 (usable)
 e820: 0000000000010000 @ 00000000000f0000 (reserved)
 e820: 0000000000010000 @ 00000000ffff0000 (reserved)
 e820: 00000000016f0000 @ 0000000000100000 (usable)
 e820: 000000000000d000 @ 00000000017f3000 (ACPI data)
 e820: 0000000000003000 @ 00000000017f0000 (ACPI NVS)
Scan SMP from c0000000 for 1024 bytes.
Scan SMP from c009fc00 for 1024 bytes.
Scan SMP from c00f0000 for 65536 bytes.
Scan SMP from c0000000 for 4096 bytes.
On node 0 totalpages: 6128
zone(0): 4096 pages.
zone(1): 2032 pages.
zone(2): 0 pages.
mapped APIC to ffffe000 (01061000)
Kernel command line: BOOT_IMAGE=lx ro root=304
Initializing CPU#0
Detected 400908056 Hz processor.
Console: colour VGA+ 80x25
Calibrating delay loop... 799.54 BogoMIPS
Memory: 20780k/24512k available (2169k kernel code, 3344k reserved, 132k
data, 232k init, 0k highmem)
Dentry-cache hash table entries: 4096 (order: 3, 32768 bytes)
Buffer-cache hash table entries: 1024 (order: 0, 4096 bytes)
Page-cache hash table entries: 8192 (order: 3, 32768 bytes)
Inode-cache hash table entries: 2048 (order: 2, 16384 bytes)
VFS: Diskquotas version dquot_6.4.0 initialized
CPU: Intel Celeron (Mendocino) stepping 05
Checking 386/387 coupling... OK, FPU using exception 16 error reporting.
Checking 'hlt' instruction... OK.
POSIX conformance testing by UNIFIX
mtrr: v1.36 (20000221) Richard Gooch (rgooch@atnf.csiro.au)
PCI: PCI BIOS revision 2.10 entry at 0xfb300, last bus=1
PCI: Using configuration type 1
PCI: Probing PCI hardware
PCI: Using IRQ router default [1039/0008] at 00:01.0
isapnp: Scanning for Pnp cards...
isapnp: No Plug & Play device found
usb.c: registered new driver hub
Linux NET4.0 for Linux 2.3
Based upon Swansea University Computer Society NET3.039
NET4: Ethernet Bridge 008 for NET4.0
NET4: Unix domain sockets 1.0/SMP for Linux NET4.0.
NET4: DECnet for Linux: V.2.3.49s (C) 1995-2000 Linux DECnet Project Team
DECnet: Routing cache hash table of 512 buckets, 4Kbytes
NET4: Linux TCP/IP 1.0 for NET4.0
IP Protocols: ICMP, UDP, TCP, IGMP
IP: routing cache hash table of 512 buckets, 4Kbytes
TCP: Hash tables configured (established 1024 bind 1024)
IPv4 over IPv4 tunneling driver
early initialization of device tunl0 is deferred
GRE over IPv4 tunneling driver
early initialization of device gre0 is deferred
Linux IP multicast router 0.06 plus PIM-SM
NET4: AppleTalk 0.18 for Linux NET4.0
Initializing RT netlink socket
P6 Microcode Update Driver v1.05 registered
ACPI: "AWARD" found at 0x000f7050
Starting kswapd v1.7
parport0: PC-style at 0x378 [PCSPP]
Detected PS/2 Mouse Port.
pty: 256 Unix98 ptys configured
lp0: using parport0 (polling).
lp0: console ready
cmpci: version v2.41-nomodem time 18:49:59 Aug 10 2000
cmpci: found CM8738 adapter at io 0xe000 irq 10
cmpci: Enable SPDIF loop
cmpci: Enable 4 channels mode
Linux video capture interface: v1.00
parport0 (bw-qcam): use data_reverse for this!
V4L-Driver for Vision CPiA based cameras v0.7.4
Parallel port driver for Vision CPiA based cameras v0.7.4
Zoran driver 1.00 (c) 1999 Rainer Johanni, Dave Perks.
zoran: no cards found.
Linux telephony interface: v1.00
$Id: ixj.c,v 3.4 1999/12/16 22:18:36 root Exp root $
Uniform Multi-Platform E-IDE driver Revision: 6.31
ide: Assuming 33MHz system bus speed for PIO modes; override with idebus=xx
SIS5513: IDE controller on PCI bus 00 dev 01
SIS5513: chipset revision 208
SIS5513: not 100% native mode: will probe irqs later
    ide0: BM-DMA at 0x4000-0x4007, BIOS settings: hda:DMA, hdb:DMA
    ide1: BM-DMA at 0x4008-0x400f, BIOS settings: hdc:DMA, hdd:DMA
hda: ST36421A, ATA DISK drive
hdd: Philips 40X PCA403CD, ATAPI CDROM drive
ide0 at 0x1f0-0x1f7,0x3f6 on irq 14
ide1 at 0x170-0x177,0x376 on irq 15
hda: 12596850 sectors (6450 MB) w/256KiB Cache, CHS=784/255/63
hdd: ATAPI 48X CD-ROM drive, 128kB Cache
Uniform CD-ROM driver Revision: 3.11
Partition check:
 hda: hda1 hda2 < hda5 hda6 > hda3 hda4
pd: pd version 1.05, major 45, cluster 64, nice 0
request_module[paride_protocol]: Root fs not mounted
pda: Autoprobe failed
pd: no valid drive found
pcd: pcd version 1.07, major 46, nice 0
request_module[paride_protocol]: Root fs not mounted
pcd0: Autoprobe failed
pcd: No CD-ROM drive found
pf: pf version 1.04, major 47, cluster 64, nice 0
request_module[paride_protocol]: Root fs not mounted
pf0: Autoprobe failed
pf: No ATAPI disk detected
pg: pg version 1.02, major 97
request_module[paride_protocol]: Root fs not mounted
pg0: Autoprobe failed
pg: No ATAPI device detected
Floppy drive(s): fd0 is 1.44M
FDC 0 is a post-1991 82077
LVM version 0.8final  by Heinz Mauelshagen  (15/02/2000)
lvm -- Driver successfully initialized
scsi0 : SCSI host adapter emulation for IDE ATAPI devices
scsi : 1 host.
scsi : detected total.
arcnet: v3.93 BETA 2000/04/29 - by Avery Pennarun et al.
arcnet: Available protocols:
NTFS version 000607
Serial driver version 5.01 (2000-05-29) with MANY_PORTS SHARE_IRQ SERIAL_PCI
ISAPNP enabled
ttyS00 at 0x03f8 (irq = 4) is a 16550A
ttyS01 at 0x02f8 (irq = 3) is a 16550A
DoubleTalk PC - not found
r3964: Philips r3964 Driver $Revision: 1.8 $
Applicom driver: $Id: ac.c,v 1.30 2000/03/22 16:03:57 dwmw2 Exp $
ac.o: No PCI boards found.
ac.o: For an ISA board you must supply memory and irq parameters.
Real Time Clock Driver v1.10c
Mediavision Pro Movie Studio driver 0.02
PMS type is 0
Board not found.
ppdev: user-space parallel port driver
[drm] Initialized tdfx 1.0.0 20000719 on minor 63
Linux PCMCIA Card Services 3.1.11
  options:  [pci] [cardbus] [pm]
NET4: Ethernet Bridge 008 for NET4.0
kmem_create: Forcing size word alignment - nfs_fh
ds: no socket drivers loaded!
VFS: Mounted root (ext2 filesystem) readonly.
Freeing unused kernel memory: 232k freed
Adding Swap: 72252k swap-space (priority -1)
----------------------------------------------------------------------------
-------------------------------------------
This is my dmesg before new kernel
----------------------------------------------------------------------------
-------------------------------------------
Linux version 2.2.14-12 (root@porky.devel.redhat.com) (gcc version
egcs-2.91.66 19990314/Linux (egcs-1.1.2 release)) #1 Tue Apr 25 13:04:07 EDT
2000
Detected 400910451 Hz processor.
Console: colour VGA+ 80x25
Calibrating delay loop... 399.77 BogoMIPS
Memory: 22356k/24512k available (1068k kernel code, 412k reserved, 612k
data, 64k init, 0k bigmem)
Dentry hash table entries: 262144 (order 9, 2048k)
Buffer cache hash table entries: 32768 (order 5, 128k)
Page cache hash table entries: 8192 (order 3, 32k)
VFS: Diskquotas version dquot_6.4.0 initialized
CPU: Intel Celeron (Mendocino) stepping 05
Checking 386/387 coupling... OK, FPU using exception 16 error reporting.
Checking 'hlt' instruction... OK.
POSIX conformance testing by UNIFIX
mtrr: v1.35a (19990819) Richard Gooch (rgooch@atnf.csiro.au)
PCI: PCI BIOS revision 2.10 entry at 0xfb300
PCI: Using configuration type 1
PCI: Probing PCI hardware
Linux NET4.0 for Linux 2.2
Based upon Swansea University Computer Society NET3.039
NET4: Unix domain sockets 1.0 for Linux NET4.0.
NET4: Linux TCP/IP 1.0 for NET4.0
IP Protocols: ICMP, UDP, TCP, IGMP
TCP: Hash tables configured (ehash 32768 bhash 32768)
Initializing RT netlink socket
Starting kswapd v 1.5
Detected PS/2 Mouse Port.
Serial driver version 4.27 with MANY_PORTS MULTIPORT SHARE_IRQ enabled
ttyS00 at 0x03f8 (irq = 4) is a 16550A
ttyS01 at 0x02f8 (irq = 3) is a 16550A
pty: 256 Unix98 ptys configured
apm: BIOS version 1.2 Flags 0x07 (Driver version 1.9)
Real Time Clock Driver v1.09
RAM disk driver initialized:  16 RAM disks of 4096K size
SIS5513: IDE controller on PCI bus 00 dev 01
SIS5513: not 100% native mode: will probe irqs later
    ide0: BM-DMA at 0x4000-0x4007, BIOS settings: hda:DMA, hdb:DMA
    ide1: BM-DMA at 0x4008-0x400f, BIOS settings: hdc:DMA, hdd:DMA
hda: ST36421A, ATA DISK drive
hdd: Philips 40X PCA403CD, ATAPI CDROM drive
ide0 at 0x1f0-0x1f7,0x3f6 on irq 14
ide1 at 0x170-0x177,0x376 on irq 15
hda: ST36421A, 6150MB w/256kB Cache, CHS=784/255/63
hdd: ATAPI 48X CD-ROM drive, 128kB Cache
Uniform CDROM driver Revision: 2.56
Floppy drive(s): fd0 is 1.44M
FDC 0 is a post-1991 82077
md driver 0.90.0 MAX_MD_DEVS=256, MAX_REAL=12
raid5: measuring checksumming speed
raid5: MMX detected, trying high-speed MMX checksum routines
   pII_mmx   :   891.540 MB/sec
   p5_mmx    :   936.498 MB/sec
   8regs     :   688.467 MB/sec
   32regs    :   385.953 MB/sec
using fastest function: p5_mmx (936.498 MB/sec)
scsi : 0 hosts.
scsi : detected total.
md.c: sizeof(mdp_super_t) = 4096
Partition check:
 hda: hda1 hda2 < hda5 hda6 > hda3 hda4
autodetecting RAID arrays
autorun ...
... autorun DONE.
VFS: Mounted root (ext2 filesystem) readonly.
Freeing unused kernel memory: 64k freed
Adding Swap: 72252k swap-space (priority -1)
cm: version v1.1 time 13:05:42 Apr 25 2000
cm: found CM8738 adapter at io 0xe000 irq 10
-
To unsubscribe from this list: send the line "unsubscribe linux-kernel" in
the body of a message to majordomo@vger.rutgers.edu
Please read the FAQ at 
http://www.tux.org/lkml/