Date: Mon, 1 Mar 1999 21:23:46 +0100 (MET)
From: Peter TEX Weigand <>
Subject: problem with floppy init at boot
Sender: linux-kernel-owner@vger.kernel.org
Precedence: bulk
List-ID: <linux-kernel.vger.kernel.org>
X-Mailing-List: linux-kernel@vger.kernel.org
X-Lkml-Link: https://lkml.org/lkml/1999/3/1/88

Hi
As of kerknel 2.2.0 I get a init problem at boot.
With 2.1.132 and older I did not have this.
After boot I can access the floppies (I have 2 - see further down) with
mount,... - no problem.
Here's the boot messages of kernel 2.2.2:
Linux version 2.2.2 (root@pc11112.autelca.ascom.ch) (gcc version 2.7.2.3) #11 We
d Feb 24 18:40:15 CET 1999
Detected 100234255 Hz processor.
Console: colour VGA+ 80x25
Calibrating delay loop... 39.94 BogoMIPS
Memory: 14924k/16384k available (656k kernel code, 412k reserved, 356k data, 36k
 init)
CPU: Intel Pentium 75 - 200 stepping 05
Checking 386/387 coupling... OK, FPU using exception 16 error reporting.
Checking 'hlt' instruction... OK.
Intel Pentium with F0 0F bug - workaround enabled.
POSIX conformance testing by UNIFIX
PCI: BIOS32 entry (0xc00fa000) in high memory, cannot use.
PCI: Using configuration type 1
PCI: Probing PCI hardware
PCI: 00:00 [0e11/4000/000600] has unknown header type ff, ignoring.
[snip]
PCI: 00:07 [0e11/4000/000600] has unknown header type ff, ignoring.
Linux NET4.0 for Linux 2.2
Based upon Swansea University Computer Society NET3.039
NET4: Unix domain sockets 1.0 for Linux NET4.0.
NET4: Linux TCP/IP 1.0 for NET4.0
IP Protocols: ICMP, UDP, TCP
Starting kswapd v 1.5 
Detected PS/2 Mouse Port.
Serial driver version 4.27 with no serial options enabled
ttyS00 at 0x03f8 (irq = 4) is a 16550A
pty: 256 Unix98 ptys configured
hda: WDC AC31000F, ATA DISK drive
hdc: CD-ROM CDU77E, ATAPI CDROM drive
ide0 at 0x1f0-0x1f7,0x3f6 on irq 14
ide1 at 0x170-0x177,0x376 on irq 15
hda: WDC AC31000F, 1033MB w/64kB Cache, CHS=525/64/63
Floppy drive(s): fd0 is 1.44M, fd1 is 1.2M
FDC 0 is a National Semiconductor PC87306
pcnet32.c: PCI bios is present, checking for devices...
PCI Master Bit has not been set. Setting...
Found PCnet/PCI at 0x1000, irq 11.
eth0: PCnet/PCI 79C970 at 0x1000, 00 80 5f c2 58 57 assigned IRQ 11.
pcnet32.c:v1.11 17.1.99 tsbogend@alpha.franken.de
floppy0: Getstatus times out (0) on fdc 0
 
floppy driver state
-------------------
now=426 last interrupt=426 last called handler=00000000
timeout_message=do wakeup
last output bytes:
 8 80 426
 8 80 426
[snip - second try]
14 80 426
18 80 426
 8 80 426
 8 80 426
 8 80 426
 8 80 426
last result at 426
last redo_fd_request at 426
 
status=0
fdc_busy=1
floppy_tq.routine=c016e10c
cont=c01b27c8
CURRENT=00000000
command_status=-1
 
floppy0: unexpected interrupt 
floppy0: timeout handler died: normal interrupt end
Partition check:
 hda: hda1 hda2 hda3 hda4
[snip]
# cat /proc/interrupts 
           CPU0       
  0:      30256          XT-PIC  timer
  1:          2          XT-PIC  keyboard
  2:          0          XT-PIC  cascade
 11:       2231          XT-PIC  PCnet/PCI 79C970
 13:          1          XT-PIC  fpu
 14:      19874          XT-PIC  ide0
 15:          2          XT-PIC  ide1
NMI:          0
# cat /proc/ioports         
0000-001f : dma1
0020-003f : pic1
0040-005f : timer
0060-006f : keyboard
0080-008f : dma page reg
00a0-00bf : pic2
00c0-00df : dma2
00f0-00ff : fpu
0170-0177 : ide1
01f0-01f7 : ide0
0376-0376 : ide1
03c0-03df : vga+
03f6-03f6 : ide0
03f8-03ff : serial(auto)
1000-1017 : PCnet/PCI 79C970
# cat /proc/pci
PCI devices found:
  Bus  0, device  10, function  0:
    VGA compatible controller: Compaq QVision 1280/p (rev 18).
      Medium devsel.  IRQ 11.  
      Non-prefetchable 32 bit memory at 0x40000000 [0x40000000].
  Bus  0, device  11, function  0:
    Ethernet controller: AMD 79C970 (rev 2).
      Medium devsel.  IRQ 11.  Master Capable.  No bursts.  
      I/O at 0x1000 [0x1001].
  Bus  0, device  15, function  0:
    ISA bridge: Compaq Unknown device (rev 4).
      Vendor id=e11. Device id=2.
      Medium devsel.  Master Capable.  No bursts.  
All the proc output looks kinda the same as with an older kernel.
Please CC to me.
Thanx
-- 
 _______________________________________________________________________
| ASCOM Autelca L.t.d.			VOICE: +41 31 999 6111		|
| Peter TEX Weigand			VOICE: +41 31 999 6323 (direct)	|
| Software Public Phones,...		FAX:   +41 31 999 6575		|
| Worbstrasse 201			EMAIL: aweigp@autelca.ascom.ch	|
| CH-3073 Guemligen, Switzerland	WWW:   
http://www.ascom.ch
	|
*************************************************************************
-
To unsubscribe from this list: send the line "unsubscribe linux-kernel" in
the body of a message to majordomo@vger.rutgers.edu
Please read the FAQ at 
http://www.tux.org/lkml/