Date: 01 Oct 2004 14:50:31 -0700
From: "Shesha B. " Sreenivasamurthy <>
Subject: Re: md hangs while rebuilding
Sender: linux-kernel-owner@vger.kernel.org
Precedence: bulk
List-ID: <linux-kernel.vger.kernel.org>
X-Mailing-List: linux-kernel@vger.kernel.org
X-Lkml-Link: https://lkml.org/lkml/2004/10/1/228

I am sorry. :(
Here are the configurations ....
(1) The linux kernel version : 2.4.26
(2) md information
---------------------
/dev/md0 on / type ext3 (rw,data=journal)
none on /proc type proc (rw)
/dev/md2 on /var type ext3 (rw,data=journal)
/dev/md7 on /var/nas type ext3 (rw,data=journal)
/dev/md5 on /tmp type ext3 (rw,data=journal)
/dev/md6 on /var/log type ext3 (rw,data=journal)
/dev/md1 on /alt type ext3 (rw,data=journal)
/dev/md3 on /opt type ext3 (rw,data=journal)
/dev/md4 on /mnt type ext3 (rw,data=journal)
(3) Partition Information
----------------------------
All 9 disk (sda-sdi) is partitioned as follows
Disk /dev/sda: 250.0 GB, 250059350016 bytes
255 heads, 63 sectors/track, 30401 cylinders
Units = cylinders of 16065 * 512 = 8225280 bytes
   Device Boot    Start       End    Blocks   Id  System
/dev/sda1             1        51    409657   fd  Linux raid autodetect
/dev/sda2            52       102    409657+  fd  Linux raid autodetect
/dev/sda3           103       111     72292+  82  Linux swap
/dev/sda4           112     30401 243304425    5  Extended
/dev/sda5           112       137    208844+  fd  Linux raid autodetect
/dev/sda6           138       176    313267   fd  Linux raid autodetect
/dev/sda7           177       179     24097   fd  Linux raid autodetect
/dev/sda8           180       205    208844+  fd  Linux raid autodetect
/dev/sda9           206       244    313267   fd  Linux raid autodetect
/dev/sda10          245       267    184747   fd  Linux raid autodetect
/dev/sda11          268     30401 242051352+  83  Linux
---------------
Please let me know if any more info is required. Any help is regarded.
-Shesha
On Fri, 2004-10-01 at 13:57, bert hubert wrote:
> On Fri, Oct 01, 2004 at 12:16:51PM -0700, Shesha B.  Sreenivasamurthy wrote:
> 
> > I have 9 disks raid 1. I pulled out 4 disks, and using raidhotadd I
> > triggered a rebuild on 3 of them. While rebuilding md1, the rebuilding
> > process is stuck at 0.0%. Below is a snapshot of "/proc/mdstat". 
> 
> Please please please tell people what kernel you run with and your exact
> configuration.
-- 
  .-----.
 /       \
{  o | o  } 
     |
    \_/
      
-
To unsubscribe from this list: send the line "unsubscribe linux-kernel" in
the body of a message to majordomo@vger.kernel.org
More majordomo info at  
http://vger.kernel.org/majordomo-info.html
Please read the FAQ at  
http://www.tux.org/lkml/