Date: Wed, 1 Nov 2006 18:55:46 -0500
From: Dave Jones <>
Subject: Re: fc6 kernel 2.6.18-1.2798 breaks acpi on HP laptop n5430
Sender: linux-kernel-owner@vger.kernel.org
Precedence: bulk
List-ID: <linux-kernel.vger.kernel.org>
X-Mailing-List: linux-kernel@vger.kernel.org
X-Lkml-Link: https://lkml.org/lkml/2006/11/1/390

On Wed, Nov 01, 2006 at 04:17:50PM -0500, Stephen Clark wrote:
 > BIOS-provided physical RAM map:
 >  BIOS-e820: 0000000000000000 - 000000000009f000 (usable)
 >  BIOS-e820: 000000000009f000 - 0000000000100000 (reserved)
 >  BIOS-e820: 0000000000100000 - 000000001fff0000 (usable)
 >  BIOS-e820: 000000001fff0000 - 000000001ffff000 (ACPI data)
 >  BIOS-e820: 000000001ffff000 - 0000000020000000 (ACPI NVS)
 >  BIOS-e820: 00000000fff80000 - 0000000100000000 (reserved)
 > 0MB HIGHMEM available.
 > 511MB LOWMEM available.
 > Using x86 segment limits to approximate NX protection
 > DMI 2.2 present.
 > Using APIC driver default
 > ACPI: PM-Timer IO Port: 0x8008
 > Allocating PCI resources starting at 30000000 (gap: 20000000:dff80000)
 > Detected 850.075 MHz processor.
 > Built 1 zonelists.  Total pages: 131056
 > Kernel command line: ro root=/dev/VolGroup00/LogVol00 lapic nousb 
 > console=ttyS0,38400
 > Local APIC disabled by BIOS -- reenabling.
 > Found and enabled local APIC!
Does it make a difference if you boot with nolapic ?
	Dave
-- 
http://www.codemonkey.org.uk
-
To unsubscribe from this list: send the line "unsubscribe linux-kernel" in
the body of a message to majordomo@vger.kernel.org
More majordomo info at  
http://vger.kernel.org/majordomo-info.html
Please read the FAQ at  
http://www.tux.org/lkml/