Date: Thu, 21 Sep 2000 10:39:27 -0500 (CDT)
From: Erik McKee <>
Subject: strange BogoMIPS value
Sender: linux-kernel-owner@vger.kernel.org
Precedence: bulk
List-ID: <linux-kernel.vger.kernel.org>
X-Mailing-List: linux-kernel@vger.kernel.org
X-Lkml-Link: https://lkml.org/lkml/2000/9/21/105

Hello!
It seems as if linux 2.2.17 is calculating a strange value for my bogomips
value.  I thought is was supposed to be somewhere near the processor
speed.  Perhaps I am missing something?
Have a nice day ;)
Erik
p.s. dmesg output attatched...
cc version 2.95.1 19990816 (release)) #8 Thu Sep 14 14:14:56 CDT 2000
Detected 99547 kHz processor.
Console: colour VGA+ 80x25
Calibrating delay loop... 198.25 BogoMIPS
Memory: 30628k/32768k available (1068k kernel code, 412k reserved, 600k data, 60k init)
Dentry hash table entries: 4096 (order 3, 32k)
Buffer cache hash table entries: 32768 (order 5, 128k)
Page cache hash table entries: 8192 (order 3, 32k)
VFS: Diskquotas version dquot_6.4.0 initialized
CPU: Intel Pentium 75 - 200 stepping 06
Checking 386/387 coupling... OK, FPU using exception 16 error reporting.
Checking 'hlt' instruction... OK.
Intel Pentium with F0 0F bug - workaround enabled.
POSIX conformance testing by UNIFIX
PCI: PCI BIOS revision 2.10 entry at 0xfc7f5
PCI: Using configuration type 1
PCI: Probing PCI hardware
Linux NET4.0 for Linux 2.2
Based upon Swansea University Computer Society NET3.039
NET4: Unix domain sockets 1.0 for Linux NET4.0.
NET4: Linux TCP/IP 1.0 for NET4.0
IP Protocols: ICMP, UDP, TCP
TCP: Hash tables configured (ehash 32768 bhash 32768)
IPv4 over IPv4 tunneling driver
early initialization of device tunl0 is deferred
GRE over IPv4 tunneling driver
early initialization of device gre0 is deferred
NET4: Linux IPX 0.38 for NET4.0
IPX Portions Copyright (c) 1995 Caldera, Inc.
NET4: AppleTalk 0.18 for Linux NET4.0
Initializing RT netlink socket
Starting kswapd v 1.5 
vga16fb: initializing
vga16fb: mapped to 0xc00a0000
Console: switching to colour frame buffer device 80x30
fb0: VGA16 VGA frame buffer device
Detected PS/2 Mouse Port.
Serial driver version 4.27 with no serial options enabled
ttyS00 at 0x03f8 (irq = 4) is a 16550A
ttyS01 at 0x02f8 (irq = 3) is a 16550A
pty: 512 Unix98 ptys configured
Software Watchdog Timer: 0.05, timer margin: 60 sec
Real Time Clock Driver v1.09
loop: registered device at major 7
CMD640: ignored by ide_scan_pci_device() (uses own driver)
ide0: buggy cmd640b interface on PCI (type1), config=0x7e
ide1: serialized, secondary interface okay
cmd640: drive0 timings/prefetch(on) preserved, clocks=2/3/3
cmd640: drive1 timings/prefetch(on) preserved, clocks=2/3/3
cmd640: drive2 timings/prefetch(on) preserved, clocks=2/3/3
cmd640: drive3 timings/prefetch(on) preserved, clocks=2/3/3
hda: Conner Peripherals 1080MB - CFS1081A, ATA DISK drive
hdb: Conner Peripherals 420MB - CFS420A, ATA DISK drive
hdc: Conner Peripherals 1275MB - CFS1275A, ATA DISK drive
ide0 at 0x1f0-0x1f7,0x3f6 on irq 14
ide1 at 0x170-0x177,0x376 on irq 15 (serialized with ide0)
hda: Conner Peripherals 1080MB - CFS1081A, 1032MB w/0kB Cache, CHS=524/64/63
hdb: Conner Peripherals 420MB - CFS420A, 406MB w/64kB Cache, CHS=826/16/63
hdc: Conner Peripherals 1275MB - CFS1275A, 1219MB w/64kB Cache, CHS=2477/16/63
Floppy drive(s): fd0 is 1.44M
FDC 0 is a post-1991 82077
PPP: version 2.3.7 (demand dialling)
TCP compression code copyright 1989 Regents of the University of California
PPP line discipline registered.
PPP BSD Compression module registered
PPP Deflate Compression module registered
SLIP: version 0.8.4-NET3.019-NEWTTY (dynamic channels, max=256).
CSLIP: code copyright 1989 Regents of the University of California.
SLIP linefill/keepalive option.
ne2k-pci.c:vpre-1.00e 5/27/99 D. Becker/P. Gortmaker 
http://cesdis.gsfc.nasa.gov/linux/drivers/ne2k-pci.html
ne2k-pci.c: PCI NE2000 clone 'RealTek RTL-8029' at I/O 0xfce0, IRQ 9.
eth0: RealTek RTL-8029 found at 0xfce0, IRQ 9, 00:C0:F0:5B:62:4B.
Partition check:
 hda: hda1 hda2
 hdb: hdb1 hdb2
 hdc: [PTBL] [619/64/63] hdc1
VFS: Mounted root (ext2 filesystem) readonly.
Freeing unused kernel memory: 60k freed
PPP BSD Compression module registered
3c507.c:v1.10 9/23/94 Donald Becker (becker@cesdis.gsfc.nasa.gov)
eth1: 3c507 at 0x300, 00 60 8c 5c e4 7a, IRQ 3, external xcvr, memory 0xd0000-0xdffff.
3c507.c:v1.10 9/23/94 Donald Becker (becker@cesdis.gsfc.nasa.gov)
Adding Swap: 16124k swap-space (priority -1)
Adding Swap: 15620k swap-space (priority -2)