Date: Thu, 15 Jun 2006 10:05:00 -0700
From: Konstantin Antselovich <>
Subject: BUG: spinlock recursion on CPU, kernel 2.6.16.20 &  2.6.16-1.2122_FC5[smp]
Sender: linux-kernel-owner@vger.kernel.org
Precedence: bulk
List-ID: <linux-kernel.vger.kernel.org>
X-Mailing-List: linux-kernel@vger.kernel.org
X-Lkml-Link: https://lkml.org/lkml/2006/6/15/162

pls CC me, I'm not on the list.
## Added on Jun-15-2006
## I posted this msg to linux-scsi about a week ago, but nobody replied
## or made any comments.
Hi List,
Kernel crashes when I try to host-swap a hdd.  When I take a drive out
I see messages on console that drive is taken out and that it's marked
as 'Failed' in md arrays. When I push it back in kernel crashes.
(also 
https://bugzilla.redhat.com/bugzilla/show_bug.cgi?id=194349
)
2x2.4 Xeon, Adaptec AIC-7902B U320 (aic79xx), SuperMicro 6023-P8 Chassis
http://www.supermicro.com/products/system/2U/6023/SYS-6023P-8.cfm
Jun 10 00:57:03 192.168.0.6 kernel: netconsole: local IP 192.168.0.201
Jun 10 00:57:35 192.168.0.201 scsi0: Someone reset channel A
Jun 10 00:57:35 192.168.0.201 BUG: spinlock recursion on CPU#2, swapper/0
Jun 10 00:57:35 192.168.0.201  lock: c266f600, .magic: dead4ead, .owner:
swapper/0, .owner_cpu: 2
Jun 10 00:57:35 192.168.0.201  [<c01cc02d>]
Jun 10 00:57:35 192.168.0.201 _raw_spin_lock+0x33/0xd2
Jun 10 00:57:35 192.168.0.201
Jun 10 00:57:35 192.168.0.201  [<c02e5bf7>]
Jun 10 00:57:35 192.168.0.201 _spin_lock_irqsave+0x9/0xd
Jun 10 00:57:35 192.168.0.201
Jun 10 00:57:35 192.168.0.201  [<f88b7768>]
Jun 10 00:57:35 192.168.0.201 ahd_freeze_simq+0x12/0x43 [aic79xx]
Jun 10 00:57:35 192.168.0.201
Jun 10 00:57:35 192.168.0.201  [<f88aed4d>]
Jun 10 00:57:35 192.168.0.201 ahd_reset_channel+0x471/0x4b5 [aic79xx]
Jun 10 00:57:35 192.168.0.201
Jun 10 00:57:35 192.168.0.201  [<c02e0000>]
Jun 10 00:57:35 192.168.0.201 unix_stream_recvmsg+0x331/0x49a
Jun 10 00:57:35 192.168.0.201
Jun 10 00:57:35 192.168.0.201  [<f88af93c>]
Jun 10 00:57:35 192.168.0.201 ahd_handle_scsiint+0x349/0x15c7 [aic79xx]
Jun 10 00:57:35 192.168.0.201
Jun 10 00:57:35 192.168.0.201  [<c02e5bf7>]
Jun 10 00:57:35 192.168.0.201 _spin_lock_irqsave+0x9/0xd
Jun 10 00:57:35 192.168.0.201
Jun 10 00:57:35 192.168.0.201  [<c0209ab3>]
Jun 10 00:57:35 192.168.0.201 __add_entropy_words+0x58/0x184
Jun 10 00:57:35 192.168.0.201
Jun 10 00:57:35 192.168.0.201  [<c011cf16>]
Jun 10 00:57:35 192.168.0.201 __wake_up+0x2a/0x3d
Jun 10 00:57:35 192.168.0.201
Jun 10 00:57:35 192.168.0.201  [<c011f382>]
Jun 10 00:57:35 192.168.0.201 nr_uninterruptible+0x44/0x63
Jun 10 00:57:35 192.168.0.201
Jun 10 00:57:35 192.168.0.201  [<f88b907d>]
Jun 10 00:57:35 192.168.0.201 ahd_linux_isr+0x160/0x17b [aic79xx]
Jun 10 00:57:35 192.168.0.201
Jun 10 00:57:35 192.168.0.201  [<c01421ca>]
dmesg, lspci are attached
Rgds,
Konstantin
-- 
Konstantin Antselovich
mailto: konstantin@antselovich.com
http://konstantin.antselovich.com
Jun 10 00:53:04 192.168.0.6 syslogd 1.4.1: restart. 
Jun 10 00:53:04 192.168.0.6 kernel: klogd 1.4.1, log source = /proc/kmsg started. 
Jun 10 00:56:21 192.168.0.6 syslogd 1.4.1: restart. 
Jun 10 00:56:21 192.168.0.6 kernel: klogd 1.4.1, log source = /proc/kmsg started. 
Jun 10 00:56:21 192.168.0.6 kernel: Linux version 2.6.16.20 (root@smicro) (gcc version 4.1.1 20060525 (Red Hat 4.1.1-1)) #1 SMP Wed Jun 7 15:44:09 PDT 2006 
Jun 10 00:56:21 192.168.0.6 kernel: BIOS-provided physical RAM map: 
Jun 10 00:56:21 192.168.0.6 kernel:  BIOS-e820: 0000000000000000 - 000000000009f400 (usable) 
Jun 10 00:56:21 192.168.0.6 kernel:  BIOS-e820: 000000000009f400 - 00000000000a0000 (reserved) 
Jun 10 00:56:21 192.168.0.6 kernel:  BIOS-e820: 00000000000d2000 - 00000000000d4000 (reserved) 
Jun 10 00:56:21 192.168.0.6 kernel:  BIOS-e820: 00000000000e0000 - 0000000000100000 (reserved) 
Jun 10 00:56:21 192.168.0.6 kernel:  BIOS-e820: 0000000000100000 - 000000007fef0000 (usable) 
Jun 10 00:56:21 192.168.0.6 kernel:  BIOS-e820: 000000007fef0000 - 000000007fef8000 (ACPI data) 
Jun 10 00:56:21 192.168.0.6 kernel:  BIOS-e820: 000000007fef8000 - 000000007ff00000 (ACPI NVS) 
Jun 10 00:56:21 192.168.0.6 kernel:  BIOS-e820: 000000007ff00000 - 000000007ff80000 (usable) 
Jun 10 00:56:21 192.168.0.6 kernel:  BIOS-e820: 000000007ff80000 - 0000000080000000 (reserved) 
Jun 10 00:56:21 192.168.0.6 kernel:  BIOS-e820: 00000000fec00000 - 00000000fec10000 (reserved) 
Jun 10 00:56:21 192.168.0.6 kernel:  BIOS-e820: 00000000fee00000 - 00000000fee01000 (reserved) 
Jun 10 00:56:21 192.168.0.6 kernel:  BIOS-e820: 00000000ff800000 - 00000000ffc00000 (reserved) 
Jun 10 00:56:21 192.168.0.6 kernel:  BIOS-e820: 00000000fff00000 - 0000000100000000 (reserved) 
Jun 10 00:56:21 192.168.0.6 kernel: 1151MB HIGHMEM available. 
Jun 10 00:56:21 192.168.0.6 kernel: 896MB LOWMEM available. 
Jun 10 00:56:21 192.168.0.6 kernel: found SMP MP-table at 000f6800 
Jun 10 00:56:21 192.168.0.6 kernel: DMI present. 
Jun 10 00:56:21 192.168.0.6 kernel: Using APIC driver default 
Jun 10 00:56:21 192.168.0.6 kernel: ACPI: PM-Timer IO Port: 0x1008 
Jun 10 00:56:21 192.168.0.6 kernel: ACPI: LAPIC (acpi_id[0x00] lapic_id[0x00] enabled) 
Jun 10 00:56:21 192.168.0.6 kernel: Processor #0 15:2 APIC version 20 
Jun 10 00:56:21 192.168.0.6 kernel: ACPI: LAPIC (acpi_id[0x01] lapic_id[0x06] enabled) 
Jun 10 00:56:21 192.168.0.6 kernel: Processor #6 15:2 APIC version 20 
Jun 10 00:56:21 192.168.0.6 kernel: ACPI: LAPIC (acpi_id[0x02] lapic_id[0x01] enabled) 
Jun 10 00:56:21 192.168.0.6 kernel: Processor #1 15:2 APIC version 20 
Jun 10 00:56:21 192.168.0.6 kernel: ACPI: LAPIC (acpi_id[0x03] lapic_id[0x07] enabled) 
Jun 10 00:56:21 192.168.0.6 kernel: Processor #7 15:2 APIC version 20 
Jun 10 00:56:21 192.168.0.6 kernel: ACPI: LAPIC_NMI (acpi_id[0x00] high edge lint[0x1]) 
Jun 10 00:56:21 192.168.0.6 kernel: ACPI: LAPIC_NMI (acpi_id[0x01] high edge lint[0x1]) 
Jun 10 00:56:21 192.168.0.6 kernel: ACPI: LAPIC_NMI (acpi_id[0x02] high edge lint[0x1]) 
Jun 10 00:56:21 192.168.0.6 kernel: ACPI: LAPIC_NMI (acpi_id[0x03] high edge lint[0x1]) 
Jun 10 00:56:21 192.168.0.6 kernel: Overriding APIC driver with bigsmp 
Jun 10 00:56:21 192.168.0.6 kernel: ACPI: IOAPIC (id[0x02] address[0xfec00000] gsi_base[0]) 
Jun 10 00:56:21 192.168.0.6 kernel: IOAPIC[0]: apic_id 2, version 32, address 0xfec00000, GSI 0-23 
Jun 10 00:56:21 192.168.0.6 kernel: ACPI: IOAPIC (id[0x03] address[0xfec80000] gsi_base[24]) 
Jun 10 00:56:21 192.168.0.6 kernel: IOAPIC[1]: apic_id 3, version 32, address 0xfec80000, GSI 24-47 
Jun 10 00:56:21 192.168.0.6 kernel: ACPI: IOAPIC (id[0x04] address[0xfec80400] gsi_base[48]) 
Jun 10 00:56:21 192.168.0.6 kernel: IOAPIC[2]: apic_id 4, version 32, address 0xfec80400, GSI 48-71 
Jun 10 00:56:21 192.168.0.6 kernel: ACPI: IOAPIC (id[0x05] address[0xfec81000] gsi_base[72]) 
Jun 10 00:56:21 192.168.0.6 kernel: IOAPIC[3]: apic_id 5, version 32, address 0xfec81000, GSI 72-95 
Jun 10 00:56:21 192.168.0.6 kernel: ACPI: IOAPIC (id[0x08] address[0xfec81400] gsi_base[96]) 
Jun 10 00:56:21 192.168.0.6 kernel: IOAPIC[4]: apic_id 8, version 32, address 0xfec81400, GSI 96-119 
Jun 10 00:56:21 192.168.0.6 kernel: ACPI: INT_SRC_OVR (bus 0 bus_irq 0 global_irq 2 high edge) 
Jun 10 00:56:21 192.168.0.6 kernel: ACPI: INT_SRC_OVR (bus 0 bus_irq 9 global_irq 9 high level) 
Jun 10 00:56:21 192.168.0.6 kernel: Enabling APIC mode:  Physflat.  Using 5 I/O APICs 
Jun 10 00:56:21 192.168.0.6 kernel: Using ACPI (MADT) for SMP configuration information 
Jun 10 00:56:21 192.168.0.6 kernel: Allocating PCI resources starting at 88000000 (gap: 80000000:7ec00000) 
Jun 10 00:56:21 192.168.0.6 kernel: Built 1 zonelists 
Jun 10 00:56:21 192.168.0.6 kernel: Kernel command line: ro root=/dev/fedora5/system 
Jun 10 00:56:21 192.168.0.6 rpc.statd[2100]: Version 1.0.8-rc2 Starting 
Jun 10 00:56:21 192.168.0.6 kernel: Enabling fast FPU save and restore... done. 
Jun 10 00:56:21 192.168.0.6 kernel: Enabling unmasked SIMD FPU exception support... done. 
Jun 10 00:56:21 192.168.0.6 kernel: Initializing CPU#0 
Jun 10 00:56:21 192.168.0.6 kernel: CPU 0 irqstacks, hard=c0412000 soft=c03f2000 
Jun 10 00:56:21 192.168.0.6 kernel: PID hash table entries: 4096 (order: 12, 65536 bytes) 
Jun 10 00:56:21 192.168.0.6 kernel: Detected 2399.764 MHz processor. 
Jun 10 00:56:21 192.168.0.6 kernel: Using pmtmr for high-res timesource 
Jun 10 00:56:21 192.168.0.6 kernel: Console: colour VGA+ 80x25 
Jun 10 00:56:21 192.168.0.6 kernel: Dentry cache hash table entries: 131072 (order: 7, 524288 bytes) 
Jun 10 00:56:21 192.168.0.6 kernel: Inode-cache hash table entries: 65536 (order: 6, 262144 bytes) 
Jun 10 00:56:22 192.168.0.6 kernel: Memory: 2067100k/2096640k available (1952k kernel code, 28096k reserved, 828k data, 208k init, 1179072k highmem) 
Jun 10 00:56:22 192.168.0.6 kernel: Checking if this processor honours the WP bit even in supervisor mode... Ok. 
Jun 10 00:56:22 192.168.0.6 kernel: Calibrating delay using timer specific routine.. 4807.97 BogoMIPS (lpj=9615940) 
Jun 10 00:56:22 192.168.0.6 kernel: Security Framework v1.0.0 initialized 
Jun 10 00:56:22 192.168.0.6 kernel: SELinux:  Initializing. 
Jun 10 00:56:22 192.168.0.6 kernel: SELinux:  Starting in permissive mode 
Jun 10 00:56:22 192.168.0.6 kernel: selinux_register_security:  Registering secondary module capability 
Jun 10 00:56:22 192.168.0.6 kernel: Capability LSM initialized as secondary 
Jun 10 00:56:22 192.168.0.6 kernel: Mount-cache hash table entries: 512 
Jun 10 00:56:22 192.168.0.6 kernel: CPU: Trace cache: 12K uops, L1 D cache: 8K 
Jun 10 00:56:22 192.168.0.6 kernel: CPU: L2 cache: 512K 
Jun 10 00:56:22 192.168.0.6 kernel: CPU: Physical Processor ID: 0 
Jun 10 00:56:22 192.168.0.6 kernel: Intel machine check architecture supported. 
Jun 10 00:56:22 192.168.0.6 kernel: Intel machine check reporting enabled on CPU#0. 
Jun 10 00:56:22 192.168.0.6 kernel: CPU0: Intel P4/Xeon Extended MCE MSRs (12) available 
Jun 10 00:56:22 192.168.0.6 kernel: CPU0: Thermal monitoring enabled 
Jun 10 00:56:22 192.168.0.6 kernel: Checking 'hlt' instruction... OK. 
Jun 10 00:56:22 192.168.0.6 kernel: CPU0: Intel(R) Xeon(TM) CPU 2.40GHz stepping 09 
Jun 10 00:56:22 192.168.0.6 kernel: Leaving ESR disabled. 
Jun 10 00:56:22 192.168.0.6 kernel: Booting processor 1/6 eip 3000 
Jun 10 00:56:22 192.168.0.6 kernel: CPU 1 irqstacks, hard=c0413000 soft=c03f3000 
Jun 10 00:56:22 192.168.0.6 kernel: Initializing CPU#1 
Jun 10 00:56:22 192.168.0.6 kernel: Leaving ESR disabled. 
Jun 10 00:56:22 192.168.0.6 kernel: Calibrating delay using timer specific routine.. 4799.01 BogoMIPS (lpj=9598023) 
Jun 10 00:56:22 192.168.0.6 kernel: CPU: Trace cache: 12K uops, L1 D cache: 8K 
Jun 10 00:56:22 192.168.0.6 kernel: CPU: L2 cache: 512K 
Jun 10 00:56:22 192.168.0.6 kernel: CPU: Physical Processor ID: 3 
Jun 10 00:56:22 192.168.0.6 kernel: Intel machine check architecture supported. 
Jun 10 00:56:22 192.168.0.6 kernel: Intel machine check reporting enabled on CPU#1. 
Jun 10 00:56:22 192.168.0.6 kernel: CPU1: Intel P4/Xeon Extended MCE MSRs (12) available 
Jun 10 00:56:22 192.168.0.6 kernel: CPU1: Thermal monitoring enabled 
Jun 10 00:56:22 192.168.0.6 kernel: CPU1: Intel(R) Xeon(TM) CPU 2.40GHz stepping 09 
Jun 10 00:56:22 192.168.0.6 auditd[2119]: Init complete, auditd 1.1.5 listening for events 
Jun 10 00:56:22 192.168.0.6 kernel: Booting processor 2/1 eip 3000 
Jun 10 00:56:22 192.168.0.6 kernel: CPU 2 irqstacks, hard=c0414000 soft=c03f4000 
Jun 10 00:56:22 192.168.0.6 kernel: Initializing CPU#2 
Jun 10 00:56:22 192.168.0.6 kernel: Leaving ESR disabled. 
Jun 10 00:56:22 192.168.0.6 kernel: Calibrating delay using timer specific routine.. 4799.00 BogoMIPS (lpj=9598007) 
Jun 10 00:56:22 192.168.0.6 kernel: CPU: Trace cache: 12K uops, L1 D cache: 8K 
Jun 10 00:56:22 192.168.0.6 kernel: CPU: L2 cache: 512K 
Jun 10 00:56:22 192.168.0.6 kernel: CPU: Physical Processor ID: 0 
Jun 10 00:56:22 192.168.0.6 kernel: Intel machine check architecture supported. 
Jun 10 00:56:22 192.168.0.6 kernel: Intel machine check reporting enabled on CPU#2. 
Jun 10 00:56:22 192.168.0.6 kernel: CPU2: Intel P4/Xeon Extended MCE MSRs (12) available 
Jun 10 00:56:22 192.168.0.6 kernel: CPU2: Thermal monitoring enabled 
Jun 10 00:56:22 192.168.0.6 kernel: CPU2: Intel(R) Xeon(TM) CPU 2.40GHz stepping 09 
Jun 10 00:56:22 192.168.0.6 kernel: Booting processor 3/7 eip 3000 
Jun 10 00:56:22 192.168.0.6 kernel: CPU 3 irqstacks, hard=c0415000 soft=c03f5000 
Jun 10 00:56:22 192.168.0.6 kernel: Initializing CPU#3 
Jun 10 00:56:22 192.168.0.6 kernel: Leaving ESR disabled. 
Jun 10 00:56:23 192.168.0.6 kernel: Calibrating delay using timer specific routine.. 4799.05 BogoMIPS (lpj=9598100) 
Jun 10 00:56:23 192.168.0.6 kernel: CPU: Trace cache: 12K uops, L1 D cache: 8K 
Jun 10 00:56:23 192.168.0.6 kernel: CPU: L2 cache: 512K 
Jun 10 00:56:23 192.168.0.6 kernel: CPU: Physical Processor ID: 3 
Jun 10 00:56:23 192.168.0.6 kernel: Intel machine check architecture supported. 
Jun 10 00:56:23 192.168.0.6 kernel: Intel machine check reporting enabled on CPU#3. 
Jun 10 00:56:23 192.168.0.6 kernel: CPU3: Intel P4/Xeon Extended MCE MSRs (12) available 
Jun 10 00:56:23 192.168.0.6 kernel: CPU3: Thermal monitoring enabled 
Jun 10 00:56:23 192.168.0.6 kernel: CPU3: Intel(R) Xeon(TM) CPU 2.40GHz stepping 09 
Jun 10 00:56:23 192.168.0.6 kernel: Total of 4 processors activated (19205.03 BogoMIPS). 
Jun 10 00:56:23 192.168.0.6 kernel: ENABLING IO-APIC IRQs 
Jun 10 00:56:23 192.168.0.6 kernel: ..TIMER: vector=0x31 apic1=0 pin1=2 apic2=-1 pin2=-1 
Jun 10 00:56:23 192.168.0.6 kernel: checking TSC synchronization across 4 CPUs: passed. 
Jun 10 00:56:23 192.168.0.6 kernel: Brought up 4 CPUs 
Jun 10 00:56:23 192.168.0.6 kernel: migration_cost=4000,8000 
Jun 10 00:56:23 192.168.0.6 kernel: checking if image is initramfs... it is 
Jun 10 00:56:23 192.168.0.6 kernel: Freeing initrd memory: 1988k freed 
Jun 10 00:56:23 192.168.0.6 kernel: NET: Registered protocol family 16 
Jun 10 00:56:23 192.168.0.6 kernel: ACPI: bus type pci registered 
Jun 10 00:56:23 192.168.0.6 kernel: PCI: PCI BIOS revision 2.10 entry at 0xfd875, last bus=7 
Jun 10 00:56:23 192.168.0.6 kernel: PCI: Using configuration type 1 
Jun 10 00:56:23 192.168.0.6 kernel: ACPI: Subsystem revision 20060127 
Jun 10 00:56:23 192.168.0.6 kernel: ACPI: Interpreter enabled 
Jun 10 00:56:23 192.168.0.6 kernel: ACPI: Using IOAPIC for interrupt routing 
Jun 10 00:56:23 192.168.0.6 kernel: ACPI: PCI Root Bridge [PCI0] (0000:00) 
Jun 10 00:56:23 192.168.0.6 kernel: PCI quirk: region 1000-107f claimed by ICH4 ACPI/GPIO/TCO 
Jun 10 00:56:23 192.168.0.6 kernel: PCI quirk: region 1180-11bf claimed by ICH4 GPIO 
Jun 10 00:56:23 192.168.0.6 kernel: PCI: Ignoring BAR0-3 of IDE controller 0000:00:1f.1 
Jun 10 00:56:23 192.168.0.6 kernel: PCI: Transparent bridge - 0000:00:1e.0 
Jun 10 00:56:23 192.168.0.6 kernel: ACPI: PCI Interrupt Link [LNKA] (IRQs 3 10 *11 14 15) 
Jun 10 00:56:23 192.168.0.6 kernel: ACPI: PCI Interrupt Link [LNKB] (IRQs 3 10 11 14 15) *0, disabled. 
Jun 10 00:56:23 192.168.0.6 kernel: ACPI: PCI Interrupt Link [LNKC] (IRQs 3 10 11 14 15) *5 
Jun 10 00:56:23 192.168.0.6 kernel: ACPI: PCI Interrupt Link [LNKD] (IRQs 3 *10 11 14 15) 
Jun 10 00:56:23 192.168.0.6 kernel: ACPI: PCI Interrupt Link [LNKE] (IRQs 3 10 *11 14 15) 
Jun 10 00:56:23 192.168.0.6 kernel: ACPI: PCI Interrupt Link [LNKF] (IRQs 3 10 *11 14 15) 
Jun 10 00:56:23 192.168.0.6 kernel: ACPI: PCI Interrupt Link [LNKG] (IRQs 3 10 11 14 15) *0, disabled. 
Jun 10 00:56:23 192.168.0.6 kernel: ACPI: PCI Interrupt Link [LNKH] (IRQs 3 10 11 14 15) *0, disabled. 
Jun 10 00:56:23 192.168.0.6 kernel: Linux Plug and Play Support v0.97 (c) Adam Belay 
Jun 10 00:56:23 192.168.0.6 kernel: pnp: PnP ACPI init 
Jun 10 00:56:23 192.168.0.6 kernel: pnp: PnP ACPI: found 13 devices 
Jun 10 00:56:23 192.168.0.6 kernel: usbcore: registered new driver usbfs 
Jun 10 00:56:23 192.168.0.6 kernel: usbcore: registered new driver hub 
Jun 10 00:56:23 192.168.0.6 kernel: PCI: Using ACPI for IRQ routing 
Jun 10 00:56:23 192.168.0.6 kernel: PCI: If a device doesn't work, try "pci=routeirq".  If it helps, post a report 
Jun 10 00:56:23 192.168.0.6 kernel: PCI: Bridge: 0000:01:1d.0 
Jun 10 00:56:23 192.168.0.6 kernel:   IO window: disabled. 
Jun 10 00:56:23 192.168.0.6 kernel:   MEM window: disabled. 
Jun 10 00:56:23 192.168.0.6 kernel:   PREFETCH window: disabled. 
Jun 10 00:56:23 192.168.0.6 kernel: PCI: Bridge: 0000:01:1f.0 
Jun 10 00:56:23 192.168.0.6 kernel:   IO window: 3000-3fff 
Jun 10 00:56:23 192.168.0.6 kernel:   MEM window: fc200000-fc2fffff 
Jun 10 00:56:23 192.168.0.6 kernel:   PREFETCH window: disabled. 
Jun 10 00:56:23 192.168.0.6 kernel: PCI: Bridge: 0000:00:02.0 
Jun 10 00:56:23 192.168.0.6 kernel:   IO window: 3000-3fff 
Jun 10 00:56:23 192.168.0.6 kernel:   MEM window: fc100000-fc2fffff 
Jun 10 00:56:24 192.168.0.6 kernel:   PREFETCH window: disabled. 
Jun 10 00:56:24 192.168.0.6 kernel: PCI: Bridge: 0000:04:1d.0 
Jun 10 00:56:24 192.168.0.6 kernel:   IO window: disabled. 
Jun 10 00:56:24 192.168.0.6 kernel:   MEM window: disabled. 
Jun 10 00:56:24 192.168.0.6 kernel:   PREFETCH window: disabled. 
Jun 10 00:56:24 192.168.0.6 kernel: PCI: Bridge: 0000:04:1f.0 
Jun 10 00:56:24 192.168.0.6 kernel:   IO window: 4000-4fff 
Jun 10 00:56:24 192.168.0.6 kernel:   MEM window: fc400000-fc4fffff 
Jun 10 00:56:24 192.168.0.6 kernel:   PREFETCH window: 88000000-880fffff 
Jun 10 00:56:24 192.168.0.6 kernel: PCI: Bridge: 0000:00:03.0 
Jun 10 00:56:24 192.168.0.6 kernel:   IO window: 4000-4fff 
Jun 10 00:56:24 192.168.0.6 kernel:   MEM window: fc300000-fc4fffff 
Jun 10 00:56:24 192.168.0.6 kernel:   PREFETCH window: 88000000-880fffff 
Jun 10 00:56:24 192.168.0.6 kernel: PCI: Bridge: 0000:00:1e.0 
Jun 10 00:56:24 192.168.0.6 kernel:   IO window: 5000-5fff 
Jun 10 00:56:24 192.168.0.6 kernel:   MEM window: fc500000-fdffffff 
Jun 10 00:56:24 192.168.0.6 kernel:   PREFETCH window: 88100000-881fffff 
Jun 10 00:56:24 192.168.0.6 kernel: Simple Boot Flag at 0x36 set to 0x1 
Jun 10 00:56:24 192.168.0.6 kernel: apm: BIOS version 1.2 Flags 0x03 (Driver version 1.16ac) 
Jun 10 00:56:24 192.168.0.6 kernel: apm: disabled - APM is not SMP safe. 
Jun 10 00:56:24 192.168.0.6 kernel: audit: initializing netlink socket (disabled) 
Jun 10 00:56:24 192.168.0.6 kernel: audit(1149900349.352:1): initialized 
Jun 10 00:56:24 192.168.0.6 kernel: highmem bounce pool size: 64 pages 
Jun 10 00:56:24 192.168.0.6 kernel: Total HugeTLB memory allocated, 0 
Jun 10 00:56:24 192.168.0.6 kernel: VFS: Disk quotas dquot_6.5.1 
Jun 10 00:56:24 192.168.0.6 kernel: Dquot-cache hash table entries: 1024 (order 0, 4096 bytes) 
Jun 10 00:56:24 192.168.0.6 kernel: SELinux:  Registering netfilter hooks 
Jun 10 00:56:24 192.168.0.6 kernel: Initializing Cryptographic API 
Jun 10 00:56:24 192.168.0.6 kernel: io scheduler noop registered 
Jun 10 00:56:24 192.168.0.6 kernel: io scheduler anticipatory registered 
Jun 10 00:56:24 192.168.0.6 kernel: io scheduler deadline registered 
Jun 10 00:56:24 192.168.0.6 kernel: io scheduler cfq registered (default) 
Jun 10 00:56:24 192.168.0.6 kernel: pci_hotplug: PCI Hot Plug PCI Core version: 0.5 
Jun 10 00:56:24 192.168.0.6 kernel: isapnp: Scanning for PnP cards... 
Jun 10 00:56:24 192.168.0.6 kernel: isapnp: No Plug & Play device found 
Jun 10 00:56:24 192.168.0.6 kernel: Real Time Clock Driver v1.12ac 
Jun 10 00:56:24 192.168.0.6 kernel: Linux agpgart interface v0.101 (c) Dave Jones 
Jun 10 00:56:24 192.168.0.6 kernel: PNP: PS/2 Controller [PNP0303:KBC0,PNP0f13:MSE0] at 0x60,0x64 irq 1,12 
Jun 10 00:56:24 192.168.0.6 kernel: serio: i8042 AUX port at 0x60,0x64 irq 12 
Jun 10 00:56:24 192.168.0.6 kernel: serio: i8042 KBD port at 0x60,0x64 irq 1 
Jun 10 00:56:24 192.168.0.6 kernel: Serial: 8250/16550 driver $Revision: 1.90 $ 4 ports, IRQ sharing enabled 
Jun 10 00:56:24 192.168.0.6 kernel: serial8250: ttyS0 at I/O 0x3f8 (irq = 4) is a 16550A 
Jun 10 00:56:24 192.168.0.6 kernel: serial8250: ttyS1 at I/O 0x2f8 (irq = 3) is a 16550A 
Jun 10 00:56:24 192.168.0.6 kernel: 00:09: ttyS0 at I/O 0x3f8 (irq = 4) is a 16550A 
Jun 10 00:56:24 192.168.0.6 kernel: 00:0a: ttyS1 at I/O 0x2f8 (irq = 3) is a 16550A 
Jun 10 00:56:24 192.168.0.6 kernel: RAMDISK driver initialized: 16 RAM disks of 16384K size 1024 blocksize 
Jun 10 00:56:24 192.168.0.6 kernel: Uniform Multi-Platform E-IDE driver Revision: 7.00alpha2 
Jun 10 00:56:24 192.168.0.6 kernel: ide: Assuming 33MHz system bus speed for PIO modes; override with idebus=xx 
Jun 10 00:56:24 192.168.0.6 hcid[2197]: Bluetooth HCI daemon 
Jun 10 00:56:24 192.168.0.6 kernel: ICH3: IDE controller at PCI slot 0000:00:1f.1 
Jun 10 00:56:24 192.168.0.6 kernel: ACPI: PCI Interrupt 0000:00:1f.1[A] -> GSI 18 (level, low) -> IRQ 16 
Jun 10 00:56:24 192.168.0.6 kernel: ICH3: chipset revision 2 
Jun 10 00:56:24 192.168.0.6 kernel: ICH3: not 100% native mode: will probe irqs later 
Jun 10 00:56:24 192.168.0.6 kernel:     ide0: BM-DMA at 0x2060-0x2067, BIOS settings: hda:pio, hdb:pio 
Jun 10 00:56:24 192.168.0.6 kernel:     ide1: BM-DMA at 0x2068-0x206f, BIOS settings: hdc:pio, hdd:pio 
Jun 10 00:56:24 192.168.0.6 kernel: hdc: CD-224E, ATAPI CD/DVD-ROM drive 
Jun 10 00:56:24 192.168.0.6 kernel: ide1 at 0x170-0x177,0x376 on irq 15 
Jun 10 00:56:24 192.168.0.6 sdpd[2202]: Bluetooth SDP daemon  
Jun 10 00:56:24 192.168.0.6 kernel: hdc: ATAPI 24X CD-ROM drive, 128kB Cache, UDMA(33) 
Jun 10 00:56:24 192.168.0.6 kernel: Uniform CD-ROM driver Revision: 3.20 
Jun 10 00:56:24 192.168.0.6 kernel: ide-floppy driver 0.99.newide 
Jun 10 00:56:24 192.168.0.6 kernel: usbcore: registered new driver libusual 
Jun 10 00:56:24 192.168.0.6 kernel: usbcore: registered new driver hiddev 
Jun 10 00:56:24 192.168.0.6 kernel: usbcore: registered new driver usbhid 
Jun 10 00:56:24 192.168.0.6 kernel: drivers/usb/input/hid-core.c: v2.6:USB HID core driver 
Jun 10 00:56:24 192.168.0.6 kernel: mice: PS/2 mouse device common for all mice 
Jun 10 00:56:24 192.168.0.6 kernel: md: md driver 0.90.3 MAX_MD_DEVS=256, MD_SB_DISKS=27 
Jun 10 00:56:24 192.168.0.6 kernel: md: bitmap version 4.39 
Jun 10 00:56:24 192.168.0.6 kernel: NET: Registered protocol family 2 
Jun 10 00:56:24 192.168.0.6 kernel: IP route cache hash table entries: 131072 (order: 7, 524288 bytes) 
Jun 10 00:56:24 192.168.0.6 kernel: TCP established hash table entries: 131072 (order: 9, 2621440 bytes) 
Jun 10 00:56:24 192.168.0.6 kernel: TCP bind hash table entries: 65536 (order: 8, 1310720 bytes) 
Jun 10 00:56:24 192.168.0.6 kernel: TCP: Hash tables configured (established 131072 bind 65536) 
Jun 10 00:56:24 192.168.0.6 kernel: TCP reno registered 
Jun 10 00:56:24 192.168.0.6 kernel: TCP bic registered 
Jun 10 00:56:24 192.168.0.6 kernel: Initializing IPsec netlink socket 
Jun 10 00:56:24 192.168.0.6 kernel: NET: Registered protocol family 1 
Jun 10 00:56:25 192.168.0.6 kernel: NET: Registered protocol family 17 
Jun 10 00:56:25 192.168.0.6 kernel: Using IPI No-Shortcut mode 
Jun 10 00:56:25 192.168.0.6 kernel: ACPI wakeup devices:  
Jun 10 00:56:25 192.168.0.6 kernel: KBC0 MSE0 ICH3 PH2A PH2B PH2A PH2B PH2A PH2B USB1 USB2 USB3  
Jun 10 00:56:25 192.168.0.6 kernel: ACPI: (supports S0 S1 S4 S5) 
Jun 10 00:56:25 192.168.0.6 kernel: Freeing unused kernel memory: 208k freed 
Jun 10 00:56:25 192.168.0.6 kernel: Write protecting the kernel read-only data: 360k 
Jun 10 00:56:25 192.168.0.6 kernel: input: AT Translated Set 2 keyboard as /class/input/input0 
Jun 10 00:56:25 192.168.0.6 kernel: SCSI subsystem initialized 
Jun 10 00:56:25 192.168.0.6 kernel: ACPI: PCI Interrupt 0000:06:02.0[A] -> GSI 76 (level, low) -> IRQ 17 
Jun 10 00:56:25 192.168.0.6 kernel: scsi0 : Adaptec AIC79XX PCI-X SCSI HBA DRIVER, Rev 3.0 
Jun 10 00:56:25 192.168.0.6 kernel:         <Adaptec AIC7902 Ultra320 SCSI adapter> 
Jun 10 00:56:25 192.168.0.6 kernel:         aic7902: Ultra320 Wide Channel A, SCSI Id=7, PCI-X 101-133Mhz, 512 SCBs 
Jun 10 00:56:25 192.168.0.6 kernel:  
Jun 10 00:56:25 192.168.0.6 kernel:   Vendor: FUJITSU   Model: MAP3735NC         Rev: 0108 
Jun 10 00:56:25 192.168.0.6 kernel:   Type:   Direct-Access                      ANSI SCSI revision: 03 
Jun 10 00:56:25 192.168.0.6 kernel:  target0:0:1: asynchronous 
Jun 10 00:56:25 192.168.0.6 kernel: scsi0:A:1:0: Tagged Queuing enabled.  Depth 4 
Jun 10 00:56:25 192.168.0.6 kernel:  target0:0:1: Beginning Domain Validation 
Jun 10 00:56:25 192.168.0.6 kernel:  target0:0:1: wide asynchronous 
Jun 10 00:56:25 192.168.0.6 kernel:  target0:0:1: FAST-160 WIDE SCSI 320.0 MB/s DT IU QAS RTI PCOMP (6.25 ns, offset 127) 
Jun 10 00:56:25 192.168.0.6 kernel:  target0:0:1: Ending Domain Validation 
Jun 10 00:56:25 192.168.0.6 kernel: SCSI device sda: 143571316 512-byte hdwr sectors (73509 MB) 
Jun 10 00:56:25 192.168.0.6 kernel: sda: Write Protect is off 
Jun 10 00:56:25 192.168.0.6 kernel: SCSI device sda: drive cache: write back 
Jun 10 00:56:25 192.168.0.6 kernel: SCSI device sda: 143571316 512-byte hdwr sectors (73509 MB) 
Jun 10 00:56:25 192.168.0.6 kernel: sda: Write Protect is off 
Jun 10 00:56:25 192.168.0.6 kernel: SCSI device sda: drive cache: write back 
Jun 10 00:56:25 192.168.0.6 kernel:  sda: sda1 sda2 sda3 
Jun 10 00:56:25 192.168.0.6 kernel: sd 0:0:1:0: Attached scsi disk sda 
Jun 10 00:56:25 192.168.0.6 kernel:   Vendor: FUJITSU   Model: MAP3735NC         Rev: 0108 
Jun 10 00:56:25 192.168.0.6 kernel:   Type:   Direct-Access                      ANSI SCSI revision: 03 
Jun 10 00:56:25 192.168.0.6 kernel:  target0:0:2: asynchronous 
Jun 10 00:56:25 192.168.0.6 kernel: scsi0:A:2:0: Tagged Queuing enabled.  Depth 4 
Jun 10 00:56:25 192.168.0.6 kernel:  target0:0:2: Beginning Domain Validation 
Jun 10 00:56:25 192.168.0.6 kernel:  target0:0:2: wide asynchronous 
Jun 10 00:56:25 192.168.0.6 kernel:  target0:0:2: FAST-160 WIDE SCSI 320.0 MB/s DT IU QAS RTI PCOMP (6.25 ns, offset 127) 
Jun 10 00:56:25 192.168.0.6 kernel:  target0:0:2: Ending Domain Validation 
Jun 10 00:56:25 192.168.0.6 kernel: SCSI device sdb: 143571316 512-byte hdwr sectors (73509 MB) 
Jun 10 00:56:25 192.168.0.6 kernel: sdb: Write Protect is off 
Jun 10 00:56:25 192.168.0.6 kernel: SCSI device sdb: drive cache: write back 
Jun 10 00:56:25 192.168.0.6 kernel: SCSI device sdb: 143571316 512-byte hdwr sectors (73509 MB) 
Jun 10 00:56:25 192.168.0.6 kernel: sdb: Write Protect is off 
Jun 10 00:56:25 192.168.0.6 kernel: SCSI device sdb: drive cache: write back 
Jun 10 00:56:25 192.168.0.6 kernel:  sdb: sdb1 sdb2 sdb3 
Jun 10 00:56:25 192.168.0.6 kernel: sd 0:0:2:0: Attached scsi disk sdb 
Jun 10 00:56:25 192.168.0.6 kernel:   Vendor: SUPER     Model: GEM318            Rev: 0    
Jun 10 00:56:25 192.168.0.6 kernel:   Type:   Processor                          ANSI SCSI revision: 02 
Jun 10 00:56:25 192.168.0.6 kernel:  target0:0:6: asynchronous 
Jun 10 00:56:25 192.168.0.6 kernel:  target0:0:6: Beginning Domain Validation 
Jun 10 00:56:25 192.168.0.6 kernel:  target0:0:6: Ending Domain Validation 
Jun 10 00:56:25 192.168.0.6 kernel: ACPI: PCI Interrupt 0000:06:02.1[B] -> GSI 77 (level, low) -> IRQ 18 
Jun 10 00:56:25 192.168.0.6 hidd[2260]: Bluetooth HID daemon 
Jun 10 00:56:25 192.168.0.6 kernel: scsi1 : Adaptec AIC79XX PCI-X SCSI HBA DRIVER, Rev 3.0 
Jun 10 00:56:25 192.168.0.6 kernel:         <Adaptec AIC7902 Ultra320 SCSI adapter> 
Jun 10 00:56:25 192.168.0.6 kernel:         aic7902: Ultra320 Wide Channel B, SCSI Id=7, PCI-X 101-133Mhz, 512 SCBs 
Jun 10 00:56:25 192.168.0.6 kernel:  
Jun 10 00:56:25 192.168.0.6 kernel: SGI XFS with ACLs, security attributes, large block numbers, no debug enabled 
Jun 10 00:56:25 192.168.0.6 kernel: SGI XFS Quota Management subsystem 
Jun 10 00:56:25 192.168.0.6 kernel: raid5: automatically using best checksumming function: pIII_sse 
Jun 10 00:56:25 192.168.0.6 kernel:    pIII_sse  :  3063.000 MB/sec 
Jun 10 00:56:25 192.168.0.6 kernel: raid5: using function: pIII_sse (3063.000 MB/sec) 
Jun 10 00:56:25 192.168.0.6 kernel: md: raid5 personality registered for level 5 
Jun 10 00:56:25 192.168.0.6 kernel: md: raid4 personality registered for level 4 
Jun 10 00:56:25 192.168.0.6 kernel: device-mapper: 4.5.0-ioctl (2005-10-04) initialised: dm-devel@redhat.com 
Jun 10 00:56:25 192.168.0.6 kernel: md: Autodetecting RAID arrays. 
Jun 10 00:56:25 192.168.0.6 kernel: md: autorun ... 
Jun 10 00:56:25 192.168.0.6 kernel: md: considering sdb3 ... 
Jun 10 00:56:25 192.168.0.6 kernel: md:  adding sdb3 ... 
Jun 10 00:56:25 192.168.0.6 kernel: md: sdb1 has different UUID to sdb3 
Jun 10 00:56:25 192.168.0.6 kernel: md:  adding sda3 ... 
Jun 10 00:56:25 192.168.0.6 kernel: md: sda1 has different UUID to sdb3 
Jun 10 00:56:25 192.168.0.6 kernel: md: created md1 
Jun 10 00:56:25 192.168.0.6 kernel: md: bind<sda3> 
Jun 10 00:56:25 192.168.0.6 kernel: md: bind<sdb3> 
Jun 10 00:56:25 192.168.0.6 kernel: md: running: <sdb3><sda3> 
Jun 10 00:56:25 192.168.0.6 kernel: raid5: device sdb3 operational as raid disk 2 
Jun 10 00:56:25 192.168.0.6 kernel: raid5: device sda3 operational as raid disk 1 
Jun 10 00:56:25 192.168.0.6 kernel: raid5: allocated 3165kB for md1 
Jun 10 00:56:25 192.168.0.6 kernel: raid5: raid level 5 set md1 active with 2 out of 3 devices, algorithm 2 
Jun 10 00:56:25 192.168.0.6 kernel: RAID5 conf printout: 
Jun 10 00:56:25 192.168.0.6 kernel:  --- rd:3 wd:2 fd:1 
Jun 10 00:56:25 192.168.0.6 kernel:  disk 1, o:1, dev:sda3 
Jun 10 00:56:25 192.168.0.6 kernel:  disk 2, o:1, dev:sdb3 
Jun 10 00:56:25 192.168.0.6 kernel: md: considering sdb1 ... 
Jun 10 00:56:25 192.168.0.6 kernel: md:  adding sdb1 ... 
Jun 10 00:56:25 192.168.0.6 kernel: md:  adding sda1 ... 
Jun 10 00:56:25 192.168.0.6 kernel: md: created md0 
Jun 10 00:56:25 192.168.0.6 kernel: md: bind<sda1> 
Jun 10 00:56:25 192.168.0.6 kernel: md: bind<sdb1> 
Jun 10 00:56:25 192.168.0.6 kernel: md: running: <sdb1><sda1> 
Jun 10 00:56:25 192.168.0.6 kernel: md: personality for level 1 is not loaded! 
Jun 10 00:56:25 192.168.0.6 kernel: md: do_md_run() returned -22 
Jun 10 00:56:25 192.168.0.6 kernel: md: md0 stopped. 
Jun 10 00:56:25 192.168.0.6 kernel: md: unbind<sdb1> 
Jun 10 00:56:25 192.168.0.6 kernel: md: export_rdev(sdb1) 
Jun 10 00:56:25 192.168.0.6 kernel: md: unbind<sda1> 
Jun 10 00:56:25 192.168.0.6 kernel: md: export_rdev(sda1) 
Jun 10 00:56:25 192.168.0.6 kernel: md: ... autorun DONE. 
Jun 10 00:56:25 192.168.0.6 kernel: XFS mounting filesystem dm-0 
Jun 10 00:56:25 192.168.0.6 kernel: Starting XFS recovery on filesystem: dm-0 (logdev: internal) 
Jun 10 00:56:25 192.168.0.6 kernel: Ending XFS recovery on filesystem: dm-0 (logdev: internal) 
Jun 10 00:56:25 192.168.0.6 kernel: security:  3 users, 7 roles, 1222 types, 148 bools, 1 sens, 256 cats 
Jun 10 00:56:25 192.168.0.6 kernel: security:  56 classes, 40613 rules 
Jun 10 00:56:25 192.168.0.6 kernel: SELinux:  Completing initialization. 
Jun 10 00:56:25 192.168.0.6 kernel: SELinux:  Setting up existing superblocks. 
Jun 10 00:56:25 192.168.0.6 kernel: SELinux: initialized (dev dm-0, type xfs), uses xattr 
Jun 10 00:56:25 192.168.0.6 kernel: SELinux: initialized (dev tmpfs, type tmpfs), uses transition SIDs 
Jun 10 00:56:25 192.168.0.6 kernel: SELinux: initialized (dev debugfs, type debugfs), uses genfs_contexts 
Jun 10 00:56:25 192.168.0.6 kernel: SELinux: initialized (dev selinuxfs, type selinuxfs), uses genfs_contexts 
Jun 10 00:56:25 192.168.0.6 kernel: SELinux: initialized (dev mqueue, type mqueue), uses transition SIDs 
Jun 10 00:56:25 192.168.0.6 kernel: SELinux: initialized (dev hugetlbfs, type hugetlbfs), uses genfs_contexts 
Jun 10 00:56:25 192.168.0.6 kernel: SELinux: initialized (dev devpts, type devpts), uses transition SIDs 
Jun 10 00:56:26 192.168.0.6 kernel: SELinux: initialized (dev eventpollfs, type eventpollfs), uses genfs_contexts 
Jun 10 00:56:26 192.168.0.6 kernel: SELinux: initialized (dev inotifyfs, type inotifyfs), uses genfs_contexts 
Jun 10 00:56:26 192.168.0.6 kernel: SELinux: initialized (dev tmpfs, type tmpfs), uses transition SIDs 
Jun 10 00:56:26 192.168.0.6 kernel: SELinux: initialized (dev futexfs, type futexfs), uses genfs_contexts 
Jun 10 00:56:26 192.168.0.6 kernel: SELinux: initialized (dev pipefs, type pipefs), uses task SIDs 
Jun 10 00:56:26 192.168.0.6 kernel: SELinux: initialized (dev sockfs, type sockfs), uses task SIDs 
Jun 10 00:56:26 192.168.0.6 kernel: SELinux: initialized (dev cpuset, type cpuset), not configured for labeling 
Jun 10 00:56:26 192.168.0.6 kernel: SELinux: initialized (dev proc, type proc), uses genfs_contexts 
Jun 10 00:56:26 192.168.0.6 kernel: SELinux: initialized (dev bdev, type bdev), uses genfs_contexts 
Jun 10 00:56:26 192.168.0.6 kernel: SELinux: initialized (dev rootfs, type rootfs), uses genfs_contexts 
Jun 10 00:56:26 192.168.0.6 kernel: SELinux: initialized (dev sysfs, type sysfs), uses genfs_contexts 
Jun 10 00:56:26 192.168.0.6 kernel: SELinux: initialized (dev usbfs, type usbfs), uses genfs_contexts 
Jun 10 00:56:26 192.168.0.6 kernel: hw_random hardware driver 1.0.0 loaded 
Jun 10 00:56:26 192.168.0.6 kernel: MC: drivers/edac/edac_mc.c version edac_mc  Ver: 2.0.0 Jun  7 2006 
Jun 10 00:56:26 192.168.0.6 kernel: tolm = 80000, remapbase = ffc000, remaplimit = 0 
Jun 10 00:56:26 192.168.0.6 kernel: EDAC MC0: Giving out device to "e7xxx_edac" E7501: PCI 0000:00:00.0 
Jun 10 00:56:26 192.168.0.6 kernel: Intel(R) PRO/1000 Network Driver - version 6.3.9-k4-NAPI 
Jun 10 00:56:26 192.168.0.6 kernel: Copyright (c) 1999-2005 Intel Corporation. 
Jun 10 00:56:26 192.168.0.6 kernel: ACPI: PCI Interrupt 0000:03:02.0[A] -> GSI 28 (level, low) -> IRQ 19 
Jun 10 00:56:26 192.168.0.6 kernel: e1000: 0000:03:02.0: e1000_probe: (PCI-X:133MHz:64-bit) 00:30:48:29:bf:e6 
Jun 10 00:56:26 192.168.0.6 kernel: e1000: eth0: e1000_probe: Intel(R) PRO/1000 Network Connection 
Jun 10 00:56:26 192.168.0.6 kernel: ACPI: PCI Interrupt 0000:03:02.1[B] -> GSI 29 (level, low) -> IRQ 20 
Jun 10 00:56:27 192.168.0.6 kernel: sd 0:0:1:0: Attached scsi generic sg0 type 0 
Jun 10 00:56:27 192.168.0.6 kernel: sd 0:0:2:0: Attached scsi generic sg1 type 0 
Jun 10 00:56:27 192.168.0.6 kernel:  0:0:6:0: Attached scsi generic sg2 type 3 
Jun 10 00:56:27 192.168.0.6 kernel: USB Universal Host Controller Interface driver v2.3 
Jun 10 00:56:27 192.168.0.6 kernel: ACPI: PCI Interrupt 0000:00:1d.0[A] -> GSI 16 (level, low) -> IRQ 21 
Jun 10 00:56:27 192.168.0.6 kernel: uhci_hcd 0000:00:1d.0: UHCI Host Controller 
Jun 10 00:56:27 192.168.0.6 kernel: uhci_hcd 0000:00:1d.0: new USB bus registered, assigned bus number 1 
Jun 10 00:56:27 192.168.0.6 kernel: uhci_hcd 0000:00:1d.0: irq 21, io base 0x00002000 
Jun 10 00:56:27 192.168.0.6 kernel: usb usb1: configuration #1 chosen from 1 choice 
Jun 10 00:56:27 192.168.0.6 kernel: hub 1-0:1.0: USB hub found 
Jun 10 00:56:27 192.168.0.6 kernel: hub 1-0:1.0: 2 ports detected 
Jun 10 00:56:28 192.168.0.6 kernel: uhci_hcd 0000:00:1d.1: new USB bus registered, assigned bus number 2 
Jun 10 00:56:28 192.168.0.6 kernel: uhci_hcd 0000:00:1d.1: irq 22, io base 0x00002020 
Jun 10 00:56:28 192.168.0.6 kernel: usb usb2: configuration #1 chosen from 1 choice 
Jun 10 00:56:28 192.168.0.6 kernel: hub 2-0:1.0: USB hub found 
Jun 10 00:56:28 192.168.0.6 kernel: hub 2-0:1.0: 2 ports detected 
Jun 10 00:56:28 192.168.0.6 kernel: ACPI: PCI Interrupt 0000:00:1d.2[C] -> GSI 18 (level, low) -> IRQ 16 
Jun 10 00:56:28 192.168.0.6 kernel: uhci_hcd 0000:00:1d.2: UHCI Host Controller 
Jun 10 00:56:28 192.168.0.6 kernel: uhci_hcd 0000:00:1d.2: new USB bus registered, assigned bus number 3 
Jun 10 00:56:28 192.168.0.6 kernel: uhci_hcd 0000:00:1d.2: irq 16, io base 0x00002040 
Jun 10 00:56:28 192.168.0.6 kernel: usb usb3: configuration #1 chosen from 1 choice 
Jun 10 00:56:28 192.168.0.6 kernel: hub 3-0:1.0: USB hub found 
Jun 10 00:56:28 192.168.0.6 kernel: hub 3-0:1.0: 2 ports detected 
Jun 10 00:56:28 192.168.0.6 kernel: input: Microsoft Microsoft 5-Button Mouse with IntelliEye(TM) as /class/input/input1 
Jun 10 00:56:28 192.168.0.6 kernel: input: USB HID v1.10 Mouse [Microsoft Microsoft 5-Button Mouse with IntelliEye(TM)] on usb-0000:00:1d.0-1 
Jun 10 00:56:29 192.168.0.6 kernel: Non-volatile memory driver v1.2 
Jun 10 00:56:29 192.168.0.6 kernel: Floppy drive(s): fd0 is 1.44M 
Jun 10 00:56:29 192.168.0.6 kernel: FDC 0 is a post-1991 82077 
Jun 10 00:56:29 192.168.0.6 kernel: parport: PnPBIOS parport detected. 
Jun 10 00:56:29 192.168.0.6 kernel: parport0: PC-style at 0x378 (0x778), irq 7 [PCSPP,TRISTATE,EPP] 
Jun 10 00:56:29 192.168.0.6 kernel: lp0: using parport0 (interrupt-driven). 
Jun 10 00:56:29 192.168.0.6 kernel: lp0: console ready 
Jun 10 00:56:29 192.168.0.6 kernel: ACPI: Power Button (FF) [PWRF] 
Jun 10 00:56:29 192.168.0.6 kernel: ACPI: Power Button (CM) [PWRB] 
Jun 10 00:56:29 192.168.0.6 kernel: ibm_acpi: ec object not found 
Jun 10 00:56:29 192.168.0.6 kernel: md: Autodetecting RAID arrays. 
Jun 10 00:56:29 192.168.0.6 kernel: md: autorun ... 
Jun 10 00:56:29 192.168.0.6 kernel: md: considering sda1 ... 
Jun 10 00:56:29 192.168.0.6 kernel: md:  adding sda1 ... 
Jun 10 00:56:29 192.168.0.6 kernel: md:  adding sdb1 ... 
Jun 10 00:56:29 192.168.0.6 kernel: md: created md0 
Jun 10 00:56:30 192.168.0.6 kernel: md: bind<sdb1> 
Jun 10 00:56:30 192.168.0.6 kernel: md: bind<sda1> 
Jun 10 00:56:30 192.168.0.6 kernel: md: running: <sda1><sdb1> 
Jun 10 00:56:30 192.168.0.6 kernel: md: raid1 personality registered for level 1 
Jun 10 00:56:30 192.168.0.6 kernel: raid1: raid set md0 active with 2 out of 3 mirrors 
Jun 10 00:56:30 192.168.0.6 kernel: md: ... autorun DONE. 
Jun 10 00:56:30 192.168.0.6 kernel: loop: loaded (max 8 devices) 
Jun 10 00:56:30 192.168.0.6 kernel: kjournald starting.  Commit interval 5 seconds 
Jun 10 00:56:30 192.168.0.6 kernel: EXT3 FS on md0, internal journal 
Jun 10 00:56:30 192.168.0.6 kernel: EXT3-fs: mounted filesystem with ordered data mode. 
Jun 10 00:56:30 192.168.0.6 kernel: SELinux: initialized (dev md0, type ext3), uses xattr 
Jun 10 00:56:30 192.168.0.6 kernel: SELinux: initialized (dev tmpfs, type tmpfs), uses transition SIDs 
Jun 10 00:56:30 192.168.0.6 kernel: XFS mounting filesystem dm-1 
Jun 10 00:56:30 192.168.0.6 kernel: SELinux: initialized (dev dm-1, type xfs), uses xattr 
Jun 10 00:56:30 192.168.0.6 kernel: XFS mounting filesystem dm-2 
Jun 10 00:56:30 192.168.0.6 kernel: SELinux: initialized (dev dm-2, type xfs), uses xattr 
Jun 10 00:56:30 192.168.0.6 kernel: XFS mounting filesystem dm-3 
Jun 10 00:56:30 192.168.0.6 kernel: Starting XFS recovery on filesystem: dm-3 (logdev: internal) 
Jun 10 00:56:30 192.168.0.6 kernel: Ending XFS recovery on filesystem: dm-3 (logdev: internal) 
Jun 10 00:56:30 192.168.0.6 kernel: SELinux: initialized (dev dm-3, type xfs), uses xattr 
Jun 10 00:56:30 192.168.0.6 kernel: Adding 1044216k swap on /dev/sdb2.  Priority:-1 extents:1 across:1044216k 
Jun 10 00:56:30 192.168.0.6 kernel: Adding 1044216k swap on /dev/sda2.  Priority:-2 extents:1 across:1044216k 
Jun 10 00:56:30 192.168.0.6 kernel: SELinux: initialized (dev binfmt_misc, type binfmt_misc), uses genfs_contexts 
Jun 10 00:56:30 192.168.0.6 kernel: e1000: eth0: e1000_watchdog_task: NIC Link is Up 100 Mbps Full Duplex 
Jun 10 00:56:30 192.168.0.6 kernel: e1000: eth1: e1000_watchdog_task: NIC Link is Up 100 Mbps Full Duplex 
Jun 10 00:56:30 192.168.0.6 kernel: SELinux: initialized (dev rpc_pipefs, type rpc_pipefs), uses genfs_contexts 
Jun 10 00:56:30 192.168.0.6 kernel: NET: Registered protocol family 10 
Jun 10 00:56:30 192.168.0.6 kernel: lo: Disabled Privacy Extensions 
Jun 10 00:56:30 192.168.0.6 kernel: IPv6 over IPv4 tunneling driver 
Jun 10 00:56:30 192.168.0.6 kernel: Bluetooth: Core ver 2.8 
Jun 10 00:56:31 192.168.0.6 kernel: NET: Registered protocol family 31 
Jun 10 00:56:31 192.168.0.6 kernel: Bluetooth: HCI device and connection manager initialized 
Jun 10 00:56:31 192.168.0.6 kernel: Bluetooth: HCI socket layer initialized 
Jun 10 00:56:31 192.168.0.6 kernel: Bluetooth: L2CAP ver 2.8 
Jun 10 00:56:31 192.168.0.6 kernel: Bluetooth: L2CAP socket layer initialized 
Jun 10 00:56:31 192.168.0.6 kernel: Bluetooth: RFCOMM socket layer initialized 
Jun 10 00:56:31 192.168.0.6 kernel: Bluetooth: RFCOMM TTY layer initialized 
Jun 10 00:56:31 192.168.0.6 kernel: Bluetooth: RFCOMM ver 1.7 
Jun 10 00:56:31 192.168.0.6 kernel: Bluetooth: HIDP (Human Interface Emulation) ver 1.1 
Jun 10 00:56:31 192.168.0.6 kernel: SELinux: initialized (dev autofs, type autofs), uses genfs_contexts 
Jun 10 00:57:03 192.168.0.6 kernel: netconsole: local port 6665 
Jun 10 00:57:03 192.168.0.6 kernel: netconsole: local IP 192.168.0.201 
Jun 10 00:57:03 192.168.0.6 kernel: netconsole: interface eth0 
Jun 10 00:57:03 192.168.0.6 kernel: netconsole: remote port 514 
Jun 10 00:57:03 192.168.0.6 kernel: netconsole: remote IP 192.168.0.3 
Jun 10 00:57:03 192.168.0.6 kernel: netconsole: remote ethernet address 00:80:5f:ad:b6:55 
Jun 10 00:57:03 192.168.0.6 kernel: netconsole: network logging started 
00:00.0 Host bridge: Intel Corporation E7501 Memory Controller Hub (rev 01)
	Subsystem: Super Micro Computer Inc Unknown device 3480
	Flags: bus master, fast devsel, latency 0
	Capabilities: [40] Vendor Specific Information
00:00.1 Class ff00: Intel Corporation E7500/E7501 Host RASUM Controller (rev 01)
	Subsystem: Super Micro Computer Inc P4DP6
	Flags: fast devsel
00:02.0 PCI bridge: Intel Corporation E7500/E7501 Hub Interface B PCI-to-PCI Bridge (rev 01) (prog-if 00 [Normal decode])
	Flags: bus master, 66MHz, fast devsel, latency 64
	Bus: primary=00, secondary=01, subordinate=03, sec-latency=0
	I/O behind bridge: 00003000-00003fff
	Memory behind bridge: fc100000-fc2fffff
00:03.0 PCI bridge: Intel Corporation E7500/E7501 Hub Interface C PCI-to-PCI Bridge (rev 01) (prog-if 00 [Normal decode])
	Flags: bus master, 66MHz, fast devsel, latency 64
	Bus: primary=00, secondary=04, subordinate=06, sec-latency=0
	I/O behind bridge: 00004000-00004fff
	Memory behind bridge: fc300000-fc4fffff
	Prefetchable memory behind bridge: 88000000-880fffff
00:1d.0 USB Controller: Intel Corporation 82801CA/CAM USB (Hub #1) (rev 02) (prog-if 00 [UHCI])
	Subsystem: Super Micro Computer Inc P4DP6
	Flags: bus master, medium devsel, latency 0, IRQ 21
	I/O ports at 2000 [size=32]
00:1d.1 USB Controller: Intel Corporation 82801CA/CAM USB (Hub #2) (rev 02) (prog-if 00 [UHCI])
	Subsystem: Super Micro Computer Inc P4DP6
	Flags: bus master, medium devsel, latency 0, IRQ 22
	I/O ports at 2020 [size=32]
00:1d.2 USB Controller: Intel Corporation 82801CA/CAM USB (Hub #3) (rev 02) (prog-if 00 [UHCI])
	Subsystem: Super Micro Computer Inc P4DP6
	Flags: bus master, medium devsel, latency 0, IRQ 16
	I/O ports at 2040 [size=32]
00:1e.0 PCI bridge: Intel Corporation 82801 PCI Bridge (rev 42) (prog-if 00 [Normal decode])
	Flags: bus master, fast devsel, latency 0
	Bus: primary=00, secondary=07, subordinate=07, sec-latency=64
	I/O behind bridge: 00005000-00005fff
	Memory behind bridge: fc500000-fdffffff
	Prefetchable memory behind bridge: 88100000-881fffff
00:1f.0 ISA bridge: Intel Corporation 82801CA LPC Interface Controller (rev 02)
	Flags: bus master, medium devsel, latency 0
00:1f.1 IDE interface: Intel Corporation 82801CA Ultra ATA Storage Controller (rev 02) (prog-if 8a [Master SecP PriP])
	Subsystem: Super Micro Computer Inc P4DP6
	Flags: bus master, medium devsel, latency 0, IRQ 16
	I/O ports at <ignored>
	I/O ports at <ignored>
	I/O ports at <ignored>
	I/O ports at <ignored>
	I/O ports at 2060 [size=16]
	Memory at 88200000 (32-bit, non-prefetchable) [size=1K]
00:1f.3 SMBus: Intel Corporation 82801CA/CAM SMBus Controller (rev 02)
	Subsystem: Super Micro Computer Inc P4DP6
	Flags: medium devsel
	I/O ports at 1100 [size=32]
01:1c.0 PIC: Intel Corporation 82870P2 P64H2 I/OxAPIC (rev 04) (prog-if 20 [IO(X)-APIC])
	Subsystem: Super Micro Computer Inc P4DP6
	Flags: bus master, 66MHz, fast devsel, latency 0
	Memory at fc100000 (32-bit, non-prefetchable) [size=4K]
	Capabilities: [50] PCI-X non-bridge device
01:1d.0 PCI bridge: Intel Corporation 82870P2 P64H2 Hub PCI Bridge (rev 04) (prog-if 00 [Normal decode])
	Flags: bus master, 66MHz, fast devsel, latency 64
	Bus: primary=01, secondary=02, subordinate=02, sec-latency=64
	Capabilities: [50] PCI-X bridge device
01:1e.0 PIC: Intel Corporation 82870P2 P64H2 I/OxAPIC (rev 04) (prog-if 20 [IO(X)-APIC])
	Subsystem: Super Micro Computer Inc P4DP6
	Flags: bus master, 66MHz, fast devsel, latency 0
	Memory at fc101000 (32-bit, non-prefetchable) [size=4K]
	Capabilities: [50] PCI-X non-bridge device
01:1f.0 PCI bridge: Intel Corporation 82870P2 P64H2 Hub PCI Bridge (rev 04) (prog-if 00 [Normal decode])
	Flags: bus master, 66MHz, fast devsel, latency 64
	Bus: primary=01, secondary=03, subordinate=03, sec-latency=64
	I/O behind bridge: 00003000-00003fff
	Memory behind bridge: fc200000-fc2fffff
	Capabilities: [50] PCI-X bridge device
03:02.0 Ethernet controller: Intel Corporation 82546EB Gigabit Ethernet Controller (Copper) (rev 01)
	Subsystem: Intel Corporation PRO/1000 MT Dual Port Server Adapter
	Flags: bus master, 66MHz, medium devsel, latency 64, IRQ 19
	Memory at fc200000 (64-bit, non-prefetchable) [size=128K]
	I/O ports at 3000 [size=64]
	Capabilities: [dc] Power Management version 2
	Capabilities: [e4] PCI-X non-bridge device
	Capabilities: [f0] Message Signalled Interrupts: 64bit+ Queue=0/0 Enable-
03:02.1 Ethernet controller: Intel Corporation 82546EB Gigabit Ethernet Controller (Copper) (rev 01)
	Subsystem: Intel Corporation PRO/1000 MT Dual Port Server Adapter
	Flags: bus master, 66MHz, medium devsel, latency 64, IRQ 20
	Memory at fc220000 (64-bit, non-prefetchable) [size=128K]
	I/O ports at 3040 [size=64]
	Capabilities: [dc] Power Management version 2
	Capabilities: [e4] PCI-X non-bridge device
	Capabilities: [f0] Message Signalled Interrupts: 64bit+ Queue=0/0 Enable-
04:1c.0 PIC: Intel Corporation 82870P2 P64H2 I/OxAPIC (rev 04) (prog-if 20 [IO(X)-APIC])
	Subsystem: Super Micro Computer Inc P4DP6
	Flags: bus master, 66MHz, fast devsel, latency 0
	Memory at fc300000 (32-bit, non-prefetchable) [size=4K]
	Capabilities: [50] PCI-X non-bridge device
04:1d.0 PCI bridge: Intel Corporation 82870P2 P64H2 Hub PCI Bridge (rev 04) (prog-if 00 [Normal decode])
	Flags: bus master, 66MHz, fast devsel, latency 64
	Bus: primary=04, secondary=05, subordinate=05, sec-latency=64
	Capabilities: [50] PCI-X bridge device
04:1e.0 PIC: Intel Corporation 82870P2 P64H2 I/OxAPIC (rev 04) (prog-if 20 [IO(X)-APIC])
	Subsystem: Super Micro Computer Inc P4DP6
	Flags: bus master, 66MHz, fast devsel, latency 0
	Memory at fc301000 (32-bit, non-prefetchable) [size=4K]
	Capabilities: [50] PCI-X non-bridge device
04:1f.0 PCI bridge: Intel Corporation 82870P2 P64H2 Hub PCI Bridge (rev 04) (prog-if 00 [Normal decode])
	Flags: bus master, 66MHz, fast devsel, latency 64
	Bus: primary=04, secondary=06, subordinate=06, sec-latency=64
	I/O behind bridge: 00004000-00004fff
	Memory behind bridge: fc400000-fc4fffff
	Prefetchable memory behind bridge: 0000000088000000-0000000088000000
	Capabilities: [50] PCI-X bridge device
06:02.0 SCSI storage controller: Adaptec AIC-7902B U320 (rev 10)
	Subsystem: Adaptec Unknown device 005e
	Flags: bus master, 66MHz, slow devsel, latency 64, IRQ 17
	I/O ports at 4400 [disabled] [size=256]
	Memory at fc400000 (64-bit, non-prefetchable) [size=8K]
	I/O ports at 4000 [disabled] [size=256]
	[virtual] Expansion ROM at 88000000 [disabled] [size=512K]
	Capabilities: [dc] Power Management version 2
	Capabilities: [a0] Message Signalled Interrupts: 64bit+ Queue=0/1 Enable-
	Capabilities: [94] PCI-X non-bridge device
06:02.1 SCSI storage controller: Adaptec AIC-7902B U320 (rev 10)
	Subsystem: Adaptec Unknown device 005e
	Flags: bus master, 66MHz, slow devsel, latency 64, IRQ 18
	I/O ports at 4c00 [disabled] [size=256]
	Memory at fc402000 (64-bit, non-prefetchable) [size=8K]
	I/O ports at 4800 [disabled] [size=256]
	[virtual] Expansion ROM at 88080000 [disabled] [size=512K]
	Capabilities: [dc] Power Management version 2
	Capabilities: [a0] Message Signalled Interrupts: 64bit+ Queue=0/1 Enable-
	Capabilities: [94] PCI-X non-bridge device
07:01.0 VGA compatible controller: ATI Technologies Inc Rage XL (rev 27) (prog-if 00 [VGA])
	Subsystem: ATI Technologies Inc Rage XL
	Flags: bus master, stepping, medium devsel, latency 64, IRQ 11
	Memory at fd000000 (32-bit, non-prefetchable) [size=16M]
	I/O ports at 5000 [size=256]
	Memory at fc500000 (32-bit, non-prefetchable) [size=4K]
	[virtual] Expansion ROM at 88100000 [disabled] [size=128K]
	Capabilities: [5c] Power Management version 2
Jun 10 00:57:03 192.168.0.6 kernel: netconsole: local IP 192.168.0.201 
Jun 10 00:57:35 192.168.0.201 scsi0: Someone reset channel A 
Jun 10 00:57:35 192.168.0.201 BUG: spinlock recursion on CPU#2, swapper/0 
Jun 10 00:57:35 192.168.0.201  lock: c266f600, .magic: dead4ead, .owner: swapper/0, .owner_cpu: 2 
Jun 10 00:57:35 192.168.0.201  [<c01cc02d>] 
Jun 10 00:57:35 192.168.0.201 _raw_spin_lock+0x33/0xd2
Jun 10 00:57:35 192.168.0.201  
Jun 10 00:57:35 192.168.0.201  [<c02e5bf7>] 
Jun 10 00:57:35 192.168.0.201 _spin_lock_irqsave+0x9/0xd
Jun 10 00:57:35 192.168.0.201  
Jun 10 00:57:35 192.168.0.201  [<f88b7768>] 
Jun 10 00:57:35 192.168.0.201 ahd_freeze_simq+0x12/0x43 [aic79xx]
Jun 10 00:57:35 192.168.0.201  
Jun 10 00:57:35 192.168.0.201  [<f88aed4d>] 
Jun 10 00:57:35 192.168.0.201 ahd_reset_channel+0x471/0x4b5 [aic79xx]
Jun 10 00:57:35 192.168.0.201  
Jun 10 00:57:35 192.168.0.201  [<c02e0000>] 
Jun 10 00:57:35 192.168.0.201 unix_stream_recvmsg+0x331/0x49a
Jun 10 00:57:35 192.168.0.201  
Jun 10 00:57:35 192.168.0.201  [<f88af93c>] 
Jun 10 00:57:35 192.168.0.201 ahd_handle_scsiint+0x349/0x15c7 [aic79xx]
Jun 10 00:57:35 192.168.0.201  
Jun 10 00:57:35 192.168.0.201  [<c02e5bf7>] 
Jun 10 00:57:35 192.168.0.201 _spin_lock_irqsave+0x9/0xd
Jun 10 00:57:35 192.168.0.201  
Jun 10 00:57:35 192.168.0.201  [<c0209ab3>] 
Jun 10 00:57:35 192.168.0.201 __add_entropy_words+0x58/0x184
Jun 10 00:57:35 192.168.0.201  
Jun 10 00:57:35 192.168.0.201  [<c011cf16>] 
Jun 10 00:57:35 192.168.0.201 __wake_up+0x2a/0x3d
Jun 10 00:57:35 192.168.0.201  
Jun 10 00:57:35 192.168.0.201  [<c011f382>] 
Jun 10 00:57:35 192.168.0.201 nr_uninterruptible+0x44/0x63
Jun 10 00:57:35 192.168.0.201  
Jun 10 00:57:35 192.168.0.201  [<f88b907d>] 
Jun 10 00:57:35 192.168.0.201 ahd_linux_isr+0x160/0x17b [aic79xx]
Jun 10 00:57:35 192.168.0.201  
Jun 10 00:57:35 192.168.0.201  [<c01421ca>] 
Jun 10 00:57:35 192.168.0.201 handle_IRQ_event+0x23/0x4c
Jun 10 00:57:35 192.168.0.201  
Jun 10 00:57:35 192.168.0.201  [<c0142280>] 
Jun 10 00:57:35 192.168.0.201 __do_IRQ+0x8d/0xdd
Jun 10 00:57:35 192.168.0.201  
Jun 10 00:57:35 192.168.0.201  [<c0105af1>] 
Jun 10 00:57:35 192.168.0.201 do_IRQ+0x60/0x7b
Jun 10 00:57:35 192.168.0.201  
Jun 10 00:57:35 192.168.0.201  ======================= 
Jun 10 00:57:35 192.168.0.201  [<c01045d2>] 
Jun 10 00:57:35 192.168.0.201 common_interrupt+0x1a/0x20
Jun 10 00:57:35 192.168.0.201  
Jun 10 00:57:35 192.168.0.201  [<c0102cc6>] 
Jun 10 00:57:35 192.168.0.201 default_idle+0x0/0x55
Jun 10 00:57:35 192.168.0.201  
Jun 10 00:57:35 192.168.0.201  [<c0102cf2>] 
Jun 10 00:57:35 192.168.0.201 default_idle+0x2c/0x55
Jun 10 00:57:35 192.168.0.201  
Jun 10 00:57:35 192.168.0.201  [<c0102daa>] 
Jun 10 00:57:35 192.168.0.201 cpu_idle+0x8f/0xa8
Jun 10 00:57:35 192.168.0.201  