Date: Tue, 18 Jul 2000 07:09:22 -0700 (PDT)
From: Shenjun Jiang <>
Subject: Re: PCI_IDE: unknown IDE controller
Sender: linux-kernel-owner@vger.kernel.org
Precedence: bulk
List-ID: <linux-kernel.vger.kernel.org>
X-Mailing-List: linux-kernel@vger.kernel.org
X-Lkml-Link: https://lkml.org/lkml/2000/7/18/40

Hello 
I have a Dell Dimension XPS B800r. I installed red hat 6.2. Every thing
seams went well except I can not start network. The network card is a
PCI card. I notice the error in /var/log/dmesg
PCI_IDE: unknown IDE controller on PCI bus 00 device f9, VID=8086,
DID=2411
PCI_IDE: not 100% native mode: will probe irqs later
    ide0: BM-DMA at 0xffa0-0xffa7, BIOS settings: hda:DMA, hdb:pio
    ide1: BM-DMA at 0xffa8-0xffaf, BIOS settings: hdc:DMA, hdd:pio
Any suggestion will be greatly appreciated.
Thanks
Shenjun
************************************************************
On Tue, 18 Jul 2000, Peter Rival wrote:
> So I finally got a chance to boot my Alpha AS4100 (Rawhide) back into
> Linux today.  First thought - grab the latest kernel and see what
> happens.  Unfortunately, it wasn't so good. :(   Apparently our PCI code
> doesn't handle KZPSA (DEC proprietary) adapters very well, which caused
> the QLogic and FDDI adapters to not be able to be set up.  Boot log is
> below, as well as output from a "show dev" and "show conf" at the
> console.  Anyone have any suggestions (hopefully other than "take out
> the KZPSA" :)?  I've gotten the system to boot on 2.3 kernels (before
> the IO-MMU changes, which were just fixed for rawhide recently) and 2.2
> kernels as well...
> 
>  - Pete
> 
> --boot log--
> P00-ljohn>>> b dkb100 -fi vmlinux.24t4.gz -fl "root=/dev/sdb1
> console=ttyS0"
> (boot dkb100.1.0.2000.1 -file vmlinux.24t4.gz -flags root=/dev/sdb1
> console=ttyS0)
> øblock 0 of dkb100.1.0.2000.1 is a valid boot block
> reading 162 blocks from dkb100.1.0.2000.1
> bootstrap code read in
> base = 200000, image_start = 0, image_bytes = 14400
> initializing HWRPB at 2000
> initializing page table at 1f2000
> initializing machine state
> setting affinity to the primary CPU
> configuring I/O adapters...
>   ncr0, hose 1, bus 0, slot 1
>   isp0, hose 1, bus 2, slot 0
>   pks0, hose 1, bus 0, slot 3
>   pfi0, hose 1, bus 0, slot 4
>   floppy0, hose 0, bus 1, slot 0
>   pfi1, hose 0, bus 0, slot 4
>   tulip0, hose 0, bus 0, slot 5
>   mc1, hose 0, bus 0, slot 2
>   mc0, hose 1, bus 0, slot 5
> jumping to bootstrap code
> aboot: Linux/Alpha SRM bootloader version 0.7
> aboot: switching to OSF/1 PALcode version 1.23
> aboot: booting from device 'SCSI 1 2000 0 1 100 1011 10201077'
> aboot: valid disklabel found: 5 partitions.
> aboot: loading compressed vmlinux.24t4.gz...
> aboot: zero-filling 377932 bytes at fffffc0000aa2464
> aboot: starting kernel vmlinux.24t4.gz with arguments root=/dev/sdb1
> console=ttyS0
> Linux version 2.4.0-test4 (root@littlejohn.zk3.dec.com) (gcc version
> egcs-2.91.66 19990314/Linux (egcs-1.1.2 release)) #14 SMP Sat Jul 18
> 12:45:41 EST 2048
> Booting on Rawhide variation Dodge using machine vector Rawhide from SRM
> 
> Command line: root=/dev/sdb1 console=ttyS0
> memcluster 0, usage 1, start        0, end      256
> memcluster 1, usage 0, start      256, end   524279
> memcluster 2, usage 1, start   524279, end   524288
> freeing pages 256:1024
> freeing pages 1410:524279
> SMP: 4 CPUs probed -- cpu_present_mask = f
> On node 0 totalpages: 524288
> zone(0): 524288 pages.
> zone(1): 0 pages.
> zone(2): 0 pages.
> Kernel command line: root=/dev/sdb1 console=ttyS0
> mcpcia_init_hoses: found 2 hoses
> Turning on RTC interrupts.
> Calibrating delay loop... 926.52 BogoMIPS
> Memory: 4106728k/4194232k available (1648k kernel code, 85456k reserved,
> 441k data, 488k init)
> Dentry-cache hash table entries: 262144 (order: 9, 4194304 bytes)
> Buffer-cache hash table entries: 262144 (order: 8, 2097152 bytes)
> Page-cache hash table entries: 524288 (order: 9, 4194304 bytes)
> Inode-cache hash table entries: 262144 (order: 9, 4194304 bytes)
> POSIX conformance testing by UNIFIX
> Using heuristic of 2147483647 cycles.
> SMP starting up secondaries.
> Calibrating delay loop... 931.43 BogoMIPS
> Calibrating delay loop... 931.43 BogoMIPS
> Calibrating delay loop... 931.43 BogoMIPS
> SMP: Total of 4 processors activated (3720.81 BogoMIPS).
> PCI: Failed to allocate resource 0 for PCI device 1011:0018 (Digital
> Equipment Corporation)
>   failed root[0:7ffffff] min[2200000] size[8000000]
>   failed res[8000000:7ffffff]
> PCI: dev Digital Equipment Corporation KZPSA [KZPSA] type 64-bit
> PCI: dev Digital Equipment Corporation KZPSA [KZPSA] type 64-bit
> PCI: Failed to allocate resource 0 for PCI device 1011:0018 (Digital
> Equipment Corporation)
>   failed root[200000000:207ffffff] min[2200000] size[20000000]
>   failed res[220000000:207ffffff]
> PCI: Cannot find parent resource for device 02:00.0
> Linux NET4.0 for Linux 2.3
> Based upon Swansea University Computer Society NET3.039
> NET4: Unix domain sockets 1.0/SMP for Linux NET4.0.
> NET4: Linux TCP/IP 1.0 for NET4.0
> IP Protocols: ICMP, UDP, TCP
> IP: routing cache hash table of 32768 buckets, 512Kbytes
> TCP: Hash tables configured (established 262144 bind 43690)
> Starting kswapd v1.6
> initialize_kbd: Keyboard reset failed, no ACK
> pty: 256 Unix98 ptys configured
> keyboard: Timeout - AT keyboard not present?
> keyboard: Timeout - AT keyboard not present?
> Floppy drive(s): fd0 is 2.88M
> FDC 0 is a National Semiconductor PC87306
> LVM version 0.8final  by Heinz Mauelshagen  (15/02/2000)
> lvm -- Driver successfully initialized
> qlogicisp : i/o region 0x0-0xff already in use
> ncr53c8xx: at PCI bus 1, device 1, function 0
> ncr53c8xx: 53c810 detected
> ncr53c810-0: rev 0x2 on pci bus 1 device 1 function 0 irq 56
> ncr53c810-0: ID 7, Fast-10, Parity Checking
> ncr53c810-0: restart (scsi reset).
> scsi0 : ncr53c8xx - version 3.3b
> scsi : 1 host.
>   Vendor: DEC       Model: RRD46   (C) DEC   Rev: 0557
>   Type:   CD-ROM                             ANSI SCSI revision: 02
> Detected scsi CD-ROM sr0 at scsi0, channel 0, id 5, lun 0
> scsi : detected 1 SCSI cdrom total.
> ncr53c810-0-<5,0>: sync_msgout: 1-3-1-19-8.
> ncr53c810-0-<5,0>: sync msgin: 1-3-1-19-8.
> ncr53c810-0-<5,0>: sync: per=25 scntl3=0x10 ofs=8 fak=0 chg=0.
> ncr53c810-0-<5,*>: FAST-10 SCSI 10.0 MB/s (100 ns, offset 8)
> Uniform CD-ROM driver Revision: 3.11
> Serial driver version 5.01 (2000-05-29) with MANY_PORTS SHARE_IRQ
> SERIAL_PCI enabled
> ttyS00 at 0x03f8 (irq = 4) is a 16550A
> ttyS01 at 0x02f8 (irq = 3) is a 16550A
> rtc: Digital UNIX epoch (1952) detected
> Real Time Clock Driver v1.10c
> Linux Tulip driver version 0.9.7 (June 17, 2000)
> eth0: Digital DS21140 Tulip rev 32 at 0x8400, 00:00:F8:05:89:F3, IRQ 28.
> 
> eth0:  EEPROM default media type Autosense.
> eth0:  Index #0 - Media MII (#11) described by a 21140 MII PHY (1)
> block.
> eth0:  MII transceiver #5 config 0000 status 780d advertising 01e1.
> defxx.c:v1.05a 2000/06/11  Lawrence V. Stefani (stefani@lkg.dec.com) and
> others
> fddi0: DEFPA at I/O addr = 0x8000, IRQ = 24, Hardware addr =
> 00-00-F8-4A-E0-E5
> buffer.c:45 spinlock stuck in kupdate at fffffc0000855624(3) owner
> swapper at fffffc0000826934(0) sched.c:32
> defxx: I/O range allocated to adapter (0x8400-0x847F) is already being
> used!
> kmem_create: Forcing size word alignment - nfs_fh
> request_module[block-major-8]: Root fs not mounted
> VFS: Cannot open root device "sdb1" or 08:11
> Please append a correct "root=" boot option
> Kernel panic: VFS: Unable to mount root fs on 08:11
> --end boot log--
> --show dev--
> P00-ljohn>>> show dev
> polling ncr0 (NCR 53C810) slot 1, bus 0 PCI, hose 1 ø  SCSI Bus ID 7
> dka500.5.0.1.1     DKA500                   RRD46  0557
> polling isp0 (QLogic ISP10X0) slot 0, bus 2 PCI, hose 1   SCSI Bus ID 7
> dkb0.0.0.2000.1    DKB0                     RZ1CB-CA  LYJ0
> dkb100.1.0.2000.1  DKB100                   RZ1CF-CF  1614
> dkb200.2.0.2000.1  DKB200                   RZ1CB-CA  LYJ0
> polling pks0 (DEC KZPSA) slot 3, bus 0 PCI, hose 1
> pkc.10.0.3.1       dkc     TPwr 1 Fast 1 Bus ID 10   P01  A12
> dkc100.1.0.3.1     DKC100                   RZ1CB-CA  LYJ0
> dkc200.2.0.3.1     DKC200                   RZ1CB-CS  0844
> dkc300.3.0.3.1     DKC300                   RZ1CB-CA  LYJ0
> dkc400.4.0.3.1     DKC400                   RZ1CB-CA  LYJ0
> dkc500.5.0.3.1     DKC500                   RZ1CB-CA  LYJ0
> dkc600.6.0.3.1     DKC600                   RZ1CB-CA  LYJ0
> polling floppy0 (FLOPPY) PCEB - XBUS hose 0
> dva0.0.0.1000.0    DVA0                      RX23
> polling pfi0 (DEC PCI FDDI) slot 4, bus 0 PCI, hose 1
> fwa0.0.0.4.1       00-60-6D-D5-DB-07
> polling pfi1 (DEC PCI FDDI) slot 4, bus 0 PCI, hose 0
> fwb0.0.0.4.0       00-00-F8-4A-E0-E5
> polling tulip0 (DECchip 21140-AA) slot 5, bus 0 PCI, hose 0
> ewa0.0.0.5.0       00-00-F8-05-89-F3    Twisted-Pair
> --end show dev--
> --show conf--
> P00-ljohn>>> show conf
>                            Digital Equipment Corporation
>                                  AlphaServer 4100
>  Console V5.7-6  OpenVMS PALcode V1.21-2, Digital UNIX PALcode V1.23-2
>  Module                          Type     Rev    Name
>  System Motherboard              0        0000   mthrbrd0
>  Memory 2048 MB EDO              0        0000   mem0
>  Memory 2048 MB EDO              0        0000   mem1
>  CPU (4MB Cache)                 3        0001   cpu0
>  CPU (4MB Cache)                 3        0000   cpu1
>  Bridge (IOD0/IOD1)              600      0032   iod0/iod1
>  PCI Motherboard                 8        0003   saddle0
>  CPU (4MB Cache)                 3        0000   cpu2
>  CPU (4MB Cache)                 3        0000   cpu3
>  Bus 0  iod0 (PCI0)
>  Slot   Option Name              Type     Rev    Name
>  1      PCEB                     4828086  0015   pceb0
>  2      DEC PCI MC               181011   000E   mc1
>  3      DEGPA-SA                 112ae    0001   degpa0
>  4      DEC PCI FDDI             f1011    0001   pfi1
>  5      DECchip 21140-AA         91011    0020   tulip0
>  Bus 1  pceb0 (EISA Bridge connected to iod0, slot 1)
>  Slot   Option Name              Type     Rev    Name
>  Bus 0  iod1 (PCI1)
>  Slot   Option Name              Type     Rev    Name
>  1      NCR 53C810               11000    0002   ncr0
>  2      PCI-PCI Bridge           11011    0002   pcb0
>  3      DEC KZPSA                81011    0000   pks0
>  4      DEC PCI FDDI             f1011    0001   pfi0
>  5      DEC PCI MC               181011   0022   mc0
>  Bus 2  pcb0 (PCI-PCI Bridge connected to iod1, slot 2)
>  Slot   Option Name              Type     Rev    Name
>  0      QLogic ISP10X0           10201077 0002   isp0
> --end show conf--
> 
> -- 
> To unsubscribe: send e-mail to axp-list-request@redhat.com with
> 'unsubscribe' as the subject.  Do not send it to axp-list@redhat.com
> 
-
To unsubscribe from this list: send the line "unsubscribe linux-kernel" in
the body of a message to majordomo@vger.rutgers.edu
Please read the FAQ at 
http://www.tux.org/lkml/