Date: Mon, 22 Nov 2004 22:21:14 +0300
From: Stas Sergeev <>
Subject: ACPI bug causes cd-rom lock-ups (2.6.10-rc2)
Sender: linux-kernel-owner@vger.kernel.org
Precedence: bulk
List-ID: <linux-kernel.vger.kernel.org>
X-Mailing-List: linux-kernel@vger.kernel.org
X-Lkml-Link: https://lkml.org/lkml/2004/11/22/241

Hello.
Starting with 2.6.10-rc1-mm4 (or 3),
and now the plain -rc2 has the bug
that causes any process, that is
trying to access my cd-rom, to lock
up.
Jens Axboe suggested it is an ACPI
bug, and indeed, specifying "pci=noacpi"
makes the problem to go away.
Attached are the dmesg outputs from
the functional -rc1 kernel, broken
-rc1-mm4 (note the "lost interrupt"
message at the end), the -rc1-mm4
with "pci=noacpi" log, lspci -v, and
the Alt-PrtSc-t trace of the locked-up
process.
Let me know if something else is needed
to track this down.
Linux version 2.6.10-rc1 (root@stas) (gcc version 3.3.3 20040412 (Red Hat Linux 3.3.3-7)) #1 SMP Thu Nov 4 09:39:47 MSK 2004
BIOS-provided physical RAM map:
 BIOS-e820: 0000000000000000 - 000000000009fc00 (usable)
 BIOS-e820: 000000000009fc00 - 00000000000a0000 (reserved)
 BIOS-e820: 00000000000f0000 - 0000000000100000 (reserved)
 BIOS-e820: 0000000000100000 - 000000001fff0000 (usable)
 BIOS-e820: 000000001fff0000 - 000000001fff3000 (ACPI NVS)
 BIOS-e820: 000000001fff3000 - 0000000020000000 (ACPI data)
 BIOS-e820: 00000000ffb00000 - 0000000100000000 (reserved)
0MB HIGHMEM available.
511MB LOWMEM available.
On node 0 totalpages: 131056
  DMA zone: 4096 pages, LIFO batch:1
  Normal zone: 126960 pages, LIFO batch:16
  HighMem zone: 0 pages, LIFO batch:1
DMI 2.3 present.
ACPI: RSDP (v000 IntelR                                ) @ 0x000f75d0
ACPI: RSDT (v001 IntelR AWRDACPI 0x42302e31 AWRD 0x00000000) @ 0x1fff3000
ACPI: FADT (v001 IntelR AWRDACPI 0x42302e31 AWRD 0x00000000) @ 0x1fff3040
ACPI: DSDT (v001 INTELR AWRDACPI 0x00001000 MSFT 0x0100000c) @ 0x00000000
ACPI: PM-Timer IO Port: 0x4008
Built 1 zonelists
Kernel command line: ro root=/dev/hda12 lapic nmi_watchdog=1 debug apic=debug
Local APIC disabled by BIOS -- reenabling.
Found and enabled local APIC!
mapped APIC to ffffd000 (fee00000)
Initializing CPU#0
CPU 0 irqstacks, hard=c040d000 soft=c040b000
PID hash table entries: 2048 (order: 11, 32768 bytes)
Detected 1133.740 MHz processor.
Using pmtmr for high-res timesource
Console: colour VGA+ 80x25
Dentry cache hash table entries: 131072 (order: 7, 524288 bytes)
Inode-cache hash table entries: 65536 (order: 6, 262144 bytes)
Memory: 515152k/524224k available (2061k kernel code, 8472k reserved, 830k data, 200k init, 0k highmem)
Checking if this processor honours the WP bit even in supervisor mode... Ok.
Calibrating delay loop... 2244.60 BogoMIPS (lpj=1122304)
Mount-cache hash table entries: 512 (order: 0, 4096 bytes)
CPU: After generic identify, caps: 0383fbff 00000000 00000000 00000000
CPU: After vendor identify, caps:  0383fbff 00000000 00000000 00000000
CPU: L1 I cache: 16K, L1 D cache: 16K
CPU: L2 cache: 256K
CPU: After all inits, caps:        0383fbff 00000000 00000000 00000040
Intel machine check architecture supported.
Intel machine check reporting enabled on CPU#0.
Enabling fast FPU save and restore... done.
Enabling unmasked SIMD FPU exception support... done.
Checking 'hlt' instruction... OK.
ACPI: IRQ9 SCI: Level Trigger.
CPU0: Intel(R) Pentium(R) III CPU             1133MHz stepping 01
per-CPU timeslice cutoff: 731.79 usecs.
task migration cache decay timeout: 1 msecs.
SMP motherboard not detected.
Getting VERSION: 40011
Getting VERSION: 40011
Getting ID: 0
Getting LVT0: 700
Getting LVT1: 400
enabled ExtINT on CPU#0
testing NMI watchdog ... OK.
Using local APIC timer interrupts.
calibrating APIC timer ...
..... CPU clock speed is 1133.0175 MHz.
..... host bus clock speed is 133.0314 MHz.
Brought up 1 CPUs
CPU0:
 domain 0: span 1
  groups: 1
NET: Registered protocol family 16
PCI: PCI BIOS revision 2.10 entry at 0xfafc0, last bus=2
PCI: Using configuration type 1
mtrr: v2.0 (20020519)
ACPI: Subsystem revision 20040816
ACPI: Interpreter enabled
ACPI: Using PIC for interrupt routing
ACPI: PCI Root Bridge [PCI0] (00:00)
PCI: Probing PCI hardware (bus 00)
PCI: Transparent bridge - 0000:00:1e.0
ACPI: PCI Interrupt Routing Table [\_SB_.PCI0._PRT]
ACPI: PCI Interrupt Routing Table [\_SB_.PCI0.HUB0._PRT]
ACPI: PCI Interrupt Link [LNKA] (IRQs 3 4 5 6 7 10 *11 12 14 15)
ACPI: PCI Interrupt Link [LNKB] (IRQs 3 4 5 6 7 10 11 12 14 15) *0, disabled.
ACPI: PCI Interrupt Link [LNKC] (IRQs 3 4 *5 6 7 10 11 12 14 15)
ACPI: PCI Interrupt Link [LNKD] (IRQs 3 4 5 6 7 10 *11 12 14 15)
ACPI: PCI Interrupt Link [LNKE] (IRQs 3 4 5 6 7 10 11 12 14 15) *0, disabled.
ACPI: PCI Interrupt Link [LNKF] (IRQs 3 4 5 6 7 *10 11 12 14 15)
ACPI: PCI Interrupt Link [LNK0] (IRQs 3 4 5 6 7 10 11 12 14 15) *0, disabled.
ACPI: PCI Interrupt Link [LNK1] (IRQs 3 4 5 6 7 10 11 12 14 15) *9
Linux Plug and Play Support v0.97 (c) Adam Belay
PnPBIOS: Scanning system for PnP BIOS support...
PnPBIOS: Found PnP BIOS installation structure at 0xc00fb9a0
PnPBIOS: PnP BIOS version 1.0, entry 0xf0000:0xb9d0, dseg 0xf0000
PnPBIOS: 16 nodes reported by PnP BIOS; 16 recorded by driver
SCSI subsystem initialized
PCI: Using ACPI for IRQ routing
ACPI: PCI Interrupt Link [LNKD] enabled at IRQ 11
ACPI: PCI interrupt 0000:00:1f.2[D] -> GSI 11 (level, low) -> IRQ 11
ACPI: PCI Interrupt Link [LNKB] enabled at IRQ 10
ACPI: PCI interrupt 0000:00:1f.3[B] -> GSI 10 (level, low) -> IRQ 10
ACPI: PCI Interrupt Link [LNK1] enabled at IRQ 11
ACPI: PCI interrupt 0000:00:1f.4[C] -> GSI 11 (level, low) -> IRQ 11
ACPI: PCI Interrupt Link [LNKA] enabled at IRQ 11
ACPI: PCI interrupt 0000:01:00.0[A] -> GSI 11 (level, low) -> IRQ 11
ACPI: PCI interrupt 0000:02:00.0[A] -> GSI 11 (level, low) -> IRQ 11
ACPI: PCI interrupt 0000:02:00.1[A] -> GSI 11 (level, low) -> IRQ 11
ACPI: PCI Interrupt Link [LNKF] enabled at IRQ 10
ACPI: PCI interrupt 0000:02:02.0[A] -> GSI 10 (level, low) -> IRQ 10
ACPI: PCI interrupt 0000:02:04.0[A] -> GSI 11 (level, low) -> IRQ 11
ACPI: PCI Interrupt Link [LNKC] enabled at IRQ 5
ACPI: PCI interrupt 0000:02:09.0[A] -> GSI 5 (level, low) -> IRQ 5
Machine check exception polling timer started.
apm: BIOS version 1.2 Flags 0x07 (Driver version 1.16ac)
apm: overridden by ACPI.
audit: initializing netlink socket (disabled)
audit(1100624518.455:0): initialized
Total HugeTLB memory allocated, 0
Initializing Cryptographic API
ACPI: Power Button (FF) [PWRF]
ACPI: Sleep Button (CM) [SLPB]
ACPI: Fan [FAN] (on)
ACPI: Processor [CPU0] (supports C1 C2, 2 throttling states)
ACPI: Thermal Zone [THRM] (34 C)
isapnp: Scanning for PnP cards...
isapnp: No Plug & Play device found
lp: driver loaded but no devices found
Real Time Clock Driver v1.12
Hangcheck: starting hangcheck timer 0.5.0 (tick is 180 seconds, margin is 60 seconds).
serio: i8042 AUX port at 0x60,0x64 irq 12
serio: i8042 KBD port at 0x60,0x64 irq 1
Serial: 8250/16550 driver $Revision: 1.90 $ 8 ports, IRQ sharing disabled
ttyS0 at I/O 0x3f8 (irq = 4) is a 16550A
ttyS1 at I/O 0x2f8 (irq = 3) is a 16550A
ttyS0 at I/O 0x3f8 (irq = 4) is a 16550A
ttyS1 at I/O 0x2f8 (irq = 3) is a 16550A
ACPI: PCI interrupt 0000:02:00.0[A] -> GSI 11 (level, low) -> IRQ 11
ttyS4: detected caps 00000700 should be 00000100
ttyS4 at I/O 0xa000 (irq = 11) is a 16C950/954
ttyS5: detected caps 00000700 should be 00000100
ttyS5 at I/O 0xa400 (irq = 11) is a 16C950/954
ttyS0 at I/O 0x3f8 (irq = 4) is a 16550A
ttyS1 at I/O 0x2f8 (irq = 3) is a 16550A
parport: PnPBIOS parport detected.
parport0: PC-style at 0x378 (0x778), irq 7, dma 3 [PCSPP,TRISTATE,COMPAT,ECP,DMA]
lp0: using parport0 (interrupt-driven).
io scheduler noop registered
io scheduler anticipatory registered
io scheduler deadline registered
io scheduler cfq registered
elevator: using anticipatory as default io scheduler
Floppy drive(s): fd0 is 1.44M
FDC 0 is a post-1991 82077
loop: loaded (max 8 devices)
nbd: registered device at major 43
Uniform Multi-Platform E-IDE driver Revision: 7.00alpha2
ide: Assuming 33MHz system bus speed for PIO modes; override with idebus=xx
ICH2: IDE controller at PCI slot 0000:00:1f.1
ICH2: chipset revision 17
ICH2: not 100% native mode: will probe irqs later
    ide0: BM-DMA at 0xf000-0xf007, BIOS settings: hda:DMA, hdb:pio
    ide1: BM-DMA at 0xf008-0xf00f, BIOS settings: hdc:DMA, hdd:pio
Probing IDE interface ide0...
hda: MAXTOR 6L040J2, ATA DISK drive
ide0 at 0x1f0-0x1f7,0x3f6 on irq 14
Probing IDE interface ide1...
hdc: ASUS CD-S500/A, ATAPI CD/DVD-ROM drive
ide1 at 0x170-0x177,0x376 on irq 15
Probing IDE interface ide2...
ide2: Wait for ready failed before probe !
Probing IDE interface ide3...
ide3: Wait for ready failed before probe !
Probing IDE interface ide4...
ide4: Wait for ready failed before probe !
Probing IDE interface ide5...
ide5: Wait for ready failed before probe !
hda: max request size: 128KiB
hda: 78177792 sectors (40027 MB) w/1819KiB Cache, CHS=65535/16/63, UDMA(100)
hda: cache flushes supported
 hda: hda1 hda2 hda3 hda4 < hda5 hda6 hda7 hda8 hda9 hda10 hda11 hda12 hda13 hda14 hda15 >
hdc: ATAPI 50X CD-ROM drive, 128kB Cache, UDMA(33)
Uniform CD-ROM driver Revision: 3.20
libata version 1.02 loaded.
mice: PS/2 mouse device common for all mice
input: AT Translated Set 2 keyboard on isa0060/serio0
input: ImPS/2 Generic Wheel Mouse on isa0060/serio1
NET: Registered protocol family 2
IP: routing cache hash table of 2048 buckets, 32Kbytes
TCP: Hash tables configured (established 16384 bind 21845)
ip_conntrack version 2.1 (4095 buckets, 32760 max) - 308 bytes per conntrack
ip_tables: (C) 2000-2002 Netfilter core team
ipt_recent v0.3.1: Stephen Frost <sfrost@snowman.net>.  
http://snowman.net/projects/ipt_recent/
arp_tables: (C) 2002 David S. Miller
NET: Registered protocol family 1
NET: Registered protocol family 17
ACPI: (supports S0 S1 S4 S5)
ACPI wakeup devices: 
SLPB PCI0 HUB0 USB0 USB1 UAR1 UAR2 
BIOS EDD facility v0.16 2004-Jun-25, 1 devices found
EXT3-fs: mounted filesystem with ordered data mode.
VFS: Mounted root (ext3 filesystem) readonly.
Freeing unused kernel memory: 200k freed
kjournald starting.  Commit interval 5 seconds
usbcore: registered new driver usbfs
usbcore: registered new driver hub
USB Universal Host Controller Interface driver v2.2
ACPI: PCI interrupt 0000:00:1f.2[D] -> GSI 11 (level, low) -> IRQ 11
uhci_hcd 0000:00:1f.2: Intel Corp. 82801BA/BAM USB (Hub #1)
PCI: Setting latency timer of device 0000:00:1f.2 to 64
uhci_hcd 0000:00:1f.2: irq 11, io base 0xd000
uhci_hcd 0000:00:1f.2: new USB bus registered, assigned bus number 1
hub 1-0:1.0: USB hub found
hub 1-0:1.0: 2 ports detected
ACPI: PCI interrupt 0000:00:1f.4[C] -> GSI 11 (level, low) -> IRQ 11
uhci_hcd 0000:00:1f.4: Intel Corp. 82801BA/BAM USB (Hub #2)
PCI: Setting latency timer of device 0000:00:1f.4 to 64
uhci_hcd 0000:00:1f.4: irq 11, io base 0xd400
uhci_hcd 0000:00:1f.4: new USB bus registered, assigned bus number 2
hub 2-0:1.0: USB hub found
hub 2-0:1.0: 2 ports detected
usb 1-1: new full speed USB device using address 2
Initializing USB Mass Storage driver...
scsi0 : SCSI emulation for USB Mass Storage devices
usbcore: registered new driver usb-storage
USB Mass Storage support registered.
usb-storage: device found at 2
usb-storage: waiting for device to settle before scanning
EXT3 FS on hda12, internal journal
Adding 530104k swap on /dev/hda5.  Priority:-1 extents:1
kjournald starting.  Commit interval 5 seconds
EXT3 FS on hda6, internal journal
EXT3-fs: mounted filesystem with ordered data mode.
kjournald starting.  Commit interval 5 seconds
EXT3 FS on hda14, internal journal
EXT3-fs: mounted filesystem with ordered data mode.
kjournald starting.  Commit interval 5 seconds
EXT3 FS on hda3, internal journal
EXT3-fs: mounted filesystem with ordered data mode.
kjournald starting.  Commit interval 5 seconds
EXT3 FS on hda11, internal journal
EXT3-fs: mounted filesystem with ordered data mode.
kjournald starting.  Commit interval 5 seconds
EXT3 FS on hda7, internal journal
EXT3-fs: mounted filesystem with ordered data mode.
kjournald starting.  Commit interval 5 seconds
EXT3 FS on hda10, internal journal
EXT3-fs: mounted filesystem with ordered data mode.
kjournald starting.  Commit interval 5 seconds
EXT3 FS on hda13, internal journal
EXT3-fs: mounted filesystem with ordered data mode.
kjournald starting.  Commit interval 5 seconds
EXT3 FS on hda9, internal journal
EXT3-fs: mounted filesystem with ordered data mode.
FAT: utf8 is not a recommended IO charset for FAT filesystems, filesystem will be case sensitive!
FAT: utf8 is not a recommended IO charset for FAT filesystems, filesystem will be case sensitive!
NTFS driver 2.1.21 [Flags: R/W MODULE].
NTFS volume version 3.1.
NTFS-fs error (device hda2): load_system_files(): Volume is dirty.  Mounting read-only.  Run chkdsk and mount in Windows.
  Vendor: JetFlash  Model: TS256MJF2A        Rev: 1.00
  Type:   Direct-Access                      ANSI SCSI revision: 02
usb-storage: device scan complete
ACPI: PCI interrupt 0000:02:04.0[A] -> GSI 11 (level, low) -> IRQ 11
3c59x: Donald Becker and others. www.scyld.com/network/vortex.html
0000:02:04.0: 3Com PCI 3c905C Tornado at 0xc000. Vers LK1.1.19
SCSI device sda: 512000 512-byte hdwr sectors (262 MB)
sda: Write Protect is off
sda: Mode Sense: 0b 00 00 08
sda: assuming drive cache: write through
 sda: sda1
Attached scsi removable disk sda at scsi0, channel 0, id 0, lun 0
NET: Registered protocol family 10
Disabled Privacy Extensions on device c039c000(lo)
IPv6 over IPv4 tunneling driver
eth0: no IPv6 routers present
Linux version 2.6.10-rc1-mm4 (root@stas) (gcc version 3.3.3 20040412 (Red Hat Linux 3.3.3-7)) #2 SMP Thu Nov 11 09:47:59 MSK 2004
BIOS-provided physical RAM map:
 BIOS-e820: 0000000000000000 - 000000000009fc00 (usable)
 BIOS-e820: 000000000009fc00 - 00000000000a0000 (reserved)
 BIOS-e820: 00000000000f0000 - 0000000000100000 (reserved)
 BIOS-e820: 0000000000100000 - 000000001fff0000 (usable)
 BIOS-e820: 000000001fff0000 - 000000001fff3000 (ACPI NVS)
 BIOS-e820: 000000001fff3000 - 0000000020000000 (ACPI data)
 BIOS-e820: 00000000ffb00000 - 0000000100000000 (reserved)
0MB HIGHMEM available.
511MB LOWMEM available.
On node 0 totalpages: 131056
  DMA zone: 4096 pages, LIFO batch:1
  Normal zone: 126960 pages, LIFO batch:16
  HighMem zone: 0 pages, LIFO batch:1
DMI 2.3 present.
ACPI: RSDP (v000 IntelR                                ) @ 0x000f75d0
ACPI: RSDT (v001 IntelR AWRDACPI 0x42302e31 AWRD 0x00000000) @ 0x1fff3000
ACPI: FADT (v001 IntelR AWRDACPI 0x42302e31 AWRD 0x00000000) @ 0x1fff3040
ACPI: DSDT (v001 INTELR AWRDACPI 0x00001000 MSFT 0x0100000c) @ 0x00000000
ACPI: PM-Timer IO Port: 0x4008
Built 1 zonelists
Initializing CPU#0
Kernel command line: ro root=/dev/hda12 lapic nmi_watchdog=2
CPU 0 irqstacks, hard=c0433000 soft=c0431000
PID hash table entries: 2048 (order: 11, 32768 bytes)
Detected 1133.748 MHz processor.
Using pmtmr for high-res timesource
Console: colour VGA+ 80x25
Dentry cache hash table entries: 131072 (order: 7, 524288 bytes)
Inode-cache hash table entries: 65536 (order: 6, 262144 bytes)
Memory: 515124k/524224k available (2176k kernel code, 8616k reserved, 858k data, 208k init, 0k highmem)
Checking if this processor honours the WP bit even in supervisor mode... Ok.
Calibrating delay loop... 2244.60 BogoMIPS (lpj=1122304)
Mount-cache hash table entries: 512 (order: 0, 4096 bytes)
CPU: After generic identify, caps: 0383f9ff 00000000 00000000 00000000
CPU: After vendor identify, caps:  0383f9ff 00000000 00000000 00000000
CPU: L1 I cache: 16K, L1 D cache: 16K
CPU: L2 cache: 256K
CPU: After all inits, caps:        0383f9ff 00000000 00000000 00000040
Intel machine check architecture supported.
Intel machine check reporting enabled on CPU#0.
Enabling fast FPU save and restore... done.
Enabling unmasked SIMD FPU exception support... done.
Checking 'hlt' instruction... OK.
ACPI: IRQ9 SCI: Level Trigger.
CPU0: Intel(R) Pentium(R) III CPU             1133MHz stepping 01
per-CPU timeslice cutoff: 731.79 usecs.
task migration cache decay timeout: 1 msecs.
SMP motherboard not detected.
Local APIC not detected. Using dummy APIC emulation.
Brought up 1 CPUs
CPU0:
 domain 0: span 1
  groups: 1
NET: Registered protocol family 16
PCI: PCI BIOS revision 2.10 entry at 0xfafc0, last bus=2
PCI: Using configuration type 1
mtrr: v2.0 (20020519)
ACPI: Subsystem revision 20041105
ACPI: Interpreter enabled
ACPI: Using PIC for interrupt routing
ACPI: PCI Root Bridge [PCI0] (00:00)
PCI: Probing PCI hardware (bus 00)
PCI: Transparent bridge - 0000:00:1e.0
ACPI: PCI Interrupt Routing Table [\_SB_.PCI0._PRT]
ACPI: PCI Interrupt Routing Table [\_SB_.PCI0.HUB0._PRT]
ACPI: PCI Interrupt Link [LNKA] (IRQs 3 4 5 6 7 10 *11 12 14 15)
ACPI: PCI Interrupt Link [LNKB] (IRQs 3 4 5 6 7 10 11 12 14 15) *0, disabled.
ACPI: PCI Interrupt Link [LNKC] (IRQs 3 4 *5 6 7 10 11 12 14 15)
ACPI: PCI Interrupt Link [LNKD] (IRQs 3 4 5 6 7 10 *11 12 14 15)
ACPI: PCI Interrupt Link [LNKE] (IRQs 3 4 5 6 7 10 11 12 14 15) *0, disabled.
ACPI: PCI Interrupt Link [LNKF] (IRQs 3 4 5 6 7 *10 11 12 14 15)
ACPI: PCI Interrupt Link [LNK0] (IRQs 3 4 5 6 7 10 11 12 14 15) *0, disabled.
ACPI: PCI Interrupt Link [LNK1] (IRQs 3 4 5 6 7 10 11 12 14 15) *9
Linux Plug and Play Support v0.97 (c) Adam Belay
pnp: PnP ACPI init
pnp: PnP ACPI: found 12 devices
PnPBIOS: Disabled by ACPI
PCI: Using ACPI for IRQ routing
** PCI interrupts are no longer routed automatically.  If this
** causes a device to stop working, it is probably because the
** driver failed to call pci_enable_device().  As a temporary
** workaround, the "pci=routeirq" argument restores the old
** behavior.  If this argument makes the device work again,
** please email the output of "lspci" to bjorn.helgaas@hp.com
** so I can fix the driver.
fscache: general fs caching registered
CacheFS: general fs caching v0.1 registered
Machine check exception polling timer started.
apm: BIOS version 1.2 Flags 0x07 (Driver version 1.16ac)
apm: overridden by ACPI.
audit: initializing netlink socket (disabled)
audit(1101144905.981:0): initialized
Total HugeTLB memory allocated, 0
Initializing Cryptographic API
ACPI: Power Button (FF) [PWRF]
ACPI: Sleep Button (CM) [SLPB]
ACPI: Fan [FAN] (on)
ACPI: Processor [CPU0] (supports C1 C2)
ACPI: Processor [CPU0] (supports 2 throttling states)
ACPI: Thermal Zone [THRM] (30 C)
isapnp: Scanning for PnP cards...
isapnp: No Plug & Play device found
lp: driver loaded but no devices found
Real Time Clock Driver v1.12
[drm] Initialized drm 1.0.0 20040925
Hangcheck: starting hangcheck timer 0.5.0 (tick is 180 seconds, margin is 60 seconds).
ACPI: PS/2 Keyboard Controller [PS2K] at I/O 0x60, 0x64, irq 1
ACPI: PS/2 Mouse Controller [PS2M] at irq 12
serio: i8042 AUX port at 0x60,0x64 irq 12
serio: i8042 KBD port at 0x60,0x64 irq 1
Serial: 8250/16550 driver $Revision: 1.90 $ 8 ports, IRQ sharing disabled
ttyS0 at I/O 0x3f8 (irq = 4) is a 16550A
ttyS1 at I/O 0x2f8 (irq = 3) is a 16550A
ttyS0 at I/O 0x3f8 (irq = 4) is a 16550A
ttyS1 at I/O 0x2f8 (irq = 3) is a 16550A
ACPI: PCI Interrupt Link [LNKA] enabled at IRQ 11
PCI: setting IRQ 11 as level-triggered
ACPI: PCI interrupt 0000:02:00.0[A] -> GSI 11 (level, low) -> IRQ 11
ttyS4: detected caps 00000700 should be 00000100
ttyS4 at I/O 0xa000 (irq = 11) is a 16C950/954
ttyS5: detected caps 00000700 should be 00000100
ttyS5 at I/O 0xa400 (irq = 11) is a 16C950/954
ttyS0 at I/O 0x3f8 (irq = 4) is a 16550A
ttyS1 at I/O 0x2f8 (irq = 3) is a 16550A
parport: PnPBIOS parport detected.
parport0: PC-style at 0x378 (0x778), irq 7, dma 3 [PCSPP,TRISTATE,COMPAT,ECP,DMA]
lp0: using parport0 (interrupt-driven).
io scheduler noop registered
io scheduler anticipatory registered
io scheduler deadline registered
io scheduler cfq registered
ACPI: Floppy Controller [FDC0] at I/O 0x3f0-0x3f5, 0x3f7 irq 6 dma channel 2
elevator: using anticipatory as default io scheduler
Floppy drive(s): fd0 is 1.44M
FDC 0 is a post-1991 82077
loop: loaded (max 8 devices)
nbd: registered device at major 43
Uniform Multi-Platform E-IDE driver Revision: 7.00alpha2
ide: Assuming 33MHz system bus speed for PIO modes; override with idebus=xx
ICH2: IDE controller at PCI slot 0000:00:1f.1
ICH2: chipset revision 17
ICH2: not 100% native mode: will probe irqs later
    ide0: BM-DMA at 0xf000-0xf007, BIOS settings: hda:DMA, hdb:pio
    ide1: BM-DMA at 0xf008-0xf00f, BIOS settings: hdc:DMA, hdd:pio
Probing IDE interface ide0...
hda: MAXTOR 6L040J2, ATA DISK drive
ide0 at 0x1f0-0x1f7,0x3f6 on irq 14
Probing IDE interface ide1...
hdc: ASUS CD-S500/A, ATAPI CD/DVD-ROM drive
ide1 at 0x170-0x177,0x376 on irq 15
Probing IDE interface ide2...
ide2: Wait for ready failed before probe !
Probing IDE interface ide3...
ide3: Wait for ready failed before probe !
Probing IDE interface ide4...
ide4: Wait for ready failed before probe !
Probing IDE interface ide5...
ide5: Wait for ready failed before probe !
hda: max request size: 128KiB
hda: 78177792 sectors (40027 MB) w/1819KiB Cache, CHS=65535/16/63, UDMA(100)
hda: cache flushes supported
 hda: hda1 hda2 hda3 hda4 < hda5 hda6 hda7 hda8 hda9 hda10 hda11 hda12 hda13 hda14 hda15 >
hdc: ATAPI 50X CD-ROM drive, 128kB Cache, UDMA(33)
Uniform CD-ROM driver Revision: 3.20
mice: PS/2 mouse device common for all mice
input: AT Translated Set 2 keyboard on isa0060/serio0
input: ImPS/2 Generic Wheel Mouse on isa0060/serio1
Please email the following PERFCTR INIT lines to mikpe@csd.uu.se
To remove this message, rebuild the driver with CONFIG_PERFCTR_INIT_TESTS=n
PERFCTR INIT: vendor 0, family 6, model 11, stepping 1, clock 1133748 kHz
PERFCTR INIT: NITER == 64
PERFCTR INIT: loop overhead is 222 cycles
PERFCTR INIT: rdtsc cost is 36.3 cycles (2546 total)
PERFCTR INIT: rdpmc cost is 35.3 cycles (2482 total)
PERFCTR INIT: rdmsr (counter) cost is 90.4 cycles (6008 total)
PERFCTR INIT: rdmsr (evntsel) cost is 71.9 cycles (4825 total)
PERFCTR INIT: wrmsr (counter) cost is 100.7 cycles (6669 total)
PERFCTR INIT: wrmsr (evntsel) cost is 96.0 cycles (6366 total)
PERFCTR INIT: read cr4 cost is 1.9 cycles (346 total)
PERFCTR INIT: write cr4 cost is 42.2 cycles (2928 total)
PERFCTR INIT: sync_core cost is 133.2 cycles (8749 total)
perfctr: driver 2.7.6, cpu type Intel P6 at 1133748 kHz
NET: Registered protocol family 2
IP: routing cache hash table of 2048 buckets, 32Kbytes
TCP: Hash tables configured (established 16384 bind 16384)
ip_conntrack version 2.1 (4095 buckets, 32760 max) - 312 bytes per conntrack
ip_tables: (C) 2000-2002 Netfilter core team
ipt_recent v0.3.1: Stephen Frost <sfrost@snowman.net>.  
http://snowman.net/projects/ipt_recent/
arp_tables: (C) 2002 David S. Miller
NET: Registered protocol family 1
NET: Registered protocol family 17
ACPI: (supports S0 S1 S4 S5)
ACPI wakeup devices: 
SLPB PCI0 HUB0 USB0 USB1 UAR1 UAR2 
BIOS EDD facility v0.16 2004-Jun-25, 1 devices found
CacheFS: Wrong magic number on cache
EXT3-fs: mounted filesystem with ordered data mode.
VFS: Mounted root (ext3 filesystem) readonly.
Freeing unused kernel memory: 208k freed
kjournald starting.  Commit interval 5 seconds
ibm_acpi: ec object not found
thinkpad_acpi: ACPI IBM Thinkpad Fn+Fx key driver version 1.1
usbcore: registered new driver usbfs
usbcore: registered new driver hub
USB Universal Host Controller Interface driver v2.2
ACPI: PCI Interrupt Link [LNKD] enabled at IRQ 11
ACPI: PCI interrupt 0000:00:1f.2[D] -> GSI 11 (level, low) -> IRQ 11
uhci_hcd 0000:00:1f.2: Intel Corp. 82801BA/BAM USB (Hub #1)
PCI: Setting latency timer of device 0000:00:1f.2 to 64
uhci_hcd 0000:00:1f.2: irq 11, io base 0xd000
uhci_hcd 0000:00:1f.2: new USB bus registered, assigned bus number 1
hub 1-0:1.0: USB hub found
hub 1-0:1.0: 2 ports detected
ACPI: PCI Interrupt Link [LNK1] enabled at IRQ 15
PCI: setting IRQ 15 as level-triggered
ACPI: PCI interrupt 0000:00:1f.4[C] -> GSI 15 (level, low) -> IRQ 15
uhci_hcd 0000:00:1f.4: Intel Corp. 82801BA/BAM USB (Hub #2)
PCI: Setting latency timer of device 0000:00:1f.4 to 64
uhci_hcd 0000:00:1f.4: irq 15, io base 0xd400
uhci_hcd 0000:00:1f.4: new USB bus registered, assigned bus number 2
usb 1-1: new full speed USB device using uhci_hcd and address 2
hub 2-0:1.0: USB hub found
hub 2-0:1.0: 2 ports detected
SCSI subsystem initialized
Initializing USB Mass Storage driver...
scsi0 : SCSI emulation for USB Mass Storage devices
usbcore: registered new driver usb-storage
USB Mass Storage support registered.
usb-storage: device found at 2
usb-storage: waiting for device to settle before scanning
EXT3 FS on hda12, internal journal
Adding 530104k swap on /dev/hda5.  Priority:-1 extents:1
kjournald starting.  Commit interval 5 seconds
EXT3 FS on hda6, internal journal
EXT3-fs: mounted filesystem with ordered data mode.
kjournald starting.  Commit interval 5 seconds
EXT3 FS on hda14, internal journal
EXT3-fs: mounted filesystem with ordered data mode.
kjournald starting.  Commit interval 5 seconds
EXT3 FS on hda3, internal journal
EXT3-fs: mounted filesystem with ordered data mode.
kjournald starting.  Commit interval 5 seconds
EXT3 FS on hda11, internal journal
EXT3-fs: mounted filesystem with ordered data mode.
kjournald starting.  Commit interval 5 seconds
EXT3 FS on hda7, internal journal
EXT3-fs: mounted filesystem with ordered data mode.
kjournald starting.  Commit interval 5 seconds
EXT3 FS on hda10, internal journal
EXT3-fs: mounted filesystem with ordered data mode.
kjournald starting.  Commit interval 5 seconds
EXT3 FS on hda13, internal journal
EXT3-fs: mounted filesystem with ordered data mode.
kjournald starting.  Commit interval 5 seconds
EXT3 FS on hda9, internal journal
EXT3-fs: mounted filesystem with ordered data mode.
FAT: utf8 is not a recommended IO charset for FAT filesystems, filesystem will be case sensitive!
FAT: utf8 is not a recommended IO charset for FAT filesystems, filesystem will be case sensitive!
NTFS driver 2.1.22-WIP [Flags: R/W MODULE].
NTFS volume version 3.1.
  Vendor: JetFlash  Model: TS256MJF2A        Rev: 1.00
  Type:   Direct-Access                      ANSI SCSI revision: 02
usb-storage: device scan complete
SCSI device sda: 512000 512-byte hdwr sectors (262 MB)
sda: Write Protect is off
sda: Mode Sense: 0b 00 00 08
sda: assuming drive cache: write through
 sda: sda1
Attached scsi removable disk sda at scsi0, channel 0, id 0, lun 0
ACPI: PCI interrupt 0000:02:04.0[A] -> GSI 11 (level, low) -> IRQ 11
3c59x: Donald Becker and others. www.scyld.com/network/vortex.html
0000:02:04.0: 3Com PCI 3c905C Tornado at 0xc000. Vers LK1.1.19
ACPI: PCI interrupt 0000:02:04.0[A] -> GSI 11 (level, low) -> IRQ 11
NET: Registered protocol family 10
Disabled Privacy Extensions on device c03bbfc0(lo)
IPv6 over IPv4 tunneling driver
eth0: no IPv6 routers present
hdc: lost interrupt
Linux version 2.6.10-rc1-mm4 (root@stas) (gcc version 3.3.3 20040412 (Red Hat Linux 3.3.3-7)) #2 SMP Thu Nov 11 09:47:59 MSK 2004
BIOS-provided physical RAM map:
 BIOS-e820: 0000000000000000 - 000000000009fc00 (usable)
 BIOS-e820: 000000000009fc00 - 00000000000a0000 (reserved)
 BIOS-e820: 00000000000f0000 - 0000000000100000 (reserved)
 BIOS-e820: 0000000000100000 - 000000001fff0000 (usable)
 BIOS-e820: 000000001fff0000 - 000000001fff3000 (ACPI NVS)
 BIOS-e820: 000000001fff3000 - 0000000020000000 (ACPI data)
 BIOS-e820: 00000000ffb00000 - 0000000100000000 (reserved)
0MB HIGHMEM available.
511MB LOWMEM available.
On node 0 totalpages: 131056
  DMA zone: 4096 pages, LIFO batch:1
  Normal zone: 126960 pages, LIFO batch:16
  HighMem zone: 0 pages, LIFO batch:1
DMI 2.3 present.
ACPI: RSDP (v000 IntelR                                ) @ 0x000f75d0
ACPI: RSDT (v001 IntelR AWRDACPI 0x42302e31 AWRD 0x00000000) @ 0x1fff3000
ACPI: FADT (v001 IntelR AWRDACPI 0x42302e31 AWRD 0x00000000) @ 0x1fff3040
ACPI: DSDT (v001 INTELR AWRDACPI 0x00001000 MSFT 0x0100000c) @ 0x00000000
ACPI: PM-Timer IO Port: 0x4008
Built 1 zonelists
Initializing CPU#0
Kernel command line: ro root=/dev/hda12 lapic nmi_watchdog=2 pci=noacpi
CPU 0 irqstacks, hard=c0433000 soft=c0431000
PID hash table entries: 2048 (order: 11, 32768 bytes)
Detected 1133.748 MHz processor.
Using pmtmr for high-res timesource
Console: colour VGA+ 80x25
Dentry cache hash table entries: 131072 (order: 7, 524288 bytes)
Inode-cache hash table entries: 65536 (order: 6, 262144 bytes)
Memory: 515124k/524224k available (2176k kernel code, 8616k reserved, 858k data, 208k init, 0k highmem)
Checking if this processor honours the WP bit even in supervisor mode... Ok.
Calibrating delay loop... 2244.60 BogoMIPS (lpj=1122304)
Mount-cache hash table entries: 512 (order: 0, 4096 bytes)
CPU: After generic identify, caps: 0383f9ff 00000000 00000000 00000000
CPU: After vendor identify, caps:  0383f9ff 00000000 00000000 00000000
CPU: L1 I cache: 16K, L1 D cache: 16K
CPU: L2 cache: 256K
CPU: After all inits, caps:        0383f9ff 00000000 00000000 00000040
Intel machine check architecture supported.
Intel machine check reporting enabled on CPU#0.
Enabling fast FPU save and restore... done.
Enabling unmasked SIMD FPU exception support... done.
Checking 'hlt' instruction... OK.
ACPI: IRQ9 SCI: Level Trigger.
CPU0: Intel(R) Pentium(R) III CPU             1133MHz stepping 01
per-CPU timeslice cutoff: 731.79 usecs.
task migration cache decay timeout: 1 msecs.
SMP motherboard not detected.
Local APIC not detected. Using dummy APIC emulation.
Brought up 1 CPUs
CPU0:
 domain 0: span 1
  groups: 1
NET: Registered protocol family 16
PCI: PCI BIOS revision 2.10 entry at 0xfafc0, last bus=2
PCI: Using configuration type 1
mtrr: v2.0 (20020519)
ACPI: Subsystem revision 20041105
ACPI: Interpreter enabled
ACPI: Using PIC for interrupt routing
Linux Plug and Play Support v0.97 (c) Adam Belay
pnp: PnP ACPI init
pnp: PnP ACPI: found 12 devices
PnPBIOS: Disabled by ACPI
PCI: Probing PCI hardware
PCI: Probing PCI hardware (bus 00)
PCI: Transparent bridge - 0000:00:1e.0
PCI: Using IRQ router PIIX/ICH [8086/2440] at 0000:00:1f.0
PCI: IRQ 0 for device 0000:00:1f.3 doesn't match PIRQ mask - try pci=usepirqmask
fscache: general fs caching registered
CacheFS: general fs caching v0.1 registered
Machine check exception polling timer started.
apm: BIOS version 1.2 Flags 0x07 (Driver version 1.16ac)
apm: overridden by ACPI.
audit: initializing netlink socket (disabled)
audit(1101145133.749:0): initialized
Total HugeTLB memory allocated, 0
Initializing Cryptographic API
ACPI: Power Button (FF) [PWRF]
ACPI: Sleep Button (CM) [SLPB]
ACPI: Fan [FAN] (on)
ACPI: Processor [CPU0] (supports C1 C2)
ACPI: Processor [CPU0] (supports 2 throttling states)
ACPI: Thermal Zone [THRM] (30 C)
isapnp: Scanning for PnP cards...
isapnp: No Plug & Play device found
lp: driver loaded but no devices found
Real Time Clock Driver v1.12
[drm] Initialized drm 1.0.0 20040925
Hangcheck: starting hangcheck timer 0.5.0 (tick is 180 seconds, margin is 60 seconds).
ACPI: PS/2 Keyboard Controller [PS2K] at I/O 0x60, 0x64, irq 1
ACPI: PS/2 Mouse Controller [PS2M] at irq 12
serio: i8042 AUX port at 0x60,0x64 irq 12
serio: i8042 KBD port at 0x60,0x64 irq 1
Serial: 8250/16550 driver $Revision: 1.90 $ 8 ports, IRQ sharing disabled
ttyS0 at I/O 0x3f8 (irq = 4) is a 16550A
ttyS1 at I/O 0x2f8 (irq = 3) is a 16550A
ttyS0 at I/O 0x3f8 (irq = 4) is a 16550A
ttyS1 at I/O 0x2f8 (irq = 3) is a 16550A
PCI: Found IRQ 11 for device 0000:02:00.0
PCI: Sharing IRQ 11 with 0000:02:00.1
PCI: Sharing IRQ 11 with 0000:02:04.0
ttyS4: detected caps 00000700 should be 00000100
ttyS4 at I/O 0xa000 (irq = 11) is a 16C950/954
ttyS5: detected caps 00000700 should be 00000100
ttyS5 at I/O 0xa400 (irq = 11) is a 16C950/954
ttyS0 at I/O 0x3f8 (irq = 4) is a 16550A
ttyS1 at I/O 0x2f8 (irq = 3) is a 16550A
parport: PnPBIOS parport detected.
parport0: PC-style at 0x378 (0x778), irq 7, dma 3 [PCSPP,TRISTATE,COMPAT,ECP,DMA]
lp0: using parport0 (interrupt-driven).
io scheduler noop registered
io scheduler anticipatory registered
io scheduler deadline registered
io scheduler cfq registered
ACPI: Floppy Controller [FDC0] at I/O 0x3f0-0x3f5, 0x3f7 irq 6 dma channel 2
elevator: using anticipatory as default io scheduler
Floppy drive(s): fd0 is 1.44M
FDC 0 is a post-1991 82077
loop: loaded (max 8 devices)
nbd: registered device at major 43
Uniform Multi-Platform E-IDE driver Revision: 7.00alpha2
ide: Assuming 33MHz system bus speed for PIO modes; override with idebus=xx
ICH2: IDE controller at PCI slot 0000:00:1f.1
ICH2: chipset revision 17
ICH2: not 100% native mode: will probe irqs later
    ide0: BM-DMA at 0xf000-0xf007, BIOS settings: hda:DMA, hdb:pio
    ide1: BM-DMA at 0xf008-0xf00f, BIOS settings: hdc:DMA, hdd:pio
Probing IDE interface ide0...
hda: MAXTOR 6L040J2, ATA DISK drive
ide0 at 0x1f0-0x1f7,0x3f6 on irq 14
Probing IDE interface ide1...
hdc: ASUS CD-S500/A, ATAPI CD/DVD-ROM drive
ide1 at 0x170-0x177,0x376 on irq 15
Probing IDE interface ide2...
ide2: Wait for ready failed before probe !
Probing IDE interface ide3...
ide3: Wait for ready failed before probe !
Probing IDE interface ide4...
ide4: Wait for ready failed before probe !
Probing IDE interface ide5...
ide5: Wait for ready failed before probe !
hda: max request size: 128KiB
hda: 78177792 sectors (40027 MB) w/1819KiB Cache, CHS=65535/16/63, UDMA(100)
hda: cache flushes supported
 hda: hda1 hda2 hda3 hda4 < hda5 hda6 hda7 hda8 hda9 hda10 hda11 hda12 hda13 hda14 hda15 >
hdc: ATAPI 50X CD-ROM drive, 128kB Cache, UDMA(33)
Uniform CD-ROM driver Revision: 3.20
mice: PS/2 mouse device common for all mice
input: AT Translated Set 2 keyboard on isa0060/serio0
input: ImPS/2 Generic Wheel Mouse on isa0060/serio1
Please email the following PERFCTR INIT lines to mikpe@csd.uu.se
To remove this message, rebuild the driver with CONFIG_PERFCTR_INIT_TESTS=n
PERFCTR INIT: vendor 0, family 6, model 11, stepping 1, clock 1133748 kHz
PERFCTR INIT: NITER == 64
PERFCTR INIT: loop overhead is 222 cycles
PERFCTR INIT: rdtsc cost is 34.9 cycles (2461 total)
PERFCTR INIT: rdpmc cost is 35.5 cycles (2499 total)
PERFCTR INIT: rdmsr (counter) cost is 90.4 cycles (6008 total)
PERFCTR INIT: rdmsr (evntsel) cost is 71.9 cycles (4825 total)
PERFCTR INIT: wrmsr (counter) cost is 100.7 cycles (6669 total)
PERFCTR INIT: wrmsr (evntsel) cost is 96.0 cycles (6366 total)
PERFCTR INIT: read cr4 cost is 1.9 cycles (346 total)
PERFCTR INIT: write cr4 cost is 42.2 cycles (2928 total)
PERFCTR INIT: sync_core cost is 132.3 cycles (8692 total)
perfctr: driver 2.7.6, cpu type Intel P6 at 1133748 kHz
NET: Registered protocol family 2
IP: routing cache hash table of 2048 buckets, 32Kbytes
TCP: Hash tables configured (established 16384 bind 16384)
ip_conntrack version 2.1 (4095 buckets, 32760 max) - 312 bytes per conntrack
ip_tables: (C) 2000-2002 Netfilter core team
ipt_recent v0.3.1: Stephen Frost <sfrost@snowman.net>.  
http://snowman.net/projects/ipt_recent/
arp_tables: (C) 2002 David S. Miller
NET: Registered protocol family 1
NET: Registered protocol family 17
ACPI: (supports S0 S1 S4 S5)
ACPI wakeup devices: 
SLPB PCI0 HUB0 USB0 USB1 UAR1 UAR2 
BIOS EDD facility v0.16 2004-Jun-25, 1 devices found
CacheFS: Wrong magic number on cache
EXT3-fs: mounted filesystem with ordered data mode.
VFS: Mounted root (ext3 filesystem) readonly.
Freeing unused kernel memory: 208k freed
kjournald starting.  Commit interval 5 seconds
ibm_acpi: ec object not found
thinkpad_acpi: ACPI IBM Thinkpad Fn+Fx key driver version 1.1
usbcore: registered new driver usbfs
usbcore: registered new driver hub
USB Universal Host Controller Interface driver v2.2
PCI: Found IRQ 11 for device 0000:00:1f.2
uhci_hcd 0000:00:1f.2: Intel Corp. 82801BA/BAM USB (Hub #1)
PCI: Setting latency timer of device 0000:00:1f.2 to 64
uhci_hcd 0000:00:1f.2: irq 11, io base 0xd000
uhci_hcd 0000:00:1f.2: new USB bus registered, assigned bus number 1
hub 1-0:1.0: USB hub found
hub 1-0:1.0: 2 ports detected
PCI: Found IRQ 9 for device 0000:00:1f.4
uhci_hcd 0000:00:1f.4: Intel Corp. 82801BA/BAM USB (Hub #2)
PCI: Setting latency timer of device 0000:00:1f.4 to 64
uhci_hcd 0000:00:1f.4: irq 9, io base 0xd400
uhci_hcd 0000:00:1f.4: new USB bus registered, assigned bus number 2
hub 2-0:1.0: USB hub found
hub 2-0:1.0: 2 ports detected
usb 1-1: new full speed USB device using uhci_hcd and address 2
SCSI subsystem initialized
Initializing USB Mass Storage driver...
scsi0 : SCSI emulation for USB Mass Storage devices
usbcore: registered new driver usb-storage
USB Mass Storage support registered.
usb-storage: device found at 2
usb-storage: waiting for device to settle before scanning
EXT3 FS on hda12, internal journal
Adding 530104k swap on /dev/hda5.  Priority:-1 extents:1
  Vendor: JetFlash  Model: TS256MJF2A        Rev: 1.00
  Type:   Direct-Access                      ANSI SCSI revision: 02
usb-storage: device scan complete
SCSI device sda: 512000 512-byte hdwr sectors (262 MB)
sda: Write Protect is off
sda: Mode Sense: 0b 00 00 08
sda: assuming drive cache: write through
 sda: sda1
Attached scsi removable disk sda at scsi0, channel 0, id 0, lun 0
kjournald starting.  Commit interval 5 seconds
EXT3 FS on hda6, internal journal
EXT3-fs: mounted filesystem with ordered data mode.
kjournald starting.  Commit interval 5 seconds
EXT3 FS on hda14, internal journal
EXT3-fs: mounted filesystem with ordered data mode.
kjournald starting.  Commit interval 5 seconds
EXT3 FS on hda3, internal journal
EXT3-fs: mounted filesystem with ordered data mode.
kjournald starting.  Commit interval 5 seconds
EXT3 FS on hda11, internal journal
EXT3-fs: mounted filesystem with ordered data mode.
kjournald starting.  Commit interval 5 seconds
EXT3 FS on hda7, internal journal
EXT3-fs: mounted filesystem with ordered data mode.
kjournald starting.  Commit interval 5 seconds
EXT3 FS on hda10, internal journal
EXT3-fs: mounted filesystem with ordered data mode.
kjournald starting.  Commit interval 5 seconds
EXT3 FS on hda13, internal journal
EXT3-fs: mounted filesystem with ordered data mode.
kjournald starting.  Commit interval 5 seconds
EXT3 FS on hda9, internal journal
EXT3-fs: mounted filesystem with ordered data mode.
FAT: utf8 is not a recommended IO charset for FAT filesystems, filesystem will be case sensitive!
FAT: utf8 is not a recommended IO charset for FAT filesystems, filesystem will be case sensitive!
NTFS driver 2.1.22-WIP [Flags: R/W MODULE].
NTFS volume version 3.1.
PCI: Found IRQ 11 for device 0000:02:04.0
PCI: Sharing IRQ 11 with 0000:02:00.0
PCI: Sharing IRQ 11 with 0000:02:00.1
3c59x: Donald Becker and others. www.scyld.com/network/vortex.html
0000:02:04.0: 3Com PCI 3c905C Tornado at 0xc000. Vers LK1.1.19
PCI: Found IRQ 11 for device 0000:02:04.0
PCI: Sharing IRQ 11 with 0000:02:00.0
PCI: Sharing IRQ 11 with 0000:02:00.1
NET: Registered protocol family 10
Disabled Privacy Extensions on device c03bbfc0(lo)
IPv6 over IPv4 tunneling driver
eth0: no IPv6 routers present
00:00.0 Host bridge: Intel Corp. 82815 815 Chipset Host Bridge and Memory Controller Hub (rev 04)
	Subsystem: Intel Corp.: Unknown device 0000
	Flags: bus master, fast devsel, latency 0
	Memory at d0000000 (32-bit, prefetchable)
	Capabilities: [88] #09 [e104]
	Capabilities: [a0] AGP version 2.0
00:01.0 PCI bridge: Intel Corp. 82815 815 Chipset AGP Bridge (rev 04) (prog-if 00 [Normal decode])
	Flags: bus master, 66Mhz, fast devsel, latency 32
	Bus: primary=00, secondary=01, subordinate=01, sec-latency=32
	Memory behind bridge: d6000000-d8ffffff
	Prefetchable memory behind bridge: d4000000-d5ffffff
00:1e.0 PCI bridge: Intel Corp. 82801BA/CA/DB/EB/ER Hub interface to PCI Bridge (rev 11) (prog-if 00 [Normal decode])
	Flags: bus master, fast devsel, latency 0
	Bus: primary=00, secondary=02, subordinate=02, sec-latency=32
	I/O behind bridge: 0000a000-0000cfff
	Memory behind bridge: b0000000-cfffffff
00:1f.0 ISA bridge: Intel Corp. 82801BA ISA Bridge (LPC) (rev 11)
	Flags: bus master, medium devsel, latency 0
00:1f.1 IDE interface: Intel Corp. 82801BA IDE U100 (rev 11) (prog-if 80 [Master])
	Subsystem: Intel Corp.: Unknown device 2442
	Flags: bus master, medium devsel, latency 0
	I/O ports at f000 [size=16]
00:1f.2 USB Controller: Intel Corp. 82801BA/BAM USB (Hub #1) (rev 11) (prog-if 00 [UHCI])
	Subsystem: Intel Corp. 82801BA/BAM USB (Hub #1)
	Flags: bus master, medium devsel, latency 0, IRQ 11
	I/O ports at d000 [size=32]
00:1f.3 SMBus: Intel Corp. 82801BA/BAM SMBus (rev 11)
	Subsystem: Intel Corp.: Unknown device 2442
	Flags: medium devsel, IRQ 10
	I/O ports at 5000 [size=16]
00:1f.4 USB Controller: Intel Corp. 82801BA/BAM USB (Hub #2) (rev 11) (prog-if 00 [UHCI])
	Subsystem: Intel Corp.: Unknown device 2442
	Flags: bus master, medium devsel, latency 0, IRQ 11
	I/O ports at d400 [size=32]
01:00.0 VGA compatible controller: Matrox Graphics, Inc. MGA G550 AGP (rev 01) (prog-if 00 [VGA])
	Subsystem: Matrox Graphics, Inc. Millennium G550 Dual Head DDR 32Mb
	Flags: bus master, medium devsel, latency 32, IRQ 11
	Memory at d4000000 (32-bit, prefetchable)
	Memory at d6000000 (32-bit, non-prefetchable) [size=16K]
	Memory at d7000000 (32-bit, non-prefetchable) [size=8M]
	Capabilities: [dc] Power Management version 2
	Capabilities: [f0] AGP version 2.0
02:00.0 Serial controller: Oxford Semiconductor Ltd OX16PCI952 (Dual 16950 UART) (prog-if 06 [16950])
	Subsystem: Oxford Semiconductor Ltd: Unknown device 0001
	Flags: medium devsel, IRQ 11
	I/O ports at a000
	I/O ports at a400 [size=8]
	I/O ports at a800 [size=32]
	Memory at c0012000 (32-bit, non-prefetchable) [size=4K]
	Memory at c0013000 (32-bit, non-prefetchable) [size=4K]
	Capabilities: [40] Power Management version 1
02:00.1 Parallel controller: Oxford Semiconductor Ltd: Unknown device 9523 (prog-if 01 [BiDir])
	Subsystem: Oxford Semiconductor Ltd: Unknown device 0001
	Flags: medium devsel, IRQ 11
	I/O ports at ac00
	I/O ports at b000 [size=4]
	I/O ports at b400 [size=32]
	Memory at c0010000 (32-bit, non-prefetchable) [size=4K]
	Capabilities: [40] Power Management version 1
02:02.0 Bridge: PLX Technology, Inc. PCI <-> IOBus Bridge (rev 01)
	Subsystem: Unknown device 3631:4c37
	Flags: medium devsel, IRQ 10
	Memory at c0011000 (32-bit, non-prefetchable)
	I/O ports at b800 [size=128]
	I/O ports at bc00 [size=16]
	Memory at c0000000 (32-bit, non-prefetchable) [size=64K]
02:04.0 Ethernet controller: 3Com Corporation 3c905C-TX/TX-M [Tornado] (rev 30)
	Subsystem: 3Com Corporation 3C905C-TX Fast Etherlink for PC Management NIC
	Flags: bus master, medium devsel, latency 32, IRQ 11
	I/O ports at c000
	Memory at c0014000 (32-bit, non-prefetchable) [size=128]
	Capabilities: [dc] Power Management version 2
02:09.0 Multimedia audio controller: C-Media Electronics Inc CM8738 (rev 10)
	Subsystem: C-Media Electronics Inc CMI8738/C3DX PCI Audio Device
	Flags: bus master, medium devsel, latency 32, IRQ 5
	I/O ports at c400
	Capabilities: [c0] Power Management version 2
Nov 15 14:21:38 stas kernel: eject         D C046C148  2500  3426   3363                     (NOTLB)
Nov 15 14:21:38 stas kernel: db4c8cc4 00000086 c046c0b8 c046c148 db4c8dd0 db4c8ca4 c0290e9c c0290c90 
Nov 15 14:21:38 stas kernel:        00001388 dfce797c c046c0b8 df778028 c046c148 00000000 db4c8cb4 c1405f60 
Nov 15 14:21:38 stas kernel:        00068a1b 5a045780 000f420a df9a3c10 db4c8d48 db4c8d44 db4c8000 db4c8d18 
Nov 15 14:21:38 stas kernel: Call Trace:
Nov 15 14:21:38 stas kernel:  [<c031cee4>] wait_for_completion+0x94/0x100
Nov 15 14:21:38 stas kernel:  [<c0285698>] ide_do_drive_cmd+0x118/0x150
Nov 15 14:21:38 stas kernel:  [<c0291b44>] cdrom_queue_packet_command+0x44/0xb0
Nov 15 14:21:38 stas kernel:  [<c02926a4>] cdrom_check_status+0x74/0x90
Nov 15 14:21:39 stas kernel:  [<c029359d>] ide_cdrom_check_media_change_real+0x1d/0x40
Nov 15 14:21:39 stas kernel:  [<c029616a>] media_changed+0x5a/0x90
Nov 15 14:21:39 stas kernel:  [<c016a902>] check_disk_change+0x32/0x80
Nov 15 14:21:39 stas kernel:  [<c02956db>] cdrom_open+0x6b/0x100
Nov 15 14:21:39 stas kernel:  [<c02944fd>] idecd_open+0x5d/0x80
Nov 15 14:21:39 stas kernel:  [<c016aad8>] do_open+0xe8/0x370
Nov 15 14:21:39 stas kernel:  [<c016ae18>] blkdev_open+0x28/0x60
Nov 15 14:21:39 stas kernel:  [<c0161a66>] dentry_open+0x156/0x280
Nov 15 14:21:39 stas kernel:  [<c016190d>] filp_open+0x4d/0x50
Nov 15 14:21:39 stas kernel:  [<c0161d4c>] sys_open+0x3c/0xa0
Nov 15 14:21:39 stas kernel:  [<c0105175>] sysenter_past_esp+0x52/0x71