Date: Mon, 02 Oct 2006 14:25:28 -0400
From: 	Valdis.Kletnieks@vt ...
Subject: Re: [patch 00/21] high resolution timers / dynamic ticks - V2
Sender: linux-kernel-owner@vger.kernel.org
Precedence: bulk
List-ID: <linux-kernel.vger.kernel.org>
X-Mailing-List: linux-kernel@vger.kernel.org
X-Lkml-Link: https://lkml.org/lkml/2006/10/2/199

(Sorry for the size of the note, there's some 50K of logs attached)
On Mon, 02 Oct 2006 15:43:02 +0200, Thomas Gleixner said:
> Can you please send me the bootlog and further dmesg output (especially
> when related to timers / cpufreq).
I booted the box to single-user both times, and then started cpuspeed.
I then did a cat of /proc/interrupts, /proc/uptime, and a date command,
waited 60 seconds according to my watch, and repeated.  I then dumped
the dmesg.  The -dyntick kernel moved 'uptime' almost exactly 45 seconds
(almost certainly a by-product of running at 1.2Ghz rather than 1.6Ghz).
Does the dyntick code make any unwritten assumptions about a jiffie or
bogomips remaining constant?
Attached - config diff, date and /proc dumps from both -mm2 and -mm2-dyntick,
and the dmesg's from both boots.
Yell if you have any other questions/suggestions/etc..
> > I'm also seeing gkrellm reporting about 25% CPU use when "near-idle" (X is up
> > but not much is going on) when that's usually down around 5-6%.  I need to
> > collect some oprofile numbers and investigate that as well.
>
> I look into the accounting fixups again.
I still need to get oprofile runs of this and see what's going on.
--- linux-2.6.18-mm2/.config	2006-10-02 10:11:34.000000000 -0400
+++ linux-2.6.18-mm2-hrt-dyntick5/.config	2006-10-02 02:19:09.000000000 -0400
@@ -1,10 +1,11 @@
 #
 # Automatically generated make config: don't edit
-# Linux kernel version: 2.6.18-mm2
-# Mon Oct  2 10:11:34 2006
+# Linux kernel version: 2.6.18-mm2-hrt-dyntick5
+# Mon Oct  2 02:19:09 2006
 #
 CONFIG_X86_32=y
 CONFIG_GENERIC_TIME=y
+CONFIG_GENERIC_CLOCKEVENTS=y
 CONFIG_LOCKDEP_SUPPORT=y
 CONFIG_STACKTRACE_SUPPORT=y
 CONFIG_SEMAPHORE_SLEEPERS=y
@@ -103,6 +104,9 @@
 #
 # Processor type and features
 #
+CONFIG_HIGH_RES_TIMERS=y
+CONFIG_HIGH_RES_RESOLUTION=1000
+CONFIG_NO_HZ=y
 # CONFIG_SMP is not set
 CONFIG_X86_PC=y
 # CONFIG_X86_ELAN is not set
@@ -2007,6 +2011,7 @@
 CONFIG_LOG_BUF_SHIFT=17
 # CONFIG_DETECT_SOFTLOCKUP is not set
 # CONFIG_SCHEDSTATS is not set
+CONFIG_TIMER_STATS=y
 # CONFIG_DEBUG_SLAB is not set
 # CONFIG_DEBUG_PREEMPT is not set
 # CONFIG_DEBUG_RT_MUTEXES is not set           CPU0       
  0:      60357    XT-PIC-level    timer
  1:        183    XT-PIC-level    i8042
  2:          0    XT-PIC-level    cascade
  5:          0    XT-PIC-level    Intel 82801CA-ICH3
  6:          3    XT-PIC-level    floppy
  8:          1    XT-PIC-level    rtc
  9:          1    XT-PIC-level    acpi
 11:         39    XT-PIC-level    uhci_hcd:usb1, uhci_hcd:usb2, uhci_hcd:usb3, ohci1394, yenta, yenta, yenta, pcmcia2.0
 12:        114    XT-PIC-level    i8042
 14:       2045    XT-PIC-level    libata
 15:          0    XT-PIC-level    libata
NMI:          0 
LOC:          0 
ERR:          0
MIS:          0
58.75 50.70
Mon Oct  2 11:32:07 EDT 2006
           CPU0       
  0:     120338    XT-PIC-level    timer
  1:        256    XT-PIC-level    i8042
  2:          0    XT-PIC-level    cascade
  5:          0    XT-PIC-level    Intel 82801CA-ICH3
  6:          3    XT-PIC-level    floppy
  8:          1    XT-PIC-level    rtc
  9:          1    XT-PIC-level    acpi
 11:         39    XT-PIC-level    uhci_hcd:usb1, uhci_hcd:usb2, uhci_hcd:usb3, ohci1394, yenta, yenta, yenta, pcmcia2.0
 12:        114    XT-PIC-level    i8042
 14:       2058    XT-PIC-level    libata
 15:          0    XT-PIC-level    libata
NMI:          0 
LOC:          0 
ERR:          0
MIS:          0
116.04 110.64
Mon Oct  2 11:33:04 EDT 2006
           CPU0       
  0:      15931    XT-PIC-level    timer
  1:        164    XT-PIC-level    i8042
  2:          0    XT-PIC-level    cascade
  5:          0    XT-PIC-level    Intel 82801CA-ICH3
  6:          3    XT-PIC-level    floppy
  8:          1    XT-PIC-level    rtc
  9:          0    XT-PIC-level    acpi
 11:         38    XT-PIC-level    uhci_hcd:usb1, uhci_hcd:usb2, uhci_hcd:usb3, ohci1394, yenta, yenta, yenta, pcmcia2.0
 12:        114    XT-PIC-level    i8042
 14:       2066    XT-PIC-level    libata
 15:          0    XT-PIC-level    libata
NMI:          0 
LOC:          0 
ERR:          0
MIS:          0
73.89 6.84
Mon Oct  2 11:23:24 EDT 2006
           CPU0       
  0:      24314    XT-PIC-level    timer
  1:        205    XT-PIC-level    i8042
  2:          0    XT-PIC-level    cascade
  5:          0    XT-PIC-level    Intel 82801CA-ICH3
  6:          3    XT-PIC-level    floppy
  8:          1    XT-PIC-level    rtc
  9:          0    XT-PIC-level    acpi
 11:         38    XT-PIC-level    uhci_hcd:usb1, uhci_hcd:usb2, uhci_hcd:usb3, ohci1394, yenta, yenta, yenta, pcmcia2.0
 12:        114    XT-PIC-level    i8042
 14:       2079    XT-PIC-level    libata
 15:          0    XT-PIC-level    libata
NMI:          0 
LOC:          0 
ERR:          0
MIS:          0
118.96 11.36
Mon Oct  2 11:24:09 EDT 2006
Linux version 2.6.18-mm2 (valdis@turing-police.cc.vt.edu) (gcc version 4.1.1 20060926 (Red Hat 4.1.1-26)) #1 PREEMPT Mon Oct 2 10:45:34 EDT 2006
BIOS-provided physical RAM map:
sanitize start
sanitize end
copy_e820_map() start: 0000000000000000 size: 000000000009fc00 end: 000000000009fc00 type: 1
copy_e820_map() type is E820_RAM
copy_e820_map() start: 000000000009fc00 size: 0000000000000400 end: 00000000000a0000 type: 2
copy_e820_map() start: 0000000000100000 size: 000000002fee2800 end: 000000002ffe2800 type: 1
copy_e820_map() type is E820_RAM
copy_e820_map() start: 000000002ffe2800 size: 000000000001d800 end: 0000000030000000 type: 2
copy_e820_map() start: 00000000feda0000 size: 0000000000060000 end: 00000000fee00000 type: 2
copy_e820_map() start: 00000000ffb80000 size: 0000000000480000 end: 0000000100000000 type: 2
 BIOS-e820: 0000000000000000 - 000000000009fc00 (usable)
 BIOS-e820: 000000000009fc00 - 00000000000a0000 (reserved)
 BIOS-e820: 0000000000100000 - 000000002ffe2800 (usable)
 BIOS-e820: 000000002ffe2800 - 0000000030000000 (reserved)
 BIOS-e820: 00000000feda0000 - 00000000fee00000 (reserved)
 BIOS-e820: 00000000ffb80000 - 0000000100000000 (reserved)
767MB LOWMEM available.
Entering add_active_range(0, 0, 196578) 0 entries of 256 used
Zone PFN ranges:
  DMA             0 ->     4096
  Normal       4096 ->   196578
early_node_map[1] active PFN ranges
    0:        0 ->   196578
On node 0 totalpages: 196578
  DMA zone: 32 pages used for memmap
  DMA zone: 0 pages reserved
  DMA zone: 4064 pages, LIFO batch:0
  Normal zone: 1503 pages used for memmap
  Normal zone: 190979 pages, LIFO batch:31
DMI 2.3 present.
ACPI: RSDP (v000 DELL                                  ) @ 0x000fde50
ACPI: RSDT (v001 DELL    CPi R   0x27d40107 ASL  0x00000061) @ 0x000fde64
ACPI: FADT (v001 DELL    CPi R   0x27d40107 ASL  0x00000061) @ 0x000fde90
ACPI: DSDT (v001 INT430 SYSFexxx 0x00001001 MSFT 0x0100000e) @ 0x00000000
ACPI: PM-Timer IO Port: 0x808
Allocating PCI resources starting at 40000000 (gap: 30000000:ceda0000)
Detected 1595.436 MHz processor.
Built 1 zonelists.  Total pages: 195043
Kernel command line: vga=794 quiet crashkernel=64M@16M single
Local APIC disabled by BIOS -- you can enable it with "lapic"
mapped APIC to ffffd000 (05603000)
Enabling fast FPU save and restore... done.
Enabling unmasked SIMD FPU exception support... done.
Initializing CPU#0
PID hash table entries: 4096 (order: 12, 16384 bytes)
Console: colour dummy device 80x25
Dentry cache hash table entries: 131072 (order: 7, 524288 bytes)
Inode-cache hash table entries: 65536 (order: 6, 262144 bytes)
Memory: 706936k/786312k available (2406k kernel code, 78804k reserved, 1041k data, 180k init, 0k highmem)
virtual kernel memory layout:
    fixmap  : 0xfffb7000 - 0xfffff000   ( 288 kB)
    vmalloc : 0xf0800000 - 0xfffb5000   ( 247 MB)
    lowmem  : 0xc0000000 - 0xeffe2000   ( 767 MB)
      .init : 0xc04e6000 - 0xc0513000   ( 180 kB)
      .data : 0xc0359960 - 0xc045e0a8   (1041 kB)
      .text : 0xc0100000 - 0xc0359960   (2406 kB)
Checking if this processor honours the WP bit even in supervisor mode... Ok.
Calibrating delay using timer specific routine.. 3192.27 BogoMIPS (lpj=1596136)
Security Framework v1.0.0 initialized
SELinux:  Initializing.
SELinux:  Starting in permissive mode
selinux_register_security:  Registering secondary module capability
Capability LSM initialized as secondary
Mount-cache hash table entries: 512
CPU: After generic identify, caps: 3febf9ff 00000000 00000000 00000000 00000000 00000000 00000000
CPU: Trace cache: 12K uops, L1 D cache: 8K
CPU: L2 cache: 512K
CPU: After all inits, caps: 3febf9ff 00000000 00000000 00000080 00000000 00000000 00000000
Intel machine check architecture supported.
Intel machine check reporting enabled on CPU#0.
CPU0: Intel P4/Xeon Extended MCE MSRs (12) available
CPU0: Thermal monitoring enabled
CPU: Intel(R) Pentium(R) 4 Mobile CPU 1.60GHz stepping 04
Checking 'hlt' instruction... OK.
ACPI: Core revision 20060707
ACPI: setting ELCR to 0200 (from 0800)
checking if image is initramfs... it is
Freeing initrd memory: 1824k freed
NET: Registered protocol family 16
ACPI: ACPI Dock Station Driver 
ACPI: bus type pci registered
PCI: PCI BIOS revision 2.10 entry at 0xfbfee, last bus=2
PCI: Using configuration type 1
Setting up standard PCI resources
ACPI: Interpreter enabled
ACPI: Using PIC for interrupt routing
ACPI: PCI Root Bridge [PCI0] (0000:00)
ACPI: Assume root bridge [\_SB_.PCI0] bus is 0
PCI quirk: region 0800-087f claimed by ICH4 ACPI/GPIO/TCO
PCI quirk: region 0880-08bf claimed by ICH4 GPIO
PCI: Ignoring BAR0-3 of IDE controller 0000:00:1f.1
Boot video device is 0000:01:00.0
PCI: Transparent bridge - 0000:00:1e.0
ACPI: PCI Interrupt Routing Table [\_SB_.PCI0._PRT]
ACPI: PCI Interrupt Link [LNKA] (IRQs 9 10 *11)
ACPI: PCI Interrupt Link [LNKB] (IRQs 5 7) *11
ACPI: PCI Interrupt Link [LNKC] (IRQs 9 10 *11)
ACPI: PCI Interrupt Link [LNKD] (IRQs 5 7 9 10 *11)
ACPI: PCI Interrupt Routing Table [\_SB_.PCI0.AGP_._PRT]
ACPI: PCI Interrupt Routing Table [\_SB_.PCI0.PCIE._PRT]
ACPI: Power Resource [PADA] (on)
Linux Plug and Play Support v0.97 (c) Adam Belay
pnp: PnP ACPI init
pnp: PnP ACPI: found 15 devices
Intel 82802 RNG detected
SCSI subsystem initialized
usbcore: registered new interface driver usbfs
usbcore: registered new interface driver hub
usbcore: registered new device driver usb
PCI: Using ACPI for IRQ routing
PCI: If a device doesn't work, try "pci=routeirq".  If it helps, post a report
NetLabel: Initializing
NetLabel:  domain hash size = 128
NetLabel:  protocols = UNLABELED CIPSOv4
NetLabel:  unlabeled traffic allowed by default
pnp: 00:02: ioport range 0x4d0-0x4d1 has been reserved
pnp: 00:02: ioport range 0x800-0x805 could not be reserved
pnp: 00:02: ioport range 0x808-0x80f could not be reserved
pnp: 00:03: ioport range 0x806-0x807 has been reserved
pnp: 00:03: ioport range 0x810-0x85f could not be reserved
pnp: 00:03: ioport range 0x860-0x87f has been reserved
pnp: 00:03: ioport range 0x880-0x8bf has been reserved
pnp: 00:03: ioport range 0x8c0-0x8df has been reserved
pnp: 00:03: ioport range 0x8e0-0x8ff has been reserved
pnp: 00:08: ioport range 0x900-0x91f has been reserved
pnp: 00:08: ioport range 0x3f0-0x3f1 has been reserved
PCI: Bridge: 0000:00:01.0
  IO window: c000-cfff
  MEM window: fc000000-fdffffff
  PREFETCH window: d8000000-e7ffffff
PCI: Bus 3, cardbus bridge: 0000:02:01.0
  IO window: 0000e000-0000e0ff
  IO window: 0000e400-0000e4ff
  PREFETCH window: 40000000-41ffffff
  MEM window: f4000000-f5ffffff
PCI: Bus 7, cardbus bridge: 0000:02:01.1
  IO window: 0000e800-0000e8ff
  IO window: 0000f000-0000f0ff
  PREFETCH window: 42000000-43ffffff
  MEM window: f6000000-f7ffffff
PCI: Bus 11, cardbus bridge: 0000:02:03.0
  IO window: 0000f400-0000f4ff
  IO window: 0000f800-0000f8ff
  PREFETCH window: 44000000-45ffffff
  MEM window: fa000000-fbffffff
PCI: Bridge: 0000:00:1e.0
  IO window: e000-ffff
  MEM window: f4000000-fbffffff
  PREFETCH window: 40000000-46ffffff
PCI: Setting latency timer of device 0000:00:1e.0 to 64
PCI: Enabling device 0000:02:01.0 (0000 -> 0003)
ACPI: PCI Interrupt Link [LNKD] enabled at IRQ 11
PCI: setting IRQ 11 as level-triggered
ACPI: PCI Interrupt 0000:02:01.0[A] -> Link [LNKD] -> GSI 11 (level, low) -> IRQ 11
PCI: Enabling device 0000:02:01.1 (0000 -> 0003)
ACPI: PCI Interrupt 0000:02:01.1[A] -> Link [LNKD] -> GSI 11 (level, low) -> IRQ 11
ACPI: PCI Interrupt 0000:02:03.0[A] -> Link [LNKD] -> GSI 11 (level, low) -> IRQ 11
NET: Registered protocol family 2
IP route cache hash table entries: 32768 (order: 5, 131072 bytes)
TCP established hash table entries: 131072 (order: 7, 524288 bytes)
TCP bind hash table entries: 65536 (order: 6, 262144 bytes)
TCP: Hash tables configured (established 131072 bind 65536)
TCP reno registered
Machine check exception polling timer started.
speedstep: frequency transition measured seems out of range (0 nSec), falling back to a safe one of 500000 nSec.
audit: initializing netlink socket (disabled)
audit(1159803069.386:1): initialized
VFS: Disk quotas dquot_6.5.1
Dquot-cache hash table entries: 1024 (order 0, 4096 bytes)
SELinux:  Registering netfilter hooks
io scheduler noop registered
io scheduler anticipatory registered (default)
io scheduler deadline registered
io scheduler cfq registered
vesafb: framebuffer at 0xe0000000, mapped to 0xf0880000, using 5120k, total 32768k
vesafb: mode is 1280x1024x16, linelength=2560, pages=1
vesafb: protected mode interface info at c000:e140
vesafb: pmi: set display start = c00ce185, set palette = c00ce20a
vesafb: pmi: ports = b4c3 b503 ba03 c003 c103 c403 c503 c603 c703 c803 c903 cc03 ce03 cf03 d003 d103 d203 d303 d403 d503 da03 ff03 
vesafb: scrolling: redraw
vesafb: Truecolor: size=0:5:6:5, shift=0:11:5:0
Console: switching to colour frame buffer device 160x64
fb0: VESA VGA frame buffer device
ACPI: Video Device [VID] (multi-head: yes  rom: no  post: no)
Hangcheck: starting hangcheck timer 0.9.0 (tick is 180 seconds, margin is 60 seconds).
Hangcheck: Using get_cycles().
Serial: 8250/16550 driver $Revision: 1.90 $ 4 ports, IRQ sharing enabled
serial8250: ttyS0 at I/O 0x3f8 (irq = 4) is a 16550A
00:0c: ttyS0 at I/O 0x3f8 (irq = 4) is a 16550A
ACPI: PCI Interrupt Link [LNKB] enabled at IRQ 5
PCI: setting IRQ 5 as level-triggered
ACPI: PCI Interrupt 0000:00:1f.6[B] -> Link [LNKB] -> GSI 5 (level, low) -> IRQ 5
ACPI: PCI interrupt for device 0000:00:1f.6 disabled
RAMDISK driver initialized: 16 RAM disks of 10240K size 1024 blocksize
loop: loaded (max 8 devices)
ACPI: PCI Interrupt Link [LNKC] enabled at IRQ 11
ACPI: PCI Interrupt 0000:02:00.0[A] -> Link [LNKC] -> GSI 11 (level, low) -> IRQ 11
3c59x: Donald Becker and others. www.scyld.com/network/vortex.html
0000:02:00.0: 3Com PCI 3c905C Tornado at f0804c00.
ACPI: PCI Interrupt 0000:02:08.0[A] -> Link [LNKC] -> GSI 11 (level, low) -> IRQ 11
0000:02:08.0: 3Com PCI 3c905C Tornado at f0806800.
libata version 2.00 loaded.
ata_piix 0000:00:1f.1: version 2.00ac7
PCI: Enabling device 0000:00:1f.1 (0005 -> 0007)
ACPI: PCI Interrupt Link [LNKA] enabled at IRQ 11
ACPI: PCI Interrupt 0000:00:1f.1[A] -> Link [LNKA] -> GSI 11 (level, low) -> IRQ 11
PCI: Setting latency timer of device 0000:00:1f.1 to 64
ata1: PATA max UDMA/100 cmd 0x1F0 ctl 0x3F6 bmdma 0xBFA0 irq 14
ata2: PATA max UDMA/100 cmd 0x170 ctl 0x376 bmdma 0xBFA8 irq 15
scsi0 : ata_piix
ohci_hcd: 2006 August 04 USB 1.1 'Open' Host Controller (OHCI) Driver (PCI)
USB Universal Host Controller Interface driver v3.0
ACPI: PCI Interrupt 0000:00:1d.0[A] -> Link [LNKA] -> GSI 11 (level, low) -> IRQ 11
PCI: Setting latency timer of device 0000:00:1d.0 to 64
uhci_hcd 0000:00:1d.0: UHCI Host Controller
uhci_hcd 0000:00:1d.0: new USB bus registered, assigned bus number 1
uhci_hcd 0000:00:1d.0: irq 11, io base 0x0000bf80
usb usb1: new device found, idVendor=0000, idProduct=0000
usb usb1: new device strings: Mfr=3, Product=2, SerialNumber=1
usb usb1: Product: UHCI Host Controller
usb usb1: Manufacturer: Linux 2.6.18-mm2 uhci_hcd
usb usb1: SerialNumber: 0000:00:1d.0
usb usb1: configuration #1 chosen from 1 choice
hub 1-0:1.0: USB hub found
hub 1-0:1.0: 2 ports detected
ACPI: PCI Interrupt 0000:00:1d.1[B] -> Link [LNKD] -> GSI 11 (level, low) -> IRQ 11
PCI: Setting latency timer of device 0000:00:1d.1 to 64
uhci_hcd 0000:00:1d.1: UHCI Host Controller
uhci_hcd 0000:00:1d.1: new USB bus registered, assigned bus number 2
uhci_hcd 0000:00:1d.1: irq 11, io base 0x0000bf40
usb usb2: new device found, idVendor=0000, idProduct=0000
usb usb2: new device strings: Mfr=3, Product=2, SerialNumber=1
usb usb2: Product: UHCI Host Controller
usb usb2: Manufacturer: Linux 2.6.18-mm2 uhci_hcd
usb usb2: SerialNumber: 0000:00:1d.1
usb usb2: configuration #1 chosen from 1 choice
hub 2-0:1.0: USB hub found
hub 2-0:1.0: 2 ports detected
ACPI: PCI Interrupt 0000:00:1d.2[C] -> Link [LNKC] -> GSI 11 (level, low) -> IRQ 11
PCI: Setting latency timer of device 0000:00:1d.2 to 64
uhci_hcd 0000:00:1d.2: UHCI Host Controller
uhci_hcd 0000:00:1d.2: new USB bus registered, assigned bus number 3
uhci_hcd 0000:00:1d.2: irq 11, io base 0x0000bf20
usb usb3: new device found, idVendor=0000, idProduct=0000
usb usb3: new device strings: Mfr=3, Product=2, SerialNumber=1
usb usb3: Product: UHCI Host Controller
usb usb3: Manufacturer: Linux 2.6.18-mm2 uhci_hcd
usb usb3: SerialNumber: 0000:00:1d.2
usb usb3: configuration #1 chosen from 1 choice
hub 3-0:1.0: USB hub found
hub 3-0:1.0: 2 ports detected
usbcore: registered new interface driver usbhid
drivers/usb/input/hid-core.c: v2.6:USB HID core driver
PNP: PS/2 Controller [PNP0303:KBC,PNP0f13:PS2M] at 0x60,0x64 irq 1,12
serio: i8042 AUX port at 0x60,0x64 irq 12
serio: i8042 KBD port at 0x60,0x64 irq 1
mice: PS/2 mouse device common for all mice
input: PC Speaker as /class/input/input0
input: AT Translated Set 2 keyboard as /class/input/input1
ata1.00: ATA-6, max UDMA/100, 117210240 sectors: LBA 
ata1.00: ata1: dev 0 multi count 8
ata1.01: ATAPI, max UDMA/33
ata1.00: configured for UDMA/100
usb 2-2: new low speed USB device using uhci_hcd and address 2
ata1.01: configured for UDMA/33
scsi1 : ata_piix
usb 2-2: new device found, idVendor=045e, idProduct=0023
usb 2-2: new device strings: Mfr=1, Product=2, SerialNumber=0
usb 2-2: Product: Microsoft Trackball Optical®
usb 2-2: Manufacturer: Microsoft
usb 2-2: configuration #1 chosen from 1 choice
input: Microsoft Microsoft Trackball Optical® as /class/input/input2
input: USB HID v1.00 Mouse [Microsoft Microsoft Trackball Optical®] on usb-0000:00:1d.1-2
input: DualPoint Stick as /class/input/input3
input: AlpsPS/2 ALPS DualPoint TouchPad as /class/input/input4
scsi 0:0:0:0: Direct-Access     ATA      FUJITSU MHV2060A 0000 PQ: 0 ANSI: 5
SCSI device sda: 117210240 512-byte hdwr sectors (60012 MB)
sda: Write Protect is off
sda: Mode Sense: 00 3a 00 00
SCSI device sda: drive cache: write back
SCSI device sda: 117210240 512-byte hdwr sectors (60012 MB)
sda: Write Protect is off
sda: Mode Sense: 00 3a 00 00
SCSI device sda: drive cache: write back
 sda:<6>i2c /dev entries driver
device-mapper: ioctl: 4.10.0-ioctl (2006-09-14) initialised: dm-devel@redhat.com
EDAC MC: Ver: 2.0.1 Oct  2 2006
Advanced Linux Sound Architecture Driver Version 1.0.12rc1 (Thu Jun 22 13:55:50 2006 UTC).
ACPI: PCI Interrupt 0000:00:1f.5[B] -> Link [LNKB] -> GSI 5 (level, low) -> IRQ 5
PCI: Setting latency timer of device 0000:00:1f.5 to 64
ALSA device list:
  No soundcards found.
TCP bic registered
Initializing XFRM netlink socket
NET: Registered protocol family 1
NET: Registered protocol family 10
lo: Disabled Privacy Extensions
IPv6 over IPv4 tunneling driver
NET: Registered protocol family 17
NET: Registered protocol family 15
Using IPI Shortcut mode
Time: tsc clocksource has been installed.
Freeing unused kernel memory: 180k freed
Write protecting the kernel read-only data: 433k
 sda1 sda2
sd 0:0:0:0: Attached scsi disk sda
scsi 0:0:1:0: CD-ROM            TOSHIBA  CDRW/DVD SDR2102 1D13 PQ: 0 ANSI: 5
sr0: scsi3-mmc drive: 24x/24x writer cd/rw xa/form2 cdda tray
Uniform CD-ROM driver Revision: 3.20
sr 0:0:1:0: Attached scsi CD-ROM sr0
intel8x0_measure_ac97_clock: measured 50385 usecs
intel8x0: clocking to 48000
video bus notify
kjournald starting.  Commit interval 5 seconds
EXT3-fs: mounted filesystem with ordered data mode.
security:  6 users, 5 roles, 2013 types, 80 bools, 1 sens, 1024 cats
security:  58 classes, 111120 rules
SELinux:  Completing initialization.
SELinux:  Setting up existing superblocks.
SELinux: initialized (dev dm-0, type ext3), uses xattr
SELinux: initialized (dev tmpfs, type tmpfs), uses transition SIDs
SELinux: initialized (dev usbfs, type usbfs), uses genfs_contexts
SELinux: initialized (dev selinuxfs, type selinuxfs), uses genfs_contexts
SELinux: initialized (dev mqueue, type mqueue), uses transition SIDs
SELinux: initialized (dev devpts, type devpts), uses transition SIDs
SELinux: initialized (dev eventpollfs, type eventpollfs), uses task SIDs
SELinux: initialized (dev inotifyfs, type inotifyfs), uses genfs_contexts
SELinux: initialized (dev tmpfs, type tmpfs), uses transition SIDs
SELinux: initialized (dev debugfs, type debugfs), uses genfs_contexts
SELinux: initialized (dev futexfs, type futexfs), uses genfs_contexts
SELinux: initialized (dev pipefs, type pipefs), uses task SIDs
SELinux: initialized (dev sockfs, type sockfs), uses task SIDs
SELinux: initialized (dev proc, type proc), uses genfs_contexts
SELinux: initialized (dev bdev, type bdev), uses genfs_contexts
SELinux: initialized (dev rootfs, type rootfs), uses genfs_contexts
SELinux: initialized (dev sysfs, type sysfs), uses genfs_contexts
audit(1159803074.616:2): policy loaded auid=4294967295
audit(1159803074.993:3): avc:  denied  { execute } for  pid=458 comm="rc.sysinit" name="hostname" dev=dm-0 ino=33031 scontext=system_u:system_r:initrc_t:s0 tcontext=system_u:object_r:hostname_exec_t:s0 tclass=file
audit(1159803074.993:4): avc:  denied  { execute_no_trans } for  pid=458 comm="rc.sysinit" name="hostname" dev=dm-0 ino=33031 scontext=system_u:system_r:initrc_t:s0 tcontext=system_u:object_r:hostname_exec_t:s0 tclass=file
audit(1159803074.993:5): avc:  denied  { read } for  pid=458 comm="rc.sysinit" name="hostname" dev=dm-0 ino=33031 scontext=system_u:system_r:initrc_t:s0 tcontext=system_u:object_r:hostname_exec_t:s0 tclass=file
Real Time Clock Driver v1.12ac
audit(1159803078.140:6): avc:  denied  { dac_override } for  pid=488 comm="dmesg" capability=1 scontext=system_u:system_r:dmesg_t:s0 tcontext=system_u:system_r:dmesg_t:s0 tclass=capability
audit(1159803079.947:7): avc:  denied  { dac_override } for  pid=559 comm="pam_console_app" capability=1 scontext=system_u:system_r:pam_console_t:s0-s0:c0.c1023 tcontext=system_u:system_r:pam_console_t:s0-s0:c0.c1023 tclass=capability
ACPI: PCI Interrupt 0000:02:01.2[A] -> Link [LNKD] -> GSI 11 (level, low) -> IRQ 11
ohci1394: fw-host0: OHCI-1394 1.0 (PCI): IRQ=[11]  MMIO=[f8fff000-f8fff7ff]  Max Packet=[2048]  IR/IT contexts=[4/4]
Yenta: CardBus bridge found at 0000:02:01.0 [1028:00d5]
Yenta: Using CSCINT to route CSC interrupts to PCI
Yenta: Routing CardBus interrupts to PCI
Yenta TI: socket 0000:02:01.0, mfunc 0x05033002, devctl 0x64
Yenta: CardBus bridge found at 0000:02:01.1 [1028:00d5]
Yenta: Using CSCINT to route CSC interrupts to PCI
Yenta: Routing CardBus interrupts to PCI
Yenta TI: socket 0000:02:01.1, mfunc 0x05033002, devctl 0x64
Yenta: CardBus bridge found at 0000:02:03.0 [12a3:ab01]
Yenta: Enabling burst memory read transactions
Yenta: Using CSCINT to route CSC interrupts to PCI
Yenta: Routing CardBus interrupts to PCI
Yenta TI: socket 0000:02:03.0, mfunc 0x01000002, devctl 0x60
iTCO_wdt: Intel TCO WatchDog Timer Driver v1.00 (30-Jul-2006)
iTCO_wdt: Found a ICH3-M TCO device (Version=1, TCOBASE=0x0860)
iTCO_wdt: initialized. heartbeat=30 sec (nowayout=0)
Linux agpgart interface v0.101 (c) Dave Jones
Yenta: ISA IRQ mask 0x0498, PCI irq 11
Socket status: 30000020
pcmcia: parent PCI bridge I/O window: 0xe000 - 0xffff
cs: IO port probe 0xe000-0xffff: clean.
pcmcia: parent PCI bridge Memory window: 0xf4000000 - 0xfbffffff
pcmcia: parent PCI bridge Memory window: 0x40000000 - 0x46ffffff
ohci1394: fw-host0: Running dma failed because Node ID is not valid
Yenta: ISA IRQ mask 0x0498, PCI irq 11
Socket status: 30000006
pcmcia: parent PCI bridge I/O window: 0xe000 - 0xffff
cs: IO port probe 0xe000-0xffff: clean.
pcmcia: parent PCI bridge Memory window: 0xf4000000 - 0xfbffffff
pcmcia: parent PCI bridge Memory window: 0x40000000 - 0x46ffffff
agpgart: Detected an Intel i845 Chipset.
agpgart: AGP aperture is 64M @ 0xe8000000
Yenta: ISA IRQ mask 0x0000, PCI irq 11
Socket status: 30000010
pcmcia: parent PCI bridge I/O window: 0xe000 - 0xffff
cs: IO port probe 0xe000-0xffff: clean.
pcmcia: parent PCI bridge Memory window: 0xf4000000 - 0xfbffffff
pcmcia: parent PCI bridge Memory window: 0x40000000 - 0x46ffffff
pccard: CardBus card inserted into slot 0
PCI: Enabling device 0000:03:00.0 (0000 -> 0003)
ACPI: PCI Interrupt 0000:03:00.0[A] -> Link [LNKD] -> GSI 11 (level, low) -> IRQ 11
PCI: Setting latency timer of device 0000:03:00.0 to 64
eth2: Xircom cardbus revision 3 at irq 11 
PCI: Enabling device 0000:03:00.1 (0000 -> 0003)
ACPI: PCI Interrupt 0000:03:00.1[A] -> Link [LNKD] -> GSI 11 (level, low) -> IRQ 11
0000:03:00.1: ttyS1 at I/O 0xe080 (irq = 11) is a 16550A
ohci1394: fw-host0: AT dma reset ctx=0, aborting transmission
ieee1394: Current remote IRM is not 1394a-2000 compliant, resetting...
pccard: PCMCIA card inserted into slot 2
ieee1394: Host added: ID:BUS[0-00:1023]  GUID[374fc0002a71c021]
cs: memory probe 0xf4000000-0xfbffffff: excluding 0xf4000000-0xf8ffffff 0xfa000000-0xfbffffff
pcmcia: registering new device pcmcia2.0
orinoco 0.15 (David Gibson <hermes@gibson.dropbear.id.au>, Pavel Roskin <proski@gnu.org>, et al)
orinoco_cs 0.15 (David Gibson <hermes@gibson.dropbear.id.au>, Pavel Roskin <proski@gnu.org>, et al)
pcmcia: request for exclusive IRQ could not be fulfilled.
pcmcia: the driver needs updating to supported shared IRQ lines.
cs: IO port probe 0x100-0x3af: excluding 0x370-0x37f
cs: IO port probe 0x3e0-0x4ff: clean.
cs: IO port probe 0x820-0x8ff: clean.
cs: IO port probe 0xc00-0xcf7: clean.
cs: IO port probe 0xa00-0xaff: clean.
cs: IO port probe 0x100-0x3af: excluding 0x370-0x37f
cs: IO port probe 0x3e0-0x4ff: clean.
cs: IO port probe 0x820-0x8ff: clean.
cs: IO port probe 0xc00-0xcf7: clean.
cs: IO port probe 0xa00-0xaff: clean.
cs: IO port probe 0x100-0x3af: excluding 0x370-0x37f
cs: IO port probe 0x3e0-0x4ff: clean.
cs: IO port probe 0x820-0x8ff: clean.
cs: IO port probe 0xc00-0xcf7: clean.
cs: IO port probe 0xa00-0xaff: clean.
eth2: Hardware identity 0005:0004:0005:0000
eth2: Station identity  001f:0001:0008:000a
eth2: Firmware determined as Lucent/Agere 8.10
eth2: Ad-hoc demo mode supported
eth2: IEEE standard IBSS ad-hoc mode supported
eth2: WEP supported, 104-bit key
eth2: MAC address 00:02:2D:5C:11:48
eth2: Station name "HERMES I"
eth2: ready
eth2: orinoco_cs at 2.0, irq 11, io 0xe100-0xe13f
Non-volatile memory driver v1.2
Floppy drive(s): fd0 is 1.44M
FDC 0 is a post-1991 82077
Dell laptop SMM driver v1.14 21/02/2005 Massimo Dal Zotto (dz@debian.org)
Netfilter messages via NETLINK v0.30.
audit(1159803085.289:8): avc:  denied  { getattr } for  pid=457 comm="rc.sysinit" name="hostname" dev=dm-0 ino=33031 scontext=system_u:system_r:initrc_t:s0 tcontext=system_u:object_r:hostname_exec_t:s0 tclass=file
ACPI: AC Adapter [AC] (on-line)
ACPI: Battery Slot [BAT0] (battery absent)
ACPI: Battery Slot [BAT1] (battery absent)
ACPI: Lid Switch [LID]
ACPI: Power Button (CM) [PBTN]
ACPI: Sleep Button (CM) [SBTN]
Using specific hotkey driver
ACPI: Processor [CPU0] (supports 8 throttling states)
ACPI: Thermal Zone [THM] (67 C)
EXT3 FS on dm-0, internal journal
kjournald starting.  Commit interval 5 seconds
EXT3-fs: mounted filesystem with ordered data mode.
SELinux: initialized (dev sda1, type ext3), uses xattr
SELinux: initialized (dev tmpfs, type tmpfs), uses transition SIDs
SELinux: initialized (dev tmpfs, type tmpfs), uses transition SIDs
SELinux: initialized (dev tmpfs, type tmpfs), uses transition SIDs
kjournald starting.  Commit interval 5 seconds
EXT3 FS on dm-11, internal journal
EXT3-fs: mounted filesystem with ordered data mode.
SELinux: initialized (dev dm-11, type ext3), uses xattr
kjournald starting.  Commit interval 5 seconds
EXT3-fs: mounted filesystem with ordered data mode.
SELinux: initialized (dev dm-7, type ext3), uses xattr
kjournald starting.  Commit interval 5 seconds
EXT3-fs: mounted filesystem with ordered data mode.
SELinux: initialized (dev dm-8, type ext3), uses xattr
kjournald starting.  Commit interval 5 seconds
EXT3-fs: mounted filesystem with ordered data mode.
SELinux: initialized (dev dm-9, type ext3), uses xattr
kjournald starting.  Commit interval 5 seconds
EXT3 FS on dm-10, internal journal
EXT3-fs: mounted filesystem with ordered data mode.
SELinux: initialized (dev dm-10, type ext3), uses xattr
kjournald starting.  Commit interval 5 seconds
EXT3-fs: mounted filesystem with ordered data mode.
SELinux: initialized (dev dm-6, type ext3), uses xattr
kjournald starting.  Commit interval 5 seconds
EXT3 FS on dm-4, internal journal
EXT3-fs: mounted filesystem with ordered data mode.
SELinux: initialized (dev dm-4, type ext3), uses xattr
kjournald starting.  Commit interval 5 seconds
EXT3-fs: mounted filesystem with ordered data mode.
SELinux: initialized (dev dm-5, type ext3), uses xattr
kjournald starting.  Commit interval 5 seconds
EXT3-fs: mounted filesystem with ordered data mode.
SELinux: initialized (dev dm-1, type ext3), uses xattr
Adding 1572856k swap on /dev/rootvg/swap.  Priority:-1 extents:1 across:1572856k
SELinux: initialized (dev binfmt_misc, type binfmt_misc), uses genfs_contexts
audit(1159803121.098:9): avc:  denied  { getattr } for  pid=1508 comm="bash" name="cpuspeed" dev=dm-0 ino=197100 scontext=system_u:system_r:sysadm_t:s0 tcontext=system_u:object_r:initrc_exec_t:s0 tclass=file
audit(1159803121.098:10): avc:  denied  { execute } for  pid=1508 comm="bash" name="cpuspeed" dev=dm-0 ino=197100 scontext=system_u:system_r:sysadm_t:s0 tcontext=system_u:object_r:initrc_exec_t:s0 tclass=file
audit(1159803121.098:11): avc:  denied  { read } for  pid=1508 comm="bash" name="cpuspeed" dev=dm-0 ino=197100 scontext=system_u:system_r:sysadm_t:s0 tcontext=system_u:object_r:initrc_exec_t:s0 tclass=file
audit(1159803122.483:12): avc:  denied  { execute_no_trans } for  pid=1535 comm="bash" name="cpuspeed" dev=dm-0 ino=197100 scontext=system_u:system_r:sysadm_t:s0 tcontext=system_u:object_r:initrc_exec_t:s0 tclass=file
audit(1159803122.527:13): avc:  denied  { ioctl } for  pid=1535 comm="cpuspeed" name="cpuspeed" dev=dm-0 ino=197100 scontext=system_u:system_r:sysadm_t:s0 tcontext=system_u:object_r:initrc_exec_t:s0 tclass=file
audit(1159803122.572:14): avc:  denied  { getattr } for  pid=1535 comm="cpuspeed" name="cpuspeed" dev=dm-7 ino=295240 scontext=system_u:system_r:sysadm_t:s0 tcontext=system_u:object_r:cpuspeed_exec_t:s0 tclass=file
audit(1159803122.617:15): avc:  denied  { execute } for  pid=1539 comm="bash" name="cpuspeed" dev=dm-7 ino=295240 scontext=system_u:system_r:sysadm_t:s0 tcontext=system_u:object_r:cpuspeed_exec_t:s0 tclass=file
audit(1159803122.617:16): avc:  denied  { read } for  pid=1539 comm="bash" name="cpuspeed" dev=dm-7 ino=295240 scontext=system_u:system_r:sysadm_t:s0 tcontext=system_u:object_r:cpuspeed_exec_t:s0 tclass=file
audit(1159803122.617:17): avc:  denied  { execute_no_trans } for  pid=1540 comm="bash" name="cpuspeed" dev=dm-7 ino=295240 scontext=system_u:system_r:sysadm_t:s0 tcontext=system_u:object_r:cpuspeed_exec_t:s0 tclass=file
TSC appears to be running slowly. Marking it as unstable
Time: acpi_pm clocksource has been installed.
Linux version 2.6.18-mm2-hrt-dyntick5 (valdis@turing-police.cc.vt.edu) (gcc version 4.1.1 20060926 (Red Hat 4.1.1-26)) #1 PREEMPT Mon Oct 2 02:41:10 EDT 2006
BIOS-provided physical RAM map:
sanitize start
sanitize end
copy_e820_map() start: 0000000000000000 size: 000000000009fc00 end: 000000000009fc00 type: 1
copy_e820_map() type is E820_RAM
copy_e820_map() start: 000000000009fc00 size: 0000000000000400 end: 00000000000a0000 type: 2
copy_e820_map() start: 0000000000100000 size: 000000002fee2800 end: 000000002ffe2800 type: 1
copy_e820_map() type is E820_RAM
copy_e820_map() start: 000000002ffe2800 size: 000000000001d800 end: 0000000030000000 type: 2
copy_e820_map() start: 00000000feda0000 size: 0000000000060000 end: 00000000fee00000 type: 2
copy_e820_map() start: 00000000ffb80000 size: 0000000000480000 end: 0000000100000000 type: 2
 BIOS-e820: 0000000000000000 - 000000000009fc00 (usable)
 BIOS-e820: 000000000009fc00 - 00000000000a0000 (reserved)
 BIOS-e820: 0000000000100000 - 000000002ffe2800 (usable)
 BIOS-e820: 000000002ffe2800 - 0000000030000000 (reserved)
 BIOS-e820: 00000000feda0000 - 00000000fee00000 (reserved)
 BIOS-e820: 00000000ffb80000 - 0000000100000000 (reserved)
767MB LOWMEM available.
Entering add_active_range(0, 0, 196578) 0 entries of 256 used
Zone PFN ranges:
  DMA             0 ->     4096
  Normal       4096 ->   196578
early_node_map[1] active PFN ranges
    0:        0 ->   196578
On node 0 totalpages: 196578
  DMA zone: 32 pages used for memmap
  DMA zone: 0 pages reserved
  DMA zone: 4064 pages, LIFO batch:0
  Normal zone: 1503 pages used for memmap
  Normal zone: 190979 pages, LIFO batch:31
DMI 2.3 present.
ACPI: RSDP (v000 DELL                                  ) @ 0x000fde50
ACPI: RSDT (v001 DELL    CPi R   0x27d40107 ASL  0x00000061) @ 0x000fde64
ACPI: FADT (v001 DELL    CPi R   0x27d40107 ASL  0x00000061) @ 0x000fde90
ACPI: DSDT (v001 INT430 SYSFexxx 0x00001001 MSFT 0x0100000e) @ 0x00000000
ACPI: PM-Timer IO Port: 0x808
Allocating PCI resources starting at 40000000 (gap: 30000000:ceda0000)
Detected 1595.398 MHz processor.
Built 1 zonelists.  Total pages: 195043
Kernel command line: vga=794 quiet crashkernel=64M@16M single
Local APIC disabled by BIOS -- you can enable it with "lapic"
mapped APIC to ffffd000 (05603000)
Enabling fast FPU save and restore... done.
Enabling unmasked SIMD FPU exception support... done.
Initializing CPU#0
Clock event device pit configured with caps set: 07
PID hash table entries: 4096 (order: 12, 16384 bytes)
Console: colour dummy device 80x25
Dentry cache hash table entries: 131072 (order: 7, 524288 bytes)
Inode-cache hash table entries: 65536 (order: 6, 262144 bytes)
Memory: 706888k/786312k available (2412k kernel code, 78852k reserved, 1044k data, 180k init, 0k highmem)
virtual kernel memory layout:
    fixmap  : 0xfffb7000 - 0xfffff000   ( 288 kB)
    vmalloc : 0xf0800000 - 0xfffb5000   ( 247 MB)
    lowmem  : 0xc0000000 - 0xeffe2000   ( 767 MB)
      .init : 0xc04e8000 - 0xc0515000   ( 180 kB)
      .data : 0xc035b03f - 0xc0460128   (1044 kB)
      .text : 0xc0100000 - 0xc035b03f   (2412 kB)
Checking if this processor honours the WP bit even in supervisor mode... Ok.
Calibrating delay using timer specific routine.. 3192.28 BogoMIPS (lpj=1596144)
Security Framework v1.0.0 initialized
SELinux:  Initializing.
SELinux:  Starting in permissive mode
selinux_register_security:  Registering secondary module capability
Capability LSM initialized as secondary
Mount-cache hash table entries: 512
CPU: After generic identify, caps: 3febf9ff 00000000 00000000 00000000 00000000 00000000 00000000
CPU: Trace cache: 12K uops, L1 D cache: 8K
CPU: L2 cache: 512K
CPU: After all inits, caps: 3febf9ff 00000000 00000000 00000080 00000000 00000000 00000000
Intel machine check architecture supported.
Intel machine check reporting enabled on CPU#0.
CPU0: Intel P4/Xeon Extended MCE MSRs (12) available
CPU0: Thermal monitoring enabled
CPU: Intel(R) Pentium(R) 4 Mobile CPU 1.60GHz stepping 04
Checking 'hlt' instruction... OK.
ACPI: Core revision 20060707
ACPI: setting ELCR to 0200 (from 0800)
checking if image is initramfs... it is
Freeing initrd memory: 1824k freed
NET: Registered protocol family 16
ACPI: ACPI Dock Station Driver 
ACPI: bus type pci registered
PCI: PCI BIOS revision 2.10 entry at 0xfbfee, last bus=2
PCI: Using configuration type 1
Setting up standard PCI resources
ACPI: Interpreter enabled
ACPI: Using PIC for interrupt routing
ACPI: PCI Root Bridge [PCI0] (0000:00)
ACPI: Assume root bridge [\_SB_.PCI0] bus is 0
PCI quirk: region 0800-087f claimed by ICH4 ACPI/GPIO/TCO
PCI quirk: region 0880-08bf claimed by ICH4 GPIO
PCI: Ignoring BAR0-3 of IDE controller 0000:00:1f.1
Boot video device is 0000:01:00.0
PCI: Transparent bridge - 0000:00:1e.0
ACPI: PCI Interrupt Routing Table [\_SB_.PCI0._PRT]
ACPI: PCI Interrupt Link [LNKA] (IRQs 9 10 *11)
ACPI: PCI Interrupt Link [LNKB] (IRQs 5 7) *11
ACPI: PCI Interrupt Link [LNKC] (IRQs 9 10 *11)
ACPI: PCI Interrupt Link [LNKD] (IRQs 5 7 9 10 *11)
ACPI: PCI Interrupt Routing Table [\_SB_.PCI0.AGP_._PRT]
ACPI: PCI Interrupt Routing Table [\_SB_.PCI0.PCIE._PRT]
ACPI: Power Resource [PADA] (on)
Linux Plug and Play Support v0.97 (c) Adam Belay
pnp: PnP ACPI init
pnp: PnP ACPI: found 15 devices
Intel 82802 RNG detected
SCSI subsystem initialized
usbcore: registered new interface driver usbfs
usbcore: registered new interface driver hub
usbcore: registered new device driver usb
PCI: Using ACPI for IRQ routing
PCI: If a device doesn't work, try "pci=routeirq".  If it helps, post a report
NetLabel: Initializing
NetLabel:  domain hash size = 128
NetLabel:  protocols = UNLABELED CIPSOv4
NetLabel:  unlabeled traffic allowed by default
pnp: 00:02: ioport range 0x4d0-0x4d1 has been reserved
pnp: 00:02: ioport range 0x800-0x805 could not be reserved
pnp: 00:02: ioport range 0x808-0x80f could not be reserved
pnp: 00:03: ioport range 0x806-0x807 has been reserved
pnp: 00:03: ioport range 0x810-0x85f could not be reserved
pnp: 00:03: ioport range 0x860-0x87f has been reserved
pnp: 00:03: ioport range 0x880-0x8bf has been reserved
pnp: 00:03: ioport range 0x8c0-0x8df has been reserved
pnp: 00:03: ioport range 0x8e0-0x8ff has been reserved
pnp: 00:08: ioport range 0x900-0x91f has been reserved
pnp: 00:08: ioport range 0x3f0-0x3f1 has been reserved
PCI: Bridge: 0000:00:01.0
  IO window: c000-cfff
  MEM window: fc000000-fdffffff
  PREFETCH window: d8000000-e7ffffff
PCI: Bus 3, cardbus bridge: 0000:02:01.0
  IO window: 0000e000-0000e0ff
  IO window: 0000e400-0000e4ff
  PREFETCH window: 40000000-41ffffff
  MEM window: f4000000-f5ffffff
PCI: Bus 7, cardbus bridge: 0000:02:01.1
  IO window: 0000e800-0000e8ff
  IO window: 0000f000-0000f0ff
  PREFETCH window: 42000000-43ffffff
  MEM window: f6000000-f7ffffff
PCI: Bus 11, cardbus bridge: 0000:02:03.0
  IO window: 0000f400-0000f4ff
  IO window: 0000f800-0000f8ff
  PREFETCH window: 44000000-45ffffff
  MEM window: fa000000-fbffffff
PCI: Bridge: 0000:00:1e.0
  IO window: e000-ffff
  MEM window: f4000000-fbffffff
  PREFETCH window: 40000000-46ffffff
PCI: Setting latency timer of device 0000:00:1e.0 to 64
PCI: Enabling device 0000:02:01.0 (0000 -> 0003)
ACPI: PCI Interrupt Link [LNKD] enabled at IRQ 11
PCI: setting IRQ 11 as level-triggered
ACPI: PCI Interrupt 0000:02:01.0[A] -> Link [LNKD] -> GSI 11 (level, low) -> IRQ 11
PCI: Enabling device 0000:02:01.1 (0000 -> 0003)
ACPI: PCI Interrupt 0000:02:01.1[A] -> Link [LNKD] -> GSI 11 (level, low) -> IRQ 11
ACPI: PCI Interrupt 0000:02:03.0[A] -> Link [LNKD] -> GSI 11 (level, low) -> IRQ 11
NET: Registered protocol family 2
IP route cache hash table entries: 32768 (order: 5, 131072 bytes)
TCP established hash table entries: 131072 (order: 7, 524288 bytes)
TCP bind hash table entries: 65536 (order: 6, 262144 bytes)
TCP: Hash tables configured (established 131072 bind 65536)
TCP reno registered
Machine check exception polling timer started.
speedstep: frequency transition measured seems out of range (0 nSec), falling back to a safe one of 500000 nSec.
audit: initializing netlink socket (disabled)
audit(1159802531.385:1): initialized
VFS: Disk quotas dquot_6.5.1
Dquot-cache hash table entries: 1024 (order 0, 4096 bytes)
SELinux:  Registering netfilter hooks
io scheduler noop registered
io scheduler anticipatory registered (default)
io scheduler deadline registered
io scheduler cfq registered
vesafb: framebuffer at 0xe0000000, mapped to 0xf0880000, using 5120k, total 32768k
vesafb: mode is 1280x1024x16, linelength=2560, pages=1
vesafb: protected mode interface info at c000:e140
vesafb: pmi: set display start = c00ce185, set palette = c00ce20a
vesafb: pmi: ports = b4c3 b503 ba03 c003 c103 c403 c503 c603 c703 c803 c903 cc03 ce03 cf03 d003 d103 d203 d303 d403 d503 da03 ff03 
vesafb: scrolling: redraw
vesafb: Truecolor: size=0:5:6:5, shift=0:11:5:0
Console: switching to colour frame buffer device 160x64
fb0: VESA VGA frame buffer device
ACPI: Video Device [VID] (multi-head: yes  rom: no  post: no)
Hangcheck: starting hangcheck timer 0.9.0 (tick is 180 seconds, margin is 60 seconds).
Hangcheck: Using get_cycles().
Serial: 8250/16550 driver $Revision: 1.90 $ 4 ports, IRQ sharing enabled
serial8250: ttyS0 at I/O 0x3f8 (irq = 4) is a 16550A
00:0c: ttyS0 at I/O 0x3f8 (irq = 4) is a 16550A
ACPI: PCI Interrupt Link [LNKB] enabled at IRQ 5
PCI: setting IRQ 5 as level-triggered
ACPI: PCI Interrupt 0000:00:1f.6[B] -> Link [LNKB] -> GSI 5 (level, low) -> IRQ 5
ACPI: PCI interrupt for device 0000:00:1f.6 disabled
RAMDISK driver initialized: 16 RAM disks of 10240K size 1024 blocksize
loop: loaded (max 8 devices)
ACPI: PCI Interrupt Link [LNKC] enabled at IRQ 11
ACPI: PCI Interrupt 0000:02:00.0[A] -> Link [LNKC] -> GSI 11 (level, low) -> IRQ 11
3c59x: Donald Becker and others. www.scyld.com/network/vortex.html
0000:02:00.0: 3Com PCI 3c905C Tornado at f0804c00.
ACPI: PCI Interrupt 0000:02:08.0[A] -> Link [LNKC] -> GSI 11 (level, low) -> IRQ 11
0000:02:08.0: 3Com PCI 3c905C Tornado at f0806800.
libata version 2.00 loaded.
ata_piix 0000:00:1f.1: version 2.00ac7
PCI: Enabling device 0000:00:1f.1 (0005 -> 0007)
ACPI: PCI Interrupt Link [LNKA] enabled at IRQ 11
ACPI: PCI Interrupt 0000:00:1f.1[A] -> Link [LNKA] -> GSI 11 (level, low) -> IRQ 11
PCI: Setting latency timer of device 0000:00:1f.1 to 64
ata1: PATA max UDMA/100 cmd 0x1F0 ctl 0x3F6 bmdma 0xBFA0 irq 14
ata2: PATA max UDMA/100 cmd 0x170 ctl 0x376 bmdma 0xBFA8 irq 15
scsi0 : ata_piix
ohci_hcd: 2006 August 04 USB 1.1 'Open' Host Controller (OHCI) Driver (PCI)
USB Universal Host Controller Interface driver v3.0
ACPI: PCI Interrupt 0000:00:1d.0[A] -> Link [LNKA] -> GSI 11 (level, low) -> IRQ 11
PCI: Setting latency timer of device 0000:00:1d.0 to 64
uhci_hcd 0000:00:1d.0: UHCI Host Controller
uhci_hcd 0000:00:1d.0: new USB bus registered, assigned bus number 1
uhci_hcd 0000:00:1d.0: irq 11, io base 0x0000bf80
usb usb1: new device found, idVendor=0000, idProduct=0000
usb usb1: new device strings: Mfr=3, Product=2, SerialNumber=1
usb usb1: Product: UHCI Host Controller
usb usb1: Manufacturer: Linux 2.6.18-mm2-hrt-dyntick5 uhci_hcd
usb usb1: SerialNumber: 0000:00:1d.0
usb usb1: configuration #1 chosen from 1 choice
hub 1-0:1.0: USB hub found
hub 1-0:1.0: 2 ports detected
ACPI: PCI Interrupt 0000:00:1d.1[B] -> Link [LNKD] -> GSI 11 (level, low) -> IRQ 11
PCI: Setting latency timer of device 0000:00:1d.1 to 64
uhci_hcd 0000:00:1d.1: UHCI Host Controller
uhci_hcd 0000:00:1d.1: new USB bus registered, assigned bus number 2
uhci_hcd 0000:00:1d.1: irq 11, io base 0x0000bf40
usb usb2: new device found, idVendor=0000, idProduct=0000
usb usb2: new device strings: Mfr=3, Product=2, SerialNumber=1
usb usb2: Product: UHCI Host Controller
usb usb2: Manufacturer: Linux 2.6.18-mm2-hrt-dyntick5 uhci_hcd
usb usb2: SerialNumber: 0000:00:1d.1
usb usb2: configuration #1 chosen from 1 choice
hub 2-0:1.0: USB hub found
hub 2-0:1.0: 2 ports detected
ACPI: PCI Interrupt 0000:00:1d.2[C] -> Link [LNKC] -> GSI 11 (level, low) -> IRQ 11
PCI: Setting latency timer of device 0000:00:1d.2 to 64
uhci_hcd 0000:00:1d.2: UHCI Host Controller
uhci_hcd 0000:00:1d.2: new USB bus registered, assigned bus number 3
uhci_hcd 0000:00:1d.2: irq 11, io base 0x0000bf20
usb usb3: new device found, idVendor=0000, idProduct=0000
usb usb3: new device strings: Mfr=3, Product=2, SerialNumber=1
usb usb3: Product: UHCI Host Controller
usb usb3: Manufacturer: Linux 2.6.18-mm2-hrt-dyntick5 uhci_hcd
usb usb3: SerialNumber: 0000:00:1d.2
usb usb3: configuration #1 chosen from 1 choice
hub 3-0:1.0: USB hub found
hub 3-0:1.0: 2 ports detected
usbcore: registered new interface driver usbhid
drivers/usb/input/hid-core.c: v2.6:USB HID core driver
PNP: PS/2 Controller [PNP0303:KBC,PNP0f13:PS2M] at 0x60,0x64 irq 1,12
serio: i8042 AUX port at 0x60,0x64 irq 12
serio: i8042 KBD port at 0x60,0x64 irq 1
mice: PS/2 mouse device common for all mice
input: PC Speaker as /class/input/input0
input: AT Translated Set 2 keyboard as /class/input/input1
ata1.00: ATA-6, max UDMA/100, 117210240 sectors: LBA 
ata1.00: ata1: dev 0 multi count 8
ata1.01: ATAPI, max UDMA/33
ata1.00: configured for UDMA/100
usb 2-2: new low speed USB device using uhci_hcd and address 2
ata1.01: configured for UDMA/33
scsi1 : ata_piix
usb 2-2: new device found, idVendor=045e, idProduct=0023
usb 2-2: new device strings: Mfr=1, Product=2, SerialNumber=0
usb 2-2: Product: Microsoft Trackball Optical®
usb 2-2: Manufacturer: Microsoft
usb 2-2: configuration #1 chosen from 1 choice
input: Microsoft Microsoft Trackball Optical® as /class/input/input2
input: USB HID v1.00 Mouse [Microsoft Microsoft Trackball Optical®] on usb-0000:00:1d.1-2
input: DualPoint Stick as /class/input/input3
input: AlpsPS/2 ALPS DualPoint TouchPad as /class/input/input4
scsi 0:0:0:0: Direct-Access     ATA      FUJITSU MHV2060A 0000 PQ: 0 ANSI: 5
SCSI device sda: 117210240 512-byte hdwr sectors (60012 MB)
sda: Write Protect is off
sda: Mode Sense: 00 3a 00 00
SCSI device sda: drive cache: write back
SCSI device sda: 117210240 512-byte hdwr sectors (60012 MB)
sda: Write Protect is off
sda: Mode Sense: 00 3a 00 00
SCSI device sda: drive cache: write back
 sda:<6>i2c /dev entries driver
device-mapper: ioctl: 4.10.0-ioctl (2006-09-14) initialised: dm-devel@redhat.com
EDAC MC: Ver: 2.0.1 Oct  2 2006
Advanced Linux Sound Architecture Driver Version 1.0.12rc1 (Thu Jun 22 13:55:50 2006 UTC).
ACPI: PCI Interrupt 0000:00:1f.5[B] -> Link [LNKB] -> GSI 5 (level, low) -> IRQ 5
PCI: Setting latency timer of device 0000:00:1f.5 to 64
ALSA device list:
  No soundcards found.
TCP bic registered
Initializing XFRM netlink socket
NET: Registered protocol family 1
NET: Registered protocol family 10
lo: Disabled Privacy Extensions
IPv6 over IPv4 tunneling driver
NET: Registered protocol family 17
NET: Registered protocol family 15
Using IPI Shortcut mode
Time: tsc clocksource has been installed.
Clock event device pit configured with caps set: 08
Switched to high resolution mode on CPU 0
Freeing unused kernel memory: 180k freed
Write protecting the kernel read-only data: 434k
 sda1 sda2
sd 0:0:0:0: Attached scsi disk sda
scsi 0:0:1:0: CD-ROM            TOSHIBA  CDRW/DVD SDR2102 1D13 PQ: 0 ANSI: 5
sr0: scsi3-mmc drive: 24x/24x writer cd/rw xa/form2 cdda tray
Uniform CD-ROM driver Revision: 3.20
sr 0:0:1:0: Attached scsi CD-ROM sr0
intel8x0_measure_ac97_clock: measured 51386 usecs
intel8x0: clocking to 48000
kjournald starting.  Commit interval 5 seconds
EXT3-fs: mounted filesystem with ordered data mode.
security:  6 users, 5 roles, 2013 types, 80 bools, 1 sens, 1024 cats
security:  58 classes, 111120 rules
SELinux:  Completing initialization.
SELinux:  Setting up existing superblocks.
SELinux: initialized (dev dm-0, type ext3), uses xattr
SELinux: initialized (dev tmpfs, type tmpfs), uses transition SIDs
SELinux: initialized (dev usbfs, type usbfs), uses genfs_contexts
SELinux: initialized (dev selinuxfs, type selinuxfs), uses genfs_contexts
SELinux: initialized (dev mqueue, type mqueue), uses transition SIDs
SELinux: initialized (dev devpts, type devpts), uses transition SIDs
SELinux: initialized (dev eventpollfs, type eventpollfs), uses task SIDs
SELinux: initialized (dev inotifyfs, type inotifyfs), uses genfs_contexts
SELinux: initialized (dev tmpfs, type tmpfs), uses transition SIDs
SELinux: initialized (dev debugfs, type debugfs), uses genfs_contexts
SELinux: initialized (dev futexfs, type futexfs), uses genfs_contexts
SELinux: initialized (dev pipefs, type pipefs), uses task SIDs
SELinux: initialized (dev sockfs, type sockfs), uses task SIDs
SELinux: initialized (dev proc, type proc), uses genfs_contexts
SELinux: initialized (dev bdev, type bdev), uses genfs_contexts
SELinux: initialized (dev rootfs, type rootfs), uses genfs_contexts
SELinux: initialized (dev sysfs, type sysfs), uses genfs_contexts
audit(1159802536.642:2): policy loaded auid=4294967295
audit(1159802537.006:3): avc:  denied  { execute } for  pid=457 comm="rc.sysinit" name="hostname" dev=dm-0 ino=33031 scontext=system_u:system_r:initrc_t:s0 tcontext=system_u:object_r:hostname_exec_t:s0 tclass=file
audit(1159802537.006:4): avc:  denied  { execute_no_trans } for  pid=457 comm="rc.sysinit" name="hostname" dev=dm-0 ino=33031 scontext=system_u:system_r:initrc_t:s0 tcontext=system_u:object_r:hostname_exec_t:s0 tclass=file
audit(1159802537.006:5): avc:  denied  { read } for  pid=457 comm="rc.sysinit" name="hostname" dev=dm-0 ino=33031 scontext=system_u:system_r:initrc_t:s0 tcontext=system_u:object_r:hostname_exec_t:s0 tclass=file
Real Time Clock Driver v1.12ac
audit(1159802539.162:6): avc:  denied  { dac_override } for  pid=487 comm="dmesg" capability=1 scontext=system_u:system_r:dmesg_t:s0 tcontext=system_u:system_r:dmesg_t:s0 tclass=capability
audit(1159802540.991:7): avc:  denied  { dac_override } for  pid=542 comm="pam_console_app" capability=1 scontext=system_u:system_r:pam_console_t:s0-s0:c0.c1023 tcontext=system_u:system_r:pam_console_t:s0-s0:c0.c1023 tclass=capability
ACPI: PCI Interrupt 0000:02:01.2[A] -> Link [LNKD] -> GSI 11 (level, low) -> IRQ 11
ohci1394: fw-host0: OHCI-1394 1.0 (PCI): IRQ=[11]  MMIO=[f8fff000-f8fff7ff]  Max Packet=[2048]  IR/IT contexts=[4/4]
Yenta: CardBus bridge found at 0000:02:01.0 [1028:00d5]
Yenta: Using CSCINT to route CSC interrupts to PCI
Yenta: Routing CardBus interrupts to PCI
Yenta TI: socket 0000:02:01.0, mfunc 0x05033002, devctl 0x64
Yenta: CardBus bridge found at 0000:02:01.1 [1028:00d5]
Yenta: Using CSCINT to route CSC interrupts to PCI
Yenta: Routing CardBus interrupts to PCI
Yenta TI: socket 0000:02:01.1, mfunc 0x05033002, devctl 0x64
Yenta: CardBus bridge found at 0000:02:03.0 [12a3:ab01]
Yenta: Enabling burst memory read transactions
Yenta: Using CSCINT to route CSC interrupts to PCI
Yenta: Routing CardBus interrupts to PCI
Yenta TI: socket 0000:02:03.0, mfunc 0x01000002, devctl 0x60
Linux agpgart interface v0.101 (c) Dave Jones
iTCO_wdt: Intel TCO WatchDog Timer Driver v1.00 (30-Jul-2006)
iTCO_wdt: Found a ICH3-M TCO device (Version=1, TCOBASE=0x0860)
iTCO_wdt: initialized. heartbeat=30 sec (nowayout=0)
agpgart: Detected an Intel i845 Chipset.
agpgart: AGP aperture is 64M @ 0xe8000000
ohci1394: fw-host0: Running dma failed because Node ID is not valid
Yenta: ISA IRQ mask 0x0498, PCI irq 11
Socket status: 30000020
pcmcia: parent PCI bridge I/O window: 0xe000 - 0xffff
cs: IO port probe 0xe000-0xffff: clean.
pcmcia: parent PCI bridge Memory window: 0xf4000000 - 0xfbffffff
pcmcia: parent PCI bridge Memory window: 0x40000000 - 0x46ffffff
Yenta: ISA IRQ mask 0x0498, PCI irq 11
Socket status: 30000006
pcmcia: parent PCI bridge I/O window: 0xe000 - 0xffff
cs: IO port probe 0xe000-0xffff: clean.
pcmcia: parent PCI bridge Memory window: 0xf4000000 - 0xfbffffff
pcmcia: parent PCI bridge Memory window: 0x40000000 - 0x46ffffff
Yenta: ISA IRQ mask 0x0000, PCI irq 11
Socket status: 30000010
pcmcia: parent PCI bridge I/O window: 0xe000 - 0xffff
cs: IO port probe 0xe000-0xffff: clean.
pcmcia: parent PCI bridge Memory window: 0xf4000000 - 0xfbffffff
pcmcia: parent PCI bridge Memory window: 0x40000000 - 0x46ffffff
pccard: CardBus card inserted into slot 0
PCI: Enabling device 0000:03:00.0 (0000 -> 0003)
ACPI: PCI Interrupt 0000:03:00.0[A] -> Link [LNKD] -> GSI 11 (level, low) -> IRQ 11
PCI: Setting latency timer of device 0000:03:00.0 to 64
eth2: Xircom cardbus revision 3 at irq 11 
PCI: Enabling device 0000:03:00.1 (0000 -> 0003)
ACPI: PCI Interrupt 0000:03:00.1[A] -> Link [LNKD] -> GSI 11 (level, low) -> IRQ 11
0000:03:00.1: ttyS1 at I/O 0xe080 (irq = 11) is a 16550A
ohci1394: fw-host0: AT dma reset ctx=0, aborting transmission
ieee1394: Current remote IRM is not 1394a-2000 compliant, resetting...
pccard: PCMCIA card inserted into slot 2
ieee1394: Host added: ID:BUS[0-00:1023]  GUID[374fc0002a71c021]
cs: IO port probe 0x100-0x3af: excluding 0x370-0x37f
cs: IO port probe 0x3e0-0x4ff: clean.
cs: IO port probe 0x820-0x8ff: clean.
cs: IO port probe 0xc00-0xcf7: clean.
cs: IO port probe 0xa00-0xaff: clean.
cs: IO port probe 0x100-0x3af: excluding 0x370-0x37f
cs: IO port probe 0x3e0-0x4ff: clean.
cs: IO port probe 0x820-0x8ff: clean.
cs: IO port probe 0xc00-0xcf7: clean.
cs: IO port probe 0xa00-0xaff: clean.
cs: memory probe 0xf4000000-0xfbffffff: excluding 0xf4000000-0xf8ffffff 0xfa000000-0xfbffffff
pcmcia: registering new device pcmcia2.0
cs: IO port probe 0x100-0x3af: excluding 0x370-0x37f
cs: IO port probe 0x3e0-0x4ff: clean.
cs: IO port probe 0x820-0x8ff: clean.
cs: IO port probe 0xc00-0xcf7: clean.
cs: IO port probe 0xa00-0xaff: clean.
orinoco 0.15 (David Gibson <hermes@gibson.dropbear.id.au>, Pavel Roskin <proski@gnu.org>, et al)
orinoco_cs 0.15 (David Gibson <hermes@gibson.dropbear.id.au>, Pavel Roskin <proski@gnu.org>, et al)
pcmcia: request for exclusive IRQ could not be fulfilled.
pcmcia: the driver needs updating to supported shared IRQ lines.
eth2: Hardware identity 0005:0004:0005:0000
eth2: Station identity  001f:0001:0008:000a
eth2: Firmware determined as Lucent/Agere 8.10
eth2: Ad-hoc demo mode supported
eth2: IEEE standard IBSS ad-hoc mode supported
eth2: WEP supported, 104-bit key
eth2: MAC address 00:02:2D:5C:11:48
eth2: Station name "HERMES I"
eth2: ready
eth2: orinoco_cs at 2.0, irq 11, io 0xe100-0xe13f
Non-volatile memory driver v1.2
Floppy drive(s): fd0 is 1.44M
FDC 0 is a post-1991 82077
Dell laptop SMM driver v1.14 21/02/2005 Massimo Dal Zotto (dz@debian.org)
Netfilter messages via NETLINK v0.30.
audit(1159802546.388:8): avc:  denied  { getattr } for  pid=456 comm="rc.sysinit" name="hostname" dev=dm-0 ino=33031 scontext=system_u:system_r:initrc_t:s0 tcontext=system_u:object_r:hostname_exec_t:s0 tclass=file
ACPI: AC Adapter [AC] (on-line)
ACPI: Battery Slot [BAT0] (battery absent)
ACPI: Battery Slot [BAT1] (battery absent)
ACPI: Lid Switch [LID]
ACPI: Power Button (CM) [PBTN]
ACPI: Sleep Button (CM) [SBTN]
Using specific hotkey driver
ACPI: Processor [CPU0] (supports 8 throttling states)
ACPI: Thermal Zone [THM] (68 C)
EXT3 FS on dm-0, internal journal
kjournald starting.  Commit interval 5 seconds
EXT3-fs: mounted filesystem with ordered data mode.
SELinux: initialized (dev sda1, type ext3), uses xattr
SELinux: initialized (dev tmpfs, type tmpfs), uses transition SIDs
SELinux: initialized (dev tmpfs, type tmpfs), uses transition SIDs
SELinux: initialized (dev tmpfs, type tmpfs), uses transition SIDs
kjournald starting.  Commit interval 5 seconds
EXT3 FS on dm-11, internal journal
EXT3-fs: mounted filesystem with ordered data mode.
SELinux: initialized (dev dm-11, type ext3), uses xattr
kjournald starting.  Commit interval 5 seconds
EXT3-fs: mounted filesystem with ordered data mode.
SELinux: initialized (dev dm-7, type ext3), uses xattr
kjournald starting.  Commit interval 5 seconds
EXT3-fs: mounted filesystem with ordered data mode.
SELinux: initialized (dev dm-8, type ext3), uses xattr
kjournald starting.  Commit interval 5 seconds
EXT3-fs: mounted filesystem with ordered data mode.
SELinux: initialized (dev dm-9, type ext3), uses xattr
kjournald starting.  Commit interval 5 seconds
EXT3 FS on dm-10, internal journal
EXT3-fs: mounted filesystem with ordered data mode.
SELinux: initialized (dev dm-10, type ext3), uses xattr
kjournald starting.  Commit interval 5 seconds
EXT3-fs: mounted filesystem with ordered data mode.
SELinux: initialized (dev dm-6, type ext3), uses xattr
kjournald starting.  Commit interval 5 seconds
EXT3 FS on dm-4, internal journal
EXT3-fs: mounted filesystem with ordered data mode.
SELinux: initialized (dev dm-4, type ext3), uses xattr
kjournald starting.  Commit interval 5 seconds
EXT3-fs: mounted filesystem with ordered data mode.
SELinux: initialized (dev dm-5, type ext3), uses xattr
kjournald starting.  Commit interval 5 seconds
EXT3-fs: mounted filesystem with ordered data mode.
SELinux: initialized (dev dm-1, type ext3), uses xattr
Adding 1572856k swap on /dev/rootvg/swap.  Priority:-1 extents:1 across:1572856k
SELinux: initialized (dev binfmt_misc, type binfmt_misc), uses genfs_contexts
audit(1159802586.630:9): avc:  denied  { getattr } for  pid=1502 comm="bash" name="spamassassin" dev=dm-0 ino=197880 scontext=system_u:system_r:sysadm_t:s0 tcontext=system_u:object_r:initrc_exec_t:s0 tclass=file
audit(1159802586.630:10): avc:  denied  { execute } for  pid=1502 comm="bash" name="spamassassin" dev=dm-0 ino=197880 scontext=system_u:system_r:sysadm_t:s0 tcontext=system_u:object_r:initrc_exec_t:s0 tclass=file
audit(1159802586.630:11): avc:  denied  { read } for  pid=1502 comm="bash" name="spamassassin" dev=dm-0 ino=197880 scontext=system_u:system_r:sysadm_t:s0 tcontext=system_u:object_r:initrc_exec_t:s0 tclass=file
audit(1159802592.469:12): avc:  denied  { execute_no_trans } for  pid=1525 comm="bash" name="cpuspeed" dev=dm-0 ino=197100 scontext=system_u:system_r:sysadm_t:s0 tcontext=system_u:object_r:initrc_exec_t:s0 tclass=file
audit(1159802592.506:13): avc:  denied  { ioctl } for  pid=1525 comm="cpuspeed" name="cpuspeed" dev=dm-0 ino=197100 scontext=system_u:system_r:sysadm_t:s0 tcontext=system_u:object_r:initrc_exec_t:s0 tclass=file
audit(1159802592.551:14): avc:  denied  { getattr } for  pid=1525 comm="cpuspeed" name="cpuspeed" dev=dm-7 ino=295240 scontext=system_u:system_r:sysadm_t:s0 tcontext=system_u:object_r:cpuspeed_exec_t:s0 tclass=file
audit(1159802592.585:15): avc:  denied  { execute } for  pid=1529 comm="bash" name="cpuspeed" dev=dm-7 ino=295240 scontext=system_u:system_r:sysadm_t:s0 tcontext=system_u:object_r:cpuspeed_exec_t:s0 tclass=file
audit(1159802592.585:16): avc:  denied  { read } for  pid=1529 comm="bash" name="cpuspeed" dev=dm-7 ino=295240 scontext=system_u:system_r:sysadm_t:s0 tcontext=system_u:object_r:cpuspeed_exec_t:s0 tclass=file
audit(1159802592.586:17): avc:  denied  { execute_no_trans } for  pid=1530 comm="bash" name="cpuspeed" dev=dm-7 ino=295240 scontext=system_u:system_r:sysadm_t:s0 tcontext=system_u:object_r:cpuspeed_exec_t:s0 tclass=file
[unhandled content-type:application/pgp-signature]