Date: Wed, 8 Nov 2000 21:39:24 -0800 (PST)
From: Andre Hedrick <>
Subject: Re: B/W G3 - big IDE problems with 2.4.0-test10
Sender: linux-kernel-owner@vger.kernel.org
Precedence: bulk
List-ID: <linux-kernel.vger.kernel.org>
X-Mailing-List: linux-kernel@vger.kernel.org
X-Lkml-Link: https://lkml.org/lkml/2000/11/9/1

My PPC with an ACARD addon PPC card.
AEC6260R: IDE controller on PCI bus 00 dev 68
AEC6260R: chipset revision 1
AEC6260R: not 100% native mode: will probe irqs later
AEC6260R: ROM enabled at 0x80810000
    ide0: BM-DMA at 0x0800-0x0807, BIOS settings: hda:pio, hdb:pio
    ide1: BM-DMA at 0x0808-0x080f, BIOS settings: hdc:pio, hdd:pio
What is your chipset, CMD646 rev 5 Ultra DMA 33 ???
Andre Hedrick
CTO Timpanogas Research Group
EVP Linux Development, TRG
Linux ATA Development
Cannot find map file.
No module symbols loaded.
klogd 1.3-3, log source = ksyslog started.
<4>Total memory = 112MB; using 512kB for hash table (at c0300000)
<4>Linux version 2.4.0-test9 (root@ppc) (gcc version 2.95.2 19991024 (release)) #1 Thu Oct 5 02:02:51 PDT 2000
<6>PCI bus 0 controlled by bandit at f2000000
<6>Cache coherency enabled for bandit/PSX at fdef1000
<6>PCI bus 1 controlled by chaos at f0000000
<4>On node 0 totalpages: 28672
<4>zone(0): 28672 pages.
<4>zone(1): 0 pages.
<4>zone(2): 0 pages.
<4>Kernel command line: root=/dev/hda7 devfs=nomount
<4>System has 32 possible interrupts
<4>GMT Delta read from XPRAM: -420 minutes, DST: on
<6>via_calibrate_decr: ticks per jiffy = 111227 (667364 ticks)
<4>Console: colour dummy device 80x25
<4>Calibrating delay loop... 532.48 BogoMIPS
<4>Memory: 109080k available (1876k kernel code, 904k data, 268k init, 0k highmem)
<4>Dentry-cache hash table entries: 16384 (order: 5, 131072 bytes)
<4>Buffer-cache hash table entries: 4096 (order: 2, 16384 bytes)
<4>Page-cache hash table entries: 32768 (order: 5, 131072 bytes)
<4>Inode-cache hash table entries: 8192 (order: 4, 65536 bytes)
<5>VFS: Diskquotas version dquot_6.4.0 initialized
<4>POSIX conformance testing by UNIFIX
<4>PCI: Probing PCI hardware
<4>Macintosh CUDA driver v0.5 for Unified ADB.
<6>Linux NET4.0 for Linux 2.4
<6>Based upon Swansea University Computer Society NET3.039
<6>NET4: Unix domain sockets 1.0/SMP for Linux NET4.0.
<6>NET4: Linux TCP/IP 1.0 for NET4.0
<6>IP Protocols: ICMP, UDP, TCP, IGMP
<4>IP: routing cache hash table of 512 buckets, 4Kbytes
<4>TCP: Hash tables configured (established 8192 bind 8192)
<6>NET4: AppleTalk 0.18 for Linux NET4.0
<4>Initializing RT netlink socket
<4>Starting kswapd v1.8
<6>controlfb: Memory bank 1 present, bank 2 present, total VRAM 4MB
<6>Monitor sense value = 0x623, using video mode 18 and color mode 0.
<4>Console: switching to colour frame buffer device 144x54
<6>fb0: control display adapter
<6>MacOS display is /chaos/control
<4>PowerMac Z8530 serial driver version 2.0
<4>tty00 at 0xc8805020 (irq = 15) is a Z8530 ESCC, port = modem
<4>tty01 at 0xc880c000 (irq = 16) is a Z8530 ESCC, port = printer
<4>pty: 256 Unix98 ptys configured
<4>RAMDISK driver initialized: 16 RAM disks of 4096K size 1024 blocksize
<6>loop: enabling 8 loop devices
<6>Uniform Multi-Platform E-IDE driver Revision: 6.31
<4>ide: Assuming 33MHz system bus speed for PIO modes; override with idebus=xx
<4>AEC6260R: IDE controller on PCI bus 00 dev 68
<4>AEC6260R: chipset revision 1
<4>AEC6260R: not 100% native mode: will probe irqs later
<4>AEC6260R: ROM enabled at 0x80810000
<4>    ide0: BM-DMA at 0x0800-0x0807, BIOS settings: hda:pio, hdb:pio
<4>    ide1: BM-DMA at 0x0808-0x080f, BIOS settings: hdc:pio, hdd:pio
<4>hda: QUANTUM FIREBALL CX10.2A, ATA DISK drive
<4>ide0 at 0x840-0x847,0x000 on irq 23
<4>ide: Assuming 33MHz system bus speed for PIO modes; override with idebus=xx
<6>hda: 20044080 sectors (10263 MB) w/418KiB Cache, CHS=19885/16/63, UDMA(66)
<6>Partition check:
<6> /dev/ide/host0/bus0/target0/lun0: [mac] p1 p2 p3 p4 p5 p6 p7 p8 p9 p10
<6>fd0: SWIM3 floppy controller 
<5>udf: registering filesystem
<6>Macintosh ADB mouse driver installed.
<7>IN from bad port 71 at c02600a0
<6>Real Time Clock Driver v1.10c
<6>Linux Tulip driver version 0.9.10 (September 6, 2000)
<4>PCI: Enabling device 00:0f.0 (0004 -> 0007)
<6>eth0: Lite-On 82c168 PNIC rev 32 at 0x400, 00:00:B5:94:AB:39, IRQ 25.
<6>eth0:  MII transceiver #1 config 3100 status 7829 advertising 01e1.
<6>eth1: MACE at 00:05:02:58:9d:48, chip revision 25.64
<4>scsi0 : MESH
<4>mesh: rejecting message from target 1: 1 1 3
<4>mesh: bs0=2f in msg_out
<4>mesh: rejecting message from target 1: 1 1 32
<4>mesh: bs0=2f in msg_out
<4>mesh: rejecting message from target 1: f
<4>  Vendor: SEAGATE   Model: ST32550N          Rev: 0011
<4>  Type:   Direct-Access                      ANSI SCSI revision: 02
<6>mesh: target 3 synchronous at 5.0 MB/s
<4>  Vendor: MATSHITA  Model: CD-ROM CR-8008    Rev: 8.0h
<4>  Type:   CD-ROM                             ANSI SCSI revision: 02
<4>scsi1 : 53C94
<4>  Vendor: MAXTOR    Model: LXT-213S SUN0207  Rev: 4.15
<4>  Type:   Direct-Access                      ANSI SCSI revision: 01 CCS
<4>Detected scsi disk sda at scsi0, channel 0, id 1, lun 0
<4>Detected scsi disk sdb at scsi1, channel 0, id 6, lun 0
<4>SCSI device sda: 4194303 512-byte hdwr sectors (2147 MB)
<6> /dev/scsi/host0/bus0/target1/lun0: [mac] p1 p2 p3 p4 p5 p6 p7 p8 p9
<4>sdb: Spinning up disk..............ready
<4>SCSI device sdb: 415436 512-byte hdwr sectors (213 MB)
<6> /dev/scsi/host1/bus0/target6/lun0: [mac] p1 p2 p3 p4
<4>Detected scsi CD-ROM sr0 at scsi0, channel 0, id 3, lun 0
<6>Uniform CD-ROM driver Revision: 3.11
<7>adb devices: [2]: 2 2 [3]: 3 1
<4>ADB keyboard at 2, handler set to 3
<4>ADB mouse at 3, handler set to 2
<4>devfs: devfs_register(): device already registered: "rtc"
<6>Macintosh non-volatile memory driver v1.0
<4>devfs: v0.102 (20000622) Richard Gooch (rgooch@atnf.csiro.au)
<4>devfs: boot_options: 0x2
<3>kmem_create: Forcing size word alignment - nfs_fh
<4>VFS: Mounted root (ext2 filesystem) readonly.
<4>Freeing unused kernel memory: 268k init 8k chrp 36k prep
Kernel logging (ksyslog) stopped.
Kernel log daemon terminating.