Date: Fri, 8 Sep 2006 14:26:59 +0100 (BST)
From: Ruth Ivimey-Cook <>
Subject: BUG in sata_mv
Sender: linux-kernel-owner@vger.kernel.org
Precedence: bulk
List-ID: <linux-kernel.vger.kernel.org>
X-Mailing-List: linux-kernel@vger.kernel.org
X-Lkml-Link: https://lkml.org/lkml/2006/9/8/101

Folks,
In the interests of reporting bugs, I've attached the following dmesg output, 
containing 2 bugs. I've inlined the start of each below:
BUG: warning at drivers/scsi/sata_mv.c:1919/__msleep() (Not tainted)
  <f8876660> __mv_phy_reset+0xeb/0x3a7 [sata_mv]  <c04c9784> __freed_request+0x1f/0x6f
  <f8877cce> mv_interrupt+0x209/0x310 [sata_mv]  <c043db72> handle_IRQ_event+0x23/0x4c
  <c043dc17> __do_IRQ+0x7c/0xd1  <c0405035> do_IRQ+0x63/0x80
BUG: warning at drivers/ieee1394/ohci1394.c:3181/ohci_hw_csr_reg() (Not tainted)
  <f8b7c22b> ohci_hw_csr_reg+0x85/0xa3 [ohci1394]  <f8b7c1a6> ohci_hw_csr_reg+0x0/0xa3 [ohci1394]
  <f8bb6a9f> host_reset+0x6e/0x114 [ieee1394]  <f8bb5863> highlevel_host_reset+0x21/0x42 [ieee1394]
  <f8b7d285> ohci_irq_handler+0x6b9/0x73d [ohci1394]  <c0418f85> scheduler_tick+0x1a/0x2af
  <c043db72> handle_IRQ_event+0x23/0x4c  <c043dc17> __do_IRQ+0x7c/0xd1
  <c0405035> do_IRQ+0x63/0x80
I've reported the issue in the redhat bugzilla.
Thanks,
Ruth
-- 
Ruth Ivimey-CookLinux version 2.6.17-1.2174_FC5 (brewbuilder@hs20-bc2-3.build.redhat.com) (gcc version 4.1.1 20060525 (Red Hat 4.1.1-1)) #1 Tue Aug 8 15:30:55 EDT 2006
BIOS-provided physical RAM map:
 BIOS-e820: 0000000000000000 - 000000000009fc00 (usable)
 BIOS-e820: 000000000009fc00 - 00000000000a0000 (reserved)
 BIOS-e820: 00000000000f0000 - 0000000000100000 (reserved)
 BIOS-e820: 0000000000100000 - 000000003fffb000 (usable)
 BIOS-e820: 000000003fffb000 - 000000003ffff000 (ACPI data)
 BIOS-e820: 000000003ffff000 - 0000000040000000 (ACPI NVS)
 BIOS-e820: 00000000fec00000 - 00000000fec01000 (reserved)
 BIOS-e820: 00000000fee00000 - 00000000fee01000 (reserved)
 BIOS-e820: 00000000ffff0000 - 0000000100000000 (reserved)
127MB HIGHMEM available.
895MB LOWMEM available.
Using x86 segment limits to approximate NX protection
On node 0 totalpages: 262139
  DMA zone: 4096 pages, LIFO batch:0
  Normal zone: 225279 pages, LIFO batch:31
  HighMem zone: 32764 pages, LIFO batch:7
DMI 2.3 present.
ACPI: RSDP (v000 ASUS                                  ) @ 0x000f5e20
ACPI: RSDT (v001 ASUS   A7V600   0x42302e31 MSFT 0x31313031) @ 0x3fffb000
ACPI: FADT (v001 ASUS   A7V600   0x42302e31 MSFT 0x31313031) @ 0x3fffb0b2
ACPI: BOOT (v001 ASUS   A7V600   0x42302e31 MSFT 0x31313031) @ 0x3fffb030
ACPI: MADT (v001 ASUS   A7V600   0x42302e31 MSFT 0x31313031) @ 0x3fffb058
ACPI: DSDT (v001   ASUS A7V600   0x00001000 MSFT 0x0100000b) @ 0x00000000
ACPI: PM-Timer IO Port: 0xe408
ACPI: Local APIC address 0xfee00000
ACPI: LAPIC (acpi_id[0x00] lapic_id[0x00] enabled)
Processor #0 6:10 APIC version 16
ACPI: LAPIC_NMI (acpi_id[0x00] high edge lint[0x1])
ACPI: IOAPIC (id[0x02] address[0xfec00000] gsi_base[0])
IOAPIC[0]: apic_id 2, version 3, address 0xfec00000, GSI 0-23
ACPI: INT_SRC_OVR (bus 0 bus_irq 0 global_irq 2 dfl edge)
ACPI: INT_SRC_OVR (bus 0 bus_irq 9 global_irq 9 low level)
ACPI: IRQ0 used by override.
ACPI: IRQ2 used by override.
ACPI: IRQ9 used by override.
Enabling APIC mode:  Flat.  Using 1 I/O APICs
Using ACPI (MADT) for SMP configuration information
Allocating PCI resources starting at 50000000 (gap: 40000000:bec00000)
Built 1 zonelists
Kernel command line: ro root=/dev/md1 video=matroxfb:vesa:0x107
mapped APIC to ffffd000 (fee00000)
mapped IOAPIC to ffffc000 (fec00000)
Enabling fast FPU save and restore... done.
Enabling unmasked SIMD FPU exception support... done.
Initializing CPU#0
CPU 0 irqstacks, hard=c075c000 soft=c075b000
PID hash table entries: 4096 (order: 12, 16384 bytes)
Detected 2200.493 MHz processor.
Using pmtmr for high-res timesource
Console: colour VGA+ 80x25
Dentry cache hash table entries: 131072 (order: 7, 524288 bytes)
Inode-cache hash table entries: 65536 (order: 6, 262144 bytes)
Memory: 1034076k/1048556k available (2068k kernel code, 13836k reserved, 1127k data, 216k init, 131056k highmem)
Checking if this processor honours the WP bit even in supervisor mode... Ok.
Calibrating delay using timer specific routine.. 4404.79 BogoMIPS (lpj=8809590)
Security Framework v1.0.0 initialized
SELinux:  Initializing.
SELinux:  Starting in permissive mode
selinux_register_security:  Registering secondary module capability
Capability LSM initialized as secondary
Mount-cache hash table entries: 512
CPU: After generic identify, caps: 0383fbff c1c3fbff 00000000 00000000 00000000 00000000 00000000
CPU: After vendor identify, caps: 0383fbff c1c3fbff 00000000 00000000 00000000 00000000 00000000
CPU: L1 I Cache: 64K (64 bytes/line), D cache 64K (64 bytes/line)
CPU: L2 Cache: 512K (64 bytes/line)
CPU: After all inits, caps: 0383f3ff c1c3fbff 00000000 00000420 00000000 00000000 00000000
Intel machine check architecture supported.
Intel machine check reporting enabled on CPU#0.
CPU: AMD Athlon(TM) XP 3200+ stepping 00
Checking 'hlt' instruction... OK.
ENABLING IO-APIC IRQs
..TIMER: vector=0x31 apic1=0 pin1=2 apic2=-1 pin2=-1
checking if image is initramfs... it is
Freeing initrd memory: 921k freed
NET: Registered protocol family 16
ACPI: bus type pci registered
PCI: PCI BIOS revision 2.10 entry at 0xf1970, last bus=1
Setting up standard PCI resources
ACPI: Subsystem revision 20060127
ACPI: Interpreter enabled
ACPI: Using IOAPIC for interrupt routing
ACPI: PCI Interrupt Link [LNKA] (IRQs 3 4 5 6 7 9 10 *11 12)
ACPI: PCI Interrupt Link [LNKB] (IRQs 3 4 5 6 7 9 10 11 12) *0, disabled.
ACPI: PCI Interrupt Link [LNKC] (IRQs 3 4 5 6 7 9 10 11 12) *0, disabled.
ACPI: PCI Interrupt Link [LNKD] (IRQs 3 4 5 6 7 9 10 11 12) *0, disabled.
ACPI: PCI Interrupt Link [LNKE] (IRQs 3 4 5 *6 7 9 10 11 12)
ACPI: PCI Interrupt Link [LNKF] (IRQs 3 4 5 6 7 *9 10 11 12)
ACPI: PCI Interrupt Link [LNKG] (IRQs 3 4 5 6 7 9 10 *11 12)
ACPI: PCI Interrupt Link [LNKH] (IRQs 3 4 5 6 7 9 10 11 12) *15, disabled.
ACPI: PCI Root Bridge [PCI0] (0000:00)
PCI: Probing PCI hardware (bus 00)
ACPI: Assume root bridge [\_SB_.PCI0] bus is 0
PCI: Quirk-MSI-K8T Soundcard On
PCI: Unexpected Value in PCI-Register: no Change!
PCI: enabled onboard AC97/MC97 devices
Boot video device is 0000:01:00.0
ACPI: PCI Interrupt Routing Table [\_SB_.PCI0._PRT]
ACPI: PCI Interrupt Routing Table [\_SB_.PCI0.PCI1._PRT]
Linux Plug and Play Support v0.97 (c) Adam Belay
pnp: PnP ACPI init
pnp: PnP ACPI: found 15 devices
usbcore: registered new driver usbfs
usbcore: registered new driver hub
PCI: Using ACPI for IRQ routing
PCI: If a device doesn't work, try "pci=routeirq".  If it helps, post a report
pnp: 00:02: ioport range 0xe400-0xe47f could not be reserved
pnp: 00:02: ioport range 0xe800-0xe81f has been reserved
pnp: 00:0e: ioport range 0x290-0x297 has been reserved
pnp: 00:0e: ioport range 0x370-0x375 has been reserved
PCI: Bridge: 0000:00:01.0
  IO window: disabled.
  MEM window: f4800000-f57fffff
  PREFETCH window: f5f00000-f7ffffff
PCI: Setting latency timer of device 0000:00:01.0 to 64
NET: Registered protocol family 2
IP route cache hash table entries: 32768 (order: 5, 131072 bytes)
TCP established hash table entries: 131072 (order: 9, 2097152 bytes)
TCP bind hash table entries: 65536 (order: 8, 1310720 bytes)
TCP: Hash tables configured (established 131072 bind 65536)
TCP reno registered
Simple Boot Flag at 0x3a set to 0x1
apm: BIOS version 1.2 Flags 0x03 (Driver version 1.16ac)
apm: overridden by ACPI.
audit: initializing netlink socket (disabled)
audit(1157717766.536:1): initialized
highmem bounce pool size: 64 pages
Total HugeTLB memory allocated, 0
VFS: Disk quotas dquot_6.5.1
Dquot-cache hash table entries: 1024 (order 0, 4096 bytes)
SELinux:  Registering netfilter hooks
Initializing Cryptographic API
ksign: Installing public key data
Loading keyring
- Added public key 159031EDF350496D
- User ID: Red Hat, Inc. (Kernel Module GPG key)
io scheduler noop registered
io scheduler anticipatory registered
io scheduler deadline registered
io scheduler cfq registered (default)
PCI: Bypassing VIA 8237 APIC De-Assert Message
pci_hotplug: PCI Hot Plug PCI Core version: 0.5
isapnp: Scanning for PnP cards...
isapnp: No Plug & Play device found
Real Time Clock Driver v1.12ac
Non-volatile memory driver v1.2
Linux agpgart interface v0.101 (c) Dave Jones
agpgart: Detected VIA KT400/KT400A/KT600 chipset
agpgart: AGP aperture is 64M @ 0xf8000000
Serial: 8250/16550 driver $Revision: 1.90 $ 4 ports, IRQ sharing enabled
serial8250: ttyS0 at I/O 0x3f8 (irq = 4) is a 16550A
serial8250: ttyS1 at I/O 0x2f8 (irq = 3) is a 16550A
00:09: ttyS0 at I/O 0x3f8 (irq = 4) is a 16550A
00:0a: ttyS1 at I/O 0x2f8 (irq = 3) is a 16550A
RAMDISK driver initialized: 16 RAM disks of 16384K size 1024 blocksize
Uniform Multi-Platform E-IDE driver Revision: 7.00alpha2
ide: Assuming 33MHz system bus speed for PIO modes; override with idebus=xx
VP_IDE: IDE controller at PCI slot 0000:00:0f.1
ACPI: PCI Interrupt 0000:00:0f.1[A] -> GSI 20 (level, low) -> IRQ 169
PCI: VIA IRQ fixup for 0000:00:0f.1, from 14 to 9
VP_IDE: chipset revision 6
VP_IDE: not 100% native mode: will probe irqs later
VP_IDE: VIA vt8237 (rev 00) IDE UDMA133 controller on pci0000:00:0f.1
    ide0: BM-DMA at 0x9800-0x9807, BIOS settings: hda:DMA, hdb:DMA
    ide1: BM-DMA at 0x9808-0x980f, BIOS settings: hdc:DMA, hdd:DMA
Probing IDE interface ide0...
hda: ExcelStor Technology J840, ATA DISK drive
hdb: ST340014A, ATA DISK drive
ide0 at 0x1f0-0x1f7,0x3f6 on irq 14
Probing IDE interface ide1...
hdc: CREATIVE CD-RW RW1210E, ATAPI CD/DVD-ROM drive
hdd: _NEC DVD_RW ND-1300A, ATAPI CD/DVD-ROM drive
ide1 at 0x170-0x177,0x376 on irq 15
hda: max request size: 512KiB
hda: 80418240 sectors (41174 MB) w/1719KiB Cache, CHS=16383/255/63, UDMA(133)
hda: cache flushes supported
 hda: hda1 hda2 hda3 hda4
hdb: max request size: 512KiB
hdb: 78165360 sectors (40020 MB) w/2048KiB Cache, CHS=16383/255/63, UDMA(100)
hdb: cache flushes supported
 hdb: hdb1 hdb2 hdb3
hdc: ATAPI 32X CD-ROM CD-R/RW drive, 2048kB Cache, DMA
Uniform CD-ROM driver Revision: 3.20
hdd: ATAPI 40X DVD-ROM DVD-R CD-R/RW drive, 2048kB Cache, UDMA(33)
ide-floppy driver 0.99.newide
usbcore: registered new driver libusual
usbcore: registered new driver hiddev
usbcore: registered new driver usbhid
drivers/usb/input/hid-core.c: v2.6:USB HID core driver
PNP: PS/2 Controller [PNP0303:PS2K,PNP0f03:PS2M] at 0x60,0x64 irq 1,12
serio: i8042 AUX port at 0x60,0x64 irq 12
serio: i8042 KBD port at 0x60,0x64 irq 1
mice: PS/2 mouse device common for all mice
md: md driver 0.90.3 MAX_MD_DEVS=256, MD_SB_DISKS=27
md: bitmap version 4.39
TCP bic registered
Initializing IPsec netlink socket
NET: Registered protocol family 1
NET: Registered protocol family 17
powernow-k8: Processor cpuid 6a0 not supported
Using IPI Shortcut mode
ACPI wakeup devices: 
PCI0 PCI1 USB0 USB1 USB2 USB3 SU20 MC97 
ACPI: (supports S0 S1 S4 S5)
Freeing unused kernel memory: 216k freed
Write protecting the kernel read-only data: 705k
input: AT Translated Set 2 keyboard as /class/input/input0
md: raid1 personality registered for level 1
md: Autodetecting RAID arrays.
md: autorun ...
md: considering hdb3 ...
md:  adding hdb3 ...
md: hdb1 has different UUID to hdb3
md:  adding hda3 ...
md: hda1 has different UUID to hdb3
md: created md1
md: bind<hda3>
md: bind<hdb3>
md: running: <hdb3><hda3>
raid1: raid set md1 active with 2 out of 2 mirrors
md: considering hdb1 ...
md:  adding hdb1 ...
md:  adding hda1 ...
md: created md0
md: bind<hda1>
md: bind<hdb1>
md: running: <hdb1><hda1>
raid1: raid set md0 active with 2 out of 2 mirrors
md: ... autorun DONE.
kjournald starting.  Commit interval 5 seconds
EXT3-fs: mounted filesystem with ordered data mode.
input: PS/2 Generic Mouse as /class/input/input1
security:  3 users, 6 roles, 1468 types, 152 bools, 1 sens, 256 cats
security:  58 classes, 43331 rules
SELinux:  Completing initialization.
SELinux:  Setting up existing superblocks.
SELinux: initialized (dev md1, type ext3), uses xattr
SELinux: initialized (dev tmpfs, type tmpfs), uses transition SIDs
SELinux: initialized (dev debugfs, type debugfs), uses genfs_contexts
SELinux: initialized (dev selinuxfs, type selinuxfs), uses genfs_contexts
SELinux: initialized (dev mqueue, type mqueue), uses transition SIDs
SELinux: initialized (dev hugetlbfs, type hugetlbfs), uses genfs_contexts
SELinux: initialized (dev devpts, type devpts), uses transition SIDs
SELinux: initialized (dev eventpollfs, type eventpollfs), uses task SIDs
SELinux: initialized (dev inotifyfs, type inotifyfs), uses genfs_contexts
SELinux: initialized (dev tmpfs, type tmpfs), uses transition SIDs
SELinux: initialized (dev futexfs, type futexfs), uses genfs_contexts
SELinux: initialized (dev pipefs, type pipefs), uses task SIDs
SELinux: initialized (dev sockfs, type sockfs), uses task SIDs
SELinux: initialized (dev proc, type proc), uses genfs_contexts
SELinux: initialized (dev bdev, type bdev), uses genfs_contexts
SELinux: initialized (dev rootfs, type rootfs), uses genfs_contexts
SELinux: initialized (dev sysfs, type sysfs), uses genfs_contexts
audit(1157717771.540:2): policy loaded auid=4294967295
SELinux: initialized (dev usbfs, type usbfs), uses genfs_contexts
r8169 Gigabit Ethernet driver 2.2LK-NAPI loaded
PCI: Enabling device 0000:00:0a.0 (0014 -> 0017)
ACPI: PCI Interrupt 0000:00:0a.0[A] -> GSI 16 (level, low) -> IRQ 177
eth0: Identified chip type is 'RTL8169s/8110s'.
eth0: RTL8169 at 0xf8834000, 00:0f:b5:08:31:d5, IRQ 177
SCSI subsystem initialized
PCI: Enabling device 0000:00:09.0 (0014 -> 0017)
ACPI: PCI Interrupt 0000:00:09.0[A] -> GSI 18 (level, low) -> IRQ 185
skge 1.5 addr 0xf4000000 irq 185 chip Yukon rev 1
skge eth1: addr 00:0c:6e:6d:74:f6
libata version 1.20 loaded.
sata_mv 0000:00:0d.0: version 0.7
ACPI: PCI Interrupt 0000:00:0d.0[A] -> GSI 16 (level, low) -> IRQ 177
sata_mv 0000:00:0d.0: 32 slots 8 ports SCSI mode IRQ via INTx
ata1: SATA max UDMA/133 cmd 0x0 ctl 0xF8A22120 bmdma 0x0 irq 177
ata2: SATA max UDMA/133 cmd 0x0 ctl 0xF8A24120 bmdma 0x0 irq 177
ata3: SATA max UDMA/133 cmd 0x0 ctl 0xF8A26120 bmdma 0x0 irq 177
ata4: SATA max UDMA/133 cmd 0x0 ctl 0xF8A28120 bmdma 0x0 irq 177
ata5: SATA max UDMA/133 cmd 0x0 ctl 0xF8A32120 bmdma 0x0 irq 177
ata6: SATA max UDMA/133 cmd 0x0 ctl 0xF8A34120 bmdma 0x0 irq 177
ata7: SATA max UDMA/133 cmd 0x0 ctl 0xF8A36120 bmdma 0x0 irq 177
ata8: SATA max UDMA/133 cmd 0x0 ctl 0xF8A38120 bmdma 0x0 irq 177
BUG: warning at drivers/scsi/sata_mv.c:1919/__msleep() (Not tainted)
 <f8876660> __mv_phy_reset+0xeb/0x3a7 [sata_mv]  <c04c9784> __freed_request+0x1f/0x6f
 <f8877cce> mv_interrupt+0x209/0x310 [sata_mv]  <c043db72> handle_IRQ_event+0x23/0x4c
 <c043dc17> __do_IRQ+0x7c/0xd1  <c0405035> do_IRQ+0x63/0x80
 =======================
 <c04036f2> common_interrupt+0x1a/0x20  <c0417db3> kmap_atomic+0x75/0x7a
 <c043f67e> file_read_actor+0x59/0xe0  <c043fec6> do_generic_mapping_read+0x1b7/0x465
 <c044098d> __generic_file_aio_read+0x167/0x1ac  <c043f625> file_read_actor+0x0/0xe0
 <c0440a12> generic_file_aio_read+0x40/0x47  <c045bd3a> do_sync_read+0xc3/0xfd
 <c042c17c> autoremove_wake_function+0x0/0x35  <c045bc77> do_sync_read+0x0/0xfd
 <c045c671> vfs_read+0xa6/0x14e  <c045c9f0> sys_read+0x41/0x67
 <c0402cb3> syscall_call+0x7/0xb 
ata1: dev 0 cfg 49:2f00 82:746b 83:7f01 84:4023 85:7468 86:bc01 87:4023 88:40ff
ata1: dev 0 ATA-7, max UDMA7, 488397168 sectors: LBA48
ata1: dev 0 configured for UDMA/133
scsi0 : sata_mv
ata2: dev 0 cfg 49:2f00 82:746b 83:7f01 84:4023 85:7468 86:bc01 87:4023 88:40ff
ata2: dev 0 ATA-7, max UDMA7, 488397168 sectors: LBA48
ata2: dev 0 configured for UDMA/133
scsi1 : sata_mv
ata3: dev 0 cfg 49:2f00 82:746b 83:7f01 84:4023 85:7468 86:bc01 87:4023 88:40ff
ata3: dev 0 ATA-7, max UDMA7, 488397168 sectors: LBA48
ata3: dev 0 configured for UDMA/133
scsi2 : sata_mv
ata4: dev 0 cfg 49:2f00 82:746b 83:7f01 84:4023 85:7468 86:bc01 87:4023 88:40ff
ata4: dev 0 ATA-7, max UDMA7, 488397168 sectors: LBA48
ata4: dev 0 configured for UDMA/133
scsi3 : sata_mv
ata5: no device found (phy stat 00000000)
scsi4 : sata_mv
ata6: dev 0 cfg 49:2f00 82:746b 83:7f01 84:4023 85:7468 86:bc01 87:4023 88:40ff
ata6: dev 0 ATA-7, max UDMA7, 488397168 sectors: LBA48
ata6: dev 0 configured for UDMA/133
scsi5 : sata_mv
ata7: no device found (phy stat 00000000)
scsi6 : sata_mv
ata8: no device found (phy stat 00000000)
scsi7 : sata_mv
  Vendor: ATA       Model: SAMSUNG SP2504C   Rev: VT10
  Type:   Direct-Access                      ANSI SCSI revision: 05
  Vendor: ATA       Model: SAMSUNG SP2504C   Rev: VT10
  Type:   Direct-Access                      ANSI SCSI revision: 05
  Vendor: ATA       Model: SAMSUNG SP2504C   Rev: VT10
  Type:   Direct-Access                      ANSI SCSI revision: 05
  Vendor: ATA       Model: SAMSUNG SP2504C   Rev: VT10
  Type:   Direct-Access                      ANSI SCSI revision: 05
  Vendor: ATA       Model: SAMSUNG SP2504C   Rev: VT10
  Type:   Direct-Access                      ANSI SCSI revision: 05
sata_via 0000:00:0f.0: version 1.1
ACPI: PCI Interrupt 0000:00:0f.0[A] -> GSI 20 (level, low) -> IRQ 169
sata_via 0000:00:0f.0: routed to hard irq line 0
ata9: SATA max UDMA/133 cmd 0xB800 ctl 0xB402 bmdma 0xA400 irq 169
ata10: SATA max UDMA/133 cmd 0xB000 ctl 0xA802 bmdma 0xA408 irq 169
ata9: SATA link down (SStatus 0)
scsi8 : sata_via
ata10: SATA link down (SStatus 0)
scsi9 : sata_via
PCI: Enabling device 0000:00:11.6 (0000 -> 0001)
ACPI: PCI Interrupt 0000:00:11.6[C] -> GSI 22 (level, low) -> IRQ 193
PCI: Setting latency timer of device 0000:00:11.6 to 64
VIA 82xx Modem: probe of 0000:00:11.6 failed with error -13
ACPI: PCI Interrupt 0000:00:11.5[C] -> GSI 22 (level, low) -> IRQ 193
PCI: Setting latency timer of device 0000:00:11.5 to 64
codec_read: codec 0 is not valid [0xfe0000]
codec_read: codec 0 is not valid [0xfe0000]
codec_read: codec 0 is not valid [0xfe0000]
codec_read: codec 0 is not valid [0xfe0000]
 0:0:0:0: Attached scsi generic sg0 type 0
 1:0:0:0: Attached scsi generic sg1 type 0
 2:0:0:0: Attached scsi generic sg2 type 0
 3:0:0:0: Attached scsi generic sg3 type 0
 5:0:0:0: Attached scsi generic sg4 type 0
ieee1394: Initialized config rom entry `ip1394'
USB Universal Host Controller Interface driver v3.0
ACPI: PCI Interrupt 0000:00:10.0[A] -> GSI 21 (level, low) -> IRQ 201
PCI: VIA IRQ fixup for 0000:00:10.0, from 0 to 9
uhci_hcd 0000:00:10.0: UHCI Host Controller
uhci_hcd 0000:00:10.0: new USB bus registered, assigned bus number 1
uhci_hcd 0000:00:10.0: irq 201, io base 0x00009400
usb usb1: configuration #1 chosen from 1 choice
hub 1-0:1.0: USB hub found
hub 1-0:1.0: 2 ports detected
SCSI device sda: 488397168 512-byte hdwr sectors (250059 MB)
sda: Write Protect is off
sda: Mode Sense: 00 3a 00 00
SCSI device sda: drive cache: write back
SCSI device sda: 488397168 512-byte hdwr sectors (250059 MB)
sda: Write Protect is off
sda: Mode Sense: 00 3a 00 00
SCSI device sda: drive cache: write back
 sda: unknown partition table
sd 0:0:0:0: Attached scsi disk sda
SCSI device sdb: 488397168 512-byte hdwr sectors (250059 MB)
sdb: Write Protect is off
sdb: Mode Sense: 00 3a 00 00
SCSI device sdb: drive cache: write back
SCSI device sdb: 488397168 512-byte hdwr sectors (250059 MB)
sdb: Write Protect is off
sdb: Mode Sense: 00 3a 00 00
SCSI device sdb: drive cache: write back
 sdb: unknown partition table
sd 1:0:0:0: Attached scsi disk sdb
SCSI device sdc: 488397168 512-byte hdwr sectors (250059 MB)
sdc: Write Protect is off
sdc: Mode Sense: 00 3a 00 00
SCSI device sdc: drive cache: write back
SCSI device sdc: 488397168 512-byte hdwr sectors (250059 MB)
sdc: Write Protect is off
sdc: Mode Sense: 00 3a 00 00
SCSI device sdc: drive cache: write back
 sdc: unknown partition table
sd 2:0:0:0: Attached scsi disk sdc
SCSI device sdd: 488397168 512-byte hdwr sectors (250059 MB)
sdd: Write Protect is off
sdd: Mode Sense: 00 3a 00 00
SCSI device sdd: drive cache: write back
SCSI device sdd: 488397168 512-byte hdwr sectors (250059 MB)
sdd: Write Protect is off
sdd: Mode Sense: 00 3a 00 00
SCSI device sdd: drive cache: write back
 sdd:<6>ACPI: PCI Interrupt 0000:00:10.1[A] -> GSI 21 (level, low) -> IRQ 201
PCI: VIA IRQ fixup for 0000:00:10.1, from 0 to 9
uhci_hcd 0000:00:10.1: UHCI Host Controller
uhci_hcd 0000:00:10.1: new USB bus registered, assigned bus number 2
uhci_hcd 0000:00:10.1: irq 201, io base 0x00009000
usb usb2: configuration #1 chosen from 1 choice
hub 2-0:1.0: USB hub found
hub 2-0:1.0: 2 ports detected
 unknown partition table
sd 3:0:0:0: Attached scsi disk sdd
SCSI device sde: 488397168 512-byte hdwr sectors (250059 MB)
sde: Write Protect is off
sde: Mode Sense: 00 3a 00 00
SCSI device sde: drive cache: write back
SCSI device sde: 488397168 512-byte hdwr sectors (250059 MB)
sde: Write Protect is off
sde: Mode Sense: 00 3a 00 00
SCSI device sde: drive cache: write back
 sde: unknown partition table
sd 5:0:0:0: Attached scsi disk sde
ACPI: PCI Interrupt 0000:00:10.2[B] -> GSI 21 (level, low) -> IRQ 201
PCI: VIA IRQ fixup for 0000:00:10.2, from 0 to 9
uhci_hcd 0000:00:10.2: UHCI Host Controller
uhci_hcd 0000:00:10.2: new USB bus registered, assigned bus number 3
uhci_hcd 0000:00:10.2: irq 201, io base 0x00008800
usb usb3: configuration #1 chosen from 1 choice
hub 3-0:1.0: USB hub found
hub 3-0:1.0: 2 ports detected
ACPI: PCI Interrupt 0000:00:10.3[B] -> GSI 21 (level, low) -> IRQ 201
PCI: VIA IRQ fixup for 0000:00:10.3, from 0 to 9
uhci_hcd 0000:00:10.3: UHCI Host Controller
uhci_hcd 0000:00:10.3: new USB bus registered, assigned bus number 4
uhci_hcd 0000:00:10.3: irq 201, io base 0x00008400
usb usb4: configuration #1 chosen from 1 choice
hub 4-0:1.0: USB hub found
hub 4-0:1.0: 2 ports detected
PCI: Enabling device 0000:00:0e.0 (0014 -> 0016)
ACPI: PCI Interrupt 0000:00:0e.0[A] -> GSI 17 (level, low) -> IRQ 209
ohci1394: fw-host0: OHCI-1394 1.0 (PCI): IRQ=[209]  MMIO=[f2000000-f20007ff]  Max Packet=[1024]  IR/IT contexts=[4/4]
ACPI: PCI Interrupt 0000:00:10.4[C] -> GSI 21 (level, low) -> IRQ 201
ehci_hcd 0000:00:10.4: EHCI Host Controller
ehci_hcd 0000:00:10.4: new USB bus registered, assigned bus number 5
ehci_hcd 0000:00:10.4: irq 201, io mem 0xf1800000
ehci_hcd 0000:00:10.4: USB 2.0 started, EHCI 1.00, driver 10 Dec 2004
usb usb5: configuration #1 chosen from 1 choice
hub 5-0:1.0: USB hub found
hub 5-0:1.0: 8 ports detected
BUG: warning at drivers/ieee1394/ohci1394.c:3181/ohci_hw_csr_reg() (Not tainted)
 <f8b7c22b> ohci_hw_csr_reg+0x85/0xa3 [ohci1394]  <f8b7c1a6> ohci_hw_csr_reg+0x0/0xa3 [ohci1394]
 <f8bb6a9f> host_reset+0x6e/0x114 [ieee1394]  <f8bb5863> highlevel_host_reset+0x21/0x42 [ieee1394]
 <f8b7d285> ohci_irq_handler+0x6b9/0x73d [ohci1394]  <c0418f85> scheduler_tick+0x1a/0x2af
 <c043db72> handle_IRQ_event+0x23/0x4c  <c043dc17> __do_IRQ+0x7c/0xd1
 <c0405035> do_IRQ+0x63/0x80 
 =======================
 <c04036f2> common_interrupt+0x1a/0x20  <c0602af9> _spin_unlock_irqrestore+0xa/0xc
 <f8b79f31> ohci_devctl+0x5d/0x5de [ohci1394]  <f8bb301c> hpsb_reset_bus+0x1c/0x22 [ieee1394]
 <c04296d1> run_workqueue+0x85/0xc5  <c042c424> remove_wait_queue+0xaf/0xb9
 <f8bb4e58> delayed_reset_bus+0x0/0xca [ieee1394]  <c0429af0> worker_thread+0x0/0x10c
 <c0429bcb> worker_thread+0xdb/0x10c  <c04186d5> default_wake_function+0x0/0xc
 <c042c0b7> kthread+0x91/0xbd  <c042c026> kthread+0x0/0xbd
 <c0401005> kernel_thread_helper+0x5/0xb 
ieee1394: Error parsing configrom for node 0-00:1023
ieee1394: Host added: ID:BUS[0-01:1023]  GUID[00c0d00001f79969]
floppy0: no floppy controllers found
parport: PnPBIOS parport detected.
parport0: PC-style at 0x378 (0x778), irq 7 [PCSPP,TRISTATE]
lp0: using parport0 (interrupt-driven).
lp0: console ready
ACPI: Power Button (FF) [PWRF]
ACPI: Power Button (CM) [PWRB]
ibm_acpi: ec object not found
md: Autodetecting RAID arrays.
md: autorun ...
md: ... autorun DONE.
md: md3 stopped.
device-mapper: 4.6.0-ioctl (2006-02-17) initialised: dm-devel@redhat.com
EXT3 FS on md1, internal journal
kjournald starting.  Commit interval 5 seconds
EXT3 FS on md0, internal journal
EXT3-fs: mounted filesystem with ordered data mode.
SELinux: initialized (dev md0, type ext3), uses xattr
SELinux: initialized (dev tmpfs, type tmpfs), uses transition SIDs
ext3: No journal on filesystem on hdb2
Adding 1000432k swap on /dev/hda2.  Priority:-1 extents:1 across:1000432k
SELinux: initialized (dev binfmt_misc, type binfmt_misc), uses genfs_contexts
r8169: eth0: link up
skge eth1: enabling interface
skge eth1: disabling interface
audit(1157717802.877:3): audit_pid=2108 old=0 by auid=4294967295 subj=system_u:system_r:auditd_t:s0
SELinux: initialized (dev rpc_pipefs, type rpc_pipefs), uses genfs_contexts
ext3: No journal on filesystem on hdb2
Bluetooth: Core ver 2.8
NET: Registered protocol family 31
Bluetooth: HCI device and connection manager initialized
Bluetooth: HCI socket layer initialized
Bluetooth: L2CAP ver 2.8
Bluetooth: L2CAP socket layer initialized
Bluetooth: HIDP (Human Interface Emulation) ver 1.1
it87: Found IT8712F chip at 0x290, revision 5
SELinux: initialized (dev autofs, type autofs), uses genfs_contexts
NET: Registered protocol family 10
lo: Disabled Privacy Extensions
IPv6 over IPv4 tunneling driver
Installing knfsd (copyright (C) 1996 okir@monad.swb.de).
SELinux: initialized (dev nfsd, type nfsd), uses genfs_contexts
NFSD: Using /var/lib/nfs/v4recovery as the NFSv4 state recovery directory
NFSD: starting 90-second grace period
eth0: no IPv6 routers present
md: md3 stopped.
md: md3 stopped.
md: bind<sdd>
md: bind<sda>
md: bind<sdb>
md: bind<sde>
md: bind<sdc>
raid5: automatically using best checksumming function: pIII_sse
   pIII_sse  :  3756.000 MB/sec
raid5: using function: pIII_sse (3756.000 MB/sec)
raid6: int32x1    808 MB/s
raid6: int32x2    917 MB/s
raid6: int32x4    825 MB/s
raid6: int32x8    568 MB/s
raid6: mmxx1     1808 MB/s
raid6: mmxx2     3050 MB/s
raid6: sse1x1    1638 MB/s
raid6: sse1x2    2826 MB/s
raid6: using algorithm sse1x2 (2826 MB/s)
md: raid6 personality registered for level 6
raid6: device sdc operational as raid disk 0
raid6: device sde operational as raid disk 4
raid6: device sdb operational as raid disk 3
raid6: device sda operational as raid disk 2
raid6: device sdd operational as raid disk 1
raid6: allocated 6289kB for md3
raid6: raid level 6 set md3 active with 5 out of 6 devices, algorithm 2
RAID6 conf printout:
 --- rd:6 wd:5 fd:1
 disk 0, o:1, dev:sdc
 disk 1, o:1, dev:sdd
 disk 2, o:1, dev:sda
 disk 3, o:1, dev:sdb
 disk 4, o:1, dev:sde
kjournald starting.  Commit interval 5 seconds
EXT3 FS on md3, internal journal
EXT3-fs: mounted filesystem with journal data mode.
SELinux: initialized (dev md3, type ext3), uses xattr
[drm] Initialized drm 1.0.1 20051102
ACPI: PCI Interrupt 0000:01:00.0[A] -> GSI 16 (level, low) -> IRQ 177
[drm] Initialized mga 3.2.1 20051102 on minor 0
agpgart: Found an AGP 3.5 compliant device at 0000:00:00.0.
agpgart: Device is in legacy mode, falling back to 2.x
agpgart: Putting AGP V2 device at 0000:00:00.0 into 1x mode
agpgart: Putting AGP V2 device at 0000:01:00.0 into 1x mode
[drm] Initialized card for AGP DMA.
ACPI: PCI Interrupt 0000:01:00.0[A] -> GSI 16 (level, low) -> IRQ 177
matroxfb: Matrox G550 detected
PInS memtype = 5
matroxfb: MTRR's turned on
matroxfb: 640x480x8bpp (virtual: 640x26214)
matroxfb: framebuffer at 0xF6000000, mapped to 0xf9880000, size 33554432
Console: switching to colour frame buffer device 80x30
fb0: MATROX frame buffer device