Date: Thu, 6 Jul 2000 16:30:22 -0700
From: Jens Taprogge <>
Subject: Slight PCMCIA improvement with 2.4.0-test3pre4
Sender: linux-kernel-owner@vger.kernel.org
Precedence: bulk
List-ID: <linux-kernel.vger.kernel.org>
X-Mailing-List: linux-kernel@vger.kernel.org
X-Lkml-Link: https://lkml.org/lkml/2000/7/6/169

I have found a slight improvement with 2.4.0test3pre4: 
My modem card seems to be working fine now. My D-Link DE-660 still isn't:
It says that it does not get therequested irq. I also found that cardmgr complains about not finding 8390.o.
All PCMCIA drivers are compiled into the kernel. I am using cardmgr version 3.1.11.
Attached are the output of dmesg and an etract from my logfiles.
If you would like more info, please let me know
Jens
-- 
Jens Taprogge
e-mail:taprogge@idg.rwth-aachen.de
icq: 18040768
Linux version 2.4.0-test3 (root@al) (gcc version 2.95.2 20000220 (Debian GNU/Linux)) #5 Thu Jul 6 09:43:07 PDT 2000
BIOS-provided physical RAM map:
 e820: 000000000009fc00 @ 0000000000000000 (usable)
 e820: 0000000000000400 @ 000000000009fc00 (reserved)
 e820: 0000000000004000 @ 00000000000e8000 (reserved)
 e820: 0000000000010000 @ 00000000000f0000 (reserved)
 e820: 0000000005ef0000 @ 0000000000100000 (usable)
 e820: 0000000000010000 @ 0000000005ff0000 (ACPI data)
 e820: 0000000000016e00 @ 00000000100a0000 (reserved)
 e820: 0000000000000200 @ 00000000100b6e00 (ACPI NVS)
 e820: 0000000000049000 @ 00000000100b7000 (reserved)
 e820: 0000000000080000 @ 00000000fff80000 (reserved)
Scan SMP from c0000000 for 1024 bytes.
Scan SMP from c009fc00 for 1024 bytes.
Scan SMP from c00f0000 for 65536 bytes.
Scan SMP from c009fc00 for 4096 bytes.
On node 0 totalpages: 24576
zone(0): 4096 pages.
zone(1): 20480 pages.
zone(2): 0 pages.
mapped APIC to ffffe000 (011b2000)
Kernel command line: BOOT_IMAGE=4 root=302 BOOT_FILE=/boot/vmlinuz mem=96M; parport=0x378,auto; video=vesa; pci=biosirq
Initializing CPU#0
Detected 233298043 Hz processor.
Console: colour dummy device 80x25
Calibrating delay loop... 465.31 BogoMIPS
Memory: 93892k/98304k available (1714k kernel code, 4024k reserved, 120k data, 212k init, 0k highmem)
Dentry-cache hash table entries: 16384 (order: 5, 131072 bytes)
Buffer-cache hash table entries: 4096 (order: 2, 16384 bytes)
Page-cache hash table entries: 32768 (order: 5, 131072 bytes)
kmem_create: Poisoning requested, but con given - bdev_cache
Inode-cache hash table entries: 8192 (order: 4, 65536 bytes)
kmem_create: Poisoning requested, but con given - inode_cache
CPU: Intel Pentium II (Deschutes) stepping 00
Checking 386/387 coupling... OK, FPU using exception 16 error reporting.
Checking 'hlt' instruction... OK.
POSIX conformance testing by UNIFIX
mtrr: v1.36 (20000221) Richard Gooch (rgooch@atnf.csiro.au)
PCI: PCI BIOS revision 2.10 entry at 0xf1927, last bus=21
PCI: Using configuration type 1
PCI: Probing PCI hardware
PCI: Using IRQ router PIIX [8086/122e] at 00:07.0
PCI: Found IRQ 11 for device 00:02.0
PCI: Found IRQ 11 for device 00:02.1
PCI: Cannot allocate resource region 4 of device 00:07.1
Limiting direct PCI/PCI transfers.
isapnp: Scanning for Pnp cards...
isapnp: No Plug & Play device found
Linux NET4.0 for Linux 2.3
Based upon Swansea University Computer Society NET3.039
kmem_create: Poisoning requested, but con given - skbuff_head_cache
NET4: Unix domain sockets 1.0/SMP for Linux NET4.0.
NET4: Linux TCP/IP 1.0 for NET4.0
IP Protocols: ICMP, UDP, TCP
IP: routing cache hash table of 512 buckets, 4Kbytes
TCP: Hash tables configured (established 8192 bind 8192)
IrDA (tm) Protocols for Linux-2.3 (Dag Brattli)
get_random_bytes called before random driver initialization
get_random_bytes called before random driver initialization
get_random_bytes called before random driver initialization
IrCOMM protocol (Dag Brattli)
P6 Microcode Update Driver v1.05 registered
apm: BIOS version 1.2 Flags 0x02 (Driver version 1.13)
Starting kswapd v1.6
kmem_create: Poisoning requested, but con given - file lock cache
0x378: FIFO is 16 bytes
0x378: writeIntrThreshold is 8
0x378: readIntrThreshold is 8
0x378: PWord is 8 bits
0x378: Interrupts are ISA-Pulses
0x378: ECP port cfgA=0x10 cfgB=0x4b
0x378: ECP settings irq=7 dma=3
parport0: PC-style at 0x378 (0x778), irq 7, using FIFO [PCSPP,TRISTATE,COMPAT,ECP]
parport0: cpp_daisy: aa5500ff(38)
parport0: assign_addrs: aa5500ff(38)
parport0: cpp_daisy: aa5500ff(38)
parport0: assign_addrs: aa5500ff(38)
vesafb: framebuffer at 0xfe000000, mapped to 0xc6800000, size 2048k
vesafb: mode is 800x600x8, linelength=800, pages=0
vesafb: protected mode interface info at c000:96e0
vesafb: scrolling: redraw
Console: switching to colour frame buffer device 100x37
fb0: VESA VGA frame buffer device
pty: 256 Unix98 ptys configured
lp0: using parport0 (interrupt-driven).
Uniform Multi-Platform E-IDE driver Revision: 6.31
ide: Assuming 33MHz system bus speed for PIO modes; override with idebus=xx
PIIX4: IDE controller on PCI bus 00 dev 39
PIIX4: chipset revision 1
PIIX4: not 100% native mode: will probe irqs later
    ide0: BM-DMA at 0x1000-0x1007, BIOS settings: hda:DMA, hdb:pio
    ide1: BM-DMA at 0x1008-0x100f, BIOS settings: hdc:DMA, hdd:pio
hda: TOSHIBA MK4006MAV, ATA DISK drive
hdc: CD-224E, ATAPI CDROM drive
ide0 at 0x1f0-0x1f7,0x3f6 on irq 14
ide1 at 0x170-0x177,0x376 on irq 15
hda: 8007552 sectors (4100 MB), CHS=993/128/63, UDMA(33)
hdc: ATAPI 24X CD-ROM drive, 128kB Cache, DMA
Uniform CD-ROM driver Revision: 3.11
Partition check:
 hda: hda1 hda2 hda3 hda4
Floppy drive(s): fd0 is 1.44M
FDC 0 is an 8272A
NTFS version 000607
Serial driver version 5.01 (2000-05-29) with MANY_PORTS SHARE_IRQ SERIAL_PCI ISAPNP enabled
ttyS00 at 0x03f8 (irq = 4) is a 16550A
Real Time Clock Driver v1.10c
PPP generic driver version 2.4.1
PPP Deflate Compression module registered
Linux PCMCIA Card Services 3.1.11
  options:  [pci] [cardbus] [pm]
Yenta IRQ list 0000, PCI irq11
Socket status: ffffffff
Yenta IRQ list 0418, PCI irq11
Socket status: 30000001
Intel PCIC probe: not found.
kmem_create: Forcing size word alignment - nfs_fh
VFS: Mounted root (ext2 filesystem) readonly.
Freeing unused kernel memory: 212k freed
Adding Swap: 60384k swap-space (priority -1)
NET4: Linux IPX 0.38 for NET4.0
IPX Portions Copyright (c) 1995 Caldera, Inc.
cs: IO port probe 0x0c00-0x0cff: clean.
cs: IO port probe 0x0800-0x08ff: clean.
cs: IO port probe 0x0100-0x04ff: excluding 0x220-0x22f 0x330-0x337 0x388-0x38f 0x4d0-0x4d7
cs: IO port probe 0x0a00-0x0aff: clean.
cs: memory probe 0xa0000000-0xa0ffffff: clean.
pcnet_cs: RequestIRQ: Resource in use
ttyS01 at port 0x02f8 (irq = 3) is a 16550A
ToshOboe: Found 701 chip at 0xff80 irq 11
IrDA: Registered device irda0
ToshOboe: Using single tasks, version $Id: toshoboe.c,v 1.91 1999/06/29 14:21:06 root Exp $
Trying to open MFT
Jul  6 16:00:10 avery-32 cardmgr[275]: starting, version is 3.1.16
Jul  6 16:00:10 avery-32 cardmgr[275]: watching 2 sockets
Jul  6 16:00:10 avery-32 cardmgr[275]: Card Services release does not match
Jul  6 16:00:10 avery-32 cardmgr[275]: initializing socket 0
Jul  6 16:00:10 avery-32 cardmgr[275]: socket 0: D-Link DE-660 Ethernet
Jul  6 16:00:11 avery-32 cardmgr[275]: executing: 'modprobe 8390'
Jul  6 16:00:11 avery-32 cardmgr[275]: + modprobe: Can't locate module 8390
Jul  6 16:00:11 avery-32 cardmgr[275]: modprobe exited with status 255
Jul  6 16:00:11 avery-32 cardmgr[275]: module /lib/modules/2.4.0-test3/pcmcia/8390.o not available