Date: Sat, 23 Jul 2005 14:28:14 +1200
From: mdew <>
Subject: HPT370 errors under 2.6.13-rc3-mm1
Sender: linux-kernel-owner@vger.kernel.org
Precedence: bulk
List-ID: <linux-kernel.vger.kernel.org>
X-Mailing-List: linux-kernel@vger.kernel.org
X-Lkml-Link: https://lkml.org/lkml/2005/7/22/214

I'm unable to mount an ext2 drive using the hpt370A raid card.
upon mounting the drive, dmesg will spew these errors..I've tried
different cables and drive is fine.
Jul 23 01:30:11 localhost kernel: hdf: dma_timer_expiry: dma status == 0x41
Jul 23 01:30:21 localhost kernel: hdf: DMA timeout error
Jul 23 01:30:21 localhost kernel: hdf: dma timeout error: status=0x25
{ DeviceFault CorrectedError Error }
Jul 23 01:30:21 localhost kernel: hdf: dma timeout error: error=0x25 {
DriveStatusError AddrMarkNotFound }, LBAsect=8830589412645,
high=526344, low=2434341, sector=390715711
Jul 23 01:30:21 localhost kernel: ide: failed opcode was: unknown
Jul 23 01:30:21 localhost kernel: hdf: DMA disabled
Jul 23 01:30:21 localhost kernel: ide2: reset: master: error (0x0a?)
Jul 23 01:30:21 localhost kernel: end_request: I/O error, dev hdf,
sector 390715711
Jul 23 01:30:21 localhost kernel: end_request: I/O error, dev hdf,
sector 390715712
[...]
Jul 23 01:27:53 localhost kernel: Linux version 2.6.13-rc3-mm1 (root@mediabawx2) (gcc version 4.0.1 (Debian 4.0.1-2)) #6 PREEMPT Fri Jul 22 07:02:18 NZST 2005
Jul 23 01:27:53 localhost kernel: BIOS-provided physical RAM map:
Jul 23 01:27:53 localhost kernel:  BIOS-e820: 0000000000000000 - 000000000009e800 (usable)
Jul 23 01:27:53 localhost kernel:  BIOS-e820: 000000000009e800 - 00000000000a0000 (reserved)
Jul 23 01:27:53 localhost kernel:  BIOS-e820: 00000000000f0000 - 0000000000100000 (reserved)
Jul 23 01:27:53 localhost kernel:  BIOS-e820: 0000000000100000 - 000000000fff0000 (usable)
Jul 23 01:27:53 localhost kernel:  BIOS-e820: 000000000fff0000 - 000000000fff3000 (ACPI NVS)
Jul 23 01:27:53 localhost kernel:  BIOS-e820: 000000000fff3000 - 0000000010000000 (ACPI data)
Jul 23 01:27:53 localhost kernel:  BIOS-e820: 00000000fec00000 - 00000000fec01000 (reserved)
Jul 23 01:27:53 localhost kernel:  BIOS-e820: 00000000fee00000 - 00000000fee01000 (reserved)
Jul 23 01:27:53 localhost kernel:  BIOS-e820: 00000000ffff0000 - 0000000100000000 (reserved)
Jul 23 01:27:53 localhost kernel: 255MB LOWMEM available.
Jul 23 01:27:53 localhost kernel: DMI 2.3 present.
Jul 23 01:27:53 localhost kernel: Allocating PCI resources starting at 10000000 (gap: 10000000:eec00000)
Jul 23 01:27:53 localhost kernel: Built 1 zonelists
Jul 23 01:27:53 localhost kernel: Initializing CPU#0
Jul 23 01:27:53 localhost kernel: Kernel command line: BOOT_IMAGE=linux-2.6 ro root=341
Jul 23 01:27:53 localhost kernel: PID hash table entries: 1024 (order: 10, 16384 bytes)
Jul 23 01:27:53 localhost kernel: Detected 1665.601 MHz processor.
Jul 23 01:27:53 localhost kernel: Using tsc for high-res timesource
Jul 23 01:27:53 localhost kernel: Console: colour VGA+ 80x25
Jul 23 01:27:53 localhost kernel: Dentry cache hash table entries: 65536 (order: 6, 262144 bytes)
Jul 23 01:27:53 localhost kernel: Inode-cache hash table entries: 32768 (order: 5, 131072 bytes)
Jul 23 01:27:53 localhost kernel: Memory: 254432k/262080k available (3173k kernel code, 7072k reserved, 1071k data, 164k init, 0k highmem)
Jul 23 01:27:53 localhost kernel: Checking if this processor honours the WP bit even in supervisor mode... Ok.
Jul 23 01:27:53 localhost kernel: Calibrating delay using timer specific routine.. 3336.50 BogoMIPS (lpj=6673003)
Jul 23 01:27:53 localhost kernel: Mount-cache hash table entries: 512
Jul 23 01:27:53 localhost kernel: CPU: L1 I Cache: 64K (64 bytes/line), D cache 64K (64 bytes/line)
Jul 23 01:27:53 localhost kernel: CPU: L2 Cache: 256K (64 bytes/line)
Jul 23 01:27:53 localhost kernel: Intel machine check architecture supported.
Jul 23 01:27:53 localhost kernel: Intel machine check reporting enabled on CPU#0.
Jul 23 01:27:53 localhost kernel: mtrr: v2.0 (20020519)
Jul 23 01:27:53 localhost kernel: CPU: AMD Athlon(tm) XP 2000+ stepping 00
Jul 23 01:27:53 localhost kernel: Enabling fast FPU save and restore... done.
Jul 23 01:27:53 localhost kernel: Enabling unmasked SIMD FPU exception support... done.
Jul 23 01:27:53 localhost kernel: Checking 'hlt' instruction... OK.
Jul 23 01:27:53 localhost kernel: ACPI: setting ELCR to 0200 (from 0e28)
Jul 23 01:27:53 localhost kernel: NET: Registered protocol family 16
Jul 23 01:27:53 localhost kernel: ACPI: bus type pci registered
Jul 23 01:27:53 localhost kernel: PCI: PCI BIOS revision 2.10 entry at 0xfba00, last bus=1
Jul 23 01:27:53 localhost kernel: PCI: Using configuration type 1
Jul 23 01:27:53 localhost kernel: ACPI: Subsystem revision 20050408
Jul 23 01:27:53 localhost kernel: ACPI: Interpreter enabled
Jul 23 01:27:53 localhost kernel: ACPI: Using PIC for interrupt routing
Jul 23 01:27:53 localhost kernel: ACPI: PCI Root Bridge [PCI0] (0000:00)
Jul 23 01:27:53 localhost kernel: PCI: Probing PCI hardware (bus 00)
Jul 23 01:27:53 localhost kernel: ACPI: Assume root bridge [\_SB_.PCI0] segment is 0
Jul 23 01:27:53 localhost kernel: ACPI: Assume root bridge [\_SB_.PCI0] bus is 0Jul 23 01:27:53 localhost kernel: ACPI: PCI Interrupt Link [LNKA] (IRQs 3 4 6 7 10 *11 12)
Jul 23 01:27:53 localhost kernel: ACPI: PCI Interrupt Link [LNKB] (IRQs 3 4 6 7 10 11 12) *5
Jul 23 01:27:53 localhost kernel: ACPI: PCI Interrupt Link [LNKC] (IRQs 3 4 6 7 *10 11 12)
Jul 23 01:27:53 localhost kernel: ACPI: PCI Interrupt Link [LNKD] (IRQs *3 4 6 7 10 11 12)
Jul 23 01:27:53 localhost kernel: ACPI: PCI Interrupt Link [LNKE] (IRQs 3 4 6 7 10 11 12) *0, disabled.
Jul 23 01:27:53 localhost kernel: ACPI: PCI Interrupt Link [LNKF] (IRQs 3 4 6 7 10 11 12) *0, disabled.
Jul 23 01:27:53 localhost kernel: ACPI: PCI Interrupt Link [LNK0] (IRQs 3 4 6 7 10 11 12) *0, disabled.
Jul 23 01:27:53 localhost kernel: ACPI: PCI Interrupt Link [LNK1] (IRQs 3 4 6 7 10 11 12) *0, disabled.
Jul 23 01:27:53 localhost kernel: ACPI: PCI Interrupt Link [ALKA] (IRQs 20) *0, disabled.
Jul 23 01:27:53 localhost kernel: ACPI: PCI Interrupt Link [ALKB] (IRQs 21) *0, disabled.
Jul 23 01:27:53 localhost kernel: ACPI: PCI Interrupt Link [ALKC] (IRQs 22) *0, disabled.
Jul 23 01:27:53 localhost kernel: ACPI: PCI Interrupt Link [ALKD] (IRQs 23) *0, disabled.
Jul 23 01:27:53 localhost kernel: Linux Plug and Play Support v0.97 (c) Adam Belay
Jul 23 01:27:53 localhost kernel: pnp: PnP ACPI init
Jul 23 01:27:53 localhost kernel: pnp: PnP ACPI: found 12 devices
Jul 23 01:27:53 localhost kernel: SCSI subsystem initialized
Jul 23 01:27:53 localhost kernel: usbcore: registered new driver usbfs
Jul 23 01:27:53 localhost kernel: usbcore: registered new driver hub
Jul 23 01:27:53 localhost kernel: PCI: Using ACPI for IRQ routing
Jul 23 01:27:53 localhost kernel: PCI: If a device doesn't work, try "pci=routeirq".  If it helps, post a report
Jul 23 01:27:53 localhost kernel: fscache: general fs caching registered
Jul 23 01:27:53 localhost kernel: pnp: 00:01: ioport range 0x4000-0x407f could not be reserved
Jul 23 01:27:53 localhost kernel: pnp: 00:01: ioport range 0x5000-0x500f has been reserved
Jul 23 01:27:53 localhost kernel: Machine check exception polling timer started.Jul 23 01:27:53 localhost kernel: NTFS driver 2.1.23 [Flags: R/O].
Jul 23 01:27:53 localhost kernel: Initializing Cryptographic API
Jul 23 01:27:53 localhost kernel: ACPI: Power Button (FF) [PWRF]
Jul 23 01:27:53 localhost kernel: ACPI: Power Button (CM) [PWRB]
Jul 23 01:27:53 localhost kernel: ACPI: Fan [FAN] (on)
Jul 23 01:27:53 localhost kernel: Disabling BM access before entering C3
Jul 23 01:27:53 localhost kernel: ACPI: CPU0 (power states: C1[C1] C2[C2])
Jul 23 01:27:53 localhost kernel: ACPI: Thermal Zone [THRM] (40 C)
Jul 23 01:27:53 localhost kernel: Linux agpgart interface v0.101 (c) Dave Jones
Jul 23 01:27:53 localhost kernel: [drm] Initialized drm 1.0.0 20040925
Jul 23 01:27:53 localhost kernel: cn_fork is registered
Jul 23 01:27:53 localhost kernel: cn_exit is registered
Jul 23 01:27:53 localhost kernel: PNP: PS/2 Controller [PNP0303:PS2K,PNP0f13:PS2M] at 0x60,0x64 irq 1,12
Jul 23 01:27:53 localhost kernel: serio: i8042 AUX port at 0x60,0x64 irq 12
Jul 23 01:27:53 localhost kernel: serio: i8042 KBD port at 0x60,0x64 irq 1
Jul 23 01:27:53 localhost kernel: Serial: 8250/16550 driver $Revision: 1.90 $ 4 ports, IRQ sharing disabled
Jul 23 01:27:53 localhost kernel: ttyS0 at I/O 0x3f8 (irq = 4) is a 16550A
Jul 23 01:27:53 localhost kernel: ttyS0 at I/O 0x3f8 (irq = 4) is a 16550A
Jul 23 01:27:53 localhost kernel: mice: PS/2 mouse device common for all mice
Jul 23 01:27:53 localhost kernel: io scheduler noop registered
Jul 23 01:27:53 localhost kernel: io scheduler anticipatory registered
Jul 23 01:27:53 localhost kernel: io scheduler deadline registered
Jul 23 01:27:53 localhost kernel: io scheduler cfq registered
Jul 23 01:27:53 localhost kernel: Floppy drive(s): fd0 is 1.44M
Jul 23 01:27:53 localhost kernel: FDC 0 is a post-1991 82077
Jul 23 01:27:53 localhost kernel: 8139too Fast Ethernet driver 0.9.27
Jul 23 01:27:53 localhost kernel: ACPI: PCI Interrupt Link [LNKC] enabled at IRQ 10
Jul 23 01:27:53 localhost kernel: PCI: setting IRQ 10 as level-triggered
Jul 23 01:27:53 localhost kernel: ACPI: PCI Interrupt 0000:00:0b.0[A] -> Link [LNKC] -> GSI 10 (level, low) -> IRQ 10
Jul 23 01:27:53 localhost kernel: eth0: RealTek RTL8139 at 0xd800, 00:40:ca:4a:4e:71, IRQ 10
Jul 23 01:27:53 localhost kernel: Uniform Multi-Platform E-IDE driver Revision: 7.00alpha2
Jul 23 01:27:53 localhost kernel: ide: Assuming 33MHz system bus speed for PIO modes; override with idebus=xx
Jul 23 01:27:53 localhost kernel: HPT370A: IDE controller at PCI slot 0000:00:08.0
Jul 23 01:27:53 localhost kernel: ACPI: PCI Interrupt Link [LNKA] enabled at IRQ 11
Jul 23 01:27:53 localhost kernel: PCI: setting IRQ 11 as level-triggered
Jul 23 01:27:53 localhost kernel: ACPI: PCI Interrupt 0000:00:08.0[A] -> Link [LNKA] -> GSI 11 (level, low) -> IRQ 11
Jul 23 01:27:53 localhost kernel: HPT370A: chipset revision 4
Jul 23 01:27:53 localhost kernel: HPT370A: 100%% native mode on irq 11
Jul 23 01:27:53 localhost kernel:     ide2: BM-DMA at 0xd000-0xd007, BIOS settings: hde:pio, hdf:DMA
Jul 23 01:27:53 localhost kernel:     ide3: BM-DMA at 0xd008-0xd00f, BIOS settings: hdg:pio, hdh:pio
Jul 23 01:27:53 localhost kernel: input: AT Translated Set 2 keyboard on isa0060/serio0
Jul 23 01:27:53 localhost kernel: input: ImExPS/2 Generic Explorer Mouse on isa0060/serio1
Jul 23 01:27:53 localhost kernel: hdf: ST3200822A, ATA DISK drive
Jul 23 01:27:53 localhost kernel: ide2 at 0xc000-0xc007,0xc402 on irq 11
Jul 23 01:27:53 localhost kernel: VP_IDE: IDE controller at PCI slot 0000:00:11.1
Jul 23 01:27:53 localhost kernel: ACPI: PCI Interrupt 0000:00:11.1[A] -> Link [LNKA] -> GSI 11 (level, low) -> IRQ 11
Jul 23 01:27:53 localhost kernel: PCI: Via IRQ fixup for 0000:00:11.1, from 255 to 11
Jul 23 01:27:53 localhost kernel: VP_IDE: chipset revision 6
Jul 23 01:27:53 localhost kernel: VP_IDE: not 100%% native mode: will probe irqs later
Jul 23 01:27:53 localhost kernel: VP_IDE: VIA vt8235 (rev 00) IDE UDMA133 controller on pci0000:00:11.1
Jul 23 01:27:53 localhost kernel:     ide0: BM-DMA at 0xe800-0xe807, BIOS settings: hda:pio, hdb:DMA
Jul 23 01:27:53 localhost kernel:     ide1: BM-DMA at 0xe808-0xe80f, BIOS settings: hdc:pio, hdd:pio
Jul 23 01:27:53 localhost kernel: hdb: Maxtor 2F040J0, ATA DISK drive
Jul 23 01:27:53 localhost kernel: ide0 at 0x1f0-0x1f7,0x3f6 on irq 14
Jul 23 01:27:53 localhost kernel: hdf: max request size: 1024KiB
Jul 23 01:27:53 localhost kernel: hdf: Host Protected Area detected.
Jul 23 01:27:53 localhost kernel: ^Icurrent capacity is 390720512 sectors (200048 MB)
Jul 23 01:27:53 localhost kernel: ^Inative  capacity is 390721968 sectors (200049 MB)
Jul 23 01:27:53 localhost kernel: hdf: Host Protected Area disabled.
Jul 23 01:27:53 localhost kernel: hdf: 390721968 sectors (200049 MB) w/8192KiB Cache, CHS=24321/255/63, UDMA(33)
Jul 23 01:27:53 localhost kernel: hdf: cache flushes supported
Jul 23 01:27:53 localhost kernel:  hdf:<4>hdf: dma_timer_expiry: dma status == 0x41
Jul 23 01:27:53 localhost kernel: hdf: DMA timeout error
Jul 23 01:27:53 localhost kernel: hdf: dma timeout error: status=0x25 { DeviceFault CorrectedError Error }
Jul 23 01:27:53 localhost kernel: hdf: dma timeout error: error=0x25 { DriveStatusError AddrMarkNotFound }, LBAsect=8830589412645, high=526344, low=2434341, sector=0
Jul 23 01:27:53 localhost kernel: ide: failed opcode was: unknown
Jul 23 01:27:53 localhost kernel: hdf: DMA disabled
Jul 23 01:27:53 localhost kernel: ide2: reset: master: error (0x0a?)
Jul 23 01:27:53 localhost kernel:  hdf1
Jul 23 01:27:53 localhost kernel: hdb: max request size: 128KiB
Jul 23 01:27:53 localhost kernel: hdb: Host Protected Area detected.
Jul 23 01:27:53 localhost kernel: ^Icurrent capacity is 80291840 sectors (41109 MB)
Jul 23 01:27:53 localhost kernel: ^Inative  capacity is 80293248 sectors (41110 MB)
Jul 23 01:27:53 localhost kernel: hdb: Host Protected Area disabled.
Jul 23 01:27:53 localhost kernel: hdb: 80293248 sectors (41110 MB) w/2048KiB Cache, CHS=65535/16/63, UDMA(133)
Jul 23 01:27:53 localhost kernel: hdb: cache flushes supported
Jul 23 01:27:53 localhost kernel:  hdb: hdb1 hdb2 < hdb5 >
Jul 23 01:27:53 localhost kernel: usbmon: debugs is not available
Jul 23 01:27:53 localhost kernel: ACPI: PCI Interrupt Link [LNKD] enabled at IRQ 3
Jul 23 01:27:53 localhost kernel: PCI: setting IRQ 3 as level-triggered
Jul 23 01:27:53 localhost kernel: ACPI: PCI Interrupt 0000:00:10.3[D] -> Link [LNKD] -> GSI 3 (level, low) -> IRQ 3
Jul 23 01:27:53 localhost kernel: PCI: Via IRQ fixup for 0000:00:10.3, from 255 to 3
Jul 23 01:27:53 localhost kernel: ehci_hcd 0000:00:10.3: VIA Technologies, Inc. USB 2.0
Jul 23 01:27:53 localhost kernel: ehci_hcd 0000:00:10.3: new USB bus registered, assigned bus number 1
Jul 23 01:27:53 localhost kernel: ehci_hcd 0000:00:10.3: irq 3, io mem 0xe7001000
Jul 23 01:27:53 localhost kernel: ehci_hcd 0000:00:10.3: USB 2.0 initialized, EHCI 1.00, driver 10 Dec 2004
Jul 23 01:27:53 localhost kernel: hub 1-0:1.0: USB hub found
Jul 23 01:27:53 localhost kernel: hub 1-0:1.0: 6 ports detected
Jul 23 01:27:53 localhost kernel: USB Universal Host Controller Interface driver v2.3
Jul 23 01:27:53 localhost kernel: ACPI: PCI Interrupt 0000:00:10.0[A] -> Link [LNKA] -> GSI 11 (level, low) -> IRQ 11
Jul 23 01:27:53 localhost kernel: PCI: Via IRQ fixup for 0000:00:10.0, from 255 to 11
Jul 23 01:27:53 localhost kernel: uhci_hcd 0000:00:10.0: VIA Technologies, Inc. VT82xxxxx UHCI USB 1.1 Controller
Jul 23 01:27:53 localhost kernel: uhci_hcd 0000:00:10.0: new USB bus registered, assigned bus number 2
Jul 23 01:27:53 localhost kernel: uhci_hcd 0000:00:10.0: irq 11, io base 0x0000dc00
Jul 23 01:27:53 localhost kernel: hub 2-0:1.0: USB hub found
Jul 23 01:27:53 localhost kernel: hub 2-0:1.0: 2 ports detected
Jul 23 01:27:53 localhost kernel: ACPI: PCI Interrupt Link [LNKB] enabled at IRQ 11
Jul 23 01:27:53 localhost kernel: ACPI: PCI Interrupt 0000:00:10.1[B] -> Link [LNKB] -> GSI 11 (level, low) -> IRQ 11
Jul 23 01:27:53 localhost kernel: PCI: Via IRQ fixup for 0000:00:10.1, from 255 to 11
Jul 23 01:27:53 localhost kernel: uhci_hcd 0000:00:10.1: VIA Technologies, Inc. VT82xxxxx UHCI USB 1.1 Controller (#2)
Jul 23 01:27:53 localhost kernel: uhci_hcd 0000:00:10.1: new USB bus registered, assigned bus number 3
Jul 23 01:27:53 localhost kernel: uhci_hcd 0000:00:10.1: irq 11, io base 0x0000e000
Jul 23 01:27:53 localhost kernel: hub 3-0:1.0: USB hub found
Jul 23 01:27:53 localhost kernel: hub 3-0:1.0: 2 ports detected
Jul 23 01:27:53 localhost kernel: ACPI: PCI Interrupt 0000:00:10.2[C] -> Link [LNKC] -> GSI 10 (level, low) -> IRQ 10
Jul 23 01:27:53 localhost kernel: PCI: Via IRQ fixup for 0000:00:10.2, from 255 to 10
Jul 23 01:27:53 localhost kernel: uhci_hcd 0000:00:10.2: VIA Technologies, Inc. VT82xxxxx UHCI USB 1.1 Controller (#3)
Jul 23 01:27:53 localhost kernel: uhci_hcd 0000:00:10.2: new USB bus registered, assigned bus number 4
Jul 23 01:27:53 localhost kernel: uhci_hcd 0000:00:10.2: irq 10, io base 0x0000e400
Jul 23 01:27:53 localhost kernel: hub 4-0:1.0: USB hub found
Jul 23 01:27:53 localhost kernel: hub 4-0:1.0: 2 ports detected
Jul 23 01:27:53 localhost kernel: Initializing USB Mass Storage driver...
Jul 23 01:27:53 localhost kernel: usbcore: registered new driver usb-storage
Jul 23 01:27:53 localhost kernel: USB Mass Storage support registered.
Jul 23 01:27:53 localhost kernel: usbcore: registered new driver usbhid
Jul 23 01:27:53 localhost kernel: drivers/usb/input/hid-core.c: v2.6:USB HID core driver
Jul 23 01:27:53 localhost kernel: Advanced Linux Sound Architecture Driver Version 1.0.9 (Sun May 29 07:31:02 2005 UTC).
Jul 23 01:27:53 localhost kernel: ACPI: PCI Interrupt 0000:00:09.0[A] -> Link [LNKB] -> GSI 11 (level, low) -> IRQ 11
Jul 23 01:27:53 localhost kernel: ALSA device list:
Jul 23 01:27:53 localhost kernel:   #0: C-Media PCI CMI8738-MC6 (model 55) at 0xd400, irq 11
Jul 23 01:27:53 localhost kernel: oprofile: using timer interrupt.
Jul 23 01:27:53 localhost kernel: NET: Registered protocol family 2
Jul 23 01:27:53 localhost kernel: IP route cache hash table entries: 4096 (order: 2, 16384 bytes)
Jul 23 01:27:53 localhost kernel: TCP established hash table entries: 16384 (order: 5, 131072 bytes)
Jul 23 01:27:53 localhost kernel: TCP bind hash table entries: 16384 (order: 4, 65536 bytes)
Jul 23 01:27:53 localhost kernel: TCP: Hash tables configured (established 16384 bind 16384)
Jul 23 01:27:53 localhost kernel: TCP reno registered
Jul 23 01:27:53 localhost kernel: ip_conntrack version 2.1 (2047 buckets, 16376 max) - 248 bytes per conntrack
Jul 23 01:27:53 localhost kernel: ip_tables: (C) 2000-2002 Netfilter core team
Jul 23 01:27:53 localhost kernel: usb 3-1: new low speed USB device using uhci_hcd and address 2
Jul 23 01:27:53 localhost kernel: ipt_recent v0.3.1: Stephen Frost <sfrost@snowman.net>.  
http://snowman.net/projects/ipt_recent/
Jul 23 01:27:53 localhost kernel: arp_tables: (C) 2002 David S. Miller
Jul 23 01:27:53 localhost kernel: TCP bic registered
Jul 23 01:27:53 localhost kernel: NET: Registered protocol family 1
Jul 23 01:27:53 localhost kernel: NET: Registered protocol family 17
Jul 23 01:27:53 localhost kernel: Using IPI Shortcut mode
Jul 23 01:27:53 localhost kernel: ACPI wakeup devices:
Jul 23 01:27:53 localhost kernel: PCI0 USB0 USB1 USB2 USB6 USB7 USB8 USB9 UAR1 ECP1
Jul 23 01:27:53 localhost kernel: ACPI: (supports S0 S1 S3 S4 S5)
Jul 23 01:27:53 localhost kernel: EXT3-fs: INFO: recovery required on readonly filesystem.
Jul 23 01:27:53 localhost kernel: EXT3-fs: write access will be enabled during recovery.
Jul 23 01:27:53 localhost kernel: EXT3-fs: hdb1: orphan cleanup on readonly fs
Jul 23 01:27:53 localhost kernel: EXT3-fs: hdb1: 3 orphan inodes deleted
Jul 23 01:27:53 localhost kernel: EXT3-fs: recovery complete.
Jul 23 01:27:53 localhost kernel: kjournald starting.  Commit interval 5 secondsJul 23 01:27:53 localhost kernel: EXT3-fs: mounted filesystem with ordered data mode.
Jul 23 01:27:53 localhost kernel: VFS: Mounted root (ext3 filesystem) readonly.
Jul 23 01:27:53 localhost kernel: Freeing unused kernel memory: 164k freed
Jul 23 01:27:53 localhost kernel: Adding 666656k swap on /dev/hdb5.  Priority:-1 extents:1 across:666656k
Jul 23 01:27:53 localhost kernel: EXT3 FS on hdb1, internal journal
Jul 23 01:27:53 localhost kernel: ati_remote 3-1:1.0: Input registered: X10 Wireless Technology Inc USB Receiver on usb-0000:00:10.1-1
Jul 23 01:27:53 localhost kernel: usbcore: registered new driver ati_remote
Jul 23 01:27:53 localhost kernel: drivers/usb/input/ati_remote.c: Registered USB driver ATI/X10 RF USB Remote Control v. 2.2.1
Jul 23 01:27:53 localhost kernel: drivers/usb/input/ati_remote.c: Weird data, len=1 ff 00 00 00 00 00 ...
Jul 23 01:27:53 localhost kernel: eth0: link up, 100Mbps, full-duplex, lpa 0x45E1
Jul 23 01:30:11 localhost kernel: hdf: dma_timer_expiry: dma status == 0x41
Jul 23 01:30:21 localhost kernel: hdf: DMA timeout error
Jul 23 01:30:21 localhost kernel: hdf: dma timeout error: status=0x25 { DeviceFault CorrectedError Error }
Jul 23 01:30:21 localhost kernel: hdf: dma timeout error: error=0x25 { DriveStatusError AddrMarkNotFound }, LBAsect=8830589412645, high=526344, low=2434341, sector=390715711
Jul 23 01:30:21 localhost kernel: ide: failed opcode was: unknown
Jul 23 01:30:21 localhost kernel: hdf: DMA disabled
Jul 23 01:30:21 localhost kernel: ide2: reset: master: error (0x0a?)
Jul 23 01:30:21 localhost kernel: end_request: I/O error, dev hdf, sector 390715711
Jul 23 01:30:21 localhost kernel: end_request: I/O error, dev hdf, sector 390715712
Jul 23 01:30:21 localhost kernel: end_request: I/O error, dev hdf, sector 390715713
Jul 23 01:30:21 localhost kernel: end_request: I/O error, dev hdf, sector 390715714
Jul 23 01:30:21 localhost kernel: end_request: I/O error, dev hdf, sector 390715715
Jul 23 01:30:21 localhost kernel: end_request: I/O error, dev hdf, sector 390715716
Jul 23 01:30:21 localhost kernel: end_request: I/O error, dev hdf, sector 390715717
Jul 23 01:30:21 localhost kernel: end_request: I/O error, dev hdf, sector 390715718
Jul 23 01:30:21 localhost kernel: end_request: I/O error, dev hdf, sector 390715711
Jul 23 01:30:21 localhost kernel: end_request: I/O error, dev hdf, sector 390715712
Jul 23 01:30:21 localhost kernel: end_request: I/O error, dev hdf, sector 390715713
Jul 23 01:30:21 localhost kernel: end_request: I/O error, dev hdf, sector 390715714
Jul 23 01:30:21 localhost kernel: end_request: I/O error, dev hdf, sector 390715715
Jul 23 01:30:21 localhost kernel: end_request: I/O error, dev hdf, sector 390715716
Jul 23 01:30:21 localhost kernel: end_request: I/O error, dev hdf, sector 390715717
Jul 23 01:30:21 localhost kernel: end_request: I/O error, dev hdf, sector 390715718
Jul 23 01:30:21 localhost kernel: end_request: I/O error, dev hdf, sector 63
Jul 23 01:30:21 localhost kernel: end_request: I/O error, dev hdf, sector 64
Jul 23 01:30:21 localhost kernel: end_request: I/O error, dev hdf, sector 65
Jul 23 01:30:21 localhost kernel: end_request: I/O error, dev hdf, sector 66
Jul 23 01:30:21 localhost kernel: end_request: I/O error, dev hdf, sector 67
Jul 23 01:30:21 localhost kernel: end_request: I/O error, dev hdf, sector 68
Jul 23 01:30:21 localhost kernel: end_request: I/O error, dev hdf, sector 69
Jul 23 01:30:21 localhost kernel: end_request: I/O error, dev hdf, sector 70
Jul 23 01:30:21 localhost kernel: end_request: I/O error, dev hdf, sector 63
Jul 23 01:30:21 localhost kernel: end_request: I/O error, dev hdf, sector 64
Jul 23 01:30:21 localhost kernel: end_request: I/O error, dev hdf, sector 65
Jul 23 01:30:21 localhost kernel: end_request: I/O error, dev hdf, sector 66
Jul 23 01:30:21 localhost kernel: end_request: I/O error, dev hdf, sector 67
Jul 23 01:30:21 localhost kernel: end_request: I/O error, dev hdf, sector 68
Jul 23 01:30:21 localhost kernel: end_request: I/O error, dev hdf, sector 69
Jul 23 01:30:21 localhost kernel: end_request: I/O error, dev hdf, sector 70
Jul 23 01:30:21 localhost kernel: end_request: I/O error, dev hdf, sector 63
Jul 23 01:30:21 localhost kernel: end_request: I/O error, dev hdf, sector 64
Jul 23 01:30:21 localhost kernel: end_request: I/O error, dev hdf, sector 65
Jul 23 01:30:21 localhost kernel: end_request: I/O error, dev hdf, sector 66
Jul 23 01:30:21 localhost kernel: end_request: I/O error, dev hdf, sector 67
Jul 23 01:30:21 localhost kernel: end_request: I/O error, dev hdf, sector 68
Jul 23 01:30:21 localhost kernel: end_request: I/O error, dev hdf, sector 69
Jul 23 01:30:21 localhost kernel: end_request: I/O error, dev hdf, sector 70
Jul 23 01:30:21 localhost kernel: end_request: I/O error, dev hdf, sector 63
Jul 23 01:30:21 localhost kernel: end_request: I/O error, dev hdf, sector 64
Jul 23 01:30:21 localhost kernel: end_request: I/O error, dev hdf, sector 65
Jul 23 01:30:21 localhost kernel: end_request: I/O error, dev hdf, sector 66
Jul 23 01:30:21 localhost kernel: end_request: I/O error, dev hdf, sector 67
Jul 23 01:30:21 localhost kernel: end_request: I/O error, dev hdf, sector 68
Jul 23 01:30:21 localhost kernel: end_request: I/O error, dev hdf, sector 69
Jul 23 01:30:21 localhost kernel: end_request: I/O error, dev hdf, sector 70
Jul 23 01:30:21 localhost kernel: end_request: I/O error, dev hdf, sector 63
Jul 23 01:30:21 localhost kernel: end_request: I/O error, dev hdf, sector 64
Jul 23 01:30:21 localhost kernel: end_request: I/O error, dev hdf, sector 65
Jul 23 01:30:21 localhost kernel: end_request: I/O error, dev hdf, sector 66
Jul 23 01:30:21 localhost kernel: end_request: I/O error, dev hdf, sector 67
Jul 23 01:30:21 localhost kernel: end_request: I/O error, dev hdf, sector 68
Jul 23 01:30:21 localhost kernel: end_request: I/O error, dev hdf, sector 69
Jul 23 01:30:21 localhost kernel: end_request: I/O error, dev hdf, sector 70
Jul 23 01:30:21 localhost kernel: end_request: I/O error, dev hdf, sector 63
Jul 23 01:30:21 localhost kernel: end_request: I/O error, dev hdf, sector 64
Jul 23 01:30:21 localhost kernel: end_request: I/O error, dev hdf, sector 65
Jul 23 01:30:21 localhost kernel: end_request: I/O error, dev hdf, sector 66
Jul 23 01:30:21 localhost kernel: end_request: I/O error, dev hdf, sector 67
Jul 23 01:30:21 localhost kernel: end_request: I/O error, dev hdf, sector 68
Jul 23 01:30:21 localhost kernel: end_request: I/O error, dev hdf, sector 69
Jul 23 01:30:21 localhost kernel: end_request: I/O error, dev hdf, sector 70
Jul 23 01:30:21 localhost kernel: end_request: I/O error, dev hdf, sector 79
Jul 23 01:30:21 localhost kernel: end_request: I/O error, dev hdf, sector 80
Jul 23 01:30:21 localhost kernel: end_request: I/O error, dev hdf, sector 81
Jul 23 01:30:21 localhost kernel: end_request: I/O error, dev hdf, sector 82
Jul 23 01:30:21 localhost kernel: end_request: I/O error, dev hdf, sector 83
Jul 23 01:30:21 localhost kernel: end_request: I/O error, dev hdf, sector 84
Jul 23 01:30:21 localhost kernel: end_request: I/O error, dev hdf, sector 85
Jul 23 01:30:21 localhost kernel: end_request: I/O error, dev hdf, sector 86
Jul 23 01:30:21 localhost kernel: end_request: I/O error, dev hdf, sector 79
Jul 23 01:30:21 localhost kernel: end_request: I/O error, dev hdf, sector 80
Jul 23 01:30:21 localhost kernel: end_request: I/O error, dev hdf, sector 81
Jul 23 01:30:21 localhost kernel: end_request: I/O error, dev hdf, sector 82
Jul 23 01:30:21 localhost kernel: end_request: I/O error, dev hdf, sector 83
Jul 23 01:30:21 localhost kernel: end_request: I/O error, dev hdf, sector 84
Jul 23 01:30:21 localhost kernel: end_request: I/O error, dev hdf, sector 85
Jul 23 01:30:21 localhost kernel: end_request: I/O error, dev hdf, sector 86
Jul 23 01:30:21 localhost kernel: end_request: I/O error, dev hdf, sector 191
Jul 23 01:30:21 localhost kernel: end_request: I/O error, dev hdf, sector 192
Jul 23 01:30:21 localhost kernel: end_request: I/O error, dev hdf, sector 193
Jul 23 01:30:21 localhost kernel: end_request: I/O error, dev hdf, sector 194
Jul 23 01:30:21 localhost kernel: end_request: I/O error, dev hdf, sector 195
Jul 23 01:30:21 localhost kernel: end_request: I/O error, dev hdf, sector 196
Jul 23 01:30:21 localhost kernel: end_request: I/O error, dev hdf, sector 197
Jul 23 01:30:21 localhost kernel: end_request: I/O error, dev hdf, sector 198
Jul 23 01:30:21 localhost kernel: end_request: I/O error, dev hdf, sector 191
Jul 23 01:30:21 localhost kernel: end_request: I/O error, dev hdf, sector 192
Jul 23 01:30:21 localhost kernel: end_request: I/O error, dev hdf, sector 193
Jul 23 01:30:21 localhost kernel: end_request: I/O error, dev hdf, sector 194
Jul 23 01:30:21 localhost kernel: end_request: I/O error, dev hdf, sector 195
Jul 23 01:30:21 localhost kernel: end_request: I/O error, dev hdf, sector 196
Jul 23 01:30:21 localhost kernel: end_request: I/O error, dev hdf, sector 197
Jul 23 01:30:21 localhost kernel: end_request: I/O error, dev hdf, sector 198
Jul 23 01:30:21 localhost kernel: end_request: I/O error, dev hdf, sector 191
Jul 23 01:30:21 localhost kernel: end_request: I/O error, dev hdf, sector 192
Jul 23 01:30:21 localhost kernel: end_request: I/O error, dev hdf, sector 193
Jul 23 01:30:21 localhost kernel: end_request: I/O error, dev hdf, sector 194
Jul 23 01:30:21 localhost kernel: end_request: I/O error, dev hdf, sector 195
Jul 23 01:30:21 localhost kernel: end_request: I/O error, dev hdf, sector 196
Jul 23 01:30:21 localhost kernel: end_request: I/O error, dev hdf, sector 197
Jul 23 01:30:21 localhost kernel: end_request: I/O error, dev hdf, sector 198
Jul 23 01:30:21 localhost kernel: end_request: I/O error, dev hdf, sector 191
Jul 23 01:30:21 localhost kernel: end_request: I/O error, dev hdf, sector 192
Jul 23 01:30:21 localhost kernel: end_request: I/O error, dev hdf, sector 193
Jul 23 01:30:21 localhost kernel: end_request: I/O error, dev hdf, sector 194
Jul 23 01:30:21 localhost kernel: end_request: I/O error, dev hdf, sector 195
Jul 23 01:30:21 localhost kernel: end_request: I/O error, dev hdf, sector 196
Jul 23 01:30:21 localhost kernel: end_request: I/O error, dev hdf, sector 197
Jul 23 01:30:21 localhost kernel: end_request: I/O error, dev hdf, sector 198
Jul 23 01:30:21 localhost kernel: end_request: I/O error, dev hdf, sector 79
Jul 23 01:30:21 localhost kernel: end_request: I/O error, dev hdf, sector 80
Jul 23 01:30:21 localhost kernel: end_request: I/O error, dev hdf, sector 81
Jul 23 01:30:21 localhost kernel: end_request: I/O error, dev hdf, sector 82
Jul 23 01:30:21 localhost kernel: end_request: I/O error, dev hdf, sector 83
Jul 23 01:30:21 localhost kernel: end_request: I/O error, dev hdf, sector 84
Jul 23 01:30:21 localhost kernel: end_request: I/O error, dev hdf, sector 85
Jul 23 01:30:21 localhost kernel: end_request: I/O error, dev hdf, sector 86
Jul 23 01:30:21 localhost kernel: end_request: I/O error, dev hdf, sector 63
Jul 23 01:30:21 localhost kernel: end_request: I/O error, dev hdf, sector 64
Jul 23 01:30:21 localhost kernel: end_request: I/O error, dev hdf, sector 65
Jul 23 01:30:21 localhost kernel: end_request: I/O error, dev hdf, sector 66
Jul 23 01:30:21 localhost kernel: end_request: I/O error, dev hdf, sector 67
Jul 23 01:30:21 localhost kernel: end_request: I/O error, dev hdf, sector 68
Jul 23 01:30:21 localhost kernel: end_request: I/O error, dev hdf, sector 69
Jul 23 01:30:21 localhost kernel: end_request: I/O error, dev hdf, sector 70
Jul 23 01:30:21 localhost kernel: end_request: I/O error, dev hdf, sector 63
Jul 23 01:30:21 localhost kernel: end_request: I/O error, dev hdf, sector 64
Jul 23 01:30:21 localhost kernel: end_request: I/O error, dev hdf, sector 65
Jul 23 01:30:21 localhost kernel: end_request: I/O error, dev hdf, sector 66
Jul 23 01:30:21 localhost kernel: end_request: I/O error, dev hdf, sector 67
Jul 23 01:30:21 localhost kernel: end_request: I/O error, dev hdf, sector 68
Jul 23 01:30:21 localhost kernel: end_request: I/O error, dev hdf, sector 69
Jul 23 01:30:21 localhost kernel: end_request: I/O error, dev hdf, sector 70
Jul 23 01:30:21 localhost kernel: end_request: I/O error, dev hdf, sector 63
Jul 23 01:30:21 localhost kernel: end_request: I/O error, dev hdf, sector 64
Jul 23 01:30:21 localhost kernel: end_request: I/O error, dev hdf, sector 65
Jul 23 01:30:21 localhost kernel: end_request: I/O error, dev hdf, sector 66
Jul 23 01:30:21 localhost kernel: end_request: I/O error, dev hdf, sector 67
Jul 23 01:30:21 localhost kernel: end_request: I/O error, dev hdf, sector 68
Jul 23 01:30:21 localhost kernel: end_request: I/O error, dev hdf, sector 69
Jul 23 01:30:21 localhost kernel: end_request: I/O error, dev hdf, sector 70
Jul 23 01:30:21 localhost kernel: end_request: I/O error, dev hdf, sector 63
Jul 23 01:30:21 localhost kernel: end_request: I/O error, dev hdf, sector 64
Jul 23 01:30:21 localhost kernel: end_request: I/O error, dev hdf, sector 65
Jul 23 01:30:21 localhost kernel: end_request: I/O error, dev hdf, sector 66
Jul 23 01:30:21 localhost kernel: end_request: I/O error, dev hdf, sector 67
Jul 23 01:30:21 localhost kernel: end_request: I/O error, dev hdf, sector 68
Jul 23 01:30:21 localhost kernel: end_request: I/O error, dev hdf, sector 69
Jul 23 01:30:21 localhost kernel: end_request: I/O error, dev hdf, sector 70
Jul 23 01:30:21 localhost kernel: end_request: I/O error, dev hdf, sector 63
Jul 23 01:30:21 localhost kernel: end_request: I/O error, dev hdf, sector 64
Jul 23 01:30:21 localhost kernel: end_request: I/O error, dev hdf, sector 65
Jul 23 01:30:21 localhost kernel: end_request: I/O error, dev hdf, sector 66
Jul 23 01:30:21 localhost kernel: end_request: I/O error, dev hdf, sector 67
Jul 23 01:30:21 localhost kernel: end_request: I/O error, dev hdf, sector 68
Jul 23 01:30:21 localhost kernel: end_request: I/O error, dev hdf, sector 69
Jul 23 01:30:21 localhost kernel: end_request: I/O error, dev hdf, sector 70
Jul 23 01:30:21 localhost kernel: end_request: I/O error, dev hdf, sector 63
Jul 23 01:30:21 localhost kernel: end_request: I/O error, dev hdf, sector 64
Jul 23 01:30:21 localhost kernel: end_request: I/O error, dev hdf, sector 65
Jul 23 01:30:21 localhost kernel: end_request: I/O error, dev hdf, sector 66
Jul 23 01:30:21 localhost kernel: end_request: I/O error, dev hdf, sector 67
Jul 23 01:30:21 localhost kernel: end_request: I/O error, dev hdf, sector 68
Jul 23 01:30:21 localhost kernel: end_request: I/O error, dev hdf, sector 69
Jul 23 01:30:21 localhost kernel: end_request: I/O error, dev hdf, sector 70
Jul 23 01:30:21 localhost kernel: end_request: I/O error, dev hdf, sector 63
Jul 23 01:30:21 localhost kernel: end_request: I/O error, dev hdf, sector 64
Jul 23 01:30:21 localhost kernel: end_request: I/O error, dev hdf, sector 65
Jul 23 01:30:21 localhost kernel: end_request: I/O error, dev hdf, sector 66
Jul 23 01:30:21 localhost kernel: end_request: I/O error, dev hdf, sector 67
Jul 23 01:30:21 localhost kernel: end_request: I/O error, dev hdf, sector 68
Jul 23 01:30:21 localhost kernel: end_request: I/O error, dev hdf, sector 69
Jul 23 01:30:21 localhost kernel: end_request: I/O error, dev hdf, sector 70
Jul 23 01:30:21 localhost kernel: end_request: I/O error, dev hdf, sector 63
Jul 23 01:30:21 localhost kernel: end_request: I/O error, dev hdf, sector 64
Jul 23 01:30:21 localhost kernel: end_request: I/O error, dev hdf, sector 65
Jul 23 01:30:21 localhost kernel: end_request: I/O error, dev hdf, sector 66
Jul 23 01:30:21 localhost kernel: end_request: I/O error, dev hdf, sector 67
Jul 23 01:30:21 localhost kernel: end_request: I/O error, dev hdf, sector 68
Jul 23 01:30:21 localhost kernel: end_request: I/O error, dev hdf, sector 69
Jul 23 01:30:21 localhost kernel: end_request: I/O error, dev hdf, sector 70
Jul 23 01:30:21 localhost kernel: end_request: I/O error, dev hdf, sector 63
Jul 23 01:30:21 localhost kernel: end_request: I/O error, dev hdf, sector 64
Jul 23 01:30:21 localhost kernel: end_request: I/O error, dev hdf, sector 65
Jul 23 01:30:21 localhost kernel: end_request: I/O error, dev hdf, sector 66
Jul 23 01:30:21 localhost kernel: end_request: I/O error, dev hdf, sector 67
Jul 23 01:30:21 localhost kernel: end_request: I/O error, dev hdf, sector 68
Jul 23 01:30:21 localhost kernel: end_request: I/O error, dev hdf, sector 69
Jul 23 01:30:21 localhost kernel: end_request: I/O error, dev hdf, sector 70
Jul 23 01:30:21 localhost kernel: end_request: I/O error, dev hdf, sector 63
Jul 23 01:30:21 localhost kernel: end_request: I/O error, dev hdf, sector 64
Jul 23 01:30:21 localhost kernel: end_request: I/O error, dev hdf, sector 65
Jul 23 01:30:21 localhost kernel: end_request: I/O error, dev hdf, sector 66
Jul 23 01:30:21 localhost kernel: end_request: I/O error, dev hdf, sector 67
Jul 23 01:30:21 localhost kernel: end_request: I/O error, dev hdf, sector 68
Jul 23 01:30:21 localhost kernel: end_request: I/O error, dev hdf, sector 69
Jul 23 01:30:21 localhost kernel: end_request: I/O error, dev hdf, sector 70
Jul 23 01:30:21 localhost kernel: end_request: I/O error, dev hdf, sector 63
Jul 23 01:30:21 localhost kernel: end_request: I/O error, dev hdf, sector 64
Jul 23 01:30:21 localhost kernel: end_request: I/O error, dev hdf, sector 65
Jul 23 01:30:21 localhost kernel: end_request: I/O error, dev hdf, sector 66
Jul 23 01:30:21 localhost kernel: end_request: I/O error, dev hdf, sector 67
Jul 23 01:30:21 localhost kernel: end_request: I/O error, dev hdf, sector 68
Jul 23 01:30:21 localhost kernel: end_request: I/O error, dev hdf, sector 69
Jul 23 01:30:21 localhost kernel: end_request: I/O error, dev hdf, sector 70
Jul 23 01:30:21 localhost kernel: end_request: I/O error, dev hdf, sector 63
Jul 23 01:30:21 localhost kernel: end_request: I/O error, dev hdf, sector 64
Jul 23 01:30:21 localhost kernel: end_request: I/O error, dev hdf, sector 65
Jul 23 01:30:21 localhost kernel: end_request: I/O error, dev hdf, sector 66
Jul 23 01:30:21 localhost kernel: end_request: I/O error, dev hdf, sector 67
Jul 23 01:30:21 localhost kernel: end_request: I/O error, dev hdf, sector 68
Jul 23 01:30:21 localhost kernel: end_request: I/O error, dev hdf, sector 69
Jul 23 01:30:21 localhost kernel: end_request: I/O error, dev hdf, sector 70
Jul 23 01:30:21 localhost kernel: end_request: I/O error, dev hdf, sector 63
Jul 23 01:30:21 localhost kernel: end_request: I/O error, dev hdf, sector 64
Jul 23 01:30:21 localhost kernel: end_request: I/O error, dev hdf, sector 65
Jul 23 01:30:21 localhost kernel: end_request: I/O error, dev hdf, sector 66
Jul 23 01:30:21 localhost kernel: end_request: I/O error, dev hdf, sector 67
Jul 23 01:30:21 localhost kernel: end_request: I/O error, dev hdf, sector 68
Jul 23 01:30:21 localhost kernel: end_request: I/O error, dev hdf, sector 69
Jul 23 01:30:21 localhost kernel: end_request: I/O error, dev hdf, sector 70
Jul 23 01:30:21 localhost kernel: end_request: I/O error, dev hdf, sector 63
Jul 23 01:30:21 localhost kernel: end_request: I/O error, dev hdf, sector 64
Jul 23 01:30:21 localhost kernel: end_request: I/O error, dev hdf, sector 65
Jul 23 01:30:21 localhost kernel: end_request: I/O error, dev hdf, sector 66
Jul 23 01:30:21 localhost kernel: end_request: I/O error, dev hdf, sector 67
Jul 23 01:30:21 localhost kernel: end_request: I/O error, dev hdf, sector 68
Jul 23 01:30:21 localhost kernel: end_request: I/O error, dev hdf, sector 69
Jul 23 01:30:21 localhost kernel: end_request: I/O error, dev hdf, sector 70
Jul 23 01:30:21 localhost kernel: end_request: I/O error, dev hdf, sector 63
Jul 23 01:30:21 localhost kernel: end_request: I/O error, dev hdf, sector 64
Jul 23 01:30:21 localhost kernel: end_request: I/O error, dev hdf, sector 65
Jul 23 01:30:21 localhost kernel: end_request: I/O error, dev hdf, sector 66
Jul 23 01:30:21 localhost kernel: end_request: I/O error, dev hdf, sector 67
Jul 23 01:30:21 localhost kernel: end_request: I/O error, dev hdf, sector 68
Jul 23 01:30:21 localhost kernel: end_request: I/O error, dev hdf, sector 69
Jul 23 01:30:21 localhost kernel: end_request: I/O error, dev hdf, sector 70
Jul 23 01:30:21 localhost kernel: end_request: I/O error, dev hdf, sector 127
Jul 23 01:30:21 localhost kernel: end_request: I/O error, dev hdf, sector 128
Jul 23 01:30:21 localhost kernel: end_request: I/O error, dev hdf, sector 129
Jul 23 01:30:21 localhost kernel: end_request: I/O error, dev hdf, sector 130
Jul 23 01:30:21 localhost kernel: end_request: I/O error, dev hdf, sector 131
Jul 23 01:30:21 localhost kernel: end_request: I/O error, dev hdf, sector 132
Jul 23 01:30:21 localhost kernel: end_request: I/O error, dev hdf, sector 133
Jul 23 01:30:21 localhost kernel: end_request: I/O error, dev hdf, sector 134
Jul 23 01:30:21 localhost kernel: end_request: I/O error, dev hdf, sector 127
Jul 23 01:30:21 localhost kernel: end_request: I/O error, dev hdf, sector 128
Jul 23 01:30:21 localhost kernel: end_request: I/O error, dev hdf, sector 129
Jul 23 01:30:21 localhost kernel: end_request: I/O error, dev hdf, sector 130
Jul 23 01:30:21 localhost kernel: end_request: I/O error, dev hdf, sector 131
Jul 23 01:30:21 localhost kernel: end_request: I/O error, dev hdf, sector 132
Jul 23 01:30:21 localhost kernel: end_request: I/O error, dev hdf, sector 133
Jul 23 01:30:21 localhost kernel: end_request: I/O error, dev hdf, sector 134
Jul 23 01:30:21 localhost kernel: end_request: I/O error, dev hdf, sector 127
Jul 23 01:30:21 localhost kernel: end_request: I/O error, dev hdf, sector 128
Jul 23 01:30:21 localhost kernel: end_request: I/O error, dev hdf, sector 129
Jul 23 01:30:21 localhost kernel: end_request: I/O error, dev hdf, sector 130
Jul 23 01:30:21 localhost kernel: end_request: I/O error, dev hdf, sector 131
Jul 23 01:30:21 localhost kernel: end_request: I/O error, dev hdf, sector 132
Jul 23 01:30:21 localhost kernel: end_request: I/O error, dev hdf, sector 133
Jul 23 01:30:21 localhost kernel: end_request: I/O error, dev hdf, sector 134
Jul 23 01:30:21 localhost kernel: end_request: I/O error, dev hdf, sector 127
Jul 23 01:30:21 localhost kernel: end_request: I/O error, dev hdf, sector 128
Jul 23 01:30:21 localhost kernel: end_request: I/O error, dev hdf, sector 129
Jul 23 01:30:21 localhost kernel: end_request: I/O error, dev hdf, sector 130
Jul 23 01:30:21 localhost kernel: end_request: I/O error, dev hdf, sector 131
Jul 23 01:30:21 localhost kernel: end_request: I/O error, dev hdf, sector 132
Jul 23 01:30:21 localhost kernel: end_request: I/O error, dev hdf, sector 133
Jul 23 01:30:21 localhost kernel: end_request: I/O error, dev hdf, sector 134
Jul 23 01:30:21 localhost kernel: end_request: I/O error, dev hdf, sector 127
Jul 23 01:30:21 localhost kernel: end_request: I/O error, dev hdf, sector 128
Jul 23 01:30:21 localhost kernel: end_request: I/O error, dev hdf, sector 129
Jul 23 01:30:21 localhost kernel: end_request: I/O error, dev hdf, sector 130
Jul 23 01:30:21 localhost kernel: end_request: I/O error, dev hdf, sector 131
[unhandled content-type:application/octet-stream]PCI devices found:
  Bus  0, device   0, function  0:
    Host bridge: VIA Technologies, Inc. VT8375 [KM266/KL266] Host Bridge (rev 0).
      Master Capable.  Latency=8.  
      Prefetchable 32 bit memory at 0xe0000000 [0xe3ffffff].
  Bus  0, device   1, function  0:
    PCI bridge: VIA Technologies, Inc. VT8633 [Apollo Pro266 AGP] (rev 0).
      Master Capable.  No bursts.  Min Gnt=12.
  Bus  0, device   8, function  0:
    Unknown mass storage controller: Triones Technologies, Inc. HPT366/368/370/370A/372/372N (rev 4).
      IRQ 11.
      Master Capable.  Latency=120.  Min Gnt=8.Max Lat=8.
      I/O at 0xc000 [0xc007].
      I/O at 0xc400 [0xc403].
      I/O at 0xc800 [0xc807].
      I/O at 0xcc00 [0xcc03].
      I/O at 0xd000 [0xd0ff].
  Bus  0, device   9, function  0:
    Multimedia audio controller: C-Media Electronics Inc CM8738 (rev 16).
      IRQ 11.
      Master Capable.  Latency=32.  Min Gnt=2.Max Lat=24.
      I/O at 0xd400 [0xd4ff].
  Bus  0, device  11, function  0:
    Ethernet controller: Realtek Semiconductor Co., Ltd. RTL-8139/8139C/8139C+ (rev 16).
      IRQ 10.
      Master Capable.  Latency=32.  Min Gnt=32.Max Lat=64.
      I/O at 0xd800 [0xd8ff].
      Non-prefetchable 32 bit memory at 0xe7000000 [0xe70000ff].
  Bus  0, device  16, function  0:
    USB Controller: VIA Technologies, Inc. VT82xxxxx UHCI USB 1.1 Controller (rev 128).
      IRQ 11.
      Master Capable.  Latency=32.  
      I/O at 0xdc00 [0xdc1f].
  Bus  0, device  16, function  1:
    USB Controller: VIA Technologies, Inc. VT82xxxxx UHCI USB 1.1 Controller (#2) (rev 128).
      IRQ 11.
      Master Capable.  Latency=32.  
      I/O at 0xe000 [0xe01f].
  Bus  0, device  16, function  2:
    USB Controller: VIA Technologies, Inc. VT82xxxxx UHCI USB 1.1 Controller (#3) (rev 128).
      IRQ 10.
      Master Capable.  Latency=32.  
      I/O at 0xe400 [0xe41f].
  Bus  0, device  16, function  3:
    USB Controller: VIA Technologies, Inc. USB 2.0 (rev 130).
      IRQ 3.
      Master Capable.  Latency=32.  
      Non-prefetchable 32 bit memory at 0xe7001000 [0xe70010ff].
  Bus  0, device  17, function  0:
    ISA bridge: VIA Technologies, Inc. VT8235 ISA Bridge (rev 0).
  Bus  0, device  17, function  1:
    IDE interface: VIA Technologies, Inc. VT82C586A/B/VT82C686/A/B/VT823x/A/C PIPC Bus Master IDE (rev 6).
      IRQ 11.
      Master Capable.  Latency=32.  
      I/O at 0xe800 [0xe80f].
  Bus  1, device   0, function  0:
    VGA compatible controller: nVidia Corporation NV17 [GeForce4 MX 440] (rev 163).
      IRQ 11.
      Master Capable.  Latency=32.  Min Gnt=5.Max Lat=1.
      Non-prefetchable 32 bit memory at 0xe4000000 [0xe4ffffff].
      Prefetchable 32 bit memory at 0xd0000000 [0xd7ffffff].
      Prefetchable 32 bit memory at 0xd8000000 [0xd807ffff].
           CPU0       
  0:     696728          XT-PIC  timer
  1:       2979          XT-PIC  i8042
  2:          0          XT-PIC  cascade
  3:          2          XT-PIC  ehci_hcd:usb1
  9:          0          XT-PIC  acpi
 10:        707          XT-PIC  uhci_hcd:usb4, eth0
 11:         48          XT-PIC  ide2, uhci_hcd:usb2, uhci_hcd:usb3, CMI8738-MC6
 12:      34454          XT-PIC  i8042
 14:      12119          XT-PIC  ide0
NMI:          0 
ERR:          0