Date: Fri, 16 Sep 2005 22:55:41 +0200
From: Folkert van Heusden <>
Subject: Re: printk timings stay weird, also waaay after 5 seconds
Sender: linux-kernel-owner@vger.kernel.org
Precedence: bulk
List-ID: <linux-kernel.vger.kernel.org>
X-Mailing-List: linux-kernel@vger.kernel.org
X-Lkml-Link: https://lkml.org/lkml/2005/9/16/202

by the way: ALSO after a COLD boot these values are high:
[42949372.960000] Linux version 2.6.13.1 (root@thegate) (gcc version 4.0.1 (Debian 4.0.1-2)) #1 Wed Sep 14 11:56:45 CEST 2005
[42949372.960000] BIOS-provided physical RAM map:
[42949372.960000]  BIOS-e820: 0000000000000000 - 00000000000a0000 (usable)
...
[42949376.200000] Freeing unused kernel memory: 140k freed
[42949377.170000] NET: Registered protocol family 1
[42949379.080000] Adding 497972k swap on /dev/hda1.  Priority:-1 extents:1
[42949379.180000] EXT3 FS on hda2, internal journal
...
[42949421.150000] pwc Dumping frame 39 (last message).
[42949421.220000] pwc Dumping frame 38 (last message).
[42949425.770000] eth1: no IPv6 routers present
apart from this the computer runs fine without any segfaults, sigs11 or
reboots.
On Fri, Sep 16, 2005 at 10:47:59PM +0200, Folkert van Heusden wrote:
> Hi,
> 
> I have a pc with a VIA Nehemiah. It runs kernel 2.6.13.1.
> At boot of course the timings are high:
> thegate:/home/folkert/public_html# dmesg | more
> [42949372.960000] Linux version 2.6.13.1 (root@thegate) (gcc version 4.0.1 (Debian 4.0.1-2)) #1 Wed Sep 14 11:56:45 CEST 2005
> [42949372.960000] BIOS-provided physical RAM map:
> [42949372.960000]  BIOS-e820: 0000000000000000 - 00000000000a0000 (usable)
> ...
> but stay high:
> [42949376.950000] NET: Registered protocol family 1
> [42949378.810000] Adding 497972k swap on /dev/hda1.  Priority:-1 extents:1
> [42949378.910000] EXT3 FS on hda2, internal journal
> [42949379.320000] Generic RTC Driver v1.07
> [42949383.180000] Probing IDE interface ide1...
> [42949385.100000] ACPI: PCI Interrupt Link [LNKC] enabled at IRQ 12
> [42949385.100000] PCI: setting IRQ 12 as level-triggered
> ...
> [42949626.430000] pwc Dumping frame 41 (last message).
> [43132475.940000] pwc Closing video device: 1829087 frames received, dumped 554742 frames, 0 frames with errors.
> [43132482.400000] pwc set_video_mode(320x240 @ 10, palette 15).
> ...
> [43132483.920000] pwc Dumping frame 7.
> [43132484.120000] pwc Dumping frame 9.
> 
> etc.
> 
> 
> Folkert van Heusden
> 
> -- 
> Try MultiTail! Multiple windows with logfiles, filtered with regular
> expressions, colored output, etc. etc. www.vanheusden.com/multitail/
> ----------------------------------------------------------------------
> Get your PGP/GPG key signed at www.biglumber.com!
> ----------------------------------------------------------------------
> Phone: +31-6-41278122, PGP-key: 1F28D8AE, www.vanheusden.com
Folkert van Heusden
-- 
Try MultiTail! Multiple windows with logfiles, filtered with regular
expressions, colored output, etc. etc. www.vanheusden.com/multitail/
----------------------------------------------------------------------
Get your PGP/GPG key signed at www.biglumber.com!
----------------------------------------------------------------------
Phone: +31-6-41278122, PGP-key: 1F28D8AE, www.vanheusden.com
[unhandled content-type:application/pgp-signature]