Date: Wed, 11 Jul 2007 12:10:06 +0200
From: "Amaury De Ganseman" <>
Subject: 2.6.22 libata problem: exception Emask 0x0 SAct 0x0 SErr 0x0 action 0x2 frozen
Sender: linux-kernel-owner@vger.kernel.org
Precedence: bulk
List-ID: <linux-kernel.vger.kernel.org>
X-Mailing-List: linux-kernel@vger.kernel.org
X-Lkml-Link: https://lkml.org/lkml/2007/7/11/130

Hello,
I see this message in dmesg(full dmesg in attach):
ata1.00: exception Emask 0x0 SAct 0x0 SErr 0x0 action 0x2 frozen
ata1.00: cmd ec/00:00:00:00:00/00:00:00:00:00/00 tag 0 cdb 0x0 data 512 in
         res 40/00:01:00:4f:c2/00:00:00:00:00/00 Emask 0x4 (timeout)
ata1: soft resetting port
ata1.00: configured for UDMA/133
ata1: EH complete
sd 0:0:0:0: [sda] 625142448 512-byte hardware sectors (320073 MB)
sd 0:0:0:0: [sda] Write Protect is off
sd 0:0:0:0: [sda] Mode Sense: 00 3a 00 00
sd 0:0:0:0: [sda] Write cache: enabled, read cache: enabled, doesn't
support DPO or FUA
Don't know if it is really a problem...My computer is stable and I see
no problem...But this message isn't looking good to me....(sorry for
my bad english ;-) ).
So if you can help me with this message....(problem or not ?).
Thanks.
Linux version 2.6.22-cfs-v19 (root@localhost) (gcc version 4.1.2 (Gentoo 4.1.2)) #3 SMP Mon Jul 9 12:13:03 CEST 2007
Command line: root=/dev/sda1
BIOS-provided physical RAM map:
 BIOS-e820: 0000000000000000 - 000000000009f400 (usable)
 BIOS-e820: 000000000009f400 - 00000000000a0000 (reserved)
 BIOS-e820: 00000000000f0000 - 0000000000100000 (reserved)
 BIOS-e820: 0000000000100000 - 000000007fee0000 (usable)
 BIOS-e820: 000000007fee0000 - 000000007fee3000 (ACPI NVS)
 BIOS-e820: 000000007fee3000 - 000000007fef0000 (ACPI data)
 BIOS-e820: 000000007fef0000 - 000000007ff00000 (reserved)
 BIOS-e820: 00000000e0000000 - 00000000f0000000 (reserved)
 BIOS-e820: 00000000fec00000 - 0000000100000000 (reserved)
Entering add_active_range(0, 0, 159) 0 entries of 256 used
Entering add_active_range(0, 256, 524000) 1 entries of 256 used
end_pfn_map = 1048576
DMI 2.3 present.
ACPI: RSDP 000F7910, 0014 (r0 K8T890)
ACPI: RSDT 7FEE3040, 0034 (r1 K8T890 AWRDACPI 42302E31 AWRD        0)
ACPI: FACP 7FEE30C0, 0074 (r1 K8T890 AWRDACPI 42302E31 AWRD        0)
ACPI: DSDT 7FEE3180, 7932 (r1 K8T890 AWRDACPI     1000 MSFT  100000E)
ACPI: FACS 7FEE0000, 0040
ACPI: SSDT 7FEEABC0, 01CA (r1 PTLTD  POWERNOW        1  LTP        1)
ACPI: MCFG 7FEEAE00, 003C (r1 K8T890 AWRDACPI 42302E31 AWRD        0)
ACPI: APIC 7FEEAB00, 0074 (r1 K8T890 AWRDACPI 42302E31 AWRD        0)
Entering add_active_range(0, 0, 159) 0 entries of 256 used
Entering add_active_range(0, 256, 524000) 1 entries of 256 used
Zone PFN ranges:
  DMA             0 ->     4096
  DMA32        4096 ->  1048576
  Normal    1048576 ->  1048576
early_node_map[2] active PFN ranges
    0:        0 ->      159
    0:      256 ->   524000
On node 0 totalpages: 523903
  DMA zone: 56 pages used for memmap
  DMA zone: 1438 pages reserved
  DMA zone: 2505 pages, LIFO batch:0
  DMA32 zone: 7108 pages used for memmap
  DMA32 zone: 512796 pages, LIFO batch:31
  Normal zone: 0 pages used for memmap
ACPI: PM-Timer IO Port: 0x4008
ACPI: Local APIC address 0xfee00000
ACPI: LAPIC (acpi_id[0x00] lapic_id[0x00] enabled)
Processor #0 (Bootup-CPU)
ACPI: LAPIC (acpi_id[0x01] lapic_id[0x01] enabled)
Processor #1
ACPI: LAPIC_NMI (acpi_id[0x00] high edge lint[0x1])
ACPI: LAPIC_NMI (acpi_id[0x01] high edge lint[0x1])
ACPI: IOAPIC (id[0x02] address[0xfec00000] gsi_base[0])
IOAPIC[0]: apic_id 2, address 0xfec00000, GSI 0-23
ACPI: IOAPIC (id[0x03] address[0xfecc0000] gsi_base[24])
IOAPIC[1]: apic_id 3, address 0xfecc0000, GSI 24-47
ACPI: INT_SRC_OVR (bus 0 bus_irq 0 global_irq 2 dfl dfl)
ACPI: INT_SRC_OVR (bus 0 bus_irq 9 global_irq 9 low level)
ACPI: IRQ0 used by override.
ACPI: IRQ2 used by override.
ACPI: IRQ9 used by override.
Setting APIC routing to flat
Using ACPI (MADT) for SMP configuration information
Allocating PCI resources starting at 80000000 (gap: 7ff00000:60100000)
PERCPU: Allocating 29872 bytes of per cpu data
Built 1 zonelists.  Total pages: 515301
Kernel command line: root=/dev/sda1
Initializing CPU#0
PID hash table entries: 4096 (order: 12, 32768 bytes)
Marking TSC unstable due to TSCs unsynchronized
time.c: Detected 2200.158 MHz processor.
Console: colour VGA+ 80x25
Dentry cache hash table entries: 262144 (order: 9, 2097152 bytes)
Inode-cache hash table entries: 131072 (order: 8, 1048576 bytes)
Checking aperture...
CPU 0: aperture @ fe20000000 size 128 MB
Aperture beyond 4GB. Ignoring.
AGP bridge at 00:00:00
Aperture from AGP @ d0000000 size 128 MB (APSIZE f20)
Memory: 2057736k/2096000k available (3669k kernel code, 37664k reserved, 1389k data, 228k init)
SLUB: Genslabs=22, HWalign=64, Order=0-1, MinObjects=4, CPUs=2, Nodes=1
Calibrating delay using timer specific routine.. 4405.47 BogoMIPS (lpj=8810943)
Security Framework v1.0.0 initialized
Capability LSM initialized
Mount-cache hash table entries: 256
CPU: L1 I Cache: 64K (64 bytes/line), D cache 64K (64 bytes/line)
CPU: L2 Cache: 1024K (64 bytes/line)
CPU: Physical Processor ID: 0
CPU: Processor Core ID: 0
Freeing SMP alternatives: 35k freed
ACPI: Core revision 20070126
Using local APIC timer interrupts.
result 12500899
Detected 12.500 MHz APIC timer.
Booting processor 1/2 APIC 0x1
Initializing CPU#1
Calibrating delay using timer specific routine.. 4400.49 BogoMIPS (lpj=8800986)
CPU: L1 I Cache: 64K (64 bytes/line), D cache 64K (64 bytes/line)
CPU: L2 Cache: 1024K (64 bytes/line)
CPU: Physical Processor ID: 0
CPU: Processor Core ID: 1
AMD Athlon(tm) 64 X2 Dual Core Processor 4400+ stepping 02
Brought up 2 CPUs
NET: Registered protocol family 16
ACPI: bus type pci registered
PCI: Using MMCONFIG at e0000000 - efffffff
PCI: No mmconfig possible on device 00:18
ACPI: Interpreter enabled
ACPI: Using IOAPIC for interrupt routing
ACPI: PCI Root Bridge [PCI0] (0000:00)
PCI: Probing PCI hardware (bus 00)
PCI: enabled onboard AC97/MC97 devices
ACPI: PCI Interrupt Routing Table [\_SB_.PCI0._PRT]
ACPI: PCI Interrupt Routing Table [\_SB_.PCI0.PEXG._PRT]
ACPI: PCI Interrupt Routing Table [\_SB_.PCI0.PEX0._PRT]
ACPI: PCI Interrupt Routing Table [\_SB_.PCI0.PEX1._PRT]
ACPI: PCI Interrupt Routing Table [\_SB_.PCI0.PEX2._PRT]
ACPI: PCI Interrupt Routing Table [\_SB_.PCI0.PEX3._PRT]
ACPI: PCI Interrupt Link [LNKA] (IRQs 3 4 6 7 10 11 12) *0, disabled.
ACPI: PCI Interrupt Link [LNKB] (IRQs *3 4 6 7 10 11 12)
ACPI: PCI Interrupt Link [LNKC] (IRQs 3 4 6 7 10 11 12) *5
ACPI: PCI Interrupt Link [LNKD] (IRQs 3 4 6 7 10 11 12) *0, disabled.
ACPI: PCI Interrupt Link [LNKE] (IRQs 3 4 6 7 10 11 12) *0, disabled.
ACPI: PCI Interrupt Link [LNKF] (IRQs 3 4 6 7 10 11 12) *0, disabled.
ACPI: PCI Interrupt Link [LNK0] (IRQs 3 4 6 7 10 11 12) *0, disabled.
ACPI: PCI Interrupt Link [LNK1] (IRQs 3 4 6 7 10 *11 12)
ACPI: PCI Interrupt Link [ALKA] (IRQs *20)
ACPI: PCI Interrupt Link [ALKB] (IRQs *21)
ACPI: PCI Interrupt Link [ALKC] (IRQs *22), disabled.
ACPI: PCI Interrupt Link [ALKD] (IRQs *23), disabled.
Linux Plug and Play Support v0.97 (c) Adam Belay
pnp: PnP ACPI init
ACPI: bus type pnp registered
pnp: PnP ACPI: found 14 devices
ACPI: ACPI bus type pnp unregistered
SCSI subsystem initialized
libata version 2.21 loaded.
usbcore: registered new interface driver usbfs
usbcore: registered new interface driver hub
usbcore: registered new device driver usb
PCI: Using ACPI for IRQ routing
PCI: If a device doesn't work, try "pci=routeirq".  If it helps, post a report
PCI: Cannot allocate resource region 8 of bridge 0000:00:03.0
PCI: Cannot allocate resource region 8 of bridge 0000:00:03.1
PCI: Cannot allocate resource region 8 of bridge 0000:00:03.3
agpgart: Detected AGP bridge 0
agpgart: AGP aperture is 128M @ 0xd0000000
pnp: 00:01: ioport range 0x4000-0x407f has been reserved
pnp: 00:01: ioport range 0x5000-0x500f has been reserved
pnp: 00:0c: iomem range 0xe0000000-0xefffffff could not be reserved
pnp: 00:0d: iomem range 0xccc00-0xcffff has been reserved
pnp: 00:0d: iomem range 0xf0000-0xf7fff could not be reserved
pnp: 00:0d: iomem range 0xf8000-0xfbfff could not be reserved
pnp: 00:0d: iomem range 0xfc000-0xfffff could not be reserved
PCI: Bridge: 0000:00:01.0
  IO window: disabled.
  MEM window: disabled.
  PREFETCH window: disabled.
PCI: Bridge: 0000:00:02.0
  IO window: 9000-9fff
  MEM window: d8000000-dbffffff
  PREFETCH window: c0000000-cfffffff
Time: acpi_pm clocksource has been installed.
PCI: Bridge: 0000:00:03.0
  IO window: disabled.
  MEM window: disabled.
  PREFETCH window: disabled.
PCI: Bridge: 0000:00:03.1
  IO window: disabled.
  MEM window: disabled.
  PREFETCH window: disabled.
PCI: Bridge: 0000:00:03.2
  IO window: a000-afff
  MEM window: dc000000-ddffffff
  PREFETCH window: disabled.
PCI: Bridge: 0000:00:03.3
  IO window: disabled.
  MEM window: disabled.
  PREFETCH window: disabled.
PCI: Setting latency timer of device 0000:00:01.0 to 64
ACPI: PCI Interrupt 0000:00:02.0[A] -> GSI 27 (level, low) -> IRQ 27
PCI: Setting latency timer of device 0000:00:02.0 to 64
ACPI: PCI Interrupt 0000:00:03.0[A] -> GSI 31 (level, low) -> IRQ 31
PCI: Setting latency timer of device 0000:00:03.0 to 64
ACPI: PCI Interrupt 0000:00:03.1[B] -> GSI 35 (level, low) -> IRQ 35
PCI: Setting latency timer of device 0000:00:03.1 to 64
ACPI: PCI Interrupt 0000:00:03.2[C] -> GSI 39 (level, low) -> IRQ 39
PCI: Setting latency timer of device 0000:00:03.2 to 64
ACPI: PCI Interrupt 0000:00:03.3[D] -> GSI 43 (level, low) -> IRQ 43
PCI: Setting latency timer of device 0000:00:03.3 to 64
NET: Registered protocol family 2
IP route cache hash table entries: 65536 (order: 7, 524288 bytes)
TCP established hash table entries: 131072 (order: 9, 3145728 bytes)
TCP bind hash table entries: 65536 (order: 8, 1048576 bytes)
TCP: Hash tables configured (established 131072 bind 65536)
TCP reno registered
Installing knfsd (copyright (C) 1996 okir@monad.swb.de).
NTFS driver 2.1.28 [Flags: R/O].
io scheduler noop registered
io scheduler anticipatory registered
io scheduler cfq registered (default)
PCI: VIA PCI bridge detected. Disabling DAC.
Boot video device is 0000:02:00.0
PCI: Setting latency timer of device 0000:00:02.0 to 64
assign_interrupt_mode Found MSI capability
Allocate Port Service[0000:00:02.0:pcie00]
Allocate Port Service[0000:00:02.0:pcie01]
Allocate Port Service[0000:00:02.0:pcie02]
Allocate Port Service[0000:00:02.0:pcie03]
PCI: Setting latency timer of device 0000:00:03.0 to 64
assign_interrupt_mode Found MSI capability
Allocate Port Service[0000:00:03.0:pcie00]
Allocate Port Service[0000:00:03.0:pcie01]
Allocate Port Service[0000:00:03.0:pcie02]
Allocate Port Service[0000:00:03.0:pcie03]
PCI: Setting latency timer of device 0000:00:03.1 to 64
assign_interrupt_mode Found MSI capability
Allocate Port Service[0000:00:03.1:pcie00]
Allocate Port Service[0000:00:03.1:pcie01]
Allocate Port Service[0000:00:03.1:pcie02]
Allocate Port Service[0000:00:03.1:pcie03]
PCI: Setting latency timer of device 0000:00:03.2 to 64
assign_interrupt_mode Found MSI capability
Allocate Port Service[0000:00:03.2:pcie00]
Allocate Port Service[0000:00:03.2:pcie01]
Allocate Port Service[0000:00:03.2:pcie02]
Allocate Port Service[0000:00:03.2:pcie03]
PCI: Setting latency timer of device 0000:00:03.3 to 64
assign_interrupt_mode Found MSI capability
Allocate Port Service[0000:00:03.3:pcie00]
Allocate Port Service[0000:00:03.3:pcie01]
Allocate Port Service[0000:00:03.3:pcie02]
Allocate Port Service[0000:00:03.3:pcie03]
Evaluate _OSC Set fails. Status = 0x0005
Evaluate _OSC Set fails. Status = 0x0005
aer_init: AER service init fails - Run ACPI _OSC fails
aer: probe of 0000:00:02.0:pcie01 failed with error 2
Evaluate _OSC Set fails. Status = 0x0005
Evaluate _OSC Set fails. Status = 0x0005
aer_init: AER service init fails - Run ACPI _OSC fails
aer: probe of 0000:00:03.0:pcie01 failed with error 2
Evaluate _OSC Set fails. Status = 0x0005
Evaluate _OSC Set fails. Status = 0x0005
aer_init: AER service init fails - Run ACPI _OSC fails
aer: probe of 0000:00:03.1:pcie01 failed with error 2
Evaluate _OSC Set fails. Status = 0x0005
Evaluate _OSC Set fails. Status = 0x0005
aer_init: AER service init fails - Run ACPI _OSC fails
aer: probe of 0000:00:03.2:pcie01 failed with error 2
Evaluate _OSC Set fails. Status = 0x0005
Evaluate _OSC Set fails. Status = 0x0005
aer_init: AER service init fails - Run ACPI _OSC fails
aer: probe of 0000:00:03.3:pcie01 failed with error 2
input: Power Button (FF) as /class/input/input0
ACPI: Power Button (FF) [PWRF]
input: Power Button (CM) as /class/input/input1
ACPI: Power Button (CM) [PWRB]
ACPI: Fan [FAN] (on)
ACPI: Thermal Zone [THRM] (23 C)
Real Time Clock Driver v1.12ac
Linux agpgart interface v0.102 (c) Dave Jones
Serial: 8250/16550 driver $Revision: 1.90 $ 4 ports, IRQ sharing disabled
00:07: ttyS0 at I/O 0x3f8 (irq = 4) is a 16550A
floppy0: no floppy controllers found
loop: module loaded
ACPI: PCI Interrupt 0000:00:0d.0[A] -> GSI 18 (level, low) -> IRQ 18
3c59x: Donald Becker and others.
0000:00:0d.0: 3Com PCI 3c905B Cyclone 100baseTx at ffffc20000024000.
Uniform Multi-Platform E-IDE driver Revision: 7.00alpha2
ide: Assuming 33MHz system bus speed for PIO modes; override with idebus=xx
VP_IDE: IDE controller at PCI slot 0000:00:0f.1
ACPI: PCI Interrupt Link [ALKA] enabled at IRQ 20
ACPI: PCI Interrupt 0000:00:0f.1[A] -> Link [ALKA] -> GSI 20 (level, low) -> IRQ 20
VP_IDE: chipset revision 6
VP_IDE: not 100% native mode: will probe irqs later
VP_IDE: VIA vt8237 (rev 00) IDE UDMA133 controller on pci0000:00:0f.1
    ide0: BM-DMA at 0xd400-0xd407, BIOS settings: hda:DMA, hdb:DMA
    ide1: BM-DMA at 0xd408-0xd40f, BIOS settings: hdc:pio, hdd:pio
Probing IDE interface ide0...
hda: _NEC DVD_RW ND-3500AG, ATAPI CD/DVD-ROM drive
hdb: AOPEN CD-RW CRW5224 1.08 20031030, ATAPI CD/DVD-ROM drive
ide0 at 0x1f0-0x1f7,0x3f6 on irq 14
Probing IDE interface ide1...
Probing IDE interface ide1...
hda: ATAPI 48X DVD-ROM DVD-R CD-R/RW drive, 2048kB Cache, UDMA(33)
Uniform CD-ROM driver Revision: 3.20
hdb: ATAPI 40X CD-ROM CD-R/RW drive, 2048kB Cache, UDMA(33)
sata_via 0000:00:0f.0: version 2.2
ACPI: PCI Interrupt 0000:00:0f.0[B] -> Link [ALKA] -> GSI 20 (level, low) -> IRQ 20
sata_via 0000:00:0f.0: routed to hard irq line 11
scsi0 : sata_via
scsi1 : sata_via
ata1: SATA max UDMA/133 cmd 0x000000000001bc00 ctl 0x000000000001c002 bmdma 0x000000000001cc00 irq 20
ata2: SATA max UDMA/133 cmd 0x000000000001c400 ctl 0x000000000001c802 bmdma 0x000000000001cc08 irq 20
ata1: SATA link up 1.5 Gbps (SStatus 113 SControl 300)
ata1.00: ATA-7: ST3320620AS, 3.AAK, max UDMA/133
ata1.00: 625142448 sectors, multi 16: LBA48 NCQ (depth 0/32)
ata1.00: configured for UDMA/133
ata2: SATA link up 1.5 Gbps (SStatus 113 SControl 300)
ata2.00: ATA-6: ST3200822AS, 3.01, max UDMA/133
ata2.00: 390721968 sectors, multi 16: LBA48 
ata2.00: configured for UDMA/133
scsi 0:0:0:0: Direct-Access     ATA      ST3320620AS      3.AA PQ: 0 ANSI: 5
sd 0:0:0:0: [sda] 625142448 512-byte hardware sectors (320073 MB)
sd 0:0:0:0: [sda] Write Protect is off
sd 0:0:0:0: [sda] Mode Sense: 00 3a 00 00
sd 0:0:0:0: [sda] Write cache: enabled, read cache: enabled, doesn't support DPO or FUA
sd 0:0:0:0: [sda] 625142448 512-byte hardware sectors (320073 MB)
sd 0:0:0:0: [sda] Write Protect is off
sd 0:0:0:0: [sda] Mode Sense: 00 3a 00 00
sd 0:0:0:0: [sda] Write cache: enabled, read cache: enabled, doesn't support DPO or FUA
 sda: sda1 sda2 sda3
sd 0:0:0:0: [sda] Attached SCSI disk
scsi 1:0:0:0: Direct-Access     ATA      ST3200822AS      3.01 PQ: 0 ANSI: 5
sd 1:0:0:0: [sdb] 390721968 512-byte hardware sectors (200050 MB)
sd 1:0:0:0: [sdb] Write Protect is off
sd 1:0:0:0: [sdb] Mode Sense: 00 3a 00 00
sd 1:0:0:0: [sdb] Write cache: enabled, read cache: enabled, doesn't support DPO or FUA
sd 1:0:0:0: [sdb] 390721968 512-byte hardware sectors (200050 MB)
sd 1:0:0:0: [sdb] Write Protect is off
sd 1:0:0:0: [sdb] Mode Sense: 00 3a 00 00
sd 1:0:0:0: [sdb] Write cache: enabled, read cache: enabled, doesn't support DPO or FUA
 sdb: sdb1 sdb2
sd 1:0:0:0: [sdb] Attached SCSI disk
ACPI: PCI Interrupt Link [ALKB] enabled at IRQ 21
ACPI: PCI Interrupt 0000:00:10.4[C] -> Link [ALKB] -> GSI 21 (level, low) -> IRQ 21
ehci_hcd 0000:00:10.4: EHCI Host Controller
ehci_hcd 0000:00:10.4: new USB bus registered, assigned bus number 1
ehci_hcd 0000:00:10.4: irq 21, io mem 0xdf001000
ehci_hcd 0000:00:10.4: USB 2.0 started, EHCI 1.00, driver 10 Dec 2004
usb usb1: configuration #1 chosen from 1 choice
hub 1-0:1.0: USB hub found
hub 1-0:1.0: 8 ports detected
USB Universal Host Controller Interface driver v3.0
ACPI: PCI Interrupt 0000:00:10.0[A] -> Link [ALKB] -> GSI 21 (level, low) -> IRQ 21
uhci_hcd 0000:00:10.0: UHCI Host Controller
uhci_hcd 0000:00:10.0: new USB bus registered, assigned bus number 2
uhci_hcd 0000:00:10.0: irq 21, io base 0x0000d800
usb usb2: configuration #1 chosen from 1 choice
hub 2-0:1.0: USB hub found
hub 2-0:1.0: 2 ports detected
ACPI: PCI Interrupt 0000:00:10.1[A] -> Link [ALKB] -> GSI 21 (level, low) -> IRQ 21
uhci_hcd 0000:00:10.1: UHCI Host Controller
uhci_hcd 0000:00:10.1: new USB bus registered, assigned bus number 3
uhci_hcd 0000:00:10.1: irq 21, io base 0x0000dc00
usb usb3: configuration #1 chosen from 1 choice
hub 3-0:1.0: USB hub found
hub 3-0:1.0: 2 ports detected
ACPI: PCI Interrupt 0000:00:10.2[B] -> Link [ALKB] -> GSI 21 (level, low) -> IRQ 21
uhci_hcd 0000:00:10.2: UHCI Host Controller
uhci_hcd 0000:00:10.2: new USB bus registered, assigned bus number 4
uhci_hcd 0000:00:10.2: irq 21, io base 0x0000e000
usb usb4: configuration #1 chosen from 1 choice
hub 4-0:1.0: USB hub found
hub 4-0:1.0: 2 ports detected
ACPI: PCI Interrupt 0000:00:10.3[B] -> Link [ALKB] -> GSI 21 (level, low) -> IRQ 21
uhci_hcd 0000:00:10.3: UHCI Host Controller
uhci_hcd 0000:00:10.3: new USB bus registered, assigned bus number 5
uhci_hcd 0000:00:10.3: irq 21, io base 0x0000e400
usb usb5: configuration #1 chosen from 1 choice
hub 5-0:1.0: USB hub found
hub 5-0:1.0: 2 ports detected
usb 2-2: new low speed USB device using uhci_hcd and address 2
usb 2-2: configuration #1 chosen from 1 choice
usb 3-2: new full speed USB device using uhci_hcd and address 2
usb 3-2: configuration #1 chosen from 1 choice
hub 3-2:1.0: USB hub found
hub 3-2:1.0: 4 ports detected
usb 3-2.2: new low speed USB device using uhci_hcd and address 3
usb 3-2.2: configuration #1 chosen from 1 choice
usbcore: registered new interface driver usblp
drivers/usb/class/usblp.c: v0.13: USB Printer Device Class driver
Initializing USB Mass Storage driver...
usbcore: registered new interface driver usb-storage
USB Mass Storage support registered.
usbcore: registered new interface driver libusual
PNP: PS/2 Controller [PNP0303:PS2K] at 0x60,0x64 irq 1
PNP: PS/2 controller doesn't have AUX irq; using default 12
serio: i8042 KBD port at 0x60,0x64 irq 1
serio: i8042 AUX port at 0x60,0x64 irq 12
mice: PS/2 mouse device common for all mice
input: AT Translated Set 2 keyboard as /class/input/input2
i2c /dev entries driver
device-mapper: ioctl: 4.11.0-ioctl (2006-10-12) initialised: dm-devel@redhat.com
usbcore: registered new interface driver hiddev
input: Logitech USB-PS/2 Optical Mouse as /class/input/input3
input: USB HID v1.10 Mouse [Logitech USB-PS/2 Optical Mouse] on usb-0000:00:10.1-2.2
usbcore: registered new interface driver usbhid
drivers/hid/usbhid/hid-core.c: v2.6:USB HID core driver
Advanced Linux Sound Architecture Driver Version 1.0.14 (Thu May 31 09:03:25 2007 UTC).
ACPI: PCI Interrupt 0000:00:0c.0[A] -> GSI 17 (level, low) -> IRQ 17
usbcore: registered new interface driver snd-usb-audio
ALSA device list:
  #0: SB Live [Unknown] (rev.10, serial:0x80671102) at 0xb000, irq 17
TCP cubic registered
NET: Registered protocol family 1
NET: Registered protocol family 10
lo: Disabled Privacy Extensions
NET: Registered protocol family 17
powernow-k8: Found 2 AMD Athlon(tm) 64 X2 Dual Core Processor 4400+ processors (version 2.00.00)
powernow-k8:    0 : fid 0xe (2200 MHz), vid 0x8
powernow-k8:    1 : fid 0xc (2000 MHz), vid 0xa
powernow-k8:    2 : fid 0xa (1800 MHz), vid 0xc
powernow-k8:    3 : fid 0x2 (1000 MHz), vid 0x12
ReiserFS: sda1: found reiserfs format "3.6" with standard journal
ReiserFS: sda1: using ordered data mode
ReiserFS: sda1: journal params: device sda1, size 8192, journal first block 18, max trans len 1024, max batch 900, max commit age 30, max trans age 30
ReiserFS: sda1: checking transaction log (sda1)
ReiserFS: sda1: Using r5 hash to sort names
VFS: Mounted root (reiserfs filesystem) readonly.
Freeing unused kernel memory: 228k freed
nvidia: module license 'NVIDIA' taints kernel.
ACPI: PCI Interrupt 0000:02:00.0[A] -> GSI 24 (level, low) -> IRQ 24
PCI: Setting latency timer of device 0000:02:00.0 to 64
NVRM: loading NVIDIA UNIX x86_64 Kernel Module  100.14.11  Wed Jun 13 16:33:22 PDT 2007
ReiserFS: sda2: found reiserfs format "3.6" with standard journal
ReiserFS: sda2: using ordered data mode
ReiserFS: sda2: journal params: device sda2, size 8192, journal first block 18, max trans len 1024, max batch 900, max commit age 30, max trans age 30
ReiserFS: sda2: checking transaction log (sda2)
ReiserFS: sda2: Using r5 hash to sort names
ReiserFS: sdb1: found reiserfs format "3.6" with standard journal
ReiserFS: sdb1: using ordered data mode
ReiserFS: sdb1: journal params: device sdb1, size 8192, journal first block 18, max trans len 1024, max batch 900, max commit age 30, max trans age 30
ReiserFS: sdb1: checking transaction log (sdb1)
ReiserFS: sdb1: Using r5 hash to sort names
Adding 1044216k swap on /dev/sda3.  Priority:-1 extents:1 across:1044216k
eth0:  setting full-duplex.
usb 2-2: usbfs: USBDEVFS_CONTROL failed cmd newhidups rqt 161 rq 1 len 2 ret -110
ata1.00: exception Emask 0x0 SAct 0x0 SErr 0x0 action 0x2 frozen
ata1.00: cmd ec/00:00:00:00:00/00:00:00:00:00/00 tag 0 cdb 0x0 data 512 in
         res 40/00:01:00:4f:c2/00:00:00:00:00/00 Emask 0x4 (timeout)
ata1: soft resetting port
ata1.00: configured for UDMA/133
ata1: EH complete
sd 0:0:0:0: [sda] 625142448 512-byte hardware sectors (320073 MB)
sd 0:0:0:0: [sda] Write Protect is off
sd 0:0:0:0: [sda] Mode Sense: 00 3a 00 00
sd 0:0:0:0: [sda] Write cache: enabled, read cache: enabled, doesn't support DPO or FUA