Date: Wed, 13 Aug 2003 17:23:53 +0200 (CEST)
From: Coen Rosdorff <>
Subject: VM: killing process amavis
Sender: linux-kernel-owner@vger.kernel.org
Precedence: bulk
List-ID: <linux-kernel.vger.kernel.org>
X-Mailing-List: linux-kernel@vger.kernel.org
X-Lkml-Link: https://lkml.org/lkml/2003/8/13/149

Who can tell me something about this error in /var/log/messages:
Aug 13 10:12:51 rosdorff kernel: VM: killing process amavis
Aug 13 10:12:51 rosdorff kernel: swap_free: Unused swap offset entry 02000000
Memtest86: No errors.
Kernel: 2.4.21
Mem: 256MB
CPU: Intel PII 300Mhz
# cat /proc/swaps 
Filename                        Type            Size    Used    Priority
/dev/sda2                       partition       530136  44256   -1
# cat /proc/meminfo 
        total:    used:    free:  shared: buffers:  cached:
Mem:  263229440 194764800 68464640        0 55820288 91078656
Swap: 542859264 45318144 497541120
MemTotal:       257060 kB
MemFree:         66860 kB
MemShared:           0 kB
Buffers:         54512 kB
Cached:          58248 kB
SwapCached:      30696 kB
Active:          90332 kB
Inactive:        74088 kB
HighTotal:           0 kB
HighFree:            0 kB
LowTotal:       257060 kB
LowFree:         66860 kB
SwapTotal:      530136 kB
SwapFree:       485880 kB
-
To unsubscribe from this list: send the line "unsubscribe linux-kernel" in
the body of a message to majordomo@vger.kernel.org
More majordomo info at  
http://vger.kernel.org/majordomo-info.html
Please read the FAQ at  
http://www.tux.org/lkml/