Date: Sat, 15 Jan 2000 20:45:42 -0800 (PST)
From: Andre Hedrick <>
Subject: Re: PCI bus scan problems
Sender: linux-kernel-owner@vger.kernel.org
Precedence: bulk
List-ID: <linux-kernel.vger.kernel.org>
X-Mailing-List: linux-kernel@vger.kernel.org
X-Lkml-Link: https://lkml.org/lkml/2000/1/16/52

On Sat, 15 Jan 2000, Alan Cox wrote:
> 
> Somewhere since 2.3.28 the PCI bios scanning has broken on my AMD K7. It now
> reports
> 
> PCI: Interrupt Routing Table found at 0xc00fdf20 [router type 1022/7400]
> PCI: Cannot allocate resource region 0 of device 00:0a.0
> PCI: I/O Region 00:0a.0/0 too large (54336 bytes)
> (repeated lots)
> PCI: I/O Region 00:0a.0/0 too large (54336 bytes)
> PCI: Failed to allocate resource 0 for Ensoniq ES1370 [AudioPCI]
Alan,
Try 2.3.40-4 + gendisk-ide.....
Linux version 2.3.40 (root@viper) (gcc version egcs-2.91.66 19990314/Linux (egcs-1.1.2 release)) #1 Fri Jan 14 13:06:52 PST 2000
e820: 0009fc00 @ 00000000 (usable)
e820: 00000400 @ 0009fc00 (reserved)
e820: 00010000 @ 000f0000 (reserved)
e820: 00010000 @ ffff0000 (reserved)
e820: 0000d000 @ 0bff3000 (ACPI data)
e820: 00003000 @ 0bff0000 (ACPI NVS)
e820: 0bef0000 @ 00100000 (usable)
On node 0 totalpages: 0000bff0
zone(0): 4096 pages.
zone(1): 45040 pages.
zone(2): 0 pages.
Initializing CPU#0
Detected 698653353 Hz processor.
Console: colour VGA+ 80x25
Calibrating delay loop... 696.32 BogoMIPS
Memory: 190656k/196544k available (1468k kernel code, 5500k reserved, 192k data, 156k init, 0k highmem)
Buffer-cache hash table entries: 8192 (order: 3, 32768 bytes)
Page-cache hash table entries: 65536 (order: 6, 262144 bytes)
VFS: Diskquotas version dquot_6.4.0 initialized
L1 I Cache: 64K  L1 D Cache: 64K
L2 Cache: 512K
CPU: AMD AMD-K7(tm) Processor stepping 02
Checking 386/387 coupling... OK, FPU using exception 16 error reporting.
Checking 'hlt' instruction... OK.
POSIX conformance testing by UNIFIX
mtrr: v1.35 (19990512) Richard Gooch (rgooch@atnf.csiro.au)
PCI: PCI BIOS revision 2.10 entry at 0xfb360
PCI: Using configuration type 1
PCI: Probing PCI hardware
PCI: Interrupt Routing Table found at 0xc00fdf30 [router type 1022/7400]
Linux NET4.0 for Linux 2.3
Based upon Swansea University Computer Society NET3.039
Andre Hedrick
The Linux IDE guy
-
To unsubscribe from this list: send the line "unsubscribe linux-kernel" in
the body of a message to majordomo@vger.rutgers.edu
Please read the FAQ at 
http://www.tux.org/lkml/