Date: Mon, 28 Jan 2008 16:05:28 -0200
From: Gerardo Exequiel Pozzi <>
Subject: chars > 0xa0 not displayed in console since 2.6.24
Sender: linux-kernel-owner@vger.kernel.org
Precedence: bulk
List-ID: <linux-kernel.vger.kernel.org>
X-Mailing-List: linux-kernel@vger.kernel.org
X-Lkml-Link: https://lkml.org/lkml/2008/1/28/481

Hello,
Chars are displayed OK in kernels < 2.6.24 (2.6.22.16, 2.6.23.14) with 
the same config.
I booted clean with init=/bin/bash to discard distro (slackware-current) 
problem/incompat, but the problem persist.
This is a know problem?
The dmesg and config are attached.
Please CC, i am currently not subscribed to the mailing list.
-- 
Gerardo Exequiel Pozzi ( djgera )
http://www.djgera.com.ar
KeyID: 0x1B8C330D
Key fingerprint = 0CAA D5D4 CD85 4434 A219  76ED 39AB 221B 1B8C 330D
CONFIG_X86_32=y
CONFIG_X86=y
CONFIG_GENERIC_TIME=y
CONFIG_GENERIC_CMOS_UPDATE=y
CONFIG_CLOCKSOURCE_WATCHDOG=y
CONFIG_GENERIC_CLOCKEVENTS=y
CONFIG_GENERIC_CLOCKEVENTS_BROADCAST=y
CONFIG_LOCKDEP_SUPPORT=y
CONFIG_STACKTRACE_SUPPORT=y
CONFIG_SEMAPHORE_SLEEPERS=y
CONFIG_MMU=y
CONFIG_ZONE_DMA=y
CONFIG_QUICKLIST=y
CONFIG_GENERIC_ISA_DMA=y
CONFIG_GENERIC_IOMAP=y
CONFIG_GENERIC_BUG=y
CONFIG_GENERIC_HWEIGHT=y
CONFIG_ARCH_MAY_HAVE_PC_FDC=y
CONFIG_DMI=y
CONFIG_RWSEM_XCHGADD_ALGORITHM=y
CONFIG_GENERIC_CALIBRATE_DELAY=y
CONFIG_ARCH_SUPPORTS_OPROFILE=y
CONFIG_ARCH_POPULATES_NODE_MAP=y
CONFIG_GENERIC_HARDIRQS=y
CONFIG_GENERIC_IRQ_PROBE=y
CONFIG_GENERIC_PENDING_IRQ=y
CONFIG_X86_SMP=y
CONFIG_X86_HT=y
CONFIG_X86_BIOS_REBOOT=y
CONFIG_X86_TRAMPOLINE=y
CONFIG_KTIME_SCALAR=y
CONFIG_DEFCONFIG_LIST="/lib/modules/$UNAME_RELEASE/.config"
CONFIG_EXPERIMENTAL=y
CONFIG_LOCK_KERNEL=y
CONFIG_INIT_ENV_ARG_LIMIT=32
CONFIG_LOCALVERSION=""
CONFIG_SWAP=y
CONFIG_SYSVIPC=y
CONFIG_SYSVIPC_SYSCTL=y
CONFIG_POSIX_MQUEUE=y
CONFIG_LOG_BUF_SHIFT=16
CONFIG_SYSCTL=y
CONFIG_EMBEDDED=y
CONFIG_UID16=y
CONFIG_SYSCTL_SYSCALL=y
CONFIG_HOTPLUG=y
CONFIG_PRINTK=y
CONFIG_BUG=y
CONFIG_BASE_FULL=y
CONFIG_FUTEX=y
CONFIG_ANON_INODES=y
CONFIG_EPOLL=y
CONFIG_SIGNALFD=y
CONFIG_EVENTFD=y
CONFIG_SHMEM=y
CONFIG_VM_EVENT_COUNTERS=y
CONFIG_SLUB_DEBUG=y
CONFIG_SLUB=y
CONFIG_SLABINFO=y
CONFIG_RT_MUTEXES=y
CONFIG_BASE_SMALL=0
CONFIG_MODULES=y
CONFIG_MODULE_UNLOAD=y
CONFIG_KMOD=y
CONFIG_STOP_MACHINE=y
CONFIG_BLOCK=y
CONFIG_IOSCHED_NOOP=y
CONFIG_IOSCHED_AS=m
CONFIG_IOSCHED_DEADLINE=m
CONFIG_IOSCHED_CFQ=y
CONFIG_DEFAULT_CFQ=y
CONFIG_DEFAULT_IOSCHED="cfq"
CONFIG_TICK_ONESHOT=y
CONFIG_NO_HZ=y
CONFIG_HIGH_RES_TIMERS=y
CONFIG_GENERIC_CLOCKEVENTS_BUILD=y
CONFIG_SMP=y
CONFIG_X86_PC=y
CONFIG_SCHED_NO_NO_OMIT_FRAME_POINTER=y
CONFIG_MK8=y
CONFIG_X86_CMPXCHG=y
CONFIG_X86_L1_CACHE_SHIFT=6
CONFIG_X86_XADD=y
CONFIG_X86_WP_WORKS_OK=y
CONFIG_X86_INVLPG=y
CONFIG_X86_BSWAP=y
CONFIG_X86_POPAD_OK=y
CONFIG_X86_GOOD_APIC=y
CONFIG_X86_INTEL_USERCOPY=y
CONFIG_X86_USE_PPRO_CHECKSUM=y
CONFIG_X86_TSC=y
CONFIG_X86_MINIMUM_CPU_FAMILY=4
CONFIG_HPET_TIMER=y
CONFIG_HPET_EMULATE_RTC=y
CONFIG_NR_CPUS=2
CONFIG_SCHED_MC=y
CONFIG_PREEMPT=y
CONFIG_PREEMPT_BKL=y
CONFIG_X86_LOCAL_APIC=y
CONFIG_X86_IO_APIC=y
CONFIG_X86_MCE=y
CONFIG_VM86=y
CONFIG_X86_MSR=m
CONFIG_X86_CPUID=m
CONFIG_NOHIGHMEM=y
CONFIG_VMSPLIT_2G_OPT=y
CONFIG_PAGE_OFFSET=0x78000000
CONFIG_ARCH_FLATMEM_ENABLE=y
CONFIG_ARCH_SPARSEMEM_ENABLE=y
CONFIG_ARCH_SELECT_MEMORY_MODEL=y
CONFIG_SELECT_MEMORY_MODEL=y
CONFIG_FLATMEM_MANUAL=y
CONFIG_FLATMEM=y
CONFIG_FLAT_NODE_MEM_MAP=y
CONFIG_SPARSEMEM_STATIC=y
CONFIG_SPLIT_PTLOCK_CPUS=4
CONFIG_ZONE_DMA_FLAG=1
CONFIG_BOUNCE=y
CONFIG_NR_QUICK=1
CONFIG_VIRT_TO_BUS=y
CONFIG_MTRR=y
CONFIG_IRQBALANCE=y
CONFIG_SECCOMP=y
CONFIG_HZ_1000=y
CONFIG_HZ=1000
CONFIG_PHYSICAL_START=0x100000
CONFIG_PHYSICAL_ALIGN=0x100000
CONFIG_HOTPLUG_CPU=y
CONFIG_PM=y
CONFIG_SUSPEND_SMP_POSSIBLE=y
CONFIG_HIBERNATION_SMP_POSSIBLE=y
CONFIG_ACPI=y
CONFIG_ACPI_PROCFS=y
CONFIG_ACPI_PROCFS_POWER=y
CONFIG_ACPI_SYSFS_POWER=y
CONFIG_ACPI_PROC_EVENT=y
CONFIG_ACPI_BUTTON=y
CONFIG_ACPI_FAN=y
CONFIG_ACPI_PROCESSOR=y
CONFIG_ACPI_HOTPLUG_CPU=y
CONFIG_ACPI_THERMAL=y
CONFIG_ACPI_BLACKLIST_YEAR=0
CONFIG_ACPI_EC=y
CONFIG_ACPI_POWER=y
CONFIG_ACPI_SYSTEM=y
CONFIG_X86_PM_TIMER=y
CONFIG_ACPI_CONTAINER=y
CONFIG_CPU_FREQ=y
CONFIG_CPU_FREQ_TABLE=m
CONFIG_CPU_FREQ_STAT=m
CONFIG_CPU_FREQ_DEFAULT_GOV_PERFORMANCE=y
CONFIG_CPU_FREQ_GOV_PERFORMANCE=y
CONFIG_CPU_FREQ_GOV_POWERSAVE=m
CONFIG_CPU_FREQ_GOV_USERSPACE=m
CONFIG_CPU_FREQ_GOV_ONDEMAND=m
CONFIG_CPU_FREQ_GOV_CONSERVATIVE=m
CONFIG_X86_POWERNOW_K8=m
CONFIG_X86_POWERNOW_K8_ACPI=y
CONFIG_PCI=y
CONFIG_PCI_GOANY=y
CONFIG_PCI_BIOS=y
CONFIG_PCI_DIRECT=y
CONFIG_PCI_MMCONFIG=y
CONFIG_PCI_DOMAINS=y
CONFIG_PCIEPORTBUS=y
CONFIG_PCIEAER=y
CONFIG_ARCH_SUPPORTS_MSI=y
CONFIG_PCI_MSI=y
CONFIG_HT_IRQ=y
CONFIG_ISA_DMA_API=y
CONFIG_BINFMT_ELF=y
CONFIG_NET=y
CONFIG_PACKET=y
CONFIG_UNIX=y
CONFIG_INET=y
CONFIG_IP_FIB_HASH=y
CONFIG_TCP_CONG_CUBIC=y
CONFIG_DEFAULT_TCP_CONG="cubic"
CONFIG_BRIDGE=m
CONFIG_LLC=m
CONFIG_NET_SCH_FIFO=y
CONFIG_CFG80211=m
CONFIG_NL80211=y
CONFIG_WIRELESS_EXT=y
CONFIG_MAC80211=m
CONFIG_MAC80211_RCSIMPLE=y
CONFIG_UEVENT_HELPER_PATH=""
CONFIG_STANDALONE=y
CONFIG_PREVENT_FIRMWARE_BUILD=y
CONFIG_FW_LOADER=y
CONFIG_PNP=y
CONFIG_PNPACPI=y
CONFIG_BLK_DEV=y
CONFIG_BLK_DEV_FD=m
CONFIG_BLK_DEV_LOOP=y
CONFIG_MISC_DEVICES=y
CONFIG_EEPROM_93CX6=m
CONFIG_IDE=y
CONFIG_IDE_MAX_HWIFS=2
CONFIG_BLK_DEV_IDE=y
CONFIG_BLK_DEV_IDEDISK=y
CONFIG_BLK_DEV_IDECD=y
CONFIG_BLK_DEV_IDEPCI=y
CONFIG_IDEPCI_SHARE_IRQ=y
CONFIG_IDEPCI_PCIBUS_ORDER=y
CONFIG_BLK_DEV_IDEDMA_PCI=y
CONFIG_BLK_DEV_AMD74XX=y
CONFIG_BLK_DEV_IDEDMA=y
CONFIG_IDE_ARCH_OBSOLETE_INIT=y
CONFIG_SCSI=y
CONFIG_SCSI_DMA=y
CONFIG_BLK_DEV_SD=y
CONFIG_SCSI_WAIT_SCAN=m
CONFIG_ATA=y
CONFIG_ATA_ACPI=y
CONFIG_SATA_NV=y
CONFIG_SATA_SIL24=m
CONFIG_IEEE1394=m
CONFIG_IEEE1394_OHCI1394=m
CONFIG_IEEE1394_SBP2=m
CONFIG_NETDEVICES=y
CONFIG_TUN=m
CONFIG_PHYLIB=m
CONFIG_MARVELL_PHY=m
CONFIG_NET_ETHERNET=y
CONFIG_MII=m
CONFIG_NET_PCI=y
CONFIG_FORCEDETH=m
CONFIG_8139TOO=m
CONFIG_WLAN_80211=y
CONFIG_RTL8187=m
CONFIG_INPUT=y
CONFIG_INPUT_MOUSEDEV=y
CONFIG_INPUT_MOUSEDEV_PSAUX=y
CONFIG_INPUT_MOUSEDEV_SCREEN_X=1280
CONFIG_INPUT_MOUSEDEV_SCREEN_Y=1024
CONFIG_INPUT_KEYBOARD=y
CONFIG_KEYBOARD_ATKBD=y
CONFIG_INPUT_MOUSE=y
CONFIG_MOUSE_PS2=y
CONFIG_INPUT_MISC=y
CONFIG_INPUT_PCSPKR=y
CONFIG_SERIO=y
CONFIG_SERIO_I8042=y
CONFIG_SERIO_LIBPS2=y
CONFIG_VT=y
CONFIG_VT_CONSOLE=y
CONFIG_HW_CONSOLE=y
CONFIG_FIX_EARLYCON_MEM=y
CONFIG_UNIX98_PTYS=y
CONFIG_RTC=y
CONFIG_HPET=y
CONFIG_HPET_MMAP=y
CONFIG_DEVPORT=y
CONFIG_I2C=m
CONFIG_I2C_BOARDINFO=y
CONFIG_I2C_CHARDEV=m
CONFIG_SENSORS_EEPROM=m
CONFIG_POWER_SUPPLY=y
CONFIG_HWMON=m
CONFIG_HWMON_VID=m
CONFIG_SENSORS_K8TEMP=m
CONFIG_SENSORS_IT87=m
CONFIG_SSB_POSSIBLE=y
CONFIG_VGA_CONSOLE=y
CONFIG_DUMMY_CONSOLE=y
CONFIG_SOUND=y
CONFIG_SND=y
CONFIG_SND_TIMER=y
CONFIG_SND_PCM=y
CONFIG_SND_HWDEP=m
CONFIG_SND_RAWMIDI=m
CONFIG_SND_SEQUENCER=y
CONFIG_SND_OSSEMUL=y
CONFIG_SND_MIXER_OSS=y
CONFIG_SND_PCM_OSS=y
CONFIG_SND_PCM_OSS_PLUGINS=y
CONFIG_SND_SEQUENCER_OSS=y
CONFIG_SND_RTCTIMER=y
CONFIG_SND_SEQ_RTCTIMER_DEFAULT=y
CONFIG_SND_AC97_CODEC=m
CONFIG_SND_EMU10K1=m
CONFIG_SND_HDA_INTEL=m
CONFIG_SND_HDA_CODEC_ANALOG=y
CONFIG_AC97_BUS=m
CONFIG_USB_SUPPORT=y
CONFIG_USB_ARCH_HAS_HCD=y
CONFIG_USB_ARCH_HAS_OHCI=y
CONFIG_USB_ARCH_HAS_EHCI=y
CONFIG_USB=y
CONFIG_USB_DEVICEFS=y
CONFIG_USB_EHCI_HCD=m
CONFIG_USB_OHCI_HCD=m
CONFIG_USB_OHCI_LITTLE_ENDIAN=y
CONFIG_USB_STORAGE=m
CONFIG_DMIID=y
CONFIG_EXT2_FS=y
CONFIG_EXT3_FS=y
CONFIG_JBD=y
CONFIG_XFS_FS=y
CONFIG_INOTIFY=y
CONFIG_INOTIFY_USER=y
CONFIG_FUSE_FS=m
CONFIG_ISO9660_FS=y
CONFIG_JOLIET=y
CONFIG_ZISOFS=y
CONFIG_UDF_FS=m
CONFIG_UDF_NLS=y
CONFIG_FAT_FS=m
CONFIG_MSDOS_FS=m
CONFIG_VFAT_FS=m
CONFIG_FAT_DEFAULT_CODEPAGE=437
CONFIG_FAT_DEFAULT_IOCHARSET="iso8859-1"
CONFIG_NTFS_FS=m
CONFIG_PROC_FS=y
CONFIG_PROC_KCORE=y
CONFIG_PROC_SYSCTL=y
CONFIG_SYSFS=y
CONFIG_TMPFS=y
CONFIG_NETWORK_FILESYSTEMS=y
CONFIG_NFS_FS=m
CONFIG_NFS_V3=y
CONFIG_NFSD=m
CONFIG_NFSD_V3=y
CONFIG_LOCKD=m
CONFIG_LOCKD_V4=y
CONFIG_EXPORTFS=m
CONFIG_NFS_COMMON=y
CONFIG_SUNRPC=m
CONFIG_SMB_FS=m
CONFIG_MSDOS_PARTITION=y
CONFIG_NLS=y
CONFIG_NLS_DEFAULT="iso8859-1"
CONFIG_NLS_CODEPAGE_437=m
CONFIG_NLS_CODEPAGE_850=m
CONFIG_NLS_ASCII=m
CONFIG_NLS_ISO8859_1=m
CONFIG_NLS_ISO8859_15=m
CONFIG_NLS_UTF8=m
CONFIG_TRACE_IRQFLAGS_SUPPORT=y
CONFIG_MAGIC_SYSRQ=y
CONFIG_EARLY_PRINTK=y
CONFIG_X86_FIND_SMP_CONFIG=y
CONFIG_X86_MPPARSE=y
CONFIG_CRYPTO=y
CONFIG_CRYPTO_ALGAPI=m
CONFIG_CRYPTO_BLKCIPHER=m
CONFIG_CRYPTO_MANAGER=m
CONFIG_CRYPTO_ECB=m
CONFIG_CRYPTO_AES=m
CONFIG_CRYPTO_ARC4=m
CONFIG_CRYPTO_MICHAEL_MIC=m
CONFIG_BITREVERSE=y
CONFIG_CRC32=y
CONFIG_ZLIB_INFLATE=y
CONFIG_PLIST=y
CONFIG_HAS_IOMEM=y
CONFIG_HAS_IOPORT=y
CONFIG_HAS_DMA=y
Linux version 2.6.24 (root@djgera) (gcc version 4.1.2) #4 SMP PREEMPT Fri Jan 25 00:08:27 ARST 2008
BIOS-provided physical RAM map:
 BIOS-e820: 0000000000000000 - 000000000009f000 (usable)
 BIOS-e820: 000000000009f000 - 00000000000a0000 (reserved)
 BIOS-e820: 00000000000f0000 - 0000000000100000 (reserved)
 BIOS-e820: 0000000000100000 - 000000007fee0000 (usable)
 BIOS-e820: 000000007fee0000 - 000000007fee3000 (ACPI NVS)
 BIOS-e820: 000000007fee3000 - 000000007fef0000 (ACPI data)
 BIOS-e820: 000000007fef0000 - 000000007ff00000 (reserved)
 BIOS-e820: 00000000f0000000 - 00000000f4000000 (reserved)
 BIOS-e820: 00000000fec00000 - 0000000100000000 (reserved)
2046MB LOWMEM available.
found SMP MP-table at 000f5eb0
Entering add_active_range(0, 0, 524000) 0 entries of 256 used
Zone PFN ranges:
  DMA             0 ->     4096
  Normal       4096 ->   524000
Movable zone start PFN for each node
early_node_map[1] active PFN ranges
    0:        0 ->   524000
On node 0 totalpages: 524000
  DMA zone: 32 pages used for memmap
  DMA zone: 0 pages reserved
  DMA zone: 4064 pages, LIFO batch:0
  Normal zone: 4061 pages used for memmap
  Normal zone: 515843 pages, LIFO batch:31
  Movable zone: 0 pages used for memmap
DMI 2.4 present.
ACPI: RSDP 000F7C40, 0024 (r2 Nvidia)
ACPI: XSDT 7FEE3100, 004C (r1 Nvidia ASUSACPI 42302E31 AWRD        0)
ACPI: FACP 7FEEB080, 00F4 (r3 Nvidia ASUSACPI 42302E31 AWRD        0)
ACPI: DSDT 7FEE3280, 7D9B (r1 NVIDIA AWRDACPI     1000 MSFT  3000000)
ACPI: FACS 7FEE0000, 0040
ACPI: SSDT 7FEEB2C0, 028A (r1 PTLTD  POWERNOW        1  LTP        1)
ACPI: HPET 7FEEB5C0, 0038 (r1 Nvidia ASUSACPI 42302E31 AWRD       98)
ACPI: MCFG 7FEEB640, 003C (r1 Nvidia ASUSACPI 42302E31 AWRD        0)
ACPI: APIC 7FEEB1C0, 0098 (r1 Nvidia ASUSACPI 42302E31 AWRD        0)
ACPI: PM-Timer IO Port: 0x1008
ACPI: Local APIC address 0xfee00000
ACPI: LAPIC (acpi_id[0x00] lapic_id[0x00] enabled)
Processor #0 15:3 APIC version 16
ACPI: LAPIC (acpi_id[0x01] lapic_id[0x01] enabled)
Processor #1 15:3 APIC version 16
ACPI: LAPIC (acpi_id[0x02] lapic_id[0x02] disabled)
ACPI: LAPIC (acpi_id[0x03] lapic_id[0x03] disabled)
ACPI: LAPIC_NMI (acpi_id[0x00] high edge lint[0x1])
ACPI: LAPIC_NMI (acpi_id[0x01] high edge lint[0x1])
ACPI: LAPIC_NMI (acpi_id[0x02] high edge lint[0x1])
ACPI: LAPIC_NMI (acpi_id[0x03] high edge lint[0x1])
ACPI: IOAPIC (id[0x04] address[0xfec00000] gsi_base[0])
IOAPIC[0]: apic_id 4, version 17, address 0xfec00000, GSI 0-23
ACPI: INT_SRC_OVR (bus 0 bus_irq 0 global_irq 2 dfl dfl)
ACPI: INT_SRC_OVR (bus 0 bus_irq 9 global_irq 9 high level)
ACPI: INT_SRC_OVR (bus 0 bus_irq 14 global_irq 14 high edge)
ACPI: INT_SRC_OVR (bus 0 bus_irq 15 global_irq 15 high edge)
ACPI: IRQ0 used by override.
ACPI: IRQ2 used by override.
ACPI: IRQ9 used by override.
ACPI: IRQ14 used by override.
ACPI: IRQ15 used by override.
Enabling APIC mode:  Flat.  Using 1 I/O APICs
ACPI: HPET id: 0x10de8201 base: 0xfefff000
Using ACPI (MADT) for SMP configuration information
Allocating PCI resources starting at 80000000 (gap: 7ff00000:70100000)
Built 1 zonelists in Zone order, mobility grouping on.  Total pages: 519907
Kernel command line: BOOT_IMAGE=2.6.24 ro root=805
mapped APIC to ffffb000 (fee00000)
mapped IOAPIC to ffffa000 (fec00000)
Enabling fast FPU save and restore... done.
Enabling unmasked SIMD FPU exception support... done.
Initializing CPU#0
PID hash table entries: 4096 (order: 12, 16384 bytes)
Detected 2611.901 MHz processor.
spurious 8259A interrupt: IRQ7.
Console: colour VGA+ 80x25
console [tty0] enabled
Dentry cache hash table entries: 262144 (order: 8, 1048576 bytes)
Inode-cache hash table entries: 131072 (order: 7, 524288 bytes)
Memory: 2073916k/2096000k available (2546k kernel code, 21572k reserved, 557k data, 188k init, 0k highmem)
virtual kernel memory layout:
    fixmap  : 0xfffb5000 - 0xfffff000   ( 296 kB)
    vmalloc : 0xf8800000 - 0xfffb3000   ( 119 MB)
    lowmem  : 0x78000000 - 0xf7ee0000   (2046 MB)
      .init : 0x7840f000 - 0x7843e000   ( 188 kB)
      .data : 0x7837ca0e - 0x784080f4   ( 557 kB)
      .text : 0x78100000 - 0x7837ca0e   (2546 kB)
Checking if this processor honours the WP bit even in supervisor mode... Ok.
SLUB: Genslabs=11, HWalign=64, Order=0-1, MinObjects=4, CPUs=2, Nodes=1
hpet clockevent registered
Calibrating delay using timer specific routine.. 5226.86 BogoMIPS (lpj=2613432)
Mount-cache hash table entries: 512
CPU: After generic identify, caps: 178bfbff ebd3fbff 00000000 00000000 00002001 00000000 0000001f 00000000
CPU: L1 I Cache: 64K (64 bytes/line), D cache 64K (64 bytes/line)
CPU: L2 Cache: 1024K (64 bytes/line)
CPU 0(2) -> Core 0
CPU: After all inits, caps: 178bfbff ebd3fbff 00000000 00000410 00002001 00000000 0000001f 00000000
Intel machine check architecture supported.
Intel machine check reporting enabled on CPU#0.
Compat vDSO mapped to ffffe000.
Checking 'hlt' instruction... OK.
SMP alternatives: switching to UP code
ACPI: Core revision 20070126
CPU0: AMD Athlon(tm) 64 X2 Dual Core Processor 5200+ stepping 02
SMP alternatives: switching to SMP code
Booting processor 1/1 eip 2000
Initializing CPU#1
Calibrating delay using timer specific routine.. 5223.63 BogoMIPS (lpj=2611815)
CPU: After generic identify, caps: 178bfbff ebd3fbff 00000000 00000000 00002001 00000000 0000001f 00000000
CPU: L1 I Cache: 64K (64 bytes/line), D cache 64K (64 bytes/line)
CPU: L2 Cache: 1024K (64 bytes/line)
CPU 1(2) -> Core 1
CPU: After all inits, caps: 178bfbff ebd3fbff 00000000 00000410 00002001 00000000 0000001f 00000000
Intel machine check architecture supported.
Intel machine check reporting enabled on CPU#1.
CPU1: AMD Athlon(tm) 64 X2 Dual Core Processor 5200+ stepping 02
Total of 2 processors activated (10450.49 BogoMIPS).
ENABLING IO-APIC IRQs
..TIMER: vector=0x31 apic1=0 pin1=2 apic2=-1 pin2=-1
Brought up 2 CPUs
net_namespace: 64 bytes
NET: Registered protocol family 16
ACPI: bus type pci registered
PCI: Using MMCONFIG
PCI: No mmconfig possible on device 00:18
Setting up standard PCI resources
ACPI: EC: Look up EC in DSDT
ACPI: Interpreter enabled
ACPI: (supports S0 S5)
ACPI: Using IOAPIC for interrupt routing
ACPI: PCI Root Bridge [PCI0] (0000:00)
PCI: Transparent bridge - 0000:00:0e.0
ACPI: PCI Interrupt Routing Table [\_SB_.PCI0._PRT]
ACPI: PCI Interrupt Routing Table [\_SB_.PCI0.HUB0._PRT]
ACPI: PCI Interrupt Link [LNK1] (IRQs 5 7 9 10 11 14 15) *0, disabled.
ACPI: PCI Interrupt Link [LNK2] (IRQs 5 7 9 10 11 14 15) *0, disabled.
ACPI: PCI Interrupt Link [LNK3] (IRQs 5 7 9 10 *11 14 15)
ACPI: PCI Interrupt Link [LNK4] (IRQs 5 7 9 10 11 14 15) *0, disabled.
ACPI: PCI Interrupt Link [LNK5] (IRQs 5 *7 9 10 11 14 15)
ACPI: PCI Interrupt Link [LNK6] (IRQs 5 7 9 10 11 14 15) *0, disabled.
ACPI: PCI Interrupt Link [LNK7] (IRQs 5 7 9 10 11 14 15) *0, disabled.
ACPI: PCI Interrupt Link [LNK8] (IRQs 5 7 9 10 11 14 15) *0, disabled.
ACPI: PCI Interrupt Link [LP2P] (IRQs 5 7 9 10 11 14 15) *0, disabled.
ACPI: PCI Interrupt Link [LUBA] (IRQs 5 *7 9 10 11 14 15)
ACPI: PCI Interrupt Link [LMAC] (IRQs 5 7 9 *10 11 14 15)
ACPI: PCI Interrupt Link [LMC1] (IRQs 5 7 9 10 11 14 15) *0, disabled.
ACPI: PCI Interrupt Link [LAZA] (IRQs 5 7 9 10 11 14 15) *0, disabled.
ACPI: PCI Interrupt Link [LPMU] (IRQs 5 7 9 10 11 14 15) *0, disabled.
ACPI: PCI Interrupt Link [LSMB] (IRQs 5 7 9 10 *11 14 15)
ACPI: PCI Interrupt Link [LUB2] (IRQs *5 7 9 10 11 14 15)
ACPI: PCI Interrupt Link [LIDE] (IRQs 5 7 9 10 11 14 15) *0, disabled.
ACPI: PCI Interrupt Link [LSID] (IRQs *5 7 9 10 11 14 15)
ACPI: PCI Interrupt Link [LFID] (IRQs *5 7 9 10 11 14 15)
ACPI: PCI Interrupt Link [LSA2] (IRQs *5 7 9 10 11 14 15)
ACPI: PCI Interrupt Link [APC1] (IRQs 16) *0, disabled.
ACPI: PCI Interrupt Link [APC2] (IRQs 17) *0, disabled.
ACPI: PCI Interrupt Link [APC3] (IRQs 18) *0
ACPI: PCI Interrupt Link [APC4] (IRQs 19) *0, disabled.
ACPI: PCI Interrupt Link [APC5] (IRQs 16) *0
ACPI: PCI Interrupt Link [APC6] (IRQs 16) *0, disabled.
ACPI: PCI Interrupt Link [APC7] (IRQs 16) *0, disabled.
ACPI: PCI Interrupt Link [APC8] (IRQs 16) *0, disabled.
ACPI: PCI Interrupt Link [APCF] (IRQs 20 21 22 23) *0
ACPI: PCI Interrupt Link [APCH] (IRQs 20 21 22 23) *0
ACPI: PCI Interrupt Link [AMC1] (IRQs 20 21 22 23) *0, disabled.
ACPI: PCI Interrupt Link [APMU] (IRQs 20 21 22 23) *0, disabled.
ACPI: PCI Interrupt Link [AAZA] (IRQs 20 21 22 23) *0, disabled.
ACPI: PCI Interrupt Link [APCS] (IRQs 20 21 22 23) *0
ACPI: PCI Interrupt Link [APCL] (IRQs 20 21 22 23) *0
ACPI: PCI Interrupt Link [APCM] (IRQs 20 21 22 23) *0, disabled.
ACPI: PCI Interrupt Link [APCZ] (IRQs 20 21 22 23) *0, disabled.
ACPI: PCI Interrupt Link [APSI] (IRQs 20 21 22 23) *0
ACPI: PCI Interrupt Link [APSJ] (IRQs 20 21 22 23) *0
ACPI: PCI Interrupt Link [ASA2] (IRQs 20 21 22 23) *0
Linux Plug and Play Support v0.97 (c) Adam Belay
pnp: PnP ACPI init
ACPI: bus type pnp registered
pnpacpi: exceeded the max number of mem resources: 12
pnp: PnP ACPI: found 13 devices
ACPI: ACPI bus type pnp unregistered
SCSI subsystem initialized
libata version 3.00 loaded.
usbcore: registered new interface driver usbfs
usbcore: registered new interface driver hub
usbcore: registered new device driver usb
PCI: Using ACPI for IRQ routing
PCI: If a device doesn't work, try "pci=routeirq".  If it helps, post a report
hpet0: at MMIO 0xfefff000, IRQs 2, 8, 31
hpet0: 3 32-bit timers, 25000000 Hz
Time: hpet clocksource has been installed.
Switched to high resolution mode on CPU 0
Switched to high resolution mode on CPU 1
system 00:01: ioport range 0x1000-0x107f has been reserved
system 00:01: ioport range 0x1080-0x10ff has been reserved
system 00:01: ioport range 0x1400-0x147f has been reserved
system 00:01: ioport range 0x1480-0x14ff has been reserved
system 00:01: ioport range 0x1800-0x187f has been reserved
system 00:01: ioport range 0x1880-0x18ff has been reserved
system 00:02: ioport range 0x4d0-0x4d1 has been reserved
system 00:02: ioport range 0x800-0x87f has been reserved
system 00:02: ioport range 0x290-0x297 has been reserved
system 00:0b: iomem range 0xf0000000-0xf3ffffff could not be reserved
system 00:0c: iomem range 0xcec00-0xcffff has been reserved
system 00:0c: iomem range 0xf0000-0xf7fff could not be reserved
system 00:0c: iomem range 0xf8000-0xfbfff could not be reserved
system 00:0c: iomem range 0xfc000-0xfffff could not be reserved
system 00:0c: iomem range 0xfefff000-0xfefff0ff could not be reserved
system 00:0c: iomem range 0x7fee0000-0x7fefffff could not be reserved
system 00:0c: iomem range 0xffff0000-0xffffffff could not be reserved
system 00:0c: iomem range 0x0-0x9ffff could not be reserved
system 00:0c: iomem range 0x100000-0x7fedffff could not be reserved
system 00:0c: iomem range 0xfec00000-0xfec00fff could not be reserved
system 00:0c: iomem range 0xfee00000-0xfeefffff could not be reserved
system 00:0c: iomem range 0xfefff000-0xfeffffff could not be reserved
PCI: Bridge: 0000:00:04.0
  IO window: 9000-9fff
  MEM window: fb000000-fdffffff
  PREFETCH window: e0000000-efffffff
PCI: Bridge: 0000:00:0e.0
  IO window: a000-afff
  MEM window: disabled.
  PREFETCH window: disabled.
PCI: Setting latency timer of device 0000:00:04.0 to 64
PCI: Setting latency timer of device 0000:00:0e.0 to 64
NET: Registered protocol family 2
IP route cache hash table entries: 65536 (order: 6, 262144 bytes)
TCP established hash table entries: 262144 (order: 9, 2097152 bytes)
TCP bind hash table entries: 65536 (order: 7, 786432 bytes)
TCP: Hash tables configured (established 262144 bind 65536)
TCP reno registered
SGI XFS with no debug enabled
io scheduler noop registered
io scheduler cfq registered (default)
Boot video device is 0000:01:00.0
PCI: Setting latency timer of device 0000:00:04.0 to 64
assign_interrupt_mode Found MSI capability
Allocate Port Service[0000:00:04.0:pcie00]
Allocate Port Service[0000:00:04.0:pcie03]
input: Power Button (FF) as /devices/virtual/input/input0
ACPI: Power Button (FF) [PWRF]
input: Power Button (CM) as /devices/virtual/input/input1
ACPI: Power Button (CM) [PWRB]
ACPI: Fan [FAN] (on)
ACPI Exception (processor_core-0816): AE_NOT_FOUND, Processor Device is not present [20070126]
ACPI Exception (processor_core-0816): AE_NOT_FOUND, Processor Device is not present [20070126]
ACPI: Expecting a [Reference] package element, found type F78EED30
ACPI: Invalid passive threshold
ACPI: Thermal Zone [THRM] (40 C)
Real Time Clock Driver v1.12ac
hpet_resources: 0xfefff000 is busy
loop: module loaded
Uniform Multi-Platform E-IDE driver Revision: 7.00alpha2
ide: Assuming 33MHz system bus speed for PIO modes; override with idebus=xx
NFORCE-MCP55: IDE controller (0x10de:0x036e rev 0xa1) at  PCI slot 0000:00:0c.0
NFORCE-MCP55: not 100% native mode: will probe irqs later
NFORCE-MCP55: 0000:00:0c.0 (rev a1) UDMA133 controller
    ide0: BM-DMA at 0xf400-0xf407, BIOS settings: hda:DMA, hdb:DMA
NFORCE-MCP55: IDE port disabled
Probing IDE interface ide0...
hdb: HL-DT-STDVDRRW GWA-4161B, ATAPI CD/DVD-ROM drive
hda: HL-DT-STDVD-ROM GDR8163B, ATAPI CD/DVD-ROM drive
hda: host max PIO5 wanted PIO255(auto-tune) selected PIO4
hda: UDMA/33 mode selected
hdb: host max PIO5 wanted PIO255(auto-tune) selected PIO4
hdb: UDMA/33 mode selected
ide0 at 0x1f0-0x1f7,0x3f6 on irq 14
hda: ATAPI 52X DVD-ROM drive, 256kB Cache
Uniform CD-ROM driver Revision: 3.20
hdb: ATAPI 40X DVD-ROM DVD-R CD-R/RW drive, 2048kB Cache
Driver 'sd' needs updating - please use bus_type methods
sata_nv 0000:00:0d.0: version 3.5
ACPI: PCI Interrupt Link [APSI] enabled at IRQ 23
ACPI: PCI Interrupt 0000:00:0d.0[A] -> Link [APSI] -> GSI 23 (level, low) -> IRQ 16
PCI: Setting latency timer of device 0000:00:0d.0 to 64
scsi0 : sata_nv
scsi1 : sata_nv
ata1: SATA max UDMA/133 cmd 0x9f0 ctl 0xbf0 bmdma 0xe000 irq 16
ata2: SATA max UDMA/133 cmd 0x970 ctl 0xb70 bmdma 0xe008 irq 16
ata1: SATA link up 3.0 Gbps (SStatus 123 SControl 300)
ata1.00: ATA-8: WDC WD5000AAKS-00YGA0, 12.01C02, max UDMA/133
ata1.00: 976773168 sectors, multi 1: LBA48 NCQ (depth 0/32)
ata1.00: configured for UDMA/133
ata2: SATA link up 3.0 Gbps (SStatus 123 SControl 300)
ata2.00: ATA-7: Maxtor 6V200E0, VA111630, max UDMA/133
ata2.00: 398297088 sectors, multi 1: LBA48 NCQ (depth 0/32)
ata2.00: configured for UDMA/133
scsi 0:0:0:0: Direct-Access     ATA      WDC WD5000AAKS-0 12.0 PQ: 0 ANSI: 5
sd 0:0:0:0: [sda] 976773168 512-byte hardware sectors (500108 MB)
sd 0:0:0:0: [sda] Write Protect is off
sd 0:0:0:0: [sda] Mode Sense: 00 3a 00 00
sd 0:0:0:0: [sda] Write cache: enabled, read cache: enabled, doesn't support DPO or FUA
sd 0:0:0:0: [sda] 976773168 512-byte hardware sectors (500108 MB)
sd 0:0:0:0: [sda] Write Protect is off
sd 0:0:0:0: [sda] Mode Sense: 00 3a 00 00
sd 0:0:0:0: [sda] Write cache: enabled, read cache: enabled, doesn't support DPO or FUA
 sda: sda1 sda2 < sda5 sda6 sda7 sda8 sda9 sda10 > sda3 sda4
sd 0:0:0:0: [sda] Attached SCSI disk
scsi 1:0:0:0: Direct-Access     ATA      Maxtor 6V200E0   VA11 PQ: 0 ANSI: 5
sd 1:0:0:0: [sdb] 398297088 512-byte hardware sectors (203928 MB)
sd 1:0:0:0: [sdb] Write Protect is off
sd 1:0:0:0: [sdb] Mode Sense: 00 3a 00 00
sd 1:0:0:0: [sdb] Write cache: enabled, read cache: enabled, doesn't support DPO or FUA
sd 1:0:0:0: [sdb] 398297088 512-byte hardware sectors (203928 MB)
sd 1:0:0:0: [sdb] Write Protect is off
sd 1:0:0:0: [sdb] Mode Sense: 00 3a 00 00
sd 1:0:0:0: [sdb] Write cache: enabled, read cache: enabled, doesn't support DPO or FUA
 sdb: sdb1 sdb2
sd 1:0:0:0: [sdb] Attached SCSI disk
ACPI: PCI Interrupt Link [APSJ] enabled at IRQ 22
ACPI: PCI Interrupt 0000:00:0d.1[B] -> Link [APSJ] -> GSI 22 (level, low) -> IRQ 17
PCI: Setting latency timer of device 0000:00:0d.1 to 64
scsi2 : sata_nv
scsi3 : sata_nv
ata3: SATA max UDMA/133 cmd 0x9e0 ctl 0xbe0 bmdma 0xcc00 irq 17
ata4: SATA max UDMA/133 cmd 0x960 ctl 0xb60 bmdma 0xcc08 irq 17
ata3: SATA link up 1.5 Gbps (SStatus 113 SControl 300)
ata3.00: ATA-7: Maxtor 6Y160M0, YAR51HW0, max UDMA/133
ata3.00: 320173056 sectors, multi 1: LBA48 
ata3.00: configured for UDMA/133
ata4: SATA link down (SStatus 0 SControl 300)
scsi 2:0:0:0: Direct-Access     ATA      Maxtor 6Y160M0   YAR5 PQ: 0 ANSI: 5
sd 2:0:0:0: [sdc] 320173056 512-byte hardware sectors (163929 MB)
sd 2:0:0:0: [sdc] Write Protect is off
sd 2:0:0:0: [sdc] Mode Sense: 00 3a 00 00
sd 2:0:0:0: [sdc] Write cache: enabled, read cache: enabled, doesn't support DPO or FUA
sd 2:0:0:0: [sdc] 320173056 512-byte hardware sectors (163929 MB)
sd 2:0:0:0: [sdc] Write Protect is off
sd 2:0:0:0: [sdc] Mode Sense: 00 3a 00 00
sd 2:0:0:0: [sdc] Write cache: enabled, read cache: enabled, doesn't support DPO or FUA
 sdc: sdc1 sdc2 sdc3
sd 2:0:0:0: [sdc] Attached SCSI disk
ACPI: PCI Interrupt Link [ASA2] enabled at IRQ 21
ACPI: PCI Interrupt 0000:00:0d.2[C] -> Link [ASA2] -> GSI 21 (level, low) -> IRQ 18
PCI: Setting latency timer of device 0000:00:0d.2 to 64
scsi4 : sata_nv
scsi5 : sata_nv
ata5: SATA max UDMA/133 cmd 0xc800 ctl 0xc400 bmdma 0xb800 irq 18
ata6: SATA max UDMA/133 cmd 0xc000 ctl 0xbc00 bmdma 0xb808 irq 18
ata5: SATA link down (SStatus 0 SControl 300)
ata6: SATA link down (SStatus 0 SControl 300)
PNP: PS/2 Controller [PNP0303:PS2K,PNP0f13:PS2M] at 0x60,0x64 irq 1,12
serio: i8042 KBD port at 0x60,0x64 irq 1
serio: i8042 AUX port at 0x60,0x64 irq 12
mice: PS/2 mouse device common for all mice
input: AT Translated Set 2 keyboard as /devices/platform/i8042/serio0/input/input2
input: PC Speaker as /devices/platform/pcspkr/input/input3
input: ImPS/2 Generic Wheel Mouse as /devices/platform/i8042/serio1/input/input4
Advanced Linux Sound Architecture Driver Version 1.0.15 (Tue Nov 20 19:16:42 2007 UTC).
ALSA device list:
  No soundcards found.
TCP cubic registered
NET: Registered protocol family 1
NET: Registered protocol family 17
Starting balanced_irq
Using IPI No-Shortcut mode
kjournald starting.  Commit interval 5 seconds
EXT3-fs: mounted filesystem with ordered data mode.
VFS: Mounted root (ext3 filesystem) readonly.
Freeing unused kernel memory: 188k freed