Date: Tue, 08 Oct 2002 11:48:37 +0200
From: "Fisco ;)" <>
Subject: Some issues with 2.5.40
Sender: linux-kernel-owner@vger.kernel.org
Precedence: bulk
List-ID: <linux-kernel.vger.kernel.org>
X-Mailing-List: linux-kernel@vger.kernel.org
X-Lkml-Link: https://lkml.org/lkml/2002/10/8/18

Hi,
I have compiled and run the 2.5.40 kernel on an omnibook
xt6200 laptop. Here is the startup log from
/var/log/messages...
Also the keyboard is very wacky and pushing l produces ^[[6
or something like that. Also the keys i o p do something
similar. I think s just doesnt do anything.
The more troubling part about about this boot up are the
multiple crashes on the ide-scsi cd drive.
==
Book all your travel arrangements online from a
selection of partners on Ananzi Travel.
http://www.ananzi.co.za/cgi-bin/goto.pl?Travel
Oct  7 19:07:10 kernel syslogd 1.4.1: restart.
Oct  7 19:07:11 kernel syslog: syslogd startup succeeded
Oct  7 19:07:11 kernel syslog: klogd startup succeeded
Oct  7 19:07:11 kernel kernel: klogd 1.4.1, log source = /proc/kmsg started.
Oct  7 19:07:11 kernel kernel: Linux version 2.5.40 (bob@kernel) (gcc version 2.96 20000731 (Red Hat Linux 7.3 2.96-110)) #3 SMP Fri Oct 4 16:09:17 SAST 2002
Oct  7 19:07:11 kernel kernel: Video mode to be used for restore is f00
Oct  7 19:07:11 kernel kernel: BIOS-provided physical RAM map:
Oct  7 19:07:11 kernel kernel:  BIOS-e820: 0000000000000000 - 000000000009f800 (usable)
Oct  7 19:07:11 kernel kernel:  BIOS-e820: 000000000009f800 - 00000000000a0000 (reserved)
Oct  7 19:07:11 kernel kernel:  BIOS-e820: 00000000000e0000 - 0000000000100000 (reserved)
Oct  7 19:07:11 kernel kernel:  BIOS-e820: 0000000000100000 - 000000000fef0000 (usable)
Oct  7 19:07:11 kernel kernel:  BIOS-e820: 000000000fef0000 - 000000000feff000 (ACPI data)
Oct  7 19:07:11 kernel kernel:  BIOS-e820: 000000000feff000 - 000000000ff00000 (ACPI NVS)
Oct  7 19:07:11 kernel kernel:  BIOS-e820: 000000000ff00000 - 0000000010000000 (reserved)
Oct  7 19:07:11 kernel kernel:  BIOS-e820: 00000000fffc0000 - 0000000100000000 (reserved)
Oct  7 19:07:11 kernel kernel: 254MB LOWMEM available.
Oct  7 19:07:11 kernel kernel: On node 0 totalpages: 65264
Oct  7 19:07:11 kernel kernel:   DMA zone: 4096 pages
Oct  7 19:07:11 kernel kernel:   Normal zone: 61168 pages
Oct  7 19:07:11 kernel kernel:   HighMem zone: 0 pages
Oct  7 19:07:11 kernel kernel: ACPI: RSDP (v000 PTLTD                      ) @ 0x000f6f70
Oct  7 19:07:11 kernel kernel: ACPI: RSDT (v001 PTLTD  EGRSDT   00352.00000) @ 0x0fef5f33
Oct  7 19:07:11 kernel kernel: ACPI: FADT (v001 ALI    EG533    00352.00000) @ 0x0fefef64
Oct  7 19:07:11 kernel kernel: ACPI: BOOT (v001 PTLTD  EGBFTBL$ 00352.00000) @ 0x0fefefd8
Oct  7 19:07:11 kernel kernel: ACPI: DSDT (v001    ALI    EG533 00352.00000) @ 0x00000000
Oct  7 19:07:11 kernel kernel: ACPI: BIOS passes blacklist
Oct  7 19:07:11 kernel kernel: ACPI: MADT not present
Oct  7 19:07:11 kernel kernel: Building zonelist for node : 0
Oct  7 19:07:11 kernel kernel: Kernel command line: ro root=/dev/hda6 hdc=ide-scsi idebus=50
Oct  7 19:07:11 kernel kernel: ide_setup: hdc=ide-scsi
Oct  7 19:07:11 kernel kernel: ide_setup: idebus=50
Oct  7 19:07:11 kernel kernel: No local APIC present or hardware disabled
Oct  7 19:07:11 kernel kernel: Initializing CPU#0
Oct  7 19:07:11 kernel kernel: Detected 1599.841 MHz processor.
Oct  7 19:07:11 kernel kernel: Console: colour VGA+ 80x25
Oct  7 19:07:11 kernel kernel: Calibrating delay loop... 3145.72 BogoMIPS
Oct  7 19:07:11 kernel kernel: Memory: 252760k/261056k available (2640k kernel code, 7908k reserved, 864k data, 132k init, 0k highmem)
Oct  7 19:07:11 kernel kernel: Security Scaffold v1.0.0 initialized
Oct  7 19:07:11 kernel kernel: Dentry-cache hash table entries: 32768 (order: 6, 262144 bytes)
Oct  7 19:07:11 kernel kernel: Inode-cache hash table entries: 16384 (order: 5, 131072 bytes)
Oct  7 19:07:11 kernel kernel: Mount-cache hash table entries: 512 (order: 0, 4096 bytes)
Oct  7 19:07:11 kernel kernel: CPU: L1 I cache: 0K, L1 D cache: 8K
Oct  7 19:07:11 kernel kernel: CPU: L2 cache: 512K
Oct  7 19:07:11 kernel kernel: CPU: Hyper-Threading is disabled
Oct  7 19:07:11 kernel kernel: Intel machine check architecture supported.
Oct  7 19:07:11 kernel kernel: Intel machine check reporting enabled on CPU#0.
Oct  7 19:07:11 kernel kernel: CPU#0: Intel P4/Xeon Extended MCE MSRs (12) available
Oct  7 19:07:11 kernel kernel: Enabling fast FPU save and restore... done.
Oct  7 19:07:11 kernel kernel: Enabling unmasked SIMD FPU exception support... done.
Oct  7 19:07:11 kernel kernel: Checking 'hlt' instruction... OK.
Oct  7 19:07:11 kernel kernel: POSIX conformance testing by UNIFIX
Oct  7 19:07:11 kernel kernel: CPU: L1 I cache: 0K, L1 D cache: 8K
Oct  7 19:07:11 kernel kernel: CPU: L2 cache: 512K
Oct  7 19:07:11 kernel kernel: CPU: Hyper-Threading is disabled
Oct  7 19:07:11 kernel kernel: Intel machine check reporting enabled on CPU#0.
Oct  7 19:07:11 kernel kernel: CPU#0: Intel P4/Xeon Extended MCE MSRs (12) available
Oct  7 19:07:11 kernel kernel: CPU0: Intel(R) Pentium(R) 4 Mobile CPU 1.60GHz stepping 04
Oct  7 19:07:11 kernel kernel: per-CPU timeslice cutoff: 1463.30 usecs.
Oct  7 19:07:11 kernel kernel: task migration cache decay timeout: 2 msecs.
Oct  7 19:07:11 kernel kernel: SMP motherboard not detected.
Oct  7 19:07:11 kernel kernel: Local APIC not detected. Using dummy APIC emulation.
Oct  7 19:07:11 kernel kernel: Starting migration thread for cpu 0
Oct  7 19:07:11 kernel kernel: CPUS done 4294967295
Oct  7 19:07:11 kernel kernel: Linux NET4.0 for Linux 2.4
Oct  7 19:07:11 kernel kernel: Based upon Swansea University Computer Society NET3.039
Oct  7 19:07:11 kernel kernel: Initializing RT netlink socket
Oct  7 19:07:11 kernel kernel: mtrr: v2.0 (20020519)
Oct  7 19:07:11 kernel kernel: PCI: PCI BIOS revision 2.10 entry at 0xfd89b, last bus=1
Oct  7 19:07:11 kernel kernel: PCI: Using configuration type 1
Oct  7 19:07:11 kernel kernel: ACPI: Subsystem revision 20020918
Oct  7 19:07:11 kernel kernel: ACPI: Interpreter enabled
Oct  7 19:07:11 kernel kernel: ACPI: Using PIC for interrupt routing
Oct  7 19:07:11 kernel kernel: ACPI: (supports S0 S1 S3 S4 S5)
Oct  7 19:07:11 kernel kernel: ACPI: PCI Root Bridge [PCI0] (00:00)
Oct  7 19:07:11 kernel portmap: portmap startup succeeded
Oct  7 19:07:12 kernel kernel: PCI: Probing PCI hardware (bus 00)
Oct  7 19:07:12 kernel kernel: ACPI: PCI Interrupt Link [LNKA] (IRQs 3 4 11 12, disabled)
Oct  7 19:07:12 kernel kernel: ACPI: PCI Interrupt Link [LNKB] (IRQs 3 4 *11 12)
Oct  7 19:07:12 kernel kernel: ACPI: PCI Interrupt Link [LNKC] (IRQs 3 4 *10 12)
Oct  7 19:07:12 kernel kernel: ACPI: PCI Interrupt Link [LNKD] (IRQs 3 4 10 12, disabled)
Oct  7 19:07:12 kernel kernel: ACPI: PCI Interrupt Link [LNKE] (IRQs 3 4 6 7 10 12, disabled)
Oct  7 19:07:12 kernel kernel: ACPI: PCI Interrupt Link [LNKF] (IRQs 3 4 6 7 10 12, disabled)
Oct  7 19:07:12 kernel kernel: ACPI: PCI Interrupt Link [LNKG] (IRQs 3 4 6 7 10 12, disabled)
Oct  7 19:07:12 kernel kernel: ACPI: PCI Interrupt Link [LNKH] (IRQs 3 4 5 11 12, disabled)
Oct  7 19:07:12 kernel kernel: ACPI: PCI Interrupt Link [LNKU] (IRQs 3 4 6 7 10 12, enabled at IRQ 9)
Oct  7 19:07:12 kernel kernel: ACPI: Embedded Controller [EC0] (gpe 24)
Oct  7 19:07:12 kernel kernel: ACPI: Power Resource [PFNL] (off)
Oct  7 19:07:12 kernel kernel: isapnp: Scanning for PnP cards...
Oct  7 19:07:12 kernel kernel: isapnp: No Plug & Play device found
Oct  7 19:07:12 kernel kernel: usb.c: registered new driver usbfs
Oct  7 19:07:12 kernel kernel: usb.c: registered new driver hub
Oct  7 19:07:12 kernel kernel: ACPI: PCI Interrupt Link [LNKA] enabled at IRQ 11
Oct  7 19:07:12 kernel kernel: ACPI: PCI Interrupt Link [LNKD] enabled at IRQ 10
Oct  7 19:07:12 kernel kernel: ACPI: PCI Interrupt Link [LNKE] enabled at IRQ 10
Oct  7 19:07:12 kernel kernel: ACPI: PCI Interrupt Link [LNKF] enabled at IRQ 10
Oct  7 19:07:12 kernel kernel: ACPI: PCI Interrupt Link [LNKG] enabled at IRQ 10
Oct  7 19:07:12 kernel kernel: ACPI: PCI Interrupt Link [LNKH] enabled at IRQ 5
Oct  7 19:07:12 kernel kernel: ACPI: No IRQ known for interrupt pin A of device 00:0f.0 - using IRQ 255
Oct  7 19:07:12 kernel kernel: PCI: Using ACPI for IRQ routing
Oct  7 19:07:12 kernel kernel: PCI: if you experience problems, try using option 'pci=noacpi' or even 'acpi=off'
Oct  7 19:07:12 kernel kernel: SBF: Simple Boot Flag extension found and enabled.
Oct  7 19:07:12 kernel kernel: SBF: Setting boot flags 0x1
Oct  7 19:07:12 kernel kernel: Starting kswapd
Oct  7 19:07:12 kernel kernel: BIO: pool of 256 setup, 14Kb (56 bytes/bio)
Oct  7 19:07:12 kernel kernel: biovec pool[0]:   1 bvecs: 256 entries (12 bytes)
Oct  7 19:07:12 kernel kernel: biovec pool[1]:   4 bvecs: 256 entries (48 bytes)
Oct  7 19:07:12 kernel kernel: biovec pool[2]:  16 bvecs: 256 entries (192 bytes)
Oct  7 19:07:12 kernel kernel: biovec pool[3]:  64 bvecs: 256 entries (768 bytes)
Oct  7 19:07:12 kernel kernel: biovec pool[4]: 128 bvecs: 256 entries (1536 bytes)
Oct  7 19:07:12 kernel kernel: biovec pool[5]: 256 bvecs: 256 entries (3072 bytes)
Oct  7 19:07:12 kernel kernel: aio_setup: sizeof(struct page) = 40
Oct  7 19:07:12 kernel kernel: Journalled Block Device driver loaded
Oct  7 19:07:12 kernel kernel: Installing knfsd (copyright (C) 1996 okir@monad.swb.de).
Oct  7 19:07:12 kernel kernel: udf: registering filesystem
Oct  7 19:07:12 kernel kernel: Capability LSM initialized
Oct  7 19:07:12 kernel kernel: ACPI: AC Adapter [ACAD] (on-line)
Oct  7 19:07:12 kernel kernel: ACPI: Battery Slot [BAT1] (battery absent)
Oct  7 19:07:12 kernel kernel: ACPI: Battery Slot [BAT2] (battery absent)
Oct  7 19:07:12 kernel kernel: ACPI: Power Button (FF) [PWRF]
Oct  7 19:07:12 kernel kernel: ACPI: Sleep Button (CM) [SLPB]
Oct  7 19:07:12 kernel kernel: ACPI: Lid Switch [LID]
Oct  7 19:07:12 kernel kernel: ACPI: Fan [FAN2] (off)
Oct  7 19:07:12 kernel kernel: ACPI: Processor [CPU0] (supports C1, 2 performance states, 8 throttling states)
Oct  7 19:07:12 kernel kernel: ACPI: Thermal Zone [THRM] (45 C)
Oct  7 19:07:12 kernel kernel: Serial: 8250/16550 driver $Revision: 1.90 $ IRQ sharing disabled
Oct  7 19:07:12 kernel kernel: ttyS0 at I/O 0x3f8 (irq = 4) is a 16550A
Oct  7 19:07:12 kernel kernel: ttyS1 at I/O 0x2f8 (irq = 3) is a 16550A
Oct  7 19:07:12 kernel kernel: parport0: PC-style at 0x378 (0x778) [PCSPP,TRISTATE]
Oct  7 19:07:12 kernel kernel: parport0: irq 7 detected
Oct  7 19:07:12 kernel kernel: pty: 256 Unix98 ptys configured
Oct  7 19:07:12 kernel kernel: lp0: using parport0 (polling).
Oct  7 19:07:12 kernel kernel: Linux agpgart interface v0.99 (c) Jeff Hartmann
Oct  7 19:07:12 kernel kernel: agpgart: Maximum main memory to use for agp memory: 202M
Oct  7 19:07:12 kernel kernel: agpgart: Unsupported Ali chipset (device id: 1671), you might want to try agp_try_unsupported=1.
Oct  7 19:07:12 kernel kernel: [drm] Initialized radeon 1.6.0 20020828 on minor 0
Oct  7 19:07:12 kernel kernel: block request queues:
Oct  7 19:07:12 kernel kernel:  128 requests per read queue
Oct  7 19:07:12 kernel kernel:  128 requests per write queue
Oct  7 19:07:12 kernel kernel:  8 requests per batch
Oct  7 19:07:12 kernel kernel:  enter congestion at 31
Oct  7 19:07:12 kernel kernel:  exit congestion at 33
Oct  7 19:07:12 kernel kernel: Floppy drive(s): fd0 is 1.44M
Oct  7 19:07:12 kernel kernel: FDC 0 is a post-1991 82077
Oct  7 19:07:12 kernel kernel: Uniform Multi-Platform E-IDE driver Revision: 7.00alpha2
Oct  7 19:07:12 kernel kernel: ide: Assuming 50MHz system bus speed for PIO modes
Oct  7 19:07:12 kernel kernel: hda: IC25N020ATCS04-0, ATA DISK drive
Oct  7 19:07:12 kernel kernel: hdc: TOSHIBA DVD-ROM SD-R2102, ATAPI CD/DVD-ROM drive
Oct  7 19:07:12 kernel kernel: Debug: sleeping function called from illegal context at slab.c:1374
Oct  7 19:07:12 kernel kernel: c12b1e98 c011b1c6 c03a4860 c03a7502 0000055e c0556dfc c0140741 c03a7502 
Oct  7 19:07:12 kernel kernel:        0000055e 00000000 00000000 c0109ba2 c04113bc c1287080 c1287080 ffffbfff 
Oct  7 19:07:12 kernel kernel:        0000000e c0556dfc c0556e34 c0556dec c0556dfc c0272b71 c13a8900 000001d0 
Oct  7 19:07:12 kernel kernel: Call Trace:
Oct  7 19:07:12 kernel kernel:  [<c011b1c6>]__might_sleep+0x56/0x5d
Oct  7 19:07:12 kernel kernel:  [<c0140741>]kmem_cache_alloc+0x21/0x2f0
Oct  7 19:07:12 kernel kernel:  [<c0109ba2>]do_IRQ+0x202/0x230
Oct  7 19:07:12 kernel kernel:  [<c0272b71>]blk_init_free_list+0x61/0x100
Oct  7 19:07:12 kernel kernel:  [<c0272c1d>]blk_init_queue+0xd/0xf0
Oct  7 19:07:12 kernel kernel:  [<c02867f8>]ide_init_queue+0x28/0x70
Oct  7 19:07:12 kernel kernel:  [<c028d440>]do_ide_request+0x0/0x20
Oct  7 19:07:12 kernel kernel:  [<c0286b70>]init_irq+0x330/0x410
Oct  7 19:07:12 kernel kernel:  [<c0286f2c>]hwif_init+0x10c/0x260
Oct  7 19:07:12 kernel kernel:  [<c02871fd>]ideprobe_init+0x8d/0x120
Oct  7 19:07:12 kernel kernel:  [<c0242163>]put_driver+0x13/0x92
Oct  7 19:07:12 kernel kernel:  [<c010511b>]init+0x8b/0x250
Oct  7 19:07:12 kernel kernel:  [<c0105090>]init+0x0/0x250
Oct  7 19:07:12 kernel kernel:  [<c01055f9>]kernel_thread_helper+0x5/0xc
Oct  7 19:07:12 kernel kernel: 
Oct  7 19:07:12 kernel kernel: ide0 at 0x1f0-0x1f7,0x3f6 on irq 14
Oct  7 19:07:12 kernel kernel: ide1 at 0x170-0x177,0x376 on irq 15
Oct  7 19:07:12 kernel kernel: hda: host protected area => 1
Oct  7 19:07:12 kernel kernel: hda: 39070080 sectors (20004 MB) w/1768KiB Cache, CHS=2432/255/63
Oct  7 19:07:12 kernel kernel:  hda: hda1 hda2 hda3 hda4 < hda5 hda6 >
Oct  7 19:07:12 kernel kernel: SCSI subsystem driver Revision: 1.00
Oct  7 19:07:12 kernel kernel: request_module[scsi_hostadapter]: not ready
Oct  7 19:07:12 kernel last message repeated 2 times
Oct  7 19:07:12 kernel kernel: Linux Kernel Card Services 3.1.22
Oct  7 19:07:12 kernel kernel:   options:  [pci] [cardbus] [pm]
Oct  7 19:07:12 kernel kernel: uhci-hcd.c: USB Universal Host Controller Interface driver v2.0
Oct  7 19:07:12 kernel kernel: Initializing USB Mass Storage driver...
Oct  7 19:07:12 kernel kernel: usb.c: registered new driver usb-storage
Oct  7 19:07:13 kernel kernel: USB Mass Storage support registered.
Oct  7 19:07:13 kernel kernel: mice: PS/2 mouse device common for all mice
Oct  7 19:07:13 kernel kernel: input: ImPS/2 Generic Wheel Mouse on isa0060/serio1
Oct  7 19:07:13 kernel kernel: serio: i8042 AUX port at 0x60,0x64 irq 12
Oct  7 19:07:13 kernel kernel: input: AT Set 2 keyboard on isa0060/serio0
Oct  7 19:07:13 kernel kernel: serio: i8042 KBD port at 0x60,0x64 irq 1
Oct  7 19:07:13 kernel kernel: Advanced Linux Sound Architecture Driver Version 0.9.0rc2 (Mon Aug 05 14:24:05 2002 UTC).
Oct  7 19:07:13 kernel kernel: request_module[snd-card-0]: not ready
Oct  7 19:07:13 kernel kernel: request_module[snd-card-1]: not ready
Oct  7 19:07:13 kernel kernel: request_module[snd-card-2]: not ready
Oct  7 19:07:13 kernel kernel: request_module[snd-card-3]: not ready
Oct  7 19:07:13 kernel kernel: request_module[snd-card-4]: not ready
Oct  7 19:07:13 kernel kernel: request_module[snd-card-5]: not ready
Oct  7 19:07:13 kernel kernel: request_module[snd-card-6]: not ready
Oct  7 19:07:13 kernel kernel: request_module[snd-card-7]: not ready
Oct  7 19:07:13 kernel kernel: ALSA device list:
Oct  7 19:07:13 kernel kernel:   No soundcards found.
Oct  7 19:07:13 kernel kernel: NET4: Linux TCP/IP 1.0 for NET4.0
Oct  7 19:07:13 kernel kernel: IP Protocols: ICMP, UDP, TCP, IGMP
Oct  7 19:07:13 kernel kernel: IP: routing cache hash table of 1024 buckets, 16Kbytes
Oct  7 19:07:13 kernel kernel: TCP: Hash tables configured (established 8192 bind 10922)
Oct  7 19:07:13 kernel kernel: NET4: Unix domain sockets 1.0/SMP for Linux NET4.0.
Oct  7 19:07:13 kernel kernel: Yenta IRQ list 04b8, PCI irq11
Oct  7 19:07:13 kernel kernel: Socket status: 30000006
Oct  7 19:07:13 kernel kernel: Software Suspend has a malfunctioning SMP support. Disabled :(
Oct  7 19:07:13 kernel kernel: UDF-fs: No VRS found
Oct  7 19:07:13 kernel kernel: found reiserfs format "3.6" with standard journal
Oct  7 19:07:13 kernel kernel: Reiserfs journal params: device ide0(3,6), size 8192, journal first block 18, max trans len 1024, max batch 900, max commit age 30, max trans age 30
Oct  7 19:07:13 kernel kernel: reiserfs: checking transaction log (ide0(3,6)) for (ide0(3,6))
Oct  7 19:07:13 kernel kernel: Using r5 hash to sort names
Oct  7 19:07:13 kernel kernel: VFS: Mounted root (reiserfs filesystem) readonly.
Oct  7 19:07:13 kernel kernel: Freeing unused kernel memory: 132k freed
Oct  7 19:07:13 kernel kernel: spurious 8259A interrupt: IRQ7.
Oct  7 19:07:13 kernel kernel: Adding 530104k swap on /dev/hda5.  Priority:-1 extents:1
Oct  7 19:07:13 kernel kernel: scsi0 : SCSI host adapter emulation for IDE ATAPI devices
Oct  7 19:07:13 kernel kernel:   Vendor: TOSHIBA   Model: DVD-ROM SD-R2102  Rev: 1915
Oct  7 19:07:13 kernel kernel:   Type:   CD-ROM                             ANSI SCSI revision: 02
Oct  7 19:07:13 kernel kernel:   Vendor: TOSHIBA   Model: DVD-ROM SD-R2102  Rev: 1915
Oct  7 19:07:13 kernel kernel:   Type:   CD-ROM                             ANSI SCSI revision: 02
Oct  7 19:07:13 kernel kernel:   Vendor: TOSHIBA   Model: DVD-ROM SD-R2102  Rev: 1915
Oct  7 19:07:13 kernel kernel:   Type:   CD-ROM                             ANSI SCSI revision: 02
Oct  7 19:07:13 kernel kernel:   Vendor: TOSHIBA   Model: DVD-ROM SD-R2102  Rev: 1915
Oct  7 19:07:13 kernel kernel:   Type:   CD-ROM                             ANSI SCSI revision: 02
Oct  7 19:07:13 kernel kernel:   Vendor: TOSHIBA   Model: DVD-ROM SD-R2102  Rev: 1915
Oct  7 19:07:13 kernel kernel:   Type:   CD-ROM                             ANSI SCSI revision: 02
Oct  7 19:07:13 kernel kernel:   Vendor: TOSHIBA   Model: DVD-ROM SD-R2102  Rev: 1915
Oct  7 19:07:13 kernel kernel:   Type:   CD-ROM                             ANSI SCSI revision: 02
Oct  7 19:07:13 kernel kernel:   Vendor: TOSHIBA   Model: DVD-ROM SD-R2102  Rev: 1915
Oct  7 19:07:13 kernel kernel:   Type:   CD-ROM                             ANSI SCSI revision: 02
Oct  7 19:07:13 kernel kernel: Debug: sleeping function called from illegal context at slab.c:1374
Oct  7 19:07:13 kernel kernel: cf421e04 c011b1c6 c03a4860 c03a7502 0000055e c1287080 c0140a5f c03a7502 
Oct  7 19:07:13 kernel kernel:        0000055e c01405f2 c1286080 cfcff874 cfc4e000 00000000 cf421e78 00000286 
Oct  7 19:07:13 kernel kernel:        00000286 c12f365c cf3ae000 cfef0000 00001000 cf420000 00001000 c013ea8d 
Oct  7 19:07:13 kernel kernel: Call Trace:
Oct  7 19:07:10 kernel network: Bringing up interface eth0:  succeeded 
Oct  7 19:07:13 kernel kernel:  [<c011b1c6>]__might_sleep+0x56/0x5d
Oct  7 19:07:13 kernel kernel:  [<c0140a5f>]kmalloc+0x4f/0x330
Oct  7 19:07:13 kernel kernel:  [<c01405f2>]free_block+0x192/0x2c0
Oct  7 19:07:13 kernel kernel:  [<c013ea8d>]get_vm_area+0x1d/0x140
Oct  7 19:07:13 kernel kernel:  [<c013edfb>]__vmalloc+0x3b/0x120
Oct  7 19:07:13 kernel kernel:  [<c013eef6>]vmalloc+0x16/0x20
Oct  7 19:07:13 kernel kernel:  [<c02c374e>]sg_init+0xbe/0x160
Oct  7 19:07:13 kernel kernel:  [<c029cc40>]scsi_register_host+0x250/0x340
Oct  7 19:07:13 kernel kernel:  [<c0290aab>]ide_register_driver+0x18b/0x1a0
Oct  7 19:07:13 kernel kernel:  [<d0904644>]init_module+0x14/0x20 [ide-scsi]
Oct  7 19:07:13 kernel kernel:  [<d0905560>]idescsi_template+0x0/0x80 [ide-scsi]
Oct  7 19:07:13 kernel kernel:  [<d09054e0>]idescsi_driver+0x0/0x80 [ide-scsi]
Oct  7 19:07:13 kernel kernel:  [<c011fbc5>]sys_init_module+0x575/0x690
Oct  7 19:07:13 kernel kernel:  [<d0903060>]idescsi_discard_data+0x0/0x30 [ide-scsi]
Oct  7 19:07:13 kernel kernel:  [<c01078af>]syscall_call+0x7/0xb
Oct  7 19:07:13 kernel kernel: 
Oct  7 19:07:13 kernel kernel: bad: scheduling while atomic!
Oct  7 19:07:13 kernel kernel: cf421d0c c01187bd c03a4740 c04126d0 cf421d30 c0118cb1 c12ae800 00000000 
Oct  7 19:07:13 kernel kernel:        cf420000 cf421df8 cf421dfc cf421d8c c011909a 00000000 cf6a2800 c0118c90 
Oct  7 19:07:13 kernel kernel:        00000000 00000000 c0118d96 c04126c8 c04126c8 00000001 cf6a2800 c0118c90 
Oct  7 19:07:13 kernel kernel: Call Trace:
Oct  7 19:07:13 kernel kernel:  [<c01187bd>]schedule+0x3d/0x4c0
Oct  7 19:07:13 kernel kernel:  [<c0118cb1>]default_wake_function+0x21/0x40
Oct  7 19:07:13 kernel kernel:  [<c011909a>]wait_for_completion+0x12a/0x1e0
Oct  7 19:07:13 kernel kernel:  [<c0118c90>]default_wake_function+0x0/0x40
Oct  7 19:07:13 kernel kernel:  [<c0118d96>]__wake_up+0x66/0xb0
Oct  7 19:07:13 kernel kernel:  [<c0118c90>]default_wake_function+0x0/0x40
Oct  7 19:07:13 kernel kernel:  [<c012eff1>]call_usermodehelper+0x101/0x110
Oct  7 19:07:13 kernel kernel:  [<c012eec0>]__call_usermodehelper+0x0/0x30
Oct  7 19:07:13 kernel kernel:  [<c01405f2>]free_block+0x192/0x2c0
Oct  7 19:07:13 kernel kernel:  [<c012eec0>]__call_usermodehelper+0x0/0x30
Oct  7 19:07:13 kernel kernel:  [<c0243a84>]dev_hotplug+0x1a4/0x230
Oct  7 19:07:13 kernel kernel:  [<c0243ad7>]dev_hotplug+0x1f7/0x230
Oct  7 19:07:13 kernel kernel:  [<c02407bd>]device_attach+0x2d/0x40
Oct  7 19:07:13 kernel kernel:  [<c0240b84>]device_register+0x194/0x270
Oct  7 19:07:13 kernel kernel:  [<c02c3b1c>]sg_attach+0x2cc/0x380
Oct  7 19:07:13 kernel kernel:  [<c020c194>]sprintf+0x14/0x20
Oct  7 19:07:13 kernel kernel:  [<c029cc9a>]scsi_register_host+0x2aa/0x340
Oct  7 19:07:13 kernel kernel:  [<c0290aab>]ide_register_driver+0x18b/0x1a0
Oct  7 19:07:13 kernel kernel:  [<d0904644>]init_module+0x14/0x20 [ide-scsi]
Oct  7 19:07:13 kernel kernel:  [<d0905560>]idescsi_template+0x0/0x80 [ide-scsi]
Oct  7 19:07:13 kernel kernel:  [<d09054e0>]idescsi_driver+0x0/0x80 [ide-scsi]
Oct  7 19:07:13 kernel kernel:  [<c011fbc5>]sys_init_module+0x575/0x690
Oct  7 19:07:13 kernel kernel:  [<d0903060>]idescsi_discard_data+0x0/0x30 [ide-scsi]
Oct  7 19:07:13 kernel kernel:  [<c01078af>]syscall_call+0x7/0xb
Oct  7 19:07:13 kernel kernel: 
Oct  7 19:07:13 kernel kernel: Attached scsi CD-ROM sr0 at scsi0, channel 0, id 0, lun 0
Oct  7 19:07:13 kernel kernel: bad: scheduling while atomic!
Oct  7 19:07:13 kernel kernel: cf421d0c c01187bd c03a4740 c04126d0 cf421d30 c0118cb1 c12ae800 00000000 
Oct  7 19:07:13 kernel kernel:        cf420000 cf421df8 cf421dfc cf421d8c c011909a 00000000 cf6a2800 c0118c90 
Oct  7 19:07:13 kernel kernel:        00000000 00000000 c0118d96 c04126c8 c04126c8 00000001 cf6a2800 c0118c90 
Oct  7 19:07:13 kernel kernel: Call Trace:
Oct  7 19:07:13 kernel kernel:  [<c01187bd>]schedule+0x3d/0x4c0
Oct  7 19:07:13 kernel kernel:  [<c0118cb1>]default_wake_function+0x21/0x40
Oct  7 19:07:13 kernel kernel:  [<c011909a>]wait_for_completion+0x12a/0x1e0
Oct  7 19:07:13 kernel kernel:  [<c0118c90>]default_wake_function+0x0/0x40
Oct  7 19:07:13 kernel kernel:  [<c0118d96>]__wake_up+0x66/0xb0
Oct  7 19:07:13 kernel kernel:  [<c0118c90>]default_wake_function+0x0/0x40
Oct  7 19:07:13 kernel kernel:  [<c012eff1>]call_usermodehelper+0x101/0x110
Oct  7 19:07:13 kernel kernel:  [<c012eec0>]__call_usermodehelper+0x0/0x30
Oct  7 19:07:13 kernel kernel:  [<c01405f2>]free_block+0x192/0x2c0
Oct  7 19:07:13 kernel kernel:  [<c012eec0>]__call_usermodehelper+0x0/0x30
Oct  7 19:07:13 kernel kernel:  [<c0243a84>]dev_hotplug+0x1a4/0x230
Oct  7 19:07:13 kernel kernel:  [<c0243ad7>]dev_hotplug+0x1f7/0x230
Oct  7 19:07:13 kernel kernel:  [<c02407bd>]device_attach+0x2d/0x40
Oct  7 19:07:13 kernel kernel:  [<c0240b84>]device_register+0x194/0x270
Oct  7 19:07:13 kernel kernel:  [<c02c3b1c>]sg_attach+0x2cc/0x380
Oct  7 19:07:13 kernel kernel:  [<c029c427>]scsi_build_commandblocks+0x157/0x210
Oct  7 19:07:13 kernel kernel:  [<c029cc9a>]scsi_register_host+0x2aa/0x340
Oct  7 19:07:13 kernel kernel:  [<c0290aab>]ide_register_driver+0x18b/0x1a0
Oct  7 19:07:13 kernel kernel:  [<d0904644>]init_module+0x14/0x20 [ide-scsi]
Oct  7 19:07:13 kernel kernel:  [<d0905560>]idescsi_template+0x0/0x80 [ide-scsi]
Oct  7 19:07:13 kernel nfslock: rpc.statd startup succeeded
Oct  7 19:07:13 kernel rpc.statd[655]: Version 0.3.3 Starting
Oct  7 19:07:13 kernel kernel:  [<d09054e0>]idescsi_driver+0x0/0x80 [ide-scsi]
Oct  7 19:07:14 kernel kernel:  [<c011fbc5>]sys_init_module+0x575/0x690
Oct  7 19:07:14 kernel kernel:  [<d0903060>]idescsi_discard_data+0x0/0x30 [ide-scsi]
Oct  7 19:07:14 kernel kernel:  [<c01078af>]syscall_call+0x7/0xb
Oct  7 19:07:14 kernel kernel: 
Oct  7 19:07:14 kernel kernel: Attached scsi CD-ROM sr1 at scsi0, channel 0, id 0, lun 1
Oct  7 19:07:14 kernel kernel: bad: scheduling while atomic!
Oct  7 19:07:14 kernel kernel: cf421d0c c01187bd c03a4740 c04126d0 cf421d30 c0118cb1 c12ae800 00000000 
Oct  7 19:07:14 kernel kernel:        cf420000 cf421df8 cf421dfc cf421d8c c011909a 00000000 cf6a2800 c0118c90 
Oct  7 19:07:14 kernel kernel:        00000000 00000000 c0118d96 c04126c8 c04126c8 00000001 cf6a2800 c0118c90 
Oct  7 19:07:14 kernel kernel: Call Trace:
Oct  7 19:07:14 kernel kernel:  [<c01187bd>]schedule+0x3d/0x4c0
Oct  7 19:07:14 kernel kernel:  [<c0118cb1>]default_wake_function+0x21/0x40
Oct  7 19:07:14 kernel kernel:  [<c011909a>]wait_for_completion+0x12a/0x1e0
Oct  7 19:07:14 kernel kernel:  [<c0118c90>]default_wake_function+0x0/0x40
Oct  7 19:07:14 kernel kernel:  [<c0118d96>]__wake_up+0x66/0xb0
Oct  7 19:07:14 kernel kernel:  [<c0118c90>]default_wake_function+0x0/0x40
Oct  7 19:07:14 kernel kernel:  [<c012eff1>]call_usermodehelper+0x101/0x110
Oct  7 19:07:14 kernel kernel:  [<c012eec0>]__call_usermodehelper+0x0/0x30
Oct  7 19:07:14 kernel kernel:  [<c01405f2>]free_block+0x192/0x2c0
Oct  7 19:07:14 kernel kernel:  [<c012eec0>]__call_usermodehelper+0x0/0x30
Oct  7 19:07:14 kernel kernel:  [<c0243a84>]dev_hotplug+0x1a4/0x230
Oct  7 19:07:14 kernel kernel:  [<c0243ad7>]dev_hotplug+0x1f7/0x230
Oct  7 19:07:14 kernel kernel:  [<c02407bd>]device_attach+0x2d/0x40
Oct  7 19:07:14 kernel kernel:  [<c0240b84>]device_register+0x194/0x270
Oct  7 19:07:14 kernel kernel:  [<c02c3b1c>]sg_attach+0x2cc/0x380
Oct  7 19:07:14 kernel kernel:  [<c029c427>]scsi_build_commandblocks+0x157/0x210
Oct  7 19:07:14 kernel kernel:  [<c029cc9a>]scsi_register_host+0x2aa/0x340
Oct  7 19:07:14 kernel kernel:  [<c0290aab>]ide_register_driver+0x18b/0x1a0
Oct  7 19:07:14 kernel kernel:  [<d0904644>]init_module+0x14/0x20 [ide-scsi]
Oct  7 19:07:14 kernel kernel:  [<d0905560>]idescsi_template+0x0/0x80 [ide-scsi]
Oct  7 19:07:14 kernel kernel:  [<d09054e0>]idescsi_driver+0x0/0x80 [ide-scsi]
Oct  7 19:07:14 kernel kernel:  [<c011fbc5>]sys_init_module+0x575/0x690
Oct  7 19:07:14 kernel kernel:  [<d0903060>]idescsi_discard_data+0x0/0x30 [ide-scsi]
Oct  7 19:07:14 kernel kernel:  [<c01078af>]syscall_call+0x7/0xb
Oct  7 19:07:14 kernel kernel: 
Oct  7 19:07:14 kernel kernel: Attached scsi CD-ROM sr2 at scsi0, channel 0, id 0, lun 2
Oct  7 19:07:14 kernel kernel: bad: scheduling while atomic!
Oct  7 19:07:14 kernel kernel: cf421d0c c01187bd c03a4740 c04126d0 cf421d30 c0118cb1 c12ae800 00000000 
Oct  7 19:07:14 kernel kernel:        cf420000 cf421df8 cf421dfc cf421d8c c011909a 00000000 cf6a2800 c0118c90 
Oct  7 19:07:14 kernel kernel:        00000000 00000000 c0118d96 c04126c8 c04126c8 00000001 cf6a2800 c0118c90 
Oct  7 19:07:14 kernel kernel: Call Trace:
Oct  7 19:07:14 kernel kernel:  [<c01187bd>]schedule+0x3d/0x4c0
Oct  7 19:07:14 kernel kernel:  [<c0118cb1>]default_wake_function+0x21/0x40
Oct  7 19:07:14 kernel kernel:  [<c011909a>]wait_for_completion+0x12a/0x1e0
Oct  7 19:07:14 kernel kernel:  [<c0118c90>]default_wake_function+0x0/0x40
Oct  7 19:07:14 kernel kernel:  [<c0118d96>]__wake_up+0x66/0xb0
Oct  7 19:07:14 kernel kernel:  [<c0118c90>]default_wake_function+0x0/0x40
Oct  7 19:07:14 kernel kernel:  [<c012eff1>]call_usermodehelper+0x101/0x110
Oct  7 19:07:14 kernel kernel:  [<c012eec0>]__call_usermodehelper+0x0/0x30
Oct  7 19:07:14 kernel kernel:  [<c01405f2>]free_block+0x192/0x2c0
Oct  7 19:07:14 kernel kernel:  [<c012eec0>]__call_usermodehelper+0x0/0x30
Oct  7 19:07:14 kernel kernel:  [<c0243a84>]dev_hotplug+0x1a4/0x230
Oct  7 19:07:14 kernel kernel:  [<c0243ad7>]dev_hotplug+0x1f7/0x230
Oct  7 19:07:14 kernel kernel:  [<c02407bd>]device_attach+0x2d/0x40
Oct  7 19:07:14 kernel kernel:  [<c0240b84>]device_register+0x194/0x270
Oct  7 19:07:14 kernel kernel:  [<c02c3b1c>]sg_attach+0x2cc/0x380
Oct  7 19:07:14 kernel kernel:  [<c029c427>]scsi_build_commandblocks+0x157/0x210
Oct  7 19:07:14 kernel kernel:  [<c029cc9a>]scsi_register_host+0x2aa/0x340
Oct  7 19:07:14 kernel kernel:  [<c0290aab>]ide_register_driver+0x18b/0x1a0
Oct  7 19:07:14 kernel kernel:  [<d0904644>]init_module+0x14/0x20 [ide-scsi]
Oct  7 19:07:14 kernel kernel:  [<d0905560>]idescsi_template+0x0/0x80 [ide-scsi]
Oct  7 19:07:14 kernel kernel:  [<d09054e0>]idescsi_driver+0x0/0x80 [ide-scsi]
Oct  7 19:07:14 kernel kernel:  [<c011fbc5>]sys_init_module+0x575/0x690
Oct  7 19:07:14 kernel kernel:  [<d0903060>]idescsi_discard_data+0x0/0x30 [ide-scsi]
Oct  7 19:07:14 kernel kernel:  [<c01078af>]syscall_call+0x7/0xb
Oct  7 19:07:14 kernel kernel: 
Oct  7 19:07:14 kernel kernel: Attached scsi CD-ROM sr3 at scsi0, channel 0, id 0, lun 3
Oct  7 19:07:14 kernel kernel: bad: scheduling while atomic!
Oct  7 19:07:14 kernel kernel: cf421d0c c01187bd c03a4740 c04126d0 cf421d30 c0118cb1 c12ae800 00000000 
Oct  7 19:07:14 kernel kernel:        cf420000 cf421df8 cf421dfc cf421d8c c011909a 00000000 cf6a2800 c0118c90 
Oct  7 19:07:14 kernel kernel:        00000000 00000000 c0118d96 c04126c8 c04126c8 00000001 cf6a2800 c0118c90 
Oct  7 19:07:14 kernel kernel: Call Trace:
Oct  7 19:07:14 kernel kernel:  [<c01187bd>]schedule+0x3d/0x4c0
Oct  7 19:07:14 kernel kernel:  [<c0118cb1>]default_wake_function+0x21/0x40
Oct  7 19:07:14 kernel kernel:  [<c011909a>]wait_for_completion+0x12a/0x1e0
Oct  7 19:07:14 kernel kernel:  [<c0118c90>]default_wake_function+0x0/0x40
Oct  7 19:07:14 kernel kernel:  [<c0118d96>]__wake_up+0x66/0xb0
Oct  7 19:07:14 kernel kernel:  [<c0118c90>]default_wake_function+0x0/0x40
Oct  7 19:07:14 kernel kernel:  [<c012eff1>]call_usermodehelper+0x101/0x110
Oct  7 19:07:14 kernel kernel:  [<c012eec0>]__call_usermodehelper+0x0/0x30
Oct  7 19:07:14 kernel kernel:  [<c01405f2>]free_block+0x192/0x2c0
Oct  7 19:07:14 kernel kernel:  [<c012eec0>]__call_usermodehelper+0x0/0x30
Oct  7 19:07:14 kernel kernel:  [<c0243a84>]dev_hotplug+0x1a4/0x230
Oct  7 19:07:14 kernel kernel:  [<c0243ad7>]dev_hotplug+0x1f7/0x230
Oct  7 19:07:14 kernel kernel:  [<c02407bd>]device_attach+0x2d/0x40
Oct  7 19:07:14 kernel kernel:  [<c0240b84>]device_register+0x194/0x270
Oct  7 19:07:14 kernel kernel:  [<c02c3b1c>]sg_attach+0x2cc/0x380
Oct  7 19:07:14 kernel kernel:  [<c029c427>]scsi_build_commandblocks+0x157/0x210
Oct  7 19:07:14 kernel kernel:  [<c029cc9a>]scsi_register_host+0x2aa/0x340
Oct  7 19:07:14 kernel kernel:  [<c0290aab>]ide_register_driver+0x18b/0x1a0
Oct  7 19:07:14 kernel kernel:  [<d0904644>]init_module+0x14/0x20 [ide-scsi]
Oct  7 19:07:14 kernel kernel:  [<d0905560>]idescsi_template+0x0/0x80 [ide-scsi]
Oct  7 19:07:14 kernel kernel:  [<d09054e0>]idescsi_driver+0x0/0x80 [ide-scsi]
Oct  7 19:07:14 kernel kernel:  [<c011fbc5>]sys_init_module+0x575/0x690
Oct  7 19:07:14 kernel kernel:  [<d0903060>]idescsi_discard_data+0x0/0x30 [ide-scsi]
Oct  7 19:07:14 kernel kernel:  [<c01078af>]syscall_call+0x7/0xb
Oct  7 19:07:14 kernel kernel: 
Oct  7 19:07:14 kernel kernel: Attached scsi CD-ROM sr4 at scsi0, channel 0, id 0, lun 4
Oct  7 19:07:14 kernel kernel: bad: scheduling while atomic!
Oct  7 19:07:14 kernel kernel: cf421d0c c01187bd c03a4740 c04126d0 cf421d30 c0118cb1 c12ae800 00000000 
Oct  7 19:07:14 kernel kernel:        cf420000 cf421df8 cf421dfc cf421d8c c011909a 00000000 cf6a2800 c0118c90 
Oct  7 19:07:14 kernel kernel:        00000000 00000000 c0118d96 c04126c8 c04126c8 00000001 cf6a2800 c0118c90 
Oct  7 19:07:14 kernel kernel: Call Trace:
Oct  7 19:07:14 kernel kernel:  [<c01187bd>]schedule+0x3d/0x4c0
Oct  7 19:07:14 kernel kernel:  [<c0118cb1>]default_wake_function+0x21/0x40
Oct  7 19:07:14 kernel kernel:  [<c011909a>]wait_for_completion+0x12a/0x1e0
Oct  7 19:07:14 kernel kernel:  [<c0118c90>]default_wake_function+0x0/0x40
Oct  7 19:07:14 kernel kernel:  [<c0118d96>]__wake_up+0x66/0xb0
Oct  7 19:07:14 kernel kernel:  [<c0118c90>]default_wake_function+0x0/0x40
Oct  7 19:07:14 kernel kernel:  [<c012eff1>]call_usermodehelper+0x101/0x110
Oct  7 19:07:14 kernel kernel:  [<c012eec0>]__call_usermodehelper+0x0/0x30
Oct  7 19:07:14 kernel kernel:  [<c01405f2>]free_block+0x192/0x2c0
Oct  7 19:07:14 kernel kernel:  [<c012eec0>]__call_usermodehelper+0x0/0x30
Oct  7 19:07:14 kernel kernel:  [<c0243a84>]dev_hotplug+0x1a4/0x230
Oct  7 19:07:14 kernel kernel:  [<c0243ad7>]dev_hotplug+0x1f7/0x230
Oct  7 19:07:14 kernel kernel:  [<c02407bd>]device_attach+0x2d/0x40
Oct  7 19:07:14 kernel kernel:  [<c0240b84>]device_register+0x194/0x270
Oct  7 19:07:14 kernel kernel:  [<c02c3b1c>]sg_attach+0x2cc/0x380
Oct  7 19:07:14 kernel kernel:  [<c029c427>]scsi_build_commandblocks+0x157/0x210
Oct  7 19:07:14 kernel kernel:  [<c029cc9a>]scsi_register_host+0x2aa/0x340
Oct  7 19:07:14 kernel kernel:  [<c0290aab>]ide_register_driver+0x18b/0x1a0
Oct  7 19:07:14 kernel kernel:  [<d0904644>]init_module+0x14/0x20 [ide-scsi]
Oct  7 19:07:14 kernel kernel:  [<d0905560>]idescsi_template+0x0/0x80 [ide-scsi]
Oct  7 19:07:14 kernel kernel:  [<d09054e0>]idescsi_driver+0x0/0x80 [ide-scsi]
Oct  7 19:07:14 kernel kernel:  [<c011fbc5>]sys_init_module+0x575/0x690
Oct  7 19:07:14 kernel kernel:  [<d0903060>]idescsi_discard_data+0x0/0x30 [ide-scsi]
Oct  7 19:07:14 kernel kernel:  [<c01078af>]syscall_call+0x7/0xb
Oct  7 19:07:14 kernel kernel: 
Oct  7 19:07:14 kernel kernel: Attached scsi CD-ROM sr5 at scsi0, channel 0, id 0, lun 5
Oct  7 19:07:14 kernel kernel: bad: scheduling while atomic!
Oct  7 19:07:14 kernel kernel: cf421d0c c01187bd c03a4740 c04126d0 cf421d30 c0118cb1 c12ae800 00000000 
Oct  7 19:07:14 kernel kernel:        cf420000 cf421df8 cf421dfc cf421d8c c011909a 00000000 cf6a2800 c0118c90 
Oct  7 19:07:14 kernel kernel:        00000000 00000000 c0118d96 c04126c8 c04126c8 00000001 cf6a2800 c0118c90 
Oct  7 19:07:14 kernel kernel: Call Trace:
Oct  7 19:07:14 kernel kernel:  [<c01187bd>]schedule+0x3d/0x4c0
Oct  7 19:07:14 kernel kernel:  [<c0118cb1>]default_wake_function+0x21/0x40
Oct  7 19:07:14 kernel kernel:  [<c011909a>]wait_for_completion+0x12a/0x1e0
Oct  7 19:07:14 kernel kernel:  [<c0118c90>]default_wake_function+0x0/0x40
Oct  7 19:07:14 kernel kernel:  [<c0118d96>]__wake_up+0x66/0xb0
Oct  7 19:07:14 kernel kernel:  [<c0118c90>]default_wake_function+0x0/0x40
Oct  7 19:07:14 kernel kernel:  [<c012eff1>]call_usermodehelper+0x101/0x110
Oct  7 19:07:14 kernel kernel:  [<c012eec0>]__call_usermodehelper+0x0/0x30
Oct  7 19:07:14 kernel kernel:  [<c01405f2>]free_block+0x192/0x2c0
Oct  7 19:07:14 kernel kernel:  [<c012eec0>]__call_usermodehelper+0x0/0x30
Oct  7 19:07:14 kernel kernel:  [<c0243a84>]dev_hotplug+0x1a4/0x230
Oct  7 19:07:14 kernel kernel:  [<c0243ad7>]dev_hotplug+0x1f7/0x230
Oct  7 19:07:14 kernel kernel:  [<c02407bd>]device_attach+0x2d/0x40
Oct  7 19:07:14 kernel kernel:  [<c0240b84>]device_register+0x194/0x270
Oct  7 19:07:14 kernel kernel:  [<c02c3b1c>]sg_attach+0x2cc/0x380
Oct  7 19:07:14 kernel kernel:  [<c029c427>]scsi_build_commandblocks+0x157/0x210
Oct  7 19:07:14 kernel kernel:  [<c029cc9a>]scsi_register_host+0x2aa/0x340
Oct  7 19:07:14 kernel kernel:  [<c0290aab>]ide_register_driver+0x18b/0x1a0
Oct  7 19:07:15 kernel kernel:  [<d0904644>]init_module+0x14/0x20 [ide-scsi]
Oct  7 19:07:15 kernel kernel:  [<d0905560>]idescsi_template+0x0/0x80 [ide-scsi]
Oct  7 19:07:15 kernel kernel:  [<d09054e0>]idescsi_driver+0x0/0x80 [ide-scsi]
Oct  7 19:07:15 kernel kernel:  [<c011fbc5>]sys_init_module+0x575/0x690
Oct  7 19:07:15 kernel kernel:  [<d0903060>]idescsi_discard_data+0x0/0x30 [ide-scsi]
Oct  7 19:07:15 kernel kernel:  [<c01078af>]syscall_call+0x7/0xb
Oct  7 19:07:15 kernel kernel: 
Oct  7 19:07:15 kernel kernel: Attached scsi CD-ROM sr6 at scsi0, channel 0, id 0, lun 6
Oct  7 19:07:15 kernel kernel: sr0: scsi3-mmc drive: 24x/24x writer cd/rw xa/form2 cdda tray
Oct  7 19:07:15 kernel kernel: Uniform CD-ROM driver Revision: 3.12
Oct  7 19:07:15 kernel kernel: sr1: scsi3-mmc drive: 24x/24x writer cd/rw xa/form2 cdda tray
Oct  7 19:07:15 kernel kernel: sr2: scsi3-mmc drive: 24x/24x writer cd/rw xa/form2 cdda tray
Oct  7 19:07:15 kernel kernel: sr3: scsi3-mmc drive: 24x/24x writer cd/rw xa/form2 cdda tray
Oct  7 19:07:15 kernel kernel: sr4: scsi3-mmc drive: 24x/24x writer cd/rw xa/form2 cdda tray
Oct  7 19:07:15 kernel kernel: sr5: scsi3-mmc drive: 24x/24x writer cd/rw xa/form2 cdda tray
Oct  7 19:07:15 kernel kernel: sr6: scsi3-mmc drive: 24x/24x writer cd/rw xa/form2 cdda tray
Oct  7 19:07:15 kernel kernel: 8139too Fast Ethernet driver 0.9.26
Oct  7 19:07:15 kernel kernel: eth0: RealTek RTL8139 Fast Ethernet at 0xd0920000, 00:e0:4c:0a:65:fa, IRQ 10
Oct  7 19:07:15 kernel kernel: eth0: Setting 100mbps full-duplex based on auto-negotiated partner ability 41e1.
Oct  7 19:07:15 kernel keytable: Loading keymap:  succeeded
Oct  7 19:07:15 kernel keytable: Loading system font:  succeeded
Oct  7 19:07:15 kernel random: Initializing random number generator:  succeeded
Oct  7 19:07:15 kernel pcmcia: Starting PCMCIA services:
Oct  7 19:07:15 kernel pcmcia:  cardmgr.
Oct  7 19:07:15 kernel cardmgr[735]: starting, version is 3.1.22
Oct  7 19:07:15 kernel rc: Starting pcmcia:  succeeded
Oct  7 19:07:15 kernel cardmgr[735]: config error, file './config.opts' line 8: no function bindings
Oct  7 19:07:15 kernel cardmgr[735]: watching 1 sockets
Oct  7 19:07:15 kernel kernel: cs: IO port probe 0x0c00-0x0cff: clean.
Oct  7 19:07:15 kernel kernel: cs: IO port probe 0x0100-0x04ff: excluding 0x408-0x40f 0x480-0x48f 0x4d0-0x4d7
Oct  7 19:07:15 kernel kernel: cs: IO port probe 0x0a00-0x0aff: clean.
Oct  7 19:07:16 kernel netfs: Mounting other filesystems:  succeeded
Oct  7 19:07:16 kernel autofs: automount startup succeeded
Oct  7 19:07:16 kernel sshd: Starting sshd:
Oct  7 19:07:16 kernel sshd:  succeeded
Oct  7 19:07:16 kernel sshd: ^[[60G
Oct  7 19:07:16 kernel sshd: 
Oct  7 19:07:16 kernel rc: Starting sshd:  succeeded
Oct  7 19:07:19 kernel xinetd[856]: xinetd Version 2002.03.28 started with libwrap options compiled in.
Oct  7 19:07:19 kernel xinetd[856]: Started working: 1 available service
Oct  7 19:07:20 kernel xinetd: xinetd startup succeeded
Oct  7 19:07:42 kernel nfs: Starting NFS services:  succeeded
Oct  7 19:07:43 kernel nfs: rpc.rquotad startup succeeded
Oct  7 19:08:03 kernel nfs: rpc.mountd startup succeeded
Oct  7 19:08:03 kernel nfs: rpc.nfsd startup succeeded
Oct  7 19:08:03 kernel gpm: gpm startup succeeded
Oct  7 19:08:04 kernel crond: crond startup succeeded
Oct  7 19:08:05 kernel insmod: insmod: vmmon: no module by that name found
Oct  7 19:08:05 kernel insmod: insmod: vmnet: no module by that name found
Oct  7 19:08:05 kernel modprobe: modprobe: Can't locate module char-major-119
Oct  7 19:08:08 kernel last message repeated 2 times
Oct  7 19:08:08 kernel VMware[init]: /dev/vmnet8: No such device
Oct  7 19:08:08 kernel modprobe: modprobe: Can't locate module char-major-119
Oct  7 19:08:08 kernel VMware[init]: /dev/vmnet1: No such device
Oct  7 19:08:09 kernel xfs: xfs startup succeeded
Oct  7 19:08:09 kernel xfs: listening on port 7100 
Oct  7 19:08:09 kernel anacron: anacron startup succeeded
Oct  7 19:08:10 kernel xfs: ignoring font path element /usr/X11R6/lib/X11/fonts/cyrillic (unreadable) 
Oct  7 19:08:10 kernel xfs: ignoring font path element /usr/X11R6/lib/X11/fonts/CID (unreadable) 
Oct  7 19:08:10 kernel xfs: ignoring font path element /usr/X11R6/lib/X11/fonts/local (unreadable) 
Oct  7 19:08:10 kernel xfs: ignoring font path element /usr/X11R6/lib/X11/fonts/latin2/Type1 (unreadable) 
Oct  7 19:08:10 kernel atd: atd startup succeeded