Date: Sat, 6 Jan 2007 17:09:44 +0000 (GMT)
From: Chris Wilson <>
Subject: IRQ: Nobody cared (2.6.19.1)
Sender: linux-kernel-owner@vger.kernel.org
Precedence: bulk
List-ID: <linux-kernel.vger.kernel.org>
X-Mailing-List: linux-kernel@vger.kernel.org
X-Lkml-Link: https://lkml.org/lkml/2007/1/6/86

Hi all,
Forwarded to lkml as suggested by Alan Stern. Please copy any replies to 
me, as I'm not on the list (too much traffic, sorry!).
On Fri, 5 Jan 2007, Alan Stern wrote:
> On Sat, 6 Jan 2007, Chris Wilson wrote:
>>
>> I keep getting the following errors:
>>
>> Jan  5 23:48:38 gcc kernel: irq 10: nobody cared (try booting with the
>>    "irqpoll" option)
>
>> Jan  5 23:48:38 gcc kernel: handlers:
>
>> Jan  5 23:48:38 gcc kernel: [<e0866a00>] (usb_hcd_irq+0x0/0x70 [usbcore])
>> Jan  5 23:48:38 gcc kernel: Disabling IRQ #10
>>
>> There are no devices attached to that USB port, and it's the only device
>> registered for IRQ 10.
>>
>> This is a 2.6.19.1 kernel, last booted less than an hour ago. I had the
>> same problem with 2.6.14.3 and older kernels, but less frequently.
>>
>> Hardware is dual p3 coppermine, Gigabyte 6VXDC7 motherboard. Otherwise
>> very stable, last up for 297 days (until I booted this kernel).
>
>> /proc/interrupts:
>>
>>             CPU0       CPU1
>>    0:     424892     412866   IO-APIC-edge      timer
>>    1:       2706       2034   IO-APIC-edge      i8042
>>    4:          5          1   IO-APIC-edge      serial
>>    5:          0          0   IO-APIC-fasteoi   acpi
>>    6:          5          0   IO-APIC-edge      floppy
>>    7:          0          0   IO-APIC-edge      parport0
>>   10:      75964      63749   IO-APIC-fasteoi   uhci_hcd:usb1,
>>    uhci_hcd:usb2
>>   12:      38217      29601   IO-APIC-edge      i8042
>>   14:      24424      14372   IO-APIC-edge      ide0
>>   15:          1         10   IO-APIC-edge      ide1
>>   16:      44129          1   IO-APIC-fasteoi   eth0
>>   17:         35     209490   IO-APIC-fasteoi   eth1
>>   18:      49348      50382   IO-APIC-fasteoi   EMU10K1
>> NMI:          0          0
>> LOC:     837636     837635
>> ERR:          0
>> MIS:          0
>>
>> Please let me know if I can provide any more information that might help,
>> or anything I can do to help fix this. I expect that the USB port is now
>> useless until I reload the module.
>
> This almost certainly is not caused by a problem in the USB hardware.
> More likely some other device is using IRQ 10 and the kernel doesn't
> realize it.  In other words, it's a problem in IRQ assignment.
>
> You can try booting with acpi=off on the boot command line, or acpi=noirq,
> or noapic.
>
> You can go ahead and report this on LKML; you don't have to subscribe to
> the list in order to post on it.  (That's what I do.)  Include the dmesg
> log showing the IRQ assignments during boot-up.
>
> Alan Stern
Dmesg boot log attached. Any suggestions gratefully received.
It seems a bit drastic to disable a whole IRQ if it receives spurious 
interrupts that are not claimed by any driver. That could kill a machine 
if the IRQ is used for something critical like disks.
I'd rather not boot without ACPI if possible, as I don't want to lose 
power saving. I'm not sure about the negative consequences of booting with 
acpi=noirq or noapic, so I haven't tried that yet.
Cheers, Chris.
-- 
_ ___ __     _
  / __/ / ,__(_)_  | Chris Wilson <0000 at qwirx.com> - Cambs UK |
/ (_/ ,\/ _/ /_ \ | Security/C/C++/Java/Perl/SQL/HTML Developer |
\ _/_/_/_//_/___/ | We are GNU-free your mind-and your software |
Jan  5 23:02:45 gcc kernel: klogd 1.4.1, log source = /proc/kmsg started.
Jan  5 23:02:45 gcc kernel: Inspecting /boot/System.map-2.6.19.1
Jan  5 23:02:45 gcc kernel: Loaded 25788 symbols from /boot/System.map-2.6.19.1.
Jan  5 23:02:45 gcc kernel: Symbols match kernel version 2.6.19.
Jan  5 23:02:45 gcc kernel: No module symbols loaded - kernel modules not enabled. 
Jan  5 23:02:45 gcc kernel: Linux version 2.6.19.1 (chris@gcc.flexdns.net) (gcc version 3.3.3 20040412 (Red Hat Linux 3.3.3-7)) #1 SMP PREEMPT Fri Jan 5 00:07:27 GMT 2007
Jan  5 23:02:45 gcc kernel: BIOS-provided physical RAM map:
Jan  5 23:02:45 gcc kernel:  BIOS-e820: 0000000000000000 - 000000000009fc00 (usable)
Jan  5 23:02:45 gcc kernel:  BIOS-e820: 000000000009fc00 - 00000000000a0000 (reserved)
Jan  5 23:02:45 gcc kernel:  BIOS-e820: 00000000000f0000 - 0000000000100000 (reserved)
Jan  5 23:02:45 gcc kernel:  BIOS-e820: 0000000000100000 - 000000001fff0000 (usable)
Jan  5 23:02:45 gcc kernel:  BIOS-e820: 000000001fff0000 - 000000001fff8000 (ACPI data)
Jan  5 23:02:45 gcc kernel:  BIOS-e820: 000000001fff8000 - 0000000020000000 (ACPI NVS)
Jan  5 23:02:45 gcc kernel:  BIOS-e820: 00000000fec00000 - 00000000fec01000 (reserved)
Jan  5 23:02:45 gcc kernel:  BIOS-e820: 00000000fee00000 - 00000000fee01000 (reserved)
Jan  5 23:02:45 gcc kernel:  BIOS-e820: 00000000ffff0000 - 0000000100000000 (reserved)
Jan  5 23:02:45 gcc kernel: 0MB HIGHMEM available.
Jan  5 23:02:45 gcc kernel: 511MB LOWMEM available.
Jan  5 23:02:45 gcc kernel: found SMP MP-table at 000fb260
Jan  5 23:02:45 gcc kernel: Zone PFN ranges:
Jan  5 23:02:45 gcc kernel:   DMA             0 ->     4096
Jan  5 23:02:45 gcc kernel:   Normal       4096 ->   131056
Jan  5 23:02:45 gcc kernel:   HighMem    131056 ->   131056
Jan  5 23:02:45 gcc kernel: early_node_map[1] active PFN ranges
Jan  5 23:02:45 gcc kernel:     0:        0 ->   131056
Jan  5 23:02:45 gcc kernel: DMI 2.3 present.
Jan  5 23:02:45 gcc kernel: ACPI: PM-Timer IO Port: 0x808
Jan  5 23:02:45 gcc kernel: ACPI: LAPIC (acpi_id[0x01] lapic_id[0x00] enabled)
Jan  5 23:02:45 gcc kernel: Processor #0 6:8 APIC version 17
Jan  5 23:02:45 gcc kernel: ACPI: LAPIC (acpi_id[0x02] lapic_id[0x01] enabled)
Jan  5 23:02:45 gcc kernel: Processor #1 6:8 APIC version 17
Jan  5 23:02:45 gcc kernel: ACPI: IOAPIC (id[0x02] address[0xfec00000] gsi_base[0])
Jan  5 23:02:45 gcc kernel: IOAPIC[0]: apic_id 2, version 17, address 0xfec00000, GSI 0-23
Jan  5 23:02:45 gcc kernel: ACPI: INT_SRC_OVR (bus 0 bus_irq 0 global_irq 2 dfl dfl)
Jan  5 23:02:45 gcc kernel: ACPI: INT_SRC_OVR (bus 0 bus_irq 5 global_irq 5 low level)
Jan  5 23:02:45 gcc kernel: Enabling APIC mode:  Flat.  Using 1 I/O APICs
Jan  5 23:02:45 gcc kernel: Using ACPI (MADT) for SMP configuration information
Jan  5 23:02:45 gcc kernel: Allocating PCI resources starting at 30000000 (gap: 20000000:dec00000)
Jan  5 23:02:45 gcc kernel: Detected 930.154 MHz processor.
Jan  5 23:02:45 gcc kernel: Built 1 zonelists.  Total pages: 130033
Jan  5 23:02:45 gcc kernel: Kernel command line: root=/dev/hda6
Jan  5 23:02:45 gcc kernel: Enabling fast FPU save and restore... done.
Jan  5 23:02:45 gcc kernel: Enabling unmasked SIMD FPU exception support... done.
Jan  5 23:02:45 gcc kernel: Initializing CPU#0
Jan  5 23:02:45 gcc kernel: PID hash table entries: 2048 (order: 11, 8192 bytes)
Jan  5 23:02:45 gcc kernel: Console: colour VGA+ 80x25
Jan  5 23:02:45 gcc kernel: Dentry cache hash table entries: 65536 (order: 6, 262144 bytes)
Jan  5 23:02:45 gcc kernel: Inode-cache hash table entries: 32768 (order: 5, 131072 bytes)
Jan  5 23:02:45 gcc kernel: Memory: 515876k/524224k available (2165k kernel code, 7864k reserved, 662k data, 212k init, 0k highmem)
Jan  5 23:02:45 gcc kernel: virtual kernel memory layout:
Jan  5 23:02:45 gcc kernel:     fixmap  : 0xfff9d000 - 0xfffff000   ( 392 kB)
Jan  5 23:02:45 gcc kernel:     pkmap   : 0xff800000 - 0xffc00000   (4096 kB)
Jan  5 23:02:45 gcc kernel:     vmalloc : 0xe0800000 - 0xff7fe000   ( 495 MB)
Jan  5 23:02:45 gcc kernel:     lowmem  : 0xc0000000 - 0xdfff0000   ( 511 MB)
Jan  5 23:02:45 gcc kernel:       .init : 0xc03c9000 - 0xc03fe000   ( 212 kB)
Jan  5 23:02:45 gcc kernel:       .data : 0xc031d4db - 0xc03c3094   ( 662 kB)
Jan  5 23:02:45 gcc kernel:       .text : 0xc0100000 - 0xc031d4db   (2165 kB)
Jan  5 23:02:45 gcc kernel: Checking if this processor honours the WP bit even in supervisor mode... Ok.
Jan  5 23:02:45 gcc kernel: Calibrating delay using timer specific routine.. 1862.58 BogoMIPS (lpj=3725177)
Jan  5 23:02:45 gcc kernel: Mount-cache hash table entries: 512
Jan  5 23:02:45 gcc kernel: CPU: L1 I cache: 16K, L1 D cache: 16K
Jan  5 23:02:45 gcc kernel: CPU: L2 cache: 256K
Jan  5 23:02:45 gcc kernel: Intel machine check architecture supported.
Jan  5 23:02:45 gcc kernel: Intel machine check reporting enabled on CPU#0.
Jan  5 23:02:45 gcc kernel: Compat vDSO mapped to ffffe000.
Jan  5 23:02:45 gcc kernel: Checking 'hlt' instruction... OK.
Jan  5 23:02:45 gcc kernel: Freeing SMP alternatives: 12k freed
Jan  5 23:02:45 gcc kernel: ACPI: Core revision 20060707
Jan  5 23:02:45 gcc kernel: CPU0: Intel Pentium III (Coppermine) stepping 06
Jan  5 23:02:45 gcc kernel: Booting processor 1/1 eip 2000
Jan  5 23:02:45 gcc kernel: Initializing CPU#1
Jan  5 23:02:45 gcc kernel: Calibrating delay using timer specific routine.. 1860.36 BogoMIPS (lpj=3720734)
Jan  5 23:02:46 gcc kernel: CPU: L1 I cache: 16K, L1 D cache: 16K
Jan  5 23:02:46 gcc kernel: CPU: L2 cache: 256K
Jan  5 23:02:46 gcc kernel: Intel machine check architecture supported.
Jan  5 23:02:46 gcc kernel: Intel machine check reporting enabled on CPU#1.
Jan  5 23:02:46 gcc kernel: CPU1: Intel Pentium III (Coppermine) stepping 06
Jan  5 23:02:46 gcc kernel: Total of 2 processors activated (3722.95 BogoMIPS).
Jan  5 23:02:46 gcc kernel: ENABLING IO-APIC IRQs
Jan  5 23:02:46 gcc kernel: ..TIMER: vector=0x31 apic1=0 pin1=2 apic2=-1 pin2=-1
Jan  5 23:02:46 gcc kernel: checking TSC synchronization across 2 CPUs: passed.
Jan  5 23:02:46 gcc kernel: Brought up 2 CPUs
Jan  5 23:02:46 gcc kernel: migration_cost=654
Jan  5 23:02:46 gcc kernel: NET: Registered protocol family 16
Jan  5 23:02:46 gcc kernel: ACPI: bus type pci registered
Jan  5 23:02:46 gcc kernel: PCI: PCI BIOS revision 2.10 entry at 0xfdb01, last bus=1
Jan  5 23:02:46 gcc kernel: PCI: Using configuration type 1
Jan  5 23:02:46 gcc kernel: Setting up standard PCI resources
Jan  5 23:02:46 gcc kernel: mtrr: your CPUs had inconsistent variable MTRR settings
Jan  5 23:02:46 gcc kernel: mtrr: probably your BIOS does not setup all CPUs.
Jan  5 23:02:46 gcc kernel: mtrr: corrected configuration.
Jan  5 23:02:46 gcc kernel: ACPI: Interpreter enabled
Jan  5 23:02:46 gcc kernel: ACPI: Using IOAPIC for interrupt routing
Jan  5 23:02:46 gcc kernel: ACPI: PCI Root Bridge [PCI0] (0000:00)
Jan  5 23:02:46 gcc kernel: PCI quirk: region 0800-08ff claimed by vt82c586 ACPI
Jan  5 23:02:46 gcc kernel: PCI quirk: region 0c00-0c7f claimed by vt82c686 HW-mon
Jan  5 23:02:46 gcc kernel: PCI quirk: region 0400-040f claimed by vt82c686 SMB
Jan  5 23:02:46 gcc kernel: ACPI: Power Resource [URP1] (off)
Jan  5 23:02:46 gcc kernel: ACPI: Power Resource [URP2] (off)
Jan  5 23:02:46 gcc kernel: ACPI: Power Resource [FDDP] (off)
Jan  5 23:02:46 gcc kernel: ACPI: Power Resource [LPTP] (off)
Jan  5 23:02:46 gcc kernel: ACPI: PCI Interrupt Link [LNKA] (IRQs 3 4 5 6 7 9 10 11 12 14 15) *0, disabled.
Jan  5 23:02:46 gcc kernel: ACPI: PCI Interrupt Link [LNKB] (IRQs 3 4 5 6 7 9 10 *11 12 14 15)
Jan  5 23:02:46 gcc kernel: ACPI: PCI Interrupt Link [LNKC] (IRQs 3 4 5 6 7 *9 10 11 12 14 15)
Jan  5 23:02:46 gcc kernel: ACPI: PCI Interrupt Link [LNKD] (IRQs 3 4 5 6 7 9 *10 11 12 14 15)
Jan  5 23:02:46 gcc kernel: Linux Plug and Play Support v0.97 (c) Adam Belay
Jan  5 23:02:46 gcc kernel: pnp: PnP ACPI init
Jan  5 23:02:46 gcc kernel: pnp: PnP ACPI: found 11 devices
Jan  5 23:02:46 gcc kernel: PCI: Using ACPI for IRQ routing
Jan  5 23:02:46 gcc kernel: PCI: If a device doesn't work, try "pci=routeirq".  If it helps, post a report
Jan  5 23:02:46 gcc kernel: PCI: Bridge: 0000:00:01.0
Jan  5 23:02:46 gcc kernel:   IO window: 6000-6fff
Jan  5 23:02:46 gcc kernel:   MEM window: dfd00000-dfdfffff
Jan  5 23:02:46 gcc kernel:   PREFETCH window: ddb00000-ddbfffff
Jan  5 23:02:46 gcc kernel: NET: Registered protocol family 2
Jan  5 23:02:46 gcc kernel: IP route cache hash table entries: 4096 (order: 2, 16384 bytes)
Jan  5 23:02:46 gcc kernel: TCP established hash table entries: 16384 (order: 5, 196608 bytes)
Jan  5 23:02:46 gcc kernel: TCP bind hash table entries: 8192 (order: 4, 98304 bytes)
Jan  5 23:02:46 gcc kernel: TCP: Hash tables configured (established 16384 bind 8192)
Jan  5 23:02:46 gcc kernel: TCP reno registered
Jan  5 23:02:46 gcc kernel: Machine check exception polling timer started.
Jan  5 23:02:46 gcc kernel: audit: initializing netlink socket (disabled)
Jan  5 23:02:46 gcc kernel: audit(1168038129.660:1): initialized
Jan  5 23:02:46 gcc kernel: VFS: Disk quotas dquot_6.5.1
Jan  5 23:02:46 gcc kernel: Dquot-cache hash table entries: 1024 (order 0, 4096 bytes)
Jan  5 23:02:46 gcc kernel: io scheduler noop registered
Jan  5 23:02:46 gcc kernel: io scheduler anticipatory registered
Jan  5 23:02:46 gcc kernel: io scheduler deadline registered
Jan  5 23:02:46 gcc kernel: io scheduler cfq registered (default)
Jan  5 23:02:46 gcc kernel: PCI: Enabling Via external APIC routing
Jan  5 23:02:46 gcc kernel: Hangcheck: starting hangcheck timer 0.9.0 (tick is 180 seconds, margin is 60 seconds).
Jan  5 23:02:46 gcc kernel: Hangcheck: Using get_cycles().
Jan  5 23:02:46 gcc kernel: Serial: 8250/16550 driver $Revision: 1.90 $ 4 ports, IRQ sharing disabled
Jan  5 23:02:46 gcc kernel: serial8250: ttyS0 at I/O 0x3f8 (irq = 4) is a 16550A
Jan  5 23:02:46 gcc kernel: serial8250: ttyS1 at I/O 0x2f8 (irq = 3) is a 16550A
Jan  5 23:02:46 gcc kernel: 00:08: ttyS0 at I/O 0x3f8 (irq = 4) is a 16550A
Jan  5 23:02:46 gcc kernel: 00:09: ttyS1 at I/O 0x2f8 (irq = 3) is a 16550A
Jan  5 23:02:46 gcc kernel: parport0: PC-style at 0x378 (0x778), irq 7 [PCSPP(,...)]
Jan  5 23:02:46 gcc kernel: parport_pc: VIA parallel port: io=0x378, irq=7
Jan  5 23:02:46 gcc kernel: Floppy drive(s): fd0 is 1.44M
Jan  5 23:02:46 gcc kernel: FDC 0 is a post-1991 82077
Jan  5 23:02:46 gcc kernel: Uniform Multi-Platform E-IDE driver Revision: 7.00alpha2
Jan  5 23:02:46 gcc kernel: ide: Assuming 33MHz system bus speed for PIO modes; override with idebus=xx
Jan  5 23:02:46 gcc kernel: VP_IDE: IDE controller at PCI slot 0000:00:07.1
Jan  5 23:02:46 gcc kernel: VP_IDE: chipset revision 16
Jan  5 23:02:46 gcc kernel: VP_IDE: not 100%% native mode: will probe irqs later
Jan  5 23:02:46 gcc kernel: VP_IDE: VIA vt82c686a (rev 22) IDE UDMA66 controller on pci0000:00:07.1
Jan  5 23:02:46 gcc kernel:     ide0: BM-DMA at 0xffa0-0xffa7, BIOS settings: hda:DMA, hdb:DMA
Jan  5 23:02:46 gcc kernel:     ide1: BM-DMA at 0xffa8-0xffaf, BIOS settings: hdc:DMA, hdd:pio
Jan  5 23:02:46 gcc kernel: hda: Maxtor 6Y160L0, ATA DISK drive
Jan  5 23:02:46 gcc kernel: hdb: ST380021A, ATA DISK drive
Jan  5 23:02:46 gcc kernel: ide0 at 0x1f0-0x1f7,0x3f6 on irq 14
Jan  5 23:02:46 gcc kernel: hdc: LITE-ON LTR-24102B, ATAPI CD/DVD-ROM drive
Jan  5 23:02:46 gcc kernel: ide1 at 0x170-0x177,0x376 on irq 15
Jan  5 23:02:46 gcc kernel: hda: max request size: 512KiB
Jan  5 23:02:46 gcc kernel: hda: 320173056 sectors (163928 MB) w/2048KiB Cache, CHS=19929/255/63, UDMA(66)
Jan  5 23:02:46 gcc kernel: hda: cache flushes supported
Jan  5 23:02:46 gcc kernel:  hda: hda1 hda2 hda3 < hda5 hda6 >
Jan  5 23:02:46 gcc kernel: hdb: max request size: 128KiB
Jan  5 23:02:46 gcc kernel: hdb: 156301488 sectors (80026 MB) w/2048KiB Cache, CHS=65535/16/63, UDMA(66)
Jan  5 23:02:46 gcc kernel: hdb: cache flushes not supported
Jan  5 23:02:46 gcc kernel:  hdb: hdb1
Jan  5 23:02:46 gcc kernel: PNP: PS/2 Controller [PNP0303:PS2K,PNP0f03:PS2M] at 0x60,0x64 irq 1,12
Jan  5 23:02:46 gcc kernel: serio: i8042 KBD port at 0x60,0x64 irq 1
Jan  5 23:02:46 gcc kernel: serio: i8042 AUX port at 0x60,0x64 irq 12
Jan  5 23:02:46 gcc kernel: mice: PS/2 mouse device common for all mice
Jan  5 23:02:46 gcc kernel: TCP cubic registered
Jan  5 23:02:46 gcc kernel: NET: Registered protocol family 1
Jan  5 23:02:46 gcc kernel: NET: Registered protocol family 17
Jan  5 23:02:46 gcc kernel: Starting balanced_irq
Jan  5 23:02:46 gcc kernel: Using IPI Shortcut mode
Jan  5 23:02:46 gcc kernel: Time: tsc clocksource has been installed.
Jan  5 23:02:46 gcc kernel: input: AT Translated Set 2 keyboard as /class/input/input0
Jan  5 23:02:46 gcc kernel: input: ImPS/2 Generic Wheel Mouse as /class/input/input1
Jan  5 23:02:46 gcc kernel: kjournald starting.  Commit interval 5 seconds
Jan  5 23:02:46 gcc kernel: EXT3-fs: mounted filesystem with ordered data mode.
Jan  5 23:02:46 gcc kernel: VFS: Mounted root (ext3 filesystem) readonly.
Jan  5 23:02:46 gcc kernel: Freeing unused kernel memory: 212k freed
Jan  5 23:02:46 gcc kernel: ACPI: Power Button (FF) [PWRF]
Jan  5 23:02:46 gcc kernel: ACPI: Power Button (CM) [PWRB]
Jan  5 23:02:46 gcc kernel: ACPI: Sleep Button (CM) [SLPB]
Jan  5 23:02:46 gcc kernel: ACPI: Thermal Zone [THRM] (40 C)
Jan  5 23:02:46 gcc kernel: usbcore: registered new interface driver usbfs
Jan  5 23:02:46 gcc kernel: usbcore: registered new interface driver hub
Jan  5 23:02:46 gcc kernel: usbcore: registered new device driver usb
Jan  5 23:02:46 gcc kernel: USB Universal Host Controller Interface driver v3.0
Jan  5 23:02:46 gcc kernel: ACPI: PCI Interrupt Link [LNKD] enabled at IRQ 10
Jan  5 23:02:46 gcc kernel: ACPI: PCI Interrupt 0000:00:07.2[D] -> Link [LNKD] -> GSI 10 (level, low) -> IRQ 10
Jan  5 23:02:46 gcc kernel: uhci_hcd 0000:00:07.2: UHCI Host Controller
Jan  5 23:02:46 gcc kernel: uhci_hcd 0000:00:07.2: new USB bus registered, assigned bus number 1
Jan  5 23:02:46 gcc kernel: uhci_hcd 0000:00:07.2: irq 10, io base 0x0000ac00
Jan  5 23:02:46 gcc kernel: usb usb1: configuration #1 chosen from 1 choice
Jan  5 23:02:46 gcc kernel: hub 1-0:1.0: USB hub found
Jan  5 23:02:46 gcc kernel: hub 1-0:1.0: 2 ports detected
Jan  5 23:02:46 gcc kernel: ACPI: PCI Interrupt 0000:00:07.3[D] -> Link [LNKD] -> GSI 10 (level, low) -> IRQ 10
Jan  5 23:02:46 gcc kernel: uhci_hcd 0000:00:07.3: UHCI Host Controller
Jan  5 23:02:46 gcc kernel: uhci_hcd 0000:00:07.3: new USB bus registered, assigned bus number 2
Jan  5 23:02:46 gcc kernel: uhci_hcd 0000:00:07.3: irq 10, io base 0x0000b000
Jan  5 23:02:46 gcc kernel: usb usb2: configuration #1 chosen from 1 choice
Jan  5 23:02:46 gcc kernel: hub 2-0:1.0: USB hub found
Jan  5 23:02:46 gcc kernel: hub 2-0:1.0: 2 ports detected
Jan  5 23:02:46 gcc kernel: EXT3 FS on hda6, internal journal
Jan  5 23:02:46 gcc kernel: device-mapper: ioctl: 4.10.0-ioctl (2006-09-14) initialised: dm-devel@redhat.com
Jan  5 23:02:46 gcc kernel: Adding 1052216k swap on /dev/hda5.  Priority:-1 extents:1 across:1052216k
Jan  5 23:02:46 gcc kernel: kjournald starting.  Commit interval 5 seconds
Jan  5 23:02:46 gcc kernel: EXT3 FS on hda1, internal journal
Jan  5 23:02:46 gcc kernel: EXT3-fs: mounted filesystem with ordered data mode.
Jan  5 23:02:46 gcc kernel: SCSI subsystem initialized
Jan  5 23:02:46 gcc kernel: IA-32 Microcode Update Driver: v1.14a <tigran@veritas.com>
Jan  5 23:02:46 gcc kernel: microcode: error! Bad total size in microcode data file
Jan  5 23:02:46 gcc kernel: ACPI: PCI Interrupt 0000:00:0d.0[A] -> GSI 17 (level, low) -> IRQ 16
Jan  5 23:02:46 gcc kernel: ata1: SATA max UDMA/100 cmd 0xE0836E80 ctl 0xE0836E8A bmdma 0xE0836E00 irq 16
Jan  5 23:02:46 gcc kernel: ata2: SATA max UDMA/100 cmd 0xE0836EC0 ctl 0xE0836ECA bmdma 0xE0836E08 irq 16
Jan  5 23:02:46 gcc kernel: scsi0 : sata_sil
Jan  5 23:02:46 gcc kernel: ata1: SATA link up 1.5 Gbps (SStatus 113 SControl 310)
Jan  5 23:02:46 gcc kernel: ata1.00: ATA-6, max UDMA/100, 625142448 sectors: LBA48 
Jan  5 23:02:46 gcc kernel: ata1.00: ata1: dev 0 multi count 0
Jan  5 23:02:46 gcc kernel: ata1.00: configured for UDMA/100
Jan  5 23:02:46 gcc kernel: scsi1 : sata_sil
Jan  5 23:02:46 gcc kernel: ata2: SATA link down (SStatus 0 SControl 310)
Jan  5 23:02:46 gcc kernel: scsi 0:0:0:0: Direct-Access     ATA      WDC WD3200JD-22K 08.0 PQ: 0 ANSI: 5
Jan  5 23:02:46 gcc kernel: SCSI device sda: 625142448 512-byte hdwr sectors (320073 MB)
Jan  5 23:02:46 gcc kernel: sda: Write Protect is off
Jan  5 23:02:46 gcc kernel: SCSI device sda: drive cache: write back
Jan  5 23:02:46 gcc kernel: SCSI device sda: 625142448 512-byte hdwr sectors (320073 MB)
Jan  5 23:02:46 gcc kernel: sda: Write Protect is off
Jan  5 23:02:46 gcc kernel: SCSI device sda: drive cache: write back
Jan  5 23:02:46 gcc kernel:  sda: sda1
Jan  5 23:02:46 gcc kernel: sd 0:0:0:0: Attached scsi disk sda
Jan  5 23:02:46 gcc kernel: sd 0:0:0:0: Attached scsi generic sg0 type 0
Jan  5 23:02:46 gcc kernel: ata1.00: disabled
Jan  5 23:02:46 gcc kernel: Synchronizing SCSI cache for disk sda: 
Jan  5 23:02:46 gcc kernel: FAILED
Jan  5 23:02:46 gcc kernel:   status = 0, message = 00, host = 4, driver = 00
Jan  5 23:02:46 gcc kernel:   <6>ACPI: PCI interrupt for device 0000:00:0d.0 disabled
Jan  5 23:02:46 gcc kernel: 8139too Fast Ethernet driver 0.9.28
Jan  5 23:02:46 gcc kernel: ACPI: PCI Interrupt 0000:00:09.0[A] -> GSI 17 (level, low) -> IRQ 16
Jan  5 23:02:46 gcc kernel: eth0: RealTek RTL8139 at 0xb400, 00:50:bf:3f:ce:95, IRQ 16
Jan  5 23:02:46 gcc kernel: ACPI: PCI Interrupt 0000:00:0a.0[A] -> GSI 18 (level, low) -> IRQ 17
Jan  5 23:02:46 gcc kernel: 3c59x: Donald Becker and others. www.scyld.com/network/vortex.html
Jan  5 23:02:46 gcc kernel: 0000:00:0a.0: 3Com PCI 3c905C Tornado at e0838d80.
Jan  5 23:02:46 gcc kernel: ACPI: PCI interrupt for device 0000:00:09.0 disabled
Jan  5 23:02:46 gcc kernel: ACPI: PCI interrupt for device 0000:00:0a.0 disabled
Jan  5 23:02:46 gcc kernel: 8139too Fast Ethernet driver 0.9.28
Jan  5 23:02:46 gcc kernel: ACPI: PCI Interrupt 0000:00:09.0[A] -> GSI 17 (level, low) -> IRQ 16
Jan  5 23:02:46 gcc kernel: eth0: RealTek RTL8139 at 0xb400, 00:50:bf:3f:ce:95, IRQ 16
Jan  5 23:02:46 gcc kernel: eth0: link up, 100Mbps, full-duplex, lpa 0x45E1
Jan  5 23:02:46 gcc kernel: ACPI: PCI Interrupt 0000:00:0a.0[A] -> GSI 18 (level, low) -> IRQ 17
Jan  5 23:02:46 gcc kernel: 3c59x: Donald Becker and others. www.scyld.com/network/vortex.html
Jan  5 23:02:46 gcc kernel: 0000:00:0a.0: 3Com PCI 3c905C Tornado at e0838d80.
Jan  5 23:02:46 gcc kernel: eth1:  setting half-duplex.
Jan  5 23:02:46 gcc kernel: ip_tables: (C) 2000-2006 Netfilter Core Team
Jan  5 23:02:46 gcc kernel: Netfilter messages via NETLINK v0.30.
Jan  5 23:02:46 gcc kernel: ip_conntrack version 2.4 (4095 buckets, 32760 max) - 228 bytes per conntrack
Jan  5 23:02:46 gcc kernel: process `syslogd' is using obsolete setsockopt SO_BSDCOMPAT
Jan  5 23:02:51 gcc kernel: lp0: using parport0 (interrupt-driven).
Jan  5 23:03:12 gcc kernel: tun: Universal TUN/TAP device driver, 1.6
Jan  5 23:03:12 gcc kernel: tun: (C) 1999-2004 Max Krasnyansky <maxk@qualcomm.com>
Jan  5 23:03:13 gcc kernel: hdc: ATAPI 40X CD-ROM CD-R/RW drive, 2048kB Cache, UDMA(33)
Jan  5 23:03:13 gcc kernel: Uniform CD-ROM driver Revision: 3.20
Jan  5 23:03:13 gcc kernel: ACPI: PCI Interrupt 0000:00:0b.0[A] -> GSI 19 (level, low) -> IRQ 18
Jan  5 23:48:38 gcc kernel: irq 10: nobody cared (try booting with the "irqpoll" option)
Jan  5 23:48:38 gcc kernel:  [__report_bad_irq+42/160] __report_bad_irq+0x2a/0xa0
Jan  5 23:48:38 gcc kernel:  [<c014dbfa>] __report_bad_irq+0x2a/0xa0
Jan  5 23:48:38 gcc kernel:  [note_interrupt+116/240] note_interrupt+0x74/0xf0
Jan  5 23:48:38 gcc kernel:  [<c014dd04>] note_interrupt+0x74/0xf0
Jan  5 23:48:38 gcc kernel:  [handle_fasteoi_irq+181/208] handle_fasteoi_irq+0xb5/0xd0
Jan  5 23:48:38 gcc kernel:  [<c014e575>] handle_fasteoi_irq+0xb5/0xd0
Jan  5 23:48:38 gcc kernel:  [do_IRQ+93/176] do_IRQ+0x5d/0xb0
Jan  5 23:48:38 gcc kernel:  [<c0105bed>] do_IRQ+0x5d/0xb0
Jan  5 23:48:38 gcc kernel:  [schedule+994/1984] schedule+0x3e2/0x7c0
Jan  5 23:48:38 gcc kernel:  [<c031a772>] schedule+0x3e2/0x7c0
Jan  5 23:48:38 gcc kernel:  [common_interrupt+26/32] common_interrupt+0x1a/0x20
Jan  5 23:48:38 gcc kernel:  [<c0103bea>] common_interrupt+0x1a/0x20
Jan  5 23:48:38 gcc kernel:  [default_idle+49/96] default_idle+0x31/0x60
Jan  5 23:48:38 gcc kernel:  [<c0100e71>] default_idle+0x31/0x60
Jan  5 23:48:38 gcc kernel:  [cpu_idle+130/160] cpu_idle+0x82/0xa0
Jan  5 23:48:38 gcc kernel:  [<c0100f42>] cpu_idle+0x82/0xa0
Jan  5 23:48:38 gcc kernel:  =======================
Jan  5 23:48:38 gcc kernel: handlers:
Jan  5 23:48:38 gcc kernel: [pg0+541301248/1069356032] (usb_hcd_irq+0x0/0x70 [usbcore])
Jan  5 23:48:38 gcc kernel: [<e0866a00>] (usb_hcd_irq+0x0/0x70 [usbcore])
Jan  5 23:48:38 gcc kernel: [pg0+541301248/1069356032] (usb_hcd_irq+0x0/0x70 [usbcore])
Jan  5 23:48:38 gcc kernel: [<e0866a00>] (usb_hcd_irq+0x0/0x70 [usbcore])
Jan  5 23:48:38 gcc kernel: Disabling IRQ #10