Date: Mon, 7 Aug 2000 03:21:51 -0400 (EDT)
From: Shawn Starr <>
Subject: Linux 2.4.0-test6/pre7 - Strange Problems
Sender: linux-kernel-owner@vger.kernel.org
Precedence: bulk
List-ID: <linux-kernel.vger.kernel.org>
X-Mailing-List: linux-kernel@vger.kernel.org
X-Lkml-Link: https://lkml.org/lkml/2000/8/7/17

Has anyone had problems logging in after they have installed
2.4.0-test/pre7? ;-)
When i try and login, it just hangs and doesn't proceed past the password
prompt. I have compiled PAM and other things like shadow and such but they
don't have a problem in 2.2.16. Is this a known issue?
Also, I decided to let the PCI scanning be done by DIRECT instead of BIOS
or ANY. I don't think that matters though.
I also assume that the PIIX3 chipset supports UDMA/33Mhz even though my
bios only has PIO 4 as the maximum, The PIIX3 also has builtin onboard USB
hub.
Thanks, 
Here's my DMSG:
Linux version 2.4.0-test6 (root@visualnet) (gcc version 2.95.2 19991024 (release)) #1 Mon Aug 7 01:23:19 EDT 2000
BIOS-provided physical RAM map:
 e820: 000000000009fc00 @ 0000000000000000 (usable)
 e820: 0000000000000400 @ 000000000009fc00 (reserved)
 e820: 0000000000020000 @ 00000000000e0000 (reserved)
 e820: 0000000003f00000 @ 0000000000100000 (usable)
 e820: 0000000000001000 @ 00000000fec00000 (reserved)
 e820: 0000000000001000 @ 00000000fee00000 (reserved)
 e820: 0000000000020000 @ 00000000fffe0000 (reserved)
On node 0 totalpages: 16384
zone(0): 4096 pages.
zone(1): 12288 pages.
zone(2): 0 pages.
Kernel command line: BOOT_IMAGE=linuxdev ro root=1601 root=/dev/hda1
boot=/dev/hda1/boot/vmlinuz-2.4.0
Initializing CPU#0
Detected 199435720 Hz processor.
Console: colour VGA+ 80x25
Calibrating delay loop... 398.13 BogoMIPS
Memory: 62348k/65536k available (1170k kernel code, 2800k reserved, 105k
data, 184k init, 0k hi$
Dentry-cache hash table entries: 8192 (order: 4, 65536 bytes)
Buffer-cache hash table entries: 4096 (order: 2, 16384 bytes)
Page-cache hash table entries: 16384 (order: 4, 65536 bytes)
Inode-cache hash table entries: 4096 (order: 3, 32768 bytes)
CPU: Intel Pentium 75 - 200 stepping 0c
Checking 386/387 coupling... OK, FPU using exception 16 error reporting.
Checking 'hlt' instruction... OK.
Intel Pentium with F0 0F bug - workaround enabled.
POSIX conformance testing by UNIFIX
PCI: Using configuration type 1
PCI: Probing PCI hardware
PCI: Cannot allocate resource region 0 of device 00:09.0
Limiting direct PCI/PCI transfers.
Activating ISA DMA hang workarounds.
isapnp: Scanning for Pnp cards...
isapnp: Calling quirk for 01:00
ISAPnP: SB audio device quirk - increasing port range
isapnp: Calling quirk for 01:02
isapnp: AWE32 quirk - adding two ports
isapnp: Card 'Creative SB32 PnP'
isapnp: 1 Plug & Play card detected total
usb.c: registered new driver hub
usb-uhci.c: $Revision: 1.236 $ time 00:59:11 Aug  7 2000
usb-uhci.c: High bandwidth mode enabled
usb-uhci.c: USB UHCI at I/O 0xef80, IRQ 12
usb-uhci.c: Detected 2 ports   
usb.c: new USB bus registered, assigned bus number 1 
usb.c: USB new device connect, assigned device number 1
hub.c: USB hub found
hub.c: 2 ports detected
Linux NET4.0 for Linux 2.4
Based upon Swansea University Computer Society NET3.039
NET4: Unix domain sockets 1.0/SMP for Linux NET4.0.
NET4: Linux TCP/IP 1.0 for NET4.0
IP Protocols: ICMP, UDP, TCP
IP: routing cache hash table of 512 buckets, 4Kbytes
TCP: Hash tables configured (established 4096 bind 4096)
apm: BIOS version 1.2 Flags 0x03 (Driver version 1.13) 
Starting kswapd v1.7
pty: 256 Unix98 ptys configured
Uniform Multi-Platform E-IDE driver Revision: 6.31
ide: Assuming 33MHz system bus speed for PIO modes; override with
idebus=xx
PIIX3: IDE controller on PCI bus 00 dev 39
PIIX3: chipset revision 0
PIIX3: not 100% native mode: will probe irqs later
ide0: BM-DMA at 0xffa0-0xffa7, BIOS settings: hda:DMA, hdb:pio
ide1: BM-DMA at 0xffa8-0xffaf, BIOS settings: hdc:DMA, hdd:pio
hda: FUJITSU MPE3064AT, ATA DISK drive
hdc: WDC AC32500H, ATA DISK drive
hdd: CD-912E/ATK, ATAPI CDROM drive
ide0 at 0x1f0-0x1f7,0x3f6 on irq 14
ide1 at 0x170-0x177,0x376 on irq 15
hda: 12672450 sectors (6488 MB) w/512KiB Cache, CHS=788/255/63, (U)DMA
hdc: 4999680 sectors (2560 MB) w/128KiB Cache, CHS=4960/16/63, DMA
hdd: ATAPI 4X CD-ROM drive, 120kB Cache, DMA
Uniform CD-ROM driver Revision: 3.11
Partition check:
 hda: hda1 hda2
 hdc: [PTBL] [620/128/63] hdc1 hdc2
Floppy drive(s): fd0 is 1.44M, fd1 is 1.2M
FDC 0 is a post-1991 82077
Serial driver version 5.01 (2000-05-29) with MANY_PORTS SHARE_IRQ
SERIAL_PCI ISAPNP enabled
ttyS00 at 0x03f8 (irq = 4) is a 16550A
ttyS01 at 0x02f8 (irq = 3) is a 16550A
Real Time Clock Driver v1.10c
3c59x.c:v0.99L+LK1.1.6  28 May 2000 Donald Becker and
others. 
http://www.scyld.com/network/vor
$
eth0: 3Com PCI 3c900 Cyclone 10Mbps TPO at 0xe880,  00:50:da:80:b5:74, IRQ 9
8K byte-wide RAM 5:3 Rx:Tx split, autoselect/Autonegotiate interface.
MII transceiver found at address 24, status 182d.
3c59x: Wake-on-LAN functions disabled Enabling bus-master transmits and
whole-frame receives.
ISAPnP reports AWE32 WaveTable at i/o 0x620 <SoundBlaster EMU8000 (RAM0k)>
Soundblaster audio driver Copyright (C) by Hannu Savolainen 1993-1996
sb: Creative SB32 PnP detected
sb: ISAPnP reports 'Creative SB32 PnP' at i/o 0x220, irq 5, dma 1, 5
<Sound Blaster 16 (4.13)> at 0x220 irq 5 dma 1,5
<Sound Blaster 16> at 0x330 irq 5 dma 0,0
sb: 1 Soundblaster PnP card(s) found.
ip_conntrack (512 buckets, 4096 max)
VFS: Mounted root (ext2 filesystem) readonly.
Freeing unused kernel memory: 184k freed   
Adding Swap: 48184k swap-space (priority -1)
Adding Swap: 36280k swap-space (priority -2)
eth0: first available media type: 10baseT
-
To unsubscribe from this list: send the line "unsubscribe linux-kernel" in
the body of a message to majordomo@vger.rutgers.edu
Please read the FAQ at 
http://www.tux.org/lkml/