Date: Fri, 14 Dec 2007 04:10:31 -0500
From: "Arun Thomas" <>
Subject: PROBLEM: E6850 has an 8+ minute delay during boot
Sender: linux-kernel-owner@vger.kernel.org
Precedence: bulk
List-ID: <linux-kernel.vger.kernel.org>
X-Mailing-List: linux-kernel@vger.kernel.org
X-Lkml-Link: https://lkml.org/lkml/2007/12/14/60

Hi,
My Dell Vostro desktop w/ an Intel E6850 dual-core 3GHz CPU has an 8+
minute delay during boot. The machine seems to run fine after it
boots. The problem occurs on the Ubuntu gutsy 2.6.22-14 kernel,
2.6.23.9, and 2.6.24-rc5. I have upgraded to the most recent Dell BIOS
version (1.0.8). I am running an SMP kernel currently, but the problem
presents itself in uniprocessor mode (nosmp) also. I'm running the
machine in 32-bit mode w/hyperthreading configured.
Here are a few interesting things in the dmesg output for the
2.6.24-rc5 kernel (smp). The full dmesg is also included farther down.
[   20.101501] CPU: After generic identify, caps: bfebfbff 20100000
00000000 00000000 0000e3fd 00000000 00000001 00000000
[   20.101505] monitor/mwait feature present.
[   20.101506] using mwait in idle threads.
[   20.101508] CPU: L1 I cache: 32K, L1 D cache: 32K
[   20.101509] CPU: L2 cache: 4096K
[   20.101511] CPU: Physical Processor ID: 0
[   20.101511] CPU: Processor Core ID: 0
[   20.101513] CPU: After all inits, caps: bfebfbff 20100000 00000000
00003940 0000e3fd 00000000 00000001 00000000
[   20.101517] Compat vDSO mapped to ffffe000.
[   20.101525] Checking 'hlt' instruction... OK.
[   20.117651] SMP alternatives: switching to UP code
[   20.118574] ACPI: Core revision 20070126
[   20.175154] CPU0: Intel(R) Core(TM)2 Duo CPU     E6850  @ 3.00GHz stepping 0b
[   20.175163] SMP alternatives: switching to SMP code
[   20.175437] Booting processor 1/1 eip 3000
[   20.185881] Initializing CPU#1
[  527.926587] Calibrating delay using timer specific routine..
200566.59 BogoMIPS (lpj=401133185)
[  527.926592] CPU: After generic identify, caps: bfebfbff 20100000
00000000 00000000 0000e3fd 00000000 00000001 00000000
[  527.926595] monitor/mwait feature present.
[  527.926596] CPU: L1 I cache: 32K, L1 D cache: 32K
[  527.926597] CPU: L2 cache: 4096K
[  527.926599] CPU: Physical Processor ID: 0
[  527.926599] CPU: Processor Core ID: 1
[  527.926600] CPU: After all inits, caps: bfebfbff 20100000 00000000
00003940 0000e3fd 00000000 00000001 00000000
[  527.927141] CPU1: Intel(R) Core(TM)2 Duo CPU     E6850  @ 3.00GHz stepping 0b
[  527.927154] Total of 2 processors activated (206555.60 BogoMIPS).
...
[  528.095491] Setting up standard PCI resources
[  528.096557] mtrr: your CPUs had inconsistent fixed MTRR settings
[  528.096558] mtrr: probably your BIOS does not setup all CPUs.
[  528.096559] mtrr: corrected configuration.
Here's a snip from the dmesg of the same kernel in uniprocessor mode
(nosmp). Full dmesg also included farther down.
[   31.670391] TCP reno registered
[   31.681591] checking if image is initramfs...<7>Switched to high
resolution mode on CPU 0
[  540.133678] Clocksource tsc unstable (delta = 299978139535 ns)
[  540.137708] Time: hpet clocksource has been installed.
[  540.432798]  it is
Here's my /proc/cpuinfo:
processor       : 0
vendor_id       : GenuineIntel
cpu family      : 6
model           : 15
model name      : Intel(R) Core(TM)2 Duo CPU     E6850  @ 3.00GHz
stepping        : 11
cpu MHz         : 2992.539
cache size      : 4096 KB
physical id     : 0
siblings        : 2
core id         : 0
cpu cores       : 2
fdiv_bug        : no
hlt_bug         : no
f00f_bug        : no
coma_bug        : no
fpu             : yes
fpu_exception   : yes
cpuid level     : 10
wp              : yes
flags           : fpu vme de pse tsc msr pae mce cx8 apic sep mtrr pge
mca cmov pat pse36 clflush dts acpi mmx fxsr sse sse2 ss ht tm pbe nx
lm constant_tsc arch_perfmon pebs bts pni monitor ds_cpl vmx smx est
tm2 ssse3 cx16 xtpr lahf_lm
bogomips        : 5988.99
clflush size    : 64
processor       : 1
vendor_id       : GenuineIntel
cpu family      : 6
model           : 15
model name      : Intel(R) Core(TM)2 Duo CPU     E6850  @ 3.00GHz
stepping        : 11
cpu MHz         : 2992.539
cache size      : 4096 KB
physical id     : 0
siblings        : 2
core id         : 1
cpu cores       : 2
fdiv_bug        : no
hlt_bug         : no
f00f_bug        : no
coma_bug        : no
fpu             : yes
fpu_exception   : yes
cpuid level     : 10
wp              : yes
flags           : fpu vme de pse tsc msr pae mce cx8 apic sep mtrr pge
mca cmov pat pse36 clflush dts acpi mmx fxsr sse sse2 ss ht tm pbe nx
lm constant_tsc arch_perfmon pebs bts pni monitor ds_cpl vmx smx est
tm2 ssse3 cx16 xtpr lahf_lm
bogomips        : 5984.97
clflush size    : 64
Below is a lot of info. Some info is extraneous, but I'm guessing more
is better in this case. I have included the full dmesg output, my full
config (based on the Ubuntu gutsy config), and all the info mentioned
in REPORTING-BUGS. Please let me know if there's any other info that
would be helpful.
Thanks,
Arun
=========
Full smp dmesg:
[    0.000000] Initializing cgroup subsys cpuset
[    0.000000] Linux version 2.6.24-rc5-custom (root@machine) (gcc
version 4.1.3 20070929 (prerelease) (Ubuntu 4.1.2-16ubuntu2)) #1 SMP
Wed Dec 12 23:18:52 EST 2007
[    0.000000] BIOS-provided physical RAM map:
[    0.000000]  BIOS-e820: 0000000000000000 - 0000000000099c00 (usable)
[    0.000000]  BIOS-e820: 0000000000099c00 - 00000000000a0000 (reserved)
[    0.000000]  BIOS-e820: 00000000000f0000 - 0000000000100000 (reserved)
[    0.000000]  BIOS-e820: 0000000000100000 - 000000007fe90000 (usable)
[    0.000000]  BIOS-e820: 000000007fe90000 - 000000007fee3000 (ACPI NVS)
[    0.000000]  BIOS-e820: 000000007fee3000 - 000000007fef0000 (ACPI data)
[    0.000000]  BIOS-e820: 000000007fef0000 - 000000007ff00000 (reserved)
[    0.000000]  BIOS-e820: 00000000e0000000 - 00000000f0000000 (reserved)
[    0.000000]  BIOS-e820: 00000000fec00000 - 0000000100000000 (reserved)
[    0.000000] 1150MB HIGHMEM available.
[    0.000000] 896MB LOWMEM available.
[    0.000000] found SMP MP-table at 000f3f00
[    0.000000] Entering add_active_range(0, 0, 523920) 0 entries of 256 used
[    0.000000] Zone PFN ranges:
[    0.000000]   DMA             0 ->     4096
[    0.000000]   Normal       4096 ->   229376
[    0.000000]   HighMem    229376 ->   523920
[    0.000000] Movable zone start PFN for each node
[    0.000000] early_node_map[1] active PFN ranges
[    0.000000]     0:        0 ->   523920
[    0.000000] On node 0 totalpages: 523920
[    0.000000]   DMA zone: 32 pages used for memmap
[    0.000000]   DMA zone: 0 pages reserved
[    0.000000]   DMA zone: 4064 pages, LIFO batch:0
[    0.000000]   Normal zone: 1760 pages used for memmap
[    0.000000]   Normal zone: 223520 pages, LIFO batch:31
[    0.000000]   HighMem zone: 2301 pages used for memmap
[    0.000000]   HighMem zone: 292243 pages, LIFO batch:31
[    0.000000]   Movable zone: 0 pages used for memmap
[    0.000000] DMI 2.5 present.
[    0.000000] ACPI: RSDP 000F97A0, 0024 (r2 DELL  )
[    0.000000] ACPI: XSDT 7FEE3080, 005C (r1 DELL    FX09    42302E31
AWRD        0)
[    0.000000] ACPI: FACP 7FEE7200, 00F4 (r3 DELL    FX09    42302E31
AWRD        0)
[    0.000000] ACPI: DSDT 7FEE3200, 3FFC (r1 DELL   AWRDACPI     1000
MSFT  3000000)
[    0.000000] ACPI: FACS 7FE90000, 0040
[    0.000000] ACPI: HPET 7FEE73C0, 0038 (r1 DELL    FX09    42302E31
AWRD       98)
[    0.000000] ACPI: MCFG 7FEE7400, 003C (r1 DELL    FX09    42302E31
AWRD        0)
[    0.000000] ACPI: SLIC 7FEE7440, 0176 (r1 DELL    FX09    42302E31
AWRD        0)
[    0.000000] ACPI: DMY2 7FEE75C0, 0080 (r1 DELL    FX09    42302E31
AWRD        0)
[    0.000000] ACPI: APIC 7FEE7300, 0084 (r1 DELL    FX09    42302E31
AWRD        0)
[    0.000000] ACPI: SSDT 7FEE7CA0, 0380 (r1  PmRef    CpuPm     3000
INTL 20041203)
[    0.000000] ACPI: PM-Timer IO Port: 0x408
[    0.000000] ACPI: Local APIC address 0xfee00000
[    0.000000] ACPI: LAPIC (acpi_id[0x00] lapic_id[0x00] enabled)
[    0.000000] Processor #0 6:15 APIC version 20
[    0.000000] ACPI: LAPIC (acpi_id[0x01] lapic_id[0x01] enabled)
[    0.000000] Processor #1 6:15 APIC version 20
[    0.000000] ACPI: LAPIC (acpi_id[0x02] lapic_id[0x02] disabled)
[    0.000000] ACPI: LAPIC (acpi_id[0x03] lapic_id[0x03] disabled)
[    0.000000] ACPI: LAPIC_NMI (acpi_id[0x00] high edge lint[0x1])
[    0.000000] ACPI: LAPIC_NMI (acpi_id[0x01] high edge lint[0x1])
[    0.000000] ACPI: LAPIC_NMI (acpi_id[0x02] high edge lint[0x1])
[    0.000000] ACPI: LAPIC_NMI (acpi_id[0x03] high edge lint[0x1])
[    0.000000] ACPI: IOAPIC (id[0x04] address[0xfec00000] gsi_base[0])
[    0.000000] IOAPIC[0]: apic_id 4, version 32, address 0xfec00000, GSI 0-23
[    0.000000] ACPI: INT_SRC_OVR (bus 0 bus_irq 0 global_irq 2 dfl dfl)
[    0.000000] ACPI: INT_SRC_OVR (bus 0 bus_irq 9 global_irq 9 high level)
[    0.000000] ACPI: IRQ0 used by override.
[    0.000000] ACPI: IRQ2 used by override.
[    0.000000] ACPI: IRQ9 used by override.
[    0.000000] Enabling APIC mode:  Flat.  Using 1 I/O APICs
[    0.000000] ACPI: HPET id: 0x8086a201 base: 0xfed00000
[    0.000000] Using ACPI (MADT) for SMP configuration information
[    0.000000] Allocating PCI resources starting at 80000000 (gap:
7ff00000:60100000)
[    0.000000] Built 1 zonelists in Zone order, mobility grouping on.
Total pages: 519827
[    0.000000] Kernel command line:
root=UUID=8420f2d5-9569-476d-b3fc-6365a9987426 ro quiet splash
[    0.000000] mapped APIC to ffffb000 (fee00000)
[    0.000000] mapped IOAPIC to ffffa000 (fec00000)
[    0.000000] Enabling fast FPU save and restore... done.
[    0.000000] Enabling unmasked SIMD FPU exception support... done.
[    0.000000] Initializing CPU#0
[    0.000000] PID hash table entries: 4096 (order: 12, 16384 bytes)
[    0.000000] Detected 2992.539 MHz processor.
[   19.961593] Console: colour VGA+ 80x25
[   19.961595] console [tty0] enabled
[   19.961731] Dentry cache hash table entries: 131072 (order: 7, 524288 bytes)
[   19.961888] Inode-cache hash table entries: 65536 (order: 6, 262144 bytes)
[   20.021313] Memory: 2028720k/2095680k available (2069k kernel code,
65644k reserved, 958k data, 360k init, 1178176k highmem)
[   20.021317] virtual kernel memory layout:
[   20.021318]     fixmap  : 0xfff4c000 - 0xfffff000   ( 716 kB)
[   20.021319]     pkmap   : 0xff800000 - 0xffc00000   (4096 kB)
[   20.021319]     vmalloc : 0xf8800000 - 0xff7fe000   ( 111 MB)
[   20.021320]     lowmem  : 0xc0000000 - 0xf8000000   ( 896 MB)
[   20.021320]       .init : 0xc03fb000 - 0xc0455000   ( 360 kB)
[   20.021321]       .data : 0xc0305408 - 0xc03f4d84   ( 958 kB)
[   20.021321]       .text : 0xc0100000 - 0xc0305408   (2069 kB)
[   20.021323] Checking if this processor honours the WP bit even in
supervisor mode... Ok.
[   20.021348] SLUB: Genslabs=11, HWalign=64, Order=0-1, MinObjects=4,
CPUs=2, Nodes=1
[   20.021433] hpet clockevent registered
[   20.101392] Calibrating delay using timer specific routine..
5989.01 BogoMIPS (lpj=11978034)
[   20.101407] Security Framework initialized
[   20.101410] SELinux:  Disabled at boot.
[   20.101412] Capability LSM initialized
[   20.101419] Mount-cache hash table entries: 512
[   20.101494] Initializing cgroup subsys cpuacct
[   20.101501] CPU: After generic identify, caps: bfebfbff 20100000
00000000 00000000 0000e3fd 00000000 00000001 00000000
[   20.101505] monitor/mwait feature present.
[   20.101506] using mwait in idle threads.
[   20.101508] CPU: L1 I cache: 32K, L1 D cache: 32K
[   20.101509] CPU: L2 cache: 4096K
[   20.101511] CPU: Physical Processor ID: 0
[   20.101511] CPU: Processor Core ID: 0
[   20.101513] CPU: After all inits, caps: bfebfbff 20100000 00000000
00003940 0000e3fd 00000000 00000001 00000000
[   20.101517] Compat vDSO mapped to ffffe000.
[   20.101525] Checking 'hlt' instruction... OK.
[   20.117651] SMP alternatives: switching to UP code
[   20.118574] ACPI: Core revision 20070126
[   20.175154] CPU0: Intel(R) Core(TM)2 Duo CPU     E6850  @ 3.00GHz stepping 0b
[   20.175163] SMP alternatives: switching to SMP code
[   20.175437] Booting processor 1/1 eip 3000
[   20.185881] Initializing CPU#1
[  527.926587] Calibrating delay using timer specific routine..
200566.59 BogoMIPS (lpj=401133185)
[  527.926592] CPU: After generic identify, caps: bfebfbff 20100000
00000000 00000000 0000e3fd 00000000 00000001 00000000
[  527.926595] monitor/mwait feature present.
[  527.926596] CPU: L1 I cache: 32K, L1 D cache: 32K
[  527.926597] CPU: L2 cache: 4096K
[  527.926599] CPU: Physical Processor ID: 0
[  527.926599] CPU: Processor Core ID: 1
[  527.926600] CPU: After all inits, caps: bfebfbff 20100000 00000000
00003940 0000e3fd 00000000 00000001 00000000
[  527.927141] CPU1: Intel(R) Core(TM)2 Duo CPU     E6850  @ 3.00GHz stepping 0b
[  527.927154] Total of 2 processors activated (206555.60 BogoMIPS).
[  527.927289] ENABLING IO-APIC IRQs
[  527.927444] ..TIMER: vector=0x31 apic1=0 pin1=2 apic2=-1 pin2=-1
[  528.074569] checking TSC synchronization [CPU#0 -> CPU#1]: passed.
[  528.094566] Brought up 2 CPUs
[  528.094582] CPU0 attaching sched-domain:
[  528.094584]  domain 0: span 03
[  528.094585]   groups: 01 02
[  528.094586] CPU1 attaching sched-domain:
[  528.094587]  domain 0: span 03
[  528.094588]   groups: 02 01
[  528.094711] net_namespace: 64 bytes
[  528.094716] Booting paravirtualized kernel on bare hardware
[  528.094972] Time:  0:36:23  Date: 12/13/07
[  528.095000] NET: Registered protocol family 16
[  528.095095] EISA bus registered
[  528.095098] ACPI: bus type pci registered
[  528.095172] PCI: Using MMCONFIG
[  528.095491] Setting up standard PCI resources
[  528.096557] mtrr: your CPUs had inconsistent fixed MTRR settings
[  528.096558] mtrr: probably your BIOS does not setup all CPUs.
[  528.096559] mtrr: corrected configuration.
[  528.097279] ACPI: EC: Look up EC in DSDT
[  528.099474] ACPI: Interpreter enabled
[  528.099476] ACPI: (supports S0 S3 S5)
[  528.099482] ACPI: Using IOAPIC for interrupt routing
[  528.101844] ACPI: PCI Root Bridge [PCI0] (0000:00)
[  528.102410] PCI: Transparent bridge - 0000:00:1e.0
[  528.102425] ACPI: PCI Interrupt Routing Table [\_SB_.PCI0._PRT]
[  528.102526] ACPI: PCI Interrupt Routing Table [\_SB_.PCI0.HUB0._PRT]
[  528.110728] ACPI: PCI Interrupt Link [LNKA] (IRQs 3 4 *5 7 9 10 11 12 14 15)
[  528.110791] ACPI: PCI Interrupt Link [LNKB] (IRQs 3 4 5 7 9 10 11
12 14 15) *0, disabled.
[  528.110854] ACPI: PCI Interrupt Link [LNKC] (IRQs 3 4 5 7 *9 10 11 12 14 15)
[  528.110915] ACPI: PCI Interrupt Link [LNKD] (IRQs 3 4 5 7 9 10 *11 12 14 15)
[  528.110978] ACPI: PCI Interrupt Link [LNKE] (IRQs 3 4 5 7 9 *10 11 12 14 15)
[  528.111039] ACPI: PCI Interrupt Link [LNKF] (IRQs 3 4 5 7 9 10 *11 12 14 15)
[  528.111101] ACPI: PCI Interrupt Link [LNK0] (IRQs *3 4 5 7 9 10 11 12 14 15)
[  528.111162] ACPI: PCI Interrupt Link [LNK1] (IRQs 3 *4 5 7 9 10 11 12 14 15)
[  528.111227] Linux Plug and Play Support v0.97 (c) Adam Belay
[  528.111243] pnp: PnP ACPI init
[  528.111246] ACPI: bus type pnp registered
[  528.112179] pnpacpi: exceeded the max number of mem resources: 12
[  528.112243] pnp: PnP ACPI: found 11 devices
[  528.112244] ACPI: ACPI bus type pnp unregistered
[  528.112246] PnPBIOS: Disabled by ACPI PNP
[  528.112330] PCI: Using ACPI for IRQ routing
[  528.112331] PCI: If a device doesn't work, try "pci=routeirq".  If
it helps, post a report
[  528.130660] NET: Registered protocol family 8
[  528.130661] NET: Registered protocol family 20
[  528.130686] hpet0: at MMIO 0xfed00000, IRQs 2, 8, 0, 0
[  528.130690] hpet0: 4 64-bit timers, 14318180 Hz
[  528.134530] Time: tsc clocksource has been installed.
[  528.154595] system 00:01: ioport range 0x4d0-0x4d1 has been reserved
[  528.154597] system 00:01: ioport range 0x800-0x87f has been reserved
[  528.154600] system 00:01: ioport range 0x290-0x297 has been reserved
[  528.154602] system 00:01: ioport range 0x880-0x88f has been reserved
[  528.154608] system 00:07: ioport range 0x400-0x4bf has been reserved
[  528.154613] system 00:09: iomem range 0xe0000000-0xefffffff could
not be reserved
[  528.154618] system 00:0a: iomem range 0xf0000-0xfffff could not be reserved
[  528.154620] system 00:0a: iomem range 0x7ff00000-0x7fffffff has been reserved
[  528.154623] system 00:0a: iomem range 0xfed00000-0xfed000ff could
not be reserved
[  528.154625] system 00:0a: iomem range 0x7fe90000-0x7fefffff could
not be reserved
[  528.154627] system 00:0a: iomem range 0x0-0x9ffff could not be reserved
[  528.154629] system 00:0a: iomem range 0x100000-0x7fe8ffff could not
be reserved
[  528.154632] system 00:0a: iomem range 0xfec00000-0xfec00fff could
not be reserved
[  528.154634] system 00:0a: iomem range 0xfed14000-0xfed1dfff could
not be reserved
[  528.154636] system 00:0a: iomem range 0xfed20000-0xfed9ffff could
not be reserved
[  528.154639] system 00:0a: iomem range 0xfee00000-0xfee00fff could
not be reserved
[  528.154641] system 00:0a: iomem range 0xffb00000-0xffb7ffff could
not be reserved
[  528.154643] system 00:0a: iomem range 0xfff00000-0xffffffff could
not be reserved
[  528.184881] PCI: Bridge: 0000:00:01.0
[  528.184883]   IO window: d000-dfff
[  528.184884]   MEM window: f8000000-fbffffff
[  528.184885]   PREFETCH window: d0000000-dfffffff
[  528.184886] PCI: Bridge: 0000:00:1e.0
[  528.184888]   IO window: c000-cfff
[  528.184890]   MEM window: fdd00000-fddfffff
[  528.184892]   PREFETCH window: fde00000-fdefffff
[  528.184898] ACPI: PCI Interrupt 0000:00:01.0[A] -> GSI 16 (level,
low) -> IRQ 16
[  528.184900] PCI: Setting latency timer of device 0000:00:01.0 to 64
[  528.184905] PCI: Setting latency timer of device 0000:00:1e.0 to 64
[  528.184910] NET: Registered protocol family 2
[  528.226685] IP route cache hash table entries: 32768 (order: 5, 131072 bytes)
[  528.226846] TCP established hash table entries: 131072 (order: 8,
1048576 bytes)
[  528.227093] TCP bind hash table entries: 65536 (order: 7, 524288 bytes)
[  528.227210] TCP: Hash tables configured (established 131072 bind 65536)
[  528.227211] TCP reno registered
[  528.238762] checking if image is initramfs...<7>Switched to high
resolution mode on CPU 1
[  528.362604] Switched to high resolution mode on CPU 0
[  529.319857]  it is
[  530.462587] Freeing initrd memory: 44428k freed
[  530.462986] audit: initializing netlink socket (disabled)
[  530.462995] audit(1197505676.604:1): initialized
[  530.463128] highmem bounce pool size: 64 pages
[  530.464106] VFS: Disk quotas dquot_6.5.1
[  530.464144] Dquot-cache hash table entries: 1024 (order 0, 4096 bytes)
[  530.464212] io scheduler noop registered
[  530.464213] io scheduler anticipatory registered
[  530.464215] io scheduler deadline registered
[  530.464220] io scheduler cfq registered (default)
[  530.464318] Boot video device is 0000:01:00.0
[  530.464366] PCI: Setting latency timer of device 0000:00:01.0 to 64
[  530.464376] assign_interrupt_mode Found MSI capability
[  530.464386] Allocate Port Service[0000:00:01.0:pcie00]
[  530.464403] Allocate Port Service[0000:00:01.0:pcie03]
[  530.464513] isapnp: Scanning for PnP cards...
[  530.817359] isapnp: No Plug & Play device found
[  530.827675] Real Time Clock Driver v1.12ac
[  530.827774] hpet_resources: 0xfed00000 is busy
[  530.827796] Serial: 8250/16550 driver $Revision: 1.90 $ 4 ports,
IRQ sharing enabled
[  530.828393] RAMDISK driver initialized: 16 RAM disks of 65536K size
1024 blocksize
[  530.828426] input: Macintosh mouse button emulation as /class/input/input0
[  530.828493] PNP: No PS/2 controller found. Probing ports directly.
[  530.828758] serio: i8042 KBD port at 0x60,0x64 irq 1
[  530.828761] serio: i8042 AUX port at 0x60,0x64 irq 12
[  530.844999] mice: PS/2 mouse device common for all mice
[  530.845077] EISA: Probing bus 0 at eisa.0
[  530.845101] EISA: Detected 0 cards.
[  530.845161] TCP cubic registered
[  530.845166] NET: Registered protocol family 1
[  530.845181] Using IPI No-Shortcut mode
[  530.845245]   Magic number: 3:590:607
[  530.845260]   hash matches device ptyae
[  530.845378] Freeing unused kernel memory: 360k freed
[  531.962339] fuse init (API version 7.9)
[  531.965010] ACPI: Fan [FAN] (on)
[  531.967955] ACPI: SSDT 7FEE7680, 022A (r1  PmRef  Cpu0Ist     3000
INTL 20040311)
[  531.968101] ACPI: SSDT 7FEE7B40, 0152 (r1  PmRef  Cpu1Ist     3000
INTL 20040311)
[  531.968171] ACPI Exception (processor_core-0816): AE_NOT_FOUND,
Processor Device is not present [20070126]
[  531.968177] ACPI Exception (processor_core-0816): AE_NOT_FOUND,
Processor Device is not present [20070126]
[  531.968996] ACPI: Thermal Zone [THRM] (40 C)
[  532.213666] usbcore: registered new interface driver usbfs
[  532.213683] usbcore: registered new interface driver hub
[  532.225521] usbcore: registered new device driver usb
[  532.226341] USB Universal Host Controller Interface driver v3.0
[  532.226376] ACPI: PCI Interrupt 0000:00:1a.0[A] -> GSI 16 (level,
low) -> IRQ 16
[  532.226384] PCI: Setting latency timer of device 0000:00:1a.0 to 64
[  532.226386] uhci_hcd 0000:00:1a.0: UHCI Host Controller
[  532.226549] uhci_hcd 0000:00:1a.0: new USB bus registered, assigned
bus number 1
[  532.226572] uhci_hcd 0000:00:1a.0: irq 16, io base 0x0000fe00
[  532.226658] usb usb1: configuration #1 chosen from 1 choice
[  532.226672] hub 1-0:1.0: USB hub found
[  532.226674] hub 1-0:1.0: 2 ports detected
[  532.289186] SCSI subsystem initialized
[  532.298890] libata version 3.00 loaded.
[  532.332118] ACPI: PCI Interrupt 0000:00:1a.1[B] -> GSI 21 (level,
low) -> IRQ 17
[  532.332125] PCI: Setting latency timer of device 0000:00:1a.1 to 64
[  532.332128] uhci_hcd 0000:00:1a.1: UHCI Host Controller
[  532.332141] uhci_hcd 0000:00:1a.1: new USB bus registered, assigned
bus number 2
[  532.332162] uhci_hcd 0000:00:1a.1: irq 17, io base 0x0000fd00
[  532.332221] usb usb2: configuration #1 chosen from 1 choice
[  532.332234] hub 2-0:1.0: USB hub found
[  532.332236] hub 2-0:1.0: 2 ports detected
[  532.432076] ACPI: PCI Interrupt 0000:00:1a.2[D] -> GSI 19 (level,
low) -> IRQ 18
[  532.432082] PCI: Setting latency timer of device 0000:00:1a.2 to 64
[  532.432084] uhci_hcd 0000:00:1a.2: UHCI Host Controller
[  532.432101] uhci_hcd 0000:00:1a.2: new USB bus registered, assigned
bus number 3
[  532.432122] uhci_hcd 0000:00:1a.2: irq 18, io base 0x0000fc00
[  532.432201] usb usb3: configuration #1 chosen from 1 choice
[  532.432223] hub 3-0:1.0: USB hub found
[  532.432225] hub 3-0:1.0: 2 ports detected
[  532.536006] ACPI: PCI Interrupt 0000:00:1d.0[A] -> GSI 23 (level,
low) -> IRQ 19
[  532.536012] PCI: Setting latency timer of device 0000:00:1d.0 to 64
[  532.536014] uhci_hcd 0000:00:1d.0: UHCI Host Controller
[  532.536030] uhci_hcd 0000:00:1d.0: new USB bus registered, assigned
bus number 4
[  532.536051] uhci_hcd 0000:00:1d.0: irq 19, io base 0x0000fb00
[  532.536132] usb usb4: configuration #1 chosen from 1 choice
[  532.536156] hub 4-0:1.0: USB hub found
[  532.536158] hub 4-0:1.0: 2 ports detected
[  532.639942] ACPI: PCI Interrupt 0000:00:1d.1[B] -> GSI 19 (level,
low) -> IRQ 18
[  532.639947] PCI: Setting latency timer of device 0000:00:1d.1 to 64
[  532.639950] uhci_hcd 0000:00:1d.1: UHCI Host Controller
[  532.639967] uhci_hcd 0000:00:1d.1: new USB bus registered, assigned
bus number 5
[  532.639985] uhci_hcd 0000:00:1d.1: irq 18, io base 0x0000fa00
[  532.640065] usb usb5: configuration #1 chosen from 1 choice
[  532.640084] hub 5-0:1.0: USB hub found
[  532.640092] hub 5-0:1.0: 2 ports detected
[  532.671864] usb 2-2: new full speed USB device using uhci_hcd and address 2
[  532.743882] ACPI: PCI Interrupt 0000:00:1d.2[C] -> GSI 18 (level,
low) -> IRQ 20
[  532.743887] PCI: Setting latency timer of device 0000:00:1d.2 to 64
[  532.743890] uhci_hcd 0000:00:1d.2: UHCI Host Controller
[  532.743908] uhci_hcd 0000:00:1d.2: new USB bus registered, assigned
bus number 6
[  532.743929] uhci_hcd 0000:00:1d.2: irq 20, io base 0x0000f900
[  532.744011] usb usb6: configuration #1 chosen from 1 choice
[  532.744033] hub 6-0:1.0: USB hub found
[  532.744035] hub 6-0:1.0: 2 ports detected
[  532.814977] usb 2-2: configuration #1 chosen from 1 choice
[  532.817932] hub 2-2:1.0: USB hub found
[  532.819915] hub 2-2:1.0: 2 ports detected
[  532.848250] ACPI: PCI Interrupt 0000:00:1a.7[C] -> GSI 18 (level,
low) -> IRQ 20
[  532.848256] PCI: Setting latency timer of device 0000:00:1a.7 to 64
[  532.848258] ehci_hcd 0000:00:1a.7: EHCI Host Controller
[  532.848271] ehci_hcd 0000:00:1a.7: new USB bus registered, assigned
bus number 7
[  532.852155] PCI: cache line size of 32 is not supported by device
0000:00:1a.7
[  532.852158] ehci_hcd 0000:00:1a.7: irq 20, io mem 0xfdffe000
[  532.867742] ehci_hcd 0000:00:1a.7: USB 2.0 started, EHCI 1.00,
driver 10 Dec 2004
[  532.867805] usb usb7: configuration #1 chosen from 1 choice
[  532.867820] hub 7-0:1.0: USB hub found
[  532.867823] hub 7-0:1.0: 6 ports detected
[  532.927761] usb 2-2: USB disconnect, address 2
[  532.971744] ACPI: PCI Interrupt 0000:00:1d.7[A] -> GSI 23 (level,
low) -> IRQ 19
[  532.971753] PCI: Setting latency timer of device 0000:00:1d.7 to 64
[  532.971756] ehci_hcd 0000:00:1d.7: EHCI Host Controller
[  532.971775] ehci_hcd 0000:00:1d.7: new USB bus registered, assigned
bus number 8
[  532.975683] PCI: cache line size of 32 is not supported by device
0000:00:1d.7
[  532.975687] ehci_hcd 0000:00:1d.7: irq 19, io mem 0xfdffd000
[  532.987663] ehci_hcd 0000:00:1d.7: USB 2.0 started, EHCI 1.00,
driver 10 Dec 2004
[  532.987735] usb usb8: configuration #1 chosen from 1 choice
[  532.987754] hub 8-0:1.0: USB hub found
[  532.987757] hub 8-0:1.0: 6 ports detected
[  533.091797] ahci 0000:00:1f.2: version 3.0
[  533.091814] ACPI: PCI Interrupt 0000:00:1f.2[A] -> GSI 19 (level,
low) -> IRQ 18
[  533.295492] usb 7-4: new high speed USB device using ehci_hcd and address 2
[  533.427804] usb 7-4: configuration #1 chosen from 1 choice
[  533.427884] hub 7-4:1.0: USB hub found
[  533.427989] hub 7-4:1.0: 2 ports detected
[  533.731325] usb 7-4.1: new high speed USB device using ehci_hcd and address 3
[  533.827581] usb 7-4.1: configuration #1 chosen from 1 choice
[  533.827660] hub 7-4.1:1.0: USB hub found
[  533.827769] hub 7-4.1:1.0: 4 ports detected
[  534.095023] ahci 0000:00:1f.2: AHCI 0001.0200 32 slots 6 ports 3
Gbps 0x3f impl RAID mode
[  534.095026] ahci 0000:00:1f.2: flags: 64bit ncq sntf led clo pmp
pio slum part
[  534.095030] PCI: Setting latency timer of device 0000:00:1f.2 to 64
[  534.095244] scsi0 : ahci
[  534.095328] scsi1 : ahci
[  534.095391] scsi2 : ahci
[  534.095453] scsi3 : ahci
[  534.095515] scsi4 : ahci
[  534.095575] scsi5 : ahci
[  534.095631] ata1: SATA max UDMA/133 abar m2048@0xfdffc000 port
0xfdffc100 irq 222
[  534.095633] ata2: SATA max UDMA/133 abar m2048@0xfdffc000 port
0xfdffc180 irq 222
[  534.095635] ata3: SATA max UDMA/133 abar m2048@0xfdffc000 port
0xfdffc200 irq 222
[  534.095637] ata4: SATA max UDMA/133 abar m2048@0xfdffc000 port
0xfdffc280 irq 222
[  534.095638] ata5: SATA max UDMA/133 abar m2048@0xfdffc000 port
0xfdffc300 irq 222
[  534.095640] ata6: SATA max UDMA/133 abar m2048@0xfdffc000 port
0xfdffc380 irq 222
[  534.131105] usb 7-4.1.1: new high speed USB device using ehci_hcd
and address 4
[  534.310946] usb 7-4.1.1: configuration #1 chosen from 1 choice
[  534.510895] usb 7-4.1.3: new low speed USB device using ehci_hcd
and address 5
[  534.606278] usb 7-4.1.3: configuration #1 chosen from 1 choice
[  534.806732] usb 7-4.1.4: new low speed USB device using ehci_hcd
and address 6
[  534.929230] usb 7-4.1.4: configuration #1 chosen from 1 choice
[  534.937712] usbcore: registered new interface driver libusual
[  534.937758] usbcore: registered new interface driver hiddev
[  534.939408] input: USB Optical Mouse as /class/input/input1
[  534.941440] Initializing USB Mass Storage driver...
[  534.941863] scsi6 : SCSI emulation for USB Mass Storage devices
[  534.942197] usb-storage: device found at 4
[  534.942198] usb-storage: waiting for device to settle before scanning
[  534.966541] input: USB HID v1.11 Mouse [USB Optical Mouse] on
usb-0000:00:1a.7-4.1.3
[  534.974316] input: Dell Dell USB Keyboard as /class/input/input2
[  534.995489] input: USB HID v1.10 Keyboard [Dell Dell USB Keyboard]
on usb-0000:00:1a.7-4.1.4
[  534.995501] usbcore: registered new interface driver usbhid
[  534.995503] usbcore: registered new interface driver usb-storage
[  534.995505] drivers/hid/usbhid/hid-core.c: v2.6:USB HID core driver
[  534.995509] USB Mass Storage support registered.
[  535.742028] ata1: SATA link up 3.0 Gbps (SStatus 123 SControl 300)
[  535.759000] ata1.00: ATA-8: SAMSUNG HD321KJ, CP100-12, max UDMA7
[  535.759002] ata1.00: 625142448 sectors, multi 0: LBA48 NCQ (depth 31/32)
[  535.761044] ata1.00: configured for UDMA/133
[  537.405035] ata2: SATA link up 1.5 Gbps (SStatus 113 SControl 300)
[  537.562660] ata2.00: ATAPI: HL-DT-STDVD-ROM GDRH20N, 0D04, max UDMA/100
[  537.718573] ata2.00: configured for UDMA/100
[  538.036669] ata3: SATA link down (SStatus 0 SControl 300)
[  538.356479] ata4: SATA link down (SStatus 0 SControl 300)
[  539.941038] usb-storage: device scan complete
[  539.945167] scsi 6:0:0:0: Direct-Access     Generic  Flash HS-CF
  4.44 PQ: 0 ANSI: 0
[  539.948287] scsi 6:0:0:1: Direct-Access     Generic  Flash HS-COMBO
  4.44 PQ: 0 ANSI: 0
[  539.955431] sd 6:0:0:0: [sda] Attached SCSI removable disk
[  540.003487] ata5: SATA link up 1.5 Gbps (SStatus 113 SControl 300)
[  540.004648] sd 6:0:0:1: [sdb] Attached SCSI removable disk
[  540.007024] sd 6:0:0:0: Attached scsi generic sg0 type 0
[  540.007036] sd 6:0:0:1: Attached scsi generic sg1 type 0
[  540.161100] ata5.00: ATAPI: HL-DT-ST DVD+/-RW GSA-H73N, B103, max UDMA/100
[  540.318055] ata5.00: configured for UDMA/100
[  540.635121] ata6: SATA link down (SStatus 0 SControl 300)
[  540.635203] scsi 0:0:0:0: Direct-Access     ATA      SAMSUNG
HD321KJ  CP10 PQ: 0 ANSI: 5
[  540.635269] sd 0:0:0:0: [sdc] 625142448 512-byte hardware sectors (320073 MB)
[  540.635279] sd 0:0:0:0: [sdc] Write Protect is off
[  540.635280] sd 0:0:0:0: [sdc] Mode Sense: 00 3a 00 00
[  540.635294] sd 0:0:0:0: [sdc] Write cache: enabled, read cache:
enabled, doesn't support DPO or FUA
[  540.635329] sd 0:0:0:0: [sdc] 625142448 512-byte hardware sectors (320073 MB)
[  540.635334] sd 0:0:0:0: [sdc] Write Protect is off
[  540.635336] sd 0:0:0:0: [sdc] Mode Sense: 00 3a 00 00
[  540.635344] sd 0:0:0:0: [sdc] Write cache: enabled, read cache:
enabled, doesn't support DPO or FUA
[  540.635346]  sdc: sdc1 sdc2 sdc3 sdc4 < sdc5 sdc6 sdc7 >
[  540.750539] sd 0:0:0:0: [sdc] Attached SCSI disk
[  540.750566] sd 0:0:0:0: Attached scsi generic sg2 type 0
[  540.751894] scsi 1:0:0:0: CD-ROM            HL-DT-ST DVD-ROM
GDRH20N  0D04 PQ: 0 ANSI: 5
[  540.751949] scsi 1:0:0:0: Attached scsi generic sg3 type 5
[  540.753391] scsi 4:0:0:0: CD-ROM            HL-DT-ST DVD+-RW
GSA-H73N B103 PQ: 0 ANSI: 5
[  540.753445] scsi 4:0:0:0: Attached scsi generic sg4 type 5
[  540.763791] sr0: scsi3-mmc drive: 48x/48x cd/rw xa/form2 cdda tray
[  540.763793] Uniform CD-ROM driver Revision: 3.20
[  540.763819] sr 1:0:0:0: Attached scsi CD-ROM sr0
[  540.769765] sr1: scsi3-mmc drive: 48x/48x writer cd/rw xa/form2 cdda tray
[  540.769789] sr 4:0:0:0: Attached scsi CD-ROM sr1
[  541.102476] kjournald starting.  Commit interval 5 seconds
[  541.102480] EXT3-fs: mounted filesystem with ordered data mode.
[  546.203870] input: Power Button (FF) as /class/input/input3
[  546.299752] ACPI: Power Button (FF) [PWRF]
[  546.299786] input: Power Button (CM) as /class/input/input4
[  546.363711] ACPI: Power Button (CM) [PWRB]
[  546.487943] pci_hotplug: PCI Hot Plug PCI Core version: 0.5
[  546.640760] shpchp: Standard Hot Plug PCI Controller Driver version: 0.4
[  546.674269] e1000e: Intel(R) PRO/1000 Network Driver - 0.2.0
[  546.674271] e1000e: Copyright (c) 1999-2007 Intel Corporation.
[  546.674303] ACPI: PCI Interrupt 0000:00:19.0[A] -> GSI 20 (level,
low) -> IRQ 21
[  546.674310] PCI: Setting latency timer of device 0000:00:19.0 to 64
[  546.697158] Linux agpgart interface v0.102
[  546.716738] iTCO_vendor_support: vendor-support=0
[  546.739505] iTCO_wdt: Intel TCO WatchDog Timer Driver v1.02 (26-Jul-2007)
[  546.739557] iTCO_wdt: Found a ICH9R TCO device (Version=2, TCOBASE=0x0460)
[  546.739582] iTCO_wdt: initialized. heartbeat=30 sec (nowayout=0)
[  546.767114] 0000:00:19.0: eth0: (PCI Express:2.5GB/s:Width x1)
00:1a:a0:9e:5d:da
[  546.767116] 0000:00:19.0: eth0: Intel(R) PRO/10/100 Network Connection
[  546.767149] 0000:00:19.0: eth0: MAC: 5, PHY: 7, PBA No: ffffff-0ff
[  546.806199] input: PC Speaker as /class/input/input5
[  547.042707] lp: driver loaded but no devices found
[  547.114483] Adding 4192924k swap on /dev/sdc6.  Priority:-1
extents:1 across:4192924k
[  547.325351] EXT3 FS on sdc7, internal journal
[  547.624927] kjournald starting.  Commit interval 5 seconds
[  547.625207] EXT3 FS on sdc5, internal journal
[  547.625210] EXT3-fs: mounted filesystem with ordered data mode.
[  548.374306] No dock devices found.
[  548.441759] toshiba_acpi: Unknown parameter `hotkeys_over_acpi'
[  550.577482] NET: Registered protocol family 10
[  550.577616] lo: Disabled Privacy Extensions
[  550.577824] ADDRCONF(NETDEV_UP): eth0: link is not ready
[  550.788414] ppdev: user-space parallel port driver
[  551.103264] 0000:00:19.0: eth0: Link is Up 100 Mbps Full Duplex,
Flow Control: RX/TX
[  551.103267] 0000:00:19.0: eth0: 10/100 speed: disabling TSO
[  551.104041] ADDRCONF(NETDEV_CHANGE): eth0: link becomes ready
[  551.345945] Bluetooth: Core ver 2.11
[  551.345981] NET: Registered protocol family 31
[  551.345982] Bluetooth: HCI device and connection manager initialized
[  551.345984] Bluetooth: HCI socket layer initialized
[  551.356948] Bluetooth: L2CAP ver 2.9
[  551.356951] Bluetooth: L2CAP socket layer initialized
[  551.425076] Bluetooth: RFCOMM socket layer initialized
[  551.425083] Bluetooth: RFCOMM TTY layer initialized
[  551.425084] Bluetooth: RFCOMM ver 1.8
[  555.581291] NET: Registered protocol family 17
[  567.758935] eth0: no IPv6 routers present
Full up dmesg:
[    0.000000] Initializing cgroup subsys cpuset
[    0.000000] Linux version 2.6.24-rc5-custom (root@machine) (gcc
version 4.1.3 20070929 (prerelease) (Ubuntu 4.1.2-16ubuntu2)) #1 SMP
Wed Dec 12 23:18:52 EST 2007
[    0.000000] BIOS-provided physical RAM map:
[    0.000000]  BIOS-e820: 0000000000000000 - 0000000000099c00 (usable)
[    0.000000]  BIOS-e820: 0000000000099c00 - 00000000000a0000 (reserved)
[    0.000000]  BIOS-e820: 00000000000f0000 - 0000000000100000 (reserved)
[    0.000000]  BIOS-e820: 0000000000100000 - 000000007fe90000 (usable)
[    0.000000]  BIOS-e820: 000000007fe90000 - 000000007fee3000 (ACPI NVS)
[    0.000000]  BIOS-e820: 000000007fee3000 - 000000007fef0000 (ACPI data)
[    0.000000]  BIOS-e820: 000000007fef0000 - 000000007ff00000 (reserved)
[    0.000000]  BIOS-e820: 00000000e0000000 - 00000000f0000000 (reserved)
[    0.000000]  BIOS-e820: 00000000fec00000 - 0000000100000000 (reserved)
[    0.000000] 1150MB HIGHMEM available.
[    0.000000] 896MB LOWMEM available.
[    0.000000] found SMP MP-table at 000f3f00
[    0.000000] Entering add_active_range(0, 0, 523920) 0 entries of 256 used
[    0.000000] Zone PFN ranges:
[    0.000000]   DMA             0 ->     4096
[    0.000000]   Normal       4096 ->   229376
[    0.000000]   HighMem    229376 ->   523920
[    0.000000] Movable zone start PFN for each node
[    0.000000] early_node_map[1] active PFN ranges
[    0.000000]     0:        0 ->   523920
[    0.000000] On node 0 totalpages: 523920
[    0.000000]   DMA zone: 32 pages used for memmap
[    0.000000]   DMA zone: 0 pages reserved
[    0.000000]   DMA zone: 4064 pages, LIFO batch:0
[    0.000000]   Normal zone: 1760 pages used for memmap
[    0.000000]   Normal zone: 223520 pages, LIFO batch:31
[    0.000000]   HighMem zone: 2301 pages used for memmap
[    0.000000]   HighMem zone: 292243 pages, LIFO batch:31
[    0.000000]   Movable zone: 0 pages used for memmap
[    0.000000] DMI 2.5 present.
[    0.000000] ACPI: RSDP 000F97A0, 0024 (r2 DELL  )
[    0.000000] ACPI: XSDT 7FEE3080, 005C (r1 DELL    FX09    42302E31
AWRD        0)
[    0.000000] ACPI: FACP 7FEE7200, 00F4 (r3 DELL    FX09    42302E31
AWRD        0)
[    0.000000] ACPI: DSDT 7FEE3200, 3FFC (r1 DELL   AWRDACPI     1000
MSFT  3000000)
[    0.000000] ACPI: FACS 7FE90000, 0040
[    0.000000] ACPI: HPET 7FEE73C0, 0038 (r1 DELL    FX09    42302E31
AWRD       98)
[    0.000000] ACPI: MCFG 7FEE7400, 003C (r1 DELL    FX09    42302E31
AWRD        0)
[    0.000000] ACPI: SLIC 7FEE7440, 0176 (r1 DELL    FX09    42302E31
AWRD        0)
[    0.000000] ACPI: DMY2 7FEE75C0, 0080 (r1 DELL    FX09    42302E31
AWRD        0)
[    0.000000] ACPI: APIC 7FEE7300, 0084 (r1 DELL    FX09    42302E31
AWRD        0)
[    0.000000] ACPI: SSDT 7FEE7CA0, 0380 (r1  PmRef    CpuPm     3000
INTL 20041203)
[    0.000000] ACPI: PM-Timer IO Port: 0x408
[    0.000000] ACPI: Local APIC address 0xfee00000
[    0.000000] ACPI: LAPIC (acpi_id[0x00] lapic_id[0x00] enabled)
[    0.000000] Processor #0 6:15 APIC version 20
[    0.000000] ACPI: LAPIC (acpi_id[0x01] lapic_id[0x01] enabled)
[    0.000000] Processor #1 6:15 APIC version 20
[    0.000000] ACPI: LAPIC (acpi_id[0x02] lapic_id[0x02] disabled)
[    0.000000] ACPI: LAPIC (acpi_id[0x03] lapic_id[0x03] disabled)
[    0.000000] ACPI: LAPIC_NMI (acpi_id[0x00] high edge lint[0x1])
[    0.000000] ACPI: LAPIC_NMI (acpi_id[0x01] high edge lint[0x1])
[    0.000000] ACPI: LAPIC_NMI (acpi_id[0x02] high edge lint[0x1])
[    0.000000] ACPI: LAPIC_NMI (acpi_id[0x03] high edge lint[0x1])
[    0.000000] ACPI: Skipping IOAPIC probe due to 'noapic' option.
[    0.000000] ACPI: HPET id: 0x8086a201 base: 0xfed00000
[    0.000000] Using ACPI for processor (LAPIC) configuration information
[    0.000000] Intel MultiProcessor Specification v1.4
[    0.000000]     Virtual Wire compatibility mode.
[    0.000000] OEM ID: OEM00000 Product ID: PROD00000000 APIC at: 0xFEE00000
[    0.000000] I/O APIC #4 Version 17 at 0xFEC00000.
[    0.000000] Enabling APIC mode:  Flat.  Using 1 I/O APICs
[    0.000000] Processors: 2
[    0.000000] Allocating PCI resources starting at 80000000 (gap:
7ff00000:60100000)
[    0.000000] Built 1 zonelists in Zone order, mobility grouping on.
Total pages: 519827
[    0.000000] Kernel command line:
root=UUID=8420f2d5-9569-476d-b3fc-6365a9987426 ro nosmp
[    0.000000] mapped APIC to ffffb000 (fee00000)
[    0.000000] mapped IOAPIC to ffffa000 (fec00000)
[    0.000000] Enabling fast FPU save and restore... done.
[    0.000000] Enabling unmasked SIMD FPU exception support... done.
[    0.000000] Initializing CPU#0
[    0.000000] PID hash table entries: 4096 (order: 12, 16384 bytes)
[    0.000000] Detected 2992.584 MHz processor.
[   31.342917] Console: colour VGA+ 80x25
[   31.342919] console [tty0] enabled
[   31.345450] Dentry cache hash table entries: 131072 (order: 7, 524288 bytes)
[   31.345647] Inode-cache hash table entries: 65536 (order: 6, 262144 bytes)
[   31.405054] Memory: 2028720k/2095680k available (2069k kernel code,
65644k reserved, 958k data, 360k init, 1178176k highmem)
[   31.405110] virtual kernel memory layout:
[   31.405111]     fixmap  : 0xfff4c000 - 0xfffff000   ( 716 kB)
[   31.405111]     pkmap   : 0xff800000 - 0xffc00000   (4096 kB)
[   31.405112]     vmalloc : 0xf8800000 - 0xff7fe000   ( 111 MB)
[   31.405113]     lowmem  : 0xc0000000 - 0xf8000000   ( 896 MB)
[   31.405113]       .init : 0xc03fb000 - 0xc0455000   ( 360 kB)
[   31.405114]       .data : 0xc0305408 - 0xc03f4d84   ( 958 kB)
[   31.405114]       .text : 0xc0100000 - 0xc0305408   (2069 kB)
[   31.405422] Checking if this processor honours the WP bit even in
supervisor mode... Ok.
[   31.405522] SLUB: Genslabs=11, HWalign=64, Order=0-1, MinObjects=4,
CPUs=2, Nodes=1
[   31.405655] hpet clockevent registered
[   31.485614] Calibrating delay using timer specific routine..
5988.92 BogoMIPS (lpj=11977856)
[   31.485703] Security Framework initialized
[   31.485744] SELinux:  Disabled at boot.
[   31.485783] Capability LSM initialized
[   31.485827] Mount-cache hash table entries: 512
[   31.485938] Initializing cgroup subsys cpuacct
[   31.485982] CPU: After generic identify, caps: bfebfbff 20100000
00000000 00000000 0000e3fd 00000000 00000001 00000000
[   31.485986] monitor/mwait feature present.
[   31.486024] using mwait in idle threads.
[   31.486063] CPU: L1 I cache: 32K, L1 D cache: 32K
[   31.486127] CPU: L2 cache: 4096K
[   31.486165] CPU: Physical Processor ID: 0
[   31.486203] CPU: Processor Core ID: 0
[   31.486241] CPU: After all inits, caps: bfebfbff 20100000 00000000
00003940 0000e3fd 00000000 00000001 00000000
[   31.486246] Compat vDSO mapped to ffffe000.
[   31.486290] Checking 'hlt' instruction... OK.
[   31.501898] SMP alternatives: switching to UP code
[   31.502858] ACPI: Core revision 20070126
[   31.503978] ACPI: setting ELCR to 0200 (from 0e38)
[   31.559623] CPU0: Intel(R) Core(TM)2 Duo CPU     E6850  @ 3.00GHz stepping 0b
[   31.559717] SMP mode deactivated, forcing use of dummy APIC emulation.
[   31.559779] Brought up 1 CPUs
[   31.559823] CPU0 attaching sched-domain:
[   31.559825]  domain 0: span 01
[   31.559826]   groups: 01
[   31.559920] net_namespace: 64 bytes
[   31.559962] Booting paravirtualized kernel on bare hardware
[   31.560254] Time:  3:49:43  Date: 12/14/07
[   31.560314] NET: Registered protocol family 16
[   31.560443] EISA bus registered
[   31.560482] ACPI: bus type pci registered
[   31.560562] PCI: Using MMCONFIG
[   31.560912] Setting up standard PCI resources
[   31.562688] ACPI: EC: Look up EC in DSDT
[   31.564797] ACPI: Interpreter enabled
[   31.564836] ACPI: (supports S0 S3 S5)
[   31.564955] ACPI: Using PIC for interrupt routing
[   31.567321] ACPI: PCI Root Bridge [PCI0] (0000:00)
[   31.567911] PCI: Transparent bridge - 0000:00:1e.0
[   31.567963] ACPI: PCI Interrupt Routing Table [\_SB_.PCI0._PRT]
[   31.568110] ACPI: PCI Interrupt Routing Table [\_SB_.PCI0.HUB0._PRT]
[   31.576182] ACPI: PCI Interrupt Link [LNKA] (IRQs 3 4 *5 7 9 10 11 12 14 15)
[   31.576593] ACPI: PCI Interrupt Link [LNKB] (IRQs 3 4 5 7 9 10 11
12 14 15) *0, disabled.
[   31.577062] ACPI: PCI Interrupt Link [LNKC] (IRQs 3 4 5 7 *9 10 11 12 14 15)
[   31.577471] ACPI: PCI Interrupt Link [LNKD] (IRQs 3 4 5 7 9 10 *11 12 14 15)
[   31.577896] ACPI: PCI Interrupt Link [LNKE] (IRQs 3 4 5 7 9 *10 11 12 14 15)
[   31.578305] ACPI: PCI Interrupt Link [LNKF] (IRQs 3 4 5 7 9 10 *11 12 14 15)
[   31.578715] ACPI: PCI Interrupt Link [LNK0] (IRQs *3 4 5 7 9 10 11 12 14 15)
[   31.579124] ACPI: PCI Interrupt Link [LNK1] (IRQs 3 *4 5 7 9 10 11 12 14 15)
[   31.579556] Linux Plug and Play Support v0.97 (c) Adam Belay
[   31.579609] pnp: PnP ACPI init
[   31.579648] ACPI: bus type pnp registered
[   31.580598] pnpacpi: exceeded the max number of mem resources: 12
[   31.580665] pnp: PnP ACPI: found 11 devices
[   31.580703] ACPI: ACPI bus type pnp unregistered
[   31.580742] PnPBIOS: Disabled by ACPI PNP
[   31.580858] PCI: Using ACPI for IRQ routing
[   31.580897] PCI: If a device doesn't work, try "pci=routeirq".  If
it helps, post a report
[   31.589573] NET: Registered protocol family 8
[   31.589613] NET: Registered protocol family 20
[   31.589676] hpet0: at MMIO 0xfed00000, IRQs 2, 8, 0, 0
[   31.589855] hpet0: 4 64-bit timers, 14318180 Hz
[   31.593552] Time: tsc clocksource has been installed.
[   31.601574] system 00:01: ioport range 0x4d0-0x4d1 has been reserved
[   31.601616] system 00:01: ioport range 0x800-0x87f has been reserved
[   31.601659] system 00:01: ioport range 0x290-0x297 has been reserved
[   31.601701] system 00:01: ioport range 0x880-0x88f has been reserved
[   31.601747] system 00:07: ioport range 0x400-0x4bf has been reserved
[   31.601794] system 00:09: iomem range 0xe0000000-0xefffffff could
not be reserved
[   31.601845] system 00:0a: iomem range 0xf0000-0xfffff could not be reserved
[   31.601885] system 00:0a: iomem range 0x7ff00000-0x7fffffff has been reserved
[   31.601926] system 00:0a: iomem range 0xfed00000-0xfed000ff could
not be reserved
[   31.601975] system 00:0a: iomem range 0x7fe90000-0x7fefffff could
not be reserved
[   31.602024] system 00:0a: iomem range 0x0-0x9ffff could not be reserved
[   31.602064] system 00:0a: iomem range 0x100000-0x7fe8ffff could not
be reserved
[   31.602113] system 00:0a: iomem range 0xfec00000-0xfec00fff could
not be reserved
[   31.602161] system 00:0a: iomem range 0xfed14000-0xfed1dfff could
not be reserved
[   31.602210] system 00:0a: iomem range 0xfed20000-0xfed9ffff could
not be reserved
[   31.602259] system 00:0a: iomem range 0xfee00000-0xfee00fff could
not be reserved
[   31.602308] system 00:0a: iomem range 0xffb00000-0xffb7ffff could
not be reserved
[   31.602357] system 00:0a: iomem range 0xfff00000-0xffffffff could
not be reserved
[   31.632592] PCI: Bridge: 0000:00:01.0
[   31.632630]   IO window: d000-dfff
[   31.632667]   MEM window: f8000000-fbffffff
[   31.632705]   PREFETCH window: d0000000-dfffffff
[   31.632743] PCI: Bridge: 0000:00:1e.0
[   31.632781]   IO window: c000-cfff
[   31.632819]   MEM window: fdd00000-fddfffff
[   31.632858]   PREFETCH window: fde00000-fdefffff
[   31.632974] ACPI: PCI Interrupt Link [LNKA] enabled at IRQ 5
[   31.633013] PCI: setting IRQ 5 as level-triggered
[   31.633016] ACPI: PCI Interrupt 0000:00:01.0[A] -> Link [LNKA] ->
GSI 5 (level, low) -> IRQ 5
[   31.633119] PCI: Setting latency timer of device 0000:00:01.0 to 64
[   31.633124] PCI: Setting latency timer of device 0000:00:1e.0 to 64
[   31.633128] NET: Registered protocol family 2
[   31.669555] IP route cache hash table entries: 32768 (order: 5, 131072 bytes)
[   31.669752] TCP established hash table entries: 131072 (order: 8,
1048576 bytes)
[   31.670148] TCP bind hash table entries: 65536 (order: 7, 524288 bytes)
[   31.670351] TCP: Hash tables configured (established 131072 bind 65536)
[   31.670391] TCP reno registered
[   31.681591] checking if image is initramfs...<7>Switched to high
resolution mode on CPU 0
[  540.133678] Clocksource tsc unstable (delta = 299978139535 ns)
[  540.137708] Time: hpet clocksource has been installed.
[  540.432798]  it is
[  541.570364] Freeing initrd memory: 44428k freed
[  541.570748] audit: initializing netlink socket (disabled)
[  541.570794] audit(1197604693.408:1): initialized
[  541.570951] highmem bounce pool size: 64 pages
[  541.571919] VFS: Disk quotas dquot_6.5.1
[  541.571991] Dquot-cache hash table entries: 1024 (order 0, 4096 bytes)
[  541.572094] io scheduler noop registered
[  541.572132] io scheduler anticipatory registered
[  541.572171] io scheduler deadline registered
[  541.572213] io scheduler cfq registered (default)
[  541.572341] Boot video device is 0000:01:00.0
[  541.572393] PCI: Setting latency timer of device 0000:00:01.0 to 64
[  541.572402] assign_interrupt_mode Found MSI capability
[  541.572449] Allocate Port Service[0000:00:01.0:pcie00]
[  541.572467] Allocate Port Service[0000:00:01.0:pcie03]
[  541.572573] isapnp: Scanning for PnP cards...
[  541.925441] isapnp: No Plug & Play device found
[  541.936166] Real Time Clock Driver v1.12ac
[  541.936299] hpet_resources: 0xfed00000 is busy
[  541.936314] Serial: 8250/16550 driver $Revision: 1.90 $ 4 ports,
IRQ sharing enabled
[  541.936949] RAMDISK driver initialized: 16 RAM disks of 65536K size
1024 blocksize
[  541.937028] input: Macintosh mouse button emulation as /class/input/input0
[  541.937134] PNP: No PS/2 controller found. Probing ports directly.
[  541.937426] serio: i8042 KBD port at 0x60,0x64 irq 1
[  541.937466] serio: i8042 AUX port at 0x60,0x64 irq 12
[  541.944799] mice: PS/2 mouse device common for all mice
[  541.944899] EISA: Probing bus 0 at eisa.0
[  541.944955] EISA: Detected 0 cards.
[  541.945030] TCP cubic registered
[  541.945070] NET: Registered protocol family 1
[  541.945121] Using IPI No-Shortcut mode
[  541.945217]   Magic number: 3:192:816
[  541.945276]   hash matches device ptypd
[  541.945406] Freeing unused kernel memory: 360k freed
[  542.048433] fuse init (API version 7.9)
[  542.050972] ACPI: Fan [FAN] (on)
[  542.053780] ACPI: SSDT 7FEE7680, 022A (r1  PmRef  Cpu0Ist     3000
INTL 20040311)
[  542.053952] ACPI Exception (processor_core-0816): AE_NOT_FOUND,
Processor Device is not present [20070126]
[  542.054059] ACPI Exception (processor_core-0816): AE_NOT_FOUND,
Processor Device is not present [20070126]
[  542.054165] ACPI Exception (processor_core-0816): AE_NOT_FOUND,
Processor Device is not present [20070126]
[  542.055031] ACPI: Thermal Zone [THRM] (40 C)
[  542.426670] usbcore: registered new interface driver usbfs
[  542.426727] usbcore: registered new interface driver hub
[  542.428379] usbcore: registered new device driver usb
[  542.431483] USB Universal Host Controller Interface driver v3.0
[  542.431554] ACPI: PCI Interrupt 0000:00:1a.0[A] -> Link [LNKA] ->
GSI 5 (level, low) -> IRQ 5
[  542.431660] PCI: Setting latency timer of device 0000:00:1a.0 to 64
[  542.431662] uhci_hcd 0000:00:1a.0: UHCI Host Controller
[  542.431805] uhci_hcd 0000:00:1a.0: new USB bus registered, assigned
bus number 1
[  542.431872] uhci_hcd 0000:00:1a.0: irq 5, io base 0x0000fe00
[  542.431977] usb usb1: configuration #1 chosen from 1 choice
[  542.432027] hub 1-0:1.0: USB hub found
[  542.432066] hub 1-0:1.0: 2 ports detected
[  542.478422] SCSI subsystem initialized
[  542.491096] libata version 3.00 loaded.
[  542.532455] ACPI: PCI Interrupt Link [LNKF] enabled at IRQ 11
[  542.532497] PCI: setting IRQ 11 as level-triggered
[  542.532500] ACPI: PCI Interrupt 0000:00:1a.1[B] -> Link [LNKF] ->
GSI 11 (level, low) -> IRQ 11
[  542.532607] PCI: Setting latency timer of device 0000:00:1a.1 to 64
[  542.532609] uhci_hcd 0000:00:1a.1: UHCI Host Controller
[  542.532660] uhci_hcd 0000:00:1a.1: new USB bus registered, assigned
bus number 2
[  542.532727] uhci_hcd 0000:00:1a.1: irq 11, io base 0x0000fd00
[  542.532821] usb usb2: configuration #1 chosen from 1 choice
[  542.532870] hub 2-0:1.0: USB hub found
[  542.532910] hub 2-0:1.0: 2 ports detected
[  542.636416] ACPI: PCI Interrupt Link [LNKD] enabled at IRQ 11
[  542.636463] ACPI: PCI Interrupt 0000:00:1a.2[D] -> Link [LNKD] ->
GSI 11 (level, low) -> IRQ 11
[  542.636568] PCI: Setting latency timer of device 0000:00:1a.2 to 64
[  542.636570] uhci_hcd 0000:00:1a.2: UHCI Host Controller
[  542.636619] uhci_hcd 0000:00:1a.2: new USB bus registered, assigned
bus number 3
[  542.636684] uhci_hcd 0000:00:1a.2: irq 11, io base 0x0000fc00
[  542.636773] usb usb3: configuration #1 chosen from 1 choice
[  542.636823] hub 3-0:1.0: USB hub found
[  542.636862] hub 3-0:1.0: 2 ports detected
[  542.740329] ACPI: PCI Interrupt Link [LNK1] enabled at IRQ 4
[  542.740376] PCI: setting IRQ 4 as level-triggered
[  542.740378] ACPI: PCI Interrupt 0000:00:1d.0[A] -> Link [LNK1] ->
GSI 4 (level, low) -> IRQ 4
[  542.740482] PCI: Setting latency timer of device 0000:00:1d.0 to 64
[  542.740484] uhci_hcd 0000:00:1d.0: UHCI Host Controller
[  542.740533] uhci_hcd 0000:00:1d.0: new USB bus registered, assigned
bus number 4
[  542.740597] uhci_hcd 0000:00:1d.0: irq 4, io base 0x0000fb00
[  542.740687] usb usb4: configuration #1 chosen from 1 choice
[  542.740737] hub 4-0:1.0: USB hub found
[  542.740775] hub 4-0:1.0: 2 ports detected
[  542.844156] ACPI: PCI Interrupt 0000:00:1d.1[B] -> Link [LNKD] ->
GSI 11 (level, low) -> IRQ 11
[  542.844267] PCI: Setting latency timer of device 0000:00:1d.1 to 64
[  542.844269] uhci_hcd 0000:00:1d.1: UHCI Host Controller
[  542.844324] uhci_hcd 0000:00:1d.1: new USB bus registered, assigned
bus number 5
[  542.844387] uhci_hcd 0000:00:1d.1: irq 11, io base 0x0000fa00
[  542.844476] usb usb5: configuration #1 chosen from 1 choice
[  542.844526] hub 5-0:1.0: USB hub found
[  542.844565] hub 5-0:1.0: 2 ports detected
[  542.876080] usb 2-2: new full speed USB device using uhci_hcd and address 2
[  542.948202] ACPI: PCI Interrupt Link [LNKC] enabled at IRQ 9
[  542.948249] PCI: setting IRQ 9 as level-triggered
[  542.948251] ACPI: PCI Interrupt 0000:00:1d.2[C] -> Link [LNKC] ->
GSI 9 (level, low) -> IRQ 9
[  542.948354] PCI: Setting latency timer of device 0000:00:1d.2 to 64
[  542.948356] uhci_hcd 0000:00:1d.2: UHCI Host Controller
[  542.948405] uhci_hcd 0000:00:1d.2: new USB bus registered, assigned
bus number 6
[  542.948469] uhci_hcd 0000:00:1d.2: irq 9, io base 0x0000f900
[  542.948558] usb usb6: configuration #1 chosen from 1 choice
[  542.948608] hub 6-0:1.0: USB hub found
[  542.948646] hub 6-0:1.0: 2 ports detected
[  543.019577] usb 2-2: configuration #1 chosen from 1 choice
[  543.022538] hub 2-2:1.0: USB hub found
[  543.024522] hub 2-2:1.0: 2 ports detected
[  543.052314] ACPI: PCI Interrupt 0000:00:1a.7[C] -> Link [LNKC] ->
GSI 9 (level, low) -> IRQ 9
[  543.052419] PCI: Setting latency timer of device 0000:00:1a.7 to 64
[  543.052421] ehci_hcd 0000:00:1a.7: EHCI Host Controller
[  543.052471] ehci_hcd 0000:00:1a.7: new USB bus registered, assigned
bus number 7
[  543.056417] PCI: cache line size of 32 is not supported by device
0000:00:1a.7
[  543.056419] ehci_hcd 0000:00:1a.7: irq 9, io mem 0xfdffe000
[  543.071958] ehci_hcd 0000:00:1a.7: USB 2.0 started, EHCI 1.00,
driver 10 Dec 2004
[  543.072086] usb usb7: configuration #1 chosen from 1 choice
[  543.072136] hub 7-0:1.0: USB hub found
[  543.072175] hub 7-0:1.0: 6 ports detected
[  543.133464] hub 2-2:1.0: hub_port_status failed (err = -71)
[  543.134460] hub 2-2:1.0: hub_port_status failed (err = -71)
[  543.175962] ACPI: PCI Interrupt 0000:00:1d.7[A] -> Link [LNK1] ->
GSI 4 (level, low) -> IRQ 4
[  543.176074] PCI: Setting latency timer of device 0000:00:1d.7 to 64
[  543.176077] ehci_hcd 0000:00:1d.7: EHCI Host Controller
[  543.176133] ehci_hcd 0000:00:1d.7: new USB bus registered, assigned
bus number 8
[  543.180069] PCI: cache line size of 32 is not supported by device
0000:00:1d.7
[  543.180072] ehci_hcd 0000:00:1d.7: irq 4, io mem 0xfdffd000
[  543.195882] ehci_hcd 0000:00:1d.7: USB 2.0 started, EHCI 1.00,
driver 10 Dec 2004
[  543.195999] usb usb8: configuration #1 chosen from 1 choice
[  543.196056] hub 8-0:1.0: USB hub found
[  543.196102] hub 8-0:1.0: 6 ports detected
[  543.300061] ahci 0000:00:1f.2: version 3.0
[  543.300070] ACPI: PCI Interrupt 0000:00:1f.2[A] -> Link [LNKD] ->
GSI 11 (level, low) -> IRQ 11
[  543.423749] usb 7-4: new high speed USB device using ehci_hcd and address 2
[  543.556064] usb 7-4: configuration #1 chosen from 1 choice
[  543.556473] hub 7-4:1.0: USB hub found
[  543.556625] hub 7-4:1.0: 2 ports detected
[  543.659659] usb 2-2: USB disconnect, address 2
[  543.987521] usb 7-4.1: new high speed USB device using ehci_hcd and address 3
[  544.079769] usb 7-4.1: configuration #1 chosen from 1 choice
[  544.080166] hub 7-4.1:1.0: USB hub found
[  544.080337] hub 7-4.1:1.0: 4 ports detected
[  544.303228] ahci 0000:00:1f.2: AHCI 0001.0200 32 slots 6 ports 3
Gbps 0x3f impl RAID mode
[  544.303281] ahci 0000:00:1f.2: flags: 64bit ncq sntf led clo pmp
pio slum part
[  544.303332] PCI: Setting latency timer of device 0000:00:1f.2 to 64
[  544.303515] scsi0 : ahci
[  544.303632] scsi1 : ahci
[  544.303735] scsi2 : ahci
[  544.303836] scsi3 : ahci
[  544.303938] scsi4 : ahci
[  544.304039] scsi5 : ahci
[  544.304127] ata1: SATA max UDMA/133 abar m2048@0xfdffc000 port
0xfdffc100 irq 222
[  544.304176] ata2: SATA max UDMA/133 abar m2048@0xfdffc000 port
0xfdffc180 irq 222
[  544.304225] ata3: SATA max UDMA/133 abar m2048@0xfdffc000 port
0xfdffc200 irq 222
[  544.304274] ata4: SATA max UDMA/133 abar m2048@0xfdffc000 port
0xfdffc280 irq 222
[  544.304323] ata5: SATA max UDMA/133 abar m2048@0xfdffc000 port
0xfdffc300 irq 222
[  544.304372] ata6: SATA max UDMA/133 abar m2048@0xfdffc000 port
0xfdffc380 irq 222
[  544.383303] usb 7-4.1.1: new high speed USB device using ehci_hcd
and address 4
[  544.562009] usb 7-4.1.1: configuration #1 chosen from 1 choice
[  544.759091] usb 7-4.1.3: new low speed USB device using ehci_hcd
and address 5
[  544.870209] usb 7-4.1.3: configuration #1 chosen from 1 choice
[  545.070798] usb 7-4.1.4: new low speed USB device using ehci_hcd
and address 6
[  545.193413] usb 7-4.1.4: configuration #1 chosen from 1 choice
[  545.203045] usbcore: registered new interface driver libusual
[  545.203119] usbcore: registered new interface driver hiddev
[  545.206830] Initializing USB Mass Storage driver...
[  545.207687] input: USB Optical Mouse as /class/input/input1
[  545.207925] scsi6 : SCSI emulation for USB Mass Storage devices
[  545.208166] usb-storage: device found at 4
[  545.208167] usb-storage: waiting for device to settle before scanning
[  545.214695] input: USB HID v1.11 Mouse [USB Optical Mouse] on
usb-0000:00:1a.7-4.1.3
[  545.222600] input: Dell Dell USB Keyboard as /class/input/input2
[  545.234650] input: USB HID v1.10 Keyboard [Dell Dell USB Keyboard]
on usb-0000:00:1a.7-4.1.4
[  545.234765] usbcore: registered new interface driver usbhid
[  545.234807] drivers/hid/usbhid/hid-core.c: v2.6:USB HID core driver
[  545.234889] usbcore: registered new interface driver usb-storage
[  545.234929] USB Mass Storage support registered.
[  545.950210] ata1: SATA link up 3.0 Gbps (SStatus 123 SControl 300)
[  545.970798] ata1.00: ATA-8: SAMSUNG HD321KJ, CP100-12, max UDMA7
[  545.970841] ata1.00: 625142448 sectors, multi 16: LBA48 NCQ (depth 31/32)
[  545.972864] ata1.00: configured for UDMA/133
[  547.617195] ata2: SATA link up 1.5 Gbps (SStatus 113 SControl 300)
[  547.773767] ata2.00: ATAPI: HL-DT-STDVD-ROM GDRH20N, 0D04, max UDMA/100
[  547.929692] ata2.00: configured for UDMA/100
[  548.248809] ata3: SATA link down (SStatus 0 SControl 300)
[  548.568613] ata4: SATA link down (SStatus 0 SControl 300)
[  550.209223] usb-storage: device scan complete
[  550.213224] scsi 6:0:0:0: Direct-Access     Generic  Flash HS-CF
  4.44 PQ: 0 ANSI: 0
[  550.215610] ata5: SATA link up 1.5 Gbps (SStatus 113 SControl 300)
[  550.216594] scsi 6:0:0:1: Direct-Access     Generic  Flash HS-COMBO
  4.44 PQ: 0 ANSI: 0
[  550.225358] sd 6:0:0:0: [sda] Attached SCSI removable disk
[  550.274575] sd 6:0:0:1: [sdb] Attached SCSI removable disk
[  550.278679] sd 6:0:0:0: Attached scsi generic sg0 type 0
[  550.278729] sd 6:0:0:1: Attached scsi generic sg1 type 0
[  550.373274] ata5.00: ATAPI: HL-DT-ST DVD+/-RW GSA-H73N, B103, max UDMA/100
[  550.529147] ata5.00: configured for UDMA/100
[  550.847227] ata6: SATA link down (SStatus 0 SControl 300)
[  550.847337] scsi 0:0:0:0: Direct-Access     ATA      SAMSUNG
HD321KJ  CP10 PQ: 0 ANSI: 5
[  550.847541] sd 0:0:0:0: [sdc] 625142448 512-byte hardware sectors (320073 MB)
[  550.847587] sd 0:0:0:0: [sdc] Write Protect is off
[  550.847626] sd 0:0:0:0: [sdc] Mode Sense: 00 3a 00 00
[  550.847634] sd 0:0:0:0: [sdc] Write cache: enabled, read cache:
enabled, doesn't support DPO or FUA
[  550.847704] sd 0:0:0:0: [sdc] 625142448 512-byte hardware sectors (320073 MB)
[  550.847748] sd 0:0:0:0: [sdc] Write Protect is off
[  550.847787] sd 0:0:0:0: [sdc] Mode Sense: 00 3a 00 00
[  550.847795] sd 0:0:0:0: [sdc] Write cache: enabled, read cache:
enabled, doesn't support DPO or FUA
[  550.847845]  sdc: sdc1 sdc2 sdc3 sdc4 < sdc5 sdc6 sdc7 >
[  550.938580] sd 0:0:0:0: [sdc] Attached SCSI disk
[  550.938640] sd 0:0:0:0: Attached scsi generic sg2 type 0
[  550.939988] scsi 1:0:0:0: CD-ROM            HL-DT-ST DVD-ROM
GDRH20N  0D04 PQ: 0 ANSI: 5
[  550.940087] scsi 1:0:0:0: Attached scsi generic sg3 type 5
[  550.941562] scsi 4:0:0:0: CD-ROM            HL-DT-ST DVD+-RW
GSA-H73N B103 PQ: 0 ANSI: 5
[  550.941659] scsi 4:0:0:0: Attached scsi generic sg4 type 5
[  550.959606] sr0: scsi3-mmc drive: 48x/48x cd/rw xa/form2 cdda tray
[  550.959648] Uniform CD-ROM driver Revision: 3.20
[  550.959707] sr 1:0:0:0: Attached scsi CD-ROM sr0
[  550.966161] sr1: scsi3-mmc drive: 48x/48x writer cd/rw xa/form2 cdda tray
[  550.966233] sr 4:0:0:0: Attached scsi CD-ROM sr1
[  551.331858] kjournald starting.  Commit interval 5 seconds
[  551.331907] EXT3-fs: mounted filesystem with ordered data mode.
[  557.225420] pci_hotplug: PCI Hot Plug PCI Core version: 0.5
[  557.266575] shpchp: Standard Hot Plug PCI Controller Driver version: 0.4
[  557.295343] input: Power Button (FF) as /class/input/input3
[  557.319294] ACPI: Power Button (FF) [PWRF]
[  557.319361] input: Power Button (CM) as /class/input/input4
[  557.331278] Linux agpgart interface v0.102
[  557.339278] ACPI: Power Button (CM) [PWRB]
[  557.413990] e1000e: Intel(R) PRO/1000 Network Driver - 0.2.0
[  557.414033] e1000e: Copyright (c) 1999-2007 Intel Corporation.
[  557.414193] ACPI: PCI Interrupt Link [LNKE] enabled at IRQ 10
[  557.414233] PCI: setting IRQ 10 as level-triggered
[  557.414236] ACPI: PCI Interrupt 0000:00:19.0[A] -> Link [LNKE] ->
GSI 10 (level, low) -> IRQ 10
[  557.414343] PCI: Setting latency timer of device 0000:00:19.0 to 64
[  557.500916] 0000:00:19.0: eth0: (PCI Express:2.5GB/s:Width x1)
00:1a:a0:9e:5d:da
[  557.500967] 0000:00:19.0: eth0: Intel(R) PRO/10/100 Network Connection
[  557.501027] 0000:00:19.0: eth0: MAC: 5, PHY: 7, PBA No: ffffff-0ff
[  558.003555] iTCO_vendor_support: vendor-support=0
[  558.030852] iTCO_wdt: Intel TCO WatchDog Timer Driver v1.02 (26-Jul-2007)
[  558.030952] iTCO_wdt: Found a ICH9R TCO device (Version=2, TCOBASE=0x0460)
[  558.031021] iTCO_wdt: initialized. heartbeat=30 sec (nowayout=0)
[  558.098079] input: PC Speaker as /class/input/input5
[  558.523498] lp: driver loaded but no devices found
[  558.602763] Adding 4192924k swap on /dev/sdc6.  Priority:-1
extents:1 across:4192924k
[  558.920746] EXT3 FS on sdc7, internal journal
[  559.247666] kjournald starting.  Commit interval 5 seconds
[  559.247879] EXT3 FS on sdc5, internal journal
[  559.247882] EXT3-fs: mounted filesystem with ordered data mode.
[  560.386045] No dock devices found.
[  560.445700] toshiba_acpi: Unknown parameter `hotkeys_over_acpi'
[  562.672338] NET: Registered protocol family 10
[  562.672439] lo: Disabled Privacy Extensions
[  562.672623] ADDRCONF(NETDEV_UP): eth0: link is not ready
[  562.874940] ppdev: user-space parallel port driver
[  563.070326] 0000:00:19.0: eth0: Link is Up 100 Mbps Full Duplex,
Flow Control: RX/TX
[  563.070328] 0000:00:19.0: eth0: 10/100 speed: disabling TSO
[  563.070813] ADDRCONF(NETDEV_CHANGE): eth0: link becomes ready
[  563.349696] Bluetooth: Core ver 2.11
[  563.349730] NET: Registered protocol family 31
[  563.349731] Bluetooth: HCI device and connection manager initialized
[  563.349733] Bluetooth: HCI socket layer initialized
[  563.373381] Bluetooth: L2CAP ver 2.9
[  563.373384] Bluetooth: L2CAP socket layer initialized
[  563.462046] Bluetooth: RFCOMM socket layer initialized
[  563.462053] Bluetooth: RFCOMM TTY layer initialized
[  563.462054] Bluetooth: RFCOMM ver 1.8
[  567.652069] NET: Registered protocol family 17
[  579.413819] eth0: no IPv6 routers present
Here is my kernel config. It's based on the ubuntu gutsy config.
#
# Automatically generated make config: don't edit
# Linux kernel version: 2.6.24-rc5-custom
# Wed Dec 12 23:16:10 2007
#
# CONFIG_64BIT is not set
CONFIG_X86_32=y
# CONFIG_X86_64 is not set
CONFIG_X86=y
CONFIG_GENERIC_TIME=y
CONFIG_GENERIC_CMOS_UPDATE=y
CONFIG_CLOCKSOURCE_WATCHDOG=y
CONFIG_GENERIC_CLOCKEVENTS=y
CONFIG_GENERIC_CLOCKEVENTS_BROADCAST=y
CONFIG_LOCKDEP_SUPPORT=y
CONFIG_STACKTRACE_SUPPORT=y
CONFIG_SEMAPHORE_SLEEPERS=y
CONFIG_MMU=y
CONFIG_ZONE_DMA=y
CONFIG_QUICKLIST=y
CONFIG_GENERIC_ISA_DMA=y
CONFIG_GENERIC_IOMAP=y
CONFIG_GENERIC_BUG=y
CONFIG_GENERIC_HWEIGHT=y
CONFIG_ARCH_MAY_HAVE_PC_FDC=y
CONFIG_DMI=y
# CONFIG_RWSEM_GENERIC_SPINLOCK is not set
CONFIG_RWSEM_XCHGADD_ALGORITHM=y
# CONFIG_ARCH_HAS_ILOG2_U32 is not set
# CONFIG_ARCH_HAS_ILOG2_U64 is not set
CONFIG_GENERIC_CALIBRATE_DELAY=y
# CONFIG_GENERIC_TIME_VSYSCALL is not set
CONFIG_ARCH_SUPPORTS_OPROFILE=y
# CONFIG_ZONE_DMA32 is not set
CONFIG_ARCH_POPULATES_NODE_MAP=y
# CONFIG_AUDIT_ARCH is not set
CONFIG_GENERIC_HARDIRQS=y
CONFIG_GENERIC_IRQ_PROBE=y
CONFIG_GENERIC_PENDING_IRQ=y
CONFIG_X86_SMP=y
CONFIG_X86_HT=y
CONFIG_X86_BIOS_REBOOT=y
CONFIG_X86_TRAMPOLINE=y
CONFIG_KTIME_SCALAR=y
CONFIG_DEFCONFIG_LIST="/lib/modules/$UNAME_RELEASE/.config"
#
# General setup
#
CONFIG_EXPERIMENTAL=y
CONFIG_LOCK_KERNEL=y
CONFIG_INIT_ENV_ARG_LIMIT=32
CONFIG_LOCALVERSION=""
# CONFIG_LOCALVERSION_AUTO is not set
CONFIG_SWAP=y
CONFIG_SYSVIPC=y
CONFIG_SYSVIPC_SYSCTL=y
CONFIG_POSIX_MQUEUE=y
CONFIG_BSD_PROCESS_ACCT=y
CONFIG_BSD_PROCESS_ACCT_V3=y
# CONFIG_TASKSTATS is not set
# CONFIG_USER_NS is not set
# CONFIG_PID_NS is not set
CONFIG_AUDIT=y
# CONFIG_AUDITSYSCALL is not set
# CONFIG_IKCONFIG is not set
CONFIG_LOG_BUF_SHIFT=17
CONFIG_CGROUPS=y
# CONFIG_CGROUP_DEBUG is not set
# CONFIG_CGROUP_NS is not set
CONFIG_CPUSETS=y
CONFIG_FAIR_GROUP_SCHED=y
CONFIG_FAIR_USER_SCHED=y
# CONFIG_FAIR_CGROUP_SCHED is not set
CONFIG_CGROUP_CPUACCT=y
CONFIG_SYSFS_DEPRECATED=y
CONFIG_PROC_PID_CPUSET=y
CONFIG_RELAY=y
CONFIG_BLK_DEV_INITRD=y
CONFIG_INITRAMFS_SOURCE=""
# CONFIG_CC_OPTIMIZE_FOR_SIZE is not set
CONFIG_SYSCTL=y
CONFIG_EMBEDDED=y
CONFIG_UID16=y
CONFIG_SYSCTL_SYSCALL=y
CONFIG_KALLSYMS=y
CONFIG_KALLSYMS_ALL=y
# CONFIG_KALLSYMS_EXTRA_PASS is not set
CONFIG_HOTPLUG=y
CONFIG_PRINTK=y
CONFIG_BUG=y
CONFIG_ELF_CORE=y
CONFIG_BASE_FULL=y
CONFIG_FUTEX=y
CONFIG_ANON_INODES=y
CONFIG_EPOLL=y
CONFIG_SIGNALFD=y
CONFIG_EVENTFD=y
CONFIG_SHMEM=y
CONFIG_VM_EVENT_COUNTERS=y
CONFIG_SLUB_DEBUG=y
# CONFIG_SLAB is not set
CONFIG_SLUB=y
# CONFIG_SLOB is not set
CONFIG_RT_MUTEXES=y
# CONFIG_TINY_SHMEM is not set
CONFIG_BASE_SMALL=0
CONFIG_MODULES=y
CONFIG_MODULE_UNLOAD=y
# CONFIG_MODULE_FORCE_UNLOAD is not set
CONFIG_MODVERSIONS=y
CONFIG_MODULE_SRCVERSION_ALL=y
CONFIG_KMOD=y
CONFIG_STOP_MACHINE=y
CONFIG_BLOCK=y
CONFIG_LBD=y
CONFIG_BLK_DEV_IO_TRACE=y
# CONFIG_LSF is not set
# CONFIG_BLK_DEV_BSG is not set
#
# IO Schedulers
#
CONFIG_IOSCHED_NOOP=y
CONFIG_IOSCHED_AS=y
CONFIG_IOSCHED_DEADLINE=y
CONFIG_IOSCHED_CFQ=y
# CONFIG_DEFAULT_AS is not set
# CONFIG_DEFAULT_DEADLINE is not set
CONFIG_DEFAULT_CFQ=y
# CONFIG_DEFAULT_NOOP is not set
CONFIG_DEFAULT_IOSCHED="cfq"
CONFIG_PREEMPT_NOTIFIERS=y
#
# Processor type and features
#
CONFIG_TICK_ONESHOT=y
CONFIG_NO_HZ=y
CONFIG_HIGH_RES_TIMERS=y
CONFIG_GENERIC_CLOCKEVENTS_BUILD=y
CONFIG_SMP=y
CONFIG_X86_PC=y
# CONFIG_X86_ELAN is not set
# CONFIG_X86_VOYAGER is not set
# CONFIG_X86_NUMAQ is not set
# CONFIG_X86_SUMMIT is not set
# CONFIG_X86_BIGSMP is not set
# CONFIG_X86_VISWS is not set
# CONFIG_X86_GENERICARCH is not set
# CONFIG_X86_ES7000 is not set
# CONFIG_X86_VSMP is not set
CONFIG_SCHED_NO_NO_OMIT_FRAME_POINTER=y
CONFIG_PARAVIRT=y
CONFIG_PARAVIRT_GUEST=y
# CONFIG_XEN is not set
CONFIG_VMI=y
CONFIG_LGUEST_GUEST=y
# CONFIG_M386 is not set
# CONFIG_M486 is not set
# CONFIG_M586 is not set
# CONFIG_M586TSC is not set
# CONFIG_M586MMX is not set
# CONFIG_M686 is not set
# CONFIG_MPENTIUMII is not set
# CONFIG_MPENTIUMIII is not set
# CONFIG_MPENTIUMM is not set
# CONFIG_MPENTIUM4 is not set
# CONFIG_MK6 is not set
# CONFIG_MK7 is not set
# CONFIG_MK8 is not set
# CONFIG_MCRUSOE is not set
# CONFIG_MEFFICEON is not set
# CONFIG_MWINCHIPC6 is not set
# CONFIG_MWINCHIP2 is not set
# CONFIG_MWINCHIP3D is not set
# CONFIG_MGEODEGX1 is not set
# CONFIG_MGEODE_LX is not set
# CONFIG_MCYRIXIII is not set
# CONFIG_MVIAC3_2 is not set
# CONFIG_MVIAC7 is not set
# CONFIG_MPSC is not set
CONFIG_MCORE2=y
# CONFIG_GENERIC_CPU is not set
CONFIG_X86_GENERIC=y
CONFIG_X86_CMPXCHG=y
CONFIG_X86_L1_CACHE_SHIFT=7
CONFIG_X86_XADD=y
CONFIG_X86_WP_WORKS_OK=y
CONFIG_X86_INVLPG=y
CONFIG_X86_BSWAP=y
CONFIG_X86_POPAD_OK=y
CONFIG_X86_GOOD_APIC=y
CONFIG_X86_INTEL_USERCOPY=y
CONFIG_X86_USE_PPRO_CHECKSUM=y
CONFIG_X86_TSC=y
CONFIG_X86_MINIMUM_CPU_FAMILY=4
CONFIG_HPET_TIMER=y
CONFIG_HPET_EMULATE_RTC=y
CONFIG_NR_CPUS=8
CONFIG_SCHED_SMT=y
CONFIG_SCHED_MC=y
# CONFIG_PREEMPT_NONE is not set
CONFIG_PREEMPT_VOLUNTARY=y
# CONFIG_PREEMPT is not set
CONFIG_PREEMPT_BKL=y
CONFIG_X86_LOCAL_APIC=y
CONFIG_X86_IO_APIC=y
# CONFIG_X86_MCE is not set
CONFIG_VM86=y
CONFIG_TOSHIBA=m
CONFIG_I8K=m
CONFIG_X86_REBOOTFIXUPS=y
CONFIG_MICROCODE=m
CONFIG_MICROCODE_OLD_INTERFACE=y
CONFIG_X86_MSR=m
CONFIG_X86_CPUID=m
# CONFIG_NOHIGHMEM is not set
CONFIG_HIGHMEM4G=y
# CONFIG_HIGHMEM64G is not set
CONFIG_VMSPLIT_3G=y
# CONFIG_VMSPLIT_3G_OPT is not set
# CONFIG_VMSPLIT_2G is not set
# CONFIG_VMSPLIT_2G_OPT is not set
# CONFIG_VMSPLIT_1G is not set
CONFIG_PAGE_OFFSET=0xC0000000
CONFIG_HIGHMEM=y
CONFIG_ARCH_FLATMEM_ENABLE=y
CONFIG_ARCH_SPARSEMEM_ENABLE=y
CONFIG_ARCH_SELECT_MEMORY_MODEL=y
CONFIG_SELECT_MEMORY_MODEL=y
CONFIG_FLATMEM_MANUAL=y
# CONFIG_DISCONTIGMEM_MANUAL is not set
# CONFIG_SPARSEMEM_MANUAL is not set
CONFIG_FLATMEM=y
CONFIG_FLAT_NODE_MEM_MAP=y
CONFIG_SPARSEMEM_STATIC=y
# CONFIG_SPARSEMEM_VMEMMAP_ENABLE is not set
CONFIG_SPLIT_PTLOCK_CPUS=4
# CONFIG_RESOURCES_64BIT is not set
CONFIG_ZONE_DMA_FLAG=1
CONFIG_BOUNCE=y
CONFIG_NR_QUICK=1
CONFIG_VIRT_TO_BUS=y
CONFIG_HIGHPTE=y
# CONFIG_MATH_EMULATION is not set
CONFIG_MTRR=y
CONFIG_EFI=y
# CONFIG_IRQBALANCE is not set
CONFIG_BOOT_IOREMAP=y
CONFIG_SECCOMP=y
# CONFIG_HZ_100 is not set
CONFIG_HZ_250=y
# CONFIG_HZ_300 is not set
# CONFIG_HZ_1000 is not set
CONFIG_HZ=250
CONFIG_KEXEC=y
CONFIG_CRASH_DUMP=y
CONFIG_PHYSICAL_START=0x100000
CONFIG_RELOCATABLE=y
CONFIG_PHYSICAL_ALIGN=0x100000
CONFIG_HOTPLUG_CPU=y
CONFIG_COMPAT_VDSO=y
CONFIG_ARCH_ENABLE_MEMORY_HOTPLUG=y
#
# Power management options
#
CONFIG_PM=y
CONFIG_PM_LEGACY=y
CONFIG_PM_DEBUG=y
# CONFIG_PM_VERBOSE is not set
CONFIG_PM_TRACE=y
CONFIG_PM_SLEEP_SMP=y
CONFIG_PM_SLEEP=y
CONFIG_SUSPEND_SMP_POSSIBLE=y
CONFIG_SUSPEND=y
CONFIG_HIBERNATION_SMP_POSSIBLE=y
# CONFIG_HIBERNATION is not set
CONFIG_ACPI=y
CONFIG_ACPI_SLEEP=y
CONFIG_ACPI_PROCFS=y
CONFIG_ACPI_PROCFS_POWER=y
CONFIG_ACPI_PROC_EVENT=y
CONFIG_ACPI_AC=m
CONFIG_ACPI_BATTERY=m
CONFIG_ACPI_BUTTON=m
CONFIG_ACPI_VIDEO=m
CONFIG_ACPI_FAN=m
CONFIG_ACPI_DOCK=m
CONFIG_ACPI_BAY=m
CONFIG_ACPI_PROCESSOR=m
CONFIG_ACPI_HOTPLUG_CPU=y
CONFIG_ACPI_THERMAL=m
CONFIG_ACPI_ASUS=m
CONFIG_ACPI_TOSHIBA=m
CONFIG_ACPI_BLACKLIST_YEAR=2000
# CONFIG_ACPI_DEBUG is not set
CONFIG_ACPI_EC=y
CONFIG_ACPI_POWER=y
CONFIG_ACPI_SYSTEM=y
CONFIG_X86_PM_TIMER=y
CONFIG_ACPI_CONTAINER=m
CONFIG_ACPI_SBS=m
CONFIG_APM=m
# CONFIG_APM_IGNORE_USER_SUSPEND is not set
# CONFIG_APM_DO_ENABLE is not set
# CONFIG_APM_CPU_IDLE is not set
# CONFIG_APM_DISPLAY_BLANK is not set
# CONFIG_APM_ALLOW_INTS is not set
# CONFIG_APM_REAL_MODE_POWER_OFF is not set
#
# CPU Frequency scaling
#
# CONFIG_CPU_FREQ is not set
# CONFIG_CPU_IDLE is not set
#
# Bus options (PCI etc.)
#
CONFIG_PCI=y
# CONFIG_PCI_GOBIOS is not set
# CONFIG_PCI_GOMMCONFIG is not set
# CONFIG_PCI_GODIRECT is not set
CONFIG_PCI_GOANY=y
CONFIG_PCI_BIOS=y
CONFIG_PCI_DIRECT=y
CONFIG_PCI_MMCONFIG=y
CONFIG_PCI_DOMAINS=y
CONFIG_PCIEPORTBUS=y
CONFIG_HOTPLUG_PCI_PCIE=m
CONFIG_PCIEAER=y
CONFIG_ARCH_SUPPORTS_MSI=y
CONFIG_PCI_MSI=y
CONFIG_PCI_LEGACY=y
# CONFIG_PCI_DEBUG is not set
CONFIG_HT_IRQ=y
CONFIG_ISA_DMA_API=y
CONFIG_ISA=y
CONFIG_EISA=y
CONFIG_EISA_VLB_PRIMING=y
CONFIG_EISA_PCI_EISA=y
CONFIG_EISA_VIRTUAL_ROOT=y
CONFIG_EISA_NAMES=y
CONFIG_MCA=y
CONFIG_MCA_LEGACY=y
# CONFIG_MCA_PROC_FS is not set
CONFIG_SCx200=m
CONFIG_SCx200HR_TIMER=m
CONFIG_K8_NB=y
CONFIG_PCCARD=m
# CONFIG_PCMCIA_DEBUG is not set
CONFIG_PCMCIA=m
CONFIG_PCMCIA_LOAD_CIS=y
CONFIG_PCMCIA_IOCTL=y
CONFIG_CARDBUS=y
#
# PC-card bridges
#
CONFIG_YENTA=m
CONFIG_YENTA_O2=y
CONFIG_YENTA_RICOH=y
CONFIG_YENTA_TI=y
CONFIG_YENTA_ENE_TUNE=y
CONFIG_YENTA_TOSHIBA=y
CONFIG_PD6729=m
CONFIG_I82092=m
CONFIG_I82365=m
CONFIG_TCIC=m
CONFIG_PCMCIA_PROBE=y
CONFIG_PCCARD_NONSTATIC=m
CONFIG_HOTPLUG_PCI=m
CONFIG_HOTPLUG_PCI_FAKE=m
CONFIG_HOTPLUG_PCI_COMPAQ=m
CONFIG_HOTPLUG_PCI_COMPAQ_NVRAM=y
CONFIG_HOTPLUG_PCI_IBM=m
CONFIG_HOTPLUG_PCI_ACPI=m
CONFIG_HOTPLUG_PCI_ACPI_IBM=m
CONFIG_HOTPLUG_PCI_CPCI=y
CONFIG_HOTPLUG_PCI_CPCI_ZT5550=m
CONFIG_HOTPLUG_PCI_CPCI_GENERIC=m
CONFIG_HOTPLUG_PCI_SHPC=m
#
# Executable file formats / Emulations
#
CONFIG_BINFMT_ELF=y
CONFIG_BINFMT_AOUT=m
CONFIG_BINFMT_MISC=m
#
# Networking
#
CONFIG_NET=y
#
# Networking options
#
CONFIG_PACKET=m
CONFIG_PACKET_MMAP=y
CONFIG_UNIX=y
CONFIG_XFRM=y
CONFIG_XFRM_USER=m
# CONFIG_XFRM_SUB_POLICY is not set
# CONFIG_XFRM_MIGRATE is not set
CONFIG_NET_KEY=m
# CONFIG_NET_KEY_MIGRATE is not set
CONFIG_INET=y
CONFIG_IP_MULTICAST=y
CONFIG_IP_ADVANCED_ROUTER=y
CONFIG_ASK_IP_FIB_HASH=y
# CONFIG_IP_FIB_TRIE is not set
CONFIG_IP_FIB_HASH=y
CONFIG_IP_MULTIPLE_TABLES=y
CONFIG_IP_ROUTE_MULTIPATH=y
CONFIG_IP_ROUTE_VERBOSE=y
# CONFIG_IP_PNP is not set
CONFIG_NET_IPIP=m
CONFIG_NET_IPGRE=m
CONFIG_NET_IPGRE_BROADCAST=y
CONFIG_IP_MROUTE=y
CONFIG_IP_PIMSM_V1=y
CONFIG_IP_PIMSM_V2=y
# CONFIG_ARPD is not set
CONFIG_SYN_COOKIES=y
CONFIG_INET_AH=m
CONFIG_INET_ESP=m
CONFIG_INET_IPCOMP=m
CONFIG_INET_XFRM_TUNNEL=m
CONFIG_INET_TUNNEL=m
CONFIG_INET_XFRM_MODE_TRANSPORT=m
CONFIG_INET_XFRM_MODE_TUNNEL=m
CONFIG_INET_XFRM_MODE_BEET=m
CONFIG_INET_LRO=m
CONFIG_INET_DIAG=y
CONFIG_INET_TCP_DIAG=y
# CONFIG_TCP_CONG_ADVANCED is not set
CONFIG_TCP_CONG_CUBIC=y
CONFIG_DEFAULT_TCP_CONG="cubic"
CONFIG_TCP_MD5SIG=y
CONFIG_IP_VS=m
# CONFIG_IP_VS_DEBUG is not set
CONFIG_IP_VS_TAB_BITS=12
#
# IPVS transport protocol load balancing support
#
CONFIG_IP_VS_PROTO_TCP=y
CONFIG_IP_VS_PROTO_UDP=y
CONFIG_IP_VS_PROTO_ESP=y
CONFIG_IP_VS_PROTO_AH=y
#
# IPVS scheduler
#
CONFIG_IP_VS_RR=m
CONFIG_IP_VS_WRR=m
CONFIG_IP_VS_LC=m
CONFIG_IP_VS_WLC=m
CONFIG_IP_VS_LBLC=m
CONFIG_IP_VS_LBLCR=m
CONFIG_IP_VS_DH=m
CONFIG_IP_VS_SH=m
CONFIG_IP_VS_SED=m
CONFIG_IP_VS_NQ=m
#
# IPVS application helper
#
CONFIG_IP_VS_FTP=m
CONFIG_IPV6=m
CONFIG_IPV6_PRIVACY=y
# CONFIG_IPV6_ROUTER_PREF is not set
# CONFIG_IPV6_OPTIMISTIC_DAD is not set
CONFIG_INET6_AH=m
CONFIG_INET6_ESP=m
CONFIG_INET6_IPCOMP=m
# CONFIG_IPV6_MIP6 is not set
CONFIG_INET6_XFRM_TUNNEL=m
CONFIG_INET6_TUNNEL=m
CONFIG_INET6_XFRM_MODE_TRANSPORT=m
CONFIG_INET6_XFRM_MODE_TUNNEL=m
CONFIG_INET6_XFRM_MODE_BEET=m
CONFIG_INET6_XFRM_MODE_ROUTEOPTIMIZATION=m
CONFIG_IPV6_SIT=m
CONFIG_IPV6_TUNNEL=m
# CONFIG_IPV6_MULTIPLE_TABLES is not set
# CONFIG_NETLABEL is not set
CONFIG_NETWORK_SECMARK=y
CONFIG_NETFILTER=y
# CONFIG_NETFILTER_DEBUG is not set
CONFIG_BRIDGE_NETFILTER=y
#
# Core Netfilter Configuration
#
CONFIG_NETFILTER_NETLINK=m
CONFIG_NETFILTER_NETLINK_QUEUE=m
CONFIG_NETFILTER_NETLINK_LOG=m
CONFIG_NF_CONNTRACK_ENABLED=m
CONFIG_NF_CONNTRACK=m
CONFIG_NF_CT_ACCT=y
CONFIG_NF_CONNTRACK_MARK=y
CONFIG_NF_CONNTRACK_SECMARK=y
CONFIG_NF_CONNTRACK_EVENTS=y
CONFIG_NF_CT_PROTO_GRE=m
CONFIG_NF_CT_PROTO_SCTP=m
# CONFIG_NF_CT_PROTO_UDPLITE is not set
CONFIG_NF_CONNTRACK_AMANDA=m
CONFIG_NF_CONNTRACK_FTP=m
CONFIG_NF_CONNTRACK_H323=m
CONFIG_NF_CONNTRACK_IRC=m
CONFIG_NF_CONNTRACK_NETBIOS_NS=m
CONFIG_NF_CONNTRACK_PPTP=m
# CONFIG_NF_CONNTRACK_SANE is not set
CONFIG_NF_CONNTRACK_SIP=m
CONFIG_NF_CONNTRACK_TFTP=m
CONFIG_NF_CT_NETLINK=m
CONFIG_NETFILTER_XTABLES=m
CONFIG_NETFILTER_XT_TARGET_CLASSIFY=m
CONFIG_NETFILTER_XT_TARGET_CONNMARK=m
CONFIG_NETFILTER_XT_TARGET_DSCP=m
CONFIG_NETFILTER_XT_TARGET_MARK=m
CONFIG_NETFILTER_XT_TARGET_NFQUEUE=m
CONFIG_NETFILTER_XT_TARGET_NFLOG=m
CONFIG_NETFILTER_XT_TARGET_NOTRACK=m
# CONFIG_NETFILTER_XT_TARGET_TRACE is not set
CONFIG_NETFILTER_XT_TARGET_SECMARK=m
CONFIG_NETFILTER_XT_TARGET_CONNSECMARK=m
CONFIG_NETFILTER_XT_TARGET_TCPMSS=m
CONFIG_NETFILTER_XT_MATCH_COMMENT=m
CONFIG_NETFILTER_XT_MATCH_CONNBYTES=m
# CONFIG_NETFILTER_XT_MATCH_CONNLIMIT is not set
CONFIG_NETFILTER_XT_MATCH_CONNMARK=m
CONFIG_NETFILTER_XT_MATCH_CONNTRACK=m
CONFIG_NETFILTER_XT_MATCH_DCCP=m
CONFIG_NETFILTER_XT_MATCH_DSCP=m
CONFIG_NETFILTER_XT_MATCH_ESP=m
CONFIG_NETFILTER_XT_MATCH_HELPER=m
CONFIG_NETFILTER_XT_MATCH_LENGTH=m
CONFIG_NETFILTER_XT_MATCH_LIMIT=m
CONFIG_NETFILTER_XT_MATCH_MAC=m
CONFIG_NETFILTER_XT_MATCH_MARK=m
CONFIG_NETFILTER_XT_MATCH_POLICY=m
CONFIG_NETFILTER_XT_MATCH_MULTIPORT=m
CONFIG_NETFILTER_XT_MATCH_PHYSDEV=m
CONFIG_NETFILTER_XT_MATCH_PKTTYPE=m
CONFIG_NETFILTER_XT_MATCH_QUOTA=m
CONFIG_NETFILTER_XT_MATCH_REALM=m
CONFIG_NETFILTER_XT_MATCH_SCTP=m
CONFIG_NETFILTER_XT_MATCH_STATE=m
CONFIG_NETFILTER_XT_MATCH_STATISTIC=m
CONFIG_NETFILTER_XT_MATCH_STRING=m
CONFIG_NETFILTER_XT_MATCH_TCPMSS=m
# CONFIG_NETFILTER_XT_MATCH_TIME is not set
CONFIG_NETFILTER_XT_MATCH_U32=m
CONFIG_NETFILTER_XT_MATCH_HASHLIMIT=m
#
# IP: Netfilter Configuration
#
CONFIG_NF_CONNTRACK_IPV4=m
CONFIG_NF_CONNTRACK_PROC_COMPAT=y
CONFIG_IP_NF_QUEUE=m
CONFIG_IP_NF_IPTABLES=m
CONFIG_IP_NF_MATCH_IPRANGE=m
CONFIG_IP_NF_MATCH_TOS=m
CONFIG_IP_NF_MATCH_RECENT=m
CONFIG_IP_NF_MATCH_ECN=m
CONFIG_IP_NF_MATCH_AH=m
CONFIG_IP_NF_MATCH_TTL=m
CONFIG_IP_NF_MATCH_OWNER=m
CONFIG_IP_NF_MATCH_ADDRTYPE=m
CONFIG_IP_NF_FILTER=m
CONFIG_IP_NF_TARGET_REJECT=m
CONFIG_IP_NF_TARGET_LOG=m
CONFIG_IP_NF_TARGET_ULOG=m
CONFIG_NF_NAT=m
CONFIG_NF_NAT_NEEDED=y
CONFIG_IP_NF_TARGET_MASQUERADE=m
CONFIG_IP_NF_TARGET_REDIRECT=m
CONFIG_IP_NF_TARGET_NETMAP=m
CONFIG_IP_NF_TARGET_SAME=m
CONFIG_NF_NAT_SNMP_BASIC=m
CONFIG_NF_NAT_PROTO_GRE=m
CONFIG_NF_NAT_FTP=m
CONFIG_NF_NAT_IRC=m
CONFIG_NF_NAT_TFTP=m
CONFIG_NF_NAT_AMANDA=m
CONFIG_NF_NAT_PPTP=m
CONFIG_NF_NAT_H323=m
CONFIG_NF_NAT_SIP=m
CONFIG_IP_NF_MANGLE=m
CONFIG_IP_NF_TARGET_TOS=m
CONFIG_IP_NF_TARGET_ECN=m
CONFIG_IP_NF_TARGET_TTL=m
CONFIG_IP_NF_TARGET_CLUSTERIP=m
CONFIG_IP_NF_RAW=m
CONFIG_IP_NF_ARPTABLES=m
CONFIG_IP_NF_ARPFILTER=m
CONFIG_IP_NF_ARP_MANGLE=m
#
# IPv6: Netfilter Configuration (EXPERIMENTAL)
#
CONFIG_NF_CONNTRACK_IPV6=m
CONFIG_IP6_NF_QUEUE=m
CONFIG_IP6_NF_IPTABLES=m
CONFIG_IP6_NF_MATCH_RT=m
CONFIG_IP6_NF_MATCH_OPTS=m
CONFIG_IP6_NF_MATCH_FRAG=m
CONFIG_IP6_NF_MATCH_HL=m
CONFIG_IP6_NF_MATCH_OWNER=m
CONFIG_IP6_NF_MATCH_IPV6HEADER=m
CONFIG_IP6_NF_MATCH_AH=m
CONFIG_IP6_NF_MATCH_MH=m
CONFIG_IP6_NF_MATCH_EUI64=m
CONFIG_IP6_NF_FILTER=m
CONFIG_IP6_NF_TARGET_LOG=m
CONFIG_IP6_NF_TARGET_REJECT=m
CONFIG_IP6_NF_MANGLE=m
CONFIG_IP6_NF_TARGET_HL=m
CONFIG_IP6_NF_RAW=m
#
# DECnet: Netfilter Configuration
#
CONFIG_DECNET_NF_GRABULATOR=m
#
# Bridge: Netfilter Configuration
#
CONFIG_BRIDGE_NF_EBTABLES=m
CONFIG_BRIDGE_EBT_BROUTE=m
CONFIG_BRIDGE_EBT_T_FILTER=m
CONFIG_BRIDGE_EBT_T_NAT=m
CONFIG_BRIDGE_EBT_802_3=m
CONFIG_BRIDGE_EBT_AMONG=m
CONFIG_BRIDGE_EBT_ARP=m
CONFIG_BRIDGE_EBT_IP=m
CONFIG_BRIDGE_EBT_LIMIT=m
CONFIG_BRIDGE_EBT_MARK=m
CONFIG_BRIDGE_EBT_PKTTYPE=m
CONFIG_BRIDGE_EBT_STP=m
CONFIG_BRIDGE_EBT_VLAN=m
CONFIG_BRIDGE_EBT_ARPREPLY=m
CONFIG_BRIDGE_EBT_DNAT=m
CONFIG_BRIDGE_EBT_MARK_T=m
CONFIG_BRIDGE_EBT_REDIRECT=m
CONFIG_BRIDGE_EBT_SNAT=m
CONFIG_BRIDGE_EBT_LOG=m
CONFIG_BRIDGE_EBT_ULOG=m
CONFIG_IP_DCCP=m
CONFIG_INET_DCCP_DIAG=m
CONFIG_IP_DCCP_ACKVEC=y
#
# DCCP CCIDs Configuration (EXPERIMENTAL)
#
CONFIG_IP_DCCP_CCID2=m
# CONFIG_IP_DCCP_CCID2_DEBUG is not set
CONFIG_IP_DCCP_CCID3=m
CONFIG_IP_DCCP_TFRC_LIB=m
# CONFIG_IP_DCCP_CCID3_DEBUG is not set
CONFIG_IP_DCCP_CCID3_RTO=100
#
# DCCP Kernel Hacking
#
# CONFIG_IP_DCCP_DEBUG is not set
CONFIG_NET_DCCPPROBE=m
CONFIG_IP_SCTP=m
# CONFIG_SCTP_DBG_MSG is not set
# CONFIG_SCTP_DBG_OBJCNT is not set
# CONFIG_SCTP_HMAC_NONE is not set
# CONFIG_SCTP_HMAC_SHA1 is not set
CONFIG_SCTP_HMAC_MD5=y
CONFIG_TIPC=m
# CONFIG_TIPC_ADVANCED is not set
# CONFIG_TIPC_DEBUG is not set
CONFIG_ATM=y
CONFIG_ATM_CLIP=y
# CONFIG_ATM_CLIP_NO_ICMP is not set
CONFIG_ATM_LANE=m
CONFIG_ATM_MPOA=m
CONFIG_ATM_BR2684=m
# CONFIG_ATM_BR2684_IPFILTER is not set
CONFIG_BRIDGE=m
CONFIG_VLAN_8021Q=m
CONFIG_DECNET=m
# CONFIG_DECNET_ROUTER is not set
CONFIG_LLC=y
CONFIG_LLC2=m
CONFIG_IPX=m
# CONFIG_IPX_INTERN is not set
CONFIG_ATALK=m
CONFIG_DEV_APPLETALK=m
CONFIG_LTPC=m
CONFIG_COPS=m
CONFIG_COPS_DAYNA=y
CONFIG_COPS_TANGENT=y
CONFIG_IPDDP=m
CONFIG_IPDDP_ENCAP=y
CONFIG_IPDDP_DECAP=y
CONFIG_X25=m
CONFIG_LAPB=m
CONFIG_ECONET=m
CONFIG_ECONET_AUNUDP=y
CONFIG_ECONET_NATIVE=y
CONFIG_WAN_ROUTER=m
CONFIG_NET_SCHED=y
#
# Queueing/Scheduling
#
CONFIG_NET_SCH_CBQ=m
CONFIG_NET_SCH_HTB=m
CONFIG_NET_SCH_HFSC=m
CONFIG_NET_SCH_ATM=m
CONFIG_NET_SCH_PRIO=m
# CONFIG_NET_SCH_RR is not set
CONFIG_NET_SCH_RED=m
CONFIG_NET_SCH_SFQ=m
CONFIG_NET_SCH_TEQL=m
CONFIG_NET_SCH_TBF=m
CONFIG_NET_SCH_GRED=m
CONFIG_NET_SCH_DSMARK=m
CONFIG_NET_SCH_NETEM=m
CONFIG_NET_SCH_INGRESS=m
#
# Classification
#
CONFIG_NET_CLS=y
CONFIG_NET_CLS_BASIC=m
CONFIG_NET_CLS_TCINDEX=m
CONFIG_NET_CLS_ROUTE4=m
CONFIG_NET_CLS_ROUTE=y
CONFIG_NET_CLS_FW=m
CONFIG_NET_CLS_U32=m
# CONFIG_CLS_U32_PERF is not set
CONFIG_CLS_U32_MARK=y
CONFIG_NET_CLS_RSVP=m
CONFIG_NET_CLS_RSVP6=m
CONFIG_NET_EMATCH=y
CONFIG_NET_EMATCH_STACK=32
CONFIG_NET_EMATCH_CMP=m
CONFIG_NET_EMATCH_NBYTE=m
CONFIG_NET_EMATCH_U32=m
CONFIG_NET_EMATCH_META=m
CONFIG_NET_EMATCH_TEXT=m
CONFIG_NET_CLS_ACT=y
CONFIG_NET_ACT_POLICE=m
CONFIG_NET_ACT_GACT=m
CONFIG_GACT_PROB=y
CONFIG_NET_ACT_MIRRED=m
CONFIG_NET_ACT_IPT=m
# CONFIG_NET_ACT_NAT is not set
CONFIG_NET_ACT_PEDIT=m
CONFIG_NET_ACT_SIMP=m
# CONFIG_NET_CLS_POLICE is not set
# CONFIG_NET_CLS_IND is not set
CONFIG_NET_SCH_FIFO=y
#
# Network testing
#
CONFIG_NET_PKTGEN=m
CONFIG_NET_TCPPROBE=m
CONFIG_HAMRADIO=y
#
# Packet Radio protocols
#
CONFIG_AX25=m
# CONFIG_AX25_DAMA_SLAVE is not set
CONFIG_NETROM=m
CONFIG_ROSE=m
#
# AX.25 network device drivers
#
CONFIG_MKISS=m
CONFIG_6PACK=m
CONFIG_BPQETHER=m
CONFIG_SCC=m
# CONFIG_SCC_DELAY is not set
# CONFIG_SCC_TRXECHO is not set
CONFIG_BAYCOM_SER_FDX=m
CONFIG_BAYCOM_SER_HDX=m
CONFIG_BAYCOM_PAR=m
CONFIG_BAYCOM_EPP=m
CONFIG_YAM=m
CONFIG_IRDA=m
#
# IrDA protocols
#
CONFIG_IRLAN=m
CONFIG_IRNET=m
CONFIG_IRCOMM=m
CONFIG_IRDA_ULTRA=y
#
# IrDA options
#
CONFIG_IRDA_CACHE_LAST_LSAP=y
CONFIG_IRDA_FAST_RR=y
CONFIG_IRDA_DEBUG=y
#
# Infrared-port device drivers
#
#
# SIR device drivers
#
CONFIG_IRTTY_SIR=m
#
# Dongle support
#
CONFIG_DONGLE=y
CONFIG_ESI_DONGLE=m
CONFIG_ACTISYS_DONGLE=m
CONFIG_TEKRAM_DONGLE=m
# CONFIG_TOIM3232_DONGLE is not set
CONFIG_LITELINK_DONGLE=m
CONFIG_MA600_DONGLE=m
CONFIG_GIRBIL_DONGLE=m
CONFIG_MCP2120_DONGLE=m
CONFIG_OLD_BELKIN_DONGLE=m
CONFIG_ACT200L_DONGLE=m
CONFIG_KINGSUN_DONGLE=m
# CONFIG_KSDAZZLE_DONGLE is not set
# CONFIG_KS959_DONGLE is not set
#
# Old SIR device drivers
#
#
# Old Serial dongle support
#
#
# FIR device drivers
#
CONFIG_USB_IRDA=m
CONFIG_SIGMATEL_FIR=m
CONFIG_NSC_FIR=m
CONFIG_WINBOND_FIR=m
CONFIG_TOSHIBA_FIR=m
CONFIG_SMC_IRCC_FIR=m
CONFIG_ALI_FIR=m
CONFIG_VLSI_FIR=m
CONFIG_VIA_FIR=m
CONFIG_MCS_FIR=m
CONFIG_BT=m
CONFIG_BT_L2CAP=m
CONFIG_BT_SCO=m
CONFIG_BT_RFCOMM=m
CONFIG_BT_RFCOMM_TTY=y
CONFIG_BT_BNEP=m
CONFIG_BT_BNEP_MC_FILTER=y
CONFIG_BT_BNEP_PROTO_FILTER=y
CONFIG_BT_CMTP=m
CONFIG_BT_HIDP=m
#
# Bluetooth device drivers
#
CONFIG_BT_HCIUSB=m
CONFIG_BT_HCIUSB_SCO=y
CONFIG_BT_HCIBTSDIO=m
CONFIG_BT_HCIUART=m
CONFIG_BT_HCIUART_H4=y
CONFIG_BT_HCIUART_BCSP=y
# CONFIG_BT_HCIUART_LL is not set
CONFIG_BT_HCIBCM203X=m
CONFIG_BT_HCIBPA10X=m
CONFIG_BT_HCIBFUSB=m
CONFIG_BT_HCIDTL1=m
CONFIG_BT_HCIBT3C=m
CONFIG_BT_HCIBLUECARD=m
CONFIG_BT_HCIBTUART=m
CONFIG_BT_HCIVHCI=m
CONFIG_AF_RXRPC=m
# CONFIG_AF_RXRPC_DEBUG is not set
CONFIG_RXKAD=m
CONFIG_FIB_RULES=y
#
# Wireless
#
CONFIG_CFG80211=m
CONFIG_NL80211=y
CONFIG_WIRELESS_EXT=y
CONFIG_MAC80211=m
CONFIG_MAC80211_RCSIMPLE=y
CONFIG_MAC80211_DEBUGFS=y
# CONFIG_MAC80211_DEBUG is not set
CONFIG_IEEE80211=m
# CONFIG_IEEE80211_DEBUG is not set
CONFIG_IEEE80211_CRYPT_WEP=m
CONFIG_IEEE80211_CRYPT_CCMP=m
CONFIG_IEEE80211_CRYPT_TKIP=m
CONFIG_IEEE80211_SOFTMAC=m
# CONFIG_IEEE80211_SOFTMAC_DEBUG is not set
CONFIG_RFKILL=m
CONFIG_RFKILL_INPUT=m
# CONFIG_NET_9P is not set
#
# Device Drivers
#
#
# Generic Driver Options
#
CONFIG_UEVENT_HELPER_PATH="/sbin/hotplug"
CONFIG_STANDALONE=y
CONFIG_PREVENT_FIRMWARE_BUILD=y
CONFIG_FW_LOADER=y
# CONFIG_DEBUG_DRIVER is not set
# CONFIG_DEBUG_DEVRES is not set
# CONFIG_SYS_HYPERVISOR is not set
CONFIG_CONNECTOR=m
CONFIG_MTD=m
# CONFIG_MTD_DEBUG is not set
CONFIG_MTD_CONCAT=m
CONFIG_MTD_PARTITIONS=y
CONFIG_MTD_REDBOOT_PARTS=m
CONFIG_MTD_REDBOOT_DIRECTORY_BLOCK=-1
# CONFIG_MTD_REDBOOT_PARTS_UNALLOCATED is not set
# CONFIG_MTD_REDBOOT_PARTS_READONLY is not set
#
# User Modules And Translation Layers
#
CONFIG_MTD_CHAR=m
CONFIG_MTD_BLKDEVS=m
CONFIG_MTD_BLOCK=m
CONFIG_MTD_BLOCK_RO=m
CONFIG_FTL=m
CONFIG_NFTL=m
CONFIG_NFTL_RW=y
CONFIG_INFTL=m
CONFIG_RFD_FTL=m
CONFIG_SSFDC=m
# CONFIG_MTD_OOPS is not set
#
# RAM/ROM/Flash chip drivers
#
CONFIG_MTD_CFI=m
CONFIG_MTD_JEDECPROBE=m
CONFIG_MTD_GEN_PROBE=m
# CONFIG_MTD_CFI_ADV_OPTIONS is not set
CONFIG_MTD_MAP_BANK_WIDTH_1=y
CONFIG_MTD_MAP_BANK_WIDTH_2=y
CONFIG_MTD_MAP_BANK_WIDTH_4=y
# CONFIG_MTD_MAP_BANK_WIDTH_8 is not set
# CONFIG_MTD_MAP_BANK_WIDTH_16 is not set
# CONFIG_MTD_MAP_BANK_WIDTH_32 is not set
CONFIG_MTD_CFI_I1=y
CONFIG_MTD_CFI_I2=y
# CONFIG_MTD_CFI_I4 is not set
# CONFIG_MTD_CFI_I8 is not set
CONFIG_MTD_CFI_INTELEXT=m
CONFIG_MTD_CFI_AMDSTD=m
CONFIG_MTD_CFI_STAA=m
CONFIG_MTD_CFI_UTIL=m
CONFIG_MTD_RAM=m
CONFIG_MTD_ROM=m
CONFIG_MTD_ABSENT=m
#
# Mapping drivers for chip access
#
CONFIG_MTD_COMPLEX_MAPPINGS=y
CONFIG_MTD_PHYSMAP=m
CONFIG_MTD_PHYSMAP_START=0x8000000
CONFIG_MTD_PHYSMAP_LEN=0x4000000
CONFIG_MTD_PHYSMAP_BANKWIDTH=2
CONFIG_MTD_PNC2000=m
CONFIG_MTD_SC520CDP=m
CONFIG_MTD_NETSC520=m
CONFIG_MTD_TS5500=m
CONFIG_MTD_SBC_GXX=m
CONFIG_MTD_SCx200_DOCFLASH=m
CONFIG_MTD_AMD76XROM=m
CONFIG_MTD_ICHXROM=m
CONFIG_MTD_ESB2ROM=m
CONFIG_MTD_CK804XROM=m
CONFIG_MTD_SCB2_FLASH=m
CONFIG_MTD_NETtel=m
CONFIG_MTD_DILNETPC=m
CONFIG_MTD_DILNETPC_BOOTSIZE=0x80000
CONFIG_MTD_L440GX=m
CONFIG_MTD_PCI=m
# CONFIG_MTD_INTEL_VR_NOR is not set
CONFIG_MTD_PLATRAM=m
#
# Self-contained MTD device drivers
#
CONFIG_MTD_PMC551=m
# CONFIG_MTD_PMC551_BUGFIX is not set
# CONFIG_MTD_PMC551_DEBUG is not set
CONFIG_MTD_DATAFLASH=m
CONFIG_MTD_M25P80=m
CONFIG_MTD_SLRAM=m
CONFIG_MTD_PHRAM=m
CONFIG_MTD_MTDRAM=m
CONFIG_MTDRAM_TOTAL_SIZE=4096
CONFIG_MTDRAM_ERASE_SIZE=128
CONFIG_MTD_BLOCK2MTD=m
#
# Disk-On-Chip Device Drivers
#
CONFIG_MTD_DOC2000=m
CONFIG_MTD_DOC2001=m
CONFIG_MTD_DOC2001PLUS=m
CONFIG_MTD_DOCPROBE=m
CONFIG_MTD_DOCECC=m
# CONFIG_MTD_DOCPROBE_ADVANCED is not set
CONFIG_MTD_DOCPROBE_ADDRESS=0
CONFIG_MTD_NAND=m
# CONFIG_MTD_NAND_VERIFY_WRITE is not set
# CONFIG_MTD_NAND_ECC_SMC is not set
# CONFIG_MTD_NAND_MUSEUM_IDS is not set
CONFIG_MTD_NAND_IDS=m
CONFIG_MTD_NAND_DISKONCHIP=m
# CONFIG_MTD_NAND_DISKONCHIP_PROBE_ADVANCED is not set
CONFIG_MTD_NAND_DISKONCHIP_PROBE_ADDRESS=0
# CONFIG_MTD_NAND_DISKONCHIP_BBTWRITE is not set
CONFIG_MTD_NAND_CAFE=m
CONFIG_MTD_NAND_CS553X=m
CONFIG_MTD_NAND_NANDSIM=m
CONFIG_MTD_NAND_PLATFORM=m
# CONFIG_MTD_ALAUDA is not set
CONFIG_MTD_ONENAND=m
CONFIG_MTD_ONENAND_VERIFY_WRITE=y
# CONFIG_MTD_ONENAND_OTP is not set
# CONFIG_MTD_ONENAND_2X_PROGRAM is not set
# CONFIG_MTD_ONENAND_SIM is not set
#
# UBI - Unsorted block images
#
CONFIG_MTD_UBI=m
CONFIG_MTD_UBI_WL_THRESHOLD=4096
CONFIG_MTD_UBI_BEB_RESERVE=1
CONFIG_MTD_UBI_GLUEBI=y
#
# UBI debugging options
#
# CONFIG_MTD_UBI_DEBUG is not set
CONFIG_PARPORT=m
CONFIG_PARPORT_PC=m
CONFIG_PARPORT_SERIAL=m
CONFIG_PARPORT_PC_FIFO=y
# CONFIG_PARPORT_PC_SUPERIO is not set
CONFIG_PARPORT_PC_PCMCIA=m
# CONFIG_PARPORT_GSC is not set
CONFIG_PARPORT_AX88796=m
CONFIG_PARPORT_1284=y
CONFIG_PARPORT_NOT_PC=y
CONFIG_PNP=y
# CONFIG_PNP_DEBUG is not set
#
# Protocols
#
CONFIG_ISAPNP=y
CONFIG_PNPBIOS=y
CONFIG_PNPBIOS_PROC_FS=y
CONFIG_PNPACPI=y
CONFIG_BLK_DEV=y
CONFIG_BLK_DEV_FD=m
CONFIG_BLK_DEV_XD=m
CONFIG_PARIDE=m
#
# Parallel IDE high-level drivers
#
CONFIG_PARIDE_PD=m
CONFIG_PARIDE_PCD=m
CONFIG_PARIDE_PF=m
CONFIG_PARIDE_PT=m
CONFIG_PARIDE_PG=m
#
# Parallel IDE protocol modules
#
CONFIG_PARIDE_ATEN=m
CONFIG_PARIDE_BPCK=m
CONFIG_PARIDE_BPCK6=m
CONFIG_PARIDE_COMM=m
CONFIG_PARIDE_DSTR=m
CONFIG_PARIDE_FIT2=m
CONFIG_PARIDE_FIT3=m
CONFIG_PARIDE_EPAT=m
# CONFIG_PARIDE_EPATC8 is not set
CONFIG_PARIDE_EPIA=m
CONFIG_PARIDE_FRIQ=m
CONFIG_PARIDE_FRPW=m
CONFIG_PARIDE_KBIC=m
CONFIG_PARIDE_KTTI=m
CONFIG_PARIDE_ON20=m
CONFIG_PARIDE_ON26=m
CONFIG_BLK_CPQ_DA=m
CONFIG_BLK_CPQ_CISS_DA=m
CONFIG_CISS_SCSI_TAPE=y
CONFIG_BLK_DEV_DAC960=m
CONFIG_BLK_DEV_UMEM=m
# CONFIG_BLK_DEV_COW_COMMON is not set
CONFIG_BLK_DEV_LOOP=m
CONFIG_BLK_DEV_CRYPTOLOOP=m
CONFIG_BLK_DEV_NBD=m
CONFIG_BLK_DEV_SX8=m
# CONFIG_BLK_DEV_UB is not set
CONFIG_BLK_DEV_RAM=y
CONFIG_BLK_DEV_RAM_COUNT=16
CONFIG_BLK_DEV_RAM_SIZE=65536
CONFIG_BLK_DEV_RAM_BLOCKSIZE=1024
CONFIG_CDROM_PKTCDVD=m
CONFIG_CDROM_PKTCDVD_BUFFERS=8
# CONFIG_CDROM_PKTCDVD_WCACHE is not set
CONFIG_ATA_OVER_ETH=m
CONFIG_VIRTIO_BLK=m
CONFIG_MISC_DEVICES=y
CONFIG_IBM_ASM=m
CONFIG_PHANTOM=m
CONFIG_EEPROM_93CX6=m
CONFIG_SGI_IOC4=m
CONFIG_TIFM_CORE=m
CONFIG_TIFM_7XX1=m
CONFIG_ASUS_LAPTOP=m
# CONFIG_FUJITSU_LAPTOP is not set
CONFIG_MSI_LAPTOP=m
CONFIG_SONY_LAPTOP=m
CONFIG_SONYPI_COMPAT=y
CONFIG_THINKPAD_ACPI=m
# CONFIG_THINKPAD_ACPI_DEBUG is not set
CONFIG_THINKPAD_ACPI_BAY=y
CONFIG_IDE=y
CONFIG_IDE_MAX_HWIFS=4
CONFIG_BLK_DEV_IDE=m
#
# Please see Documentation/ide.txt for help/info on IDE drives
#
# CONFIG_BLK_DEV_IDE_SATA is not set
# CONFIG_BLK_DEV_HD_IDE is not set
CONFIG_BLK_DEV_IDEDISK=m
# CONFIG_IDEDISK_MULTI_MODE is not set
# CONFIG_BLK_DEV_IDECS is not set
CONFIG_BLK_DEV_DELKIN=m
CONFIG_BLK_DEV_IDECD=m
CONFIG_BLK_DEV_IDETAPE=m
CONFIG_BLK_DEV_IDEFLOPPY=m
CONFIG_BLK_DEV_IDESCSI=m
CONFIG_BLK_DEV_IDEACPI=y
# CONFIG_IDE_TASK_IOCTL is not set
CONFIG_IDE_PROC_FS=y
#
# IDE chipset support/bugfixes
#
CONFIG_IDE_GENERIC=m
CONFIG_BLK_DEV_PLATFORM=m
CONFIG_BLK_DEV_CMD640=y
# CONFIG_BLK_DEV_CMD640_ENHANCED is not set
CONFIG_BLK_DEV_IDEPNP=y
#
# PCI IDE chipsets support
#
CONFIG_BLK_DEV_IDEPCI=y
CONFIG_IDEPCI_SHARE_IRQ=y
# CONFIG_IDEPCI_PCIBUS_ORDER is not set
# CONFIG_BLK_DEV_OFFBOARD is not set
# CONFIG_BLK_DEV_GENERIC is not set
CONFIG_BLK_DEV_OPTI621=m
# CONFIG_BLK_DEV_RZ1000 is not set
CONFIG_BLK_DEV_IDEDMA_PCI=y
CONFIG_BLK_DEV_AEC62XX=m
CONFIG_BLK_DEV_ALI15X3=m
# CONFIG_WDC_ALI15X3 is not set
CONFIG_BLK_DEV_AMD74XX=m
CONFIG_BLK_DEV_ATIIXP=m
CONFIG_BLK_DEV_CMD64X=m
# CONFIG_BLK_DEV_TRIFLEX is not set
CONFIG_BLK_DEV_CY82C693=m
# CONFIG_BLK_DEV_CS5520 is not set
CONFIG_BLK_DEV_CS5530=m
CONFIG_BLK_DEV_CS5535=m
CONFIG_BLK_DEV_HPT34X=m
# CONFIG_HPT34X_AUTODMA is not set
CONFIG_BLK_DEV_HPT366=m
# CONFIG_BLK_DEV_JMICRON is not set
CONFIG_BLK_DEV_SC1200=m
# CONFIG_BLK_DEV_PIIX is not set
# CONFIG_BLK_DEV_IT8213 is not set
# CONFIG_BLK_DEV_IT821X is not set
CONFIG_BLK_DEV_NS87415=m
CONFIG_BLK_DEV_PDC202XX_OLD=m
CONFIG_PDC202XX_BURST=y
# CONFIG_BLK_DEV_PDC202XX_NEW is not set
# CONFIG_BLK_DEV_SVWKS is not set
# CONFIG_BLK_DEV_SIIMAGE is not set
# CONFIG_BLK_DEV_SIS5513 is not set
# CONFIG_BLK_DEV_SLC90E66 is not set
CONFIG_BLK_DEV_TRM290=m
CONFIG_BLK_DEV_VIA82CXXX=m
CONFIG_BLK_DEV_TC86C001=m
# CONFIG_IDE_ARM is not set
#
# Other IDE chipsets support
#
#
# Note: most of these also require special kernel boot parameters
#
# CONFIG_BLK_DEV_4DRIVES is not set
# CONFIG_BLK_DEV_ALI14XX is not set
# CONFIG_BLK_DEV_DTC2278 is not set
# CONFIG_BLK_DEV_HT6560B is not set
# CONFIG_BLK_DEV_QD65XX is not set
# CONFIG_BLK_DEV_UMC8672 is not set
CONFIG_BLK_DEV_IDEDMA=y
CONFIG_IDE_ARCH_OBSOLETE_INIT=y
# CONFIG_BLK_DEV_HD is not set
#
# SCSI device support
#
CONFIG_RAID_ATTRS=m
CONFIG_SCSI=m
CONFIG_SCSI_DMA=y
CONFIG_SCSI_TGT=m
CONFIG_SCSI_NETLINK=y
CONFIG_SCSI_PROC_FS=y
#
# SCSI support type (disk, tape, CD-ROM)
#
CONFIG_BLK_DEV_SD=m
CONFIG_CHR_DEV_ST=m
CONFIG_CHR_DEV_OSST=m
CONFIG_BLK_DEV_SR=m
# CONFIG_BLK_DEV_SR_VENDOR is not set
CONFIG_CHR_DEV_SG=m
CONFIG_CHR_DEV_SCH=m
#
# Some SCSI devices (e.g. CD jukebox) support multiple LUNs
#
CONFIG_SCSI_MULTI_LUN=y
CONFIG_SCSI_CONSTANTS=y
CONFIG_SCSI_LOGGING=y
CONFIG_SCSI_SCAN_ASYNC=y
CONFIG_SCSI_WAIT_SCAN=m
#
# SCSI Transports
#
CONFIG_SCSI_SPI_ATTRS=m
CONFIG_SCSI_FC_ATTRS=m
# CONFIG_SCSI_FC_TGT_ATTRS is not set
CONFIG_SCSI_ISCSI_ATTRS=m
CONFIG_SCSI_SAS_ATTRS=m
CONFIG_SCSI_SAS_LIBSAS=m
# CONFIG_SCSI_SAS_ATA is not set
# CONFIG_SCSI_SAS_LIBSAS_DEBUG is not set
CONFIG_SCSI_SRP_ATTRS=m
# CONFIG_SCSI_SRP_TGT_ATTRS is not set
CONFIG_SCSI_LOWLEVEL=y
CONFIG_ISCSI_TCP=m
CONFIG_BLK_DEV_3W_XXXX_RAID=m
CONFIG_SCSI_3W_9XXX=m
CONFIG_SCSI_7000FASST=m
CONFIG_SCSI_ACARD=m
CONFIG_SCSI_AHA152X=m
CONFIG_SCSI_AHA1542=m
CONFIG_SCSI_AHA1740=m
CONFIG_SCSI_AACRAID=m
CONFIG_SCSI_AIC7XXX=m
CONFIG_AIC7XXX_CMDS_PER_DEVICE=8
CONFIG_AIC7XXX_RESET_DELAY_MS=15000
CONFIG_AIC7XXX_DEBUG_ENABLE=y
CONFIG_AIC7XXX_DEBUG_MASK=0
CONFIG_AIC7XXX_REG_PRETTY_PRINT=y
# CONFIG_SCSI_AIC7XXX_OLD is not set
CONFIG_SCSI_AIC79XX=m
CONFIG_AIC79XX_CMDS_PER_DEVICE=32
CONFIG_AIC79XX_RESET_DELAY_MS=15000
CONFIG_AIC79XX_DEBUG_ENABLE=y
CONFIG_AIC79XX_DEBUG_MASK=0
CONFIG_AIC79XX_REG_PRETTY_PRINT=y
CONFIG_SCSI_AIC94XX=m
# CONFIG_AIC94XX_DEBUG is not set
CONFIG_SCSI_DPT_I2O=m
CONFIG_SCSI_ADVANSYS=m
CONFIG_SCSI_IN2000=m
CONFIG_SCSI_ARCMSR=m
# CONFIG_SCSI_ARCMSR_AER is not set
CONFIG_MEGARAID_NEWGEN=y
CONFIG_MEGARAID_MM=m
CONFIG_MEGARAID_MAILBOX=m
CONFIG_MEGARAID_LEGACY=m
CONFIG_MEGARAID_SAS=m
CONFIG_SCSI_HPTIOP=m
CONFIG_SCSI_BUSLOGIC=m
# CONFIG_SCSI_OMIT_FLASHPOINT is not set
CONFIG_SCSI_DMX3191D=m
CONFIG_SCSI_DTC3280=m
CONFIG_SCSI_EATA=m
CONFIG_SCSI_EATA_TAGGED_QUEUE=y
CONFIG_SCSI_EATA_LINKED_COMMANDS=y
CONFIG_SCSI_EATA_MAX_TAGS=16
CONFIG_SCSI_FUTURE_DOMAIN=m
CONFIG_SCSI_FD_MCS=m
CONFIG_SCSI_GDTH=m
CONFIG_SCSI_GENERIC_NCR5380=m
CONFIG_SCSI_GENERIC_NCR5380_MMIO=m
CONFIG_SCSI_GENERIC_NCR53C400=y
CONFIG_SCSI_IBMMCA=m
CONFIG_IBMMCA_SCSI_ORDER_STANDARD=y
# CONFIG_IBMMCA_SCSI_DEV_RESET is not set
CONFIG_SCSI_IPS=m
CONFIG_SCSI_INITIO=m
CONFIG_SCSI_INIA100=m
CONFIG_SCSI_PPA=m
CONFIG_SCSI_IMM=m
# CONFIG_SCSI_IZIP_EPP16 is not set
# CONFIG_SCSI_IZIP_SLOW_CTR is not set
CONFIG_SCSI_NCR53C406A=m
CONFIG_SCSI_NCR_D700=m
CONFIG_SCSI_STEX=m
CONFIG_SCSI_SYM53C8XX_2=m
CONFIG_SCSI_SYM53C8XX_DMA_ADDRESSING_MODE=1
CONFIG_SCSI_SYM53C8XX_DEFAULT_TAGS=16
CONFIG_SCSI_SYM53C8XX_MAX_TAGS=64
CONFIG_SCSI_SYM53C8XX_MMIO=y
CONFIG_SCSI_IPR=m
# CONFIG_SCSI_IPR_TRACE is not set
# CONFIG_SCSI_IPR_DUMP is not set
CONFIG_SCSI_NCR_Q720=m
CONFIG_SCSI_NCR53C8XX_DEFAULT_TAGS=8
CONFIG_SCSI_NCR53C8XX_MAX_TAGS=4
CONFIG_SCSI_NCR53C8XX_SYNC=5
CONFIG_SCSI_PAS16=m
CONFIG_SCSI_PSI240I=m
CONFIG_SCSI_QLOGIC_FAS=m
CONFIG_SCSI_QLOGIC_1280=m
CONFIG_SCSI_QLA_FC=m
CONFIG_SCSI_QLA_ISCSI=m
CONFIG_SCSI_LPFC=m
CONFIG_SCSI_SEAGATE=m
CONFIG_SCSI_SIM710=m
CONFIG_SCSI_SYM53C416=m
CONFIG_SCSI_DC395x=m
CONFIG_SCSI_DC390T=m
CONFIG_SCSI_T128=m
CONFIG_SCSI_U14_34F=m
CONFIG_SCSI_U14_34F_TAGGED_QUEUE=y
CONFIG_SCSI_U14_34F_LINKED_COMMANDS=y
CONFIG_SCSI_U14_34F_MAX_TAGS=8
CONFIG_SCSI_ULTRASTOR=m
CONFIG_SCSI_NSP32=m
CONFIG_SCSI_DEBUG=m
CONFIG_SCSI_SRP=m
# CONFIG_SCSI_LOWLEVEL_PCMCIA is not set
CONFIG_ATA=m
# CONFIG_ATA_NONSTANDARD is not set
CONFIG_ATA_ACPI=y
CONFIG_SATA_AHCI=m
CONFIG_SATA_SVW=m
CONFIG_ATA_PIIX=m
CONFIG_SATA_MV=m
CONFIG_SATA_NV=m
CONFIG_PDC_ADMA=m
CONFIG_SATA_QSTOR=m
CONFIG_SATA_PROMISE=m
CONFIG_SATA_SX4=m
CONFIG_SATA_SIL=m
CONFIG_SATA_SIL24=m
CONFIG_SATA_SIS=m
CONFIG_SATA_ULI=m
CONFIG_SATA_VIA=m
CONFIG_SATA_VITESSE=m
CONFIG_SATA_INIC162X=m
# CONFIG_PATA_ACPI is not set
# CONFIG_PATA_ALI is not set
# CONFIG_PATA_AMD is not set
# CONFIG_PATA_ARTOP is not set
# CONFIG_PATA_ATIIXP is not set
# CONFIG_PATA_CMD640_PCI is not set
# CONFIG_PATA_CMD64X is not set
CONFIG_PATA_CS5520=m
# CONFIG_PATA_CS5530 is not set
# CONFIG_PATA_CS5535 is not set
# CONFIG_PATA_CS5536 is not set
# CONFIG_PATA_CYPRESS is not set
CONFIG_PATA_EFAR=m
CONFIG_ATA_GENERIC=m
# CONFIG_PATA_HPT366 is not set
# CONFIG_PATA_HPT37X is not set
# CONFIG_PATA_HPT3X2N is not set
# CONFIG_PATA_HPT3X3 is not set
# CONFIG_PATA_ISAPNP is not set
CONFIG_PATA_IT821X=m
CONFIG_PATA_IT8213=m
CONFIG_PATA_JMICRON=m
# CONFIG_PATA_LEGACY is not set
CONFIG_PATA_TRIFLEX=m
CONFIG_PATA_MARVELL=m
CONFIG_PATA_MPIIX=m
CONFIG_PATA_OLDPIIX=m
CONFIG_PATA_NETCELL=m
# CONFIG_PATA_NS87410 is not set
# CONFIG_PATA_NS87415 is not set
# CONFIG_PATA_OPTI is not set
# CONFIG_PATA_OPTIDMA is not set
CONFIG_PATA_PCMCIA=m
# CONFIG_PATA_PDC_OLD is not set
CONFIG_PATA_QDI=m
# CONFIG_PATA_RADISYS is not set
CONFIG_PATA_RZ1000=m
# CONFIG_PATA_SC1200 is not set
CONFIG_PATA_SERVERWORKS=m
CONFIG_PATA_PDC2027X=m
CONFIG_PATA_SIL680=m
CONFIG_PATA_SIS=m
# CONFIG_PATA_VIA is not set
CONFIG_PATA_WINBOND=m
# CONFIG_PATA_WINBOND_VLB is not set
# CONFIG_PATA_PLATFORM is not set
CONFIG_MD=y
CONFIG_BLK_DEV_MD=m
CONFIG_MD_LINEAR=m
CONFIG_MD_RAID0=m
CONFIG_MD_RAID1=m
CONFIG_MD_RAID10=m
CONFIG_MD_RAID456=m
CONFIG_MD_RAID5_RESHAPE=y
CONFIG_MD_MULTIPATH=m
CONFIG_MD_FAULTY=m
CONFIG_BLK_DEV_DM=m
# CONFIG_DM_DEBUG is not set
CONFIG_DM_CRYPT=m
CONFIG_DM_SNAPSHOT=m
CONFIG_DM_MIRROR=m
CONFIG_DM_ZERO=m
CONFIG_DM_MULTIPATH=m
CONFIG_DM_MULTIPATH_EMC=m
# CONFIG_DM_MULTIPATH_RDAC is not set
# CONFIG_DM_MULTIPATH_HP is not set
# CONFIG_DM_DELAY is not set
# CONFIG_DM_UEVENT is not set
CONFIG_FUSION=y
CONFIG_FUSION_SPI=m
CONFIG_FUSION_FC=m
CONFIG_FUSION_SAS=m
CONFIG_FUSION_MAX_SGE=128
CONFIG_FUSION_CTL=m
CONFIG_FUSION_LAN=m
# CONFIG_FUSION_LOGGING is not set
#
# IEEE 1394 (FireWire) support
#
# CONFIG_FIREWIRE is not set
CONFIG_IEEE1394=m
#
# Subsystem Options
#
# CONFIG_IEEE1394_VERBOSEDEBUG is not set
#
# Controllers
#
CONFIG_IEEE1394_PCILYNX=m
CONFIG_IEEE1394_OHCI1394=m
#
# Protocols
#
CONFIG_IEEE1394_VIDEO1394=m
CONFIG_IEEE1394_SBP2=m
# CONFIG_IEEE1394_SBP2_PHYS_DMA is not set
CONFIG_IEEE1394_ETH1394_ROM_ENTRY=y
CONFIG_IEEE1394_ETH1394=m
CONFIG_IEEE1394_DV1394=m
CONFIG_IEEE1394_RAWIO=m
CONFIG_I2O=m
CONFIG_I2O_LCT_NOTIFY_ON_CHANGES=y
CONFIG_I2O_EXT_ADAPTEC=y
CONFIG_I2O_CONFIG=m
CONFIG_I2O_CONFIG_OLD_IOCTL=y
CONFIG_I2O_BUS=m
CONFIG_I2O_BLOCK=m
CONFIG_I2O_SCSI=m
CONFIG_I2O_PROC=m
CONFIG_MACINTOSH_DRIVERS=y
CONFIG_MAC_EMUMOUSEBTN=y
CONFIG_NETDEVICES=y
# CONFIG_NETDEVICES_MULTIQUEUE is not set
CONFIG_IFB=m
CONFIG_DUMMY=m
CONFIG_BONDING=m
# CONFIG_MACVLAN is not set
CONFIG_EQUALIZER=m
CONFIG_TUN=m
# CONFIG_VETH is not set
CONFIG_NET_SB1000=m
# CONFIG_IP1000 is not set
CONFIG_ARCNET=m
CONFIG_ARCNET_1201=m
CONFIG_ARCNET_1051=m
CONFIG_ARCNET_RAW=m
CONFIG_ARCNET_CAP=m
CONFIG_ARCNET_COM90xx=m
CONFIG_ARCNET_COM90xxIO=m
CONFIG_ARCNET_RIM_I=m
CONFIG_ARCNET_COM20020=m
CONFIG_ARCNET_COM20020_ISA=m
CONFIG_ARCNET_COM20020_PCI=m
CONFIG_PHYLIB=m
#
# MII PHY device drivers
#
CONFIG_MARVELL_PHY=m
CONFIG_DAVICOM_PHY=m
CONFIG_QSEMI_PHY=m
CONFIG_LXT_PHY=m
CONFIG_CICADA_PHY=m
CONFIG_VITESSE_PHY=m
CONFIG_SMSC_PHY=m
CONFIG_BROADCOM_PHY=m
# CONFIG_ICPLUS_PHY is not set
CONFIG_FIXED_PHY=m
# CONFIG_FIXED_MII_10_FDX is not set
# CONFIG_FIXED_MII_100_FDX is not set
# CONFIG_FIXED_MII_1000_FDX is not set
CONFIG_FIXED_MII_AMNT=1
# CONFIG_MDIO_BITBANG is not set
CONFIG_NET_ETHERNET=y
CONFIG_MII=m
CONFIG_HAPPYMEAL=m
CONFIG_SUNGEM=m
CONFIG_CASSINI=m
CONFIG_NET_VENDOR_3COM=y
CONFIG_EL1=m
CONFIG_EL2=m
CONFIG_ELPLUS=m
CONFIG_EL16=m
CONFIG_EL3=m
CONFIG_3C515=m
CONFIG_ELMC=m
CONFIG_ELMC_II=m
CONFIG_VORTEX=m
CONFIG_TYPHOON=m
CONFIG_LANCE=m
CONFIG_NET_VENDOR_SMC=y
CONFIG_WD80x3=m
CONFIG_ULTRAMCA=m
CONFIG_ULTRA=m
CONFIG_ULTRA32=m
CONFIG_SMC9194=m
CONFIG_NET_VENDOR_RACAL=y
CONFIG_NI52=m
CONFIG_NI65=m
CONFIG_NET_TULIP=y
CONFIG_DE2104X=m
CONFIG_TULIP=m
# CONFIG_TULIP_MWI is not set
# CONFIG_TULIP_MMIO is not set
# CONFIG_TULIP_NAPI is not set
CONFIG_DE4X5=m
CONFIG_WINBOND_840=m
CONFIG_DM9102=m
CONFIG_ULI526X=m
CONFIG_PCMCIA_XIRCOM=m
CONFIG_AT1700=m
CONFIG_DEPCA=m
CONFIG_HP100=m
CONFIG_NET_ISA=y
CONFIG_E2100=m
CONFIG_EWRK3=m
CONFIG_EEXPRESS=m
CONFIG_EEXPRESS_PRO=m
CONFIG_HPLAN_PLUS=m
CONFIG_HPLAN=m
CONFIG_LP486E=m
CONFIG_ETH16I=m
CONFIG_NE2000=m
CONFIG_ZNET=m
CONFIG_SEEQ8005=m
CONFIG_NE2_MCA=m
CONFIG_IBMLANA=m
# CONFIG_IBM_NEW_EMAC_ZMII is not set
# CONFIG_IBM_NEW_EMAC_RGMII is not set
# CONFIG_IBM_NEW_EMAC_TAH is not set
# CONFIG_IBM_NEW_EMAC_EMAC4 is not set
CONFIG_NET_PCI=y
CONFIG_PCNET32=m
# CONFIG_PCNET32_NAPI is not set
CONFIG_AMD8111_ETH=m
# CONFIG_AMD8111E_NAPI is not set
CONFIG_ADAPTEC_STARFIRE=m
# CONFIG_ADAPTEC_STARFIRE_NAPI is not set
CONFIG_AC3200=m
CONFIG_APRICOT=m
CONFIG_B44=m
CONFIG_B44_PCI_AUTOSELECT=y
CONFIG_B44_PCICORE_AUTOSELECT=y
CONFIG_B44_PCI=y
CONFIG_FORCEDETH=m
# CONFIG_FORCEDETH_NAPI is not set
CONFIG_CS89x0=m
CONFIG_EEPRO100=m
CONFIG_E100=m
CONFIG_LNE390=m
CONFIG_FEALNX=m
CONFIG_NATSEMI=m
CONFIG_NE2K_PCI=m
CONFIG_NE3210=m
CONFIG_ES3210=m
CONFIG_8139CP=m
