Date: Tue, 08 Feb 2000 08:55:49 +0530
From: Aditya <>
Subject: LARGE IDE drive problems
Sender: linux-kernel-owner@vger.kernel.org
Precedence: bulk
List-ID: <linux-kernel.vger.kernel.org>
X-Mailing-List: linux-kernel@vger.kernel.org
X-Lkml-Link: https://lkml.org/lkml/2000/2/7/160

Sirs,
I just got a new Maxtor 27GB IDE Drive (7200rpm), which is detected
properly by the BIOS.
Motherboard  :  SiS 5591  (Serial/Version etc:
03/20/98-SiS5591-SMC669-2A5IKJ19C-00)
However, Linux (Slackware Linux 7.0, Kernel 2.2.13) detects the HDD as a
8063 MB disk.
Also, Windows (95 OSR2) has properly detected, formatted and used the 27
GB hard disk (on FAT32)
Could you please suggest a way around this?
the boot messages file (dmesg) and the partition table (fdisk) are
attached.
Thanks.
Hrishikesh Mehendale.Linux version 2.2.13 (root@zap) (gcc version egcs-2.91.66 19990314/Linux (egcs-1.1.2 release)) #127 Thu Oct 21 13:13:20 CDT 1999
Detected 233866023 Hz processor.
Console: colour VGA+ 80x25
Calibrating delay loop... 232.65 BogoMIPS
Memory: 62220k/65536k available (1600k kernel code, 412k reserved, 1188k data, 116k init)
Checking if this processor honours the WP bit even in supervisor mode... Ok.
VFS: Diskquotas version dquot_6.4.0 initialized
CPU: Cyrix M II 3.5x Core/Bus Clock stepping 08
Checking 386/387 coupling... OK, FPU using exception 16 error reporting.
Checking 'hlt' instruction... OK.
Checking for popad bug... OK.
POSIX conformance testing by UNIFIX
mtrr: v1.35a (19990819) Richard Gooch (rgooch@atnf.csiro.au)
PCI: PCI BIOS revision 2.10 entry at 0xfb320
PCI: Using configuration type 1
PCI: Probing PCI hardware
Linux NET4.0 for Linux 2.2
Based upon Swansea University Computer Society NET3.039
NET4: Unix domain sockets 1.0 for Linux NET4.0.
NET4: Linux TCP/IP 1.0 for NET4.0
IP Protocols: ICMP, UDP, TCP, IGMP
Initializing RT netlink socket
Starting kswapd v 1.5 
Detected PS/2 Mouse Port.
Serial driver version 4.27 with HUB-6 MANY_PORTS MULTIPORT SHARE_IRQ enabled
ttyS00 at 0x03f8 (irq = 4) is a 16550A
ttyS01 at 0x02f8 (irq = 3) is a 16550A
pty: 512 Unix98 ptys configured
Real Time Clock Driver v1.09
RAM disk driver initialized:  16 RAM disks of 4096K size
loop: registered device at major 7
SIS5513: IDE controller on PCI bus 00 dev 01
SIS5513: not 100% native mode: will probe irqs later
    ide0: BM-DMA at 0x4000-0x4007, BIOS settings: hda:pio, hdb:pio
    ide1: BM-DMA at 0x4008-0x400f, BIOS settings: hdc:pio, hdd:pio
hda: Maxtor 92732U8, ATA DISK drive
hdc: Hewlett-Packard CD-Writer Plus 7500, ATAPI CDROM drive
hdd: SAMSUNG CD-ROM SCR-3231, ATAPI CDROM drive
ide0 at 0x1f0-0x1f7,0x3f6 on irq 14
ide1 at 0x170-0x177,0x376 on irq 15
hda: Maxtor 92732U8, 8063MB w/2048kB Cache, CHS=3310/255/63
hdc: ATAPI 24X CD-ROM CD-R/RW drive, 1024kB Cache
Uniform CDROM driver Revision: 2.56
hdd: ATAPI 32X CD-ROM drive, 512kB Cache
FDC 0 is a post-1991 82077
md driver 0.36.6 MAX_MD_DEV=4, MAX_REAL=8
linear personality registered
raid0 personality registered
scsi: <fdomain> Detection failed (no card)
NCR53c406a: no available ports found
sym53c416.c: Version 1.0.0
scsi : 0 hosts.
scsi : detected total.
Partition check:
 hda: hda1 hda2 hda3 hda4 < hda5 >
VFS: Mounted root (ext2 filesystem) readonly.
Freeing unused kernel memory: 116k freed
Adding Swap: 64256k swap-space (priority -1)
parport0: PC-style at 0x378 [SPP,PS2]
lp0: using parport0 (polling).
CSLIP: code copyright 1989 Regents of the University of California
SLIP: version 0.8.4-NET3.019-NEWTTY-MODULAR (dynamic channels, max=256).
SLIP linefill/keepalive option.
PPP: version 2.3.7 (demand dialling)
PPP line discipline registered.
PPP BSD Compression module registered
Linux PCMCIA Card Services 3.0.14
  kernel build: 2.2.13 #22 Wed Oct 20 17:32:52 CDT 1999
  options:  [pci] [cardbus]
Intel PCIC probe: not found.
Databook TCIC-2 PCMCIA probe: not found.
ds: no socket drivers loaded!
iBCS: socksys registered on character major 30
   Device Boot    Start       End    Blocks   Id  System
/dev/hda1   *         1       523   4200966    b  Win95 FAT32
/dev/hda2           524       531     64260   82  Linux swap
/dev/hda3           532      1027   3984120   83  Linux native
/dev/hda4          1025      3310  18362295    f  Win95 Ext'd (LBA)
/dev/hda5          1025      3310  18362263+   b  Win95 FAT32