Date: Sun, 30 Jan 2005 17:04:53 +0000
From: Nix <>
Subject: 2.6.10: SPARC64 mapped figure goes unsignedly negative...
Sender: linux-kernel-owner@vger.kernel.org
Precedence: bulk
List-ID: <linux-kernel.vger.kernel.org>
X-Mailing-List: linux-kernel@vger.kernel.org
X-Lkml-Link: https://lkml.org/lkml/2005/1/30/76

/proc/meminfo on my UltraSPARC IIi:
MemTotal:       512816 kB
MemFree:         14208 kB
Buffers:         51328 kB
Cached:         163056 kB
SwapCached:          0 kB
Active:         142160 kB
Inactive:       304712 kB
HighTotal:           0 kB
HighFree:            0 kB
LowTotal:       512816 kB
LowFree:         14208 kB
SwapTotal:     1557264 kB
SwapFree:      1557176 kB
Dirty:            5256 kB
Writeback:           0 kB
Mapped:       18446744073687883208 kB
Slab:            43928 kB
CommitLimit:   1813672 kB
Committed_AS:   342712 kB
PageTables:       1728 kB
VmallocTotal:  3145728 kB
VmallocUsed:       456 kB
VmallocChunk:  3145272 kB
That Mapped figure looks somewhat inaccurate, being about negative
19Gb. The other figures are pretty much right, as far as I can tell.
(This kernel is compiled with GCC-3.4.3, which might be relevant.)
-- 
`Blish is clearly in love with language. Unfortunately,
 language dislikes him intensely.' --- Russ Allbery
-
To unsubscribe from this list: send the line "unsubscribe linux-kernel" in
the body of a message to majordomo@vger.kernel.org
More majordomo info at  
http://vger.kernel.org/majordomo-info.html
Please read the FAQ at  
http://www.tux.org/lkml/