Date: Sun, 12 Mar 2006 12:04:14 +0100 (CET)
From: Krzysztof Oledzki <>
Subject: Re: More than 8 CPUs detected and CONFIG_X86_PC cannot handle it on 2.6.16-rc6
Sender: linux-kernel-owner@vger.kernel.org
Precedence: bulk
List-ID: <linux-kernel.vger.kernel.org>
X-Mailing-List: linux-kernel@vger.kernel.org
X-Lkml-Link: https://lkml.org/lkml/2006/3/12/41

On Sat, 11 Mar 2006, Andrew Morton wrote:
> Krzysztof Oledzki <olel@ans.pl> wrote:
>>
>> After upgrading to 2.6.16-rc6 I noticed this strange message:
>>
>>  More than 8 CPUs detected and CONFIG_X86_PC cannot handle it.
>>  Use CONFIG_X86_GENERICARCH or CONFIG_X86_BIGSMP.
>>
>> This is a Dell PowerEdge SC1425 with two P4 Xeons with HT enabled (so with
>>  totoal of 4 logical CPUs).
>
> Please send full dmesg output for the failing kernel, thanks.
Attached.
> Which is the most-recently-tested kernel which behaved correctly?
2.6.15.6
Best regards,
 					Krzysztof OlÄ™dzkiLinux version 2.6.16-rc6 (root@fw2) (gcc version 3.4.5) #1 SMP PREEMPT Sun Mar 12 02:43:26 CET 2006
BIOS-provided physical RAM map:
 BIOS-e820: 0000000000000000 - 00000000000a0000 (usable)
 BIOS-e820: 0000000000100000 - 000000007ffc0000 (usable)
 BIOS-e820: 000000007ffc0000 - 000000007ffcfc00 (ACPI data)
 BIOS-e820: 000000007ffcfc00 - 000000007ffff000 (reserved)
 BIOS-e820: 00000000e0000000 - 00000000f0000000 (reserved)
 BIOS-e820: 00000000fec00000 - 00000000fec90000 (reserved)
 BIOS-e820: 00000000fed00000 - 00000000fed00400 (reserved)
 BIOS-e820: 00000000fee00000 - 00000000fee10000 (reserved)
 BIOS-e820: 00000000ffb00000 - 0000000100000000 (reserved)
2047MB LOWMEM available.
found SMP MP-table at 000fe710
On node 0 totalpages: 524224
  DMA zone: 4096 pages, LIFO batch:0
  DMA32 zone: 0 pages, LIFO batch:0
  Normal zone: 520128 pages, LIFO batch:31
  HighMem zone: 0 pages, LIFO batch:0
DMI 2.3 present.
ACPI: RSDP (v000 DELL                                  ) @ 0x000fd650
ACPI: RSDT (v001 DELL   PESC1425 0x00000001 MSFT 0x0100000a) @ 0x000fd664
ACPI: FADT (v001 DELL   PESC1425 0x00000001 MSFT 0x0100000a) @ 0x000fd6b0
ACPI: MADT (v001 DELL   PESC1425 0x00000001 MSFT 0x0100000a) @ 0x000fd724
ACPI: SPCR (v001 DELL   PESC1425 0x00000001 MSFT 0x0100000a) @ 0x000fd7c0
ACPI: HPET (v001 DELL   PESC1425 0x00000001 MSFT 0x0100000a) @ 0x000fd810
ACPI: MCFG (v001 DELL   PESC1425 0x00000001 MSFT 0x0100000a) @ 0x000fd848
ACPI: DSDT (v001 DELL   PESC1425 0x00000001 MSFT 0x0100000e) @ 0x00000000
ACPI: PM-Timer IO Port: 0x808
ACPI: Local APIC address 0xfee00000
ACPI: LAPIC (acpi_id[0x01] lapic_id[0x00] enabled)
Processor #0 15:4 APIC version 20
ACPI: LAPIC (acpi_id[0x02] lapic_id[0x06] enabled)
Processor #6 15:4 APIC version 20
ACPI: LAPIC (acpi_id[0x03] lapic_id[0x01] enabled)
Processor #1 15:4 APIC version 20
ACPI: LAPIC (acpi_id[0x04] lapic_id[0x07] enabled)
Processor #7 15:4 APIC version 20
ACPI: LAPIC_NMI (acpi_id[0x01] high edge lint[0x1])
ACPI: LAPIC_NMI (acpi_id[0x02] high edge lint[0x1])
ACPI: LAPIC_NMI (acpi_id[0x03] high edge lint[0x1])
ACPI: LAPIC_NMI (acpi_id[0x04] high edge lint[0x1])
ACPI: IOAPIC (id[0x08] address[0xfec00000] gsi_base[0])
IOAPIC[0]: apic_id 8, version 32, address 0xfec00000, GSI 0-23
ACPI: IOAPIC (id[0x09] address[0xfec80000] gsi_base[32])
IOAPIC[1]: apic_id 9, version 32, address 0xfec80000, GSI 32-55
ACPI: IOAPIC (id[0x0a] address[0xfec80800] gsi_base[64])
IOAPIC[2]: apic_id 10, version 32, address 0xfec80800, GSI 64-87
ACPI: INT_SRC_OVR (bus 0 bus_irq 0 global_irq 2 dfl dfl)
ACPI: INT_SRC_OVR (bus 0 bus_irq 9 global_irq 9 high level)
ACPI: IRQ0 used by override.
ACPI: IRQ2 used by override.
ACPI: IRQ9 used by override.
Enabling APIC mode:  Flat.  Using 3 I/O APICs
ACPI: HPET id: 0xffffffff base: 0xfed00000
More than 8 CPUs detected and CONFIG_X86_PC cannot handle it.
Use CONFIG_X86_GENERICARCH or CONFIG_X86_BIGSMP.
Using ACPI (MADT) for SMP configuration information
Allocating PCI resources starting at 80000000 (gap: 7ffff000:60001000)
Built 1 zonelists
Kernel command line: auto BOOT_IMAGE=Linux-2.6.16r6 ro root=900 rootflags=data=journal ip_conntrack.hashsize=131072
mapped APIC to ffffd000 (fee00000)
mapped IOAPIC to ffffc000 (fec00000)
mapped IOAPIC to ffffb000 (fec80000)
mapped IOAPIC to ffffa000 (fec80800)
Enabling fast FPU save and restore... done.
Enabling unmasked SIMD FPU exception support... done.
Initializing CPU#0
PID hash table entries: 4096 (order: 12, 65536 bytes)
Console: colour VGA+ 80x30
Dentry cache hash table entries: 524288 (order: 9, 2097152 bytes)
Inode-cache hash table entries: 262144 (order: 8, 1048576 bytes)
Memory: 2072088k/2096896k available (2967k kernel code, 24404k reserved, 1041k data, 216k init, 0k highmem)
Checking if this processor honours the WP bit even in supervisor mode... Ok.
hpet0: at MMIO 0xfed00000 (virtual 0xf8800000), IRQs 2, 8, 0
hpet0: 3 64-bit timers, 14318180 Hz
Using HPET for base-timer
Using HPET for gettimeofday
Detected 3200.687 MHz processor.
Using hpet for high-res timesource
Calibrating delay using timer specific routine.. 6404.87 BogoMIPS (lpj=3202439)
Mount-cache hash table entries: 512
CPU: After generic identify, caps: bfebfbff 20100000 00000000 00000000 0000641d 00000000 00000000
CPU: After vendor identify, caps: bfebfbff 20100000 00000000 00000000 0000641d 00000000 00000000
monitor/mwait feature present.
using mwait in idle threads.
CPU: Trace cache: 12K uops, L1 D cache: 16K
CPU: L2 cache: 2048K
CPU: Physical Processor ID: 0
CPU: After all inits, caps: bfebfbff 20100000 00000000 00000180 0000641d 00000000 00000000
Intel machine check architecture supported.
Intel machine check reporting enabled on CPU#0.
CPU0: Intel P4/Xeon Extended MCE MSRs (24) available
CPU0: Thermal monitoring enabled
Checking 'hlt' instruction... OK.
CPU0: Intel(R) Xeon(TM) CPU 3.20GHz stepping 03
Booting processor 1/1 eip 3000
Initializing CPU#1
Calibrating delay using timer specific routine.. 6400.28 BogoMIPS (lpj=3200140)
CPU: After generic identify, caps: bfebfbff 20100000 00000000 00000000 0000641d 00000000 00000000
CPU: After vendor identify, caps: bfebfbff 20100000 00000000 00000000 0000641d 00000000 00000000
monitor/mwait feature present.
CPU: Trace cache: 12K uops, L1 D cache: 16K
CPU: L2 cache: 2048K
CPU: Physical Processor ID: 0
CPU: After all inits, caps: bfebfbff 20100000 00000000 00000180 0000641d 00000000 00000000
Intel machine check architecture supported.
Intel machine check reporting enabled on CPU#1.
CPU1: Intel P4/Xeon Extended MCE MSRs (24) available
CPU1: Thermal monitoring enabled
CPU1: Intel(R) Xeon(TM) CPU 3.20GHz stepping 03
Booting processor 2/6 eip 3000
Initializing CPU#2
Calibrating delay using timer specific routine.. 6400.31 BogoMIPS (lpj=3200157)
CPU: After generic identify, caps: bfebfbff 20100000 00000000 00000000 0000641d 00000000 00000000
CPU: After vendor identify, caps: bfebfbff 20100000 00000000 00000000 0000641d 00000000 00000000
monitor/mwait feature present.
CPU: Trace cache: 12K uops, L1 D cache: 16K
CPU: L2 cache: 2048K
CPU: Physical Processor ID: 3
CPU: After all inits, caps: bfebfbff 20100000 00000000 00000180 0000641d 00000000 00000000
Intel machine check architecture supported.
Intel machine check reporting enabled on CPU#2.
CPU2: Intel P4/Xeon Extended MCE MSRs (24) available
CPU2: Thermal monitoring enabled
CPU2: Intel(R) Xeon(TM) CPU 3.20GHz stepping 03
Booting processor 3/7 eip 3000
Initializing CPU#3
Calibrating delay using timer specific routine.. 6400.32 BogoMIPS (lpj=3200161)
CPU: After generic identify, caps: bfebfbff 20100000 00000000 00000000 0000641d 00000000 00000000
CPU: After vendor identify, caps: bfebfbff 20100000 00000000 00000000 0000641d 00000000 00000000
monitor/mwait feature present.
CPU: Trace cache: 12K uops, L1 D cache: 16K
CPU: L2 cache: 2048K
CPU: Physical Processor ID: 3
CPU: After all inits, caps: bfebfbff 20100000 00000000 00000180 0000641d 00000000 00000000
Intel machine check architecture supported.
Intel machine check reporting enabled on CPU#3.
CPU3: Intel P4/Xeon Extended MCE MSRs (24) available
CPU3: Thermal monitoring enabled
CPU3: Intel(R) Xeon(TM) CPU 3.20GHz stepping 03
Total of 4 processors activated (25605.79 BogoMIPS).
ENABLING IO-APIC IRQs
..TIMER: vector=0x31 apic1=0 pin1=2 apic2=-1 pin2=-1
checking TSC synchronization across 4 CPUs: passed.
Brought up 4 CPUs
migration_cost=1000,1000
NET: Registered protocol family 16
ACPI: bus type pci registered
PCI: PCI BIOS revision 2.10 entry at 0xfc3de, last bus=4
PCI: Using MMCONFIG
ACPI: Subsystem revision 20060127
ACPI: Interpreter enabled
ACPI: Using IOAPIC for interrupt routing
ACPI: PCI Root Bridge [PCI0] (0000:00)
PCI: Probing PCI hardware (bus 00)
PCI quirk: region 0800-087f claimed by ICH4 ACPI/GPIO/TCO
PCI quirk: region 0880-08bf claimed by ICH4 GPIO
PCI: Ignoring BAR0-3 of IDE controller 0000:00:1f.1
PCI: PXH quirk detected, disabling MSI for SHPC device
PCI: PXH quirk detected, disabling MSI for SHPC device
Boot video device is 0000:04:0d.0
PCI: Transparent bridge - 0000:00:1e.0
ACPI: PCI Interrupt Routing Table [\_SB_.PCI0._PRT]
ACPI: PCI Interrupt Routing Table [\_SB_.PCI0.PALO._PRT]
ACPI: PCI Interrupt Routing Table [\_SB_.PCI0.PALO.PXHB._PRT]
ACPI: PCI Interrupt Routing Table [\_SB_.PCI0.PALO.PXHA._PRT]
ACPI: PCI Interrupt Routing Table [\_SB_.PCI0.PICH._PRT]
ACPI: PCI Interrupt Link [LNKA] (IRQs 3 4 5 6 7 10 *11 12)
ACPI: PCI Interrupt Link [LNKB] (IRQs 3 4 5 6 7 10 *11 12)
ACPI: PCI Interrupt Link [LNKC] (IRQs 3 4 *5 6 7 10 11 12)
ACPI: PCI Interrupt Link [LNKD] (IRQs 3 4 5 6 7 *10 11 12)
ACPI: PCI Interrupt Link [LNKE] (IRQs *3 4 5 6 7 10 11 12)
ACPI: PCI Interrupt Link [LNKF] (IRQs 3 4 5 6 7 10 11 12) *0, disabled.
ACPI: PCI Interrupt Link [LNKG] (IRQs 3 4 5 6 7 10 11 12) *0, disabled.
ACPI: PCI Interrupt Link [LNKH] (IRQs 3 4 5 *6 7 10 11 12)
Linux Plug and Play Support v0.97 (c) Adam Belay
pnp: PnP ACPI init
pnp: PnP ACPI: found 11 devices
SCSI subsystem initialized
usbcore: registered new driver usbfs
usbcore: registered new driver hub
PCI: Using ACPI for IRQ routing
PCI: If a device doesn't work, try "pci=routeirq".  If it helps, post a report
TC classifier action (bugs to netdev@vger.kernel.org cc hadi@cyberus.ca)
pnp: 00:08: ioport range 0x800-0x87f could not be reserved
pnp: 00:08: ioport range 0x880-0x8bf has been reserved
pnp: 00:08: ioport range 0x8c0-0x8df has been reserved
pnp: 00:08: ioport range 0x8e0-0x8e3 has been reserved
pnp: 00:08: ioport range 0xc00-0xc0f has been reserved
pnp: 00:08: ioport range 0xc10-0xc1f has been reserved
pnp: 00:08: ioport range 0xca0-0xcaf has been reserved
pnp: 00:08: ioport range 0xc20-0xc3f has been reserved
PCI: Bridge: 0000:01:00.0
  IO window: e000-efff
  MEM window: fe900000-feafffff
  PREFETCH window: disabled.
PCI: Bridge: 0000:01:00.2
  IO window: disabled.
  MEM window: disabled.
  PREFETCH window: disabled.
PCI: Bridge: 0000:00:02.0
  IO window: e000-efff
  MEM window: fe700000-feafffff
  PREFETCH window: disabled.
PCI: Bridge: 0000:00:1e.0
  IO window: d000-dfff
  MEM window: fe500000-fe6fffff
  PREFETCH window: f0000000-f7ffffff
ACPI: PCI Interrupt 0000:00:02.0[A] -> GSI 16 (level, low) -> IRQ 169
PCI: Setting latency timer of device 0000:00:02.0 to 64
PCI: Setting latency timer of device 0000:01:00.0 to 64
PCI: Setting latency timer of device 0000:01:00.2 to 64
PCI: Setting latency timer of device 0000:00:1e.0 to 64
Machine check exception polling timer started.
IA-32 Microcode Update Driver: v1.14 <tigran@veritas.com>
audit: initializing netlink socket (disabled)
audit(1142131816.949:1): initialized
Initializing Cryptographic API
io scheduler noop registered
io scheduler anticipatory registered
io scheduler deadline registered (default)
io scheduler cfq registered
Intel E7520/7320/7525 detected.<6>ACPI: PCI Interrupt 0000:00:02.0[A] -> GSI 16 (level, low) -> IRQ 169
PCI: Setting latency timer of device 0000:00:02.0 to 64
Allocate Port Service[0000:00:02.0:pcie00]
Allocate Port Service[0000:00:02.0:pcie01]
ACPI: Power Button (FF) [PWRF]
ACPI: Video Device [EVGA] (multi-head: no  rom: yes  post: no)
Real Time Clock Driver v1.12ac
hpet_resources: 0xfed00000 is busy
ipmi message handler version 38.0
ipmi device interface
IPMI System Interface driver.
ipmi_si: Found SMBIOS-specified state machine at I/O address 0xca8, slave address 0x20
 IPMI kcs interface initialized
IPMI Watchdog: driver initialized
Copyright (C) 2004 MontaVista Software - IPMI Powerdown via sys_reboot.
IPMI poweroff: Found a chassis style poweroff function
PNP: PS/2 Controller [PNP0303:KBD,PNP0f13:MOU] at 0x60,0x64 irq 1,12
serio: i8042 AUX port at 0x60,0x64 irq 12
serio: i8042 KBD port at 0x60,0x64 irq 1
Serial: 8250/16550 driver $Revision: 1.90 $ 4 ports, IRQ sharing disabled
serial8250: ttyS0 at I/O 0x3f8 (irq = 4) is a 16550A
00:07: ttyS0 at I/O 0x3f8 (irq = 4) is a 16550A
floppy0: no floppy controllers found
loop: loaded (max 8 devices)
Intel(R) PRO/1000 Network Driver - version 6.3.9-k4-NAPI
Copyright (c) 1999-2005 Intel Corporation.
ACPI: PCI Interrupt 0000:02:04.0[A] -> GSI 32 (level, low) -> IRQ 177
e1000: 0000:02:04.0: e1000_probe: (PCI:66MHz:32-bit) 00:14:22:b0:cb:52
e1000: eth0: e1000_probe: Intel(R) PRO/1000 Network Connection
ACPI: PCI Interrupt 0000:04:03.0[A] -> GSI 20 (level, low) -> IRQ 185
e1000: 0000:04:03.0: e1000_probe: (PCI:33MHz:32-bit) 00:14:22:b0:cb:53
e1000: eth1: e1000_probe: Intel(R) PRO/1000 Network Connection
Uniform Multi-Platform E-IDE driver Revision: 7.00alpha2
ide: Assuming 33MHz system bus speed for PIO modes; override with idebus=xx
ICH5: IDE controller at PCI slot 0000:00:1f.1
PCI: Enabling device 0000:00:1f.1 (0005 -> 0007)
ACPI: PCI Interrupt 0000:00:1f.1[A] -> GSI 18 (level, low) -> IRQ 193
ICH5: chipset revision 2
ICH5: not 100% native mode: will probe irqs later
    ide0: BM-DMA at 0xfc00-0xfc07, BIOS settings: hda:DMA, hdb:pio
Probing IDE interface ide0...
hda: HL-DT-ST DVD-ROM GDR-8084N, ATAPI CD/DVD-ROM drive
ide0 at 0x1f0-0x1f7,0x3f6 on irq 14
hda: ATAPI 24X DVD-ROM drive, 2048kB Cache, UDMA(33)
Uniform CD-ROM driver Revision: 3.20
libata version 1.20 loaded.
ata_piix 0000:00:1f.2: version 1.05
ACPI: PCI Interrupt 0000:00:1f.2[A] -> GSI 18 (level, low) -> IRQ 193
PCI: Setting latency timer of device 0000:00:1f.2 to 64
ata1: SATA max UDMA/133 cmd 0xCCB8 ctl 0xCCB2 bmdma 0xCC80 irq 193
ata2: SATA max UDMA/133 cmd 0xCCA0 ctl 0xCC9A bmdma 0xCC88 irq 193
ata1: dev 0 cfg 49:2f00 82:746b 83:7f01 84:4023 85:7469 86:3c01 87:4023 88:207f
ata1: dev 0 ATA-7, max UDMA/133, 156250000 sectors: LBA48
ata1: dev 0 configured for UDMA/133
scsi0 : ata_piix
ata2: dev 0 cfg 49:2f00 82:746b 83:7f01 84:4023 85:7469 86:3c01 87:4023 88:207f
ata2: dev 0 ATA-7, max UDMA/133, 156250000 sectors: LBA48
ata2: dev 0 configured for UDMA/133
scsi1 : ata_piix
  Vendor: ATA       Model: WDC WD800JD-75MS  Rev: 10.0
  Type:   Direct-Access                      ANSI SCSI revision: 05
  Vendor: ATA       Model: WDC WD800JD-75MS  Rev: 10.0
  Type:   Direct-Access                      ANSI SCSI revision: 05
SCSI device sda: 156250000 512-byte hdwr sectors (80000 MB)
sda: Write Protect is off
sda: Mode Sense: 00 3a 00 00
SCSI device sda: drive cache: write back
SCSI device sda: 156250000 512-byte hdwr sectors (80000 MB)
sda: Write Protect is off
sda: Mode Sense: 00 3a 00 00
SCSI device sda: drive cache: write back
 sda: sda1 sda2 sda3 sda4 < sda5 sda6 sda7 sda8 sda9 >
sd 0:0:0:0: Attached scsi disk sda
SCSI device sdb: 156250000 512-byte hdwr sectors (80000 MB)
sdb: Write Protect is off
sdb: Mode Sense: 00 3a 00 00
SCSI device sdb: drive cache: write back
SCSI device sdb: 156250000 512-byte hdwr sectors (80000 MB)
sdb: Write Protect is off
sdb: Mode Sense: 00 3a 00 00
SCSI device sdb: drive cache: write back
 sdb: sdb1 sdb2 sdb3 sdb4 < sdb5 sdb6 sdb7 sdb8 sdb9 >
sd 1:0:0:0: Attached scsi disk sdb
sd 0:0:0:0: Attached scsi generic sg0 type 0
sd 1:0:0:0: Attached scsi generic sg1 type 0
ACPI: PCI Interrupt 0000:00:1d.7[D] -> GSI 23 (level, low) -> IRQ 201
PCI: Setting latency timer of device 0000:00:1d.7 to 64
ehci_hcd 0000:00:1d.7: EHCI Host Controller
ehci_hcd 0000:00:1d.7: debug port 1
PCI: cache line size of 128 is not supported by device 0000:00:1d.7
ehci_hcd 0000:00:1d.7: new USB bus registered, assigned bus number 1
ehci_hcd 0000:00:1d.7: irq 201, io mem 0xfeb00000
ehci_hcd 0000:00:1d.7: USB 2.0 started, EHCI 1.00, driver 10 Dec 2004
usb usb1: configuration #1 chosen from 1 choice
hub 1-0:1.0: USB hub found
hub 1-0:1.0: 4 ports detected
USB Universal Host Controller Interface driver v2.3
ACPI: PCI Interrupt 0000:00:1d.0[A] -> GSI 16 (level, low) -> IRQ 169
PCI: Setting latency timer of device 0000:00:1d.0 to 64
uhci_hcd 0000:00:1d.0: UHCI Host Controller
uhci_hcd 0000:00:1d.0: new USB bus registered, assigned bus number 2
uhci_hcd 0000:00:1d.0: irq 169, io base 0x0000cce0
usb usb2: configuration #1 chosen from 1 choice
hub 2-0:1.0: USB hub found
hub 2-0:1.0: 2 ports detected
ACPI: PCI Interrupt 0000:00:1d.1[B] -> GSI 19 (level, low) -> IRQ 209
PCI: Setting latency timer of device 0000:00:1d.1 to 64
uhci_hcd 0000:00:1d.1: UHCI Host Controller
uhci_hcd 0000:00:1d.1: new USB bus registered, assigned bus number 3
uhci_hcd 0000:00:1d.1: irq 209, io base 0x0000ccc0
usb usb3: configuration #1 chosen from 1 choice
hub 3-0:1.0: USB hub found
hub 3-0:1.0: 2 ports detected
usbcore: registered new driver usblp
drivers/usb/class/usblp.c: v0.13: USB Printer Device Class driver
usbcore: registered new driver usbhid
drivers/usb/input/hid-core.c: v2.6:USB HID core driver
mice: PS/2 mouse device common for all mice
input: AT Translated Set 2 keyboard as /class/input/input0
input: PC Speaker as /class/input/input1
md: raid1 personality registered for level 1
md: md driver 0.90.3 MAX_MD_DEVS=256, MD_SB_DISKS=27
md: bitmap version 4.39
 dcdbas: Dell Systems Management Base Driver (version 5.6.0-2)
GACT probability on
Mirror/redirect action on
Simple TC action Loaded
netem: version 1.2
u32 classifier
    Perfomance counters on
    input device check on 
    Actions configured 
Netfilter messages via NETLINK v0.30.
NET: Registered protocol family 2
IP route cache hash table entries: 131072 (order: 7, 524288 bytes)
TCP established hash table entries: 262144 (order: 9, 3145728 bytes)
TCP bind hash table entries: 65536 (order: 7, 786432 bytes)
TCP: Hash tables configured (established 262144 bind 65536)
TCP reno registered
IPv4 over IPv4 tunneling driver
GRE over IPv4 tunneling driver
ip_conntrack version 2.4 (131072 buckets, 1048576 max) - 232 bytes per conntrack
ctnetlink v0.90: registering with nfnetlink.
ip_conntrack_pptp version 3.1 loaded
ip_nat_pptp version 3.0 loaded
ip_tables: (C) 2000-2006 Netfilter Core Team
ipt_time loading
ipt_random match loaded
ipt_recent v0.3.1: Stephen Frost <sfrost@snowman.net>.  
http://snowman.net/projects/ipt_recent/
IPP2P v0.8.1_rc1 loading
ClusterIP Version 0.8 loaded successfully
arp_tables: (C) 2002 David S. Miller
IPVS: Registered protocols (TCP, UDP)
IPVS: Connection hash table configured (size=65536, memory=512Kbytes)
IPVS: ipvs loaded.
IPVS: [rr] scheduler registered.
IPVS: [wrr] scheduler registered.
IPVS: [lc] scheduler registered.
IPVS: [wlc] scheduler registered.
IPVS: [lblc] scheduler registered.
IPVS: [lblcr] scheduler registered.
IPVS: [dh] scheduler registered.
IPVS: [sh] scheduler registered.
IPVS: [sed] scheduler registered.
IPVS: [nq] scheduler registered.
TCP bic registered
TCP cubic registered
TCP westwood registered
TCP highspeed registered
TCP hybla registered
TCP htcp registered
TCP vegas registered
TCP scalable registered
Initializing IPsec netlink socket
NET: Registered protocol family 1
NET: Registered protocol family 10
lo: Disabled Privacy Extensions
IPv6 over IPv4 tunneling driver
ip6_tables: (C) 2000-2006 Netfilter Core Team
NET: Registered protocol family 17
NET: Registered protocol family 15
802.1Q VLAN Support v1.8 Ben Greear <greearb@candelatech.com>
All bugs added by David S. Miller <davem@redhat.com>
p4-clockmod: P4/Xeon(TM) CPU On-Demand Clock Modulation available
Using IPI No-Shortcut mode
ACPI wakeup devices: 
PCI0 PALO  PXH PXHB PXHA PICH 
ACPI: (supports S0 S4 S5)
BIOS EDD facility v0.16 2004-Jun-25, 2 devices found
md: Autodetecting RAID arrays.
input: ImExPS/2 Logitech Explorer Mouse as /class/input/input2
md: autorun ...
md: considering sdb9 ...
md:  adding sdb9 ...
md: sdb8 has different UUID to sdb9
md: sdb7 has different UUID to sdb9
md: sdb6 has different UUID to sdb9
md: sdb5 has different UUID to sdb9
md: sdb3 has different UUID to sdb9
md: sdb2 has different UUID to sdb9
md:  adding sda9 ...
md: sda8 has different UUID to sdb9
md: sda7 has different UUID to sdb9
md: sda6 has different UUID to sdb9
md: sda5 has different UUID to sdb9
md: sda3 has different UUID to sdb9
md: sda2 has different UUID to sdb9
md: created md5
md: bind<sda9>
md: bind<sdb9>
md: running: <sdb9><sda9>
raid1: raid set md5 active with 2 out of 2 mirrors
md: considering sdb8 ...
md:  adding sdb8 ...
md: sdb7 has different UUID to sdb8
md: sdb6 has different UUID to sdb8
md: sdb5 has different UUID to sdb8
md: sdb3 has different UUID to sdb8
md: sdb2 has different UUID to sdb8
md:  adding sda8 ...
md: sda7 has different UUID to sdb8
md: sda6 has different UUID to sdb8
md: sda5 has different UUID to sdb8
md: sda3 has different UUID to sdb8
md: sda2 has different UUID to sdb8
md: created md4
md: bind<sda8>
md: bind<sdb8>
md: running: <sdb8><sda8>
raid1: raid set md4 active with 2 out of 2 mirrors
md: considering sdb7 ...
md:  adding sdb7 ...
md: sdb6 has different UUID to sdb7
md: sdb5 has different UUID to sdb7
md: sdb3 has different UUID to sdb7
md: sdb2 has different UUID to sdb7
md:  adding sda7 ...
md: sda6 has different UUID to sdb7
md: sda5 has different UUID to sdb7
md: sda3 has different UUID to sdb7
md: sda2 has different UUID to sdb7
md: created md3
md: bind<sda7>
md: bind<sdb7>
md: running: <sdb7><sda7>
raid1: raid set md3 active with 2 out of 2 mirrors
md: considering sdb6 ...
md:  adding sdb6 ...
md: sdb5 has different UUID to sdb6
md: sdb3 has different UUID to sdb6
md: sdb2 has different UUID to sdb6
md:  adding sda6 ...
md: sda5 has different UUID to sdb6
md: sda3 has different UUID to sdb6
md: sda2 has different UUID to sdb6
md: created md2
md: bind<sda6>
md: bind<sdb6>
md: running: <sdb6><sda6>
raid1: raid set md2 active with 2 out of 2 mirrors
md: considering sdb5 ...
md:  adding sdb5 ...
md: sdb3 has different UUID to sdb5
md: sdb2 has different UUID to sdb5
md:  adding sda5 ...
md: sda3 has different UUID to sdb5
md: sda2 has different UUID to sdb5
md: created md1
md: bind<sda5>
md: bind<sdb5>
md: running: <sdb5><sda5>
raid1: raid set md1 active with 2 out of 2 mirrors
md: considering sdb3 ...
md:  adding sdb3 ...
md: sdb2 has different UUID to sdb3
md:  adding sda3 ...
md: sda2 has different UUID to sdb3
md: created md15
md: bind<sda3>
md: bind<sdb3>
md: running: <sdb3><sda3>
raid1: raid set md15 active with 2 out of 2 mirrors
md: considering sdb2 ...
md:  adding sdb2 ...
md:  adding sda2 ...
md: created md0
md: bind<sda2>
md: bind<sdb2>
md: running: <sdb2><sda2>
raid1: raid set md0 active with 2 out of 2 mirrors
md: ... autorun DONE.
kjournald starting.  Commit interval 5 seconds
EXT3-fs: mounted filesystem with journal data mode.
VFS: Mounted root (ext3 filesystem) readonly.
Freeing unused kernel memory: 216k freed
Adding 2007992k swap on /dev/md15.  Priority:8192 extents:1 across:2007992k
EXT3 FS on md0, internal journal
kjournald starting.  Commit interval 5 seconds
EXT3 FS on md1, internal journal
EXT3-fs: mounted filesystem with journal data mode.
kjournald starting.  Commit interval 5 seconds
EXT3 FS on md2, internal journal
EXT3-fs: mounted filesystem with journal data mode.