Date: Sun, 7 Dec 2003 19:21:28 -0800
From: Misha Nasledov <>
Subject: 2.6.0-test11 Oops
Sender: linux-kernel-owner@vger.kernel.org
Precedence: bulk
List-ID: <linux-kernel.vger.kernel.org>
X-Mailing-List: linux-kernel@vger.kernel.org
X-Lkml-Link: https://lkml.org/lkml/2003/12/7/173

I just encountered an Oops on my IBM ThinkPad T21 with 2.6.0-test11. I
suspect that it has something to do with my battery being so low that it would
not even give a reading. I had to copy down the oops and by the time I
rebooted the machine, it had charged enough and booted successfuly. Here is
the text of the oops:
EIP:	0060:[<c0119179>]	Not tainted
EFLAGS:	00010002
EIP is at schedule+0xf9/0x590
eax: 00000001	ebx: c03acc20	ecx: c03acc40	edx: 28b4a89a
esi: 00000000	edi: cfe38800	ebp: c0425cfc	esp: c0425cb8
ds: 008b	es: 007b	ss: 0068
Process swapper (pid: 0, threadinfo=c0424000 task=c03acc20)
Stack: c036bae0 c0424000 00000246 00000001 c0425d24 c02ae50d 00000000 00000000
       00000000 c0425d10 00000246 0bb0fbdc 3465a476 00000005 fffbb5e4 c0425d10
       cfe38800 00000002 c0125123 c0425d10 fffbb5ef 00004103 c0465d68 c0465d68
Call Trace:
 [<c02ae50d>] pci_read+0x35/0x50
 [<c0125123>] schedule_timeout+0x63/0xc0
 [<c01250b0>] process_timeout+0x0/0x10
 [<c0208579>] pci_set_power_state+0xd9/0x180
 [<d10ac5cb>] acpi_set_WOL+0x8b/0xa0 [3c59x]
 [<d10aa5c8>] vortex_error+0x228/0x3c0 [3c59x]
 [<d108bd9e>] cs_interrupt+0x15e/0x190 [cs46xx]
 [<c010ad19>] handle_IRQ_event+0x49/0x80
 [<c010b08f>] do_IRQ+0x8f/0x130
 [<c01094f8>] common_interrupt+0x18/0x20
 [<c010af6d>] enable_irq+0x3d/0xd0
 [<c02c3b58>] __netdev_watchdog_up+0x38/0x70
 [<d10a9c69>] vortex_timer+0xd9/0x580 [3c59x]
 [<d10a9b90>] vortex_timer+0x0/0x580 [3c59x]
 [<c0124dfb>] run_timer_softirq+0xcb/0x1c0
 [<c0124fe0>] do_timer+0xe0/0xf0
 [<c0120995>] do_softirq+0x59/0xa0
 [<c010b0fb>] do_IRQ+0xfb/0x130
 [<c01094f8>] common_interrupt+0x18/0x20
 [<c0114e10>] apm_bios_call_simple+0x70/0xd0
 [<c0114fc3>] apm_do_idle+0x23/0x80
 [<c01150f3>] apm_cpu_idle+0xa3/0x140
 [<c0105000>] rest_init+0x0/0x60
 [<c0107044>] cpu_idle+0x34/0x40
 [<c042670d>] start_kernel+0x14d/0x160
 [<c0426470>] unknown_bootoption+0x0/0x120
Code: ff 0e 8b 51 04 8b 43 20 89 50 04 89 02 c7 41 04 00 02 20 00
 <0>Kernel panic: Fatal exception in interrupt
In interrupt handler - not syncing
Here is an lspci:
00:00.0 Host bridge: Intel Corp. 440BX/ZX/DX - 82443BX/ZX/DX Host bridge (rev 03)
00:01.0 PCI bridge: Intel Corp. 440BX/ZX/DX - 82443BX/ZX/DX AGP bridge (rev 03)
00:02.0 CardBus bridge: Texas Instruments PCI1450 (rev 03)
00:02.1 CardBus bridge: Texas Instruments PCI1450 (rev 03)
00:03.0 Ethernet controller: 3Com Corporation 3c556B Hurricane CardBus (rev 20)
00:03.1 Communication controller: 3Com Corporation Mini PCI 56k Winmodem (rev 20)
00:05.0 Multimedia audio controller: Cirrus Logic CS 4614/22/24 [CrystalClear SoundFusion Audio Accelerator] (rev 01)
00:07.0 Bridge: Intel Corp. 82371AB/EB/MB PIIX4 ISA (rev 02)
00:07.1 IDE interface: Intel Corp. 82371AB/EB/MB PIIX4 IDE (rev 01)
00:07.2 USB Controller: Intel Corp. 82371AB/EB/MB PIIX4 USB (rev 01)
00:07.3 Bridge: Intel Corp. 82371AB/EB/MB PIIX4 ACPI (rev 03)
01:00.0 VGA compatible controller: S3 Inc. 86C270-294 Savage/IX-MV (rev 13)
I've attached the .config file and an example of a successful boot.
-- 
Misha Nasledov
misha@nasledov.com
[unhandled content-type:application/octet-stream]Linux version 2.6.0-test11 (root@aurora.alkaid.org) (gcc version 3.3.2 (Debian)) #1 Wed Nov 26 19:07:33 PST 2003
BIOS-provided physical RAM map:
 BIOS-e820: 0000000000000000 - 000000000009f800 (usable)
 BIOS-e820: 000000000009f800 - 00000000000a0000 (reserved)
 BIOS-e820: 00000000000e0000 - 0000000000100000 (reserved)
 BIOS-e820: 0000000000100000 - 000000000fff0000 (usable)
 BIOS-e820: 000000000fff0000 - 000000000fffec00 (ACPI data)
 BIOS-e820: 000000000fffec00 - 0000000010000000 (ACPI NVS)
 BIOS-e820: 00000000fff80000 - 0000000100000000 (reserved)
255MB LOWMEM available.
On node 0 totalpages: 65520
  DMA zone: 4096 pages, LIFO batch:1
  Normal zone: 61424 pages, LIFO batch:14
  HighMem zone: 0 pages, LIFO batch:1
DMI 2.3 present.
IBM machine detected. Enabling interrupts during APM calls.
IBM machine detected. Disabling SMBus accesses.
Building zonelist for node : 0
Kernel command line: root=/dev/hda1 idebus=66 video=vesa:mtrr vga=0x317
ide_setup: idebus=66
Initializing CPU#0
PID hash table entries: 1024 (order 10: 8192 bytes)
Detected 796.590 MHz processor.
Console: colour dummy device 80x25
Memory: 255120k/262080k available (2406k kernel code, 6232k reserved, 805k data, 224k init, 0k highmem)
Calibrating delay loop... 1572.86 BogoMIPS
Dentry cache hash table entries: 32768 (order: 5, 131072 bytes)
Inode-cache hash table entries: 16384 (order: 4, 65536 bytes)
Mount-cache hash table entries: 512 (order: 0, 4096 bytes)
CPU:     After generic identify, caps: 0383f9ff 00000000 00000000 00000000
CPU:     After vendor identify, caps: 0383f9ff 00000000 00000000 00000000
CPU: L1 I cache: 16K, L1 D cache: 16K
CPU: L2 cache: 256K
CPU:     After all inits, caps: 0383f9ff 00000000 00000000 00000040
Intel machine check architecture supported.
Intel machine check reporting enabled on CPU#0.
CPU: Intel Pentium III (Coppermine) stepping 06
Enabling fast FPU save and restore... done.
Enabling unmasked SIMD FPU exception support... done.
Checking 'hlt' instruction... OK.
POSIX conformance testing by UNIFIX
NET: Registered protocol family 16
EISA bus registered
PCI: PCI BIOS revision 2.10 entry at 0xfd94f, last bus=7
PCI: Using configuration type 1
mtrr: v2.0 (20020519)
Linux Plug and Play Support v0.97 (c) Adam Belay
PnPBIOS: Scanning system for PnP BIOS support...
PnPBIOS: Found PnP BIOS installation structure at 0xc00f7210
PnPBIOS: PnP BIOS version 1.0, entry 0xf0000:0xb1ef, dseg 0x400
pnp: 00:00: ioport range 0x15e8-0x15ef has been reserved
pnp: 00:0b: ioport range 0x4d0-0x4d1 has been reserved
pnp: 00:0b: ioport range 0x1000-0x103f has been reserved
pnp: 00:0b: ioport range 0x1040-0x104f has been reserved
PnPBIOS: 20 nodes reported by PnP BIOS; 20 recorded by driver
Linux Kernel Card Services
  options:  [pci] [cardbus] [pm]
drivers/usb/core/usb.c: registered new driver usbfs
drivers/usb/core/usb.c: registered new driver hub
PCI: Probing PCI hardware
PCI: Probing PCI hardware (bus 00)
PCI: Address space collision on region 7 of bridge 0000:00:07.3 [1000:103f]
PCI: Address space collision on region 8 of bridge 0000:00:07.3 [1040:105f]
PCI: Discovered primary peer bus 08 [IRQ]
PCI: Using IRQ router PIIX/ICH [8086/7110] at 0000:00:07.0
vesafb: framebuffer at 0xf0000000, mapped to 0xd0800000, size 8192k
vesafb: mode is 1024x768x16, linelength=2048, pages=4
vesafb: protected mode interface info at c000:8704
vesafb: scrolling: redraw
vesafb: directcolor: size=0:5:6:5, shift=0:11:5:0
fb0: VESA VGA frame buffer device
SBF: ACPI BOOT descriptor is wrong length (39)
SBF: Simple Boot Flag extension found and enabled.
SBF: Setting boot flags 0x1
speedstep-smi: signature:0x47534943, command:0x008200b2, event:0x00c000b3, perf_level:0x07d00000.
speedstep-smi: could not detect low and high frequencies by SMI call.
cpufreq: change to 0 MHz succeded
cpufreq: change to 4 MHz succeded
speedstep-smi: workaround worked.
cpufreq: currently at high speed setting - 800 MHz
apm: BIOS version 1.2 Flags 0x03 (Driver version 1.16ac)
Installing knfsd (copyright (C) 1996 okir@monad.swb.de).
udf: registering filesystem
Initializing Cryptographic API
Limiting direct PCI/PCI transfers.
pci_hotplug: PCI Hot Plug PCI Core version: 0.5
isapnp: Scanning for PnP cards...
isapnp: No Plug & Play device found
Console: switching to colour frame buffer device 128x48
pty: 256 Unix98 ptys configured
Real Time Clock Driver v1.12
Linux agpgart interface v0.100 (c) Dave Jones
agpgart: Detected an Intel 440BX Chipset.
agpgart: Maximum main memory to use for agp memory: 203M
agpgart: AGP aperture is 64M @ 0xf8000000
Hangcheck: starting hangcheck timer 0.5.0 (tick is 180 seconds, margin is 60 seconds).
Serial: 8250/16550 driver $Revision: 1.90 $ 8 ports, IRQ sharing disabled
ttyS0 at I/O 0x3f8 (irq = 4) is a 16550A
Using anticipatory io scheduler
Floppy drive(s): fd0 is 1.44M
FDC 0 is a National Semiconductor PC87306
Uniform Multi-Platform E-IDE driver Revision: 7.00alpha2
ide: Assuming 66MHz system bus speed for PIO modes
PIIX4: IDE controller at PCI slot 0000:00:07.1
PIIX4: chipset revision 1
PIIX4: not 100% native mode: will probe irqs later
    ide0: BM-DMA at 0x1c00-0x1c07, BIOS settings: hda:DMA, hdb:pio
    ide1: BM-DMA at 0x1c08-0x1c0f, BIOS settings: hdc:DMA, hdd:pio
hda: TOSHIBA MK4019GAX, ATA DISK drive
ide0 at 0x1f0-0x1f7,0x3f6 on irq 14
hdc: MATSHITADVD-ROM SR-8175, ATAPI CD/DVD-ROM drive
ide1 at 0x170-0x177,0x376 on irq 15
hda: max request size: 128KiB
hda: 78140160 sectors (40007 MB), CHS=65535/16/63, UDMA(33)
 hda: hda1 hda2 hda3 hda4 < hda5 hda6 >
hdc: ATAPI 24X DVD-ROM drive, 512kB Cache, UDMA(33)
Uniform CD-ROM driver Revision: 3.12
Console: switching to colour frame buffer device 128x48
PCI: Found IRQ 11 for device 0000:00:02.0
PCI: Sharing IRQ 11 with 0000:00:05.0
PCI: Sharing IRQ 11 with 0000:01:00.0
Yenta: CardBus bridge found at 0000:00:02.0 [1014:0130]
Yenta: Using INTVAL to route CSC interrupts to PCI
Yenta: Routing CardBus interrupts to PCI
Yenta: ISA IRQ list 06b8, PCI irq11
Socket status: 30000006
PCI: Found IRQ 11 for device 0000:00:02.1
Yenta: CardBus bridge found at 0000:00:02.1 [1014:0130]
Yenta: Using INTVAL to route CSC interrupts to PCI
Yenta: Routing CardBus interrupts to PCI
Yenta: ISA IRQ list 06b8, PCI irq11
Socket status: 30000006
drivers/usb/host/uhci-hcd.c: USB Universal Host Controller Interface driver v2.1
PCI: Found IRQ 11 for device 0000:00:07.2
uhci_hcd 0000:00:07.2: UHCI Host Controller
uhci_hcd 0000:00:07.2: irq 11, io base 00001c20
uhci_hcd 0000:00:07.2: new USB bus registered, assigned bus number 1
hub 1-0:1.0: USB hub found
hub 1-0:1.0: 2 ports detected
drivers/usb/core/usb.c: registered new driver hiddev
drivers/usb/core/usb.c: registered new driver hid
drivers/usb/input/hid-core.c: v2.0:USB HID core driver
mice: PS/2 mouse device common for all mice
input: PC Speaker
input: PS/2 Generic Mouse on isa0060/serio1
serio: i8042 AUX port at 0x60,0x64 irq 12
input: AT Translated Set 2 keyboard on isa0060/serio0
serio: i8042 KBD port at 0x60,0x64 irq 1
NET: Registered protocol family 2
IP: routing cache hash table of 2048 buckets, 16Kbytes
TCP: Hash tables configured (established 16384 bind 32768)
ip_tables: (C) 2000-2002 Netfilter core team
Initializing IPsec netlink socket
NET: Registered protocol family 1
NET: Registered protocol family 10
IPv6 over IPv4 tunneling driver
NET: Registered protocol family 17
NET: Registered protocol family 15
kjournald starting.  Commit interval 5 seconds
EXT3-fs: mounted filesystem with ordered data mode.
VFS: Mounted root (ext3 filesystem) readonly.
Freeing unused kernel memory: 224k freed
Adding 498952k swap on /dev/hda3.  Priority:-1 extents:1
EXT3 FS on hda1, internal journal
PCI: Found IRQ 11 for device 0000:00:05.0
PCI: Sharing IRQ 11 with 0000:00:02.0
PCI: Sharing IRQ 11 with 0000:01:00.0
Crystal 4280/46xx + AC97 Audio, version 1.28.32, 18:57:43 Nov 26 2003
cs46xx: Card found at 0xe8100000 and 0xe8000000, IRQ 11
cs46xx: Thinkpad 600X/A20/T20 (1014:0153) at 0xe8100000/0xe8000000, IRQ 11
ac97_codec: AC97 Audio codec, id: CRY20 (Cirrus Logic CS4297A rev B)
PCI: Found IRQ 11 for device 0000:00:03.0
PCI: Sharing IRQ 11 with 0000:00:03.1
3c59x: Donald Becker and others. www.scyld.com/network/vortex.html
0000:00:03.0: 3Com PCI 3c556B Laptop Hurricane at 0x1800. Vers LK1.1.19
kjournald starting.  Commit interval 5 seconds
EXT3 FS on hda2, internal journal
EXT3-fs: mounted filesystem with ordered data mode.
kjournald starting.  Commit interval 5 seconds
EXT3 FS on hda5, internal journal
EXT3-fs: mounted filesystem with ordered data mode.
kjournald starting.  Commit interval 5 seconds
EXT3 FS on hda6, internal journal
EXT3-fs: mounted filesystem with ordered data mode.
Disabled Privacy Extensions on device c03ea200(lo)
eth0: no IPv6 routers present
cs: IO port probe 0x0c00-0x0cff: clean.
cs: IO port probe 0x0800-0x08ff: clean.
cs: IO port probe 0x0100-0x04ff: clean.
cs: IO port probe 0x0a00-0x0aff: clean.