Date: Thu, 01 May 2008 19:28:15 +0200
From: Martin MOKREJŠ <>
Subject: 2.6.23.17 & 2.6.24.5 and maybe earlier: pata_marvell: need to disable DMA to get rid of '(ATA bus error)', 'ata7.00: status: { DRDY ERR }', 'ata7.00: error: { ICRC ABRT }'
Sender: linux-kernel-owner@vger.kernel.org
Precedence: bulk
List-ID: <linux-kernel.vger.kernel.org>
X-Mailing-List: linux-kernel@vger.kernel.org
X-Lkml-Link: https://lkml.org/lkml/2008/5/1/240

Hi,
  the pata_marvell drivers attempts to use UDMA mode to provide
access to my CompactFlash device attached to its IDE port.
I have MSI P35Neo2 motherboard with Marvell 88SE6111 chip providing
2 IDE ports and Intel ICH9R chip providing 6 SATA ports
(IDE/RAID/AHCI modes). During POST, Marvel controller reports
the CF disk is in UDMA-2 mode (and I cannot change it).
Linux kernel 2.6.24.5 reports during boot:
ACPI: PCI Interrupt 0000:03:00.0[A] -> GSI 16 (level, low) -> IRQ 16
PCI: Setting latency timer of device 0000:03:00.0 to 64
scsi6 : pata_marvell
scsi7 : pata_marvell
ata7: PATA max UDMA/100 cmd 0xcc00 ctl 0xc880 bmdma 0xc400 irq 16
ata8: PATA max UDMA/133 cmd 0xc800 ctl 0xc480 bmdma 0xc408 irq 16
BAR5:00:02 01:7F 02:22 03:CA 04:00 05:00 06:00 07:00 08:00 09:00 0A:00 0B:00 0C:07 0D:00 0E:00 0F:00 
ata7.00: ATA-0: Delock 54111 512MB, Ver1.27, max UDMA/33
ata7.00: 1006992 sectors, multi 0: LBA 
ata7.01: ATAPI: ATAPI   DVD D  DH16D2P, HP57, max UDMA/33
ata7.00: configured for UDMA/33
ata7.01: configured for UDMA/33
ata7.00: configured for UDMA/33
ata7.01: configured for UDMA/33
ata7: EH complete
BAR5:00:02 01:7F 02:22 03:CA 04:00 05:00 06:00 07:00 08:00 09:00 0A:00 0B:00 0C:07 0D:00 0E:00 0F:00 
scsi 6:0:0:0: Direct-Access     ATA      Delock 54111 512 Ver1 PQ: 0 ANSI: 5
sd 6:0:0:0: [sde] 1006992 512-byte hardware sectors (516 MB)
sd 6:0:0:0: [sde] Write Protect is off
sd 6:0:0:0: [sde] Mode Sense: 00 3a 00 00
sd 6:0:0:0: [sde] Write cache: disabled, read cache: enabled, doesn't support DPO or FUA
sd 6:0:0:0: [sde] 1006992 512-byte hardware sectors (516 MB)
sd 6:0:0:0: [sde] Write Protect is off
sd 6:0:0:0: [sde] Mode Sense: 00 3a 00 00
sd 6:0:0:0: [sde] Write cache: disabled, read cache: enabled, doesn't support DPO or FUA
 sde: sde1
sd 6:0:0:0: [sde] Attached SCSI disk
sd 6:0:0:0: Attached scsi generic sg4 type 0
scsi 6:0:1:0: CD-ROM            ATAPI    DVD D  DH16D2P   HP57 PQ: 0 ANSI: 5
sr0: scsi3-mmc drive: 48x/48x cd/rw xa/form2 cdda tray
Uniform CD-ROM driver Revision: 3.20
sr 6:0:1:0: Attached scsi CD-ROM sr0
sr 6:0:1:0: Attached scsi generic sg5 type 5
Unfortunately, the disk in a while gives:
ata7.00: exception Emask 0x0 SAct 0x0 SErr 0x0 action 0x2
ata7.00: BMDMA stat 0x64
ata7.00: cmd ca/00:02:41:00:00/00:00:00:00:00/e0 tag 0 dma 1024 out
         res 51/84:00:41:00:00/00:00:00:00:00/e0 Emask 0x10 (ATA bus error)
ata7.00: status: { DRDY ERR }
ata7.00: error: { ICRC ABRT }
BAR5:00:02 01:7F 02:22 03:CA 04:00 05:00 06:00 07:00 08:00 09:00 0A:00 0B:00 0C:07 0D:00 0E:00 0F:00 
ata7: soft resetting link
ata7.00: configured for UDMA/33
ata7.01: configured for UDMA/33
ata7.00: configured for UDMA/33
ata7.01: configured for UDMA/33
ata7: EH complete
sd 6:0:0:0: [sde] 1006992 512-byte hardware sectors (516 MB)
sd 6:0:0:0: [sde] Write Protect is off
sd 6:0:0:0: [sde] Mode Sense: 00 3a 00 00
sd 6:0:0:0: [sde] Write cache: disabled, read cache: enabled, doesn't support DPO or FUA
sd 6:0:0:0: [sde] 1006992 512-byte hardware sectors (516 MB)
sd 6:0:0:0: [sde] Write Protect is off
sd 6:0:0:0: [sde] Mode Sense: 00 3a 00 00
sd 6:0:0:0: [sde] Write cache: disabled, read cache: enabled, doesn't support DPO or FUA
ata7.00: exception Emask 0x0 SAct 0x0 SErr 0x0 action 0x2
ata7.00: BMDMA stat 0x64
ata7.00: cmd ca/00:02:51:b4:07/00:00:00:00:00/e0 tag 0 dma 1024 out
         res 51/84:00:51:b4:07/00:00:00:00:00/e0 Emask 0x10 (ATA bus error)
ata7.00: status: { DRDY ERR }
ata7.00: error: { ICRC ABRT }
BAR5:00:02 01:7F 02:22 03:CA 04:00 05:00 06:00 07:00 08:00 09:00 0A:00 0B:00 0C:07 0D:00 0E:00 0F:00 
ata7: soft resetting link
ata7.00: configured for UDMA/33
ata7.01: configured for UDMA/33
ata7.00: configured for UDMA/33
ata7.01: configured for UDMA/33
ata7: EH complete
sd 6:0:0:0: [sde] 1006992 512-byte hardware sectors (516 MB)
sd 6:0:0:0: [sde] Write Protect is off
sd 6:0:0:0: [sde] Mode Sense: 00 3a 00 00
sd 6:0:0:0: [sde] Write cache: disabled, read cache: enabled, doesn't support DPO or FUA
sd 6:0:0:0: [sde] 1006992 512-byte hardware sectors (516 MB)
sd 6:0:0:0: [sde] Write Protect is off
sd 6:0:0:0: [sde] Mode Sense: 00 3a 00 00
ata7.00: exception Emask 0x0 SAct 0x0 SErr 0x0 action 0x2
ata7.00: BMDMA stat 0x64
ata7.00: cmd ca/00:02:13:35:03/00:00:00:00:00/e0 tag 0 dma 1024 out
         res 51/84:00:13:35:03/00:00:00:00:00/e0 Emask 0x10 (ATA bus error)
ata7.00: status: { DRDY ERR }
ata7.00: error: { ICRC ABRT }
BAR5:00:02 01:7F 02:22 03:CA 04:00 05:00 06:00 07:00 08:00 09:00 0A:00 0B:00 0C:07 0D:00 0E:00 0F:00 
ata7: soft resetting link
ata7.00: configured for UDMA/33
ata7.01: configured for UDMA/33
ata7.00: configured for UDMA/33
ata7.01: configured for UDMA/33
ata7: EH complete
sd 6:0:0:0: [sde] Write cache: disabled, read cache: enabled, doesn't support DPO or FUA
sd 6:0:0:0: [sde] 1006992 512-byte hardware sectors (516 MB)
sd 6:0:0:0: [sde] Write Protect is off
sd 6:0:0:0: [sde] Mode Sense: 00 3a 00 00
sd 6:0:0:0: [sde] Write cache: disabled, read cache: enabled, doesn't support DPO or FUA
ata7.00: limiting speed to UDMA/25:PIO4
ata7.00: exception Emask 0x0 SAct 0x0 SErr 0x0 action 0x2
ata7.00: BMDMA stat 0x64
ata7.00: cmd ca/00:02:69:80:0a/00:00:00:00:00/e0 tag 0 dma 1024 out
         res 51/84:00:69:80:0a/00:00:00:00:00/e0 Emask 0x10 (ATA bus error)
ata7.00: status: { DRDY ERR }
ata7.00: error: { ICRC ABRT }
BAR5:00:02 01:7F 02:22 03:CA 04:00 05:00 06:00 07:00 08:00 09:00 0A:00 0B:00 0C:07 0D:00 0E:00 0F:00 
ata7: soft resetting link
ata7.00: configured for UDMA/25
ata7.01: configured for UDMA/33
ata7.00: configured for UDMA/25
ata7.01: configured for UDMA/33
ata7: EH complete
sd 6:0:0:0: [sde] 1006992 512-byte hardware sectors (516 MB)
sd 6:0:0:0: [sde] Write Protect is off
sd 6:0:0:0: [sde] Mode Sense: 00 3a 00 00
sd 6:0:0:0: [sde] Write cache: disabled, read cache: enabled, doesn't support DPO or FUA
sd 6:0:0:0: [sde] 1006992 512-byte hardware sectors (516 MB)
sd 6:0:0:0: [sde] Write Protect is off
sd 6:0:0:0: [sde] Mode Sense: 00 3a 00 00
sd 6:0:0:0: [sde] Write cache: disabled, read cache: enabled, doesn't support DPO or FUA
To get rid of the errors, I can use libata.dma=0 kernel
command-line parameter. Unfortunately, this sets all libata
devices to PIO4 mode. How can I set just this one? I tried
'libata.force=7.00:pio4' but it did not help.
'libata.force=1.00:pio4' does not set it immediately into PIO4
but at least leaves the SATA drives in UDMA mode and after
resets of the CompactFlash IDE disk it gets from UDMA/33 or 25
to PIO4.
Where are the flags documented? linux/Documentation/ directory
contains almost nothing about pata_marvell. :(
00:1f.2 SATA controller: Intel Corporation 6 port SATA AHCI Controller (rev 02) (prog-if 01 [AHCI 1.0])
        Subsystem: Micro-Star International Co., Ltd. Unknown device 7345
        Flags: bus master, 66MHz, medium devsel, latency 0, IRQ 378
        I/O ports at b000 [size=8]
        I/O ports at ac00 [size=4]
        I/O ports at a880 [size=8]
        I/O ports at a800 [size=4]
        I/O ports at a480 [size=32]
        Memory at fbfff000 (32-bit, non-prefetchable) [size=2K]
        Capabilities: [80] Message Signalled Interrupts: Mask- 64bit- Queue=0/4 Enable+
        Capabilities: [70] Power Management version 3
        Capabilities: [a8] SATA HBA <?>
        Capabilities: [b0] Vendor Specific Information <?>
        Kernel driver in use: ahci
03:00.0 IDE interface: Marvell Technology Group Ltd. Unknown device 6121 (rev b1) (prog-if 8f [Master SecP SecO PriP PriO])
        Subsystem: Marvell Technology Group Ltd. Unknown device 6121
        Flags: bus master, fast devsel, latency 0, IRQ 16
        I/O ports at cc00 [size=8]
        I/O ports at c880 [size=4]
        I/O ports at c800 [size=8]
        I/O ports at c480 [size=4]
        I/O ports at c400 [size=16]
        Memory at fe9ffc00 (32-bit, non-prefetchable) [size=1K]
        Capabilities: [48] Power Management version 2
        Capabilities: [50] Message Signalled Interrupts: Mask- 64bit- Queue=0/0 Enable-
        Capabilities: [e0] Express Legacy Endpoint, MSI 00
        Kernel driver in use: pata_marvell
BTW: Using the generic IDE drivers and forcing 'ide-all-generic=1'
in the kernel command-line makes the CompactFlash and DVD-ROM get
recognized as hda and hdb but I used to see similar drive errors.
Actually, these were even worse because I could not finish mkfs.ext3
for example.
Linux version 2.6.24.5-default (root@nfssrv) (gcc version 4.1.2 (Gentoo 4.1.2 p1.1)) #1 SMP Thu May 1 13:45:06 Local time zone must be set--see zic m
Command line: root=/dev/sde1 libata.dma=0 udev
BIOS-provided physical RAM map:
 BIOS-e820: 0000000000000000 - 000000000009cc00 (usable)
 BIOS-e820: 000000000009cc00 - 00000000000a0000 (reserved)
 BIOS-e820: 00000000000e3000 - 0000000000100000 (reserved)
 BIOS-e820: 0000000000100000 - 00000000cffb0000 (usable)
 BIOS-e820: 00000000cffb0000 - 00000000cffbe000 (ACPI data)
 BIOS-e820: 00000000cffbe000 - 00000000cfff0000 (ACPI NVS)
 BIOS-e820: 00000000cfff0000 - 00000000d0000000 (reserved)
 BIOS-e820: 00000000fee00000 - 00000000fee01000 (reserved)
 BIOS-e820: 00000000ffb00000 - 0000000100000000 (reserved)
 BIOS-e820: 0000000100000000 - 0000000130000000 (usable)
Entering add_active_range(0, 0, 156) 0 entries of 256 used
Entering add_active_range(0, 256, 851888) 1 entries of 256 used
Entering add_active_range(0, 1048576, 1245184) 2 entries of 256 used
end_pfn_map = 1245184
DMI present.
ACPI: RSDP 000F9760, 0014 (r0 ACPIAM)
ACPI: RSDT CFFB0000, 0040 (r1 090407 RSDT1631 20070904 MSFT       97)
ACPI: FACP CFFB0200, 0084 (r2 090407 FACP1631 20070904 MSFT       97)
ACPI: DSDT CFFB0440, 52B7 (r1  0AAAA 0AAAA000        0 INTL 20051117)
ACPI: FACS CFFBE000, 0040
ACPI: APIC CFFB0390, 006C (r1 090407 APIC1631 20070904 MSFT       97)
ACPI: MCFG CFFB0400, 003C (r1 090407 OEMMCFG  20070904 MSFT       97)
ACPI: OEMB CFFBE040, 0061 (r1 090407 OEMB1631 20070904 MSFT       97)
ACPI: HPET CFFB5700, 0038 (r1 090407 OEMHPET  20070904 MSFT       97)
ACPI: GSCI CFFBE0B0, 2024 (r1 090407 GMCHSCI  20070904 MSFT       97)
ACPI: SSDT CFFC1320, 082F (r1 DpgPmm    CpuPm       12 INTL 20051117)
Entering add_active_range(0, 0, 156) 0 entries of 256 used
Entering add_active_range(0, 256, 851888) 1 entries of 256 used
Entering add_active_range(0, 1048576, 1245184) 2 entries of 256 used
Zone PFN ranges:
  DMA             0 ->     4096
  DMA32        4096 ->  1048576
  Normal    1048576 ->  1245184
Movable zone start PFN for each node
early_node_map[3] active PFN ranges
    0:        0 ->      156
    0:      256 ->   851888
    0:  1048576 ->  1245184
On node 0 totalpages: 1048396
  DMA zone: 56 pages used for memmap
  DMA zone: 1886 pages reserved
  DMA zone: 2054 pages, LIFO batch:0
  DMA32 zone: 14280 pages used for memmap
  DMA32 zone: 833512 pages, LIFO batch:31
  Normal zone: 2688 pages used for memmap
  Normal zone: 193920 pages, LIFO batch:31
  Movable zone: 0 pages used for memmap
ACPI: PM-Timer IO Port: 0x808
ACPI: Local APIC address 0xfee00000
ACPI: LAPIC (acpi_id[0x01] lapic_id[0x00] enabled)
Processor #0 (Bootup-CPU)
ACPI: LAPIC (acpi_id[0x02] lapic_id[0x01] enabled)
Processor #1
ACPI: LAPIC (acpi_id[0x03] lapic_id[0x02] enabled)
Processor #2
ACPI: LAPIC (acpi_id[0x04] lapic_id[0x03] enabled)
Processor #3
ACPI: IOAPIC (id[0x04] address[0xfec00000] gsi_base[0])
IOAPIC[0]: apic_id 4, address 0xfec00000, GSI 0-23
ACPI: INT_SRC_OVR (bus 0 bus_irq 0 global_irq 2 dfl dfl)
ACPI: INT_SRC_OVR (bus 0 bus_irq 9 global_irq 9 high level)
ACPI: IRQ0 used by override.
ACPI: IRQ2 used by override.
ACPI: IRQ9 used by override.
Setting APIC routing to flat
ACPI: HPET id: 0xffffffff base: 0xfed00000
Using ACPI (MADT) for SMP configuration information
Allocating PCI resources starting at d4000000 (gap: d0000000:2ee00000)
PERCPU: Allocating 29792 bytes of per cpu data
Built 1 zonelists in Zone order, mobility grouping on.  Total pages: 1029486
Kernel command line: root=/dev/sde1 libata.dma=0 udev
Initializing CPU#0
PID hash table entries: 4096 (order: 12, 32768 bytes)
hpet clockevent registered
TSC calibrated against HPET
time.c: Detected 3005.665 MHz processor.
Console: colour VGA+ 80x25
console [tty0] enabled
Dentry cache hash table entries: 524288 (order: 10, 4194304 bytes)
Inode-cache hash table entries: 262144 (order: 9, 2097152 bytes)
Checking aperture...
PCI-DMA: Using software bounce buffering for IO (SWIOTLB)
Placing software IO TLB between 0x58e9000 - 0x98e9000
Memory: 4045020k/4980736k available (4152k kernel code, 148152k reserved, 2291k data, 292k init)
Calibrating delay using timer specific routine.. 6015.13 BogoMIPS (lpj=12030266)
Mount-cache hash table entries: 256
CPU: L1 I cache: 32K, L1 D cache: 32K
CPU: L2 cache: 4096K
using mwait in idle threads.
CPU: Physical Processor ID: 0
CPU: Processor Core ID: 0
CPU0: Thermal monitoring enabled (TM2)
Freeing SMP alternatives: 41k freed
ACPI: Core revision 20070126
Using local APIC timer interrupts.
APIC timer calibration result 20872658
Detected 20.872 MHz APIC timer.
Booting processor 1/4 APIC 0x1
Initializing CPU#1
Calibrating delay using timer specific routine.. 6011.32 BogoMIPS (lpj=12022658)
CPU: L1 I cache: 32K, L1 D cache: 32K
CPU: L2 cache: 4096K
CPU: Physical Processor ID: 0
CPU: Processor Core ID: 1
CPU1: Thermal monitoring enabled (TM2)
Intel(R) Core(TM)2 Quad CPU    Q6600  @ 2.40GHz stepping 0b
checking TSC synchronization [CPU#0 -> CPU#1]: passed.
Booting processor 2/4 APIC 0x2
Initializing CPU#2
Calibrating delay using timer specific routine.. 6011.37 BogoMIPS (lpj=12022755)
CPU: L1 I cache: 32K, L1 D cache: 32K
CPU: L2 cache: 4096K
CPU: Physical Processor ID: 0
CPU: Processor Core ID: 2
CPU2: Thermal monitoring enabled (TM2)
Intel(R) Core(TM)2 Quad CPU    Q6600  @ 2.40GHz stepping 0b
checking TSC synchronization [CPU#0 -> CPU#2]: passed.
Booting processor 3/4 APIC 0x3
Initializing CPU#3
Calibrating delay using timer specific routine.. 6011.37 BogoMIPS (lpj=12022740)
CPU: L1 I cache: 32K, L1 D cache: 32K
CPU: L2 cache: 4096K
CPU: Physical Processor ID: 0
CPU: Processor Core ID: 3
CPU3: Thermal monitoring enabled (TM2)
Intel(R) Core(TM)2 Quad CPU    Q6600  @ 2.40GHz stepping 0b
checking TSC synchronization [CPU#0 -> CPU#3]: passed.
Brought up 4 CPUs
net_namespace: 120 bytes
xor: automatically using best checksumming function: generic_sse
   generic_sse: 11170.000 MB/sec
xor: using function: generic_sse (11170.000 MB/sec)
NET: Registered protocol family 16
ACPI: bus type pci registered
PCI: BIOS Bug: MCFG area at e0000000 is not E820-reserved
PCI: Not using MMCONFIG.
PCI: Using configuration type 1
ACPI: EC: Look up EC in DSDT
ACPI: Interpreter enabled
ACPI: (supports S0 S5)
ACPI: Using IOAPIC for interrupt routing
Error attaching device data
Error attaching device data
Error attaching device data
Error attaching device data
ACPI: PCI Root Bridge [PCI0] (0000:00)
PCI quirk: region 0800-087f claimed by ICH6 ACPI/GPIO/TCO
PCI quirk: region 0480-04bf claimed by ICH6 GPIO
PCI: Transparent bridge - 0000:00:1e.0
ACPI: PCI Interrupt Routing Table [\_SB_.PCI0._PRT]
ACPI: PCI Interrupt Routing Table [\_SB_.PCI0.P0P1._PRT]
ACPI: PCI Interrupt Routing Table [\_SB_.PCI0.P0P4._PRT]
ACPI: PCI Interrupt Routing Table [\_SB_.PCI0.P0P8._PRT]
ACPI: PCI Interrupt Routing Table [\_SB_.PCI0.P0P9._PRT]
ACPI: PCI Interrupt Link [LNKA] (IRQs 3 4 6 7 *10 11 12 14 15)
ACPI: PCI Interrupt Link [LNKB] (IRQs *5)
ACPI: PCI Interrupt Link [LNKC] (IRQs 3 4 6 7 10 11 12 *14 15)
ACPI: PCI Interrupt Link [LNKD] (IRQs 3 4 6 7 10 *11 12 14 15)
ACPI: PCI Interrupt Link [LNKE] (IRQs 3 4 6 7 10 11 12 14 15) *0, disabled.
ACPI: PCI Interrupt Link [LNKF] (IRQs 3 4 6 7 10 11 12 14 *15)
ACPI: PCI Interrupt Link [LNKG] (IRQs 3 4 6 7 10 11 12 14 15) *0, disabled.
ACPI: PCI Interrupt Link [LNKH] (IRQs *3 4 6 7 10 11 12 14 15)
ACPI Warning (tbutils-0217): Incorrect checksum in table [OEMB] -  94, should be 93 [20070126]
Linux Plug and Play Support v0.97 (c) Adam Belay
pnp: PnP ACPI init
ACPI: bus type pnp registered
pnp: PnP ACPI: found 16 devices
ACPI: ACPI bus type pnp unregistered
SCSI subsystem initialized
libata version 3.00 loaded.
usbcore: registered new interface driver usbfs
usbcore: registered new interface driver hub
usbcore: registered new device driver usb
PCI: Using ACPI for IRQ routing
PCI: If a device doesn't work, try "pci=routeirq".  If it helps, post a report
PCI-GART: No AMD northbridge found.
hpet0: at MMIO 0xfed00000, IRQs 2, 8, 0, 0
hpet0: 4 64-bit timers, 14318180 Hz
Time: tsc clocksource has been installed.
Switched to high resolution mode on CPU 0
Switched to high resolution mode on CPU 1
Switched to high resolution mode on CPU 2
Switched to high resolution mode on CPU 3
system 00:01: iomem range 0xfed14000-0xfed19fff has been reserved
system 00:08: ioport range 0xa00-0xadf has been reserved
system 00:08: ioport range 0xae0-0xaef has been reserved
system 00:09: ioport range 0x4d0-0x4d1 has been reserved
system 00:09: ioport range 0x800-0x87f has been reserved
system 00:09: ioport range 0x480-0x4bf has been reserved
system 00:09: iomem range 0xfed1c000-0xfed1ffff has been reserved
system 00:09: iomem range 0xfed20000-0xfed8ffff has been reserved
system 00:0c: iomem range 0xffc00000-0xffefffff could not be reserved
system 00:0d: iomem range 0xfec00000-0xfec00fff has been reserved
system 00:0d: iomem range 0xfee00000-0xfee00fff could not be reserved
system 00:0e: iomem range 0xe0000000-0xefffffff has been reserved
system 00:0f: iomem range 0x0-0x9ffff could not be reserved
system 00:0f: iomem range 0xc0000-0xcffff has been reserved
system 00:0f: iomem range 0xe0000-0xfffff could not be reserved
system 00:0f: iomem range 0x100000-0xcfffffff could not be reserved
system 00:0f: iomem range 0x0-0x0 could not be reserved
PCI: Bridge: 0000:00:01.0
  IO window: disabled.
  MEM window: fc000000-fe8fffff
  PREFETCH window: d0000000-dfffffff
PCI: Bridge: 0000:00:1c.0
  IO window: disabled.
  MEM window: disabled.
  PREFETCH window: disabled.
PCI: Bridge: 0000:00:1c.4
  IO window: c000-cfff
  MEM window: fe900000-fe9fffff
  PREFETCH window: disabled.
PCI: Bridge: 0000:00:1c.5
  IO window: d000-dfff
  MEM window: fea00000-feafffff
  PREFETCH window: disabled.
PCI: Bridge: 0000:00:1e.0
  IO window: e000-efff
  MEM window: feb00000-febfffff
  PREFETCH window: disabled.
ACPI: PCI Interrupt 0000:00:01.0[A] -> GSI 16 (level, low) -> IRQ 16
PCI: Setting latency timer of device 0000:00:01.0 to 64
ACPI: PCI Interrupt 0000:00:1c.0[A] -> GSI 17 (level, low) -> IRQ 17
PCI: Setting latency timer of device 0000:00:1c.0 to 64
ACPI: PCI Interrupt 0000:00:1c.4[A] -> GSI 17 (level, low) -> IRQ 17
PCI: Setting latency timer of device 0000:00:1c.4 to 64
ACPI: PCI Interrupt 0000:00:1c.5[B] -> GSI 16 (level, low) -> IRQ 16
PCI: Setting latency timer of device 0000:00:1c.5 to 64
PCI: Setting latency timer of device 0000:00:1e.0 to 64
NET: Registered protocol family 2
IP route cache hash table entries: 131072 (order: 8, 1048576 bytes)
TCP established hash table entries: 262144 (order: 10, 4194304 bytes)
TCP bind hash table entries: 65536 (order: 8, 1048576 bytes)
TCP: Hash tables configured (established 262144 bind 65536)
TCP reno registered
IA-32 Microcode Update Driver: v1.14a <tigran@aivazian.fsnet.co.uk>
Total HugeTLB memory allocated, 0
DLM (built May  1 2008 13:41:04) installed
Installing knfsd (copyright (C) 1996 okir@monad.swb.de).
JFFS2 version 2.2. (NAND) (SUMMARY)  © 2001-2006 Red Hat, Inc.
fuse init (API version 7.9)
async_tx: api initialized (async)
io scheduler noop registered
io scheduler anticipatory registered
io scheduler deadline registered
io scheduler cfq registered (default)
Boot video device is 0000:01:00.0
PCI: Setting latency timer of device 0000:00:01.0 to 64
assign_interrupt_mode Found MSI capability
Allocate Port Service[0000:00:01.0:pcie00]
PCI: Setting latency timer of device 0000:00:1c.0 to 64
assign_interrupt_mode Found MSI capability
Allocate Port Service[0000:00:1c.0:pcie00]
Allocate Port Service[0000:00:1c.0:pcie02]
PCI: Setting latency timer of device 0000:00:1c.4 to 64
assign_interrupt_mode Found MSI capability
Allocate Port Service[0000:00:1c.4:pcie00]
Allocate Port Service[0000:00:1c.4:pcie02]
PCI: Setting latency timer of device 0000:00:1c.5 to 64
assign_interrupt_mode Found MSI capability
Allocate Port Service[0000:00:1c.5:pcie00]
Allocate Port Service[0000:00:1c.5:pcie02]
input: Power Button (FF) as /devices/virtual/input/input0
ACPI: Power Button (FF) [PWRF]
input: Power Button (CM) as /devices/virtual/input/input1
ACPI: Power Button (CM) [PWRB]
ACPI: SSDT CFFC00E0, 0277 (r1 DpgPmm  P001Ist       11 INTL 20051117)
ACPI: SSDT CFFC0570, 0277 (r1 DpgPmm  P002Ist       12 INTL 20051117)
ACPI: SSDT CFFC0A00, 0277 (r1 DpgPmm  P003Ist       12 INTL 20051117)
ACPI: SSDT CFFC0E90, 0277 (r1 DpgPmm  P004Ist       12 INTL 20051117)
Real Time Clock Driver v1.12ac
hpet_resources: 0xfed00000 is busy
Non-volatile memory driver v1.2
Linux agpgart interface v0.102
ipmi message handler version 39.1
ipmi device interface
IPMI System Interface driver.
ipmi_si: Unable to find any System Interface(s)
IPMI Watchdog: driver initialized
Copyright (C) 2004 MontaVista Software - IPMI Powerdown via sys_reboot.
Hangcheck: starting hangcheck timer 0.9.0 (tick is 180 seconds, margin is 60 seconds).
Hangcheck: Using get_cycles().
Serial: 8250/16550 driver $Revision: 1.90 $ 4 ports, IRQ sharing disabled
serial8250: ttyS0 at I/O 0x3f8 (irq = 4) is a 16550A
00:06: ttyS0 at I/O 0x3f8 (irq = 4) is a 16550A
loop: module loaded
e1000e: Intel(R) PRO/1000 Network Driver - 0.2.0
e1000e: Copyright (c) 1999-2007 Intel Corporation.
PPP generic driver version 2.4.2
PPP Deflate Compression module registered
PPP BSD Compression module registered
PPP MPPE Compression module registered
NET: Registered protocol family 24
PPPoL2TP kernel driver, V1.0
tun: Universal TUN/TAP device driver, 1.6
tun: (C) 1999-2004 Max Krasnyansky <maxk@qualcomm.com>
r8169 Gigabit Ethernet driver 2.2LK-NAPI loaded
ACPI: PCI Interrupt 0000:04:00.0[A] -> GSI 17 (level, low) -> IRQ 17
PCI: Setting latency timer of device 0000:04:00.0 to 64
eth0: RTL8168b/8111b at 0xffffc20000094000, 00:19:db:f6:31:7d, XID 38000000 IRQ 379
Linux video capture interface: v2.00
Uniform Multi-Platform E-IDE driver Revision: 7.00alpha2
ide: Assuming 33MHz system bus speed for PIO modes; override with idebus=xx
Probing IDE interface ide0...
Probing IDE interface ide1...
ide-floppy driver 0.99.newide
Driver 'sd' needs updating - please use bus_type methods
Driver 'sr' needs updating - please use bus_type methods
ahci 0000:00:1f.2: version 3.0
ACPI: PCI Interrupt 0000:00:1f.2[B] -> GSI 19 (level, low) -> IRQ 19
ahci 0000:00:1f.2: AHCI 0001.0200 32 slots 6 ports 3 Gbps 0x3f impl SATA mode
ahci 0000:00:1f.2: flags: 64bit ncq sntf stag pm led clo pio slum part 
PCI: Setting latency timer of device 0000:00:1f.2 to 64
scsi0 : ahci
scsi1 : ahci
scsi2 : ahci
scsi3 : ahci
scsi4 : ahci
scsi5 : ahci
ata1: SATA max UDMA/133 abar m2048@0xfbfff000 port 0xfbfff100 irq 378
ata2: SATA max UDMA/133 abar m2048@0xfbfff000 port 0xfbfff180 irq 378
ata3: SATA max UDMA/133 abar m2048@0xfbfff000 port 0xfbfff200 irq 378
ata4: SATA max UDMA/133 abar m2048@0xfbfff000 port 0xfbfff280 irq 378
ata5: SATA max UDMA/133 abar m2048@0xfbfff000 port 0xfbfff300 irq 378
ata6: SATA max UDMA/133 abar m2048@0xfbfff000 port 0xfbfff380 irq 378
ata1: SATA link down (SStatus 0 SControl 300)
ata2: SATA link down (SStatus 0 SControl 300)
ata3: SATA link up 3.0 Gbps (SStatus 123 SControl 300)
ata3.00: ATA-8: WDC WD1000FYPS-01ZKB0, 02.01B01, max UDMA/133
ata3.00: 1953525168 sectors, multi 0: LBA48 NCQ (depth 31/32)
ata3.00: configured for PIO4
ata4: SATA link up 3.0 Gbps (SStatus 123 SControl 300)
ata4.00: ATA-8: WDC WD1000FYPS-01ZKB0, 02.01B01, max UDMA/133
ata4.00: 1953525168 sectors, multi 0: LBA48 NCQ (depth 31/32)
ata4.00: configured for PIO4
ata5: SATA link up 3.0 Gbps (SStatus 123 SControl 300)
ata5.00: ATA-8: WDC WD1000FYPS-01ZKB0, 02.01B01, max UDMA/133
ata5.00: 1953525168 sectors, multi 0: LBA48 NCQ (depth 31/32)
ata5.00: configured for PIO4
ata6: SATA link up 3.0 Gbps (SStatus 123 SControl 300)
ata6.00: ATA-8: WDC WD1000FYPS-01ZKB0, 02.01B01, max UDMA/133
ata6.00: 1953525168 sectors, multi 0: LBA48 NCQ (depth 31/32)
ata6.00: configured for PIO4
scsi 2:0:0:0: Direct-Access     ATA      WDC WD1000FYPS-0 02.0 PQ: 0 ANSI: 5
sd 2:0:0:0: [sda] 1953525168 512-byte hardware sectors (1000205 MB)
sd 2:0:0:0: [sda] Write Protect is off
sd 2:0:0:0: [sda] Mode Sense: 00 3a 00 00
sd 2:0:0:0: [sda] Write cache: enabled, read cache: enabled, doesn't support DPO or FUA
sd 2:0:0:0: [sda] 1953525168 512-byte hardware sectors (1000205 MB)
sd 2:0:0:0: [sda] Write Protect is off
sd 2:0:0:0: [sda] Mode Sense: 00 3a 00 00
sd 2:0:0:0: [sda] Write cache: enabled, read cache: enabled, doesn't support DPO or FUA
 sda: sda1
sd 2:0:0:0: [sda] Attached SCSI disk
sd 2:0:0:0: Attached scsi generic sg0 type 0
scsi 3:0:0:0: Direct-Access     ATA      WDC WD1000FYPS-0 02.0 PQ: 0 ANSI: 5
sd 3:0:0:0: [sdb] 1953525168 512-byte hardware sectors (1000205 MB)
sd 3:0:0:0: [sdb] Write Protect is off
sd 3:0:0:0: [sdb] Mode Sense: 00 3a 00 00
sd 3:0:0:0: [sdb] Write cache: enabled, read cache: enabled, doesn't support DPO or FUA
sd 3:0:0:0: [sdb] 1953525168 512-byte hardware sectors (1000205 MB)
sd 3:0:0:0: [sdb] Write Protect is off
sd 3:0:0:0: [sdb] Mode Sense: 00 3a 00 00
sd 3:0:0:0: [sdb] Write cache: enabled, read cache: enabled, doesn't support DPO or FUA
 sdb: sdb1
sd 3:0:0:0: [sdb] Attached SCSI disk
sd 3:0:0:0: Attached scsi generic sg1 type 0
scsi 4:0:0:0: Direct-Access     ATA      WDC WD1000FYPS-0 02.0 PQ: 0 ANSI: 5
sd 4:0:0:0: [sdc] 1953525168 512-byte hardware sectors (1000205 MB)
sd 4:0:0:0: [sdc] Write Protect is off
sd 4:0:0:0: [sdc] Mode Sense: 00 3a 00 00
sd 4:0:0:0: [sdc] Write cache: enabled, read cache: enabled, doesn't support DPO or FUA
sd 4:0:0:0: [sdc] 1953525168 512-byte hardware sectors (1000205 MB)
sd 4:0:0:0: [sdc] Write Protect is off
sd 4:0:0:0: [sdc] Mode Sense: 00 3a 00 00
sd 4:0:0:0: [sdc] Write cache: enabled, read cache: enabled, doesn't support DPO or FUA
 sdc: unknown partition table
sd 4:0:0:0: [sdc] Attached SCSI disk
sd 4:0:0:0: Attached scsi generic sg2 type 0
scsi 5:0:0:0: Direct-Access     ATA      WDC WD1000FYPS-0 02.0 PQ: 0 ANSI: 5
sd 5:0:0:0: [sdd] 1953525168 512-byte hardware sectors (1000205 MB)
sd 5:0:0:0: [sdd] Write Protect is off
sd 5:0:0:0: [sdd] Mode Sense: 00 3a 00 00
sd 5:0:0:0: [sdd] Write cache: enabled, read cache: enabled, doesn't support DPO or FUA
sd 5:0:0:0: [sdd] 1953525168 512-byte hardware sectors (1000205 MB)
sd 5:0:0:0: [sdd] Write Protect is off
sd 5:0:0:0: [sdd] Mode Sense: 00 3a 00 00
sd 5:0:0:0: [sdd] Write cache: enabled, read cache: enabled, doesn't support DPO or FUA
 sdd: unknown partition table
sd 5:0:0:0: [sdd] Attached SCSI disk
sd 5:0:0:0: Attached scsi generic sg3 type 0
ACPI: PCI Interrupt 0000:03:00.0[A] -> GSI 16 (level, low) -> IRQ 16
PCI: Setting latency timer of device 0000:03:00.0 to 64
scsi6 : pata_marvell
scsi7 : pata_marvell
ata7: PATA max UDMA/100 cmd 0xcc00 ctl 0xc880 bmdma 0xc400 irq 16
ata8: PATA max UDMA/133 cmd 0xc800 ctl 0xc480 bmdma 0xc408 irq 16
BAR5:00:02 01:7F 02:22 03:CA 04:00 05:00 06:00 07:00 08:00 09:00 0A:00 0B:00 0C:07 0D:00 0E:00 0F:00 
ata7.00: ATA-0: Delock 54111 512MB, Ver1.27, max UDMA/33
ata7.00: 1006992 sectors, multi 0: LBA 
ata7.01: ATAPI: ATAPI   DVD D  DH16D2P, HP57, max UDMA/33
ata7.00: configured for PIO4
ata7.01: configured for PIO4
ata7.00: configured for PIO4
ata7.01: configured for PIO4
ata7: EH complete
BAR5:00:02 01:7F 02:22 03:CA 04:00 05:00 06:00 07:00 08:00 09:00 0A:00 0B:00 0C:07 0D:00 0E:00 0F:00 
scsi 6:0:0:0: Direct-Access     ATA      Delock 54111 512 Ver1 PQ: 0 ANSI: 5
sd 6:0:0:0: [sde] 1006992 512-byte hardware sectors (516 MB)
sd 6:0:0:0: [sde] Write Protect is off
sd 6:0:0:0: [sde] Mode Sense: 00 3a 00 00
sd 6:0:0:0: [sde] Write cache: disabled, read cache: enabled, doesn't support DPO or FUA
sd 6:0:0:0: [sde] 1006992 512-byte hardware sectors (516 MB)
sd 6:0:0:0: [sde] Write Protect is off
sd 6:0:0:0: [sde] Mode Sense: 00 3a 00 00
sd 6:0:0:0: [sde] Write cache: disabled, read cache: enabled, doesn't support DPO or FUA
 sde: sde1
sd 6:0:0:0: [sde] Attached SCSI disk
sd 6:0:0:0: Attached scsi generic sg4 type 0
scsi 6:0:1:0: CD-ROM            ATAPI    DVD D  DH16D2P   HP57 PQ: 0 ANSI: 5
sr0: scsi3-mmc drive: 48x/48x cd/rw xa/form2 cdda tray
Uniform CD-ROM driver Revision: 3.20
sr 6:0:1:0: Attached scsi CD-ROM sr0
sr 6:0:1:0: Attached scsi generic sg5 type 5
NFTL driver: nftlcore.c $Revision: 1.98 $, nftlmount.c $Revision: 1.41 $
INFTL: inftlcore.c $Revision: 1.19 $, inftlmount.c $Revision: 1.18 $
Generic platform RAM MTD, (c) 2004 Simtec Electronics
block2mtd: version $Revision: 1.30 $
ACPI: PCI Interrupt 0000:00:1a.7[C] -> GSI 18 (level, low) -> IRQ 18
PCI: Setting latency timer of device 0000:00:1a.7 to 64
ehci_hcd 0000:00:1a.7: EHCI Host Controller
ehci_hcd 0000:00:1a.7: new USB bus registered, assigned bus number 1
ehci_hcd 0000:00:1a.7: debug port 1
PCI: cache line size of 32 is not supported by device 0000:00:1a.7
ehci_hcd 0000:00:1a.7: irq 18, io mem 0xfbfffc00
ehci_hcd 0000:00:1a.7: USB 2.0 started, EHCI 1.00, driver 10 Dec 2004
usb usb1: configuration #1 chosen from 1 choice
hub 1-0:1.0: USB hub found
hub 1-0:1.0: 4 ports detected
ACPI: PCI Interrupt 0000:00:1d.7[A] -> GSI 23 (level, low) -> IRQ 23
PCI: Setting latency timer of device 0000:00:1d.7 to 64
ehci_hcd 0000:00:1d.7: EHCI Host Controller
ehci_hcd 0000:00:1d.7: new USB bus registered, assigned bus number 2
ehci_hcd 0000:00:1d.7: debug port 1
PCI: cache line size of 32 is not supported by device 0000:00:1d.7
ehci_hcd 0000:00:1d.7: irq 23, io mem 0xfbfff800
ehci_hcd 0000:00:1d.7: USB 2.0 started, EHCI 1.00, driver 10 Dec 2004
usb usb2: configuration #1 chosen from 1 choice
hub 2-0:1.0: USB hub found
hub 2-0:1.0: 8 ports detected
USB Universal Host Controller Interface driver v3.0
ACPI: PCI Interrupt 0000:00:1a.0[A] -> GSI 16 (level, low) -> IRQ 16
PCI: Setting latency timer of device 0000:00:1a.0 to 64
uhci_hcd 0000:00:1a.0: UHCI Host Controller
uhci_hcd 0000:00:1a.0: new USB bus registered, assigned bus number 3
uhci_hcd 0000:00:1a.0: irq 16, io base 0x0000bc00
usb usb3: configuration #1 chosen from 1 choice
hub 3-0:1.0: USB hub found
hub 3-0:1.0: 2 ports detected
ACPI: PCI Interrupt 0000:00:1a.1[B] -> GSI 21 (level, low) -> IRQ 21
PCI: Setting latency timer of device 0000:00:1a.1 to 64
uhci_hcd 0000:00:1a.1: UHCI Host Controller
uhci_hcd 0000:00:1a.1: new USB bus registered, assigned bus number 4
uhci_hcd 0000:00:1a.1: irq 21, io base 0x0000b880
usb usb4: configuration #1 chosen from 1 choice
hub 4-0:1.0: USB hub found
hub 4-0:1.0: 2 ports detected
ACPI: PCI Interrupt 0000:00:1d.0[A] -> GSI 23 (level, low) -> IRQ 23
PCI: Setting latency timer of device 0000:00:1d.0 to 64
uhci_hcd 0000:00:1d.0: UHCI Host Controller
uhci_hcd 0000:00:1d.0: new USB bus registered, assigned bus number 5
uhci_hcd 0000:00:1d.0: irq 23, io base 0x0000b800
usb usb5: configuration #1 chosen from 1 choice
hub 5-0:1.0: USB hub found
hub 5-0:1.0: 2 ports detected
ACPI: PCI Interrupt 0000:00:1d.1[B] -> GSI 19 (level, low) -> IRQ 19
PCI: Setting latency timer of device 0000:00:1d.1 to 64
uhci_hcd 0000:00:1d.1: UHCI Host Controller
uhci_hcd 0000:00:1d.1: new USB bus registered, assigned bus number 6
uhci_hcd 0000:00:1d.1: irq 19, io base 0x0000b480
usb usb6: configuration #1 chosen from 1 choice
hub 6-0:1.0: USB hub found
hub 6-0:1.0: 2 ports detected
ACPI: PCI Interrupt 0000:00:1d.2[C] -> GSI 18 (level, low) -> IRQ 18
PCI: Setting latency timer of device 0000:00:1d.2 to 64
uhci_hcd 0000:00:1d.2: UHCI Host Controller
uhci_hcd 0000:00:1d.2: new USB bus registered, assigned bus number 7
uhci_hcd 0000:00:1d.2: irq 18, io base 0x0000b400
usb usb7: configuration #1 chosen from 1 choice
hub 7-0:1.0: USB hub found
hub 7-0:1.0: 2 ports detected
ACPI: PCI Interrupt 0000:00:1d.3[D] -> GSI 16 (level, low) -> IRQ 16
PCI: Setting latency timer of device 0000:00:1d.3 to 64
uhci_hcd 0000:00:1d.3: UHCI Host Controller
uhci_hcd 0000:00:1d.3: new USB bus registered, assigned bus number 8
uhci_hcd 0000:00:1d.3: irq 16, io base 0x0000b080
usb usb8: configuration #1 chosen from 1 choice
hub 8-0:1.0: USB hub found
hub 8-0:1.0: 2 ports detected
Initializing USB Mass Storage driver...
usbcore: registered new interface driver usb-storage
USB Mass Storage support registered.
PNP: PS/2 Controller [PNP0303:PS2K] at 0x60,0x64 irq 1
PNP: PS/2 appears to have AUX port disabled, if this is incorrect please boot with i8042.nopnp
serio: i8042 KBD port at 0x60,0x64 irq 1
mice: PS/2 mouse device common for all mice
input: AT Translated Set 2 keyboard as /devices/platform/i8042/serio0/input/input2
input: PC Speaker as /devices/platform/pcspkr/input/input3
I2O subsystem v1.325
i2o: max drivers = 8
I2O Configuration OSM v1.323
I2O Bus Adapter OSM v1.317
I2O Block Device OSM v1.325
I2O SCSI Peripheral OSM v1.316
I2O ProcFS OSM v1.316
i2c /dev entries driver
ACPI: PCI Interrupt 0000:00:1f.3[C] -> GSI 18 (level, low) -> IRQ 18
coretemp coretemp.0: Using undocumented features, absolute temperature might be wrong!
coretemp coretemp.1: Using undocumented features, absolute temperature might be wrong!
coretemp coretemp.2: Using undocumented features, absolute temperature might be wrong!
coretemp coretemp.3: Using undocumented features, absolute temperature might be wrong!
iTCO_wdt: Intel TCO WatchDog Timer Driver v1.02 (26-Jul-2007)
iTCO_wdt: Found a ICH9R TCO device (Version=2, TCOBASE=0x0860)
iTCO_wdt: initialized. heartbeat=30 sec (nowayout=0)
iTCO_vendor_support: vendor-support=0
md: linear personality registered for level -1
md: raid0 personality registered for level 0
md: raid1 personality registered for level 1
md: raid10 personality registered for level 10
raid6: int64x1   2626 MB/s
raid6: int64x2   3286 MB/s
raid6: int64x4   3099 MB/s
raid6: int64x8   2106 MB/s
raid6: sse2x1    4904 MB/s
raid6: sse2x2    5152 MB/s
raid6: sse2x4    8955 MB/s
raid6: using algorithm sse2x4 (8955 MB/s)
md: raid6 personality registered for level 6
md: raid5 personality registered for level 5
md: raid4 personality registered for level 4
device-mapper: uevent: version 1.0.3
device-mapper: ioctl: 4.12.0-ioctl (2007-10-02) initialised: dm-devel@redhat.com
cpuidle: using governor ladder
usbcore: registered new interface driver usbhid
drivers/hid/usbhid/hid-core.c: v2.6:USB HID core driver
IPv4 over IPv4 tunneling driver
Initializing XFRM netlink socket
NET: Registered protocol family 1
NET: Registered protocol family 17
NET: Registered protocol family 15
RPC: Registered udp transport module.
RPC: Registered tcp transport module.
NET: Registered protocol family 33
RxRPC: Registered security type 2 'rxkad'
SCTP: Hash tables configured (established 65536 bind 65536)
drivers/rtc/hctosys.c: unable to open rtc device (rtc0)
BIOS EDD facility v0.16 2004-Jun-25, 6 devices found
md: Autodetecting RAID arrays.
md: Scanned 0 and added 0 devices.
md: autorun ...
md: ... autorun DONE.
VFS: Mounted root (ext2 filesystem) readonly.
Freeing unused kernel memory: 292k freed
r8169: eth0: link up
r8169: eth0: link up
Linux version 2.6.24.5-default (root@nfssrv) (gcc version 4.1.2 (Gentoo 4.1.2 p1.1)) #1 SMP Thu May 1 13:45:06 Local time zone must be set--see zic m
Command line: root=/dev/sde1 libata.force=1.00:pio4 udev
BIOS-provided physical RAM map:
 BIOS-e820: 0000000000000000 - 000000000009cc00 (usable)
 BIOS-e820: 000000000009cc00 - 00000000000a0000 (reserved)
 BIOS-e820: 00000000000e3000 - 0000000000100000 (reserved)
 BIOS-e820: 0000000000100000 - 00000000cffb0000 (usable)
 BIOS-e820: 00000000cffb0000 - 00000000cffbe000 (ACPI data)
 BIOS-e820: 00000000cffbe000 - 00000000cfff0000 (ACPI NVS)
 BIOS-e820: 00000000cfff0000 - 00000000d0000000 (reserved)
 BIOS-e820: 00000000fee00000 - 00000000fee01000 (reserved)
 BIOS-e820: 00000000ffb00000 - 0000000100000000 (reserved)
 BIOS-e820: 0000000100000000 - 0000000130000000 (usable)
Entering add_active_range(0, 0, 156) 0 entries of 256 used
Entering add_active_range(0, 256, 851888) 1 entries of 256 used
Entering add_active_range(0, 1048576, 1245184) 2 entries of 256 used
end_pfn_map = 1245184
DMI present.
ACPI: RSDP 000F9760, 0014 (r0 ACPIAM)
ACPI: RSDT CFFB0000, 0040 (r1 090407 RSDT1631 20070904 MSFT       97)
ACPI: FACP CFFB0200, 0084 (r2 090407 FACP1631 20070904 MSFT       97)
ACPI: DSDT CFFB0440, 52B7 (r1  0AAAA 0AAAA000        0 INTL 20051117)
ACPI: FACS CFFBE000, 0040
ACPI: APIC CFFB0390, 006C (r1 090407 APIC1631 20070904 MSFT       97)
ACPI: MCFG CFFB0400, 003C (r1 090407 OEMMCFG  20070904 MSFT       97)
ACPI: OEMB CFFBE040, 0061 (r1 090407 OEMB1631 20070904 MSFT       97)
ACPI: HPET CFFB5700, 0038 (r1 090407 OEMHPET  20070904 MSFT       97)
ACPI: GSCI CFFBE0B0, 2024 (r1 090407 GMCHSCI  20070904 MSFT       97)
ACPI: SSDT CFFC1320, 082F (r1 DpgPmm    CpuPm       12 INTL 20051117)
Entering add_active_range(0, 0, 156) 0 entries of 256 used
Entering add_active_range(0, 256, 851888) 1 entries of 256 used
Entering add_active_range(0, 1048576, 1245184) 2 entries of 256 used
Zone PFN ranges:
  DMA             0 ->     4096
  DMA32        4096 ->  1048576
  Normal    1048576 ->  1245184
Movable zone start PFN for each node
early_node_map[3] active PFN ranges
    0:        0 ->      156
    0:      256 ->   851888
    0:  1048576 ->  1245184
On node 0 totalpages: 1048396
  DMA zone: 56 pages used for memmap
  DMA zone: 1886 pages reserved
  DMA zone: 2054 pages, LIFO batch:0
  DMA32 zone: 14280 pages used for memmap
  DMA32 zone: 833512 pages, LIFO batch:31
  Normal zone: 2688 pages used for memmap
  Normal zone: 193920 pages, LIFO batch:31
  Movable zone: 0 pages used for memmap
ACPI: PM-Timer IO Port: 0x808
ACPI: Local APIC address 0xfee00000
ACPI: LAPIC (acpi_id[0x01] lapic_id[0x00] enabled)
Processor #0 (Bootup-CPU)
ACPI: LAPIC (acpi_id[0x02] lapic_id[0x01] enabled)
Processor #1
ACPI: LAPIC (acpi_id[0x03] lapic_id[0x02] enabled)
Processor #2
ACPI: LAPIC (acpi_id[0x04] lapic_id[0x03] enabled)
Processor #3
ACPI: IOAPIC (id[0x04] address[0xfec00000] gsi_base[0])
IOAPIC[0]: apic_id 4, address 0xfec00000, GSI 0-23
ACPI: INT_SRC_OVR (bus 0 bus_irq 0 global_irq 2 dfl dfl)
ACPI: INT_SRC_OVR (bus 0 bus_irq 9 global_irq 9 high level)
ACPI: IRQ0 used by override.
ACPI: IRQ2 used by override.
ACPI: IRQ9 used by override.
Setting APIC routing to flat
ACPI: HPET id: 0xffffffff base: 0xfed00000
Using ACPI (MADT) for SMP configuration information
Allocating PCI resources starting at d4000000 (gap: d0000000:2ee00000)
PERCPU: Allocating 29792 bytes of per cpu data
Built 1 zonelists in Zone order, mobility grouping on.  Total pages: 1029486
Kernel command line: root=/dev/sde1 libata.force=1.00:pio4 udev
Unknown boot option `libata.force=1.00:pio4': ignoring
Initializing CPU#0
PID hash table entries: 4096 (order: 12, 32768 bytes)
hpet clockevent registered
TSC calibrated against HPET
time.c: Detected 3005.668 MHz processor.
Console: colour VGA+ 80x25
console [tty0] enabled
Dentry cache hash table entries: 524288 (order: 10, 4194304 bytes)
Inode-cache hash table entries: 262144 (order: 9, 2097152 bytes)
Checking aperture...
PCI-DMA: Using software bounce buffering for IO (SWIOTLB)
Placing software IO TLB between 0x58e9000 - 0x98e9000
Memory: 4045020k/4980736k available (4152k kernel code, 148152k reserved, 2291k data, 292k init)
Calibrating delay using timer specific routine.. 6015.17 BogoMIPS (lpj=12030354)
Mount-cache hash table entries: 256
CPU: L1 I cache: 32K, L1 D cache: 32K
CPU: L2 cache: 4096K
using mwait in idle threads.
CPU: Physical Processor ID: 0
CPU: Processor Core ID: 0
CPU0: Thermal monitoring enabled (TM2)
Freeing SMP alternatives: 41k freed
ACPI: Core revision 20070126
Using local APIC timer interrupts.
APIC timer calibration result 20872679
Detected 20.872 MHz APIC timer.
Booting processor 1/4 APIC 0x1
Initializing CPU#1
Calibrating delay using timer specific routine.. 6011.32 BogoMIPS (lpj=12022657)
CPU: L1 I cache: 32K, L1 D cache: 32K
CPU: L2 cache: 4096K
CPU: Physical Processor ID: 0
CPU: Processor Core ID: 1
CPU1: Thermal monitoring enabled (TM2)
Intel(R) Core(TM)2 Quad CPU    Q6600  @ 2.40GHz stepping 0b
checking TSC synchronization [CPU#0 -> CPU#1]: passed.
Booting processor 2/4 APIC 0x2
Initializing CPU#2
Calibrating delay using timer specific routine.. 6011.36 BogoMIPS (lpj=12022729)
CPU: L1 I cache: 32K, L1 D cache: 32K
CPU: L2 cache: 4096K
CPU: Physical Processor ID: 0
CPU: Processor Core ID: 2
CPU2: Thermal monitoring enabled (TM2)
Intel(R) Core(TM)2 Quad CPU    Q6600  @ 2.40GHz stepping 0b
checking TSC synchronization [CPU#0 -> CPU#2]: passed.
Booting processor 3/4 APIC 0x3
Initializing CPU#3
Calibrating delay using timer specific routine.. 6011.37 BogoMIPS (lpj=12022756)
CPU: L1 I cache: 32K, L1 D cache: 32K
CPU: L2 cache: 4096K
CPU: Physical Processor ID: 0
CPU: Processor Core ID: 3
CPU3: Thermal monitoring enabled (TM2)
Intel(R) Core(TM)2 Quad CPU    Q6600  @ 2.40GHz stepping 0b
checking TSC synchronization [CPU#0 -> CPU#3]: passed.
Brought up 4 CPUs
net_namespace: 120 bytes
xor: automatically using best checksumming function: generic_sse
   generic_sse: 11170.000 MB/sec
xor: using function: generic_sse (11170.000 MB/sec)
NET: Registered protocol family 16
ACPI: bus type pci registered
PCI: BIOS Bug: MCFG area at e0000000 is not E820-reserved
PCI: Not using MMCONFIG.
PCI: Using configuration type 1
ACPI: EC: Look up EC in DSDT
ACPI: Interpreter enabled
ACPI: (supports S0 S5)
ACPI: Using IOAPIC for interrupt routing
Error attaching device data
Error attaching device data
Error attaching device data
Error attaching device data
ACPI: PCI Root Bridge [PCI0] (0000:00)
PCI quirk: region 0800-087f claimed by ICH6 ACPI/GPIO/TCO
PCI quirk: region 0480-04bf claimed by ICH6 GPIO
PCI: Transparent bridge - 0000:00:1e.0
ACPI: PCI Interrupt Routing Table [\_SB_.PCI0._PRT]
ACPI: PCI Interrupt Routing Table [\_SB_.PCI0.P0P1._PRT]
ACPI: PCI Interrupt Routing Table [\_SB_.PCI0.P0P4._PRT]
ACPI: PCI Interrupt Routing Table [\_SB_.PCI0.P0P8._PRT]
ACPI: PCI Interrupt Routing Table [\_SB_.PCI0.P0P9._PRT]
ACPI: PCI Interrupt Link [LNKA] (IRQs 3 4 6 7 *10 11 12 14 15)
ACPI: PCI Interrupt Link [LNKB] (IRQs *5)
ACPI: PCI Interrupt Link [LNKC] (IRQs 3 4 6 7 10 11 12 *14 15)
ACPI: PCI Interrupt Link [LNKD] (IRQs 3 4 6 7 10 *11 12 14 15)
ACPI: PCI Interrupt Link [LNKE] (IRQs 3 4 6 7 10 11 12 14 15) *0, disabled.
ACPI: PCI Interrupt Link [LNKF] (IRQs 3 4 6 7 10 11 12 14 *15)
ACPI: PCI Interrupt Link [LNKG] (IRQs 3 4 6 7 10 11 12 14 15) *0, disabled.
ACPI: PCI Interrupt Link [LNKH] (IRQs *3 4 6 7 10 11 12 14 15)
ACPI Warning (tbutils-0217): Incorrect checksum in table [OEMB] -  94, should be 93 [20070126]
Linux Plug and Play Support v0.97 (c) Adam Belay
pnp: PnP ACPI init
ACPI: bus type pnp registered
pnp: PnP ACPI: found 16 devices
ACPI: ACPI bus type pnp unregistered
SCSI subsystem initialized
libata version 3.00 loaded.
usbcore: registered new interface driver usbfs
usbcore: registered new interface driver hub
usbcore: registered new device driver usb
PCI: Using ACPI for IRQ routing
PCI: If a device doesn't work, try "pci=routeirq".  If it helps, post a report
PCI-GART: No AMD northbridge found.
hpet0: at MMIO 0xfed00000, IRQs 2, 8, 0, 0
hpet0: 4 64-bit timers, 14318180 Hz
Time: tsc clocksource has been installed.
Switched to high resolution mode on CPU 0
Switched to high resolution mode on CPU 1
Switched to high resolution mode on CPU 3
Switched to high resolution mode on CPU 2
system 00:01: iomem range 0xfed14000-0xfed19fff has been reserved
system 00:08: ioport range 0xa00-0xadf has been reserved
system 00:08: ioport range 0xae0-0xaef has been reserved
system 00:09: ioport range 0x4d0-0x4d1 has been reserved
system 00:09: ioport range 0x800-0x87f has been reserved
system 00:09: ioport range 0x480-0x4bf has been reserved
system 00:09: iomem range 0xfed1c000-0xfed1ffff has been reserved
system 00:09: iomem range 0xfed20000-0xfed8ffff has been reserved
system 00:0c: iomem range 0xffc00000-0xffefffff could not be reserved
system 00:0d: iomem range 0xfec00000-0xfec00fff has been reserved
system 00:0d: iomem range 0xfee00000-0xfee00fff could not be reserved
system 00:0e: iomem range 0xe0000000-0xefffffff has been reserved
system 00:0f: iomem range 0x0-0x9ffff could not be reserved
system 00:0f: iomem range 0xc0000-0xcffff has been reserved
system 00:0f: iomem range 0xe0000-0xfffff could not be reserved
system 00:0f: iomem range 0x100000-0xcfffffff could not be reserved
system 00:0f: iomem range 0x0-0x0 could not be reserved
PCI: Bridge: 0000:00:01.0
  IO window: disabled.
  MEM window: fc000000-fe8fffff
  PREFETCH window: d0000000-dfffffff
PCI: Bridge: 0000:00:1c.0
  IO window: disabled.
  MEM window: disabled.
  PREFETCH window: disabled.
PCI: Bridge: 0000:00:1c.4
  IO window: c000-cfff
  MEM window: fe900000-fe9fffff
  PREFETCH window: disabled.
PCI: Bridge: 0000:00:1c.5
  IO window: d000-dfff
  MEM window: fea00000-feafffff
  PREFETCH window: disabled.
PCI: Bridge: 0000:00:1e.0
  IO window: e000-efff
  MEM window: feb00000-febfffff
  PREFETCH window: disabled.
ACPI: PCI Interrupt 0000:00:01.0[A] -> GSI 16 (level, low) -> IRQ 16
PCI: Setting latency timer of device 0000:00:01.0 to 64
ACPI: PCI Interrupt 0000:00:1c.0[A] -> GSI 17 (level, low) -> IRQ 17
PCI: Setting latency timer of device 0000:00:1c.0 to 64
ACPI: PCI Interrupt 0000:00:1c.4[A] -> GSI 17 (level, low) -> IRQ 17
PCI: Setting latency timer of device 0000:00:1c.4 to 64
ACPI: PCI Interrupt 0000:00:1c.5[B] -> GSI 16 (level, low) -> IRQ 16
PCI: Setting latency timer of device 0000:00:1c.5 to 64
PCI: Setting latency timer of device 0000:00:1e.0 to 64
NET: Registered protocol family 2
IP route cache hash table entries: 131072 (order: 8, 1048576 bytes)
TCP established hash table entries: 262144 (order: 10, 4194304 bytes)
TCP bind hash table entries: 65536 (order: 8, 1048576 bytes)
TCP: Hash tables configured (established 262144 bind 65536)
TCP reno registered
IA-32 Microcode Update Driver: v1.14a <tigran@aivazian.fsnet.co.uk>
Total HugeTLB memory allocated, 0
DLM (built May  1 2008 13:41:04) installed
Installing knfsd (copyright (C) 1996 okir@monad.swb.de).
JFFS2 version 2.2. (NAND) (SUMMARY)  © 2001-2006 Red Hat, Inc.
fuse init (API version 7.9)
async_tx: api initialized (async)
io scheduler noop registered
io scheduler anticipatory registered
io scheduler deadline registered
io scheduler cfq registered (default)
Boot video device is 0000:01:00.0
PCI: Setting latency timer of device 0000:00:01.0 to 64
assign_interrupt_mode Found MSI capability
Allocate Port Service[0000:00:01.0:pcie00]
PCI: Setting latency timer of device 0000:00:1c.0 to 64
assign_interrupt_mode Found MSI capability
Allocate Port Service[0000:00:1c.0:pcie00]
Allocate Port Service[0000:00:1c.0:pcie02]
PCI: Setting latency timer of device 0000:00:1c.4 to 64
assign_interrupt_mode Found MSI capability
Allocate Port Service[0000:00:1c.4:pcie00]
Allocate Port Service[0000:00:1c.4:pcie02]
PCI: Setting latency timer of device 0000:00:1c.5 to 64
assign_interrupt_mode Found MSI capability
Allocate Port Service[0000:00:1c.5:pcie00]
Allocate Port Service[0000:00:1c.5:pcie02]
input: Power Button (FF) as /devices/virtual/input/input0
ACPI: Power Button (FF) [PWRF]
input: Power Button (CM) as /devices/virtual/input/input1
ACPI: Power Button (CM) [PWRB]
ACPI: SSDT CFFC00E0, 0277 (r1 DpgPmm  P001Ist       11 INTL 20051117)
ACPI: SSDT CFFC0570, 0277 (r1 DpgPmm  P002Ist       12 INTL 20051117)
ACPI: SSDT CFFC0A00, 0277 (r1 DpgPmm  P003Ist       12 INTL 20051117)
ACPI: SSDT CFFC0E90, 0277 (r1 DpgPmm  P004Ist       12 INTL 20051117)
Real Time Clock Driver v1.12ac
hpet_resources: 0xfed00000 is busy
Non-volatile memory driver v1.2
Linux agpgart interface v0.102
ipmi message handler version 39.1
ipmi device interface
IPMI System Interface driver.
ipmi_si: Unable to find any System Interface(s)
IPMI Watchdog: driver initialized
Copyright (C) 2004 MontaVista Software - IPMI Powerdown via sys_reboot.
Hangcheck: starting hangcheck timer 0.9.0 (tick is 180 seconds, margin is 60 seconds).
Hangcheck: Using get_cycles().
Serial: 8250/16550 driver $Revision: 1.90 $ 4 ports, IRQ sharing disabled
serial8250: ttyS0 at I/O 0x3f8 (irq = 4) is a 16550A
00:06: ttyS0 at I/O 0x3f8 (irq = 4) is a 16550A
loop: module loaded
e1000e: Intel(R) PRO/1000 Network Driver - 0.2.0
e1000e: Copyright (c) 1999-2007 Intel Corporation.
PPP generic driver version 2.4.2
PPP Deflate Compression module registered
PPP BSD Compression module registered
PPP MPPE Compression module registered
NET: Registered protocol family 24
PPPoL2TP kernel driver, V1.0
tun: Universal TUN/TAP device driver, 1.6
tun: (C) 1999-2004 Max Krasnyansky <maxk@qualcomm.com>
r8169 Gigabit Ethernet driver 2.2LK-NAPI loaded
ACPI: PCI Interrupt 0000:04:00.0[A] -> GSI 17 (level, low) -> IRQ 17
PCI: Setting latency timer of device 0000:04:00.0 to 64
eth0: RTL8168b/8111b at 0xffffc20000094000, 00:19:db:f6:31:7d, XID 38000000 IRQ 379
Linux video capture interface: v2.00
Uniform Multi-Platform E-IDE driver Revision: 7.00alpha2
ide: Assuming 33MHz system bus speed for PIO modes; override with idebus=xx
Probing IDE interface ide0...
Probing IDE interface ide1...
ide-floppy driver 0.99.newide
Driver 'sd' needs updating - please use bus_type methods
Driver 'sr' needs updating - please use bus_type methods
ahci 0000:00:1f.2: version 3.0
ACPI: PCI Interrupt 0000:00:1f.2[B] -> GSI 19 (level, low) -> IRQ 19
ahci 0000:00:1f.2: AHCI 0001.0200 32 slots 6 ports 3 Gbps 0x3f impl SATA mode
ahci 0000:00:1f.2: flags: 64bit ncq sntf stag pm led clo pio slum part 
PCI: Setting latency timer of device 0000:00:1f.2 to 64
scsi0 : ahci
scsi1 : ahci
scsi2 : ahci
scsi3 : ahci
scsi4 : ahci
scsi5 : ahci
ata1: SATA max UDMA/133 abar m2048@0xfbfff000 port 0xfbfff100 irq 378
ata2: SATA max UDMA/133 abar m2048@0xfbfff000 port 0xfbfff180 irq 378
ata3: SATA max UDMA/133 abar m2048@0xfbfff000 port 0xfbfff200 irq 378
ata4: SATA max UDMA/133 abar m2048@0xfbfff000 port 0xfbfff280 irq 378
ata5: SATA max UDMA/133 abar m2048@0xfbfff000 port 0xfbfff300 irq 378
ata6: SATA max UDMA/133 abar m2048@0xfbfff000 port 0xfbfff380 irq 378
ata1: SATA link down (SStatus 0 SControl 300)
ata2: SATA link down (SStatus 0 SControl 300)
ata3: SATA link up 3.0 Gbps (SStatus 123 SControl 300)
ata3.00: ATA-8: WDC WD1000FYPS-01ZKB0, 02.01B01, max UDMA/133
ata3.00: 1953525168 sectors, multi 0: LBA48 NCQ (depth 31/32)
ata3.00: configured for UDMA/133
ata4: SATA link up 3.0 Gbps (SStatus 123 SControl 300)
ata4.00: ATA-8: WDC WD1000FYPS-01ZKB0, 02.01B01, max UDMA/133
ata4.00: 1953525168 sectors, multi 0: LBA48 NCQ (depth 31/32)
ata4.00: configured for UDMA/133
ata5: SATA link up 3.0 Gbps (SStatus 123 SControl 300)
ata5.00: ATA-8: WDC WD1000FYPS-01ZKB0, 02.01B01, max UDMA/133
ata5.00: 1953525168 sectors, multi 0: LBA48 NCQ (depth 31/32)
ata5.00: configured for UDMA/133
ata6: SATA link up 3.0 Gbps (SStatus 123 SControl 300)
ata6.00: ATA-8: WDC WD1000FYPS-01ZKB0, 02.01B01, max UDMA/133
ata6.00: 1953525168 sectors, multi 0: LBA48 NCQ (depth 31/32)
ata6.00: configured for UDMA/133
scsi 2:0:0:0: Direct-Access     ATA      WDC WD1000FYPS-0 02.0 PQ: 0 ANSI: 5
sd 2:0:0:0: [sda] 1953525168 512-byte hardware sectors (1000205 MB)
sd 2:0:0:0: [sda] Write Protect is off
sd 2:0:0:0: [sda] Mode Sense: 00 3a 00 00
sd 2:0:0:0: [sda] Write cache: enabled, read cache: enabled, doesn't support DPO or FUA
sd 2:0:0:0: [sda] 1953525168 512-byte hardware sectors (1000205 MB)
sd 2:0:0:0: [sda] Write Protect is off
sd 2:0:0:0: [sda] Mode Sense: 00 3a 00 00
sd 2:0:0:0: [sda] Write cache: enabled, read cache: enabled, doesn't support DPO or FUA
 sda: sda1
sd 2:0:0:0: [sda] Attached SCSI disk
sd 2:0:0:0: Attached scsi generic sg0 type 0
scsi 3:0:0:0: Direct-Access     ATA      WDC WD1000FYPS-0 02.0 PQ: 0 ANSI: 5
sd 3:0:0:0: [sdb] 1953525168 512-byte hardware sectors (1000205 MB)
sd 3:0:0:0: [sdb] Write Protect is off
sd 3:0:0:0: [sdb] Mode Sense: 00 3a 00 00
sd 3:0:0:0: [sdb] Write cache: enabled, read cache: enabled, doesn't support DPO or FUA
sd 3:0:0:0: [sdb] 1953525168 512-byte hardware sectors (1000205 MB)
sd 3:0:0:0: [sdb] Write Protect is off
sd 3:0:0:0: [sdb] Mode Sense: 00 3a 00 00
sd 3:0:0:0: [sdb] Write cache: enabled, read cache: enabled, doesn't support DPO or FUA
 sdb: sdb1
sd 3:0:0:0: [sdb] Attached SCSI disk
sd 3:0:0:0: Attached scsi generic sg1 type 0
scsi 4:0:0:0: Direct-Access     ATA      WDC WD1000FYPS-0 02.0 PQ: 0 ANSI: 5
sd 4:0:0:0: [sdc] 1953525168 512-byte hardware sectors (1000205 MB)
sd 4:0:0:0: [sdc] Write Protect is off
sd 4:0:0:0: [sdc] Mode Sense: 00 3a 00 00
sd 4:0:0:0: [sdc] Write cache: enabled, read cache: enabled, doesn't support DPO or FUA
sd 4:0:0:0: [sdc] 1953525168 512-byte hardware sectors (1000205 MB)
sd 4:0:0:0: [sdc] Write Protect is off
sd 4:0:0:0: [sdc] Mode Sense: 00 3a 00 00
sd 4:0:0:0: [sdc] Write cache: enabled, read cache: enabled, doesn't support DPO or FUA
 sdc: unknown partition table
sd 4:0:0:0: [sdc] Attached SCSI disk
sd 4:0:0:0: Attached scsi generic sg2 type 0
scsi 5:0:0:0: Direct-Access     ATA      WDC WD1000FYPS-0 02.0 PQ: 0 ANSI: 5
sd 5:0:0:0: [sdd] 1953525168 512-byte hardware sectors (1000205 MB)
sd 5:0:0:0: [sdd] Write Protect is off
sd 5:0:0:0: [sdd] Mode Sense: 00 3a 00 00
sd 5:0:0:0: [sdd] Write cache: enabled, read cache: enabled, doesn't support DPO or FUA
sd 5:0:0:0: [sdd] 1953525168 512-byte hardware sectors (1000205 MB)
sd 5:0:0:0: [sdd] Write Protect is off
sd 5:0:0:0: [sdd] Mode Sense: 00 3a 00 00
sd 5:0:0:0: [sdd] Write cache: enabled, read cache: enabled, doesn't support DPO or FUA
 sdd: unknown partition table
sd 5:0:0:0: [sdd] Attached SCSI disk
sd 5:0:0:0: Attached scsi generic sg3 type 0
ACPI: PCI Interrupt 0000:03:00.0[A] -> GSI 16 (level, low) -> IRQ 16
PCI: Setting latency timer of device 0000:03:00.0 to 64
scsi6 : pata_marvell
scsi7 : pata_marvell
ata7: PATA max UDMA/100 cmd 0xcc00 ctl 0xc880 bmdma 0xc400 irq 16
ata8: PATA max UDMA/133 cmd 0xc800 ctl 0xc480 bmdma 0xc408 irq 16
BAR5:00:02 01:7F 02:22 03:CA 04:00 05:00 06:00 07:00 08:00 09:00 0A:00 0B:00 0C:07 0D:00 0E:00 0F:00 
ata7.00: ATA-0: Delock 54111 512MB, Ver1.27, max UDMA/33
ata7.00: 1006992 sectors, multi 0: LBA 
ata7.01: ATAPI: ATAPI   DVD D  DH16D2P, HP57, max UDMA/33
ata7.00: configured for UDMA/33
ata7.01: configured for UDMA/33
ata7.00: configured for UDMA/33
ata7.01: configured for UDMA/33
ata7: EH complete
BAR5:00:02 01:7F 02:22 03:CA 04:00 05:00 06:00 07:00 08:00 09:00 0A:00 0B:00 0C:07 0D:00 0E:00 0F:00 
scsi 6:0:0:0: Direct-Access     ATA      Delock 54111 512 Ver1 PQ: 0 ANSI: 5
sd 6:0:0:0: [sde] 1006992 512-byte hardware sectors (516 MB)
sd 6:0:0:0: [sde] Write Protect is off
sd 6:0:0:0: [sde] Mode Sense: 00 3a 00 00
sd 6:0:0:0: [sde] Write cache: disabled, read cache: enabled, doesn't support DPO or FUA
sd 6:0:0:0: [sde] 1006992 512-byte hardware sectors (516 MB)
sd 6:0:0:0: [sde] Write Protect is off
sd 6:0:0:0: [sde] Mode Sense: 00 3a 00 00
sd 6:0:0:0: [sde] Write cache: disabled, read cache: enabled, doesn't support DPO or FUA
 sde: sde1
sd 6:0:0:0: [sde] Attached SCSI disk
sd 6:0:0:0: Attached scsi generic sg4 type 0
scsi 6:0:1:0: CD-ROM            ATAPI    DVD D  DH16D2P   HP57 PQ: 0 ANSI: 5
sr0: scsi3-mmc drive: 48x/48x cd/rw xa/form2 cdda tray
Uniform CD-ROM driver Revision: 3.20
sr 6:0:1:0: Attached scsi CD-ROM sr0
sr 6:0:1:0: Attached scsi generic sg5 type 5
NFTL driver: nftlcore.c $Revision: 1.98 $, nftlmount.c $Revision: 1.41 $
INFTL: inftlcore.c $Revision: 1.19 $, inftlmount.c $Revision: 1.18 $
Generic platform RAM MTD, (c) 2004 Simtec Electronics
block2mtd: version $Revision: 1.30 $
ACPI: PCI Interrupt 0000:00:1a.7[C] -> GSI 18 (level, low) -> IRQ 18
PCI: Setting latency timer of device 0000:00:1a.7 to 64
ehci_hcd 0000:00:1a.7: EHCI Host Controller
ehci_hcd 0000:00:1a.7: new USB bus registered, assigned bus number 1
ehci_hcd 0000:00:1a.7: debug port 1
PCI: cache line size of 32 is not supported by device 0000:00:1a.7
ehci_hcd 0000:00:1a.7: irq 18, io mem 0xfbfffc00
ehci_hcd 0000:00:1a.7: USB 2.0 started, EHCI 1.00, driver 10 Dec 2004
usb usb1: configuration #1 chosen from 1 choice
hub 1-0:1.0: USB hub found
hub 1-0:1.0: 4 ports detected
ACPI: PCI Interrupt 0000:00:1d.7[A] -> GSI 23 (level, low) -> IRQ 23
PCI: Setting latency timer of device 0000:00:1d.7 to 64
ehci_hcd 0000:00:1d.7: EHCI Host Controller
ehci_hcd 0000:00:1d.7: new USB bus registered, assigned bus number 2
ehci_hcd 0000:00:1d.7: debug port 1
PCI: cache line size of 32 is not supported by device 0000:00:1d.7
ehci_hcd 0000:00:1d.7: irq 23, io mem 0xfbfff800
ehci_hcd 0000:00:1d.7: USB 2.0 started, EHCI 1.00, driver 10 Dec 2004
usb usb2: configuration #1 chosen from 1 choice
hub 2-0:1.0: USB hub found
hub 2-0:1.0: 8 ports detected
USB Universal Host Controller Interface driver v3.0
ACPI: PCI Interrupt 0000:00:1a.0[A] -> GSI 16 (level, low) -> IRQ 16
PCI: Setting latency timer of device 0000:00:1a.0 to 64
uhci_hcd 0000:00:1a.0: UHCI Host Controller
uhci_hcd 0000:00:1a.0: new USB bus registered, assigned bus number 3
uhci_hcd 0000:00:1a.0: irq 16, io base 0x0000bc00
usb usb3: configuration #1 chosen from 1 choice
hub 3-0:1.0: USB hub found
hub 3-0:1.0: 2 ports detected
ACPI: PCI Interrupt 0000:00:1a.1[B] -> GSI 21 (level, low) -> IRQ 21
PCI: Setting latency timer of device 0000:00:1a.1 to 64
uhci_hcd 0000:00:1a.1: UHCI Host Controller
uhci_hcd 0000:00:1a.1: new USB bus registered, assigned bus number 4
uhci_hcd 0000:00:1a.1: irq 21, io base 0x0000b880
usb usb4: configuration #1 chosen from 1 choice
hub 4-0:1.0: USB hub found
hub 4-0:1.0: 2 ports detected
ACPI: PCI Interrupt 0000:00:1d.0[A] -> GSI 23 (level, low) -> IRQ 23
PCI: Setting latency timer of device 0000:00:1d.0 to 64
uhci_hcd 0000:00:1d.0: UHCI Host Controller
uhci_hcd 0000:00:1d.0: new USB bus registered, assigned bus number 5
uhci_hcd 0000:00:1d.0: irq 23, io base 0x0000b800
usb usb5: configuration #1 chosen from 1 choice
hub 5-0:1.0: USB hub found
hub 5-0:1.0: 2 ports detected
ACPI: PCI Interrupt 0000:00:1d.1[B] -> GSI 19 (level, low) -> IRQ 19
PCI: Setting latency timer of device 0000:00:1d.1 to 64
uhci_hcd 0000:00:1d.1: UHCI Host Controller
uhci_hcd 0000:00:1d.1: new USB bus registered, assigned bus number 6
uhci_hcd 0000:00:1d.1: irq 19, io base 0x0000b480
usb usb6: configuration #1 chosen from 1 choice
hub 6-0:1.0: USB hub found
hub 6-0:1.0: 2 ports detected
ACPI: PCI Interrupt 0000:00:1d.2[C] -> GSI 18 (level, low) -> IRQ 18
PCI: Setting latency timer of device 0000:00:1d.2 to 64
uhci_hcd 0000:00:1d.2: UHCI Host Controller
uhci_hcd 0000:00:1d.2: new USB bus registered, assigned bus number 7
uhci_hcd 0000:00:1d.2: irq 18, io base 0x0000b400
usb usb7: configuration #1 chosen from 1 choice
hub 7-0:1.0: USB hub found
hub 7-0:1.0: 2 ports detected
ACPI: PCI Interrupt 0000:00:1d.3[D] -> GSI 16 (level, low) -> IRQ 16
PCI: Setting latency timer of device 0000:00:1d.3 to 64
uhci_hcd 0000:00:1d.3: UHCI Host Controller
uhci_hcd 0000:00:1d.3: new USB bus registered, assigned bus number 8
uhci_hcd 0000:00:1d.3: irq 16, io base 0x0000b080
usb usb8: configuration #1 chosen from 1 choice
hub 8-0:1.0: USB hub found
hub 8-0:1.0: 2 ports detected
Initializing USB Mass Storage driver...
usbcore: registered new interface driver usb-storage
USB Mass Storage support registered.
PNP: PS/2 Controller [PNP0303:PS2K] at 0x60,0x64 irq 1
PNP: PS/2 appears to have AUX port disabled, if this is incorrect please boot with i8042.nopnp
serio: i8042 KBD port at 0x60,0x64 irq 1
mice: PS/2 mouse device common for all mice
input: AT Translated Set 2 keyboard as /devices/platform/i8042/serio0/input/input2
input: PC Speaker as /devices/platform/pcspkr/input/input3
I2O subsystem v1.325
i2o: max drivers = 8
I2O Configuration OSM v1.323
I2O Bus Adapter OSM v1.317
I2O Block Device OSM v1.325
I2O SCSI Peripheral OSM v1.316
I2O ProcFS OSM v1.316
i2c /dev entries driver
ACPI: PCI Interrupt 0000:00:1f.3[C] -> GSI 18 (level, low) -> IRQ 18
coretemp coretemp.0: Using undocumented features, absolute temperature might be wrong!
coretemp coretemp.1: Using undocumented features, absolute temperature might be wrong!
coretemp coretemp.2: Using undocumented features, absolute temperature might be wrong!
coretemp coretemp.3: Using undocumented features, absolute temperature might be wrong!
iTCO_wdt: Intel TCO WatchDog Timer Driver v1.02 (26-Jul-2007)
iTCO_wdt: Found a ICH9R TCO device (Version=2, TCOBASE=0x0860)
iTCO_wdt: initialized. heartbeat=30 sec (nowayout=0)
iTCO_vendor_support: vendor-support=0
md: linear personality registered for level -1
md: raid0 personality registered for level 0
md: raid1 personality registered for level 1
md: raid10 personality registered for level 10
raid6: int64x1   2043 MB/s
raid6: int64x2   2555 MB/s
raid6: int64x4   2409 MB/s
raid6: int64x8   1639 MB/s
raid6: sse2x1    4265 MB/s
raid6: sse2x2    4462 MB/s
raid6: sse2x4    6928 MB/s
raid6: using algorithm sse2x4 (6928 MB/s)
md: raid6 personality registered for level 6
md: raid5 personality registered for level 5
md: raid4 personality registered for level 4
device-mapper: uevent: version 1.0.3
device-mapper: ioctl: 4.12.0-ioctl (2007-10-02) initialised: dm-devel@redhat.com
cpuidle: using governor ladder
usbcore: registered new interface driver usbhid
drivers/hid/usbhid/hid-core.c: v2.6:USB HID core driver
IPv4 over IPv4 tunneling driver
Initializing XFRM netlink socket
NET: Registered protocol family 1
NET: Registered protocol family 17
NET: Registered protocol family 15
RPC: Registered udp transport module.
RPC: Registered tcp transport module.
NET: Registered protocol family 33
RxRPC: Registered security type 2 'rxkad'
SCTP: Hash tables configured (established 65536 bind 65536)
drivers/rtc/hctosys.c: unable to open rtc device (rtc0)
BIOS EDD facility v0.16 2004-Jun-25, 6 devices found
md: Autodetecting RAID arrays.
md: Scanned 0 and added 0 devices.
md: autorun ...
md: ... autorun DONE.
VFS: Mounted root (ext2 filesystem) readonly.
Freeing unused kernel memory: 292k freed
r8169: eth0: link up
r8169: eth0: link up
ata7.00: exception Emask 0x0 SAct 0x0 SErr 0x0 action 0x2
ata7.00: BMDMA stat 0x64
ata7.00: cmd ca/00:06:41:00:00/00:00:00:00:00/e0 tag 0 dma 3072 out
         res 51/84:00:41:00:00/00:00:00:00:00/e0 Emask 0x10 (ATA bus error)
ata7.00: status: { DRDY ERR }
ata7.00: error: { ICRC ABRT }
BAR5:00:02 01:7F 02:22 03:CA 04:00 05:00 06:00 07:00 08:00 09:00 0A:00 0B:00 0C:07 0D:00 0E:00 0F:00 
ata7: soft resetting link
ata7.00: configured for UDMA/33
ata7.01: configured for UDMA/33
ata7.00: configured for UDMA/33
ata7.01: configured for UDMA/33
ata7: EH complete
ata7.00: exception Emask 0x0 SAct 0x0 SErr 0x0 action 0x2
ata7.00: BMDMA stat 0x64
ata7.00: cmd ca/00:06:41:00:00/00:00:00:00:00/e0 tag 0 dma 3072 out
         res 51/84:00:41:00:00/00:00:00:00:00/e0 Emask 0x10 (ATA bus error)
ata7.00: status: { DRDY ERR }
ata7.00: error: { ICRC ABRT }
BAR5:00:02 01:7F 02:22 03:CA 04:00 05:00 06:00 07:00 08:00 09:00 0A:00 0B:00 0C:07 0D:00 0E:00 0F:00 
ata7: soft resetting link
ata7.00: configured for UDMA/33
ata7.01: configured for UDMA/33
ata7.00: configured for UDMA/33
ata7.01: configured for UDMA/33
ata7: EH complete
sd 6:0:0:0: [sde] 1006992 512-byte hardware sectors (516 MB)
sd 6:0:0:0: [sde] Write Protect is off
sd 6:0:0:0: [sde] Mode Sense: 00 3a 00 00
ata7.00: exception Emask 0x0 SAct 0x0 SErr 0x0 action 0x2
ata7.00: BMDMA stat 0x64
ata7.00: cmd ca/00:02:41:00:02/00:00:00:00:00/e0 tag 0 dma 1024 out
         res 51/84:00:41:00:02/00:00:00:00:00/e0 Emask 0x10 (ATA bus error)
ata7.00: status: { DRDY ERR }
ata7.00: error: { ICRC ABRT }
BAR5:00:02 01:7F 02:22 03:CA 04:00 05:00 06:00 07:00 08:00 09:00 0A:00 0B:00 0C:07 0D:00 0E:00 0F:00 
ata7: soft resetting link
ata7.00: configured for UDMA/33
ata7.01: configured for UDMA/33
ata7.00: configured for UDMA/33
ata7.01: configured for UDMA/33
ata7: EH complete
sd 6:0:0:0: [sde] Write cache: disabled, read cache: enabled, doesn't support DPO or FUA
sd 6:0:0:0: [sde] 1006992 512-byte hardware sectors (516 MB)
sd 6:0:0:0: [sde] Write Protect is off
sd 6:0:0:0: [sde] Mode Sense: 00 3a 00 00
sd 6:0:0:0: [sde] Write cache: disabled, read cache: enabled, doesn't support DPO or FUA
ata7.00: limiting speed to UDMA/25:PIO4
ata7.00: exception Emask 0x0 SAct 0x0 SErr 0x0 action 0x2
ata7.00: BMDMA stat 0x64
ata7.00: cmd ca/00:02:53:b4:07/00:00:00:00:00/e0 tag 0 dma 1024 out
         res 51/84:00:53:b4:07/00:00:00:00:00/e0 Emask 0x10 (ATA bus error)
ata7.00: status: { DRDY ERR }
ata7.00: error: { ICRC ABRT }
BAR5:00:02 01:7F 02:22 03:CA 04:00 05:00 06:00 07:00 08:00 09:00 0A:00 0B:00 0C:07 0D:00 0E:00 0F:00 
ata7: soft resetting link
ata7.00: configured for UDMA/25
ata7.01: configured for UDMA/33
ata7.00: configured for UDMA/25
ata7.01: configured for UDMA/33
ata7: EH complete
sd 6:0:0:0: [sde] 1006992 512-byte hardware sectors (516 MB)
sd 6:0:0:0: [sde] Write Protect is off
sd 6:0:0:0: [sde] Mode Sense: 00 3a 00 00
sd 6:0:0:0: [sde] Write cache: disabled, read cache: enabled, doesn't support DPO or FUA
sd 6:0:0:0: [sde] 1006992 512-byte hardware sectors (516 MB)
sd 6:0:0:0: [sde] Write Protect is off
sd 6:0:0:0: [sde] Mode Sense: 00 3a 00 00
ata7.00: exception Emask 0x0 SAct 0x0 SErr 0x0 action 0x2
ata7.00: BMDMA stat 0x64
ata7.00: cmd ca/00:04:41:00:04/00:00:00:00:00/e0 tag 0 dma 2048 out
         res 51/84:00:41:00:04/00:00:00:00:00/e0 Emask 0x10 (ATA bus error)
ata7.00: status: { DRDY ERR }
ata7.00: error: { ICRC ABRT }
BAR5:00:02 01:7F 02:22 03:CA 04:00 05:00 06:00 07:00 08:00 09:00 0A:00 0B:00 0C:07 0D:00 0E:00 0F:00 
ata7: soft resetting link
ata7.00: configured for UDMA/25
ata7.01: configured for UDMA/33
ata7.00: configured for UDMA/25
ata7.01: configured for UDMA/33
ata7: EH complete
sd 6:0:0:0: [sde] Write cache: disabled, read cache: enabled, doesn't support DPO or FUA
sd 6:0:0:0: [sde] 1006992 512-byte hardware sectors (516 MB)
sd 6:0:0:0: [sde] Write Protect is off
sd 6:0:0:0: [sde] Mode Sense: 00 3a 00 00
sd 6:0:0:0: [sde] Write cache: disabled, read cache: enabled, doesn't support DPO or FUA
ata7.00: exception Emask 0x0 SAct 0x0 SErr 0x0 action 0x2
ata7.00: BMDMA stat 0x64
ata7.00: cmd ca/00:08:37:1a:04/00:00:00:00:00/e0 tag 0 dma 4096 out
         res 51/84:00:37:1a:04/00:00:00:00:00/e0 Emask 0x10 (ATA bus error)
ata7.00: status: { DRDY ERR }
ata7.00: error: { ICRC ABRT }
BAR5:00:02 01:7F 02:22 03:CA 04:00 05:00 06:00 07:00 08:00 09:00 0A:00 0B:00 0C:07 0D:00 0E:00 0F:00 
ata7: soft resetting link
ata7.00: configured for UDMA/25
ata7.01: configured for UDMA/33
ata7.00: configured for UDMA/25
ata7.01: configured for UDMA/33
ata7: EH complete
sd 6:0:0:0: [sde] 1006992 512-byte hardware sectors (516 MB)
sd 6:0:0:0: [sde] Write Protect is off
sd 6:0:0:0: [sde] Mode Sense: 00 3a 00 00
sd 6:0:0:0: [sde] Write cache: disabled, read cache: enabled, doesn't support DPO or FUA
ata7.00: exception Emask 0x0 SAct 0x0 SErr 0x0 action 0x2
ata7.00: BMDMA stat 0x64
ata7.00: cmd ca/00:02:6b:3f:04/00:00:00:00:00/e0 tag 0 dma 1024 out
         res 51/84:00:6b:3f:04/00:00:00:00:00/e0 Emask 0x10 (ATA bus error)
ata7.00: status: { DRDY ERR }
ata7.00: error: { ICRC ABRT }
BAR5:00:02 01:7F 02:22 03:CA 04:00 05:00 06:00 07:00 08:00 09:00 0A:00 0B:00 0C:07 0D:00 0E:00 0F:00 
ata7: soft resetting link
ata7.00: configured for UDMA/25
ata7.01: configured for UDMA/33
ata7.00: configured for UDMA/25
ata7.01: configured for UDMA/33
ata7: EH complete
ata7.00: exception Emask 0x0 SAct 0x0 SErr 0x0 action 0x2
ata7.00: BMDMA stat 0x64
ata7.00: cmd ca/00:02:6b:3f:04/00:00:00:00:00/e0 tag 0 dma 1024 out
         res 51/84:00:6b:3f:04/00:00:00:00:00/e0 Emask 0x10 (ATA bus error)
ata7.00: status: { DRDY ERR }
ata7.00: error: { ICRC ABRT }
BAR5:00:02 01:7F 02:22 03:CA 04:00 05:00 06:00 07:00 08:00 09:00 0A:00 0B:00 0C:07 0D:00 0E:00 0F:00 
ata7: soft resetting link
ata7.00: configured for UDMA/25
ata7.01: configured for UDMA/33
ata7.00: configured for UDMA/25
ata7.01: configured for UDMA/33
ata7: EH complete
sd 6:0:0:0: [sde] 1006992 512-byte hardware sectors (516 MB)
sd 6:0:0:0: [sde] Write Protect is off
sd 6:0:0:0: [sde] Mode Sense: 00 3a 00 00
sd 6:0:0:0: [sde] Write cache: disabled, read cache: enabled, doesn't support DPO or FUA
sd 6:0:0:0: [sde] 1006992 512-byte hardware sectors (516 MB)
ata7.00: exception Emask 0x0 SAct 0x0 SErr 0x0 action 0x2
ata7.00: BMDMA stat 0x64
ata7.00: cmd ca/00:02:41:00:0b/00:00:00:00:00/e0 tag 0 dma 1024 out
         res 51/84:00:41:00:0b/00:00:00:00:00/e0 Emask 0x10 (ATA bus error)
ata7.00: status: { DRDY ERR }
ata7.00: error: { ICRC ABRT }
BAR5:00:02 01:7F 02:22 03:CA 04:00 05:00 06:00 07:00 08:00 09:00 0A:00 0B:00 0C:07 0D:00 0E:00 0F:00 
ata7: soft resetting link
ata7.00: configured for UDMA/25
ata7.01: configured for UDMA/33
ata7.00: configured for UDMA/25
ata7.01: configured for UDMA/33
ata7: EH complete
sd 6:0:0:0: [sde] Write Protect is off
sd 6:0:0:0: [sde] Mode Sense: 00 3a 00 00
sd 6:0:0:0: [sde] Write cache: disabled, read cache: enabled, doesn't support DPO or FUA
sd 6:0:0:0: [sde] 1006992 512-byte hardware sectors (516 MB)
sd 6:0:0:0: [sde] Write Protect is off
sd 6:0:0:0: [sde] Mode Sense: 00 3a 00 00
ata7.00: exception Emask 0x0 SAct 0x0 SErr 0x0 action 0x2
ata7.00: BMDMA stat 0x64
ata7.00: cmd ca/00:02:51:00:03/00:00:00:00:00/e0 tag 0 dma 1024 out
         res 51/84:00:51:00:03/00:00:00:00:00/e0 Emask 0x10 (ATA bus error)
ata7.00: status: { DRDY ERR }
ata7.00: error: { ICRC ABRT }
BAR5:00:02 01:7F 02:22 03:CA 04:00 05:00 06:00 07:00 08:00 09:00 0A:00 0B:00 0C:07 0D:00 0E:00 0F:00 
ata7: soft resetting link
ata7.00: configured for UDMA/25
ata7.01: configured for UDMA/33
ata7.00: configured for UDMA/25
ata7.01: configured for UDMA/33
ata7: EH complete
sd 6:0:0:0: [sde] Write cache: disabled, read cache: enabled, doesn't support DPO or FUA
ata7.00: exception Emask 0x0 SAct 0x0 SErr 0x0 action 0x2
ata7.00: BMDMA stat 0x64
ata7.00: cmd ca/00:0a:49:00:04/00:00:00:00:00/e0 tag 0 dma 5120 out
         res 51/84:00:49:00:04/00:00:00:00:00/e0 Emask 0x10 (ATA bus error)
ata7.00: status: { DRDY ERR }
ata7.00: error: { ICRC ABRT }
BAR5:00:02 01:7F 02:22 03:CA 04:00 05:00 06:00 07:00 08:00 09:00 0A:00 0B:00 0C:07 0D:00 0E:00 0F:00 
ata7: soft resetting link
ata7.00: configured for UDMA/25
ata7.01: configured for UDMA/33
ata7.00: configured for UDMA/25
ata7.01: configured for UDMA/33
ata7: EH complete
sd 6:0:0:0: [sde] 1006992 512-byte hardware sectors (516 MB)
sd 6:0:0:0: [sde] Write Protect is off
sd 6:0:0:0: [sde] Mode Sense: 00 3a 00 00
sd 6:0:0:0: [sde] Write cache: disabled, read cache: enabled, doesn't support DPO or FUA
sd 6:0:0:0: [sde] 1006992 512-byte hardware sectors (516 MB)
sd 6:0:0:0: [sde] Write Protect is off
sd 6:0:0:0: [sde] Mode Sense: 00 3a 00 00
sd 6:0:0:0: [sde] Write cache: disabled, read cache: enabled, doesn't support DPO or FUA
ata7.00: exception Emask 0x0 SAct 0x0 SErr 0x0 action 0x2
ata7.00: BMDMA stat 0x64
ata7.00: cmd ca/00:02:47:80:07/00:00:00:00:00/e0 tag 0 dma 1024 out
         res 51/84:00:47:80:07/00:00:00:00:00/e0 Emask 0x10 (ATA bus error)
ata7.00: status: { DRDY ERR }
ata7.00: error: { ICRC ABRT }
BAR5:00:02 01:7F 02:22 03:CA 04:00 05:00 06:00 07:00 08:00 09:00 0A:00 0B:00 0C:07 0D:00 0E:00 0F:00 
ata7: soft resetting link
ata7.00: configured for UDMA/25
ata7.01: configured for UDMA/33
ata7.00: configured for UDMA/25
ata7.01: configured for UDMA/33
ata7: EH complete
sd 6:0:0:0: [sde] 1006992 512-byte hardware sectors (516 MB)
sd 6:0:0:0: [sde] Write Protect is off
sd 6:0:0:0: [sde] Mode Sense: 00 3a 00 00
ata7.00: exception Emask 0x0 SAct 0x0 SErr 0x0 action 0x2
ata7.00: BMDMA stat 0x64
ata7.00: cmd ca/00:02:41:40:09/00:00:00:00:00/e0 tag 0 dma 1024 out
         res 51/84:00:41:40:09/00:00:00:00:00/e0 Emask 0x10 (ATA bus error)
ata7.00: status: { DRDY ERR }
ata7.00: error: { ICRC ABRT }
BAR5:00:02 01:7F 02:22 03:CA 04:00 05:00 06:00 07:00 08:00 09:00 0A:00 0B:00 0C:07 0D:00 0E:00 0F:00 
ata7: soft resetting link
ata7.00: configured for UDMA/25
ata7.01: configured for UDMA/33
ata7.00: configured for UDMA/25
ata7.01: configured for UDMA/33
ata7: EH complete
sd 6:0:0:0: [sde] Write cache: disabled, read cache: enabled, doesn't support DPO or FUA
sd 6:0:0:0: [sde] 1006992 512-byte hardware sectors (516 MB)
ata7.00: exception Emask 0x0 SAct 0x0 SErr 0x0 action 0x2
ata7.00: BMDMA stat 0x64
ata7.00: cmd ca/00:04:41:40:0e/00:00:00:00:00/e0 tag 0 dma 2048 out
         res 51/84:00:41:40:0e/00:00:00:00:00/e0 Emask 0x10 (ATA bus error)
ata7.00: status: { DRDY ERR }
ata7.00: error: { ICRC ABRT }
BAR5:00:02 01:7F 02:22 03:CA 04:00 05:00 06:00 07:00 08:00 09:00 0A:00 0B:00 0C:07 0D:00 0E:00 0F:00 
ata7: soft resetting link
ata7.00: configured for UDMA/25
ata7.01: configured for UDMA/33
ata7.00: configured for UDMA/25
ata7.01: configured for UDMA/33
ata7: EH complete
sd 6:0:0:0: [sde] Write Protect is off
sd 6:0:0:0: [sde] Mode Sense: 00 3a 00 00
sd 6:0:0:0: [sde] Write cache: disabled, read cache: enabled, doesn't support DPO or FUA
sd 6:0:0:0: [sde] 1006992 512-byte hardware sectors (516 MB)
sd 6:0:0:0: [sde] Write Protect is off
sd 6:0:0:0: [sde] Mode Sense: 00 3a 00 00
sd 6:0:0:0: [sde] Write cache: disabled, read cache: enabled, doesn't support DPO or FUA
ata7.00: limiting speed to PIO4
ata7.00: exception Emask 0x0 SAct 0x0 SErr 0x0 action 0x2
ata7.00: BMDMA stat 0x64
ata7.00: cmd ca/00:08:4b:00:04/00:00:00:00:00/e0 tag 0 dma 4096 out
         res 51/84:00:4b:00:04/00:00:00:00:00/e0 Emask 0x10 (ATA bus error)
ata7.00: status: { DRDY ERR }
ata7.00: error: { ICRC ABRT }
BAR5:00:02 01:7F 02:22 03:CA 04:00 05:00 06:00 07:00 08:00 09:00 0A:00 0B:00 0C:07 0D:00 0E:00 0F:00 
ata7: soft resetting link
ata7.00: configured for PIO4
ata7.01: configured for UDMA/33
ata7.00: configured for PIO4
ata7.01: configured for UDMA/33
ata7: EH complete
sd 6:0:0:0: [sde] 1006992 512-byte hardware sectors (516 MB)
sd 6:0:0:0: [sde] Write Protect is off
sd 6:0:0:0: [sde] Mode Sense: 00 3a 00 00
sd 6:0:0:0: [sde] Write cache: disabled, read cache: enabled, doesn't support DPO or FUA
sd 6:0:0:0: [sde] 1006992 512-byte hardware sectors (516 MB)
sd 6:0:0:0: [sde] Write Protect is off
sd 6:0:0:0: [sde] Mode Sense: 00 3a 00 00
sd 6:0:0:0: [sde] Write cache: disabled, read cache: enabled, doesn't support DPO or FUA