Date: Sun, 09 Mar 2008 10:20:32 -0500
From: James Bottomley <>
Subject: Re: kernel BUG at drivers/scsi/aic7xxx/aic79xx_osm.c:1490!
Sender: linux-kernel-owner@vger.kernel.org
Precedence: bulk
List-ID: <linux-kernel.vger.kernel.org>
X-Mailing-List: linux-kernel@vger.kernel.org
X-Lkml-Link: https://lkml.org/lkml/2008/3/9/69

On Sun, 2008-03-09 at 10:08 -0500, James Bottomley wrote:
> Could you firstly tell me how much memory you have
Actually, amount is insufficient, I need to know where it is.  In dmesg
you should see something like this on boot up:
BIOS-provided physical RAM map:
 BIOS-e820: 0000000000000000 - 0000000000097800 (usable)
 BIOS-e820: 0000000000097800 - 00000000000a0000 (reserved)
 BIOS-e820: 00000000000d2000 - 00000000000d4000 (reserved)
 BIOS-e820: 00000000000e0000 - 0000000000100000 (reserved)
 BIOS-e820: 0000000000100000 - 000000003fee0000 (usable)
 BIOS-e820: 000000003fee0000 - 000000003fee9000 (ACPI data)
 BIOS-e820: 000000003fee9000 - 000000003ff00000 (ACPI NVS)
 BIOS-e820: 000000003ff00000 - 0000000040000000 (reserved)
 BIOS-e820: 00000000fec00000 - 00000000fec10000 (reserved)
 BIOS-e820: 00000000fee00000 - 00000000fee01000 (reserved)
 BIOS-e820: 00000000ff000000 - 0000000100000000 (reserved)
If you could attach your version, that would be great.
Thanks,
James