Date: Sat, 05 Feb 2000 23:32:10 -0600
From:  wrighrc@eng ...
Subject: Kernel Panic 2.2.12 & 2.2.14 ide driver maybe
Sender: linux-kernel-owner@vger.kernel.org
Precedence: bulk
List-ID: <linux-kernel.vger.kernel.org>
X-Mailing-List: linux-kernel@vger.kernel.org
X-Lkml-Link: https://lkml.org/lkml/2000/2/6/1

I tried 2.2.14 too and got the same message.  I suspect the hardrive
driver, but hey I'm not a kernel hacker.  
--Please advise me what I need to do to get rid of this.
Thanks
Unable to handle kernel paging request at virual address d40c4000
current->tss.cr3 = 00101000, %cr3 = 00101000
*pde = 00000000
Oops: 0000
CPU: 0
EIP: 0010:[<c011678>]
EFLAGS: 00010006
eax: 00000001  ebx: 00000001  ecx: 00000000  edx: d40c4000
esi: 00000001  edi: 00000001  ebp: c0225e5c  esp: c0225e64
ds: 0018  es: 0018  ss: 0018  
Process swapper (pid: 0, process nr: 0, sackpage=c0225000)
Stack: 00000001 c024d760 c0224000 00000001 00000000 c0224000 c0225e90 c011859d
       00000000 c0224000 c010ae6b c0225f8c c010ab38 00000000 00000005 c0376000
       c0224000 c0224000 c0225f8c 00000000 00000018 00000018 ffffff00 c0113984
Call Trace: [<c011859d>] [<c010ae6b>] [<c010ab38>] [<c0113984>]
[<c011749e>] [<c01d2940>]
[<c010a1cf>] [<c010a1d4>] [<c01d08b8>] [<c01d1ece>] [<c010f20c>]
[<c01d1ece>] [<c0109e0d>] 
[<c0111120>] [<c0108595>] [<c01085df>] [<c0106000>] [<c0108620>]
[<c0109d08>] [<c0106000>] 
[<c010607b>] [<c0106000>] [<c0100176>]
Code: 8b 02 85 c0 74 0e 8b 02 83 f8 02 74 07 8b 02 83 f8 10 75 06
Aiee, killing interrupt handler
Kernel panic: Attempted to kill the idle task!
In swapper task - not syncing
Linux version 2.2.12-20 (root@porky.devel.redhat.com) (gcc version
egcs-2.91.66 19990314/Linux (egcs-1.1.2 release)) #1 Mon Sep 27 10:25:54
EDT 1999
Detected 400917224 Hz processor.
Console: colour VGA+ 80x25
Calibrating delay loop... 799.54 BogoMIPS
Memory: 63732k/66496k available (1008k kernel code, 412k reserved, 1000k
data, 64k init)
DENTRY hash table entries: 262144 (order: 9, 2097152 bytes)
Buffer-cache hash table entries: 65536 (order: 6, 262144 bytes)
Page-cache hash table entries: 16384 (order: 4, 65536 bytes)
VFS: Diskquotas version dquot_6.4.0 initialized
CPU: AMD AMD-K6(tm) 3D processor stepping 0c
Checking 386/387 coupling... OK, FPU using exception 16 error reporting.
Checking 'hlt' instruction... OK.
POSIX conformance testing by UNIFIX
mtrr: v1.35a (19990819) Richard Gooch (rgooch@atnf.csiro.au)
PCI: PCI BIOS revision 2.10 entry at 0xfb3b0
PCI: Using configuration type 1
PCI: Probing PCI hardware
PCI: 00:38 [1106/0596]: Work around ISA DMA hangs (00)
Activating ISA DMA hang workarounds.
Linux NET4.0 for Linux 2.2
Based upon Swansea University Computer Society NET3.039
NET4: Unix domain sockets 1.0 for Linux NET4.0.
NET4: Linux TCP/IP 1.0 for NET4.0
IP Protocols: ICMP, UDP, TCP, IGMP
TCP: Hash tables configured (ehash 65536 bhash 65536)
Initializing RT netlink socket
Starting kswapd v 1.5 
Detected PS/2 Mouse Port.
Serial driver version 4.27 with MANY_PORTS MULTIPORT SHARE_IRQ enabled
ttyS00 at 0x03f8 (irq = 4) is a 16550A
ttyS01 at 0x02f8 (irq = 3) is a 16550A
pty: 256 Unix98 ptys configured
apm: BIOS version 1.2 Flags 0x07 (Driver version 1.9)
Real Time Clock Driver v1.09
RAM disk driver initialized:  16 RAM disks of 4096K size
VP_IDE: IDE controller on PCI bus 00 dev 39
VP_IDE: not 100% native mode: will probe irqs later
    ide0: BM-DMA at 0xe000-0xe007, BIOS settings: hda:DMA, hdb:pio
    ide1: BM-DMA at 0xe008-0xe00f, BIOS settings: hdc:pio, hdd:pio
hda: FUJITSU MPE3084AE, ATA DISK drive
ide0 at 0x1f0-0x1f7,0x3f6 on irq 14
hda: FUJITSU MPE3084AE, 8063MB w/512kB Cache, CHS=1027/255/63
Floppy drive(s): fd0 is 1.44M
FDC 0 is a post-1991 82077
md driver 0.90.0 MAX_MD_DEVS=256, MAX_REAL=12
raid5: measuring checksumming speed
raid5: MMX detected, trying high-speed MMX checksum routines
   pII_mmx   :   872.871 MB/sec
   p5_mmx    :   761.238 MB/sec
   8regs     :   586.740 MB/sec
   32regs    :   408.051 MB/sec
using fastest function: pII_mmx (872.871 MB/sec)
scsi : 0 hosts.
scsi : detected total.
md.c: sizeof(mdp_super_t) = 4096
Partition check:
 hda: hda1 hda2 < hda5 hda6 hda7 hda8 >
RAMDISK: Compressed image found at block 0
autodetecting RAID arrays
autorun ...
... autorun DONE.
VFS: Mounted root (ext2 filesystem).
autodetecting RAID arrays
autorun ...
... autorun DONE.
VFS: Mounted root (ext2 filesystem) readonly.
change_root: old root has d_count=1
Trying to unmount old root ... okay
Freeing unused kernel memory: 64k freed
Adding Swap: 136512k swap-space (priority -1)
ne2k-pci.c:vpre-1.00e 5/27/99 D. Becker/P. Gortmaker
http://cesdis.gsfc.nasa.gov/linux/drivers/ne2k-pci.html
ne2k-pci.c: PCI NE2000 clone 'RealTek RTL-8029' at I/O 0xe800, IRQ 11.
eth0: RealTek RTL-8029 found at 0xe800, IRQ 11, 00:80:AD:3A:59:A7.
-
To unsubscribe from this list: send the line "unsubscribe linux-kernel" in
the body of a message to majordomo@vger.rutgers.edu
Please read the FAQ at 
http://www.tux.org/lkml/