Date: Sat, 26 May 2001 19:36:49 +0200
From: Andrea Arcangeli <>
Subject: Re: 2.4.5 does not link on Ruffian (alpha)
Sender: linux-kernel-owner@vger.kernel.org
Precedence: bulk
List-ID: <linux-kernel.vger.kernel.org>
X-Mailing-List: linux-kernel@vger.kernel.org
X-Lkml-Link: https://lkml.org/lkml/2001/5/26/41

On Sat, May 26, 2001 at 05:20:29PM +0200, Ingo T. Storm wrote:
> sys_dp264.o: In function `tsunami_inb':
> sys_dp264.c(.text+0x440): multiple definition of `tsunami_inb'
> core_tsunami.o(.text+0x500):core_tsunami.c: first defined here
> sys_dp264.o: In function `clipper_map_irq':
> sys_dp264.c(.text+0x480): multiple definition of `tsunami_inw'
> core_tsunami.o(.text+0x540):core_tsunami.c: first defined here
> sys_dp264.o: In function `tsunami_inl':
> sys_dp264.c(.text+0x4c0): multiple definition of `tsunami_inl'
> core_tsunami.o(.text+0x580):core_tsunami.c: first defined here
> sys_dp264.o: In function `tsunami_outb':
> sys_dp264.c(.text+0x460): multiple definition of `tsunami_outb'
> core_tsunami.o(.text+0x520):core_tsunami.c: first defined here
> sys_dp264.o: In function `tsunami_outw':
> sys_dp264.c(.text+0x4a0): multiple definition of `tsunami_outw'
> core_tsunami.o(.text+0x560):core_tsunami.c: first defined here
> sys_dp264.o: In function `dp264_init_pci':
> sys_dp264.c(.text+0x4e0): multiple definition of `tsunami_outl'
> core_tsunami.o(.text+0x5a0):core_tsunami.c: first defined here
> sys_dp264.o: In function `tsunami_readb':
> sys_dp264.c(.text+0x540): multiple definition of `tsunami_readb'
> core_tsunami.o(.text+0x600):core_tsunami.c: first defined here
> sys_dp264.o: In function `tsunami_readw':
> sys_dp264.c(.text+0x560): multiple definition of `tsunami_readw'
> core_tsunami.o(.text+0x620):core_tsunami.c: first defined here
> sys_dp264.o: In function `webbrick_init_arch':
> sys_dp264.c(.text+0x580): multiple definition of `tsunami_readl'
> core_tsunami.o(.text+0x640):core_tsunami.c: first defined here
> sys_dp264.o: In function `tsunami_readq':
> sys_dp264.c(.text+0x5a0): multiple definition of `tsunami_readq'
> core_tsunami.o(.text+0x660):core_tsunami.c: first defined here
> sys_dp264.o: In function `tsunami_writeb':
> sys_dp264.c(.text+0x5c0): multiple definition of `tsunami_writeb'
> core_tsunami.o(.text+0x680):core_tsunami.c: first defined here
> sys_dp264.o: In function `tsunami_writew':
> sys_dp264.c(.text+0x5e0): multiple definition of `tsunami_writew'
> core_tsunami.o(.text+0x6a0):core_tsunami.c: first defined here
> sys_dp264.o: In function `tsunami_writel':
> sys_dp264.c(.text+0x600): multiple definition of `tsunami_writel'
> core_tsunami.o(.text+0x6c0):core_tsunami.c: first defined here
> sys_dp264.o: In function `tsunami_writeq':
> sys_dp264.c(.text+0x620): multiple definition of `tsunami_writeq'
> core_tsunami.o(.text+0x6e0):core_tsunami.c: first defined here
> sys_dp264.o: In function `tsunami_ioremap':
> sys_dp264.c(.text+0x500): multiple definition of `tsunami_ioremap'
> core_tsunami.o(.text+0x5c0):core_tsunami.c: first defined here
> sys_dp264.o: In function `monet_init_pci':
> sys_dp264.c(.text+0x520): multiple definition of `tsunami_is_ioaddr'
> core_tsunami.o(.text+0x5e0):core_tsunami.c: first defined here
> make[1]: *** [kernel.o] Error 1
> make[1]: Leaving directory `/usr/src/linux-2.4.5/arch/alpha/kernel'
> make: *** [_dir_arch/alpha/kernel] Error 2
I got exactly the above when compiling for dp264 so I sent to Linus a
patch to fix those compile problems, now I suspect my fix broke the
generic compile :(, I will check that.
Andrea
-
To unsubscribe from this list: send the line "unsubscribe linux-kernel" in
the body of a message to majordomo@vger.kernel.org
More majordomo info at  
http://vger.kernel.org/majordomo-info.html
Please read the FAQ at  
http://www.tux.org/lkml/