Date: Sun, 20 Aug 2006 15:49:21 +0200 (MEST)
From: Jørn Amundsen <>
Subject: 2.6.17-1.2174_FC5 oops
Sender: linux-kernel-owner@vger.kernel.org
Precedence: bulk
List-ID: <linux-kernel.vger.kernel.org>
X-Mailing-List: linux-kernel@vger.kernel.org
X-Lkml-Link: https://lkml.org/lkml/2006/8/20/55

Dear Sirs, I got this oops when editing a file on a remote system,
logged in through ssh. Both screens suddenly turned black, and I found
the attached oops in /var/log/messages after pushing the reset button.
This occurred once, and I have really no clue of what might be the
root cause.
I send this in case it might be useful to further enhance the Linux
kernel, and have no further expectations. Will of course provide you
with more info if this is of interest.
Best Regards --Jørn Amundsen
Aug 20 14:38:39 glitne kernel: BUG: unable to handle kernel paging request at virtual address fdee0fb4
Aug 20 14:38:39 glitne kernel:  printing eip:
Aug 20 14:38:39 glitne kernel: c046c7c3
Aug 20 14:38:39 glitne kernel: *pde = 00000000
Aug 20 14:38:39 glitne kernel: Oops: 0000 [#1]
Aug 20 14:38:39 glitne kernel: last sysfs file: /devices/platform/i2c-9191/9191-0290/temp3_input
Aug 20 14:38:39 glitne kernel: Modules linked in: ipv6 autofs4 w83627hf hwmon_vid hwmon eeprom i2c_isa ipt_REJECT xt_tcpudp xt_state ip_conntrack nfnetlink iptable_filter ip_tables x_tables dm_mirror dm_mod video button battery ac lp parport_pc parport snd_cmipci gameport snd_seq_dummy snd_seq_oss snd_seq_midi_event snd_seq snd_pcm_oss snd_mixer_oss snd_pcm snd_page_alloc snd_opl3_lib snd_timer snd_hwdep snd_mpu401_uart snd_rawmidi snd_seq_device 8139cp snd nvidia(U) soundcore i2c_i801 i2c_core 8139too mii ehci_hcd floppy uhci_hcd serio_raw ext3 jbd
Aug 20 14:38:39 glitne kernel: CPU:    0
Aug 20 14:38:39 glitne kernel: EIP:    0060:[<c046c7c3>]    Tainted: P      VLI
Aug 20 14:38:39 glitne kernel: EFLAGS: 00210292   (2.6.17-1.2174_FC5 #1) 
Aug 20 14:38:39 glitne kernel: EIP is at do_sys_poll+0x28b/0x343
Aug 20 14:38:39 glitne kernel: eax: 00000000   ebx: f5ee0fb0   ecx: 00000000   edx: f5640aa0
Aug 20 14:38:39 glitne kernel: esi: 00000000   edi: fdee0fb0   ebp: f5ee0ed0   esp: f5ee0c2c
Aug 20 14:38:39 glitne kernel: ds: 007b   es: 007b   ss: 0068
Aug 20 14:38:39 glitne kernel: Process rhn-applet-gui (pid: 2255, threadinfo=f5ee0000 task=f5640aa0)
Aug 20 14:38:39 glitne kernel: Stack: fdee0fb0 08fd5350 08fd5388 f5ee0e98 f5ee0e98 f5ee0e98 f5ee0c58 00000007 
Aug 20 14:38:39 glitne kernel:        f5ee0ed0 00000007 00000000 c046d1ff 00000000 00000000 00000007 f56f3ec0 
Aug 20 14:38:39 glitne kernel:        00000000 f5640aa0 c04186d5 f5be7810 f5be7810 f5be7800 f56f3d40 00000000 
Aug 20 14:38:39 glitne kernel: Call Trace:
Aug 20 14:38:39 glitne kernel:  <c046d1ff> __pollwait+0x0/0xb1  <c04186d5> default_wake_function+0x0/0xc
Aug 20 14:38:39 glitne kernel:  <c04186d5> default_wake_function+0x0/0xc  <c04186d5> default_wake_function+0x0/0xc
Aug 20 14:38:39 glitne last message repeated 2 times
Aug 20 14:38:39 glitne kernel:  <c04186cb> try_to_wake_up+0xe9/0xf3  <c0417f91> __wake_up_common+0x2f/0x53
Aug 20 14:38:39 glitne kernel:  <c0418857> __wake_up+0x2a/0x3d  <c05fd4d7> unix_write_space+0x4a/0x74
Aug 20 14:38:39 glitne kernel:  <c0601e4b> __mutex_unlock_slowpath+0x1e7/0x1ef  <c05fc057> unix_stream_recvmsg+0x3a8/0x458
Aug 20 14:38:39 glitne kernel:  <c05a2450> do_sock_read+0xba/0xc2  <c05a2a12> sock_aio_read+0x5e/0x6a
Aug 20 14:38:39 glitne kernel:  <c045bd3a> do_sync_read+0xc3/0xfd  <c05fb201> unix_ioctl+0xa3/0xac
Aug 20 14:38:39 glitne kernel:  <c05a2d03> sock_ioctl+0x1ae/0x1cd  <c05a2b55> sock_ioctl+0x0/0x1cd
Aug 20 14:38:39 glitne kernel:  <c046bdc1> do_ioctl+0x19/0x4d  <c0602aed> _spin_unlock_irq+0x5/0x7
Aug 20 14:38:39 glitne kernel:  <c04d869a> copy_to_user+0x54/0x6a  <c046c8bf> sys_poll+0x44/0x47
Aug 20 14:38:39 glitne kernel:  <c0402cb3> syscall_call+0x7/0xb 
Aug 20 14:38:39 glitne kernel: Code: 00 80 83 d1 ff 89 10 89 48 04 b8 fe ff ff 7f eb 12 89 d0 8b 14 24 c7 02 00 00 00 00 c7 42 04 00 00 00 00 e8 b2 4d 19 00 8b 3c 24 <8b> 5f 04 8b 0f 85 db 0f 88 9a fe ff ff 99 01 c1 11 d3 89 0f 89 
Aug 20 14:38:39 glitne kernel: EIP: [<c046c7c3>] do_sys_poll+0x28b/0x343 SS:ESP 0068:f5ee0c2c
Aug 20 14:38:39 glitne kernel:  <3>BUG: sleeping function called from invalid context at include/linux/rwsem.h:43
Aug 20 14:38:39 glitne kernel: in_atomic():0, irqs_disabled():1
Aug 20 14:38:39 glitne kernel:  <c0426d91> blocking_notifier_call_chain+0x18/0x49  <c0600068> packet_rcv+0x221/0x2dd
Aug 20 14:38:40 glitne kernel:  <c041e800> do_exit+0x19/0x768  <c0529103> do_unblank_screen+0x2a/0x127
Aug 20 14:38:40 glitne kernel:  <c0600068> packet_rcv+0x221/0x2dd  <c0600068> packet_rcv+0x221/0x2dd
Aug 20 14:38:40 glitne kernel:  <c04042c0> die+0x27b/0x2a0  <c060370b> do_page_fault+0x0/0x5ad
Aug 20 14:38:40 glitne kernel:  <c0603b4e> do_page_fault+0x443/0x5ad  <c060370b> do_page_fault+0x0/0x5ad
Aug 20 14:38:40 glitne kernel:  <c04037df> error_code+0x4f/0x54  <c042007b> do_adjtimex+0x105/0x379
Aug 20 14:38:40 glitne kernel:  <c046c7c3> do_sys_poll+0x28b/0x343  <c046d1ff> __pollwait+0x0/0xb1
Aug 20 14:38:40 glitne kernel:  <c04186d5> default_wake_function+0x0/0xc  <c04186d5> default_wake_function+0x0/0xc
Aug 20 14:38:40 glitne last message repeated 2 times
Aug 20 14:38:40 glitne kernel:  <c04186d5> default_wake_function+0x0/0xc  <c04186cb> try_to_wake_up+0xe9/0xf3
Aug 20 14:38:40 glitne kernel:  <c0417f91> __wake_up_common+0x2f/0x53  <c0418857> __wake_up+0x2a/0x3d
Aug 20 14:38:40 glitne kernel:  <c05fd4d7> unix_write_space+0x4a/0x74  <c0601e4b> __mutex_unlock_slowpath+0x1e7/0x1ef
Aug 20 14:38:40 glitne kernel:  <c05fc057> unix_stream_recvmsg+0x3a8/0x458  <c05a2450> do_sock_read+0xba/0xc2
Aug 20 14:38:40 glitne kernel:  <c05a2a12> sock_aio_read+0x5e/0x6a  <c045bd3a> do_sync_read+0xc3/0xfd
Aug 20 14:38:40 glitne kernel:  <c05fb201> unix_ioctl+0xa3/0xac  <c05a2d03> sock_ioctl+0x1ae/0x1cd
Aug 20 14:38:40 glitne kernel:  <c05a2b55> sock_ioctl+0x0/0x1cd  <c046bdc1> do_ioctl+0x19/0x4d
Aug 20 14:38:40 glitne kernel:  <c0602aed> _spin_unlock_irq+0x5/0x7  <c04d869a> copy_to_user+0x54/0x6a
Aug 20 14:38:40 glitne kernel:  <c046c8bf> sys_poll+0x44/0x47  <c0402cb3> syscall_call+0x7/0xb
processor	: 0
vendor_id	: GenuineIntel
cpu family	: 15
model		: 3
model name	: Intel(R) Pentium(R) 4 CPU 3.00GHz
stepping	: 4
cpu MHz		: 3043.360
cache size	: 1024 KB
fdiv_bug	: no
hlt_bug		: no
f00f_bug	: no
coma_bug	: no
fpu		: yes
fpu_exception	: yes
cpuid level	: 5
wp		: yes
flags		: fpu vme de pse tsc msr pae mce cx8 apic mtrr pge mca cmov pat pse36 clflush dts acpi mmx fxsr sse sse2 ss ht tm pbe constant_tsc pni monitor ds_cpl cid xtpr
bogomips	: 6091.17
MemTotal:      2075768 kB
MemFree:       1369692 kB
Buffers:         42832 kB
Cached:         363016 kB
SwapCached:          0 kB
Active:         399680 kB
Inactive:       259676 kB
HighTotal:     1179588 kB
HighFree:       548648 kB
LowTotal:       896180 kB
LowFree:        821044 kB
SwapTotal:     1052216 kB
SwapFree:      1052216 kB
Dirty:             100 kB
Writeback:           0 kB
Mapped:         320064 kB
Slab:            23012 kB
CommitLimit:   2090100 kB
Committed_AS:   414528 kB
PageTables:       6948 kB
VmallocTotal:   114680 kB
VmallocUsed:     40928 kB
VmallocChunk:    70644 kB
HugePages_Total:     0
HugePages_Free:      0
HugePages_Rsvd:      0
Hugepagesize:     4096 kB
If some fields are empty or look unusual you may have an old version.
Compare to the current minimal requirements in Documentation/Changes.
Linux glitne 2.6.17-1.2174_FC5 #1 Tue Aug 8 15:30:55 EDT 2006 i686 i686 i386 GNU/Linux
Gnu C                  4.1.1
Gnu make               3.80
binutils               2.16.91.0.6
util-linux             pre7)
mount                  pre7)
module-init-tools      3.2.2
e2fsprogs              1.38
reiserfsprogs          line
reiser4progs           line
quota-tools            3.13.
PPP                    2.4.3
nfs-utils              1.0.6
Linux C Library        > libc.2.4
Dynamic linker (ldd)   2.4
Procps                 3.2.6
Net-tools              1.60
Kbd                    1.12
Sh-utils               5.97
udev                   084
Modules Loaded         ipv6 autofs4 w83627hf hwmon_vid hwmon eeprom i2c_isa ipt_REJECT xt_tcpudp xt_state ip_conntrack nfnetlink iptable_filter ip_tables x_tables dm_mirror dm_mod video button battery ac lp parport_pc parport snd_cmipci gameport snd_seq_dummy snd_seq_oss snd_seq_midi_event snd_seq snd_pcm_oss 8139cp snd_mixer_oss snd_pcm nvidia 8139too snd_page_alloc snd_opl3_lib snd_timer snd_hwdep snd_mpu401_uart snd_rawmidi snd_seq_device mii snd ehci_hcd i2c_i801 i2c_core floppy uhci_hcd soundcore serio_raw ext3 jbd
00:00.0 Host bridge: Intel Corporation 82865G/PE/P DRAM Controller/Host-Hub Interface (rev 02)
	Control: I/O- Mem+ BusMaster+ SpecCycle- MemWINV- VGASnoop- ParErr- Stepping- SERR- FastB2B-
	Status: Cap+ 66MHz- UDF- FastB2B+ ParErr- DEVSEL=fast >TAbort- <TAbort- <MAbort+ >SERR- <PERR-
	Latency: 0
	Region 0: Memory at f8000000 (32-bit, prefetchable) [size=64M]
	Capabilities: [e4] Vendor Specific Information
	Capabilities: [a0] AGP version 3.0
		Status: RQ=32 Iso- ArqSz=2 Cal=2 SBA+ ITACoh- GART64- HTrans- 64bit- FW+ AGP3+ Rate=x4,x8
		Command: RQ=1 ArqSz=0 Cal=2 SBA+ AGP+ GART64- 64bit- FW- Rate=x8
00:01.0 PCI bridge: Intel Corporation 82865G/PE/P PCI to AGP Controller (rev 02) (prog-if 00 [Normal decode])
	Control: I/O+ Mem+ BusMaster+ SpecCycle- MemWINV- VGASnoop- ParErr- Stepping- SERR+ FastB2B-
	Status: Cap- 66MHz+ UDF- FastB2B+ ParErr- DEVSEL=fast >TAbort- <TAbort- <MAbort- >SERR- <PERR-
	Latency: 32
	Bus: primary=00, secondary=01, subordinate=01, sec-latency=32
	I/O behind bridge: 0000f000-00000fff
	Memory behind bridge: f3d00000-f7dfffff
	Prefetchable memory behind bridge: d3c00000-f3bfffff
	Secondary status: 66MHz+ FastB2B+ ParErr- DEVSEL=medium >TAbort- <TAbort- <MAbort+ <SERR- <PERR-
	BridgeCtl: Parity+ SERR- NoISA+ VGA+ MAbort- >Reset- FastB2B-
00:1d.0 USB Controller: Intel Corporation 82801EB/ER (ICH5/ICH5R) USB UHCI Controller #1 (rev 02) (prog-if 00 [UHCI])
	Subsystem: Micro-Star International Co., Ltd. Unknown device 7880
	Control: I/O+ Mem- BusMaster+ SpecCycle- MemWINV- VGASnoop- ParErr- Stepping- SERR- FastB2B-
	Status: Cap- 66MHz- UDF- FastB2B+ ParErr- DEVSEL=medium >TAbort- <TAbort- <MAbort- >SERR- <PERR-
	Latency: 0
	Interrupt: pin A routed to IRQ 177
	Region 4: I/O ports at cc00 [size=32]
00:1d.1 USB Controller: Intel Corporation 82801EB/ER (ICH5/ICH5R) USB UHCI Controller #2 (rev 02) (prog-if 00 [UHCI])
	Subsystem: Micro-Star International Co., Ltd. Unknown device 7880
	Control: I/O+ Mem- BusMaster+ SpecCycle- MemWINV- VGASnoop- ParErr- Stepping- SERR- FastB2B-
	Status: Cap- 66MHz- UDF- FastB2B+ ParErr- DEVSEL=medium >TAbort- <TAbort- <MAbort- >SERR- <PERR-
	Latency: 0
	Interrupt: pin B routed to IRQ 185
	Region 4: I/O ports at d000 [size=32]
00:1d.2 USB Controller: Intel Corporation 82801EB/ER (ICH5/ICH5R) USB UHCI Controller #3 (rev 02) (prog-if 00 [UHCI])
	Subsystem: Micro-Star International Co., Ltd. Unknown device 7880
	Control: I/O+ Mem- BusMaster+ SpecCycle- MemWINV- VGASnoop- ParErr- Stepping- SERR- FastB2B-
	Status: Cap- 66MHz- UDF- FastB2B+ ParErr- DEVSEL=medium >TAbort- <TAbort- <MAbort- >SERR- <PERR-
	Latency: 0
	Interrupt: pin C routed to IRQ 169
	Region 4: I/O ports at d400 [size=32]
00:1d.3 USB Controller: Intel Corporation 82801EB/ER (ICH5/ICH5R) USB UHCI Controller #4 (rev 02) (prog-if 00 [UHCI])
	Subsystem: Micro-Star International Co., Ltd. Unknown device 7880
	Control: I/O+ Mem- BusMaster+ SpecCycle- MemWINV- VGASnoop- ParErr- Stepping- SERR- FastB2B-
	Status: Cap- 66MHz- UDF- FastB2B+ ParErr- DEVSEL=medium >TAbort- <TAbort- <MAbort- >SERR- <PERR-
	Latency: 0
	Interrupt: pin A routed to IRQ 177
	Region 4: I/O ports at d800 [size=32]
00:1d.7 USB Controller: Intel Corporation 82801EB/ER (ICH5/ICH5R) USB2 EHCI Controller (rev 02) (prog-if 20 [EHCI])
	Subsystem: Micro-Star International Co., Ltd. Unknown device 7880
	Control: I/O- Mem+ BusMaster+ SpecCycle- MemWINV- VGASnoop- ParErr- Stepping- SERR- FastB2B-
	Status: Cap+ 66MHz- UDF- FastB2B+ ParErr- DEVSEL=medium >TAbort- <TAbort- <MAbort- >SERR- <PERR-
	Latency: 0
	Interrupt: pin D routed to IRQ 193
	Region 0: Memory at f7fffc00 (32-bit, non-prefetchable) [size=1K]
	Capabilities: [50] Power Management version 2
		Flags: PMEClk- DSI- D1- D2- AuxCurrent=375mA PME(D0+,D1-,D2-,D3hot+,D3cold+)
		Status: D0 PME-Enable- DSel=0 DScale=0 PME-
	Capabilities: [58] Debug port
00:1e.0 PCI bridge: Intel Corporation 82801 PCI Bridge (rev c2) (prog-if 00 [Normal decode])
	Control: I/O+ Mem+ BusMaster+ SpecCycle- MemWINV- VGASnoop- ParErr- Stepping- SERR+ FastB2B-
	Status: Cap- 66MHz- UDF- FastB2B+ ParErr- DEVSEL=fast >TAbort- <TAbort- <MAbort- >SERR- <PERR+
	Latency: 0
	Bus: primary=00, secondary=02, subordinate=02, sec-latency=32
	I/O behind bridge: 0000b000-0000bfff
	Memory behind bridge: f7e00000-f7efffff
	Prefetchable memory behind bridge: 88000000-880fffff
	Secondary status: 66MHz- FastB2B+ ParErr- DEVSEL=medium >TAbort- <TAbort- <MAbort+ <SERR- <PERR-
	BridgeCtl: Parity- SERR+ NoISA+ VGA- MAbort- >Reset- FastB2B-
00:1f.0 ISA bridge: Intel Corporation 82801EB/ER (ICH5/ICH5R) LPC Interface Bridge (rev 02)
	Control: I/O+ Mem+ BusMaster+ SpecCycle+ MemWINV- VGASnoop- ParErr- Stepping- SERR- FastB2B-
	Status: Cap- 66MHz- UDF- FastB2B+ ParErr- DEVSEL=medium >TAbort- <TAbort- <MAbort- >SERR- <PERR-
	Latency: 0
00:1f.1 IDE interface: Intel Corporation 82801EB/ER (ICH5/ICH5R) IDE Controller (rev 02) (prog-if 8a [Master SecP PriP])
	Subsystem: Micro-Star International Co., Ltd. Unknown device 7880
	Control: I/O+ Mem+ BusMaster+ SpecCycle- MemWINV- VGASnoop- ParErr- Stepping- SERR- FastB2B-
	Status: Cap- 66MHz- UDF- FastB2B+ ParErr- DEVSEL=medium >TAbort- <TAbort- <MAbort- >SERR- <PERR-
	Latency: 0
	Interrupt: pin A routed to IRQ 169
	Region 0: I/O ports at <unassigned>
	Region 1: I/O ports at <unassigned>
	Region 2: I/O ports at <unassigned>
	Region 3: I/O ports at <unassigned>
	Region 4: I/O ports at fc00 [size=16]
	Region 5: Memory at 88100000 (32-bit, non-prefetchable) [size=1K]
00:1f.3 SMBus: Intel Corporation 82801EB/ER (ICH5/ICH5R) SMBus Controller (rev 02)
	Subsystem: Micro-Star International Co., Ltd. Unknown device 7880
	Control: I/O+ Mem- BusMaster- SpecCycle- MemWINV- VGASnoop- ParErr- Stepping- SERR- FastB2B-
	Status: Cap- 66MHz- UDF- FastB2B+ ParErr- DEVSEL=medium >TAbort- <TAbort- <MAbort- >SERR- <PERR-
	Interrupt: pin B routed to IRQ 10
	Region 4: I/O ports at 0c00 [size=32]
01:00.0 VGA compatible controller: nVidia Corporation NV43 [GeForce 6600/GeForce 6600 GT] (rev a2) (prog-if 00 [VGA])
	Subsystem: XFX Pine Group Inc. Unknown device 2119
	Control: I/O+ Mem+ BusMaster+ SpecCycle- MemWINV- VGASnoop- ParErr- Stepping- SERR- FastB2B-
	Status: Cap+ 66MHz+ UDF- FastB2B+ ParErr- DEVSEL=medium >TAbort- <TAbort- <MAbort- >SERR- <PERR-
	Latency: 248 (1250ns min, 250ns max)
	Interrupt: pin A routed to IRQ 177
	Region 0: Memory at f6000000 (32-bit, non-prefetchable) [size=16M]
	Region 1: Memory at e0000000 (32-bit, prefetchable) [size=256M]
	Region 2: Memory at f5000000 (32-bit, non-prefetchable) [size=16M]
	[virtual] Expansion ROM at f7de0000 [disabled] [size=128K]
	Capabilities: [60] Power Management version 2
		Flags: PMEClk- DSI- D1- D2- AuxCurrent=0mA PME(D0-,D1-,D2-,D3hot-,D3cold-)
		Status: D0 PME-Enable- DSel=0 DScale=0 PME-
	Capabilities: [44] AGP version 3.0
		Status: RQ=256 Iso- ArqSz=0 Cal=3 SBA+ ITACoh- GART64- HTrans- 64bit- FW+ AGP3+ Rate=x4,x8
		Command: RQ=32 ArqSz=2 Cal=0 SBA+ AGP+ GART64- 64bit- FW- Rate=x8
02:02.0 Multimedia audio controller: C-Media Electronics Inc CM8738 (rev 10)
	Subsystem: C-Media Electronics Inc CMI8738/C3DX PCI Audio Device
	Control: I/O+ Mem- BusMaster+ SpecCycle- MemWINV- VGASnoop- ParErr- Stepping- SERR- FastB2B-
	Status: Cap+ 66MHz- UDF- FastB2B- ParErr- DEVSEL=medium >TAbort- <TAbort- <MAbort- >SERR- <PERR-
	Latency: 32 (500ns min, 6000ns max)
	Interrupt: pin A routed to IRQ 169
	Region 0: I/O ports at bc00 [size=256]
	Capabilities: [c0] Power Management version 2
		Flags: PMEClk- DSI- D1+ D2+ AuxCurrent=0mA PME(D0-,D1-,D2-,D3hot-,D3cold-)
		Status: D0 PME-Enable- DSel=0 DScale=0 PME-
02:0b.0 Ethernet controller: Realtek Semiconductor Co., Ltd. RTL-8139/8139C/8139C+ (rev 10)
	Subsystem: Micro-Star International Co., Ltd. Unknown device 788c
	Control: I/O+ Mem+ BusMaster+ SpecCycle- MemWINV- VGASnoop- ParErr- Stepping- SERR- FastB2B-
	Status: Cap+ 66MHz- UDF- FastB2B+ ParErr- DEVSEL=medium >TAbort- <TAbort- <MAbort- >SERR- <PERR-
	Latency: 32 (8000ns min, 16000ns max)
	Interrupt: pin A routed to IRQ 193
	Region 0: I/O ports at b800 [size=256]
	Region 1: Memory at f7efff00 (32-bit, non-prefetchable) [size=256]
	Expansion ROM at 88000000 [disabled] [size=64K]
	Capabilities: [50] Power Management version 2
		Flags: PMEClk- DSI- D1+ D2+ AuxCurrent=375mA PME(D0-,D1+,D2+,D3hot+,D3cold+)
		Status: D0 PME-Enable- DSel=0 DScale=0 PME-
ipv6 243809 14 - Live 0xf8acd000
autofs4 21701 1 - Live 0xf8a7d000
w83627hf 25553 0 - Live 0xf8a75000
hwmon_vid 2881 1 w83627hf, Live 0xf8a58000
hwmon 3653 1 w83627hf, Live 0xf8a56000
eeprom 7249 0 - Live 0xf8a53000
i2c_isa 5569 1 w83627hf, Live 0xf89a7000
ipt_REJECT 5569 1 - Live 0xf8a4c000
xt_tcpudp 3393 1 - Live 0xf89aa000
xt_state 2497 2 - Live 0xf88ff000
ip_conntrack 52597 1 xt_state, Live 0xf8a5d000
nfnetlink 7257 1 ip_conntrack, Live 0xf89b7000
iptable_filter 3265 1 - Live 0xf881c000
ip_tables 12809 1 iptable_filter, Live 0xf89b2000
x_tables 14917 4 ipt_REJECT,xt_tcpudp,xt_state,ip_tables, Live 0xf89ad000
dm_mirror 22929 0 - Live 0xf899a000
dm_mod 59737 1 dm_mirror, Live 0xf89ba000
video 16709 0 - Live 0xf89a1000
button 6993 0 - Live 0xf88f7000
battery 10053 0 - Live 0xf88db000
ac 5189 0 - Live 0xf88f4000
lp 12937 0 - Live 0xf88fa000
parport_pc 27237 1 - Live 0xf896d000
parport 37129 2 lp,parport_pc, Live 0xf898f000
snd_cmipci 34913 0 - Live 0xf8985000
gameport 16201 1 snd_cmipci, Live 0xf8838000
snd_seq_dummy 4165 0 - Live 0xf88d8000
snd_seq_oss 32705 0 - Live 0xf8964000
snd_seq_midi_event 7745 1 snd_seq_oss, Live 0xf88d5000
snd_seq 53553 5 snd_seq_dummy,snd_seq_oss,snd_seq_midi_event, Live 0xf8976000
snd_pcm_oss 40017 0 - Live 0xf8959000
8139cp 22977 0 - Live 0xf88ed000
snd_mixer_oss 17729 1 snd_pcm_oss, Live 0xf88e7000
snd_pcm 83781 2 snd_cmipci,snd_pcm_oss, Live 0xf8901000
nvidia 4554900 12 - Live 0xf8dd9000
8139too 27073 0 - Live 0xf88df000
snd_page_alloc 10569 1 snd_pcm, Live 0xf88b1000
snd_opl3_lib 10817 1 snd_cmipci, Live 0xf88ad000
snd_timer 24517 3 snd_seq,snd_pcm,snd_opl3_lib, Live 0xf88ce000
snd_hwdep 10053 1 snd_opl3_lib, Live 0xf8877000
snd_mpu401_uart 8769 1 snd_cmipci, Live 0xf8867000
snd_rawmidi 25665 1 snd_mpu401_uart, Live 0xf88b6000
snd_seq_device 9037 5 snd_seq_dummy,snd_seq_oss,snd_seq,snd_opl3_lib,snd_rawmidi, Live 0xf8863000
mii 5697 2 8139cp,8139too, Live 0xf8841000
snd 55237 12 snd_cmipci,snd_seq_oss,snd_seq,snd_pcm_oss,snd_mixer_oss,snd_pcm,snd_opl3_lib,snd_timer,snd_hwdep,snd_mpu401_uart,snd_rawmidi,snd_seq_device, Live 0xf88bf000
ehci_hcd 32461 0 - Live 0xf886e000
i2c_i801 8781 0 - Live 0xf883d000
i2c_core 22209 5 w83627hf,eeprom,i2c_isa,nvidia,i2c_i801, Live 0xf885c000
floppy 58437 0 - Live 0xf889d000
uhci_hcd 23885 0 - Live 0xf8855000
soundcore 10017 1 snd, Live 0xf8834000
serio_raw 7621 0 - Live 0xf8831000
ext3 129353 4 - Live 0xf887c000
jbd 57813 1 ext3, Live 0xf8845000
0000-001f : dma1
0020-0021 : pic1
0040-0043 : timer0
0050-0053 : timer1
0060-006f : keyboard
0070-0077 : rtc
0080-008f : dma page reg
00a0-00a1 : pic2
00c0-00df : dma2
00f0-00ff : fpu
0170-0177 : ide1
01f0-01f7 : ide0
0295-0296 : w83627hf
0376-0376 : ide1
0378-037a : parport0
037b-037f : parport0
03c0-03df : vga+
03f6-03f6 : ide0
03f8-03ff : serial
0400-043f : 0000:00:1f.0
0800-087f : 0000:00:1f.0
  0800-0803 : PM1a_EVT_BLK
  0804-0805 : PM1a_CNT_BLK
  0808-080b : PM_TMR
  0810-0815 : ACPI CPU throttle
  0828-082f : GPE0_BLK
0c00-0c1f : 0000:00:1f.3
  0c00-0c0f : i801_smbus
b000-bfff : PCI Bus #02
  b800-b8ff : 0000:02:0b.0
    b800-b8ff : 8139too
  bc00-bcff : 0000:02:02.0
    bc00-bcff : CMI8738
cc00-cc1f : 0000:00:1d.0
  cc00-cc1f : uhci_hcd
d000-d01f : 0000:00:1d.1
  d000-d01f : uhci_hcd
d400-d41f : 0000:00:1d.2
  d400-d41f : uhci_hcd
d800-d81f : 0000:00:1d.3
  d800-d81f : uhci_hcd
fc00-fc0f : 0000:00:1f.1
  fc00-fc07 : ide0
  fc08-fc0f : ide1
00000000-0009fbff : System RAM
  00000000-00000000 : Crash kernel
0009fc00-0009ffff : reserved
000a0000-000bffff : Video RAM area
000c0000-000cf1ff : Video ROM
000e0000-000effff : Extension ROM
000f0000-000fffff : System ROM
00100000-7ffeffff : System RAM
  00400000-0060506c : Kernel code
  0060506d-0071ed87 : Kernel data
7fff0000-7fff7fff : ACPI Tables
7fff8000-7fffffff : ACPI Non-volatile Storage
88000000-880fffff : PCI Bus #02
  88000000-8800ffff : 0000:02:0b.0
88100000-881003ff : 0000:00:1f.1
d3c00000-f3bfffff : PCI Bus #01
  e0000000-efffffff : 0000:01:00.0
f3d00000-f7dfffff : PCI Bus #01
  f5000000-f5ffffff : 0000:01:00.0
  f6000000-f6ffffff : 0000:01:00.0
    f6000000-f6ffffff : nvidia
  f7de0000-f7dfffff : 0000:01:00.0
f7e00000-f7efffff : PCI Bus #02
  f7efff00-f7efffff : 0000:02:0b.0
    f7efff00-f7efffff : 8139too
f7fffc00-f7ffffff : 0000:00:1d.7
  f7fffc00-f7ffffff : ehci_hcd
f8000000-fbffffff : 0000:00:00.0
fec00000-fec00fff : reserved
fee00000-fee00fff : reserved
fff00000-ffffffff : reserved