Date: Fri, 17 Dec 1999 08:16:39 +0100
From: Christoph Brauckmann <>
Subject: Very low bandwidth when using knfsd
Sender: linux-kernel-owner@vger.kernel.org
Precedence: bulk
List-ID: <linux-kernel.vger.kernel.org>
X-Mailing-List: linux-kernel@vger.kernel.org
X-Lkml-Link: https://lkml.org/lkml/1999/12/17/12

Hello,
I am using a Laptop with RedHat-6.1. It is connected via a pcmcia
ethernet card (10 MBit) to a Unix network. My wish is to export a
directory of the Laptop to a SUN server. The SUN server uses
Solaris-2.5.1.
I tried two configurations and got the following results:
1. Using knfsd-1.4.7-7
----------------------
When transfering a file of 5M bytes from Solaris towards Linux I got a
very low bandwidth of less than 4k bytes (k not M!). Some pairs of error
messages "NFS server not responding..." and "NFS server OK" appear in
the windows on the Solaris machine until the transfer is finished. I put
the corresponding /var/log/messages of the Linux box to the end of this
mail ("messages.knfsd").
The effective nfs startup command sequence is:
RPCNFSDCOUNT=8
RPCMOUNTDOPTS="--no-nfs-version 3"
# Start daemons.
action "Starting NFS services: " /usr/sbin/exportfs -r
daemon rpc.rquotad
daemon rpc.mountd $RPCMOUNTDOPTS
daemon rpc.nfsd $RPCNFSDCOUNT
touch /var/lock/subsys/nfs
2. Using nfs-server-2.2beta40-1
-------------------------------
When transfering a file of 5M bytes from Solaris towards Linux I got a
good bandwidth of more than 450k bytes (more than 100 times faster!). No
error message appears. I put the corresponding /var/log/messages of the
Linux box to the end of this mail too ("messages.nfsd").
Any idea?
=================================
Appendix A: "messages.knfsd"
Dec 10 11:52:45 KleinerRechner syslogd 1.3-3: restart.
Dec 10 11:52:45 KleinerRechner syslog: syslogd startup succeeded
Dec 10 11:52:45 KleinerRechner syslog: klogd startup succeeded
Dec 10 11:52:45 KleinerRechner kernel: klogd 1.3-3, log source =
/proc/kmsg started.
Dec 10 11:52:45 KleinerRechner kernel: Inspecting
/boot/System.map-2.2.12-32
Dec 10 11:52:46 KleinerRechner kernel: Loaded 4861 symbols from
/boot/System.map-2.2.12-32.
Dec 10 11:52:46 KleinerRechner kernel: Symbols match kernel version
2.2.12.
Dec 10 11:52:46 KleinerRechner kernel: Loaded 229 symbols from 13
modules.
Dec 10 11:52:46 KleinerRechner kernel: Linux version 2.2.12-32
(root@KleinerRechner) (gcc version egcs-2.91.66 19990314/Linux
(egcs-1.1.2 release)) #3 Son Dez 5 22:28:11 CET 1999 
Dec 10 11:52:46 KleinerRechner kernel: Detected 132956123 Hz processor. 
Dec 10 11:52:46 KleinerRechner kernel: Console: colour VGA+ 80x25 
Dec 10 11:52:46 KleinerRechner kernel: Calibrating delay loop... 53.04
BogoMIPS 
Dec 10 11:52:46 KleinerRechner kernel: Memory: 39260k/40960k available
(628k kernel code, 412k reserved, 624k data, 36k init, 0k bigmem) 
Dec 10 11:52:46 KleinerRechner kernel: DENTRY hash table entries: 262144
(order: 9, 2097152 bytes) 
Dec 10 11:52:46 KleinerRechner kernel: Buffer-cache hash table entries:
65536 (order: 6, 262144 bytes) 
Dec 10 11:52:46 KleinerRechner kernel: Page-cache hash table entries:
16384 (order: 4, 65536 bytes) 
Dec 10 11:52:46 KleinerRechner kernel: CPU: Intel Pentium 75 - 200
stepping 0c 
Dec 10 11:52:46 KleinerRechner kernel: Checking 386/387 coupling... OK,
FPU using exception 16 error reporting. 
Dec 10 11:52:46 KleinerRechner kernel: Checking 'hlt' instruction... OK. 
Dec 10 11:52:46 KleinerRechner kernel: Intel Pentium with F0 0F bug -
workaround enabled. 
Dec 10 11:52:47 KleinerRechner kernel: POSIX conformance testing by
UNIFIX 
Dec 10 11:52:47 KleinerRechner kernel: PCI: PCI BIOS revision 2.10 entry
at 0xe1f3e 
Dec 10 11:52:47 KleinerRechner kernel: PCI: Using configuration type 1 
Dec 10 11:52:47 KleinerRechner kernel: PCI: Probing PCI hardware 
Dec 10 11:52:47 KleinerRechner kernel: PCI: 00:91 [1060/673a]: Working
around UM8886BF bugs 
Dec 10 11:52:47 KleinerRechner kernel: Linux NET4.0 for Linux 2.2 
Dec 10 11:52:47 KleinerRechner kernel: Based upon Swansea University
Computer Society NET3.039 
Dec 10 11:52:48 KleinerRechner kernel: NET4: Unix domain sockets 1.0 for
Linux NET4.0. 
Dec 10 11:52:48 KleinerRechner kernel: NET4: Linux TCP/IP 1.0 for NET4.0 
Dec 10 11:52:48 KleinerRechner kernel: IP Protocols: ICMP, UDP, TCP 
Dec 10 11:52:48 KleinerRechner kernel: TCP: Hash tables configured
(ehash 65536 bhash 65536) 
Dec 10 11:52:48 KleinerRechner kernel: Starting kswapd v 1.5  
Dec 10 11:52:48 KleinerRechner kernel: Detected PS/2 Mouse Port. 
Dec 10 11:52:48 KleinerRechner kernel: pty: 256 Unix98 ptys configured 
Dec 10 11:52:48 KleinerRechner kernel: apm: BIOS version 1.1 Flags 0x03
(Driver version 1.9) 
Dec 10 11:52:48 KleinerRechner kernel: UM8886BF: IDE controller on PCI
bus 00 dev 91 
Dec 10 11:52:48 KleinerRechner kernel: UM8886BF: not 100% native mode:
will probe irqs later 
Dec 10 11:52:48 KleinerRechner kernel: UM8886BF: dma_base is invalid
(0x0000) 
Dec 10 11:52:48 KleinerRechner kernel: ide0: UM8886BF Bus-Master DMA
disabled (BIOS) 
Dec 10 11:52:48 KleinerRechner kernel: UM8886BF: dma_base is invalid
(0x0000) 
Dec 10 11:52:48 KleinerRechner kernel: ide1: UM8886BF Bus-Master DMA
disabled (BIOS) 
Dec 10 11:52:48 KleinerRechner kernel: hda: TOSHIBA MK1003MAV, ATA DISK
drive 
Dec 10 11:52:48 KleinerRechner kernel: hdc: TOSHIBA CD-ROM XM-1502BN,
ATAPI CDROM drive 
Dec 10 11:52:48 KleinerRechner kernel: ide0 at 0x1f0-0x1f7,0x3f6 on irq
14 
Dec 10 11:52:48 KleinerRechner kernel: ide1 at 0x170-0x177,0x376 on irq
15 
Dec 10 11:52:49 KleinerRechner kernel: hda: TOSHIBA MK1003MAV, 1033MB
w/128kB Cache, CHS=525/64/63 
Dec 10 11:52:49 KleinerRechner kernel: Partition check: 
Dec 10 11:52:49 KleinerRechner kernel:  hda: hda1 hda2 hda3 hda4 < hda5
hda6 hda7 > 
Dec 10 11:52:49 KleinerRechner kernel: VFS: Mounted root (ext2
filesystem) readonly. 
Dec 10 11:52:49 KleinerRechner kernel: Freeing unused kernel memory: 36k
freed 
Dec 10 11:52:49 KleinerRechner kernel: Adding Swap: 60476k swap-space
(priority -1) 
Dec 10 11:52:49 KleinerRechner kernel: EXT2-fs warning: mounting
unchecked fs, running e2fsck is recommended 
Dec 10 11:52:49 KleinerRechner kernel: Soundblaster audio driver
Copyright (C) by Hannu Savolainen 1993-1996 
Dec 10 11:52:49 KleinerRechner kernel: ad1848/cs4248 codec driver
Copyright (C) by Hannu Savolainen 1993-1996 
Dec 10 11:52:49 KleinerRechner kernel: MAD16 audio driver Copyright (C)
by Hannu Savolainen 1993-1996 
Dec 10 11:52:49 KleinerRechner kernel: CDROM Disabled. 
Dec 10 11:52:49 KleinerRechner kernel: Joystick port enabled. 
Dec 10 11:52:49 KleinerRechner kernel: YM3812 and OPL-3 driver Copyright
(C) by Hannu Savolainen, Rob Hooft 1993-1996 
Dec 10 11:52:49 KleinerRechner kernel: EXT2-fs warning: mounting
unchecked fs, running e2fsck is recommended 
Dec 10 11:52:49 KleinerRechner kernel: EXT2-fs warning: mounting
unchecked fs, running e2fsck is recommended 
Dec 10 11:52:47 KleinerRechner crond: crond startup succeeded
Dec 10 11:52:50 KleinerRechner pcmcia: Starting PCMCIA services:
Dec 10 11:52:50 KleinerRechner pcmcia:  modules
Dec 10 11:52:50 KleinerRechner kernel: Linux PCMCIA Card Services 3.0.14 
Dec 10 11:52:50 KleinerRechner kernel:   kernel build: 2.2.12-32 #3 Son
Dez 5 22:28:11 CET 1999 
Dec 10 11:52:50 KleinerRechner kernel:   options:  [pci] [cardbus] [apm] 
Dec 10 11:52:50 KleinerRechner kernel: Intel PCIC probe:  
Dec 10 11:52:50 KleinerRechner kernel:   Cirrus PD6729 PCI-to-PCMCIA at
bus 0 slot 24, port 0x3000, 2 sockets 
Dec 10 11:52:50 KleinerRechner kernel:     host opts [0]: [ring] [1/5/0]
[1/20/0] 
Dec 10 11:52:50 KleinerRechner kernel:     host opts [1]: [ring] [1/5/0]
[1/20/0] 
Dec 10 11:52:50 KleinerRechner kernel:     ISA irqs (default) =
3,4,5,7,10,12 polling interval = 1000 ms 
Dec 10 11:52:50 KleinerRechner pcmcia:  cardmgr.
Dec 10 11:52:50 KleinerRechner cardmgr[334]: starting, version is 3.0.14
Dec 10 11:52:50 KleinerRechner rc: Starting pcmcia succeeded
Dec 10 11:52:51 KleinerRechner cardmgr[334]: watching 2 sockets
Dec 10 11:52:51 KleinerRechner kernel: cs: IO port probe 0x1000-0x17ff:
excluding 0x1068-0x106f 0x10b8-0x10bf 0x1220-0x122f 0x12f8-0x12ff
0x1330-0x1337 0x1340-0x1347 0x1378-0x137f 0x1388-0x138f 0x13f0-0x13ff
0x1468-0x146f 0x14b8-0x14bf 0x1530-0x1537 0x16f8-0x16ff 0x1778-0x177f
0x17f0-0x17ff 
Dec 10 11:52:51 KleinerRechner kernel: cs: IO port probe 0x0100-0x04ff:
excluding 0x220-0x22f 0x2f8-0x2ff 0x340-0x347 0x378-0x37f 0x3f8-0x3ff
0x408-0x40f 0x468-0x46f 0x480-0x48f 0x4b8-0x4bf 0x4d0-0x4d7 
Dec 10 11:52:51 KleinerRechner kernel: cs: IO port probe 0x0a00-0x0aff:
excluding 0xaf8-0xaff 
Dec 10 11:52:51 KleinerRechner cardmgr[334]: initializing socket 0
Dec 10 11:52:51 KleinerRechner kernel: cs: memory probe
0x0d0000-0x0dffff: clean. 
Dec 10 11:52:51 KleinerRechner cardmgr[334]: socket 0: Xircom CEM33
Ethernet/Modem
Dec 10 11:52:51 KleinerRechner cardmgr[334]: executing: 'insmod
/lib/modules/2.2.12-32/pcmcia/xirc2ps_cs.o'
Dec 10 11:52:51 KleinerRechner kernel: xirc2ps_cs.c 1.31 1998/12/09
19:32:55 (dd9jn+kvh) 
Dec 10 11:52:51 KleinerRechner cardmgr[334]: executing: 'insmod
/lib/modules/2.2.12-32/pcmcia/serial_cs.o'
Dec 10 11:52:51 KleinerRechner cardmgr[334]: +
/lib/modules/2.2.12-32/pcmcia/serial_cs.o: unresolved symbol
register_serial_R55beb9df
Dec 10 11:52:51 KleinerRechner cardmgr[334]: +
/lib/modules/2.2.12-32/pcmcia/serial_cs.o: unresolved symbol
unregister_serial_Rce8a3e65
Dec 10 11:52:51 KleinerRechner cardmgr[334]: insmod exited with status 1
Dec 10 11:52:51 KleinerRechner cardmgr[334]: executing: 'modprobe
serial_cs'
Dec 10 11:52:51 KleinerRechner kernel: Serial driver version 4.27 with
no serial options enabled 
Dec 10 11:52:51 KleinerRechner kernel: ttyS00 at 0x03f8 (irq = 4) is a
16550A 
Dec 10 11:52:51 KleinerRechner kernel: ttyS01 at 0x02f8 (irq = 3) is a
16550A 
Dec 10 11:52:51 KleinerRechner kernel: eth0: Xircom: port 0x2d0, irq 3,
hwaddr 00:80:C7:97:C6:DC 
Dec 10 11:52:51 KleinerRechner kernel: tty03 at 0x02e8 (irq = 3) is a
16450 
Dec 10 11:52:51 KleinerRechner cardmgr[334]: executing: './network start
eth0'
Dec 10 11:52:52 KleinerRechner inet: inetd startup succeeded
Dec 10 11:52:52 KleinerRechner lpd: lpd startup succeeded
Dec 10 11:52:54 KleinerRechner kernel: eth0: media 10BaseT, silicon
revision 1 
Dec 10 11:52:54 KleinerRechner kernel: Installing knfsd (copyright (C)
1996 okir@monad.swb.de). 
Dec 10 11:52:54 KleinerRechner nfs: Starting NFS services:  succeeded
Dec 10 11:52:55 KleinerRechner cardmgr[334]: executing: './serial start
ttyS3'
Dec 10 11:52:55 KleinerRechner cardmgr[334]: + ./serial: setserial:
command not found
Dec 10 11:52:55 KleinerRechner nfs: rpc.rquotad startup succeeded
Dec 10 11:52:55 KleinerRechner cardmgr[334]: + ./serial: setserial:
command not found
Dec 10 11:52:55 KleinerRechner cardmgr[334]: + ./serial: setserial:
command not found
Dec 10 11:52:56 KleinerRechner nfs: rpc.mountd startup succeeded
Dec 10 11:52:57 KleinerRechner nfs: rpc.nfsd startup succeeded
Dec 10 11:52:57 KleinerRechner keytable: Loading keymap: 
Dec 10 11:52:58 KleinerRechner keytable: Loading
/usr/lib/kbd/keymaps/i386/qwertz/de-latin1.kmap.gz
Dec 10 11:52:59 KleinerRechner keytable: Loading system font: 
Dec 10 11:52:59 KleinerRechner rc: Starting keytable succeeded
Dec 10 11:53:00 KleinerRechner gpm: gpm startup succeeded
Dec 10 11:57:42 KleinerRechner kernel: svc: unknown version (3) 
Dec 10 11:57:42 KleinerRechner mountd[492]: export request from
123.456.789.01 
Dec 10 11:57:42 KleinerRechner mountd[492]: authenticated mount request
from solaris551-machine:732 for /home (/home) 
Dec 10 11:57:42 KleinerRechner kernel: svc: unknown program 100227 (me
100003) 
Dec 10 11:57:42 KleinerRechner last message repeated 5 times
Dec 10 11:57:42 KleinerRechner mountd[492]: authenticated mount request
from solaris551-machine:732 for /mnt/cdrom (/mnt/cdrom) 
Dec 10 11:57:42 KleinerRechner kernel: svc: unknown program 100227 (me
100003) 
Dec 10 11:57:42 KleinerRechner last message repeated 5 times
Dec 10 12:03:40 KleinerRechner kernel: svc: unknown version (3) 
Dec 10 12:03:41 KleinerRechner mountd[492]: authenticated unmount
request from solaris551-machine:733 for /mnt/cdrom (/mnt/cdrom) 
Dec 10 12:07:19 KleinerRechner kernel: svc: unknown version (3) 
Dec 10 12:07:19 KleinerRechner mountd[492]: authenticated mount request
from solaris551-machine:732 for /mnt/cdrom (/mnt/cdrom) 
Dec 10 12:07:19 KleinerRechner kernel: svc: unknown program 100227 (me
100003) 
Dec 10 12:07:19 KleinerRechner last message repeated 5 times
Dec 10 12:09:20 KleinerRechner kernel: svc: unknown version (3) 
Dec 10 12:16:25 KleinerRechner kernel: svc: unknown version (3) 
Dec 10 12:23:24 KleinerRechner kernel: svc: unknown version (3) 
Dec 10 12:23:25 KleinerRechner mountd[492]: authenticated unmount
request from solaris551-machine:733 for /home (/home) 
=================================
Appendix B: "messages.nfsd"
Dec 10 11:28:48 KleinerRechner syslogd 1.3-3: restart.
Dec 10 11:28:48 KleinerRechner syslog: syslogd startup succeeded
Dec 10 11:28:48 KleinerRechner syslog: klogd startup succeeded
Dec 10 11:28:48 KleinerRechner kernel: klogd 1.3-3, log source =
/proc/kmsg started.
Dec 10 11:28:48 KleinerRechner kernel: Inspecting
/boot/System.map-2.2.12-32
Dec 10 11:28:49 KleinerRechner kernel: Loaded 4861 symbols from
/boot/System.map-2.2.12-32.
Dec 10 11:28:49 KleinerRechner kernel: Symbols match kernel version
2.2.12.
Dec 10 11:28:49 KleinerRechner kernel: Loaded 158 symbols from 11
modules.
Dec 10 11:28:49 KleinerRechner kernel: Linux version 2.2.12-32
(root@KleinerRechner) (gcc version egcs-2.91.66 19990314/Linux
(egcs-1.1.2 release)) #3 Son Dez 5 22:28:11 CET 1999 
Dec 10 11:28:49 KleinerRechner kernel: Detected 132956683 Hz processor. 
Dec 10 11:28:49 KleinerRechner kernel: Console: colour VGA+ 80x25 
Dec 10 11:28:49 KleinerRechner kernel: Calibrating delay loop... 53.04
BogoMIPS 
Dec 10 11:28:49 KleinerRechner kernel: Memory: 39260k/40960k available
(628k kernel code, 412k reserved, 624k data, 36k init, 0k bigmem) 
Dec 10 11:28:49 KleinerRechner kernel: DENTRY hash table entries: 262144
(order: 9, 2097152 bytes) 
Dec 10 11:28:49 KleinerRechner kernel: Buffer-cache hash table entries:
65536 (order: 6, 262144 bytes) 
Dec 10 11:28:49 KleinerRechner kernel: Page-cache hash table entries:
16384 (order: 4, 65536 bytes) 
Dec 10 11:28:49 KleinerRechner kernel: CPU: Intel Pentium 75 - 200
stepping 0c 
Dec 10 11:28:49 KleinerRechner kernel: Checking 386/387 coupling... OK,
FPU using exception 16 error reporting. 
Dec 10 11:28:49 KleinerRechner kernel: Checking 'hlt' instruction... OK. 
Dec 10 11:28:49 KleinerRechner kernel: Intel Pentium with F0 0F bug -
workaround enabled. 
Dec 10 11:28:49 KleinerRechner kernel: POSIX conformance testing by
UNIFIX 
Dec 10 11:28:49 KleinerRechner kernel: PCI: PCI BIOS revision 2.10 entry
at 0xe1f3e 
Dec 10 11:28:49 KleinerRechner kernel: PCI: Using configuration type 1 
Dec 10 11:28:49 KleinerRechner kernel: PCI: Probing PCI hardware 
Dec 10 11:28:50 KleinerRechner kernel: PCI: 00:91 [1060/673a]: Working
around UM8886BF bugs 
Dec 10 11:28:50 KleinerRechner crond: crond startup succeeded
Dec 10 11:28:50 KleinerRechner kernel: Linux NET4.0 for Linux 2.2 
Dec 10 11:28:50 KleinerRechner kernel: Based upon Swansea University
Computer Society NET3.039 
Dec 10 11:28:50 KleinerRechner kernel: NET4: Unix domain sockets 1.0 for
Linux NET4.0. 
Dec 10 11:28:50 KleinerRechner kernel: NET4: Linux TCP/IP 1.0 for NET4.0 
Dec 10 11:28:50 KleinerRechner kernel: IP Protocols: ICMP, UDP, TCP 
Dec 10 11:28:50 KleinerRechner kernel: TCP: Hash tables configured
(ehash 65536 bhash 65536) 
Dec 10 11:28:50 KleinerRechner kernel: Starting kswapd v 1.5  
Dec 10 11:28:50 KleinerRechner kernel: Detected PS/2 Mouse Port. 
Dec 10 11:28:50 KleinerRechner kernel: pty: 256 Unix98 ptys configured 
Dec 10 11:28:50 KleinerRechner kernel: apm: BIOS version 1.1 Flags 0x03
(Driver version 1.9) 
Dec 10 11:28:50 KleinerRechner kernel: UM8886BF: IDE controller on PCI
bus 00 dev 91 
Dec 10 11:28:50 KleinerRechner kernel: UM8886BF: not 100% native mode:
will probe irqs later 
Dec 10 11:28:50 KleinerRechner kernel: UM8886BF: dma_base is invalid
(0x0000) 
Dec 10 11:28:50 KleinerRechner kernel: ide0: UM8886BF Bus-Master DMA
disabled (BIOS) 
Dec 10 11:28:50 KleinerRechner kernel: UM8886BF: dma_base is invalid
(0x0000) 
Dec 10 11:28:51 KleinerRechner kernel: ide1: UM8886BF Bus-Master DMA
disabled (BIOS) 
Dec 10 11:28:51 KleinerRechner kernel: hda: TOSHIBA MK1003MAV, ATA DISK
drive 
Dec 10 11:28:51 KleinerRechner kernel: hdc: TOSHIBA CD-ROM XM-1502BN,
ATAPI CDROM drive 
Dec 10 11:28:51 KleinerRechner kernel: ide0 at 0x1f0-0x1f7,0x3f6 on irq
14 
Dec 10 11:28:51 KleinerRechner kernel: ide1 at 0x170-0x177,0x376 on irq
15 
Dec 10 11:28:51 KleinerRechner kernel: hda: TOSHIBA MK1003MAV, 1033MB
w/128kB Cache, CHS=525/64/63 
Dec 10 11:28:51 KleinerRechner kernel: Partition check: 
Dec 10 11:28:52 KleinerRechner kernel:  hda: hda1 hda2 hda3 hda4 < hda5
hda6 hda7 > 
Dec 10 11:28:52 KleinerRechner kernel: VFS: Mounted root (ext2
filesystem) readonly. 
Dec 10 11:28:52 KleinerRechner kernel: Freeing unused kernel memory: 36k
freed 
Dec 10 11:28:52 KleinerRechner kernel: Adding Swap: 60476k swap-space
(priority -1) 
Dec 10 11:28:52 KleinerRechner kernel: EXT2-fs warning: mounting
unchecked fs, running e2fsck is recommended 
Dec 10 11:28:52 KleinerRechner kernel: Soundblaster audio driver
Copyright (C) by Hannu Savolainen 1993-1996 
Dec 10 11:28:52 KleinerRechner kernel: ad1848/cs4248 codec driver
Copyright (C) by Hannu Savolainen 1993-1996 
Dec 10 11:28:52 KleinerRechner kernel: MAD16 audio driver Copyright (C)
by Hannu Savolainen 1993-1996 
Dec 10 11:28:52 KleinerRechner kernel: CDROM Disabled. 
Dec 10 11:28:52 KleinerRechner kernel: Joystick port enabled. 
Dec 10 11:28:52 KleinerRechner kernel: YM3812 and OPL-3 driver Copyright
(C) by Hannu Savolainen, Rob Hooft 1993-1996 
Dec 10 11:28:52 KleinerRechner kernel: EXT2-fs warning: mounting
unchecked fs, running e2fsck is recommended 
Dec 10 11:28:52 KleinerRechner kernel: EXT2-fs warning: mounting
unchecked fs, running e2fsck is recommended 
Dec 10 11:28:52 KleinerRechner kernel: Linux PCMCIA Card Services 3.0.14 
Dec 10 11:28:52 KleinerRechner kernel:   kernel build: 2.2.12-32 #3 Son
Dez 5 22:28:11 CET 1999 
Dec 10 11:28:52 KleinerRechner kernel:   options:  [pci] [cardbus] [apm] 
Dec 10 11:28:52 KleinerRechner kernel: Intel PCIC probe:  
Dec 10 11:28:52 KleinerRechner kernel:   Cirrus PD6729 PCI-to-PCMCIA at
bus 0 slot 24, port 0x3000, 2 sockets 
Dec 10 11:28:52 KleinerRechner kernel:     host opts [0]: [ring] [1/5/0]
[1/20/0] 
Dec 10 11:28:52 KleinerRechner kernel:     host opts [1]: [ring] [1/5/0]
[1/20/0] 
Dec 10 11:28:52 KleinerRechner kernel:     ISA irqs (default) =
3,4,5,7,10,12 polling interval = 1000 ms 
Dec 10 11:28:50 KleinerRechner pcmcia: Starting PCMCIA services:
Dec 10 11:28:53 KleinerRechner pcmcia:  modules cardmgr.
Dec 10 11:28:53 KleinerRechner rc: Starting pcmcia succeeded
Dec 10 11:28:50 KleinerRechner cardmgr[303]: starting, version is 3.0.14
Dec 10 11:28:53 KleinerRechner cardmgr[303]: watching 2 sockets
Dec 10 11:28:53 KleinerRechner kernel: cs: IO port probe 0x1000-0x17ff:
excluding 0x1068-0x106f 0x10b8-0x10bf 0x1220-0x122f 0x12f8-0x12ff
0x1330-0x1337 0x1340-0x1347 0x1378-0x137f 0x1388-0x138f 0x13f0-0x13ff
0x1468-0x146f 0x14b8-0x14bf 0x1530-0x1537 0x16f8-0x16ff 0x1778-0x177f
0x17f0-0x17ff 
Dec 10 11:28:53 KleinerRechner kernel: cs: IO port probe 0x0100-0x04ff:
excluding 0x220-0x22f 0x2f8-0x2ff 0x340-0x347 0x378-0x37f 0x3f8-0x3ff
0x408-0x40f 0x468-0x46f 0x480-0x48f 0x4b8-0x4bf 0x4d0-0x4d7 
Dec 10 11:28:53 KleinerRechner kernel: cs: IO port probe 0x0a00-0x0aff:
excluding 0xaf8-0xaff 
Dec 10 11:28:53 KleinerRechner cardmgr[303]: initializing socket 0
Dec 10 11:28:53 KleinerRechner kernel: cs: memory probe
0x0d0000-0x0dffff: clean. 
Dec 10 11:28:53 KleinerRechner cardmgr[303]: socket 0: Xircom CEM33
Ethernet/Modem
Dec 10 11:28:53 KleinerRechner cardmgr[303]: executing: 'insmod
/lib/modules/2.2.12-32/pcmcia/xirc2ps_cs.o'
Dec 10 11:28:53 KleinerRechner kernel: xirc2ps_cs.c 1.31 1998/12/09
19:32:55 (dd9jn+kvh) 
Dec 10 11:28:53 KleinerRechner cardmgr[303]: executing: 'insmod
/lib/modules/2.2.12-32/pcmcia/serial_cs.o'
Dec 10 11:28:53 KleinerRechner inet: inetd startup succeeded
Dec 10 11:28:54 KleinerRechner cardmgr[303]: +
/lib/modules/2.2.12-32/pcmcia/serial_cs.o: unresolved symbol
register_serial_R55beb9df
Dec 10 11:28:54 KleinerRechner cardmgr[303]: +
/lib/modules/2.2.12-32/pcmcia/serial_cs.o: unresolved symbol
unregister_serial_Rce8a3e65
Dec 10 11:28:54 KleinerRechner cardmgr[303]: insmod exited with status 1
Dec 10 11:28:54 KleinerRechner cardmgr[303]: executing: 'modprobe
serial_cs'
Dec 10 11:28:54 KleinerRechner kernel: Serial driver version 4.27 with
no serial options enabled 
Dec 10 11:28:54 KleinerRechner kernel: ttyS00 at 0x03f8 (irq = 4) is a
16550A 
Dec 10 11:28:54 KleinerRechner kernel: ttyS01 at 0x02f8 (irq = 3) is a
16550A 
Dec 10 11:28:54 KleinerRechner kernel: eth0: Xircom: port 0x2d0, irq 3,
hwaddr 00:80:C7:97:C6:DC 
Dec 10 11:28:54 KleinerRechner kernel: tty03 at 0x02e8 (irq = 3) is a
16450 
Dec 10 11:28:54 KleinerRechner cardmgr[303]: executing: './network start
eth0'
Dec 10 11:28:55 KleinerRechner lpd: lpd startup succeeded
Dec 10 11:28:55 KleinerRechner lpd[361]: unable to get official name for
remote machine sls20l
Dec 10 11:28:56 KleinerRechner nfs: rpc.mountd startup succeeded
Dec 10 11:28:57 KleinerRechner kernel: eth0: media 10BaseT, silicon
revision 1 
Dec 10 11:28:57 KleinerRechner nfs: rpc.nfsd startup succeeded
Dec 10 11:28:58 KleinerRechner keytable: Loading keymap: 
Dec 10 11:28:58 KleinerRechner cardmgr[303]: executing: './serial start
ttyS3'
Dec 10 11:28:58 KleinerRechner cardmgr[303]: + ./serial: setserial:
command not found
Dec 10 11:28:59 KleinerRechner last message repeated 2 times
Dec 10 11:28:59 KleinerRechner keytable: Loading
/usr/lib/kbd/keymaps/i386/qwertz/de-latin1.kmap.gz
Dec 10 11:28:59 KleinerRechner keytable: Loading system font: 
Dec 10 11:29:00 KleinerRechner rc: Starting keytable succeeded
Dec 10 11:29:00 KleinerRechner gpm: gpm startup succeeded
Dec 10 11:36:15 KleinerRechner mountd[389]: NFS mount of /home attempted
from 149.204.240.93 
Dec 10 11:36:15 KleinerRechner mountd[389]: /home has been mounted by
149.204.240.93 
Dec 10 11:36:15 KleinerRechner mountd[389]: NFS mount of /mnt/cdrom
attempted from 149.204.240.93 
Dec 10 11:36:15 KleinerRechner mountd[389]: /mnt/cdrom has been mounted
by 149.204.240.93 
-- 
Kind regards,
Christoph Brauckmann
      _/           ALCATEL            Christoph Brauckmann
     _/_/          Telecom            Project - Manager
    _/  _/         
   _/    _/    Microelectronic        Dept.: VS/EHD1
  _/      _/       Center             Tel. : +49 711 821-40485
 _/        _/   Lorenzstr.10          Fax  : +49 711 821-45571
_/_/_/_/_/_/_/ 70435 Stuttgart        Email: C.Brauckmann@alcatel.de
-
To unsubscribe from this list: send the line "unsubscribe linux-kernel" in
the body of a message to majordomo@vger.rutgers.edu
Please read the FAQ at 
http://www.tux.org/lkml/