Date: Thu, 30 Dec 1999 09:12:38 +0100
From: Joerg Pommnitz <>
Subject: ncr53c7,8xx broken with 2.3.35
Sender: linux-kernel-owner@vger.kernel.org
Precedence: bulk
List-ID: <linux-kernel.vger.kernel.org>
X-Mailing-List: linux-kernel@vger.kernel.org
X-Lkml-Link: https://lkml.org/lkml/1999/12/30/16

Booting 2.3.35 Linux fails to work with my NCR53C810 SCSI
host adapter. Attached is the boot log I got.
I remember the same thing happened a few months back when
the new ressource management got introduced...
Regards
	JoergLinux version 2.3.35 (root@localhost.localdomain) (gcc version egcs-2.91.66 19990314/Linux (egcs-1.1.2 release)) #1 Wed Dec 29 20:57:52 CET 1999
e820: 0009fc00 @ 00000000 (usable)
e820: 00000400 @ 0009fc00 (usable)
e820: 00010000 @ 000f0000 (reserved)
e820: 00010000 @ ffff0000 (reserved)
e820: 03f00000 @ 00100000 (usable)
On node 0 totalpages: 00004000
zone(0): 4096 pages.
zone(1): 12288 pages.
zone(2): 0 pages.
Initializing CPU#0
Detected 199435414 Hz processor.
Console: colour VGA+ 80x25
Calibrating delay loop... 398.13 BogoMIPS
Memory: 62336k/65536k available (1151k kernel code, 2812k reserved, 101k data, 56k init, 0k highmem)
Buffer-cache hash table entries: 4096 (order: 2, 16384 bytes)
Page-cache hash table entries: 16384 (order: 4, 65536 bytes)
CPU: Intel Pentium MMX stepping 03
Checking 386/387 coupling... OK, FPU using exception 16 error reporting.
Checking 'hlt' instruction... OK.
Intel Pentium with F0 0F bug - workaround enabled.
POSIX conformance testing by UNIFIX
PCI: PCI BIOS revision 2.10 entry at 0xfb380
PCI: Using configuration type 1
PCI: Probing PCI hardware
Limiting direct PCI/PCI transfers.
Activating ISA DMA hang workarounds.
Linux NET4.0 for Linux 2.3
Based upon Swansea University Computer Society NET3.039
NET4: Unix domain sockets 1.0/SMP for Linux NET4.0.
NET4: Linux TCP/IP 1.0 for NET4.0
IP Protocols: ICMP, UDP, TCP
TCP: Hash tables configured (established 4096 bind 8192)
Starting kswapd v1.6
0x378: FIFO is 16 bytes
0x378: writeIntrThreshold is 16
0x378: readIntrThreshold is 16
0x378: PWord is 8 bits
0x378: Interrupts are ISA-Pulses
parport0: PC-style at 0x378 (0x778) [PCSPP,TRISTATE,ECP]
parport0: irq 7 detected
parport0: cpp_daisy: aa5500ff(38)
parport0: assign_addrs: aa5500ff(38)
Serial driver version 4.91 (1999-11-17) with MANY_PORTS SHARE_IRQ SERIAL_PCI PCI_IOMEM enabled
ttyS00 at 0x03f8 (irq = 4) is a 16550A
ttyS01 at 0x02f8 (irq = 3) is a 16550A
pty: 256 Unix98 ptys configured
lp0: using parport0 (polling).
loop: registered device at major 7
loop: enabling 8 loop devices
Uniform Multi-Platform E-IDE driver Revision: 6.21
PIIX3: IDE controller on PCI bus 00 dev 39
PIIX3: not 100% native mode: will probe irqs later
    ide0: BM-DMA at 0xf000-0xf007, BIOS settings: hda:pio, hdb:pio
    ide1: BM-DMA at 0xf008-0xf00f, BIOS settings: hdc:pio, hdd:pio
hda: QUANTUM BIGFOOT2550A, ATA DISK drive
hdc: TOSHIBA CD-ROM XM-5702B, ATAPI CDROM drive
ide0 at 0x1f0-0x1f7,0x3f6 on irq 14
ide1 at 0x170-0x177,0x376 on irq 15
hda: QUANTUM BIGFOOT2550A, 2457MB w/87kB Cache, CHS=624/128/63, DMA
hdc: ATAPI 12X CD-ROM drive, 256kB Cache
Uniform CD-ROM driver Revision: 3.06
Floppy drive(s): fd0 is 1.44M
FDC 0 is a post-1991 82077
scsi-ncr53c7,8xx : at PCI bus 0, device 18,  function 0
scsi-ncr53c7,8xx : disabling I/O mapping since base address 0 (0x6100)
        bits 0..1 indicate a non-IO mapping
scsi-ncr53c7,8xx : NCR53c810 at memory 0xe1000000, io 0x0, irq 11
scsi0 : not initializing, no I/O or memory mapping known 
scsi : 0 hosts.
scsi : detected total.
PPP generic driver version 2.4.0
PPP Deflate compression module registered
Partition check:
 hda: hda1 hda2 < hda5 hda6 hda7 >
VFS: Mounted root (ext2 filesystem) readonly.
Freeing unused kernel memory: 56k freed
Adding Swap: 64472k swap-space (priority -1)
Soundblaster audio driver Copyright (C) by Hannu Savolainen 1993-1996
SB 4.16 detected OK (220)
<SoundBlaster EMU8000 (RAM8192k)>