Date: Sat, 12 May 2007 20:58:30 +0200
From: Nicolas Mailhot <>
Subject: Re: [Bug 8464] New: autoreconf: page allocation failure. order:2, mode:0x84020
Sender: linux-kernel-owner@vger.kernel.org
Precedence: bulk
List-ID: <linux-kernel.vger.kernel.org>
X-Mailing-List: linux-kernel@vger.kernel.org
X-Lkml-Link: https://lkml.org/lkml/2007/5/12/178

Le samedi 12 mai 2007 à 20:09 +0200, Nicolas Mailhot a écrit :
> Le samedi 12 mai 2007 à 17:42 +0100, Mel Gorman a écrit :
> 
> > order-2 (at least 19 pages but more are there) and higher pages were free
> > and this was a NORMAL allocation. It should also be above watermarks so
> > something screwy is happening
> > 
> > *peers suspiciously*
> > 
> > Can you try the following patch on top of the kswapd patch please? It is
> > also available from 
http://www.csn.ul.ie/~mel/watermarks.patch
> 
> Ok, testing now
And this one failed testing too 
-- 
Nicolas Mailhot
May 12 19:52:33 rousalka kernel: Linux version 2.6.21-6.mm2.fc7.nim (mockbuild@rousalka.dyndns.org) (gcc version 4.1.2 20070502 (Red Hat 4.1.2-12)) #1 SMP Sat May 12 13:32:15 EDT 2007
May 12 19:52:33 rousalka kernel: Command line: ro root=/dev/VolGroup00/system vga=795 selinux=false
May 12 19:52:33 rousalka kernel: BIOS-provided physical RAM map:
May 12 19:52:33 rousalka kernel: BIOS-e820: 0000000000000000 - 000000000009e400 (usable)
May 12 19:52:33 rousalka kernel: BIOS-e820: 000000000009f800 - 00000000000a0000 (reserved)
May 12 19:52:33 rousalka kernel: BIOS-e820: 00000000000f0000 - 0000000000100000 (reserved)
May 12 19:52:33 rousalka kernel: BIOS-e820: 0000000000100000 - 000000007fff0000 (usable)
May 12 19:52:33 rousalka kernel: BIOS-e820: 000000007fff0000 - 000000007fff3000 (ACPI NVS)
May 12 19:52:33 rousalka kernel: BIOS-e820: 000000007fff3000 - 0000000080000000 (ACPI data)
May 12 19:52:33 rousalka kernel: BIOS-e820: 00000000c0000000 - 00000000d0000000 (reserved)
May 12 19:52:33 rousalka kernel: BIOS-e820: 00000000fec00000 - 0000000100000000 (reserved)
May 12 19:52:33 rousalka kernel: Entering add_active_range(0, 0, 158) 0 entries of 256 used
May 12 19:52:33 rousalka kernel: Entering add_active_range(0, 256, 524272) 1 entries of 256 used
May 12 19:52:33 rousalka kernel: end_pfn_map = 1048576
May 12 19:52:33 rousalka kernel: DMI 2.3 present.
May 12 19:52:33 rousalka kernel: ACPI: RSDP 000F6E80, 0014 (r0 Nvidia)
May 12 19:52:33 rousalka kernel: ACPI: RSDT 7FFF3000, 0030 (r1 Nvidia AWRDACPI 42302E31 AWRD  1010101)
May 12 19:52:33 rousalka kernel: ACPI: FACP 7FFF3040, 0074 (r1 Nvidia AWRDACPI 42302E31 AWRD  1010101)
May 12 19:52:33 rousalka kernel: ACPI: DSDT 7FFF30C0, 4C3F (r1 NVIDIA AWRDACPI     1000 MSFT  100000C)
May 12 19:52:33 rousalka kernel: ACPI: FACS 7FFF0000, 0040
May 12 19:52:33 rousalka kernel: ACPI: MCFG 7FFF7D80, 003C (r1 Nvidia AWRDACPI 42302E31 AWRD  1010101)
May 12 19:52:33 rousalka kernel: ACPI: APIC 7FFF7D00, 007C (r1 Nvidia AWRDACPI 42302E31 AWRD  1010101)
May 12 19:52:33 rousalka kernel: Entering add_active_range(0, 0, 158) 0 entries of 256 used
May 12 19:52:33 rousalka kernel: Entering add_active_range(0, 256, 524272) 1 entries of 256 used
May 12 19:52:33 rousalka kernel: sizeof(struct page) = 88
May 12 19:52:33 rousalka kernel: Zone PFN ranges:
May 12 19:52:33 rousalka kernel: DMA             0 ->     4096
May 12 19:52:33 rousalka kernel: DMA32        4096 ->  1048576
May 12 19:52:33 rousalka kernel: Normal    1048576 ->  1048576
May 12 19:52:33 rousalka kernel: Movable zone start PFN for each node
May 12 19:52:33 rousalka kernel: early_node_map[2] active PFN ranges
May 12 19:52:33 rousalka kernel: 0:        0 ->      158
May 12 19:52:33 rousalka kernel: 0:      256 ->   524272
May 12 19:52:33 rousalka kernel: On node 0 totalpages: 524174
May 12 19:52:33 rousalka kernel: DMA zone: 88 pages used for memmap
May 12 19:52:33 rousalka kernel: DMA zone: 1998 pages reserved
May 12 19:52:33 rousalka kernel: DMA zone: 1912 pages, LIFO batch:0
May 12 19:52:33 rousalka kernel: DMA32 zone: 11175 pages used for memmap
May 12 19:52:33 rousalka kernel: DMA32 zone: 509001 pages, LIFO batch:31
May 12 19:52:33 rousalka kernel: Normal zone: 0 pages used for memmap
May 12 19:52:33 rousalka kernel: Movable zone: 0 pages used for memmap
May 12 19:52:33 rousalka kernel: Nvidia board detected. Ignoring ACPI timer override.
May 12 19:52:33 rousalka kernel: If you got timer trouble try acpi_use_timer_override
May 12 19:52:33 rousalka kernel: ACPI: PM-Timer IO Port: 0x1008
May 12 19:52:33 rousalka kernel: ACPI: Local APIC address 0xfee00000
May 12 19:52:33 rousalka kernel: ACPI: LAPIC (acpi_id[0x00] lapic_id[0x00] enabled)
May 12 19:52:33 rousalka kernel: Processor #0 (Bootup-CPU)
May 12 19:52:33 rousalka kernel: ACPI: LAPIC (acpi_id[0x01] lapic_id[0x01] enabled)
May 12 19:52:33 rousalka kernel: Processor #1
May 12 19:52:33 rousalka kernel: ACPI: LAPIC_NMI (acpi_id[0x00] dfl dfl lint[0x1])
May 12 19:52:33 rousalka kernel: ACPI: LAPIC_NMI (acpi_id[0x01] dfl dfl lint[0x1])
May 12 19:52:33 rousalka kernel: ACPI: IOAPIC (id[0x02] address[0xfec00000] gsi_base[0])
May 12 19:52:33 rousalka kernel: IOAPIC[0]: apic_id 2, address 0xfec00000, GSI 0-23
May 12 19:52:33 rousalka kernel: ACPI: INT_SRC_OVR (bus 0 bus_irq 0 global_irq 2 dfl dfl)
May 12 19:52:33 rousalka kernel: ACPI: BIOS IRQ0 pin2 override ignored.
May 12 19:52:33 rousalka kernel: ACPI: INT_SRC_OVR (bus 0 bus_irq 9 global_irq 9 high level)
May 12 19:52:33 rousalka kernel: ACPI: INT_SRC_OVR (bus 0 bus_irq 14 global_irq 14 high edge)
May 12 19:52:33 rousalka kernel: ACPI: INT_SRC_OVR (bus 0 bus_irq 15 global_irq 15 high edge)
May 12 19:52:33 rousalka kernel: ACPI: IRQ9 used by override.
May 12 19:52:33 rousalka kernel: ACPI: IRQ14 used by override.
May 12 19:52:33 rousalka kernel: ACPI: IRQ15 used by override.
May 12 19:52:33 rousalka kernel: Setting APIC routing to flat
May 12 19:52:33 rousalka kernel: Using ACPI (MADT) for SMP configuration information
May 12 19:52:33 rousalka kernel: Allocating PCI resources starting at 84000000 (gap: 80000000:40000000)
May 12 19:52:33 rousalka kernel: PERCPU: Allocating 34952 bytes of per cpu data
May 12 19:52:33 rousalka kernel: Built 1 zonelists, mobility grouping on.  Total pages: 510913
May 12 19:52:33 rousalka kernel: Kernel command line: ro root=/dev/VolGroup00/system vga=795 selinux=false
May 12 19:52:33 rousalka kernel: Initializing CPU#0
May 12 19:52:33 rousalka kernel: PID hash table entries: 4096 (order: 12, 32768 bytes)
May 12 19:52:33 rousalka kernel: Marking TSC unstable due to TSCs unsynchronized
May 12 19:52:33 rousalka kernel: time.c: Detected 2211.350 MHz processor.
May 12 19:52:33 rousalka kernel: Console: colour dummy device 80x25
May 12 19:52:33 rousalka kernel: Lock dependency validator: Copyright (c) 2006 Red Hat, Inc., Ingo Molnar
May 12 19:52:33 rousalka kernel: ... MAX_LOCKDEP_SUBCLASSES:    8
May 12 19:52:33 rousalka kernel: ... MAX_LOCK_DEPTH:          30
May 12 19:52:33 rousalka kernel: ... MAX_LOCKDEP_KEYS:        2048
May 12 19:52:33 rousalka kernel: ... CLASSHASH_SIZE:           1024
May 12 19:52:33 rousalka kernel: ... MAX_LOCKDEP_ENTRIES:     8192
May 12 19:52:33 rousalka kernel: ... MAX_LOCKDEP_CHAINS:      16384
May 12 19:52:33 rousalka kernel: ... CHAINHASH_SIZE:          8192
May 12 19:52:33 rousalka kernel: memory used by lock dependency info: 1648 kB
May 12 19:52:33 rousalka kernel: per task-struct memory footprint: 1680 bytes
May 12 19:52:33 rousalka kernel: Dentry cache hash table entries: 262144 (order: 9, 2097152 bytes)
May 12 19:52:33 rousalka kernel: Inode-cache hash table entries: 131072 (order: 8, 1048576 bytes)
May 12 19:52:33 rousalka kernel: Checking aperture...
May 12 19:52:33 rousalka kernel: CPU 0: aperture @ 2828000000 size 32 MB
May 12 19:52:33 rousalka kernel: Aperture too small (32 MB)
May 12 19:52:33 rousalka kernel: No AGP bridge found
May 12 19:52:33 rousalka kernel: Memory: 2036040k/2097088k available (2166k kernel code, 60020k reserved, 1331k data, 248k init)
May 12 19:52:33 rousalka kernel: SLUB: Genslabs=18, HWalign=64, Order=0-3, MinObjects=16, Processors=2, Nodes=1
May 12 19:52:33 rousalka kernel: Calibrating delay using timer specific routine.. 4424.12 BogoMIPS (lpj=2212061)
May 12 19:52:33 rousalka kernel: Security Framework v1.0.0 initialized
May 12 19:52:33 rousalka kernel: SELinux:  Disabled at boot.
May 12 19:52:33 rousalka kernel: Capability LSM initialized
May 12 19:52:33 rousalka kernel: Mount-cache hash table entries: 256
May 12 19:52:33 rousalka kernel: CPU: L1 I Cache: 64K (64 bytes/line), D cache 64K (64 bytes/line)
May 12 19:52:33 rousalka kernel: CPU: L2 Cache: 1024K (64 bytes/line)
May 12 19:52:33 rousalka kernel: CPU: Physical Processor ID: 0
May 12 19:52:33 rousalka kernel: CPU: Processor Core ID: 0
May 12 19:52:33 rousalka kernel: Freeing SMP alternatives: 22k freed
May 12 19:52:33 rousalka kernel: ACPI: Core revision 20070126
May 12 19:52:33 rousalka kernel: Using local APIC timer interrupts.
May 12 19:52:33 rousalka kernel: result 12564510
May 12 19:52:33 rousalka kernel: Detected 12.564 MHz APIC timer.
May 12 19:52:33 rousalka kernel: lockdep: not fixing up alternatives.
May 12 19:52:33 rousalka kernel: Booting processor 1/2 APIC 0x1
May 12 19:52:33 rousalka kernel: Initializing CPU#1
May 12 19:52:33 rousalka kernel: Calibrating delay using timer specific routine.. 4422.15 BogoMIPS (lpj=2211079)
May 12 19:52:33 rousalka kernel: CPU: L1 I Cache: 64K (64 bytes/line), D cache 64K (64 bytes/line)
May 12 19:52:33 rousalka kernel: CPU: L2 Cache: 1024K (64 bytes/line)
May 12 19:52:33 rousalka kernel: CPU: Physical Processor ID: 0
May 12 19:52:33 rousalka kernel: CPU: Processor Core ID: 1
May 12 19:52:33 rousalka kernel: AMD Athlon(tm) 64 X2 Dual Core Processor 4400+ stepping 02
May 12 19:52:33 rousalka kernel: Brought up 2 CPUs
May 12 19:52:33 rousalka kernel: migration_cost=463
May 12 19:52:33 rousalka kernel: NET: Registered protocol family 16
May 12 19:52:33 rousalka kernel: ACPI: bus type pci registered
May 12 19:52:33 rousalka kernel: PCI: Using MMCONFIG at c0000000 - cfffffff
May 12 19:52:33 rousalka kernel: PCI: No mmconfig possible on device 00:18
May 12 19:52:33 rousalka kernel: ACPI: Interpreter enabled
May 12 19:52:33 rousalka kernel: ACPI: Using IOAPIC for interrupt routing
May 12 19:52:33 rousalka kernel: ACPI: PCI Root Bridge [PCI0] (0000:00)
May 12 19:52:33 rousalka kernel: PCI: Transparent bridge - 0000:00:09.0
May 12 19:52:33 rousalka kernel: ACPI: PCI Interrupt Routing Table [\_SB_.PCI0._PRT]
May 12 19:52:33 rousalka kernel: ACPI: PCI Interrupt Routing Table [\_SB_.PCI0.HUB0._PRT]
May 12 19:52:33 rousalka kernel: ACPI: PCI Interrupt Link [LNK1] (IRQs 3 *4 5 7 9 10 11 12 14 15)
May 12 19:52:33 rousalka kernel: ACPI: PCI Interrupt Link [LNK2] (IRQs 3 4 5 7 9 10 11 *12 14 15)
May 12 19:52:33 rousalka kernel: ACPI: PCI Interrupt Link [LNK3] (IRQs 3 4 5 *7 9 10 11 12 14 15)
May 12 19:52:33 rousalka kernel: ACPI: PCI Interrupt Link [LNK4] (IRQs *3 4 5 7 9 10 11 12 14 15)
May 12 19:52:33 rousalka kernel: ACPI: PCI Interrupt Link [LNK5] (IRQs 3 4 5 7 9 10 11 12 14 15) *0, disabled.
May 12 19:52:33 rousalka kernel: ACPI: PCI Interrupt Link [LUBA] (IRQs 3 4 5 7 9 *10 11 12 14 15)
May 12 19:52:33 rousalka kernel: ACPI: PCI Interrupt Link [LUBB] (IRQs 3 4 5 7 9 10 11 12 14 15) *0, disabled.
May 12 19:52:33 rousalka kernel: ACPI: PCI Interrupt Link [LMAC] (IRQs 3 4 *5 7 9 10 11 12 14 15)
May 12 19:52:33 rousalka kernel: ACPI: PCI Interrupt Link [LACI] (IRQs 3 4 5 7 9 10 11 12 14 15) *0, disabled.
May 12 19:52:33 rousalka kernel: ACPI: PCI Interrupt Link [LMCI] (IRQs 3 4 5 7 9 10 11 12 14 15) *0, disabled.
May 12 19:52:33 rousalka kernel: ACPI: PCI Interrupt Link [LSMB] (IRQs 3 4 5 7 9 10 11 *12 14 15)
May 12 19:52:33 rousalka kernel: ACPI: PCI Interrupt Link [LUB2] (IRQs 3 4 5 7 9 10 *11 12 14 15)
May 12 19:52:33 rousalka kernel: ACPI: PCI Interrupt Link [LIDE] (IRQs 3 4 5 7 9 10 11 12 14 15) *0, disabled.
May 12 19:52:33 rousalka kernel: ACPI: PCI Interrupt Link [LSID] (IRQs 3 4 5 7 9 *10 11 12 14 15)
May 12 19:52:33 rousalka kernel: ACPI: PCI Interrupt Link [LFID] (IRQs 3 4 5 7 9 10 *11 12 14 15)
May 12 19:52:33 rousalka kernel: ACPI: PCI Interrupt Link [LPCA] (IRQs 3 4 5 7 9 10 11 12 14 15) *0, disabled.
May 12 19:52:33 rousalka kernel: ACPI: PCI Interrupt Link [APC1] (IRQs 16) *0
May 12 19:52:33 rousalka kernel: ACPI: PCI Interrupt Link [APC2] (IRQs 17) *0
May 12 19:52:33 rousalka kernel: ACPI: PCI Interrupt Link [APC3] (IRQs 18) *0
May 12 19:52:33 rousalka kernel: ACPI: PCI Interrupt Link [APC4] (IRQs 19) *0
May 12 19:52:33 rousalka kernel: ACPI: PCI Interrupt Link [APC5] (IRQs *16), disabled.
May 12 19:52:33 rousalka kernel: ACPI: PCI Interrupt Link [APCF] (IRQs 20 21 22 23) *0
May 12 19:52:33 rousalka kernel: ACPI: PCI Interrupt Link [APCG] (IRQs 20 21 22 23) *0, disabled.
May 12 19:52:33 rousalka kernel: ACPI: PCI Interrupt Link [APCH] (IRQs 20 21 22 23) *0
May 12 19:52:33 rousalka kernel: ACPI: PCI Interrupt Link [APCJ] (IRQs 20 21 22 23) *0, disabled.
May 12 19:52:33 rousalka kernel: ACPI: PCI Interrupt Link [APCK] (IRQs 20 21 22 23) *0, disabled.
May 12 19:52:33 rousalka kernel: ACPI: PCI Interrupt Link [APCS] (IRQs 20 21 22 23) *0
May 12 19:52:33 rousalka kernel: ACPI: PCI Interrupt Link [APCL] (IRQs 20 21 22 23) *0
May 12 19:52:33 rousalka kernel: ACPI: PCI Interrupt Link [APCZ] (IRQs 20 21 22 23) *0, disabled.
May 12 19:52:33 rousalka kernel: ACPI: PCI Interrupt Link [APSI] (IRQs 20 21 22 23) *0
May 12 19:52:33 rousalka kernel: ACPI: PCI Interrupt Link [APSJ] (IRQs 20 21 22 23) *0
May 12 19:52:33 rousalka kernel: ACPI: PCI Interrupt Link [APCP] (IRQs 20 21 22 23) *0, disabled.
May 12 19:52:33 rousalka kernel: Linux Plug and Play Support v0.97 (c) Adam Belay
May 12 19:52:33 rousalka kernel: pnp: PnP ACPI init
May 12 19:52:33 rousalka kernel: ACPI: bus type pnp registered
May 12 19:52:33 rousalka kernel: pnp: PnP ACPI: found 9 devices
May 12 19:52:33 rousalka kernel: ACPI: ACPI bus type pnp unregistered
May 12 19:52:33 rousalka kernel: SCSI subsystem initialized
May 12 19:52:33 rousalka kernel: usbcore: registered new interface driver usbfs
May 12 19:52:33 rousalka kernel: usbcore: registered new interface driver hub
May 12 19:52:33 rousalka kernel: usbcore: registered new device driver usb
May 12 19:52:33 rousalka kernel: PCI: Using ACPI for IRQ routing
May 12 19:52:33 rousalka kernel: PCI: If a device doesn't work, try "pci=routeirq".  If it helps, post a report
May 12 19:52:33 rousalka kernel: NetLabel: Initializing
May 12 19:52:33 rousalka kernel: NetLabel:  domain hash size = 128
May 12 19:52:33 rousalka kernel: NetLabel:  protocols = UNLABELED CIPSOv4
May 12 19:52:33 rousalka kernel: NetLabel:  unlabeled traffic allowed by default
May 12 19:52:33 rousalka kernel: pnp: 00:01: ioport range 0x1000-0x107f has been reserved
May 12 19:52:33 rousalka kernel: pnp: 00:01: ioport range 0x1080-0x10ff has been reserved
May 12 19:52:33 rousalka kernel: pnp: 00:01: ioport range 0x1400-0x147f has been reserved
May 12 19:52:33 rousalka kernel: pnp: 00:01: ioport range 0x1480-0x14ff has been reserved
May 12 19:52:33 rousalka kernel: pnp: 00:01: ioport range 0x1800-0x187f has been reserved
May 12 19:52:33 rousalka kernel: pnp: 00:01: ioport range 0x1880-0x18ff has been reserved
May 12 19:52:33 rousalka kernel: pnp: 00:07: iomem range 0xc0000000-0xcfffffff could not be reserved
May 12 19:52:33 rousalka kernel: pnp: 00:08: iomem range 0xd0000-0xd3fff has been reserved
May 12 19:52:33 rousalka kernel: pnp: 00:08: iomem range 0xd9000-0xdbfff has been reserved
May 12 19:52:33 rousalka kernel: pnp: 00:08: iomem range 0xf0000-0xfbfff could not be reserved
May 12 19:52:33 rousalka kernel: pnp: 00:08: iomem range 0xfc000-0xfffff could not be reserved
May 12 19:52:33 rousalka kernel: PCI: Bridge: 0000:00:09.0
May 12 19:52:33 rousalka kernel: IO window: 7000-8fff
May 12 19:52:33 rousalka kernel: MEM window: e9000000-eaffffff
May 12 19:52:33 rousalka kernel: PREFETCH window: e0000000-e3ffffff
May 12 19:52:33 rousalka kernel: PCI: Bridge: 0000:00:0b.0
May 12 19:52:33 rousalka kernel: IO window: 9000-9fff
May 12 19:52:33 rousalka kernel: MEM window: e4000000-e5ffffff
May 12 19:52:33 rousalka kernel: PREFETCH window: 84000000-840fffff
May 12 19:52:33 rousalka kernel: PCI: Bridge: 0000:00:0c.0
May 12 19:52:33 rousalka kernel: IO window: 5000-5fff
May 12 19:52:33 rousalka kernel: MEM window: disabled.
May 12 19:52:33 rousalka kernel: PREFETCH window: disabled.
May 12 19:52:33 rousalka kernel: PCI: Bridge: 0000:00:0d.0
May 12 19:52:33 rousalka kernel: IO window: 6000-6fff
May 12 19:52:33 rousalka kernel: MEM window: disabled.
May 12 19:52:33 rousalka kernel: PREFETCH window: disabled.
May 12 19:52:33 rousalka kernel: PCI: Bridge: 0000:00:0e.0
May 12 19:52:33 rousalka kernel: IO window: a000-afff
May 12 19:52:33 rousalka kernel: MEM window: e6000000-e8ffffff
May 12 19:52:33 rousalka kernel: PREFETCH window: d0000000-dfffffff
May 12 19:52:33 rousalka kernel: PCI: Setting latency timer of device 0000:00:09.0 to 64
May 12 19:52:33 rousalka kernel: PCI: Setting latency timer of device 0000:00:0b.0 to 64
May 12 19:52:33 rousalka kernel: PCI: Setting latency timer of device 0000:00:0c.0 to 64
May 12 19:52:33 rousalka kernel: PCI: Setting latency timer of device 0000:00:0d.0 to 64
May 12 19:52:33 rousalka kernel: PCI: Setting latency timer of device 0000:00:0e.0 to 64
May 12 19:52:33 rousalka kernel: NET: Registered protocol family 2
May 12 19:52:33 rousalka kernel: Time: acpi_pm clocksource has been installed.
May 12 19:52:33 rousalka kernel: IP route cache hash table entries: 65536 (order: 7, 524288 bytes)
May 12 19:52:33 rousalka kernel: TCP established hash table entries: 65536 (order: 10, 4194304 bytes)
May 12 19:52:33 rousalka kernel: TCP bind hash table entries: 65536 (order: 9, 3670016 bytes)
May 12 19:52:33 rousalka kernel: TCP: Hash tables configured (established 65536 bind 65536)
May 12 19:52:33 rousalka kernel: TCP reno registered
May 12 19:52:33 rousalka kernel: checking if image is initramfs... it is
May 12 19:52:33 rousalka kernel: Freeing initrd memory: 3647k freed
May 12 19:52:33 rousalka kernel: audit: initializing netlink socket (disabled)
May 12 19:52:33 rousalka kernel: audit(1178999514.786:1): initialized
May 12 19:52:33 rousalka kernel: VFS: Disk quotas dquot_6.5.1
May 12 19:52:33 rousalka kernel: Dquot-cache hash table entries: 512 (order 0, 4096 bytes)
May 12 19:52:33 rousalka kernel: io scheduler noop registered
May 12 19:52:33 rousalka kernel: io scheduler anticipatory registered
May 12 19:52:33 rousalka kernel: io scheduler deadline registered
May 12 19:52:33 rousalka kernel: io scheduler cfq registered (default)
May 12 19:52:33 rousalka kernel: PCI: Found disabled HT MSI Mapping on 0000:00:0b.0
May 12 19:52:33 rousalka kernel: PCI: Found enabled HT MSI Mapping on 0000:00:00.0
May 12 19:52:33 rousalka kernel: PCI: Linking AER extended capability on 0000:00:0b.0
May 12 19:52:33 rousalka kernel: PCI: Found disabled HT MSI Mapping on 0000:00:0c.0
May 12 19:52:33 rousalka kernel: PCI: Found enabled HT MSI Mapping on 0000:00:00.0
May 12 19:52:33 rousalka kernel: PCI: Linking AER extended capability on 0000:00:0c.0
May 12 19:52:33 rousalka kernel: PCI: Found disabled HT MSI Mapping on 0000:00:0d.0
May 12 19:52:33 rousalka kernel: PCI: Found enabled HT MSI Mapping on 0000:00:00.0
May 12 19:52:33 rousalka kernel: PCI: Linking AER extended capability on 0000:00:0d.0
May 12 19:52:33 rousalka kernel: PCI: Found disabled HT MSI Mapping on 0000:00:0e.0
May 12 19:52:33 rousalka kernel: PCI: Found enabled HT MSI Mapping on 0000:00:00.0
May 12 19:52:33 rousalka kernel: PCI: Linking AER extended capability on 0000:00:0e.0
May 12 19:52:33 rousalka kernel: Boot video device is 0000:05:00.0
May 12 19:52:33 rousalka kernel: PCI: Setting latency timer of device 0000:00:0b.0 to 64
May 12 19:52:33 rousalka kernel: assign_interrupt_mode Found MSI capability
May 12 19:52:33 rousalka kernel: Allocate Port Service[0000:00:0b.0:pcie00]
May 12 19:52:33 rousalka kernel: Allocate Port Service[0000:00:0b.0:pcie03]
May 12 19:52:33 rousalka kernel: PCI: Setting latency timer of device 0000:00:0c.0 to 64
May 12 19:52:33 rousalka kernel: assign_interrupt_mode Found MSI capability
May 12 19:52:33 rousalka kernel: Allocate Port Service[0000:00:0c.0:pcie00]
May 12 19:52:33 rousalka kernel: Allocate Port Service[0000:00:0c.0:pcie03]
May 12 19:52:33 rousalka kernel: PCI: Setting latency timer of device 0000:00:0d.0 to 64
May 12 19:52:33 rousalka kernel: assign_interrupt_mode Found MSI capability
May 12 19:52:33 rousalka kernel: Allocate Port Service[0000:00:0d.0:pcie00]
May 12 19:52:33 rousalka kernel: Allocate Port Service[0000:00:0d.0:pcie03]
May 12 19:52:33 rousalka kernel: PCI: Setting latency timer of device 0000:00:0e.0 to 64
May 12 19:52:33 rousalka kernel: assign_interrupt_mode Found MSI capability
May 12 19:52:33 rousalka kernel: Allocate Port Service[0000:00:0e.0:pcie00]
May 12 19:52:33 rousalka kernel: Allocate Port Service[0000:00:0e.0:pcie03]
May 12 19:52:33 rousalka kernel: vesafb: framebuffer at 0xd0000000, mapped to 0xffffc20010100000, using 10240k, total 262144k
May 12 19:52:33 rousalka kernel: vesafb: mode is 1280x1024x32, linelength=5120, pages=0
May 12 19:52:33 rousalka kernel: vesafb: scrolling: redraw
May 12 19:52:33 rousalka kernel: vesafb: Truecolor: size=8:8:8:8, shift=24:16:8:0
May 12 19:52:33 rousalka kernel: Console: switching to colour frame buffer device 160x64
May 12 19:52:33 rousalka kernel: fb0: VESA VGA frame buffer device
May 12 19:52:33 rousalka kernel: Real Time Clock Driver v1.12ac
May 12 19:52:33 rousalka kernel: Non-volatile memory driver v1.2
May 12 19:52:33 rousalka kernel: Linux agpgart interface v0.102 (c) Dave Jones
May 12 19:52:33 rousalka kernel: RAMDISK driver initialized: 16 RAM disks of 16384K size 4096 blocksize
May 12 19:52:33 rousalka kernel: PNP: No PS/2 controller found. Probing ports directly.
May 12 19:52:33 rousalka kernel: serio: i8042 KBD port at 0x60,0x64 irq 1
May 12 19:52:33 rousalka kernel: mice: PS/2 mouse device common for all mice
May 12 19:52:33 rousalka kernel: async_tx: api initialized (sync-only)
May 12 19:52:33 rousalka kernel: xor: automatically using best checksumming function: generic_sse
May 12 19:52:33 rousalka kernel: generic_sse:  7072.000 MB/sec
May 12 19:52:33 rousalka kernel: xor: using function: generic_sse (7072.000 MB/sec)
May 12 19:52:33 rousalka kernel: usbcore: registered new interface driver hiddev
May 12 19:52:33 rousalka kernel: usbcore: registered new interface driver usbhid
May 12 19:52:33 rousalka kernel: drivers/hid/usbhid/hid-core.c: v2.6:USB HID core driver
May 12 19:52:33 rousalka kernel: Initializing XFRM netlink socket
May 12 19:52:33 rousalka kernel: NET: Registered protocol family 1
May 12 19:52:33 rousalka kernel: NET: Registered protocol family 17
May 12 19:52:33 rousalka kernel: powernow-k8: Found 2 AMD Athlon(tm) 64 X2 Dual Core Processor 4400+ processors (version 2.00.00)
May 12 19:52:33 rousalka kernel: powernow-k8:    0 : fid 0xe (2200 MHz), vid 0x8
May 12 19:52:33 rousalka kernel: powernow-k8:    1 : fid 0x2 (1000 MHz), vid 0x12
May 12 19:52:33 rousalka kernel: Freeing unused kernel memory: 248k freed
May 12 19:52:33 rousalka kernel: Write protecting the kernel read-only data: 3224k
May 12 19:52:33 rousalka kernel: ohci_hcd: 2006 August 04 USB 1.1 'Open' Host Controller (OHCI) Driver
May 12 19:52:33 rousalka kernel: ACPI: PCI Interrupt Link [APCF] enabled at IRQ 23
May 12 19:52:33 rousalka kernel: ACPI: PCI Interrupt 0000:00:02.0[A] -> Link [APCF] -> GSI 23 (level, low) -> IRQ 23
May 12 19:52:33 rousalka kernel: PCI: Setting latency timer of device 0000:00:02.0 to 64
May 12 19:52:33 rousalka kernel: ohci_hcd 0000:00:02.0: OHCI Host Controller
May 12 19:52:33 rousalka kernel: ohci_hcd 0000:00:02.0: new USB bus registered, assigned bus number 1
May 12 19:52:33 rousalka kernel: ohci_hcd 0000:00:02.0: irq 23, io mem 0xeb004000
May 12 19:52:33 rousalka kernel: usb usb1: new device found, idVendor=0000, idProduct=0000
May 12 19:52:33 rousalka kernel: usb usb1: new device strings: Mfr=3, Product=2, SerialNumber=1
May 12 19:52:33 rousalka kernel: usb usb1: Product: OHCI Host Controller
May 12 19:52:33 rousalka kernel: usb usb1: Manufacturer: Linux 2.6.21-6.mm2.fc7.nim ohci_hcd
May 12 19:52:33 rousalka kernel: usb usb1: SerialNumber: 0000:00:02.0
May 12 19:52:33 rousalka kernel: usb usb1: configuration #1 chosen from 1 choice
May 12 19:52:33 rousalka kernel: hub 1-0:1.0: USB hub found
May 12 19:52:33 rousalka kernel: hub 1-0:1.0: 10 ports detected
May 12 19:52:33 rousalka kernel: ACPI: PCI Interrupt Link [APCL] enabled at IRQ 22
May 12 19:52:33 rousalka kernel: ACPI: PCI Interrupt 0000:00:02.1[B] -> Link [APCL] -> GSI 22 (level, low) -> IRQ 22
May 12 19:52:33 rousalka kernel: PCI: Setting latency timer of device 0000:00:02.1 to 64
May 12 19:52:33 rousalka kernel: ehci_hcd 0000:00:02.1: EHCI Host Controller
May 12 19:52:33 rousalka kernel: ehci_hcd 0000:00:02.1: new USB bus registered, assigned bus number 2
May 12 19:52:33 rousalka kernel: ehci_hcd 0000:00:02.1: debug port 1
May 12 19:52:33 rousalka kernel: PCI: cache line size of 64 is not supported by device 0000:00:02.1
May 12 19:52:33 rousalka kernel: ehci_hcd 0000:00:02.1: irq 22, io mem 0xfeb00000
May 12 19:52:33 rousalka kernel: ehci_hcd 0000:00:02.1: USB 2.0 started, EHCI 1.00, driver 10 Dec 2004
May 12 19:52:33 rousalka kernel: usb usb2: new device found, idVendor=0000, idProduct=0000
May 12 19:52:33 rousalka kernel: usb usb2: new device strings: Mfr=3, Product=2, SerialNumber=1
May 12 19:52:33 rousalka kernel: usb usb2: Product: EHCI Host Controller
May 12 19:52:33 rousalka kernel: usb usb2: Manufacturer: Linux 2.6.21-6.mm2.fc7.nim ehci_hcd
May 12 19:52:33 rousalka kernel: usb usb2: SerialNumber: 0000:00:02.1
May 12 19:52:33 rousalka kernel: usb usb2: configuration #1 chosen from 1 choice
May 12 19:52:33 rousalka kernel: hub 2-0:1.0: USB hub found
May 12 19:52:33 rousalka kernel: hub 2-0:1.0: 10 ports detected
May 12 19:52:33 rousalka kernel: md: raid1 personality registered for level 1
May 12 19:52:33 rousalka kernel: libata version 2.20 loaded.
May 12 19:52:33 rousalka kernel: sata_sil 0000:01:09.0: version 2.2
May 12 19:52:33 rousalka kernel: ACPI: PCI Interrupt Link [APC2] enabled at IRQ 17
May 12 19:52:33 rousalka kernel: ACPI: PCI Interrupt 0000:01:09.0[A] -> Link [APC2] -> GSI 17 (level, low) -> IRQ 17
May 12 19:52:33 rousalka kernel: sata_sil 0000:01:09.0: Applying R_ERR on DMA activate FIS errata fix
May 12 19:52:33 rousalka kernel: scsi0 : sata_sil
May 12 19:52:33 rousalka kernel: scsi1 : sata_sil
May 12 19:52:33 rousalka kernel: scsi2 : sata_sil
May 12 19:52:33 rousalka kernel: scsi3 : sata_sil
May 12 19:52:33 rousalka kernel: ata1: SATA max UDMA/100 cmd 0xffffc20000022080 ctl 0xffffc2000002208a bmdma 0xffffc20000022000 irq 0
May 12 19:52:33 rousalka kernel: ata2: SATA max UDMA/100 cmd 0xffffc200000220c0 ctl 0xffffc200000220ca bmdma 0xffffc20000022008 irq 0
May 12 19:52:33 rousalka kernel: ata3: SATA max UDMA/100 cmd 0xffffc20000022280 ctl 0xffffc2000002228a bmdma 0xffffc20000022200 irq 0
May 12 19:52:33 rousalka kernel: ata4: SATA max UDMA/100 cmd 0xffffc200000222c0 ctl 0xffffc200000222ca bmdma 0xffffc20000022208 irq 0
May 12 19:52:33 rousalka kernel: usb 2-8: new high speed USB device using ehci_hcd and address 2
May 12 19:52:33 rousalka kernel: usb 2-8: new device found, idVendor=04cc, idProduct=1520
May 12 19:52:33 rousalka kernel: usb 2-8: new device strings: Mfr=0, Product=0, SerialNumber=0
May 12 19:52:33 rousalka kernel: usb 2-8: configuration #1 chosen from 1 choice
May 12 19:52:33 rousalka kernel: hub 2-8:1.0: USB hub found
May 12 19:52:33 rousalka kernel: hub 2-8:1.0: 4 ports detected
May 12 19:52:33 rousalka kernel: ata1: SATA link up 1.5 Gbps (SStatus 113 SControl 310)
May 12 19:52:33 rousalka kernel: ata1.00: ata_hpa_resize 1: sectors = 586114704, hpa_sectors = 586114704
May 12 19:52:33 rousalka kernel: ata1.00: ATA-7: Maxtor 6L300S0, BANC1G10, max UDMA/133
May 12 19:52:33 rousalka kernel: ata1.00: 586114704 sectors, multi 16: LBA48 NCQ (depth 0/32)
May 12 19:52:33 rousalka kernel: ata1.00: ata_hpa_resize 1: sectors = 586114704, hpa_sectors = 586114704
May 12 19:52:33 rousalka kernel: ata1.00: configured for UDMA/100
May 12 19:52:33 rousalka kernel: usb 2-8.1: new low speed USB device using ehci_hcd and address 3
May 12 19:52:33 rousalka kernel: usb 2-8.1: new device found, idVendor=045e, idProduct=00db
May 12 19:52:33 rousalka kernel: usb 2-8.1: new device strings: Mfr=1, Product=2, SerialNumber=0
May 12 19:52:33 rousalka kernel: usb 2-8.1: Product: Natural® Ergonomic Keyboard 4000
May 12 19:52:33 rousalka kernel: usb 2-8.1: Manufacturer: Microsoft
May 12 19:52:33 rousalka kernel: usb 2-8.1: configuration #1 chosen from 1 choice
May 12 19:52:33 rousalka kernel: input: Microsoft Natural® Ergonomic Keyboard 4000 as /class/input/input0
May 12 19:52:33 rousalka kernel: input: USB HID v1.11 Keyboard [Microsoft Natural® Ergonomic Keyboard 4000] on usb-0000:00:02.1-8.1
May 12 19:52:33 rousalka kernel: input: Microsoft Natural® Ergonomic Keyboard 4000 as /class/input/input1
May 12 19:52:33 rousalka kernel: input: USB HID v1.11 Device [Microsoft Natural® Ergonomic Keyboard 4000] on usb-0000:00:02.1-8.1
May 12 19:52:33 rousalka kernel: ata2: SATA link down (SStatus 0 SControl 310)
May 12 19:52:33 rousalka kernel: usb 2-8.3: new low speed USB device using ehci_hcd and address 4
May 12 19:52:33 rousalka kernel: usb 2-8.3: new device found, idVendor=045e, idProduct=0024
May 12 19:52:33 rousalka kernel: usb 2-8.3: new device strings: Mfr=1, Product=2, SerialNumber=0
May 12 19:52:33 rousalka kernel: usb 2-8.3: Product: Microsoft Trackball Explorer®
May 12 19:52:33 rousalka kernel: usb 2-8.3: Manufacturer: Microsoft
May 12 19:52:33 rousalka kernel: usb 2-8.3: configuration #1 chosen from 1 choice
May 12 19:52:33 rousalka kernel: input: Microsoft Microsoft Trackball Explorer® as /class/input/input2
May 12 19:52:33 rousalka kernel: input: USB HID v1.00 Mouse [Microsoft Microsoft Trackball Explorer®] on usb-0000:00:02.1-8.3
May 12 19:52:33 rousalka kernel: ata3: SATA link down (SStatus 0 SControl 310)
May 12 19:52:33 rousalka kernel: ata4: SATA link down (SStatus 0 SControl 310)
May 12 19:52:33 rousalka kernel: scsi 0:0:0:0: Direct-Access     ATA      Maxtor 6L300S0   BANC PQ: 0 ANSI: 5
May 12 19:52:33 rousalka kernel: sd 0:0:0:0: [sda] 586114704 512-byte hardware sectors (300091 MB)
May 12 19:52:33 rousalka kernel: sd 0:0:0:0: [sda] Write Protect is off
May 12 19:52:33 rousalka kernel: sd 0:0:0:0: [sda] Mode Sense: 00 3a 00 00
May 12 19:52:33 rousalka kernel: sd 0:0:0:0: [sda] Write cache: enabled, read cache: enabled, doesn't support DPO or FUA
May 12 19:52:33 rousalka kernel: sd 0:0:0:0: [sda] 586114704 512-byte hardware sectors (300091 MB)
May 12 19:52:33 rousalka kernel: sd 0:0:0:0: [sda] Write Protect is off
May 12 19:52:33 rousalka kernel: sd 0:0:0:0: [sda] Mode Sense: 00 3a 00 00
May 12 19:52:33 rousalka kernel: sd 0:0:0:0: [sda] Write cache: enabled, read cache: enabled, doesn't support DPO or FUA
May 12 19:52:33 rousalka kernel: sda: sda1 sda2 sda3
May 12 19:52:33 rousalka kernel: sd 0:0:0:0: [sda] Attached SCSI disk
May 12 19:52:33 rousalka kernel: sata_nv 0000:00:07.0: version 3.3
May 12 19:52:33 rousalka kernel: ACPI: PCI Interrupt Link [APSI] enabled at IRQ 21
May 12 19:52:33 rousalka kernel: ACPI: PCI Interrupt 0000:00:07.0[A] -> Link [APSI] -> GSI 21 (level, low) -> IRQ 21
May 12 19:52:33 rousalka kernel: sata_nv 0000:00:07.0: Using ADMA mode
May 12 19:52:33 rousalka kernel: PCI: Setting latency timer of device 0000:00:07.0 to 64
May 12 19:52:33 rousalka kernel: scsi4 : sata_nv
May 12 19:52:33 rousalka kernel: scsi5 : sata_nv
May 12 19:52:33 rousalka kernel: ata5: SATA max UDMA/133 cmd 0xffffc20000024480 ctl 0xffffc200000244a0 bmdma 0x000000000001c000 irq 0
May 12 19:52:33 rousalka kernel: ata6: SATA max UDMA/133 cmd 0xffffc20000024580 ctl 0xffffc200000245a0 bmdma 0x000000000001c008 irq 0
May 12 19:52:33 rousalka kernel: ata5: SATA link up 1.5 Gbps (SStatus 113 SControl 300)
May 12 19:52:33 rousalka kernel: ata5.00: ata_hpa_resize 1: sectors = 586114704, hpa_sectors = 586114704
May 12 19:52:33 rousalka kernel: ata5.00: ATA-7: Maxtor 6L300S0, BANC1G10, max UDMA/133
May 12 19:52:33 rousalka kernel: ata5.00: 586114704 sectors, multi 16: LBA48 NCQ (depth 31/32)
May 12 19:52:33 rousalka kernel: ata5.00: ata_hpa_resize 1: sectors = 586114704, hpa_sectors = 586114704
May 12 19:52:33 rousalka kernel: ata5.00: configured for UDMA/133
May 12 19:52:33 rousalka kernel: ata6: SATA link up 1.5 Gbps (SStatus 113 SControl 300)
May 12 19:52:33 rousalka kernel: ata6.00: ATAPI, max UDMA/66
May 12 19:52:33 rousalka kernel: ata6.00: applying bridge limits
May 12 19:52:33 rousalka kernel: ata6.00: configured for UDMA/66
May 12 19:52:33 rousalka kernel: scsi 4:0:0:0: Direct-Access     ATA      Maxtor 6L300S0   BANC PQ: 0 ANSI: 5
May 12 19:52:33 rousalka kernel: ata5: bounce limit 0xFFFFFFFFFFFFFFFF, segment boundary 0xFFFFFFFF, hw segs 61
May 12 19:52:33 rousalka kernel: sd 4:0:0:0: [sdb] 586114704 512-byte hardware sectors (300091 MB)
May 12 19:52:33 rousalka kernel: sd 4:0:0:0: [sdb] Write Protect is off
May 12 19:52:33 rousalka kernel: sd 4:0:0:0: [sdb] Mode Sense: 00 3a 00 00
May 12 19:52:33 rousalka kernel: sd 4:0:0:0: [sdb] Write cache: enabled, read cache: enabled, doesn't support DPO or FUA
May 12 19:52:33 rousalka kernel: sd 4:0:0:0: [sdb] 586114704 512-byte hardware sectors (300091 MB)
May 12 19:52:33 rousalka kernel: sd 4:0:0:0: [sdb] Write Protect is off
May 12 19:52:33 rousalka kernel: sd 4:0:0:0: [sdb] Mode Sense: 00 3a 00 00
May 12 19:52:33 rousalka kernel: sd 4:0:0:0: [sdb] Write cache: enabled, read cache: enabled, doesn't support DPO or FUA
May 12 19:52:33 rousalka kernel: sdb: sdb1 sdb2 sdb3
May 12 19:52:33 rousalka kernel: sd 4:0:0:0: [sdb] Attached SCSI disk
May 12 19:52:33 rousalka kernel: scsi 5:0:0:0: CD-ROM            PLEXTOR  DVDR   PX-716A   1.10 PQ: 0 ANSI: 5
May 12 19:52:33 rousalka kernel: ata6: bounce limit 0xFFFFFFFF, segment boundary 0xFFFF, hw segs 127
May 12 19:52:33 rousalka kernel: ACPI: PCI Interrupt Link [APSJ] enabled at IRQ 20
May 12 19:52:33 rousalka kernel: ACPI: PCI Interrupt 0000:00:08.0[A] -> Link [APSJ] -> GSI 20 (level, low) -> IRQ 20
May 12 19:52:33 rousalka kernel: sata_nv 0000:00:08.0: Using ADMA mode
May 12 19:52:33 rousalka kernel: PCI: Setting latency timer of device 0000:00:08.0 to 64
May 12 19:52:33 rousalka kernel: scsi6 : sata_nv
May 12 19:52:33 rousalka kernel: scsi7 : sata_nv
May 12 19:52:33 rousalka kernel: ata7: SATA max UDMA/133 cmd 0xffffc20000026480 ctl 0xffffc200000264a0 bmdma 0x000000000001d400 irq 0
May 12 19:52:33 rousalka kernel: ata8: SATA max UDMA/133 cmd 0xffffc20000026580 ctl 0xffffc200000265a0 bmdma 0x000000000001d408 irq 0
May 12 19:52:33 rousalka kernel: ata7: SATA link down (SStatus 0 SControl 300)
May 12 19:52:33 rousalka kernel: ata8: SATA link down (SStatus 0 SControl 300)
May 12 19:52:33 rousalka kernel: pata_amd 0000:00:06.0: version 0.3.8
May 12 19:52:33 rousalka kernel: PCI: Setting latency timer of device 0000:00:06.0 to 64
May 12 19:52:33 rousalka kernel: scsi8 : pata_amd
May 12 19:52:33 rousalka kernel: scsi9 : pata_amd
May 12 19:52:33 rousalka kernel: ata9: PATA max UDMA/133 cmd 0x00000000000101f0 ctl 0x00000000000103f6 bmdma 0x000000000001f000 irq 14
May 12 19:52:33 rousalka kernel: ata10: PATA max UDMA/133 cmd 0x0000000000010170 ctl 0x0000000000010376 bmdma 0x000000000001f008 irq 15
May 12 19:52:33 rousalka kernel: ata9.00: ata_hpa_resize 1: sectors = 160086528, hpa_sectors = 160086528
May 12 19:52:33 rousalka kernel: ata9.00: ATA-7: Maxtor 6Y080L0, YAR41BW0, max UDMA/133
May 12 19:52:33 rousalka kernel: ata9.00: 160086528 sectors, multi 16: LBA 
May 12 19:52:33 rousalka kernel: ata9.00: ata_hpa_resize 1: sectors = 160086528, hpa_sectors = 160086528
May 12 19:52:33 rousalka kernel: ata9.00: configured for UDMA/133
May 12 19:52:33 rousalka kernel: ata10.00: ata_hpa_resize 1: sectors = 160086528, hpa_sectors = 160086528
May 12 19:52:33 rousalka kernel: ata10.00: ATA-7: Maxtor 6Y080L0, YAR41BW0, max UDMA/133
May 12 19:52:33 rousalka kernel: ata10.00: 160086528 sectors, multi 16: LBA 
May 12 19:52:33 rousalka kernel: ata10.00: ata_hpa_resize 1: sectors = 160086528, hpa_sectors = 160086528
May 12 19:52:33 rousalka kernel: ata10.00: configured for UDMA/133
May 12 19:52:33 rousalka kernel: scsi 8:0:0:0: Direct-Access     ATA      Maxtor 6Y080L0   YAR4 PQ: 0 ANSI: 5
May 12 19:52:33 rousalka kernel: sd 8:0:0:0: [sdc] 160086528 512-byte hardware sectors (81964 MB)
May 12 19:52:33 rousalka kernel: sd 8:0:0:0: [sdc] Write Protect is off
May 12 19:52:33 rousalka kernel: sd 8:0:0:0: [sdc] Mode Sense: 00 3a 00 00
May 12 19:52:33 rousalka kernel: sd 8:0:0:0: [sdc] Write cache: enabled, read cache: enabled, doesn't support DPO or FUA
May 12 19:52:33 rousalka kernel: sd 8:0:0:0: [sdc] 160086528 512-byte hardware sectors (81964 MB)
May 12 19:52:33 rousalka kernel: sd 8:0:0:0: [sdc] Write Protect is off
May 12 19:52:33 rousalka kernel: sd 8:0:0:0: [sdc] Mode Sense: 00 3a 00 00
May 12 19:52:33 rousalka kernel: sd 8:0:0:0: [sdc] Write cache: enabled, read cache: enabled, doesn't support DPO or FUA
May 12 19:52:33 rousalka kernel: sdc: sdc1
May 12 19:52:33 rousalka kernel: sd 8:0:0:0: [sdc] Attached SCSI disk
May 12 19:52:33 rousalka kernel: scsi 9:0:0:0: Direct-Access     ATA      Maxtor 6Y080L0   YAR4 PQ: 0 ANSI: 5
May 12 19:52:33 rousalka kernel: sd 9:0:0:0: [sdd] 160086528 512-byte hardware sectors (81964 MB)
May 12 19:52:33 rousalka kernel: sd 9:0:0:0: [sdd] Write Protect is off
May 12 19:52:33 rousalka kernel: sd 9:0:0:0: [sdd] Mode Sense: 00 3a 00 00
May 12 19:52:33 rousalka kernel: sd 9:0:0:0: [sdd] Write cache: enabled, read cache: enabled, doesn't support DPO or FUA
May 12 19:52:33 rousalka kernel: sd 9:0:0:0: [sdd] 160086528 512-byte hardware sectors (81964 MB)
May 12 19:52:33 rousalka kernel: sd 9:0:0:0: [sdd] Write Protect is off
May 12 19:52:33 rousalka kernel: sd 9:0:0:0: [sdd] Mode Sense: 00 3a 00 00
May 12 19:52:33 rousalka kernel: sd 9:0:0:0: [sdd] Write cache: enabled, read cache: enabled, doesn't support DPO or FUA
May 12 19:52:33 rousalka kernel: sdd: sdd1
May 12 19:52:33 rousalka kernel: sd 9:0:0:0: [sdd] Attached SCSI disk
May 12 19:52:33 rousalka kernel: device-mapper: ioctl: 4.11.0-ioctl (2006-10-12) initialised: dm-devel@redhat.com
May 12 19:52:33 rousalka kernel: md: Autodetecting RAID arrays.
May 12 19:52:33 rousalka kernel: md: autorun ...
May 12 19:52:33 rousalka kernel: md: considering sdb3 ...
May 12 19:52:33 rousalka kernel: md:  adding sdb3 ...
May 12 19:52:33 rousalka kernel: md: sdb1 has different UUID to sdb3
May 12 19:52:33 rousalka kernel: md:  adding sda3 ...
May 12 19:52:33 rousalka kernel: md: sda1 has different UUID to sdb3
May 12 19:52:33 rousalka kernel: md: created md1
May 12 19:52:33 rousalka kernel: md: bind<sda3>
May 12 19:52:33 rousalka kernel: md: bind<sdb3>
May 12 19:52:33 rousalka kernel: md: running: <sdb3><sda3>
May 12 19:52:33 rousalka kernel: raid1: raid set md1 active with 2 out of 2 mirrors
May 12 19:52:33 rousalka kernel: md: considering sdb1 ...
May 12 19:52:33 rousalka kernel: md:  adding sdb1 ...
May 12 19:52:33 rousalka kernel: md:  adding sda1 ...
May 12 19:52:33 rousalka kernel: md: created md0
May 12 19:52:33 rousalka kernel: md: bind<sda1>
May 12 19:52:33 rousalka kernel: md: bind<sdb1>
May 12 19:52:33 rousalka kernel: md: running: <sdb1><sda1>
May 12 19:52:33 rousalka kernel: raid1: raid set md0 active with 2 out of 2 mirrors
May 12 19:52:33 rousalka kernel: md: ... autorun DONE.
May 12 19:52:33 rousalka kernel: kjournald starting.  Commit interval 5 seconds
May 12 19:52:33 rousalka kernel: EXT3-fs: mounted filesystem with ordered data mode.
May 12 19:52:33 rousalka kernel: sd 0:0:0:0: Attached scsi generic sg0 type 0
May 12 19:52:33 rousalka kernel: sd 4:0:0:0: Attached scsi generic sg1 type 0
May 12 19:52:33 rousalka kernel: scsi 5:0:0:0: Attached scsi generic sg2 type 5
May 12 19:52:33 rousalka kernel: sd 8:0:0:0: Attached scsi generic sg3 type 0
May 12 19:52:33 rousalka kernel: sd 9:0:0:0: Attached scsi generic sg4 type 0
May 12 19:52:33 rousalka kernel: sr0: scsi3-mmc drive: 40x/40x writer cd/rw xa/form2 cdda tray
May 12 19:52:33 rousalka kernel: Uniform CD-ROM driver Revision: 3.20
May 12 19:52:33 rousalka kernel: sr 5:0:0:0: Attached scsi CD-ROM sr0
May 12 19:52:33 rousalka kernel: i2c-adapter i2c-0: nForce2 SMBus adapter at 0x1c00
May 12 19:52:33 rousalka kernel: i2c-adapter i2c-1: nForce2 SMBus adapter at 0x1c40
May 12 19:52:33 rousalka kernel: forcedeth.c: Reverse Engineered nForce ethernet driver. Version 0.60.
May 12 19:52:33 rousalka kernel: ACPI: PCI Interrupt Link [APCH] enabled at IRQ 23
May 12 19:52:33 rousalka kernel: ACPI: PCI Interrupt 0000:00:0a.0[A] -> Link [APCH] -> GSI 23 (level, low) -> IRQ 23
May 12 19:52:33 rousalka kernel: PCI: Setting latency timer of device 0000:00:0a.0 to 64
May 12 19:52:33 rousalka kernel: forcedeth: using HIGHDMA
May 12 19:52:33 rousalka kernel: Linux video capture interface: v2.00
May 12 19:52:33 rousalka kernel: ivtv:  ==================== START INIT IVTV ====================
May 12 19:52:33 rousalka kernel: ivtv:  version 1.0.0 (2.6.21-6.mm2.fc7.nim SMP mod_unload ) loading
May 12 19:52:33 rousalka kernel: eth0: forcedeth.c: subsystem: 01458:e000 bound to 0000:00:0a.0
May 12 19:52:33 rousalka kernel: ACPI: PCI Interrupt 0000:02:00.0[A] -> Link [APC2] -> GSI 17 (level, low) -> IRQ 17
May 12 19:52:33 rousalka kernel: PCI: Setting latency timer of device 0000:02:00.0 to 64
May 12 19:52:33 rousalka kernel: sky2 0000:02:00.0: v1.14 addr 0xe5000000 irq 17 Yukon-EC (0xb6) rev 1
May 12 19:52:33 rousalka kernel: sky2 eth1: addr 00:14:85:0c:3e:a4
May 12 19:52:33 rousalka kernel: ivtv0: Autodetected Hauppauge card (cx23416 based)
May 12 19:52:33 rousalka kernel: ACPI: PCI Interrupt Link [APC4] enabled at IRQ 19
May 12 19:52:33 rousalka kernel: ACPI: PCI Interrupt 0000:01:07.0[A] -> Link [APC4] -> GSI 19 (level, low) -> IRQ 19
May 12 19:52:33 rousalka kernel: ivtv0: loaded v4l-cx2341x-enc.fw firmware (-139637882702096 bytes)
May 12 19:52:33 rousalka kernel: ivtv0: Encoder revision: 0x02060039
May 12 19:52:33 rousalka kernel: tveeprom 2-0050: The eeprom says no radio is present, but the tuner type
May 12 19:52:33 rousalka kernel: tveeprom 2-0050: indicates otherwise. I will assume that radio is present.
May 12 19:52:33 rousalka kernel: tveeprom 2-0050: Hauppauge model 26039, rev C1A5, serial# 8203263
May 12 19:52:33 rousalka kernel: tveeprom 2-0050: tuner model is TCL MPE05-2 (idx 105, type 38)
May 12 19:52:33 rousalka kernel: tveeprom 2-0050: TV standards PAL(B/G) PAL(I) SECAM(L/L') PAL(D/D1/K) (eeprom 0x74)
May 12 19:52:33 rousalka kernel: tveeprom 2-0050: audio processor is CX25842 (idx 36)
May 12 19:52:33 rousalka kernel: tveeprom 2-0050: decoder processor is CX25842 (idx 29)
May 12 19:52:33 rousalka kernel: tveeprom 2-0050: has radio, has IR receiver, has IR transmitter
May 12 19:52:33 rousalka kernel: ivtv0: Autodetected Hauppauge WinTV PVR-150
May 12 19:52:33 rousalka kernel: ivtv0: reopen i2c bus for IR-blaster support
May 12 19:52:33 rousalka kernel: tuner 2-0043: chip found @ 0x86 (ivtv i2c driver #0)
May 12 19:52:33 rousalka kernel: tda9887 2-0043: tda988[5/6/7] found @ 0x43 (tuner)
May 12 19:52:33 rousalka kernel: tuner 2-0061: chip found @ 0xc2 (ivtv i2c driver #0)
May 12 19:52:33 rousalka kernel: cx25840 2-0044: cx25842-23 found @ 0x88 (ivtv i2c driver #0)
May 12 19:52:33 rousalka kernel: cx25840 2-0044: loaded v4l-cx25840.fw firmware (16382 bytes)
May 12 19:52:33 rousalka kernel: wm8775 2-001b: chip found @ 0x36 (ivtv i2c driver #0)
May 12 19:52:33 rousalka kernel: tuner 2-0061: type set to 38 (Philips PAL/SECAM multi (FM1216ME MK3))
May 12 19:52:33 rousalka kernel: ivtv0: Registered device video0 for encoder MPEG (4 MB)
May 12 19:52:33 rousalka kernel: ivtv0: Registered device video32 for encoder YUV (2 MB)
May 12 19:52:33 rousalka kernel: ivtv0: Registered device vbi0 for encoder VBI (1 MB)
May 12 19:52:33 rousalka kernel: ivtv0: Registered device video24 for encoder PCM audio (1 MB)
May 12 19:52:33 rousalka kernel: ivtv0: Registered device radio0 for encoder radio
May 12 19:52:33 rousalka kernel: ivtv0: Initialized Hauppauge WinTV PVR-150, card #0
May 12 19:52:33 rousalka kernel: ivtv:  ====================  END INIT IVTV  ====================
May 12 19:52:33 rousalka kernel: ACPI: PCI Interrupt 0000:01:08.2[B] -> Link [APC2] -> GSI 17 (level, low) -> IRQ 17
May 12 19:52:33 rousalka kernel: fw_ohci: Added fw-ohci device 0000:01:08.2, OHCI version 1.10
May 12 19:52:33 rousalka kernel: ACPI: PCI Interrupt Link [APC3] enabled at IRQ 18
May 12 19:52:33 rousalka kernel: ACPI: PCI Interrupt 0000:01:0a.0[A] -> Link [APC3] -> GSI 18 (level, low) -> IRQ 18
May 12 19:52:33 rousalka kernel: fw_ohci: Added fw-ohci device 0000:01:0a.0, OHCI version 1.10
May 12 19:52:33 rousalka kernel: ACPI: PCI Interrupt Link [APC1] enabled at IRQ 16
May 12 19:52:33 rousalka kernel: ACPI: PCI Interrupt 0000:01:08.0[A] -> Link [APC1] -> GSI 16 (level, low) -> IRQ 16
May 12 19:52:33 rousalka kernel: emu1010: Special config.
May 12 19:52:33 rousalka kernel: emu1010: EMU_HANA_ID=0x7f
May 12 19:52:33 rousalka kernel: firmware size=0x133a4
May 12 19:52:33 rousalka kernel: emu1010: Hana Firmware loaded
May 12 19:52:33 rousalka kernel: Hana ver:3.4
May 12 19:52:33 rousalka kernel: emu1010: Card options=0x2
May 12 19:52:33 rousalka kernel: emu1010: Card options=0x2
May 12 19:52:33 rousalka kernel: emu1010: Card options3=0x2
May 12 19:52:33 rousalka kernel: fw_core: created new fw device fw0 (0 config rom retries)
May 12 19:52:33 rousalka kernel: fw_core: created new fw device fw1 (0 config rom retries)
May 12 19:52:33 rousalka kernel: emu1010: Loading Audio Dock Firmware
May 12 19:52:33 rousalka kernel: firmware size=0x133a4
May 12 19:52:33 rousalka kernel: emu1010: EMU_HANA+DOCK_IRQ_STATUS=0x36
May 12 19:52:33 rousalka kernel: emu1010: EMU_HANA+DOCK_ID=0x55
May 12 19:52:33 rousalka kernel: emu1010: Audio Dock Firmware loaded
May 12 19:52:33 rousalka kernel: Audio Dock ver:3.4
May 12 19:52:33 rousalka kernel: EMU outputs on
May 12 19:52:33 rousalka kernel: EMU inputs on
May 12 19:52:33 rousalka kernel: input: Power Button (FF) as /class/input/input3
May 12 19:52:33 rousalka kernel: ACPI: Power Button (FF) [PWRF]
May 12 19:52:33 rousalka kernel: input: Power Button (CM) as /class/input/input4
May 12 19:52:33 rousalka kernel: ACPI: Power Button (CM) [PWRB]
May 12 19:52:33 rousalka kernel: EXT3 FS on dm-0, internal journal
May 12 19:52:33 rousalka kernel: kjournald starting.  Commit interval 5 seconds
May 12 19:52:33 rousalka kernel: EXT3 FS on md0, internal journal
May 12 19:52:33 rousalka kernel: EXT3-fs: mounted filesystem with ordered data mode.
May 12 19:52:33 rousalka kernel: kjournald starting.  Commit interval 5 seconds
May 12 19:52:33 rousalka kernel: EXT3 FS on dm-1, internal journal
May 12 19:52:33 rousalka kernel: EXT3-fs: mounted filesystem with ordered data mode.
May 12 19:52:33 rousalka kernel: kjournald starting.  Commit interval 5 seconds
May 12 19:52:33 rousalka kernel: EXT3 FS on dm-2, internal journal
May 12 19:52:33 rousalka kernel: EXT3-fs: mounted filesystem with ordered data mode.
May 12 19:52:33 rousalka kernel: Adding 2096472k swap on /dev/sdb2.  Priority:-1 extents:1 across:2096472k
May 12 19:52:33 rousalka kernel: Adding 2096472k swap on /dev/sda2.  Priority:-2 extents:1 across:2096472k
May 12 19:52:33 rousalka kernel: Netfilter messages via NETLINK v0.30.
May 12 19:52:33 rousalka kernel: nf_conntrack version 0.5.0 (8192 buckets, 65536 max)
May 12 19:52:33 rousalka kernel: sky2 eth1: enabling interface
May 12 19:52:33 rousalka kernel: sky2 eth1: ram buffer 48K
May 12 19:52:35 rousalka kernel: audit(1178992355.344:2): audit_pid=2327 old=0 by auid=4294967295
May 12 19:52:36 rousalka kernel: it87: Found IT8712F chip at 0x290, revision 5
May 12 19:53:11 rousalka kernel: ACPI: PCI Interrupt 0000:05:00.0[A] -> Link [APC3] -> GSI 18 (level, low) -> IRQ 18
May 12 19:53:11 rousalka kernel: [drm] Initialized drm 1.1.0 20060810
May 12 19:53:11 rousalka kernel: [drm] Initialized nouveau 0.0.6 20060213 on minor 0
May 12 19:53:11 rousalka kernel: [drm:nv40_graph_init] *ERROR* Unknown ctx_voodoo for chipset 0x4b
May 12 19:53:14 rousalka kernel: [drm:nv40_graph_init] *ERROR* Unknown ctx_voodoo for chipset 0x4b
May 12 19:53:14 rousalka kernel: [drm:nv40_graph_init] *ERROR* Unknown ctx_voodoo for chipset 0x4b
May 12 19:53:14 rousalka kernel: [drm:nv40_graph_init] *ERROR* Unknown ctx_voodoo for chipset 0x4b
May 12 19:53:14 rousalka kernel: [drm] allocated 0xd0000000
May 12 19:53:14 rousalka kernel: [drm] allocated 0xd8000000
May 12 19:53:14 rousalka kernel: [drm] allocated 0xd8010000
May 12 19:53:14 rousalka kernel: [drm] Allocating FIFO number 0
May 12 19:53:14 rousalka kernel: [drm] allocated 0xd8014000
May 12 19:53:14 rousalka kernel: [drm] nouveau_fifo_alloc: initialised FIFO 0
May 12 19:53:14 rousalka kernel: [drm] allocated 0xd801c000
May 12 19:54:29 rousalka kernel: [drm] allocated 0xd801d000
May 12 19:55:03 rousalka kernel: [drm] freeing 0xd801d000
May 12 19:55:14 rousalka kernel: [drm] allocated 0xd801d000
May 12 19:55:50 rousalka kernel: [drm] freeing 0xd801d000
May 12 19:57:27 rousalka kernel: [drm] allocated 0xd801d000
May 12 19:59:26 rousalka kernel: [drm] freeing 0xd801d000
May 12 19:59:37 rousalka kernel: [drm] allocated 0xd801d000
May 12 20:03:42 rousalka kernel: [drm] freeing 0xd801d000
May 12 20:04:24 rousalka kernel: [drm] allocated 0xd801d000
May 12 20:04:38 rousalka kernel: [drm] freeing 0xd801d000
May 12 20:05:07 rousalka kernel: [drm] allocated 0xd801d000
May 12 20:05:15 rousalka kernel: [drm] freeing 0xd801d000
May 12 20:05:44 rousalka kernel: [drm] allocated 0xd801d000
May 12 20:05:51 rousalka kernel: [drm] freeing 0xd801d000
May 12 20:06:09 rousalka kernel: [drm] allocated 0xd801d000
May 12 20:06:30 rousalka kernel: [drm] freeing 0xd801d000
May 12 20:09:11 rousalka kernel: [drm] allocated 0xd801d000
May 12 20:11:42 rousalka kernel: [drm] freeing 0xd801d000
May 12 20:11:54 rousalka kernel: [drm] allocated 0xd801d000
May 12 20:12:17 rousalka kernel: [drm] freeing 0xd801d000
May 12 20:20:20 rousalka kernel: [drm] allocated 0xd801d000
May 12 20:22:49 rousalka kernel: [drm] freeing 0xd801d000
May 12 20:34:27 rousalka kernel: [drm] allocated 0xd801d000
May 12 20:36:15 rousalka kernel: [drm] freeing 0xd801d000
May 12 20:39:36 rousalka kernel: [drm] allocated 0xd801d000
May 12 20:41:22 rousalka kernel: [drm] freeing 0xd801d000
May 12 20:41:43 rousalka kernel: [drm] allocated 0xd801d000
May 12 20:41:58 rousalka kernel: [drm] freeing 0xd801d000
May 12 20:43:13 rousalka kernel: [drm] allocated 0xd801d000
May 12 20:43:51 rousalka kernel: [drm] freeing 0xd801d000
May 12 20:44:12 rousalka kernel: [drm] allocated 0xd801d000
May 12 20:45:14 rousalka kernel: mock-yum: page allocation failure. order:1, mode:0x4020
May 12 20:45:14 rousalka kernel: 
May 12 20:45:14 rousalka kernel: Call Trace:
May 12 20:45:14 rousalka kernel: [<ffffffff8025b572>] __alloc_pages+0x2ba/0x2d3
May 12 20:45:14 rousalka kernel: [<ffffffff802751dd>] __slab_alloc+0x196/0x586
May 12 20:45:14 rousalka kernel: [<ffffffff8825ede3>] :nf_conntrack:__nf_conntrack_alloc+0x1bb/0x259
May 12 20:45:14 rousalka kernel: [<ffffffff80275962>] kmem_cache_alloc+0x32/0x4e
May 12 20:45:14 rousalka kernel: [<ffffffff8825ede3>] :nf_conntrack:__nf_conntrack_alloc+0x1bb/0x259
May 12 20:45:14 rousalka kernel: [<ffffffff8825f89a>] :nf_conntrack:nf_conntrack_in+0x1d3/0x519
May 12 20:45:14 rousalka kernel: [<ffffffff803c7009>] nf_iterate+0x41/0x7d
May 12 20:45:14 rousalka kernel: [<ffffffff803cf468>] dst_output+0x0/0xe
May 12 20:45:14 rousalka kernel: [<ffffffff803c7198>] nf_hook_slow+0x5d/0xc8
May 12 20:45:14 rousalka kernel: [<ffffffff803cf468>] dst_output+0x0/0xe
May 12 20:45:14 rousalka kernel: [<ffffffff803d1c7d>] ip_queue_xmit+0x357/0x3be
May 12 20:45:14 rousalka kernel: [<ffffffff803c9c9d>] __ip_route_output_key+0x806/0x823
May 12 20:45:14 rousalka kernel: [<ffffffff803e1095>] tcp_transmit_skb+0x736/0x773
May 12 20:45:14 rousalka kernel: [<ffffffff803e3900>] tcp_connect+0x2e4/0x378
May 12 20:45:14 rousalka kernel: [<ffffffff803e7599>] tcp_v4_connect+0x46f/0x5b3
May 12 20:45:14 rousalka kernel: [<ffffffff803f34be>] inet_stream_connect+0x96/0x243
May 12 20:45:14 rousalka kernel: [<ffffffff803ab948>] sys_connect+0x7e/0xae
May 12 20:45:14 rousalka kernel: [<ffffffff802509b3>] audit_syscall_entry+0x141/0x174
May 12 20:45:14 rousalka kernel: [<ffffffff8020955c>] tracesys+0xdc/0xe1
May 12 20:45:14 rousalka kernel: 
May 12 20:45:14 rousalka kernel: Mem-info:
May 12 20:45:14 rousalka kernel: DMA per-cpu:
May 12 20:45:14 rousalka kernel: CPU    0: Hot: hi:    0, btch:   1 usd:   0   Cold: hi:    0, btch:   1 usd:   0
May 12 20:45:14 rousalka kernel: CPU    1: Hot: hi:    0, btch:   1 usd:   0   Cold: hi:    0, btch:   1 usd:   0
May 12 20:45:14 rousalka kernel: DMA32 per-cpu:
May 12 20:45:14 rousalka kernel: CPU    0: Hot: hi:  186, btch:  31 usd:  88   Cold: hi:   62, btch:  15 usd:  52
May 12 20:45:14 rousalka kernel: CPU    1: Hot: hi:  186, btch:  31 usd: 131   Cold: hi:   62, btch:  15 usd:   5
May 12 20:45:14 rousalka kernel: Active:316828 inactive:140229 dirty:22173 writeback:0 unstable:0
May 12 20:45:14 rousalka kernel: free:4862 slab:31544 mapped:26704 pagetables:9460 bounce:0
May 12 20:45:14 rousalka kernel: DMA free:7960kB min:20kB low:24kB high:28kB active:0kB inactive:0kB present:7648kB pages_scanned:0 all_unreclaimable? yes
May 12 20:45:14 rousalka kernel: lowmem_reserve[]: 0 1988 1988 1988
May 12 20:45:14 rousalka kernel: DMA32 free:11488kB min:5692kB low:7112kB high:8536kB active:1267300kB inactive:560800kB present:2036004kB pages_scanned:79 all_unreclaimable? no
May 12 20:45:14 rousalka kernel: lowmem_reserve[]: 0 0 0 0
May 12 20:45:14 rousalka kernel: DMA: 4*4kB 3*8kB 5*16kB 3*32kB 3*64kB 3*128kB 2*256kB 1*512kB 2*1024kB 0*2048kB 1*4096kB = 7960kB
May 12 20:45:14 rousalka kernel: DMA32: 2670*4kB 59*8kB 3*16kB 2*32kB 0*64kB 1*128kB 1*256kB 0*512kB 0*1024kB 0*2048kB 0*4096kB = 11648kB
May 12 20:45:14 rousalka kernel: Swap cache: add 1023, delete 1005, find 228/317, race 189+0
May 12 20:45:14 rousalka kernel: Free swap  = 4192680kB
May 12 20:45:14 rousalka kernel: Total swap = 4192944kB
May 12 20:45:14 rousalka kernel: Free swap:       4192680kB
May 12 20:45:14 rousalka kernel: 524272 pages of RAM
May 12 20:45:14 rousalka kernel: 14123 reserved pages
May 12 20:45:14 rousalka kernel: 275231 pages shared
May 12 20:45:14 rousalka kernel: 18 pages swap cached
May 12 20:45:18 rousalka kernel: mock-yum: page allocation failure. order:1, mode:0x4020
May 12 20:45:18 rousalka kernel: 
May 12 20:45:18 rousalka kernel: Call Trace:
May 12 20:45:18 rousalka kernel: [<ffffffff8025b572>] __alloc_pages+0x2ba/0x2d3
May 12 20:45:18 rousalka kernel: [<ffffffff802751dd>] __slab_alloc+0x196/0x586
May 12 20:45:18 rousalka kernel: [<ffffffff8825ede3>] :nf_conntrack:__nf_conntrack_alloc+0x1bb/0x259
May 12 20:45:18 rousalka kernel: [<ffffffff80275962>] kmem_cache_alloc+0x32/0x4e
May 12 20:45:18 rousalka kernel: [<ffffffff8825ede3>] :nf_conntrack:__nf_conntrack_alloc+0x1bb/0x259
May 12 20:45:18 rousalka kernel: [<ffffffff8825f89a>] :nf_conntrack:nf_conntrack_in+0x1d3/0x519
May 12 20:45:18 rousalka kernel: [<ffffffff803c7009>] nf_iterate+0x41/0x7d
May 12 20:45:18 rousalka kernel: [<ffffffff803cf468>] dst_output+0x0/0xe
May 12 20:45:18 rousalka kernel: [<ffffffff803c7198>] nf_hook_slow+0x5d/0xc8
May 12 20:45:18 rousalka kernel: [<ffffffff803cf468>] dst_output+0x0/0xe
May 12 20:45:18 rousalka kernel: [<ffffffff803d1c7d>] ip_queue_xmit+0x357/0x3be
May 12 20:45:18 rousalka kernel: [<ffffffff803c9c9d>] __ip_route_output_key+0x806/0x823
May 12 20:45:18 rousalka kernel: [<ffffffff803e1095>] tcp_transmit_skb+0x736/0x773
May 12 20:45:18 rousalka kernel: [<ffffffff803e3900>] tcp_connect+0x2e4/0x378
May 12 20:45:18 rousalka kernel: [<ffffffff803e7599>] tcp_v4_connect+0x46f/0x5b3
May 12 20:45:18 rousalka kernel: [<ffffffff803f34be>] inet_stream_connect+0x96/0x243
May 12 20:45:18 rousalka kernel: [<ffffffff803ab948>] sys_connect+0x7e/0xae
May 12 20:45:18 rousalka kernel: [<ffffffff802509b3>] audit_syscall_entry+0x141/0x174
May 12 20:45:18 rousalka kernel: [<ffffffff8020955c>] tracesys+0xdc/0xe1
May 12 20:45:18 rousalka kernel: 
May 12 20:45:18 rousalka kernel: Mem-info:
May 12 20:45:18 rousalka kernel: DMA per-cpu:
May 12 20:45:18 rousalka kernel: CPU    0: Hot: hi:    0, btch:   1 usd:   0   Cold: hi:    0, btch:   1 usd:   0
May 12 20:45:18 rousalka kernel: CPU    1: Hot: hi:    0, btch:   1 usd:   0   Cold: hi:    0, btch:   1 usd:   0
May 12 20:45:18 rousalka kernel: DMA32 per-cpu:
May 12 20:45:18 rousalka kernel: CPU    0: Hot: hi:  186, btch:  31 usd: 113   Cold: hi:   62, btch:  15 usd:  60
May 12 20:45:18 rousalka kernel: CPU    1: Hot: hi:  186, btch:  31 usd:  88   Cold: hi:   62, btch:  15 usd:   2
May 12 20:45:18 rousalka kernel: Active:320314 inactive:138209 dirty:22892 writeback:0 unstable:0
May 12 20:45:18 rousalka kernel: free:4106 slab:30860 mapped:26719 pagetables:9468 bounce:0
May 12 20:45:18 rousalka kernel: DMA free:7960kB min:20kB low:24kB high:28kB active:0kB inactive:0kB present:7648kB pages_scanned:0 all_unreclaimable? yes
May 12 20:45:18 rousalka kernel: lowmem_reserve[]: 0 1988 1988 1988
May 12 20:45:18 rousalka kernel: DMA32 free:8632kB min:5692kB low:7112kB high:8536kB active:1281256kB inactive:552836kB present:2036004kB pages_scanned:0 all_unreclaimable? no
May 12 20:45:18 rousalka kernel: lowmem_reserve[]: 0 0 0 0
May 12 20:45:18 rousalka kernel: DMA: 4*4kB 3*8kB 5*16kB 3*32kB 3*64kB 3*128kB 2*256kB 1*512kB 2*1024kB 0*2048kB 1*4096kB = 7960kB
May 12 20:45:18 rousalka kernel: DMA32: 1937*4kB 59*8kB 1*16kB 1*32kB 0*64kB 1*128kB 1*256kB 0*512kB 0*1024kB 0*2048kB 0*4096kB = 8652kB
May 12 20:45:18 rousalka kernel: Swap cache: add 1023, delete 1005, find 228/317, race 189+0
May 12 20:45:18 rousalka kernel: Free swap  = 4192680kB
May 12 20:45:18 rousalka kernel: Total swap = 4192944kB
May 12 20:45:18 rousalka kernel: Free swap:       4192680kB
May 12 20:45:18 rousalka kernel: 524272 pages of RAM
May 12 20:45:18 rousalka kernel: 14123 reserved pages
May 12 20:45:18 rousalka kernel: 277661 pages shared
May 12 20:45:18 rousalka kernel: 18 pages swap cached
May 12 20:48:47 rousalka kernel: [drm] freeing 0xd801d000
May 12 20:48:57 rousalka kernel: [drm] allocated 0xd801d000
May 12 20:51:31 rousalka kernel: [drm] freeing 0xd801d000
[unhandled content-type:application/pgp-signature]