Date: Tue, 12 Sep 2000 21:41:13 +0200
From: octave klaba <>
Subject: 2.2.17 & VM: do_try_to_free_pages failed / eepro100
Sender: linux-kernel-owner@vger.kernel.org
Precedence: bulk
List-ID: <linux-kernel.vger.kernel.org>
X-Mailing-List: linux-kernel@vger.kernel.org
X-Lkml-Link: https://lkml.org/lkml/2000/9/12/91

Hello,
On a high load server, kernel has some errors:
VM: do_try_to_free_pages failed for httpd...
VM: do_try_to_free_pages failed for httpd...
eth0: Too much work at interrupt, status=0x4050.
eth0: Too much work at interrupt, status=0x4050.
is there somewhere the new version of driver for eepro100 
to make a test ?
Thanks
octave
Linux version 2.2.17 (root@XXXX.ovh.net) (gcc version egcs-2.91.66 19990314/Linux (egcs-1.1.2 release)) #1 Tue Sep 5 11:21:35 CEST
2000
Detected 467735 kHz processor.
Console: colour VGA+ 80x25
Calibrating delay loop... 933.89 BogoMIPS
Memory: 128284k/131008k available (772k kernel code, 412k reserved, 1496k data, 44k init)
Dentry hash table entries: 16384 (order 5, 128k)
Buffer cache hash table entries: 131072 (order 7, 512k)
Page cache hash table entries: 32768 (order 5, 128k)
VFS: Diskquotas version dquot_6.4.0 initialized
Intel machine check architecture supported.
Intel machine check reporting enabled on CPU#0.
CPU: Intel Celeron (Mendocino) stepping 05
Checking 386/387 coupling... OK, FPU using exception 16 error reporting.
Checking 'hlt' instruction... OK.
POSIX conformance testing by UNIFIX
mtrr: v1.35a (19990819) Richard Gooch (rgooch@atnf.csiro.au)
PCI: PCI BIOS revision 2.10 entry at 0xf0720
PCI: Using configuration type 1
PCI: Probing PCI hardware
Linux NET4.0 for Linux 2.2
Based upon Swansea University Computer Society NET3.039
NET4: Unix domain sockets 1.0 for Linux NET4.0.
NET4: Linux TCP/IP 1.0 for NET4.0
IP Protocols: ICMP, UDP, TCP
TCP: Hash tables configured (ehash 131072 bhash 65536)
Starting kswapd v 1.5 
Serial driver version 4.27 with no serial options enabled
ttyS00 at 0x03f8 (irq = 4) is a 16550A
ttyS01 at 0x02f8 (irq = 3) is a 16550A
pty: 256 Unix98 ptys configured
RAM disk driver initialized:  16 RAM disks of 4096K size
loop: registered device at major 7
PIIX4: IDE controller on PCI bus 00 dev 21
PIIX4: not 100% native mode: will probe irqs later
    ide0: BM-DMA at 0xb400-0xb407, BIOS settings: hda:DMA, hdb:pio
keyboard: Too many NACKs -- noisy kbd cable?
keyboard: Too many NACKs -- noisy kbd cable?
hda: IBM-DPTA-372050, ATA DISK drive
ide0 at 0x1f0-0x1f7,0x3f6 on irq 14
hda: IBM-DPTA-372050, 19574MB w/1961kB Cache, CHS=39770/16/63, UDMA
Floppy drive(s): fd0 is 1.44M
FDC 0 is a post-1991 82077
eepro100.c:v1.09j-t 9/29/99 Donald Becker 
http://cesdis.gsfc.nasa.gov/linux/drivers/eepro100.html
eepro100.c: $Revision: 1.20.2.10 $ 2000/05/31 Modified by Andrey V. Savochkin <saw@saw.sw.com.sg> and others
eth0: Intel PCI EtherExpress Pro100 82557, 00:E0:18:A8:B6:EB, I/O at 0xb800, IRQ 10.
  Board assembly 668081-002, Physical connectors present: RJ45
  Primary interface chip i82555 PHY #1.
  General self-test: passed.
  Serial sub-system self-test: passed.
  Internal registers self-test: passed.
  ROM checksum self-test: passed (0x24c9f043).
  Receiver lock-up workaround activated.
eepro100.c:v1.09j-t 9/29/99 Donald Becker 
http://cesdis.gsfc.nasa.gov/linux/drivers/eepro100.html
eepro100.c: $Revision: 1.20.2.10 $ 2000/05/31 Modified by Andrey V. Savochkin <saw@saw.sw.com.sg> and others
Partition check:
 hda: hda1 hda2 < hda5 hda6 hda7 >
VFS: Mounted root (ext2 filesystem) readonly.
Freeing unused kernel memory: 44k freed
Adding Swap: 131504k swap-space (priority -1)
Amicalement,
oCtAvE 
"Peu importe ce qu'il y a de l'autre côté.
Tout ce qu'on laisse ici n'est qu'une histoire
dont on se souviendra ou pas."
-
To unsubscribe from this list: send the line "unsubscribe linux-kernel" in
the body of a message to majordomo@vger.kernel.org
Please read the FAQ at 
http://www.tux.org/lkml/