Date: Thu, 12 Jul 2001 14:01:04 +0800
From: "Daniel Harvey" <>
Subject: RE: FW: UPDATE: Linux SLOW on Compaq Armada 110 PIII Speedstep
Sender: linux-kernel-owner@vger.kernel.org
Precedence: bulk
List-ID: <linux-kernel.vger.kernel.org>
X-Mailing-List: linux-kernel@vger.kernel.org
X-Lkml-Link: https://lkml.org/lkml/2001/7/12/9

Here it is:
Linux version 2.4.5 (root@elvandar) (gcc version 2.95.4 20010703 (Debian
prerelease)) #1 Tue Jul 10 03:09:36 WST 2001
BIOS-provided physical RAM map:
 BIOS-e820: 0000000000000000 - 000000000009f800 (usable)
 BIOS-e820: 000000000009f800 - 00000000000a0000 (reserved)
 BIOS-e820: 00000000000ea000 - 0000000000100000 (reserved)
 BIOS-e820: 0000000000100000 - 000000000fbf0000 (usable)
 BIOS-e820: 000000000fbf0000 - 000000000fbffc00 (ACPI data)
 BIOS-e820: 000000000fbffc00 - 000000000fc00000 (ACPI NVS)
 BIOS-e820: 00000000fffe0000 - 0000000100000000 (reserved)
Thanks,
Daniel.
> > the bios returns a memory value to accommodate this
>
> The BIOS /should/.  Perhaps that's the problem.  Daniel, can you send a
> copy of your BIOS memory map (reported by Linux during boot) to myself
> and the list?
-
To unsubscribe from this list: send the line "unsubscribe linux-kernel" in
the body of a message to majordomo@vger.kernel.org
More majordomo info at  
http://vger.kernel.org/majordomo-info.html
Please read the FAQ at  
http://www.tux.org/lkml/