Date: Tue, 27 May 2003 14:37:59 +0300 (EEST)
From: Andrei Ivanov <>
Subject: usb mouse problem
Sender: linux-kernel-owner@vger.kernel.org
Precedence: bulk
List-ID: <linux-kernel.vger.kernel.org>
X-Mailing-List: linux-kernel@vger.kernel.org
X-Lkml-Link: https://lkml.org/lkml/2003/5/27/93

My usb mouse problem is solved in 2.5.70-mm1, but exists, in other form, 
in plain 2.5.70.
In the log from 2.5.70, I tried to unplug and replug the mouse, and it 
oopsed.CONFIG_X86=y
CONFIG_MMU=y
CONFIG_UID16=y
CONFIG_GENERIC_ISA_DMA=y
EXPERIMENTAL=y
CONFIG_SWAP=y
CONFIG_SYSVIPC=y
CONFIG_SYSCTL=y
CONFIG_LOG_BUF_SHIFT=14
CONFIG_FUTEX=y
CONFIG_EPOLL=y
CONFIG_MODULES=y
CONFIG_MODULE_UNLOAD=y
CONFIG_MODULE_FORCE_UNLOAD=y
CONFIG_OBSOLETE_MODPARM=y
CONFIG_KMOD=y
CONFIG_X86_PC=y
CONFIG_MK7=y
CONFIG_X86_CMPXCHG=y
CONFIG_X86_XADD=y
CONFIG_X86_L1_CACHE_SHIFT=6
CONFIG_RWSEM_XCHGADD_ALGORITHM=y
CONFIG_X86_WP_WORKS_OK=y
CONFIG_X86_INVLPG=y
CONFIG_X86_BSWAP=y
CONFIG_X86_POPAD_OK=y
CONFIG_X86_GOOD_APIC=y
CONFIG_X86_INTEL_USERCOPY=y
CONFIG_X86_USE_PPRO_CHECKSUM=y
CONFIG_X86_USE_3DNOW=y
CONFIG_PREEMPT=y
CONFIG_X86_UP_APIC=y
CONFIG_X86_LOCAL_APIC=y
CONFIG_X86_TSC=y
CONFIG_X86_MCE=y
CONFIG_X86_MCE_NONFATAL=y
CONFIG_X86_MSR=m
CONFIG_X86_CPUID=m
CONFIG_NOHIGHMEM=y
CONFIG_MTRR=y
CONFIG_HAVE_DEC_LOCK=y
CONFIG_PM=y
CONFIG_ACPI=y
CONFIG_ACPI_BOOT=y
CONFIG_ACPI_BUTTON=y
CONFIG_ACPI_FAN=y
CONFIG_ACPI_PROCESSOR=y
CONFIG_ACPI_THERMAL=y
CONFIG_ACPI_DEBUG=y
CONFIG_ACPI_BUS=y
CONFIG_ACPI_INTERPRETER=y
CONFIG_ACPI_EC=y
CONFIG_ACPI_POWER=y
CONFIG_ACPI_PCI=y
CONFIG_ACPI_SYSTEM=y
CONFIG_PCI=y
CONFIG_PCI_GOANY=y
CONFIG_PCI_BIOS=y
CONFIG_PCI_DIRECT=y
CONFIG_PCI_NAMES=y
CONFIG_KCORE_ELF=y
CONFIG_BINFMT_AOUT=m
CONFIG_BINFMT_ELF=y
CONFIG_BINFMT_MISC=m
CONFIG_BLK_DEV_FD=y
CONFIG_BLK_DEV_LOOP=m
CONFIG_BLK_DEV_NBD=m
CONFIG_IDE=y
CONFIG_BLK_DEV_IDE=y
CONFIG_BLK_DEV_IDEDISK=y
CONFIG_IDEDISK_MULTI_MODE=y
CONFIG_BLK_DEV_IDECD=y
CONFIG_IDE_TASK_IOCTL=y
CONFIG_BLK_DEV_IDEPCI=y
CONFIG_BLK_DEV_GENERIC=y
CONFIG_IDEPCI_SHARE_IRQ=y
CONFIG_BLK_DEV_IDEDMA_PCI=y
CONFIG_IDEDMA_PCI_AUTO=y
CONFIG_BLK_DEV_IDEDMA=y
CONFIG_BLK_DEV_ADMA=y
CONFIG_BLK_DEV_VIA82CXXX=y
CONFIG_IDEDMA_AUTO=y
CONFIG_BLK_DEV_IDE_MODES=y
CONFIG_NET=y
CONFIG_PACKET=y
CONFIG_PACKET_MMAP=y
CONFIG_NETFILTER=y
CONFIG_UNIX=y
CONFIG_INET=y
CONFIG_IP_MULTICAST=y
CONFIG_INET_ECN=y
CONFIG_SYN_COOKIES=y
CONFIG_IP_NF_CONNTRACK=m
CONFIG_IP_NF_FTP=m
CONFIG_IP_NF_IRC=m
CONFIG_IP_NF_QUEUE=m
CONFIG_IP_NF_IPTABLES=m
CONFIG_IP_NF_MATCH_LIMIT=m
CONFIG_IP_NF_MATCH_MAC=m
CONFIG_IP_NF_MATCH_PKTTYPE=m
CONFIG_IP_NF_MATCH_MARK=m
CONFIG_IP_NF_MATCH_MULTIPORT=m
CONFIG_IP_NF_MATCH_TOS=m
CONFIG_IP_NF_MATCH_ECN=m
CONFIG_IP_NF_MATCH_DSCP=m
CONFIG_IP_NF_MATCH_AH_ESP=m
CONFIG_IP_NF_MATCH_LENGTH=m
CONFIG_IP_NF_MATCH_TTL=m
CONFIG_IP_NF_MATCH_TCPMSS=m
CONFIG_IP_NF_MATCH_HELPER=m
CONFIG_IP_NF_MATCH_STATE=m
CONFIG_IP_NF_MATCH_CONNTRACK=m
CONFIG_IP_NF_MATCH_UNCLEAN=m
CONFIG_IP_NF_MATCH_OWNER=m
CONFIG_IP_NF_FILTER=m
CONFIG_IP_NF_TARGET_REJECT=m
CONFIG_IP_NF_TARGET_MIRROR=m
CONFIG_IP_NF_NAT=m
CONFIG_IP_NF_NAT_NEEDED=y
CONFIG_IP_NF_TARGET_MASQUERADE=m
CONFIG_IP_NF_TARGET_REDIRECT=m
CONFIG_IP_NF_NAT_SNMP_BASIC=m
CONFIG_IP_NF_NAT_IRC=m
CONFIG_IP_NF_NAT_FTP=m
CONFIG_IP_NF_MANGLE=m
CONFIG_IP_NF_TARGET_TOS=m
CONFIG_IP_NF_TARGET_ECN=m
CONFIG_IP_NF_TARGET_DSCP=m
CONFIG_IP_NF_TARGET_MARK=m
CONFIG_IP_NF_TARGET_LOG=m
CONFIG_IP_NF_TARGET_ULOG=m
CONFIG_IP_NF_TARGET_TCPMSS=m
CONFIG_IP_NF_ARPTABLES=m
CONFIG_IPV6_SCTP__=y
CONFIG_NETDEVICES=y
CONFIG_NET_ETHERNET=y
CONFIG_NET_PCI=y
CONFIG_8139TOO=y
CONFIG_INPUT=y
CONFIG_INPUT_MOUSEDEV=y
CONFIG_INPUT_MOUSEDEV_PSAUX=y
CONFIG_INPUT_MOUSEDEV_SCREEN_X=1024
CONFIG_INPUT_MOUSEDEV_SCREEN_Y=768
CONFIG_SOUND_GAMEPORT=y
CONFIG_SERIO=y
CONFIG_SERIO_I8042=y
CONFIG_INPUT_KEYBOARD=y
CONFIG_KEYBOARD_ATKBD=y
CONFIG_INPUT_MOUSE=y
CONFIG_MOUSE_PS2=y
CONFIG_VT=y
CONFIG_VT_CONSOLE=y
CONFIG_HW_CONSOLE=y
CONFIG_SERIAL_8250=y
CONFIG_SERIAL_CORE=y
CONFIG_UNIX98_PTYS=y
CONFIG_UNIX98_PTY_COUNT=256
CONFIG_NVRAM=m
CONFIG_RTC=y
CONFIG_AGP=y
CONFIG_AGP_VIA=y
CONFIG_HANGCHECK_TIMER=y
CONFIG_EXT2_FS=y
CONFIG_EXT2_FS_XATTR=y
CONFIG_EXT2_FS_POSIX_ACL=y
CONFIG_EXT3_FS=y
CONFIG_EXT3_FS_XATTR=y
CONFIG_EXT3_FS_POSIX_ACL=y
CONFIG_JBD=y
CONFIG_FS_MBCACHE=y
CONFIG_REISERFS_FS=m
CONFIG_JFS_FS=m
CONFIG_JFS_POSIX_ACL=y
CONFIG_FS_POSIX_ACL=y
CONFIG_XFS_FS=m
CONFIG_XFS_POSIX_ACL=y
CONFIG_ISO9660_FS=y
CONFIG_JOLIET=y
CONFIG_ZISOFS=y
CONFIG_ZISOFS_FS=y
CONFIG_UDF_FS=m
CONFIG_FAT_FS=m
CONFIG_MSDOS_FS=m
CONFIG_VFAT_FS=m
CONFIG_NTFS_FS=y
CONFIG_PROC_FS=y
CONFIG_DEVFS_FS=y
CONFIG_DEVFS_MOUNT=y
CONFIG_DEVPTS_FS=y
CONFIG_TMPFS=y
CONFIG_RAMFS=y
CONFIG_SMB_FS=y
CONFIG_SMB_NLS_DEFAULT=y
CONFIG_SMB_NLS_REMOTE="cp852"
CONFIG_MSDOS_PARTITION=y
CONFIG_SMB_NLS=y
CONFIG_NLS=y
CONFIG_NLS_DEFAULT="iso8859-2"
CONFIG_NLS_CODEPAGE_437=y
CONFIG_NLS_CODEPAGE_737=m
CONFIG_NLS_CODEPAGE_775=m
CONFIG_NLS_CODEPAGE_850=y
CONFIG_NLS_CODEPAGE_852=y
CONFIG_NLS_CODEPAGE_855=m
CONFIG_NLS_CODEPAGE_857=m
CONFIG_NLS_CODEPAGE_860=m
CONFIG_NLS_CODEPAGE_861=m
CONFIG_NLS_CODEPAGE_862=m
CONFIG_NLS_CODEPAGE_863=m
CONFIG_NLS_CODEPAGE_864=m
CONFIG_NLS_CODEPAGE_865=m
CONFIG_NLS_CODEPAGE_866=m
CONFIG_NLS_CODEPAGE_869=m
CONFIG_NLS_CODEPAGE_936=m
CONFIG_NLS_CODEPAGE_950=m
CONFIG_NLS_CODEPAGE_932=m
CONFIG_NLS_CODEPAGE_949=m
CONFIG_NLS_CODEPAGE_874=m
CONFIG_NLS_ISO8859_8=m
CONFIG_NLS_CODEPAGE_1250=y
CONFIG_NLS_CODEPAGE_1251=m
CONFIG_NLS_ISO8859_1=y
CONFIG_NLS_ISO8859_2=y
CONFIG_NLS_ISO8859_3=m
CONFIG_NLS_ISO8859_4=m
CONFIG_NLS_ISO8859_5=m
CONFIG_NLS_ISO8859_6=m
CONFIG_NLS_ISO8859_7=m
CONFIG_NLS_ISO8859_9=m
CONFIG_NLS_ISO8859_13=m
CONFIG_NLS_ISO8859_14=m
CONFIG_NLS_ISO8859_15=m
CONFIG_NLS_KOI8_R=m
CONFIG_NLS_KOI8_U=m
CONFIG_NLS_UTF8=y
CONFIG_VGA_CONSOLE=y
CONFIG_DUMMY_CONSOLE=y
CONFIG_SOUND=y
CONFIG_SND=y
CONFIG_SND_SEQUENCER=y
CONFIG_SND_OSSEMUL=y
CONFIG_SND_MIXER_OSS=y
CONFIG_SND_PCM_OSS=y
CONFIG_SND_SEQUENCER_OSS=y
CONFIG_SND_RTCTIMER=y
CONFIG_SND_VIA82XX=y
CONFIG_USB=y
CONFIG_USB_DEBUG=y
CONFIG_USB_DEVICEFS=y
CONFIG_USB_UHCI_HCD=y
CONFIG_USB_HID=y
CONFIG_USB_HIDINPUT=y
CONFIG_DEBUG_KERNEL=y
CONFIG_MAGIC_SYSRQ=y
CONFIG_KALLSYMS=y
CONFIG_DEBUG_SPINLOCK_SLEEP=y
CONFIG_FRAME_POINTER=y
CONFIG_X86_EXTRA_IRQS=y
CONFIG_X86_FIND_SMP_CONFIG=y
CONFIG_X86_MPPARSE=y
CONFIG_ZLIB_INFLATE=y
CONFIG_X86_BIOS_REBOOT=y
Linux version 2.5.70 (root@hate) (gcc version 3.2.3 20030422 (Gentoo Linux 1.4 3.2.3-r1, propolice)) #1 Tue May 27 13:32:35 EEST 2003
Video mode to be used for restore is ffff
BIOS-provided physical RAM map:
 BIOS-e820: 0000000000000000 - 00000000000a0000 (usable)
 BIOS-e820: 00000000000f0000 - 0000000000100000 (reserved)
 BIOS-e820: 0000000000100000 - 000000001fff0000 (usable)
 BIOS-e820: 000000001fff0000 - 000000001fff3000 (ACPI NVS)
 BIOS-e820: 000000001fff3000 - 0000000020000000 (ACPI data)
 BIOS-e820: 00000000ffff0000 - 0000000100000000 (reserved)
511MB LOWMEM available.
On node 0 totalpages: 131056
  DMA zone: 4096 pages, LIFO batch:1
  Normal zone: 126960 pages, LIFO batch:16
  HighMem zone: 0 pages, LIFO batch:1
ACPI: RSDP (v000 VIA694                     ) @ 0x000f6f40
ACPI: RSDT (v001 VIA694 AWRDACPI 16944.11825) @ 0x1fff3000
ACPI: FADT (v001 VIA694 AWRDACPI 16944.11825) @ 0x1fff3040
ACPI: DSDT (v001 VIA694 AWRDACPI 00000.04096) @ 0x00000000
ACPI: BIOS passes blacklist
ACPI: MADT not present
Building zonelist for node : 0
Kernel command line: 
Local APIC disabled by BIOS -- reenabling.
Found and enabled local APIC!
Initializing CPU#0
PID hash table entries: 2048 (order 11: 16384 bytes)
Detected 900.231 MHz processor.
Console: colour VGA+ 80x25
Calibrating delay loop... 1769.47 BogoMIPS
Memory: 515000k/524224k available (2079k kernel code, 8480k reserved, 679k data, 316k init, 0k highmem)
Dentry cache hash table entries: 65536 (order: 6, 262144 bytes)
Inode-cache hash table entries: 32768 (order: 5, 131072 bytes)
Mount-cache hash table entries: 512 (order: 0, 4096 bytes)
-> /dev
-> /dev/console
-> /root
CPU: L1 I Cache: 64K (64 bytes/line), D cache 64K (64 bytes/line)
CPU: L2 Cache: 256K (64 bytes/line)
CPU:     After generic, caps: 0183fbff c1c7fbff 00000000 00000020
Intel machine check architecture supported.
Intel machine check reporting enabled on CPU#0.
CPU: AMD Athlon(tm) Processor stepping 02
Enabling fast FPU save and restore... done.
Checking 'hlt' instruction... OK.
POSIX conformance testing by UNIFIX
enabled ExtINT on CPU#0
ESR value before enabling vector: 00000000
ESR value after enabling vector: 00000000
Using local APIC timer interrupts.
calibrating APIC timer ...
..... CPU clock speed is 899.0873 MHz.
..... host bus clock speed is 199.0972 MHz.
mtrr: v2.0 (20020519)
Initializing RT netlink socket
PCI: PCI BIOS revision 2.10 entry at 0xfb4d0, last bus=1
PCI: Using configuration type 1
BIO: pool of 256 setup, 14Kb (56 bytes/bio)
biovec pool[0]:   1 bvecs: 256 entries (12 bytes)
biovec pool[1]:   4 bvecs: 256 entries (48 bytes)
biovec pool[2]:  16 bvecs: 256 entries (192 bytes)
biovec pool[3]:  64 bvecs: 256 entries (768 bytes)
biovec pool[4]: 128 bvecs: 256 entries (1536 bytes)
biovec pool[5]: 256 bvecs: 256 entries (3072 bytes)
ACPI: Subsystem revision 20030522
 tbxface-0117 [03] acpi_load_tables      : ACPI Tables successfully acquired
Parsing all Control Methods:....................................................................
Table [DSDT](id F004) - 305 Objects with 29 Devices 68 Methods 23 Regions
ACPI Namespace successfully loaded at root c04121bc
spurious 8259A interrupt: IRQ7.
evxfevnt-0093 [04] acpi_enable           : Transition to ACPI mode successful
evgpeblk-0743 [06] ev_create_gpe_block   : GPE 00 to 15 [_GPE] 2 regs at 0000000000004020 on int 12
evgpeblk-0262 [08] ev_save_method_info   : Registered GPE method _L05 as GPE number 0x05
evgpeblk-0262 [08] ev_save_method_info   : Registered GPE method _L09 as GPE number 0x09
evgpeblk-0262 [08] ev_save_method_info   : Registered GPE method _L0D as GPE number 0x0D
evgpeblk-0262 [08] ev_save_method_info   : Registered GPE method _L08 as GPE number 0x08
Completing Region/Field/Buffer/Package initialization:...............................................
Initialized 23/23 Regions 1/1 Fields 15/15 Buffers 8/8 Packages (313 nodes)
Executing all Device _STA and_INI methods:..............................
30 Devices found containing: 30 _STA, 1 _INI methods
ACPI: Interpreter enabled
ACPI: Using PIC for interrupt routing
ACPI: PCI Root Bridge [PCI0] (00:00)
PCI: Probing PCI hardware (bus 00)
Disabling VIA memory write queue (PCI ID 0305, rev 03): [55] 8d & 1f -> 0d
ACPI: PCI Interrupt Routing Table [\_SB_.PCI0._PRT]
ACPI: PCI Interrupt Link [LNKA] (IRQs 1 3 4 5 6 7 10 11 12 14 15, disabled)
ACPI: PCI Interrupt Link [LNKB] (IRQs 1 3 4 5 6 7 10 11 12 14 15, disabled)
ACPI: PCI Interrupt Link [LNKC] (IRQs 1 3 4 5 6 7 *10 11 12 14 15)
ACPI: PCI Interrupt Link [LNKD] (IRQs 1 3 4 5 6 7 10 *11 12 14 15)
block request queues:
 4/128 requests per read queue
 4/128 requests per write queue
 enter congestion at 15
 exit congestion at 17
drivers/usb/core/usb.c: registered new driver usbfs
drivers/usb/core/usb.c: registered new driver hub
ACPI: PCI Interrupt Link [LNKA] enabled at IRQ 5
ACPI: PCI Interrupt Link [LNKB] enabled at IRQ 11
PCI: Using ACPI for IRQ routing
PCI: if you experience problems, try using option 'pci=noacpi' or even 'acpi=off'
Machine check exception polling timer started.
Enabling SEP on CPU 0
Journalled Block Device driver loaded
devfs: v1.22 (20021013) Richard Gooch (rgooch@atnf.csiro.au)
devfs: boot_options: 0x1
NTFS driver 2.1.4 [Flags: R/O].
Applying VIA southbridge workaround.
ACPI: Power Button (FF) [PWRF]
ACPI: Processor [CPU0] (supports C1 C2, 2 throttling states)
pty: 256 Unix98 ptys configured
Real Time Clock Driver v1.11
Linux agpgart interface v0.100 (c) Dave Jones
agpgart: Detected VIA Apollo Pro KT133/KM133/TwisterK chipset
agpgart: Maximum main memory to use for agp memory: 439M
agpgart: AGP aperture is 64M @ 0xe0000000
Hangcheck: starting hangcheck timer 0.5.0 (tick is 180 seconds, margin is 60 seconds).
Serial: 8250/16550 driver $Revision: 1.90 $ IRQ sharing disabled
Floppy drive(s): fd0 is 1.44M
FDC 0 is a post-1991 82077
8139too Fast Ethernet driver 0.9.26
eth0: RealTek RTL8139 Fast Ethernet at 0xe0829000, 00:02:44:16:e4:1e, IRQ 11
eth0:  Identified 8139 chip type 'RTL-8139C'
Uniform Multi-Platform E-IDE driver Revision: 7.00alpha2
ide: Assuming 33MHz system bus speed for PIO modes; override with idebus=xx
VP_IDE: IDE controller at PCI slot 00:07.1
VP_IDE: chipset revision 6
VP_IDE: not 100% native mode: will probe irqs later
ide: Assuming 33MHz system bus speed for PIO modes; override with idebus=xx
VP_IDE: VIA vt82c686b (rev 40) IDE UDMA100 controller on pci00:07.1
    ide0: BM-DMA at 0xd000-0xd007, BIOS settings: hda:DMA, hdb:pio
    ide1: BM-DMA at 0xd008-0xd00f, BIOS settings: hdc:DMA, hdd:pio
hda: QUANTUM FIREBALLP AS40.0, ATA DISK drive
ide0 at 0x1f0-0x1f7,0x3f6 on irq 14
hdc: CD-540E, ATAPI CD/DVD-ROM drive
ide1 at 0x170-0x177,0x376 on irq 15
hda: max request size: 128KiB
hda: host protected area => 1
hda: 78177792 sectors (40027 MB) w/1902KiB Cache, CHS=77557/16/63, UDMA(100)
 /dev/ide/host0/bus0/target0/lun0: p1 p2 p3
hdc: ATAPI 40X CD-ROM drive, 128kB Cache, UDMA(33)
Uniform CD-ROM driver Revision: 3.12
drivers/usb/host/uhci-hcd.c: USB Universal Host Controller Interface driver v2.1
uhci-hcd 00:07.2: VIA Technologies, In USB
uhci-hcd 00:07.2: irq 11, io base 0000d400
Please use the 'usbfs' filetype instead, the 'usbdevfs' name is deprecated.
uhci-hcd 00:07.2: new USB bus registered, assigned bus number 1
drivers/usb/host/uhci-hcd.c: detected 2 ports
uhci-hcd 00:07.2: root hub device address 1
usb usb1: new device strings: Mfr=3, Product=2, SerialNumber=1
usb usb1: Product: VIA Technologies, In USB
usb usb1: Manufacturer: Linux 2.5.70 uhci-hcd
usb usb1: SerialNumber: 00:07.2
usb usb1: usb_new_device - registering interface 1-0:0
hub 1-0:0: usb_device_probe
hub 1-0:0: usb_device_probe - got id
hub 1-0:0: USB hub found
hub 1-0:0: 2 ports detected
hub 1-0:0: standalone hub
hub 1-0:0: ganged power switching
hub 1-0:0: global over-current protection
hub 1-0:0: Port indicators are not supported
hub 1-0:0: power on to power good time: 2ms
hub 1-0:0: hub controller current requirement: 0mA
hub 1-0:0: local power source is good
hub 1-0:0: no over-current condition exists
hub 1-0:0: enabling power on all ports
drivers/usb/core/usb.c: registered new driver hid
drivers/usb/input/hid-core.c: v2.0:USB HID core driver
mice: PS/2 mouse device common for all mice
serio: i8042 AUX port at 0x60,0x64 irq 12
input: AT Set 2 keyboard on isa0060/serio0
serio: i8042 KBD port at 0x60,0x64 irq 1
Advanced Linux Sound Architecture Driver Version 0.9.2 (Thu Mar 20 13:31:57 2003 UTC).
request_module: failed /sbin/modprobe -- snd-card-0. error = -16
PCI: Setting latency timer of device 00:07.5 to 64
hub 1-0:0: port 1, status 100, change 3, 12 Mb/s
hub 1-0:0: port 2, status 301, change 3, 1.5 Mb/s
hub 1-0:0: debounce: port 2: delay 100ms stable 4 status 0x301
hub 1-0:0: new USB device on port 2, assigned address 2
usb 1-2: new device strings: Mfr=1, Product=3, SerialNumber=0
usb 1-2: Product: Microsoft 3-Button Mouse with IntelliEye(TM)
usb 1-2: Manufacturer: Microsoft
usb 1-2: usb_new_device - registering interface 1-2:0
hid 1-2:0: usb_device_probe
hid 1-2:0: usb_device_probe - got id
ALSA device list:
  #0: VIA 82C686A/B rev50 at 0xdc00, irq 10
NET4: Linux TCP/IP 1.0 for NET4.0
IP: routing cache hash table of 4096 buckets, 32Kbytes
TCP: Hash tables configured (established 32768 bind 65536)
NET4: Unix domain sockets 1.0/SMP for Linux NET4.0.
input: USB HID v1.10 Mouse [Microsoft Microsoft 3-Button Mouse with IntelliEye(TM)] on usb-00:07.2-2
hub 1-0:0: port 1 enable change, status 100
kjournald starting.  Commit interval 5 seconds
EXT3-fs: mounted filesystem with ordered data mode.
VFS: Mounted root (ext3 filesystem) readonly.
Mounted devfs on /dev
Freeing unused kernel memory: 316k freed
EXT3 FS 2.4-0.9.16, 02 Dec 2001 on hda3, internal journal
NTFS volume version 3.0.
NTFS volume version 3.1.
Adding 262136k swap on /swap.  Priority:-1 extents:786
eth0: Setting 100mbps full-duplex based on auto-negotiated partner ability 41e1.
drivers/usb/host/uhci-hcd.c: uhci_result_control() failed with status 500000
[dfdbf2d0] link (1fdbf1b2) element (1fdc02a0)
 Element != First TD
  0: [dfdc0060] link (1fdc0090) e3 LS Length=7 MaxLen=7 DT0 EndPt=0 Dev=2, PID=2d(SETUP) (buf=1f6909c0)
  1: [dfdc0090] link (1fdc00c0) e3 LS Length=7 MaxLen=7 DT1 EndPt=0 Dev=2, PID=69(IN) (buf=1fdbd980)
  2: [dfdc00c0] link (1fdc00f0) e3 LS Length=7 MaxLen=7 DT0 EndPt=0 Dev=2, PID=69(IN) (buf=1fdbd988)
  3: [dfdc00f0] link (1fdc0120) e3 LS Length=7 MaxLen=7 DT1 EndPt=0 Dev=2, PID=69(IN) (buf=1fdbd990)
  4: [dfdc0120] link (1fdc0150) e3 LS Length=7 MaxLen=7 DT0 EndPt=0 Dev=2, PID=69(IN) (buf=1fdbd998)
  5: [dfdc0150] link (1fdc0180) e3 LS Length=7 MaxLen=7 DT1 EndPt=0 Dev=2, PID=69(IN) (buf=1fdbd9a0)
  6: [dfdc0180] link (1fdc01b0) e3 LS Length=7 MaxLen=7 DT0 EndPt=0 Dev=2, PID=69(IN) (buf=1fdbd9a8)
  7: [dfdc01b0] link (1fdc01e0) e3 LS Length=7 MaxLen=7 DT1 EndPt=0 Dev=2, PID=69(IN) (buf=1fdbd9b0)
  8: [dfdc01e0] link (1fdc0210) e3 LS Length=7 MaxLen=7 DT0 EndPt=0 Dev=2, PID=69(IN) (buf=1fdbd9b8)
  9: [dfdc0210] link (1fdc0240) e3 LS Length=7 MaxLen=7 DT1 EndPt=0 Dev=2, PID=69(IN) (buf=1fdbd9c0)
  10: [dfdc0240] link (1fdc0270) e3 LS Length=7 MaxLen=7 DT0 EndPt=0 Dev=2, PID=69(IN) (buf=1fdbd9c8)
  11: [dfdc0270] link (1fdc02a0) e3 LS Length=7 MaxLen=7 DT1 EndPt=0 Dev=2, PID=69(IN) (buf=1fdbd9d0)
  12: [dfdc02a0] link (1fdc02d0) e3 LS Stalled Babble Length=1 MaxLen=1 DT0 EndPt=0 Dev=2, PID=69(IN) (buf=1fdbd9d8)
  13: [dfdc02d0] link (00000001) e3 LS IOC Active Length=0 MaxLen=7ff DT1 EndPt=0 Dev=2, PID=e1(OUT) (buf=00000000)
atkbd.c: Unknown key (set 2, scancode 0x105, on isa0060/serio0) pressed.
atkbd.c: Unknown key (set 2, scancode 0x105, on isa0060/serio0) released.
drivers/usb/core/message.c: usb_control/bulk_msg: timeout
hub 1-0:0: port 2, status 300, change 3, 1.5 Mb/s
usb 1-2: USB disconnect, address 2
usb 1-2: unregistering interfaces
usb 1-2: hcd_unlink_urb dfdaff40 fail -16
usb 1-2: hcd_unlink_urb dfdafdc0 fail -22
usb 1-2: hcd_unlink_urb dfdaff40 fail -16
usb 1-2: unregistering device
hub 1-0:0: port 2 enable change, status 300
drivers/usb/host/uhci-hcd.c: d400: suspend_hc
Unable to handle kernel NULL pointer dereference at virtual address 0000001c
 printing eip:
c01a5d48
*pde = 00000000
Oops: 0000 [#1]
CPU:    0
EIP:    0060:[<c01a5d48>]    Not tainted
EFLAGS: 00010202
EIP is at devfs_remove+0x68/0x90
eax: df038000   ebx: 00000000   ecx: df039e78   edx: 00000000
esi: 00000003   edi: dffe2840   ebp: df039f00   esp: df039eac
ds: 007b   es: 007b   ss: 0068
Process gpm (pid: 2817, threadinfo=df038000 task=dfbc4d00)
Stack: 00000000 00000000 00000000 df039f10 75706e69 6f6d2f74 30657375 c0405900 
       00000000 df039ed0 df039ed0 c0269300 c151e000 df050c00 00000000 df549840 
       dfd67270 00000003 dffe2840 df039f04 dfd67240 df039f14 c026d34f c0335c6f 
Call Trace:
 [<c0269300>] hid_irq_in+0x0/0xb0
 [<c026d34f>] mousedev_free+0x1f/0x40
 [<c026d3d8>] mixdev_release+0x68/0x70
 [<c014b012>] __fput+0x112/0x120
 [<c0149753>] filp_close+0x93/0xd0
 [<c011b65c>] put_files_struct+0x6c/0xe0
 [<c011c236>] do_exit+0x176/0x460
 [<c011c555>] sys_exit+0x15/0x20
 [<c01092cb>] syscall_call+0x7/0xb
Code: 8b 43 1c 89 04 24 e8 9d fb ff ff 89 1c 24 e8 45 ec ff ff 89 
 <6>note: gpm[2817] exited with preempt_count 1
drivers/usb/host/uhci-hcd.c: d400: wakeup_hc
hub 1-0:0: port 2, status 301, change 1, 1.5 Mb/s
hub 1-0:0: debounce: port 2: delay 100ms stable 4 status 0x301
hub 1-0:0: new USB device on port 2, assigned address 3
drivers/usb/core/message.c: usb_control/bulk_msg: timeout
Linux version 2.5.70-mm1 (root@hate) (gcc version 3.2.3 20030422 (Gentoo Linux 1.4 3.2.3-r1, propolice)) #1 Tue May 27 13:56:44 EEST 2003
Video mode to be used for restore is ffff
BIOS-provided physical RAM map:
 BIOS-e820: 0000000000000000 - 00000000000a0000 (usable)
 BIOS-e820: 00000000000f0000 - 0000000000100000 (reserved)
 BIOS-e820: 0000000000100000 - 000000001fff0000 (usable)
 BIOS-e820: 000000001fff0000 - 000000001fff3000 (ACPI NVS)
 BIOS-e820: 000000001fff3000 - 0000000020000000 (ACPI data)
 BIOS-e820: 00000000ffff0000 - 0000000100000000 (reserved)
511MB LOWMEM available.
On node 0 totalpages: 131056
  DMA zone: 4096 pages, LIFO batch:1
  Normal zone: 126960 pages, LIFO batch:16
  HighMem zone: 0 pages, LIFO batch:1
ACPI: RSDP (v000 VIA694                     ) @ 0x000f6f40
ACPI: RSDT (v001 VIA694 AWRDACPI 16944.11825) @ 0x1fff3000
ACPI: FADT (v001 VIA694 AWRDACPI 16944.11825) @ 0x1fff3040
ACPI: DSDT (v001 VIA694 AWRDACPI 00000.04096) @ 0x00000000
ACPI: BIOS passes blacklist
ACPI: MADT not present
Building zonelist for node : 0
Kernel command line: 
Local APIC disabled by BIOS -- reenabling.
Found and enabled local APIC!
Initializing CPU#0
PID hash table entries: 2048 (order 11: 16384 bytes)
Detected 900.317 MHz processor.
Console: colour VGA+ 80x25
Calibrating delay loop... 1769.47 BogoMIPS
Memory: 514956k/524224k available (2113k kernel code, 8524k reserved, 685k data, 316k init, 0k highmem)
Dentry cache hash table entries: 65536 (order: 6, 262144 bytes)
Inode-cache hash table entries: 32768 (order: 5, 131072 bytes)
Mount-cache hash table entries: 512 (order: 0, 4096 bytes)
-> /dev
-> /dev/console
-> /root
CPU: L1 I Cache: 64K (64 bytes/line), D cache 64K (64 bytes/line)
CPU: L2 Cache: 256K (64 bytes/line)
CPU:     After generic, caps: 0183fbff c1c7fbff 00000000 00000020
Intel machine check architecture supported.
Intel machine check reporting enabled on CPU#0.
CPU: AMD Athlon(tm) Processor stepping 02
Enabling fast FPU save and restore... done.
Checking 'hlt' instruction... OK.
POSIX conformance testing by UNIFIX
enabled ExtINT on CPU#0
ESR value before enabling vector: 00000000
ESR value after enabling vector: 00000000
Using local APIC timer interrupts.
calibrating APIC timer ...
..... CPU clock speed is 899.0787 MHz.
..... host bus clock speed is 199.0952 MHz.
mtrr: v2.0 (20020519)
Initializing RT netlink socket
PCI: PCI BIOS revision 2.10 entry at 0xfb4d0, last bus=1
PCI: Using configuration type 1
BIO: pool of 256 setup, 14Kb (56 bytes/bio)
biovec pool[0]:   1 bvecs: 256 entries (12 bytes)
biovec pool[1]:   4 bvecs: 256 entries (48 bytes)
biovec pool[2]:  16 bvecs: 256 entries (192 bytes)
biovec pool[3]:  64 bvecs: 256 entries (768 bytes)
biovec pool[4]: 128 bvecs: 256 entries (1536 bytes)
biovec pool[5]: 256 bvecs: 256 entries (3072 bytes)
ACPI: Subsystem revision 20030522
 tbxface-0117 [03] acpi_load_tables      : ACPI Tables successfully acquired
Parsing all Control Methods:....................................................................
Table [DSDT](id F004) - 305 Objects with 29 Devices 68 Methods 23 Regions
ACPI Namespace successfully loaded at root c041c1bc
spurious 8259A interrupt: IRQ7.
evxfevnt-0093 [04] acpi_enable           : Transition to ACPI mode successful
evgpeblk-0743 [06] ev_create_gpe_block   : GPE 00 to 15 [_GPE] 2 regs at 0000000000004020 on int 12
evgpeblk-0262 [08] ev_save_method_info   : Registered GPE method _L05 as GPE number 0x05
evgpeblk-0262 [08] ev_save_method_info   : Registered GPE method _L09 as GPE number 0x09
evgpeblk-0262 [08] ev_save_method_info   : Registered GPE method _L0D as GPE number 0x0D
evgpeblk-0262 [08] ev_save_method_info   : Registered GPE method _L08 as GPE number 0x08
Completing Region/Field/Buffer/Package initialization:...............................................
Initialized 23/23 Regions 1/1 Fields 15/15 Buffers 8/8 Packages (313 nodes)
Executing all Device _STA and_INI methods:..............................
30 Devices found containing: 30 _STA, 1 _INI methods
ACPI: Interpreter enabled
ACPI: Using PIC for interrupt routing
ACPI: PCI Root Bridge [PCI0] (00:00)
PCI: Probing PCI hardware (bus 00)
Disabling VIA memory write queue (PCI ID 0305, rev 03): [55] 8d & 1f -> 0d
ACPI: PCI Interrupt Routing Table [\_SB_.PCI0._PRT]
ACPI: PCI Interrupt Link [LNKA] (IRQs 1 3 4 5 6 7 10 11 12 14 15, disabled)
ACPI: PCI Interrupt Link [LNKB] (IRQs 1 3 4 5 6 7 10 11 12 14 15, disabled)
ACPI: PCI Interrupt Link [LNKC] (IRQs 1 3 4 5 6 7 *10 11 12 14 15)
ACPI: PCI Interrupt Link [LNKD] (IRQs 1 3 4 5 6 7 10 *11 12 14 15)
drivers/usb/core/usb.c: registered new driver usbfs
drivers/usb/core/usb.c: registered new driver hub
ACPI: PCI Interrupt Link [LNKA] enabled at IRQ 5
ACPI: PCI Interrupt Link [LNKB] enabled at IRQ 11
PCI: Using ACPI for IRQ routing
PCI: if you experience problems, try using option 'pci=noacpi' or even 'acpi=off'
Machine check exception polling timer started.
Enabling SEP on CPU 0
Journalled Block Device driver loaded
devfs: v1.22 (20021013) Richard Gooch (rgooch@atnf.csiro.au)
devfs: boot_options: 0x1
NTFS driver 2.1.4 [Flags: R/O].
Applying VIA southbridge workaround.
ACPI: Power Button (FF) [PWRF]
ACPI: Processor [CPU0] (supports C1 C2, 2 throttling states)
pty: 256 Unix98 ptys configured
Real Time Clock Driver v1.11
Linux agpgart interface v0.100 (c) Dave Jones
agpgart: Detected VIA Apollo Pro KT133/KM133/TwisterK chipset
agpgart: Maximum main memory to use for agp memory: 439M
agpgart: AGP aperture is 64M @ 0xe0000000
Hangcheck: starting hangcheck timer 0.5.0 (tick is 180 seconds, margin is 60 seconds).
Serial: 8250/16550 driver $Revision: 1.90 $ IRQ sharing disabled
anticipatory scheduling elevator
Floppy drive(s): fd0 is 1.44M
FDC 0 is a post-1991 82077
8139too Fast Ethernet driver 0.9.26
eth0: RealTek RTL8139 Fast Ethernet at 0xe0829000, 00:02:44:16:e4:1e, IRQ 11
eth0:  Identified 8139 chip type 'RTL-8139C'
Uniform Multi-Platform E-IDE driver Revision: 7.00alpha2
ide: Assuming 33MHz system bus speed for PIO modes; override with idebus=xx
VP_IDE: IDE controller at PCI slot 00:07.1
VP_IDE: chipset revision 6
VP_IDE: not 100% native mode: will probe irqs later
ide: Assuming 33MHz system bus speed for PIO modes; override with idebus=xx
VP_IDE: VIA vt82c686b (rev 40) IDE UDMA100 controller on pci00:07.1
    ide0: BM-DMA at 0xd000-0xd007, BIOS settings: hda:DMA, hdb:pio
    ide1: BM-DMA at 0xd008-0xd00f, BIOS settings: hdc:DMA, hdd:pio
hda: QUANTUM FIREBALLP AS40.0, ATA DISK drive
anticipatory scheduling elevator
ide0 at 0x1f0-0x1f7,0x3f6 on irq 14
hdc: CD-540E, ATAPI CD/DVD-ROM drive
anticipatory scheduling elevator
ide1 at 0x170-0x177,0x376 on irq 15
hda: max request size: 128KiB
hda: host protected area => 1
hda: 78177792 sectors (40027 MB) w/1902KiB Cache, CHS=77557/16/63, UDMA(100)
 /dev/ide/host0/bus0/target0/lun0: p1 p2 p3
hdc: ATAPI 40X CD-ROM drive, 128kB Cache, UDMA(33)
Uniform CD-ROM driver Revision: 3.12
drivers/usb/host/uhci-hcd.c: USB Universal Host Controller Interface driver v2.1
uhci-hcd 00:07.2: VIA Technologies, In USB
uhci-hcd 00:07.2: irq 11, io base 0000d400
Please use the 'usbfs' filetype instead, the 'usbdevfs' name is deprecated.
uhci-hcd 00:07.2: new USB bus registered, assigned bus number 1
drivers/usb/host/uhci-hcd.c: detected 2 ports
uhci-hcd 00:07.2: root hub device address 1
usb usb1: new device strings: Mfr=3, Product=2, SerialNumber=1
usb usb1: Product: VIA Technologies, In USB
usb usb1: Manufacturer: Linux 2.5.70-mm1 uhci-hcd
usb usb1: SerialNumber: 00:07.2
usb usb1: usb_new_device - registering interface 1-0:0
hub 1-0:0: usb_device_probe
hub 1-0:0: usb_device_probe - got id
hub 1-0:0: USB hub found
hub 1-0:0: 2 ports detected
hub 1-0:0: standalone hub
hub 1-0:0: ganged power switching
hub 1-0:0: global over-current protection
hub 1-0:0: Port indicators are not supported
hub 1-0:0: power on to power good time: 2ms
hub 1-0:0: hub controller current requirement: 0mA
hub 1-0:0: local power source is good
hub 1-0:0: no over-current condition exists
hub 1-0:0: enabling power on all ports
drivers/usb/core/usb.c: registered new driver hid
drivers/usb/input/hid-core.c: v2.0:USB HID core driver
mice: PS/2 mouse device common for all mice
serio: i8042 AUX port at 0x60,0x64 irq 12
input: AT Set 2 keyboard on isa0060/serio0
serio: i8042 KBD port at 0x60,0x64 irq 1
Advanced Linux Sound Architecture Driver Version 0.9.2 (Thu Mar 20 13:31:57 2003 UTC).
request_module: failed /sbin/modprobe -- snd-card-0. error = -16
PCI: Setting latency timer of device 00:07.5 to 64
hub 1-0:0: port 1, status 100, change 3, 12 Mb/s
hub 1-0:0: port 2, status 301, change 3, 1.5 Mb/s
hub 1-0:0: debounce: port 2: delay 100ms stable 4 status 0x301
hub 1-0:0: new USB device on port 2, assigned address 2
usb 1-2: new device strings: Mfr=1, Product=3, SerialNumber=0
usb 1-2: Product: Microsoft 3-Button Mouse with IntelliEye(TM)
usb 1-2: Manufacturer: Microsoft
usb 1-2: usb_new_device - registering interface 1-2:0
hid 1-2:0: usb_device_probe
hid 1-2:0: usb_device_probe - got id
ALSA device list:
  #0: VIA 82C686A/B rev50 at 0xdc00, irq 10
NET4: Linux TCP/IP 1.0 for NET4.0
IP: routing cache hash table of 4096 buckets, 32Kbytes
TCP: Hash tables configured (established 32768 bind 65536)
NET4: Unix domain sockets 1.0/SMP for Linux NET4.0.
input: USB HID v1.10 Mouse [Microsoft Microsoft 3-Button Mouse with IntelliEye(TM)] on usb-00:07.2-2
hub 1-0:0: port 1 enable change, status 100
kjournald starting.  Commit interval 5 seconds
EXT3-fs: mounted filesystem with ordered data mode.
VFS: Mounted root (ext3 filesystem) readonly.
Mounted devfs on /dev
Freeing unused kernel memory: 316k freed
EXT3 FS 2.4-0.9.16, 02 Dec 2001 on hda3, internal journal
NTFS volume version 3.0.
NTFS volume version 3.1.
Adding 262136k swap on /swap.  Priority:-1 extents:786
eth0: Setting 100mbps full-duplex based on auto-negotiated partner ability 41e1.