Date: Fri, 4 Aug 2000 13:26:56 -0400 (EDT)
From: "Mohammad A. Haque" <>
Subject: 2.4.0-test6-pre1 -->  error reading ELF header
Sender: linux-kernel-owner@vger.kernel.org
Precedence: bulk
List-ID: <linux-kernel.vger.kernel.org>
X-Mailing-List: linux-kernel@vger.kernel.org
X-Lkml-Link: https://lkml.org/lkml/2000/8/4/108

Hello everyone
I decided to give 2.4.0-test after trying 2.3 a few months
back. Everything seems to compile without a hitch. After
installation/reboot depmod gives the following....
[mhaque@viper linux]$ sudo depmod -a
depmod: error reading ELF header: No such file or directory
depmod: *** Unresolved symbols in /lib/modules/2.4.0-test6/misc/ip_gre.o
depmod: *** Unresolved symbols in /lib/modules/2.4.0-test6/misc/ipip.o
depmod: *** Unresolved symbols in
/lib/modules/2.4.0-test6/misc/radio-miropcm20.o
depmod: *** Unresolved symbols in /lib/modules/2.4.0-test6/usb/printer.o
[mhaque@viper linux]$ gcc --version
2.95.2
[mhaque@viper linux]$ ldd --version
ldd (GNU libc) 2.1.3
[mhaque@viper linux]$ ld -v
GNU ld version 2.9.5 (with BFD 2.9.5.0.22)
[mhaque@viper linux]$ depmod --version
depmod version 2.3.13
I haven't tried compiling with gcc 2.7.2.3 yet and I won't have a chance
until late next weekend. Wanted to know if anyone had a quick fix or if
anyone else is even seeing this problem.
Let me know if you need anymore information.
I'm not subscribed to the mailling list so please CC me.
Thanks
-- 
=====================================================================
Mohammad A. Haque                              
http://www.haque.net/
 
                                               mhaque@haque.net
  "Alcohol and calculus don't mix.             Project Lead
   Don't drink and derive." --Unknown          
http://wm.themes.org/
                                               batmanppc@themes.org
=====================================================================
-
To unsubscribe from this list: send the line "unsubscribe linux-kernel" in
the body of a message to majordomo@vger.rutgers.edu
Please read the FAQ at 
http://www.tux.org/lkml/