Date: Fri, 22 Sep 2000 16:59:11 +0200
From: Pavel Machek <>
Subject: mkswap/swapon problems
Sender: linux-kernel-owner@vger.kernel.org
Precedence: bulk
List-ID: <linux-kernel.vger.kernel.org>
X-Mailing-List: linux-kernel@vger.kernel.org
X-Lkml-Link: https://lkml.org/lkml/2000/9/22/76

Hi!
test8 exhibits rather strange behaviour:
root@bug:~# ls -al /tmp/swap
-rw-r--r--   1 root     root     27164672 Sep 22 16:58 /tmp/swap
root@bug:~# mkswap /tmp/swap
Setting up swapspace, size = 27160576 bytes
root@bug:~# swapon /tmp/swap
swapon: /tmp/swap: Invalid argument
root@bug:~# sync
root@bug:~# swapon /tmp/swap
root@bug:~#
								Pavel
-- 
I'm pavel@ucw.cz. "In my country we have almost anarchy and I don't care."
Panos Katsaloulis describing me w.r.t. patents at discuss@linmodems.org
-
To unsubscribe from this list: send the line "unsubscribe linux-kernel" in
the body of a message to majordomo@vger.kernel.org
Please read the FAQ at 
http://www.tux.org/lkml/