Date: Fri, 02 Nov 2001 14:10:25 +0100
From: Andreas Franck <>
Subject: Weird /proc/meminfo output on 2.4.13-ac5
Sender: linux-kernel-owner@vger.kernel.org
Precedence: bulk
List-ID: <linux-kernel.vger.kernel.org>
X-Mailing-List: linux-kernel@vger.kernel.org
X-Lkml-Link: https://lkml.org/lkml/2001/11/2/76

Hello folks,
since about two days I'm running a machine here with 2.4.13-ac5,
and am quite satisfied with the performance. But now, I noticed
some strange output in /proc/meminfo:
$ cat /proc/meminfo
        total:    used:    free:  shared: buffers:  cached:
Mem:  789250048 781295616  7954432   659456 402890752
18446744073478758400
Swap: 6744576000   282624 6744293376
MemTotal:       770752 kB
MemFree:          7768 kB
MemShared:         644 kB
Buffers:        393448 kB
Cached:       4294741680 kB     <------ This is impossible, i think? :-)
SwapCached:        232 kB
Active:         254160 kB
Inact_dirty:    307272 kB
Inact_clean:        80 kB
Inact_target:   157284 kB
HighTotal:           0 kB
HighFree:            0 kB
LowTotal:       770752 kB
LowFree:          7768 kB
SwapTotal:     6586500 kB
SwapFree:      6586224 kB
The machine is an AMD Athlon 1200, with 768 MB RAM and about 6G swap.
Is there anything more you need to investigate this problem? Then please
don't hesitate to ask.
Greetings,
Andreas
-
To unsubscribe from this list: send the line "unsubscribe linux-kernel" in
the body of a message to majordomo@vger.kernel.org
More majordomo info at  
http://vger.kernel.org/majordomo-info.html
Please read the FAQ at  
http://www.tux.org/lkml/