Date: Wed, 20 Feb 2008 00:04:35 +0100
From: Andre Tomt <>
Subject: Re: USB OOPS 2.6.25-rc2-git1
Sender: linux-kernel-owner@vger.kernel.org
Precedence: bulk
List-ID: <linux-kernel.vger.kernel.org>
X-Mailing-List: linux-kernel@vger.kernel.org
X-Lkml-Link: https://lkml.org/lkml/2008/2/19/493

David Brownell wrote:
> On Tuesday 19 February 2008, Andre Tomt wrote:
>> Got this on a serial console today, using 2.6.25-rc2-git1. Machine was 
>> not doing anything interesting at the time, but has its / and kernel on 
>> a usb-storage device (usb pen drive).
> 
> Can you try this diagnostic patch, to see if it reports any messages
> about IAA and/or IAAD oddities?  There's surely a quick workaround
> for this, but I'd rather understand the root cause before patching.
Doesn't seem to have triggered anything. dmesg attached in case I missed 
anything.
Note that this does not happen at all with 2.6.24, but with 
2.6.25-rc2-git1 it usually crashes at boot. If not, it crashes after 
about an hour (pretty random, but it never lasts very long.)
Initializing cgroup subsys cpuset
Linux version 2.6.25-rc2-git1 (atomt@pelle) (gcc version 4.2.3 (Debian 4.2.3-1)) #4 SMP Tue Feb 19 23:24:03 CET 2008
Command line: root=/dev/sda1 ro rootflags=noatime rootfstype=ext2 console=ttyS0,38400 verbose
BIOS-provided physical RAM map:
 BIOS-e820: 0000000000000000 - 000000000009bc00 (usable)
 BIOS-e820: 000000000009bc00 - 00000000000a0000 (reserved)
 BIOS-e820: 00000000000f0000 - 0000000000100000 (reserved)
 BIOS-e820: 0000000000100000 - 000000007fee0000 (usable)
 BIOS-e820: 000000007fee0000 - 000000007fee3000 (ACPI NVS)
 BIOS-e820: 000000007fee3000 - 000000007fef0000 (ACPI data)
 BIOS-e820: 000000007fef0000 - 000000007ff00000 (reserved)
 BIOS-e820: 00000000e0000000 - 00000000f0000000 (reserved)
 BIOS-e820: 00000000fec00000 - 0000000100000000 (reserved)
end_pfn_map = 1048576
DMI 2.4 present.
ACPI: RSDP 000F7850, 0014 (r0 IntelR)
ACPI: RSDT 7FEE3040, 0038 (r1 IntelR AWRDACPI 42302E31 AWRD        0)
ACPI: FACP 7FEE30C0, 0074 (r1 IntelR AWRDACPI 42302E31 AWRD        0)
ACPI: DSDT 7FEE3180, 463D (r1 INTELR AWRDACPI     1000 MSFT  3000000)
ACPI: FACS 7FEE0000, 0040
ACPI: HPET 7FEE7900, 0038 (r1 IntelR AWRDACPI 42302E31 AWRD       98)
ACPI: MCFG 7FEE7980, 003C (r1 IntelR AWRDACPI 42302E31 AWRD        0)
ACPI: APIC 7FEE7800, 0084 (r1 IntelR AWRDACPI 42302E31 AWRD        0)
ACPI: SSDT 7FEE8020, 02F1 (r1  PmRef    CpuPm     3000 INTL 20040311)
No NUMA configuration found
Faking a node at 0000000000000000-000000007fee0000
Bootmem setup node 0 0000000000000000-000000007fee0000
  NODE_DATA [000000000000c000 - 0000000000012fff]
  bootmap [0000000000013000 -  0000000000022fdf] pages 10
early res: 0 [0-fff] BIOS data page
early res: 1 [6000-7fff] SMP_TRAMPOLINE
early res: 2 [200000-565977] TEXT DATA BSS
early res: 3 [37a4a000-37fefe19] RAMDISK
early res: 4 [9bc00-abbff] EBDA
early res: 5 [8000-bfff] PGTABLE
Zone PFN ranges:
  DMA             0 ->     4096
  DMA32        4096 ->  1048576
  Normal    1048576 ->  1048576
Movable zone start PFN for each node
early_node_map[2] active PFN ranges
    0:        0 ->      155
    0:      256 ->   524000
ACPI: PM-Timer IO Port: 0x408
ACPI: LAPIC (acpi_id[0x00] lapic_id[0x00] enabled)
Processor #0 (Bootup-CPU)
ACPI: LAPIC (acpi_id[0x01] lapic_id[0x01] enabled)
Processor #1
ACPI: LAPIC (acpi_id[0x02] lapic_id[0x02] disabled)
ACPI: LAPIC (acpi_id[0x03] lapic_id[0x03] disabled)
ACPI: LAPIC_NMI (acpi_id[0x00] high edge lint[0x1])
ACPI: LAPIC_NMI (acpi_id[0x01] high edge lint[0x1])
ACPI: LAPIC_NMI (acpi_id[0x02] high edge lint[0x1])
ACPI: LAPIC_NMI (acpi_id[0x03] high edge lint[0x1])
ACPI: IOAPIC (id[0x04] address[0xfec00000] gsi_base[0])
IOAPIC[0]: apic_id 4, address 0xfec00000, GSI 0-23
ACPI: INT_SRC_OVR (bus 0 bus_irq 0 global_irq 2 dfl dfl)
ACPI: INT_SRC_OVR (bus 0 bus_irq 9 global_irq 9 high level)
Setting APIC routing to flat
ACPI: HPET id: 0x8086a201 base: 0xfed00000
Using ACPI (MADT) for SMP configuration information
Allocating PCI resources starting at 80000000 (gap: 7ff00000:60100000)
SMP: Allowing 4 CPUs, 2 hotplug CPUs
PERCPU: Allocating 34472 bytes of per cpu data
Built 1 zonelists in Node order, mobility grouping on.  Total pages: 515841
Policy zone: DMA32
Kernel command line: root=/dev/sda1 ro rootflags=noatime rootfstype=ext2 console=ttyS0,38400 verbose
Initializing CPU#0
PID hash table entries: 4096 (order: 12, 32768 bytes)
TSC calibrated against PM_TIMER
time.c: Detected 1862.005 MHz processor.
Console: colour VGA+ 80x25
console [ttyS0] enabled
Checking aperture...
Memory: 2057284k/2096000k available (1802k kernel code, 38312k reserved, 791k data, 328k init)
Calibrating delay using timer specific routine.. 3726.31 BogoMIPS (lpj=18631578)
Dentry cache hash table entries: 262144 (order: 9, 2097152 bytes)
Inode-cache hash table entries: 131072 (order: 8, 1048576 bytes)
Mount-cache hash table entries: 256
Initializing cgroup subsys ns
CPU: L1 I cache: 32K, L1 D cache: 32K
CPU: L2 cache: 2048K
CPU 0/0 -> Node 0
CPU: Physical Processor ID: 0
CPU: Processor Core ID: 0
CPU0: Thermal monitoring enabled (TM2)
using mwait in idle threads.
checking if image is initramfs... it is
Freeing initrd memory: 5783k freed
ACPI: Core revision 20070126
ACPI: Checking initramfs for custom DSDT
Using local APIC timer interrupts.
Detected 16.625 MHz APIC timer.
Booting processor 1/2 APIC 0x1
Initializing CPU#1
Calibrating delay using timer specific routine.. 3724.07 BogoMIPS (lpj=18620397)
CPU: L1 I cache: 32K, L1 D cache: 32K
CPU: L2 cache: 2048K
CPU 1/1 -> Node 0
CPU: Physical Processor ID: 0
CPU: Processor Core ID: 1
CPU1: Thermal monitoring enabled (TM2)
Intel(R) Core(TM)2 CPU          6300  @ 1.86GHz stepping 06
checking TSC synchronization [CPU#0 -> CPU#1]: passed.
Brought up 2 CPUs
net_namespace: 1024 bytes
NET: Registered protocol family 16
ACPI: bus type pci registered
PCI: Using MMCONFIG at e0000000 - efffffff
PCI: Using configuration type 1
ACPI: Interpreter enabled
ACPI: (supports S0 S3 S5)
ACPI: Using IOAPIC for interrupt routing
ACPI: PCI Root Bridge [PCI0] (0000:00)
pci 0000:00:1f.0: quirk: region 0400-047f claimed by ICH6 ACPI/GPIO/TCO
pci 0000:00:1f.0: quirk: region 0480-04bf claimed by ICH6 GPIO
PCI: Transparent bridge - 0000:00:1e.0
ACPI: PCI Interrupt Link [LNKA] (IRQs 3 4 5 *7 9 10 11 14 15)
ACPI: PCI Interrupt Link [LNKB] (IRQs 3 4 *5 7 9 10 11 14 15)
ACPI: PCI Interrupt Link [LNKC] (IRQs 3 4 5 7 9 *10 11 14 15)
ACPI: PCI Interrupt Link [LNKD] (IRQs 3 4 5 7 9 10 *11 14 15)
ACPI: PCI Interrupt Link [LNKE] (IRQs *3 4 5 7 9 10 11 14 15)
ACPI: PCI Interrupt Link [LNKF] (IRQs 3 4 5 7 9 10 *11 14 15)
ACPI: PCI Interrupt Link [LNK0] (IRQs 3 4 5 7 9 10 11 14 15) *0, disabled.
ACPI: PCI Interrupt Link [LNK1] (IRQs 3 4 5 7 *9 10 11 14 15)
Linux Plug and Play Support v0.97 (c) Adam Belay
pnp: PnP ACPI init
ACPI: bus type pnp registered
pnpacpi: exceeded the max number of mem resources: 12
pnp: PnP ACPI: found 13 devices
ACPI: ACPI bus type pnp unregistered
PCI: Using ACPI for IRQ routing
PCI: If a device doesn't work, try "pci=routeirq".  If it helps, post a report
PCI-GART: No AMD northbridge found.
hpet0: at MMIO 0xfed00000, IRQs 2, 8, 11
hpet0: 3 64-bit timers, 14318180 Hz
ACPI: RTC can wake from S4
Time: tsc clocksource has been installed.
system 00:01: ioport range 0x4d0-0x4d1 has been reserved
system 00:01: ioport range 0x290-0x29f has been reserved
system 00:01: ioport range 0x800-0x87f has been reserved
system 00:01: ioport range 0x880-0x88f has been reserved
system 00:09: ioport range 0x400-0x4bf could not be reserved
system 00:0b: iomem range 0xe0000000-0xefffffff could not be reserved
system 00:0c: iomem range 0xf0000-0xfffff could not be reserved
system 00:0c: iomem range 0x7ff00000-0x7fffffff has been reserved
system 00:0c: iomem range 0xfed00000-0xfed000ff has been reserved
system 00:0c: iomem range 0x7fee0000-0x7fefffff could not be reserved
system 00:0c: iomem range 0x0-0x9ffff could not be reserved
system 00:0c: iomem range 0x100000-0x7fedffff could not be reserved
system 00:0c: iomem range 0xfec00000-0xfec00fff has been reserved
system 00:0c: iomem range 0xfed14000-0xfed1dfff has been reserved
system 00:0c: iomem range 0xfed20000-0xfed9ffff has been reserved
system 00:0c: iomem range 0xfee00000-0xfee00fff could not be reserved
system 00:0c: iomem range 0xffb00000-0xffb7ffff has been reserved
system 00:0c: iomem range 0xfff00000-0xffffffff has been reserved
PCI: Bridge: 0000:00:01.0
  IO window: b000-bfff
  MEM window: 0xfa000000-0xfcffffff
  PREFETCH window: 0x00000000d0000000-0x00000000dfffffff
PCI: Bridge: 0000:00:1c.0
  IO window: a000-afff
  MEM window: 0xfda00000-0xfdafffff
  PREFETCH window: 0x00000000fd700000-0x00000000fd7fffff
PCI: Bridge: 0000:00:1c.1
  IO window: 9000-9fff
  MEM window: 0xfd600000-0xfd6fffff
  PREFETCH window: 0x00000000fd500000-0x00000000fd5fffff
PCI: Bridge: 0000:00:1c.2
  IO window: d000-dfff
  MEM window: 0xfde00000-0xfdefffff
  PREFETCH window: 0x00000000fdd00000-0x00000000fddfffff
PCI: Bridge: 0000:00:1c.4
  IO window: c000-cfff
  MEM window: 0xfdc00000-0xfdcfffff
  PREFETCH window: 0x00000000fdb00000-0x00000000fdbfffff
PCI: Bridge: 0000:00:1e.0
  IO window: 8000-8fff
  MEM window: 0xfd900000-0xfd9fffff
  PREFETCH window: 0x00000000fd800000-0x00000000fd8fffff
ACPI: PCI Interrupt 0000:00:01.0[A] -> GSI 16 (level, low) -> IRQ 16
ACPI: PCI Interrupt 0000:00:1c.0[A] -> GSI 16 (level, low) -> IRQ 16
ACPI: PCI Interrupt 0000:00:1c.1[B] -> GSI 17 (level, low) -> IRQ 17
ACPI: PCI Interrupt 0000:00:1c.2[C] -> GSI 18 (level, low) -> IRQ 18
ACPI: PCI Interrupt 0000:00:1c.4[A] -> GSI 16 (level, low) -> IRQ 16
PCI: Enabling device 0000:00:1e.0 (0100 -> 0103)
NET: Registered protocol family 2
IP route cache hash table entries: 65536 (order: 7, 524288 bytes)
TCP established hash table entries: 262144 (order: 10, 4194304 bytes)
TCP bind hash table entries: 65536 (order: 8, 1048576 bytes)
TCP: Hash tables configured (established 262144 bind 65536)
TCP reno registered
VFS: Disk quotas dquot_6.5.1
Dquot-cache hash table entries: 512 (order 0, 4096 bytes)
Block layer SCSI generic (bsg) driver version 0.4 loaded (major 254)
io scheduler noop registered
io scheduler anticipatory registered
io scheduler deadline registered (default)
io scheduler cfq registered
assign_interrupt_mode Found MSI capability
assign_interrupt_mode Found MSI capability
assign_interrupt_mode Found MSI capability
assign_interrupt_mode Found MSI capability
assign_interrupt_mode Found MSI capability
Linux agpgart interface v0.103
Serial: 8250/16550 driver $Revision: 1.90 $ 4 ports, IRQ sharing disabled
serial8250: ttyS0 at I/O 0x3f8 (irq = 4) is a 16550A
00:07: ttyS0 at I/O 0x3f8 (irq = 4) is a 16550A
brd: module loaded
PNP: PS/2 Controller [PNP0303:PS2K] at 0x60,0x64 irq 1
PNP: PS/2 appears to have AUX port disabled, if this is incorrect please boot with i8042.nopnp
serio: i8042 KBD port at 0x60,0x64 irq 1
mice: PS/2 mouse device common for all mice
cpuidle: using governor ladder
cpuidle: using governor menu
TCP cubic registered
input: AT Translated Set 2 keyboard as /devices/platform/i8042/serio0/input/input0
NET: Registered protocol family 1
NET: Registered protocol family 17
registered taskstats version 1
Freeing unused kernel memory: 328k freed
Loading, please wait...
Begin: Loading essential drivers... ...
usbcore: registered new interface driver usbfs
usbcore: registered new interface driver hub
usbcore: registered new device driver usb
ACPI: PCI Interrupt 0000:00:1a.7[C] -> GSI 18 (level, low) -> IRQ 18
ehci_hcd 0000:00:1a.7: EHCI Host Controller
ehci_hcd 0000:00:1a.7: new USB bus registered, assigned bus number 1
ehci_hcd 0000:00:1a.7: debug port 1
ehci_hcd 0000:00:1a.7: irq 18, io mem 0xfdffe000
ehci_hcd 0000:00:1a.7: USB 2.0 started, EHCI 1.00, driver 10 Dec 2004
usb usb1: configuration #1 chosen from 1 choice
hub 1-0:1.0: USB hub found
hub 1-0:1.0: 4 ports detected
usb usb1: New USB device found, idVendor=1d6b, idProduct=0002
usb usb1: New USB device strings: Mfr=3, Product=2, SerialNumber=1
usb usb1: Product: EHCI Host Controller
usb usb1: Manufacturer: Linux 2.6.25-rc2-git1 ehci_hcd
usb usb1: SerialNumber: 0000:00:1a.7
ACPI: PCI Interrupt 0000:00:1d.7[A] -> GSI 23 (level, low) -> IRQ 23
ehci_hcd 0000:00:1d.7: EHCI Host Controller
ehci_hcd 0000:00:1d.7: new USB bus registered, assigned bus number 2
ehci_hcd 0000:00:1d.7: debug port 1
ehci_hcd 0000:00:1d.7: irq 23, io mem 0xfdffd000
ehci_hcd 0000:00:1d.7: USB 2.0 started, EHCI 1.00, driver 10 Dec 2004
usb usb2: configuration #1 chosen from 1 choice
hub 2-0:1.0: USB hub found
hub 2-0:1.0: 6 ports detected
usb usb2: New USB device found, idVendor=1d6b, idProduct=0002
usb usb2: New USB device strings: Mfr=3, Product=2, SerialNumber=1
usb usb2: Product: EHCI Host Controller
usb usb2: Manufacturer: Linux 2.6.25-rc2-git1 ehci_hcd
usb usb2: SerialNumber: 0000:00:1d.7
usb 2-2: new high speed USB device using ehci_hcd and address 2
usb 2-2: configuration #1 chosen from 1 choice
usb 2-2: New USB device found, idVendor=090c, idProduct=1000
usb 2-2: New USB device strings: Mfr=1, Product=2, SerialNumber=3
usb 2-2: Product: Flash Voyager
usb 2-2: Manufacturer: Corsair
usb 2-2: SerialNumber: A302000000000155
usbcore: registered new interface driver libusual
SCSI subsystem initialized
Initializing USB Mass Storage driver...
scsi0 : SCSI emulation for USB Mass Storage devices
usbcore: registered new interface driver usb-storage
USB Mass Storage support registered.
Driver 'sd' needs updating - please use bus_type methods
Done.
Begin: Running /scripts/init-premount ...
ACPI: PNP0C0B:00 is registered as cooling_device0
ACPI: Fan [FAN] (on)
ACPI: ACPI0007:00 is registered as cooling_device1
ACPI: SSDT 7FEE7EC0, 0152 (r1  PmRef  Cpu1Ist     3000 INTL 20040311)
ACPI: ACPI0007:01 is registered as cooling_device2
ACPI: LNXTHERM:01 is registered as thermal_zone0
ACPI: Thermal Zone [THRM] (36 C)
USB Universal Host Controller Interface driver v3.0
ACPI: PCI Interrupt 0000:00:1a.0[A] -> GSI 16 (level, low) -> IRQ 16
uhci_hcd 0000:00:1a.0: UHCI Host Controller
uhci_hcd 0000:00:1a.0: new USB bus registered, assigned bus number 3
uhci_hcd 0000:00:1a.0: irq 16, io base 0x0000fe00
usb usb3: configuration #1 chosen from 1 choice
hub 3-0:1.0: USB hub found
hub 3-0:1.0: 2 ports detected
usb usb3: New USB device found, idVendor=1d6b, idProduct=0001
usb usb3: New USB device strings: Mfr=3, Product=2, SerialNumber=1
usb usb3: Product: UHCI Host Controller
usb usb3: Manufacturer: Linux 2.6.25-rc2-git1 uhci_hcd
usb usb3: SerialNumber: 0000:00:1a.0
ACPI: PCI Interrupt 0000:00:1a.1[B] -> GSI 21 (level, low) -> IRQ 21
uhci_hcd 0000:00:1a.1: UHCI Host Controller
uhci_hcd 0000:00:1a.1: new USB bus registered, assigned bus number 4
uhci_hcd 0000:00:1a.1: irq 21, io base 0x0000fd00
usb usb4: configuration #1 chosen from 1 choice
hub 4-0:1.0: USB hub found
hub 4-0:1.0: 2 ports detected
usb usb4: New USB device found, idVendor=1d6b, idProduct=0001
usb usb4: New USB device strings: Mfr=3, Product=2, SerialNumber=1
usb usb4: Product: UHCI Host Controller
usb usb4: Manufacturer: Linux 2.6.25-rc2-git1 uhci_hcd
usb usb4: SerialNumber: 0000:00:1a.1
ACPI: PCI Interrupt 0000:00:1d.0[A] -> GSI 23 (level, low) -> IRQ 23
uhci_hcd 0000:00:1d.0: UHCI Host Controller
uhci_hcd 0000:00:1d.0: new USB bus registered, assigned bus number 5
uhci_hcd 0000:00:1d.0: irq 23, io base 0x0000fc00
usb usb5: configuration #1 chosen from 1 choice
hub 5-0:1.0: USB hub found
hub 5-0:1.0: 2 ports detected
usb usb5: New USB device found, idVendor=1d6b, idProduct=0001
usb usb5: New USB device strings: Mfr=3, Product=2, SerialNumber=1
usb usb5: Product: UHCI Host Controller
usb usb5: Manufacturer: Linux 2.6.25-rc2-git1 uhci_hcd
usb usb5: SerialNumber: 0000:00:1d.0
ACPI: PCI Interrupt 0000:00:1d.1[B] -> GSI 19 (level, low) -> IRQ 19
uhci_hcd 0000:00:1d.1: UHCI Host Controller
uhci_hcd 0000:00:1d.1: new USB bus registered, assigned bus number 6
uhci_hcd 0000:00:1d.1: irq 19, io base 0x0000fb00
usb usb6: configuration #1 chosen from 1 choice
hub 6-0:1.0: USB hub found
hub 6-0:1.0: 2 ports detected
usb usb6: New USB device found, idVendor=1d6b, idProduct=0001
usb usb6: New USB device strings: Mfr=3, Product=2, SerialNumber=1
usb usb6: Product: UHCI Host Controller
usb usb6: Manufacturer: Linux 2.6.25-rc2-git1 uhci_hcd
usb usb6: SerialNumber: 0000:00:1d.1
ACPI: PCI Interrupt 0000:00:1d.2[C] -> GSI 18 (level, low) -> IRQ 18
uhci_hcd 0000:00:1d.2: UHCI Host Controller
uhci_hcd 0000:00:1d.2: new USB bus registered, assigned bus number 7
uhci_hcd 0000:00:1d.2: irq 18, io base 0x0000fa00
usb usb7: configuration #1 chosen from 1 choice
hub 7-0:1.0: USB hub found
hub 7-0:1.0: 2 ports detected
usb usb7: New USB device found, idVendor=1d6b, idProduct=0001
usb usb7: New USB device strings: Mfr=3, Product=2, SerialNumber=1
usb usb7: Product: UHCI Host Controller
usb usb7: Manufacturer: Linux 2.6.25-rc2-git1 uhci_hcd
usb usb7: SerialNumber: 0000:00:1d.2
ACPI: PCI Interrupt 0000:03:00.0[A] -> GSI 17 (level, low) -> IRQ 17
scsi1 : sata_sil24
scsi2 : sata_sil24
ata1: SATA max UDMA/100 host m128@0xfd6ff000 port 0xfd6f8000 irq 17
ata2: SATA max UDMA/100 host m128@0xfd6ff000 port 0xfd6fa000 irq 17
ata1: SATA link up 3.0 Gbps (SStatus 123 SControl 0)
ata1.00: ATA-8: SAMSUNG HD501LJ, CR100-10, max UDMA7
ata1.00: 976773168 sectors, multi 16: LBA48 NCQ (depth 31/32)
ata1.00: configured for UDMA/100
scsi 0:0:0:0: Direct-Access     Corsair  Flash Voyager    1100 PQ: 0 ANSI: 0 CCS
sd 0:0:0:0: [sda] 16251904 512-byte hardware sectors (8321 MB)
sd 0:0:0:0: [sda] Write Protect is off
sd 0:0:0:0: [sda] Assuming drive cache: write through
sd 0:0:0:0: [sda] 16251904 512-byte hardware sectors (8321 MB)
sd 0:0:0:0: [sda] Write Protect is off
sd 0:0:0:0: [sda] Assuming drive cache: write through
 sda: sda1
sd 0:0:0:0: [sda] Attached SCSI removable disk
ata2: SATA link up 3.0 Gbps (SStatus 123 SControl 0)
ata2.00: ATA-7: Hitachi HDT725032VLA360, V54OA73A, max UDMA/133
ata2.00: 625142448 sectors, multi 16: LBA48 NCQ (depth 31/32)
ata2.00: configured for UDMA/100
scsi 1:0:0:0: Direct-Access     ATA      SAMSUNG HD501LJ  CR10 PQ: 0 ANSI: 5
sd 1:0:0:0: [sdb] 976773168 512-byte hardware sectors (500108 MB)
sd 1:0:0:0: [sdb] Write Protect is off
sd 1:0:0:0: [sdb] Write cache: enabled, read cache: enabled, doesn't support DPO or FUA
sd 1:0:0:0: [sdb] 976773168 512-byte hardware sectors (500108 MB)
sd 1:0:0:0: [sdb] Write Protect is off
sd 1:0:0:0: [sdb] Write cache: enabled, read cache: enabled, doesn't support DPO or FUA
 sdb: sdb1 < sdb5 >
sd 1:0:0:0: [sdb] Attached SCSI disk
scsi 2:0:0:0: Direct-Access     ATA      Hitachi HDT72503 V54O PQ: 0 ANSI: 5
sd 2:0:0:0: [sdc] 625142448 512-byte hardware sectors (320073 MB)
sd 2:0:0:0: [sdc] Write Protect is off
sd 2:0:0:0: [sdc] Write cache: enabled, read cache: enabled, doesn't support DPO or FUA
sd 2:0:0:0: [sdc] 625142448 512-byte hardware sectors (320073 MB)
sd 2:0:0:0: [sdc] Write Protect is off
sd 2:0:0:0: [sdc] Write cache: enabled, read cache: enabled, doesn't support DPO or FUA
 sdc: sdc1
sd 2:0:0:0: [sdc] Attached SCSI disk
ACPI: PCI Interrupt 0000:04:00.0[A] -> GSI 18 (level, low) -> IRQ 18
scsi3 : sata_sil24
scsi4 : sata_sil24
ata3: SATA max UDMA/100 host m128@0xfdeff000 port 0xfdef8000 irq 18
ata4: SATA max UDMA/100 host m128@0xfdeff000 port 0xfdefa000 irq 18
ata3: SATA link up 3.0 Gbps (SStatus 123 SControl 0)
ata3.00: ATA-7: ST3320620AS, 3.AAC, max UDMA/133
ata3.00: 625142448 sectors, multi 16: LBA48 NCQ (depth 31/32)
ata3.00: configured for UDMA/100
ata4: SATA link up 3.0 Gbps (SStatus 123 SControl 0)
ata4.00: ATA-7: ST3320620AS, 3.AAC, max UDMA/133
ata4.00: 625142448 sectors, multi 16: LBA48 NCQ (depth 31/32)
ata4.00: configured for UDMA/100
scsi 3:0:0:0: Direct-Access     ATA      ST3320620AS      3.AA PQ: 0 ANSI: 5
sd 3:0:0:0: [sdd] 625142448 512-byte hardware sectors (320073 MB)
sd 3:0:0:0: [sdd] Write Protect is off
sd 3:0:0:0: [sdd] Write cache: enabled, read cache: enabled, doesn't support DPO or FUA
sd 3:0:0:0: [sdd] 625142448 512-byte hardware sectors (320073 MB)
sd 3:0:0:0: [sdd] Write Protect is off
sd 3:0:0:0: [sdd] Write cache: enabled, read cache: enabled, doesn't support DPO or FUA
 sdd: sdd1 sdd2
sd 3:0:0:0: [sdd] Attached SCSI disk
scsi 4:0:0:0: Direct-Access     ATA      ST3320620AS      3.AA PQ: 0 ANSI: 5
sd 4:0:0:0: [sde] 625142448 512-byte hardware sectors (320073 MB)
sd 4:0:0:0: [sde] Write Protect is off
sd 4:0:0:0: [sde] Write cache: enabled, read cache: enabled, doesn't support DPO or FUA
sd 4:0:0:0: [sde] 625142448 512-byte hardware sectors (320073 MB)
sd 4:0:0:0: [sde] Write Protect is off
sd 4:0:0:0: [sde] Write cache: enabled, read cache: enabled, doesn't support DPO or FUA
 sde: sde1 sde2
sd 4:0:0:0: [sde] Attached SCSI disk
PCI: Enabling device 0000:05:00.1 (0000 -> 0001)
ACPI: PCI Interrupt 0000:05:00.1[B] -> GSI 17 (level, low) -> IRQ 17
scsi5 : pata_jmicron
scsi6 : pata_jmicron
ata5: PATA max UDMA/100 cmd 0xcf00 ctl 0xce00 bmdma 0xcb00 irq 17
ata6: PATA max UDMA/100 cmd 0xcd00 ctl 0xcc00 bmdma 0xcb08 irq 17
ACPI: PCI Interrupt 0000:00:1f.2[B] -> GSI 19 (level, low) -> IRQ 19
ahci 0000:00:1f.2: AHCI 0001.0100 32 slots 6 ports 3 Gbps 0x3f impl SATA mode
ahci 0000:00:1f.2: flags: 64bit ncq sntf led clo pio slum part
scsi7 : ahci
scsi8 : ahci
scsi9 : ahci
scsi10 : ahci
scsi11 : ahci
scsi12 : ahci
ata7: SATA max UDMA/133 abar m2048@0xfdffc000 port 0xfdffc100 irq 506
ata8: SATA max UDMA/133 abar m2048@0xfdffc000 port 0xfdffc180 irq 506
ata9: SATA max UDMA/133 abar m2048@0xfdffc000 port 0xfdffc200 irq 506
ata10: SATA max UDMA/133 abar m2048@0xfdffc000 port 0xfdffc280 irq 506
ata11: SATA max UDMA/133 abar m2048@0xfdffc000 port 0xfdffc300 irq 506
ata12: SATA max UDMA/133 abar m2048@0xfdffc000 port 0xfdffc380 irq 506
ata7: SATA link up 1.5 Gbps (SStatus 113 SControl 300)
ata7.00: ATA-6: ST3200822A, 3.01, max UDMA/100
ata7.00: 390721968 sectors, multi 0: LBA48
ata7.00: applying bridge limits
ata7.00: configured for UDMA/100
ata8: SATA link up 3.0 Gbps (SStatus 123 SControl 300)
ata8.00: ATA-8: SAMSUNG HD501LJ, CR100-10, max UDMA7
ata8.00: 976773168 sectors, multi 0: LBA48 NCQ (depth 31/32)
ata8.00: configured for UDMA/133
ata9: SATA link up 3.0 Gbps (SStatus 123 SControl 300)
ata9.00: ATA-8: SAMSUNG HD501LJ, CR100-10, max UDMA7
ata9.00: 976773168 sectors, multi 0: LBA48 NCQ (depth 31/32)
ata9.00: configured for UDMA/133
ata10: SATA link up 3.0 Gbps (SStatus 123 SControl 300)
ata10.00: ATA-8: SAMSUNG HD501LJ, CR100-10, max UDMA7
ata10.00: 976773168 sectors, multi 0: LBA48 NCQ (depth 31/32)
ata10.00: configured for UDMA/133
ata11: SATA link up 3.0 Gbps (SStatus 123 SControl 300)
ata11.00: ATA-7: ST3320620AS, 3.AAC, max UDMA/133
ata11.00: 625142448 sectors, multi 0: LBA48 NCQ (depth 31/32)
ata11.00: configured for UDMA/133
ata12: SATA link up 3.0 Gbps (SStatus 123 SControl 300)
ata12.00: ATA-7: ST3320620AS, 3.AAC, max UDMA/133
ata12.00: 625142448 sectors, multi 0: LBA48 NCQ (depth 31/32)
ata12.00: configured for UDMA/133
scsi 7:0:0:0: Direct-Access     ATA      ST3200822A       3.01 PQ: 0 ANSI: 5
sd 7:0:0:0: [sdf] 390721968 512-byte hardware sectors (200050 MB)
sd 7:0:0:0: [sdf] Write Protect is off
sd 7:0:0:0: [sdf] Write cache: enabled, read cache: enabled, doesn't support DPO or FUA
sd 7:0:0:0: [sdf] 390721968 512-byte hardware sectors (200050 MB)
sd 7:0:0:0: [sdf] Write Protect is off
sd 7:0:0:0: [sdf] Write cache: enabled, read cache: enabled, doesn't support DPO or FUA
 sdf: sdf1 sdf2 < sdf5 >
sd 7:0:0:0: [sdf] Attached SCSI disk
scsi 8:0:0:0: Direct-Access     ATA      SAMSUNG HD501LJ  CR10 PQ: 0 ANSI: 5
sd 8:0:0:0: [sdg] 976773168 512-byte hardware sectors (500108 MB)
sd 8:0:0:0: [sdg] Write Protect is off
sd 8:0:0:0: [sdg] Write cache: enabled, read cache: enabled, doesn't support DPO or FUA
sd 8:0:0:0: [sdg] 976773168 512-byte hardware sectors (500108 MB)
sd 8:0:0:0: [sdg] Write Protect is off
sd 8:0:0:0: [sdg] Write cache: enabled, read cache: enabled, doesn't support DPO or FUA
 sdg: sdg1 < sdg5 >
sd 8:0:0:0: [sdg] Attached SCSI disk
scsi 9:0:0:0: Direct-Access     ATA      SAMSUNG HD501LJ  CR10 PQ: 0 ANSI: 5
sd 9:0:0:0: [sdh] 976773168 512-byte hardware sectors (500108 MB)
sd 9:0:0:0: [sdh] Write Protect is off
sd 9:0:0:0: [sdh] Write cache: enabled, read cache: enabled, doesn't support DPO or FUA
sd 9:0:0:0: [sdh] 976773168 512-byte hardware sectors (500108 MB)
sd 9:0:0:0: [sdh] Write Protect is off
sd 9:0:0:0: [sdh] Write cache: enabled, read cache: enabled, doesn't support DPO or FUA
 sdh: sdh1 < sdh5 >
sd 9:0:0:0: [sdh] Attached SCSI disk
scsi 10:0:0:0: Direct-Access     ATA      SAMSUNG HD501LJ  CR10 PQ: 0 ANSI: 5
sd 10:0:0:0: [sdi] 976773168 512-byte hardware sectors (500108 MB)
sd 10:0:0:0: [sdi] Write Protect is off
sd 10:0:0:0: [sdi] Write cache: enabled, read cache: enabled, doesn't support DPO or FUA
sd 10:0:0:0: [sdi] 976773168 512-byte hardware sectors (500108 MB)
sd 10:0:0:0: [sdi] Write Protect is off
sd 10:0:0:0: [sdi] Write cache: enabled, read cache: enabled, doesn't support DPO or FUA
 sdi: sdi1 < sdi5 >
sd 10:0:0:0: [sdi] Attached SCSI disk
scsi 11:0:0:0: Direct-Access     ATA      ST3320620AS      3.AA PQ: 0 ANSI: 5
sd 11:0:0:0: [sdj] 625142448 512-byte hardware sectors (320073 MB)
sd 11:0:0:0: [sdj] Write Protect is off
sd 11:0:0:0: [sdj] Write cache: enabled, read cache: enabled, doesn't support DPO or FUA
sd 11:0:0:0: [sdj] 625142448 512-byte hardware sectors (320073 MB)
sd 11:0:0:0: [sdj] Write Protect is off
sd 11:0:0:0: [sdj] Write cache: enabled, read cache: enabled, doesn't support DPO or FUA
 sdj: sdj1 sdj2
sd 11:0:0:0: [sdj] Attached SCSI disk
scsi 12:0:0:0: Direct-Access     ATA      ST3320620AS      3.AA PQ: 0 ANSI: 5
sd 12:0:0:0: [sdk] 625142448 512-byte hardware sectors (320073 MB)
sd 12:0:0:0: [sdk] Write Protect is off
sd 12:0:0:0: [sdk] Write cache: enabled, read cache: enabled, doesn't support DPO or FUA
sd 12:0:0:0: [sdk] 625142448 512-byte hardware sectors (320073 MB)
sd 12:0:0:0: [sdk] Write Protect is off
sd 12:0:0:0: [sdk] Write cache: enabled, read cache: enabled, doesn't support DPO or FUA
 sdk: sdk1 sdk2
sd 12:0:0:0: [sdk] Attached SCSI disk
ACPI: PCI Interrupt 0000:05:00.0[A] -> GSI 16 (level, low) -> IRQ 16
ahci 0000:05:00.0: AHCI 0001.0000 32 slots 2 ports 3 Gbps 0x3 impl SATA mode
ahci 0000:05:00.0: flags: 64bit ncq pm led clo pmp pio slum part
scsi13 : ahci
scsi14 : ahci
ata13: SATA max UDMA/133 abar m8192@0xfdcfe000 port 0xfdcfe100 irq 16
ata14: SATA max UDMA/133 abar m8192@0xfdcfe000 port 0xfdcfe180 irq 16
ata13: SATA link down (SStatus 0 SControl 300)
ata14: SATA link down (SStatus 0 SControl 300)
Done.
Begin: Mounting root file system... ...
Begin: Running /scripts/local-top ...
Begin: Loading MD modules ...
Done.
device-mapper: uevent: version 1.0.3
device-mapper: ioctl: 4.13.0-ioctl (2007-10-18) initialised: dm-devel@redhat.com
Done.
Begin: Running /scripts/local-premount ...
Done.
Begin: Running /scripts/local-bottom ...
Done.
Done.
Begin: Running /scripts/init-bottom ...
Done.
Mount failed for selinuxfs on /selinux:  No such file or directory
INIT: version 2.86 booting
Starting the hotplug events dispatcher: udevd.
Synthesizing the initial hotplug events...done.
Waiting for /dev to be fully populated...input: Power Button (FF) as /devices/virtual/input/input1
e1000e: Intel(R) PRO/1000 Network Driver - 0.2.0
e1000e: Copyright (c) 1999-2007 Intel Corporation.
ACPI: PCI Interrupt 0000:00:19.0[A] -> GSI 20 (level, low) -> IRQ 20
ACPI: Power Button (FF) [PWRF]
input: Power Button (CM) as /devices/virtual/input/input2
ACPI: Power Button (CM) [PWRB]
input: PC Speaker as /devices/platform/pcspkr/input/input3
0000:00:19.0: eth0: (PCI Express:2.5GB/s:Width x1) 00:19:21:af:91:17
0000:00:19.0: eth0: Intel(R) PRO/1000 Network Connection
0000:00:19.0: eth0: MAC: 4, PHY: 6, PBA No: ffffff-0ff
Real Time Clock Driver v1.12ac
iTCO_vendor_support: vendor-support=0
iTCO_wdt: Intel TCO WatchDog Timer Driver v1.02 (26-Jul-2007)
iTCO_wdt: Found a ICH8DH TCO device (Version=2, TCOBASE=0x0460)
iTCO_wdt: initialized. heartbeat=30 sec (nowayout=0)
ACPI: PCI Interrupt 0000:00:1f.3[B] -> GSI 19 (level, low) -> IRQ 19
done.
Setting the system clock.
Checking root file system...fsck 1.40.6 (09-Feb-2008)
/dev/disk/by-uuid/a4307223-1b42-4225-81d3-2ffe15d46d7e: clean, 35580/507904 files, 218082/2030206 blocks
done.
Setting the system clock.
Cleaning up ifupdown....
Loading kernel modules...loop: module loaded
SGI XFS with ACLs, large block/inode numbers, no debug enabled
SGI XFS Quota Management subsystem
md: raid1 personality registered for level 1
xor: automatically using best checksumming function: generic_sse
   generic_sse:  6825.600 MB/sec
xor: using function: generic_sse (6825.600 MB/sec)
async_tx: api initialized (sync-only)
raid6: int64x1   1568 MB/s
raid6: int64x2   2106 MB/s
raid6: int64x4   2086 MB/s
raid6: int64x8   1701 MB/s
raid6: sse2x1    3392 MB/s
raid6: sse2x2    3849 MB/s
raid6: sse2x4    5639 MB/s
raid6: using algorithm sse2x4 (5639 MB/s)
md: raid6 personality registered for level 6
md: raid5 personality registered for level 5
md: raid4 personality registered for level 4
done.
Loading device-mapper support.
md: md0 stopped.
md: bind<sde1>
md: bind<sdj1>
raid1: raid set md0 active with 2 out of 2 mirrors
md: md1 stopped.
md: bind<sdh5>
md: bind<sdb5>
md: bind<sdi5>
md: bind<sdg5>
raid5: device sdg5 operational as raid disk 0
raid5: device sdi5 operational as raid disk 3
raid5: device sdb5 operational as raid disk 2
raid5: device sdh5 operational as raid disk 1
raid5: allocated 4274kB for md1
raid5: raid level 5 set md1 active with 4 out of 4 devices, algorithm 2
RAID5 conf printout:
 --- rd:4 wd:4
 disk 0, o:1, dev:sdg5
 disk 1, o:1, dev:sdh5
 disk 2, o:1, dev:sdb5
 disk 3, o:1, dev:sdi5
md: md2 stopped.
md: bind<sdj2>
md: bind<sdd2>
md: bind<sdk2>
md: bind<sde2>
raid5: device sde2 operational as raid disk 0
raid5: device sdk2 operational as raid disk 3
raid5: device sdd2 operational as raid disk 2
raid5: device sdj2 operational as raid disk 1
raid5: allocated 4274kB for md2
raid5: raid level 5 set md2 active with 4 out of 4 devices, algorithm 2
RAID5 conf printout:
 --- rd:4 wd:4
 disk 0, o:1, dev:sde2
 disk 1, o:1, dev:sdj2
 disk 2, o:1, dev:sdd2
 disk 3, o:1, dev:sdk2
Assembling MD array md0...done (started [2/2]).
Assembling MD array md1...done (started [4/4]).
Assembling MD array md2...done (started [4/4]).
Generating udev events for MD arrays...done.
Setting up LVM Volume Groups  Reading all physical volumes.  This may take a while...
  Found volume group "vg00" using metadata type lvm2
  7 logical volume(s) in volume group "vg00" now active
.
Checking file systems...fsck 1.40.6 (09-Feb-2008)
/dev/mapper/vg00-var: clean, 3272/655360 files, 359583/2621440 blocks
/dev/disk/by-uuid/a22f65cf-0a4d-486b-8f9c-bbb144b860ea: clean, 2600994/39075840 files, 66557531/78142160 blocks
/dev/mapper/vg00-home: clean, 552832/2621440 files, 4124026/5242880 blocks
/sbin/fsck.xfs: XFS file system.
/dev/mapper/vg00-work: clean, 1163/1310720 files, 219168/5242880 blocks
/dev/disk/by-uuid/ebf666d2-d795-461b-9b12-897548b1e4ec: clean, 29982/1221600 files, 155628/2441872 blocks
/dev/mapper/vg00-var.old: clean, 46381/1310720 files, 572541/2621440 blocks
/dev/mapper/vg00-usr: clean, 70115/1310720 files, 407491/2621440 blocks
done.
Setting kernel variables...done.
Mounting local filesystems...kjournald starting.  Commit interval 5 seconds
EXT3 FS on dm-6, internal journal
EXT3-fs: mounted filesystem with ordered data mode.
kjournald starting.  Commit interval 5 seconds
EXT3 FS on sdc1, internal journal
EXT3-fs: mounted filesystem with ordered data mode.
kjournald starting.  Commit interval 5 seconds
EXT3 FS on dm-0, internal journal
EXT3-fs: mounted filesystem with ordered data mode.
Filesystem "dm-4": Disabling barriers, not supported by the underlying device
XFS mounting filesystem dm-4
kjournald starting.  Commit interval 5 seconds
EXT3 FS on dm-3, internal journal
EXT3-fs: mounted filesystem with ordered data mode.
kjournald starting.  Commit interval 5 seconds
EXT3 FS on sdf1, internal journal
EXT3-fs: mounted filesystem with ordered data mode.
kjournald starting.  Commit interval 5 seconds
EXT3 FS on dm-1, internal journal
EXT3-fs: mounted filesystem with ordered data mode.
kjournald starting.  Commit interval 5 seconds
EXT3 FS on dm-2, internal journal
EXT3-fs: mounted filesystem with ordered data mode.
done.
Activating swapfile swap...Adding 1048568k swap on /dev/mapper/vg00-swap.  Priority:-1 extents:1 across:1048568k
done.
Setting up networking....
Configuring network interfaces...done.
Setting console screen modes and fonts.
INIT: Entering runlevel: 2
Starting system log daemon....
Starting kernel log daemon....
Starting OpenBSD Secure Shell server: sshd.
Starting MySQL database server: mysqldBUG: unable to handle kernel NULL pointer dereference at 0000000000000080
IP: [<ffffffff88063eb1>] :ehci_hcd:end_unlink_async+0x17/0x112
PGD 7f228067 PUD 7ee6f067 PMD 0
Oops: 0000 [1] SMP
CPU 0
Modules linked in: raid456 async_xor async_memcpy async_tx xor raid1 md_mod xfs loop evdev i2c_i801 iTCO_wdt i2c_core iTCO_vendor_support rtc pcspkr e1000e button intel_agp dm_mirror dm_snapshot dm_mod                                           ata_generic pata_acpi pata_jmicron ahci sata_sil24 libata uhci_hcd thermal processor fan scsi_wait_sc                                          an sd_mod usb_storage scsi_mod libusual ehci_hcd ohci_hcd usbcore ext3 jbd mbcache ext2
Pid: 0, comm: swapper Not tainted 2.6.25-rc2-git1 #4
RIP: 0010:[<ffffffff88063eb1>]  [<ffffffff88063eb1>] :ehci_hcd:end_unlink_async+0x17/0x112
RSP: 0018:ffffffff80501eb8  EFLAGS: 00010096
RAX: 0000000000000000 RBX: 0000000000000000 RCX: 0000000000000020
RDX: 000000000000a028 RSI: ffff81007dc71800 RDI: ffff81007dc71a70
RBP: ffff81007dc71960 R08: ffffffff8020a166 R09: ffff81007de1bc10
R10: ffffffff804a3f58 R11: 000000007dda7480 R12: 0000000000000000
R13: 0000000000000017 R14: ffff81007dc71800 R15: 0000000000000020
FS:  0000000000000000(0000) GS:ffffffff80489000(0000) knlGS:0000000000000000
CS:  0010 DS: 0018 ES: 0018 CR0: 000000008005003b
CR2: 0000000000000080 CR3: 000000007ddd3000 CR4: 00000000000006e0
DR0: 0000000000000000 DR1: 0000000000000000 DR2: 0000000000000000
DR3: 0000000000000000 DR6: 00000000ffff0ff0 DR7: 0000000000000400
Process swapper (pid: 0, threadinfo ffffffff804a2000, task ffffffff8045f390)
Stack:  ffff81007dc71800 ffff81007dc71960 0000000000000000 ffffffff88067bd5
 ffffffff80501ed0 ffffffff802436cc 0000002080489510 ffff81007dc71800
 0000000000000000 0000000000000000 0000000000000017 ffffffff804cd720
Call Trace:
 <IRQ>  [<ffffffff88067bd5>] ? :ehci_hcd:ehci_irq+0x89/0x194
 [<ffffffff802436cc>] ? ktime_get_ts+0x17/0x48
 [<ffffffff880416ba>] ? :usbcore:usb_hcd_irq+0x23/0x51
 [<ffffffff80257b2c>] ? handle_IRQ_event+0x25/0x53
 [<ffffffff8020a166>] ? default_idle+0x0/0x55
 [<ffffffff80258f4f>] ? handle_fasteoi_irq+0x90/0xc8
 [<ffffffff8020a166>] ? default_idle+0x0/0x55
 [<ffffffff8020e340>] ? do_IRQ+0x6c/0xd4
 [<ffffffff8020a2b2>] ? mwait_idle+0x0/0x42
 [<ffffffff8020b5b1>] ? ret_from_intr+0x0/0xa
 <EOI>  [<ffffffff8020a2ee>] ? mwait_idle+0x3c/0x42
 [<ffffffff8020a24d>] ? cpu_idle+0x92/0xb8
Code: 41 5c 41 5d 41 5e e9 9a 3e 1d f8 5b 5d 41 5c 41 5d 41 5e c3 41 54 55 48 89 fd 53 48 8b 5f 28 48 8d bf 10 01 00 00 e8 bf 3e 1d f8 <8b> 83 80 00 00 00 c6 83 88 00 00 00 03 48 c7 43 50 00 00 00 00
RIP  [<ffffffff88063eb1>] :ehci_hcd:end_unlink_async+0x17/0x112
 RSP <ffffffff80501eb8>
CR2: 0000000000000080
---[ end trace 1fd8f34091f511a9 ]---
Kernel panic - not syncing: Aiee, killing interrupt handler!