Date: Fri, 24 Mar 2000 14:25:12 +0000 (GMT)
From: Tigran Aivazian <>
Subject: Re: 2.3.99-pre3 problems..
Sender: linux-kernel-owner@vger.kernel.org
Precedence: bulk
List-ID: <linux-kernel.vger.kernel.org>
X-Mailing-List: linux-kernel@vger.kernel.org
X-Lkml-Link: https://lkml.org/lkml/2000/3/24/61

Hi,
You said:
> Seems to be OK here
here is the boot log captured via serial console.
Linux version 2.3.99-pre3 (root@saturn) (gcc version egcs-2.91.66 19990314/Linux (egcs-1.1.2 release)) #2 SMP Fri Mar 24 12:00:08 GMT 2000
e820: 0009fc00 @ 00000000 (usable)
e820: 00000400 @ 0009fc00 (reserved)
e820: 00010000 @ 000f0000 (reserved)
e820: 00001000 @ fec00000 (reserved)
e820: 00001000 @ fee00000 (reserved)
e820: 00010000 @ ffff0000 (reserved)
e820: 0fef0000 @ 00100000 (usable)
e820: 0000d000 @ 0fff3000 (ACPI data)
e820: 00003000 @ 0fff0000 (ACPI NVS)
Scan SMP from c0000000 for 1024 bytes.
Scan SMP from c009fc00 for 1024 bytes.
Scan SMP from c00f0000 for 65536 bytes.
found SMP MP-table at 000f5b30
hm, page 000f5000 reserved twice.
hm, page 000f6000 reserved twice.
hm, page 000f1000 reserved twice.
hm, page 000f2000 reserved twice.
On node 0 totalpages: 65520
zone(0): 4096 pages.
zone(1): 61424 pages.
zone(2): 0 pages.
Intel MultiProcessor Specification v1.1
    Virtual Wire compatibility mode.
OEM ID: OEM00000 Product ID: PROD00000000 APIC at: 0xFEE00000
Processor #0 Pentium(tm) Pro APIC version 17
    Floating point unit present.
    Machine Exception supported.
    64 bit compare & exchange supported.
    Internal APIC present.
    Bootup CPU
Processor #1 Pentium(tm) Pro APIC version 17
    Floating point unit present.
    Machine Exception supported.
    64 bit compare & exchange supported.
    Internal APIC present.
Bus #0 is PCI   
Bus #1 is PCI   
Bus #2 is ISA   
I/O APIC #2 Version 17 at 0xFEC00000.
Processors: 2
mapped APIC to ffffe000 (fee00000)
mapped IOAPIC to ffffd000 (fec00000)
Initializing CPU#0
Detected 548546589 Hz processor.
Console: colour VGA+ 80x25
Calibrating delay loop... 1094.45 BogoMIPS
Memory: 254428k/262080k available (1529k kernel code, 7264k reserved, 134k data, 188k init, 0k highmem)
Buffer-cache hash table entries: 16384 (order: 4, 65536 bytes)
Page-cache hash table entries: 65536 (order: 6, 262144 bytes)
Pentium-III serial number disabled.
Checking 386/387 coupling... OK, FPU using exception 16 error reporting.
Checking 'hlt' instruction... OK.
POSIX conformance testing by UNIFIX
mtrr: v1.36 (20000221) Richard Gooch (rgooch@atnf.csiro.au)
Pentium-III serial number disabled.
CPU0: Intel Pentium III (Katmai) stepping 03
per-CPU timeslice cutoff: 1429.62 usecs.
Getting VERSION: 40011
Getting VERSION: 40011
Getting LVT0: 700
Getting LVT1: 400
enabled ExtINT on CPU#0
ESR value before enabling vector: 00000000
ESR value after enabling vector: 00000000
CPU present map: 3
Booting processor 1 eip 2000
Setting warm reset code and vector.
1.
2.
3.
Asserting INIT.
Deasserting INIT.
#startup loops: 2.
Sending STARTUP #1.
After apic_write.
Startup point 1.
Initializing CPU#1
Waiting for send to finish...
CPU#1 (phys ID: 1) waiting for CALLOUT
+Sending STARTUP #2.
After apic_write.
Startup point 1.
Waiting for send to finish...
+After Startup.
Before Callout 1.
After Callout 1.
CALLIN, before setup_local_APIC().
masked ExtINT on CPU#1
ESR value before enabling vector: 00000000
ESR value after enabling vector: 00000000
Calibrating delay loop... 1094.45 BogoMIPS
Stack at about c14dffbc
Pentium-III serial number disabled.
OK.
CPU1: Intel Pentium III (Katmai) stepping 03
CPU has booted.
Before bogomips.
Total of 2 processors activated (2188.90 BogoMIPS).
Before bogocount - setting activated=1.
Boot done.
ENABLING IO-APIC IRQs
...changing IO-APIC physical APIC ID to 2 ... ok.
..TIMER: vector=81 pin1=2 pin2=0
activating NMI Watchdog ... done.
testing the IO APIC.......................
.................................... done.
calibrating APIC timer ... 
..... CPU clock speed is 548.5493 MHz.
..... host bus clock speed is 99.7361 MHz.
cpu: 0, clocks: 997361, slice: 332453
CPU0<C0:997360,C:664896,D:11,S:332453,C:997361>
cpu: 1, clocks: 997361, slice: 332453
CPU1<C0:997360,C:332448,D:6,S:332453,C:997361>
checking TSC synchronization across CPUs: passed.
Setting commenced=1, go go go
PCI: PCI BIOS revision 2.10 entry at 0xfb270
PCI: Using configuration type 1
PCI: Probing PCI hardware
PCI: Interrupt Routing Table found at 0xc00fdd90 [router type 8086/7000]
PCI->APIC IRQ transform: (B0,I7,P3) -> 19
PCI->APIC IRQ transform: (B0,I9,P0) -> 17
PCI->APIC IRQ transform: (B0,I10,P0) -> 18
PCI->APIC IRQ transform: (B0,I11,P0) -> 19
PCI->APIC IRQ transform: (B0,I12,P0) -> 16
Limiting direct PCI/PCI transfers.
Linux NET4.0 for Linux 2.3
Based upon Swansea University Computer Society NET3.039
NET4: Unix domain sockets 1.0/SMP for Linux NET4.0.
NET4: Linux TCP/IP 1.0 for NET4.0
IP Protocols: ICMP, UDP, TCP
IP: routing cache hash table of 1024 buckets, 16Kbytes
TCP: Hash tables configured (established 8192 bind 10922)
Starting kswapd v1.6
Invalid vesa mode 0x0000
PCI: No IRQ known for interrupt pin A of device 01:00.0. Please try using pci=biosirq.
matroxfb: Matrox Millennium G200 (AGP) detected
matroxfb: MTRR's turned on
matroxfb: 640x480x8bpp (virtual: 640x13100)
matroxfb: framebuffer at 0xE8000000, mapped to 0xd0805000, size 8388608
Console: switching to colour frame buffer device 80x30
fb0: MATROX VGA frame buffer device
pty: 256 Unix98 ptys configured
Uniform Multi-Platform E-IDE driver Revision: 6.30
ide: Assuming 40MHz system bus speed for PIO modes; override with idebus=xx
PIIX4: IDE controller on PCI bus 00 dev 39
PIIX4: not 100% native mode: will probe irqs later
    ide0: BM-DMA at 0xf000-0xf007, BIOS settings: hda:pio, hdb:pio
    ide1: BM-DMA at 0xf008-0xf00f, BIOS settings: hdc:pio, hdd:pio
hda: ST328040A, ATA DISK drive
hdb: WDC AC1170F, ATA DISK drive
hdc: QUANTUM FIREBALL ST6.4A, ATA DISK drive
hdd: DSAA-3270, ATA DISK drive
ide0 at 0x1f0-0x1f7,0x3f6 on irq 14
ide1 at 0x170-0x177,0x376 on irq 15
hda: ST328040A, 27199MB w/512kB Cache, CHS=3467/255/63
hdb: WDC AC1170F, 162MB w/64kB Cache, CHS=1010/6/55
hdc: QUANTUM FIREBALL ST6.4A, 6149MB w/81kB Cache, CHS=13328/15/63
hdd: DSAA-3270, 268MB w/96kB Cache, CHS=954/16/36
Partition check:
 hda: hda1 hda2 hda3 hda4 < hda5 hda6 hda7 >
 hda2: <bsd: hda8 hda9 >
 hda3: <unixware: hda10 hda11 hda12 hda13 hda14 hda15 >
 hdb: hdb4
 hdc: [PTBL] [784/255/63] hdc1 hdc2 hdc3
 hdd: hdd1
md driver 0.90.0 MAX_MD_DEVS=256, MAX_REAL=12
md.c: sizeof(mdp_super_t) = 4096
(scsi0) <Adaptec AHA-294X SCSI host adapter> found at PCI 0/9/0
(scsi0) Narrow Channel, SCSI ID=7, 16/255 SCBs
(scsi0) Downloading sequencer code... 415 instructions downloaded
scsi0 : Adaptec AHA274x/284x/294x (EISA/VLB/PCI-Fast SCSI) 5.2.0/3.2.4
       <Adaptec AHA-294X SCSI host adapter>
scsi : 1 host.
(scsi0:0:0:0) Synchronous at 10.0 Mbyte/sec, offset 15.
  Vendor: FUJITSU   Model: M2684S-512        Rev: 2036
  Type:   Direct-Access                      ANSI SCSI revision: 02
Detected scsi disk sda at scsi0, channel 0, id 0, lun 0
  Vendor: IOMEGA    Model: ZIP 100           Rev: J.03
  Type:   Direct-Access                      ANSI SCSI revision: 02
Detected scsi removable disk sdb at scsi0, channel 0, id 5, lun 0
(scsi0:0:6:0) Synchronous at 10.0 Mbyte/sec, offset 15.
  Vendor: HP        Model: CD-Writer+ 9200   Rev: 1.0c
  Type:   CD-ROM                             ANSI SCSI revision: 04
Detected scsi CD-ROM sr0 at scsi0, channel 0, id 6, lun 0
scsi : detected 1 SCSI cdrom 2 SCSI disks total.
sr0: scsi3-mmc drive: 32x/32x writer cd/rw xa/form2 cdda tray
Uniform CD-ROM driver Revision: 3.07
SCSI device sda: hdwr sector= 512 bytes. Sectors= 1039329 [507 MB] [0.5 GB]
 sda: sda1
SCSI device sdb: hdwr sector= 512 bytes. Sectors= 196608 [96 MB] [0.1 GB]
sdb: Write Protect is off
 sdb: sdb1
Serial driver version 4.93 (2000-03-20) with MANY_PORTS SHARE_IRQ SERIAL_PCI enabled
ttyS00 at 0x03f8 (irq = 4) is a 16550A
ttyS01 at 0x02f8 (irq = 3) is a 16550A
Real Time Clock Driver v1.10b
es1371: version v0.25 time 11:44:06 Mar 24 2000
es1371: found chip, vendor id 0x1274 device id 0x1371 revision 0x06
es1371: found es1371 rev 6 at io 0xe000 irq 16
es1371: features: joystick 0x0
ac97_codec: AC97  codec, vendor id1: 0x5452, id2: 0x4103 (Unknown)
VFS: Mounted root (ext2 filesystem) readonly.
Freeing unused kernel memory: 188k freed
Warning: unable to open an initial console.
Kernel panic: No init found.  Try passing init= option to kernel.
-
To unsubscribe from this list: send the line "unsubscribe linux-kernel" in
the body of a message to majordomo@vger.rutgers.edu
Please read the FAQ at 
http://www.tux.org/lkml/