Date: 19 Sep 2000 16:31:57 +0200
From: Christoph Rohland <>
Subject: new MM and shared memory
Sender: linux-kernel-owner@vger.kernel.org
Precedence: bulk
List-ID: <linux-kernel.vger.kernel.org>
X-Mailing-List: linux-kernel@vger.kernel.org
X-Lkml-Link: https://lkml.org/lkml/2000/9/19/43

Hi Rik et al.
As stated before the new mm does break shm swapping. 
Under the ipctst program driving my machine into swap I get the
appended console output. After this it locked up.
I can make it run longer by giving mem= with less memory.
Greetings
		Christoph
-- 
LILO boot: test
Loading test....................Linux version 2.4.0-test9 (root@ls3016) (gcc version egcs-2.91.66 19990314/Linux (egcs-1.1.2 release)) #5 SMP Mon Sep 18 15:28:34 CEST 2000
BIOS-provided physical RAM map:
 BIOS-e820: 000000000009dc00 @ 0000000000000000 (usable)
 BIOS-e820: 0000000000002400 @ 000000000009dc00 (reserved)
 BIOS-e820: 0000000000020000 @ 00000000000e0000 (reserved)
 BIOS-e820: 0000000003ef8000 @ 0000000000100000 (usable)
 BIOS-e820: 0000000000007c00 @ 0000000003ff8000 (ACPI data)
 BIOS-e820: 0000000000000400 @ 0000000003fffc00 (ACPI NVS)
 BIOS-e820: 00000000ec000000 @ 0000000004000000 (usable)
 BIOS-e820: 0000000001400000 @ 00000000fec00000 (reserved)
 BIOS-e820: 0000000110000000 @ 0000000100000000 (usable)
Warning only 896MB will be used.
Use a PAE enabled kernel.
Scan SMP from c0000000 for 1024 bytes.
Scan SMP from c009fc00 for 1024 bytes.
Scan SMP from c00f0000 for 65536 bytes.
found SMP MP-table at 000f65e0
hm, page 000f6000 reserved twice.
hm, page 000f7000 reserved twice.
hm, page 0009d000 reserved twice.
hm, page 0009e000 reserved twice.
On node 0 totalpages: 229376
zone(0): 4096 pages.
zone(1): 225280 pages.
zone(2): 0 pages.
Intel MultiProcessor Specification v1.4
    Virtual Wire compatibility mode.
OEM ID: INTEL    Product ID: OCPRF100     APIC at: 0xFEE00000
Processor #7 Pentium(tm) Pro APIC version 17
    Floating point unit present.
    Machine Exception supported.
    64 bit compare & exchange supported.
    Internal APIC present.
    Bootup CPU
Processor #0 Pentium(tm) Pro APIC version 17
    Floating point unit present.
    Machine Exception supported.
    64 bit compare & exchange supported.
    Internal APIC present.
Processor #1 Pentium(tm) Pro APIC version 17
    Floating point unit present.
    Machine Exception supported.
    64 bit compare & exchange supported.
    Internal APIC present.
Processor #2 Pentium(tm) Pro APIC version 17
    Floating point unit present.
    Machine Exception supported.
    64 bit compare & exchange supported.
    Internal APIC present.
Processor #3 Pentium(tm) Pro APIC version 17
    Floating point unit present.
    Machine Exception supported.
    64 bit compare & exchange supported.
    Internal APIC present.
Processor #4 Pentium(tm) Pro APIC version 17
    Floating point unit present.
    Machine Exception supported.
    64 bit compare & exchange supported.
    Internal APIC present.
Processor #5 Pentium(tm) Pro APIC version 17
    Floating point unit present.
    Machine Exception supported.
    64 bit compare & exchange supported.
    Internal APIC present.
Processor #6 Pentium(tm) Pro APIC version 17
    Floating point unit present.
    Machine Exception supported.
    64 bit compare & exchange supported.
    Internal APIC present.
Bus #0 is PCI
Bus #1 is PCI
Bus #2 is PCI
Bus #3 is PCI
Bus #4 is ISA
I/O APIC #8 Version 19 at 0xFEC00000.
Int: type 3, pol 1, trig 1, bus 4, IRQ 00, APIC ID 8, APIC INT 00
Int: type 0, pol 1, trig 1, bus 4, IRQ 01, APIC ID 8, APIC INT 01
Int: type 0, pol 1, trig 1, bus 4, IRQ 00, APIC ID 8, APIC INT 02
Int: type 0, pol 1, trig 1, bus 4, IRQ 03, APIC ID 8, APIC INT 03
Int: type 0, pol 1, trig 1, bus 4, IRQ 04, APIC ID 8, APIC INT 04
Int: type 0, pol 3, trig 3, bus 0, IRQ 28, APIC ID 8, APIC INT 3a
Int: type 0, pol 1, trig 1, bus 4, IRQ 06, APIC ID 8, APIC INT 06
Int: type 0, pol 1, trig 1, bus 4, IRQ 07, APIC ID 8, APIC INT 07
Int: type 0, pol 3, trig 1, bus 4, IRQ 08, APIC ID 8, APIC INT 08
Int: type 0, pol 1, trig 1, bus 4, IRQ 09, APIC ID 8, APIC INT 09
Int: type 0, pol 3, trig 3, bus 0, IRQ 00, APIC ID 8, APIC INT 3b
Int: type 0, pol 3, trig 3, bus 0, IRQ 29, APIC ID 8, APIC INT 12
Int: type 0, pol 1, trig 1, bus 4, IRQ 0c, APIC ID 8, APIC INT 0c
Int: type 0, pol 1, trig 1, bus 4, IRQ 0d, APIC ID 8, APIC INT 0d
Int: type 0, pol 1, trig 1, bus 4, IRQ 0e, APIC ID 8, APIC INT 0e
Int: type 0, pol 3, trig 3, bus 1, IRQ 1c, APIC ID 8, APIC INT 24
Int: type 0, pol 3, trig 3, bus 0, IRQ 30, APIC ID 8, APIC INT 30
Int: type 0, pol 3, trig 3, bus 0, IRQ 3f, APIC ID 8, APIC INT 31
Int: type 0, pol 3, trig 3, bus 1, IRQ 00, APIC ID 8, APIC INT 3b
Int: type 0, pol 3, trig 3, bus 2, IRQ 00, APIC ID 8, APIC INT 3b
Int: type 0, pol 3, trig 3, bus 3, IRQ 00, APIC ID 8, APIC INT 3b
Lint: type 3, pol 1, trig 1, bus 4, IRQ 00, APIC ID ff, APIC LINT 00
Lint: type 1, pol 1, trig 1, bus 0, IRQ 00, APIC ID ff, APIC LINT 01
Processors: 8
mapped APIC to ffffe000 (fee00000)
mapped IOAPIC to ffffd000 (fec00000)
Kernel command line: auto BOOT_IMAGE=test ro root=801 console=tty0 console=ttyS0,38400n8
Initializing CPU#0
Detected 550070964 Hz processor.
Console: colour VGA+ 80x25
Calibrating delay loop... 1097.73 BogoMIPS
Memory: 899124k/917504k available (1443k kernel code, 17952k reserved, 610k data, 236k init, 0k highmem)
Dentry-cache hash table entries: 131072 (order: 8, 1048576 bytes)
Buffer-cache hash table entries: 65536 (order: 6, 262144 bytes)
Page-cache hash table entries: 262144 (order: 8, 1048576 bytes)
Inode-cache hash table entries: 65536 (order: 7, 524288 bytes)
CPU serial number disabled.
Checking 'hlt' instruction... OK.
POSIX conformance testing by UNIFIX
CPU serial number disabled.
CPU0: Intel Pentium III (Katmai) stepping 03
per-CPU timeslice cutoff: 5708.61 usecs.
Getting VERSION: 40011
Getting VERSION: 40011
Getting ID: 7000000
Getting ID: 8000000
Getting LVT0: 700
Getting LVT1: 400
enabled ExtINT on CPU#0
ESR value before enabling vector: 00000000
ESR value after enabling vector: 00000000
CPU present map: ff
Booting processor 1/0 eip 2000
Setting warm reset code and vector.
1.
2.
3.
Asserting INIT.
Waiting for send to finish...
+Deasserting INIT.
Waiting for send to finish...
+#startup loops: 2.
Sending STARTUP #1.
After apic_write.
Startup point 1.
Initializing CPU#1
Waiting for send to finish...
CPU#1 (phys ID: 0) waiting for CALLOUT
+Sending STARTUP #2.
After apic_write.
Startup point 1.
Waiting for send to finish...
+After Startup.
Before Callout 1.
After Callout 1.
CALLIN, before setup_local_APIC().
masked ExtINT on CPU#1
ESR value before enabling vector: 00000000
ESR value after enabling vector: 00000000
Calibrating delay loop... 1097.73 BogoMIPS
Stack at about c3ff3fbc
CPU serial number disabled.
OK.
CPU1: Intel Pentium III (Katmai) stepping 03
CPU has booted.
Booting processor 2/1 eip 2000
Setting warm reset code and vector.
1.
2.
3.
Asserting INIT.
Waiting for send to finish...
+Deasserting INIT.
Waiting for send to finish...
+#startup loops: 2.
Sending STARTUP #1.
After apic_write.
Startup point 1.
Waiting for send to finish...
Initializing CPU#2
+CPU#2 (phys ID: 1) waiting for CALLOUT
Sending STARTUP #2.
After apic_write.
Startup point 1.
Waiting for send to finish...
+After Startup.
Before Callout 2.
After Callout 2.
CALLIN, before setup_local_APIC().
masked ExtINT on CPU#2
ESR value before enabling vector: 00000000
ESR value after enabling vector: 00000000
Calibrating delay loop... 1097.73 BogoMIPS
Stack at about c1efffbc
CPU serial number disabled.
OK.
CPU2: Intel Pentium III (Katmai) stepping 03
CPU has booted.
Booting processor 3/2 eip 2000
Setting warm reset code and vector.
1.
2.
3.
Asserting INIT.
Waiting for send to finish...
+Deasserting INIT.
Waiting for send to finish...
+#startup loops: 2.
Sending STARTUP #1.
After apic_write.
Startup point 1.
Waiting for send to finish...
Initializing CPU#3
+CPU#3 (phys ID: 2) waiting for CALLOUT
Sending STARTUP #2.
After apic_write.
Startup point 1.
Waiting for send to finish...
+After Startup.
Before Callout 3.
After Callout 3.
CALLIN, before setup_local_APIC().
masked ExtINT on CPU#3
ESR value before enabling vector: 00000000
ESR value after enabling vector: 00000000
Calibrating delay loop... 1097.73 BogoMIPS
Stack at about c1efdfbc
CPU serial number disabled.
OK.
CPU3: Intel Pentium III (Katmai) stepping 03
CPU has booted.
Booting processor 4/3 eip 2000
Setting warm reset code and vector.
1.
2.
3.
Asserting INIT.
Waiting for send to finish...
+Deasserting INIT.
Waiting for send to finish...
+#startup loops: 2.
Sending STARTUP #1.
After apic_write.
Startup point 1.
Waiting for send to finish...
Initializing CPU#4
+CPU#4 (phys ID: 3) waiting for CALLOUT
Sending STARTUP #2.
After apic_write.
Startup point 1.
Waiting for send to finish...
+After Startup.
Before Callout 4.
After Callout 4.
CALLIN, before setup_local_APIC().
masked ExtINT on CPU#4
ESR value before enabling vector: 00000000
ESR value after enabling vector: 00000000
Calibrating delay loop... 1097.73 BogoMIPS
Stack at about c1efbfbc
CPU serial number disabled.
OK.
CPU4: Intel Pentium III (Katmai) stepping 03
CPU has booted.
Booting processor 5/4 eip 2000
Setting warm reset code and vector.
1.
2.
3.
Asserting INIT.
Waiting for send to finish...
+Deasserting INIT.
Waiting for send to finish...
+#startup loops: 2.
Sending STARTUP #1.
After apic_write.
Startup point 1.
Initializing CPU#5
Waiting for send to finish...
CPU#5 (phys ID: 4) waiting for CALLOUT
+Sending STARTUP #2.
After apic_write.
Startup point 1.
Waiting for send to finish...
+After Startup.
Before Callout 5.
After Callout 5.
CALLIN, before setup_local_APIC().
masked ExtINT on CPU#5
ESR value before enabling vector: 00000000
ESR value after enabling vector: 00000000
Calibrating delay loop... 1097.73 BogoMIPS
Stack at about c3feffbc
CPU serial number disabled.
OK.
CPU5: Intel Pentium III (Katmai) stepping 03
CPU has booted.
Booting processor 6/5 eip 2000
Setting warm reset code and vector.
1.
2.
3.
Asserting INIT.
Waiting for send to finish...
+Deasserting INIT.
Waiting for send to finish...
+#startup loops: 2.
Sending STARTUP #1.
After apic_write.
Startup point 1.
Initializing CPU#6
Waiting for send to finish...
CPU#6 (phys ID: 5) waiting for CALLOUT
+Sending STARTUP #2.
After apic_write.
Startup point 1.
Waiting for send to finish...
+After Startup.
Before Callout 6.
After Callout 6.
CALLIN, before setup_local_APIC().
masked ExtINT on CPU#6
ESR value before enabling vector: 00000000
ESR value after enabling vector: 00000000
Calibrating delay loop... 1097.73 BogoMIPS
Stack at about c3fedfbc
CPU serial number disabled.
OK.
CPU6: Intel Pentium III (Katmai) stepping 03
CPU has booted.
Booting processor 7/6 eip 2000
Setting warm reset code and vector.
1.
2.
3.
Asserting INIT.
Waiting for send to finish...
+Deasserting INIT.
Waiting for send to finish...
+#startup loops: 2.
Sending STARTUP #1.
After apic_write.
Startup point 1.
Initializing CPU#7
Waiting for send to finish...
CPU#7 (phys ID: 6) waiting for CALLOUT
+Sending STARTUP #2.
After apic_write.
Startup point 1.
Waiting for send to finish...
+After Startup.
Before Callout 7.
After Callout 7.
CALLIN, before setup_local_APIC().
masked ExtINT on CPU#7
ESR value before enabling vector: 00000000
ESR value after enabling vector: 00000000
Calibrating delay loop... 1097.73 BogoMIPS
Stack at about c3febfbc
CPU serial number disabled.
OK.
CPU7: Intel Pentium III (Katmai) stepping 03
CPU has booted.
Before bogomips.
Total of 8 processors activated (191.89 BogoMIPS).
Before bogocount - setting activated=1.
Boot done.
ENABLING IO-APIC IRQs
...changing IO-APIC physical APIC ID to 8 ... ok.
Synchronizing Arb IDs.
..TIMER: vector=49 pin1=2 pin2=0
activating NMI Watchdog ... done.
testing the IO APIC.......................
.................................... done.
calibrating APIC timer ...
..... CPU clock speed is 550.0507 MHz.
..... host bus clock speed is 100.0089 MHz.
cpu: 0, clocks: 1000089, slice: 111121
CPU0<T0:1000080,T1:888944,D:15,S:111121,C:1000089>
cpu: 5, clocks: 1000089, slice: 111121
cpu: 6, clocks: 1000089, slice: 111121
cpu: 7, clocks: 1000089, slice: 111121
cpu: 1, clocks: 1000089, slice: 111121
cpu: 4, clocks: 1000089, slice: 111121
CPU1<T0:1000080,T1:777824,D:14,S:111121,C:1000089>
cpu: 2, clocks: 1000089, slice: 111121
cpu: 3, clocks: 1000089, slice: 111121
CPU4<T0:1000080,T1:444464,D:11,S:111121,C:1000089>
CPU2<T0:1000080,T1:666704,D:13,S:111121,C:1000089>
CPU5<T0:1000080,T1:333344,D:10,S:111121,C:1000089>
CPU3<T0:1000080,T1:555584,D:12,S:111121,C:1000089>
CPU6<T0:1000080,T1:222224,D:9,S:111121,C:1000089>
CPU7<T0:1000080,T1:111104,D:8,S:111121,C:1000089>
checking TSC synchronization across CPUs:
BIOS BUG: CPU#0 improperly initialized, has -416 usecs TSC skew! FIXED.
BIOS BUG: CPU#1 improperly initialized, has -119 usecs TSC skew! FIXED.
BIOS BUG: CPU#2 improperly initialized, has 181 usecs TSC skew! FIXED.
BIOS BUG: CPU#3 improperly initialized, has 304 usecs TSC skew! FIXED.
BIOS BUG: CPU#4 improperly initialized, has -21 usecs TSC skew! FIXED.
BIOS BUG: CPU#5 improperly initialized, has 15 usecs TSC skew! FIXED.
BIOS BUG: CPU#6 improperly initialized, has 256 usecs TSC skew! FIXED.
BIOS BUG: CPU#7 improperly initialized, has -199 usecs TSC skew! FIXED.
Setting commenced=1, go go go
PCI: PCI BIOS revision 2.10 entry at 0xfdaf5, last bus=3
PCI: Using configuration type 1
PCI: Probing PCI hardware
PCI: Compaq host bridge: secondary bus 03
PCI: Compaq host bridge: secondary bus 00
PCI: Compaq host bridge: secondary bus 01
PCI: Compaq host bridge: secondary bus 02
PCI: Using IRQ router PIIX [8086/7110] at 00:0f.0
PCI->APIC IRQ transform: (B0,I0,P0) -> 59
PCI->APIC IRQ transform: (B0,I10,P0) -> 58
PCI->APIC IRQ transform: (B0,I10,P1) -> 18
PCI->APIC IRQ transform: (B0,I12,P0) -> 48
PCI->APIC IRQ transform: (B0,I15,P3) -> 49
PCI->APIC IRQ transform: (B3,I0,P0) -> 59
PCI->APIC IRQ transform: (B1,I0,P0) -> 59
PCI->APIC IRQ transform: (B1,I7,P0) -> 36
PCI->APIC IRQ transform: (B2,I0,P0) -> 59
Linux NET4.0 for Linux 2.4
Based upon Swansea University Computer Society NET3.039
NET4: Unix domain sockets 1.0/SMP for Linux NET4.0.
NET4: Linux TCP/IP 1.0 for NET4.0
IP Protocols: ICMP, UDP, TCP
IP: routing cache hash table of 8192 buckets, 64Kbytes
TCP: Hash tables configured (established 65536 bind 65536)
Starting kswapd v1.8
pty: 2048 Unix98 ptys configured
Software Watchdog Timer: 0.05, timer margin: 60 sec
loop: registered device at major 7
loop: enabling 8 loop devices
Uniform Multi-Platform E-IDE driver Revision: 6.31
ide: Assuming 33MHz system bus speed for PIO modes; override with idebus=xx
PIIX4: IDE controller on PCI bus 00 dev 79
PIIX4: chipset revision 1
PIIX4: not 100% native mode: will probe irqs later
    ide0: BM-DMA at 0x1820-0x1827, BIOS settings: hda:DMA, hdb:pio
hda: LTN382, ATAPI CDROM drive
ide0 at 0x1f0-0x1f7,0x3f6 on irq 14
hda: ATAPI 40X CD-ROM drive, 120kB Cache, UDMA(33)
Uniform CD-ROM driver Revision: 3.11
Floppy drive(s): fd0 is 1.44M
FDC 0 is a post-1991 82077
sym53c8xx: at PCI bus 0, device 10, function 0
sym53c8xx: 53c896 detected
sym53c8xx: at PCI bus 0, device 10, function 1
sym53c8xx: 53c896 detected
sym53c896-0: rev 0x5 on pci bus 0 device 10 function 0 irq 58
sym53c896-0: ID 7, Fast-40, Parity Checking
sym53c896-0: on-chip RAM at 0xf8000000
sym53c896-0: restart (scsi reset).
sym53c896-0: handling phase mismatch from SCRIPTS.
sym53c896-0: Downloading SCSI SCRIPTS.
sym53c896-1: rev 0x5 on pci bus 0 device 10 function 1 irq 18
sym53c896-1: ID 7, Fast-40, Parity Checking
sym53c896-1: on-chip RAM at 0xf8002000
sym53c896-1: restart (scsi reset).
sym53c896-1: handling phase mismatch from SCRIPTS.
sym53c896-1: Downloading SCSI SCRIPTS.
ncr53c8xx: at PCI bus 0, device 10, function 0
ncr53c8xx: IO region 0x1000[0..127] is in use
ncr53c8xx: at PCI bus 0, device 10, function 1
ncr53c8xx: IO region 0x1400[0..127] is in use
scsi0 : sym53c8xx - version 1.6b
scsi1 : sym53c8xx - version 1.6b
scsi : 2 hosts.
  Vendor: SEAGATE   Model: ST318203LC        Rev: 0002
  Type:   Direct-Access                      ANSI SCSI revision: 02
Detected scsi disk sda at scsi0, channel 0, id 0, lun 0
  Vendor: SEAGATE   Model: ST318203LC        Rev: 0002
  Type:   Direct-Access                      ANSI SCSI revision: 02
Detected scsi disk sdb at scsi0, channel 0, id 1, lun 0
  Vendor: ESG-SHV   Model: SCA HSBP M8       Rev: 0.05
  Type:   Processor                          ANSI SCSI revision: 02
Detected scsi generic sg2 at scsi0, channel 0, id 6, lun 0, type 3
sym53c896-0-<0,0>: tagged command queue depth set to 4
sym53c896-0-<1,0>: tagged command queue depth set to 4
scsi : detected 2 SCSI disks total.
sym53c896-0-<0,0>: wide msgout: 1-2-3-1.
sym53c896-0-<0,0>: wide msgin: 1-2-3-1.
sym53c896-0-<0,0>: wide: wide=1 chg=0.
sym53c896-0-<0,0>: wide msgout: 1-2-3-1.
sym53c896-0-<0,0>: wide msgin: 1-2-3-1.
sym53c896-0-<0,0>: wide: wide=1 chg=0.
sym53c896-0-<0,0>: sync msgout: 1-3-1-c-1f.
sym53c896-0-<0,0>: sync msg in: 1-3-1-c-f.
sym53c896-0-<0,0>: sync: per=12 scntl3=0xb0 scntl4=0x0 ofs=15 fak=0 chg=0.
sym53c896-0-<0,*>: FAST-20 WIDE SCSI 40.0 MB/s (50 ns, offset 15)
SCSI device sda: hdwr sector= 512 bytes. Sectors= 35566480 [17366 MB] [17.4 GB]
Partition check:
 sda: sda1 sda2 < sda5 sda6 sda7 > sda3
sym53c896-0-<1,0>: wide msgout: 1-2-3-1.
sym53c896-0-<1,0>: wide msgin: 1-2-3-1.
sym53c896-0-<1,0>: wide: wide=1 chg=0.
sym53c896-0-<1,0>: wide msgout: 1-2-3-1.
sym53c896-0-<1,0>: wide msgin: 1-2-3-1.
sym53c896-0-<1,0>: wide: wide=1 chg=0.
sym53c896-0-<1,0>: sync msgout: 1-3-1-c-1f.
sym53c896-0-<1,0>: sync msg in: 1-3-1-c-f.
sym53c896-0-<1,0>: sync: per=12 scntl3=0xb0 scntl4=0x0 ofs=15 fak=0 chg=0.
sym53c896-0-<1,*>: FAST-20 WIDE SCSI 40.0 MB/s (50 ns, offset 15)
SCSI device sdb: hdwr sector= 512 bytes. Sectors= 35566480 [17366 MB] [17.4 GB]
 sdb: sdb1 sdb2 < sdb5 sdb6 sdb7 sdb8 >
Serial driver version 5.02 (2000-08-09) with MANY_PORTS SHARE_IRQ SERIAL_PCI enabled
ttyS00 at 0x03f8 (irq = 4) is a 16550A
ttyS01 at 0x02f8 (irq = 3) is a 16550A
Real Time Clock Driver v1.10c
eepro100.c:v1.09j-t 9/29/99 Donald Becker 
http://cesdis.gsfc.nasa.gov/linux/drivers/eepro100.html
eepro100.c: $Revision: 1.33 $ 2000/05/24 Modified by Andrey V. Savochkin <saw@saw.sw.com.sg> and others
eth0: Intel Corporation 82557 [Ethernet Pro 100], 00:A0:C9:B4:54:AA, IRQ 36.
  Board assembly 668081-004, Physical connectors present: RJ45
  Primary interface chip i82555 PHY #1.
  General self-test: passed.
  Serial sub-system self-test: passed.
  Internal registers self-test: passed.
  ROM checksum self-test: passed (0x3c15c8f1).
  Receiver lock-up workaround activated.
Detected scsi disk sdc at scsi0, channel 0, id 0, lun 0
Detected scsi disk sdd at scsi0, channel 0, id 1, lun 0
SCSI device sdc: hdwr sector= 512 bytes. Sectors= 35566480 [17366 MB] [17.4 GB]
 sdc: sdc1 sdc2 < sdc5 sdc6 sdc7 > sdc3
SCSI device sdd: hdwr sector= 512 bytes. Sectors= 35566480 [17366 MB] [17.4 GB]
 sdd: sdd1 sdd2 < sdd5 sdd6 sdd7 sdd8 >
mice: PS/2 mouse device common for all mice
kmem_create: Forcing size word alignment - nfs_fh
VFS: Mounted root (ext2 filesystem) readonly.
Freeing unused kernel memory: 236k freed
INIT: version 2.77 booting
                        Welcome to Red Hat Linux
                Press 'I' to enter interactive startup.
Mounting proc filesystem [  OK  ]
Turning off Magic SysRq key [  OK  ]
Setting clock  (utc): Mon Sep 18 17:11:20 CEST 2000 [  OK  ]
Loading default keymap[  OK  ]
Activating swap partitions [  OK  ]
Setting hostname ls3016 [  OK  ]
Setting NIS domain name sapdomain2 [  OK  ]
Checking root filesystem
/dev/sda1 was not cleanly unmounted, check forced.
/dev/sda1: 102742/256512 files (3.5% non-contiguous), 456346/512064 blocks
[/sbin/fsck.ext2 -- /] fsck.ext2 -a /dev/sda1
[PASSED]
Remounting root filesystem in read-write mode [  OK  ]
Finding module dependencies [  OK  ]
Checking filesystems
sapmnt was not cleanly unmounted, check forced.
sapmnt: 954/122624 files (0.1% non-contiguous), 4148/244983 blocks
usrsap was not cleanly unmounted, check forced.
usrsap: 10852/373152 files (0.2% non-contiguous), 125668/745006 blocks
adabas was not cleanly unmounted, check forced.
adabas: 407/1221600 files (1.7% non-contiguous), 391754/2441880 blocks
Checking all file systems.
[/sbin/fsck.ext2 -- /sapmnt] fsck.ext2 -a /dev/sda6
[/sbin/fsck.ext2 -- /usr/sap] fsck.ext2 -a /dev/sda7
[/sbin/fsck.ext2 -- /adabas] fsck.ext2 -a /dev/sda3
[PASSED]
Mounting local filesystems [  OK  ]
Turning on user and group quotas for local filesystems [  OK  ]
Enabling swap space [  OK  ]
INIT: Entering runlevel: 3
Entering non-interactive startup
/proc/sys/net/ipv4/ip_always_defrag is missing -- cannot control IP defragmentation
Bringing up interface lo [  OK  ]
Bringing up interface eth0 [  OK  ]
Starting portmapper: [  OK  ]
Initializing random number generator [  OK  ]
Setting kernel parameters [  OK  ]
Mounting other filesystems [  OK  ]
Starting system logger: [  OK  ]
Starting kernel logger: [  OK  ]
Starting at daemon: [  OK  ]
Starting cron daemon: [  OK  ]
Starting pcmcia [  OK  ]
Starting INET services: [  OK  ]
Starting sshd [  OK  ]
Starting lpd: [  OK  ]
Starting autofs [  OK  ]
Starting keytable [  OK  ]
Starting sendmail: [  OK  ]
Starting gpm mouse services: [  OK  ]
Starting X Font Server: [  OK  ]
Starting pcp [  OK  ]
Starting linuxconf [  OK  ]
Red Hat Linux release 6.1SAP (BlueSky)
Kernel 2.4.0-test9 on an 8-processor i686
ls3016 login: root
Password:
Last login: Mon Sep 18 16:09:31 on ttyS0
You have new mail.
[root@ls3016 /root]# . testipc2
[root@ls3016 /root]# using 15 segs of size 66600000 (18446744071562067968 iterations)
using 10 segs of size 66600000 (18446744071562067968 iterations)
started process 876
started process 877
started process 878
started process 879
started process 880
started process 881
started process 882
started process 883
started process 884
started process 885
[root@ls3016 /root]# vmstat 5&
[3] 886
[root@ls3016 /root]#    procs                      memory    swap          io     system         cpu
 r  b  w   swpd   free   buff  cache  si  so    bi    bo   in    cs  us  sy  id
10  2  1     56 100388 264548   6720   0   0   248     1   32    68   1   3  97
12  0  0     24  20336 127560   4968  22 2607     5   652  148 44678   3  86  12
10  2  1   9248  46552     96   7928 148 2598    37   649  189 28333   2  63  36
12  0  0   9828  67408     96   5060 870 5542   218  1385  217 19066   1  29  70
Free pages:           0kB (     0kB HighMem)
( Active: 19274, inactive_dirty: 272, inactive_clean: 0, free: 0 (256 512 768) )
0*4kB 0*8kB 0*16kB 0*32kB 0*64kB 0*128kB 0*256kB 0*512kB 0*1024kB 0*2048kB = 0kB)
0*4kB 0*8kB 0*16kB 0*32kB 0*64kB 0*128kB 0*256kB 0*512kB 0*1024kB 0*2048kB = 0kB)
= 0kB)
Swap cache: add 36820, delete 17828, find 11015/13811
Free pages:           0kB (     0kB HighMem)
( Active: 19275, inactive_dirty: 272, inactive_clean: 0, free: 0 (256 512 768) )
0*4kB 0*8kB 0*16kB 0*32kB 0*64kB 0*128kB 0*256kB 0*512kB 0*1024kB 0*2048kB = 0kB)
0*4kB 0*8kB 0*16kB 0*32kB 0*64kB 0*128kB 0*256kB 0*512kB 0*1024kB 0*2048kB = 0kB)
= 0kB)
Swap cache: add 36821, delete 17828, find 11015/13811
Free pages:           0kB (     0kB HighMem)
( Active: 19276, inactive_dirty: 272, inactive_clean: 0, free: 0 (256 512 768) )
0*4kB 0*8kB 0*16kB 0*32kB 0*64kB 0*128kB 0*256kB 0*512kB 0*1024kB 0*2048kB = 0kB)
0*4kB 0*8kB 0*16kB 0*32kB 0*64kB 0*128kB 0*256kB 0*512kB 0*1024kB 0*2048kB = 0kB)
= 0kB)
Swap cache: add 36822, delete 17828, find 11015/13811
Free pages:           0kB (     0kB HighMem)
( Active: 19277, inactive_dirty: 272, inactive_clean: 0, free: 0 (256 512 768) )
0*4kB 0*8kB 0*16kB 0*32kB 0*64kB 0*128kB 0*256kB 0*512kB 0*1024kB 0*2048kB = 0kB)
0*4kB 0*8kB 0*16kB 0*32kB 0*64kB 0*128kB 0*256kB 0*512kB 0*1024kB 0*2048kB = 0kB)
= 0kB)
Swap cache: add 36823, delete 17828, find 11015/13811
Free pages:           0kB (     0kB HighMem)
( Active: 19278, inactive_dirty: 272, inactive_clean: 0, free: 0 (256 512 768) )
0*4kB 0*8kB 0*16kB 0*32kB 0*64kB 0*128kB 0*256kB 0*512kB 0*1024kB 0*2048kB = 0kB)
0*4kB 0*8kB 0*16kB 0*32kB 0*64kB 0*128kB 0*256kB 0*512kB 0*1024kB 0*2048kB = 0kB)
= 0kB)
Swap cache: add 36824, delete 17828, find 11015/13811
Free pages:           0kB (     0kB HighMem)
( Active: 19279, inactive_dirty: 272, inactive_clean: 0, free: 0 (256 512 768) )
0*4kB 0*8kB 0*16kB 0*32kB 0*64kB 0*128kB 0*256kB 0*512kB 0*1024kB 0*2048kB = 0kB)
0*4kB 0*8kB 0*16kB 0*32kB 0*64kB 0*128kB 0*256kB 0*512kB 0*1024kB 0*2048kB = 0kB)
= 0kB)
Swap cache: add 36825, delete 17828, find 11015/13811
Free pages:           0kB (     0kB HighMem)
( Active: 19280, inactive_dirty: 272, inactive_clean: 0, free: 0 (256 512 768) )
0*4kB 0*8kB 0*16kB 0*32kB 0*64kB 0*128kB 0*256kB 0*512kB 0*1024kB 0*2048kB = 0kB)
0*4kB 0*8kB 0*16kB 0*32kB 0*64kB 0*128kB 0*256kB 0*512kB 0*1024kB 0*2048kB = 0kB)
= 0kB)
Swap cache: add 36826, delete 17828, find 11015/13811
Free pages:           0kB (     0kB HighMem)
( Active: 19281, inactive_dirty: 272, inactive_clean: 0, free: 0 (256 512 768) )
0*4kB 0*8kB 0*16kB 0*32kB 0*64kB 0*128kB 0*256kB 0*512kB 0*1024kB 0*2048kB = 0kB)
0*4kB 0*8kB 0*16kB 0*32kB 0*64kB 0*128kB 0*256kB 0*512kB 0*1024kB 0*2048kB = 0kB)
= 0kB)
Swap cache: add 36827, delete 17828, find 11015/13811
Free pages:           0kB (     0kB HighMem)
( Active: 19282, inactive_dirty: 272, inactive_clean: 0, free: 0 (256 512 768) )
0*4kB 0*8kB 0*16kB 0*32kB 0*64kB 0*128kB 0*256kB 0*512kB 0*1024kB 0*2048kB = 0kB)
0*4kB 0*8kB 0*16kB 0*32kB 0*64kB 0*128kB 0*256kB 0*512kB 0*1024kB 0*2048kB = 0kB)
= 0kB)
Swap cache: add 36828, delete 17828, find 11015/13811
Free pages:           0kB (     0kB HighMem)
Free pages:           0kB (     0kB HighMem)
( Active: 19283, inactive_dirty: 272, inactive_clean: 0, free: 0 (256 512 768) )
( Active: 19283, inactive_dirty: 272, inactive_clean: 0, free: 0 (256 512 768) )
0*4kB 0*8kB 0*16kB 0*32kB 0*64kB 0*128kB 0*256kB 0*512kB 0*1024kB 0*2048kB = 0kB)
0*4kB 0*4kB 0*8kB 0*8kB 0*16kB 0*16kB 0*32kB 0*32kB 0*64kB 0*64kB 0*128kB 0*128kB 0*256kB 0*256kB 0*512kB 0*512kB 0*1024kB 0*1024kB 0*2048kB 0*2048kB = 0kB)
= 0kB)
= 0kB)
0*4kB Swap cache: add 36829, delete 17828, find 11015/13811
0*8kB 0*16kB 0*32kB 0*64kB 0*128kB 0*256kB 0*512kB 0*1024kB 0*2048kB = 0kB)
= 0kB)
Swap cache: add 36829, delete 17828, find 11015/13811
Free pages:           0kB (     0kB HighMem)
( Active: 19284, inactive_dirty: 272, inactive_clean: 0, free: 0 (256 512 768) )
0*4kB 0*8kB 0*16kB 0*32kB 0*64kB 0*128kB 0*256kB 0*512kB 0*1024kB 0*2048kB = 0kB)
Free pages:           0kB (     0kB HighMem)
0*4kB ( Active: 19284, inactive_dirty: 272, inactive_clean: 0, free: 0 (256 512 768) )
0*8kB 0*16kB 0*32kB 0*64kB 0*128kB 0*256kB 0*512kB 0*1024kB 0*2048kB 0*4kB 0*8kB 0*16kB 0*32kB = 0kB)
0*64kB 0*128kB = 0kB)
0*256kB 0*512kB Swap cache: add 36830, delete 17828, find 11015/13811
0*1024kB 0*2048kB Free pages:           0kB (     0kB HighMem)
= 0kB)
( Active: 19285, inactive_dirty: 272, inactive_clean: 0, free: 0 (256 512 768) )
0*4kB 0*8kB 0*16kB 0*32kB 0*4kB 0*64kB 0*128kB 0*8kB 0*256kB 0*16kB 0*512kB 0*32kB 0*1024kB 0*64kB 0*2048kB 0*128kB = 0kB)
= 0kB)
Swap cache: add 36831, delete 17828, find 11015/13811
0*256kB <4>eth0: can't fill rx buffer (force 0)!
0*512kB <7>eth0: Tx ring dump,  Tx queue 7 / 7:
0*1024kB <7>eth0:     0 0001a000.
0*2048kB <7>eth0:     1 0002a000.
= 0kB)
0*4kB 0*8kB 0*16kB 0*32kB 0*64kB 0*128kB 0*256kB 0*512kB 0*1024kB 0*2048kB <7>eth0:     4 0003a000.
= 0kB)
= 0kB)
Swap cache: add 36831, delete 17828, find 11015/13811
Free pages:           0kB (     0kB HighMem)
( Active: 19286, inactive_dirty: 272, inactive_clean: 0, free: 0 (256 512 768) )
0*4kB <7>eth0:    15 00000000.
0*8kB <7>eth0:    16 00000000.
0*16kB <7>eth0:    17 00000000.
0*32kB <7>eth0:    18 00000000.
0*64kB <7>eth0:    19 00000000.
0*128kB <7>eth0:    20 00000000.
0*256kB <7>eth0:    21 00000000.
0*512kB <7>eth0:    22 00000000.
0*1024kB <7>eth0:    23 00000000.
0*2048kB <7>eth0:    24 00000000.
= 0kB)
1*4kB <7>eth0:    26 00000000.
0*8kB <7>eth0:    27 00000000.
0*16kB <7>eth0:    28 00000000.
0*32kB <7>eth0: Printing Rx ring (next to receive into 261, dirty index 260).
0*64kB <7>eth0:     0 00000001.
0*128kB <7>eth0:     1 00000001.
0*256kB <7>eth0:     2 00000001.
0*512kB <7>eth0:  *  4 00000000.
0*1024kB <7>eth0:   = 5 0000a022.
0*2048kB <7>eth0:     6 00000001.
= 4kB)
= 0kB)
Swap cache: add 36832, delete 17828, find 11015/13811
Free pages:           0kB (     0kB HighMem)
Free pages:           0kB (     0kB HighMem)
( Active: 19327, inactive_dirty: 272, inactive_clean: 0, free: 0 (256 512 768) )
( Active: 19327, inactive_dirty: 272, inactive_clean: 0, free: 0 (256 512 768) )
0*4kB 0*8kB 0*16kB 0*32kB 0*64kB 0*128kB 0*256kB 0*512kB 0*1024kB 0*2048kB 0*4kB 0*8kB 0*16kB 0*32kB 0*64kB 0*128kB 0*256kB 0*512kB 0*1024kB 0*2048kB = 0kB)
0*4kB 0*8kB 0*16kB = 0kB)
0*32kB 0*64kB 0*128kB 0*256kB 0*512kB 0*1024kB 0*2048kB 0*4kB = 0kB)
= 0kB)
0*8kB Swap cache: add 36873, delete 17828, find 11015/13811
0*16kB 0*32kB 0*64kB 0*128kB 0*256kB 0*512kB 0*1024kB 0*2048kB = 0kB)
= 0kB)
Free pages:           0kB (     0kB HighMem)
Swap cache: add 36873, delete 17828, find 11015/13811
( Active: 19327, inactive_dirty: 272, inactive_clean: 0, free: 0 (256 512 768) )
Free pages:           0kB (     0kB HighMem)
0*4kB 0*8kB 0*16kB 0*32kB 0*64kB ( Active: 19328, inactive_dirty: 272, inactive_clean: 0, free: 0 (256 512 768) )
0*128kB 0*256kB 0*512kB 0*1024kB 0*2048kB 0*4kB = 0kB)
0*8kB 1*4kB 0*16kB 0*8kB 0*32kB 0*16kB 0*64kB 0*32kB 0*128kB 0*64kB 0*256kB 0*128kB 0*512kB 0*256kB 0*1024kB 0*512kB 0*2048kB 0*1024kB = 0kB)
0*2048kB 1*4kB = 4kB)
0*8kB = 0kB)
0*16kB Swap cache: add 36874, delete 17828, find 11015/13811
0*32kB <4>eth0: can't fill rx buffer (force 1)!
0*64kB <7>eth0: Tx ring dump,  Tx queue 7 / 7:
0*128kB <7>eth0:     0 0001a000.
0*256kB <7>eth0:     1 0002a000.
0*512kB <7>eth0:     2 0003a000.
0*1024kB <7>eth0:     3 0003a000.
0*2048kB <7>eth0:     4 0003a000.
= 4kB)
= 0kB)
Swap cache: add 36874, delete 17828, find 11015/13811
Free pages:           0kB (     0kB HighMem)
( Active: 19337, inactive_dirty: 272, inactive_clean: 0, free: 0 (256 512 768) )
Free pages:           0kB (     0kB HighMem)
0*4kB ( Active: 19369, inactive_dirty: 272, inactive_clean: 0, free: 0 (256 512 768) )
0*8kB 0*16kB 0*32kB 0*64kB 0*128kB 0*256kB 0*512kB 0*1024kB 0*2048kB 0*4kB = 0kB)
0*8kB 0*4kB 0*16kB 0*8kB 0*32kB 0*16kB 0*64kB 0*32kB 0*128kB 0*64kB 0*256kB 0*128kB 0*512kB 0*256kB 0*1024kB 0*512kB 0*2048kB 0*1024kB = 0kB)
0*2048kB 0*4kB = 0kB)
0*8kB = 0kB)
0*16kB Swap cache: add 36915, delete 17828, find 11015/13811
0*32kB 0*64kB 0*128kB 0*256kB 0*512kB 0*1024kB 0*2048kB Free pages:           0kB (     0kB HighMem)
= 0kB)
( Active: 19369, inactive_dirty: 272, inactive_clean: 0, free: 0 (256 512 768) )
= 0kB)
0*4kB Swap cache: add 36915, delete 17828, find 11015/13811
0*8kB 0*16kB 0*32kB 0*64kB 0*128kB 0*256kB 0*512kB 0*1024kB 0*2048kB = 0kB)
Free pages:           0kB (     0kB HighMem)
0*4kB ( Active: 19370, inactive_dirty: 272, inactive_clean: 0, free: 0 (256 512 768) )
0*8kB 0*4kB 0*16kB 0*8kB 0*32kB 0*16kB 0*64kB 0*32kB 0*128kB 0*64kB 0*256kB 0*128kB 0*512kB 0*256kB 0*1024kB 0*512kB 0*2048kB 0*1024kB = 0kB)
0*2048kB = 0kB)
= 0kB)
Swap cache: add 36916, delete 17828, find 11015/13811
0*4kB 0*8kB 0*16kB 0*32kB 0*64kB 0*128kB 0*256kB 0*512kB 0*1024kB 0*2048kB = 0kB)
Free pages:           0kB (     0kB HighMem)
= 0kB)
( Active: 19370, inactive_dirty: 272, inactive_clean: 0, free: 0 (256 512 768) )
Swap cache: add 36916, delete 17828, find 11015/13811
0*4kB 0*8kB 0*16kB 0*32kB 0*64kB 0*128kB 0*256kB 0*512kB 0*1024kB 0*2048kB = 0kB)
0*4kB 0*8kB 0*16kB 0*32kB 0*64kB 0*128kB 0*256kB 0*512kB 0*1024kB 0*2048kB = 0kB)
= 0kB)
Swap cache: add 36916, delete 17828, find 11015/13811
Free pages:           0kB (     0kB HighMem)
( Active: 19370, inactive_dirty: 272, inactive_clean: 0, free: 0 (256 512 768) )
0*4kB 0*8kB 0*16kB 0*32kB 0*64kB 0*128kB 0*256kB 0*512kB 0*1024kB 0*2048kB = 0kB)
0*4kB 0*8kB 0*16kB 0*32kB 0*64kB 0*128kB 0*256kB 0*512kB 0*1024kB 0*2048kB = 0kB)
= 0kB)
Swap cache: add 36916, delete 17828, find 11015/13811
Free pages:           0kB (     0kB HighMem)
( Active: 19370, inactive_dirty: 272, inactive_clean: 0, free: 0 (256 512 768) )
0*4kB 0*8kB 0*16kB 0*32kB 0*64kB 0*128kB 0*256kB 0*512kB 0*1024kB 0*2048kB = 0kB)
0*4kB 0*8kB 0*16kB 0*32kB 0*64kB 0*128kB 0*256kB 0*512kB 0*1024kB 0*2048kB = 0kB)
= 0kB)
Swap cache: add 36916, delete 17828, find 11015/13811
Free pages:           0kB (     0kB HighMem)
( Active: 19370, inactive_dirty: 272, inactive_clean: 0, free: 0 (256 512 768) )
0*4kB 0*8kB 0*16kB 0*32kB 0*64kB 0*128kB 0*256kB 0*512kB 0*1024kB 0*2048kB = 0kB)
0*4kB 0*8kB 0*16kB 0*32kB 0*64kB 0*128kB 0*256kB 0*512kB 0*1024kB 0*2048kB = 0kB)
= 0kB)
Swap cache: add 36916, delete 17828, find 11015/13811
eth0: can't fill rx buffer (force 1)!
Free pages:           0kB (     0kB HighMem)
( Active: 19370, inactive_dirty: 272, inactive_clean: 0, free: 0 (256 512 768) )
0*4kB 0*8kB 0*16kB 0*32kB 0*64kB 0*128kB 0*256kB 0*512kB 0*1024kB 0*2048kB = 0kB)
0*4kB 0*8kB 0*16kB 0*32kB 0*64kB 0*128kB 0*256kB 0*512kB 0*1024kB 0*2048kB = 0kB)
= 0kB)
Swap cache: add 36916, delete 17828, find 11015/13811
Free pages:           0kB (     0kB HighMem)
( Active: 19370, inactive_dirty: 272, inactive_clean: 0, free: 0 (256 512 768) )
0*4kB 0*8kB 0*16kB 0*32kB 0*64kB 0*128kB 0*256kB 0*512kB 0*1024kB 0*2048kB = 0kB)
0*4kB 0*8kB 0*16kB 0*32kB 0*64kB 0*128kB 0*256kB 0*512kB 0*1024kB 0*2048kB = 0kB)
= 0kB)
Swap cache: add 36916, delete 17828, find 11015/13811
Free pages:           0kB (     0kB HighMem)
( Active: 19370, inactive_dirty: 272, inactive_clean: 0, free: 0 (256 512 768) )
0*4kB 0*8kB 0*16kB 0*32kB 0*64kB 0*128kB 0*256kB 0*512kB 0*1024kB 0*2048kB = 0kB)
0*4kB 0*8kB 0*16kB 0*32kB 0*64kB 0*128kB 0*256kB 0*512kB 0*1024kB 0*2048kB = 0kB)
= 0kB)
Swap cache: add 36916, delete 17828, find 11015/13811
Free pages:           0kB (     0kB HighMem)
( Active: 19370, inactive_dirty: 272, inactive_clean: 0, free: 0 (256 512 768) )
0*4kB 0*8kB 0*16kB 0*32kB 0*64kB 0*128kB 0*256kB 0*512kB 0*1024kB 0*2048kB = 0kB)
0*4kB 0*8kB 0*16kB 0*32kB 0*64kB 0*128kB 0*256kB 0*512kB 0*1024kB 0*2048kB = 0kB)
= 0kB)
Swap cache: add 36916, delete 17828, find 11015/13811
Free pages:           0kB (     0kB HighMem)
( Active: 19370, inactive_dirty: 272, inactive_clean: 0, free: 0 (256 512 768) )
0*4kB 0*8kB 0*16kB 0*32kB 0*64kB 0*128kB 0*256kB 0*512kB 0*1024kB 0*2048kB = 0kB)
0*4kB 0*8kB 0*16kB 0*32kB 0*64kB 0*128kB 0*256kB 0*512kB 0*1024kB 0*2048kB = 0kB)
= 0kB)
Swap cache: add 36916, delete 17828, find 11015/13811
Free pages:           0kB (     0kB HighMem)
( Active: 19370, inactive_dirty: 272, inactive_clean: 0, free: 0 (256 512 768) )
0*4kB 0*8kB 0*16kB 0*32kB 0*64kB 0*128kB 0*256kB 0*512kB 0*1024kB 0*2048kB = 0kB)
0*4kB 0*8kB 0*16kB 0*32kB 0*64kB 0*128kB 0*256kB 0*512kB 0*1024kB 0*2048kB = 0kB)
= 0kB)
Swap cache: add 36916, delete 17828, find 11015/13811
eth0: can't fill rx buffer (force 0)!
Free pages:           0kB (     0kB HighMem)
( Active: 19370, inactive_dirty: 272, inactive_clean: 0, free: 0 (256 512 768) )
0*4kB 0*8kB 0*16kB 0*32kB 0*64kB 0*128kB 0*256kB 0*512kB 0*1024kB 0*2048kB = 0kB)
0*4kB 0*8kB 0*16kB 0*32kB 0*64kB 0*128kB 0*256kB 0*512kB 0*1024kB 0*2048kB = 0kB)
= 0kB)
Swap cache: add 36916, delete 17828, find 11015/13811
Free pages:           0kB (     0kB HighMem)
( Active: 19370, inactive_dirty: 272, inactive_clean: 0, free: 0 (256 512 768) )
0*4kB 0*8kB 0*16kB 0*32kB 0*64kB 0*128kB 0*256kB 0*512kB 0*1024kB 0*2048kB = 0kB)
0*4kB 0*8kB 0*16kB 0*32kB 0*64kB 0*128kB 0*256kB 0*512kB 0*1024kB 0*2048kB = 0kB)
= 0kB)
Swap cache: add 36916, delete 17828, find 11015/13811
Free pages:           0kB (     0kB HighMem)
( Active: 19370, inactive_dirty: 272, inactive_clean: 0, free: 0 (256 512 768) )
0*4kB 0*8kB 0*16kB 0*32kB 0*64kB 0*128kB 0*256kB 0*512kB 0*1024kB 0*2048kB = 0kB)
0*4kB 0*8kB 0*16kB 0*32kB 0*64kB 0*128kB 0*256kB 0*512kB 0*1024kB 0*2048kB = 0kB)
= 0kB)
Swap cache: add 36916, delete 17828, find 11015/13811
Free pages:           0kB (     0kB HighMem)
( Active: 19370, inactive_dirty: 272, inactive_clean: 0, free: 0 (256 512 768) )
0*4kB 0*8kB 0*16kB 0*32kB 0*64kB 0*128kB 0*256kB 0*512kB 0*1024kB 0*2048kB = 0kB)
0*4kB 0*8kB 0*16kB 0*32kB 0*64kB 0*128kB 0*256kB 0*512kB 0*1024kB 0*2048kB = 0kB)
= 0kB)
Swap cache: add 36916, delete 17828, find 11015/13811
Free pages:           0kB (     0kB HighMem)
( Active: 19370, inactive_dirty: 272, inactive_clean: 0, free: 0 (256 512 768) )
0*4kB 0*8kB 0*16kB 0*32kB 0*64kB 0*128kB 0*256kB 0*512kB 0*1024kB 0*2048kB = 0kB)
0*4kB 0*8kB 0*16kB 0*32kB 0*64kB 0*128kB 0*256kB 0*512kB 0*1024kB 0*2048kB = 0kB)
= 0kB)
Swap cache: add 36916, delete 17828, find 11015/13811
Free pages:           0kB (     0kB HighMem)
( Active: 19370, inactive_dirty: 272, inactive_clean: 0, free: 0 (256 512 768) )
0*4kB 0*8kB 0*16kB 0*32kB 0*64kB 0*128kB 0*256kB 0*512kB 0*1024kB 0*2048kB = 0kB)
0*4kB 0*8kB 0*16kB 0*32kB 0*64kB 0*128kB 0*256kB 0*512kB 0*1024kB 0*2048kB = 0kB)
= 0kB)
Swap cache: add 36916, delete 17828, find 11015/13811
Free pages:           0kB (     0kB HighMem)
( Active: 19370, inactive_dirty: 272, inactive_clean: 0, free: 0 (256 512 768) )
0*4kB 0*8kB 0*16kB 0*32kB 0*64kB 0*128kB 0*256kB 0*512kB 0*1024kB 0*2048kB = 0kB)
0*4kB 0*8kB 0*16kB 0*32kB 0*64kB 0*128kB 0*256kB 0*512kB 0*1024kB 0*2048kB = 0kB)
= 0kB)
Swap cache: add 36916, delete 17828, find 11015/13811
Free pages:           0kB (     0kB HighMem)
( Active: 19370, inactive_dirty: 272, inactive_clean: 0, free: 0 (256 512 768) )
0*4kB 0*8kB 0*16kB 0*32kB 0*64kB 0*128kB 0*256kB 0*512kB 0*1024kB 0*2048kB = 0kB)
0*4kB 0*8kB 0*16kB 0*32kB 0*64kB 0*128kB 0*256kB 0*512kB 0*1024kB 0*2048kB = 0kB)
= 0kB)
Swap cache: add 36916, delete 17828, find 11015/13811
Free pages:           0kB (     0kB HighMem)
( Active: 19370, inactive_dirty: 272, inactive_clean: 0, free: 0 (256 512 768) )
0*4kB 0*8kB 0*16kB 0*32kB 0*64kB 0*128kB 0*256kB 0*512kB 0*1024kB 0*2048kB = 0kB)
0*4kB 0*8kB 0*16kB 0*32kB 0*64kB 0*128kB 0*256kB 0*512kB 0*1024kB 0*2048kB = 0kB)
= 0kB)
Swap cache: add 36916, delete 17828, find 11015/13811