Date: Fri, 24 Dec 2004 18:29:42 +0000
From: 	mp@aktivix ...
Subject: IRQ disabling, irqpoll don't help
Sender: linux-kernel-owner@vger.kernel.org
Precedence: bulk
List-ID: <linux-kernel.vger.kernel.org>
X-Mailing-List: linux-kernel@vger.kernel.org
X-Lkml-Link: https://lkml.org/lkml/2004/12/24/55

hi,
i get similar output as reported here recently:
http://lkml.org/lkml/2004/12/6/75
thought this might help (pls CC mp [at] aktivix dot org) if replying)
using 2.6.9-1.681_FC3 (laptop, all updated with apt freshrpms):
dmesg <snip>
hub 4-0:1.0: 2 ports detected
 Linux Kernel Card Services
  options:  [pci] [cardbus] [pm]
PCI: IRQ 0 for device 0000:00:0b.0 doesn't match PIRQ mask - try
pci=usepirqmask
PCI: No IRQ known for interrupt pin A of device 0000:00:0b.0. Please try using
pci=biosirq.
Yenta: CardBus bridge found at 0000:00:0b.0 [1734:1032]
irq 3: nobody cared! (screaming interrupt?)
irq 3: Please try booting with acpi=off and report a bug
Stack pointer is garbage, not printing trace
handlers:
[<0228080f>] (usb_hcd_irq+0x0/0x4b)
Disabling IRQ #3
<end>
or different boot attempt:
<snip>
hub 4-0:1.0: USB hub found
hub 4-0:1.0: 2 ports detected
Linux Kernel Card Services
  options:  [pci] [cardbus] [pm]
PCI: No IRQ known for interrupt pin A of device 0000:00:0b.0.
Yenta: CardBus bridge found at 0000:00:0b.0 [1734:1032]
irq 3: nobody cared! (screaming interrupt?)
irq 3: Please try booting with acpi=off and report a bug
Stack pointer is garbage, not printing trace
handlers:
[<02282da7>] (usb_hcd_irq+0x0/0x4b)
Disabling IRQ #3
<end>
or: 
dmesg <snip>
vesafb: probe of vesafb0 failed with error -6
ide2: Wait for ready failed before probe !
ide3: Wait for ready failed before probe !
ide4: Wait for ready failed before probe !
ide5: Wait for ready failed before probe !
cdrom: open failed.
<end>
have tried more boot option combinations of apci=off | irc=usepirqmask |
pci=bioirq etc. according to the various output recommendations than i care
to/can recount... using irqpoll causes a consistent hang up in boot, as does
irqnodebug
Prior to this state, btw, there was a consistent "hdc: lost interrupt: drive
appears confused", which seems to have been 'solved' by disabling HAL.....
cheers,
mp
[root@maz ~]# dmesg|less|grep BIOS
BIOS-provided physical RAM map:
 BIOS-e820: 0000000000000000 - 000000000009fc00 (usable)
 BIOS-e820: 000000000009fc00 - 00000000000a0000 (reserved)
 BIOS-e820: 00000000000d2000 - 00000000000d8000 (reserved)
 BIOS-e820: 00000000000f0000 - 0000000000100000 (reserved)
 BIOS-e820: 0000000000100000 - 000000003fff0000 (usable)
 BIOS-e820: 000000003fff0000 - 000000003fff8000 (ACPI data)
 BIOS-e820: 000000003fff8000 - 0000000040000000 (ACPI NVS)
 BIOS-e820: 00000000fec00000 - 00000000fec01000 (reserved)
 BIOS-e820: 00000000fee00000 - 00000000fee01000 (reserved)
 BIOS-e820: 00000000fff80000 - 0000000100000000 (reserved)
PCI: PCI BIOS revision 2.10 entry at 0xfda81, last bus=1
apm: BIOS not found.
    ide0: BM-DMA at 0xfc00-0xfc07, BIOS settings: hda:DMA, hdb:pio
    ide1: BM-DMA at 0xfc08-0xfc0f, BIOS settings: hdc:DMA, hdd:pio
[mp@maz ~]$ dmesg
Linux version 2.6.9-1.681_FC3 (bhcompile@tweety.build.redhat.com) (gcc version 3.4.2 20041017 (Red Hat 3.4.2-6.fc3)) #1 Thu Nov 18 15:10:10 EST 2004
BIOS-provided physical RAM map:
 BIOS-e820: 0000000000000000 - 000000000009fc00 (usable)
 BIOS-e820: 000000000009fc00 - 00000000000a0000 (reserved)
 BIOS-e820: 00000000000d2000 - 00000000000d8000 (reserved)
 BIOS-e820: 00000000000f0000 - 0000000000100000 (reserved)
 BIOS-e820: 0000000000100000 - 000000003fff0000 (usable)
 BIOS-e820: 000000003fff0000 - 000000003fff8000 (ACPI data)
 BIOS-e820: 000000003fff8000 - 0000000040000000 (ACPI NVS)
 BIOS-e820: 00000000fec00000 - 00000000fec01000 (reserved)
 BIOS-e820: 00000000fee00000 - 00000000fee01000 (reserved)
 BIOS-e820: 00000000fff80000 - 0000000100000000 (reserved)
0MB HIGHMEM available.
1023MB LOWMEM available.
zapping low mappings.
On node 0 totalpages: 262128
  DMA zone: 4096 pages, LIFO batch:1
  Normal zone: 258032 pages, LIFO batch:16
  HighMem zone: 0 pages, LIFO batch:1
DMI 2.3 present.
Built 1 zonelists
Kernel command line: ro root=LABEL=/ acpi=off pci=usepirqmask pci=biosirq
mapped 4G/4G trampoline to ffff4000.
Initializing CPU#0
CPU 0 irqstacks, hard=023db000 soft=023da000
PID hash table entries: 4096 (order: 12, 65536 bytes)
Detected 1995.050 MHz processor.
Using tsc for high-res timesource
Console: colour VGA+ 80x25
Dentry cache hash table entries: 262144 (order: 8, 1048576 bytes)
Inode-cache hash table entries: 131072 (order: 7, 524288 bytes)
Memory: 1034276k/1048512k available (2084k kernel code, 13516k reserved, 651k data, 148k init, 0k highmem)
Calibrating delay loop... 3932.16 BogoMIPS (lpj=1966080)
Security Scaffold v1.0.0 initialized
SELinux:  Initializing.
SELinux:  Starting in permissive mode
There is already a security framework initialized, register_security failed.
selinux_register_security:  Registering secondary module capability
Capability LSM initialized as secondary
Mount-cache hash table entries: 512 (order: 0, 4096 bytes)
CPU: After generic identify, caps: 0383f9ff c1cbf9ff 00000000 00000000
CPU: After vendor identify, caps:  0383f9ff c1cbf9ff 00000000 00000000
CPU: L1 I Cache: 64K (64 bytes/line), D cache 64K (64 bytes/line)
CPU: L2 Cache: 512K (64 bytes/line)
CPU: After all inits, caps:        0383f1ff c1cbf9ff 00000000 00000020
Intel machine check architecture supported.
Intel machine check reporting enabled on CPU#0.
CPU: AMD mobile AMD Athlon(tm) XP 2600+ stepping 00
Enabling fast FPU save and restore... done.
Enabling unmasked SIMD FPU exception support... done.
Checking 'hlt' instruction... OK.
checking if image is initramfs... it is
Freeing initrd memory: 383k freed
NET: Registered protocol family 16
PCI: PCI BIOS revision 2.10 entry at 0xfda81, last bus=1
PCI: Using configuration type 1
mtrr: v2.0 (20020519)
ACPI: Subsystem revision 20040816
ACPI: Interpreter disabled.
Linux Plug and Play Support v0.97 (c) Adam Belay
usbcore: registered new driver usbfs
usbcore: registered new driver hub
PCI: Probing PCI hardware
PCI: Probing PCI hardware (bus 00)
PCI: Using IRQ router default [1106/3177] at 0000:00:11.0
PCI: Hardcoded IRQ 14 for device 0000:00:11.1
apm: BIOS not found.
audit: initializing netlink socket (disabled)
audit(1103910238.289:0): initialized
Total HugeTLB memory allocated, 0
VFS: Disk quotas dquot_6.5.1
Dquot-cache hash table entries: 1024 (order 0, 4096 bytes)
SELinux:  Registering netfilter hooks
Initializing Cryptographic API
ksign: Installing public key data
Loading keyring
- Added public key 5E743E255A7478EF
- User ID: Red Hat, Inc. (Kernel Module GPG key)
pci_hotplug: PCI Hot Plug PCI Core version: 0.5
vesafb: probe of vesafb0 failed with error -6
isapnp: Scanning for PnP cards...
isapnp: No Plug & Play device found
Real Time Clock Driver v1.12
Linux agpgart interface v0.100 (c) Dave Jones
agpgart: Detected VIA KT400/KT400A/KT600 chipset
agpgart: Maximum main memory to use for agp memory: 941M
agpgart: AGP aperture is 64M @ 0xe0000000
i8042.c: Detected active multiplexing controller, rev 1.0.
serio: i8042 AUX0 port at 0x60,0x64 irq 12
serio: i8042 AUX1 port at 0x60,0x64 irq 12
serio: i8042 AUX2 port at 0x60,0x64 irq 12
serio: i8042 AUX3 port at 0x60,0x64 irq 12
serio: i8042 KBD port at 0x60,0x64 irq 1
Serial: 8250/16550 driver $Revision: 1.90 $ 8 ports, IRQ sharing enabled
RAMDISK driver initialized: 16 RAM disks of 16384K size 1024 blocksize
divert: not allocating divert_blk for non-ethernet device lo
Uniform Multi-Platform E-IDE driver Revision: 7.00alpha2
ide: Assuming 33MHz system bus speed for PIO modes; override with idebus=xx
VP_IDE: IDE controller at PCI slot 0000:00:11.1
PCI: Hardcoded IRQ 14 for device 0000:00:11.1
VP_IDE: chipset revision 6
VP_IDE: not 100% native mode: will probe irqs later
VP_IDE: VIA vt8235 (rev 00) IDE UDMA133 controller on pci0000:00:11.1
    ide0: BM-DMA at 0xfc00-0xfc07, BIOS settings: hda:DMA, hdb:pio
    ide1: BM-DMA at 0xfc08-0xfc0f, BIOS settings: hdc:DMA, hdd:pio
Probing IDE interface ide0...
hda: FUJITSU MHT2040AT, ATA DISK drive
Using cfq io scheduler
ide0 at 0x1f0-0x1f7,0x3f6 on irq 14
Probing IDE interface ide1...
hdc: DVD+RW RW8160, ATAPI CD/DVD-ROM drive
ide1 at 0x170-0x177,0x376 on irq 15
Probing IDE interface ide2...
ide2: Wait for ready failed before probe !
Probing IDE interface ide3...
ide3: Wait for ready failed before probe !
Probing IDE interface ide4...
ide4: Wait for ready failed before probe !
Probing IDE interface ide5...
ide5: Wait for ready failed before probe !
hda: max request size: 128KiB
hda: 78140160 sectors (40007 MB) w/2048KiB Cache, CHS=65535/16/63, UDMA(100)
hda: cache flushes supported
 hda: hda1 hda2 hda3 hda4 < hda5 hda6 hda7 hda8 >
hdc: ATAPI 24X DVD-ROM CD-R/RW drive, 8192kB Cache, UDMA(33)
Uniform CD-ROM driver Revision: 3.20
ide-floppy driver 0.99.newide
usbcore: registered new driver hiddev
usbcore: registered new driver usbhid
drivers/usb/input/hid-core.c: v2.0:USB HID core driver
mice: PS/2 mouse device common for all mice
input: AT Translated Set 2 keyboard on isa0060/serio0
Synaptics Touchpad, model: 1
 Firmware: 4.1
 Sensor: 8
 new absolute packet format
input: SynPS/2 Synaptics TouchPad on isa0060/serio2
md: md driver 0.90.0 MAX_MD_DEVS=256, MD_SB_DISKS=27
NET: Registered protocol family 2
IP: routing cache hash table of 2048 buckets, 64Kbytes
TCP: Hash tables configured (established 262144 bind 37449)
Initializing IPsec netlink socket
NET: Registered protocol family 1
NET: Registered protocol family 17
powernow: PowerNOW! Technology present. Can scale: frequency and voltage.
powernow: SGTC: 13333
powernow: Minimum speed 1396 MHz. Maximum speed 1995 MHz.
Freeing unused kernel memory: 148k freed
kjournald starting.  Commit interval 5 seconds
EXT3-fs: mounted filesystem with ordered data mode.
SELinux:  Disabled at runtime.
SELinux:  Unregistering netfilter hooks
inserting floppy driver for 2.6.9-1.681_FC3
Floppy drive(s): fd0 is 1.44M
floppy0: no floppy controllers found
via-rhine.c:v1.10-LK1.2.0-2.6 June-10-2004 Written by Donald Becker
divert: allocating divert_blk for eth0
eth0: VIA Rhine II at 0xdffff600, 00:03:0d:07:e0:19, IRQ 11.
eth0: MII PHY found at address 1, status 0x786d advertising 05e1 Link 0021.
via82xx: Assuming DXS channels with 48k fixed sample rate.
         Please try dxs_support=1 or dxs_support=4 option
         and report if it works on your machine.
PCI: Setting latency timer of device 0000:00:11.5 to 64
ehci_hcd 0000:00:10.3: EHCI Host Controller
ehci_hcd 0000:00:10.3: irq 10, pci mem 42836700
ehci_hcd 0000:00:10.3: new USB bus registered, assigned bus number 1
ehci_hcd 0000:00:10.3: USB 2.0 enabled, EHCI 1.00, driver 2004-May-10
hub 1-0:1.0: USB hub found
hub 1-0:1.0: 6 ports detected
USB Universal Host Controller Interface driver v2.2
uhci_hcd 0000:00:10.0: UHCI Host Controller
uhci_hcd 0000:00:10.0: irq 11, io base 0000e000
uhci_hcd 0000:00:10.0: new USB bus registered, assigned bus number 2
hub 2-0:1.0: USB hub found
hub 2-0:1.0: 2 ports detected
uhci_hcd 0000:00:10.1: UHCI Host Controller
uhci_hcd 0000:00:10.1: irq 3, io base 0000e400
uhci_hcd 0000:00:10.1: new USB bus registered, assigned bus number 3
hub 3-0:1.0: USB hub found
hub 3-0:1.0: 2 ports detected
uhci_hcd 0000:00:10.2: UHCI Host Controller
uhci_hcd 0000:00:10.2: irq 5, io base 0000e800
uhci_hcd 0000:00:10.2: new USB bus registered, assigned bus number 4
hub 4-0:1.0: USB hub found
hub 4-0:1.0: 2 ports detected
Linux Kernel Card Services
  options:  [pci] [cardbus] [pm]
PCI: No IRQ known for interrupt pin A of device 0000:00:0b.0.
Yenta: CardBus bridge found at 0000:00:0b.0 [1734:1032]
irq 3: nobody cared! (screaming interrupt?)
irq 3: Please try booting with acpi=off and report a bug
Stack pointer is garbage, not printing trace
handlers:
[<02282da7>] (usb_hcd_irq+0x0/0x4b)
Disabling IRQ #3
Yenta: ISA IRQ mask 0x0290, PCI irq 0
Socket status: 30000006
ohci1394: $Rev: 1223 $ Ben Collins <bcollins@debian.org>
ohci1394: fw-host0: OHCI-1394 1.1 (PCI): IRQ=[10]  MMIO=[dffff800-dfffffff]  Max Packet=[2048]
md: Autodetecting RAID arrays.
md: autorun ...
md: ... autorun DONE.
EXT3 FS on hda5, internal journal
device-mapper: 4.1.0-ioctl (2003-12-10) initialised: dm@uk.sistina.com
ieee1394: Host added: ID:BUS[0-00:1023]  GUID[00030d49755510d7]
cdrom: open failed.
kjournald starting.  Commit interval 5 seconds
EXT3 FS on hda2, internal journal
EXT3-fs: mounted filesystem with ordered data mode.
kjournald starting.  Commit interval 5 seconds
EXT3 FS on hda6, internal journal
EXT3-fs: mounted filesystem with ordered data mode.
kjournald starting.  Commit interval 5 seconds
EXT3 FS on hda3, internal journal
EXT3-fs: mounted filesystem with ordered data mode.
Adding 1052216k swap on /dev/hda7.  Priority:-1 extents:1
parport0: PC-style at 0x378 (0x778) [PCSPP,TRISTATE]
parport0: irq 7 detected
ip_tables: (C) 2000-2002 Netfilter core team
ip_conntrack version 2.1 (8191 buckets, 65528 max) - 356 bytes per conntrack
eth0: link up, 10Mbps, half-duplex, lpa 0x0021
i2c /dev entries driver
parport0: PC-style at 0x378 (0x778) [PCSPP,TRISTATE]
parport0: irq 7 detected
lp0: using parport0 (polling).
lp0: console ready
NET: Registered protocol family 10
Disabled Privacy Extensions on device 0236dc20(lo)
IPv6 over IPv4 tunneling driver
divert: not allocating divert_blk for non-ethernet device sit0
eth0: no IPv6 routers present
[drm] Initialized radeon 1.11.0 20020828 on minor 0:
agpgart: Found an AGP 3.5 compliant device at 0000:00:00.0.
agpgart: Device is in legacy mode, falling back to 2.x
agpgart: Putting AGP V2 device at 0000:00:00.0 into 1x mode
agpgart: Putting AGP V2 device at 0000:01:00.0 into 1x mode
[drm] Loading R200 Microcode
spurious 8259A interrupt: IRQ7.
psmouse.c: TouchPad at isa0060/serio2/input0 lost sync at byte 1
psmouse.c: TouchPad at isa0060/serio2/input0 lost sync at byte 1
psmouse.c: TouchPad at isa0060/serio2/input0 lost sync at byte 1
psmouse.c: TouchPad at isa0060/serio2/input0 lost sync at byte 4
psmouse.c: TouchPad at isa0060/serio2/input0 lost sync at byte 1
psmouse.c: TouchPad at isa0060/serio2/input0 lost sync at byte 1
psmouse.c: TouchPad at isa0060/serio2/input0 lost sync at byte 4
psmouse.c: TouchPad at isa0060/serio2/input0 lost sync at byte 1
psmouse.c: TouchPad at isa0060/serio2/input0 lost sync at byte 1
psmouse.c: TouchPad at isa0060/serio2/input0 lost sync at byte 1
psmouse.c: TouchPad at isa0060/serio2/input0 lost sync at byte 1
psmouse.c: TouchPad at isa0060/serio2/input0 - driver resynched.
[root@maz ~]# lspci
00:00.0 Host bridge: VIA Technologies, Inc. VT8377 [KT400/KT600 AGP] Host Bridge (rev 80)
00:01.0 PCI bridge: VIA Technologies, Inc. VT8237 PCI Bridge
00:09.0 FireWire (IEEE 1394): VIA Technologies, Inc. IEEE 1394 Host Controller (rev 80)
00:0b.0 CardBus bridge: O2 Micro, Inc. OZ6912 Cardbus Controller (rev 20)
00:10.0 USB Controller: VIA Technologies, Inc. VT82xxxxx UHCI USB 1.1 Controller (rev 80)
00:10.1 USB Controller: VIA Technologies, Inc. VT82xxxxx UHCI USB 1.1 Controller (rev 80)
00:10.2 USB Controller: VIA Technologies, Inc. VT82xxxxx UHCI USB 1.1 Controller (rev 80)
00:10.3 USB Controller: VIA Technologies, Inc. USB 2.0 (rev 82)
00:11.0 ISA bridge: VIA Technologies, Inc. VT8235 ISA Bridge
00:11.1 IDE interface: VIA Technologies, Inc. VT82C586A/B/VT82C686/A/B/VT823x/A/C PIPC Bus Master IDE (rev 06)
00:11.5 Multimedia audio controller: VIA Technologies, Inc. VT8233/A/8235/8237 AC97 Audio Controller (rev 50)
00:11.6 Communication controller: VIA Technologies, Inc. Intel 537 [AC97 Modem] (rev 80)
00:12.0 Ethernet controller: VIA Technologies, Inc. VT6102 [Rhine-II] (rev 74)
01:00.0 VGA compatible controller: ATI Technologies Inc Radeon R250 Lf [Radeon Mobility 9000 M9] (rev 01)
[root@maz ~]# procinfo
Linux 2.6.9-1.681_FC3 (bhcompile@tweety.build.redhat.com) (gcc 3.4.2 20041017 ) #1 Thu Nov 18 15:10:10 EST 2004 1CPU [maz]
Memory:      Total        Used        Free      Shared     Buffers
Mem:       1035140      483028      552112           0       20500
Swap:      1052216           0     1052216
Bootup: Fri Dec 24 17:43:54 2004    Load average: 0.05 0.07 0.08 1/103 3059
user  :       0:01:10.58   3.5%  page in :        0
nice  :       0:00:00.86   0.0%  page out:        0
system:       0:00:25.78   1.3%  swap in :        0
idle  :       0:31:43.85  95.1%  swap out:        0
uptime:       0:33:22.14         context :   726064
irq  0:   2001406 timer                 irq  8:         1 rtc
irq  1:      4314 i8042                 irq  9:         1
irq  2:         0 cascade [4]           irq 10:         2 ehci_hcd, ohci1394
irq  3:    100000 uhci_hcd              irq 11:    118733 uhci_hcd, eth0, rade
irq  4:         1                       irq 12:    295557 i8042
irq  5:      2038 VIA8233, uhci_hcd     irq 14:     16818 ide0
irq  7:        21                       irq 15:        18 ide1