Date: Wed, 21 Mar 2007 17:17:38 +0000
From: Jonathan Hough <>
Subject: [2.6.20.2] "PCI: Cannot allocate resource region 2 of device", missing dvd and dvb
Sender: linux-kernel-owner@vger.kernel.org
Precedence: bulk
List-ID: <linux-kernel.vger.kernel.org>
X-Mailing-List: linux-kernel@vger.kernel.org
X-Lkml-Link: https://lkml.org/lkml/2007/3/21/243

Upgrading from 2.6.19.7 to 2.6.20.2 my dvd and dvb tv-card no longer
work. 
dmesg on the newer kernel is showing the following errors:
PCI: Cannot allocate resource region 2 of device 0000:03:00.0
PCI: Cannot allocate resource region 3 of device 0000:03:00.0
and is missing the following entries:
JMB361: IDE controller at PCI slot 0000:03:00.1
PCI: Enabling device 0000:03:00.1 (0000 -> 0001)
ACPI: PCI Interrupt 0000:03:00.1[B] -> GSI 19 (level, low) -> IRQ 18
JMB361: chipset revision 2
JMB361: 100% native mode on irq 18
PCI: Setting latency timer of device 0000:03:00.1 to 64
    ide2: BM-DMA at 0x9c00-0x9c07, BIOS settings: hde:pio, hdf:pio
    ide3: BM-DMA at 0x9c08-0x9c0f, BIOS settings: hdg:pio, hdh:pio
Probing IDE interface ide2...
hde: HL-DT-ST DVDRAM GSA-H42N, ATAPI CD/DVD-ROM drive
ide2 at 0xac00-0xac07,0xa802 on irq 18
and also these:
cx2388x dvb driver version 0.0.6 loaded
cx2388x v4l2 driver version 0.0.6 loaded
cx88[0]/2: cx2388x based dvb card
DVB: registering new adapter (cx88[0]).
... I think these are the most relevant lines. Attached is the full
dmesg output from both kernels and lspci -vv from the newer one.
My reason for upgrading from 2.6.19.7 is to avoid intermittent SATA
detection failures (then unable to mount root fs panic) similar to
http://www.mail-archive.com/linux-ide@vger.kernel.org/msg02352.html
I have diffed my configs and they are as similar as possible (excluding
new features). I have also looked at the list archives and bugzilla and
can't find anything that appears to be relevant. 2.6.20.3 also didn't
fix the problem. I would appreciate any pointers on what to try next. 
(please cc my email with any replies)
Thanks, 
Jonathan. 
Linux version 2.6.19.7 (root@mythtv) (gcc version 4.1.2 20061115 (prerelease) (Debian 4.1.1-20)) #2 SMP PREEMPT Mon Mar 12 13:22:05 GMT 2007
BIOS-provided physical RAM map:
 BIOS-e820: 0000000000000000 - 000000000009f000 (usable)
 BIOS-e820: 000000000009f000 - 00000000000a0000 (reserved)
 BIOS-e820: 00000000000f0000 - 0000000000100000 (reserved)
 BIOS-e820: 0000000000100000 - 000000003f6e0000 (usable)
 BIOS-e820: 000000003f6e0000 - 000000003f6e3000 (ACPI NVS)
 BIOS-e820: 000000003f6e3000 - 000000003f6f0000 (ACPI data)
 BIOS-e820: 000000003f6f0000 - 000000003f700000 (reserved)
 BIOS-e820: 00000000e0000000 - 00000000f0000000 (reserved)
 BIOS-e820: 00000000fec00000 - 0000000100000000 (reserved)
118MB HIGHMEM available.
896MB LOWMEM available.
found SMP MP-table at 000f3b00
Entering add_active_range(0, 0, 259808) 0 entries of 256 used
Zone PFN ranges:
  DMA             0 ->     4096
  Normal       4096 ->   229376
  HighMem    229376 ->   259808
early_node_map[1] active PFN ranges
    0:        0 ->   259808
On node 0 totalpages: 259808
  DMA zone: 32 pages used for memmap
  DMA zone: 0 pages reserved
  DMA zone: 4064 pages, LIFO batch:0
  Normal zone: 1760 pages used for memmap
  Normal zone: 223520 pages, LIFO batch:31
  HighMem zone: 237 pages used for memmap
  HighMem zone: 30195 pages, LIFO batch:7
DMI 2.3 present.
ACPI: RSDP (v000 IntelR                                ) @ 0x000f7f20
ACPI: RSDT (v001 IntelR AWRDACPI 0x42302e31 AWRD 0x00000000) @ 0x3f6e3040
ACPI: FADT (v001 IntelR AWRDACPI 0x42302e31 AWRD 0x00000000) @ 0x3f6e30c0
ACPI: MCFG (v001 IntelR AWRDACPI 0x42302e31 AWRD 0x00000000) @ 0x3f6e7600
ACPI: MADT (v001 IntelR AWRDACPI 0x42302e31 AWRD 0x00000000) @ 0x3f6e7500
ACPI: SSDT (v001  PmRef  Cpu0Ist 0x00003000 INTL 0x20041203) @ 0x3f6e7680
ACPI: SSDT (v001  PmRef    CpuPm 0x00003000 INTL 0x20040311) @ 0x3f6e7b10
ACPI: DSDT (v001 INTELR AWRDACPI 0x00001000 MSFT 0x0100000e) @ 0x00000000
ACPI: PM-Timer IO Port: 0x408
ACPI: Local APIC address 0xfee00000
ACPI: LAPIC (acpi_id[0x00] lapic_id[0x00] enabled)
Processor #0 6:15 APIC version 20
ACPI: LAPIC (acpi_id[0x01] lapic_id[0x01] enabled)
Processor #1 6:15 APIC version 20
ACPI: LAPIC (acpi_id[0x02] lapic_id[0x02] disabled)
ACPI: LAPIC (acpi_id[0x03] lapic_id[0x03] disabled)
ACPI: LAPIC_NMI (acpi_id[0x00] high edge lint[0x1])
ACPI: LAPIC_NMI (acpi_id[0x01] high edge lint[0x1])
ACPI: LAPIC_NMI (acpi_id[0x02] high edge lint[0x1])
ACPI: LAPIC_NMI (acpi_id[0x03] high edge lint[0x1])
ACPI: IOAPIC (id[0x04] address[0xfec00000] gsi_base[0])
IOAPIC[0]: apic_id 4, version 32, address 0xfec00000, GSI 0-23
ACPI: INT_SRC_OVR (bus 0 bus_irq 0 global_irq 2 dfl dfl)
ACPI: INT_SRC_OVR (bus 0 bus_irq 9 global_irq 9 high level)
ACPI: IRQ0 used by override.
ACPI: IRQ2 used by override.
ACPI: IRQ9 used by override.
Enabling APIC mode:  Flat.  Using 1 I/O APICs
Using ACPI (MADT) for SMP configuration information
Allocating PCI resources starting at 40000000 (gap: 3f700000:a0900000)
Detected 2128.149 MHz processor.
Built 1 zonelists.  Total pages: 257779
Kernel command line: auto BOOT_IMAGE=2.6.19.7 ro root=801 apm=power-off nomce quiet netconsole=6665@192.168.2.2/eth0,6666@192.168.2.1/00:C0:9F:56:B1:76
mapped APIC to ffffd000 (fee00000)
mapped IOAPIC to ffffc000 (fec00000)
Enabling fast FPU save and restore... done.
Enabling unmasked SIMD FPU exception support... done.
Initializing CPU#0
PID hash table entries: 4096 (order: 12, 16384 bytes)
Console: colour dummy device 80x25
Dentry cache hash table entries: 131072 (order: 7, 524288 bytes)
Inode-cache hash table entries: 65536 (order: 6, 262144 bytes)
Memory: 1022968k/1039232k available (4656k kernel code, 15644k reserved, 1345k data, 288k init, 121728k highmem)
virtual kernel memory layout:
    fixmap  : 0xffe16000 - 0xfffff000   (1956 kB)
    pkmap   : 0xff800000 - 0xffc00000   (4096 kB)
    vmalloc : 0xf8800000 - 0xff7fe000   ( 111 MB)
    lowmem  : 0xc0000000 - 0xf8000000   ( 896 MB)
      .init : 0xc06e5000 - 0xc072d000   ( 288 kB)
      .data : 0xc058c292 - 0xc06dc7ec   (1345 kB)
      .text : 0xc0100000 - 0xc058c292   (4656 kB)
Checking if this processor honours the WP bit even in supervisor mode... Ok.
Calibrating delay using timer specific routine.. 4257.85 BogoMIPS (lpj=2128927)
Security Framework v1.0.0 initialized
Capability LSM initialized
Mount-cache hash table entries: 512
CPU: After generic identify, caps: bfebfbff 20100000 00000000 00000000 0000e3bd 00000000 00000001
monitor/mwait feature present.
using mwait in idle threads.
CPU: L1 I cache: 32K, L1 D cache: 32K
CPU: L2 cache: 2048K
CPU: Physical Processor ID: 0
CPU: Processor Core ID: 0
CPU: After all inits, caps: bfebfbff 20100000 00000000 00000940 0000e3bd 00000000 00000001
Compat vDSO mapped to ffffe000.
Checking 'hlt' instruction... OK.
SMP alternatives: switching to UP code
ACPI: Core revision 20060707
CPU0: Intel(R) Core(TM)2 CPU          6400  @ 2.13GHz stepping 06
SMP alternatives: switching to SMP code
Booting processor 1/1 eip 3000
Initializing CPU#1
Calibrating delay using timer specific routine.. 4415.78 BogoMIPS (lpj=2207893)
CPU: After generic identify, caps: bfebfbff 20100000 00000000 00000000 0000e3bd 00000000 00000001
monitor/mwait feature present.
CPU: L1 I cache: 32K, L1 D cache: 32K
CPU: L2 cache: 2048K
CPU: Physical Processor ID: 0
CPU: Processor Core ID: 1
CPU: After all inits, caps: bfebfbff 20100000 00000000 00000940 0000e3bd 00000000 00000001
CPU1: Intel(R) Core(TM)2 CPU          6400  @ 2.13GHz stepping 06
Total of 2 processors activated (8673.64 BogoMIPS).
ENABLING IO-APIC IRQs
..TIMER: vector=0x31 apic1=0 pin1=2 apic2=-1 pin2=-1
checking TSC synchronization across 2 CPUs: passed.
Brought up 2 CPUs
migration_cost=1373
NET: Registered protocol family 16
ACPI: bus type pci registered
PCI: Using MMCONFIG
Setting up standard PCI resources
ACPI: Interpreter enabled
ACPI: Using IOAPIC for interrupt routing
ACPI: PCI Root Bridge [PCI0] (0000:00)
PCI: Probing PCI hardware (bus 00)
Boot video device is 0000:00:02.0
PCI quirk: region 0400-047f claimed by ICH6 ACPI/GPIO/TCO
PCI quirk: region 0480-04bf claimed by ICH6 GPIO
PCI: Transparent bridge - 0000:00:1e.0
ACPI: PCI Interrupt Routing Table [\_SB_.PCI0._PRT]
ACPI: PCI Interrupt Routing Table [\_SB_.PCI0.PEX0._PRT]
ACPI: PCI Interrupt Routing Table [\_SB_.PCI0.PEX2._PRT]
ACPI: PCI Interrupt Routing Table [\_SB_.PCI0.PEX3._PRT]
ACPI: PCI Interrupt Routing Table [\_SB_.PCI0.HUB0._PRT]
ACPI: PCI Interrupt Link [LNKA] (IRQs 5 9 10 11 12 *14 15)
ACPI: PCI Interrupt Link [LNKB] (IRQs 5 9 10 11 12 14 *15)
ACPI: PCI Interrupt Link [LNKC] (IRQs 5 9 10 *11 12 14 15)
ACPI: PCI Interrupt Link [LNKD] (IRQs 5 9 *10 11 12 14 15)
ACPI: PCI Interrupt Link [LNKE] (IRQs 5 9 10 11 12 14 15) *0, disabled.
ACPI: PCI Interrupt Link [LNKF] (IRQs 5 *9 10 11 12 14 15)
ACPI: PCI Interrupt Link [LNK0] (IRQs *5 9 10 11 12 14 15)
ACPI: PCI Interrupt Link [LNK1] (IRQs 5 9 10 11 12 14 *15)
Linux Plug and Play Support v0.97 (c) Adam Belay
pnp: PnP ACPI init
pnp: PnP ACPI: found 11 devices
PnPBIOS: Disabled by ACPI PNP
SCSI subsystem initialized
libata version 2.00 loaded.
PCI: Using ACPI for IRQ routing
PCI: If a device doesn't work, try "pci=routeirq".  If it helps, post a report
pnp: 00:07: ioport range 0x400-0x4bf could not be reserved
PCI: Ignore bogus resource 6 [0:0] of 0000:00:02.0
PCI: Bridge: 0000:00:01.0
  IO window: 6000-6fff
  MEM window: fd600000-fd6fffff
  PREFETCH window: fd500000-fd5fffff
PCI: Bridge: 0000:00:1c.0
  IO window: 5000-5fff
  MEM window: fde00000-fdefffff
  PREFETCH window: fdd00000-fddfffff
PCI: Bridge: 0000:00:1c.2
  IO window: 9000-afff
  MEM window: fdc00000-fdcfffff
  PREFETCH window: fdb00000-fdbfffff
PCI: Bridge: 0000:00:1c.3
  IO window: 7000-7fff
  MEM window: fda00000-fdafffff
  PREFETCH window: fd900000-fd9fffff
PCI: Bridge: 0000:00:1e.0
  IO window: 8000-8fff
  MEM window: f9000000-fcffffff
  PREFETCH window: fd700000-fd7fffff
ACPI: PCI Interrupt 0000:00:01.0[A] -> GSI 16 (level, low) -> IRQ 16
PCI: Setting latency timer of device 0000:00:01.0 to 64
ACPI: PCI Interrupt 0000:00:1c.0[A] -> GSI 16 (level, low) -> IRQ 16
PCI: Setting latency timer of device 0000:00:1c.0 to 64
ACPI: PCI Interrupt 0000:00:1c.2[C] -> GSI 18 (level, low) -> IRQ 17
PCI: Setting latency timer of device 0000:00:1c.2 to 64
ACPI: PCI Interrupt 0000:00:1c.3[D] -> GSI 19 (level, low) -> IRQ 18
PCI: Setting latency timer of device 0000:00:1c.3 to 64
PCI: Setting latency timer of device 0000:00:1e.0 to 64
NET: Registered protocol family 2
IP route cache hash table entries: 32768 (order: 5, 131072 bytes)
TCP established hash table entries: 131072 (order: 8, 1572864 bytes)
TCP bind hash table entries: 65536 (order: 7, 786432 bytes)
TCP: Hash tables configured (established 131072 bind 65536)
TCP reno registered
audit: initializing netlink socket (disabled)
audit(1174466129.602:1): initialized
highmem bounce pool size: 64 pages
Total HugeTLB memory allocated, 0
VFS: Disk quotas dquot_6.5.1
Dquot-cache hash table entries: 1024 (order 0, 4096 bytes)
JFS: nTxBlock = 7993, nTxLock = 63950
SGI XFS with ACLs, security attributes, realtime, large block numbers, no debug enabled
SGI XFS Quota Management subsystem
io scheduler noop registered
io scheduler anticipatory registered
io scheduler deadline registered (default)
io scheduler cfq registered
PCI: Setting latency timer of device 0000:00:01.0 to 64
assign_interrupt_mode Found MSI capability
Allocate Port Service[0000:00:01.0:pcie00]
Allocate Port Service[0000:00:01.0:pcie03]
PCI: Setting latency timer of device 0000:00:1c.0 to 64
assign_interrupt_mode Found MSI capability
Allocate Port Service[0000:00:1c.0:pcie00]
Allocate Port Service[0000:00:1c.0:pcie02]
Allocate Port Service[0000:00:1c.0:pcie03]
PCI: Setting latency timer of device 0000:00:1c.2 to 64
assign_interrupt_mode Found MSI capability
Allocate Port Service[0000:00:1c.2:pcie00]
Allocate Port Service[0000:00:1c.2:pcie02]
Allocate Port Service[0000:00:1c.2:pcie03]
PCI: Setting latency timer of device 0000:00:1c.3 to 64
assign_interrupt_mode Found MSI capability
Allocate Port Service[0000:00:1c.3:pcie00]
Allocate Port Service[0000:00:1c.3:pcie02]
Allocate Port Service[0000:00:1c.3:pcie03]
vesafb: framebuffer at 0xd0000000, mapped to 0xf8d00000, using 3072k, total 7616k
vesafb: mode is 1024x768x16, linelength=2048, pages=3
vesafb: protected mode interface info at 00ff:44f0
vesafb: scrolling: redraw
vesafb: Truecolor: size=0:5:6:5, shift=0:11:5:0
Console: switching to colour frame buffer device 128x48
fb0: VESA VGA frame buffer device
isapnp: Scanning for PnP cards...
isapnp: No Plug & Play device found
Real Time Clock Driver v1.12ac
Linux agpgart interface v0.101 (c) Dave Jones
agpgart: Detected an Intel 965G Chipset.
agpgart: Detected 7676K stolen memory.
agpgart: AGP aperture is 512M @ 0xd0000000
intelfb: Framebuffer driver for Intel(R) 830M/845G/852GM/855GM/865G/915G/915GM/945G/945GM chipsets
intelfb: Version 0.9.4
floppy0: no floppy controllers found
RAMDISK driver initialized: 16 RAM disks of 4096K size 1024 blocksize
loop: loaded (max 8 devices)
Intel(R) PRO/1000 Network Driver - version 7.2.9-k4
Copyright (c) 1999-2006 Intel Corporation.
pcnet32.c:v1.33 27.Jun.2006 tsbogend@alpha.franken.de
e100: Intel(R) PRO/100 Network Driver, 3.5.17-k2-NAPI
e100: Copyright(c) 1999-2006 Intel Corporation
ns83820.c: National Semiconductor DP83820 10/100/1000 driver.
forcedeth.c: Reverse Engineered nForce ethernet driver. Version 0.57.
dmfe: Davicom DM9xxx net driver, version 1.36.4 (2002-01-17)
winbond-840.c:v1.01-e (2.4 port) Sep-11-2006  Donald Becker <becker@scyld.com>
  
http://www.scyld.com/network/drivers.html
uli526x: ULi M5261/M5263 net driver, version 0.9.3 (2005-7-29)
Uniform Multi-Platform E-IDE driver Revision: 7.00alpha2
ide: Assuming 33MHz system bus speed for PIO modes; override with idebus=xx
JMB361: IDE controller at PCI slot 0000:03:00.1
PCI: Enabling device 0000:03:00.1 (0000 -> 0001)
ACPI: PCI Interrupt 0000:03:00.1[B] -> GSI 19 (level, low) -> IRQ 18
JMB361: chipset revision 2
JMB361: 100% native mode on irq 18
PCI: Setting latency timer of device 0000:03:00.1 to 64
    ide2: BM-DMA at 0x9c00-0x9c07, BIOS settings: hde:pio, hdf:pio
    ide3: BM-DMA at 0x9c08-0x9c0f, BIOS settings: hdg:pio, hdh:pio
Probing IDE interface ide2...
hde: HL-DT-ST DVDRAM GSA-H42N, ATAPI CD/DVD-ROM drive
ide2 at 0xac00-0xac07,0xa802 on irq 18
Probing IDE interface ide3...
Probing IDE interface ide0...
Probing IDE interface ide1...
Probing IDE interface ide3...
hde: ATAPI 38X DVD-ROM DVD-R-RAM CD-R/RW drive, 2048kB Cache
Uniform CD-ROM driver Revision: 3.20
Loading iSCSI transport class v2.0-724.<7>ata_piix 0000:00:1f.2: version 2.00ac6
ata_piix 0000:00:1f.2: MAP [ P0 P2 P1 P3 ]
ACPI: PCI Interrupt 0000:00:1f.2[B] -> GSI 17 (level, low) -> IRQ 19
PCI: Setting latency timer of device 0000:00:1f.2 to 64
ata1: SATA max UDMA/133 cmd 0xE400 ctl 0xE002 bmdma 0xD400 irq 19
ata2: SATA max UDMA/133 cmd 0xDC00 ctl 0xD802 bmdma 0xD408 irq 19
scsi0 : ata_piix
ata1.00: ATA-7, max UDMA/133, 976773168 sectors: LBA48 NCQ (depth 0/32)
ata1.00: ata1: dev 0 multi count 16
ata1.00: configured for UDMA/133
scsi1 : ata_piix
ATA: abnormal status 0x7F on port 0xDC07
scsi 0:0:0:0: Direct-Access     ATA      WDC WD5000AAKS-0 12.0 PQ: 0 ANSI: 5
SCSI device sda: 976773168 512-byte hdwr sectors (500108 MB)
sda: Write Protect is off
sda: Mode Sense: 00 3a 00 00
SCSI device sda: drive cache: write back
SCSI device sda: 976773168 512-byte hdwr sectors (500108 MB)
sda: Write Protect is off
sda: Mode Sense: 00 3a 00 00
SCSI device sda: drive cache: write back
 sda: sda1 sda2 sda3
sd 0:0:0:0: Attached scsi disk sda
ata_piix 0000:00:1f.5: MAP [ P0 P2 P1 P3 ]
ACPI: PCI Interrupt 0000:00:1f.5[B] -> GSI 17 (level, low) -> IRQ 19
PCI: Setting latency timer of device 0000:00:1f.5 to 64
ata3: SATA max UDMA/133 cmd 0xC800 ctl 0xC402 bmdma 0xB800 irq 19
ata4: SATA max UDMA/133 cmd 0xC000 ctl 0xBC02 bmdma 0xB808 irq 19
scsi2 : ata_piix
ATA: abnormal status 0x7F on port 0xC807
scsi3 : ata_piix
ATA: abnormal status 0x7F on port 0xC007
PNP: PS/2 Controller [PNP0303:PS2K] at 0x60,0x64 irq 1
PNP: PS/2 controller doesn't have AUX irq; using default 12
serio: i8042 KBD port at 0x60,0x64 irq 1
serio: i8042 AUX port at 0x60,0x64 irq 12
mice: PS/2 mouse device common for all mice
md: linear personality registered for level -1
md: raid0 personality registered for level 0
md: raid1 personality registered for level 1
raid6: int32x1    867 MB/s
raid6: int32x2    875 MB/s
raid6: int32x4    656 MB/s
raid6: int32x8    570 MB/s
raid6: mmxx1     2472 MB/s
raid6: mmxx2     3097 MB/s
raid6: sse1x1    1886 MB/s
raid6: sse1x2    2390 MB/s
raid6: sse2x1    3546 MB/s
raid6: sse2x2    4160 MB/s
raid6: using algorithm sse2x2 (4160 MB/s)
md: raid6 personality registered for level 6
md: raid5 personality registered for level 5
md: raid4 personality registered for level 4
raid5: automatically using best checksumming function: pIII_sse
   pIII_sse  :  7832.000 MB/sec
raid5: using function: pIII_sse (7832.000 MB/sec)
device-mapper: ioctl: 4.10.0-ioctl (2006-09-14) initialised: dm-devel@redhat.com
NET: Registered protocol family 1
NET: Registered protocol family 15
Starting balanced_irq
Using IPI No-Shortcut mode
ACPI: (supports S0 S3 S4 S5)
Time: tsc clocksource has been installed.
md: Autodetecting RAID arrays.
md: autorun ...
md: ... autorun DONE.
EXT3-fs: INFO: recovery required on readonly filesystem.
EXT3-fs: write access will be enabled during recovery.
(fs/jbd/recovery.c, 255): journal_recover: JBD: recovery, exit status 0, recovered transactions 461079 to 462099
(fs/jbd/recovery.c, 257): journal_recover: JBD: Replayed 12981 and revoked 3/6 blocks
kjournald starting.  Commit interval 5 seconds
EXT3-fs: recovery complete.
EXT3-fs: mounted filesystem with ordered data mode.
VFS: Mounted root (ext3 filesystem) readonly.
Freeing unused kernel memory: 288k freed
ACPI: PCI Interrupt 0000:04:00.0[A] -> GSI 19 (level, low) -> IRQ 18
PCI: Setting latency timer of device 0000:04:00.0 to 64
sky2 v1.10 addr 0xfdafc000 irq 18 Yukon-EC Ultra (0xb4) rev 2
sky2 eth0: addr 00:15:58:8a:b6:67
usbcore: registered new interface driver usbfs
usbcore: registered new interface driver hub
usbcore: registered new device driver usb
ACPI: PCI Interrupt 0000:00:1f.3[D] -> GSI 19 (level, low) -> IRQ 18
USB Universal Host Controller Interface driver v3.0
ACPI: PCI Interrupt 0000:00:1a.0[A] -> GSI 16 (level, low) -> IRQ 16
PCI: Setting latency timer of device 0000:00:1a.0 to 64
uhci_hcd 0000:00:1a.0: UHCI Host Controller
uhci_hcd 0000:00:1a.0: new USB bus registered, assigned bus number 1
uhci_hcd 0000:00:1a.0: irq 16, io base 0x0000f800
usb usb1: configuration #1 chosen from 1 choice
hub 1-0:1.0: USB hub found
hub 1-0:1.0: 2 ports detected
ACPI: PCI Interrupt 0000:00:1a.1[B] -> GSI 21 (level, low) -> IRQ 20
PCI: Setting latency timer of device 0000:00:1a.1 to 64
uhci_hcd 0000:00:1a.1: UHCI Host Controller
uhci_hcd 0000:00:1a.1: new USB bus registered, assigned bus number 2
uhci_hcd 0000:00:1a.1: irq 20, io base 0x0000f400
usb usb2: configuration #1 chosen from 1 choice
hub 2-0:1.0: USB hub found
hub 2-0:1.0: 2 ports detected
Linux video capture interface: v2.00
ACPI: PCI Interrupt 0000:00:1d.0[A] -> GSI 23 (level, low) -> IRQ 21
PCI: Setting latency timer of device 0000:00:1d.0 to 64
uhci_hcd 0000:00:1d.0: UHCI Host Controller
uhci_hcd 0000:00:1d.0: new USB bus registered, assigned bus number 3
uhci_hcd 0000:00:1d.0: irq 21, io base 0x0000f000
usb usb3: configuration #1 chosen from 1 choice
hub 3-0:1.0: USB hub found
hub 3-0:1.0: 2 ports detected
cx2388x dvb driver version 0.0.6 loaded
cx2388x v4l2 driver version 0.0.6 loaded
ACPI: PCI Interrupt 0000:00:1d.1[B] -> GSI 19 (level, low) -> IRQ 18
PCI: Setting latency timer of device 0000:00:1d.1 to 64
uhci_hcd 0000:00:1d.1: UHCI Host Controller
uhci_hcd 0000:00:1d.1: new USB bus registered, assigned bus number 4
uhci_hcd 0000:00:1d.1: irq 18, io base 0x0000ec00
usb usb4: configuration #1 chosen from 1 choice
hub 4-0:1.0: USB hub found
hub 4-0:1.0: 2 ports detected
usb 1-1: new low speed USB device using uhci_hcd and address 2
ACPI: PCI Interrupt 0000:00:1d.2[C] -> GSI 18 (level, low) -> IRQ 17
PCI: Setting latency timer of device 0000:00:1d.2 to 64
uhci_hcd 0000:00:1d.2: UHCI Host Controller
uhci_hcd 0000:00:1d.2: new USB bus registered, assigned bus number 5
uhci_hcd 0000:00:1d.2: irq 17, io base 0x0000e800
usb usb5: configuration #1 chosen from 1 choice
hub 5-0:1.0: USB hub found
hub 5-0:1.0: 2 ports detected
usb 1-1: configuration #1 chosen from 1 choice
CORE cx88[0]: subsystem: 0070:9002, board: Hauppauge Nova-T DVB-T [card=18,autodetected]
TV tuner 4 at 0x1fe, Radio tuner -1 at 0x1fe
usb 3-2: new low speed USB device using uhci_hcd and address 2
tveeprom 1-0050: Hauppauge model 90003, rev C2B0, serial# 768142
tveeprom 1-0050: MAC address is 00-0D-FE-0B-B8-8E
tveeprom 1-0050: tuner model is Thompson DTT75105 (idx 110, type 4)
tveeprom 1-0050: TV standards ATSC/DVB Digital (eeprom 0x80)
tveeprom 1-0050: audio processor is None (idx 0)
tveeprom 1-0050: decoder processor is CX882 (idx 25)
tveeprom 1-0050: has no radio, has IR remote
cx88[0]: hauppauge eeprom: model=90003
input: cx88 IR (Hauppauge Nova-T DVB-T as /class/input/input0
ACPI: PCI Interrupt 0000:05:02.2[A] -> GSI 17 (level, low) -> IRQ 19
PCI: Setting latency timer of device 0000:05:02.2 to 64
cx88[0]/2: found at 0000:05:02.2, rev: 5, irq: 19, latency: 64, mmio: 0xfb000000
cx88[0]/2: cx2388x based dvb card
DVB: registering new adapter (cx88[0]).
DVB: registering frontend 0 (Conexant CX22702 DVB-T)...
ACPI: PCI Interrupt 0000:05:02.0[A] -> GSI 17 (level, low) -> IRQ 19
cx88[0]/0: found at 0000:05:02.0, rev: 5, irq: 19, latency: 20, mmio: 0xf9000000
cx88[0]/0: registered device video0 [v4l2]
cx88[0]/0: registered device vbi0
ACPI: PCI Interrupt 0000:00:1a.7[C] -> GSI 18 (level, low) -> IRQ 17
PCI: Setting latency timer of device 0000:00:1a.7 to 64
ehci_hcd 0000:00:1a.7: EHCI Host Controller
ehci_hcd 0000:00:1a.7: new USB bus registered, assigned bus number 6
PCI: cache line size of 32 is not supported by device 0000:00:1a.7
ehci_hcd 0000:00:1a.7: irq 17, io mem 0xfdfff000
ehci_hcd 0000:00:1a.7: USB 2.0 started, EHCI 1.00, driver 10 Dec 2004
usb usb6: configuration #1 chosen from 1 choice
hub 6-0:1.0: USB hub found
hub 6-0:1.0: 4 ports detected
ACPI: PCI Interrupt 0000:00:1d.7[A] -> GSI 23 (level, low) -> IRQ 21
PCI: Setting latency timer of device 0000:00:1d.7 to 64
ehci_hcd 0000:00:1d.7: EHCI Host Controller
ehci_hcd 0000:00:1d.7: new USB bus registered, assigned bus number 7
PCI: cache line size of 32 is not supported by device 0000:00:1d.7
ehci_hcd 0000:00:1d.7: irq 21, io mem 0xfdffe000
ehci_hcd 0000:00:1d.7: USB 2.0 started, EHCI 1.00, driver 10 Dec 2004
usb usb7: configuration #1 chosen from 1 choice
hub 7-0:1.0: USB hub found
hub 7-0:1.0: 6 ports detected
usb 3-2: device descriptor read/all, error -71
cx2388x blackbird driver version 0.0.6 loaded
ACPI: PCI Interrupt 0000:00:1b.0[A] -> GSI 22 (level, low) -> IRQ 22
PCI: Setting latency timer of device 0000:00:1b.0 to 64
hda_codec: Unknown model for ALC883, trying auto-probe from BIOS...
usb 1-1: USB disconnect, address 2
usb 1-1: new low speed USB device using uhci_hcd and address 3
Adding 1959920k swap on /dev/sda2.  Priority:-1 extents:1 across:1959920k
usb 1-1: configuration #1 chosen from 1 choice
EXT3 FS on sda1, internal journal
bttv: driver version 0.9.16 loaded
bttv: using 8 buffers with 2080k (520 pages) each for capture
bt878: AUDIO driver version 0.0.0 loaded
Non-volatile memory driver v1.2
usb 3-2: new low speed USB device using uhci_hcd and address 4
usb 3-2: configuration #1 chosen from 1 choice
usbcore: registered new interface driver hiddev
input: BTC USB Multimedia Cordless Kit   as /class/input/input1
input: USB HID v1.00 Keyboard [BTC USB Multimedia Cordless Kit  ] on usb-0000:00:1d.0-2
input: BTC USB Multimedia Cordless Kit   as /class/input/input2
input,hiddev96: USB HID v1.00 Mouse [BTC USB Multimedia Cordless Kit  ] on usb-0000:00:1d.0-2
usbcore: registered new interface driver usbhid
drivers/usb/input/hid-core.c: v2.6:USB HID core driver
kjournald starting.  Commit interval 5 seconds
EXT3 FS on sda3, internal journal
EXT3-fs: mounted filesystem with ordered data mode.
sky2 eth0: enabling interface
sky2 eth0: Link is up at 100 Mbps, full duplex, flow control none
NET: Registered protocol family 10
lo: Disabled Privacy Extensions
[drm] Initialized drm 1.0.1 20051102
ACPI: PCI Interrupt 0000:00:02.0[A] -> GSI 16 (level, low) -> IRQ 16
[drm] Initialized i915 1.5.0 20060119 on minor 0
eth0: no IPv6 routers present
Linux version 2.6.20.2 (root@mythtv) (gcc version 4.1.2 20061115 (prerelease) (Debian 4.1.1-20)) #9 SMP PREEMPT Wed Mar 21 15:51:32 GMT 2007
BIOS-provided physical RAM map:
sanitize start
sanitize end
copy_e820_map() start: 0000000000000000 size: 000000000009f000 end: 000000000009f000 type: 1
copy_e820_map() type is E820_RAM
copy_e820_map() start: 000000000009f000 size: 0000000000001000 end: 00000000000a0000 type: 2
copy_e820_map() start: 00000000000f0000 size: 0000000000010000 end: 0000000000100000 type: 2
copy_e820_map() start: 0000000000100000 size: 000000003f5e0000 end: 000000003f6e0000 type: 1
copy_e820_map() type is E820_RAM
copy_e820_map() start: 000000003f6e0000 size: 0000000000003000 end: 000000003f6e3000 type: 4
copy_e820_map() start: 000000003f6e3000 size: 000000000000d000 end: 000000003f6f0000 type: 3
copy_e820_map() start: 000000003f6f0000 size: 0000000000010000 end: 000000003f700000 type: 2
copy_e820_map() start: 00000000e0000000 size: 0000000010000000 end: 00000000f0000000 type: 2
copy_e820_map() start: 00000000fec00000 size: 0000000001400000 end: 0000000100000000 type: 2
 BIOS-e820: 0000000000000000 - 000000000009f000 (usable)
 BIOS-e820: 000000000009f000 - 00000000000a0000 (reserved)
 BIOS-e820: 00000000000f0000 - 0000000000100000 (reserved)
 BIOS-e820: 0000000000100000 - 000000003f6e0000 (usable)
 BIOS-e820: 000000003f6e0000 - 000000003f6e3000 (ACPI NVS)
 BIOS-e820: 000000003f6e3000 - 000000003f6f0000 (ACPI data)
 BIOS-e820: 000000003f6f0000 - 000000003f700000 (reserved)
 BIOS-e820: 00000000e0000000 - 00000000f0000000 (reserved)
 BIOS-e820: 00000000fec00000 - 0000000100000000 (reserved)
118MB HIGHMEM available.
896MB LOWMEM available.
found SMP MP-table at 000f3b00
Entering add_active_range(0, 0, 259808) 0 entries of 256 used
Zone PFN ranges:
  DMA             0 ->     4096
  Normal       4096 ->   229376
  HighMem    229376 ->   259808
early_node_map[1] active PFN ranges
    0:        0 ->   259808
On node 0 totalpages: 259808
  DMA zone: 32 pages used for memmap
  DMA zone: 0 pages reserved
  DMA zone: 4064 pages, LIFO batch:0
  Normal zone: 1760 pages used for memmap
  Normal zone: 223520 pages, LIFO batch:31
  HighMem zone: 237 pages used for memmap
  HighMem zone: 30195 pages, LIFO batch:7
DMI 2.3 present.
ACPI: RSDP (v000 IntelR                                ) @ 0x000f7f20
ACPI: RSDT (v001 IntelR AWRDACPI 0x42302e31 AWRD 0x00000000) @ 0x3f6e3040
ACPI: FADT (v001 IntelR AWRDACPI 0x42302e31 AWRD 0x00000000) @ 0x3f6e30c0
ACPI: MCFG (v001 IntelR AWRDACPI 0x42302e31 AWRD 0x00000000) @ 0x3f6e7600
ACPI: MADT (v001 IntelR AWRDACPI 0x42302e31 AWRD 0x00000000) @ 0x3f6e7500
ACPI: SSDT (v001  PmRef  Cpu0Ist 0x00003000 INTL 0x20041203) @ 0x3f6e7680
ACPI: SSDT (v001  PmRef    CpuPm 0x00003000 INTL 0x20040311) @ 0x3f6e7b10
ACPI: DSDT (v001 INTELR AWRDACPI 0x00001000 MSFT 0x0100000e) @ 0x00000000
ACPI: PM-Timer IO Port: 0x408
ACPI: Local APIC address 0xfee00000
ACPI: LAPIC (acpi_id[0x00] lapic_id[0x00] enabled)
Processor #0 6:15 APIC version 20
ACPI: LAPIC (acpi_id[0x01] lapic_id[0x01] enabled)
Processor #1 6:15 APIC version 20
ACPI: LAPIC (acpi_id[0x02] lapic_id[0x02] disabled)
ACPI: LAPIC (acpi_id[0x03] lapic_id[0x03] disabled)
ACPI: LAPIC_NMI (acpi_id[0x00] high edge lint[0x1])
ACPI: LAPIC_NMI (acpi_id[0x01] high edge lint[0x1])
ACPI: LAPIC_NMI (acpi_id[0x02] high edge lint[0x1])
ACPI: LAPIC_NMI (acpi_id[0x03] high edge lint[0x1])
ACPI: IOAPIC (id[0x04] address[0xfec00000] gsi_base[0])
IOAPIC[0]: apic_id 4, version 32, address 0xfec00000, GSI 0-23
ACPI: INT_SRC_OVR (bus 0 bus_irq 0 global_irq 2 dfl dfl)
ACPI: INT_SRC_OVR (bus 0 bus_irq 9 global_irq 9 high level)
ACPI: IRQ0 used by override.
ACPI: IRQ2 used by override.
ACPI: IRQ9 used by override.
Enabling APIC mode:  Flat.  Using 1 I/O APICs
Using ACPI (MADT) for SMP configuration information
Allocating PCI resources starting at 40000000 (gap: 3f700000:a0900000)
Detected 2165.818 MHz processor.
Built 1 zonelists.  Total pages: 257779
Kernel command line: auto BOOT_IMAGE=2.6.20.2 ro root=801 apm=power-off nomce quiet netconsole=6665@192.168.2.2/eth0,6666@192.168.2.1/00:C0:9F:56:B1:76
mapped APIC to ffffd000 (fee00000)
mapped IOAPIC to ffffc000 (fec00000)
Enabling fast FPU save and restore... done.
Enabling unmasked SIMD FPU exception support... done.
Initializing CPU#0
PID hash table entries: 4096 (order: 12, 16384 bytes)
Console: colour dummy device 80x25
Dentry cache hash table entries: 131072 (order: 7, 524288 bytes)
Inode-cache hash table entries: 65536 (order: 6, 262144 bytes)
Memory: 1023192k/1039232k available (4339k kernel code, 15420k reserved, 1441k data, 280k init, 121728k highmem)
virtual kernel memory layout:
    fixmap  : 0xffe16000 - 0xfffff000   (1956 kB)
    pkmap   : 0xff800000 - 0xffc00000   (4096 kB)
    vmalloc : 0xf8800000 - 0xff7fe000   ( 111 MB)
    lowmem  : 0xc0000000 - 0xf8000000   ( 896 MB)
      .init : 0xc06ad000 - 0xc06f3000   ( 280 kB)
      .data : 0xc053cc81 - 0xc06a534c   (1441 kB)
      .text : 0xc0100000 - 0xc053cc81   (4339 kB)
Checking if this processor honours the WP bit even in supervisor mode... Ok.
Calibrating delay using timer specific routine.. 4257.82 BogoMIPS (lpj=2128914)
Security Framework v1.0.0 initialized
Capability LSM initialized
Mount-cache hash table entries: 512
CPU: After generic identify, caps: bfebfbff 20100000 00000000 00000000 0000e3bd 00000000 00000001
monitor/mwait feature present.
using mwait in idle threads.
CPU: L1 I cache: 32K, L1 D cache: 32K
CPU: L2 cache: 2048K
CPU: Physical Processor ID: 0
CPU: Processor Core ID: 0
CPU: After all inits, caps: bfebfbff 20100000 00000000 00003940 0000e3bd 00000000 00000001
Compat vDSO mapped to ffffe000.
Checking 'hlt' instruction... OK.
SMP alternatives: switching to UP code
ACPI: Core revision 20060707
CPU0: Intel(R) Core(TM)2 CPU          6400  @ 2.13GHz stepping 06
SMP alternatives: switching to SMP code
Booting processor 1/1 eip 3000
Initializing CPU#1
Calibrating delay using timer specific routine.. 4255.40 BogoMIPS (lpj=2127703)
CPU: After generic identify, caps: bfebfbff 20100000 00000000 00000000 0000e3bd 00000000 00000001
monitor/mwait feature present.
CPU: L1 I cache: 32K, L1 D cache: 32K
CPU: L2 cache: 2048K
CPU: Physical Processor ID: 0
CPU: Processor Core ID: 1
CPU: After all inits, caps: bfebfbff 20100000 00000000 00003940 0000e3bd 00000000 00000001
CPU1: Intel(R) Core(TM)2 CPU          6400  @ 2.13GHz stepping 06
Total of 2 processors activated (8513.23 BogoMIPS).
ENABLING IO-APIC IRQs
..TIMER: vector=0x31 apic1=0 pin1=2 apic2=-1 pin2=-1
checking TSC synchronization across 2 CPUs: passed.
Brought up 2 CPUs
migration_cost=1536
NET: Registered protocol family 16
ACPI: bus type pci registered
PCI: Using MMCONFIG
Setting up standard PCI resources
ACPI: Interpreter enabled
ACPI: Using IOAPIC for interrupt routing
ACPI: PCI Root Bridge [PCI0] (0000:00)
PCI: Probing PCI hardware (bus 00)
Boot video device is 0000:00:02.0
PCI quirk: region 0400-047f claimed by ICH6 ACPI/GPIO/TCO
PCI quirk: region 0480-04bf claimed by ICH6 GPIO
PCI: Transparent bridge - 0000:00:1e.0
ACPI: PCI Interrupt Routing Table [\_SB_.PCI0._PRT]
ACPI: PCI Interrupt Routing Table [\_SB_.PCI0.PEX0._PRT]
ACPI: PCI Interrupt Routing Table [\_SB_.PCI0.PEX2._PRT]
ACPI: PCI Interrupt Routing Table [\_SB_.PCI0.PEX3._PRT]
ACPI: PCI Interrupt Routing Table [\_SB_.PCI0.HUB0._PRT]
ACPI: PCI Interrupt Link [LNKA] (IRQs 5 9 10 11 12 *14 15)
ACPI: PCI Interrupt Link [LNKB] (IRQs 5 9 10 11 12 14 *15)
ACPI: PCI Interrupt Link [LNKC] (IRQs 5 9 10 *11 12 14 15)
ACPI: PCI Interrupt Link [LNKD] (IRQs 5 9 *10 11 12 14 15)
ACPI: PCI Interrupt Link [LNKE] (IRQs 5 9 10 11 12 14 15) *0, disabled.
ACPI: PCI Interrupt Link [LNKF] (IRQs 5 *9 10 11 12 14 15)
ACPI: PCI Interrupt Link [LNK0] (IRQs *5 9 10 11 12 14 15)
ACPI: PCI Interrupt Link [LNK1] (IRQs 5 9 10 11 12 14 *15)
Linux Plug and Play Support v0.97 (c) Adam Belay
pnp: PnP ACPI init
pnp: PnP ACPI: found 11 devices
PnPBIOS: Disabled by ACPI PNP
SCSI subsystem initialized
libata version 2.00 loaded.
PCI: Using ACPI for IRQ routing
PCI: If a device doesn't work, try "pci=routeirq".  If it helps, post a report
PCI: Cannot allocate resource region 2 of device 0000:03:00.0
PCI: Cannot allocate resource region 3 of device 0000:03:00.0
pnp: 00:07: ioport range 0x400-0x4bf could not be reserved
PCI: Ignore bogus resource 6 [0:0] of 0000:00:02.0
PCI: Bridge: 0000:00:01.0
  IO window: 6000-6fff
  MEM window: fd600000-fd6fffff
  PREFETCH window: fd500000-fd5fffff
PCI: Bridge: 0000:00:1c.0
  IO window: 5000-5fff
  MEM window: fde00000-fdefffff
  PREFETCH window: fdd00000-fddfffff
PCI: Bridge: 0000:00:1c.2
  IO window: 9000-afff
  MEM window: fdc00000-fdcfffff
  PREFETCH window: fdb00000-fdbfffff
PCI: Bridge: 0000:00:1c.3
  IO window: 7000-7fff
  MEM window: fda00000-fdafffff
  PREFETCH window: fd900000-fd9fffff
PCI: Bridge: 0000:00:1e.0
  IO window: 8000-8fff
  MEM window: f9000000-fcffffff
  PREFETCH window: fd700000-fd7fffff
ACPI: PCI Interrupt 0000:00:01.0[A] -> GSI 16 (level, low) -> IRQ 16
PCI: Setting latency timer of device 0000:00:01.0 to 64
ACPI: PCI Interrupt 0000:00:1c.0[A] -> GSI 16 (level, low) -> IRQ 16
PCI: Setting latency timer of device 0000:00:1c.0 to 64
ACPI: PCI Interrupt 0000:00:1c.2[C] -> GSI 18 (level, low) -> IRQ 17
PCI: Setting latency timer of device 0000:00:1c.2 to 64
ACPI: PCI Interrupt 0000:00:1c.3[D] -> GSI 19 (level, low) -> IRQ 18
PCI: Setting latency timer of device 0000:00:1c.3 to 64
PCI: Setting latency timer of device 0000:00:1e.0 to 64
NET: Registered protocol family 2
IP route cache hash table entries: 32768 (order: 5, 131072 bytes)
TCP established hash table entries: 131072 (order: 8, 1572864 bytes)
TCP bind hash table entries: 65536 (order: 7, 786432 bytes)
TCP: Hash tables configured (established 131072 bind 65536)
TCP reno registered
audit: initializing netlink socket (disabled)
audit(1174492752.587:1): initialized
highmem bounce pool size: 64 pages
Total HugeTLB memory allocated, 0
VFS: Disk quotas dquot_6.5.1
Dquot-cache hash table entries: 1024 (order 0, 4096 bytes)
JFS: nTxBlock = 7995, nTxLock = 63964
SGI XFS with ACLs, security attributes, realtime, large block numbers, no debug enabled
SGI XFS Quota Management subsystem
io scheduler noop registered
io scheduler anticipatory registered
io scheduler deadline registered (default)
io scheduler cfq registered
PCI: Setting latency timer of device 0000:00:01.0 to 64
assign_interrupt_mode Found MSI capability
Allocate Port Service[0000:00:01.0:pcie00]
Allocate Port Service[0000:00:01.0:pcie03]
PCI: Setting latency timer of device 0000:00:1c.0 to 64
assign_interrupt_mode Found MSI capability
Allocate Port Service[0000:00:1c.0:pcie00]
Allocate Port Service[0000:00:1c.0:pcie02]
Allocate Port Service[0000:00:1c.0:pcie03]
PCI: Setting latency timer of device 0000:00:1c.2 to 64
assign_interrupt_mode Found MSI capability
Allocate Port Service[0000:00:1c.2:pcie00]
Allocate Port Service[0000:00:1c.2:pcie02]
Allocate Port Service[0000:00:1c.2:pcie03]
PCI: Setting latency timer of device 0000:00:1c.3 to 64
assign_interrupt_mode Found MSI capability
Allocate Port Service[0000:00:1c.3:pcie00]
Allocate Port Service[0000:00:1c.3:pcie02]
Allocate Port Service[0000:00:1c.3:pcie03]
vesafb: framebuffer at 0xd0000000, mapped to 0xf8d00000, using 3072k, total 7616k
vesafb: mode is 1024x768x16, linelength=2048, pages=3
vesafb: protected mode interface info at 00ff:44f0
vesafb: scrolling: redraw
vesafb: Truecolor: size=0:5:6:5, shift=0:11:5:0
Console: switching to colour frame buffer device 128x48
fb0: VESA VGA frame buffer device
isapnp: Scanning for PnP cards...
isapnp: No Plug & Play device found
Real Time Clock Driver v1.12ac
Linux agpgart interface v0.101 (c) Dave Jones
agpgart: Detected an Intel 965G Chipset.
agpgart: Unknown page table size, assuming 512KB
agpgart: Detected 7676K stolen memory.
agpgart: AGP aperture is 256M @ 0xd0000000
intelfb: Framebuffer driver for Intel(R) 830M/845G/852GM/855GM/865G/915G/915GM/945G/945GM chipsets
intelfb: Version 0.9.4
floppy0: no floppy controllers found
RAMDISK driver initialized: 16 RAM disks of 4096K size 1024 blocksize
loop: loaded (max 8 devices)
Intel(R) PRO/1000 Network Driver - version 7.3.15-k2
Copyright (c) 1999-2006 Intel Corporation.
pcnet32.c:v1.33 27.Jun.2006 tsbogend@alpha.franken.de
e100: Intel(R) PRO/100 Network Driver, 3.5.17-k2-NAPI
e100: Copyright(c) 1999-2006 Intel Corporation
ns83820.c: National Semiconductor DP83820 10/100/1000 driver.
forcedeth.c: Reverse Engineered nForce ethernet driver. Version 0.59.
dmfe: Davicom DM9xxx net driver, version 1.36.4 (2002-01-17)
winbond-840.c:v1.01-e (2.4 port) Sep-11-2006  Donald Becker <becker@scyld.com>
  
http://www.scyld.com/network/drivers.html
uli526x: ULi M5261/M5263 net driver, version 0.9.3 (2005-7-29)
Uniform Multi-Platform E-IDE driver Revision: 7.00alpha2
ide: Assuming 33MHz system bus speed for PIO modes; override with idebus=xx
Probing IDE interface ide0...
Probing IDE interface ide1...
Loading iSCSI transport class v2.0-724.
ata_piix 0000:00:1f.2: version 2.00ac7
ata_piix 0000:00:1f.2: MAP [ P0 P2 P1 P3 ]
ACPI: PCI Interrupt 0000:00:1f.2[B] -> GSI 17 (level, low) -> IRQ 19
PCI: Setting latency timer of device 0000:00:1f.2 to 64
ata1: SATA max UDMA/133 cmd 0xE400 ctl 0xE002 bmdma 0xD400 irq 19
ata2: SATA max UDMA/133 cmd 0xDC00 ctl 0xD802 bmdma 0xD408 irq 19
scsi0 : ata_piix
ata1.00: ATA-7, max UDMA/133, 976773168 sectors: LBA48 NCQ (depth 0/32)
ata1.00: ata1: dev 0 multi count 16
ata1.00: configured for UDMA/133
scsi1 : ata_piix
ATA: abnormal status 0x7F on port 0xDC07
scsi 0:0:0:0: Direct-Access     ATA      WDC WD5000AAKS-0 12.0 PQ: 0 ANSI: 5
SCSI device sda: 976773168 512-byte hdwr sectors (500108 MB)
sda: Write Protect is off
sda: Mode Sense: 00 3a 00 00
SCSI device sda: write cache: enabled, read cache: enabled, doesn't support DPO or FUA
SCSI device sda: 976773168 512-byte hdwr sectors (500108 MB)
sda: Write Protect is off
sda: Mode Sense: 00 3a 00 00
SCSI device sda: write cache: enabled, read cache: enabled, doesn't support DPO or FUA
 sda: sda1 sda2 sda3
sd 0:0:0:0: Attached scsi disk sda
ata_piix 0000:00:1f.5: MAP [ P0 P2 P1 P3 ]
ACPI: PCI Interrupt 0000:00:1f.5[B] -> GSI 17 (level, low) -> IRQ 19
PCI: Setting latency timer of device 0000:00:1f.5 to 64
ata3: SATA max UDMA/133 cmd 0xC800 ctl 0xC402 bmdma 0xB800 irq 19
ata4: SATA max UDMA/133 cmd 0xC000 ctl 0xBC02 bmdma 0xB808 irq 19
scsi2 : ata_piix
ATA: abnormal status 0x7F on port 0xC807
scsi3 : ata_piix
ATA: abnormal status 0x7F on port 0xC007
PNP: PS/2 Controller [PNP0303:PS2K] at 0x60,0x64 irq 1
PNP: PS/2 controller doesn't have AUX irq; using default 12
serio: i8042 KBD port at 0x60,0x64 irq 1
serio: i8042 AUX port at 0x60,0x64 irq 12
mice: PS/2 mouse device common for all mice
md: linear personality registered for level -1
md: raid0 personality registered for level 0
md: raid1 personality registered for level 1
raid6: int32x1    871 MB/s
raid6: int32x2    867 MB/s
raid6: int32x4    652 MB/s
raid6: int32x8    574 MB/s
raid6: mmxx1     2480 MB/s
raid6: mmxx2     3109 MB/s
raid6: sse1x1    1890 MB/s
raid6: sse1x2    2406 MB/s
raid6: sse2x1    3554 MB/s
raid6: sse2x2    4113 MB/s
raid6: using algorithm sse2x2 (4113 MB/s)
md: raid6 personality registered for level 6
md: raid5 personality registered for level 5
md: raid4 personality registered for level 4
raid5: automatically using best checksumming function: pIII_sse
   pIII_sse  :  7856.000 MB/sec
raid5: using function: pIII_sse (7856.000 MB/sec)
device-mapper: ioctl: 4.11.0-ioctl (2006-10-12) initialised: dm-devel@redhat.com
NET: Registered protocol family 1
NET: Registered protocol family 15
Starting balanced_irq
Using IPI No-Shortcut mode
ACPI: (supports S0 S3 S4 S5)
md: Autodetecting RAID arrays.
md: autorun ...
md: ... autorun DONE.
Time: tsc clocksource has been installed.
EXT3-fs: INFO: recovery required on readonly filesystem.
EXT3-fs: write access will be enabled during recovery.
(fs/jbd/recovery.c, 255): journal_recover: JBD: recovery, exit status 0, recovered transactions 471031 to 471055
(fs/jbd/recovery.c, 257): journal_recover: JBD: Replayed 3570 and revoked 0/465 blocks
kjournald starting.  Commit interval 5 seconds
EXT3-fs: recovery complete.
EXT3-fs: mounted filesystem with ordered data mode.
VFS: Mounted root (ext3 filesystem) readonly.
Freeing unused kernel memory: 280k freed
usbcore: registered new interface driver usbfs
usbcore: registered new interface driver hub
usbcore: registered new device driver usb
ACPI: PCI Interrupt 0000:04:00.0[A] -> GSI 19 (level, low) -> IRQ 18
PCI: Setting latency timer of device 0000:04:00.0 to 64
sky2 v1.10 addr 0xfdafc000 irq 18 Yukon-EC Ultra (0xb4) rev 2
sky2 eth0: addr 00:15:58:8a:b6:67
Linux video capture interface: v2.00
cx2388x cx88-mpeg Driver Manager version 0.0.6 loaded
CORE cx88[0]: subsystem: 0070:9002, board: Hauppauge Nova-T DVB-T [card=18,autodetected]
TV tuner 4 at 0x1fe, Radio tuner -1 at 0x1fe
USB Universal Host Controller Interface driver v3.0
ACPI: PCI Interrupt 0000:00:1a.0[A] -> GSI 16 (level, low) -> IRQ 16
PCI: Setting latency timer of device 0000:00:1a.0 to 64
uhci_hcd 0000:00:1a.0: UHCI Host Controller
uhci_hcd 0000:00:1a.0: new USB bus registered, assigned bus number 1
uhci_hcd 0000:00:1a.0: irq 16, io base 0x0000f800
usb usb1: configuration #1 chosen from 1 choice
hub 1-0:1.0: USB hub found
hub 1-0:1.0: 2 ports detected
cx2388x v4l2 driver version 0.0.6 loaded
ACPI: PCI Interrupt 0000:00:1a.1[B] -> GSI 21 (level, low) -> IRQ 20
PCI: Setting latency timer of device 0000:00:1a.1 to 64
uhci_hcd 0000:00:1a.1: UHCI Host Controller
uhci_hcd 0000:00:1a.1: new USB bus registered, assigned bus number 2
uhci_hcd 0000:00:1a.1: irq 20, io base 0x0000f400
usb usb2: configuration #1 chosen from 1 choice
hub 2-0:1.0: USB hub found
hub 2-0:1.0: 2 ports detected
tveeprom 0-0050: Hauppauge model 90003, rev C2B0, serial# 768142
tveeprom 0-0050: MAC address is 00-0D-FE-0B-B8-8E
tveeprom 0-0050: tuner model is Thompson DTT75105 (idx 110, type 4)
tveeprom 0-0050: TV standards ATSC/DVB Digital (eeprom 0x80)
tveeprom 0-0050: audio processor is None (idx 0)
tveeprom 0-0050: decoder processor is CX882 (idx 25)
tveeprom 0-0050: has no radio, has IR receiver, has no IR transmitter
cx88[0]: hauppauge eeprom: model=90003
input: cx88 IR (Hauppauge Nova-T DVB-T as /class/input/input0
cx88[0]/2: cx2388x 8802 Driver Manager
ACPI: PCI Interrupt 0000:05:02.2[A] -> GSI 17 (level, low) -> IRQ 19
PCI: Setting latency timer of device 0000:05:02.2 to 64
cx88[0]/2: found at 0000:05:02.2, rev: 5, irq: 19, latency: 64, mmio: 0xfb000000
ACPI: PCI Interrupt 0000:00:1d.0[A] -> GSI 23 (level, low) -> IRQ 21
PCI: Setting latency timer of device 0000:00:1d.0 to 64
uhci_hcd 0000:00:1d.0: UHCI Host Controller
uhci_hcd 0000:00:1d.0: new USB bus registered, assigned bus number 3
uhci_hcd 0000:00:1d.0: irq 21, io base 0x0000f000
usb usb3: configuration #1 chosen from 1 choice
hub 3-0:1.0: USB hub found
hub 3-0:1.0: 2 ports detected
ACPI: PCI Interrupt 0000:00:1d.1[B] -> GSI 19 (level, low) -> IRQ 18
PCI: Setting latency timer of device 0000:00:1d.1 to 64
uhci_hcd 0000:00:1d.1: UHCI Host Controller
uhci_hcd 0000:00:1d.1: new USB bus registered, assigned bus number 4
uhci_hcd 0000:00:1d.1: irq 18, io base 0x0000ec00
usb usb4: configuration #1 chosen from 1 choice
hub 4-0:1.0: USB hub found
hub 4-0:1.0: 2 ports detected
usb 1-1: new low speed USB device using uhci_hcd and address 2
ACPI: PCI Interrupt 0000:00:1d.2[C] -> GSI 18 (level, low) -> IRQ 17
PCI: Setting latency timer of device 0000:00:1d.2 to 64
uhci_hcd 0000:00:1d.2: UHCI Host Controller
uhci_hcd 0000:00:1d.2: new USB bus registered, assigned bus number 5
uhci_hcd 0000:00:1d.2: irq 17, io base 0x0000e800
usb usb5: configuration #1 chosen from 1 choice
hub 5-0:1.0: USB hub found
hub 5-0:1.0: 2 ports detected
usb 1-1: configuration #1 chosen from 1 choice
ACPI: PCI Interrupt 0000:00:1f.3[D] -> GSI 19 (level, low) -> IRQ 18
ACPI: PCI Interrupt 0000:00:1a.7[C] -> GSI 18 (level, low) -> IRQ 17
PCI: Setting latency timer of device 0000:00:1a.7 to 64
ehci_hcd 0000:00:1a.7: EHCI Host Controller
ehci_hcd 0000:00:1a.7: new USB bus registered, assigned bus number 6
PCI: cache line size of 32 is not supported by device 0000:00:1a.7
ehci_hcd 0000:00:1a.7: irq 17, io mem 0xfdfff000
ehci_hcd 0000:00:1a.7: USB 2.0 started, EHCI 1.00, driver 10 Dec 2004
usb usb6: configuration #1 chosen from 1 choice
hub 6-0:1.0: USB hub found
hub 6-0:1.0: 4 ports detected
ACPI: PCI Interrupt 0000:00:1d.7[A] -> GSI 23 (level, low) -> IRQ 21
PCI: Setting latency timer of device 0000:00:1d.7 to 64
ehci_hcd 0000:00:1d.7: EHCI Host Controller
ehci_hcd 0000:00:1d.7: new USB bus registered, assigned bus number 7
PCI: cache line size of 32 is not supported by device 0000:00:1d.7
ehci_hcd 0000:00:1d.7: irq 21, io mem 0xfdffe000
ehci_hcd 0000:00:1d.7: USB 2.0 started, EHCI 1.00, driver 10 Dec 2004
usb usb7: configuration #1 chosen from 1 choice
hub 7-0:1.0: USB hub found
hub 7-0:1.0: 6 ports detected
usb 3-2: new low speed USB device using uhci_hcd and address 2
ACPI: PCI Interrupt 0000:05:02.0[A] -> GSI 17 (level, low) -> IRQ 19
cx88[0]/0: found at 0000:05:02.0, rev: 5, irq: 19, latency: 20, mmio: 0xf9000000
cx88[0]/0: registered device video0 [v4l2]
cx88[0]/0: registered device vbi0
ACPI: PCI Interrupt 0000:00:1b.0[A] -> GSI 22 (level, low) -> IRQ 22
PCI: Setting latency timer of device 0000:00:1b.0 to 64
usb 1-1: USB disconnect, address 2
hda_codec: Unknown model for ALC883, trying auto-probe from BIOS...
Adding 1959920k swap on /dev/sda2.  Priority:-1 extents:1 across:1959920k
EXT3 FS on sda1, internal journal
usb 1-1: new low speed USB device using uhci_hcd and address 3
bttv: driver version 0.9.16 loaded
bttv: using 8 buffers with 2080k (520 pages) each for capture
bt878: AUDIO driver version 0.0.0 loaded
usb 1-1: configuration #1 chosen from 1 choice
Non-volatile memory driver v1.2
usb 3-2: new low speed USB device using uhci_hcd and address 3
kjournald starting.  Commit interval 5 seconds
EXT3 FS on sda3, internal journal
EXT3-fs: mounted filesystem with ordered data mode.
usb 3-2: configuration #1 chosen from 1 choice
usbcore: registered new interface driver hiddev
input: BTC USB Multimedia Cordless Kit   as /class/input/input1
input: USB HID v1.00 Keyboard [BTC USB Multimedia Cordless Kit  ] on usb-0000:00:1d.0-2
input: BTC USB Multimedia Cordless Kit   as /class/input/input2
input,hiddev96: USB HID v1.00 Mouse [BTC USB Multimedia Cordless Kit  ] on usb-0000:00:1d.0-2
usbcore: registered new interface driver usbhid
drivers/usb/input/hid-core.c: v2.6:USB HID core driver
sky2 eth0: enabling interface
sky2 eth0: ram buffer 0K
sky2 eth0: Link is up at 100 Mbps, full duplex, flow control none
NET: Registered protocol family 10
lo: Disabled Privacy Extensions
[drm] Initialized drm 1.1.0 20060810
ACPI: PCI Interrupt 0000:00:02.0[A] -> GSI 16 (level, low) -> IRQ 16
[drm] Initialized i915 1.6.0 20060119 on minor 0
eth0: no IPv6 routers present
00:00.0 Host bridge: Intel Corporation 82P965/G965 Memory Controller Hub (rev 02)
	Subsystem: Foxconn International, Inc. Unknown device 0c7a
	Control: I/O- Mem+ BusMaster+ SpecCycle- MemWINV- VGASnoop- ParErr- Stepping- SERR- FastB2B-
	Status: Cap+ 66MHz- UDF- FastB2B+ ParErr- DEVSEL=fast >TAbort- <TAbort- <MAbort+ >SERR- <PERR-
	Latency: 0
	Capabilities: [e0] Vendor Specific Information
00:01.0 PCI bridge: Intel Corporation 82P965/G965 PCI Express Root Port (rev 02) (prog-if 00 [Normal decode])
	Control: I/O+ Mem+ BusMaster+ SpecCycle- MemWINV- VGASnoop- ParErr- Stepping- SERR- FastB2B-
	Status: Cap+ 66MHz- UDF- FastB2B- ParErr- DEVSEL=fast >TAbort- <TAbort- <MAbort- >SERR- <PERR-
	Latency: 0, Cache Line Size: 64 bytes
	Bus: primary=00, secondary=01, subordinate=01, sec-latency=0
	I/O behind bridge: 00006000-00006fff
	Memory behind bridge: fd600000-fd6fffff
	Prefetchable memory behind bridge: 00000000fd500000-00000000fd5fffff
	Secondary status: 66MHz- FastB2B- ParErr- DEVSEL=fast >TAbort- <TAbort- <MAbort- <SERR- <PERR-
	BridgeCtl: Parity- SERR- NoISA+ VGA- MAbort- >Reset- FastB2B-
	Capabilities: [88] Subsystem: Intel Corporation Unknown device 0000
	Capabilities: [80] Power Management version 3
		Flags: PMEClk- DSI- D1- D2- AuxCurrent=0mA PME(D0+,D1-,D2-,D3hot+,D3cold+)
		Status: D0 PME-Enable- DSel=0 DScale=0 PME-
	Capabilities: [90] Message Signalled Interrupts: Mask- 64bit- Queue=0/0 Enable-
		Address: 00000000  Data: 0000
	Capabilities: [a0] Express Root Port (Slot+) IRQ 0
		Device: Supported: MaxPayload 128 bytes, PhantFunc 0, ExtTag-
		Device: Latency L0s <64ns, L1 <1us
		Device: Errors: Correctable+ Non-Fatal+ Fatal+ Unsupported+
		Device: RlxdOrd- ExtTag- PhantFunc- AuxPwr- NoSnoop-
		Device: MaxPayload 128 bytes, MaxReadReq 128 bytes
		Link: Supported Speed 2.5Gb/s, Width x16, ASPM L0s L1, Port 2
		Link: Latency L0s <1us, L1 <4us
		Link: ASPM Disabled RCB 64 bytes Disabled CommClk- ExtSynch-
		Link: Speed 2.5Gb/s, Width x0
		Slot: AtnBtn- PwrCtrl- MRL- AtnInd- PwrInd- HotPlug- Surpise-
		Slot: Number 0, PowerLimit 0.000000
		Slot: Enabled AtnBtn- PwrFlt- MRL- PresDet- CmdCplt- HPIrq-
		Slot: AttnInd Off, PwrInd On, Power-
		Root: Correctable- Non-Fatal- Fatal- PME-
	Capabilities: [100] Virtual Channel
	Capabilities: [140] Unknown (5)
00:02.0 VGA compatible controller: Intel Corporation 82G965 Integrated Graphics Controller (rev 02) (prog-if 00 [VGA])
	Subsystem: Foxconn International, Inc. Unknown device 0c7a
	Control: I/O+ Mem+ BusMaster+ SpecCycle- MemWINV- VGASnoop- ParErr- Stepping- SERR- FastB2B-
	Status: Cap+ 66MHz- UDF- FastB2B+ ParErr- DEVSEL=fast >TAbort- <TAbort- <MAbort- >SERR- <PERR-
	Latency: 0
	Interrupt: pin A routed to IRQ 16
	Region 0: Memory at fd800000 (32-bit, non-prefetchable) [size=1M]
	Region 2: Memory at d0000000 (64-bit, prefetchable) [size=256M]
	Region 4: I/O ports at fc00 [size=8]
	Capabilities: [90] Message Signalled Interrupts: Mask- 64bit- Queue=0/0 Enable-
		Address: 00000000  Data: 0000
	Capabilities: [d0] Power Management version 2
		Flags: PMEClk- DSI+ D1- D2- AuxCurrent=0mA PME(D0-,D1-,D2-,D3hot-,D3cold-)
		Status: D0 PME-Enable- DSel=0 DScale=0 PME-
00:1a.0 USB Controller: Intel Corporation 82801H (ICH8 Family) USB UHCI #4 (rev 02) (prog-if 00 [UHCI])
	Subsystem: Foxconn International, Inc. Unknown device 0c7a
	Control: I/O+ Mem- BusMaster+ SpecCycle- MemWINV- VGASnoop- ParErr- Stepping- SERR- FastB2B-
	Status: Cap- 66MHz- UDF- FastB2B+ ParErr- DEVSEL=medium >TAbort- <TAbort- <MAbort- >SERR- <PERR-
	Latency: 0
	Interrupt: pin A routed to IRQ 16
	Region 4: I/O ports at f800 [size=32]
00:1a.1 USB Controller: Intel Corporation 82801H (ICH8 Family) USB UHCI #5 (rev 02) (prog-if 00 [UHCI])
	Subsystem: Foxconn International, Inc. Unknown device 0c7a
	Control: I/O+ Mem- BusMaster+ SpecCycle- MemWINV- VGASnoop- ParErr- Stepping- SERR- FastB2B-
	Status: Cap- 66MHz- UDF- FastB2B+ ParErr- DEVSEL=medium >TAbort- <TAbort- <MAbort- >SERR- <PERR-
	Latency: 0
	Interrupt: pin B routed to IRQ 20
	Region 4: I/O ports at f400 [size=32]
00:1a.7 USB Controller: Intel Corporation 82801H (ICH8 Family) USB2 EHCI #2 (rev 02) (prog-if 20 [EHCI])
	Subsystem: Foxconn International, Inc. Unknown device 0c7a
	Control: I/O- Mem+ BusMaster+ SpecCycle- MemWINV- VGASnoop- ParErr- Stepping- SERR- FastB2B-
	Status: Cap+ 66MHz- UDF- FastB2B+ ParErr- DEVSEL=medium >TAbort- <TAbort- <MAbort- >SERR- <PERR-
	Latency: 0
	Interrupt: pin C routed to IRQ 17
	Region 0: Memory at fdfff000 (32-bit, non-prefetchable) [size=1K]
	Capabilities: [50] Power Management version 2
		Flags: PMEClk- DSI- D1- D2- AuxCurrent=375mA PME(D0+,D1-,D2-,D3hot+,D3cold+)
		Status: D0 PME-Enable- DSel=0 DScale=0 PME-
00:1b.0 Audio device: Intel Corporation 82801H (ICH8 Family) HD Audio Controller (rev 02)
	Subsystem: Foxconn International, Inc. Unknown device 0c7a
	Control: I/O- Mem+ BusMaster+ SpecCycle- MemWINV- VGASnoop- ParErr- Stepping- SERR- FastB2B-
	Status: Cap+ 66MHz- UDF- FastB2B- ParErr- DEVSEL=fast >TAbort- <TAbort- <MAbort- >SERR- <PERR-
	Latency: 0, Cache Line Size: 64 bytes
	Interrupt: pin A routed to IRQ 22
	Region 0: Memory at fdff8000 (64-bit, non-prefetchable) [size=16K]
	Capabilities: [50] Power Management version 2
		Flags: PMEClk- DSI- D1- D2- AuxCurrent=55mA PME(D0+,D1-,D2-,D3hot+,D3cold+)
		Status: D0 PME-Enable- DSel=0 DScale=0 PME-
	Capabilities: [60] Message Signalled Interrupts: Mask- 64bit+ Queue=0/0 Enable-
		Address: 0000000000000000  Data: 0000
	Capabilities: [70] Express Unknown type IRQ 0
		Device: Supported: MaxPayload 128 bytes, PhantFunc 0, ExtTag-
		Device: Latency L0s <64ns, L1 <1us
		Device: Errors: Correctable- Non-Fatal- Fatal- Unsupported-
		Device: RlxdOrd- ExtTag- PhantFunc- AuxPwr- NoSnoop+
		Device: MaxPayload 128 bytes, MaxReadReq 128 bytes
		Link: Supported Speed unknown, Width x0, ASPM unknown, Port 0
		Link: Latency L0s <64ns, L1 <1us
		Link: ASPM Disabled CommClk- ExtSynch-
		Link: Speed unknown, Width x0
	Capabilities: [100] Virtual Channel
	Capabilities: [130] Unknown (5)
00:1c.0 PCI bridge: Intel Corporation 82801H (ICH8 Family) PCI Express Port 1 (rev 02) (prog-if 00 [Normal decode])
	Control: I/O+ Mem+ BusMaster+ SpecCycle- MemWINV- VGASnoop- ParErr- Stepping- SERR- FastB2B-
	Status: Cap+ 66MHz- UDF- FastB2B- ParErr- DEVSEL=fast >TAbort- <TAbort- <MAbort- >SERR- <PERR-
	Latency: 0, Cache Line Size: 64 bytes
	Bus: primary=00, secondary=02, subordinate=02, sec-latency=0
	I/O behind bridge: 00005000-00005fff
	Memory behind bridge: fde00000-fdefffff
	Prefetchable memory behind bridge: 00000000fdd00000-00000000fddfffff
	Secondary status: 66MHz- FastB2B- ParErr- DEVSEL=fast >TAbort- <TAbort- <MAbort- <SERR- <PERR-
	BridgeCtl: Parity- SERR- NoISA+ VGA- MAbort- >Reset- FastB2B-
	Capabilities: [40] Express Root Port (Slot+) IRQ 0
		Device: Supported: MaxPayload 128 bytes, PhantFunc 0, ExtTag-
		Device: Latency L0s unlimited, L1 unlimited
		Device: Errors: Correctable+ Non-Fatal+ Fatal+ Unsupported+
		Device: RlxdOrd- ExtTag- PhantFunc- AuxPwr- NoSnoop-
		Device: MaxPayload 128 bytes, MaxReadReq 128 bytes
		Link: Supported Speed 2.5Gb/s, Width x1, ASPM L0s L1, Port 1
		Link: Latency L0s <1us, L1 <4us
		Link: ASPM Disabled RCB 64 bytes Disabled CommClk- ExtSynch-
		Link: Speed 2.5Gb/s, Width x0
		Slot: AtnBtn- PwrCtrl- MRL- AtnInd- PwrInd- HotPlug+ Surpise+
		Slot: Number 16, PowerLimit 10.000000
		Slot: Enabled AtnBtn- PwrFlt- MRL- PresDet- CmdCplt- HPIrq-
		Slot: AttnInd Unknown, PwrInd Unknown, Power-
		Root: Correctable- Non-Fatal- Fatal- PME-
	Capabilities: [80] Message Signalled Interrupts: Mask- 64bit- Queue=0/0 Enable-
		Address: 00000000  Data: 0000
	Capabilities: [90] Subsystem: Intel Corporation 82801H (ICH8 Family) PCI Express Port 1
	Capabilities: [a0] Power Management version 2
		Flags: PMEClk- DSI- D1- D2- AuxCurrent=0mA PME(D0+,D1-,D2-,D3hot+,D3cold+)
		Status: D0 PME-Enable- DSel=0 DScale=0 PME-
	Capabilities: [100] Virtual Channel
	Capabilities: [180] Unknown (5)
00:1c.2 PCI bridge: Intel Corporation 82801H (ICH8 Family) PCI Express Port 3 (rev 02) (prog-if 00 [Normal decode])
	Control: I/O+ Mem+ BusMaster+ SpecCycle- MemWINV- VGASnoop- ParErr- Stepping- SERR- FastB2B-
	Status: Cap+ 66MHz- UDF- FastB2B- ParErr- DEVSEL=fast >TAbort- <TAbort- <MAbort- >SERR- <PERR-
	Latency: 0, Cache Line Size: 64 bytes
	Bus: primary=00, secondary=03, subordinate=03, sec-latency=0
	I/O behind bridge: 00009000-0000afff
	Memory behind bridge: fdc00000-fdcfffff
	Prefetchable memory behind bridge: 00000000fdb00000-00000000fdbfffff
	Secondary status: 66MHz- FastB2B- ParErr- DEVSEL=fast >TAbort- <TAbort- <MAbort- <SERR- <PERR-
	BridgeCtl: Parity- SERR- NoISA+ VGA- MAbort- >Reset- FastB2B-
	Capabilities: [40] Express Root Port (Slot+) IRQ 0
		Device: Supported: MaxPayload 128 bytes, PhantFunc 0, ExtTag-
		Device: Latency L0s unlimited, L1 unlimited
		Device: Errors: Correctable+ Non-Fatal+ Fatal+ Unsupported+
		Device: RlxdOrd- ExtTag- PhantFunc- AuxPwr- NoSnoop-
		Device: MaxPayload 128 bytes, MaxReadReq 128 bytes
		Link: Supported Speed 2.5Gb/s, Width x1, ASPM L0s L1, Port 3
		Link: Latency L0s <1us, L1 <4us
		Link: ASPM Disabled RCB 64 bytes CommClk- ExtSynch-
		Link: Speed 2.5Gb/s, Width x1
		Slot: AtnBtn- PwrCtrl- MRL- AtnInd- PwrInd- HotPlug+ Surpise+
		Slot: Number 18, PowerLimit 10.000000
		Slot: Enabled AtnBtn- PwrFlt- MRL- PresDet- CmdCplt- HPIrq-
		Slot: AttnInd Unknown, PwrInd Unknown, Power-
		Root: Correctable- Non-Fatal- Fatal- PME-
	Capabilities: [80] Message Signalled Interrupts: Mask- 64bit- Queue=0/0 Enable-
		Address: 00000000  Data: 0000
	Capabilities: [90] Subsystem: Intel Corporation 82801H (ICH8 Family) PCI Express Port 3
	Capabilities: [a0] Power Management version 2
		Flags: PMEClk- DSI- D1- D2- AuxCurrent=0mA PME(D0+,D1-,D2-,D3hot+,D3cold+)
		Status: D0 PME-Enable- DSel=0 DScale=0 PME-
	Capabilities: [100] Virtual Channel
	Capabilities: [180] Unknown (5)
00:1c.3 PCI bridge: Intel Corporation 82801H (ICH8 Family) PCI Express Port 4 (rev 02) (prog-if 00 [Normal decode])
	Control: I/O+ Mem+ BusMaster+ SpecCycle- MemWINV- VGASnoop- ParErr- Stepping- SERR- FastB2B-
	Status: Cap+ 66MHz- UDF- FastB2B- ParErr- DEVSEL=fast >TAbort- <TAbort- <MAbort- >SERR- <PERR-
	Latency: 0, Cache Line Size: 64 bytes
	Bus: primary=00, secondary=04, subordinate=04, sec-latency=0
	I/O behind bridge: 00007000-00007fff
	Memory behind bridge: fda00000-fdafffff
	Prefetchable memory behind bridge: 00000000fd900000-00000000fd9fffff
	Secondary status: 66MHz- FastB2B- ParErr- DEVSEL=fast >TAbort- <TAbort- <MAbort- <SERR- <PERR-
	BridgeCtl: Parity- SERR- NoISA+ VGA- MAbort- >Reset- FastB2B-
	Capabilities: [40] Express Root Port (Slot+) IRQ 0
		Device: Supported: MaxPayload 128 bytes, PhantFunc 0, ExtTag-
		Device: Latency L0s unlimited, L1 unlimited
		Device: Errors: Correctable+ Non-Fatal+ Fatal+ Unsupported+
		Device: RlxdOrd- ExtTag- PhantFunc- AuxPwr- NoSnoop-
		Device: MaxPayload 128 bytes, MaxReadReq 128 bytes
		Link: Supported Speed 2.5Gb/s, Width x1, ASPM L0s L1, Port 4
		Link: Latency L0s <1us, L1 <4us
		Link: ASPM Disabled RCB 64 bytes CommClk- ExtSynch-
		Link: Speed 2.5Gb/s, Width x1
		Slot: AtnBtn- PwrCtrl- MRL- AtnInd- PwrInd- HotPlug+ Surpise+
		Slot: Number 19, PowerLimit 10.000000
		Slot: Enabled AtnBtn- PwrFlt- MRL- PresDet- CmdCplt- HPIrq-
		Slot: AttnInd Unknown, PwrInd Unknown, Power-
		Root: Correctable- Non-Fatal- Fatal- PME-
	Capabilities: [80] Message Signalled Interrupts: Mask- 64bit- Queue=0/0 Enable-
		Address: 00000000  Data: 0000
	Capabilities: [90] Subsystem: Intel Corporation 82801H (ICH8 Family) PCI Express Port 4
	Capabilities: [a0] Power Management version 2
		Flags: PMEClk- DSI- D1- D2- AuxCurrent=0mA PME(D0+,D1-,D2-,D3hot+,D3cold+)
		Status: D0 PME-Enable- DSel=0 DScale=0 PME-
	Capabilities: [100] Virtual Channel
	Capabilities: [180] Unknown (5)
00:1d.0 USB Controller: Intel Corporation 82801H (ICH8 Family) USB UHCI #1 (rev 02) (prog-if 00 [UHCI])
	Subsystem: Foxconn International, Inc. Unknown device 0c7a
	Control: I/O+ Mem- BusMaster+ SpecCycle- MemWINV- VGASnoop- ParErr- Stepping- SERR- FastB2B-
	Status: Cap- 66MHz- UDF- FastB2B+ ParErr- DEVSEL=medium >TAbort- <TAbort- <MAbort- >SERR- <PERR-
	Latency: 0
	Interrupt: pin A routed to IRQ 21
	Region 4: I/O ports at f000 [size=32]
00:1d.1 USB Controller: Intel Corporation 82801H (ICH8 Family) USB UHCI #2 (rev 02) (prog-if 00 [UHCI])
	Subsystem: Foxconn International, Inc. Unknown device 0c7a
	Control: I/O+ Mem- BusMaster+ SpecCycle- MemWINV- VGASnoop- ParErr- Stepping- SERR- FastB2B-
	Status: Cap- 66MHz- UDF- FastB2B+ ParErr- DEVSEL=medium >TAbort- <TAbort- <MAbort- >SERR- <PERR-
	Latency: 0
	Interrupt: pin B routed to IRQ 18
	Region 4: I/O ports at ec00 [size=32]
00:1d.2 USB Controller: Intel Corporation 82801H (ICH8 Family) USB UHCI #3 (rev 02) (prog-if 00 [UHCI])
	Subsystem: Foxconn International, Inc. Unknown device 0c7a
	Control: I/O+ Mem- BusMaster+ SpecCycle- MemWINV- VGASnoop- ParErr- Stepping- SERR- FastB2B-
	Status: Cap- 66MHz- UDF- FastB2B+ ParErr- DEVSEL=medium >TAbort- <TAbort- <MAbort- >SERR- <PERR-
	Latency: 0
	Interrupt: pin C routed to IRQ 17
	Region 4: I/O ports at e800 [size=32]
00:1d.7 USB Controller: Intel Corporation 82801H (ICH8 Family) USB2 EHCI #1 (rev 02) (prog-if 20 [EHCI])
	Subsystem: Foxconn International, Inc. Unknown device 0c7a
	Control: I/O- Mem+ BusMaster+ SpecCycle- MemWINV- VGASnoop- ParErr- Stepping- SERR- FastB2B-
	Status: Cap+ 66MHz- UDF- FastB2B+ ParErr- DEVSEL=medium >TAbort- <TAbort- <MAbort- >SERR- <PERR-
	Latency: 0
	Interrupt: pin A routed to IRQ 21
	Region 0: Memory at fdffe000 (32-bit, non-prefetchable) [size=1K]
	Capabilities: [50] Power Management version 2
		Flags: PMEClk- DSI- D1- D2- AuxCurrent=375mA PME(D0+,D1-,D2-,D3hot+,D3cold+)
		Status: D0 PME-Enable- DSel=0 DScale=0 PME-
00:1e.0 PCI bridge: Intel Corporation 82801 PCI Bridge (rev f2) (prog-if 01 [Subtractive decode])
	Control: I/O+ Mem+ BusMaster+ SpecCycle- MemWINV- VGASnoop- ParErr- Stepping- SERR- FastB2B-
	Status: Cap+ 66MHz- UDF- FastB2B- ParErr- DEVSEL=fast >TAbort- <TAbort- <MAbort- >SERR- <PERR-
	Latency: 0
	Bus: primary=00, secondary=05, subordinate=05, sec-latency=32
	I/O behind bridge: 00008000-00008fff
	Memory behind bridge: f9000000-fcffffff
	Prefetchable memory behind bridge: 00000000fd700000-00000000fd7fffff
	Secondary status: 66MHz- FastB2B+ ParErr- DEVSEL=medium >TAbort- <TAbort- <MAbort+ <SERR- <PERR-
	BridgeCtl: Parity- SERR- NoISA+ VGA- MAbort- >Reset- FastB2B-
	Capabilities: [50] Subsystem: Intel Corporation 82801 PCI Bridge
00:1f.0 ISA bridge: Intel Corporation 82801HB/HR (ICH8/R) LPC Interface Controller (rev 02)
	Subsystem: Intel Corporation 82801HB/HR (ICH8/R) LPC Interface Controller
	Control: I/O+ Mem+ BusMaster+ SpecCycle- MemWINV- VGASnoop- ParErr- Stepping- SERR+ FastB2B-
	Status: Cap+ 66MHz- UDF- FastB2B- ParErr- DEVSEL=medium >TAbort- <TAbort- <MAbort- >SERR- <PERR-
	Latency: 0
	Capabilities: [e0] Vendor Specific Information
00:1f.2 IDE interface: Intel Corporation 82801H (ICH8 Family) 4 port SATA IDE Controller (rev 02) (prog-if 8f [Master SecP SecO PriP PriO])
	Subsystem: Foxconn International, Inc. Unknown device 0c7a
	Control: I/O+ Mem+ BusMaster+ SpecCycle- MemWINV- VGASnoop- ParErr- Stepping- SERR- FastB2B-
	Status: Cap+ 66MHz+ UDF- FastB2B+ ParErr- DEVSEL=medium >TAbort- <TAbort- <MAbort- >SERR- <PERR-
	Latency: 0
	Interrupt: pin B routed to IRQ 19
	Region 0: I/O ports at e400 [size=8]
	Region 1: I/O ports at e000 [size=4]
	Region 2: I/O ports at dc00 [size=8]
	Region 3: I/O ports at d800 [size=4]
	Region 4: I/O ports at d400 [size=16]
	Region 5: I/O ports at d000 [size=16]
	Capabilities: [70] Power Management version 3
		Flags: PMEClk- DSI- D1- D2- AuxCurrent=0mA PME(D0-,D1-,D2-,D3hot+,D3cold-)
		Status: D0 PME-Enable- DSel=0 DScale=0 PME-
00:1f.3 SMBus: Intel Corporation 82801H (ICH8 Family) SMBus Controller (rev 02)
	Subsystem: Foxconn International, Inc. Unknown device 0c7a
	Control: I/O+ Mem+ BusMaster- SpecCycle- MemWINV- VGASnoop- ParErr- Stepping- SERR- FastB2B-
	Status: Cap- 66MHz- UDF- FastB2B+ ParErr- DEVSEL=medium >TAbort- <TAbort- <MAbort- >SERR- <PERR-
	Interrupt: pin D routed to IRQ 18
	Region 0: Memory at fdffd000 (32-bit, non-prefetchable) [size=256]
	Region 4: I/O ports at 0500 [size=32]
00:1f.5 IDE interface: Intel Corporation 82801H (ICH8 Family) 2 port SATA IDE Controller (rev 02) (prog-if 85 [Master SecO PriO])
	Subsystem: Foxconn International, Inc. Unknown device 0c7a
	Control: I/O+ Mem- BusMaster+ SpecCycle- MemWINV- VGASnoop- ParErr- Stepping- SERR- FastB2B-
	Status: Cap+ 66MHz+ UDF- FastB2B+ ParErr- DEVSEL=medium >TAbort- <TAbort- <MAbort- >SERR- <PERR-
	Latency: 0
	Interrupt: pin B routed to IRQ 19
	Region 0: I/O ports at c800 [size=8]
	Region 1: I/O ports at c400 [size=4]
	Region 2: I/O ports at c000 [size=8]
	Region 3: I/O ports at bc00 [size=4]
	Region 4: I/O ports at b800 [size=16]
	Region 5: I/O ports at b400 [size=16]
	Capabilities: [70] Power Management version 3
		Flags: PMEClk- DSI- D1- D2- AuxCurrent=0mA PME(D0-,D1-,D2-,D3hot+,D3cold-)
		Status: D0 PME-Enable- DSel=0 DScale=0 PME-
00:1f.6 Signal processing controller: Intel Corporation 82801H (ICH8 Family) Thermal Reporting Device
	Subsystem: Foxconn International, Inc. Unknown device 0c7a
	Control: I/O- Mem+ BusMaster- SpecCycle- MemWINV- VGASnoop- ParErr- Stepping- SERR- FastB2B-
	Status: Cap+ 66MHz- UDF- FastB2B- ParErr- DEVSEL=fast >TAbort- <TAbort- <MAbort- >SERR- <PERR-
	Region 0: Memory at fdffc000 (64-bit, non-prefetchable) [size=4K]
	Capabilities: [50] Power Management version 2
		Flags: PMEClk- DSI+ D1- D2- AuxCurrent=0mA PME(D0-,D1-,D2-,D3hot-,D3cold-)
		Status: D0 PME-Enable- DSel=0 DScale=0 PME-
03:00.0 IDE interface: JMicron Technologies, Inc. JMB361 AHCI/IDE (rev 02) (prog-if 01 [PriO])
	Subsystem: Foxconn International, Inc. Unknown device 0c7a
	Control: I/O+ Mem+ BusMaster+ SpecCycle- MemWINV- VGASnoop- ParErr- Stepping- SERR- FastB2B-
	Status: Cap+ 66MHz- UDF- FastB2B- ParErr- DEVSEL=fast >TAbort- <TAbort- <MAbort- >SERR- <PERR-
	Latency: 0, Cache Line Size: 64 bytes
	Interrupt: pin A routed to IRQ 11
	Region 5: Memory at fdcfe000 (32-bit, non-prefetchable) [size=8K]
	[virtual] Expansion ROM at fdb00000 [disabled] [size=64K]
	Capabilities: [68] Power Management version 2
		Flags: PMEClk- DSI- D1- D2- AuxCurrent=0mA PME(D0-,D1-,D2-,D3hot+,D3cold-)
		Status: D0 PME-Enable- DSel=0 DScale=0 PME-
	Capabilities: [50] Express Legacy Endpoint IRQ 1
		Device: Supported: MaxPayload 128 bytes, PhantFunc 0, ExtTag-
		Device: Latency L0s <64ns, L1 <1us
		Device: AtnBtn- AtnInd- PwrInd-
		Device: Errors: Correctable- Non-Fatal- Fatal- Unsupported-
		Device: RlxdOrd- ExtTag- PhantFunc- AuxPwr- NoSnoop-
		Device: MaxPayload 128 bytes, MaxReadReq 512 bytes
		Link: Supported Speed 2.5Gb/s, Width x1, ASPM L0s, Port 1
		Link: Latency L0s unlimited, L1 unlimited
		Link: ASPM Disabled RCB 64 bytes CommClk- ExtSynch-
		Link: Speed 2.5Gb/s, Width x1
03:00.1 IDE interface: JMicron Technologies, Inc. JMB361 AHCI/IDE (rev 02) (prog-if 85 [Master SecO PriO])
	Subsystem: Foxconn International, Inc. Unknown device 0c7a
	Control: I/O- Mem- BusMaster- SpecCycle- MemWINV- VGASnoop- ParErr- Stepping- SERR- FastB2B-
	Status: Cap+ 66MHz- UDF- FastB2B- ParErr- DEVSEL=fast >TAbort- <TAbort- <MAbort- >SERR- <PERR-
	Interrupt: pin B routed to IRQ 0
	Region 0: I/O ports at ac00 [disabled] [size=8]
	Region 1: I/O ports at a800 [disabled] [size=4]
	Region 2: I/O ports at a400 [disabled] [size=8]
	Region 3: I/O ports at a000 [disabled] [size=4]
	Region 4: I/O ports at 9c00 [disabled] [size=16]
	Capabilities: [68] Power Management version 2
		Flags: PMEClk- DSI- D1- D2- AuxCurrent=0mA PME(D0-,D1-,D2-,D3hot-,D3cold-)
		Status: D0 PME-Enable- DSel=0 DScale=0 PME-
04:00.0 Ethernet controller: Marvell Technology Group Ltd. Unknown device 4364 (rev 12)
	Subsystem: Foxconn International, Inc. Unknown device 0c7a
	Control: I/O+ Mem+ BusMaster+ SpecCycle- MemWINV- VGASnoop- ParErr- Stepping- SERR- FastB2B-
	Status: Cap+ 66MHz- UDF- FastB2B- ParErr- DEVSEL=fast >TAbort- <TAbort- <MAbort- >SERR- <PERR-
	Latency: 0, Cache Line Size: 64 bytes
	Interrupt: pin A routed to IRQ 18
	Region 0: Memory at fdafc000 (64-bit, non-prefetchable) [size=16K]
	Region 2: I/O ports at 7c00 [size=256]
	[virtual] Expansion ROM at fd900000 [disabled] [size=128K]
	Capabilities: [48] Power Management version 3
		Flags: PMEClk- DSI- D1+ D2+ AuxCurrent=0mA PME(D0+,D1+,D2+,D3hot+,D3cold+)
		Status: D0 PME-Enable- DSel=0 DScale=1 PME-
	Capabilities: [50] Vital Product Data
	Capabilities: [5c] Message Signalled Interrupts: Mask- 64bit+ Queue=0/0 Enable-
		Address: 0000000000000000  Data: 0000
	Capabilities: [e0] Express Legacy Endpoint IRQ 0
		Device: Supported: MaxPayload 128 bytes, PhantFunc 0, ExtTag-
		Device: Latency L0s unlimited, L1 unlimited
		Device: AtnBtn- AtnInd- PwrInd-
		Device: Errors: Correctable- Non-Fatal- Fatal- Unsupported-
		Device: RlxdOrd- ExtTag- PhantFunc- AuxPwr- NoSnoop-
		Device: MaxPayload 128 bytes, MaxReadReq 512 bytes
		Link: Supported Speed 2.5Gb/s, Width x1, ASPM L0s L1, Port 0
		Link: Latency L0s <256ns, L1 unlimited
		Link: ASPM Disabled RCB 128 bytes CommClk- ExtSynch-
		Link: Speed 2.5Gb/s, Width x1
	Capabilities: [100] Advanced Error Reporting
05:02.0 Multimedia video controller: Conexant CX23880/1/2/3 PCI Video and Audio Decoder (rev 05)
	Subsystem: Hauppauge computer works Inc. Unknown device 9002
	Control: I/O- Mem+ BusMaster+ SpecCycle- MemWINV- VGASnoop- ParErr- Stepping- SERR- FastB2B-
	Status: Cap+ 66MHz- UDF- FastB2B+ ParErr- DEVSEL=medium >TAbort- <TAbort- <MAbort- >SERR- <PERR-
	Latency: 20 (5000ns min, 13750ns max), Cache Line Size: 64 bytes
	Interrupt: pin A routed to IRQ 19
	Region 0: Memory at f9000000 (32-bit, non-prefetchable) [size=16M]
	Capabilities: [44] Vital Product Data
	Capabilities: [4c] Power Management version 2
		Flags: PMEClk- DSI+ D1- D2- AuxCurrent=0mA PME(D0-,D1-,D2-,D3hot-,D3cold-)
		Status: D0 PME-Enable- DSel=0 DScale=0 PME-
05:02.2 Multimedia controller: Conexant CX23880/1/2/3 PCI Video and Audio Decoder [MPEG Port] (rev 05)
	Subsystem: Hauppauge computer works Inc. Nova-T DVB-T Model 909
	Control: I/O- Mem+ BusMaster+ SpecCycle- MemWINV- VGASnoop- ParErr- Stepping- SERR- FastB2B-
	Status: Cap+ 66MHz- UDF- FastB2B+ ParErr- DEVSEL=medium >TAbort- <TAbort- <MAbort- >SERR- <PERR-
	Latency: 64 (1500ns min, 22000ns max), Cache Line Size: 64 bytes
	Interrupt: pin A routed to IRQ 19
	Region 0: Memory at fb000000 (32-bit, non-prefetchable) [size=16M]
	Capabilities: [4c] Power Management version 2
		Flags: PMEClk- DSI+ D1- D2- AuxCurrent=0mA PME(D0-,D1-,D2-,D3hot-,D3cold-)
		Status: D0 PME-Enable- DSel=0 DScale=0 PME-
05:02.4 Multimedia controller: Conexant CX23880/1/2/3 PCI Video and Audio Decoder [IR Port] (rev 05)
	Subsystem: Hauppauge computer works Inc. Nova-T DVB-T Model 909
	Control: I/O- Mem+ BusMaster+ SpecCycle- MemWINV- VGASnoop- ParErr- Stepping- SERR- FastB2B-
	Status: Cap+ 66MHz- UDF- FastB2B+ ParErr- DEVSEL=medium >TAbort- <TAbort- <MAbort- >SERR- <PERR-
	Latency: 6 (1500ns min, 63750ns max), Cache Line Size: 64 bytes
	Interrupt: pin A routed to IRQ 15
	Region 0: Memory at fa000000 (32-bit, non-prefetchable) [size=16M]
	Capabilities: [4c] Power Management version 2
		Flags: PMEClk- DSI+ D1- D2- AuxCurrent=0mA PME(D0-,D1-,D2-,D3hot-,D3cold-)
		Status: D0 PME-Enable- DSel=0 DScale=0 PME-
05:03.0 Network controller: RaLink RT2561/RT61 802.11g PCI
	Subsystem: Belkin Unknown device 700e
	Control: I/O- Mem+ BusMaster+ SpecCycle- MemWINV- VGASnoop- ParErr- Stepping- SERR- FastB2B-
	Status: Cap+ 66MHz- UDF- FastB2B- ParErr- DEVSEL=slow >TAbort- <TAbort- <MAbort- >SERR- <PERR-
	Latency: 0, Cache Line Size: 64 bytes
	Interrupt: pin A routed to IRQ 11
	Region 0: Memory at fcff0000 (32-bit, non-prefetchable) [size=32K]
	Capabilities: [40] Power Management version 2
		Flags: PMEClk- DSI- D1- D2- AuxCurrent=0mA PME(D0-,D1-,D2-,D3hot-,D3cold-)
		Status: D0 PME-Enable- DSel=0 DScale=0 PME-