Date: Fri, 28 Jul 2000 13:38:02 EDT
From: "Andy Turk" <>
Subject: Re: kernel panic in linux-2.4.0-test5
Sender: linux-kernel-owner@vger.kernel.org
Precedence: bulk
List-ID: <linux-kernel.vger.kernel.org>
X-Mailing-List: linux-kernel@vger.kernel.org
X-Lkml-Link: https://lkml.org/lkml/2000/7/28/215

Tigran Aivazian <tigran@veritas.com> wrote:
>Can you connect the machine to serial port and capture the entire
>bootlog and then send it here?
Here's the interesting portion of /var/log/messages from a panic'd boot:
Jul 27 22:42:03 desmo syslogd 1.3-3: restart.
Jul 27 22:42:03 desmo syslog: syslogd startup succeeded
Jul 27 22:42:03 desmo kernel: klogd 1.3-3, log source = /proc/kmsg started.
Jul 27 22:42:03 desmo kernel: Inspecting /boot/System.map-2.4.0-test5
Jul 27 22:42:03 desmo syslog: klogd startup succeeded
Jul 27 22:42:04 desmo kernel: Loaded 14565 symbols from 
/boot/System.map-2.4.0-test5.
Jul 27 22:42:04 desmo kernel: Symbols match kernel version 2.4.0.
Jul 27 22:42:04 desmo kernel: No module symbols loaded.
Jul 27 22:42:04 desmo kernel: Linux version 2.4.0-test5 
(root@desmo.lee-turk.com) (gcc version egcs-2.91.66 19990314/Linux 
(egcs-1.1.2 release)) #4 Thu Jul 27 22:37:02 PDT 2000
Jul 27 22:42:04 desmo kernel: BIOS-provided physical RAM map:
Jul 27 22:42:04 desmo kernel:  e820: 000000000009fc00 @ 0000000000000000 
(usable)
Jul 27 22:42:04 desmo kernel:  e820: 0000000000000400 @ 000000000009fc00 
(reserved)
Jul 27 22:42:04 desmo kernel:  e820: 0000000000010000 @ 00000000000f0000 
(reserved)
Jul 27 22:42:04 desmo kernel:  e820: 000000000fef0000 @ 0000000000100000 
(usable)
Jul 27 22:42:04 desmo kernel:  e820: 0000000000008000 @ 000000000fff0000 
(ACPI data)
Jul 27 22:42:04 desmo kernel:  e820: 0000000000008000 @ 000000000fff8000 
(ACPI NVS)
Jul 27 22:42:04 desmo kernel:  e820: 0000000000010000 @ 00000000ffff0000 
(reserved)
Jul 27 22:42:04 desmo kernel: On node 0 totalpages: 65536
Jul 27 22:42:04 desmo kernel: zone(0): 4096 pages.
Jul 27 22:42:04 desmo kernel: zone(1): 61440 pages.
Jul 27 22:42:04 desmo kernel: zone(2): 0 pages.
Jul 27 22:42:04 desmo kernel: Kernel command line: BOOT_IMAGE=linux2.4 ro 
root=808 mem=256M
Jul 27 22:42:04 desmo kernel: Initializing CPU#0
Jul 27 22:42:04 desmo kernel: Detected 499032229 Hz processor.
Jul 27 22:42:04 desmo kernel: Console: colour VGA+ 80x25
Jul 27 22:42:04 desmo kernel: Calibrating delay loop... 996.15 BogoMIPS
Jul 27 22:42:04 desmo kernel: Memory: 255528k/262144k available (1594k 
kernel code, 6228k reserved, 101k data, 208k init, 0k highmem)
Jul 27 22:42:04 desmo kernel: Dentry-cache hash table entries: 32768 (order: 
6, 262144 bytes)
Jul 27 22:42:04 desmo kernel: Buffer-cache hash table entries: 16384 (order: 
4, 65536 bytes)
Jul 27 22:42:04 desmo kernel: Page-cache hash table entries: 65536 (order: 
6, 262144 bytes)
Jul 27 22:42:04 desmo kernel: Inode-cache hash table entries: 16384 (order: 
5, 131072 bytes)
Jul 27 22:42:04 desmo kernel: CPU: L1 I Cache: 64K  L1 D Cache: 64K (64 
bytes/line)
Jul 27 22:42:04 desmo kernel: CPU: L2 Cache: 512K
Jul 27 22:42:04 desmo kernel: CPU: AMD-K7(tm) Processor stepping 02
Jul 27 22:42:04 desmo kernel: Checking 386/387 coupling... OK, FPU using 
exception 16 error reporting.
Jul 27 22:42:04 desmo kernel: Checking 'hlt' instruction... OK.
Jul 27 22:42:04 desmo kernel: POSIX conformance testing by UNIFIX
Jul 27 22:42:04 desmo kernel: PCI: PCI BIOS revision 2.10 entry at 0xfdb01, 
last bus=1
Jul 27 22:42:04 desmo kernel: PCI: Using configuration type 1
Jul 27 22:42:04 desmo kernel: PCI: Probing PCI hardware
Jul 27 22:42:04 desmo kernel: PCI: Using IRQ router VIA [1106/0586] at 
00:07.0
Jul 27 22:42:04 desmo kernel: isapnp: Scanning for Pnp cards...
Jul 27 22:42:04 desmo kernel: isapnp: No Plug & Play device found
Jul 27 22:42:04 desmo kernel: Linux NET4.0 for Linux 2.3
Jul 27 22:42:04 desmo kernel: Based upon Swansea University Computer Society 
NET3.039
Jul 27 22:42:04 desmo kernel: NET4: Unix domain sockets 1.0/SMP for Linux 
NET4.0.
Jul 27 22:42:04 desmo kernel: NET4: Linux TCP/IP 1.0 for NET4.0
Jul 27 22:42:04 desmo kernel: IP Protocols: ICMP, UDP, TCP
Jul 27 22:42:04 desmo kernel: IP: routing cache hash table of 2048 buckets, 
16Kbytes
Jul 27 22:42:04 desmo kernel: TCP: Hash tables configured (established 16384 
bind 16384)
Jul 27 22:42:04 desmo kernel: ACPI: "AMI" found at 0x000fb0d0
Jul 27 22:42:04 desmo kernel: ACPI: found platform errata 0x00000030
Jul 27 22:42:04 desmo kernel: ACPI: unreserved table memory @ 0x0fff00b0!
Jul 27 22:42:04 desmo kernel: Starting kswapd v1.7
Jul 27 22:42:04 desmo kernel: pty: 256 Unix98 ptys configured
Jul 27 22:42:04 desmo kernel: Uniform Multi-Platform E-IDE driver Revision: 
6.31
Jul 27 22:42:04 desmo kernel: ide: Assuming 33MHz system bus speed for PIO 
modes; override with idebus=xx
Jul 27 22:42:04 desmo kernel: VP_IDE: IDE controller on PCI bus 00 dev 39
Jul 27 22:42:04 desmo kernel: VP_IDE: chipset revision 6
Jul 27 22:42:04 desmo kernel: VP_IDE: not 100% native mode: will probe irqs 
later
Jul 27 22:42:04 desmo kernel: Floppy drive(s): fd0 is 1.44M
Jul 27 22:42:04 desmo kernel: FDC 0 is a post-1991 82077
Jul 27 22:42:04 desmo kernel: (scsi0) <Adaptec AHA-294X Ultra2 SCSI host 
adapter> found at PCI 0/3/0
Jul 27 22:42:04 desmo kernel: (scsi0) Wide Channel, SCSI ID=7, 32/255 SCBs
Jul 27 22:42:04 desmo kernel: (scsi0) Downloading sequencer code... 392 
instructions downloaded
Jul 27 22:42:04 desmo kernel: scsi0 : Adaptec AHA274x/284x/294x 
(EISA/VLB/PCI-Fast SCSI) 5.2.1/5.2.0
Jul 27 22:42:04 desmo kernel:        <Adaptec AHA-294X Ultra2 SCSI host 
adapter>
Jul 27 22:42:04 desmo kernel: scsi : 1 host.
Jul 27 22:42:04 desmo kernel: (scsi0:0:1:0) Synchronous at 80.0 Mbyte/sec, 
offset 31.
Jul 27 22:42:04 desmo kernel:   Vendor: IBM       Model: DNES-318350W      
Rev: SA30
Jul 27 22:42:04 desmo kernel:   Type:   Direct-Access                      
ANSI SCSI revision: 03
Jul 27 22:42:04 desmo kernel: Detected scsi disk sda at scsi0, channel 0, id 
1, lun 0
Jul 27 22:42:04 desmo kernel: (scsi0:0:4:0) Synchronous at 20.0 Mbyte/sec, 
offset 16.
Jul 27 22:42:04 desmo kernel:   Vendor: TOSHIBA   Model: CD-ROM XM-6401TA  
Rev: 1001
Jul 27 22:42:05 desmo kernel:   Type:   CD-ROM                             
ANSI SCSI revision: 02
Jul 27 22:42:05 desmo kernel: Detected scsi CD-ROM sr0 at scsi0, channel 0, 
id 4, lun 0
Jul 27 22:42:05 desmo kernel: (scsi0:0:6:0) Synchronous at 10.0 Mbyte/sec, 
offset 7.
Jul 27 22:42:05 desmo kernel:   Vendor: AIWA      Model: TD-8000           
Rev: 0137
Jul 27 22:42:05 desmo kernel:   Type:   Sequential-Access                  
ANSI SCSI revision: 02
Jul 27 22:42:05 desmo kernel: Detected scsi tape st0 at scsi0, channel 0, id 
6, lun 0
Jul 27 22:42:05 desmo kernel: scsi : detected 1 SCSI tape 1 SCSI cdrom 1 
SCSI disk total.
Jul 27 22:42:05 desmo kernel: st: bufsize 32768, wrt 30720, max init. 
buffers 4, s/g segs 16.
Jul 27 22:42:05 desmo kernel: Uniform CD-ROM driver Revision: 3.11
Jul 27 22:42:05 desmo kernel: SCSI device sda: hdwr sector= 512 bytes. 
Sectors= 35843670 [17501 MB] [17.5 GB]
Jul 27 22:42:05 desmo kernel: Partition check:
Jul 27 22:42:05 desmo kernel:  sda: sda1 sda2 < sda5 sda6 sda7 sda8 sda9 >
Jul 27 22:42:05 desmo kernel: Serial driver version 5.01 (2000-05-29) with 
MANY_PORTS SHARE_IRQ SERIAL_PCI ISAPNP enabled
Jul 27 22:42:05 desmo kernel: ttyS00 at 0x03f8 (irq = 4) is a 16550A
Jul 27 22:42:05 desmo kernel: eepro100.c:v1.09j-t 9/29/99 Donald Becker 
http://cesdis.gsfc.nasa.gov/linux/drivers/eepro100.html
Jul 27 22:42:05 desmo kernel: eepro100.c: $Revision: 1.33 $ 2000/05/24 
Modified by Andrey V. Savochkin <saw@saw.sw.com.sg> and others
Jul 27 22:42:05 desmo kernel: eth0: Intel Corporation 82557 [Ethernet Pro 
100], 00:D0:B7:21:2C:BF, IRQ 11.
Jul 27 22:42:05 desmo kernel:   Receiver lock-up bug exists -- enabling 
work-around.
Jul 27 22:42:05 desmo kernel:   Board assembly 721383-008, Physical 
connectors present: RJ45
Jul 27 22:42:05 desmo kernel:   Primary interface chip i82555 PHY #1.
Jul 27 22:42:05 desmo kernel:   General self-test: passed.
Jul 27 22:42:05 desmo kernel:   Serial sub-system self-test: passed.
Jul 27 22:42:05 desmo kernel:   Internal registers self-test: passed.
Jul 27 22:42:05 desmo kernel:   ROM checksum self-test: passed (0x04f4518b).
Jul 27 22:42:05 desmo kernel: [drm] Initialized tdfx 1.0.0 20000719 on minor 
63
Jul 27 22:42:05 desmo kernel: Linux PCMCIA Card Services 3.1.11
Jul 27 22:42:05 desmo kernel:   options:  [pci] [cardbus] [pm]
Jul 27 22:42:05 desmo kernel: kmem_create: Forcing size word alignment - 
nfs_fh
Jul 27 22:42:05 desmo kernel: ds: no socket drivers loaded!
Jul 27 22:42:05 desmo kernel: VFS: Mounted root (ext2 filesystem) readonly.
Jul 27 22:42:05 desmo kernel: Freeing unused kernel memory: 208k freed
Jul 27 22:42:05 desmo kernel: Adding Swap: 1108444k swap-space (priority -1)
Jul 27 22:42:05 desmo identd: identd startup succeeded
Jul 27 22:42:08 desmo smb: smbd startup succeeded
Jul 27 22:42:08 desmo smb: nmbd startup succeeded
Jul 27 22:42:14 desmo atd: atd startup succeeded
Jul 27 22:42:16 desmo crond: crond startup succeeded
Jul 27 22:42:22 desmo inet: inetd startup succeeded
Jul 27 22:42:22 desmo inetd[459]: auth/tcp: bind: Address already in use
Jul 27 22:42:27 desmo lpd: lpd startup succeeded
Jul 27 22:42:28 desmo keytable: Loading keymap: Loading system font:
Jul 27 22:42:28 desmo rc: Starting keytable succeeded
Jul 27 22:42:31 desmo sendmail: sendmail startup succeeded
Jul 27 22:42:32 desmo gpm: gpm startup succeeded
Jul 27 22:42:44 desmo httpd: [Thu Jul 27 22:42:44 2000] [warn] Loaded DSO 
modules/libphp3.so uses plain Apache 1.3 API, this module might crash under 
EAPI! (please recompile it with -DEAPI)
Jul 27 22:42:45 desmo kernel: Kernel panic: Attempting to free lock on 
active lock list
________________________________________________________________________
Get Your Private, Free E-mail from MSN Hotmail at 
http://www.hotmail.com
-
To unsubscribe from this list: send the line "unsubscribe linux-kernel" in
the body of a message to majordomo@vger.rutgers.edu
Please read the FAQ at 
http://www.tux.org/lkml/