Date: Wed, 03 Sep 2003 10:50:30 -0500
From: watermodem <>
Subject: 2.6.0-test4
Sender: linux-kernel-owner@vger.kernel.org
Precedence: bulk
List-ID: <linux-kernel.vger.kernel.org>
X-Mailing-List: linux-kernel@vger.kernel.org
X-Lkml-Link: https://lkml.org/lkml/2003/9/3/186

Error report from this version.
  .config  not attached as it made post too large for vger
  earlier post was a follow up to this one.
  dmesg attached
  pieces of logs attached
OS variant Mandrake 9.2 rc2
Kernel: 2.6.0-test4
Lots of problems with this kernel starting up, however, with manual 
intervention along the boot process I can make it come up with fair 
functionality.
1) The only way I could get console on boot was to have this config in 
lilo.conf and boot to single user mode (-s)
    image=/boot/vmlinuz
         label="new_linux"
         root=/dev/hdb1
         initrd=/boot/initrd.img
         append="devfs=mount video=rivafb:1024x768-24@100"
         read-only
2) Next problem is modules some auto load with existing scripts but most 
don't.  (With this compile attempt almost everything was built in and 
not modules so you don't see any modules loaded at single user boot) The 
worst offenders are the NLS modules.
I manually went down the list of all modules compiled and loaded them 1 
by 1 with insmod.
3) At this point I do a mount -a and can now mount the NTFS and VFAT 
modules.  So I walk the the init ladder 1,2,3,4,5 and have a somewhat 
functional X environment.
4) Problems include:
    The USB and CUPs problem that I see the USB tree under 
"/sys/bus/usb" where-as under /proc/bus/usb I see nothing.
This may break a lot of existing code such as CUPS Is is suppose to be 
this way? This means USB printer is not seen by the environment but seen 
on boot.
    request_module: failed /sbin/modprobe -- snd-card-0. error = -16
      (Is this related to XINE's sound not working but just ALSA sound 
card or just OSS sound from TV working?)  BTW in 2.4.x everything works.
    videodev: "BT878(Pinnacle PCTV Studio/Ra)" has no release callback. 
Please fix your driver for proper sysfs support, see 
http://lwn.net/Articles/36850/
    videodev: "bt848/878 vbi" has no release callback. Please fix your 
driver for proper sysfs support, see 
http://lwn.net/Articles/36850/
    process `named' is using obsolete setsockopt SO_BSDCOMPAT
    nmbd[2950]:   find_response_record: response packet id 25574 
received with no matching record.
    nmbd[2950]:   find_response_record: response packet id 25575 
received with no matching record.
    FAT: codepage cp850 not found
    JAVA
    java_binfmt: /etc/rc4.d/S83java_binfmt: line 13: 
/proc/sys/fs/binfmt_misc/register: No such file or directory
    java_binfmt: /etc/rc4.d/S83java_binfmt: line 14: 
/proc/sys/fs/binfmt_misc/register: No such file or directory
    java_binfmt: /etc/rc4.d/S83java_binfmt: line 15: 
/proc/sys/fs/binfmt_misc/register: No such file or directory
Sep  2 22:51:16 dali rc: Starting java_binfmt:  failed
    Going to init level 5 I got a bunch of strange errors...
    I am wondering if something got called when it should not have been 
(maybe another xinitd typ process) as I see:
modprobe: FATAL: Module /dev/beep not found.
rc: Starting java_binfmt:  failed
modprobe: FATAL: Module /dev/aload* not found.
Module /dev/sndstat not found etc...
    Some of this may just be that I compiled lots of stuff non-modular 
to get around most of the module loading problems and the Mandrake 
scripts are expecting those particular modules.
    Back to the printer... I see
    ...
    modprobe: FATAL: Module /dev/ptal_mlcd not found
    modprobe: FATAL: Module /dev/ptal_printd not found.
    ptal-mlcd: SYSLOG at ExMgr.cpp:652, dev=<mlc:usb:PHOTOSMART_P1000>, 
pid=5656, e=2, t=1062565032         ptal-mlcd successfully initialized.
    ptal-printd: ptal-printd(mlc:usb:PHOTOSMART_P1000) successfully 
initialized using /var/run/ptal-printd/mlc_usb_PHOTOSMART_P1000*.
Sep  2 23:57:12 dali ptal-photod: ptal-photod(mlc:usb:PHOTOSMART_P1000) 
successfully initialized, listening on port 5703.
    But it doesn't...
    A restart on CUPS gets:
Stopping CUPS printing system:                                  [  OK  ]
Starting CUPS printing system:
ptal-mlcd: ERROR at ExMgr.cpp:4058, 
dev=<mlc:usb:PHOTOSMART_P1000@/dev/usb/lp0>, pid=6502, e=20, t=1062569016
libusbFindDevice: Couldn't find device!
Sep  2 22:47:56 dali kernel: FAT: codepage cp850 not found
Sep  2 22:47:56 dali kernel: FAT: codepage cp850 not found
Sep  2 22:47:56 dali kernel: nls_big5: Unknown parameter `nls_cp1250.ko'
Sep  2 22:47:56 dali kernel: NTFS-fs warning (device hda1): parse_options(): Option iocharset is deprecated. Please use option nls=<charsetname> in the future.
Sep  2 22:47:56 dali kernel: e100: eth0 NIC Link is Up 100 Mbps Full duplex
Sep  2 22:47:56 dali kernel: Linux version 2.6.0-test4 (root@dali.aqua.com) (gcc version 3.3.1 (Mandrake Linux 9.2 3.3.1-0.7mdk)) #2 Tue Sep 2 19:55:57 CDT 2003
Sep  2 22:47:56 dali kernel: Video mode to be used for restore is f00
Sep  2 22:47:56 dali kernel:  BIOS-e820: 0000000000000000 - 00000000000a0000 (usable)
Sep  2 22:47:56 dali kernel:  BIOS-e820: 00000000000f0000 - 0000000000100000 (reserved)
Sep  2 22:47:56 dali kernel:  BIOS-e820: 0000000000100000 - 0000000037ff0000 (usable)
Sep  2 22:47:56 dali kernel:  BIOS-e820: 0000000037ff0000 - 0000000037ff3000 (ACPI NVS)
Sep  2 22:47:56 dali kernel:  BIOS-e820: 0000000037ff3000 - 0000000038000000 (ACPI data)
Sep  2 22:47:56 dali kernel:  BIOS-e820: 00000000ffff0000 - 0000000100000000 (reserved)
Sep  2 22:47:56 dali kernel: On node 0 totalpages: 229360
Sep  2 22:47:56 dali kernel:   DMA zone: 4096 pages, LIFO batch:1
Sep  2 22:47:56 dali kernel:   Normal zone: 225264 pages, LIFO batch:16
Sep  2 22:47:56 dali kernel:   HighMem zone: 0 pages, LIFO batch:1
Sep  2 22:47:56 dali kernel: ACPI: MADT not present
Sep  2 22:47:56 dali kernel: Building zonelist for node : 0
Sep  2 22:47:56 dali kernel: Kernel command line: BOOT_IMAGE=new_linux ro root=341 devfs=mount video=rivafb:1024x768-24@100 -s
Sep  2 22:47:56 dali kernel: Local APIC disabled by BIOS -- reenabling.
Sep  2 22:47:56 dali kernel: Found and enabled local APIC!
Sep  2 22:47:56 dali kernel: PID hash table entries: 4096 (order 12: 32768 bytes)
Sep  2 22:47:56 dali kernel: Detected 997.828 MHz processor.
Sep  2 22:47:56 dali kernel: Console: colour VGA+ 80x25
Sep  2 22:47:56 dali kernel: Calibrating delay loop... 1970.17 BogoMIPS
Sep  2 22:47:56 dali kernel: Inode-cache hash table entries: 65536 (order: 6, 262144 bytes)
Sep  2 22:47:56 dali kernel: Mount-cache hash table entries: 512 (order: 0, 4096 bytes)
Sep  2 22:47:56 dali kernel: CPU: Intel Pentium III (Coppermine) stepping 0a
Sep  2 22:47:56 dali kernel: POSIX conformance testing by UNIFIX
Sep  2 22:47:56 dali kernel: enabled ExtINT on CPU#0
Sep  2 22:47:56 dali kernel: ESR value before enabling vector: 00000000
Sep  2 22:47:56 dali kernel: ESR value after enabling vector: 00000000
Sep  2 22:47:56 dali kernel: Using local APIC timer interrupts.
Sep  2 22:47:56 dali kernel: calibrating APIC timer ...
Sep  2 22:47:56 dali kernel: ..... CPU clock speed is 997.0327 MHz.
Sep  2 22:47:56 dali kernel: ..... host bus clock speed is 132.0976 MHz.
Sep  2 22:47:56 dali kernel: Initializing RT netlink socket
Sep  2 22:47:56 dali kernel: BIO: pool of 256 setup, 14Kb (56 bytes/bio)
Sep  2 22:47:56 dali kernel: biovec pool[0]:   1 bvecs: 256 entries (12 bytes)
Sep  2 22:47:56 dali kernel: biovec pool[1]:   4 bvecs: 256 entries (48 bytes)
Sep  2 22:47:56 dali kernel: biovec pool[2]:  16 bvecs: 256 entries (192 bytes)
Sep  2 22:47:56 dali kernel: biovec pool[3]:  64 bvecs: 256 entries (768 bytes)
Sep  2 22:47:56 dali kernel: biovec pool[4]: 128 bvecs: 256 entries (1536 bytes)
Sep  2 22:47:56 dali kernel: biovec pool[5]: 256 bvecs: 256 entries (3072 bytes)
Sep  2 22:47:56 dali kernel: PCI: Probing PCI hardware (bus 00)
Sep  2 22:47:56 dali kernel: ACPI: PCI Interrupt Link [LNKA] (IRQs 1 3 4 5 6 7 10 *11 12 14 15)
Sep  2 22:47:56 dali kernel: ACPI: PCI Interrupt Link [LNKB] (IRQs 1 3 4 5 6 7 10 11 *12 14 15)
Sep  2 22:47:56 dali kernel: ACPI: PCI Interrupt Link [LNKC] (IRQs 1 3 4 *5 6 7 10 11 12 14 15)
Sep  2 22:47:56 dali kernel: ACPI: PCI Interrupt Link [LNKD] (IRQs 1 3 4 5 6 7 *10 11 12 14 15)
Sep  2 22:47:56 dali kernel: ACPI: PCI Interrupt Link [LNKD] enabled at IRQ 10
Sep  2 22:47:56 dali kernel: ACPI: PCI Interrupt Link [LNKB] enabled at IRQ 11
Sep  2 22:47:56 dali kernel: ACPI: PCI Interrupt Link [LNKC] enabled at IRQ 5
Sep  2 22:47:56 dali kernel: ACPI: PCI Interrupt Link [LNKA] enabled at IRQ 11
Sep  2 22:47:56 dali kernel: pty: 256 Unix98 ptys configured
Sep  2 22:47:56 dali kernel: ttyS0 at I/O 0x3f8 (irq = 4) is a 16550A
Sep  2 22:47:56 dali kernel: ttyS1 at I/O 0x2f8 (irq = 3) is a 16550A
Sep  2 22:47:56 dali kernel: Using anticipatory scheduling elevator
Sep  2 22:47:56 dali kernel: hda: WDC WD600BB-32BSA0, ATA DISK drive
Sep  2 22:47:56 dali kernel: hdb: WDC WD800BB-75CAA0, ATA DISK drive
Sep  2 22:47:56 dali kernel: ide0 at 0x1f0-0x1f7,0x3f6 on irq 14
Sep  2 22:47:56 dali kernel: hdc: SAMSUNG CD-R/RW SW-216B Q001 20010913, ATAPI CD/DVD-ROM drive
Sep  2 22:47:56 dali kernel: hdd: DVD-ROM DDU1621, ATAPI CD/DVD-ROM drive
Sep  2 22:47:56 dali kernel: ide1 at 0x170-0x177,0x376 on irq 15
Sep  2 22:47:56 dali kernel: hda: max request size: 128KiB
Sep  2 22:47:56 dali kernel: hdb: max request size: 128KiB
Sep  2 22:47:56 dali kernel: ^Icurrent capacity is 156250000 sectors (80000 MB)
Sep  2 22:47:56 dali kernel: ^Inative  capacity is 156301488 sectors (80026 MB)
Sep  2 22:47:56 dali kernel: hdc: ATAPI 32X CD-ROM CD-R/RW drive, 2048kB Cache, DMA
Sep  2 22:47:56 dali kernel: end_request: I/O error, dev hdd, sector 0
Sep  2 22:47:56 dali kernel: hdd: ATAPI 40X DVD-ROM drive, 512kB Cache, UDMA(33)
Sep  2 22:47:56 dali kernel: VFS: Mounted root (ext3 filesystem) readonly.
Sep  2 22:47:56 dali kernel: bttv0: using tuner=2
Sep  2 22:47:56 dali kernel: videodev: "BT878(Pinnacle PCTV Studio/Ra)" has no release callback. Please fix your driver for proper sysfs support, see 
http://lwn.net/Articles/36850/
Sep  2 22:47:56 dali kernel: videodev: "bt848/878 vbi" has no release callback. Please fix your driver for proper sysfs support, see 
http://lwn.net/Articles/36850/
Sep  2 22:47:56 dali kernel: btaudio: using card config "default"
Sep  2 22:47:56 dali kernel: tuner: chip found @ 0xc0
Sep  2 22:47:56 dali kernel: tuner: type set to 2 (Philips NTSC (FI1236,FM1236 and compatibles))
Sep  2 22:47:56 dali kernel: registering 0-0060
Sep  2 22:50:26 dali kernel: process `named' is using obsolete setsockopt SO_BSDCOMPAT
Sep  2 22:50:26 dali last message repeated 5 times
Sep  2 22:50:31 dali kernel: smbfs: Unrecognized mount option noexec
Sep  2 22:51:16 dali last message repeated 2 times