Date: Fri, 15 Jun 2001 04:33:22 +0200
From: Dieter NÃ¼tzel <>
Subject: Re: Linux 2.4.5-ac14
Sender: linux-kernel-owner@vger.kernel.org
Precedence: bulk
List-ID: <linux-kernel.vger.kernel.org>
X-Mailing-List: linux-kernel@vger.kernel.org
X-Lkml-Link: https://lkml.org/lkml/2001/6/14/197

Hello Alan,
I see 4.29 GB under shm with your latest try.
something wrong?
Regards,
	Dieter
SunWave1>cat /proc/meminfo
        total:    used:    free:  shared: buffers:  cached:
Mem:  327802880 322592768  5210112 4294184960  8417280 253640704
Swap: 1052794880 95768576 957026304
MemTotal:       320120 kB
MemFree:          5088 kB
MemShared:    4294966532 kB
Buffers:          8220 kB
Cached:         247696 kB
Active:         228008 kB
Inact_dirty:     24552 kB
Inact_clean:      2592 kB
Inact_target:      468 kB
HighTotal:           0 kB
HighFree:            0 kB
LowTotal:       320120 kB
LowFree:          5088 kB
SwapTotal:     1028120 kB
SwapFree:       934596 kB
-
To unsubscribe from this list: send the line "unsubscribe linux-kernel" in
the body of a message to majordomo@vger.kernel.org
More majordomo info at  
http://vger.kernel.org/majordomo-info.html
Please read the FAQ at  
http://www.tux.org/lkml/