Date: Tue, 21 Sep 1999 12:37:59 +0200
From: Lech Szychowski <>
Subject: Re: Linux 2.3.18ac7
Sender: linux-kernel-owner@vger.kernel.org
Precedence: bulk
List-ID: <linux-kernel.vger.kernel.org>
X-Mailing-List: linux-kernel@vger.kernel.org
X-Lkml-Link: https://lkml.org/lkml/1999/9/21/33

> 2.3.18ac7 seems to break Tulip card detection here, too.
> Replacing 0.91m with 0.89H (from plain 2.3.18) seems
> to fix the problem.
Ooops, I forgot to mention the hardware config: ASUS P2B-DS,
2xPII, 4-port 100BaseTX (21140).
While we are at it, (AFAIR since 2.3.16-pre1) I see strange messages
in my logs:
Sep 21 10:53:43 lech kernel: PCI: Address space collision on region 6 of device Matrox Millennium II 
I set MTRR up at boot, using
	echo "base=0xe0000000 size=0x800000 type=write-combining" > /proc/mtrr
	echo "base=0xe2000000 size=0x800000 type=write-combining" > /proc/mtrr
Values 0xe0000000 and 0xe2000000 come from my AccelX server output.
12:33 [lech(p3)$/home/lech7] cat /proc/mtrr 
reg00: base=0x00000000 (   0MB), size= 128MB: write-back, count=1
reg01: base=0xe0000000 (3584MB), size=   8MB: write-combining, count=1
reg02: base=0xe2000000 (3616MB), size=   8MB: write-combining, count=1
12:33 [lech(p3)$/home/lech7] cat /proc/iomem 
00000000-0009ffff : System RAM
000a0000-000bffff : Video RAM area
000c0000-000c7fff : Video ROM
000c8000-000cd7ff : Extension ROM
000d0000-000d27ff : Extension ROM
000f0000-000fffff : System ROM
00100000-07ffcfff : System RAM
  00100000-00272147 : Kernel code
  00272148-00295e63 : Kernel data
da800000-daffffff : Matrox Millennium II (#2)
db000000-db003fff : Matrox Millennium II (#2)
db800000-db80007f : DEC DC21140 (#4)
dc000000-dc00007f : DEC DC21140 (#3)
dc800000-dc80007f : DEC DC21140 (#2)
dd000000-dd00007f : DEC DC21140
dd800000-dd8000ff : NCR 53c810
de000000-de7fffff : Matrox Millennium II
de800000-de803fff : Matrox Millennium II
df000000-df000fff : Adaptec AIC-7890/1
dfff0000-dfffffff : Matrox Millennium II (#2)
e0000000-e0ffffff : Matrox Millennium II (#2)
e2000000-e2ffffff : Matrox Millennium II
e4000000-e7ffffff : Intel 440BX - 82443BX Host
12:34 [lech(p3)$/home/lech7] lspci -v
00:00.0 Host bridge: Intel Corporation 440BX - 82443BX Host (rev 02)
	Flags: bus master, medium devsel, latency 64
	Memory at e4000000 (32-bit, prefetchable)
00:01.0 PCI bridge: Intel Corporation 440BX - 82443BX AGP (rev 02)
	Flags: bus master, 66Mhz, medium devsel, latency 64
	Bus: primary=00, secondary=01, subordinate=01, sec-latency=64
	I/O behind bridge: 0000e000-0000dfff
	Memory behind bridge: dff00000-dfefffff
	Prefetchable memory behind bridge: e4000000-e3ffffff
00:04.0 ISA bridge: Intel Corporation 82371AB PIIX4 ISA (rev 02)
	Flags: bus master, medium devsel, latency 0
00:04.1 IDE interface: Intel Corporation 82371AB PIIX4 IDE (rev 01) (prog-if 80)
	Flags: medium devsel
	I/O ports at d800 [disabled]
00:04.2 USB Controller: Intel Corporation 82371AB PIIX4 USB (rev 01)
	Flags: bus master, medium devsel, latency 32, IRQ 19
	I/O ports at d400
00:04.3 Bridge: Intel Corporation 82371AB PIIX4 ACPI (rev 02)
	Flags: medium devsel
00:06.0 SCSI storage controller: Unknown device 9005:001f
	Subsystem: Unknown device 9005:000f
	Flags: bus master, medium devsel, latency 32, IRQ 19
	BIST result: 00
	I/O ports at d000
	Memory at df000000 (64-bit, non-prefetchable)
00:09.0 VGA compatible controller: Matrox Graphics, Inc. MGA 2164W [Millennium II]
	Subsystem: Unknown device 102b:1000
	Flags: bus master, medium devsel, latency 32, IRQ 19
	Memory at e2000000 (32-bit, prefetchable) [disabled]
	Memory at de800000 (32-bit, non-prefetchable) [disabled]
	Memory at de000000 (32-bit, non-prefetchable) [disabled]
00:0a.0 SCSI storage controller: Symbios Logic Inc. (formerly NCR) 53c810 (rev 12)
	Flags: bus master, medium devsel, latency 64, IRQ 18
	I/O ports at b800
	Memory at dd800000 (32-bit, non-prefetchable)
00:0b.0 PCI bridge: Digital Equipment Corporation DECchip 21152 (rev 03)
	Flags: bus master, medium devsel, latency 32
	Bus: primary=00, secondary=02, subordinate=02, sec-latency=32
	I/O behind bridge: 00009000-0000afff
	Memory behind bridge: db800000-dd7fffff
	Prefetchable memory behind bridge: 00000000e1e00000-00000000e1e00000
00:0c.0 VGA compatible controller: Matrox Graphics, Inc. MGA 2164W [Millennium II]
	Subsystem: Unknown device 102b:1000
	Flags: medium devsel, IRQ 16
	Memory at e0000000 (32-bit, prefetchable)
	Memory at db000000 (32-bit, non-prefetchable)
	Memory at da800000 (32-bit, non-prefetchable)
02:04.0 Ethernet controller: Digital Equipment Corporation DECchip 21140 [FasterNet] (rev 22)
	Subsystem: Unknown device 1109:2400
	Flags: bus master, medium devsel, latency 32, IRQ 17
	I/O ports at a800
	Memory at dd000000 (32-bit, non-prefetchable)
02:05.0 Ethernet controller: Digital Equipment Corporation DECchip 21140 [FasterNet] (rev 22)
	Flags: bus master, medium devsel, latency 32, IRQ 18
	I/O ports at a400
	Memory at dc800000 (32-bit, non-prefetchable)
02:06.0 Ethernet controller: Digital Equipment Corporation DECchip 21140 [FasterNet] (rev 22)
	Flags: bus master, medium devsel, latency 32, IRQ 19
	I/O ports at a000
	Memory at dc000000 (32-bit, non-prefetchable)
02:07.0 Ethernet controller: Digital Equipment Corporation DECchip 21140 [FasterNet] (rev 22)
	Flags: bus master, medium devsel, latency 32, IRQ 16
	I/O ports at 9800
	Memory at db800000 (32-bit, non-prefetchable)
-- 
	Leszek.
-- lech7@pse.pl 2:480/33.7                - REAL programmers use INTEGERS -
-- speaking just for myself...
-
To unsubscribe from this list: send the line "unsubscribe linux-kernel" in
the body of a message to majordomo@vger.rutgers.edu
Please read the FAQ at 
http://www.tux.org/lkml/