Date: Mon, 22 Oct 2007 09:56:10 +0800
From: Federico Sevilla III <>
Subject: "spurious completions during NCQ" with 2.6.23.1 and DVD Multi-Recorder on Thinkpad T61
Sender: linux-kernel-owner@vger.kernel.org
Precedence: bulk
List-ID: <linux-kernel.vger.kernel.org>
X-Mailing-List: linux-kernel@vger.kernel.org
X-Lkml-Link: https://lkml.org/lkml/2007/10/21/212

Hi,
Using the 2.6.23.1 kernel and Debian Etch on a Lenovo Thinkpad T61
7659A21, I am getting two weird errors, as follows:
        ata1.00: exception Emask 0x2 SAct 0x1c SErr 0x0 action 0x2 frozen
        ata1.00: spurious completions during NCQ issue=0x0 SAct=0x1c FIS=005040a1:00000002
        ata1.00: cmd 60/17:10:28:01:00/00:00:00:00:00/40 tag 2 cdb 0x0 data 11776 in
                 res 50/00:30:bf:01:00/00:00:00:00:00/40 Emask 0x2 (HSM violation)
        ata1.00: cmd 60/80:18:3f:01:00/00:00:00:00:00/40 tag 3 cdb 0x0 data 65536 in
                 res 50/00:30:bf:01:00/00:00:00:00:00/40 Emask 0x2 (HSM violation)
        ata1.00: cmd 60/30:20:bf:01:00/00:00:00:00:00/40 tag 4 cdb 0x0 data 24576 in
                 res 50/00:30:bf:01:00/00:00:00:00:00/40 Emask 0x2 (HSM violation)
        
        ...
        irq 19: nobody cared (try booting with the "irqpoll" option)
        
        Call Trace:
         <IRQ>  [<ffffffff80269f4e>] __report_bad_irq+0x1e/0x80
         [<ffffffff8026a24d>] note_interrupt+0x29d/0x2e0
         [<ffffffff8026adbd>] handle_fasteoi_irq+0xdd/0x110
         [<ffffffff8020d3cc>] call_softirq+0x1c/0x30
         [<ffffffff8020f44b>] do_IRQ+0x7b/0x100
         [<ffffffff8020c751>] ret_from_intr+0x0/0xa
         <EOI> 
        handlers:
        [<ffffffff8049e5f0>] (usb_hcd_irq+0x0/0x60)
        Disabling IRQ #19
I have tried booting with the irqpoll option, but this results in the
automounter doing weird things with the optical drive. Specifically, it
sporadically mounts an audio disc with weird negative-sized tracks, even
if there is no disc inserted in the drive.
Also, regardless of whether I boot with irqpoll or not, chrony
frequently uses up 100% of one CPU. The chrony measurements.log,
statistics.log and tracking.log all show normal activity (ie: a "normal"
volume of entries, vis a vis chrony on other machines where CPU usage is
normal). I don't know if this is related.
Any clues? I have attached the following:
1. Kernel configuration
2. dmesg output
3. lspci output
4. chrony.conf (if it matters)
Please cc me with replies, as I am not on the list. Thank you very much.
Cheers!
-- 
Federico Sevilla III
F S 3 Consulting Inc.
http://www.fs3.ph
Linux version 2.6.23.1 (root@humanitas) (gcc version 4.1.2 20061115 (prerelease) (Debian 4.1.1-21)) #1 SMP Fri Oct 19 01:01:42 PHT 2007
Command line: root=/dev/mapper/humanitas-root rw vga=871
BIOS-provided physical RAM map:
 BIOS-e820: 0000000000000000 - 000000000009d800 (usable)
 BIOS-e820: 000000000009d800 - 00000000000a0000 (reserved)
 BIOS-e820: 00000000000d2000 - 00000000000d4000 (reserved)
 BIOS-e820: 00000000000e0000 - 0000000000100000 (reserved)
 BIOS-e820: 0000000000100000 - 000000003e6b0000 (usable)
 BIOS-e820: 000000003e6b0000 - 000000003e6cc000 (ACPI data)
 BIOS-e820: 000000003e6cc000 - 000000003e700000 (ACPI NVS)
 BIOS-e820: 000000003e700000 - 000000003f000000 (reserved)
 BIOS-e820: 00000000f0000000 - 00000000f4000000 (reserved)
 BIOS-e820: 00000000fec00000 - 00000000fec10000 (reserved)
 BIOS-e820: 00000000fed00000 - 00000000fed00400 (reserved)
 BIOS-e820: 00000000fed14000 - 00000000fed1a000 (reserved)
 BIOS-e820: 00000000fed1c000 - 00000000fed90000 (reserved)
 BIOS-e820: 00000000fee00000 - 00000000fee01000 (reserved)
 BIOS-e820: 00000000ff000000 - 0000000100000000 (reserved)
Entering add_active_range(0, 0, 157) 0 entries of 256 used
Entering add_active_range(0, 256, 255664) 1 entries of 256 used
end_pfn_map = 1048576
DMI present.
ACPI: RSDP 000F68D0, 0024 (r2 LENOVO)
ACPI: XSDT 3E6BB8FD, 0094 (r1 LENOVO TP-7L        1210  LTP        0)
ACPI: FACP 3E6BBA00, 00F4 (r3 LENOVO TP-7L        1210 LNVO        1)
ACPI Warning (tbfadt-0442): Optional field "Gpe1Block" has zero address or length: 000000000000102C/0 [20070126]
ACPI: DSDT 3E6BBE0C, FD64 (r1 LENOVO TP-7L        1210 MSFT  3000000)
ACPI: FACS 3E6E4000, 0040
ACPI: SSDT 3E6BBBB4, 0258 (r1 LENOVO TP-7L        1210 MSFT  3000000)
ACPI: ECDT 3E6CBB70, 0052 (r1 LENOVO TP-7L        1210 LNVO        1)
ACPI: TCPA 3E6CBBC2, 0032 (r2 LENOVO TP-7L        1210 LNVO        1)
ACPI: APIC 3E6CBBF4, 0068 (r1 LENOVO TP-7L        1210 LNVO        1)
ACPI: MCFG 3E6CBC5C, 003C (r1 LENOVO TP-7L        1210 LNVO        1)
ACPI: HPET 3E6CBC98, 0038 (r1 LENOVO TP-7L        1210 LNVO        1)
ACPI: SLIC 3E6CBDF0, 0176 (r1 LENOVO TP-7L        1210  LTP        0)
ACPI: BOOT 3E6CBF66, 0028 (r1 LENOVO TP-7L        1210  LTP        1)
ACPI: ASF! 3E6CBF8E, 0072 (r16 LENOVO TP-7L        1210 PTL         1)
ACPI: SSDT 3E6E2697, 025F (r1 LENOVO TP-7L        1210 INTL 20050513)
ACPI: SSDT 3E6E28F6, 00A6 (r1 LENOVO TP-7L        1210 INTL 20050513)
ACPI: SSDT 3E6E299C, 04F7 (r1 LENOVO TP-7L        1210 INTL 20050513)
ACPI: SSDT 3E6E2E93, 01D8 (r1 LENOVO TP-7L        1210 INTL 20050513)
Entering add_active_range(0, 0, 157) 0 entries of 256 used
Entering add_active_range(0, 256, 255664) 1 entries of 256 used
Zone PFN ranges:
  DMA             0 ->     4096
  DMA32        4096 ->  1048576
  Normal    1048576 ->  1048576
Movable zone start PFN for each node
early_node_map[2] active PFN ranges
    0:        0 ->      157
    0:      256 ->   255664
On node 0 totalpages: 255565
  DMA zone: 56 pages used for memmap
  DMA zone: 1580 pages reserved
  DMA zone: 2361 pages, LIFO batch:0
  DMA32 zone: 3439 pages used for memmap
  DMA32 zone: 248129 pages, LIFO batch:31
  Normal zone: 0 pages used for memmap
  Movable zone: 0 pages used for memmap
ACPI: PM-Timer IO Port: 0x1008
ACPI: Local APIC address 0xfee00000
ACPI: LAPIC (acpi_id[0x00] lapic_id[0x00] enabled)
Processor #0 (Bootup-CPU)
ACPI: LAPIC (acpi_id[0x01] lapic_id[0x01] enabled)
Processor #1
ACPI: LAPIC_NMI (acpi_id[0x00] high edge lint[0x1])
ACPI: LAPIC_NMI (acpi_id[0x01] high edge lint[0x1])
ACPI: IOAPIC (id[0x01] address[0xfec00000] gsi_base[0])
IOAPIC[0]: apic_id 1, address 0xfec00000, GSI 0-23
ACPI: INT_SRC_OVR (bus 0 bus_irq 0 global_irq 2 dfl dfl)
ACPI: INT_SRC_OVR (bus 0 bus_irq 9 global_irq 9 high level)
ACPI: IRQ0 used by override.
ACPI: IRQ2 used by override.
ACPI: IRQ9 used by override.
Setting APIC routing to flat
ACPI: HPET id: 0x8086a201 base: 0xfed00000
Using ACPI (MADT) for SMP configuration information
swsusp: Registered nosave memory region: 000000000009d000 - 000000000009e000
swsusp: Registered nosave memory region: 000000000009e000 - 00000000000a0000
swsusp: Registered nosave memory region: 00000000000a0000 - 00000000000d2000
swsusp: Registered nosave memory region: 00000000000d2000 - 00000000000d4000
swsusp: Registered nosave memory region: 00000000000d4000 - 00000000000e0000
swsusp: Registered nosave memory region: 00000000000e0000 - 0000000000100000
Allocating PCI resources starting at 40000000 (gap: 3f000000:b1000000)
SMP: Allowing 2 CPUs, 0 hotplug CPUs
PERCPU: Allocating 30120 bytes of per cpu data
Built 1 zonelists in Zone order.  Total pages: 250490
Kernel command line: root=/dev/mapper/humanitas-root rw vga=871
Initializing CPU#0
PID hash table entries: 4096 (order: 12, 32768 bytes)
Extended CMOS year: 2000
Marking TSC unstable due to TSCs unsynchronized
time.c: Detected 1795.493 MHz processor.
Console: colour dummy device 80x25
console [tty0] enabled
Dentry cache hash table entries: 131072 (order: 8, 1048576 bytes)
Inode-cache hash table entries: 65536 (order: 7, 524288 bytes)
Checking aperture...
Memory: 996032k/1022656k available (3932k kernel code, 25588k reserved, 1646k data, 244k init)
SLUB: Genslabs=22, HWalign=64, Order=0-1, MinObjects=4, CPUs=2, Nodes=1
Calibrating delay using timer specific routine.. 3595.44 BogoMIPS (lpj=7190881)
Mount-cache hash table entries: 256
CPU: L1 I cache: 32K, L1 D cache: 32K
CPU: L2 cache: 2048K
using mwait in idle threads.
CPU: Physical Processor ID: 0
CPU: Processor Core ID: 0
CPU0: Thermal monitoring enabled (TM2)
SMP alternatives: switching to UP code
ACPI: Core revision 20070126
Using local APIC timer interrupts.
result 12468702
Detected 12.468 MHz APIC timer.
SMP alternatives: switching to SMP code
Booting processor 1/2 APIC 0x1
Initializing CPU#1
Calibrating delay using timer specific routine.. 3591.07 BogoMIPS (lpj=7182154)
CPU: L1 I cache: 32K, L1 D cache: 32K
CPU: L2 cache: 2048K
CPU: Physical Processor ID: 0
CPU: Processor Core ID: 1
CPU1: Thermal monitoring enabled (TM2)
Intel(R) Core(TM)2 Duo CPU     T7100  @ 1.80GHz stepping 0d
Brought up 2 CPUs
NET: Registered protocol family 16
ACPI: bus type pci registered
PCI: Using MMCONFIG at f0000000 - f3ffffff
ACPI: EC: EC description table is found, configuring boot EC
ACPI: Interpreter enabled
ACPI: (supports S0 S3 S4 S5)
ACPI: Using IOAPIC for interrupt routing
ACPI: EC: GPE = 0x12, I/O: command/status = 0x66, data = 0x62
ACPI: PCI Root Bridge [PCI0] (0000:00)
PCI: Transparent bridge - 0000:00:1e.0
ACPI: PCI Interrupt Routing Table [\_SB_.PCI0._PRT]
ACPI: PCI Interrupt Routing Table [\_SB_.PCI0.EXP0._PRT]
ACPI: PCI Interrupt Routing Table [\_SB_.PCI0.EXP1._PRT]
ACPI: PCI Interrupt Routing Table [\_SB_.PCI0.EXP2._PRT]
ACPI: PCI Interrupt Routing Table [\_SB_.PCI0.EXP3._PRT]
ACPI: PCI Interrupt Routing Table [\_SB_.PCI0.EXP4._PRT]
ACPI: PCI Interrupt Routing Table [\_SB_.PCI0.PCI1._PRT]
ACPI: PCI Interrupt Link [LNKA] (IRQs 3 4 5 6 7 9 *10 11)
ACPI: PCI Interrupt Link [LNKB] (IRQs 3 4 5 6 7 9 10 *11)
ACPI: PCI Interrupt Link [LNKC] (IRQs 3 4 5 6 7 9 10 *11)
ACPI: PCI Interrupt Link [LNKD] (IRQs 3 4 5 6 7 9 10 *11)
ACPI: PCI Interrupt Link [LNKE] (IRQs 3 4 5 6 7 9 10 *11)
ACPI: PCI Interrupt Link [LNKF] (IRQs 3 4 5 6 7 9 10 *11)
ACPI: PCI Interrupt Link [LNKG] (IRQs 3 4 5 6 7 9 10 *11)
ACPI: PCI Interrupt Link [LNKH] (IRQs 3 4 5 6 7 9 10 *11)
ACPI: Power Resource [PUBS] (on)
Linux Plug and Play Support v0.97 (c) Adam Belay
pnp: PnP ACPI init
ACPI: bus type pnp registered
pnp: PnP ACPI: found 11 devices
ACPI: ACPI bus type pnp unregistered
SCSI subsystem initialized
libata version 2.21 loaded.
usbcore: registered new interface driver usbfs
usbcore: registered new interface driver hub
usbcore: registered new device driver usb
PCI: Using ACPI for IRQ routing
PCI: If a device doesn't work, try "pci=routeirq".  If it helps, post a report
Bluetooth: Core ver 2.11
NET: Registered protocol family 31
Bluetooth: HCI device and connection manager initialized
Bluetooth: HCI socket layer initialized
PCI-GART: No AMD northbridge found.
Time: hpet clocksource has been installed.
pnp: 00:00: iomem range 0x0-0x9ffff could not be reserved
pnp: 00:00: iomem range 0xc0000-0xc3fff has been reserved
pnp: 00:00: iomem range 0xc4000-0xc7fff has been reserved
pnp: 00:00: iomem range 0xc8000-0xcbfff has been reserved
pnp: 00:02: iomem range 0xf0000000-0xf3ffffff could not be reserved
pnp: 00:02: iomem range 0xfed1c000-0xfed1ffff could not be reserved
pnp: 00:02: iomem range 0xfed14000-0xfed17fff could not be reserved
pnp: 00:02: iomem range 0xfed18000-0xfed18fff could not be reserved
PCI: Bridge: 0000:00:1c.0
  IO window: 2000-2fff
  MEM window: fc000000-fdffffff
  PREFETCH window: f8000000-f80fffff
PCI: Bridge: 0000:00:1c.1
  IO window: 3000-3fff
  MEM window: dc000000-df3fffff
  PREFETCH window: dfe00000-dfefffff
PCI: Bridge: 0000:00:1c.2
  IO window: 4000-4fff
  MEM window: d8000000-d9ffffff
  PREFETCH window: dfb00000-dfbfffff
PCI: Bridge: 0000:00:1c.3
  IO window: 5000-5fff
  MEM window: d4000000-d5ffffff
  PREFETCH window: df800000-df8fffff
PCI: Bridge: 0000:00:1c.4
  IO window: 6000-6fff
  MEM window: d0000000-d1ffffff
  PREFETCH window: df500000-df5fffff
PCI: Bus 22, cardbus bridge: 0000:15:00.0
  IO window: 00007000-000070ff
  IO window: 00007400-000074ff
  PREFETCH window: f4000000-f7ffffff
  MEM window: 40000000-43ffffff
PCI: Bridge: 0000:00:1e.0
  IO window: 7000-afff
  MEM window: f8300000-fbffffff
  PREFETCH window: f4000000-f7ffffff
ACPI: PCI Interrupt 0000:00:1c.0[A] -> GSI 20 (level, low) -> IRQ 20
PCI: Setting latency timer of device 0000:00:1c.0 to 64
ACPI: PCI Interrupt 0000:00:1c.1[B] -> GSI 21 (level, low) -> IRQ 21
PCI: Setting latency timer of device 0000:00:1c.1 to 64
ACPI: PCI Interrupt 0000:00:1c.2[C] -> GSI 22 (level, low) -> IRQ 22
PCI: Setting latency timer of device 0000:00:1c.2 to 64
ACPI: PCI Interrupt 0000:00:1c.3[D] -> GSI 23 (level, low) -> IRQ 23
PCI: Setting latency timer of device 0000:00:1c.3 to 64
ACPI: PCI Interrupt 0000:00:1c.4[A] -> GSI 20 (level, low) -> IRQ 20
PCI: Setting latency timer of device 0000:00:1c.4 to 64
PCI: Enabling device 0000:00:1e.0 (0005 -> 0007)
PCI: Setting latency timer of device 0000:00:1e.0 to 64
ACPI: PCI Interrupt 0000:15:00.0[A] -> GSI 16 (level, low) -> IRQ 16
PCI: Setting latency timer of device 0000:15:00.0 to 64
NET: Registered protocol family 2
IP route cache hash table entries: 32768 (order: 6, 262144 bytes)
TCP established hash table entries: 131072 (order: 9, 3145728 bytes)
TCP bind hash table entries: 65536 (order: 8, 1048576 bytes)
TCP: Hash tables configured (established 131072 bind 65536)
TCP reno registered
Unpacking initramfs... done
Freeing initrd memory: 3592k freed
Simple Boot Flag at 0x35 set to 0x1
IA-32 Microcode Update Driver: v1.14a <tigran@aivazian.fsnet.co.uk>
audit: initializing netlink socket (disabled)
audit(1193014716.540:1): initialized
SGI XFS with large block/inode numbers, no debug enabled
io scheduler noop registered
io scheduler cfq registered (default)
Boot video device is 0000:00:02.0
vesafb: framebuffer at 0xe0000000, mapped to 0xffffc20004100000, using 4000k, total 7616k
vesafb: mode is 1280x800x16, linelength=2560, pages=2
vesafb: scrolling: redraw
vesafb: Truecolor: size=0:5:6:5, shift=0:11:5:0
Console: switching to colour frame buffer device 160x50
fb0: VESA VGA frame buffer device
ACPI: AC Adapter [AC] (on-line)
ACPI: Battery Slot [BAT0] (battery present)
input: Power Button (FF) as /class/input/input0
ACPI: Power Button (FF) [PWRF]
input: Lid Switch as /class/input/input1
ACPI: Lid Switch [LID]
input: Sleep Button (CM) as /class/input/input2
ACPI: Sleep Button (CM) [SLPB]
ACPI: SSDT 3E6E1D72, 0282 (r1  PmRef  Cpu0Ist      100 INTL 20050513)
ACPI: SSDT 3E6E2079, 061E (r1  PmRef  Cpu0Cst      100 INTL 20050513)
Monitor-Mwait will be used to enter C-1 state
Monitor-Mwait will be used to enter C-2 state
Monitor-Mwait will be used to enter C-3 state
ACPI: CPU0 (power states: C1[C1] C2[C2] C3[C3])
ACPI: Processor [CPU0] (supports 8 throttling states)
ACPI: SSDT 3E6E1CAA, 00C8 (r1  PmRef  Cpu1Ist      100 INTL 20050513)
ACPI: SSDT 3E6E1FF4, 0085 (r1  PmRef  Cpu1Cst      100 INTL 20050513)
ACPI: CPU1 (power states: C1[C1] C2[C2] C3[C3])
ACPI: Processor [CPU1] (supports 8 throttling states)
ACPI: Thermal Zone [THM0] (37 C)
ACPI: Thermal Zone [THM1] (38 C)
Real Time Clock Driver v1.12ac
Non-volatile memory driver v1.2
Linux agpgart interface v0.102
agpgart: Detected an Intel 965GM Chipset.
agpgart: Detected 7676K stolen memory.
agpgart: AGP aperture is 256M @ 0xe0000000
[drm] Initialized drm 1.1.0 20060810
ACPI: PCI Interrupt 0000:00:02.0[A] -> GSI 16 (level, low) -> IRQ 16
[drm] Initialized i915 1.6.0 20060119 on minor 0
intelfb: Framebuffer driver for Intel(R) 830M/845G/852GM/855GM/865G/915G/915GM/945G/945GM chipsets
intelfb: Version 0.9.4
Serial: 8250/16550 driver $Revision: 1.90 $ 4 ports, IRQ sharing enabled
loop: module loaded
thinkpad_acpi: ThinkPad ACPI Extras v0.16
thinkpad_acpi: 
http://ibm-acpi.sf.net/
thinkpad_acpi: ThinkPad BIOS 7LET51WW (1.21 ), EC 7KHT22WW-1.06
thinkpad_acpi: Lenovo ThinkPad T61
thinkpad_acpi: radio switch found; radios are enabled
input: ThinkPad Extra Buttons as /class/input/input3
Intel(R) PRO/1000 Network Driver - version 7.3.20-k2
Copyright (c) 1999-2006 Intel Corporation.
ACPI: PCI Interrupt 0000:00:19.0[A] -> GSI 20 (level, low) -> IRQ 20
PCI: Setting latency timer of device 0000:00:19.0 to 64
e1000: 0000:00:19.0: e1000_probe: (PCI Express:2.5Gb/s:Width x1) 00:1c:25:14:3f:22
e1000: eth0: e1000_probe: Intel(R) PRO/1000 Network Connection
PPP generic driver version 2.4.2
tun: Universal TUN/TAP device driver, 1.6
tun: (C) 1999-2004 Max Krasnyansky <maxk@qualcomm.com>
Uniform Multi-Platform E-IDE driver Revision: 7.00alpha2
ide: Assuming 33MHz system bus speed for PIO modes; override with idebus=xx
ICH8M: IDE controller at PCI slot 0000:00:1f.1
ACPI: PCI Interrupt 0000:00:1f.1[C] -> GSI 16 (level, low) -> IRQ 16
ICH8M: chipset revision 3
ICH8M: not 100% native mode: will probe irqs later
    ide0: BM-DMA at 0x1c00-0x1c07, BIOS settings: hda:DMA, hdb:pio
Probing IDE interface ide0...
hda: HL-DT-ST DVDRAM GSA-U10N, ATAPI CD/DVD-ROM drive
hda: selected mode 0x42
ide0 at 0x1f0-0x1f7,0x3f6 on irq 14
Probing IDE interface ide1...
hda: ATAPI 24X DVD-ROM DVD-R-RAM CD-R/RW drive, 2048kB Cache, UDMA(33)
Uniform CD-ROM driver Revision: 3.20
ahci 0000:00:1f.2: version 2.3
ACPI: PCI Interrupt 0000:00:1f.2[B] -> GSI 16 (level, low) -> IRQ 16
ahci 0000:00:1f.2: nr_ports (3) and implemented port map (0x1) don't match
ahci 0000:00:1f.2: AHCI 0001.0100 32 slots 3 ports 1.5 Gbps 0x1 impl SATA mode
ahci 0000:00:1f.2: flags: 64bit ncq sntf pm led clo pio slum part 
PCI: Setting latency timer of device 0000:00:1f.2 to 64
scsi0 : ahci
ata1: SATA max UDMA/133 cmd 0xffffc2000005e100 ctl 0x0000000000000000 bmdma 0x0000000000000000 irq 16
ata1: SATA link up 1.5 Gbps (SStatus 113 SControl 300)
ata1.00: ATA-7: HITACHI HTS541612J9SA00  3H, SB3IC7UP, max UDMA/100
ata1.00: 234441648 sectors, multi 16: LBA48 NCQ (depth 31/32)
ata1.00: configured for UDMA/100
scsi 0:0:0:0: Direct-Access     ATA      HITACHI HTS54161 SB3I PQ: 0 ANSI: 5
sd 0:0:0:0: [sda] 234441648 512-byte hardware sectors (120034 MB)
sd 0:0:0:0: [sda] Write Protect is off
sd 0:0:0:0: [sda] Mode Sense: 00 3a 00 00
sd 0:0:0:0: [sda] Write cache: enabled, read cache: enabled, doesn't support DPO or FUA
sd 0:0:0:0: [sda] 234441648 512-byte hardware sectors (120034 MB)
sd 0:0:0:0: [sda] Write Protect is off
sd 0:0:0:0: [sda] Mode Sense: 00 3a 00 00
sd 0:0:0:0: [sda] Write cache: enabled, read cache: enabled, doesn't support DPO or FUA
 sda: sda1 sda2 < sda5 >
sd 0:0:0:0: [sda] Attached SCSI disk
ACPI: PCI Interrupt 0000:15:00.1[B] -> GSI 17 (level, low) -> IRQ 17
PCI: Setting latency timer of device 0000:15:00.1 to 64
ohci1394: fw-host0: OHCI-1394 1.1 (PCI): IRQ=[17]  MMIO=[f8301000-f83017ff]  Max Packet=[2048]  IR/IT contexts=[4/4]
Yenta: CardBus bridge found at 0000:15:00.0 [17aa:20c6]
Yenta: ISA IRQ mask 0x04b8, PCI irq 16
Socket status: 30000006
pcmcia: parent PCI bridge I/O window: 0x7000 - 0xafff
pcmcia: parent PCI bridge Memory window: 0xf8300000 - 0xfbffffff
pcmcia: parent PCI bridge Memory window: 0xf4000000 - 0xf7ffffff
usbmon: debugfs is not available
ACPI: PCI Interrupt 0000:00:1a.7[C] -> GSI 22 (level, low) -> IRQ 22
PCI: Setting latency timer of device 0000:00:1a.7 to 64
ehci_hcd 0000:00:1a.7: EHCI Host Controller
ehci_hcd 0000:00:1a.7: new USB bus registered, assigned bus number 1
PCI: cache line size of 32 is not supported by device 0000:00:1a.7
ehci_hcd 0000:00:1a.7: irq 22, io mem 0xfe226c00
ehci_hcd 0000:00:1a.7: USB 2.0 started, EHCI 1.00, driver 10 Dec 2004
usb usb1: configuration #1 chosen from 1 choice
hub 1-0:1.0: USB hub found
hub 1-0:1.0: 4 ports detected
ACPI: PCI Interrupt 0000:00:1d.7[D] -> GSI 19 (level, low) -> IRQ 19
PCI: Setting latency timer of device 0000:00:1d.7 to 64
ehci_hcd 0000:00:1d.7: EHCI Host Controller
ehci_hcd 0000:00:1d.7: new USB bus registered, assigned bus number 2
ehci_hcd 0000:00:1d.7: debug port 1
PCI: cache line size of 32 is not supported by device 0000:00:1d.7
ehci_hcd 0000:00:1d.7: irq 19, io mem 0xfe227000
ehci_hcd 0000:00:1d.7: USB 2.0 started, EHCI 1.00, driver 10 Dec 2004
usb usb2: configuration #1 chosen from 1 choice
hub 2-0:1.0: USB hub found
hub 2-0:1.0: 6 ports detected
USB Universal Host Controller Interface driver v3.0
ACPI: PCI Interrupt 0000:00:1a.0[A] -> GSI 20 (level, low) -> IRQ 20
PCI: Setting latency timer of device 0000:00:1a.0 to 64
uhci_hcd 0000:00:1a.0: UHCI Host Controller
uhci_hcd 0000:00:1a.0: new USB bus registered, assigned bus number 3
uhci_hcd 0000:00:1a.0: irq 20, io base 0x00001860
usb usb3: configuration #1 chosen from 1 choice
hub 3-0:1.0: USB hub found
hub 3-0:1.0: 2 ports detected
ACPI: PCI Interrupt 0000:00:1a.1[B] -> GSI 21 (level, low) -> IRQ 21
PCI: Setting latency timer of device 0000:00:1a.1 to 64
uhci_hcd 0000:00:1a.1: UHCI Host Controller
uhci_hcd 0000:00:1a.1: new USB bus registered, assigned bus number 4
uhci_hcd 0000:00:1a.1: irq 21, io base 0x00001880
usb usb4: configuration #1 chosen from 1 choice
hub 4-0:1.0: USB hub found
hub 4-0:1.0: 2 ports detected
ACPI: PCI Interrupt 0000:00:1d.0[A] -> GSI 16 (level, low) -> IRQ 16
PCI: Setting latency timer of device 0000:00:1d.0 to 64
uhci_hcd 0000:00:1d.0: UHCI Host Controller
uhci_hcd 0000:00:1d.0: new USB bus registered, assigned bus number 5
uhci_hcd 0000:00:1d.0: irq 16, io base 0x000018a0
usb usb5: configuration #1 chosen from 1 choice
hub 5-0:1.0: USB hub found
hub 5-0:1.0: 2 ports detected
ACPI: PCI Interrupt 0000:00:1d.1[B] -> GSI 17 (level, low) -> IRQ 17
PCI: Setting latency timer of device 0000:00:1d.1 to 64
uhci_hcd 0000:00:1d.1: UHCI Host Controller
uhci_hcd 0000:00:1d.1: new USB bus registered, assigned bus number 6
uhci_hcd 0000:00:1d.1: irq 17, io base 0x000018c0
usb usb6: configuration #1 chosen from 1 choice
hub 6-0:1.0: USB hub found
hub 6-0:1.0: 2 ports detected
ieee1394: Host added: ID:BUS[0-00:1023]  GUID[00016c200032a88f]
ACPI: PCI Interrupt 0000:00:1d.2[C] -> GSI 18 (level, low) -> IRQ 18
PCI: Setting latency timer of device 0000:00:1d.2 to 64
uhci_hcd 0000:00:1d.2: UHCI Host Controller
usb 3-1: new full speed USB device using uhci_hcd and address 2
uhci_hcd 0000:00:1d.2: new USB bus registered, assigned bus number 7
uhci_hcd 0000:00:1d.2: irq 18, io base 0x000018e0
usb usb7: configuration #1 chosen from 1 choice
hub 7-0:1.0: USB hub found
hub 7-0:1.0: 2 ports detected
usb 3-1: configuration #1 chosen from 1 choice
usb 3-2: new full speed USB device using uhci_hcd and address 3
usb 3-2: configuration #1 chosen from 1 choice
usbcore: registered new interface driver libusual
PNP: PS/2 Controller [PNP0303:KBD,PNP0f13:MOU] at 0x60,0x64 irq 1,12
serio: i8042 KBD port at 0x60,0x64 irq 1
serio: i8042 AUX port at 0x60,0x64 irq 12
mice: PS/2 mouse device common for all mice
input: AT Translated Set 2 keyboard as /class/input/input4
input: PC Speaker as /class/input/input5
Synaptics Touchpad, model: 1, fw: 6.2, id: 0x81a0b1, caps: 0xa04793/0x300000
serio: Synaptics pass-through port at isa0060/serio1/input0
input: SynPS/2 Synaptics TouchPad as /class/input/input6
device-mapper: ioctl: 4.11.0-ioctl (2006-10-12) initialised: dm-devel@redhat.com
sdhci: Secure Digital Host Controller Interface driver
sdhci: Copyright(c) Pierre Ossman
sdhci: SDHCI controller found at 0000:15:00.2 [1180:0822] (rev 21)
ACPI: PCI Interrupt 0000:15:00.2[C] -> GSI 18 (level, low) -> IRQ 18
PCI: Setting latency timer of device 0000:15:00.2 to 64
mmc0: SDHCI at 0xf8301800 irq 18 DMA
usbcore: registered new interface driver hiddev
usbcore: registered new interface driver usbhid
drivers/hid/usbhid/hid-core.c: v2.6:USB HID core driver
Advanced Linux Sound Architecture Driver Version 1.0.14 (Fri Jul 20 09:12:58 2007 UTC).
request_module: runaway loop modprobe net-pf-1
ACPI: PCI Interrupt 0000:00:1b.0[B] -> GSI 17 (level, low) -> IRQ 17
PCI: Setting latency timer of device 0000:00:1b.0 to 64
ALSA device list:
  #0: HDA Intel at 0xfe020000 irq 17
nf_conntrack version 0.5.0 (8192 buckets, 32768 max)
ip_tables: (C) 2000-2006 Netfilter Core Team
TCP cubic registered
NET: Registered protocol family 1
NET: Registered protocol family 17
Bluetooth: L2CAP ver 2.8
Bluetooth: L2CAP socket layer initialized
Bluetooth: RFCOMM socket layer initialized
Bluetooth: RFCOMM TTY layer initialized
Bluetooth: RFCOMM ver 1.8
Bluetooth: HIDP (Human Interface Emulation) ver 1.2
Freeing unused kernel memory: 244k freed
net eth1: device_rename: sysfs_create_symlink failed (-17)
IBM TrackPoint firmware: 0x0e, buttons: 3/3
input: TPPS/2 IBM TrackPoint as /class/input/input7
Attempting manual resume
swsusp: Marking nosave pages: 000000000009d000 - 0000000000100000
swsusp: Basic memory bitmaps created
swsusp: Basic memory bitmaps freed
Filesystem "dm-2": Disabling barriers, not supported by the underlying device
XFS mounting filesystem dm-2
Ending clean XFS mount for filesystem: dm-2
input: Video Bus as /class/input/input8
ACPI: Video Device [VID] (multi-head: yes  rom: no  post: no)
input: Video Bus as /class/input/input9
ACPI: Video Device [VID1] (multi-head: yes  rom: no  post: no)
iwl4965: Intel(R) Wireless WiFi Link 4965AGN driver for Linux, 1.1.17d
iwl4965: Copyright(c) 2003-2007 Intel Corporation
ACPI: PCI Interrupt 0000:03:00.0[A] -> GSI 17 (level, low) -> IRQ 17
PCI: Setting latency timer of device 0000:03:00.0 to 64
iwl4965: Detected Intel Wireless WiFi Link 4965AGN
Bluetooth: HCI USB driver ver 2.9
usbcore: registered new interface driver hci_usb
ata1.00: exception Emask 0x2 SAct 0x1b SErr 0x0 action 0x2 frozen
ata1.00: spurious completions during NCQ issue=0x3 SAct=0x1b FIS=005040a1:00000004
ata1.00: cmd 60/04:00:c3:77:01/00:00:00:00:00/40 tag 0 cdb 0x0 data 2048 in
         res 50/00:01:c2:77:01/00:00:00:00:00/40 Emask 0x2 (HSM violation)
ata1.00: cmd 60/02:08:86:78:01/00:00:00:00:00/40 tag 1 cdb 0x0 data 1024 in
         res 50/00:01:c2:77:01/00:00:00:00:00/40 Emask 0x2 (HSM violation)
ata1.00: cmd 60/01:18:c1:77:01/00:00:00:00:00/40 tag 3 cdb 0x0 data 512 in
         res 50/00:01:c2:77:01/00:00:00:00:00/40 Emask 0x2 (HSM violation)
ata1.00: cmd 60/01:20:c2:77:01/00:00:00:00:00/40 tag 4 cdb 0x0 data 512 in
         res 50/00:01:c2:77:01/00:00:00:00:00/40 Emask 0x2 (HSM violation)
iwl4965: Tunable channels: 11 802.11bg, 13 802.11a channels
wmaster0: Selected rate control algorithm 'simple'
ata1: soft resetting port
ata1: SATA link up 1.5 Gbps (SStatus 113 SControl 300)
ata1.00: configured for UDMA/100
ata1: EH complete
sd 0:0:0:0: [sda] 234441648 512-byte hardware sectors (120034 MB)
sd 0:0:0:0: [sda] Write Protect is off
sd 0:0:0:0: [sda] Mode Sense: 00 3a 00 00
sd 0:0:0:0: [sda] Write cache: enabled, read cache: enabled, doesn't support DPO or FUA
ata1.00: exception Emask 0x2 SAct 0x1c SErr 0x0 action 0x2 frozen
ata1.00: spurious completions during NCQ issue=0x0 SAct=0x1c FIS=005040a1:00000002
ata1.00: cmd 60/17:10:28:01:00/00:00:00:00:00/40 tag 2 cdb 0x0 data 11776 in
         res 50/00:30:bf:01:00/00:00:00:00:00/40 Emask 0x2 (HSM violation)
ata1.00: cmd 60/80:18:3f:01:00/00:00:00:00:00/40 tag 3 cdb 0x0 data 65536 in
         res 50/00:30:bf:01:00/00:00:00:00:00/40 Emask 0x2 (HSM violation)
ata1.00: cmd 60/30:20:bf:01:00/00:00:00:00:00/40 tag 4 cdb 0x0 data 24576 in
         res 50/00:30:bf:01:00/00:00:00:00:00/40 Emask 0x2 (HSM violation)
ata1: soft resetting port
ata1: SATA link up 1.5 Gbps (SStatus 113 SControl 300)
ata1.00: configured for UDMA/100
ata1: EH complete
sd 0:0:0:0: [sda] 234441648 512-byte hardware sectors (120034 MB)
sd 0:0:0:0: [sda] Write Protect is off
sd 0:0:0:0: [sda] Mode Sense: 00 3a 00 00
sd 0:0:0:0: [sda] Write cache: enabled, read cache: enabled, doesn't support DPO or FUA
ata1.00: configured for UDMA/100
ata1: EH complete
sd 0:0:0:0: [sda] 234441648 512-byte hardware sectors (120034 MB)
sd 0:0:0:0: [sda] Write Protect is off
sd 0:0:0:0: [sda] Mode Sense: 00 3a 00 00
sd 0:0:0:0: [sda] Write cache: disabled, read cache: enabled, doesn't support DPO or FUA
Filesystem "dm-2": Disabling barriers, not supported by the underlying device
kjournald starting.  Commit interval 5 seconds
EXT3 FS on sda1, internal journal
EXT3-fs: mounted filesystem with ordered data mode.
Adding 2097144k swap on /dev/mapper/humanitas-swap.  Priority:-1 extents:1 across:2097144k
ata1: DMAS FIS during NCQ, this message won't be printed again
pcmcia: Detected deprecated PCMCIA ioctl usage from process: discover.
pcmcia: This interface will soon be removed from the kernel; please expect breakage unless you upgrade to new tools.
pcmcia: see 
http://www.kernel.org/pub/linux/utils/kernel/pcmcia/pcmcia.html
 for details.
e1000: eth1: e1000_watchdog: NIC Link is Up 1000 Mbps Full Duplex, Flow Control: RX
mtrr: no more MTRRs available
mtrr: no more MTRRs available
input: Logitech Bluetooth Mouse as /class/input/input10
irq 19: nobody cared (try booting with the "irqpoll" option)
Call Trace:
 <IRQ>  [<ffffffff80269f4e>] __report_bad_irq+0x1e/0x80
 [<ffffffff8026a24d>] note_interrupt+0x29d/0x2e0
 [<ffffffff8026adbd>] handle_fasteoi_irq+0xdd/0x110
 [<ffffffff8020d3cc>] call_softirq+0x1c/0x30
 [<ffffffff8020f44b>] do_IRQ+0x7b/0x100
 [<ffffffff8020c751>] ret_from_intr+0x0/0xa
 <EOI> 
handlers:
[<ffffffff8049e5f0>] (usb_hcd_irq+0x0/0x60)
Disabling IRQ #19
ata1.00: configured for UDMA/100
ata1: EH complete
sd 0:0:0:0: [sda] 234441648 512-byte hardware sectors (120034 MB)
sd 0:0:0:0: [sda] Write Protect is off
sd 0:0:0:0: [sda] Mode Sense: 00 3a 00 00
sd 0:0:0:0: [sda] Write cache: disabled, read cache: enabled, doesn't support DPO or FUA
ata1.00: configured for UDMA/100
ata1: EH complete
sd 0:0:0:0: [sda] 234441648 512-byte hardware sectors (120034 MB)
sd 0:0:0:0: [sda] Write Protect is off
sd 0:0:0:0: [sda] Mode Sense: 00 3a 00 00
sd 0:0:0:0: [sda] Write cache: disabled, read cache: enabled, doesn't support DPO or FUA
hda: selected mode 0x42
00:00.0 Host bridge: Intel Corporation Mobile PM965/GM965/GL960 Memory Controller Hub (rev 0c)
	Subsystem: Lenovo Unknown device 20b3
	Flags: bus master, fast devsel, latency 0
	Capabilities: <access denied>
00:02.0 VGA compatible controller: Intel Corporation Mobile GM965/GL960 Integrated Graphics Controller (rev 0c) (prog-if 00 [VGA])
	Subsystem: Lenovo Unknown device 20b5
	Flags: bus master, fast devsel, latency 0, IRQ 16
	Memory at f8100000 (64-bit, non-prefetchable) [size=1M]
	Memory at e0000000 (64-bit, prefetchable) [size=256M]
	I/O ports at 1800 [size=8]
	Capabilities: <access denied>
00:02.1 Display controller: Intel Corporation Mobile GM965/GL960 Integrated Graphics Controller (rev 0c)
	Subsystem: Lenovo Unknown device 20b5
	Flags: bus master, fast devsel, latency 0
	Memory at f8200000 (64-bit, non-prefetchable) [size=1M]
	Capabilities: <access denied>
00:19.0 Ethernet controller: Intel Corporation 82566MM Gigabit Network Connection (rev 03)
	Subsystem: Lenovo Lenovo Thinkpad T61
	Flags: bus master, fast devsel, latency 0, IRQ 20
	Memory at fe000000 (32-bit, non-prefetchable) [size=128K]
	Memory at fe025000 (32-bit, non-prefetchable) [size=4K]
	I/O ports at 1840 [size=32]
	Capabilities: <access denied>
00:1a.0 USB Controller: Intel Corporation 82801H (ICH8 Family) USB UHCI Contoller #4 (rev 03) (prog-if 00 [UHCI])
	Subsystem: Lenovo Lenovo Thinkpad T61
	Flags: bus master, medium devsel, latency 0, IRQ 20
	I/O ports at 1860 [size=32]
00:1a.1 USB Controller: Intel Corporation 82801H (ICH8 Family) USB UHCI Controller #5 (rev 03) (prog-if 00 [UHCI])
	Subsystem: Lenovo Lenovo Thinkpad T60
	Flags: bus master, medium devsel, latency 0, IRQ 21
	I/O ports at 1880 [size=32]
00:1a.7 USB Controller: Intel Corporation 82801H (ICH8 Family) USB2 EHCI Controller #2 (rev 03) (prog-if 20 [EHCI])
	Subsystem: Lenovo Lenovo Thinkpad T61
	Flags: bus master, medium devsel, latency 0, IRQ 22
	Memory at fe226c00 (32-bit, non-prefetchable) [size=1K]
	Capabilities: <access denied>
00:1b.0 Audio device: Intel Corporation 82801H (ICH8 Family) HD Audio Controller (rev 03)
	Subsystem: Lenovo Lenovo Thinkpad T61
	Flags: bus master, fast devsel, latency 0, IRQ 17
	Memory at fe020000 (64-bit, non-prefetchable) [size=16K]
	Capabilities: <access denied>
00:1c.0 PCI bridge: Intel Corporation 82801H (ICH8 Family) PCI Express Port 1 (rev 03) (prog-if 00 [Normal decode])
	Flags: bus master, fast devsel, latency 0
	Bus: primary=00, secondary=02, subordinate=02, sec-latency=0
	I/O behind bridge: 00002000-00002fff
	Memory behind bridge: fc000000-fdffffff
	Prefetchable memory behind bridge: 00000000f8000000-00000000f80fffff
	Capabilities: <access denied>
00:1c.1 PCI bridge: Intel Corporation 82801H (ICH8 Family) PCI Express Port 2 (rev 03) (prog-if 00 [Normal decode])
	Flags: bus master, fast devsel, latency 0
	Bus: primary=00, secondary=03, subordinate=03, sec-latency=0
	I/O behind bridge: 00003000-00003fff
	Memory behind bridge: dc000000-df3fffff
	Prefetchable memory behind bridge: 00000000dfe00000-00000000dfefffff
	Capabilities: <access denied>
00:1c.2 PCI bridge: Intel Corporation 82801H (ICH8 Family) PCI Express Port 3 (rev 03) (prog-if 00 [Normal decode])
	Flags: bus master, fast devsel, latency 0
	Bus: primary=00, secondary=04, subordinate=04, sec-latency=0
	I/O behind bridge: 00004000-00004fff
	Memory behind bridge: d8000000-d9ffffff
	Prefetchable memory behind bridge: 00000000dfb00000-00000000dfbfffff
	Capabilities: <access denied>
00:1c.3 PCI bridge: Intel Corporation 82801H (ICH8 Family) PCI Express Port 4 (rev 03) (prog-if 00 [Normal decode])
	Flags: bus master, fast devsel, latency 0
	Bus: primary=00, secondary=05, subordinate=0c, sec-latency=0
	I/O behind bridge: 00005000-00005fff
	Memory behind bridge: d4000000-d5ffffff
	Prefetchable memory behind bridge: 00000000df800000-00000000df8fffff
	Capabilities: <access denied>
00:1c.4 PCI bridge: Intel Corporation 82801H (ICH8 Family) PCI Express Port 5 (rev 03) (prog-if 00 [Normal decode])
	Flags: bus master, fast devsel, latency 0
	Bus: primary=00, secondary=0d, subordinate=14, sec-latency=0
	I/O behind bridge: 00006000-00006fff
	Memory behind bridge: d0000000-d1ffffff
	Prefetchable memory behind bridge: 00000000df500000-00000000df5fffff
	Capabilities: <access denied>
00:1d.0 USB Controller: Intel Corporation 82801H (ICH8 Family) USB UHCI Controller #1 (rev 03) (prog-if 00 [UHCI])
	Subsystem: Lenovo Unknown device 20aa
	Flags: bus master, medium devsel, latency 0, IRQ 16
	I/O ports at 18a0 [size=32]
00:1d.1 USB Controller: Intel Corporation 82801H (ICH8 Family) USB UHCI Controller #2 (rev 03) (prog-if 00 [UHCI])
	Subsystem: Lenovo Unknown device 20aa
	Flags: bus master, medium devsel, latency 0, IRQ 17
	I/O ports at 18c0 [size=32]
00:1d.2 USB Controller: Intel Corporation 82801H (ICH8 Family) USB UHCI Controller #3 (rev 03) (prog-if 00 [UHCI])
	Subsystem: Lenovo Unknown device 20aa
	Flags: bus master, medium devsel, latency 0, IRQ 18
	I/O ports at 18e0 [size=32]
00:1d.7 USB Controller: Intel Corporation 82801H (ICH8 Family) USB2 EHCI Controller #1 (rev 03) (prog-if 20 [EHCI])
	Subsystem: Lenovo Unknown device 20ab
	Flags: bus master, medium devsel, latency 0, IRQ 19
	Memory at fe227000 (32-bit, non-prefetchable) [size=1K]
	Capabilities: <access denied>
00:1e.0 PCI bridge: Intel Corporation 82801 Mobile PCI Bridge (rev f3) (prog-if 01 [Subtractive decode])
	Flags: bus master, fast devsel, latency 0
	Bus: primary=00, secondary=15, subordinate=18, sec-latency=32
	I/O behind bridge: 00007000-0000afff
	Memory behind bridge: f8300000-fbffffff
	Prefetchable memory behind bridge: 00000000f4000000-00000000f7ffffff
	Capabilities: <access denied>
00:1f.0 ISA bridge: Intel Corporation 82801HBM (ICH8M-E) LPC Interface Controller (rev 03)
	Subsystem: Lenovo Unknown device 20b6
	Flags: bus master, medium devsel, latency 0
	Capabilities: <access denied>
00:1f.1 IDE interface: Intel Corporation 82801HBM/HEM (ICH8M/ICH8M-E) IDE Controller (rev 03) (prog-if 8a [Master SecP PriP])
	Subsystem: Lenovo Unknown device 20a6
	Flags: bus master, medium devsel, latency 0, IRQ 16
	I/O ports at 01f0 [size=8]
	I/O ports at 03f4 [size=1]
	I/O ports at 0170 [size=8]
	I/O ports at 0374 [size=1]
	I/O ports at 1c00 [size=16]
00:1f.2 SATA controller: Intel Corporation 82801HBM/HEM (ICH8M/ICH8M-E) SATA AHCI Controller (rev 03) (prog-if 01 [AHCI 1.0])
	Subsystem: Lenovo Unknown device 20a7
	Flags: bus master, 66MHz, medium devsel, latency 0, IRQ 16
	I/O ports at 1c50 [size=8]
	I/O ports at 1c44 [size=4]
	I/O ports at 1c48 [size=8]
	I/O ports at 1c40 [size=4]
	I/O ports at 1c20 [size=32]
	Memory at fe226000 (32-bit, non-prefetchable) [size=2K]
	Capabilities: <access denied>
00:1f.3 SMBus: Intel Corporation 82801H (ICH8 Family) SMBus Controller (rev 03)
	Subsystem: Lenovo Unknown device 20a9
	Flags: medium devsel, IRQ 11
	Memory at fe227400 (32-bit, non-prefetchable) [size=256]
	I/O ports at 1c60 [size=32]
03:00.0 Network controller: Intel Corporation PRO/Wireless 4965 AG or AGN Network Connection (rev 61)
	Subsystem: Intel Corporation Unknown device 1010
	Flags: bus master, fast devsel, latency 0, IRQ 17
	Memory at df3fe000 (64-bit, non-prefetchable) [size=8K]
	Capabilities: <access denied>
15:00.0 CardBus bridge: Ricoh Co Ltd RL5c476 II (rev ba)
	Subsystem: Lenovo Unknown device 20c6
	Flags: bus master, medium devsel, latency 168, IRQ 16
	Memory at f8300000 (32-bit, non-prefetchable) [size=4K]
	Bus: primary=15, secondary=16, subordinate=17, sec-latency=176
	Memory window 0: f4000000-f7fff000 (prefetchable)
	Memory window 1: 40000000-43fff000
	I/O window 0: 00007000-000070ff
	I/O window 1: 00007400-000074ff
	16-bit legacy interface ports at 0001
15:00.1 FireWire (IEEE 1394): Ricoh Co Ltd R5C832 IEEE 1394 Controller (rev 04) (prog-if 10 [OHCI])
	Subsystem: Lenovo Unknown device 20c7
	Flags: bus master, medium devsel, latency 64, IRQ 17
	Memory at f8301000 (32-bit, non-prefetchable) [size=2K]
	Capabilities: <access denied>
15:00.2 Generic system peripheral [0805]: Ricoh Co Ltd R5C822 SD/SDIO/MMC/MS/MSPro Host Adapter (rev 21)
	Subsystem: Lenovo Unknown device 20c8
	Flags: bus master, medium devsel, latency 64, IRQ 18
	Memory at f8301800 (32-bit, non-prefetchable) [size=256]
	Capabilities: <access denied>
15:00.3 System peripheral: Ricoh Co Ltd R5C843 MMC Host Controller (rev 11)
	Subsystem: Lenovo Unknown device 20c9
	Flags: bus master, medium devsel, latency 0, IRQ 11
	Memory at f8301c00 (32-bit, non-prefetchable) [size=256]
	Capabilities: <access denied>
15:00.4 System peripheral: Ricoh Co Ltd R5C592 Memory Stick Bus Host Adapter (rev 11)
	Subsystem: Lenovo Unknown device 20ca
	Flags: medium devsel, IRQ 11
	Memory at f8302000 (32-bit, non-prefetchable) [size=256]
	Capabilities: <access denied>
15:00.5 System peripheral: Ricoh Co Ltd xD-Picture Card Controller (rev 11)
	Subsystem: Lenovo Unknown device 20cb
	Flags: medium devsel, IRQ 11
	Memory at f8302400 (32-bit, non-prefetchable) [size=256]
	Capabilities: <access denied>
#/etc/chrony/chrony.conf
# Servers we query for time
server 133.100.9.2
server 133.100.11.8
server 203.129.68.14
# Do rapid checks on start-up to synchronize the clock immediately on bootup
initstepslew 5 133.100.9.2 133.100.11.8 203.129.68.14
# Look here for the admin password needed for chronyc.  The initial
# password is generated by a random process at install time.  You may
# change it if you wish.
keyfile /etc/chrony/chrony.keys
# Set runtime command key.  Note that if you change the key (not the
# password) to anything other than 1 you will need to edit
# /etc/ppp/ip-up.d/chrony, /etc/ppp/ip-down.d/chrony, and
# /etc/cron.weekly/chrony as these scripts use it to get the password.
commandkey 1
# I moved the driftfile to /var/lib/chrony to comply with the Debian
# filesystem standard.
driftfile /var/lib/chrony/chrony.drift
# Comment this line out to turn off logging.
log tracking measurements statistics
logdir /var/log/chrony
# Stop bad estimates upsetting machine clock.
maxupdateskew 100.0
# Dump measurements when daemon exits.
dumponexit
# Specify directory for dumping measurements.
dumpdir /var/lib/chrony
# This directive forces `chronyd' to send a message to syslog if it
# makes a system clock adjustment larger than a threshold value in seconds.
logchange 0.5
# This directive defines an email address to which mail should be sent
# if chronyd applies a correction exceeding a particular threshold to the
# system clock.
# mailonchange root@localhost 0.5
# Specify the file where real-time clock data is stored.  To use this you
# must have enhanced real-time clock support compiled into your kernel.
# Comment out the next line if you do not.  Note: I have seen problems with
# the rtc on some motherboards.  Please file a bug if this bites you.
rtcfile /var/lib/chrony/chrony.rtc
# If the last line of this file reads 'rtconutc' chrony will assume that
# the CMOS clock is on UTC (GMT).  If it reads '# rtconutc' or is absent
# chrony will assume local time.  The line (if any) was written by the
# chrony postinst based on what it found in /etc/default/rcS.  You may
# change it if necessary.  The next line is just a marker for the postinst.
# You can delete it if you wish.
# POSTINSTMARKER
rtconutc
[unhandled content-type:application/pgp-signature]