Date: Mon, 11 Feb 2008 17:37:04 -0200
From: "Carlos R. Mafra" <>
Subject: Re: [2.6.25-rc1 regression] Suspend to RAM (bisected)
Sender: linux-kernel-owner@vger.kernel.org
Precedence: bulk
List-ID: <linux-kernel.vger.kernel.org>
X-Mailing-List: linux-kernel@vger.kernel.org
X-Lkml-Link: https://lkml.org/lkml/2008/2/11/364

Pallipadi, Venkatesh wrote:
>> -----Original Message-----
>> From: Calvin Walton [mailto:calvin.walton@gmail.com] 
>> Sent: Sunday, February 10, 2008 9:48 PM
>> To: Carlos R. Mafra
>> Cc: linux-kernel@vger.kernel.org; Pallipadi, Venkatesh
>> Subject: Re: [2.6.25-rc1 regression] Suspend to RAM (bisected)
>>
>> On Mon, 2008-02-11 at 03:25 -0200, Carlos R. Mafra wrote: 
>>> Hi,
>>>
>>> I want to report that suspend to RAM stopped working on my Sony Vaio 
>>> VGN-FZ240E in 2.6.25-rc1 and that I could bisect the problem down
>>> to:
>>>
>>> commit bc71bec91f9875ef825d12104acf3bf4ca215fa4
>>> Author: venkatesh.pallipadi@intel.com <venkatesh.pallipadi@intel.com>
>>> Date:   Thu Jan 31 17:35:04 2008 -0800
>>>
>>>     ACPI: enable MWAIT for C1 idle
>> I normally hate to throw in a 'me-too', but I'm also seeing a
>> suspend-to-ram regression on my Thinkpad R61i that I've managed to
>> bisect down to the same patch series.
>>
> 
> Carlos, Calvin,
> 
> Can you send me the output of acpidump and full dmesg to me. Looks like
> it is a platform issue due to which we cannot use C1 mwait idle during
> suspend resume, something similar to issue we had with using C2/C3 state
> during idle.
Full dmesg and acpidump outputs are attached.
> Thanks,
> Venki 
Thank you for looking at it,
Carlos
Linux version 2.6.25-rc1 (mafra@Pilar) (gcc version 4.2.2 20070909 (prerelease) (4.2.2-0.RC.1mdv2008.0)) #19 SMP Mon Feb 11 09:30:23 BRST 2008
Command line: BOOT_IMAGE=2.6.25-rc1 root=/dev/sda6 resume=/dev/sda8 splash=silent vga=0x0364
BIOS-provided physical RAM map:
 BIOS-e820: 0000000000000000 - 000000000009f800 (usable)
 BIOS-e820: 000000000009f800 - 00000000000a0000 (reserved)
 BIOS-e820: 00000000000dc000 - 0000000000100000 (reserved)
 BIOS-e820: 0000000000100000 - 000000007f6d0000 (usable)
 BIOS-e820: 000000007f6d0000 - 000000007f6e0000 (ACPI data)
 BIOS-e820: 000000007f6e0000 - 000000007f6e3000 (ACPI NVS)
 BIOS-e820: 000000007f6e3000 - 0000000080000000 (reserved)
 BIOS-e820: 00000000e0000000 - 00000000f0000000 (reserved)
 BIOS-e820: 00000000fec00000 - 00000000fec10000 (reserved)
 BIOS-e820: 00000000fed00000 - 00000000fed00400 (reserved)
 BIOS-e820: 00000000fed14000 - 00000000fed1a000 (reserved)
 BIOS-e820: 00000000fed1c000 - 00000000fed90000 (reserved)
 BIOS-e820: 00000000fee00000 - 00000000fee01000 (reserved)
 BIOS-e820: 00000000ff000000 - 0000000100000000 (reserved)
Entering add_active_range(0, 0, 159) 0 entries of 256 used
Entering add_active_range(0, 256, 521936) 1 entries of 256 used
end_pfn_map = 1048576
DMI present.
ACPI: RSDP 000F8060, 0024 (r2 PTLTD )
ACPI: XSDT 7F6D7E0E, 008C (r1   Sony     VAIO 20070704 PTL         0)
ACPI: FACP 7F6DFC04, 00F4 (r3   Sony     VAIO 20070704 PTL         1)
ACPI: DSDT 7F6D9217, 6979 (r2   Sony     VAIO 20070704 PTL  20050624)
ACPI: FACS 7F6E2FC0, 0040
ACPI: APIC 7F6DFCF8, 0068 (r1   Sony     VAIO 20070704 PTL        5A)
ACPI: HPET 7F6DFD60, 0038 (r1   Sony     VAIO 20070704 PTL        5A)
ACPI: MCFG 7F6DFD98, 003C (r1   Sony     VAIO 20070704 PTL        5A)
ACPI: SLIC 7F6DFDD4, 0176 (r1   Sony     VAIO 20070704 PTL   1000000)
ACPI: TMOR 7F6DFF4A, 0026 (r1   Sony     VAIO 20070704 PTL         3)
ACPI: APIC 7F6DFF70, 0068 (r1   Sony     VAIO 20070704 PTL         0)
ACPI: BOOT 7F6DFFD8, 0028 (r1   Sony     VAIO 20070704 PTL         1)
ACPI: SSDT 7F6D90FA, 011D (r1   Sony     VAIO 20070704 PTL  20050624)
ACPI: SSDT 7F6D8FD7, 0123 (r1   Sony     VAIO 20070704 PTL  20050624)
ACPI: SSDT 7F6D8482, 0287 (r1   Sony     VAIO 20070704 PTL  20050624)
ACPI: SSDT 7F6D83CE, 00B4 (r1   Sony     VAIO 20070704 PTL  20050624)
ACPI: SSDT 7F6D7E9A, 0534 (r1   Sony     VAIO 20070704 PTL  20050624)
ACPI: BIOS bug: multiple APIC/MADT found, using 0
ACPI: If "acpi_apic_instance=2" works better, notify linux-acpi@vger.kernel.org
ACPI: DMI detected: Sony
Entering add_active_range(0, 0, 159) 0 entries of 256 used
Entering add_active_range(0, 256, 521936) 1 entries of 256 used
early res: 0 [0-fff] BIOS data page
early res: 1 [6000-7fff] SMP_TRAMPOLINE
early res: 2 [200000-65f4cf] TEXT DATA BSS
early res: 3 [37f82000-37fef0c9] RAMDISK
early res: 4 [9f800-a07ff] EBDA
early res: 5 [8000-bfff] PGTABLE
 [ffffe20000000000-ffffe200001fffff] PMD ->ffff810001200000 on node 0
 [ffffe20000200000-ffffe200003fffff] PMD ->ffff810001600000 on node 0
 [ffffe20000400000-ffffe200005fffff] PMD ->ffff810001a00000 on node 0
 [ffffe20000600000-ffffe200007fffff] PMD ->ffff810001e00000 on node 0
 [ffffe20000800000-ffffe200009fffff] PMD ->ffff810002200000 on node 0
 [ffffe20000a00000-ffffe20000bfffff] PMD ->ffff810002600000 on node 0
 [ffffe20000c00000-ffffe20000dfffff] PMD ->ffff810002a00000 on node 0
 [ffffe20000e00000-ffffe20000ffffff] PMD ->ffff810002e00000 on node 0
 [ffffe20001000000-ffffe200011fffff] PMD ->ffff810003200000 on node 0
 [ffffe20001200000-ffffe200013fffff] PMD ->ffff810003600000 on node 0
 [ffffe20001400000-ffffe200015fffff] PMD ->ffff810003a00000 on node 0
 [ffffe20001600000-ffffe200017fffff] PMD ->ffff810003e00000 on node 0
 [ffffe20001800000-ffffe200019fffff] PMD ->ffff810004200000 on node 0
 [ffffe20001a00000-ffffe20001bfffff] PMD ->ffff810004600000 on node 0
Zone PFN ranges:
  DMA             0 ->     4096
  DMA32        4096 ->  1048576
  Normal    1048576 ->  1048576
Movable zone start PFN for each node
early_node_map[2] active PFN ranges
    0:        0 ->      159
    0:      256 ->   521936
On node 0 totalpages: 521839
  DMA zone: 56 pages used for memmap
  DMA zone: 1129 pages reserved
  DMA zone: 2814 pages, LIFO batch:0
  DMA32 zone: 7079 pages used for memmap
  DMA32 zone: 510761 pages, LIFO batch:31
  Normal zone: 0 pages used for memmap
  Movable zone: 0 pages used for memmap
ACPI: PM-Timer IO Port: 0x1008
ACPI: Local APIC address 0xfee00000
ACPI: LAPIC (acpi_id[0x00] lapic_id[0x00] enabled)
Processor #0 (Bootup-CPU)
ACPI: LAPIC (acpi_id[0x01] lapic_id[0x01] enabled)
Processor #1
ACPI: LAPIC_NMI (acpi_id[0x00] high edge lint[0x1])
ACPI: LAPIC_NMI (acpi_id[0x01] high edge lint[0x1])
ACPI: IOAPIC (id[0x01] address[0xfec00000] gsi_base[0])
IOAPIC[0]: apic_id 1, address 0xfec00000, GSI 0-23
ACPI: INT_SRC_OVR (bus 0 bus_irq 0 global_irq 2 dfl dfl)
ACPI: INT_SRC_OVR (bus 0 bus_irq 9 global_irq 9 high level)
ACPI: IRQ0 used by override.
ACPI: IRQ2 used by override.
ACPI: IRQ9 used by override.
Setting APIC routing to flat
ACPI: HPET id: 0x8086a201 base: 0xfed00000
Using ACPI (MADT) for SMP configuration information
PM: Registered nosave memory: 000000000009f000 - 00000000000a0000
PM: Registered nosave memory: 00000000000a0000 - 00000000000dc000
PM: Registered nosave memory: 00000000000dc000 - 0000000000100000
Allocating PCI resources starting at 88000000 (gap: 80000000:60000000)
SMP: Allowing 2 CPUs, 0 hotplug CPUs
PERCPU: Allocating 32736 bytes of per cpu data
Built 1 zonelists in Zone order, mobility grouping on.  Total pages: 513575
Kernel command line: BOOT_IMAGE=2.6.25-rc1 root=/dev/sda6 resume=/dev/sda8 splash=silent vga=0x0364
Initializing CPU#0
PID hash table entries: 4096 (order: 12, 32768 bytes)
Extended CMOS year: 2000
TSC calibrated against PM_TIMER
time.c: Detected 1994.983 MHz processor.
Console: colour dummy device 80x25
console [tty0] enabled
------------------------
| Locking API testsuite:
----------------------------------------------------------------------------
                                 | spin |wlock |rlock |mutex | wsem | rsem |
  --------------------------------------------------------------------------
                     A-A deadlock:failed|failed|  ok  |failed|failed|failed|
                 A-B-B-A deadlock:failed|failed|  ok  |failed|failed|failed|
             A-B-B-C-C-A deadlock:failed|failed|  ok  |failed|failed|failed|
             A-B-C-A-B-C deadlock:failed|failed|  ok  |failed|failed|failed|
         A-B-B-C-C-D-D-A deadlock:failed|failed|  ok  |failed|failed|failed|
         A-B-C-D-B-D-D-A deadlock:failed|failed|  ok  |failed|failed|failed|
         A-B-C-D-B-C-D-A deadlock:failed|failed|  ok  |failed|failed|failed|
                    double unlock:failed|failed|failed|failed|failed|failed|
                  initialize held:failed|failed|failed|failed|failed|failed|
                 bad unlock order:  ok  |  ok  |  ok  |  ok  |  ok  |  ok  |
  --------------------------------------------------------------------------
              recursive read-lock:             |  ok  |             |failed|
           recursive read-lock #2:             |  ok  |             |failed|
            mixed read-write-lock:             |failed|             |failed|
            mixed write-read-lock:             |failed|             |failed|
  --------------------------------------------------------------------------
     hard-irqs-on + irq-safe-A/12:failed|failed|  ok  |
     soft-irqs-on + irq-safe-A/12:failed|failed|  ok  |
     hard-irqs-on + irq-safe-A/21:failed|failed|  ok  |
     soft-irqs-on + irq-safe-A/21:failed|failed|  ok  |
       sirq-safe-A => hirqs-on/12:failed|failed|  ok  |
       sirq-safe-A => hirqs-on/21:failed|failed|  ok  |
         hard-safe-A + irqs-on/12:failed|failed|  ok  |
         soft-safe-A + irqs-on/12:failed|failed|  ok  |
         hard-safe-A + irqs-on/21:failed|failed|  ok  |
         soft-safe-A + irqs-on/21:failed|failed|  ok  |
    hard-safe-A + unsafe-B #1/123:failed|failed|  ok  |
    soft-safe-A + unsafe-B #1/123:failed|failed|  ok  |
    hard-safe-A + unsafe-B #1/132:failed|failed|  ok  |
    soft-safe-A + unsafe-B #1/132:failed|failed|  ok  |
    hard-safe-A + unsafe-B #1/213:failed|failed|  ok  |
    soft-safe-A + unsafe-B #1/213:failed|failed|  ok  |
    hard-safe-A + unsafe-B #1/231:failed|failed|  ok  |
    soft-safe-A + unsafe-B #1/231:failed|failed|  ok  |
    hard-safe-A + unsafe-B #1/312:failed|failed|  ok  |
    soft-safe-A + unsafe-B #1/312:failed|failed|  ok  |
    hard-safe-A + unsafe-B #1/321:failed|failed|  ok  |
    soft-safe-A + unsafe-B #1/321:failed|failed|  ok  |
    hard-safe-A + unsafe-B #2/123:failed|failed|  ok  |
    soft-safe-A + unsafe-B #2/123:failed|failed|  ok  |
    hard-safe-A + unsafe-B #2/132:failed|failed|  ok  |
    soft-safe-A + unsafe-B #2/132:failed|failed|  ok  |
    hard-safe-A + unsafe-B #2/213:failed|failed|  ok  |
    soft-safe-A + unsafe-B #2/213:failed|failed|  ok  |
    hard-safe-A + unsafe-B #2/231:failed|failed|  ok  |
    soft-safe-A + unsafe-B #2/231:failed|failed|  ok  |
    hard-safe-A + unsafe-B #2/312:failed|failed|  ok  |
    soft-safe-A + unsafe-B #2/312:failed|failed|  ok  |
    hard-safe-A + unsafe-B #2/321:failed|failed|  ok  |
    soft-safe-A + unsafe-B #2/321:failed|failed|  ok  |
      hard-irq lock-inversion/123:failed|failed|  ok  |
      soft-irq lock-inversion/123:failed|failed|  ok  |
      hard-irq lock-inversion/132:failed|failed|  ok  |
      soft-irq lock-inversion/132:failed|failed|  ok  |
      hard-irq lock-inversion/213:failed|failed|  ok  |
      soft-irq lock-inversion/213:failed|failed|  ok  |
      hard-irq lock-inversion/231:failed|failed|  ok  |
      soft-irq lock-inversion/231:failed|failed|  ok  |
      hard-irq lock-inversion/312:failed|failed|  ok  |
      soft-irq lock-inversion/312:failed|failed|  ok  |
      hard-irq lock-inversion/321:failed|failed|  ok  |
      soft-irq lock-inversion/321:failed|failed|  ok  |
      hard-irq read-recursion/123:  ok  |
      soft-irq read-recursion/123:  ok  |
      hard-irq read-recursion/132:  ok  |
      soft-irq read-recursion/132:  ok  |
      hard-irq read-recursion/213:  ok  |
      soft-irq read-recursion/213:  ok  |
      hard-irq read-recursion/231:  ok  |
      soft-irq read-recursion/231:  ok  |
      hard-irq read-recursion/312:  ok  |
      soft-irq read-recursion/312:  ok  |
      hard-irq read-recursion/321:  ok  |
      soft-irq read-recursion/321:  ok  |
--------------------------------------------------------
145 out of 218 testcases failed, as expected. |
----------------------------------------------------
Dentry cache hash table entries: 262144 (order: 9, 2097152 bytes)
Inode-cache hash table entries: 131072 (order: 8, 1048576 bytes)
Memory: 2049776k/2087744k available (2441k kernel code, 36936k reserved, 1182k data, 244k init)
CPA: page pool initialized 32 of 32 pages preallocated
hpet clockevent registered
Calibrating delay using timer specific routine.. 3994.42 BogoMIPS (lpj=7988852)
Security Framework initialized
Mount-cache hash table entries: 256
CPU: L1 I cache: 32K, L1 D cache: 32K
CPU: L2 cache: 2048K
CPU: Physical Processor ID: 0
CPU: Processor Core ID: 0
CPU0: Thermal monitoring enabled (TM2)
using mwait in idle threads.
ACPI: Core revision 20070126
Using local APIC timer interrupts.
APIC timer calibration result 12468662
Detected 12.468 MHz APIC timer.
Booting processor 1/2 APIC 0x1
Initializing CPU#1
Calibrating delay using timer specific routine.. 3989.99 BogoMIPS (lpj=7979984)
CPU: L1 I cache: 32K, L1 D cache: 32K
CPU: L2 cache: 2048K
CPU: Physical Processor ID: 0
CPU: Processor Core ID: 1
CPU1: Thermal monitoring enabled (TM2)
Intel(R) Core(TM)2 Duo CPU     T7250  @ 2.00GHz stepping 0d
checking TSC synchronization [CPU#0 -> CPU#1]: passed.
Brought up 2 CPUs
CPU0 attaching sched-domain:
 domain 0: span 3
  groups: 1 2
CPU1 attaching sched-domain:
 domain 0: span 3
  groups: 2 1
net_namespace: 304 bytes
NET: Registered protocol family 16
ACPI: bus type pci registered
PCI: Using configuration type 1
ACPI: EC: Look up EC in DSDT
ACPI: BIOS _OSI(Linux) query ignored via DMI
ACPI: Interpreter enabled
ACPI: (supports S0 S3 S4 S5)
ACPI: Using IOAPIC for interrupt routing
ACPI: EC: non-query interrupt received, switching to interrupt mode
ACPI: EC: GPE = 0x17, I/O: command/status = 0x66, data = 0x62
ACPI: EC: driver started in interrupt mode
ACPI: PCI Root Bridge [PCI0] (0000:00)
pci 0000:00:1f.0: quirk: region 1000-107f claimed by ICH6 ACPI/GPIO/TCO
pci 0000:00:1f.0: quirk: region 1180-11bf claimed by ICH6 GPIO
PCI: Transparent bridge - 0000:00:1e.0
ACPI: PCI Interrupt Routing Table [\_SB_.PCI0._PRT]
ACPI: PCI Interrupt Routing Table [\_SB_.PCI0.RP01._PRT]
ACPI: PCI Interrupt Routing Table [\_SB_.PCI0.RP02._PRT]
ACPI: PCI Interrupt Routing Table [\_SB_.PCI0.RP03._PRT]
ACPI: PCI Interrupt Routing Table [\_SB_.PCI0.RP05._PRT]
ACPI: PCI Interrupt Routing Table [\_SB_.PCI0.PCIB._PRT]
ACPI: PCI Interrupt Link [LNKA] (IRQs 1 3 4 *5 6 7 10 12 14 15)
ACPI: PCI Interrupt Link [LNKB] (IRQs 1 3 4 5 6 7 11 12 14 15) *10
ACPI: PCI Interrupt Link [LNKC] (IRQs 1 3 4 5 6 *7 10 12 14 15)
ACPI: PCI Interrupt Link [LNKD] (IRQs 1 3 4 5 6 7 11 12 14 15) *10
ACPI: PCI Interrupt Link [LNKE] (IRQs 1 3 4 5 6 7 10 12 14 15) *0, disabled.
ACPI: PCI Interrupt Link [LNKF] (IRQs 1 3 4 5 6 7 *11 12 14 15)
ACPI: PCI Interrupt Link [LNKG] (IRQs 1 3 4 5 6 7 10 12 14 15) *11
ACPI: PCI Interrupt Link [LNKH] (IRQs 1 3 4 5 6 7 11 12 14 15) *10
Linux Plug and Play Support v0.97 (c) Adam Belay
pnp: PnP ACPI init
ACPI: bus type pnp registered
pnp: PnP ACPI: found 10 devices
ACPI: ACPI bus type pnp unregistered
PCI: Using ACPI for IRQ routing
PCI: If a device doesn't work, try "pci=routeirq".  If it helps, post a report
hpet0: at MMIO 0xfed00000, IRQs 2, 8, 11
hpet0: 3 64-bit timers, 14318180 Hz
Time: tsc clocksource has been installed.
system 00:01: iomem range 0xfed1c000-0xfed1ffff could not be reserved
system 00:01: iomem range 0xfed14000-0xfed17fff could not be reserved
system 00:01: iomem range 0xfed18000-0xfed18fff could not be reserved
system 00:01: iomem range 0xfed19000-0xfed19fff could not be reserved
system 00:01: iomem range 0xe0000000-0xefffffff could not be reserved
system 00:01: iomem range 0xfed20000-0xfed3ffff could not be reserved
system 00:01: iomem range 0xfed40000-0xfed44fff could not be reserved
system 00:01: iomem range 0xfed45000-0xfed8ffff could not be reserved
system 00:04: iomem range 0xfed00000-0xfed003ff could not be reserved
system 00:06: ioport range 0x680-0x69f has been reserved
system 00:06: ioport range 0x800-0x80f has been reserved
system 00:06: ioport range 0x1000-0x107f has been reserved
system 00:06: ioport range 0x1180-0x11bf has been reserved
system 00:06: ioport range 0x1640-0x164f has been reserved
system 00:06: ioport range 0xfe00-0xfe7f has been reserved
system 00:06: ioport range 0xfe80-0xfeff has been reserved
PCI: Bridge: 0000:00:1c.0
  IO window: 2000-2fff
  MEM window: 0xf6000000-0xf7ffffff
  PREFETCH window: 0x00000000f0000000-0x00000000f1ffffff
PCI: Bridge: 0000:00:1c.1
  IO window: 3000-3fff
  MEM window: 0xf8000000-0xf9ffffff
  PREFETCH window: 0x00000000f2000000-0x00000000f3ffffff
PCI: Bridge: 0000:00:1c.2
  IO window: 4000-4fff
  MEM window: 0xfa000000-0xfbffffff
  PREFETCH window: 0x00000000f4000000-0x00000000f5ffffff
PCI: Bridge: 0000:00:1c.4
  IO window: 5000-5fff
  MEM window: 0xfc200000-0xfc2fffff
  PREFETCH window: disabled.
PCI: Bus 10, cardbus bridge: 0000:09:03.0
  IO window: 0x00001400-0x000014ff
  IO window: 0x00006000-0x000060ff
  PREFETCH window: 0x8c000000-0x8fffffff
  MEM window: 0x90000000-0x93ffffff
PCI: Bridge: 0000:00:1e.0
  IO window: disabled.
  MEM window: 0xfc300000-0xfc3fffff
  PREFETCH window: disabled.
ACPI: PCI Interrupt 0000:00:1c.0[A] -> GSI 17 (level, low) -> IRQ 17
PCI: Setting latency timer of device 0000:00:1c.0 to 64
ACPI: PCI Interrupt 0000:00:1c.1[B] -> GSI 16 (level, low) -> IRQ 16
PCI: Setting latency timer of device 0000:00:1c.1 to 64
ACPI: PCI Interrupt 0000:00:1c.2[C] -> GSI 18 (level, low) -> IRQ 18
PCI: Setting latency timer of device 0000:00:1c.2 to 64
ACPI: PCI Interrupt 0000:00:1c.4[A] -> GSI 17 (level, low) -> IRQ 17
PCI: Setting latency timer of device 0000:00:1c.4 to 64
PCI: Setting latency timer of device 0000:00:1e.0 to 64
ACPI: PCI Interrupt 0000:09:03.0[A] -> GSI 16 (level, low) -> IRQ 16
NET: Registered protocol family 2
IP route cache hash table entries: 65536 (order: 7, 524288 bytes)
TCP established hash table entries: 262144 (order: 10, 4194304 bytes)
TCP bind hash table entries: 65536 (order: 8, 1048576 bytes)
TCP: Hash tables configured (established 262144 bind 65536)
TCP reno registered
checking if image is initramfs... it is
Freeing initrd memory: 436k freed
Simple Boot Flag at 0x36 set to 0x1
io scheduler noop registered
io scheduler cfq registered (default)
pci 0000:00:02.0: Boot video device
vesafb: framebuffer at 0xd0000000, mapped to 0xffffc20000080000, using 4000k, total 7616k
vesafb: mode is 1280x800x16, linelength=2560, pages=2
vesafb: scrolling: redraw
vesafb: Truecolor: size=0:5:6:5, shift=0:11:5:0
Console: switching to colour frame buffer device 160x50
fb0: VESA VGA frame buffer device
ACPI: AC Adapter [ADP1] (on-line)
Switched to high resolution mode on CPU 1
Switched to high resolution mode on CPU 0
ACPI: Battery Slot [BAT0] (battery present)
input: Lid Switch as /class/input/input0
ACPI: Lid Switch [LID0]
input: Power Button (CM) as /class/input/input1
ACPI: Power Button (CM) [PWRB]
ACPI: SSDT 7F6D8C52, 02A1 (r1   Sony     VAIO 20070704 PTL  20050624)
ACPI: SSDT 7F6D8709, 04B7 (r1   Sony     VAIO 20070704 PTL  20050624)
Monitor-Mwait will be used to enter C-1 state
Monitor-Mwait will be used to enter C-2 state
Monitor-Mwait will be used to enter C-3 state
ACPI: CPU0 (power states: C1[C1] C2[C2] C3[C3])
ACPI: ACPI0007:00 is registered as cooling_device0
ACPI: Processor [CPU0] (supports 8 throttling states)
ACPI: SSDT 7F6D8EF3, 00E4 (r1   Sony     VAIO 20070704 PTL  20050624)
ACPI: SSDT 7F6D8BC0, 0092 (r1   Sony     VAIO 20070704 PTL  20050624)
ACPI: CPU1 (power states: C1[C1] C2[C2] C3[C3])
ACPI: ACPI0007:01 is registered as cooling_device1
ACPI: Processor [CPU1] (supports 8 throttling states)
ACPI: LNXTHERM:01 is registered as thermal_zone0
ACPI: Thermal Zone [TZ00] (55 C)
ACPI: LNXTHERM:02 is registered as thermal_zone1
ACPI: Thermal Zone [TZ01] (55 C)
hpet_resources: 0xfed00000 is busy
Generic RTC Driver v1.07
Linux agpgart interface v0.103
Serial: 8250/16550 driver $Revision: 1.90 $ 4 ports, IRQ sharing disabled
brd: module loaded
sony-laptop: Sony Notebook Control Driver v0.6.
input: Sony Vaio Keys as /class/input/input2
input: Sony Vaio Jogdial as /class/input/input3
sony-laptop: detected Sony Vaio FZ Series
PNP: PS/2 Controller [PNP0303:PS2K,PNP0f13:PS2M] at 0x60,0x64 irq 1,12
i8042.c: Detected active multiplexing controller, rev 1.1.
serio: i8042 KBD port at 0x60,0x64 irq 1
serio: i8042 AUX0 port at 0x60,0x64 irq 12
serio: i8042 AUX1 port at 0x60,0x64 irq 12
serio: i8042 AUX2 port at 0x60,0x64 irq 12
serio: i8042 AUX3 port at 0x60,0x64 irq 12
mice: PS/2 mouse device common for all mice
input: AT Translated Set 2 keyboard as /class/input/input4
input: PS/2 Mouse as /class/input/input5
input: AlpsPS/2 ALPS GlidePoint as /class/input/input6
cpuidle: using governor ladder
cpuidle: using governor menu
Advanced Linux Sound Architecture Driver Version 1.0.16rc2 (Thu Jan 31 16:40:16 2008 UTC).
Marking TSC unstable due to TSC halts in idle
Time: hpet clocksource has been installed.
ALSA device list:
  No soundcards found.
TCP cubic registered
NET: Registered protocol family 1
NET: Registered protocol family 15
BIOS EDD facility v0.16 2004-Jun-25, 6 devices found
Freeing unused kernel memory: 244k freed
SCSI subsystem initialized
libata version 3.00 loaded.
ahci 0000:00:1f.2: version 3.0
ACPI: PCI Interrupt 0000:00:1f.2[B] -> GSI 19 (level, low) -> IRQ 19
ahci 0000:00:1f.2: AHCI 0001.0100 32 slots 3 ports 3 Gbps 0x1 impl SATA mode
ahci 0000:00:1f.2: flags: 64bit ncq sntf pm led clo pio slum part 
Clocksource tsc unstable (delta = -1013352280 ns)
PCI: Setting latency timer of device 0000:00:1f.2 to 64
scsi0 : ahci
scsi1 : ahci
scsi2 : ahci
ata1: SATA max UDMA/133 abar m2048@0xfc604000 port 0xfc604100 irq 19
ata2: DUMMY
ata3: DUMMY
ata1: SATA link up 1.5 Gbps (SStatus 113 SControl 300)
ata1.00: ATA-8: FUJITSU MHX2250BT, 0041000B, max UDMA/100
ata1.00: 488397168 sectors, multi 16: LBA48 NCQ (depth 31/32)
ata1.00: configured for UDMA/100
scsi 0:0:0:0: Direct-Access     ATA      FUJITSU MHX2250B 0041 PQ: 0 ANSI: 5
ata_piix 0000:00:1f.1: version 2.12
ACPI: PCI Interrupt 0000:00:1f.1[A] -> GSI 19 (level, low) -> IRQ 19
PCI: Setting latency timer of device 0000:00:1f.1 to 64
scsi3 : ata_piix
scsi4 : ata_piix
ata4: PATA max UDMA/100 cmd 0x1f0 ctl 0x3f6 bmdma 0x1810 irq 14
ata5: PATA max UDMA/100 cmd 0x170 ctl 0x376 bmdma 0x1818 irq 15
ata4.00: ATAPI: SONY    DVD RW AW-G540A, 1.W0, max UDMA/33
ata4.00: configured for UDMA/33
scsi 3:0:0:0: CD-ROM            SONY     DVD RW AW-G540A  1.W0 PQ: 0 ANSI: 5
Driver 'sd' needs updating - please use bus_type methods
sd 0:0:0:0: [sda] 488397168 512-byte hardware sectors (250059 MB)
sd 0:0:0:0: [sda] Write Protect is off
sd 0:0:0:0: [sda] Mode Sense: 00 3a 00 00
sd 0:0:0:0: [sda] Write cache: enabled, read cache: enabled, doesn't support DPO or FUA
sd 0:0:0:0: [sda] 488397168 512-byte hardware sectors (250059 MB)
sd 0:0:0:0: [sda] Write Protect is off
sd 0:0:0:0: [sda] Mode Sense: 00 3a 00 00
sd 0:0:0:0: [sda] Write cache: enabled, read cache: enabled, doesn't support DPO or FUA
 sda: sda1 sda2 < sda5 sda6 sda7 sda8 >
sd 0:0:0:0: [sda] Attached SCSI disk
kjournald starting.  Commit interval 5 seconds
EXT3-fs: mounted filesystem with ordered data mode.
sd 0:0:0:0: Attached scsi generic sg0 type 0
scsi 3:0:0:0: Attached scsi generic sg1 type 5
Driver 'sr' needs updating - please use bus_type methods
sr0: scsi3-mmc drive: 24x/24x writer dvd-ram cd/rw xa/form2 cdda tray
Uniform CD-ROM driver Revision: 3.20
sr 3:0:0:0: Attached scsi CD-ROM sr0
agpgart: Detected an Intel 965GM Chipset.
agpgart: Detected 7676K stolen memory.
agpgart: AGP aperture is 256M @ 0xd0000000
ACPI: PCI Interrupt 0000:09:03.1[B] -> GSI 17 (level, low) -> IRQ 17
ohci1394: fw-host0: OHCI-1394 1.1 (PCI): IRQ=[17]  MMIO=[fc302000-fc3027ff]  Max Packet=[2048]  IR/IT contexts=[4/8]
ACPI: PCI Interrupt 0000:08:00.0[A] -> GSI 16 (level, low) -> IRQ 16
PCI: Setting latency timer of device 0000:08:00.0 to 64
sky2 0000:08:00.0: v1.21 addr 0xfc200000 irq 16 Yukon-FE (0xb7) rev 1
sky2 eth0: addr 00:1a:80:4a:7f:37
usbcore: registered new interface driver usbfs
usbcore: registered new interface driver hub
usbcore: registered new device driver usb
ACPI: PCI Interrupt 0000:00:1f.3[C] -> GSI 19 (level, low) -> IRQ 19
ACPI: PCI Interrupt 0000:00:1a.7[C] -> GSI 18 (level, low) -> IRQ 18
PCI: Setting latency timer of device 0000:00:1a.7 to 64
ehci_hcd 0000:00:1a.7: EHCI Host Controller
ehci_hcd 0000:00:1a.7: new USB bus registered, assigned bus number 1
ehci_hcd 0000:00:1a.7: debug port 1
PCI: cache line size of 32 is not supported by device 0000:00:1a.7
ehci_hcd 0000:00:1a.7: irq 18, io mem 0xfc604800
ehci_hcd 0000:00:1a.7: USB 2.0 started, EHCI 1.00, driver 10 Dec 2004
usb usb1: configuration #1 chosen from 1 choice
hub 1-0:1.0: USB hub found
hub 1-0:1.0: 4 ports detected
USB Universal Host Controller Interface driver v3.0
iwl4965: Intel(R) Wireless WiFi Link 4965AGN driver for Linux, 1.2.23k
iwl4965: Copyright(c) 2003-2007 Intel Corporation
usb usb1: New USB device found, idVendor=1d6b, idProduct=0002
usb usb1: New USB device strings: Mfr=3, Product=2, SerialNumber=1
usb usb1: Product: EHCI Host Controller
usb usb1: Manufacturer: Linux 2.6.25-rc1 ehci_hcd
usb usb1: SerialNumber: 0000:00:1a.7
ACPI: PCI Interrupt 0000:00:1d.7[A] -> GSI 23 (level, low) -> IRQ 23
PCI: Setting latency timer of device 0000:00:1d.7 to 64
ehci_hcd 0000:00:1d.7: EHCI Host Controller
ehci_hcd 0000:00:1d.7: new USB bus registered, assigned bus number 2
ehci_hcd 0000:00:1d.7: debug port 1
PCI: cache line size of 32 is not supported by device 0000:00:1d.7
ehci_hcd 0000:00:1d.7: irq 23, io mem 0xfc604c00
ehci_hcd 0000:00:1d.7: USB 2.0 started, EHCI 1.00, driver 10 Dec 2004
usb usb2: configuration #1 chosen from 1 choice
hub 2-0:1.0: USB hub found
hub 2-0:1.0: 6 ports detected
usb usb2: New USB device found, idVendor=1d6b, idProduct=0002
usb usb2: New USB device strings: Mfr=3, Product=2, SerialNumber=1
usb usb2: Product: EHCI Host Controller
usb usb2: Manufacturer: Linux 2.6.25-rc1 ehci_hcd
usb usb2: SerialNumber: 0000:00:1d.7
ACPI: PCI Interrupt 0000:00:1a.0[A] -> GSI 16 (level, low) -> IRQ 16
PCI: Setting latency timer of device 0000:00:1a.0 to 64
uhci_hcd 0000:00:1a.0: UHCI Host Controller
uhci_hcd 0000:00:1a.0: new USB bus registered, assigned bus number 3
uhci_hcd 0000:00:1a.0: irq 16, io base 0x00001820
usb usb3: configuration #1 chosen from 1 choice
hub 3-0:1.0: USB hub found
hub 3-0:1.0: 2 ports detected
usb usb3: New USB device found, idVendor=1d6b, idProduct=0001
usb usb3: New USB device strings: Mfr=3, Product=2, SerialNumber=1
usb usb3: Product: UHCI Host Controller
usb usb3: Manufacturer: Linux 2.6.25-rc1 uhci_hcd
usb usb3: SerialNumber: 0000:00:1a.0
ACPI: PCI Interrupt 0000:00:1a.1[B] -> GSI 21 (level, low) -> IRQ 21
PCI: Setting latency timer of device 0000:00:1a.1 to 64
uhci_hcd 0000:00:1a.1: UHCI Host Controller
uhci_hcd 0000:00:1a.1: new USB bus registered, assigned bus number 4
uhci_hcd 0000:00:1a.1: irq 21, io base 0x00001840
usb usb4: configuration #1 chosen from 1 choice
hub 4-0:1.0: USB hub found
hub 4-0:1.0: 2 ports detected
usb 1-2: new high speed USB device using ehci_hcd and address 2
usb usb4: New USB device found, idVendor=1d6b, idProduct=0001
usb usb4: New USB device strings: Mfr=3, Product=2, SerialNumber=1
usb usb4: Product: UHCI Host Controller
usb usb4: Manufacturer: Linux 2.6.25-rc1 uhci_hcd
usb usb4: SerialNumber: 0000:00:1a.1
ACPI: PCI Interrupt 0000:00:1d.0[A] -> GSI 23 (level, low) -> IRQ 23
PCI: Setting latency timer of device 0000:00:1d.0 to 64
uhci_hcd 0000:00:1d.0: UHCI Host Controller
uhci_hcd 0000:00:1d.0: new USB bus registered, assigned bus number 5
uhci_hcd 0000:00:1d.0: irq 23, io base 0x00001860
usb usb5: configuration #1 chosen from 1 choice
hub 5-0:1.0: USB hub found
hub 5-0:1.0: 2 ports detected
usb 1-2: configuration #1 chosen from 1 choice
usb 1-2: New USB device found, idVendor=05ca, idProduct=183b
usb 1-2: New USB device strings: Mfr=0, Product=0, SerialNumber=0
usb usb5: New USB device found, idVendor=1d6b, idProduct=0001
usb usb5: New USB device strings: Mfr=3, Product=2, SerialNumber=1
usb usb5: Product: UHCI Host Controller
usb usb5: Manufacturer: Linux 2.6.25-rc1 uhci_hcd
usb usb5: SerialNumber: 0000:00:1d.0
ACPI: PCI Interrupt 0000:00:1d.1[B] -> GSI 19 (level, low) -> IRQ 19
PCI: Setting latency timer of device 0000:00:1d.1 to 64
uhci_hcd 0000:00:1d.1: UHCI Host Controller
uhci_hcd 0000:00:1d.1: new USB bus registered, assigned bus number 6
uhci_hcd 0000:00:1d.1: irq 19, io base 0x00001880
usb usb6: configuration #1 chosen from 1 choice
hub 6-0:1.0: USB hub found
hub 6-0:1.0: 2 ports detected
usb usb6: New USB device found, idVendor=1d6b, idProduct=0001
usb usb6: New USB device strings: Mfr=3, Product=2, SerialNumber=1
usb usb6: Product: UHCI Host Controller
usb usb6: Manufacturer: Linux 2.6.25-rc1 uhci_hcd
usb usb6: SerialNumber: 0000:00:1d.1
ACPI: PCI Interrupt 0000:00:1d.2[C] -> GSI 18 (level, low) -> IRQ 18
PCI: Setting latency timer of device 0000:00:1d.2 to 64
uhci_hcd 0000:00:1d.2: UHCI Host Controller
uhci_hcd 0000:00:1d.2: new USB bus registered, assigned bus number 7
uhci_hcd 0000:00:1d.2: irq 18, io base 0x000018a0
usb usb7: configuration #1 chosen from 1 choice
hub 7-0:1.0: USB hub found
hub 7-0:1.0: 2 ports detected
usb usb7: New USB device found, idVendor=1d6b, idProduct=0001
usb usb7: New USB device strings: Mfr=3, Product=2, SerialNumber=1
usb usb7: Product: UHCI Host Controller
usb usb7: Manufacturer: Linux 2.6.25-rc1 uhci_hcd
usb usb7: SerialNumber: 0000:00:1d.2
ACPI: PCI Interrupt 0000:06:00.0[A] -> GSI 18 (level, low) -> IRQ 18
PCI: Setting latency timer of device 0000:06:00.0 to 64
iwl4965: Detected Intel Wireless WiFi Link 4965AGN
ACPI: PCI Interrupt 0000:00:1b.0[A] -> GSI 22 (level, low) -> IRQ 22
PCI: Setting latency timer of device 0000:00:1b.0 to 64
iwl4965: Tunable channels: 11 802.11bg, 13 802.11a channels
phy0: Selected rate control algorithm 'iwl-4965-rs'
ACPI: PCI interrupt for device 0000:06:00.0 disabled
ieee1394: Host added: ID:BUS[0-00:1023]  GUID[0800460302903fd0]
Non-volatile memory driver v1.2
ACPI: PCI Interrupt 0000:09:03.2[C] -> GSI 18 (level, low) -> IRQ 18
ACPI: device:08 is registered as cooling_device2
input: Video Bus as /class/input/input7
ACPI: Video Device [GFX0] (multi-head: yes  rom: no  post: no)
Initializing USB Mass Storage driver...
usbcore: registered new interface driver usb-storage
USB Mass Storage support registered.
EXT3 FS on sda6, internal journal
Adding 4281280k swap on /dev/sda8.  Priority:-1 extents:1 across:4281280k
kjournald starting.  Commit interval 5 seconds
EXT3 FS on sda5, internal journal
EXT3-fs: mounted filesystem with ordered data mode.
kjournald starting.  Commit interval 5 seconds
EXT3 FS on sda7, internal journal
EXT3-fs: mounted filesystem with ordered data mode.
loop: module loaded
Uniform Multi-Platform E-IDE driver Revision: 7.00alpha2
ide: Assuming 33MHz system bus speed for PIO modes; override with idebus=xx
NET: Registered protocol family 17
ACPI: PCI Interrupt 0000:06:00.0[A] -> GSI 18 (level, low) -> IRQ 18
PM: Writing back config space on device 0000:06:00.0 at offset 1 (was 40100102, writing 40100106)
wlan0: Initial auth_alg=0
wlan0: authenticate with AP 00:19:5b:dc:82:ba
wlan0: RX authentication from 00:19:5b:dc:82:ba (alg=0 transaction=2 status=0)
wlan0: authenticated
wlan0: associate with AP 00:19:5b:dc:82:ba
wlan0: RX AssocResp from 00:19:5b:dc:82:ba (capab=0x431 status=0 aid=2)
wlan0: associated
[drm] Initialized drm 1.1.0 20060810
ACPI: PCI Interrupt 0000:00:02.0[A] -> GSI 16 (level, low) -> IRQ 16
PCI: Setting latency timer of device 0000:00:02.0 to 64
[drm] Initialized i915 1.6.0 20060119 on minor 0
DSDT @ 0x7f6d9217
  0000: 44 53 44 54 79 69 00 00 02 f8 53 6f 6e 79 00 00  DSDTyi....Sony..
  0010: 56 41 49 4f 00 00 00 00 04 07 07 20 50 54 4c 20  VAIO....... PTL 
  0020: 24 06 05 20 5b 80 53 4d 49 30 00 0c 38 2b 6e 7f  $.. [.SMI0..8+n.
  0030: 0c 15 04 00 00 5b 81 17 53 4d 49 30 00 42 43 4d  .....[..SMI0.BCM
  0040: 44 08 44 49 44 5f 20 49 4e 46 4f 80 00 01 5b 81  D.DID_ INFO...[.
  0050: 0d 53 4d 49 30 00 00 28 49 4e 46 42 08 5b 81 0d  .SMI0..(INFB.[..
  0060: 53 4d 49 30 00 00 28 49 4e 46 44 20 5b 81 0e 53  SMI0..(INFD [..S
  0070: 4d 49 30 00 00 28 49 4e 44 44 40 04 5b 81 0f 53  MI0..(INDD@.[..S
  0080: 4d 49 30 00 00 28 53 58 42 46 80 08 02 5b 81 12  MI0..(SXBF...[..
  0090: 53 4d 49 30 00 00 28 49 4e 46 31 08 49 4e 46 32  SMI0..(INF1.INF2
  00a0: 08 5b 80 53 4d 49 31 01 0c 00 fe 00 00 0c 02 00  .[.SMI1.........
  00b0: 00 00 5b 81 0b 53 4d 49 31 00 53 4d 49 43 08 5b  ..[..SMI1.SMIC.[
  00c0: 01 4d 50 48 53 00 14 20 50 48 53 30 01 70 68 42  .MPHS.. PHS0.phB
  00d0: 43 4d 44 70 00 53 4d 49 43 a2 07 93 42 43 4d 44  CMDp.SMIC...BCMD
  00e0: 68 70 00 42 43 4d 44 14 27 50 48 53 5f 09 5b 23  hp.BCMD.'PHS_.[#
  00f0: 4d 50 48 53 ff ff 70 00 44 49 44 5f 50 48 53 30  MPHS..p.DID_PHS0
  0100: 68 70 49 4e 46 44 60 5b 27 4d 50 48 53 a4 60 14  hpINFD`['MPHS.`.
  0110: 2d 50 48 53 44 0a 5b 23 4d 50 48 53 ff ff 70 00  -PHSD.[#MPHS..p.
  0120: 44 49 44 5f 70 69 49 4e 46 44 50 48 53 30 68 70  DID_piINFDPHS0hp
  0130: 49 4e 46 44 60 5b 27 4d 50 48 53 a4 60 14 2d 50  INFD`['MPHS.`.-P
  0140: 48 44 44 0a 5b 23 4d 50 48 53 ff ff 70 00 44 49  HDD.[#MPHS..p.DI
  0150: 44 5f 70 69 49 4e 44 44 50 48 53 30 68 70 49 4e  D_piINDDPHS0hpIN
  0160: 44 44 60 5b 27 4d 50 48 53 a4 60 14 33 50 48 53  DD`['MPHS.`.3PHS
  0170: 57 0b 5b 23 4d 50 48 53 ff ff 70 00 44 49 44 5f  W.[#MPHS..p.DID_
  0180: 70 69 49 4e 46 31 70 6a 49 4e 46 32 50 48 53 30  piINF1pjINF2PHS0
  0190: 68 70 49 4e 46 42 60 5b 27 4d 50 48 53 a4 60 14  hpINFB`['MPHS.`.
  01a0: 2d 50 48 53 42 0a 5b 23 4d 50 48 53 ff ff 70 00  -PHSB.[#MPHS..p.
  01b0: 44 49 44 5f 70 69 49 4e 46 42 50 48 53 30 68 70  DID_piINFBPHS0hp
  01c0: 49 4e 46 42 60 5b 27 4d 50 48 53 a4 60 5b 01 4d  INFB`['MPHS.`[.M
  01d0: 55 54 58 00 5b 80 50 52 54 30 01 0a 80 0a 04 5b  UTX.[.PRT0.....[
  01e0: 81 0b 50 52 54 30 13 50 38 30 48 20 14 4e 07 50  ..PRT0.P80H .N.P
  01f0: 38 58 48 0a a0 17 93 68 00 70 7d 7b 50 38 30 44  8XH....h.p}{P80D
  0200: 0c 00 ff ff ff 00 69 00 50 38 30 44 a0 1b 93 68  ......i.P80D...h
  0210: 01 70 7d 7b 50 38 30 44 0c ff 00 ff ff 00 79 69  .p}{P80D......yi
  0220: 0a 08 00 00 50 38 30 44 a0 1c 93 68 0a 02 70 7d  ....P80D...h..p}
  0230: 7b 50 38 30 44 0c ff ff 00 ff 00 79 69 0a 10 00  {P80D......yi...
  0240: 00 50 38 30 44 a0 1c 93 68 0a 03 70 7d 7b 50 38  .P80D...h..p}{P8
  0250: 30 44 0c ff ff ff 00 00 79 69 0a 18 00 00 50 38  0D......yi....P8
  0260: 30 44 70 50 38 30 44 50 38 30 48 14 0c 5f 50 49  0DpP80DP80H.._PI
  0270: 43 01 70 68 47 50 49 43 14 4c 04 5f 50 54 53 01  C.phGPIC.L._PTS.
  0280: 72 68 0a 4d 60 44 42 47 43 60 0a 80 42 43 45 4e  rh.M`DBGC`..BCEN
  0290: 70 00 50 38 30 44 50 38 58 48 00 68 70 68 50 52  p.P80DP8XH.hphPR
  02a0: 4d 30 70 0a 51 53 4d 49 46 70 00 54 52 50 30 54  M0p.QSMIFp.TRP0T
  02b0: 52 41 50 0a 50 72 68 0a 4d 60 44 42 47 43 60 0a  RAP.Prh.M`DBGC`.
  02c0: 81 42 43 45 4e 14 4c 1c 5f 57 41 4b 01 7d 68 0a  .BCEN.L._WAK.}h.
  02d0: 50 60 44 42 47 43 60 0a 80 42 43 45 4e 50 38 58  P`DBGC`..BCENP8X
  02e0: 48 01 0a ab 70 68 50 52 4d 30 70 0a 52 53 4d 49  H...phPRM0p.RSMI
  02f0: 46 70 00 54 52 50 30 a0 30 91 93 68 0a 03 93 68  Fp.TRP0.0..h...h
  0300: 0a 04 a0 25 7b 43 46 47 44 0c 00 00 00 01 00 a0  ...%{CFGD.......
  0310: 18 90 7b 43 46 47 44 0a f0 00 93 4f 53 59 53 0b  ..{CFGD....OSYS.
  0320: d1 07 54 52 41 50 0a 3d a0 18 93 52 50 31 44 00  ..TRAP.=...RP1D.
  0330: 86 5c 2f 03 5f 53 42 5f 50 43 49 30 52 50 30 31  .\/._SB_PCI0RP01
  0340: 00 a0 18 93 52 50 32 44 00 86 5c 2f 03 5f 53 42  ....RP2D..\/._SB
  0350: 5f 50 43 49 30 52 50 30 32 00 a0 18 93 52 50 33  _PCI0RP02....RP3
  0360: 44 00 86 5c 2f 03 5f 53 42 5f 50 43 49 30 52 50  D..\/._SB_PCI0RP
  0370: 30 33 00 a0 18 93 52 50 35 44 00 86 5c 2f 03 5f  03....RP5D..\/._
  0380: 53 42 5f 50 43 49 30 52 50 30 35 00 a0 0d 93 68  SB_PCI0RP05....h
  0390: 0a 03 a0 07 93 00 41 43 54 54 a0 20 5f 4f 53 49  ......ACTT. _OSI
  03a0: 0d 57 69 6e 64 6f 77 73 20 32 30 30 36 00 70 44  .Windows 2006.pD
  03b0: 45 54 43 60 50 48 53 42 0a e1 60 70 5c 2f 05 5f  ETC`PHSB..`p\/._
  03c0: 53 42 5f 50 43 49 30 4c 50 43 42 45 43 5f 5f 52  SB_PCI0LPCBEC__R
  03d0: 50 57 52 50 57 52 53 70 5c 2f 05 5f 53 42 5f 50  PWRPWRSp\/._SB_P
  03e0: 43 49 30 4c 50 43 42 45 43 5f 5f 52 53 43 4c 42  CI0LPCBEC__RSCLB
  03f0: 30 53 43 70 5c 2f 05 5f 53 42 5f 50 43 49 30 4c  0SCp\/._SB_PCI0L
  0400: 50 43 42 45 43 5f 5f 42 41 54 50 42 4e 55 4d 86  PCBEC__BATPBNUM.
  0410: 5c 2e 5f 53 42 5f 42 41 54 30 0a 80 86 5c 2e 5f  \._SB_BAT0...\._
  0420: 53 42 5f 42 41 54 30 0a 81 a0 29 93 68 0a 04 70  SB_BAT0...).h..p
  0430: 43 4d 37 32 60 70 00 43 4d 37 32 a0 17 92 93 7b  CM72`p.CM72....{
  0440: 60 0a 84 60 0a 84 86 5c 2e 5f 53 42 5f 50 57 52  `..`...\._SB_PWR
  0450: 42 0a 02 a1 17 a0 15 7b 50 4d 53 54 01 00 86 5c  B......{PMST...\
  0460: 2e 5f 53 42 5f 50 57 52 42 0a 02 5c 2e 5f 50 52  ._SB_PWRB..\._PR
  0470: 5f 52 50 50 43 50 38 58 48 00 0a cd 7d 68 0a 50  _RPPCP8XH...}h.P
  0480: 60 44 42 47 43 60 0a 81 42 43 45 4e a4 12 04 02  `DBGC`..BCEN....
  0490: 00 00 14 1e 47 45 54 42 0b 77 68 0a 08 60 77 69  ....GETB.wh..`wi
  04a0: 0a 08 61 5b 13 6a 60 61 54 42 46 33 a4 54 42 46  ..a[.j`aTBF3.TBF
  04b0: 33 14 42 09 50 4e 4f 54 08 a0 4a 06 4d 50 45 4e  3.B.PNOT..J.MPEN
  04c0: a0 31 7b 50 44 43 30 0a 08 00 86 5c 2e 5f 50 52  .1{PDC0....\._PR
  04d0: 5f 43 50 55 30 0a 80 a0 1a 7b 50 44 43 30 0a 10  _CPU0....{PDC0..
  04e0: 00 5b 22 0a 64 86 5c 2e 5f 50 52 5f 43 50 55 30  .[".d.\._PR_CPU0
  04f0: 0a 81 a0 31 7b 50 44 43 31 0a 08 00 86 5c 2e 5f  ...1{PDC1....\._
  0500: 50 52 5f 43 50 55 31 0a 80 a0 1a 7b 50 44 43 31  PR_CPU1....{PDC1
  0510: 0a 10 00 5b 22 0a 64 86 5c 2e 5f 50 52 5f 43 50  ...[".d.\._PR_CP
  0520: 55 31 0a 81 a1 1f 86 5c 2e 5f 50 52 5f 43 50 55  U1.....\._PR_CPU
  0530: 30 0a 80 5b 22 0a 64 86 5c 2e 5f 50 52 5f 43 50  0..[".d.\._PR_CP
  0540: 55 30 0a 81 14 17 54 52 41 50 09 70 68 53 4d 49  U0....TRAP.phSMI
  0550: 46 70 00 54 52 50 30 a4 53 4d 49 46 10 4c 0c 5f  Fp.TRP0.SMIF.L._
  0560: 53 42 5f 14 45 0c 5f 49 4e 49 00 70 0b d0 07 4f  SB_.E._INI.p...O
  0570: 53 59 53 a0 44 09 5b 12 5f 4f 53 49 60 a0 12 5f  SYS.D.[._OSI`.._
  0580: 4f 53 49 0d 4c 69 6e 75 78 00 70 01 4c 49 4e 58  OSI.Linux.p.LINX
  0590: a0 1b 5f 4f 53 49 0d 57 69 6e 64 6f 77 73 20 32  .._OSI.Windows 2
  05a0: 30 30 31 00 70 0b d1 07 4f 53 59 53 a0 1f 5f 4f  001.p...OSYS.._O
  05b0: 53 49 0d 57 69 6e 64 6f 77 73 20 32 30 30 31 20  SI.Windows 2001 
  05c0: 53 50 31 00 70 0b d1 07 4f 53 59 53 a0 1f 5f 4f  SP1.p...OSYS.._O
  05d0: 53 49 0d 57 69 6e 64 6f 77 73 20 32 30 30 31 20  SI.Windows 2001 
  05e0: 53 50 32 00 70 0b d2 07 4f 53 59 53 a0 1b 5f 4f  SP2.p...OSYS.._O
  05f0: 53 49 0d 57 69 6e 64 6f 77 73 20 32 30 30 36 00  SI.Windows 2006.
  0600: 70 0b d6 07 4f 53 59 53 a0 14 90 4d 50 45 4e 93  p...OSYS...MPEN.
  0610: 4f 53 59 53 0b d1 07 54 52 41 50 0a 3d 54 52 41  OSYS...TRAP.=TRA
  0620: 50 0a 2b 54 52 41 50 0a 32 5b 80 47 4e 56 53 00  P.+TRAP.2[.GNVS.
  0630: 0c 37 2a 6e 7f 0b 00 01 5b 81 40 1f 47 4e 56 53  .7*n....[.@.GNVS
  0640: 10 4f 53 59 53 10 53 4d 49 46 08 50 52 4d 30 08  .OSYS.SMIF.PRM0.
  0650: 50 52 4d 31 08 53 43 49 46 08 50 52 4d 32 10 4c  PRM1.SCIF.PRM2.L
  0660: 43 4b 46 08 50 52 4d 34 10 50 38 30 44 20 4c 49  CKF.PRM4.P80D LI
  0670: 44 53 08 50 57 52 53 08 44 42 47 53 08 4c 49 4e  DS.PWRS.DBGS.LIN
  0680: 58 08 00 08 41 43 54 31 08 41 43 54 54 08 50 53  X...ACT1.ACTT.PS
  0690: 56 54 08 54 43 31 56 08 54 43 32 56 08 54 53 50  VT.TC1V.TC2V.TSP
  06a0: 56 08 43 52 54 54 08 44 54 53 45 08 44 54 53 31  V.CRTT.DTSE.DTS1
  06b0: 08 44 54 53 32 08 42 4e 55 4d 08 42 30 53 43 08  .DTS2.BNUM.B0SC.
  06c0: 42 31 53 43 08 42 32 53 43 08 42 30 53 53 08 42  B1SC.B2SC.B0SS.B
  06d0: 31 53 53 08 42 32 53 53 08 4c 42 53 54 08 54 42  1SS.B2SS.LBST.TB
  06e0: 53 54 08 00 08 41 50 49 43 08 4d 50 45 4e 08 50  ST...APIC.MPEN.P
  06f0: 43 50 30 08 50 43 50 31 08 50 50 43 4d 08 00 28  CP0.PCP1.PPCM..(
  0700: 00 40 05 49 47 44 53 08 54 4c 53 54 08 43 41 44  .@.IGDS.TLST.CAD
  0710: 4c 08 50 41 44 4c 08 43 53 54 45 10 4e 53 54 45  L.PADL.CSTE.NSTE
  0720: 10 53 53 54 45 10 4e 44 49 44 08 44 49 44 31 20  .SSTE.NDID.DID1 
  0730: 44 49 44 32 20 44 49 44 33 20 44 49 44 34 20 44  DID2 DID3 DID4 D
  0740: 49 44 35 20 00 48 04 50 4e 49 44 08 00 10 42 4c  ID5 .H.PNID...BL
  0750: 43 53 08 42 52 54 4c 08 41 4c 53 45 08 41 4c 41  CS.BRTL.ALSE.ALA
  0760: 46 08 4c 4c 4f 57 08 4c 48 49 48 08 00 08 45 4d  F.LLOW.LHIH...EM
  0770: 41 45 08 45 4d 41 50 10 45 4d 41 4c 10 00 08 4d  AE.EMAP.EMAL...M
  0780: 45 46 45 08 00 18 54 50 4d 50 08 54 50 4d 45 08  EFE...TPMP.TPME.
  0790: 00 40 04 47 54 46 30 40 07 49 44 45 4d 08 00 28  .@.GTF0@.IDEM..(
  07a0: 53 59 49 44 08 42 43 45 4e 08 00 40 09 41 53 4c  SYID.BCEN..@.ASL
  07b0: 42 20 49 42 54 54 08 49 50 41 54 08 49 54 56 46  B IBTT.IPAT.ITVF
  07c0: 08 49 54 56 4d 08 49 50 53 43 08 49 42 4c 43 08  .ITVM.IPSC.IBLC.
  07d0: 49 42 49 41 08 49 53 53 43 08 49 34 30 39 08 49  IBIA.ISSC.I409.I
  07e0: 35 30 39 08 49 36 30 39 08 49 37 30 39 08 49 44  509.I609.I709.ID
  07f0: 4d 4d 08 49 44 4d 53 08 49 46 31 45 08 48 56 43  MM.IDMS.IF1E.HVC
  0800: 4f 08 4e 58 44 31 20 4e 58 44 32 20 4e 58 44 33  O.NXD1 NXD2 NXD3
  0810: 20 4e 58 44 34 20 4e 58 44 35 20 4e 58 44 36 20   NXD4 NXD5 NXD6 
  0820: 4e 58 44 37 20 4e 58 44 38 20 08 44 53 45 4e 01  NXD7 NXD8 .DSEN.
  0830: 08 45 43 4f 4e 00 08 47 50 49 43 00 08 43 54 59  .ECON..GPIC..CTY
  0840: 50 00 08 4c 30 31 43 00 08 56 46 4e 30 00 08 56  P..L01C..VFN0..V
  0850: 46 4e 31 00 08 41 4f 44 56 00 08 43 41 44 44 00  FN1..AODV..CADD.
  0860: 08 50 41 44 44 00 10 45 54 5f 47 50 45 14 44 24  .PADD..ET_GPE.D$
  0870: 5f 4c 30 31 00 72 4c 30 31 43 01 4c 30 31 43 50  _L01.rL01C.L01CP
  0880: 38 58 48 00 01 50 38 58 48 01 4c 30 31 43 a0 48  8XH..P8XH.L01C.H
  0890: 08 90 93 52 50 31 44 00 5c 2f 04 5f 53 42 5f 50  ...RP1D.\/._SB_P
  08a0: 43 49 30 52 50 30 31 48 50 53 58 5b 22 0a 64 a0  CI0RP01HPSX[".d.
  08b0: 40 05 5c 2f 04 5f 53 42 5f 50 43 49 30 52 50 30  @.\/._SB_PCI0RP0
  08c0: 31 50 44 43 58 70 01 5c 2f 04 5f 53 42 5f 50 43  1PDCXp.\/._SB_PC
  08d0: 49 30 52 50 30 31 50 44 43 58 70 01 5c 2f 04 5f  I0RP01PDCXp.\/._
  08e0: 53 42 5f 50 43 49 30 52 50 30 31 48 50 53 58 86  SB_PCI0RP01HPSX.
  08f0: 5c 2f 03 5f 53 42 5f 50 43 49 30 52 50 30 31 00  \/._SB_PCI0RP01.
  0900: a1 16 70 01 5c 2f 04 5f 53 42 5f 50 43 49 30 52  ..p.\/._SB_PCI0R
  0910: 50 30 31 48 50 53 58 a0 48 08 90 93 52 50 32 44  P01HPSX.H...RP2D
  0920: 00 5c 2f 04 5f 53 42 5f 50 43 49 30 52 50 30 32  .\/._SB_PCI0RP02
  0930: 48 50 53 58 5b 22 0a 64 a0 40 05 5c 2f 04 5f 53  HPSX[".d.@.\/._S
  0940: 42 5f 50 43 49 30 52 50 30 32 50 44 43 58 70 01  B_PCI0RP02PDCXp.
  0950: 5c 2f 04 5f 53 42 5f 50 43 49 30 52 50 30 32 50  \/._SB_PCI0RP02P
  0960: 44 43 58 70 01 5c 2f 04 5f 53 42 5f 50 43 49 30  DCXp.\/._SB_PCI0
  0970: 52 50 30 32 48 50 53 58 86 5c 2f 03 5f 53 42 5f  RP02HPSX.\/._SB_
  0980: 50 43 49 30 52 50 30 32 00 a1 16 70 01 5c 2f 04  PCI0RP02...p.\/.
  0990: 5f 53 42 5f 50 43 49 30 52 50 30 32 48 50 53 58  _SB_PCI0RP02HPSX
  09a0: a0 48 08 90 93 52 50 33 44 00 5c 2f 04 5f 53 42  .H...RP3D.\/._SB
  09b0: 5f 50 43 49 30 52 50 30 33 48 50 53 58 5b 22 0a  _PCI0RP03HPSX[".
  09c0: 64 a0 40 05 5c 2f 04 5f 53 42 5f 50 43 49 30 52  d.@.\/._SB_PCI0R
  09d0: 50 30 33 50 44 43 58 70 01 5c 2f 04 5f 53 42 5f  P03PDCXp.\/._SB_
  09e0: 50 43 49 30 52 50 30 33 50 44 43 58 70 01 5c 2f  PCI0RP03PDCXp.\/
  09f0: 04 5f 53 42 5f 50 43 49 30 52 50 30 33 48 50 53  ._SB_PCI0RP03HPS
  0a00: 58 86 5c 2f 03 5f 53 42 5f 50 43 49 30 52 50 30  X.\/._SB_PCI0RP0
  0a10: 33 00 a1 16 70 01 5c 2f 04 5f 53 42 5f 50 43 49  3...p.\/._SB_PCI
  0a20: 30 52 50 30 33 48 50 53 58 a0 48 08 90 93 52 50  0RP03HPSX.H...RP
  0a30: 35 44 00 5c 2f 04 5f 53 42 5f 50 43 49 30 52 50  5D.\/._SB_PCI0RP
  0a40: 30 35 48 50 53 58 5b 22 0a 64 a0 40 05 5c 2f 04  05HPSX[".d.@.\/.
  0a50: 5f 53 42 5f 50 43 49 30 52 50 30 35 50 44 43 58  _SB_PCI0RP05PDCX
  0a60: 70 01 5c 2f 04 5f 53 42 5f 50 43 49 30 52 50 30  p.\/._SB_PCI0RP0
  0a70: 35 50 44 43 58 70 01 5c 2f 04 5f 53 42 5f 50 43  5PDCXp.\/._SB_PC
  0a80: 49 30 52 50 30 35 48 50 53 58 86 5c 2f 03 5f 53  I0RP05HPSX.\/._S
  0a90: 42 5f 50 43 49 30 52 50 30 35 00 a1 16 70 01 5c  B_PCI0RP05...p.\
  0aa0: 2f 04 5f 53 42 5f 50 43 49 30 52 50 30 35 48 50  /._SB_PCI0RP05HP
  0ab0: 53 58 14 0c 5f 4c 30 32 00 70 00 47 50 45 43 14  SX.._L02.p.GPEC.
  0ac0: 18 5f 4c 30 33 00 86 5c 2f 03 5f 53 42 5f 50 43  ._L03..\/._SB_PC
  0ad0: 49 30 55 53 42 31 0a 02 14 18 5f 4c 30 34 00 86  I0USB1...._L04..
  0ae0: 5c 2f 03 5f 53 42 5f 50 43 49 30 55 53 42 32 0a  \/._SB_PCI0USB2.
  0af0: 02 14 18 5f 4c 30 35 00 86 5c 2f 03 5f 53 42 5f  ..._L05..\/._SB_
  0b00: 50 43 49 30 55 53 42 35 0a 02 14 36 5f 4c 30 36  PCI0USB5...6_L06
  0b10: 00 a0 27 5c 2f 04 5f 53 42 5f 50 43 49 30 47 46  ..'\/._SB_PCI0GF
  0b20: 58 30 47 53 53 45 5c 2f 04 5f 53 42 5f 50 43 49  X0GSSE\/._SB_PCI
  0b30: 30 47 46 58 30 47 53 43 49 a1 07 70 01 53 43 49  0GFX0GSCI..p.SCI
  0b40: 53 14 4f 14 5f 4c 30 39 00 a0 41 05 5c 2f 04 5f  S.O._L09..A.\/._
  0b50: 53 42 5f 50 43 49 30 52 50 30 31 50 53 50 58 70  SB_PCI0RP01PSPXp
  0b60: 01 5c 2f 04 5f 53 42 5f 50 43 49 30 52 50 30 31  .\/._SB_PCI0RP01
  0b70: 50 53 50 58 70 01 5c 2f 04 5f 53 42 5f 50 43 49  PSPXp.\/._SB_PCI
  0b80: 30 52 50 30 31 50 4d 53 58 86 5c 2f 03 5f 53 42  0RP01PMSX.\/._SB
  0b90: 5f 50 43 49 30 52 50 30 31 0a 02 a0 41 05 5c 2f  _PCI0RP01...A.\/
  0ba0: 04 5f 53 42 5f 50 43 49 30 52 50 30 32 50 53 50  ._SB_PCI0RP02PSP
  0bb0: 58 70 01 5c 2f 04 5f 53 42 5f 50 43 49 30 52 50  Xp.\/._SB_PCI0RP
  0bc0: 30 32 50 53 50 58 70 01 5c 2f 04 5f 53 42 5f 50  02PSPXp.\/._SB_P
  0bd0: 43 49 30 52 50 30 32 50 4d 53 58 86 5c 2f 03 5f  CI0RP02PMSX.\/._
  0be0: 53 42 5f 50 43 49 30 52 50 30 32 0a 02 a0 41 05  SB_PCI0RP02...A.
  0bf0: 5c 2f 04 5f 53 42 5f 50 43 49 30 52 50 30 33 50  \/._SB_PCI0RP03P
  0c00: 53 50 58 70 01 5c 2f 04 5f 53 42 5f 50 43 49 30  SPXp.\/._SB_PCI0
  0c10: 52 50 30 33 50 53 50 58 70 01 5c 2f 04 5f 53 42  RP03PSPXp.\/._SB
  0c20: 5f 50 43 49 30 52 50 30 33 50 4d 53 58 86 5c 2f  _PCI0RP03PMSX.\/
  0c30: 03 5f 53 42 5f 50 43 49 30 52 50 30 33 0a 02 a0  ._SB_PCI0RP03...
  0c40: 41 05 5c 2f 04 5f 53 42 5f 50 43 49 30 52 50 30  A.\/._SB_PCI0RP0
  0c50: 35 50 53 50 58 70 01 5c 2f 04 5f 53 42 5f 50 43  5PSPXp.\/._SB_PC
  0c60: 49 30 52 50 30 35 50 53 50 58 70 01 5c 2f 04 5f  I0RP05PSPXp.\/._
  0c70: 53 42 5f 50 43 49 30 52 50 30 35 50 4d 53 58 86  SB_PCI0RP05PMSX.
  0c80: 5c 2f 03 5f 53 42 5f 50 43 49 30 52 50 30 35 0a  \/._SB_PCI0RP05.
  0c90: 02 14 18 5f 4c 30 42 00 86 5c 2f 03 5f 53 42 5f  ..._L0B..\/._SB_
  0ca0: 50 43 49 30 50 43 49 42 0a 02 14 18 5f 4c 30 43  PCI0PCIB...._L0C
  0cb0: 00 86 5c 2f 03 5f 53 42 5f 50 43 49 30 55 53 42  ..\/._SB_PCI0USB
  0cc0: 33 0a 02 14 4b 0b 5f 4c 30 44 00 a0 3b 5c 2f 04  3...K._L0D..;\/.
  0cd0: 5f 53 42 5f 50 43 49 30 45 48 43 31 50 4d 45 53  _SB_PCI0EHC1PMES
  0ce0: 70 01 5c 2f 04 5f 53 42 5f 50 43 49 30 45 48 43  p.\/._SB_PCI0EHC
  0cf0: 31 50 4d 45 53 86 5c 2f 03 5f 53 42 5f 50 43 49  1PMES.\/._SB_PCI
  0d00: 30 45 48 43 31 0a 02 a0 3b 5c 2f 04 5f 53 42 5f  0EHC1...;\/._SB_
  0d10: 50 43 49 30 45 48 43 32 50 4d 45 53 70 01 5c 2f  PCI0EHC2PMESp.\/
  0d20: 04 5f 53 42 5f 50 43 49 30 45 48 43 32 50 4d 45  ._SB_PCI0EHC2PME
  0d30: 53 86 5c 2f 03 5f 53 42 5f 50 43 49 30 45 48 43  S.\/._SB_PCI0EHC
  0d40: 32 0a 02 a0 3b 5c 2f 04 5f 53 42 5f 50 43 49 30  2...;\/._SB_PCI0
  0d50: 48 44 45 46 50 4d 45 53 70 01 5c 2f 04 5f 53 42  HDEFPMESp.\/._SB
  0d60: 5f 50 43 49 30 48 44 45 46 50 4d 45 53 86 5c 2f  _PCI0HDEFPMES.\/
  0d70: 03 5f 53 42 5f 50 43 49 30 48 44 45 46 0a 02 14  ._SB_PCI0HDEF...
  0d80: 18 5f 4c 30 45 00 86 5c 2f 03 5f 53 42 5f 50 43  ._L0E..\/._SB_PC
  0d90: 49 30 55 53 42 34 0a 02 14 13 5f 4c 31 45 00 86  I0USB4...._L1E..
  0da0: 5c 2e 5f 53 42 5f 50 57 52 42 0a 02 10 46 0b 5f  \._SB_PWRB...F._
  0db0: 50 52 5f 5b 83 0b 43 50 55 30 00 10 10 00 00 06  PR_[..CPU0......
  0dc0: 5b 83 0b 43 50 55 31 01 10 10 00 00 06 14 45 09  [..CPU1.......E.
  0dd0: 52 50 50 43 00 a0 4d 08 93 4f 53 59 53 0b d2 07  RPPC..M..OSYS...
  0de0: a0 42 08 7b 43 46 47 44 01 00 a0 42 04 94 5e 2e  .B.{CFGD...B..^.
  0df0: 43 50 55 30 5f 50 50 43 00 74 5e 2e 43 50 55 30  CPU0_PPC.t^.CPU0
  0e00: 5f 50 50 43 01 5e 2e 43 50 55 30 5f 50 50 43 50  _PPC.^.CPU0_PPCP
  0e10: 4e 4f 54 72 5e 2e 43 50 55 30 5f 50 50 43 01 5e  NOTr^.CPU0_PPC.^
  0e20: 2e 43 50 55 30 5f 50 50 43 50 4e 4f 54 a1 35 72  .CPU0_PPCPNOT.5r
  0e30: 5e 2e 43 50 55 30 5f 50 50 43 01 5e 2e 43 50 55  ^.CPU0_PPC.^.CPU
  0e40: 30 5f 50 50 43 50 4e 4f 54 74 5e 2e 43 50 55 30  0_PPCPNOTt^.CPU0
  0e50: 5f 50 50 43 01 5e 2e 43 50 55 30 5f 50 50 43 50  _PPC.^.CPU0_PPCP
  0e60: 4e 4f 54 10 4d 18 5f 54 5a 5f 5b 85 44 05 54 5a  NOT.M._TZ_[.D.TZ
  0e70: 30 30 14 0a 5f 43 52 54 08 a4 0b a2 0f 14 42 04  00.._CRT......B.
  0e80: 5f 54 4d 50 08 a0 36 45 43 4f 4e 70 5c 2f 05 5f  _TMP..6ECONp\/._
  0e90: 53 42 5f 50 43 49 30 4c 50 43 42 45 43 5f 5f 54  SB_PCI0LPCBEC__T
  0ea0: 53 31 52 60 a0 0c 7b 60 0a 80 00 74 60 0b 00 01  S1R`..{`...t`...
  0eb0: 60 a4 72 0b ac 0a 77 60 0a 0a 00 00 a4 0b b8 0b  `.r...w`........
  0ec0: 5b 85 4f 12 54 5a 30 31 14 14 5f 41 43 30 08 a4  [.O.TZ01.._AC0..
  0ed0: 72 0b ac 0a 77 41 43 54 54 0a 0a 00 00 14 14 5f  r...wACTT......_
  0ee0: 41 43 31 08 a4 72 0b ac 0a 77 41 43 54 31 0a 0a  AC1..r...wACT1..
  0ef0: 00 00 14 14 5f 43 52 54 08 a4 72 0b ac 0a 77 43  ...._CRT..r...wC
  0f00: 52 54 54 0a 0a 00 00 14 0c 5f 53 43 50 09 70 68  RTT......_SCP.ph
  0f10: 43 54 59 50 14 40 07 5f 54 4d 50 08 a0 2d 44 54  CTYP.@._TMP..-DT
  0f20: 53 45 a0 19 92 95 44 54 53 31 44 54 53 32 a4 72  SE....DTS1DTS2.r
  0f30: 0b ac 0a 77 44 54 53 31 0a 0a 00 00 a4 72 0b ac  ...wDTS1.....r..
  0f40: 0a 77 44 54 53 32 0a 0a 00 00 a0 36 45 43 4f 4e  .wDTS2.....6ECON
  0f50: 70 5c 2f 05 5f 53 42 5f 50 43 49 30 4c 50 43 42  p\/._SB_PCI0LPCB
  0f60: 45 43 5f 5f 54 53 31 52 60 a0 0c 7b 60 0a 80 00  EC__TS1R`..{`...
  0f70: 74 60 0b 00 01 60 a4 72 0b ac 0a 77 60 0a 0a 00  t`...`.r...w`...
  0f80: 00 a4 0b b8 0b 14 32 5f 50 53 4c 08 a0 1d 4d 50  ......2_PSL...MP
  0f90: 45 4e a4 12 16 02 5c 2e 5f 50 52 5f 43 50 55 30  EN....\._PR_CPU0
  0fa0: 5c 2e 5f 50 52 5f 43 50 55 31 a4 12 0c 01 5c 2e  \._PR_CPU1....\.
  0fb0: 5f 50 52 5f 43 50 55 30 14 14 5f 50 53 56 08 a4  _PR_CPU0.._PSV..
  0fc0: 72 0b ac 0a 77 50 53 56 54 0a 0a 00 00 14 0b 5f  r...wPSVT......_
  0fd0: 54 43 31 08 a4 54 43 31 56 14 0b 5f 54 43 32 08  TC1..TC1V.._TC2.
  0fe0: a4 54 43 32 56 14 0b 5f 54 53 50 08 a4 54 53 50  .TC2V.._TSP..TSP
  0ff0: 56 10 87 98 05 5f 53 42 5f 5b 82 4e 05 41 44 50  V...._SB_[.N.ADP
  1000: 31 08 5f 48 49 44 0d 41 43 50 49 30 30 30 33 00  1._HID.ACPI0003.
  1010: 14 3c 5f 50 53 52 00 a0 12 93 45 43 4f 4e 00 7b  .<_PSR....ECON.{
  1020: 50 48 53 42 0a d4 00 0a 80 60 a1 17 70 5e 5e 2f  PHSB.....`..p^^/
  1030: 04 50 43 49 30 4c 50 43 42 45 43 5f 5f 52 50 57  .PCI0LPCBEC__RPW
  1040: 52 60 a0 06 93 60 00 a4 00 a1 03 a4 01 14 0b 5f  R`...`........._
  1050: 50 43 4c 00 a4 5f 53 42 5f 5b 82 42 38 42 41 54  PCL.._SB_[.B8BAT
  1060: 30 08 5f 48 49 44 0c 41 d0 0c 0a 08 5f 55 49 44  0._HID.A...._UID
  1070: 00 14 47 05 5f 53 54 41 00 44 42 47 43 0a b0 0a  ..G._STA.DBGC...
  1080: 80 42 43 45 4e 5b 22 0a 05 a0 0a 93 45 43 4f 4e  .BCEN[".....ECON
  1090: 00 70 00 61 a1 17 70 5e 5e 2f 04 50 43 49 30 4c  .p.a..p^^/.PCI0L
  10a0: 50 43 42 45 43 5f 5f 42 41 54 50 61 a0 08 93 61  PCBEC__BATPa...a
  10b0: 00 70 0a 0f 60 a1 05 70 0a 1f 60 44 42 47 43 0a  .p..`..p..`DBGC.
  10c0: b0 0a 81 42 43 45 4e a4 60 14 4c 16 5f 42 49 46  ...BCEN.`.L._BIF
  10d0: 00 08 4d 55 4c 56 00 44 42 47 43 0a b1 0a 80 42  ..MULV.DBGC....B
  10e0: 43 45 4e 08 42 41 54 49 12 2f 0d 00 0b 10 27 0b  CEN.BATI./....'.
  10f0: 10 27 00 0c ff ff ff ff 0b e8 03 0b 90 01 0a 64  .'.............d
  1100: 0a 64 0d 00 0d 00 0d 4c 69 4f 6e 00 0d 53 6f 6e  .d.....LiOn..Son
  1110: 79 20 43 6f 72 70 2e 00 70 01 4d 55 4c 56 5b 22  y Corp..p.MULV["
  1120: 0a 05 a0 07 93 45 43 4f 4e 00 a1 4a 0f 7b 5e 5e  .....ECON..J.{^^
  1130: 2f 04 50 43 49 30 4c 50 43 42 45 43 5f 5f 4f 4d  /.PCI0LPCBEC__OM
  1140: 46 48 0a 80 60 a0 12 60 70 00 88 42 41 54 49 00  FH..`..`p..BATI.
  1150: 00 70 0a 0a 4d 55 4c 56 a1 0a 70 01 88 42 41 54  .p..MULV..p..BAT
  1160: 49 00 00 70 5e 5e 2f 04 50 43 49 30 4c 50 43 42  I..p^^/.PCI0LPCB
  1170: 45 43 5f 5f 42 44 43 48 60 7d 79 60 0a 08 00 5e  EC__BDCH`}y`...^
  1180: 5e 2f 04 50 43 49 30 4c 50 43 42 45 43 5f 5f 42  ^/.PCI0LPCBEC__B
  1190: 44 43 4c 60 70 77 60 4d 55 4c 56 00 88 42 41 54  DCL`pw`MULV..BAT
  11a0: 49 01 00 70 5e 5e 2f 04 50 43 49 30 4c 50 43 42  I..p^^/.PCI0LPCB
  11b0: 45 43 5f 5f 46 43 43 48 60 7d 79 60 0a 08 00 5e  EC__FCCH`}y`...^
  11c0: 5e 2f 04 50 43 49 30 4c 50 43 42 45 43 5f 5f 46  ^/.PCI0LPCBEC__F
  11d0: 43 43 4c 60 70 77 60 4d 55 4c 56 00 88 42 41 54  CCL`pw`MULV..BAT
  11e0: 49 0a 02 00 70 5e 5e 2f 04 50 43 49 30 4c 50 43  I...p^^/.PCI0LPC
  11f0: 42 45 43 5f 5f 42 41 56 48 60 7d 79 60 0a 08 00  BEC__BAVH`}y`...
  1200: 5e 5e 2f 04 50 43 49 30 4c 50 43 42 45 43 5f 5f  ^^/.PCI0LPCBEC__
  1210: 42 41 56 4c 60 70 77 60 4d 55 4c 56 00 88 42 41  BAVL`pw`MULV..BA
  1220: 54 49 0a 04 00 44 42 47 43 0a b1 0a 81 42 43 45  TI...DBGC....BCE
  1230: 4e a4 42 41 54 49 14 4a 19 5f 42 53 54 00 44 42  N.BATI.J._BST.DB
  1240: 47 43 0a b2 0a 80 42 43 45 4e 08 50 4b 47 30 12  GC....BCEN.PKG0.
  1250: 13 04 0a 02 0c ff ff ff ff 0c ff ff ff ff 0c ff  ................
  1260: ff ff ff 5b 22 0a 05 a0 07 93 45 43 4f 4e 00 a1  ...[".....ECON..
  1270: 40 15 a0 49 04 93 5e 5e 2f 04 50 43 49 30 4c 50  @..I..^^/.PCI0LP
  1280: 43 42 45 43 5f 5f 43 48 47 45 01 70 5e 5e 2f 04  CBEC__CHGE.p^^/.
  1290: 50 43 49 30 4c 50 43 42 45 43 5f 5f 52 53 43 4c  PCI0LPCBEC__RSCL
  12a0: 60 a0 0e 93 60 0a 64 70 00 88 50 4b 47 30 00 00  `...`.dp..PKG0..
  12b0: a1 0b 70 0a 02 88 50 4b 47 30 00 00 a1 0a 70 01  ..p...PKG0....p.
  12c0: 88 50 4b 47 30 00 00 08 4d 55 4c 56 00 7b 5e 5e  .PKG0...MULV.{^^
  12d0: 2f 04 50 43 49 30 4c 50 43 42 45 43 5f 5f 4f 4d  /.PCI0LPCBEC__OM
  12e0: 46 48 0a 80 60 a0 09 60 70 0a 0a 4d 55 4c 56 a1  FH..`..`p..MULV.
  12f0: 07 70 01 4d 55 4c 56 70 5e 5e 2f 04 50 43 49 30  .p.MULVp^^/.PCI0
  1300: 4c 50 43 42 45 43 5f 5f 42 52 43 48 60 7d 79 60  LPCBEC__BRCH`}y`
  1310: 0a 08 00 5e 5e 2f 04 50 43 49 30 4c 50 43 42 45  ...^^/.PCI0LPCBE
  1320: 43 5f 5f 42 52 43 4c 60 70 77 60 4d 55 4c 56 00  C__BRCL`pw`MULV.
  1330: 88 50 4b 47 30 0a 02 00 70 5e 5e 2f 04 50 43 49  .PKG0...p^^/.PCI
  1340: 30 4c 50 43 42 45 43 5f 5f 42 41 43 48 60 7d 79  0LPCBEC__BACH`}y
  1350: 60 0a 08 00 5e 5e 2f 04 50 43 49 30 4c 50 43 42  `...^^/.PCI0LPCB
  1360: 45 43 5f 5f 42 41 43 4c 60 a0 12 90 60 0b 00 80  EC__BACL`...`...
  1370: 72 80 60 00 01 60 7b 60 0b ff ff 60 70 5e 5e 2f  r.`..`{`...`p^^/
  1380: 04 50 43 49 30 4c 50 43 42 45 43 5f 5f 42 41 56  .PCI0LPCBEC__BAV
  1390: 48 61 7d 79 61 0a 08 00 5e 5e 2f 04 50 43 49 30  Ha}ya...^^/.PCI0
  13a0: 4c 50 43 42 45 43 5f 5f 42 41 56 4c 61 78 61 0b  LPCBEC__BAVLaxa.
  13b0: e8 03 00 61 70 77 60 61 00 88 50 4b 47 30 01 00  ...apw`a..PKG0..
  13c0: 44 42 47 43 0a b2 0a 81 42 43 45 4e a4 50 4b 47  DBGC....BCEN.PKG
  13d0: 30 14 0b 5f 50 43 4c 00 a4 5f 53 42 5f 5b 82 49  0.._PCL.._SB_[.I
  13e0: 04 4c 49 44 30 08 5f 48 49 44 0c 41 d0 0c 0d 14  .LID0._HID.A....
  13f0: 38 5f 4c 49 44 00 a0 1b 45 43 4f 4e 70 5e 5e 2f  8_LID...ECONp^^/
  1400: 04 50 43 49 30 4c 50 43 42 45 43 5f 5f 4c 53 54  .PCI0LPCBEC__LST
  1410: 45 60 a1 0c 7b 50 48 53 42 0a d4 00 0a 20 60 a0  E`..{PHSB.... `.
  1420: 04 60 a4 00 a1 03 a4 01 5b 82 1b 50 57 52 42 08  .`......[..PWRB.
  1430: 5f 48 49 44 0c 41 d0 0c 0c 08 5f 50 52 57 12 06  _HID.A...._PRW..
  1440: 02 0a 1e 0a 04 5b 01 50 4c 4f 4b 00 14 32 4e 43  .....[.PLOK..2NC
  1450: 50 55 00 5b 23 50 4c 4f 4b ff ff 86 5c 2e 5f 50  PU.[#PLOK...\._P
  1460: 52 5f 43 50 55 30 0a 80 5b 22 0a 64 86 5c 2e 5f  R_CPU0..[".d.\._
  1470: 50 52 5f 43 50 55 30 0a 81 5b 27 50 4c 4f 4b 5b  PR_CPU0..['PLOK[
  1480: 82 88 4f 05 50 43 49 30 14 28 5f 49 4e 49 00 70  ..O.PCI0.(_INI.p
  1490: 00 5e 2f 03 4c 50 43 42 53 4e 43 5f 58 45 43 52  .^/.LPCBSNC_XECR
  14a0: 70 00 5e 2f 03 4c 50 43 42 53 4e 43 5f 53 4e 42  p.^/.LPCBSNC_SNB
  14b0: 46 14 09 5f 53 33 44 00 a4 0a 02 14 09 5f 53 34  F.._S3D......_S4
  14c0: 44 00 a4 0a 02 08 5f 48 49 44 0c 41 d0 0a 08 08  D....._HID.A....
  14d0: 5f 43 49 44 0c 41 d0 0a 03 08 53 55 50 50 00 08  _CID.A....SUPP..
  14e0: 43 54 52 4c 00 5b 82 43 0e 4d 43 48 43 08 5f 41  CTRL.[.C.MCHC._A
  14f0: 44 52 00 5b 80 48 42 55 53 02 0a 40 0a c0 5b 81  DR.[.HBUS..@..[.
  1500: 4a 0c 48 42 55 53 03 45 50 45 4e 01 00 0b 45 50  J.HBUS.EPEN...EP
  1510: 42 52 14 00 20 4d 48 45 4e 01 00 0d 4d 48 42 52  BR.. MHEN...MHBR
  1520: 12 00 40 0a 50 58 45 4e 01 50 58 53 5a 02 00 17  ..@.PXEN.PXSZ...
  1530: 50 58 42 52 06 00 20 44 49 45 4e 01 00 0b 44 49  PXBR.. DIEN...DI
  1540: 42 52 14 00 20 49 50 45 4e 01 00 0b 49 50 42 52  BR.. IPEN...IPBR
  1550: 14 00 40 0e 00 04 50 4d 30 48 02 00 02 50 4d 31  ..@...PM0H...PM1
  1560: 4c 02 00 02 50 4d 31 48 02 00 02 50 4d 32 4c 02  L...PM1H...PM2L.
  1570: 00 02 50 4d 32 48 02 00 02 50 4d 33 4c 02 00 02  ..PM2H...PM3L...
  1580: 50 4d 33 48 02 00 02 50 4d 34 4c 02 00 02 50 4d  PM3H...PM4L...PM
  1590: 34 48 02 00 02 50 4d 35 4c 02 00 02 50 4d 35 48  4H...PM5L...PM5H
  15a0: 02 00 02 50 4d 36 4c 02 00 02 50 4d 36 48 02 00  ...PM6L...PM6H..
  15b0: 02 00 07 48 45 4e 41 01 00 40 05 54 55 55 44 10  ...HENA..@.TUUD.
  15c0: 00 40 06 00 04 54 4c 55 44 0c 08 42 55 46 30 11  .@...TLUD..BUF0.
  15d0: 4d 20 0b 08 02 88 0d 00 02 0c 00 00 00 00 00 ff  M ..............
  15e0: 00 00 00 00 01 87 17 00 01 0c 03 00 00 00 00 00  ................
  15f0: 00 00 00 f7 0c 00 00 00 00 00 00 f8 0c 00 00 47  ...............G
  1600: 01 f8 0c f8 0c 01 08 87 17 00 01 0c 03 00 00 00  ................
  1610: 00 00 0d 00 00 ff ff 00 00 00 00 00 00 00 f3 00  ................
  1620: 00 87 17 00 00 0c 03 00 00 00 00 00 00 0a 00 ff  ................
  1630: ff 0b 00 00 00 00 00 00 00 02 00 87 17 00 00 0c  ................
  1640: 03 00 00 00 00 00 00 0c 00 ff 3f 0c 00 00 00 00  ..........?.....
  1650: 00 00 40 00 00 87 17 00 00 0c 03 00 00 00 00 00  ..@.............
  1660: 40 0c 00 ff 7f 0c 00 00 00 00 00 00 40 00 00 87  @...........@...
  1670: 17 00 00 0c 03 00 00 00 00 00 80 0c 00 ff bf 0c  ................
  1680: 00 00 00 00 00 00 40 00 00 87 17 00 00 0c 03 00  ......@.........
  1690: 00 00 00 00 c0 0c 00 ff ff 0c 00 00 00 00 00 00  ................
  16a0: 40 00 00 87 17 00 00 0c 03 00 00 00 00 00 00 0d  @...............
  16b0: 00 ff 3f 0d 00 00 00 00 00 00 40 00 00 87 17 00  ..?.......@.....
  16c0: 00 0c 03 00 00 00 00 00 40 0d 00 ff 7f 0d 00 00  ........@.......
  16d0: 00 00 00 00 40 00 00 87 17 00 00 0c 03 00 00 00  ....@...........
  16e0: 00 00 80 0d 00 ff bf 0d 00 00 00 00 00 00 40 00  ..............@.
  16f0: 00 87 17 00 00 0c 03 00 00 00 00 00 c0 0d 00 ff  ................
  1700: ff 0d 00 00 00 00 00 00 40 00 00 87 17 00 00 0c  ........@.......
  1710: 03 00 00 00 00 00 00 0e 00 ff 3f 0e 00 00 00 00  ..........?.....
  1720: 00 00 40 00 00 87 17 00 00 0c 03 00 00 00 00 00  ..@.............
  1730: 40 0e 00 ff 7f 0e 00 00 00 00 00 00 40 00 00 87  @...........@...
  1740: 17 00 00 0c 03 00 00 00 00 00 80 0e 00 ff bf 0e  ................
  1750: 00 00 00 00 00 00 40 00 00 87 17 00 00 0c 03 00  ......@.........
  1760: 00 00 00 00 c0 0e 00 ff ff 0e 00 00 00 00 00 00  ................
  1770: 40 00 00 87 17 00 00 0c 03 00 00 00 00 00 00 0f  @...............
  1780: 00 ff ff 0f 00 00 00 00 00 00 00 01 00 87 17 00  ................
  1790: 00 0c 03 00 00 00 00 00 00 00 00 ff ff ff df 00  ................
  17a0: 00 00 00 00 00 00 00 87 17 00 00 0c 03 00 00 00  ................
  17b0: 00 00 00 00 f0 ff ff bf fe 00 00 00 00 00 00 c0  ................
  17c0: 0e 87 17 00 00 0c 03 00 00 00 00 00 00 d4 fe ff  ................
  17d0: 4f d4 fe 00 00 00 00 00 00 00 00 79 00 14 4b 3d  O..........y..K=
  17e0: 5f 43 52 53 08 a0 1c 5e 2e 4d 43 48 43 50 4d 31  _CRS...^.MCHCPM1
  17f0: 4c 8a 42 55 46 30 0a 7c 43 30 4c 4e 70 00 43 30  L.BUF0.|C0LNp.C0
  1800: 4c 4e a0 1f 93 5e 2e 4d 43 48 43 50 4d 31 4c 01  LN...^.MCHCPM1L.
  1810: 8d 42 55 46 30 0b 58 03 43 30 52 57 70 00 43 30  .BUF0.X.C0RWp.C0
  1820: 52 57 a0 1c 5e 2e 4d 43 48 43 50 4d 31 48 8a 42  RW..^.MCHCPM1H.B
  1830: 55 46 30 0a 96 43 34 4c 4e 70 00 43 34 4c 4e a0  UF0..C4LNp.C4LN.
  1840: 1f 93 5e 2e 4d 43 48 43 50 4d 31 48 01 8d 42 55  ..^.MCHCPM1H..BU
  1850: 46 30 0b 28 04 43 34 52 57 70 00 43 34 52 57 a0  F0.(.C4RWp.C4RW.
  1860: 1c 5e 2e 4d 43 48 43 50 4d 32 4c 8a 42 55 46 30  .^.MCHCPM2L.BUF0
  1870: 0a b0 43 38 4c 4e 70 00 43 38 4c 4e a0 1f 93 5e  ..C8LNp.C8LN...^
  1880: 2e 4d 43 48 43 50 4d 32 4c 01 8d 42 55 46 30 0b  .MCHCPM2L..BUF0.
  1890: f8 04 43 38 52 57 70 00 43 38 52 57 a0 1c 5e 2e  ..C8RWp.C8RW..^.
  18a0: 4d 43 48 43 50 4d 32 48 8a 42 55 46 30 0a ca 43  MCHCPM2H.BUF0..C
  18b0: 43 4c 4e 70 00 43 43 4c 4e a0 1f 93 5e 2e 4d 43  CLNp.CCLN...^.MC
  18c0: 48 43 50 4d 32 48 01 8d 42 55 46 30 0b c8 05 43  HCPM2H..BUF0...C
  18d0: 43 52 57 70 00 43 43 52 57 a0 1c 5e 2e 4d 43 48  CRWp.CCRW..^.MCH
  18e0: 43 50 4d 33 4c 8a 42 55 46 30 0a e4 44 30 4c 4e  CPM3L.BUF0..D0LN
  18f0: 70 00 44 30 4c 4e a0 1f 93 5e 2e 4d 43 48 43 50  p.D0LN...^.MCHCP
  1900: 4d 33 4c 01 8d 42 55 46 30 0b 98 06 44 30 52 57  M3L..BUF0...D0RW
  1910: 70 00 44 30 52 57 a0 1c 5e 2e 4d 43 48 43 50 4d  p.D0RW..^.MCHCPM
  1920: 33 48 8a 42 55 46 30 0a fe 44 34 4c 4e 70 00 44  3H.BUF0..D4LNp.D
  1930: 34 4c 4e a0 1f 93 5e 2e 4d 43 48 43 50 4d 33 48  4LN...^.MCHCPM3H
  1940: 01 8d 42 55 46 30 0b 68 07 44 34 52 57 70 00 44  ..BUF0.h.D4RWp.D
  1950: 34 52 57 a0 1d 5e 2e 4d 43 48 43 50 4d 34 4c 8a  4RW..^.MCHCPM4L.
  1960: 42 55 46 30 0b 18 01 44 38 4c 4e 70 00 44 38 4c  BUF0...D8LNp.D8L
  1970: 4e a0 1f 93 5e 2e 4d 43 48 43 50 4d 34 4c 01 8d  N...^.MCHCPM4L..
  1980: 42 55 46 30 0b 38 08 44 38 52 57 70 00 44 38 52  BUF0.8.D8RWp.D8R
  1990: 57 a0 1d 5e 2e 4d 43 48 43 50 4d 34 48 8a 42 55  W..^.MCHCPM4H.BU
  19a0: 46 30 0b 32 01 44 43 4c 4e 70 00 44 43 4c 4e a0  F0.2.DCLNp.DCLN.
  19b0: 1f 93 5e 2e 4d 43 48 43 50 4d 34 48 01 8d 42 55  ..^.MCHCPM4H..BU
  19c0: 46 30 0b 08 09 44 43 52 57 70 00 44 43 52 57 a0  F0...DCRWp.DCRW.
  19d0: 1d 5e 2e 4d 43 48 43 50 4d 35 4c 8a 42 55 46 30  .^.MCHCPM5L.BUF0
  19e0: 0b 4c 01 45 30 4c 4e 70 00 45 30 4c 4e a0 1f 93  .L.E0LNp.E0LN...
  19f0: 5e 2e 4d 43 48 43 50 4d 35 4c 01 8d 42 55 46 30  ^.MCHCPM5L..BUF0
  1a00: 0b d8 09 45 30 52 57 70 00 45 30 52 57 a0 1d 5e  ...E0RWp.E0RW..^
  1a10: 2e 4d 43 48 43 50 4d 35 48 8a 42 55 46 30 0b 66  .MCHCPM5H.BUF0.f
  1a20: 01 45 34 4c 4e 70 00 45 34 4c 4e a0 1f 93 5e 2e  .E4LNp.E4LN...^.
  1a30: 4d 43 48 43 50 4d 35 48 01 8d 42 55 46 30 0b a8  MCHCPM5H..BUF0..
  1a40: 0a 45 34 52 57 70 00 45 34 52 57 a0 1d 5e 2e 4d  .E4RWp.E4RW..^.M
  1a50: 43 48 43 50 4d 36 4c 8a 42 55 46 30 0b 80 01 45  CHCPM6L.BUF0...E
  1a60: 38 4c 4e 70 00 45 38 4c 4e a0 1f 93 5e 2e 4d 43  8LNp.E8LN...^.MC
  1a70: 48 43 50 4d 36 4c 01 8d 42 55 46 30 0b 78 0b 45  HCPM6L..BUF0.x.E
  1a80: 38 52 57 70 00 45 38 52 57 a0 1d 5e 2e 4d 43 48  8RWp.E8RW..^.MCH
  1a90: 43 50 4d 36 48 8a 42 55 46 30 0b 9a 01 45 43 4c  CPM6H.BUF0...ECL
  1aa0: 4e 70 00 45 43 4c 4e a0 1f 93 5e 2e 4d 43 48 43  Np.ECLN...^.MCHC
  1ab0: 50 4d 36 48 01 8d 42 55 46 30 0b 48 0c 45 43 52  PM6H..BUF0.H.ECR
  1ac0: 57 70 00 45 43 52 57 a0 1d 5e 2e 4d 43 48 43 50  Wp.ECRW..^.MCHCP
  1ad0: 4d 30 48 8a 42 55 46 30 0b b4 01 46 30 4c 4e 70  M0H.BUF0...F0LNp
  1ae0: 00 46 30 4c 4e a0 1f 93 5e 2e 4d 43 48 43 50 4d  .F0LN...^.MCHCPM
  1af0: 30 48 01 8d 42 55 46 30 0b 18 0d 46 30 52 57 70  0H..BUF0...F0RWp
  1b00: 00 46 30 52 57 8a 42 55 46 30 0b c2 01 4d 31 4d  .F0RW.BUF0...M1M
  1b10: 4e 8a 42 55 46 30 0b c6 01 4d 31 4d 58 8a 42 55  N.BUF0...M1MX.BU
  1b20: 46 30 0b ce 01 4d 31 4c 4e 8a 42 55 46 30 0b dc  F0...M1LN.BUF0..
  1b30: 01 4d 32 4d 4e 8a 42 55 46 30 0b e0 01 4d 32 4d  .M2MN.BUF0...M2M
  1b40: 58 8a 42 55 46 30 0b e8 01 4d 32 4c 4e 79 5e 2e  X.BUF0...M2LNy^.
  1b50: 4d 43 48 43 50 58 42 52 0a 1a 4d 31 4d 58 7a 0c  MCHCPXBR..M1MXz.
  1b60: 00 00 00 10 5e 2e 4d 43 48 43 50 58 53 5a 60 72  ....^.MCHCPXSZ`r
  1b70: 4d 31 4d 58 60 4d 32 4d 4e 72 74 4d 32 4d 58 4d  M1MX`M2MNrtM2MXM
  1b80: 32 4d 4e 00 01 4d 32 4c 4e 74 4d 31 4d 58 01 4d  2MN..M2LNtM1MX.M
  1b90: 31 4d 58 79 5e 2e 4d 43 48 43 54 4c 55 44 0a 14  1MXy^.MCHCTLUD..
  1ba0: 4d 31 4d 4e 72 74 4d 31 4d 58 4d 31 4d 4e 00 01  M1MNrtM1MXM1MN..
  1bb0: 4d 31 4c 4e a4 42 55 46 30 14 47 28 5f 50 52 54  M1LN.BUF0.G(_PRT
  1bc0: 00 a0 45 0f 47 50 49 43 a4 12 4d 0e 13 12 0b 04  ..E.GPIC..M.....
  1bd0: 0c ff ff 01 00 00 00 0a 10 12 0b 04 0c ff ff 02  ................
  1be0: 00 00 00 0a 10 12 0b 04 0c ff ff 07 00 00 00 0a  ................
  1bf0: 10 12 0b 04 0c ff ff 19 00 00 00 0a 14 12 0b 04  ................
  1c00: 0c ff ff 1a 00 00 00 0a 10 12 0b 04 0c ff ff 1a  ................
  1c10: 00 01 00 0a 15 12 0c 04 0c ff ff 1a 00 0a 02 00  ................
  1c20: 0a 12 12 0b 04 0c ff ff 1b 00 00 00 0a 16 12 0b  ................
  1c30: 04 0c ff ff 1c 00 00 00 0a 11 12 0b 04 0c ff ff  ................
  1c40: 1c 00 01 00 0a 10 12 0c 04 0c ff ff 1c 00 0a 02  ................
  1c50: 00 0a 12 12 0c 04 0c ff ff 1c 00 0a 03 00 0a 13  ................
  1c60: 12 0b 04 0c ff ff 1d 00 00 00 0a 17 12 0b 04 0c  ................
  1c70: ff ff 1d 00 01 00 0a 13 12 0c 04 0c ff ff 1d 00  ................
  1c80: 0a 02 00 0a 12 12 0b 04 0c ff ff 1f 00 00 00 0a  ................
  1c90: 13 12 0b 04 0c ff ff 1f 00 01 00 0a 13 12 0c 04  ................
  1ca0: 0c ff ff 1f 00 0a 02 00 0a 13 12 0c 04 0c ff ff  ................
  1cb0: 1f 00 0a 03 00 0a 10 a1 49 18 a4 12 45 18 13 12  ........I...E...
  1cc0: 13 04 0c ff ff 01 00 00 5e 2e 4c 50 43 42 4c 4e  ........^.LPCBLN
  1cd0: 4b 41 00 12 13 04 0c ff ff 02 00 00 5e 2e 4c 50  KA..........^.LP
  1ce0: 43 42 4c 4e 4b 41 00 12 13 04 0c ff ff 07 00 00  CBLNKA..........
  1cf0: 5e 2e 4c 50 43 42 4c 4e 4b 41 00 12 13 04 0c ff  ^.LPCBLNKA......
  1d00: ff 19 00 00 5e 2e 4c 50 43 42 4c 4e 4b 45 00 12  ....^.LPCBLNKE..
  1d10: 13 04 0c ff ff 1a 00 00 5e 2e 4c 50 43 42 4c 4e  ........^.LPCBLN
  1d20: 4b 41 00 12 13 04 0c ff ff 1a 00 01 5e 2e 4c 50  KA..........^.LP
  1d30: 43 42 4c 4e 4b 46 00 12 14 04 0c ff ff 1a 00 0a  CBLNKF..........
  1d40: 02 5e 2e 4c 50 43 42 4c 4e 4b 43 00 12 13 04 0c  .^.LPCBLNKC.....
  1d50: ff ff 1b 00 00 5e 2e 4c 50 43 42 4c 4e 4b 47 00  .....^.LPCBLNKG.
  1d60: 12 13 04 0c ff ff 1c 00 00 5e 2e 4c 50 43 42 4c  .........^.LPCBL
  1d70: 4e 4b 42 00 12 13 04 0c ff ff 1c 00 01 5e 2e 4c  NKB..........^.L
  1d80: 50 43 42 4c 4e 4b 41 00 12 14 04 0c ff ff 1c 00  PCBLNKA.........
  1d90: 0a 02 5e 2e 4c 50 43 42 4c 4e 4b 43 00 12 14 04  ..^.LPCBLNKC....
  1da0: 0c ff ff 1c 00 0a 03 5e 2e 4c 50 43 42 4c 4e 4b  .......^.LPCBLNK
  1db0: 44 00 12 13 04 0c ff ff 1d 00 00 5e 2e 4c 50 43  D..........^.LPC
  1dc0: 42 4c 4e 4b 48 00 12 13 04 0c ff ff 1d 00 01 5e  BLNKH..........^
  1dd0: 2e 4c 50 43 42 4c 4e 4b 44 00 12 14 04 0c ff ff  .LPCBLNKD.......
  1de0: 1d 00 0a 02 5e 2e 4c 50 43 42 4c 4e 4b 43 00 12  ....^.LPCBLNKC..
  1df0: 13 04 0c ff ff 1f 00 00 5e 2e 4c 50 43 42 4c 4e  ........^.LPCBLN
  1e00: 4b 44 00 12 13 04 0c ff ff 1f 00 01 5e 2e 4c 50  KD..........^.LP
  1e10: 43 42 4c 4e 4b 44 00 12 14 04 0c ff ff 1f 00 0a  CBLNKD..........
  1e20: 02 5e 2e 4c 50 43 42 4c 4e 4b 44 00 12 14 04 0c  .^.LPCBLNKD.....
  1e30: ff ff 1f 00 0a 03 5e 2e 4c 50 43 42 4c 4e 4b 41  ......^.LPCBLNKA
  1e40: 00 14 4c 11 5f 4f 53 43 04 44 42 47 43 0a 6c 0a  ..L._OSC.DBGC.l.
  1e50: 80 42 43 45 4e 8a 6b 00 50 53 54 53 8a 6b 0a 04  .BCEN.k.PSTS.k..
  1e60: 50 53 55 50 8a 6b 0a 08 50 43 4e 54 70 50 53 55  PSUP.k..PCNTpPSU
  1e70: 50 53 55 50 50 70 50 43 4e 54 43 54 52 4c 08 55  PSUPPpPCNTCTRL.U
  1e80: 49 44 31 11 13 0a 10 5b 4d db 33 f7 1f 1c 40 96  ID1....[M.3...@.
  1e90: 57 74 41 c0 3d d7 66 a0 4b 0a 93 68 11 13 0a 10  WtA.=.f.K..h....
  1ea0: 5b 4d db 33 f7 1f 1c 40 96 57 74 41 c0 3d d7 66  [M.3...@.WtA.=.f
  1eb0: 7b 43 54 52 4c 0a 1d 43 54 52 4c a0 15 92 93 7b  {CTRL..CTRL....{
  1ec0: 53 55 50 50 0a 16 00 0a 16 7b 43 54 52 4c 0a 1e  SUPP.....{CTRL..
  1ed0: 00 a0 27 80 7b 50 53 54 53 01 00 00 a0 08 7b 43  ..'.{PSTS.....{C
  1ee0: 54 52 4c 01 00 a0 09 7b 43 54 52 4c 0a 04 00 a0  TRL....{CTRL....
  1ef0: 09 7b 43 54 52 4c 0a 10 00 a0 1e 92 93 69 01 7d  .{CTRL.......i.}
  1f00: 50 53 54 53 0a 08 50 53 54 53 44 42 47 43 0a 6c  PSTS..PSTSDBGC.l
  1f10: 0a 81 42 43 45 4e a4 6b a0 16 92 93 50 43 4e 54  ..BCEN.k....PCNT
  1f20: 43 54 52 4c 7d 50 53 54 53 0a 10 50 53 54 53 70  CTRL}PSTS..PSTSp
  1f30: 00 50 43 4e 54 44 42 47 43 0a 6c 0a 82 42 43 45  .PCNTDBGC.l..BCE
  1f40: 4e a4 6b a1 1a 7d 50 53 54 53 0a 04 50 53 54 53  N.k..}PSTS..PSTS
  1f50: 44 42 47 43 0a 6c 0a 83 42 43 45 4e a4 6b 5b 82  DBGC.l..BCEN.k[.
  1f60: 40 14 50 44 52 43 08 5f 48 49 44 0c 41 d0 0c 02  @.PDRC._HID.A...
  1f70: 08 5f 55 49 44 01 08 42 55 46 30 11 46 06 0a 62  ._UID..BUF0.F..b
  1f80: 86 09 00 01 00 00 00 00 00 40 00 00 86 09 00 01  .........@......
  1f90: 00 00 00 00 00 40 00 00 86 09 00 01 00 00 00 00  .....@..........
  1fa0: 00 10 00 00 86 09 00 01 00 00 00 00 00 10 00 00  ................
  1fb0: 86 09 00 01 00 00 00 00 00 00 00 00 86 09 00 01  ................
  1fc0: 00 00 d2 fe 00 00 02 00 86 09 00 01 00 00 d4 fe  ................
  1fd0: 00 50 00 00 86 09 00 01 00 50 d4 fe 00 b0 04 00  .P.......P......
  1fe0: 79 00 14 4d 0b 5f 43 52 53 08 8a 42 55 46 30 0a  y..M._CRS..BUF0.
  1ff0: 04 52 42 52 30 79 5e 5e 2e 4c 50 43 42 52 43 42  .RBR0y^^.LPCBRCB
  2000: 41 0a 0e 52 42 52 30 8a 42 55 46 30 0a 10 4d 42  A..RBR0.BUF0..MB
  2010: 52 30 79 5e 5e 2e 4d 43 48 43 4d 48 42 52 0a 0e  R0y^^.MCHCMHBR..
  2020: 4d 42 52 30 8a 42 55 46 30 0a 1c 44 42 52 30 79  MBR0.BUF0..DBR0y
  2030: 5e 5e 2e 4d 43 48 43 44 49 42 52 0a 0c 44 42 52  ^^.MCHCDIBR..DBR
  2040: 30 8a 42 55 46 30 0a 28 45 42 52 30 79 5e 5e 2e  0.BUF0.(EBR0y^^.
  2050: 4d 43 48 43 45 50 42 52 0a 0c 45 42 52 30 8a 42  MCHCEPBR..EBR0.B
  2060: 55 46 30 0a 34 58 42 52 30 79 5e 5e 2e 4d 43 48  UF0.4XBR0y^^.MCH
  2070: 43 50 58 42 52 0a 1a 58 42 52 30 8a 42 55 46 30  CPXBR..XBR0.BUF0
  2080: 0a 38 58 53 5a 30 7a 0c 00 00 00 10 5e 5e 2e 4d  .8XSZ0z.....^^.M
  2090: 43 48 43 50 58 53 5a 58 53 5a 30 a4 42 55 46 30  CHCPXSZXSZ0.BUF0
  20a0: 5b 82 4d 2c 50 45 47 50 08 5f 41 44 52 0c 00 00  [.M,PEGP._ADR...
  20b0: 01 00 14 41 09 5f 50 52 54 00 a0 33 47 50 49 43  ...A._PRT..3GPIC
  20c0: a4 12 2c 04 12 09 04 0b ff ff 00 00 0a 10 12 09  ..,.............
  20d0: 04 0b ff ff 01 00 0a 11 12 0a 04 0b ff ff 0a 02  ................
  20e0: 00 0a 12 12 0a 04 0b ff ff 0a 03 00 0a 13 a1 45  ...............E
  20f0: 05 a4 12 41 05 04 12 12 04 0b ff ff 00 5e 5e 2e  ...A.........^^.
  2100: 4c 50 43 42 4c 4e 4b 41 00 12 12 04 0b ff ff 01  LPCBLNKA........
  2110: 5e 5e 2e 4c 50 43 42 4c 4e 4b 42 00 12 13 04 0b  ^^.LPCBLNKB.....
  2120: ff ff 0a 02 5e 5e 2e 4c 50 43 42 4c 4e 4b 43 00  ....^^.LPCBLNKC.
  2130: 12 13 04 0b ff ff 0a 03 5e 5e 2e 4c 50 43 42 4c  ........^^.LPCBL
  2140: 4e 4b 44 00 5b 82 49 22 4e 47 46 58 14 13 5f 41  NKD.[.I"NGFX.._A
  2150: 44 52 08 44 42 47 43 0a 62 00 42 43 45 4e a4 00  DR.DBGC.b.BCEN..
  2160: 5b 80 4e 56 46 58 02 00 0a 10 5b 81 0b 4e 56 46  [.NVFX....[..NVF
  2170: 58 00 4e 56 49 44 10 5b 82 0d 4c 43 44 5f 08 5f  X.NVID.[..LCD_._
  2180: 41 44 52 0b 18 01 08 45 52 52 30 11 07 0a 04 00  ADR....ERR0.....
  2190: 00 00 00 08 45 52 52 31 11 07 0a 04 01 00 00 80  ....ERR1........
  21a0: 08 56 45 52 31 11 07 0a 04 01 00 00 00 08 42 48  .VER1.........BH
  21b0: 57 31 11 0f 0a 0c 00 00 64 00 c8 00 00 00 00 00  W1......d.......
  21c0: e8 03 08 42 43 4c 31 11 0e 0a 0b 64 64 14 18 1d  ...BCL1....dd...
  21d0: 24 2c 35 3f 4c 64 08 4f 44 49 44 11 13 0a 10 10  $,5?Ld.ODID.....
  21e0: 01 00 00 00 01 01 00 00 02 01 00 20 01 00 00 14  ........... ....
  21f0: 4f 17 4e 56 49 46 03 44 42 47 43 0a 6f 68 42 43  O.NVIF.DBGC.ohBC
  2200: 45 4e a0 10 93 68 01 73 45 52 52 30 56 45 52 31  EN...h.sERR0VER1
  2210: 60 a4 60 a1 46 15 a0 43 13 93 68 0a 09 08 5f 54  `.`.F..C..h..._T
  2220: 5f 30 00 70 99 69 00 5f 54 5f 30 a0 0f 93 5f 54  _0.p.i._T_0..._T
  2230: 5f 30 00 70 45 52 52 30 61 a4 61 a1 4e 10 a0 49  _0.pERR0a.a.N..I
  2240: 07 93 5f 54 5f 30 01 08 5f 54 5f 31 00 70 99 50  .._T_0.._T_1.p.P
  2250: 4e 49 44 00 5f 54 5f 31 a0 11 93 5f 54 5f 31 01  NID._T_1..._T_1.
  2260: 73 45 52 52 30 42 48 57 31 61 a1 4b 04 a0 12 93  sERR0BHW1a.K....
  2270: 5f 54 5f 31 0a 02 73 45 52 52 30 42 48 57 31 61  _T_1..sERR0BHW1a
  2280: a1 35 a0 12 93 5f 54 5f 31 0a 04 73 45 52 52 30  .5..._T_1..sERR0
  2290: 42 48 57 31 61 a1 20 a0 12 93 5f 54 5f 31 0a 05  BHW1a. ..._T_1..
  22a0: 73 45 52 52 30 42 48 57 31 61 a1 0b 73 45 52 52  sERR0BHW1a..sERR
  22b0: 30 42 48 57 31 61 a4 61 a1 41 09 a0 10 93 5f 54  0BHW1a.a.A...._T
  22c0: 5f 30 0a 02 70 45 52 52 30 61 a4 61 a1 4d 07 a0  _0..pERR0a.a.M..
  22d0: 4a 07 93 5f 54 5f 30 0a 03 08 5f 54 5f 32 00 70  J.._T_0..._T_2.p
  22e0: 99 50 4e 49 44 00 5f 54 5f 32 a0 11 93 5f 54 5f  .PNID._T_2..._T_
  22f0: 32 01 73 45 52 52 30 42 43 4c 31 61 a1 4b 04 a0  2.sERR0BCL1a.K..
  2300: 12 93 5f 54 5f 32 0a 02 73 45 52 52 30 42 43 4c  .._T_2..sERR0BCL
  2310: 31 61 a1 35 a0 12 93 5f 54 5f 32 0a 04 73 45 52  1a.5..._T_2..sER
  2320: 52 30 42 43 4c 31 61 a1 20 a0 12 93 5f 54 5f 32  R0BCL1a. ..._T_2
  2330: 0a 05 73 45 52 52 30 42 43 4c 31 61 a1 0b 73 45  ..sERR0BCL1a..sE
  2340: 52 52 30 42 43 4c 31 61 a4 61 a1 1f a0 1d 93 68  RR0BCL1a.a.....h
  2350: 0a 0b a0 10 93 69 01 73 45 52 52 30 4f 44 49 44  .....i.sERR0ODID
  2360: 60 a4 60 a1 06 a4 45 52 52 31 a4 45 52 52 31 5b  `.`...ERR1.ERR1[
  2370: 82 4d e7 47 46 58 30 14 17 5f 41 44 52 08 44 42  .M.GFX0.._ADR.DB
  2380: 47 43 0a 63 00 42 43 45 4e a4 0c 00 00 02 00 5b  GC.c.BCEN......[
  2390: 80 49 47 46 58 02 0a f0 0a 10 5b 81 0d 49 47 46  .IGFX.....[..IGF
  23a0: 58 00 00 20 42 52 45 47 08 14 10 5f 44 4f 53 01  X.. BREG..._DOS.
  23b0: 70 7b 68 0a 03 00 44 53 45 4e 14 4c 1d 5f 44 4f  p{h...DSEN.L._DO
  23c0: 44 00 a0 2c 93 4e 44 49 44 01 08 54 4d 50 31 12  D..,.NDID..TMP1.
  23d0: 07 01 0c ff ff ff ff 70 7d 0c 00 00 01 00 44 49  .......p}.....DI
  23e0: 44 31 00 88 54 4d 50 31 00 00 a4 54 4d 50 31 a0  D1..TMP1...TMP1.
  23f0: 46 04 93 4e 44 49 44 0a 02 08 54 4d 50 32 12 0c  F..NDID...TMP2..
  2400: 02 0c ff ff ff ff 0c ff ff ff ff 70 7d 0c 00 00  ...........p}...
  2410: 01 00 44 49 44 31 00 88 54 4d 50 32 00 00 70 7d  ..DID1..TMP2..p}
  2420: 0c 00 00 01 00 44 49 44 32 00 88 54 4d 50 32 01  .....DID2..TMP2.
  2430: 00 a4 54 4d 50 32 a0 4f 05 93 4e 44 49 44 0a 03  ..TMP2.O..NDID..
  2440: 08 54 4d 50 33 12 11 03 0c ff ff ff ff 0c ff ff  .TMP3...........
  2450: ff ff 0c ff ff ff ff 70 7d 0c 00 00 01 00 44 49  .......p}.....DI
  2460: 44 31 00 88 54 4d 50 33 00 00 70 7d 0c 00 00 01  D1..TMP3..p}....
  2470: 00 44 49 44 32 00 88 54 4d 50 33 01 00 70 7d 0c  .DID2..TMP3..p}.
  2480: 00 00 01 00 44 49 44 33 00 88 54 4d 50 33 0a 02  ....DID3..TMP3..
  2490: 00 a4 54 4d 50 33 a0 48 07 93 4e 44 49 44 0a 04  ..TMP3.H..NDID..
  24a0: 08 54 4d 50 34 12 16 04 0c ff ff ff ff 0c ff ff  .TMP4...........
  24b0: ff ff 0c ff ff ff ff 0c ff ff ff ff 70 7d 0c 00  ............p}..
  24c0: 00 01 00 44 49 44 31 00 88 54 4d 50 34 00 00 70  ...DID1..TMP4..p
  24d0: 7d 0c 00 00 01 00 44 49 44 32 00 88 54 4d 50 34  }.....DID2..TMP4
  24e0: 01 00 70 7d 0c 00 00 01 00 44 49 44 33 00 88 54  ..p}.....DID3..T
  24f0: 4d 50 34 0a 02 00 70 7d 0c 00 00 01 00 44 49 44  MP4...p}.....DID
  2500: 34 00 88 54 4d 50 34 0a 03 00 a4 54 4d 50 34 08  4..TMP4....TMP4.
  2510: 54 4d 50 35 12 1b 05 0c ff ff ff ff 0c ff ff ff  TMP5............
  2520: ff 0c ff ff ff ff 0c ff ff ff ff 0c ff ff ff ff  ................
  2530: 70 7d 0c 00 00 01 00 44 49 44 31 00 88 54 4d 50  p}.....DID1..TMP
  2540: 35 00 00 70 7d 0c 00 00 01 00 44 49 44 32 00 88  5..p}.....DID2..
  2550: 54 4d 50 35 01 00 70 7d 0c 00 00 01 00 44 49 44  TMP5..p}.....DID
  2560: 33 00 88 54 4d 50 35 0a 02 00 70 7d 0c 00 00 01  3..TMP5...p}....
  2570: 00 44 49 44 34 00 88 54 4d 50 35 0a 03 00 70 7d  .DID4..TMP5...p}
  2580: 0c 00 00 01 00 44 49 44 35 00 88 54 4d 50 35 0a  .....DID5..TMP5.
  2590: 04 00 a4 54 4d 50 35 5b 82 46 06 44 44 30 31 14  ...TMP5[.F.DD01.
  25a0: 10 5f 41 44 52 08 a4 7b 0b ff ff 44 49 44 31 00  ._ADR..{...DID1.
  25b0: 14 1a 5f 44 43 53 00 54 52 41 50 01 a0 0b 7b 43  .._DCS.TRAP...{C
  25c0: 53 54 45 01 00 a4 0a 1f a4 0a 1d 14 13 5f 44 47  STE.........._DG
  25d0: 53 00 a0 0a 7b 4e 53 54 45 01 00 a4 01 a4 00 14  S...{NSTE.......
  25e0: 1f 5f 44 53 53 01 a0 18 93 7b 68 0c 00 00 00 c0  ._DSS....{h.....
  25f0: 00 0c 00 00 00 c0 70 4e 53 54 45 43 53 54 45 5b  ......pNSTECSTE[
  2600: 82 48 06 44 44 30 32 14 10 5f 41 44 52 08 a4 7b  .H.DD02.._ADR..{
  2610: 0b ff ff 44 49 44 32 00 14 1b 5f 44 43 53 00 54  ...DID2..._DCS.T
  2620: 52 41 50 01 a0 0c 7b 43 53 54 45 0a 02 00 a4 0a  RAP...{CSTE.....
  2630: 1f a4 0a 1d 14 14 5f 44 47 53 00 a0 0b 7b 4e 53  ......_DGS...{NS
  2640: 54 45 0a 02 00 a4 01 a4 00 14 1f 5f 44 53 53 01  TE........._DSS.
  2650: a0 18 93 7b 68 0c 00 00 00 c0 00 0c 00 00 00 c0  ...{h...........
  2660: 70 4e 53 54 45 43 53 54 45 5b 82 48 06 44 44 30  pNSTECSTE[.H.DD0
  2670: 33 14 10 5f 41 44 52 08 a4 7b 0b ff ff 44 49 44  3.._ADR..{...DID
  2680: 33 00 14 1b 5f 44 43 53 00 54 52 41 50 01 a0 0c  3..._DCS.TRAP...
  2690: 7b 43 53 54 45 0a 04 00 a4 0a 1f a4 0a 1d 14 14  {CSTE...........
  26a0: 5f 44 47 53 00 a0 0b 7b 4e 53 54 45 0a 04 00 a4  _DGS...{NSTE....
  26b0: 01 a4 00 14 1f 5f 44 53 53 01 a0 18 93 7b 68 0c  ....._DSS....{h.
  26c0: 00 00 00 c0 00 0c 00 00 00 c0 70 4e 53 54 45 43  ..........pNSTEC
  26d0: 53 54 45 5b 82 4a 13 44 44 30 34 08 52 54 4c 31  STE[.J.DD04.RTL1
  26e0: 11 0c 0a 09 14 18 1d 24 2c 35 3f 4c 64 08 49 43  .......$,5?Ld.IC
  26f0: 4c 31 12 18 0b 0a 64 0a 64 0a 04 0a 10 0a 1c 0a  L1....d.d.......
  2700: 28 0a 34 0a 40 0a 4c 0a 58 0a 64 14 10 5f 41 44  (.4.@.L.X.d.._AD
  2710: 52 08 a4 7b 0b ff ff 44 49 44 34 00 14 1b 5f 44  R..{...DID4..._D
  2720: 43 53 00 54 52 41 50 01 a0 0c 7b 43 53 54 45 0a  CS.TRAP...{CSTE.
  2730: 08 00 a4 0a 1f a4 0a 1d 14 14 5f 44 47 53 00 a0  .........._DGS..
  2740: 0b 7b 4e 53 54 45 0a 08 00 a4 01 a4 00 14 1f 5f  .{NSTE........._
  2750: 44 53 53 01 a0 18 93 7b 68 0c 00 00 00 c0 00 0c  DSS....{h.......
  2760: 00 00 00 c0 70 4e 53 54 45 43 53 54 45 14 0b 5f  ....pNSTECSTE.._
  2770: 42 43 4c 00 a4 49 43 4c 31 14 45 09 5f 42 43 4d  BCL..ICL1.E._BCM
  2780: 01 78 74 68 0a 04 00 0a 0c 00 60 08 5f 54 5f 30  .xth......`._T_0
  2790: 00 70 99 50 4e 49 44 00 5f 54 5f 30 a0 11 93 5f  .p.PNID._T_0..._
  27a0: 54 5f 30 01 70 83 88 52 54 4c 31 60 00 60 a1 4b  T_0.p..RTL1`.`.K
  27b0: 04 a0 12 93 5f 54 5f 30 0a 02 70 83 88 52 54 4c  ...._T_0..p..RTL
  27c0: 31 60 00 60 a1 35 a0 12 93 5f 54 5f 30 0a 04 70  1`.`.5..._T_0..p
  27d0: 83 88 52 54 4c 31 60 00 60 a1 20 a0 12 93 5f 54  ..RTL1`.`. ..._T
  27e0: 5f 30 0a 05 70 83 88 52 54 4c 31 60 00 60 a1 0b  _0..p..RTL1`.`..
  27f0: 70 83 88 52 54 4c 31 60 00 60 70 60 42 52 54 4c  p..RTL1`.`p`BRTL
  2800: 70 60 43 42 4c 56 41 49 4e 54 01 42 52 54 4c 5b  p`CBLVAINT.BRTL[
  2810: 82 48 06 44 44 30 35 14 10 5f 41 44 52 08 a4 7b  .H.DD05.._ADR..{
  2820: 0b ff ff 44 49 44 35 00 14 1b 5f 44 43 53 00 54  ...DID5..._DCS.T
  2830: 52 41 50 01 a0 0c 7b 43 53 54 45 0a 10 00 a4 0a  RAP...{CSTE.....
  2840: 1f a4 0a 1d 14 14 5f 44 47 53 00 a0 0b 7b 4e 53  ......_DGS...{NS
  2850: 54 45 0a 10 00 a4 01 a4 00 14 1f 5f 44 53 53 01  TE........._DSS.
  2860: a0 18 93 7b 68 0c 00 00 00 c0 00 0c 00 00 00 c0  ...{h...........
  2870: 70 4e 53 54 45 43 53 54 45 10 24 5e 5e 50 43 49  pNSTECSTE.$^^PCI
  2880: 30 5b 80 4d 43 48 50 02 0a 40 0a c0 5b 81 10 4d  0[.MCHP..@..[..M
  2890: 43 48 50 00 00 40 30 54 41 53 4d 0a 00 06 5b 80  CHP..@0TASM...[.
  28a0: 49 47 44 50 02 0a 40 0a c0 5b 81 45 05 49 47 44  IGDP..@..[.E.IGD
  28b0: 50 00 00 40 09 00 01 47 49 56 44 01 00 02 47 55  P..@...GIVD...GU
  28c0: 4d 41 03 00 09 00 04 47 4d 46 4e 01 00 1b 00 40  MA.....GMFN....@
  28d0: 46 41 53 4c 45 08 00 18 47 53 53 45 01 47 53 53  FASLE...GSSE.GSS
  28e0: 42 0e 47 53 45 53 01 00 30 00 08 43 44 56 4c 05  B.GSES..0..CDVL.
  28f0: 00 03 00 18 4c 42 50 43 08 00 30 41 53 4c 53 20  ....LBPC..0ASLS 
  2900: 5b 80 49 47 44 4d 00 41 53 4c 42 0b 00 20 5b 81  [.IGDM.ASLB.. [.
  2910: 43 17 49 47 44 4d 00 53 49 47 4e 40 08 53 49 5a  C.IGDM.SIGN@.SIZ
  2920: 45 20 4f 56 45 52 20 53 56 45 52 40 10 56 56 45  E OVER SVER@.VVE
  2930: 52 40 08 47 56 45 52 40 08 4d 42 4f 58 20 00 40  R@.GVER@.MBOX .@
  2940: 52 44 52 44 59 20 43 53 54 53 20 43 45 56 54 20  RDRDY CSTS CEVT 
  2950: 00 40 0a 44 49 44 4c 20 44 44 4c 32 20 44 44 4c  .@.DIDL DDL2 DDL
  2960: 33 20 44 44 4c 34 20 44 44 4c 35 20 44 44 4c 36  3 DDL4 DDL5 DDL6
  2970: 20 44 44 4c 37 20 44 44 4c 38 20 43 50 44 4c 20   DDL7 DDL8 CPDL 
  2980: 43 50 4c 32 20 43 50 4c 33 20 43 50 4c 34 20 43  CPL2 CPL3 CPL4 C
  2990: 50 4c 35 20 43 50 4c 36 20 43 50 4c 37 20 43 50  PL5 CPL6 CPL7 CP
  29a0: 4c 38 20 43 41 44 4c 20 43 41 4c 32 20 43 41 4c  L8 CADL CAL2 CAL
  29b0: 33 20 43 41 4c 34 20 43 41 4c 35 20 43 41 4c 36  3 CAL4 CAL5 CAL6
  29c0: 20 43 41 4c 37 20 43 41 4c 38 20 4e 41 44 4c 20   CAL7 CAL8 NADL 
  29d0: 4e 44 4c 32 20 4e 44 4c 33 20 4e 44 4c 34 20 4e  NDL2 NDL3 NDL4 N
  29e0: 44 4c 35 20 4e 44 4c 36 20 4e 44 4c 37 20 4e 44  DL5 NDL6 NDL7 ND
  29f0: 4c 38 20 41 53 4c 50 20 54 49 44 58 20 43 48 50  L8 ASLP TIDX CHP
  2a00: 44 20 43 4c 49 44 20 43 44 43 4b 20 53 58 53 57  D CLID CDCK SXSW
  2a10: 20 45 56 54 53 20 43 4e 4f 54 20 4e 52 44 59 20   EVTS CNOT NRDY 
  2a20: 00 40 1e 53 43 49 45 01 47 45 46 43 04 47 58 46  .@.SCIE.GEFC.GXF
  2a30: 43 03 47 45 53 46 08 00 10 50 41 52 4d 20 44 53  C.GESF...PARM DS
  2a40: 4c 50 20 00 40 7a 41 52 44 59 20 41 53 4c 43 20  LP .@zARDY ASLC 
  2a50: 54 43 48 45 20 41 4c 53 49 20 42 43 4c 50 20 50  TCHE ALSI BCLP P
  2a60: 46 49 54 20 43 42 4c 56 20 42 43 4c 4d 40 14 43  FIT CBLV BCLM@.C
  2a70: 50 46 4d 20 45 50 46 4d 20 00 40 5a 47 56 44 31  PFM EPFM .@ZGVD1
  2a80: 80 00 0e 08 44 42 54 42 12 32 15 00 0a 07 0a 38  ....DBTB.2.....8
  2a90: 0b c0 01 0b 00 0e 0a 3f 0b c7 01 0b 07 0e 0b f8  .......?........
  2aa0: 01 0b 38 0e 0b c0 0f 00 00 00 00 00 0b 00 70 0b  ..8...........p.
  2ab0: 07 70 0b 38 70 0b c0 71 0b 00 7e 08 43 44 43 54  .p.8p..q..~.CDCT
  2ac0: 12 23 03 12 0a 03 0a c8 0b 40 01 0b 90 01 12 0a  .#.......@......
  2ad0: 03 0a c8 0b 4d 01 0b 90 01 12 0a 03 0a de 0b 4d  ....M..........M
  2ae0: 01 0b 7d 01 08 53 55 43 43 01 08 4e 56 4c 44 0a  ..}..SUCC..NVLD.
  2af0: 02 08 43 52 49 54 0a 04 08 4e 43 52 54 0a 06 14  ..CRIT...NCRT...
  2b00: 4a 4c 47 53 43 49 08 14 45 1f 47 42 44 41 08 a0  JLGSCI..E.GBDA..
  2b10: 1a 93 47 45 53 46 00 70 0b 79 02 50 41 52 4d 70  ..GESF.p.y.PARMp
  2b20: 00 47 45 53 46 a4 53 55 43 43 a0 1a 93 47 45 53  .GESF.SUCC...GES
  2b30: 46 01 70 0b 40 02 50 41 52 4d 70 00 47 45 53 46  F.p.@.PARMp.GESF
  2b40: a4 53 55 43 43 a0 47 04 93 47 45 53 46 0a 04 7b  .SUCC.G..GESF..{
  2b50: 50 41 52 4d 0c 00 00 ff ef 50 41 52 4d 7b 50 41  PARM.....PARM{PA
  2b60: 52 4d 79 83 88 44 42 54 42 49 42 54 54 00 0a 10  RMy..DBTBIBTT...
  2b70: 00 50 41 52 4d 7d 49 42 54 54 50 41 52 4d 50 41  .PARM}IBTTPARMPA
  2b80: 52 4d 70 00 47 45 53 46 a4 53 55 43 43 a0 4b 07  RMp.GESF.SUCC.K.
  2b90: 93 47 45 53 46 0a 05 70 49 50 53 43 50 41 52 4d  .GESF..pIPSCPARM
  2ba0: 7d 50 41 52 4d 79 49 50 41 54 0a 08 00 50 41 52  }PARMyIPAT...PAR
  2bb0: 4d 72 50 41 52 4d 0b 00 01 50 41 52 4d 7d 50 41  MrPARM...PARM}PA
  2bc0: 52 4d 79 4c 49 44 53 0a 10 00 50 41 52 4d 72 50  RMyLIDS...PARMrP
  2bd0: 41 52 4d 0c 00 00 01 00 50 41 52 4d 7d 50 41 52  ARM.....PARM}PAR
  2be0: 4d 79 49 42 4c 43 0a 12 00 50 41 52 4d 7d 50 41  MyIBLC...PARM}PA
  2bf0: 52 4d 79 49 42 49 41 0a 14 00 50 41 52 4d 70 00  RMyIBIA...PARMp.
  2c00: 47 45 53 46 a4 53 55 43 43 a0 2d 93 47 45 53 46  GESF.SUCC.-.GESF
  2c10: 0a 06 70 49 54 56 46 50 41 52 4d 7d 50 41 52 4d  ..pITVFPARM}PARM
  2c20: 79 49 54 56 4d 0a 04 00 50 41 52 4d 70 00 47 45  yITVM...PARMp.GE
  2c30: 53 46 a4 53 55 43 43 a0 4f 08 93 47 45 53 46 0a  SF.SUCC.O..GESF.
  2c40: 07 70 47 49 56 44 50 41 52 4d 7f 50 41 52 4d 01  .pGIVDPARM.PARM.
  2c50: 50 41 52 4d 7d 50 41 52 4d 79 47 4d 46 4e 01 00  PARM}PARMyGMFN..
  2c60: 50 41 52 4d 7d 50 41 52 4d 0b 00 10 50 41 52 4d  PARM}PARM...PARM
  2c70: a0 16 49 44 4d 4d 7d 50 41 52 4d 79 49 44 4d 53  ..IDMM}PARMyIDMS
  2c80: 0a 11 00 50 41 52 4d a1 12 7d 50 41 52 4d 79 49  ...PARM..}PARMyI
  2c90: 44 4d 53 0a 0d 00 50 41 52 4d 7d 79 83 88 83 88  DMS...PARM}y....
  2ca0: 43 44 43 54 48 56 43 4f 00 74 43 44 56 4c 01 00  CDCTHVCO.tCDVL..
  2cb0: 00 0a 15 00 50 41 52 4d 50 41 52 4d 70 01 47 45  ....PARMPARMp.GE
  2cc0: 53 46 a4 53 55 43 43 a0 2a 93 47 45 53 46 0a 0a  SF.SUCC.*.GESF..
  2cd0: 70 00 50 41 52 4d a0 10 49 53 53 43 7d 50 41 52  p.PARM..ISSC}PAR
  2ce0: 4d 0a 03 50 41 52 4d 70 00 47 45 53 46 a4 53 55  M..PARMp.GESF.SU
  2cf0: 43 43 70 00 47 45 53 46 a4 43 52 49 54 14 4e 28  CCp.GESF.CRIT.N(
  2d00: 53 42 43 42 08 a0 20 93 47 45 53 46 00 70 00 50  SBCB.. .GESF.p.P
  2d10: 41 52 4d 70 0b fd f7 50 41 52 4d 70 00 47 45 53  ARMp...PARMp.GES
  2d20: 46 a4 53 55 43 43 a0 18 93 47 45 53 46 01 70 00  F.SUCC...GESF.p.
  2d30: 47 45 53 46 70 00 50 41 52 4d a4 53 55 43 43 a0  GESFp.PARM.SUCC.
  2d40: 19 93 47 45 53 46 0a 03 70 00 47 45 53 46 70 00  ..GESF..p.GESFp.
  2d50: 50 41 52 4d a4 53 55 43 43 a0 19 93 47 45 53 46  PARM.SUCC...GESF
  2d60: 0a 04 70 00 47 45 53 46 70 00 50 41 52 4d a4 53  ..p.GESFp.PARM.S
  2d70: 55 43 43 a0 19 93 47 45 53 46 0a 05 70 00 47 45  UCC...GESF..p.GE
  2d80: 53 46 70 00 50 41 52 4d a4 53 55 43 43 a0 37 93  SFp.PARM.SUCC.7.
  2d90: 47 45 53 46 0a 06 70 7b 50 41 52 4d 0a 0f 00 49  GESF..p{PARM...I
  2da0: 54 56 46 70 7a 7b 50 41 52 4d 0a f0 00 0a 04 00  TVFpz{PARM......
  2db0: 49 54 56 4d 70 00 47 45 53 46 70 00 50 41 52 4d  ITVMp.GESFp.PARM
  2dc0: a4 53 55 43 43 a0 19 93 47 45 53 46 0a 07 70 00  .SUCC...GESF..p.
  2dd0: 47 45 53 46 70 00 50 41 52 4d a4 53 55 43 43 a0  GESFp.PARM.SUCC.
  2de0: 19 93 47 45 53 46 0a 08 70 00 47 45 53 46 70 00  ..GESF..p.GESFp.
  2df0: 50 41 52 4d a4 53 55 43 43 a0 24 93 47 45 53 46  PARM.SUCC.$.GESF
  2e00: 0a 09 7b 50 41 52 4d 0a ff 49 42 54 54 70 00 47  ..{PARM..IBTTp.G
  2e10: 45 53 46 70 00 50 41 52 4d a4 53 55 43 43 a0 46  ESFp.PARM.SUCC.F
  2e20: 05 93 47 45 53 46 0a 0a 7b 50 41 52 4d 0a ff 49  ..GESF..{PARM..I
  2e30: 50 53 43 a0 21 7b 7a 50 41 52 4d 0a 08 00 0a ff  PSC.!{zPARM.....
  2e40: 00 7b 7a 50 41 52 4d 0a 08 00 0a ff 49 50 41 54  .{zPARM.....IPAT
  2e50: 76 49 50 41 54 7b 7a 50 41 52 4d 0a 14 00 0a 07  vIPAT{zPARM.....
  2e60: 49 42 49 41 70 00 47 45 53 46 70 00 50 41 52 4d  IBIAp.GESFp.PARM
  2e70: a4 53 55 43 43 a0 40 06 93 47 45 53 46 0a 0b 7b  .SUCC.@..GESF..{
  2e80: 7a 50 41 52 4d 01 00 01 49 46 31 45 a0 21 7b 50  zPARM...IF1E.!{P
  2e90: 41 52 4d 0c 00 e0 01 00 00 7b 7a 50 41 52 4d 0a  ARM......{zPARM.
  2ea0: 0d 00 0a 0f 49 44 4d 53 70 00 49 44 4d 4d a1 16  ....IDMSp.IDMM..
  2eb0: 7b 7a 50 41 52 4d 0a 11 00 0a 0f 49 44 4d 53 70  {zPARM.....IDMSp
  2ec0: 01 49 44 4d 4d 70 00 47 45 53 46 70 00 50 41 52  .IDMMp.GESFp.PAR
  2ed0: 4d a4 53 55 43 43 a0 19 93 47 45 53 46 0a 10 70  M.SUCC...GESF..p
  2ee0: 00 47 45 53 46 70 00 50 41 52 4d a4 53 55 43 43  .GESFp.PARM.SUCC
  2ef0: a0 2c 93 47 45 53 46 0a 11 70 79 4c 49 44 53 0a  .,.GESF..pyLIDS.
  2f00: 08 00 50 41 52 4d 72 50 41 52 4d 0b 00 01 50 41  ..PARMrPARM...PA
  2f10: 52 4d 70 00 47 45 53 46 a4 53 55 43 43 a0 49 04  RMp.GESF.SUCC.I.
  2f20: 93 47 45 53 46 0a 12 a0 26 7b 50 41 52 4d 01 00  .GESF...&{PARM..
  2f30: a0 10 93 7a 50 41 52 4d 01 00 01 70 01 49 53 53  ...zPARM...p.ISS
  2f40: 43 a1 0c 70 00 47 45 53 46 a4 43 52 49 54 a1 07  C..p.GESF.CRIT..
  2f50: 70 00 49 53 53 43 70 00 47 45 53 46 70 00 50 41  p.ISSCp.GESFp.PA
  2f60: 52 4d a4 53 55 43 43 a0 19 93 47 45 53 46 0a 13  RM.SUCC...GESF..
  2f70: 70 00 47 45 53 46 70 00 50 41 52 4d a4 53 55 43  p.GESFp.PARM.SUC
  2f80: 43 70 00 47 45 53 46 a4 53 55 43 43 a0 11 93 47  Cp.GESF.SUCC...G
  2f90: 45 46 43 0a 04 70 47 42 44 41 47 58 46 43 a0 11  EFC..pGBDAGXFC..
  2fa0: 93 47 45 46 43 0a 06 70 53 42 43 42 47 58 46 43  .GEFC..pSBCBGXFC
  2fb0: 70 00 47 45 46 43 70 01 53 43 49 53 70 00 47 53  p.GEFCp.SCISp.GS
  2fc0: 53 45 70 00 53 43 49 45 a4 00 14 19 50 44 52 44  SEp.SCIE....PDRD
  2fd0: 00 a0 0c 92 44 52 44 59 5b 22 41 53 4c 50 a4 92  ....DRDY["ASLP..
  2fe0: 44 52 44 59 14 1d 50 53 54 53 00 a0 0e 94 43 53  DRDY..PSTS....CS
  2ff0: 54 53 0a 02 5b 22 41 53 4c 50 a4 93 43 53 54 53  TS..["ASLP..CSTS
  3000: 0a 03 14 47 06 47 4e 4f 54 02 a0 07 50 44 52 44  ...G.GNOT...PDRD
  3010: a4 01 a0 07 50 53 54 53 a4 01 70 68 43 45 56 54  ....PSTS..phCEVT
  3020: 70 0a 03 43 53 54 53 a0 2c 90 93 43 48 50 44 00  p..CSTS.,..CHPD.
  3030: 93 69 00 a0 18 91 94 4f 53 59 53 0b d0 07 95 4f  .i.....OSYS....O
  3040: 53 59 53 0b d6 07 86 50 43 49 30 69 a1 07 86 47  SYS....PCI0i...G
  3050: 46 58 30 69 86 47 46 58 30 0a 80 a0 0c 92 50 53  FX0i.GFX0.....PS
  3060: 54 53 70 00 43 45 56 54 a4 00 14 13 47 48 44 53  TSp.CEVT....GHDS
  3070: 01 70 68 54 49 44 58 a4 47 4e 4f 54 01 00 14 14  .phTIDX.GNOT....
  3080: 47 4c 49 44 01 70 68 43 4c 49 44 a4 47 4e 4f 54  GLID.phCLID.GNOT
  3090: 0a 02 00 14 15 47 44 43 4b 01 70 68 43 44 43 4b  .....GDCK.phCDCK
  30a0: a4 47 4e 4f 54 0a 04 0a 80 14 19 50 41 52 44 00  .GNOT......PARD.
  30b0: a0 0c 92 41 52 44 59 5b 22 41 53 4c 50 a4 92 41  ...ARDY["ASLP..A
  30c0: 52 44 59 14 4a 12 41 49 4e 54 02 a0 0e 92 7b 54  RDY.J.AINT....{T
  30d0: 43 48 45 79 01 68 00 00 a4 01 a0 07 50 41 52 44  CHEy.h......PARD
  30e0: a4 01 a0 40 0c 93 68 0a 02 a0 47 09 43 50 46 4d  ...@..h...G.CPFM
  30f0: 7b 43 50 46 4d 0a 0f 60 7b 45 50 46 4d 0a 0f 61  {CPFM..`{EPFM..a
  3100: a0 2a 93 60 01 a0 0d 7b 61 0a 06 00 70 0a 06 50  .*.`...{a...p..P
  3110: 46 49 54 a1 17 a0 0d 7b 61 0a 08 00 70 0a 08 50  FIT....{a...p..P
  3120: 46 49 54 a1 07 70 01 50 46 49 54 a0 2a 93 60 0a  FIT..p.PFIT.*.`.
  3130: 06 a0 0d 7b 61 0a 08 00 70 0a 08 50 46 49 54 a1  ...{a...p..PFIT.
  3140: 16 a0 0b 7b 61 01 00 70 01 50 46 49 54 a1 08 70  ...{a..p.PFIT..p
  3150: 0a 06 50 46 49 54 a0 2a 93 60 0a 08 a0 0b 7b 61  ..PFIT.*.`....{a
  3160: 01 00 70 01 50 46 49 54 a1 18 a0 0d 7b 61 0a 06  ..p.PFIT....{a..
  3170: 00 70 0a 06 50 46 49 54 a1 08 70 0a 08 50 46 49  .p..PFIT..p..PFI
  3180: 54 a1 0c 7f 50 46 49 54 0a 07 50 46 49 54 7d 50  T...PFIT..PFIT}P
  3190: 46 49 54 0c 00 00 00 80 50 46 49 54 70 0a 04 41  FIT.....PFITp..A
  31a0: 53 4c 43 a1 42 04 a0 28 93 68 01 70 78 77 69 0a  SLC.B..(.h.pxwi.
  31b0: ff 00 0a 64 00 00 42 43 4c 50 7d 42 43 4c 50 0c  ...d..BCLP}BCLP.
  31c0: 00 00 00 80 42 43 4c 50 70 0a 02 41 53 4c 43 a1  ....BCLPp..ASLC.
  31d0: 16 a0 10 93 68 00 70 69 41 4c 53 49 70 01 41 53  ....h.piALSIp.AS
  31e0: 4c 43 a1 03 a4 01 70 00 4c 42 50 43 a4 00 10 45  LC....p.LBPC...E
  31f0: 1f 5c 00 14 44 05 42 52 54 57 09 70 68 61 a0 20  .\..D.BRTW.pha. 
  3200: 93 41 4c 53 45 0a 02 70 78 77 41 4c 41 46 68 00  .ALSE..pxwALAFh.
  3210: 0a 64 00 00 61 a0 09 94 61 0a 64 70 0a 64 61 70  .d..a...a.dp.dap
  3220: 78 77 0a ff 61 00 0a 64 00 00 60 70 60 50 52 4d  xw..a..d..`p`PRM
  3230: 30 70 68 42 52 54 4c a0 10 93 54 52 41 50 0a 12  0phBRTL...TRAP..
  3240: 00 50 38 58 48 0a 02 60 14 45 0a 48 4b 44 53 09  .P8XH..`.E.HKDS.
  3250: a0 45 07 93 00 7b 0a 03 44 53 45 4e 00 a0 48 06  .E...{..DSEN..H.
  3260: 93 54 52 41 50 68 00 a0 4c 04 92 93 43 41 44 4c  .TRAPh..L...CADL
  3270: 50 41 44 4c 70 43 41 44 4c 50 41 44 4c a0 1e 91  PADLpCADLPADL...
  3280: 94 4f 53 59 53 0b d0 07 95 4f 53 59 53 0b d6 07  .OSYS....OSYS...
  3290: 86 5c 2e 5f 53 42 5f 50 43 49 30 00 a1 12 86 5c  .\._SB_PCI0....\
  32a0: 2f 03 5f 53 42 5f 50 43 49 30 47 46 58 30 00 5b  /._SB_PCI0GFX0.[
  32b0: 22 0b ee 02 86 5c 2f 03 5f 53 42 5f 50 43 49 30  "....\/._SB_PCI0
  32c0: 47 46 58 30 0a 80 a0 27 93 01 7b 0a 03 44 53 45  GFX0...'..{..DSE
  32d0: 4e 00 a0 1b 93 54 52 41 50 75 68 00 86 5c 2f 03  N....TRAPuh..\/.
  32e0: 5f 53 42 5f 50 43 49 30 47 46 58 30 0a 81 14 39  _SB_PCI0GFX0...9
  32f0: 4c 53 44 53 09 a0 08 68 48 4b 44 53 0a 0c a1 07  LSDS...hHKDS....
  3300: 48 4b 44 53 0a 0e a0 21 92 93 7b 0a 03 44 53 45  HKDS...!..{..DSE
  3310: 4e 00 01 5b 22 0a 32 a2 10 93 7b 0a 03 44 53 45  N..[".2...{..DSE
  3320: 4e 00 0a 02 5b 22 0a 32 14 4b 0b 42 52 54 4e 09  N...[".2.K.BRTN.
  3330: a0 23 93 7b 44 49 44 31 0b 00 0f 00 0b 00 04 86  .#.{DID1........
  3340: 5c 2f 04 5f 53 42 5f 50 43 49 30 47 46 58 30 44  \/._SB_PCI0GFX0D
  3350: 44 30 31 68 a0 23 93 7b 44 49 44 32 0b 00 0f 00  D01h.#.{DID2....
  3360: 0b 00 04 86 5c 2f 04 5f 53 42 5f 50 43 49 30 47  ....\/._SB_PCI0G
  3370: 46 58 30 44 44 30 32 68 a0 23 93 7b 44 49 44 33  FX0DD02h.#.{DID3
  3380: 0b 00 0f 00 0b 00 04 86 5c 2f 04 5f 53 42 5f 50  ........\/._SB_P
  3390: 43 49 30 47 46 58 30 44 44 30 33 68 a0 23 93 7b  CI0GFX0DD03h.#.{
  33a0: 44 49 44 34 0b 00 0f 00 0b 00 04 86 5c 2f 04 5f  DID4........\/._
  33b0: 53 42 5f 50 43 49 30 47 46 58 30 44 44 30 34 68  SB_PCI0GFX0DD04h
  33c0: a0 23 93 7b 44 49 44 35 0b 00 0f 00 0b 00 04 86  .#.{DID5........
  33d0: 5c 2f 04 5f 53 42 5f 50 43 49 30 47 46 58 30 44  \/._SB_PCI0GFX0D
  33e0: 44 30 35 68 10 48 40 5c 00 5b 80 49 4f 5f 54 01  D05h.H@\.[.IO_T.
  33f0: 0b 00 08 0a 10 5b 81 0e 49 4f 5f 54 01 00 40 04  .....[..IO_T..@.
  3400: 54 52 50 30 08 5b 80 50 4d 49 4f 01 0b 00 10 0a  TRP0.[.PMIO.....
  3410: 80 5b 81 23 50 4d 49 4f 01 00 08 50 4d 53 54 08  .[.#PMIO...PMST.
  3420: 00 40 20 00 01 47 50 45 43 01 00 4e 10 00 09 53  .@ ..GPEC..N...S
  3430: 43 49 53 01 00 06 5b 80 47 50 49 4f 01 0b 80 11  CIS...[.GPIO....
  3440: 0a 3c 5b 81 48 0c 47 50 49 4f 01 47 55 30 30 08  .<[.H.GPIO.GU00.
  3450: 47 55 30 31 08 47 55 30 32 08 47 55 30 33 08 47  GU01.GU02.GU03.G
  3460: 49 4f 30 08 47 49 4f 31 08 47 49 4f 32 08 47 49  IO0.GIO1.GIO2.GI
  3470: 4f 33 08 00 20 00 02 47 50 30 32 01 00 05 00 04  O3.. ..GP02.....
  3480: 47 50 31 32 01 00 03 00 05 47 50 32 31 01 00 02  GP12.....GP21...
  3490: 00 03 47 50 32 37 01 47 50 32 38 01 00 03 00 40  ..GP27.GP28....@
  34a0: 04 47 42 30 30 08 47 42 30 31 08 47 42 30 32 08  .GB00.GB01.GB02.
  34b0: 47 42 30 33 08 00 40 08 47 49 56 30 08 47 49 56  GB03..@.GIV0.GIV
  34c0: 31 08 47 49 56 32 08 47 49 56 33 08 47 55 30 34  1.GIV2.GIV3.GU04
  34d0: 08 47 55 30 35 08 47 55 30 36 08 47 55 30 37 08  .GU05.GU06.GU07.
  34e0: 47 49 4f 34 08 47 49 4f 35 08 47 49 4f 36 08 47  GIO4.GIO5.GIO6.G
  34f0: 49 4f 37 08 00 05 47 50 33 37 01 00 02 47 4c 30  IO7...GP37...GL0
  3500: 35 08 47 4c 30 36 08 47 4c 30 37 08 5b 80 52 43  5.GL06.GL07.[.RC
  3510: 52 42 00 0c 00 c0 d1 fe 0b 00 40 5b 81 48 05 52  RB........@[.H.R
  3520: 43 52 42 13 00 80 00 08 00 80 00 10 00 80 02 02  CRB.............
  3530: 48 50 41 53 02 00 05 48 50 41 45 01 00 48 09 00  HPAS...HPAE..H..
  3540: 01 50 41 54 44 01 53 41 54 44 01 53 4d 42 44 01  .PATD.SATD.SMBD.
  3550: 48 44 41 44 01 00 0b 52 50 31 44 01 52 50 32 44  HDAD...RP1D.RP2D
  3560: 01 52 50 33 44 01 52 50 34 44 01 52 50 35 44 01  .RP3D.RP4D.RP5D.
  3570: 52 50 36 44 01 5b 80 58 43 4d 53 01 0a 72 0a 02  RP6D.[.XCMS..r..
  3580: 5b 81 10 58 43 4d 53 01 58 49 4e 44 08 58 44 41  [..XCMS.XIND.XDA
  3590: 54 08 5b 86 2f 58 49 4e 44 58 44 41 54 01 00 40  T.[./XINDXDAT..@
  35a0: 36 43 4d 36 43 08 43 4d 36 44 08 43 4d 36 45 08  6CM6C.CM6D.CM6E.
  35b0: 43 4d 36 46 08 00 10 43 4d 37 32 08 00 18 44 45  CM6F...CM72...DE
  35c0: 54 43 08 08 42 46 45 52 00 5b 01 52 57 43 4d 00  TC..BFER.[.RWCM.
  35d0: 14 48 04 44 42 47 43 03 5b 23 52 57 43 4d ff ff  .H.DBGC.[#RWCM..
  35e0: a0 32 93 6a 0a 02 70 43 4d 36 44 42 46 45 52 a0  .2.j..pCM6DBFER.
  35f0: 1a 92 93 68 42 46 45 52 70 42 46 45 52 43 4d 36  ...hBFERpBFERCM6
  3600: 45 5b 22 01 70 68 43 4d 36 44 5b 22 01 70 69 43  E[".phCM6D[".piC
  3610: 4d 36 46 5b 27 52 57 43 4d 08 5f 53 30 5f 12 05  M6F['RWCM._S0_..
  3620: 03 00 00 00 08 5f 53 33 5f 12 07 03 0a 05 0a 05  ....._S3_.......
  3630: 00 08 5f 53 34 5f 12 07 03 0a 06 0a 06 00 08 5f  .._S4_........._
  3640: 53 35 5f 12 07 03 0a 07 0a 07 00 14 45 04 47 45  S5_.........E.GE
  3650: 54 50 09 a0 0e 93 7b 68 0a 09 00 00 a4 0c ff ff  TP....{h........
  3660: ff ff a0 0d 93 7b 68 0a 09 00 0a 08 a4 0b 84 03  .....{h.........
  3670: 7a 7b 68 0b 00 03 00 0a 08 60 7a 7b 68 0b 00 30  z{h......`z{h..0
  3680: 00 0a 0c 61 a4 77 0a 1e 74 0a 09 72 60 61 00 00  ...a.w..t..r`a..
  3690: 00 14 30 47 44 4d 41 0d a0 23 68 a0 07 90 69 6c  ..0GDMA..#h...il
  36a0: a4 0a 14 a0 0e 90 6a 6c a4 77 74 0a 04 6b 00 0a  ......jl.wt..k..
  36b0: 0f 00 a4 77 74 0a 04 6b 00 0a 1e 00 a4 0c ff ff  ...wt..k........
  36c0: ff ff 14 1f 47 45 54 54 09 a4 77 0a 1e 74 0a 09  ....GETT..w..t..
  36d0: 72 7b 7a 68 0a 02 00 0a 03 00 7b 68 0a 03 00 00  r{zh......{h....
  36e0: 00 00 14 44 06 47 45 54 46 0b 08 54 4d 50 46 00  ...D.GETF..TMPF.
  36f0: a0 0c 68 7d 54 4d 50 46 01 54 4d 50 46 a0 11 7b  ..h}TMPF.TMPF..{
  3700: 6a 0a 02 00 7d 54 4d 50 46 0a 02 54 4d 50 46 a0  j...}TMPF..TMPF.
  3710: 0d 69 7d 54 4d 50 46 0a 04 54 4d 50 46 a0 11 7b  .i}TMPF..TMPF..{
  3720: 6a 0a 20 00 7d 54 4d 50 46 0a 08 54 4d 50 46 a0  j. .}TMPF..TMPF.
  3730: 12 7b 6a 0b 00 40 00 7d 54 4d 50 46 0a 10 54 4d  .{j..@.}TMPF..TM
  3740: 50 46 a4 54 4d 50 46 14 3d 53 45 54 50 0b a0 08  PF.TMPF.=SETP...
  3750: 94 68 0a f0 a4 0a 08 a1 2d a0 27 7b 69 0a 02 00  .h......-.'{i...
  3760: a0 10 90 92 94 68 0a 78 7b 6a 0a 02 00 a4 0b 01  .....h.x{j......
  3770: 23 a0 0f 90 92 94 68 0a b4 7b 6a 01 00 a4 0b 01  #.....h..{j.....
  3780: 21 a4 0b 01 10 14 37 53 44 4d 41 09 a0 08 92 94  !.....7SDMA.....
  3790: 68 0a 14 a4 01 a0 09 92 94 68 0a 1e a4 0a 02 a0  h........h......
  37a0: 08 92 94 68 0a 2d a4 01 a0 09 92 94 68 0a 3c a4  ...h.-......h.<.
  37b0: 0a 02 a0 08 92 94 68 0a 5a a4 01 a4 00 14 2f 53  ......h.Z...../S
  37c0: 45 54 54 0b a0 25 7b 69 0a 02 00 a0 0f 90 92 94  ETT..%{i........
  37d0: 68 0a 78 7b 6a 0a 02 00 a4 0a 0b a0 0e 90 92 94  h.x{j...........
  37e0: 68 0a b4 7b 6a 01 00 a4 0a 09 a4 0a 04 5b 82 4d  h..{j........[.M
  37f0: 04 48 44 45 46 14 17 5f 41 44 52 08 44 42 47 43  .HDEF.._ADR.DBGC
  3800: 0a 64 00 42 43 45 4e a4 0c 00 00 1b 00 5b 80 48  .d.BCEN......[.H
  3810: 44 41 52 02 0a 4c 0a 10 5b 81 22 48 44 41 52 02  DAR..L..[."HDAR.
  3820: 44 43 4b 41 01 00 07 44 43 4b 4d 01 00 06 44 43  DCKA...DCKM...DC
  3830: 4b 53 01 00 30 00 0f 50 4d 45 53 01 5b 82 4b 11  KS..0..PMES.[.K.
  3840: 52 50 30 31 14 17 5f 41 44 52 08 44 42 47 43 0a  RP01.._ADR.DBGC.
  3850: 65 00 42 43 45 4e a4 0c 00 00 1c 00 5b 80 50 58  e.BCEN......[.PX
  3860: 43 53 02 0a 40 0a c0 5b 81 45 04 50 58 43 53 40  CS..@..[.E.PXCS@
  3870: 00 40 09 00 0d 4c 41 53 58 01 00 32 41 42 50 58  .@...LASX..2ABPX
  3880: 01 00 02 50 44 43 58 01 00 02 50 44 53 58 01 00  ...PDCX...PDSX..
  3890: 01 4c 53 43 58 01 00 27 00 10 50 53 50 58 01 00  .LSCX..'..PSPX..
  38a0: 4f 3c 00 1e 48 50 53 58 01 50 4d 53 58 01 5b 82  O<..HPSX.PMSX.[.
  38b0: 17 50 58 53 58 08 5f 41 44 52 00 08 5f 50 52 57  .PXSX._ADR.._PRW
  38c0: 12 06 02 0a 09 0a 03 14 41 09 5f 50 52 54 00 a0  ........A._PRT..
  38d0: 33 47 50 49 43 a4 12 2c 04 12 09 04 0b ff ff 00  3GPIC..,........
  38e0: 00 0a 10 12 09 04 0b ff ff 01 00 0a 11 12 0a 04  ................
  38f0: 0b ff ff 0a 02 00 0a 12 12 0a 04 0b ff ff 0a 03  ................
  3900: 00 0a 13 a1 45 05 a4 12 41 05 04 12 12 04 0b ff  ....E...A.......
  3910: ff 00 5e 5e 2e 4c 50 43 42 4c 4e 4b 41 00 12 12  ..^^.LPCBLNKA...
  3920: 04 0b ff ff 01 5e 5e 2e 4c 50 43 42 4c 4e 4b 42  .....^^.LPCBLNKB
  3930: 00 12 13 04 0b ff ff 0a 02 5e 5e 2e 4c 50 43 42  .........^^.LPCB
  3940: 4c 4e 4b 43 00 12 13 04 0b ff ff 0a 03 5e 5e 2e  LNKC.........^^.
  3950: 4c 50 43 42 4c 4e 4b 44 00 5b 82 47 13 52 50 30  LPCBLNKD.[.G.RP0
  3960: 32 14 17 5f 41 44 52 08 44 42 47 43 0a 65 01 42  2.._ADR.DBGC.e.B
