Date: Mon, 17 Sep 2001 23:07:20 -0300 (BRT)
From: Marcelo Tosatti <>
Subject: 2.4.10-pre11 VM testing
Sender: linux-kernel-owner@vger.kernel.org
Precedence: bulk
List-ID: <linux-kernel.vger.kernel.org>
X-Mailing-List: linux-kernel@vger.kernel.org
X-Lkml-Link: https://lkml.org/lkml/2001/9/17/176

Hi, 
2GB machine, lots of swap free, running "fillmem 2000" (2GB) from memtest
gives me:
Sep 18 00:25:13 matrix kernel: __alloc_pages: 0-order allocation failed
(gfp=0x1d2/0) from c012c3be
Sep 18 00:25:13 matrix kernel: VM: killing process setiathome
Sep 18 00:25:17 matrix PAM_pwdb[1012]: (su) session opened for user root
by marcelo(uid=719)
Sep 18 00:25:53 matrix kernel: __alloc_pages: 0-order allocation failed
(gfp=0x1d2/0) from c012c3be
Sep 18 00:25:53 matrix kernel: VM: killing process setiathome
Sep 18 00:25:57 matrix kernel: __alloc_pages: 0-order allocation failed
(gfp=0x1d2/0) from c012c3be
Sep 18 00:25:57 matrix kernel: VM: killing process cat
Sep 18 00:26:00 matrix kernel: __alloc_pages: 0-order allocation failed
(gfp=0x1d2/0) from c012c3be
Sep 18 00:26:05 matrix kernel: __alloc_pages: 0-order allocation failed
(gfp=0x1d2/0) from c012c3be
Sep 18 00:26:05 matrix kernel: VM: killing process sh
Sep 18 00:26:38 matrix kernel: __alloc_pages: 0-order allocation failed
(gfp=0x1d2/0) from c012c3be
	total:    used:    free:  shared: buffers:  cached:
Mem:  2061881344 2058424320  3457024        0   139264  3448832
Swap: 2632036352  7020544 2625015808
MemTotal:      2013556 kB
MemFree:          3376 kB
MemShared:           0 kB
Buffers:           136 kB
Cached:           2808 kB
SwapCached:        560 kB
Active:           2588 kB
Inactive:          916 kB
HighTotal:     1130496 kB
HighFree:         1024 kB
LowTotal:       883060 kB
LowFree:          2352 kB
SwapTotal:     2570348 kB
SwapFree:      2563492 kB
Complete lockup if I try to test the VM more intensively.
-
To unsubscribe from this list: send the line "unsubscribe linux-kernel" in
the body of a message to majordomo@vger.kernel.org
More majordomo info at  
http://vger.kernel.org/majordomo-info.html
Please read the FAQ at  
http://www.tux.org/lkml/