Date: Tue, 30 Oct 2001 18:45:27 -0500
From: Jeff Garzik <>
Subject: Re: pre5 VM livelock
Sender: linux-kernel-owner@vger.kernel.org
Precedence: bulk
List-ID: <linux-kernel.vger.kernel.org>
X-Mailing-List: linux-kernel@vger.kernel.org
X-Lkml-Link: https://lkml.org/lkml/2001/10/30/262

Linus Torvalds wrote:
> I just want confirmation that you actually did something that could result
> in this, ie you were testing big processes?
yes.  here's meminfo, FWIW:
[jgarzik@brutus jgarzik]$ cat /proc/meminfo 
        total:    used:    free:  shared: buffers:  cached:
Mem:  391372800 217260032 174112768        0 13025280 163340288
Swap: 418996224        0 418996224
MemTotal:       382200 kB
MemFree:        170032 kB
MemShared:           0 kB
Buffers:         12720 kB
Cached:         159512 kB
SwapCached:          0 kB
Active:          39888 kB
Inactive:       137880 kB
HighTotal:           0 kB
HighFree:            0 kB
LowTotal:       382200 kB
LowFree:        170032 kB
SwapTotal:      409176 kB
SwapFree:       409176 kB
-- 
Jeff Garzik      | Only so many songs can be sung
Building 1024    | with two lips, two lungs, and one tongue.
MandrakeSoft     |         - nomeansno
-
To unsubscribe from this list: send the line "unsubscribe linux-kernel" in
the body of a message to majordomo@vger.kernel.org
More majordomo info at  
http://vger.kernel.org/majordomo-info.html
Please read the FAQ at  
http://www.tux.org/lkml/