Date: Wed, 11 Jul 2007 00:34:32 +0200
From: "Oliver Pinter" <>
Subject: lost keyboard and lost terminal under kde3.5.5(debian version) with 2.6.22
Sender: linux-kernel-owner@vger.kernel.org
Precedence: bulk
List-ID: <linux-kernel.vger.kernel.org>
X-Mailing-List: linux-kernel@vger.kernel.org
X-Lkml-Link: https://lkml.org/lkml/2007/7/10/461

Hi all!
After 5hour running over the 2.6.22 i lost the keyborad under kde,
then I restarted the gdm, this can first SysRQ-W and switch to
terminal, thats ok, but 1 hour later again lost the "X" and again
probe the SysRQ+W, I get back the keyboard but the console crashed (as
if framebuffer error) after use he ctrl+alt+f1, however I use not
framebuffer. im syslog I see nothing, only one mtrr warning but I see
yet from 2.6.22-rc2or3.
debian 4.0
/* for Ingo
üdvözletem!
az elsö eset amikor hasonló történt, az a 2.6.22-rc7-es kernellel volt
és ma követte a második eset amikor elvesztettem a billentyüzetet 5óra
feletti haszálat során.
A lényeg az, hogy 5 óra után a kde-s kicker lefagy és ezzel együtt a
billenyűt is elveszitem, az egér az rovábbra is müködik. Mind a
kétszer a MagicSysRQ billenyükkel tudtam kijönne ebböl a szitációból.
Elöször egy SysRQ-R-t utána egy SysRQ-W-t nyomtam, mert nem voltam
benne biztos, hogy melyik a RAW mód. ezután át tudtam váltani
console-ra, ahhol ujraindítottam az X-et. minden ment zökkenőmentesen,
de erre az esetre rá körülbelül egy órára (6h 20m es uptime-al)
jött a harmadik ilyen eset. ebböl is megpróbáltam a fent említett
módszerrel kijönni, de a consol (1-es és a többi virtulalterminal)
"szétesett", hasonló volt, ahhoz mit amikor a framebuffer rosszul
indul el és amiatt esik szét, de nem haszálok framebuffert. a
billentyü megint helyrerázódott, de a terminálok szétestek. A másik
ilyen dolog, hogy valamelyik 2.6.22-rc kernellel, nem biztos, de a
rc5-tel megjelent egy MTRR-el kapcsolatos (WARNING a dmesg-ben benne
van).
2.6.22-rc6-al nem tapaszatltam ehhez hasonló dolgokat és a 2.6.21-es
széria is mentes volt ezektöl a hibáktól.
megértésedet köszönöm
Oliver
*/
Jul  8 20:12:53 pancs kernel: mtrr: no MTRR for e0000000,8000000 found
Jul  8 20:13:06 pancs kernel: mtrr: no MTRR for e0000000,8000000 found
Jul  9 01:34:17 pancs kernel: mtrr: no MTRR for e0000000,8000000 found
Jul  9 01:34:38 pancs kernel: mtrr: no MTRR for e0000000,8000000 found
Jul  9 11:31:53 pancs kernel: Entering add_active_range(0, 0, 130864) 0 entries of 256 used
Jul  9 11:31:53 pancs kernel: On node 0 totalpages: 130864
Jul  9 11:31:53 pancs kernel: DMA zone: 32 pages used for memmap
Jul  9 11:31:53 pancs kernel: DMA zone: 0 pages reserved
Jul  9 11:31:53 pancs kernel: DMA zone: 4064 pages, LIFO batch:0
Jul  9 11:31:53 pancs kernel: Normal zone: 990 pages used for memmap
Jul  9 11:31:53 pancs kernel: Normal zone: 125778 pages, LIFO batch:31
Jul  9 11:31:53 pancs kernel: HighMem zone: 0 pages used for memmap
Jul  9 11:31:53 pancs kernel: ACPI: Local APIC address 0xfee00000
Jul  9 11:31:53 pancs kernel: ACPI: IRQ0 used by override.
Jul  9 11:31:53 pancs kernel: ACPI: IRQ2 used by override.
Jul  9 11:31:53 pancs kernel: ACPI: IRQ9 used by override.
Jul  9 11:31:53 pancs kernel: mapped APIC to ffffd000 (fee00000)
Jul  9 11:31:53 pancs kernel: mapped IOAPIC to ffffc000 (fec00000)
Jul  9 11:31:53 pancs kernel: SELinux:  Starting in permissive mode
Jul  9 11:31:53 pancs kernel: CPU: After generic identify, caps: bfebfbff 00000000 00000000 00000000 00004400 00000000 00000000
Jul  9 11:31:53 pancs kernel: CPU: After all inits, caps: bfebfbff 00000000 00000000 0000b080 00004400 00000000 00000000
Jul  9 11:31:53 pancs kernel: CPU: After generic identify, caps: bfebfbff 00000000 00000000 00000000 00004400 00000000 00000000
Jul  9 11:31:53 pancs kernel: CPU: After all inits, caps: bfebfbff 00000000 00000000 0000b080 00004400 00000000 00000000
Jul  9 11:31:53 pancs kernel: PCI: Probing PCI hardware (bus 00)
Jul  9 11:31:53 pancs kernel: ACPI: PCI Interrupt Routing Table [\_SB_.PCI0._PRT]
Jul  9 11:31:53 pancs kernel: ACPI: PCI Interrupt Routing Table [\_SB_.PCI0.P0P4._PRT]
Jul  9 11:31:53 pancs kernel: libata version 2.21 loaded.
Jul  9 11:31:53 pancs kernel: PCI: Setting latency timer of device 0000:00:1e.0 to 64
Jul  9 11:31:53 pancs kernel: SELinux:  Registering netfilter hooks
Jul  9 11:31:53 pancs kernel: Boot video device is 0000:01:00.0
Jul  9 11:31:53 pancs kernel: ata_piix 0000:00:1f.1: version 2.11
Jul  9 11:31:53 pancs kernel: PCI: Setting latency timer of device 0000:00:1f.1 to 64
Jul  9 11:31:53 pancs kernel: sr 1:0:0:0: Attached scsi CD-ROM sr0
Jul  9 11:31:53 pancs kernel: PCI: Setting latency timer of device 0000:00:1f.2 to 64
Jul  9 11:31:53 pancs kernel: sd 3:0:0:0: [sda] Mode Sense: 00 3a 00 00
Jul  9 11:31:53 pancs kernel: sd 3:0:0:0: [sda] Mode Sense: 00 3a 00 00
Jul  9 11:31:53 pancs kernel: PCI: Setting latency timer of device 0000:00:1d.7 to 64
Jul  9 11:31:53 pancs kernel: PCI: cache line size of 128 is not supported by device 0000:00:1d.7
Jul  9 11:31:53 pancs kernel: PCI: Setting latency timer of device 0000:00:1d.0 to 64
Jul  9 11:31:53 pancs kernel: PCI: Setting latency timer of device 0000:00:1d.1 to 64
Jul  9 11:31:53 pancs kernel: PCI: Setting latency timer of device 0000:00:1d.2 to 64
Jul  9 11:31:53 pancs kernel: PCI: Setting latency timer of device 0000:00:1f.5 to 64
Jul  9 11:31:53 pancs kernel: ieee80211_crypt: registered algorithm 'NULL'
Jul  9 11:31:53 pancs kernel: ieee80211_crypt: registered algorithm 'WEP'
Jul  9 11:31:53 pancs kernel: ieee80211_crypt: registered algorithm 'CCMP'
Jul  9 11:31:53 pancs kernel: ieee80211_crypt: registered algorithm 'TKIP'
Jul  9 11:31:53 pancs kernel: Ending clean XFS mount for filesystem: sda3
Jul  9 11:31:53 pancs kernel: Ending clean XFS mount for filesystem: sda1
Jul  9 11:31:53 pancs kernel: Ending clean XFS mount for filesystem: sda4
Jul  9 11:31:59 pancs kernel: ath0: no IPv6 routers present
Jul  9 11:39:32 pancs kernel: mtrr: no MTRR for e0000000,8000000 found
Jul  9 20:54:04 pancs kernel: Entering add_active_range(0, 0, 130864) 0 entries of 256 used
Jul  9 20:54:04 pancs kernel: On node 0 totalpages: 130864
Jul  9 20:54:04 pancs kernel: DMA zone: 32 pages used for memmap
Jul  9 20:54:04 pancs kernel: DMA zone: 0 pages reserved
Jul  9 20:54:04 pancs kernel: DMA zone: 4064 pages, LIFO batch:0
Jul  9 20:54:04 pancs kernel: Normal zone: 990 pages used for memmap
Jul  9 20:54:04 pancs kernel: Normal zone: 125778 pages, LIFO batch:31
Jul  9 20:54:04 pancs kernel: HighMem zone: 0 pages used for memmap
Jul  9 20:54:04 pancs kernel: ACPI: Local APIC address 0xfee00000
Jul  9 20:54:04 pancs kernel: ACPI: IRQ0 used by override.
Jul  9 20:54:04 pancs kernel: ACPI: IRQ2 used by override.
Jul  9 20:54:04 pancs kernel: ACPI: IRQ9 used by override.
Jul  9 20:54:04 pancs kernel: mapped APIC to ffffd000 (fee00000)
Jul  9 20:54:04 pancs kernel: mapped IOAPIC to ffffc000 (fec00000)
Jul  9 20:54:04 pancs kernel: SELinux:  Starting in permissive mode
Jul  9 20:54:04 pancs kernel: CPU: After generic identify, caps: bfebfbff 00000000 00000000 00000000 00004400 00000000 00000000
Jul  9 20:54:04 pancs kernel: CPU: After all inits, caps: bfebfbff 00000000 00000000 0000b080 00004400 00000000 00000000
Jul  9 20:54:04 pancs kernel: CPU: After generic identify, caps: bfebfbff 00000000 00000000 00000000 00004400 00000000 00000000
Jul  9 20:54:04 pancs kernel: CPU: After all inits, caps: bfebfbff 00000000 00000000 0000b080 00004400 00000000 00000000
Jul  9 20:54:04 pancs kernel: PCI: Probing PCI hardware (bus 00)
Jul  9 20:54:04 pancs kernel: ACPI: PCI Interrupt Routing Table [\_SB_.PCI0._PRT]
Jul  9 20:54:04 pancs kernel: ACPI: PCI Interrupt Routing Table [\_SB_.PCI0.P0P4._PRT]
Jul  9 20:54:04 pancs kernel: libata version 2.21 loaded.
Jul  9 20:54:04 pancs kernel: PCI: Setting latency timer of device 0000:00:1e.0 to 64
Jul  9 20:54:04 pancs kernel: SELinux:  Registering netfilter hooks
Jul  9 20:54:04 pancs kernel: Boot video device is 0000:01:00.0
Jul  9 20:54:04 pancs kernel: ata_piix 0000:00:1f.1: version 2.11
Jul  9 20:54:04 pancs kernel: PCI: Setting latency timer of device 0000:00:1f.1 to 64
Jul  9 20:54:04 pancs kernel: sr 1:0:0:0: Attached scsi CD-ROM sr0
Jul  9 20:54:04 pancs kernel: PCI: Setting latency timer of device 0000:00:1f.2 to 64
Jul  9 20:54:04 pancs kernel: sd 3:0:0:0: [sda] Mode Sense: 00 3a 00 00
Jul  9 20:54:04 pancs kernel: sd 3:0:0:0: [sda] Mode Sense: 00 3a 00 00
Jul  9 20:54:04 pancs kernel: PCI: Setting latency timer of device 0000:00:1d.7 to 64
Jul  9 20:54:04 pancs kernel: PCI: cache line size of 128 is not supported by device 0000:00:1d.7
Jul  9 20:54:04 pancs kernel: PCI: Setting latency timer of device 0000:00:1d.0 to 64
Jul  9 20:54:04 pancs kernel: PCI: Setting latency timer of device 0000:00:1d.1 to 64
Jul  9 20:54:04 pancs kernel: PCI: Setting latency timer of device 0000:00:1d.2 to 64
Jul  9 20:54:04 pancs kernel: PCI: Setting latency timer of device 0000:00:1f.5 to 64
Jul  9 20:54:04 pancs kernel: ieee80211_crypt: registered algorithm 'NULL'
Jul  9 20:54:04 pancs kernel: ieee80211_crypt: registered algorithm 'WEP'
Jul  9 20:54:04 pancs kernel: ieee80211_crypt: registered algorithm 'CCMP'
Jul  9 20:54:04 pancs kernel: ieee80211_crypt: registered algorithm 'TKIP'
Jul  9 20:54:04 pancs kernel: Ending clean XFS mount for filesystem: sda3
Jul  9 20:54:04 pancs kernel: Ending clean XFS mount for filesystem: sda1
Jul  9 20:54:04 pancs kernel: Ending clean XFS mount for filesystem: sda4
Jul  9 20:54:11 pancs kernel: ath0: no IPv6 routers present
Jul  9 23:30:09 pancs kernel: mtrr: no MTRR for e0000000,8000000 found
Jul  9 23:34:41 pancs kernel: mtrr: no MTRR for e0000000,8000000 found
Jul  9 23:47:35 pancs kernel: Entering add_active_range(0, 0, 130864) 0 entries of 256 used
Jul  9 23:47:35 pancs kernel: On node 0 totalpages: 130864
Jul  9 23:47:35 pancs kernel: DMA zone: 32 pages used for memmap
Jul  9 23:47:35 pancs kernel: DMA zone: 0 pages reserved
Jul  9 23:47:35 pancs kernel: DMA zone: 4064 pages, LIFO batch:0
Jul  9 23:47:35 pancs kernel: Normal zone: 990 pages used for memmap
Jul  9 23:47:35 pancs kernel: Normal zone: 125778 pages, LIFO batch:31
Jul  9 23:47:35 pancs kernel: HighMem zone: 0 pages used for memmap
Jul  9 23:47:35 pancs kernel: ACPI: Local APIC address 0xfee00000
Jul  9 23:47:35 pancs kernel: ACPI: IRQ0 used by override.
Jul  9 23:47:35 pancs kernel: ACPI: IRQ2 used by override.
Jul  9 23:47:35 pancs kernel: ACPI: IRQ9 used by override.
Jul  9 23:47:35 pancs kernel: mapped APIC to ffffd000 (fee00000)
Jul  9 23:47:35 pancs kernel: mapped IOAPIC to ffffc000 (fec00000)
Jul  9 23:47:35 pancs kernel: SELinux:  Starting in permissive mode
Jul  9 23:47:35 pancs kernel: CPU: After generic identify, caps: bfebfbff 00000000 00000000 00000000 00004400 00000000 00000000
Jul  9 23:47:35 pancs kernel: CPU: After all inits, caps: bfebfbff 00000000 00000000 0000b080 00004400 00000000 00000000
Jul  9 23:47:35 pancs kernel: CPU: After generic identify, caps: bfebfbff 00000000 00000000 00000000 00004400 00000000 00000000
Jul  9 23:47:35 pancs kernel: CPU: After all inits, caps: bfebfbff 00000000 00000000 0000b080 00004400 00000000 00000000
Jul  9 23:47:35 pancs kernel: PCI: Probing PCI hardware (bus 00)
Jul  9 23:47:35 pancs kernel: ACPI: PCI Interrupt Routing Table [\_SB_.PCI0._PRT]
Jul  9 23:47:35 pancs kernel: ACPI: PCI Interrupt Routing Table [\_SB_.PCI0.P0P4._PRT]
Jul  9 23:47:35 pancs kernel: libata version 2.21 loaded.
Jul  9 23:47:35 pancs kernel: PCI: Setting latency timer of device 0000:00:1e.0 to 64
Jul  9 23:47:35 pancs kernel: SELinux:  Registering netfilter hooks
Jul  9 23:47:35 pancs kernel: Boot video device is 0000:01:00.0
Jul  9 23:47:35 pancs kernel: ata_piix 0000:00:1f.1: version 2.11
Jul  9 23:47:35 pancs kernel: PCI: Setting latency timer of device 0000:00:1f.1 to 64
Jul  9 23:47:35 pancs kernel: sr 1:0:0:0: Attached scsi CD-ROM sr0
Jul  9 23:47:35 pancs kernel: PCI: Setting latency timer of device 0000:00:1f.2 to 64
Jul  9 23:47:35 pancs kernel: sd 3:0:0:0: [sda] Mode Sense: 00 3a 00 00
Jul  9 23:47:35 pancs kernel: sd 3:0:0:0: [sda] Mode Sense: 00 3a 00 00
Jul  9 23:47:35 pancs kernel: PCI: Setting latency timer of device 0000:00:1d.7 to 64
Jul  9 23:47:35 pancs kernel: PCI: cache line size of 128 is not supported by device 0000:00:1d.7
Jul  9 23:47:35 pancs kernel: PCI: Setting latency timer of device 0000:00:1d.0 to 64
Jul  9 23:47:35 pancs kernel: PCI: Setting latency timer of device 0000:00:1d.1 to 64
Jul  9 23:47:35 pancs kernel: PCI: Setting latency timer of device 0000:00:1d.2 to 64
Jul  9 23:47:35 pancs kernel: PCI: Setting latency timer of device 0000:00:1f.5 to 64
Jul  9 23:47:35 pancs kernel: ieee80211_crypt: registered algorithm 'NULL'
Jul  9 23:47:35 pancs kernel: ieee80211_crypt: registered algorithm 'WEP'
Jul  9 23:47:35 pancs kernel: ieee80211_crypt: registered algorithm 'CCMP'
Jul  9 23:47:35 pancs kernel: ieee80211_crypt: registered algorithm 'TKIP'
Jul  9 23:47:35 pancs kernel: Ending clean XFS mount for filesystem: sda3
Jul  9 23:47:35 pancs kernel: Ending clean XFS mount for filesystem: sda1
Jul  9 23:47:35 pancs kernel: Ending clean XFS mount for filesystem: sda4
Jul  9 23:47:41 pancs kernel: ath0: no IPv6 routers present
Jul 10 01:11:53 pancs kernel: mtrr: no MTRR for e0000000,8000000 found
Jul 10 01:12:04 pancs kernel: mtrr: no MTRR for e0000000,8000000 found
Jul 10 01:14:12 pancs kernel: Entering add_active_range(0, 0, 130864) 0 entries of 256 used
Jul 10 01:14:12 pancs kernel: On node 0 totalpages: 130864
Jul 10 01:14:12 pancs kernel: DMA zone: 32 pages used for memmap
Jul 10 01:14:12 pancs kernel: DMA zone: 0 pages reserved
Jul 10 01:14:12 pancs kernel: DMA zone: 4064 pages, LIFO batch:0
Jul 10 01:14:12 pancs kernel: Normal zone: 990 pages used for memmap
Jul 10 01:14:12 pancs kernel: Normal zone: 125778 pages, LIFO batch:31
Jul 10 01:14:12 pancs kernel: HighMem zone: 0 pages used for memmap
Jul 10 01:14:12 pancs kernel: ACPI: Local APIC address 0xfee00000
Jul 10 01:14:12 pancs kernel: ACPI: IRQ0 used by override.
Jul 10 01:14:12 pancs kernel: ACPI: IRQ2 used by override.
Jul 10 01:14:12 pancs kernel: ACPI: IRQ9 used by override.
Jul 10 01:14:12 pancs kernel: mapped APIC to ffffd000 (fee00000)
Jul 10 01:14:12 pancs kernel: mapped IOAPIC to ffffc000 (fec00000)
Jul 10 01:14:12 pancs kernel: SELinux:  Starting in permissive mode
Jul 10 01:14:12 pancs kernel: CPU: After generic identify, caps: bfebfbff 00000000 00000000 00000000 00004400 00000000 00000000
Jul 10 01:14:12 pancs kernel: CPU: After all inits, caps: bfebfbff 00000000 00000000 0000b080 00004400 00000000 00000000
Jul 10 01:14:12 pancs kernel: CPU: After generic identify, caps: bfebfbff 00000000 00000000 00000000 00004400 00000000 00000000
Jul 10 01:14:12 pancs kernel: CPU: After all inits, caps: bfebfbff 00000000 00000000 0000b080 00004400 00000000 00000000
Jul 10 01:14:12 pancs kernel: PCI: Probing PCI hardware (bus 00)
Jul 10 01:14:12 pancs kernel: ACPI: PCI Interrupt Routing Table [\_SB_.PCI0._PRT]
Jul 10 01:14:12 pancs kernel: ACPI: PCI Interrupt Routing Table [\_SB_.PCI0.P0P4._PRT]
Jul 10 01:14:12 pancs kernel: libata version 2.21 loaded.
Jul 10 01:14:12 pancs kernel: PCI: Setting latency timer of device 0000:00:1e.0 to 64
Jul 10 01:14:12 pancs kernel: SELinux:  Registering netfilter hooks
Jul 10 01:14:12 pancs kernel: Boot video device is 0000:01:00.0
Jul 10 01:14:12 pancs kernel: ata_piix 0000:00:1f.1: version 2.11
Jul 10 01:14:12 pancs kernel: PCI: Setting latency timer of device 0000:00:1f.1 to 64
Jul 10 01:14:12 pancs kernel: sr 1:0:0:0: Attached scsi CD-ROM sr0
Jul 10 01:14:12 pancs kernel: PCI: Setting latency timer of device 0000:00:1f.2 to 64
Jul 10 01:14:12 pancs kernel: sd 3:0:0:0: [sda] Mode Sense: 00 3a 00 00
Jul 10 01:14:12 pancs kernel: sd 3:0:0:0: [sda] Mode Sense: 00 3a 00 00
Jul 10 01:14:12 pancs kernel: PCI: Setting latency timer of device 0000:00:1d.7 to 64
Jul 10 01:14:12 pancs kernel: PCI: cache line size of 128 is not supported by device 0000:00:1d.7
Jul 10 01:14:12 pancs kernel: PCI: Setting latency timer of device 0000:00:1d.0 to 64
Jul 10 01:14:12 pancs kernel: PCI: Setting latency timer of device 0000:00:1d.1 to 64
Jul 10 01:14:12 pancs kernel: PCI: Setting latency timer of device 0000:00:1d.2 to 64
Jul 10 01:14:12 pancs kernel: PCI: Setting latency timer of device 0000:00:1f.5 to 64
Jul 10 01:14:12 pancs kernel: ieee80211_crypt: registered algorithm 'NULL'
Jul 10 01:14:12 pancs kernel: ieee80211_crypt: registered algorithm 'WEP'
Jul 10 01:14:12 pancs kernel: ieee80211_crypt: registered algorithm 'CCMP'
Jul 10 01:14:12 pancs kernel: ieee80211_crypt: registered algorithm 'TKIP'
Jul 10 01:14:12 pancs kernel: Ending clean XFS mount for filesystem: sda3
Jul 10 01:14:12 pancs kernel: Ending clean XFS mount for filesystem: sda1
Jul 10 01:14:12 pancs kernel: Ending clean XFS mount for filesystem: sda4
Jul 10 01:14:19 pancs kernel: ath0: no IPv6 routers present
Jul 10 01:55:29 pancs kernel: mtrr: no MTRR for e0000000,8000000 found
Jul 10 01:55:42 pancs kernel: mtrr: no MTRR for e0000000,8000000 found
Jul 10 01:56:30 pancs kernel: Entering add_active_range(0, 0, 130864) 0 entries of 256 used
Jul 10 01:56:30 pancs kernel: On node 0 totalpages: 130864
Jul 10 01:56:30 pancs kernel: DMA zone: 32 pages used for memmap
Jul 10 01:56:30 pancs kernel: DMA zone: 0 pages reserved
Jul 10 01:56:30 pancs kernel: DMA zone: 4064 pages, LIFO batch:0
Jul 10 01:56:30 pancs kernel: Normal zone: 990 pages used for memmap
Jul 10 01:56:30 pancs kernel: Normal zone: 125778 pages, LIFO batch:31
Jul 10 01:56:30 pancs kernel: HighMem zone: 0 pages used for memmap
Jul 10 01:56:30 pancs kernel: ACPI: Local APIC address 0xfee00000
Jul 10 01:56:30 pancs kernel: ACPI: IRQ0 used by override.
Jul 10 01:56:30 pancs kernel: ACPI: IRQ2 used by override.
Jul 10 01:56:30 pancs kernel: ACPI: IRQ9 used by override.
Jul 10 01:56:30 pancs kernel: mapped APIC to ffffd000 (fee00000)
Jul 10 01:56:30 pancs kernel: mapped IOAPIC to ffffc000 (fec00000)
Jul 10 01:56:30 pancs kernel: SELinux:  Starting in permissive mode
Jul 10 01:56:30 pancs kernel: CPU: After generic identify, caps: bfebfbff 00000000 00000000 00000000 00004400 00000000 00000000
Jul 10 01:56:30 pancs kernel: CPU: After all inits, caps: bfebfbff 00000000 00000000 0000b080 00004400 00000000 00000000
Jul 10 01:56:30 pancs kernel: CPU: After generic identify, caps: bfebfbff 00000000 00000000 00000000 00004400 00000000 00000000
Jul 10 01:56:30 pancs kernel: CPU: After all inits, caps: bfebfbff 00000000 00000000 0000b080 00004400 00000000 00000000
Jul 10 01:56:30 pancs kernel: PCI: Probing PCI hardware (bus 00)
Jul 10 01:56:30 pancs kernel: ACPI: PCI Interrupt Routing Table [\_SB_.PCI0._PRT]
Jul 10 01:56:30 pancs kernel: ACPI: PCI Interrupt Routing Table [\_SB_.PCI0.P0P4._PRT]
Jul 10 01:56:30 pancs kernel: libata version 2.21 loaded.
Jul 10 01:56:30 pancs kernel: PCI: Setting latency timer of device 0000:00:1e.0 to 64
Jul 10 01:56:30 pancs kernel: SELinux:  Registering netfilter hooks
Jul 10 01:56:30 pancs kernel: Boot video device is 0000:01:00.0
Jul 10 01:56:30 pancs kernel: ata_piix 0000:00:1f.1: version 2.11
Jul 10 01:56:30 pancs kernel: PCI: Setting latency timer of device 0000:00:1f.1 to 64
Jul 10 01:56:30 pancs kernel: sr 1:0:0:0: Attached scsi CD-ROM sr0
Jul 10 01:56:30 pancs kernel: PCI: Setting latency timer of device 0000:00:1f.2 to 64
Jul 10 01:56:30 pancs kernel: sd 3:0:0:0: [sda] Mode Sense: 00 3a 00 00
Jul 10 01:56:30 pancs kernel: sd 3:0:0:0: [sda] Mode Sense: 00 3a 00 00
Jul 10 01:56:30 pancs kernel: PCI: Setting latency timer of device 0000:00:1d.7 to 64
Jul 10 01:56:30 pancs kernel: PCI: cache line size of 128 is not supported by device 0000:00:1d.7
Jul 10 01:56:30 pancs kernel: PCI: Setting latency timer of device 0000:00:1d.0 to 64
Jul 10 01:56:30 pancs kernel: PCI: Setting latency timer of device 0000:00:1d.1 to 64
Jul 10 01:56:30 pancs kernel: PCI: Setting latency timer of device 0000:00:1d.2 to 64
Jul 10 01:56:30 pancs kernel: PCI: Setting latency timer of device 0000:00:1f.5 to 64
Jul 10 01:56:30 pancs kernel: ieee80211_crypt: registered algorithm 'NULL'
Jul 10 01:56:30 pancs kernel: ieee80211_crypt: registered algorithm 'WEP'
Jul 10 01:56:30 pancs kernel: ieee80211_crypt: registered algorithm 'CCMP'
Jul 10 01:56:30 pancs kernel: ieee80211_crypt: registered algorithm 'TKIP'
Jul 10 01:56:30 pancs kernel: Ending clean XFS mount for filesystem: sda3
Jul 10 01:56:30 pancs kernel: Ending clean XFS mount for filesystem: sda1
Jul 10 01:56:30 pancs kernel: Ending clean XFS mount for filesystem: sda4
Jul 10 01:56:36 pancs kernel: ath0: no IPv6 routers present
Jul 10 02:01:34 pancs kernel: mtrr: no MTRR for e0000000,8000000 found
Jul 10 02:28:46 pancs kernel: mtrr: no MTRR for e0000000,8000000 found
Jul 10 02:29:13 pancs kernel: mtrr: no MTRR for e0000000,8000000 found
Jul 10 13:09:37 pancs kernel: Entering add_active_range(0, 0, 130864) 0 entries of 256 used
Jul 10 13:09:37 pancs kernel: On node 0 totalpages: 130864
Jul 10 13:09:37 pancs kernel: DMA zone: 32 pages used for memmap
Jul 10 13:09:37 pancs kernel: DMA zone: 0 pages reserved
Jul 10 13:09:37 pancs kernel: DMA zone: 4064 pages, LIFO batch:0
Jul 10 13:09:37 pancs kernel: Normal zone: 990 pages used for memmap
Jul 10 13:09:37 pancs kernel: Normal zone: 125778 pages, LIFO batch:31
Jul 10 13:09:37 pancs kernel: HighMem zone: 0 pages used for memmap
Jul 10 13:09:37 pancs kernel: ACPI: Local APIC address 0xfee00000
Jul 10 13:09:37 pancs kernel: ACPI: IRQ0 used by override.
Jul 10 13:09:37 pancs kernel: ACPI: IRQ2 used by override.
Jul 10 13:09:37 pancs kernel: ACPI: IRQ9 used by override.
Jul 10 13:09:37 pancs kernel: mapped APIC to ffffd000 (fee00000)
Jul 10 13:09:37 pancs kernel: mapped IOAPIC to ffffc000 (fec00000)
Jul 10 13:09:37 pancs kernel: SELinux:  Starting in permissive mode
Jul 10 13:09:37 pancs kernel: CPU: After generic identify, caps: bfebfbff 00000000 00000000 00000000 00004400 00000000 00000000
Jul 10 13:09:37 pancs kernel: CPU: After all inits, caps: bfebfbff 00000000 00000000 0000b080 00004400 00000000 00000000
Jul 10 13:09:37 pancs kernel: CPU: After generic identify, caps: bfebfbff 00000000 00000000 00000000 00004400 00000000 00000000
Jul 10 13:09:37 pancs kernel: CPU: After all inits, caps: bfebfbff 00000000 00000000 0000b080 00004400 00000000 00000000
Jul 10 13:09:37 pancs kernel: PCI: Probing PCI hardware (bus 00)
Jul 10 13:09:37 pancs kernel: ACPI: PCI Interrupt Routing Table [\_SB_.PCI0._PRT]
Jul 10 13:09:37 pancs kernel: ACPI: PCI Interrupt Routing Table [\_SB_.PCI0.P0P4._PRT]
Jul 10 13:09:37 pancs kernel: libata version 2.21 loaded.
Jul 10 13:09:37 pancs kernel: PCI: Setting latency timer of device 0000:00:1e.0 to 64
Jul 10 13:09:37 pancs kernel: SELinux:  Registering netfilter hooks
Jul 10 13:09:37 pancs kernel: Boot video device is 0000:01:00.0
Jul 10 13:09:37 pancs kernel: ata_piix 0000:00:1f.1: version 2.11
Jul 10 13:09:37 pancs kernel: PCI: Setting latency timer of device 0000:00:1f.1 to 64
Jul 10 13:09:37 pancs kernel: sr 1:0:0:0: Attached scsi CD-ROM sr0
Jul 10 13:09:37 pancs kernel: PCI: Setting latency timer of device 0000:00:1f.2 to 64
Jul 10 13:09:37 pancs kernel: sd 3:0:0:0: [sda] Mode Sense: 00 3a 00 00
Jul 10 13:09:37 pancs kernel: sd 3:0:0:0: [sda] Mode Sense: 00 3a 00 00
Jul 10 13:09:37 pancs kernel: PCI: Setting latency timer of device 0000:00:1d.7 to 64
Jul 10 13:09:37 pancs kernel: PCI: cache line size of 128 is not supported by device 0000:00:1d.7
Jul 10 13:09:37 pancs kernel: PCI: Setting latency timer of device 0000:00:1d.0 to 64
Jul 10 13:09:37 pancs kernel: PCI: Setting latency timer of device 0000:00:1d.1 to 64
Jul 10 13:09:37 pancs kernel: PCI: Setting latency timer of device 0000:00:1d.2 to 64
Jul 10 13:09:37 pancs kernel: PCI: Setting latency timer of device 0000:00:1f.5 to 64
Jul 10 13:09:37 pancs kernel: ieee80211_crypt: registered algorithm 'NULL'
Jul 10 13:09:37 pancs kernel: ieee80211_crypt: registered algorithm 'WEP'
Jul 10 13:09:37 pancs kernel: ieee80211_crypt: registered algorithm 'CCMP'
Jul 10 13:09:37 pancs kernel: ieee80211_crypt: registered algorithm 'TKIP'
Jul 10 13:09:37 pancs kernel: Ending clean XFS mount for filesystem: sda3
Jul 10 13:09:37 pancs kernel: Ending clean XFS mount for filesystem: sda1
Jul 10 13:09:37 pancs kernel: Ending clean XFS mount for filesystem: sda4
Jul 10 13:09:39 pancs kernel: ath0: no IPv6 routers present
Jul 10 15:28:14 pancs kernel: mtrr: no MTRR for e0000000,8000000 found
Jul 10 15:28:26 pancs kernel: mtrr: no MTRR for e0000000,8000000 found
Jul 10 16:57:47 pancs kernel: Entering add_active_range(0, 0, 130864) 0 entries of 256 used
Jul 10 16:57:47 pancs kernel: On node 0 totalpages: 130864
Jul 10 16:57:47 pancs kernel: DMA zone: 32 pages used for memmap
Jul 10 16:57:47 pancs kernel: DMA zone: 0 pages reserved
Jul 10 16:57:47 pancs kernel: DMA zone: 4064 pages, LIFO batch:0
Jul 10 16:57:47 pancs kernel: Normal zone: 990 pages used for memmap
Jul 10 16:57:47 pancs kernel: Normal zone: 125778 pages, LIFO batch:31
Jul 10 16:57:47 pancs kernel: HighMem zone: 0 pages used for memmap
Jul 10 16:57:47 pancs kernel: ACPI: Local APIC address 0xfee00000
Jul 10 16:57:47 pancs kernel: ACPI: IRQ0 used by override.
Jul 10 16:57:47 pancs kernel: ACPI: IRQ2 used by override.
Jul 10 16:57:47 pancs kernel: ACPI: IRQ9 used by override.
Jul 10 16:57:47 pancs kernel: mapped APIC to ffffd000 (fee00000)
Jul 10 16:57:47 pancs kernel: mapped IOAPIC to ffffc000 (fec00000)
Jul 10 16:57:47 pancs kernel: SELinux:  Starting in permissive mode
Jul 10 16:57:47 pancs kernel: CPU: After generic identify, caps: bfebfbff 00000000 00000000 00000000 00004400 00000000 00000000
Jul 10 16:57:47 pancs kernel: CPU: After all inits, caps: bfebfbff 00000000 00000000 0000b080 00004400 00000000 00000000
Jul 10 16:57:47 pancs kernel: CPU: After generic identify, caps: bfebfbff 00000000 00000000 00000000 00004400 00000000 00000000
Jul 10 16:57:47 pancs kernel: CPU: After all inits, caps: bfebfbff 00000000 00000000 0000b080 00004400 00000000 00000000
Jul 10 16:57:47 pancs kernel: PCI: Probing PCI hardware (bus 00)
Jul 10 16:57:47 pancs kernel: ACPI: PCI Interrupt Routing Table [\_SB_.PCI0._PRT]
Jul 10 16:57:47 pancs kernel: ACPI: PCI Interrupt Routing Table [\_SB_.PCI0.P0P4._PRT]
Jul 10 16:57:47 pancs kernel: libata version 2.21 loaded.
Jul 10 16:57:47 pancs kernel: PCI: Setting latency timer of device 0000:00:1e.0 to 64
Jul 10 16:57:47 pancs kernel: SELinux:  Registering netfilter hooks
Jul 10 16:57:47 pancs kernel: Boot video device is 0000:01:00.0
Jul 10 16:57:47 pancs kernel: ata_piix 0000:00:1f.1: version 2.11
Jul 10 16:57:47 pancs kernel: PCI: Setting latency timer of device 0000:00:1f.1 to 64
Jul 10 16:57:47 pancs kernel: sr 1:0:0:0: Attached scsi CD-ROM sr0
Jul 10 16:57:47 pancs kernel: PCI: Setting latency timer of device 0000:00:1f.2 to 64
Jul 10 16:57:47 pancs kernel: sd 3:0:0:0: [sda] Mode Sense: 00 3a 00 00
Jul 10 16:57:47 pancs kernel: sd 3:0:0:0: [sda] Mode Sense: 00 3a 00 00
Jul 10 16:57:47 pancs kernel: PCI: Setting latency timer of device 0000:00:1d.7 to 64
Jul 10 16:57:47 pancs kernel: PCI: cache line size of 128 is not supported by device 0000:00:1d.7
Jul 10 16:57:47 pancs kernel: PCI: Setting latency timer of device 0000:00:1d.0 to 64
Jul 10 16:57:47 pancs kernel: PCI: Setting latency timer of device 0000:00:1d.1 to 64
Jul 10 16:57:47 pancs kernel: PCI: Setting latency timer of device 0000:00:1d.2 to 64
Jul 10 16:57:47 pancs kernel: PCI: Setting latency timer of device 0000:00:1f.5 to 64
Jul 10 16:57:47 pancs kernel: ieee80211_crypt: registered algorithm 'NULL'
Jul 10 16:57:47 pancs kernel: ieee80211_crypt: registered algorithm 'WEP'
Jul 10 16:57:47 pancs kernel: ieee80211_crypt: registered algorithm 'CCMP'
Jul 10 16:57:47 pancs kernel: ieee80211_crypt: registered algorithm 'TKIP'
Jul 10 16:57:47 pancs kernel: Ending clean XFS mount for filesystem: sda3
Jul 10 16:57:47 pancs kernel: Ending clean XFS mount for filesystem: sda1
Jul 10 16:57:47 pancs kernel: Ending clean XFS mount for filesystem: sda4
Jul 10 16:57:48 pancs kernel: ath0: no IPv6 routers present
Jul 10 23:18:16 pancs kernel: mtrr: no MTRR for e0000000,8000000 found
Jul 10 23:19:00 pancs kernel: mtrr: no MTRR for e0000000,8000000 found
Jul 10 23:19:58 pancs kernel: Entering add_active_range(0, 0, 130864) 0 entries of 256 used
Jul 10 23:19:58 pancs kernel: On node 0 totalpages: 130864
Jul 10 23:19:58 pancs kernel: DMA zone: 32 pages used for memmap
Jul 10 23:19:58 pancs kernel: DMA zone: 0 pages reserved
Jul 10 23:19:58 pancs kernel: DMA zone: 4064 pages, LIFO batch:0
Jul 10 23:19:58 pancs kernel: Normal zone: 990 pages used for memmap
Jul 10 23:19:58 pancs kernel: Normal zone: 125778 pages, LIFO batch:31
Jul 10 23:19:58 pancs kernel: HighMem zone: 0 pages used for memmap
Jul 10 23:19:58 pancs kernel: ACPI: Local APIC address 0xfee00000
Jul 10 23:19:58 pancs kernel: ACPI: IRQ0 used by override.
Jul 10 23:19:58 pancs kernel: ACPI: IRQ2 used by override.
Jul 10 23:19:58 pancs kernel: ACPI: IRQ9 used by override.
Jul 10 23:19:58 pancs kernel: mapped APIC to ffffd000 (fee00000)
Jul 10 23:19:58 pancs kernel: mapped IOAPIC to ffffc000 (fec00000)
Jul 10 23:19:58 pancs kernel: SELinux:  Starting in permissive mode
Jul 10 23:19:58 pancs kernel: CPU: After generic identify, caps: bfebfbff 00000000 00000000 00000000 00004400 00000000 00000000
Jul 10 23:19:58 pancs kernel: CPU: After all inits, caps: bfebfbff 00000000 00000000 0000b080 00004400 00000000 00000000
Jul 10 23:19:58 pancs kernel: CPU: After generic identify, caps: bfebfbff 00000000 00000000 00000000 00004400 00000000 00000000
Jul 10 23:19:58 pancs kernel: CPU: After all inits, caps: bfebfbff 00000000 00000000 0000b080 00004400 00000000 00000000
Jul 10 23:19:58 pancs kernel: PCI: Probing PCI hardware (bus 00)
Jul 10 23:19:58 pancs kernel: ACPI: PCI Interrupt Routing Table [\_SB_.PCI0._PRT]
Jul 10 23:19:58 pancs kernel: ACPI: PCI Interrupt Routing Table [\_SB_.PCI0.P0P4._PRT]
Jul 10 23:19:58 pancs kernel: libata version 2.21 loaded.
Jul 10 23:19:58 pancs kernel: PCI: Setting latency timer of device 0000:00:1e.0 to 64
Jul 10 23:19:58 pancs kernel: SELinux:  Registering netfilter hooks
Jul 10 23:19:58 pancs kernel: Boot video device is 0000:01:00.0
Jul 10 23:19:58 pancs kernel: ata_piix 0000:00:1f.1: version 2.11
Jul 10 23:19:58 pancs kernel: PCI: Setting latency timer of device 0000:00:1f.1 to 64
Jul 10 23:19:58 pancs kernel: sr 1:0:0:0: Attached scsi CD-ROM sr0
Jul 10 23:19:58 pancs kernel: PCI: Setting latency timer of device 0000:00:1f.2 to 64
Jul 10 23:19:58 pancs kernel: sd 3:0:0:0: [sda] Mode Sense: 00 3a 00 00
Jul 10 23:19:58 pancs kernel: sd 3:0:0:0: [sda] Mode Sense: 00 3a 00 00
Jul 10 23:19:58 pancs kernel: PCI: Setting latency timer of device 0000:00:1d.7 to 64
Jul 10 23:19:58 pancs kernel: PCI: cache line size of 128 is not supported by device 0000:00:1d.7
Jul 10 23:19:58 pancs kernel: PCI: Setting latency timer of device 0000:00:1d.0 to 64
Jul 10 23:19:58 pancs kernel: PCI: Setting latency timer of device 0000:00:1d.1 to 64
Jul 10 23:19:58 pancs kernel: PCI: Setting latency timer of device 0000:00:1d.2 to 64
Jul 10 23:19:58 pancs kernel: PCI: Setting latency timer of device 0000:00:1f.5 to 64
Jul 10 23:19:59 pancs kernel: ieee80211_crypt: registered algorithm 'NULL'
Jul 10 23:19:59 pancs kernel: ieee80211_crypt: registered algorithm 'WEP'
Jul 10 23:19:59 pancs kernel: ieee80211_crypt: registered algorithm 'CCMP'
Jul 10 23:19:59 pancs kernel: ieee80211_crypt: registered algorithm 'TKIP'
Jul 10 23:19:59 pancs kernel: Ending clean XFS mount for filesystem: sda3
Jul 10 23:19:59 pancs kernel: Ending clean XFS mount for filesystem: sda1
Jul 10 23:19:59 pancs kernel: Ending clean XFS mount for filesystem: sda4
Jul 10 23:20:03 pancs kernel: ath0: no IPv6 routers present
Jul 10 23:17:52 pancs kernel: SysRq : Show Blocked State
Jul 10 23:17:52 pancs kernel: 
Jul 10 23:17:52 pancs kernel: free                        sibling
Jul 10 23:17:52 pancs kernel: task             PC    stack   pid father child younger older
Jul 10 23:18:16 pancs init: Switching to runlevel: 3
Jul 10 23:18:16 pancs kernel: mtrr: no MTRR for e0000000,8000000 found
Jul 10 23:18:39 pancs init: Switching to runlevel: 5
Jul 10 23:18:40 pancs kernel: agpgart: Found an AGP 3.0 compliant device at 0000:00:00.0.
Jul 10 23:18:40 pancs kernel: agpgart: Putting AGP V3 device at 0000:00:00.0 into 4x mode
Jul 10 23:18:40 pancs kernel: agpgart: Putting AGP V3 device at 0000:01:00.0 into 4x mode
Jul 10 23:18:41 pancs kernel: [drm] Setting GART location based on new memory map
Jul 10 23:18:41 pancs kernel: [drm] Loading R300 Microcode
Jul 10 23:18:41 pancs kernel: [drm] writeback test succeeded in 1 usecs
Jul 10 23:18:51 pancs kernel: agpgart: Found an AGP 3.0 compliant device at 0000:00:00.0.
Jul 10 23:18:51 pancs kernel: agpgart: Putting AGP V3 device at 0000:00:00.0 into 4x mode
Jul 10 23:18:51 pancs kernel: agpgart: Putting AGP V3 device at 0000:01:00.0 into 4x mode
Jul 10 23:18:51 pancs kernel: [drm] Loading R300 Microcode
Jul 10 23:18:59 pancs init: Switching to runlevel: 6
Jul 10 23:19:00 pancs kernel: mtrr: no MTRR for e0000000,8000000 found
Jul 10 23:19:00 pancs 8-_-_var_-_log_-_syslog: 8-_-_var_-_log_-_syslog: client (pid 7987) killed by signal 15, stopping
Jul 10 23:19:01 pancs sensord: sensord stopped
Jul 10 23:19:02 pancs mysqld[2682]: 070710 23:19:02 [Note] /usr/sbin/mysqld: Normal shutdown
Jul 10 23:19:02 pancs mysqld[2682]: 
Jul 10 23:19:03 pancs mysqld[2682]: 070710 23:19:03  InnoDB: Starting shutdown...
Jul 10 23:19:05 pancs mysqld[2682]: 070710 23:19:05  InnoDB: Shutdown completed; log sequence number 0 43665
Jul 10 23:19:05 pancs mysqld[2682]: 070710 23:19:05 [Note] /usr/sbin/mysqld: Shutdown complete
Jul 10 23:19:05 pancs mysqld[2682]: 
Jul 10 23:19:05 pancs mysqld_safe[9339]: ended
Jul 10 23:19:08 pancs syslog-ng[2609]: SIGTERM received, terminating;  
Jul 10 23:19:08 pancs syslog-ng[2609]: syslog-ng shutting down; version='2.0.0' 
Jul 10 23:19:58 pancs syslog-ng[2610]: syslog-ng starting up; version='2.0.0' 
J
Linux version 2.6.22-pancs1-wifi0 (root@pancs) (gcc version 4.1.2 20061115 (prerelease) (Debian 4.1.1-21)) #1 SMP Tue Jul 10 01:41:07 CEST 2007
BIOS-provided physical RAM map:
 BIOS-e820: 0000000000000000 - 000000000009fc00 (usable)
 BIOS-e820: 000000000009fc00 - 00000000000a0000 (reserved)
 BIOS-e820: 00000000000e8000 - 0000000000100000 (reserved)
 BIOS-e820: 0000000000100000 - 000000001ff30000 (usable)
 BIOS-e820: 000000001ff30000 - 000000001ff40000 (ACPI data)
 BIOS-e820: 000000001ff40000 - 000000001fff0000 (ACPI NVS)
 BIOS-e820: 000000001fff0000 - 0000000020000000 (reserved)
 BIOS-e820: 00000000ffb80000 - 0000000100000000 (reserved)
0MB HIGHMEM available.
511MB LOWMEM available.
found SMP MP-table at 000ff780
Entering add_active_range(0, 0, 130864) 0 entries of 256 used
Zone PFN ranges:
  DMA             0 ->     4096
  Normal       4096 ->   130864
  HighMem    130864 ->   130864
early_node_map[1] active PFN ranges
    0:        0 ->   130864
On node 0 totalpages: 130864
  DMA zone: 32 pages used for memmap
  DMA zone: 0 pages reserved
  DMA zone: 4064 pages, LIFO batch:0
  Normal zone: 990 pages used for memmap
  Normal zone: 125778 pages, LIFO batch:31
  HighMem zone: 0 pages used for memmap
DMI 2.3 present.
ACPI: RSDP 000F9E30, 0021 (r2 ACPIAM)
ACPI: XSDT 1FF30100, 003C (r1 A M I  OEMXSDT  10000414 MSFT       97)
ACPI: FACP 1FF30290, 00F4 (r3 A M I  OEMFACP  10000414 MSFT       97)
ACPI: DSDT 1FF303F0, 3779 (r1  P4C8B P4C8B106      106 INTL  2002026)
ACPI: FACS 1FF40000, 0040
ACPI: APIC 1FF30390, 005C (r1 A M I  OEMAPIC  10000414 MSFT       97)
ACPI: OEMB 1FF40040, 003F (r1 A M I  OEMBIOS  10000414 MSFT       97)
ACPI: PM-Timer IO Port: 0x808
ACPI: Local APIC address 0xfee00000
ACPI: LAPIC (acpi_id[0x01] lapic_id[0x00] enabled)
Processor #0 15:2 APIC version 20
ACPI: LAPIC (acpi_id[0x02] lapic_id[0x01] enabled)
Processor #1 15:2 APIC version 20
ACPI: IOAPIC (id[0x02] address[0xfec00000] gsi_base[0])
IOAPIC[0]: apic_id 2, version 32, address 0xfec00000, GSI 0-23
ACPI: INT_SRC_OVR (bus 0 bus_irq 0 global_irq 2 dfl dfl)
ACPI: INT_SRC_OVR (bus 0 bus_irq 9 global_irq 9 high level)
ACPI: IRQ0 used by override.
ACPI: IRQ2 used by override.
ACPI: IRQ9 used by override.
Enabling APIC mode:  Flat.  Using 1 I/O APICs
Using ACPI (MADT) for SMP configuration information
Allocating PCI resources starting at 30000000 (gap: 20000000:dfb80000)
Built 1 zonelists.  Total pages: 129842
Kernel command line: BOOT_IMAGE=deb_k2.6.22-p1 ro root=803
mapped APIC to ffffd000 (fee00000)
mapped IOAPIC to ffffc000 (fec00000)
Enabling fast FPU save and restore... done.
Enabling unmasked SIMD FPU exception support... done.
Initializing CPU#0
PID hash table entries: 2048 (order: 11, 8192 bytes)
Detected 3150.044 MHz processor.
Console: colour VGA+ 132x44
Dentry cache hash table entries: 65536 (order: 6, 262144 bytes)
Inode-cache hash table entries: 32768 (order: 5, 131072 bytes)
Memory: 512116k/523456k available (4178k kernel code, 10856k reserved, 1310k data, 268k init, 0k highmem)
virtual kernel memory layout:
    fixmap  : 0xfff50000 - 0xfffff000   ( 700 kB)
    pkmap   : 0xffc00000 - 0xffe00000   (2048 kB)
    vmalloc : 0xe0800000 - 0xffbfe000   ( 499 MB)
    lowmem  : 0xc0000000 - 0xdff30000   ( 511 MB)
      .init : 0xc0665000 - 0xc06a8000   ( 268 kB)
      .data : 0xc0514961 - 0xc065c168   (1310 kB)
      .text : 0xc0100000 - 0xc0514961   (4178 kB)
Checking if this processor honours the WP bit even in supervisor mode... Ok.
SLUB: Genslabs=22, HWalign=64, Order=0-1, MinObjects=4, CPUs=2, Nodes=1
Calibrating delay using timer specific routine.. 6303.38 BogoMIPS (lpj=31516908)
Security Framework v1.0.0 initialized
SELinux:  Initializing.
SELinux:  Starting in permissive mode
selinux_register_security:  Registering secondary module capability
Capability LSM initialized as secondary
Mount-cache hash table entries: 512
CPU: After generic identify, caps: bfebfbff 00000000 00000000 00000000 00004400 00000000 00000000
CPU: Trace cache: 12K uops, L1 D cache: 8K
CPU: L2 cache: 512K
CPU: Physical Processor ID: 0
CPU: After all inits, caps: bfebfbff 00000000 00000000 0000b080 00004400 00000000 00000000
Intel machine check architecture supported.
Intel machine check reporting enabled on CPU#0.
CPU0: Intel P4/Xeon Extended MCE MSRs (12) available
CPU0: Thermal monitoring enabled
Compat vDSO mapped to ffffe000.
Checking 'hlt' instruction... OK.
Freeing SMP alternatives: 19k freed
ACPI: Core revision 20070126
CPU0: Intel(R) Pentium(R) 4 CPU 3.00GHz stepping 09
Booting processor 1/1 eip 2000
Initializing CPU#1
Calibrating delay using timer specific routine.. 6300.13 BogoMIPS (lpj=31500666)
CPU: After generic identify, caps: bfebfbff 00000000 00000000 00000000 00004400 00000000 00000000
CPU: Trace cache: 12K uops, L1 D cache: 8K
CPU: L2 cache: 512K
CPU: Physical Processor ID: 0
CPU: After all inits, caps: bfebfbff 00000000 00000000 0000b080 00004400 00000000 00000000
Intel machine check architecture supported.
Intel machine check reporting enabled on CPU#1.
CPU1: Intel P4/Xeon Extended MCE MSRs (12) available
CPU1: Thermal monitoring enabled
CPU1: Intel(R) Pentium(R) 4 CPU 3.00GHz stepping 09
Total of 2 processors activated (12603.51 BogoMIPS).
ENABLING IO-APIC IRQs
..TIMER: vector=0x31 apic1=0 pin1=2 apic2=-1 pin2=-1
checking TSC synchronization [CPU#0 -> CPU#1]: passed.
Brought up 2 CPUs
migration_cost=149
NET: Registered protocol family 16
ACPI: bus type pci registered
PCI: Using configuration type 1
Setting up standard PCI resources
ACPI: Interpreter enabled
ACPI: Using IOAPIC for interrupt routing
ACPI: PCI Root Bridge [PCI0] (0000:00)
PCI: Probing PCI hardware (bus 00)
PCI quirk: region 0800-087f claimed by ICH4 ACPI/GPIO/TCO
PCI quirk: region 0480-04bf claimed by ICH4 GPIO
PCI: Transparent bridge - 0000:00:1e.0
ACPI: PCI Interrupt Routing Table [\_SB_.PCI0._PRT]
ACPI: PCI Interrupt Routing Table [\_SB_.PCI0.P0P4._PRT]
ACPI: PCI Interrupt Link [LNKA] (IRQs *3 4 5 6 7 10 11 12 14 15)
ACPI: PCI Interrupt Link [LNKB] (IRQs 3 4 5 6 *7 10 11 12 14 15)
ACPI: PCI Interrupt Link [LNKC] (IRQs 3 4 5 6 7 10 *11 12 14 15)
ACPI: PCI Interrupt Link [LNKD] (IRQs 3 4 *5 6 7 10 11 12 14 15)
ACPI: PCI Interrupt Link [LNKE] (IRQs 3 4 5 6 7 10 11 12 14 15) *0, disabled.
ACPI: PCI Interrupt Link [LNKF] (IRQs 3 4 5 6 7 10 11 12 14 15) *0, disabled.
ACPI: PCI Interrupt Link [LNKG] (IRQs 3 *4 5 6 7 10 11 12 14 15)
ACPI: PCI Interrupt Link [LNKH] (IRQs 3 4 5 6 7 *10 11 12 14 15)
Linux Plug and Play Support v0.97 (c) Adam Belay
pnp: PnP ACPI init
ACPI: bus type pnp registered
pnp: PnP ACPI: found 10 devices
ACPI: ACPI bus type pnp unregistered
SCSI subsystem initialized
libata version 2.21 loaded.
usbcore: registered new interface driver usbfs
usbcore: registered new interface driver hub
usbcore: registered new device driver usb
PCI: Using ACPI for IRQ routing
PCI: If a device doesn't work, try "pci=routeirq".  If it helps, post a report
pnp: 00:06: ioport range 0x680-0x6ff has been reserved
pnp: 00:06: ioport range 0x290-0x297 has been reserved
pnp: 00:07: iomem range 0xfed20000-0xfed8ffff has been reserved
pnp: 00:07: iomem range 0xffb00000-0xffbfffff could not be reserved
pnp: 00:08: iomem range 0xfec00000-0xfec00fff has been reserved
pnp: 00:08: iomem range 0xfee00000-0xfee00fff has been reserved
pnp: 00:09: iomem range 0x0-0x9ffff could not be reserved
pnp: 00:09: iomem range 0xc0000-0xdffff could not be reserved
pnp: 00:09: iomem range 0xe0000-0xfffff could not be reserved
pnp: 00:09: iomem range 0x100000-0x1ffeffff could not be reserved
Time: tsc clocksource has been installed.
PCI: Bridge: 0000:00:01.0
  IO window: c000-cfff
  MEM window: fe900000-fe9fffff
  PREFETCH window: bbf00000-fbefffff
PCI: Bridge: 0000:00:1e.0
  IO window: d000-dfff
  MEM window: fea00000-feafffff
  PREFETCH window: disabled.
PCI: Setting latency timer of device 0000:00:1e.0 to 64
NET: Registered protocol family 2
IP route cache hash table entries: 4096 (order: 2, 16384 bytes)
TCP established hash table entries: 16384 (order: 5, 196608 bytes)
TCP bind hash table entries: 16384 (order: 5, 131072 bytes)
TCP: Hash tables configured (established 16384 bind 16384)
TCP reno registered
Machine check exception polling timer started.
IA-32 Microcode Update Driver: v1.14a <tigran@aivazian.fsnet.co.uk>
audit: initializing netlink socket (disabled)
audit(1184079448.570:1): initialized
Total HugeTLB memory allocated, 0
VFS: Disk quotas dquot_6.5.1
Dquot-cache hash table entries: 1024 (order 0, 4096 bytes)
DLM (built Jul 10 2007 01:32:41) installed
SGI XFS with ACLs, security attributes, realtime, large block numbers, no debug enabled
SGI XFS Quota Management subsystem
SELinux:  Registering netfilter hooks
io scheduler noop registered
io scheduler anticipatory registered (default)
Boot video device is 0000:01:00.0
input: Power Button (FF) as /class/input/input0
ACPI: Power Button (FF) [PWRF]
input: Power Button (CM) as /class/input/input1
ACPI: Power Button (CM) [PWRB]
Real Time Clock Driver v1.12ac
Non-volatile memory driver v1.2
intel_rng: FWH not detected
iTCO_wdt: Intel TCO WatchDog Timer Driver v1.01 (21-Jan-2007)
iTCO_wdt: Found a ICH5 or ICH5R TCO device (Version=1, TCOBASE=0x0860)
iTCO_wdt: initialized. heartbeat=30 sec (nowayout=0)
iTCO_vendor_support: vendor-support=0
Linux agpgart interface v0.102 (c) Dave Jones
agpgart: Detected an Intel i875 Chipset.
agpgart: AGP aperture is 32M @ 0xfc000000
[drm] Initialized drm 1.1.0 20060810
ACPI: PCI Interrupt 0000:01:00.0[A] -> GSI 16 (level, low) -> IRQ 16
[drm] Initialized radeon 1.27.0 20060524 on minor 0
Hangcheck: starting hangcheck timer 0.9.0 (tick is 180 seconds, margin is 60 seconds).
Hangcheck: Using get_cycles().
loop: module loaded
usbcore: registered new interface driver ub
ACPI: PCI Interrupt 0000:02:05.0[A] -> GSI 22 (level, low) -> IRQ 17
skge 1.11 addr 0xfeafc000 irq 17 chip Yukon rev 1
skge eth0: addr 00:0e:a6:88:6f:05
ath_rate_sample: 1.2 (0.9.3.1)
ath_rate_onoe: 1.0 (0.9.3.1)
ath_rate_amrr: 0.1 (0.9.3.1)
ath_pci: 0.9.4.5 (0.9.3.1)
ACPI: PCI Interrupt 0000:02:0a.0[A] -> GSI 22 (level, low) -> IRQ 17
Switched to NOHz mode on CPU #1
Switched to NOHz mode on CPU #0
wifi0: 11b rates: 1Mbps 2Mbps 5.5Mbps 11Mbps
wifi0: 11g rates: 1Mbps 2Mbps 5.5Mbps 11Mbps 6Mbps 9Mbps 12Mbps 18Mbps 24Mbps 36Mbps 48Mbps 54Mbps
wifi0: turboG rates: 6Mbps 12Mbps 18Mbps 24Mbps 36Mbps 48Mbps 54Mbps
wifi0: H/W encryption support: WEP AES AES_CCM TKIP
wifi0: mac 7.9 phy 4.5 radio 5.6
wifi0: Use hw queue 1 for WME_AC_BE traffic
wifi0: Use hw queue 0 for WME_AC_BK traffic
wifi0: Use hw queue 2 for WME_AC_VI traffic
wifi0: Use hw queue 3 for WME_AC_VO traffic
wifi0: Use hw queue 8 for CAB traffic
wifi0: Use hw queue 9 for beacons
Unable to load needed module: wlan_scan_sta; no support for automatic module loading<4>unable to load wlan_scan_sta
wifi0: Atheros 5212: mem=0xfeae0000, irq=17
ath_hal: 0.9.18.0 (AR5210, AR5211, AR5212, RF5111, RF5112, RF2413, RF5413)
wlan: 0.8.4.2 (0.9.3.1)
wlan: mac acl policy registered
ata_piix 0000:00:1f.1: version 2.11
PCI: Enabling device 0000:00:1f.1 (0005 -> 0007)
ACPI: PCI Interrupt 0000:00:1f.1[A] -> GSI 18 (level, low) -> IRQ 18
PCI: Setting latency timer of device 0000:00:1f.1 to 64
scsi0 : ata_piix
scsi1 : ata_piix
ata1: PATA max UDMA/133 cmd 0x000101f0 ctl 0x000103f6 bmdma 0x0001fc00 irq 14
ata2: PATA max UDMA/133 cmd 0x00010170 ctl 0x00010376 bmdma 0x0001fc08 irq 15
ata2.00: ATAPI: HL-DT-ST DVDRAM GSA-4163B, A103, max UDMA/33
ata2.00: configured for UDMA/33
scsi 1:0:0:0: CD-ROM            HL-DT-ST DVDRAM GSA-4163B A103 PQ: 0 ANSI: 5
sr0: scsi3-mmc drive: 40x/40x writer dvd-ram cd/rw xa/form2 cdda tray
Uniform CD-ROM driver Revision: 3.20
sr 1:0:0:0: Attached scsi CD-ROM sr0
sr 1:0:0:0: Attached scsi generic sg0 type 5
ata_piix 0000:00:1f.2: MAP [ P0 -- P1 -- ]
ACPI: PCI Interrupt 0000:00:1f.2[A] -> GSI 18 (level, low) -> IRQ 18
PCI: Setting latency timer of device 0000:00:1f.2 to 64
scsi2 : ata_piix
scsi3 : ata_piix
ata3: SATA max UDMA/133 cmd 0x0001efe0 ctl 0x0001efae bmdma 0x0001ef90 irq 18
ata4: SATA max UDMA/133 cmd 0x0001efa0 ctl 0x0001efaa bmdma 0x0001ef98 irq 18
ata4.00: ATA-7: SAMSUNG SP1213C, SV100-27, max UDMA7
ata4.00: 234493056 sectors, multi 16: LBA48 
ata4.00: configured for UDMA/133
scsi 3:0:0:0: Direct-Access     ATA      SAMSUNG SP1213C  SV10 PQ: 0 ANSI: 5
sd 3:0:0:0: [sda] 234493056 512-byte hardware sectors (120060 MB)
sd 3:0:0:0: [sda] Write Protect is off
sd 3:0:0:0: [sda] Mode Sense: 00 3a 00 00
sd 3:0:0:0: [sda] Write cache: enabled, read cache: enabled, doesn't support DPO or FUA
sd 3:0:0:0: [sda] 234493056 512-byte hardware sectors (120060 MB)
sd 3:0:0:0: [sda] Write Protect is off
sd 3:0:0:0: [sda] Mode Sense: 00 3a 00 00
sd 3:0:0:0: [sda] Write cache: enabled, read cache: enabled, doesn't support DPO or FUA
 sda: sda1 sda2 sda3 sda4
sd 3:0:0:0: [sda] Attached SCSI disk
sd 3:0:0:0: Attached scsi generic sg1 type 0
ACPI: PCI Interrupt 0000:00:1d.7[D] -> GSI 23 (level, low) -> IRQ 19
PCI: Setting latency timer of device 0000:00:1d.7 to 64
ehci_hcd 0000:00:1d.7: EHCI Host Controller
ehci_hcd 0000:00:1d.7: new USB bus registered, assigned bus number 1
ehci_hcd 0000:00:1d.7: debug port 1
PCI: cache line size of 128 is not supported by device 0000:00:1d.7
ehci_hcd 0000:00:1d.7: irq 19, io mem 0xfebffc00
ehci_hcd 0000:00:1d.7: USB 2.0 started, EHCI 1.00, driver 10 Dec 2004
usb usb1: configuration #1 chosen from 1 choice
hub 1-0:1.0: USB hub found
hub 1-0:1.0: 6 ports detected
USB Universal Host Controller Interface driver v3.0
ACPI: PCI Interrupt 0000:00:1d.0[A] -> GSI 16 (level, low) -> IRQ 16
PCI: Setting latency timer of device 0000:00:1d.0 to 64
uhci_hcd 0000:00:1d.0: UHCI Host Controller
uhci_hcd 0000:00:1d.0: new USB bus registered, assigned bus number 2
uhci_hcd 0000:00:1d.0: irq 16, io base 0x0000ef00
usb usb2: configuration #1 chosen from 1 choice
hub 2-0:1.0: USB hub found
hub 2-0:1.0: 2 ports detected
ACPI: PCI Interrupt 0000:00:1d.1[B] -> GSI 19 (level, low) -> IRQ 20
PCI: Setting latency timer of device 0000:00:1d.1 to 64
uhci_hcd 0000:00:1d.1: UHCI Host Controller
uhci_hcd 0000:00:1d.1: new USB bus registered, assigned bus number 3
uhci_hcd 0000:00:1d.1: irq 20, io base 0x0000ef20
usb usb3: configuration #1 chosen from 1 choice
hub 3-0:1.0: USB hub found
hub 3-0:1.0: 2 ports detected
ACPI: PCI Interrupt 0000:00:1d.2[C] -> GSI 18 (level, low) -> IRQ 18
PCI: Setting latency timer of device 0000:00:1d.2 to 64
uhci_hcd 0000:00:1d.2: UHCI Host Controller
uhci_hcd 0000:00:1d.2: new USB bus registered, assigned bus number 4
uhci_hcd 0000:00:1d.2: irq 18, io base 0x0000ef40
usb usb4: configuration #1 chosen from 1 choice
hub 4-0:1.0: USB hub found
hub 4-0:1.0: 2 ports detected
Initializing USB Mass Storage driver...
usb 3-2: new low speed USB device using uhci_hcd and address 2
usb 3-2: configuration #1 chosen from 1 choice
usbcore: registered new interface driver usb-storage
USB Mass Storage support registered.
PNP: PS/2 Controller [PNP0303:PS2K] at 0x60,0x64 irq 1
PNP: PS/2 controller doesn't have AUX irq; using default 12
serio: i8042 KBD port at 0x60,0x64 irq 1
serio: i8042 AUX port at 0x60,0x64 irq 12
mice: PS/2 mouse device common for all mice
input: PC Speaker as /class/input/input2
input: AT Translated Set 2 keyboard as /class/input/input3
I2O subsystem v1.325
i2o: max drivers = 8
I2O Configuration OSM v1.323
I2O Bus Adapter OSM v1.317
I2O Block Device OSM v1.325
I2O SCSI Peripheral OSM v1.316
I2O ProcFS OSM v1.316
i2c /dev entries driver
ACPI: PCI Interrupt 0000:00:1f.3[B] -> GSI 17 (level, low) -> IRQ 21
w83627hf: Found W83627THF chip at 0x290
w83627hf w83627hf.656: Reading VID from GPIO5
device-mapper: ioctl: 4.11.0-ioctl (2006-10-12) initialised: dm-devel@redhat.com
EDAC MC: Ver: 2.0.1 Jul 10 2007
EDAC i82875p: i82875p init one
EDAC MC0: Giving out device to i82875p_edac i82875p: DEV 0000:00:00.0
input: HID 1241:1166 as /class/input/input4
input: USB HID v1.10 Mouse [HID 1241:1166] on usb-0000:00:1d.1-2
usbcore: registered new interface driver usbhid
drivers/hid/usbhid/hid-core.c: v2.6:USB HID core driver
Advanced Linux Sound Architecture Driver Version 1.0.14 (Thu May 31 09:03:25 2007 UTC).
ACPI: PCI Interrupt 0000:00:1f.5[B] -> GSI 17 (level, low) -> IRQ 21
PCI: Setting latency timer of device 0000:00:1f.5 to 64
intel8x0_measure_ac97_clock: measured 58082 usecs
intel8x0: clocking to 48000
ALSA device list:
  #0: Intel ICH5 with AD1985 at irq 21
NET: Registered protocol family 26
GACT probability on
Mirror/redirect action on
Simple TC action Loaded
netem: version 1.2
u32 classifier
    Performance counters on
    input device check on 
    Actions configured 
Netfilter messages via NETLINK v0.30.
nf_conntrack version 0.5.0 (4089 buckets, 32712 max)
ctnetlink v0.93: registering with nfnetlink.
IPv4 over IPv4 tunneling driver
GRE over IPv4 tunneling driver
ip_tables: (C) 2000-2006 Netfilter Core Team
arp_tables: (C) 2002 David S. Miller
TCP cubic registered
Initializing XFRM netlink socket
NET: Registered protocol family 1
NET: Registered protocol family 10
lo: Disabled Privacy Extensions
tunl0: Disabled Privacy Extensions
ip6_tables: (C) 2000-2006 Netfilter Core Team
IPv6 over IPv4 tunneling driver
sit0: Disabled Privacy Extensions
NET: Registered protocol family 17
Bridge firewalling registered
Ebtables v2.0 registered
SCTP: Hash tables configured (established 16384 bind 16384)
ieee80211: 802.11 data/management/control stack, git-1.1.13
ieee80211: Copyright (C) 2004-2005 Intel Corporation <jketreno@linux.intel.com>
ieee80211_crypt: registered algorithm 'NULL'
ieee80211_crypt: registered algorithm 'WEP'
ieee80211_crypt: registered algorithm 'CCMP'
ieee80211_crypt: registered algorithm 'TKIP'
Starting balanced_irq
Using IPI Shortcut mode
drivers/rtc/hctosys.c: unable to open rtc device (rtc0)
UDF-fs: No VRS found
XFS mounting filesystem sda3
Ending clean XFS mount for filesystem: sda3
VFS: Mounted root (xfs filesystem) readonly.
Freeing unused kernel memory: 268k freed
Write protecting the kernel text: 4180k
Write protecting the kernel read-only data: 972k
Adding 2000084k swap on /dev/sda2.  Priority:-1 extents:1 across:2000084k
XFS mounting filesystem sda1
Ending clean XFS mount for filesystem: sda1
XFS mounting filesystem sda4
Ending clean XFS mount for filesystem: sda4
skge eth0: enabling interface
ADDRCONF(NETDEV_UP): eth0: link is not ready
#
# Automatically generated make config: don't edit
# Linux kernel version: 2.6.22-pancs1-wifi0
# Tue Jul 10 01:22:04 2007
#
CONFIG_X86_32=y
CONFIG_GENERIC_TIME=y
CONFIG_CLOCKSOURCE_WATCHDOG=y
CONFIG_GENERIC_CLOCKEVENTS=y
CONFIG_GENERIC_CLOCKEVENTS_BROADCAST=y
CONFIG_LOCKDEP_SUPPORT=y
CONFIG_STACKTRACE_SUPPORT=y
CONFIG_SEMAPHORE_SLEEPERS=y
CONFIG_X86=y
CONFIG_MMU=y
CONFIG_ZONE_DMA=y
CONFIG_QUICKLIST=y
CONFIG_GENERIC_ISA_DMA=y
CONFIG_GENERIC_IOMAP=y
CONFIG_GENERIC_BUG=y
CONFIG_GENERIC_HWEIGHT=y
CONFIG_ARCH_MAY_HAVE_PC_FDC=y
CONFIG_DMI=y
CONFIG_DEFCONFIG_LIST="/lib/modules/$UNAME_RELEASE/.config"
#
# Code maturity level options
#
CONFIG_EXPERIMENTAL=y
CONFIG_LOCK_KERNEL=y
CONFIG_INIT_ENV_ARG_LIMIT=32
#
# General setup
#
CONFIG_LOCALVERSION=""
CONFIG_LOCALVERSION_AUTO=y
CONFIG_SWAP=y
CONFIG_SYSVIPC=y
CONFIG_IPC_NS=y
CONFIG_SYSVIPC_SYSCTL=y
CONFIG_POSIX_MQUEUE=y
CONFIG_BSD_PROCESS_ACCT=y
CONFIG_BSD_PROCESS_ACCT_V3=y
# CONFIG_TASKSTATS is not set
CONFIG_UTS_NS=y
CONFIG_AUDIT=y
CONFIG_AUDITSYSCALL=y
CONFIG_IKCONFIG=y
CONFIG_IKCONFIG_PROC=y
CONFIG_LOG_BUF_SHIFT=16
CONFIG_CPUSETS=y
CONFIG_SYSFS_DEPRECATED=y
CONFIG_RELAY=y
# CONFIG_BLK_DEV_INITRD is not set
# CONFIG_CC_OPTIMIZE_FOR_SIZE is not set
CONFIG_SYSCTL=y
# CONFIG_EMBEDDED is not set
CONFIG_UID16=y
CONFIG_SYSCTL_SYSCALL=y
CONFIG_KALLSYMS=y
# CONFIG_KALLSYMS_ALL is not set
# CONFIG_KALLSYMS_EXTRA_PASS is not set
CONFIG_HOTPLUG=y
CONFIG_PRINTK=y
CONFIG_BUG=y
CONFIG_ELF_CORE=y
CONFIG_BASE_FULL=y
CONFIG_FUTEX=y
CONFIG_ANON_INODES=y
CONFIG_EPOLL=y
CONFIG_SIGNALFD=y
CONFIG_TIMERFD=y
CONFIG_EVENTFD=y
CONFIG_SHMEM=y
CONFIG_VM_EVENT_COUNTERS=y
CONFIG_SLUB_DEBUG=y
# CONFIG_SLAB is not set
CONFIG_SLUB=y
# CONFIG_SLOB is not set
CONFIG_RT_MUTEXES=y
# CONFIG_TINY_SHMEM is not set
CONFIG_BASE_SMALL=0
#
# Loadable module support
#
# CONFIG_MODULES is not set
#
# Block layer
#
CONFIG_BLOCK=y
CONFIG_LBD=y
# CONFIG_BLK_DEV_IO_TRACE is not set
# CONFIG_LSF is not set
#
# IO Schedulers
#
CONFIG_IOSCHED_NOOP=y
CONFIG_IOSCHED_AS=y
# CONFIG_IOSCHED_DEADLINE is not set
# CONFIG_IOSCHED_CFQ is not set
CONFIG_DEFAULT_AS=y
# CONFIG_DEFAULT_DEADLINE is not set
# CONFIG_DEFAULT_CFQ is not set
# CONFIG_DEFAULT_NOOP is not set
CONFIG_DEFAULT_IOSCHED="anticipatory"
#
# Processor type and features
#
CONFIG_TICK_ONESHOT=y
CONFIG_NO_HZ=y
# CONFIG_HIGH_RES_TIMERS is not set
CONFIG_SMP=y
CONFIG_X86_PC=y
# CONFIG_X86_ELAN is not set
# CONFIG_X86_VOYAGER is not set
# CONFIG_X86_NUMAQ is not set
# CONFIG_X86_SUMMIT is not set
# CONFIG_X86_BIGSMP is not set
# CONFIG_X86_VISWS is not set
# CONFIG_X86_GENERICARCH is not set
# CONFIG_X86_ES7000 is not set
# CONFIG_PARAVIRT is not set
# CONFIG_M386 is not set
# CONFIG_M486 is not set
# CONFIG_M586 is not set
# CONFIG_M586TSC is not set
# CONFIG_M586MMX is not set
# CONFIG_M686 is not set
# CONFIG_MPENTIUMII is not set
# CONFIG_MPENTIUMIII is not set
# CONFIG_MPENTIUMM is not set
# CONFIG_MCORE2 is not set
CONFIG_MPENTIUM4=y
# CONFIG_MK6 is not set
# CONFIG_MK7 is not set
# CONFIG_MK8 is not set
# CONFIG_MCRUSOE is not set
# CONFIG_MEFFICEON is not set
# CONFIG_MWINCHIPC6 is not set
# CONFIG_MWINCHIP2 is not set
# CONFIG_MWINCHIP3D is not set
# CONFIG_MGEODEGX1 is not set
# CONFIG_MGEODE_LX is not set
# CONFIG_MCYRIXIII is not set
# CONFIG_MVIAC3_2 is not set
# CONFIG_MVIAC7 is not set
# CONFIG_X86_GENERIC is not set
CONFIG_X86_CMPXCHG=y
CONFIG_X86_L1_CACHE_SHIFT=7
CONFIG_X86_XADD=y
CONFIG_RWSEM_XCHGADD_ALGORITHM=y
# CONFIG_ARCH_HAS_ILOG2_U32 is not set
# CONFIG_ARCH_HAS_ILOG2_U64 is not set
CONFIG_GENERIC_CALIBRATE_DELAY=y
CONFIG_X86_WP_WORKS_OK=y
CONFIG_X86_INVLPG=y
CONFIG_X86_BSWAP=y
CONFIG_X86_POPAD_OK=y
CONFIG_X86_CMPXCHG64=y
CONFIG_X86_GOOD_APIC=y
CONFIG_X86_INTEL_USERCOPY=y
CONFIG_X86_USE_PPRO_CHECKSUM=y
CONFIG_X86_TSC=y
CONFIG_X86_CMOV=y
CONFIG_X86_MINIMUM_CPU_MODEL=4
CONFIG_HPET_TIMER=y
CONFIG_HPET_EMULATE_RTC=y
CONFIG_NR_CPUS=8
CONFIG_SCHED_SMT=y
CONFIG_SCHED_MC=y
CONFIG_PREEMPT_NONE=y
# CONFIG_PREEMPT_VOLUNTARY is not set
# CONFIG_PREEMPT is not set
# CONFIG_PREEMPT_BKL is not set
CONFIG_X86_LOCAL_APIC=y
CONFIG_X86_IO_APIC=y
CONFIG_X86_MCE=y
CONFIG_X86_MCE_NONFATAL=y
CONFIG_X86_MCE_P4THERMAL=y
CONFIG_VM86=y
# CONFIG_TOSHIBA is not set
# CONFIG_I8K is not set
# CONFIG_X86_REBOOTFIXUPS is not set
CONFIG_MICROCODE=y
CONFIG_MICROCODE_OLD_INTERFACE=y
CONFIG_X86_MSR=y
CONFIG_X86_CPUID=y
#
# Firmware Drivers
#
# CONFIG_EDD is not set
# CONFIG_DELL_RBU is not set
# CONFIG_DCDBAS is not set
# CONFIG_NOHIGHMEM is not set
# CONFIG_HIGHMEM4G is not set
CONFIG_HIGHMEM64G=y
CONFIG_PAGE_OFFSET=0xC0000000
CONFIG_HIGHMEM=y
CONFIG_X86_PAE=y
CONFIG_ARCH_FLATMEM_ENABLE=y
CONFIG_ARCH_SPARSEMEM_ENABLE=y
CONFIG_ARCH_SELECT_MEMORY_MODEL=y
CONFIG_ARCH_POPULATES_NODE_MAP=y
CONFIG_SELECT_MEMORY_MODEL=y
CONFIG_FLATMEM_MANUAL=y
# CONFIG_DISCONTIGMEM_MANUAL is not set
# CONFIG_SPARSEMEM_MANUAL is not set
CONFIG_FLATMEM=y
CONFIG_FLAT_NODE_MEM_MAP=y
CONFIG_SPARSEMEM_STATIC=y
CONFIG_SPLIT_PTLOCK_CPUS=4
CONFIG_RESOURCES_64BIT=y
CONFIG_ZONE_DMA_FLAG=1
CONFIG_NR_QUICK=1
# CONFIG_HIGHPTE is not set
# CONFIG_MATH_EMULATION is not set
CONFIG_MTRR=y
# CONFIG_EFI is not set
CONFIG_IRQBALANCE=y
CONFIG_SECCOMP=y
CONFIG_HZ_100=y
# CONFIG_HZ_250 is not set
# CONFIG_HZ_300 is not set
# CONFIG_HZ_1000 is not set
CONFIG_HZ=100
# CONFIG_KEXEC is not set
# CONFIG_CRASH_DUMP is not set
CONFIG_PHYSICAL_START=0x100000
# CONFIG_RELOCATABLE is not set
CONFIG_PHYSICAL_ALIGN=0x100000
# CONFIG_HOTPLUG_CPU is not set
CONFIG_COMPAT_VDSO=y
CONFIG_ARCH_ENABLE_MEMORY_HOTPLUG=y
#
# Power management options (ACPI, APM)
#
CONFIG_PM=y
# CONFIG_PM_LEGACY is not set
# CONFIG_PM_DEBUG is not set
# CONFIG_PM_SYSFS_DEPRECATED is not set
#
# ACPI (Advanced Configuration and Power Interface) Support
#
CONFIG_ACPI=y
# CONFIG_ACPI_PROCFS is not set
CONFIG_ACPI_AC=y
# CONFIG_ACPI_BATTERY is not set
CONFIG_ACPI_BUTTON=y
CONFIG_ACPI_FAN=y
# CONFIG_ACPI_DOCK is not set
CONFIG_ACPI_PROCESSOR=y
CONFIG_ACPI_THERMAL=y
# CONFIG_ACPI_ASUS is not set
# CONFIG_ACPI_TOSHIBA is not set
# CONFIG_ACPI_CUSTOM_DSDT is not set
CONFIG_ACPI_BLACKLIST_YEAR=0
# CONFIG_ACPI_DEBUG is not set
CONFIG_ACPI_EC=y
CONFIG_ACPI_POWER=y
CONFIG_ACPI_SYSTEM=y
CONFIG_X86_PM_TIMER=y
# CONFIG_ACPI_CONTAINER is not set
# CONFIG_ACPI_SBS is not set
# CONFIG_APM is not set
#
# CPU Frequency scaling
#
# CONFIG_CPU_FREQ is not set
#
# Bus options (PCI, PCMCIA, EISA, MCA, ISA)
#
CONFIG_PCI=y
# CONFIG_PCI_GOBIOS is not set
# CONFIG_PCI_GOMMCONFIG is not set
CONFIG_PCI_GODIRECT=y
# CONFIG_PCI_GOANY is not set
CONFIG_PCI_DIRECT=y
# CONFIG_PCIEPORTBUS is not set
CONFIG_ARCH_SUPPORTS_MSI=y
CONFIG_PCI_MSI=y
# CONFIG_PCI_DEBUG is not set
# CONFIG_HT_IRQ is not set
CONFIG_ISA_DMA_API=y
# CONFIG_ISA is not set
# CONFIG_MCA is not set
# CONFIG_SCx200 is not set
#
# PCCARD (PCMCIA/CardBus) support
#
# CONFIG_PCCARD is not set
# CONFIG_HOTPLUG_PCI is not set
#
# Executable file formats
#
CONFIG_BINFMT_ELF=y
# CONFIG_BINFMT_AOUT is not set
# CONFIG_BINFMT_MISC is not set
#
# Networking
#
CONFIG_NET=y
#
# Networking options
#
CONFIG_PACKET=y
CONFIG_PACKET_MMAP=y
CONFIG_UNIX=y
CONFIG_XFRM=y
CONFIG_XFRM_USER=y
# CONFIG_XFRM_SUB_POLICY is not set
# CONFIG_XFRM_MIGRATE is not set
# CONFIG_NET_KEY is not set
CONFIG_INET=y
CONFIG_IP_MULTICAST=y
CONFIG_IP_ADVANCED_ROUTER=y
CONFIG_ASK_IP_FIB_HASH=y
# CONFIG_IP_FIB_TRIE is not set
CONFIG_IP_FIB_HASH=y
CONFIG_IP_MULTIPLE_TABLES=y
CONFIG_IP_ROUTE_MULTIPATH=y
# CONFIG_IP_ROUTE_MULTIPATH_CACHED is not set
CONFIG_IP_ROUTE_VERBOSE=y
# CONFIG_IP_PNP is not set
CONFIG_NET_IPIP=y
CONFIG_NET_IPGRE=y
CONFIG_NET_IPGRE_BROADCAST=y
CONFIG_IP_MROUTE=y
CONFIG_IP_PIMSM_V1=y
CONFIG_IP_PIMSM_V2=y
CONFIG_ARPD=y
CONFIG_SYN_COOKIES=y
CONFIG_INET_AH=y
CONFIG_INET_ESP=y
CONFIG_INET_IPCOMP=y
CONFIG_INET_XFRM_TUNNEL=y
CONFIG_INET_TUNNEL=y
CONFIG_INET_XFRM_MODE_TRANSPORT=y
CONFIG_INET_XFRM_MODE_TUNNEL=y
CONFIG_INET_XFRM_MODE_BEET=y
CONFIG_INET_DIAG=y
CONFIG_INET_TCP_DIAG=y
# CONFIG_TCP_CONG_ADVANCED is not set
CONFIG_TCP_CONG_CUBIC=y
CONFIG_DEFAULT_TCP_CONG="cubic"
# CONFIG_TCP_MD5SIG is not set
# CONFIG_IP_VS is not set
CONFIG_IPV6=y
CONFIG_IPV6_PRIVACY=y
CONFIG_IPV6_ROUTER_PREF=y
# CONFIG_IPV6_ROUTE_INFO is not set
# CONFIG_IPV6_OPTIMISTIC_DAD is not set
CONFIG_INET6_AH=y
CONFIG_INET6_ESP=y
CONFIG_INET6_IPCOMP=y
# CONFIG_IPV6_MIP6 is not set
CONFIG_INET6_XFRM_TUNNEL=y
CONFIG_INET6_TUNNEL=y
CONFIG_INET6_XFRM_MODE_TRANSPORT=y
CONFIG_INET6_XFRM_MODE_TUNNEL=y
CONFIG_INET6_XFRM_MODE_BEET=y
# CONFIG_INET6_XFRM_MODE_ROUTEOPTIMIZATION is not set
CONFIG_IPV6_SIT=y
CONFIG_IPV6_TUNNEL=y
CONFIG_IPV6_MULTIPLE_TABLES=y
CONFIG_IPV6_SUBTREES=y
# CONFIG_NETLABEL is not set
CONFIG_NETWORK_SECMARK=y
CONFIG_NETFILTER=y
# CONFIG_NETFILTER_DEBUG is not set
CONFIG_BRIDGE_NETFILTER=y
#
# Core Netfilter Configuration
#
CONFIG_NETFILTER_NETLINK=y
CONFIG_NETFILTER_NETLINK_QUEUE=y
CONFIG_NETFILTER_NETLINK_LOG=y
CONFIG_NF_CONNTRACK_ENABLED=y
CONFIG_NF_CONNTRACK=y
CONFIG_NF_CT_ACCT=y
CONFIG_NF_CONNTRACK_MARK=y
CONFIG_NF_CONNTRACK_SECMARK=y
CONFIG_NF_CONNTRACK_EVENTS=y
CONFIG_NF_CT_PROTO_GRE=y
CONFIG_NF_CT_PROTO_SCTP=y
CONFIG_NF_CONNTRACK_AMANDA=y
CONFIG_NF_CONNTRACK_FTP=y
CONFIG_NF_CONNTRACK_H323=y
CONFIG_NF_CONNTRACK_IRC=y
CONFIG_NF_CONNTRACK_NETBIOS_NS=y
CONFIG_NF_CONNTRACK_PPTP=y
# CONFIG_NF_CONNTRACK_SANE is not set
CONFIG_NF_CONNTRACK_SIP=y
CONFIG_NF_CONNTRACK_TFTP=y
CONFIG_NF_CT_NETLINK=y
CONFIG_NETFILTER_XTABLES=y
CONFIG_NETFILTER_XT_TARGET_CLASSIFY=y
CONFIG_NETFILTER_XT_TARGET_CONNMARK=y
CONFIG_NETFILTER_XT_TARGET_DSCP=y
CONFIG_NETFILTER_XT_TARGET_MARK=y
CONFIG_NETFILTER_XT_TARGET_NFQUEUE=y
CONFIG_NETFILTER_XT_TARGET_NFLOG=y
CONFIG_NETFILTER_XT_TARGET_NOTRACK=y
CONFIG_NETFILTER_XT_TARGET_SECMARK=y
CONFIG_NETFILTER_XT_TARGET_CONNSECMARK=y
# CONFIG_NETFILTER_XT_TARGET_TCPMSS is not set
CONFIG_NETFILTER_XT_MATCH_COMMENT=y
CONFIG_NETFILTER_XT_MATCH_CONNBYTES=y
CONFIG_NETFILTER_XT_MATCH_CONNMARK=y
CONFIG_NETFILTER_XT_MATCH_CONNTRACK=y
CONFIG_NETFILTER_XT_MATCH_DCCP=y
CONFIG_NETFILTER_XT_MATCH_DSCP=y
CONFIG_NETFILTER_XT_MATCH_ESP=y
CONFIG_NETFILTER_XT_MATCH_HELPER=y
CONFIG_NETFILTER_XT_MATCH_LENGTH=y
CONFIG_NETFILTER_XT_MATCH_LIMIT=y
CONFIG_NETFILTER_XT_MATCH_MAC=y
CONFIG_NETFILTER_XT_MATCH_MARK=y
CONFIG_NETFILTER_XT_MATCH_POLICY=y
CONFIG_NETFILTER_XT_MATCH_MULTIPORT=y
CONFIG_NETFILTER_XT_MATCH_PHYSDEV=y
CONFIG_NETFILTER_XT_MATCH_PKTTYPE=y
CONFIG_NETFILTER_XT_MATCH_QUOTA=y
CONFIG_NETFILTER_XT_MATCH_REALM=y
CONFIG_NETFILTER_XT_MATCH_SCTP=y
CONFIG_NETFILTER_XT_MATCH_STATE=y
CONFIG_NETFILTER_XT_MATCH_STATISTIC=y
CONFIG_NETFILTER_XT_MATCH_STRING=y
CONFIG_NETFILTER_XT_MATCH_TCPMSS=y
CONFIG_NETFILTER_XT_MATCH_HASHLIMIT=y
#
# IP: Netfilter Configuration
#
CONFIG_NF_CONNTRACK_IPV4=y
CONFIG_NF_CONNTRACK_PROC_COMPAT=y
CONFIG_IP_NF_QUEUE=y
CONFIG_IP_NF_IPTABLES=y
CONFIG_IP_NF_MATCH_IPRANGE=y
CONFIG_IP_NF_MATCH_TOS=y
CONFIG_IP_NF_MATCH_RECENT=y
CONFIG_IP_NF_MATCH_ECN=y
CONFIG_IP_NF_MATCH_AH=y
CONFIG_IP_NF_MATCH_TTL=y
CONFIG_IP_NF_MATCH_OWNER=y
CONFIG_IP_NF_MATCH_ADDRTYPE=y
CONFIG_IP_NF_FILTER=y
CONFIG_IP_NF_TARGET_REJECT=y
CONFIG_IP_NF_TARGET_LOG=y
CONFIG_IP_NF_TARGET_ULOG=y
CONFIG_NF_NAT=y
CONFIG_NF_NAT_NEEDED=y
CONFIG_IP_NF_TARGET_MASQUERADE=y
CONFIG_IP_NF_TARGET_REDIRECT=y
CONFIG_IP_NF_TARGET_NETMAP=y
CONFIG_IP_NF_TARGET_SAME=y
# CONFIG_NF_NAT_SNMP_BASIC is not set
CONFIG_NF_NAT_PROTO_GRE=y
CONFIG_NF_NAT_FTP=y
CONFIG_NF_NAT_IRC=y
CONFIG_NF_NAT_TFTP=y
CONFIG_NF_NAT_AMANDA=y
CONFIG_NF_NAT_PPTP=y
CONFIG_NF_NAT_H323=y
CONFIG_NF_NAT_SIP=y
CONFIG_IP_NF_MANGLE=y
CONFIG_IP_NF_TARGET_TOS=y
CONFIG_IP_NF_TARGET_ECN=y
CONFIG_IP_NF_TARGET_TTL=y
# CONFIG_IP_NF_TARGET_CLUSTERIP is not set
CONFIG_IP_NF_RAW=y
CONFIG_IP_NF_ARPTABLES=y
CONFIG_IP_NF_ARPFILTER=y
CONFIG_IP_NF_ARP_MANGLE=y
#
# IPv6: Netfilter Configuration (EXPERIMENTAL)
#
CONFIG_NF_CONNTRACK_IPV6=y
# CONFIG_IP6_NF_QUEUE is not set
CONFIG_IP6_NF_IPTABLES=y
CONFIG_IP6_NF_MATCH_RT=y
CONFIG_IP6_NF_MATCH_OPTS=y
CONFIG_IP6_NF_MATCH_FRAG=y
CONFIG_IP6_NF_MATCH_HL=y
CONFIG_IP6_NF_MATCH_OWNER=y
CONFIG_IP6_NF_MATCH_IPV6HEADER=y
CONFIG_IP6_NF_MATCH_AH=y
CONFIG_IP6_NF_MATCH_MH=y
CONFIG_IP6_NF_MATCH_EUI64=y
CONFIG_IP6_NF_FILTER=y
CONFIG_IP6_NF_TARGET_LOG=y
CONFIG_IP6_NF_TARGET_REJECT=y
CONFIG_IP6_NF_MANGLE=y
CONFIG_IP6_NF_TARGET_HL=y
CONFIG_IP6_NF_RAW=y
#
# Bridge: Netfilter Configuration
#
CONFIG_BRIDGE_NF_EBTABLES=y
CONFIG_BRIDGE_EBT_BROUTE=y
CONFIG_BRIDGE_EBT_T_FILTER=y
CONFIG_BRIDGE_EBT_T_NAT=y
CONFIG_BRIDGE_EBT_802_3=y
CONFIG_BRIDGE_EBT_AMONG=y
CONFIG_BRIDGE_EBT_ARP=y
CONFIG_BRIDGE_EBT_IP=y
CONFIG_BRIDGE_EBT_LIMIT=y
CONFIG_BRIDGE_EBT_MARK=y
CONFIG_BRIDGE_EBT_PKTTYPE=y
CONFIG_BRIDGE_EBT_STP=y
CONFIG_BRIDGE_EBT_VLAN=y
CONFIG_BRIDGE_EBT_ARPREPLY=y
CONFIG_BRIDGE_EBT_DNAT=y
CONFIG_BRIDGE_EBT_MARK_T=y
CONFIG_BRIDGE_EBT_REDIRECT=y
CONFIG_BRIDGE_EBT_SNAT=y
CONFIG_BRIDGE_EBT_LOG=y
# CONFIG_BRIDGE_EBT_ULOG is not set
# CONFIG_IP_DCCP is not set
CONFIG_IP_SCTP=y
# CONFIG_SCTP_DBG_MSG is not set
# CONFIG_SCTP_DBG_OBJCNT is not set
# CONFIG_SCTP_HMAC_NONE is not set
# CONFIG_SCTP_HMAC_SHA1 is not set
CONFIG_SCTP_HMAC_MD5=y
# CONFIG_TIPC is not set
# CONFIG_ATM is not set
CONFIG_BRIDGE=y
# CONFIG_VLAN_8021Q is not set
# CONFIG_DECNET is not set
CONFIG_LLC=y
CONFIG_LLC2=y
# CONFIG_IPX is not set
# CONFIG_ATALK is not set
# CONFIG_X25 is not set
# CONFIG_LAPB is not set
# CONFIG_ECONET is not set
# CONFIG_WAN_ROUTER is not set
#
# QoS and/or fair queueing
#
CONFIG_NET_SCHED=y
CONFIG_NET_SCH_FIFO=y
#
# Queueing/Scheduling
#
CONFIG_NET_SCH_CBQ=y
CONFIG_NET_SCH_HTB=y
CONFIG_NET_SCH_HFSC=y
CONFIG_NET_SCH_PRIO=y
CONFIG_NET_SCH_RED=y
CONFIG_NET_SCH_SFQ=y
CONFIG_NET_SCH_TEQL=y
CONFIG_NET_SCH_TBF=y
CONFIG_NET_SCH_GRED=y
CONFIG_NET_SCH_DSMARK=y
CONFIG_NET_SCH_NETEM=y
CONFIG_NET_SCH_INGRESS=y
#
# Classification
#
CONFIG_NET_CLS=y
CONFIG_NET_CLS_BASIC=y
CONFIG_NET_CLS_TCINDEX=y
CONFIG_NET_CLS_ROUTE4=y
CONFIG_NET_CLS_ROUTE=y
CONFIG_NET_CLS_FW=y
CONFIG_NET_CLS_U32=y
CONFIG_CLS_U32_PERF=y
CONFIG_CLS_U32_MARK=y
CONFIG_NET_CLS_RSVP=y
CONFIG_NET_CLS_RSVP6=y
CONFIG_NET_EMATCH=y
CONFIG_NET_EMATCH_STACK=32
CONFIG_NET_EMATCH_CMP=y
CONFIG_NET_EMATCH_NBYTE=y
CONFIG_NET_EMATCH_U32=y
CONFIG_NET_EMATCH_META=y
CONFIG_NET_EMATCH_TEXT=y
CONFIG_NET_CLS_ACT=y
CONFIG_NET_ACT_POLICE=y
CONFIG_NET_ACT_GACT=y
CONFIG_GACT_PROB=y
CONFIG_NET_ACT_MIRRED=y
CONFIG_NET_ACT_IPT=y
CONFIG_NET_ACT_PEDIT=y
CONFIG_NET_ACT_SIMP=y
CONFIG_NET_CLS_IND=y
CONFIG_NET_ESTIMATOR=y
#
# Network testing
#
# CONFIG_NET_PKTGEN is not set
# CONFIG_HAMRADIO is not set
# CONFIG_IRDA is not set
# CONFIG_BT is not set
# CONFIG_AF_RXRPC is not set
CONFIG_FIB_RULES=y
#
# Wireless
#
# CONFIG_CFG80211 is not set
CONFIG_WIRELESS_EXT=y
# CONFIG_MAC80211 is not set
CONFIG_IEEE80211=y
CONFIG_IEEE80211_DEBUG=y
CONFIG_IEEE80211_CRYPT_WEP=y
CONFIG_IEEE80211_CRYPT_CCMP=y
CONFIG_IEEE80211_CRYPT_TKIP=y
CONFIG_IEEE80211_SOFTMAC=y
CONFIG_IEEE80211_SOFTMAC_DEBUG=y
# CONFIG_RFKILL is not set
#
# Device Drivers
#
#
# Generic Driver Options
#
# CONFIG_STANDALONE is not set
# CONFIG_PREVENT_FIRMWARE_BUILD is not set
CONFIG_FW_LOADER=y
# CONFIG_DEBUG_DRIVER is not set
CONFIG_DEBUG_DEVRES=y
# CONFIG_SYS_HYPERVISOR is not set
#
# Connector - unified userspace <-> kernelspace linker
#
CONFIG_CONNECTOR=y
CONFIG_PROC_EVENTS=y
# CONFIG_MTD is not set
#
# Parallel port support
#
# CONFIG_PARPORT is not set
#
# Plug and Play support
#
CONFIG_PNP=y
# CONFIG_PNP_DEBUG is not set
#
# Protocols
#
CONFIG_PNPACPI=y
#
# Block devices
#
# CONFIG_BLK_DEV_FD is not set
# CONFIG_BLK_CPQ_DA is not set
# CONFIG_BLK_CPQ_CISS_DA is not set
# CONFIG_BLK_DEV_DAC960 is not set
# CONFIG_BLK_DEV_UMEM is not set
# CONFIG_BLK_DEV_COW_COMMON is not set
CONFIG_BLK_DEV_LOOP=y
CONFIG_BLK_DEV_CRYPTOLOOP=y
# CONFIG_BLK_DEV_NBD is not set
# CONFIG_BLK_DEV_SX8 is not set
CONFIG_BLK_DEV_UB=y
# CONFIG_BLK_DEV_RAM is not set
# CONFIG_CDROM_PKTCDVD is not set
# CONFIG_ATA_OVER_ETH is not set
#
# Misc devices
#
# CONFIG_IBM_ASM is not set
# CONFIG_PHANTOM is not set
# CONFIG_SGI_IOC4 is not set
# CONFIG_TIFM_CORE is not set
# CONFIG_SONY_LAPTOP is not set
# CONFIG_THINKPAD_ACPI is not set
CONFIG_IDE=y
# CONFIG_BLK_DEV_IDE is not set
# CONFIG_BLK_DEV_HD_ONLY is not set
# CONFIG_BLK_DEV_HD is not set
#
# SCSI device support
#
# CONFIG_RAID_ATTRS is not set
CONFIG_SCSI=y
CONFIG_SCSI_TGT=y
# CONFIG_SCSI_NETLINK is not set
# CONFIG_SCSI_PROC_FS is not set
#
# SCSI support type (disk, tape, CD-ROM)
#
CONFIG_BLK_DEV_SD=y
# CONFIG_CHR_DEV_ST is not set
# CONFIG_CHR_DEV_OSST is not set
CONFIG_BLK_DEV_SR=y
# CONFIG_BLK_DEV_SR_VENDOR is not set
CONFIG_CHR_DEV_SG=y
# CONFIG_CHR_DEV_SCH is not set
#
# Some SCSI devices (e.g. CD jukebox) support multiple LUNs
#
CONFIG_SCSI_MULTI_LUN=y
CONFIG_SCSI_CONSTANTS=y
CONFIG_SCSI_LOGGING=y
# CONFIG_SCSI_SCAN_ASYNC is not set
#
# SCSI Transports
#
# CONFIG_SCSI_SPI_ATTRS is not set
# CONFIG_SCSI_FC_ATTRS is not set
# CONFIG_SCSI_ISCSI_ATTRS is not set
# CONFIG_SCSI_SAS_ATTRS is not set
# CONFIG_SCSI_SAS_LIBSAS is not set
#
# SCSI low-level drivers
#
# CONFIG_ISCSI_TCP is not set
# CONFIG_BLK_DEV_3W_XXXX_RAID is not set
# CONFIG_SCSI_3W_9XXX is not set
# CONFIG_SCSI_ACARD is not set
# CONFIG_SCSI_AACRAID is not set
# CONFIG_SCSI_AIC7XXX is not set
# CONFIG_SCSI_AIC7XXX_OLD is not set
# CONFIG_SCSI_AIC79XX is not set
# CONFIG_SCSI_AIC94XX is not set
# CONFIG_SCSI_DPT_I2O is not set
# CONFIG_SCSI_ADVANSYS is not set
# CONFIG_SCSI_ARCMSR is not set
# CONFIG_MEGARAID_NEWGEN is not set
# CONFIG_MEGARAID_LEGACY is not set
# CONFIG_MEGARAID_SAS is not set
# CONFIG_SCSI_HPTIOP is not set
# CONFIG_SCSI_BUSLOGIC is not set
# CONFIG_SCSI_DMX3191D is not set
# CONFIG_SCSI_EATA is not set
# CONFIG_SCSI_FUTURE_DOMAIN is not set
# CONFIG_SCSI_GDTH is not set
# CONFIG_SCSI_IPS is not set
# CONFIG_SCSI_INITIO is not set
# CONFIG_SCSI_INIA100 is not set
# CONFIG_SCSI_STEX is not set
# CONFIG_SCSI_SYM53C8XX_2 is not set
# CONFIG_SCSI_IPR is not set
# CONFIG_SCSI_QLOGIC_1280 is not set
# CONFIG_SCSI_QLA_FC is not set
# CONFIG_SCSI_QLA_ISCSI is not set
# CONFIG_SCSI_LPFC is not set
# CONFIG_SCSI_DC395x is not set
# CONFIG_SCSI_DC390T is not set
# CONFIG_SCSI_NSP32 is not set
# CONFIG_SCSI_DEBUG is not set
CONFIG_SCSI_SRP=y
CONFIG_ATA=y
# CONFIG_ATA_NONSTANDARD is not set
CONFIG_ATA_ACPI=y
CONFIG_SATA_AHCI=y
# CONFIG_SATA_SVW is not set
CONFIG_ATA_PIIX=y
# CONFIG_SATA_MV is not set
# CONFIG_SATA_NV is not set
# CONFIG_PDC_ADMA is not set
# CONFIG_SATA_QSTOR is not set
# CONFIG_SATA_PROMISE is not set
# CONFIG_SATA_SX4 is not set
# CONFIG_SATA_SIL is not set
# CONFIG_SATA_SIL24 is not set
# CONFIG_SATA_SIS is not set
# CONFIG_SATA_ULI is not set
# CONFIG_SATA_VIA is not set
# CONFIG_SATA_VITESSE is not set
# CONFIG_SATA_INIC162X is not set
# CONFIG_PATA_ALI is not set
# CONFIG_PATA_AMD is not set
# CONFIG_PATA_ARTOP is not set
# CONFIG_PATA_ATIIXP is not set
# CONFIG_PATA_CMD640_PCI is not set
# CONFIG_PATA_CMD64X is not set
# CONFIG_PATA_CS5520 is not set
# CONFIG_PATA_CS5530 is not set
# CONFIG_PATA_CS5535 is not set
# CONFIG_PATA_CYPRESS is not set
# CONFIG_PATA_EFAR is not set
# CONFIG_ATA_GENERIC is not set
# CONFIG_PATA_HPT366 is not set
# CONFIG_PATA_HPT37X is not set
# CONFIG_PATA_HPT3X2N is not set
# CONFIG_PATA_HPT3X3 is not set
# CONFIG_PATA_IT821X is not set
# CONFIG_PATA_IT8213 is not set
# CONFIG_PATA_JMICRON is not set
# CONFIG_PATA_TRIFLEX is not set
# CONFIG_PATA_MARVELL is not set
# CONFIG_PATA_MPIIX is not set
# CONFIG_PATA_OLDPIIX is not set
# CONFIG_PATA_NETCELL is not set
# CONFIG_PATA_NS87410 is not set
# CONFIG_PATA_OPTI is not set
# CONFIG_PATA_OPTIDMA is not set
# CONFIG_PATA_PDC_OLD is not set
# CONFIG_PATA_RADISYS is not set
# CONFIG_PATA_RZ1000 is not set
# CONFIG_PATA_SC1200 is not set
# CONFIG_PATA_SERVERWORKS is not set
# CONFIG_PATA_PDC2027X is not set
# CONFIG_PATA_SIL680 is not set
# CONFIG_PATA_SIS is not set
# CONFIG_PATA_VIA is not set
# CONFIG_PATA_WINBOND is not set
#
# Multi-device support (RAID and LVM)
#
CONFIG_MD=y
# CONFIG_BLK_DEV_MD is not set
CONFIG_BLK_DEV_DM=y
# CONFIG_DM_DEBUG is not set
CONFIG_DM_CRYPT=y
# CONFIG_DM_SNAPSHOT is not set
# CONFIG_DM_MIRROR is not set
# CONFIG_DM_ZERO is not set
# CONFIG_DM_MULTIPATH is not set
# CONFIG_DM_DELAY is not set
#
# Fusion MPT device support
#
# CONFIG_FUSION is not set
# CONFIG_FUSION_SPI is not set
# CONFIG_FUSION_FC is not set
# CONFIG_FUSION_SAS is not set
#
# IEEE 1394 (FireWire) support
#
# CONFIG_FIREWIRE is not set
# CONFIG_IEEE1394 is not set
#
# I2O device support
#
CONFIG_I2O=y
CONFIG_I2O_LCT_NOTIFY_ON_CHANGES=y
# CONFIG_I2O_EXT_ADAPTEC is not set
CONFIG_I2O_CONFIG=y
# CONFIG_I2O_CONFIG_OLD_IOCTL is not set
CONFIG_I2O_BUS=y
CONFIG_I2O_BLOCK=y
CONFIG_I2O_SCSI=y
CONFIG_I2O_PROC=y
# CONFIG_MACINTOSH_DRIVERS is not set
#
# Network device support
#
CONFIG_NETDEVICES=y
# CONFIG_IFB is not set
# CONFIG_DUMMY is not set
# CONFIG_BONDING is not set
# CONFIG_EQUALIZER is not set
# CONFIG_TUN is not set
# CONFIG_NET_SB1000 is not set
# CONFIG_ARCNET is not set
#
# Ethernet (10 or 100Mbit)
#
# CONFIG_NET_ETHERNET is not set
CONFIG_NETDEV_1000=y
# CONFIG_ACENIC is not set
# CONFIG_DL2K is not set
# CONFIG_E1000 is not set
# CONFIG_NS83820 is not set
# CONFIG_HAMACHI is not set
# CONFIG_YELLOWFIN is not set
# CONFIG_R8169 is not set
# CONFIG_SIS190 is not set
CONFIG_SKGE=y
# CONFIG_SKY2 is not set
# CONFIG_SK98LIN is not set
# CONFIG_VIA_VELOCITY is not set
# CONFIG_TIGON3 is not set
# CONFIG_BNX2 is not set
# CONFIG_QLA3XXX is not set
# CONFIG_ATL1 is not set
# CONFIG_NETDEV_10000 is not set
# CONFIG_TR is not set
#
# Wireless LAN
#
CONFIG_WLAN_PRE80211=y
# CONFIG_STRIP is not set
# CONFIG_WLAN_80211 is not set
#
# Atheros 802.11(a/b/g) PCI/Cardbus support
#
CONFIG_ATHEROS=y
# CONFIG_ATHEROS_RATE_DEFAULT_AMRR is not set
# CONFIG_ATHEROS_RATE_DEFAULT_ONOE is not set
CONFIG_ATHEROS_RATE_DEFAULT_SAMPLE=y
CONFIG_ATHEROS_RATE_DEFAULT="sample"
CONFIG_ATHEROS_RATE_AMRR=y
CONFIG_ATHEROS_RATE_ONOE=y
CONFIG_ATHEROS_RATE_SAMPLE=y
#
# USB Network Adapters
#
# CONFIG_USB_CATC is not set
# CONFIG_USB_KAWETH is not set
# CONFIG_USB_PEGASUS is not set
# CONFIG_USB_RTL8150 is not set
# CONFIG_USB_USBNET_MII is not set
# CONFIG_USB_USBNET is not set
# CONFIG_WAN is not set
# CONFIG_FDDI is not set
# CONFIG_HIPPI is not set
# CONFIG_PPP is not set
# CONFIG_SLIP is not set
# CONFIG_NET_FC is not set
# CONFIG_SHAPER is not set
# CONFIG_NETCONSOLE is not set
# CONFIG_NETPOLL is not set
# CONFIG_NET_POLL_CONTROLLER is not set
#
# ISDN subsystem
#
# CONFIG_ISDN is not set
#
# Telephony Support
#
# CONFIG_PHONE is not set
#
# Input device support
#
CONFIG_INPUT=y
# CONFIG_INPUT_FF_MEMLESS is not set
# CONFIG_INPUT_POLLDEV is not set
#
# Userland interfaces
#
CONFIG_INPUT_MOUSEDEV=y
# CONFIG_INPUT_MOUSEDEV_PSAUX is not set
CONFIG_INPUT_MOUSEDEV_SCREEN_X=1024
CONFIG_INPUT_MOUSEDEV_SCREEN_Y=768
# CONFIG_INPUT_JOYDEV is not set
# CONFIG_INPUT_TSDEV is not set
CONFIG_INPUT_EVDEV=y
# CONFIG_INPUT_EVBUG is not set
#
# Input Device Drivers
#
CONFIG_INPUT_KEYBOARD=y
CONFIG_KEYBOARD_ATKBD=y
# CONFIG_KEYBOARD_SUNKBD is not set
# CONFIG_KEYBOARD_LKKBD is not set
# CONFIG_KEYBOARD_XTKBD is not set
# CONFIG_KEYBOARD_NEWTON is not set
# CONFIG_KEYBOARD_STOWAWAY is not set
CONFIG_INPUT_MOUSE=y
# CONFIG_MOUSE_PS2 is not set
# CONFIG_MOUSE_SERIAL is not set
# CONFIG_MOUSE_APPLETOUCH is not set
# CONFIG_MOUSE_VSXXXAA is not set
# CONFIG_INPUT_JOYSTICK is not set
# CONFIG_INPUT_TABLET is not set
# CONFIG_INPUT_TOUCHSCREEN is not set
CONFIG_INPUT_MISC=y
CONFIG_INPUT_PCSPKR=y
# CONFIG_INPUT_WISTRON_BTNS is not set
# CONFIG_INPUT_ATLAS_BTNS is not set
# CONFIG_INPUT_ATI_REMOTE is not set
# CONFIG_INPUT_ATI_REMOTE2 is not set
# CONFIG_INPUT_KEYSPAN_REMOTE is not set
# CONFIG_INPUT_POWERMATE is not set
# CONFIG_INPUT_YEALINK is not set
# CONFIG_INPUT_UINPUT is not set
#
# Hardware I/O ports
#
CONFIG_SERIO=y
CONFIG_SERIO_I8042=y
# CONFIG_SERIO_SERPORT is not set
# CONFIG_SERIO_CT82C710 is not set
# CONFIG_SERIO_PCIPS2 is not set
CONFIG_SERIO_LIBPS2=y
# CONFIG_SERIO_RAW is not set
# CONFIG_GAMEPORT is not set
#
# Character devices
#
CONFIG_VT=y
CONFIG_VT_CONSOLE=y
CONFIG_HW_CONSOLE=y
# CONFIG_VT_HW_CONSOLE_BINDING is not set
# CONFIG_SERIAL_NONSTANDARD is not set
#
# Serial drivers
#
# CONFIG_SERIAL_8250 is not set
#
# Non-8250 serial port support
#
# CONFIG_SERIAL_JSM is not set
CONFIG_UNIX98_PTYS=y
CONFIG_LEGACY_PTYS=y
CONFIG_LEGACY_PTY_COUNT=256
#
# IPMI
#
# CONFIG_IPMI_HANDLER is not set
CONFIG_WATCHDOG=y
# CONFIG_WATCHDOG_NOWAYOUT is not set
#
# Watchdog Device Drivers
#
# CONFIG_SOFT_WATCHDOG is not set
# CONFIG_ACQUIRE_WDT is not set
# CONFIG_ADVANTECH_WDT is not set
# CONFIG_ALIM1535_WDT is not set
# CONFIG_ALIM7101_WDT is not set
# CONFIG_SC520_WDT is not set
# CONFIG_EUROTECH_WDT is not set
# CONFIG_IB700_WDT is not set
# CONFIG_IBMASR is not set
# CONFIG_WAFER_WDT is not set
# CONFIG_I6300ESB_WDT is not set
CONFIG_ITCO_WDT=y
CONFIG_ITCO_VENDOR_SUPPORT=y
# CONFIG_SC1200_WDT is not set
# CONFIG_PC87413_WDT is not set
# CONFIG_60XX_WDT is not set
# CONFIG_SBC8360_WDT is not set
# CONFIG_CPU5_WDT is not set
# CONFIG_SMSC37B787_WDT is not set
# CONFIG_W83627HF_WDT is not set
# CONFIG_W83697HF_WDT is not set
# CONFIG_W83877F_WDT is not set
# CONFIG_W83977F_WDT is not set
# CONFIG_MACHZ_WDT is not set
# CONFIG_SBC_EPX_C3_WATCHDOG is not set
#
# PCI-based Watchdog Cards
#
# CONFIG_PCIPCWATCHDOG is not set
# CONFIG_WDTPCI is not set
#
# USB-based Watchdog Cards
#
# CONFIG_USBPCWATCHDOG is not set
CONFIG_HW_RANDOM=y
CONFIG_HW_RANDOM_INTEL=y
# CONFIG_HW_RANDOM_AMD is not set
# CONFIG_HW_RANDOM_GEODE is not set
# CONFIG_HW_RANDOM_VIA is not set
CONFIG_NVRAM=y
CONFIG_RTC=y
# CONFIG_R3964 is not set
# CONFIG_APPLICOM is not set
# CONFIG_SONYPI is not set
CONFIG_AGP=y
# CONFIG_AGP_ALI is not set
# CONFIG_AGP_ATI is not set
# CONFIG_AGP_AMD is not set
# CONFIG_AGP_AMD64 is not set
CONFIG_AGP_INTEL=y
# CONFIG_AGP_NVIDIA is not set
# CONFIG_AGP_SIS is not set
# CONFIG_AGP_SWORKS is not set
# CONFIG_AGP_VIA is not set
# CONFIG_AGP_EFFICEON is not set
CONFIG_DRM=y
# CONFIG_DRM_TDFX is not set
# CONFIG_DRM_R128 is not set
CONFIG_DRM_RADEON=y
# CONFIG_DRM_I810 is not set
# CONFIG_DRM_I830 is not set
# CONFIG_DRM_I915 is not set
# CONFIG_DRM_MGA is not set
# CONFIG_DRM_SIS is not set
# CONFIG_DRM_VIA is not set
# CONFIG_DRM_SAVAGE is not set
# CONFIG_MWAVE is not set
# CONFIG_PC8736x_GPIO is not set
# CONFIG_NSC_GPIO is not set
# CONFIG_CS5535_GPIO is not set
# CONFIG_RAW_DRIVER is not set
CONFIG_HPET=y
# CONFIG_HPET_RTC_IRQ is not set
CONFIG_HPET_MMAP=y
CONFIG_HANGCHECK_TIMER=y
#
# TPM devices
#
# CONFIG_TCG_TPM is not set
# CONFIG_TELCLOCK is not set
CONFIG_DEVPORT=y
CONFIG_I2C=y
CONFIG_I2C_BOARDINFO=y
CONFIG_I2C_CHARDEV=y
#
# I2C Algorithms
#
# CONFIG_I2C_ALGOBIT is not set
# CONFIG_I2C_ALGOPCF is not set
# CONFIG_I2C_ALGOPCA is not set
#
# I2C Hardware Bus support
#
# CONFIG_I2C_ALI1535 is not set
# CONFIG_I2C_ALI1563 is not set
# CONFIG_I2C_ALI15X3 is not set
# CONFIG_I2C_AMD756 is not set
# CONFIG_I2C_AMD8111 is not set
CONFIG_I2C_I801=y
# CONFIG_I2C_I810 is not set
# CONFIG_I2C_PIIX4 is not set
# CONFIG_I2C_NFORCE2 is not set
# CONFIG_I2C_OCORES is not set
# CONFIG_I2C_PARPORT_LIGHT is not set
# CONFIG_I2C_PROSAVAGE is not set
# CONFIG_I2C_SAVAGE4 is not set
# CONFIG_I2C_SIMTEC is not set
# CONFIG_SCx200_ACB is not set
# CONFIG_I2C_SIS5595 is not set
# CONFIG_I2C_SIS630 is not set
# CONFIG_I2C_SIS96X is not set
# CONFIG_I2C_TINY_USB is not set
# CONFIG_I2C_VIA is not set
# CONFIG_I2C_VIAPRO is not set
# CONFIG_I2C_VOODOO3 is not set
#
# Miscellaneous I2C Chip support
#
# CONFIG_SENSORS_DS1337 is not set
# CONFIG_SENSORS_DS1374 is not set
# CONFIG_SENSORS_EEPROM is not set
# CONFIG_SENSORS_PCF8574 is not set
# CONFIG_SENSORS_PCA9539 is not set
# CONFIG_SENSORS_PCF8591 is not set
# CONFIG_SENSORS_MAX6875 is not set
# CONFIG_I2C_DEBUG_CORE is not set
# CONFIG_I2C_DEBUG_ALGO is not set
# CONFIG_I2C_DEBUG_BUS is not set
# CONFIG_I2C_DEBUG_CHIP is not set
#
# SPI support
#
# CONFIG_SPI is not set
# CONFIG_SPI_MASTER is not set
#
# Dallas's 1-wire bus
#
# CONFIG_W1 is not set
CONFIG_HWMON=y
CONFIG_HWMON_VID=y
# CONFIG_SENSORS_ABITUGURU is not set
# CONFIG_SENSORS_AD7418 is not set
# CONFIG_SENSORS_ADM1021 is not set
# CONFIG_SENSORS_ADM1025 is not set
# CONFIG_SENSORS_ADM1026 is not set
# CONFIG_SENSORS_ADM1029 is not set
# CONFIG_SENSORS_ADM1031 is not set
# CONFIG_SENSORS_ADM9240 is not set
# CONFIG_SENSORS_K8TEMP is not set
# CONFIG_SENSORS_ASB100 is not set
# CONFIG_SENSORS_ATXP1 is not set
# CONFIG_SENSORS_DS1621 is not set
# CONFIG_SENSORS_F71805F is not set
# CONFIG_SENSORS_FSCHER is not set
# CONFIG_SENSORS_FSCPOS is not set
# CONFIG_SENSORS_GL518SM is not set
# CONFIG_SENSORS_GL520SM is not set
# CONFIG_SENSORS_CORETEMP is not set
# CONFIG_SENSORS_IT87 is not set
# CONFIG_SENSORS_LM63 is not set
# CONFIG_SENSORS_LM75 is not set
# CONFIG_SENSORS_LM77 is not set
# CONFIG_SENSORS_LM78 is not set
# CONFIG_SENSORS_LM80 is not set
# CONFIG_SENSORS_LM83 is not set
# CONFIG_SENSORS_LM85 is not set
# CONFIG_SENSORS_LM87 is not set
# CONFIG_SENSORS_LM90 is not set
# CONFIG_SENSORS_LM92 is not set
# CONFIG_SENSORS_MAX1619 is not set
# CONFIG_SENSORS_MAX6650 is not set
# CONFIG_SENSORS_PC87360 is not set
# CONFIG_SENSORS_PC87427 is not set
# CONFIG_SENSORS_SIS5595 is not set
# CONFIG_SENSORS_SMSC47M1 is not set
# CONFIG_SENSORS_SMSC47M192 is not set
# CONFIG_SENSORS_SMSC47B397 is not set
# CONFIG_SENSORS_VIA686A is not set
# CONFIG_SENSORS_VT1211 is not set
# CONFIG_SENSORS_VT8231 is not set
# CONFIG_SENSORS_W83781D is not set
# CONFIG_SENSORS_W83791D is not set
# CONFIG_SENSORS_W83792D is not set
# CONFIG_SENSORS_W83793 is not set
# CONFIG_SENSORS_W83L785TS is not set
CONFIG_SENSORS_W83627HF=y
# CONFIG_SENSORS_W83627EHF is not set
# CONFIG_SENSORS_HDAPS is not set
# CONFIG_SENSORS_APPLESMC is not set
# CONFIG_HWMON_DEBUG_CHIP is not set
#
# Multifunction device drivers
#
# CONFIG_MFD_SM501 is not set
#
# Multimedia devices
#
# CONFIG_VIDEO_DEV is not set
# CONFIG_DVB_CORE is not set
# CONFIG_DAB is not set
#
# Graphics support
#
# CONFIG_BACKLIGHT_LCD_SUPPORT is not set
#
# Display device support
#
CONFIG_DISPLAY_SUPPORT=y
#
# Display hardware drivers
#
# CONFIG_VGASTATE is not set
# CONFIG_FB is not set
#
# Console display driver support
#
CONFIG_VGA_CONSOLE=y
# CONFIG_VGACON_SOFT_SCROLLBACK is not set
CONFIG_VIDEO_SELECT=y
CONFIG_DUMMY_CONSOLE=y
#
# Sound
#
CONFIG_SOUND=y
#
# Advanced Linux Sound Architecture
#
CONFIG_SND=y
CONFIG_SND_TIMER=y
CONFIG_SND_PCM=y
# CONFIG_SND_SEQUENCER is not set
CONFIG_SND_OSSEMUL=y
CONFIG_SND_MIXER_OSS=y
CONFIG_SND_PCM_OSS=y
CONFIG_SND_PCM_OSS_PLUGINS=y
CONFIG_SND_RTCTIMER=y
CONFIG_SND_DYNAMIC_MINORS=y
# CONFIG_SND_SUPPORT_OLD_API is not set
CONFIG_SND_VERBOSE_PROCFS=y
# CONFIG_SND_VERBOSE_PRINTK is not set
# CONFIG_SND_DEBUG is not set
#
# Generic devices
#
CONFIG_SND_AC97_CODEC=y
# CONFIG_SND_DUMMY is not set
# CONFIG_SND_MTPAV is not set
# CONFIG_SND_SERIAL_U16550 is not set
# CONFIG_SND_MPU401 is not set
#
# PCI devices
#
# CONFIG_SND_AD1889 is not set
# CONFIG_SND_ALS300 is not set
# CONFIG_SND_ALS4000 is not set
# CONFIG_SND_ALI5451 is not set
# CONFIG_SND_ATIIXP is not set
# CONFIG_SND_ATIIXP_MODEM is not set
# CONFIG_SND_AU8810 is not set
# CONFIG_SND_AU8820 is not set
# CONFIG_SND_AU8830 is not set
# CONFIG_SND_AZT3328 is not set
# CONFIG_SND_BT87X is not set
# CONFIG_SND_CA0106 is not set
# CONFIG_SND_CMIPCI is not set
# CONFIG_SND_CS4281 is not set
# CONFIG_SND_CS46XX is not set
# CONFIG_SND_CS5535AUDIO is not set
# CONFIG_SND_DARLA20 is not set
# CONFIG_SND_GINA20 is not set
# CONFIG_SND_LAYLA20 is not set
# CONFIG_SND_DARLA24 is not set
# CONFIG_SND_GINA24 is not set
# CONFIG_SND_LAYLA24 is not set
# CONFIG_SND_MONA is not set
# CONFIG_SND_MIA is not set
# CONFIG_SND_ECHO3G is not set
# CONFIG_SND_INDIGO is not set
# CONFIG_SND_INDIGOIO is not set
# CONFIG_SND_INDIGODJ is not set
# CONFIG_SND_EMU10K1 is not set
# CONFIG_SND_EMU10K1X is not set
# CONFIG_SND_ENS1370 is not set
# CONFIG_SND_ENS1371 is not set
# CONFIG_SND_ES1938 is not set
# CONFIG_SND_ES1968 is not set
# CONFIG_SND_FM801 is not set
# CONFIG_SND_HDA_INTEL is not set
# CONFIG_SND_HDSP is not set
# CONFIG_SND_HDSPM is not set
# CONFIG_SND_ICE1712 is not set
# CONFIG_SND_ICE1724 is not set
CONFIG_SND_INTEL8X0=y
# CONFIG_SND_INTEL8X0M is not set
# CONFIG_SND_KORG1212 is not set
# CONFIG_SND_MAESTRO3 is not set
# CONFIG_SND_MIXART is not set
# CONFIG_SND_NM256 is not set
# CONFIG_SND_PCXHR is not set
# CONFIG_SND_RIPTIDE is not set
# CONFIG_SND_RME32 is not set
# CONFIG_SND_RME96 is not set
# CONFIG_SND_RME9652 is not set
# CONFIG_SND_SONICVIBES is not set
# CONFIG_SND_TRIDENT is not set
# CONFIG_SND_VIA82XX is not set
# CONFIG_SND_VIA82XX_MODEM is not set
# CONFIG_SND_VX222 is not set
# CONFIG_SND_YMFPCI is not set
# CONFIG_SND_AC97_POWER_SAVE is not set
#
# USB devices
#
# CONFIG_SND_USB_AUDIO is not set
# CONFIG_SND_USB_USX2Y is not set
# CONFIG_SND_USB_CAIAQ is not set
#
# System on Chip audio support
#
# CONFIG_SND_SOC is not set
#
# Open Sound System
#
# CONFIG_SOUND_PRIME is not set
CONFIG_AC97_BUS=y
#
# HID Devices
#
CONFIG_HID=y
# CONFIG_HID_DEBUG is not set
#
# USB Input Devices
#
CONFIG_USB_HID=y
# CONFIG_USB_HIDINPUT_POWERBOOK is not set
# CONFIG_HID_FF is not set
# CONFIG_USB_HIDDEV is not set
#
# USB support
#
CONFIG_USB_ARCH_HAS_HCD=y
CONFIG_USB_ARCH_HAS_OHCI=y
CONFIG_USB_ARCH_HAS_EHCI=y
CONFIG_USB=y
# CONFIG_USB_DEBUG is not set
#
# Miscellaneous USB options
#
CONFIG_USB_DEVICEFS=y
# CONFIG_USB_DEVICE_CLASS is not set
# CONFIG_USB_DYNAMIC_MINORS is not set
# CONFIG_USB_SUSPEND is not set
# CONFIG_USB_OTG is not set
#
# USB Host Controller Drivers
#
CONFIG_USB_EHCI_HCD=y
# CONFIG_USB_EHCI_SPLIT_ISO is not set
# CONFIG_USB_EHCI_ROOT_HUB_TT is not set
# CONFIG_USB_EHCI_TT_NEWSCHED is not set
# CONFIG_USB_EHCI_BIG_ENDIAN_MMIO is not set
# CONFIG_USB_ISP116X_HCD is not set
# CONFIG_USB_OHCI_HCD is not set
CONFIG_USB_UHCI_HCD=y
# CONFIG_USB_SL811_HCD is not set
#
# USB Device Class drivers
#
# CONFIG_USB_ACM is not set
# CONFIG_USB_PRINTER is not set
#
# NOTE: USB_STORAGE enables SCSI, and 'SCSI disk support'
#
#
# may also be needed; see USB_STORAGE Help for more information
#
CONFIG_USB_STORAGE=y
# CONFIG_USB_STORAGE_DEBUG is not set
# CONFIG_USB_STORAGE_DATAFAB is not set
# CONFIG_USB_STORAGE_FREECOM is not set
# CONFIG_USB_STORAGE_DPCM is not set
# CONFIG_USB_STORAGE_USBAT is not set
# CONFIG_USB_STORAGE_SDDR09 is not set
# CONFIG_USB_STORAGE_SDDR55 is not set
# CONFIG_USB_STORAGE_JUMPSHOT is not set
# CONFIG_USB_STORAGE_ALAUDA is not set
# CONFIG_USB_STORAGE_KARMA is not set
# CONFIG_USB_LIBUSUAL is not set
#
# USB Imaging devices
#
# CONFIG_USB_MDC800 is not set
# CONFIG_USB_MICROTEK is not set
# CONFIG_USB_MON is not set
#
# USB port drivers
#
#
# USB Serial Converter support
#
# CONFIG_USB_SERIAL is not set
#
# USB Miscellaneous drivers
#
# CONFIG_USB_EMI62 is not set
# CONFIG_USB_EMI26 is not set
# CONFIG_USB_ADUTUX is not set
# CONFIG_USB_AUERSWALD is not set
# CONFIG_USB_RIO500 is not set
# CONFIG_USB_LEGOTOWER is not set
# CONFIG_USB_LCD is not set
# CONFIG_USB_BERRY_CHARGE is not set
# CONFIG_USB_LED is not set
# CONFIG_USB_CYPRESS_CY7C63 is not set
# CONFIG_USB_CYTHERM is not set
# CONFIG_USB_PHIDGET is not set
# CONFIG_USB_IDMOUSE is not set
# CONFIG_USB_FTDI_ELAN is not set
# CONFIG_USB_APPLEDISPLAY is not set
# CONFIG_USB_SISUSBVGA is not set
# CONFIG_USB_LD is not set
# CONFIG_USB_TRANCEVIBRATOR is not set
# CONFIG_USB_IOWARRIOR is not set
# CONFIG_USB_TEST is not set
#
# USB DSL modem support
#
#
# USB Gadget Support
#
# CONFIG_USB_GADGET is not set
# CONFIG_MMC is not set
#
# LED devices
#
# CONFIG_NEW_LEDS is not set
#
# LED drivers
#
#
# LED Triggers
#
#
# InfiniBand support
#
# CONFIG_INFINIBAND is not set
#
# EDAC - error detection and reporting (RAS) (EXPERIMENTAL)
#
CONFIG_EDAC=y
#
# Reporting subsystems
#
# CONFIG_EDAC_DEBUG is not set
CONFIG_EDAC_MM_EDAC=y
# CONFIG_EDAC_AMD76X is not set
# CONFIG_EDAC_E7XXX is not set
# CONFIG_EDAC_E752X is not set
CONFIG_EDAC_I82875P=y
# CONFIG_EDAC_I82860 is not set
# CONFIG_EDAC_R82600 is not set
CONFIG_EDAC_POLL=y
#
# Real Time Clock
#
CONFIG_RTC_LIB=y
CONFIG_RTC_CLASS=y
CONFIG_RTC_HCTOSYS=y
CONFIG_RTC_HCTOSYS_DEVICE="rtc0"
CONFIG_RTC_DEBUG=y
#
# RTC interfaces
#
CONFIG_RTC_INTF_SYSFS=y
CONFIG_RTC_INTF_PROC=y
CONFIG_RTC_INTF_DEV=y
# CONFIG_RTC_INTF_DEV_UIE_EMUL is not set
# CONFIG_RTC_DRV_TEST is not set
#
# I2C RTC drivers
#
# CONFIG_RTC_DRV_DS1307 is not set
# CONFIG_RTC_DRV_DS1672 is not set
# CONFIG_RTC_DRV_MAX6900 is not set
# CONFIG_RTC_DRV_RS5C372 is not set
# CONFIG_RTC_DRV_ISL1208 is not set
# CONFIG_RTC_DRV_X1205 is not set
# CONFIG_RTC_DRV_PCF8563 is not set
# CONFIG_RTC_DRV_PCF8583 is not set
#
# SPI RTC drivers
#
#
# Platform RTC drivers
#
# CONFIG_RTC_DRV_CMOS is not set
# CONFIG_RTC_DRV_DS1553 is not set
# CONFIG_RTC_DRV_DS1742 is not set
# CONFIG_RTC_DRV_M48T86 is not set
# CONFIG_RTC_DRV_V3020 is not set
#
# on-CPU RTC drivers
#
#
# DMA Engine support
#
CONFIG_DMA_ENGINE=y
#
# DMA Clients
#
CONFIG_NET_DMA=y
#
# DMA Devices
#
CONFIG_INTEL_IOATDMA=y
#
# Virtualization
#
# CONFIG_KVM is not set
#
# File systems
#
# CONFIG_EXT2_FS is not set
# CONFIG_EXT3_FS is not set
# CONFIG_EXT4DEV_FS is not set
# CONFIG_REISERFS_FS is not set
# CONFIG_JFS_FS is not set
CONFIG_FS_POSIX_ACL=y
CONFIG_XFS_FS=y
CONFIG_XFS_QUOTA=y
CONFIG_XFS_SECURITY=y
CONFIG_XFS_POSIX_ACL=y
CONFIG_XFS_RT=y
# CONFIG_GFS2_FS is not set
# CONFIG_OCFS2_FS is not set
# CONFIG_MINIX_FS is not set
# CONFIG_ROMFS_FS is not set
CONFIG_INOTIFY=y
CONFIG_INOTIFY_USER=y
CONFIG_QUOTA=y
# CONFIG_QFMT_V1 is not set
CONFIG_QFMT_V2=y
CONFIG_QUOTACTL=y
CONFIG_DNOTIFY=y
# CONFIG_AUTOFS_FS is not set
# CONFIG_AUTOFS4_FS is not set
# CONFIG_FUSE_FS is not set
CONFIG_GENERIC_ACL=y
#
# CD-ROM/DVD Filesystems
#
CONFIG_ISO9660_FS=y
CONFIG_JOLIET=y
CONFIG_ZISOFS=y
CONFIG_UDF_FS=y
CONFIG_UDF_NLS=y
#
# DOS/FAT/NT Filesystems
#
# CONFIG_MSDOS_FS is not set
# CONFIG_VFAT_FS is not set
# CONFIG_NTFS_FS is not set
#
# Pseudo filesystems
#
CONFIG_PROC_FS=y
CONFIG_PROC_KCORE=y
CONFIG_PROC_SYSCTL=y
CONFIG_SYSFS=y
CONFIG_TMPFS=y
CONFIG_TMPFS_POSIX_ACL=y
CONFIG_HUGETLBFS=y
CONFIG_HUGETLB_PAGE=y
CONFIG_RAMFS=y
CONFIG_CONFIGFS_FS=y
#
# Miscellaneous filesystems
#
# CONFIG_ADFS_FS is not set
# CONFIG_AFFS_FS is not set
# CONFIG_ECRYPT_FS is not set
# CONFIG_HFS_FS is not set
# CONFIG_HFSPLUS_FS is not set
# CONFIG_BEFS_FS is not set
# CONFIG_BFS_FS is not set
# CONFIG_EFS_FS is not set
# CONFIG_CRAMFS is not set
# CONFIG_VXFS_FS is not set
# CONFIG_HPFS_FS is not set
# CONFIG_QNX4FS_FS is not set
# CONFIG_SYSV_FS is not set
# CONFIG_UFS_FS is not set
#
# Network File Systems
#
CONFIG_NFS_FS=y
CONFIG_NFS_V3=y
CONFIG_NFS_V3_ACL=y
# CONFIG_NFS_V4 is not set
CONFIG_NFS_DIRECTIO=y
# CONFIG_NFSD is not set
CONFIG_LOCKD=y
CONFIG_LOCKD_V4=y
CONFIG_NFS_ACL_SUPPORT=y
CONFIG_NFS_COMMON=y
CONFIG_SUNRPC=y
# CONFIG_SUNRPC_BIND34 is not set
# CONFIG_RPCSEC_GSS_KRB5 is not set
# CONFIG_RPCSEC_GSS_SPKM3 is not set
# CONFIG_SMB_FS is not set
# CONFIG_CIFS is not set
# CONFIG_NCP_FS is not set
# CONFIG_CODA_FS is not set
# CONFIG_AFS_FS is not set
# CONFIG_9P_FS is not set
#
# Partition Types
#
CONFIG_PARTITION_ADVANCED=y
# CONFIG_ACORN_PARTITION is not set
# CONFIG_OSF_PARTITION is not set
# CONFIG_AMIGA_PARTITION is not set
# CONFIG_ATARI_PARTITION is not set
# CONFIG_MAC_PARTITION is not set
CONFIG_MSDOS_PARTITION=y
CONFIG_BSD_DISKLABEL=y
# CONFIG_MINIX_SUBPARTITION is not set
# CONFIG_SOLARIS_X86_PARTITION is not set
# CONFIG_UNIXWARE_DISKLABEL is not set
# CONFIG_LDM_PARTITION is not set
# CONFIG_SGI_PARTITION is not set
# CONFIG_ULTRIX_PARTITION is not set
# CONFIG_SUN_PARTITION is not set
# CONFIG_KARMA_PARTITION is not set
# CONFIG_EFI_PARTITION is not set
# CONFIG_SYSV68_PARTITION is not set
#
# Native Language Support
#
CONFIG_NLS=y
CONFIG_NLS_DEFAULT="cp437"
CONFIG_NLS_CODEPAGE_437=y
# CONFIG_NLS_CODEPAGE_737 is not set
# CONFIG_NLS_CODEPAGE_775 is not set
CONFIG_NLS_CODEPAGE_850=y
# CONFIG_NLS_CODEPAGE_852 is not set
# CONFIG_NLS_CODEPAGE_855 is not set
# CONFIG_NLS_CODEPAGE_857 is not set
# CONFIG_NLS_CODEPAGE_860 is not set
# CONFIG_NLS_CODEPAGE_861 is not set
# CONFIG_NLS_CODEPAGE_862 is not set
# CONFIG_NLS_CODEPAGE_863 is not set
# CONFIG_NLS_CODEPAGE_864 is not set
# CONFIG_NLS_CODEPAGE_865 is not set
# CONFIG_NLS_CODEPAGE_866 is not set
# CONFIG_NLS_CODEPAGE_869 is not set
# CONFIG_NLS_CODEPAGE_936 is not set
# CONFIG_NLS_CODEPAGE_950 is not set
# CONFIG_NLS_CODEPAGE_932 is not set
# CONFIG_NLS_CODEPAGE_949 is not set
# CONFIG_NLS_CODEPAGE_874 is not set
# CONFIG_NLS_ISO8859_8 is not set
# CONFIG_NLS_CODEPAGE_1250 is not set
# CONFIG_NLS_CODEPAGE_1251 is not set
CONFIG_NLS_ASCII=y
CONFIG_NLS_ISO8859_1=y
# CONFIG_NLS_ISO8859_2 is not set
# CONFIG_NLS_ISO8859_3 is not set
# CONFIG_NLS_ISO8859_4 is not set
# CONFIG_NLS_ISO8859_5 is not set
# CONFIG_NLS_ISO8859_6 is not set
# CONFIG_NLS_ISO8859_7 is not set
# CONFIG_NLS_ISO8859_9 is not set
# CONFIG_NLS_ISO8859_13 is not set
# CONFIG_NLS_ISO8859_14 is not set
# CONFIG_NLS_ISO8859_15 is not set
# CONFIG_NLS_KOI8_R is not set
# CONFIG_NLS_KOI8_U is not set
CONFIG_NLS_UTF8=y
#
# Distributed Lock Manager
#
CONFIG_DLM=y
CONFIG_DLM_DEBUG=y
#
# Instrumentation Support
#
# CONFIG_PROFILING is not set
#
# Kernel hacking
#
CONFIG_TRACE_IRQFLAGS_SUPPORT=y
# CONFIG_PRINTK_TIME is not set
CONFIG_ENABLE_MUST_CHECK=y
CONFIG_MAGIC_SYSRQ=y
# CONFIG_UNUSED_SYMBOLS is not set
CONFIG_DEBUG_FS=y
CONFIG_HEADERS_CHECK=y
CONFIG_DEBUG_KERNEL=y
CONFIG_DEBUG_SHIRQ=y
CONFIG_DETECT_SOFTLOCKUP=y
CONFIG_SCHEDSTATS=y
CONFIG_TIMER_STATS=y
# CONFIG_DEBUG_RT_MUTEXES is not set
# CONFIG_RT_MUTEX_TESTER is not set
# CONFIG_DEBUG_SPINLOCK is not set
# CONFIG_DEBUG_MUTEXES is not set
# CONFIG_DEBUG_LOCK_ALLOC is not set
# CONFIG_PROVE_LOCKING is not set
CONFIG_DEBUG_SPINLOCK_SLEEP=y
# CONFIG_DEBUG_LOCKING_API_SELFTESTS is not set
# CONFIG_DEBUG_KOBJECT is not set
# CONFIG_DEBUG_HIGHMEM is not set
CONFIG_DEBUG_BUGVERBOSE=y
# CONFIG_DEBUG_INFO is not set
CONFIG_DEBUG_VM=y
# CONFIG_DEBUG_LIST is not set
# CONFIG_FRAME_POINTER is not set
# CONFIG_FORCED_INLINING is not set
# CONFIG_FAULT_INJECTION is not set
CONFIG_EARLY_PRINTK=y
CONFIG_DEBUG_STACKOVERFLOW=y
CONFIG_DEBUG_STACK_USAGE=y
CONFIG_DEBUG_RODATA=y
# CONFIG_4KSTACKS is not set
CONFIG_X86_FIND_SMP_CONFIG=y
CONFIG_X86_MPPARSE=y
CONFIG_DOUBLEFAULT=y
#
# Security options
#
CONFIG_KEYS=y
CONFIG_KEYS_DEBUG_PROC_KEYS=y
CONFIG_SECURITY=y
CONFIG_SECURITY_NETWORK=y
CONFIG_SECURITY_NETWORK_XFRM=y
CONFIG_SECURITY_CAPABILITIES=y
# CONFIG_SECURITY_ROOTPLUG is not set
CONFIG_SECURITY_SELINUX=y
CONFIG_SECURITY_SELINUX_BOOTPARAM=y
CONFIG_SECURITY_SELINUX_BOOTPARAM_VALUE=1
CONFIG_SECURITY_SELINUX_DISABLE=y
CONFIG_SECURITY_SELINUX_DEVELOP=y
CONFIG_SECURITY_SELINUX_AVC_STATS=y
CONFIG_SECURITY_SELINUX_CHECKREQPROT_VALUE=1
CONFIG_SECURITY_SELINUX_ENABLE_SECMARK_DEFAULT=y
# CONFIG_SECURITY_SELINUX_POLICYDB_VERSION_MAX is not set
#
# Cryptographic options
#
CONFIG_CRYPTO=y
CONFIG_CRYPTO_ALGAPI=y
CONFIG_CRYPTO_BLKCIPHER=y
CONFIG_CRYPTO_HASH=y
CONFIG_CRYPTO_MANAGER=y
CONFIG_CRYPTO_HMAC=y
# CONFIG_CRYPTO_XCBC is not set
CONFIG_CRYPTO_NULL=y
CONFIG_CRYPTO_MD4=y
CONFIG_CRYPTO_MD5=y
CONFIG_CRYPTO_SHA1=y
CONFIG_CRYPTO_SHA256=y
# CONFIG_CRYPTO_SHA512 is not set
# CONFIG_CRYPTO_WP512 is not set
# CONFIG_CRYPTO_TGR192 is not set
# CONFIG_CRYPTO_GF128MUL is not set
CONFIG_CRYPTO_ECB=y
CONFIG_CRYPTO_CBC=y
CONFIG_CRYPTO_PCBC=y
# CONFIG_CRYPTO_LRW is not set
# CONFIG_CRYPTO_CRYPTD is not set
CONFIG_CRYPTO_DES=y
# CONFIG_CRYPTO_FCRYPT is not set
# CONFIG_CRYPTO_BLOWFISH is not set
# CONFIG_CRYPTO_TWOFISH is not set
# CONFIG_CRYPTO_TWOFISH_586 is not set
# CONFIG_CRYPTO_SERPENT is not set
CONFIG_CRYPTO_AES=y
CONFIG_CRYPTO_AES_586=y
# CONFIG_CRYPTO_CAST5 is not set
# CONFIG_CRYPTO_CAST6 is not set
# CONFIG_CRYPTO_TEA is not set
CONFIG_CRYPTO_ARC4=y
# CONFIG_CRYPTO_KHAZAD is not set
# CONFIG_CRYPTO_ANUBIS is not set
CONFIG_CRYPTO_DEFLATE=y
CONFIG_CRYPTO_MICHAEL_MIC=y
CONFIG_CRYPTO_CRC32C=y
# CONFIG_CRYPTO_CAMELLIA is not set
#
# Hardware crypto devices
#
# CONFIG_CRYPTO_DEV_PADLOCK is not set
# CONFIG_CRYPTO_DEV_GEODE is not set
#
# Library routines
#
CONFIG_BITREVERSE=y
CONFIG_CRC_CCITT=y
CONFIG_CRC16=y
CONFIG_CRC_ITU_T=y
CONFIG_CRC32=y
CONFIG_LIBCRC32C=y
CONFIG_AUDIT_GENERIC=y
CONFIG_ZLIB_INFLATE=y
CONFIG_ZLIB_DEFLATE=y
CONFIG_TEXTSEARCH=y
CONFIG_TEXTSEARCH_KMP=y
CONFIG_TEXTSEARCH_BM=y
CONFIG_TEXTSEARCH_FSM=y
CONFIG_PLIST=y
CONFIG_HAS_IOMEM=y
CONFIG_HAS_IOPORT=y
CONFIG_HAS_DMA=y
CONFIG_GENERIC_HARDIRQS=y
CONFIG_GENERIC_IRQ_PROBE=y
CONFIG_GENERIC_PENDING_IRQ=y
CONFIG_X86_SMP=y
CONFIG_X86_HT=y
CONFIG_X86_BIOS_REBOOT=y
CONFIG_X86_TRAMPOLINE=y
CONFIG_KTIME_SCALAR=y
00:00.0 Host bridge: Intel Corporation 82875P/E7210 Memory Controller Hub (rev 02)
00:01.0 PCI bridge: Intel Corporation 82875P Processor to AGP Controller (rev 02)
00:06.0 System peripheral: Intel Corporation 82875P/E7210 Processor to I/O Memory Interface (rev 02)
00:1d.0 USB Controller: Intel Corporation 82801EB/ER (ICH5/ICH5R) USB UHCI Controller #1 (rev 02)
00:1d.1 USB Controller: Intel Corporation 82801EB/ER (ICH5/ICH5R) USB UHCI Controller #2 (rev 02)
00:1d.2 USB Controller: Intel Corporation 82801EB/ER (ICH5/ICH5R) USB UHCI Controller #3 (rev 02)
00:1d.7 USB Controller: Intel Corporation 82801EB/ER (ICH5/ICH5R) USB2 EHCI Controller (rev 02)
00:1e.0 PCI bridge: Intel Corporation 82801 PCI Bridge (rev c2)
00:1f.0 ISA bridge: Intel Corporation 82801EB/ER (ICH5/ICH5R) LPC Interface Bridge (rev 02)
00:1f.1 IDE interface: Intel Corporation 82801EB/ER (ICH5/ICH5R) IDE Controller (rev 02)
00:1f.2 RAID bus controller: Intel Corporation 82801ER (ICH5R) SATA Controller (rev 02)
00:1f.3 SMBus: Intel Corporation 82801EB/ER (ICH5/ICH5R) SMBus Controller (rev 02)
00:1f.5 Multimedia audio controller: Intel Corporation 82801EB/ER (ICH5/ICH5R) AC'97 Audio Controller (rev 02)
01:00.0 VGA compatible controller: ATI Technologies Inc RV350 AP [Radeon 9600]
01:00.1 Display controller: ATI Technologies Inc RV350 AP [Radeon 9600] (Secondary)
02:05.0 Ethernet controller: 3Com Corporation 3c940 10/100/1000Base-T [Marvell] (rev 12)
02:0a.0 Ethernet controller: Atheros Communications, Inc. AR5212 802.11abg NIC (rev 01)
[unhandled content-type:application/octet-stream][unhandled content-type:application/octet-stream][unhandled content-type:application/octet-stream][unhandled content-type:application/octet-stream][unhandled content-type:application/octet-stream]