Date: Mon, 28 Jan 2008 17:27:07 +0100
From: "Oliver Pinter (Pintér Olivér)"  <>
Subject: Re: [2.6.24 REGRESSION] BUG: Soft lockup - with VFS
Sender: linux-kernel-owner@vger.kernel.org
Precedence: bulk
List-ID: <linux-kernel.vger.kernel.org>
X-Mailing-List: linux-kernel@vger.kernel.org
X-Lkml-Link: https://lkml.org/lkml/2008/1/28/230

and so then dmesg ..
-- 
Thanks,
Oliver
Initializing cgroup subsys cpuset
Linux version 2.6.24-szami2 (root@pancs) (gcc version 4.1.2 20061115 (prerelease) (Debian 4.1.1-21)) #2 SMP Sun Jan 27 01:47:58 CET 2008
BIOS-provided physical RAM map:
 BIOS-e820: 0000000000000000 - 000000000009fc00 (usable)
 BIOS-e820: 000000000009fc00 - 00000000000a0000 (reserved)
 BIOS-e820: 00000000000e8000 - 0000000000100000 (reserved)
 BIOS-e820: 0000000000100000 - 000000001ff30000 (usable)
 BIOS-e820: 000000001ff30000 - 000000001ff40000 (ACPI data)
 BIOS-e820: 000000001ff40000 - 000000001fff0000 (ACPI NVS)
 BIOS-e820: 000000001fff0000 - 0000000020000000 (reserved)
 BIOS-e820: 00000000ffb80000 - 0000000100000000 (reserved)
0MB HIGHMEM available.
511MB LOWMEM available.
found SMP MP-table at 000ff780
Entering add_active_range(0, 0, 130864) 0 entries of 256 used
Zone PFN ranges:
  DMA             0 ->     4096
  Normal       4096 ->   130864
  HighMem    130864 ->   130864
Movable zone start PFN for each node
early_node_map[1] active PFN ranges
    0:        0 ->   130864
On node 0 totalpages: 130864
  DMA zone: 56 pages used for memmap
  DMA zone: 0 pages reserved
  DMA zone: 4040 pages, LIFO batch:0
  Normal zone: 1733 pages used for memmap
  Normal zone: 125035 pages, LIFO batch:31
  HighMem zone: 0 pages used for memmap
  Movable zone: 0 pages used for memmap
DMI 2.3 present.
ACPI: RSDP 000F9E30, 0021 (r2 ACPIAM)
ACPI: XSDT 1FF30100, 003C (r1 A M I  OEMXSDT  10000414 MSFT       97)
ACPI: FACP 1FF30290, 00F4 (r3 A M I  OEMFACP  10000414 MSFT       97)
ACPI: DSDT 1FF303F0, 3779 (r1  P4C8B P4C8B106      106 INTL  2002026)
ACPI: FACS 1FF40000, 0040
ACPI: APIC 1FF30390, 005C (r1 A M I  OEMAPIC  10000414 MSFT       97)
ACPI: OEMB 1FF40040, 003F (r1 A M I  OEMBIOS  10000414 MSFT       97)
ACPI: PM-Timer IO Port: 0x808
ACPI: Local APIC address 0xfee00000
ACPI: LAPIC (acpi_id[0x01] lapic_id[0x00] enabled)
Processor #0 15:2 APIC version 20
ACPI: LAPIC (acpi_id[0x02] lapic_id[0x01] enabled)
Processor #1 15:2 APIC version 20
ACPI: IOAPIC (id[0x02] address[0xfec00000] gsi_base[0])
IOAPIC[0]: apic_id 2, version 32, address 0xfec00000, GSI 0-23
ACPI: INT_SRC_OVR (bus 0 bus_irq 0 global_irq 2 dfl dfl)
ACPI: INT_SRC_OVR (bus 0 bus_irq 9 global_irq 9 high level)
ACPI: IRQ0 used by override.
ACPI: IRQ2 used by override.
ACPI: IRQ9 used by override.
Enabling APIC mode:  Flat.  Using 1 I/O APICs
Using ACPI (MADT) for SMP configuration information
Allocating PCI resources starting at 30000000 (gap: 20000000:dfb80000)
Built 1 zonelists in Zone order, mobility grouping on.  Total pages: 129075
Kernel command line: BOOT_IMAGE=deb_s2.6.24 ro root=803 1
mapped APIC to ffffb000 (fee00000)
mapped IOAPIC to ffffa000 (fec00000)
Enabling fast FPU save and restore... done.
Enabling unmasked SIMD FPU exception support... done.
Initializing CPU#0
PID hash table entries: 2048 (order: 11, 8192 bytes)
Detected 3150.239 MHz processor.
Console: colour VGA+ 132x44
console [tty0] enabled
Lock dependency validator: Copyright (c) 2006 Red Hat, Inc., Ingo Molnar
... MAX_LOCKDEP_SUBCLASSES:    8
... MAX_LOCK_DEPTH:          30
... MAX_LOCKDEP_KEYS:        2048
... CLASSHASH_SIZE:           1024
... MAX_LOCKDEP_ENTRIES:     8192
... MAX_LOCKDEP_CHAINS:      16384
... CHAINHASH_SIZE:          8192
 memory used by lock dependency info: 1024 kB
 per task-struct memory footprint: 1680 bytes
------------------------
| Locking API testsuite:
----------------------------------------------------------------------------
                                 | spin |wlock |rlock |mutex | wsem | rsem |
  --------------------------------------------------------------------------
                     A-A deadlock:  ok  |  ok  |  ok  |  ok  |  ok  |  ok  |
                 A-B-B-A deadlock:  ok  |  ok  |  ok  |  ok  |  ok  |  ok  |
             A-B-B-C-C-A deadlock:  ok  |  ok  |  ok  |  ok  |  ok  |  ok  |
             A-B-C-A-B-C deadlock:  ok  |  ok  |  ok  |  ok  |  ok  |  ok  |
         A-B-B-C-C-D-D-A deadlock:  ok  |  ok  |  ok  |  ok  |  ok  |  ok  |
         A-B-C-D-B-D-D-A deadlock:  ok  |  ok  |  ok  |  ok  |  ok  |  ok  |
         A-B-C-D-B-C-D-A deadlock:  ok  |  ok  |  ok  |  ok  |  ok  |  ok  |
                    double unlock:  ok  |  ok  |  ok  |  ok  |  ok  |  ok  |
                  initialize held:  ok  |  ok  |  ok  |  ok  |  ok  |  ok  |
                 bad unlock order:  ok  |  ok  |  ok  |  ok  |  ok  |  ok  |
  --------------------------------------------------------------------------
              recursive read-lock:             |  ok  |             |  ok  |
           recursive read-lock #2:             |  ok  |             |  ok  |
            mixed read-write-lock:             |  ok  |             |  ok  |
            mixed write-read-lock:             |  ok  |             |  ok  |
  --------------------------------------------------------------------------
     hard-irqs-on + irq-safe-A/12:  ok  |  ok  |  ok  |
     soft-irqs-on + irq-safe-A/12:  ok  |  ok  |  ok  |
     hard-irqs-on + irq-safe-A/21:  ok  |  ok  |  ok  |
     soft-irqs-on + irq-safe-A/21:  ok  |  ok  |  ok  |
       sirq-safe-A => hirqs-on/12:  ok  |  ok  |  ok  |
       sirq-safe-A => hirqs-on/21:  ok  |  ok  |  ok  |
         hard-safe-A + irqs-on/12:  ok  |  ok  |  ok  |
         soft-safe-A + irqs-on/12:  ok  |  ok  |  ok  |
         hard-safe-A + irqs-on/21:  ok  |  ok  |  ok  |
         soft-safe-A + irqs-on/21:  ok  |  ok  |  ok  |
    hard-safe-A + unsafe-B #1/123:  ok  |  ok  |  ok  |
    soft-safe-A + unsafe-B #1/123:  ok  |  ok  |  ok  |
    hard-safe-A + unsafe-B #1/132:  ok  |  ok  |  ok  |
    soft-safe-A + unsafe-B #1/132:  ok  |  ok  |  ok  |
    hard-safe-A + unsafe-B #1/213:  ok  |  ok  |  ok  |
    soft-safe-A + unsafe-B #1/213:  ok  |  ok  |  ok  |
    hard-safe-A + unsafe-B #1/231:  ok  |  ok  |  ok  |
    soft-safe-A + unsafe-B #1/231:  ok  |  ok  |  ok  |
    hard-safe-A + unsafe-B #1/312:  ok  |  ok  |  ok  |
    soft-safe-A + unsafe-B #1/312:  ok  |  ok  |  ok  |
    hard-safe-A + unsafe-B #1/321:  ok  |  ok  |  ok  |
    soft-safe-A + unsafe-B #1/321:  ok  |  ok  |  ok  |
    hard-safe-A + unsafe-B #2/123:  ok  |  ok  |  ok  |
    soft-safe-A + unsafe-B #2/123:  ok  |  ok  |  ok  |
    hard-safe-A + unsafe-B #2/132:  ok  |  ok  |  ok  |
    soft-safe-A + unsafe-B #2/132:  ok  |  ok  |  ok  |
    hard-safe-A + unsafe-B #2/213:  ok  |  ok  |  ok  |
    soft-safe-A + unsafe-B #2/213:  ok  |  ok  |  ok  |
    hard-safe-A + unsafe-B #2/231:  ok  |  ok  |  ok  |
    soft-safe-A + unsafe-B #2/231:  ok  |  ok  |  ok  |
    hard-safe-A + unsafe-B #2/312:  ok  |  ok  |  ok  |
    soft-safe-A + unsafe-B #2/312:  ok  |  ok  |  ok  |
    hard-safe-A + unsafe-B #2/321:  ok  |  ok  |  ok  |
    soft-safe-A + unsafe-B #2/321:  ok  |  ok  |  ok  |
      hard-irq lock-inversion/123:  ok  |  ok  |  ok  |
      soft-irq lock-inversion/123:  ok  |  ok  |  ok  |
      hard-irq lock-inversion/132:  ok  |  ok  |  ok  |
      soft-irq lock-inversion/132:  ok  |  ok  |  ok  |
      hard-irq lock-inversion/213:  ok  |  ok  |  ok  |
      soft-irq lock-inversion/213:  ok  |  ok  |  ok  |
      hard-irq lock-inversion/231:  ok  |  ok  |  ok  |
      soft-irq lock-inversion/231:  ok  |  ok  |  ok  |
      hard-irq lock-inversion/312:  ok  |  ok  |  ok  |
      soft-irq lock-inversion/312:  ok  |  ok  |  ok  |
      hard-irq lock-inversion/321:  ok  |  ok  |  ok  |
      soft-irq lock-inversion/321:  ok  |  ok  |  ok  |
      hard-irq read-recursion/123:  ok  |
      soft-irq read-recursion/123:  ok  |
      hard-irq read-recursion/132:  ok  |
      soft-irq read-recursion/132:  ok  |
      hard-irq read-recursion/213:  ok  |
      soft-irq read-recursion/213:  ok  |
      hard-irq read-recursion/231:  ok  |
      soft-irq read-recursion/231:  ok  |
      hard-irq read-recursion/312:  ok  |
      soft-irq read-recursion/312:  ok  |
      hard-irq read-recursion/321:  ok  |
      soft-irq read-recursion/321:  ok  |
-------------------------------------------------------
Good, all 218 testcases passed! |
---------------------------------
Dentry cache hash table entries: 65536 (order: 6, 262144 bytes)
Inode-cache hash table entries: 32768 (order: 5, 131072 bytes)
Memory: 499208k/523456k available (3833k kernel code, 23708k reserved, 1404k data, 540k init, 0k highmem)
virtual kernel memory layout:
    fixmap  : 0xfff4a000 - 0xfffff000   ( 724 kB)
    pkmap   : 0xffc00000 - 0xffe00000   (2048 kB)
    vmalloc : 0xe0800000 - 0xffbfe000   ( 499 MB)
    lowmem  : 0xc0000000 - 0xdff30000   ( 511 MB)
      .init : 0xc0624000 - 0xc06ab000   ( 540 kB)
      .data : 0xc04be514 - 0xc061d534   (1404 kB)
      .text : 0xc0100000 - 0xc04be514   (3833 kB)
Checking if this processor honours the WP bit even in supervisor mode... Ok.
SLUB: Genslabs=11, HWalign=64, Order=0-1, MinObjects=4, CPUs=2, Nodes=1
Calibrating delay using timer specific routine.. 6306.19 BogoMIPS (lpj=31530951)
Security Framework initialized
SELinux:  Initializing.
SELinux:  Starting in permissive mode
selinux_register_security:  Registering secondary module capability
Capability LSM initialized as secondary
Mount-cache hash table entries: 512
Initializing cgroup subsys debug
Initializing cgroup subsys ns
Initializing cgroup subsys cpuacct
CPU: After generic identify, caps: bfebfbff 00000000 00000000 00000000 00004400 00000000 00000000 00000000
CPU: Trace cache: 12K uops, L1 D cache: 8K
CPU: L2 cache: 512K
CPU: Physical Processor ID: 0
CPU: After all inits, caps: bfebfbff 00000000 00000000 0000b080 00004400 00000000 00000000 00000000
Intel machine check architecture supported.
Intel machine check reporting enabled on CPU#0.
CPU0: Intel P4/Xeon Extended MCE MSRs (12) available
CPU0: Thermal monitoring enabled
Compat vDSO mapped to ffffe000.
Checking 'hlt' instruction... OK.
Freeing SMP alternatives: 14k freed
ACPI: Core revision 20070126
CPU0: Intel(R) Pentium(R) 4 CPU 3.00GHz stepping 09
lockdep: not fixing up alternatives.
Booting processor 1/1 eip 2000
Initializing CPU#1
Calibrating delay using timer specific routine.. 6300.12 BogoMIPS (lpj=31500600)
CPU: After generic identify, caps: bfebfbff 00000000 00000000 00000000 00004400 00000000 00000000 00000000
CPU: Trace cache: 12K uops, L1 D cache: 8K
CPU: L2 cache: 512K
CPU: Physical Processor ID: 0
CPU: After all inits, caps: bfebfbff 00000000 00000000 0000b080 00004400 00000000 00000000 00000000
Intel machine check architecture supported.
Intel machine check reporting enabled on CPU#1.
CPU1: Intel P4/Xeon Extended MCE MSRs (12) available
CPU1: Thermal monitoring enabled
CPU1: Intel(R) Pentium(R) 4 CPU 3.00GHz stepping 09
Total of 2 processors activated (12606.31 BogoMIPS).
ENABLING IO-APIC IRQs
..TIMER: vector=0x31 apic1=0 pin1=2 apic2=-1 pin2=-1
checking TSC synchronization [CPU#0 -> CPU#1]: passed.
Brought up 2 CPUs
CPU0 attaching sched-domain:
 domain 0: span 3
  groups: 1 2
  domain 1: span 3
   groups: 3
CPU1 attaching sched-domain:
 domain 0: span 3
  groups: 2 1
  domain 1: span 3
   groups: 3
khelper used greatest stack depth: 7108 bytes left
khelper used greatest stack depth: 7036 bytes left
net_namespace: 80 bytes
NET: Registered protocol family 16
ACPI: bus type pci registered
PCI: Using configuration type 1
Setting up standard PCI resources
ACPI: EC: Look up EC in DSDT
ACPI: Interpreter enabled
ACPI: (supports S0 S5)
ACPI: Using IOAPIC for interrupt routing
ACPI: PCI Root Bridge [PCI0] (0000:00)
Force enabled HPET at base address 0xfed00000
PCI quirk: region 0800-087f claimed by ICH4 ACPI/GPIO/TCO
PCI quirk: region 0480-04bf claimed by ICH4 GPIO
PCI: Transparent bridge - 0000:00:1e.0
ACPI: PCI Interrupt Routing Table [\_SB_.PCI0._PRT]
ACPI: PCI Interrupt Routing Table [\_SB_.PCI0.P0P4._PRT]
ACPI: PCI Interrupt Link [LNKA] (IRQs 3 4 *5 6 7 10 11 12 14 15)
ACPI: PCI Interrupt Link [LNKB] (IRQs *3 4 5 6 7 10 11 12 14 15)
ACPI: PCI Interrupt Link [LNKC] (IRQs 3 4 5 6 *7 10 11 12 14 15)
ACPI: PCI Interrupt Link [LNKD] (IRQs 3 4 5 6 7 10 *11 12 14 15)
ACPI: PCI Interrupt Link [LNKE] (IRQs 3 4 5 6 7 10 11 12 14 15) *0, disabled.
ACPI: PCI Interrupt Link [LNKF] (IRQs 3 4 5 6 7 10 11 12 14 15) *0, disabled.
ACPI: PCI Interrupt Link [LNKG] (IRQs 3 *4 5 6 7 10 11 12 14 15)
ACPI: PCI Interrupt Link [LNKH] (IRQs 3 4 5 6 7 *10 11 12 14 15)
Linux Plug and Play Support v0.97 (c) Adam Belay
pnp: PnP ACPI init
ACPI: bus type pnp registered
pnp: PnP ACPI: found 10 devices
ACPI: ACPI bus type pnp unregistered
SCSI subsystem initialized
libata version 3.00 loaded.
usbcore: registered new interface driver usbfs
usbcore: registered new interface driver hub
usbcore: registered new device driver usb
PCI: Using ACPI for IRQ routing
PCI: If a device doesn't work, try "pci=routeirq".  If it helps, post a report
hpet clockevent registered
hpet0: at MMIO 0xfed00000, IRQs 2, 8, 0
hpet0: 3 64-bit timers, 14318180 Hz
ACPI: RTC can wake from S4
Time: tsc clocksource has been installed.
system 00:06: ioport range 0x680-0x6ff has been reserved
system 00:06: ioport range 0x290-0x297 has been reserved
system 00:07: ioport range 0x4d0-0x4d1 has been reserved
system 00:07: ioport range 0x800-0x87f has been reserved
system 00:07: ioport range 0x480-0x4bf has been reserved
system 00:07: iomem range 0xfed20000-0xfed8ffff has been reserved
system 00:07: iomem range 0xffb00000-0xffbfffff could not be reserved
system 00:08: iomem range 0xfec00000-0xfec00fff has been reserved
system 00:08: iomem range 0xfee00000-0xfee00fff has been reserved
system 00:09: iomem range 0x0-0x9ffff could not be reserved
system 00:09: iomem range 0xc0000-0xdffff could not be reserved
system 00:09: iomem range 0xe0000-0xfffff could not be reserved
system 00:09: iomem range 0x100000-0x1ffeffff could not be reserved
system 00:09: iomem range 0xfff00000-0xffffffff could not be reserved
PCI: Bridge: 0000:00:01.0
  IO window: c000-cfff
  MEM window: fe900000-fe9fffff
  PREFETCH window: bbf00000-fbefffff
PCI: Bridge: 0000:00:1e.0
  IO window: d000-dfff
  MEM window: fea00000-feafffff
  PREFETCH window: disabled.
PCI: Setting latency timer of device 0000:00:1e.0 to 64
NET: Registered protocol family 2
IP route cache hash table entries: 4096 (order: 2, 16384 bytes)
TCP established hash table entries: 16384 (order: 5, 131072 bytes)
TCP bind hash table entries: 16384 (order: 7, 589824 bytes)
TCP: Hash tables configured (established 16384 bind 16384)
TCP reno registered
Machine check exception polling timer started.
IA-32 Microcode Update Driver: v1.14a <tigran@aivazian.fsnet.co.uk>
audit: initializing netlink socket (disabled)
audit(1201472922.779:1): initialized
Total HugeTLB memory allocated, 0
VFS: Disk quotas dquot_6.5.1
Dquot-cache hash table entries: 1024 (order 0, 4096 bytes)
SGI XFS with ACLs, security attributes, realtime, large block numbers, no debug enabled
SGI XFS Quota Management subsystem
SELinux:  Registering netfilter hooks
io scheduler noop registered
io scheduler cfq registered (default)
Boot video device is 0000:01:00.0
input: Power Button (FF) as /class/input/input0
ACPI: Power Button (FF) [PWRF]
input: Power Button (CM) as /class/input/input1
ACPI: Power Button (CM) [PWRB]
Non-volatile memory driver v1.2
intel_rng: FWH not detected
Linux agpgart interface v0.102
agpgart: Detected an Intel i875 Chipset.
agpgart: AGP aperture is 32M @ 0xfc000000
[drm] Initialized drm 1.1.0 20060810
ACPI: PCI Interrupt 0000:01:00.0[A] -> GSI 16 (level, low) -> IRQ 16
[drm] Initialized radeon 1.28.0 20060524 on minor 0
Hangcheck: starting hangcheck timer 0.9.0 (tick is 180 seconds, margin is 60 seconds).
Hangcheck: Using get_cycles().
loop: module loaded
usbcore: registered new interface driver ub
ACPI: PCI Interrupt 0000:02:05.0[A] -> GSI 22 (level, low) -> IRQ 17
skge 1.13 addr 0xfeafc000 irq 17 chip Yukon rev 1
skge eth0: addr 00:0e:a6:88:6f:05
ath_rate_minstrel: Minstrel automatic rate control algorithm 1.2 (svn r3262)
ath_rate_minstrel: look around rate set to 10%
ath_rate_minstrel: EWMA rolloff level set to 75%
ath_rate_minstrel: max segment size in the mrr set to 6000 us
ath_pci: svn r3262
ACPI: PCI Interrupt 0000:02:0a.0[A] -> GSI 22 (level, low) -> IRQ 17
Switched to NOHz mode on CPU #0
Switched to NOHz mode on CPU #1
HAL returned 27 channels.
Channel   1 (2412 MHz) Max Tx Power 18 dBm (hw limited) [18 hw 20 reg] Flags CF_CCK CF_2GHZ
Channel   1 (2412 MHz) Max Tx Power 18 dBm (hw limited) [18 hw 20 reg] Flags CF_OFDM CF_2GHZ
Channel   2 (2417 MHz) Max Tx Power 18 dBm (hw limited) [18 hw 20 reg] Flags CF_CCK CF_2GHZ
Channel   2 (2417 MHz) Max Tx Power 18 dBm (hw limited) [18 hw 20 reg] Flags CF_OFDM CF_2GHZ
Channel   3 (2422 MHz) Max Tx Power 18 dBm (hw limited) [18 hw 20 reg] Flags CF_CCK CF_2GHZ
Channel   3 (2422 MHz) Max Tx Power 18 dBm (hw limited) [18 hw 20 reg] Flags CF_OFDM CF_2GHZ
Channel   4 (2427 MHz) Max Tx Power 18 dBm (hw limited) [18 hw 20 reg] Flags CF_CCK CF_2GHZ
Channel   4 (2427 MHz) Max Tx Power 18 dBm (hw limited) [18 hw 20 reg] Flags CF_OFDM CF_2GHZ
Channel   5 (2432 MHz) Max Tx Power 18 dBm (hw limited) [18 hw 20 reg] Flags CF_CCK CF_2GHZ
Channel   5 (2432 MHz) Max Tx Power 18 dBm (hw limited) [18 hw 20 reg] Flags CF_OFDM CF_2GHZ
Channel   6 (2437 MHz) Max Tx Power 18 dBm (hw limited) [18 hw 20 reg] Flags CF_CCK CF_2GHZ
Channel   6 (2437 MHz) Max Tx Power 18 dBm (hw limited) [18 hw 20 reg] Flags CF_OFDM CF_2GHZ
Channel   6 (2437 MHz) Max Tx Power 16 dBm (hw limited) [16 hw 20 reg] Flags CF_TURBO CF_OFDM CF_2GHZ
Channel   7 (2442 MHz) Max Tx Power 18 dBm (hw limited) [18 hw 20 reg] Flags CF_CCK CF_2GHZ
Channel   7 (2442 MHz) Max Tx Power 18 dBm (hw limited) [18 hw 20 reg] Flags CF_OFDM CF_2GHZ
Channel   8 (2447 MHz) Max Tx Power 18 dBm (hw limited) [18 hw 20 reg] Flags CF_CCK CF_2GHZ
Channel   8 (2447 MHz) Max Tx Power 18 dBm (hw limited) [18 hw 20 reg] Flags CF_OFDM CF_2GHZ
Channel   9 (2452 MHz) Max Tx Power 18 dBm (hw limited) [18 hw 20 reg] Flags CF_CCK CF_2GHZ
Channel   9 (2452 MHz) Max Tx Power 18 dBm (hw limited) [18 hw 20 reg] Flags CF_OFDM CF_2GHZ
Channel  10 (2457 MHz) Max Tx Power 18 dBm (hw limited) [18 hw 20 reg] Flags CF_CCK CF_2GHZ
Channel  10 (2457 MHz) Max Tx Power 18 dBm (hw limited) [18 hw 20 reg] Flags CF_OFDM CF_2GHZ
Channel  11 (2462 MHz) Max Tx Power 18 dBm (hw limited) [18 hw 20 reg] Flags CF_CCK CF_2GHZ
Channel  11 (2462 MHz) Max Tx Power 18 dBm (hw limited) [18 hw 20 reg] Flags CF_OFDM CF_2GHZ
Channel  12 (2467 MHz) Max Tx Power 18 dBm (hw limited) [18 hw 20 reg] Flags CF_CCK CF_2GHZ
Channel  12 (2467 MHz) Max Tx Power 18 dBm (hw limited) [18 hw 20 reg] Flags CF_OFDM CF_2GHZ
Channel  13 (2472 MHz) Max Tx Power 18 dBm (hw limited) [18 hw 20 reg] Flags CF_CCK CF_2GHZ
Channel  13 (2472 MHz) Max Tx Power 18 dBm (hw limited) [18 hw 20 reg] Flags CF_OFDM CF_2GHZ
ath_pci: switching rfkill capability off
ath_pci: switching per-packet transmit power control off
wifi0: 11b rates: 1Mbps 2Mbps 5.5Mbps 11Mbps
wifi0: 11g rates: 1Mbps 2Mbps 5.5Mbps 11Mbps 6Mbps 9Mbps 12Mbps 18Mbps 24Mbps 36Mbps 48Mbps 54Mbps
wifi0: turboG rates: 6Mbps 12Mbps 18Mbps 24Mbps 36Mbps 48Mbps 54Mbps
wifi0: H/W encryption support: WEP AES AES_CCM TKIP
wifi0: mac 7.9 phy 4.5 radio 5.6
wifi0: Use hw queue 1 for WME_AC_BE traffic
wifi0: Use hw queue 0 for WME_AC_BK traffic
wifi0: Use hw queue 2 for WME_AC_VI traffic
wifi0: Use hw queue 3 for WME_AC_VO traffic
wifi0: Use hw queue 8 for CAB traffic
wifi0: Use hw queue 9 for beacons
Unable to load needed module: wlan_scan_sta; no support for automatic module loading
unable to load wlan_scan_sta
wifi0: Atheros 5212: mem=0xfeae0000, irq=17
ath_hal: 0.9.30.13 (AR5210, AR5211, AR5212, AR5416, RF5111, RF5112, RF2413, RF5413, RF2133)
wlan: svn r3262
wlan: mac acl policy registered
Driver 'sd' needs updating - please use bus_type methods
Driver 'sr' needs updating - please use bus_type methods
ata_piix 0000:00:1f.1: version 2.12
PCI: Enabling device 0000:00:1f.1 (0005 -> 0007)
ACPI: PCI Interrupt 0000:00:1f.1[A] -> GSI 18 (level, low) -> IRQ 18
PCI: Setting latency timer of device 0000:00:1f.1 to 64
scsi0 : ata_piix
scsi1 : ata_piix
ata1: PATA max UDMA/100 cmd 0x1f0 ctl 0x3f6 bmdma 0xfc00 irq 14
ata2: PATA max UDMA/100 cmd 0x170 ctl 0x376 bmdma 0xfc08 irq 15
ata2.00: ATAPI: HL-DT-ST DVDRAM GSA-4163B, A103, max UDMA/33
ata2.00: configured for UDMA/33
scsi 1:0:0:0: CD-ROM            HL-DT-ST DVDRAM GSA-4163B A103 PQ: 0 ANSI: 5
sr0: scsi3-mmc drive: 40x/40x writer dvd-ram cd/rw xa/form2 cdda tray
Uniform CD-ROM driver Revision: 3.20
sr 1:0:0:0: Attached scsi CD-ROM sr0
sr 1:0:0:0: Attached scsi generic sg0 type 5
ata_piix 0000:00:1f.2: MAP [ P0 -- P1 -- ]
ACPI: PCI Interrupt 0000:00:1f.2[A] -> GSI 18 (level, low) -> IRQ 18
PCI: Setting latency timer of device 0000:00:1f.2 to 64
scsi2 : ata_piix
scsi3 : ata_piix
ata3: SATA max UDMA/133 cmd 0xefe0 ctl 0xefac bmdma 0xef60 irq 18
ata4: SATA max UDMA/133 cmd 0xefa0 ctl 0xefa8 bmdma 0xef68 irq 18
ata4.00: ATA-7: SAMSUNG SP1213C, SV100-27, max UDMA7
ata4.00: 234493056 sectors, multi 16: LBA48 
ata4.00: configured for UDMA/133
scsi 3:0:0:0: Direct-Access     ATA      SAMSUNG SP1213C  SV10 PQ: 0 ANSI: 5
sd 3:0:0:0: [sda] 234493056 512-byte hardware sectors (120060 MB)
sd 3:0:0:0: [sda] Write Protect is off
sd 3:0:0:0: [sda] Mode Sense: 00 3a 00 00
sd 3:0:0:0: [sda] Write cache: enabled, read cache: enabled, doesn't support DPO or FUA
sd 3:0:0:0: [sda] 234493056 512-byte hardware sectors (120060 MB)
sd 3:0:0:0: [sda] Write Protect is off
sd 3:0:0:0: [sda] Mode Sense: 00 3a 00 00
sd 3:0:0:0: [sda] Write cache: enabled, read cache: enabled, doesn't support DPO or FUA
 sda: sda1 sda2 sda3 sda4
sd 3:0:0:0: [sda] Attached SCSI disk
sd 3:0:0:0: Attached scsi generic sg1 type 0
ACPI: PCI Interrupt 0000:00:1d.7[D] -> GSI 23 (level, low) -> IRQ 19
PCI: Setting latency timer of device 0000:00:1d.7 to 64
ehci_hcd 0000:00:1d.7: EHCI Host Controller
ehci_hcd 0000:00:1d.7: new USB bus registered, assigned bus number 1
ehci_hcd 0000:00:1d.7: debug port 1
PCI: cache line size of 128 is not supported by device 0000:00:1d.7
ehci_hcd 0000:00:1d.7: irq 19, io mem 0xfebffc00
ehci_hcd 0000:00:1d.7: USB 2.0 started, EHCI 1.00, driver 10 Dec 2004
usb usb1: configuration #1 chosen from 1 choice
hub 1-0:1.0: USB hub found
hub 1-0:1.0: 4 ports detected
USB Universal Host Controller Interface driver v3.0
ACPI: PCI Interrupt 0000:00:1d.0[A] -> GSI 16 (level, low) -> IRQ 16
PCI: Setting latency timer of device 0000:00:1d.0 to 64
uhci_hcd 0000:00:1d.0: UHCI Host Controller
uhci_hcd 0000:00:1d.0: new USB bus registered, assigned bus number 2
uhci_hcd 0000:00:1d.0: irq 16, io base 0x0000ef00
usb usb2: configuration #1 chosen from 1 choice
hub 2-0:1.0: USB hub found
hub 2-0:1.0: 2 ports detected
ACPI: PCI Interrupt 0000:00:1d.1[B] -> GSI 19 (level, low) -> IRQ 20
PCI: Setting latency timer of device 0000:00:1d.1 to 64
uhci_hcd 0000:00:1d.1: UHCI Host Controller
uhci_hcd 0000:00:1d.1: new USB bus registered, assigned bus number 3
uhci_hcd 0000:00:1d.1: irq 20, io base 0x0000ef20
usb usb3: configuration #1 chosen from 1 choice
hub 3-0:1.0: USB hub found
hub 3-0:1.0: 2 ports detected
usb 2-1: new low speed USB device using uhci_hcd and address 2
usb 2-1: configuration #1 chosen from 1 choice
usbcore: registered new interface driver cdc_acm
drivers/usb/class/cdc-acm.c: v0.25:USB Abstract Control Model driver for USB modems and ISDN adapters
Initializing USB Mass Storage driver...
usbcore: registered new interface driver usb-storage
USB Mass Storage support registered.
PNP: PS/2 Controller [PNP0303:PS2K] at 0x60,0x64 irq 1
PNP: PS/2 appears to have AUX port disabled, if this is incorrect please boot with i8042.nopnp
serio: i8042 KBD port at 0x60,0x64 irq 1
mice: PS/2 mouse device common for all mice
input: PC Speaker as /class/input/input2
input: AT Translated Set 2 keyboard as /class/input/input3
rtc_cmos 00:02: rtc core: registered rtc_cmos as rtc0
rtc0: alarms up to one month
i2c /dev entries driver
ACPI: PCI Interrupt 0000:00:1f.3[B] -> GSI 17 (level, low) -> IRQ 21
w83627hf: Found W83627THF chip at 0x290
w83627hf w83627hf.656: Reading VID from GPIO5
iTCO_wdt: Intel TCO WatchDog Timer Driver v1.02 (26-Jul-2007)
iTCO_wdt: Found a ICH5 or ICH5R TCO device (Version=1, TCOBASE=0x0860)
iTCO_wdt: initialized. heartbeat=30 sec (nowayout=0)
iTCO_vendor_support: vendor-support=0
device-mapper: ioctl: 4.12.0-ioctl (2007-10-02) initialised: dm-devel@redhat.com
EDAC MC: Ver: 2.1.0 Jan 26 2008
EDAC i82875p: i82875p init one
EDAC MC0: Giving out device to 'i82875p_edac' 'i82875p': DEV 0000:00:00.0
EDAC PCI0: Giving out device to module 'i82875p_edac' controller 'EDAC PCI controller': DEV '0000:00:00.0' (POLLED)
cpuidle: using governor ladder
cpuidle: using governor menu
input: HID 1241:1166 as /class/input/input4
input: USB HID v1.10 Mouse [HID 1241:1166] on usb-0000:00:1d.0-1
usbcore: registered new interface driver usbhid
drivers/hid/usbhid/hid-core.c: v2.6:USB HID core driver
Advanced Linux Sound Architecture Driver Version 1.0.15 (Tue Nov 20 19:16:42 2007 UTC).
ACPI: PCI Interrupt 0000:00:1f.5[B] -> GSI 17 (level, low) -> IRQ 21
PCI: Setting latency timer of device 0000:00:1f.5 to 64
intel8x0_measure_ac97_clock: measured 58037 usecs
intel8x0: clocking to 48000
ALSA device list:
  #0: Intel ICH5 with AD1985 at irq 21
Netfilter messages via NETLINK v0.30.
nf_conntrack version 0.5.0 (8192 buckets, 32768 max)
IPv4 over IPv4 tunneling driver
GRE over IPv4 tunneling driver
ip_tables: (C) 2000-2006 Netfilter Core Team
arp_tables: (C) 2002 David S. Miller
TCP cubic registered
Initializing XFRM netlink socket
NET: Registered protocol family 1
NET: Registered protocol family 10
lo: Disabled Privacy Extensions
tunl0: Disabled Privacy Extensions
ip6_tables: (C) 2000-2006 Netfilter Core Team
IPv6 over IPv4 tunneling driver
sit0: Disabled Privacy Extensions
NET: Registered protocol family 17
Bridge firewalling registered
Ebtables v2.0 registered
Starting balanced_irq
Using IPI Shortcut mode
rtc_cmos 00:02: setting system clock to 2008-01-27 22:28:46 UTC (1201472926)
UDF-fs: No VRS found
XFS mounting filesystem sda3
Ending clean XFS mount for filesystem: sda3
VFS: Mounted root (xfs filesystem) readonly.
Freeing unused kernel memory: 540k freed
Write protecting the kernel text: 3836k
Write protecting the kernel read-only data: 1091k
khelper used greatest stack depth: 6128 bytes left
stty used greatest stack depth: 6068 bytes left
mount used greatest stack depth: 5956 bytes left
modprobe used greatest stack depth: 5924 bytes left
modprobe used greatest stack depth: 5908 bytes left
alsactl used greatest stack depth: 5884 bytes left
Adding 2048276k swap on /dev/sda2.  Priority:-1 extents:1 across:2048276k
logsave used greatest stack depth: 5664 bytes left
XFS mounting filesystem sda1
Ending clean XFS mount for filesystem: sda1
XFS mounting filesystem sda4
Ending clean XFS mount for filesystem: sda4
skge eth0: enabling interface
ADDRCONF(NETDEV_UP): eth0: link is not ready
wpa_supplicant used greatest stack depth: 5584 bytes left
dhclient3 used greatest stack depth: 5448 bytes left
eth1: no IPv6 routers present