Date: Sun, 14 Oct 2001 19:46:49 +0100
From: Ricardo Ferreira <>
Subject: Problem with 2.4.12
Sender: linux-kernel-owner@vger.kernel.org
Precedence: bulk
List-ID: <linux-kernel.vger.kernel.org>
X-Mailing-List: linux-kernel@vger.kernel.org
X-Lkml-Link: https://lkml.org/lkml/2001/10/14/103

I have an ABIT VP6 (YT bios) with dual p3-1Ghz and 1Gb SDRAM. I have my boot 
disk (hda) and my CDROM (hdc) connected to the VIA controller. My /home disk 
(hdi) and my CDRW (hdk) are connected to the onboard HPT370 controller. I 
also have a Promise ULTRA66 in the box but its currently empty. I have no 
problems except, sometimes when i go to burn a CD, the proccess fails midway 
(therefore ruining the CDR) and more often than not these messages are in the 
logs:
Oct 14 19:32:58 thor kernel: ide-scsi: CoD != 0 in idescsi_pc_intr
Oct 14 19:32:58 thor kernel: hdk: ATAPI reset complete
Does anybody know whats going on ?
I attach the relevant info. If you need any more, please ask.
-- 
Ricardo Ferreira00:00.0 Host bridge: VIA Technologies, Inc. VT82C691 [Apollo PRO] (rev c4)
	Subsystem: Unknown device 147b:a204
	Control: I/O- Mem+ BusMaster+ SpecCycle- MemWINV- VGASnoop- ParErr- Stepping- SERR- FastB2B-
	Status: Cap+ 66Mhz- UDF- FastB2B- ParErr- DEVSEL=medium >TAbort- <TAbort- <MAbort+ >SERR- <PERR-
	Latency: 8 set
	Region 0: Memory at d8000000 (32-bit, prefetchable)
	Capabilities: [a0] AGP version 2.0
		Status: RQ=31 SBA+ 64bit- FW+ Rate=421
		Command: RQ=31 SBA+ AGP- 64bit- FW+ Rate=421
	Capabilities: [c0] Power Management version 2
		Flags: PMEClk- AuxPwr- DSI- D1- D2- PME-
		Status: D0 PME-Enable- DSel=0 DScale=0 PME-
00:01.0 PCI bridge: VIA Technologies, Inc. VT82C598 [Apollo MVP3 AGP]
	Control: I/O+ Mem+ BusMaster+ SpecCycle- MemWINV- VGASnoop- ParErr- Stepping- SERR- FastB2B-
	Status: Cap+ 66Mhz+ UDF- FastB2B- ParErr- DEVSEL=medium >TAbort- <TAbort- <MAbort+ >SERR- <PERR-
	Latency: 0 set
	Bus: primary=00, secondary=01, subordinate=01, sec-latency=0
	I/O behind bridge: 0000f000-00000fff
	Memory behind bridge: dc000000-ddffffff
	Prefetchable memory behind bridge: d0000000-d7ffffff
	BridgeCtl: Parity- SERR- NoISA+ VGA+ MAbort- >Reset- FastB2B-
00:07.0 ISA bridge: VIA Technologies, Inc.: Unknown device 0686 (rev 40)
	Subsystem: Unknown device 147b:0000
	Control: I/O+ Mem+ BusMaster+ SpecCycle- MemWINV- VGASnoop- ParErr- Stepping+ SERR- FastB2B-
	Status: Cap+ 66Mhz- UDF- FastB2B- ParErr- DEVSEL=medium >TAbort- <TAbort- <MAbort- >SERR- <PERR-
	Latency: 0 set
	Capabilities: [c0] Power Management version 2
		Flags: PMEClk- AuxPwr- DSI- D1- D2- PME-
		Status: D0 PME-Enable- DSel=0 DScale=0 PME-
00:07.1 IDE interface: VIA Technologies, Inc. VT82C586 IDE [Apollo] (rev 06) (prog-if 8a)
	Subsystem: Unknown device 1106:0571
	Control: I/O+ Mem+ BusMaster+ SpecCycle- MemWINV- VGASnoop- ParErr- Stepping- SERR- FastB2B-
	Status: Cap+ 66Mhz- UDF- FastB2B+ ParErr- DEVSEL=medium >TAbort- <TAbort- <MAbort- >SERR- <PERR-
	Latency: 32 set
	Region 4: I/O ports at 9000
	Capabilities: [c0] Power Management version 2
		Flags: PMEClk- AuxPwr- DSI- D1- D2- PME-
		Status: D0 PME-Enable- DSel=0 DScale=0 PME-
00:07.2 USB Controller: VIA Technologies, Inc. VT82C586B USB (rev 16)
	Subsystem: Unknown device 0925:1234
	Control: I/O+ Mem+ BusMaster+ SpecCycle- MemWINV- VGASnoop- ParErr- Stepping- SERR- FastB2B-
	Status: Cap+ 66Mhz- UDF- FastB2B- ParErr- DEVSEL=medium >TAbort- <TAbort- <MAbort- >SERR- <PERR-
	Latency: 32 set, cache line size 08
	Interrupt: pin D routed to IRQ 11
	Region 4: I/O ports at 9400
	Capabilities: [80] Power Management version 2
		Flags: PMEClk- AuxPwr- DSI- D1- D2- PME-
		Status: D0 PME-Enable- DSel=0 DScale=0 PME-
00:07.3 USB Controller: VIA Technologies, Inc. VT82C586B USB (rev 16)
	Subsystem: Unknown device 0925:1234
	Control: I/O+ Mem+ BusMaster+ SpecCycle- MemWINV- VGASnoop- ParErr- Stepping- SERR- FastB2B-
	Status: Cap+ 66Mhz- UDF- FastB2B- ParErr- DEVSEL=medium >TAbort- <TAbort- <MAbort- >SERR- <PERR-
	Latency: 32 set, cache line size 08
	Interrupt: pin D routed to IRQ 11
	Region 4: I/O ports at 9800
	Capabilities: [80] Power Management version 2
		Flags: PMEClk- AuxPwr- DSI- D1- D2- PME-
		Status: D0 PME-Enable- DSel=0 DScale=0 PME-
00:07.4 Bridge: VIA Technologies, Inc.: Unknown device 3057 (rev 40)
	Control: I/O- Mem- BusMaster- SpecCycle- MemWINV- VGASnoop- ParErr- Stepping- SERR- FastB2B-
	Status: Cap+ 66Mhz- UDF- FastB2B+ ParErr- DEVSEL=medium >TAbort- <TAbort- <MAbort- >SERR- <PERR-
	Interrupt: pin ? routed to IRQ 9
	Capabilities: [68] Power Management version 2
		Flags: PMEClk- AuxPwr- DSI- D1- D2- PME-
		Status: D0 PME-Enable- DSel=0 DScale=0 PME-
00:09.0 Multimedia audio controller: Trident Microsystems 4DWave DX (rev 02)
	Subsystem: Unknown device 1023:2000
	Control: I/O+ Mem+ BusMaster+ SpecCycle- MemWINV- VGASnoop- ParErr- Stepping- SERR- FastB2B-
	Status: Cap+ 66Mhz- UDF- FastB2B- ParErr- DEVSEL=medium >TAbort- <TAbort- <MAbort- >SERR- <PERR-
	Latency: 2 min, 5 max, 32 set
	Interrupt: pin A routed to IRQ 5
	Region 0: I/O ports at 9c00
	Region 1: Memory at df021000 (32-bit, non-prefetchable)
	Capabilities: [48] Power Management version 1
		Flags: PMEClk- AuxPwr- DSI- D1+ D2+ PME-
		Status: D0 PME-Enable- DSel=0 DScale=0 PME-
00:0a.0 Ethernet controller: Realtek Semiconductor Co., Ltd. 8139 (rev 10)
	Subsystem: Unknown device 10ec:8139
	Control: I/O+ Mem+ BusMaster+ SpecCycle- MemWINV- VGASnoop- ParErr- Stepping- SERR- FastB2B-
	Status: Cap+ 66Mhz- UDF- FastB2B+ ParErr- DEVSEL=medium >TAbort- <TAbort- <MAbort- >SERR- <PERR-
	Latency: 32 min, 64 max, 32 set
	Interrupt: pin A routed to IRQ 10
	Region 0: I/O ports at a000
	Region 1: Memory at df022000 (32-bit, non-prefetchable)
	Capabilities: [50] Power Management version 2
		Flags: PMEClk- AuxPwr- DSI- D1+ D2+ PME-
		Status: D0 PME-Enable- DSel=0 DScale=0 PME-
00:0b.0 Multimedia video controller: Brooktree Corporation Bt848 (rev 12)
	Control: I/O- Mem+ BusMaster+ SpecCycle- MemWINV- VGASnoop- ParErr- Stepping- SERR- FastB2B-
	Status: Cap- 66Mhz- UDF- FastB2B+ ParErr- DEVSEL=medium >TAbort- <TAbort- <MAbort- >SERR- <PERR-
	Latency: 16 min, 40 max, 32 set
	Interrupt: pin A routed to IRQ 10
	Region 0: Memory at df020000 (32-bit, prefetchable)
00:0d.0 Unknown mass storage controller: Promise Technology, Inc. 20262 (rev 01)
	Subsystem: Unknown device 105a:4d33
	Control: I/O+ Mem+ BusMaster+ SpecCycle- MemWINV- VGASnoop- ParErr- Stepping- SERR- FastB2B-
	Status: Cap+ 66Mhz- UDF- FastB2B- ParErr- DEVSEL=medium >TAbort- <TAbort- <MAbort- >SERR- <PERR-
	Latency: 32 set
	Interrupt: pin A routed to IRQ 11
	Region 0: I/O ports at a400
	Region 1: I/O ports at a800
	Region 2: I/O ports at ac00
	Region 3: I/O ports at b000
	Region 4: I/O ports at b400
	Region 5: Memory at df000000 (32-bit, non-prefetchable)
	Capabilities: [58] Power Management version 1
		Flags: PMEClk- AuxPwr- DSI- D1- D2- PME-
		Status: D0 PME-Enable- DSel=0 DScale=0 PME-
00:0e.0 Unknown mass storage controller: Triones Technologies, Inc.: Unknown device 0004 (rev 03)
	Subsystem: Unknown device 1103:0001
	Control: I/O+ Mem- BusMaster+ SpecCycle- MemWINV- VGASnoop- ParErr- Stepping- SERR- FastB2B-
	Status: Cap+ 66Mhz+ UDF- FastB2B- ParErr- DEVSEL=medium >TAbort- <TAbort- <MAbort- >SERR- <PERR-
	Latency: 8 min, 8 max, 120 set, cache line size 08
	Interrupt: pin A routed to IRQ 11
	Region 0: I/O ports at b800
	Region 1: I/O ports at bc00
	Region 2: I/O ports at c000
	Region 3: I/O ports at c400
	Region 4: I/O ports at c800
	Capabilities: [60] Power Management version 2
		Flags: PMEClk- AuxPwr- DSI+ D1- D2- PME-
		Status: D0 PME-Enable- DSel=0 DScale=0 PME-
01:00.0 VGA compatible controller: Nvidia Corporation: Unknown device 0110 (rev a1)
	Subsystem: Unknown device 14af:7100
	Control: I/O+ Mem+ BusMaster+ SpecCycle- MemWINV- VGASnoop- ParErr- Stepping- SERR- FastB2B-
	Status: Cap+ 66Mhz+ UDF- FastB2B+ ParErr- DEVSEL=medium >TAbort- <TAbort- <MAbort- >SERR- <PERR-
	Latency: 5 min, 1 max, 32 set
	Interrupt: pin A routed to IRQ 5
	Region 0: Memory at dc000000 (32-bit, non-prefetchable)
	Region 1: Memory at d0000000 (32-bit, prefetchable)
	Capabilities: [60] Power Management version 2
		Flags: PMEClk- AuxPwr- DSI- D1- D2- PME-
		Status: D0 PME-Enable- DSel=0 DScale=0 PME-
	Capabilities: [44] AGP version 2.0
		Status: RQ=31 SBA- 64bit- FW+ Rate=421
		Command: RQ=31 SBA- AGP- 64bit- FW+ Rate=421
Linux version 2.4.12 (root@thor.internal) (gcc version egcs-2.91.66 19990314 (egcs-1.1.2 release)) #3 SMP Sun Oct 14 03:15:09 WEST 2001
BIOS-provided physical RAM map:
 BIOS-e820: 0000000000000000 - 000000000009fc00 (usable)
 BIOS-e820: 000000000009fc00 - 00000000000a0000 (reserved)
 BIOS-e820: 00000000000f0000 - 0000000000100000 (reserved)
 BIOS-e820: 0000000000100000 - 000000003fff0000 (usable)
 BIOS-e820: 000000003fff0000 - 000000003fff3000 (ACPI NVS)
 BIOS-e820: 000000003fff3000 - 0000000040000000 (ACPI data)
 BIOS-e820: 00000000fec00000 - 00000000fec01000 (reserved)
 BIOS-e820: 00000000fee00000 - 00000000fee01000 (reserved)
 BIOS-e820: 00000000ffff0000 - 0000000100000000 (reserved)
Warning only 896MB will be used.
Use a HIGHMEM enabled kernel.
found SMP MP-table at 000f5700
hm, page 000f5000 reserved twice.
hm, page 000f6000 reserved twice.
hm, page 000f1000 reserved twice.
hm, page 000f2000 reserved twice.
On node 0 totalpages: 229376
zone(0): 4096 pages.
zone(1): 225280 pages.
zone(2): 0 pages.
Intel MultiProcessor Specification v1.1
    Virtual Wire compatibility mode.
OEM ID: OEM00000 Product ID: PROD00000000 APIC at: 0xFEE00000
Processor #0 Pentium(tm) Pro APIC version 17
Processor #1 Pentium(tm) Pro APIC version 17
I/O APIC #2 Version 17 at 0xFEC00000.
Processors: 2
Kernel command line: BOOT_IMAGE=linux_2412 ro root=302 debug=2
Initializing CPU#0
Detected 998.376 MHz processor.
Console: colour VGA+ 80x25
Calibrating delay loop... 1992.29 BogoMIPS
Memory: 900332k/917504k available (1327k kernel code, 16784k reserved, 377k data, 248k init, 0k highmem)
Dentry-cache hash table entries: 131072 (order: 8, 1048576 bytes)
Inode-cache hash table entries: 65536 (order: 7, 524288 bytes)
Mount-cache hash table entries: 16384 (order: 5, 131072 bytes)
Buffer-cache hash table entries: 65536 (order: 6, 262144 bytes)
Page-cache hash table entries: 262144 (order: 8, 1048576 bytes)
CPU: Before vendor init, caps: 0387fbff 00000000 00000000, vendor = 0
CPU: L1 I cache: 16K, L1 D cache: 16K
CPU: L2 cache: 256K
Intel machine check architecture supported.
Intel machine check reporting enabled on CPU#0.
CPU: After vendor init, caps: 0387fbff 00000000 00000000 00000000
CPU serial number disabled.
CPU:     After generic, caps: 0383fbff 00000000 00000000 00000000
CPU:             Common caps: 0383fbff 00000000 00000000 00000000
Enabling fast FPU save and restore... done.
Enabling unmasked SIMD FPU exception support... done.
Checking 'hlt' instruction... OK.
POSIX conformance testing by UNIFIX
mtrr: v1.40 (20010327) Richard Gooch (rgooch@atnf.csiro.au)
mtrr: detected mtrr type: Intel
CPU: Before vendor init, caps: 0383fbff 00000000 00000000, vendor = 0
CPU: L1 I cache: 16K, L1 D cache: 16K
CPU: L2 cache: 256K
Intel machine check reporting enabled on CPU#0.
CPU: After vendor init, caps: 0383fbff 00000000 00000000 00000000
CPU:     After generic, caps: 0383fbff 00000000 00000000 00000000
CPU:             Common caps: 0383fbff 00000000 00000000 00000000
CPU0: Intel Pentium III (Coppermine) stepping 0a
per-CPU timeslice cutoff: 730.97 usecs.
enabled ExtINT on CPU#0
ESR value before enabling vector: 00000000
ESR value after enabling vector: 00000000
Booting processor 1/1 eip 2000
Initializing CPU#1
masked ExtINT on CPU#1
ESR value before enabling vector: 00000000
ESR value after enabling vector: 00000000
Calibrating delay loop... 1992.29 BogoMIPS
CPU: Before vendor init, caps: 0387fbff 00000000 00000000, vendor = 0
CPU: L1 I cache: 16K, L1 D cache: 16K
CPU: L2 cache: 256K
Intel machine check reporting enabled on CPU#1.
CPU: After vendor init, caps: 0387fbff 00000000 00000000 00000000
CPU serial number disabled.
CPU:     After generic, caps: 0383fbff 00000000 00000000 00000000
CPU:             Common caps: 0383fbff 00000000 00000000 00000000
CPU1: Intel Pentium III (Coppermine) stepping 0a
Total of 2 processors activated (3984.58 BogoMIPS).
ENABLING IO-APIC IRQs
Setting 2 in the phys_id_present_map
...changing IO-APIC physical APIC ID to 2 ... ok.
init IO_APIC IRQs
 IO-APIC (apicid-pin) 2-0, 2-16, 2-17, 2-18, 2-19, 2-20, 2-21, 2-22, 2-23 not connected.
..TIMER: vector=0x31 pin1=2 pin2=0
number of MP IRQ sources: 17.
number of IO-APIC #2 registers: 24.
testing the IO APIC.......................
IO APIC #2......
.... register #00: 02000000
.......    : physical APIC id: 02
.... register #01: 00178011
.......     : max redirection entries: 0017
.......     : IO APIC version: 0011
.... register #02: 00000000
.......     : arbitration: 00
.... IRQ redirection table:
 NR Log Phy Mask Trig IRR Pol Stat Dest Deli Vect:   
 00 000 00  1    0    0   0   0    0    0    00
 01 003 03  0    0    0   0   0    1    1    39
 02 003 03  0    0    0   0   0    1    1    31
 03 003 03  0    0    0   0   0    1    1    41
 04 003 03  0    0    0   0   0    1    1    49
 05 003 03  1    1    0   1   0    1    1    51
 06 003 03  0    0    0   0   0    1    1    59
 07 003 03  0    0    0   0   0    1    1    61
 08 003 03  0    0    0   0   0    1    1    69
 09 003 03  0    0    0   0   0    1    1    71
 0a 003 03  1    1    0   1   0    1    1    79
 0b 003 03  1    1    0   1   0    1    1    81
 0c 003 03  0    0    0   0   0    1    1    89
 0d 003 03  0    0    0   0   0    1    1    91
 0e 003 03  0    0    0   0   0    1    1    99
 0f 003 03  0    0    0   0   0    1    1    A1
 10 000 00  1    0    0   0   0    0    0    00
 11 000 00  1    0    0   0   0    0    0    00
 12 000 00  1    0    0   0   0    0    0    00
 13 000 00  1    0    0   0   0    0    0    00
 14 000 00  1    0    0   0   0    0    0    00
 15 000 00  1    0    0   0   0    0    0    00
 16 000 00  1    0    0   0   0    0    0    00
 17 000 00  1    0    0   0   0    0    0    00
IRQ to pin mappings:
IRQ0 -> 0:2
IRQ1 -> 0:1
IRQ3 -> 0:3
IRQ4 -> 0:4
IRQ5 -> 0:5
IRQ6 -> 0:6
IRQ7 -> 0:7
IRQ8 -> 0:8
IRQ9 -> 0:9
IRQ10 -> 0:10
IRQ11 -> 0:11
IRQ12 -> 0:12
IRQ13 -> 0:13
IRQ14 -> 0:14
IRQ15 -> 0:15
.................................... done.
Using local APIC timer interrupts.
calibrating APIC timer ...
..... CPU clock speed is 998.2822 MHz.
..... host bus clock speed is 133.1041 MHz.
cpu: 0, clocks: 1331041, slice: 443680
CPU0<T0:1331040,T1:887360,D:0,S:443680,C:1331041>
cpu: 1, clocks: 1331041, slice: 443680
CPU1<T0:1331040,T1:443680,D:0,S:443680,C:1331041>
checking TSC synchronization across CPUs: passed.
Waiting on wait_init_idle (map = 0x2)
All processors have done init_idle
mtrr: your CPUs had inconsistent fixed MTRR settings
mtrr: your CPUs had inconsistent variable MTRR settings
mtrr: probably your BIOS does not setup all CPUs
PCI: PCI BIOS revision 2.10 entry at 0xfb370, last bus=1
PCI: Using configuration type 1
PCI: Probing PCI hardware
Unknown bridge resource 0: assuming transparent
PCI: Using IRQ router VIA [1106/0686] at 00:07.0
PCI: Enabling Via external APIC routing
isapnp: Scanning for PnP cards...
isapnp: No Plug & Play device found
Linux NET4.0 for Linux 2.4
Based upon Swansea University Computer Society NET3.039
Initializing RT netlink socket
IA-32 Microcode Update Driver: v1.08 <tigran@veritas.com>
apm: BIOS version 1.2 Flags 0x07 (Driver version 1.14)
apm: disabled - APM is not SMP safe.
Starting kswapd
VFS: Diskquotas version dquot_6.4.0 initialized
vga16fb: initializing
vga16fb: mapped to 0xc00a0000
Console: switching to colour frame buffer device 80x30
fb0: VGA16 VGA frame buffer device
pty: 256 Unix98 ptys configured
Serial driver version 5.05c (2001-07-08) with MANY_PORTS SHARE_IRQ SERIAL_PCI ISAPNP enabled
ttyS00 at 0x03f8 (irq = 4) is a 16550A
ttyS01 at 0x02f8 (irq = 3) is a 16550A
Real Time Clock Driver v1.10e
Non-volatile memory driver v1.1
block: 128 slots per queue, batch=16
Uniform Multi-Platform E-IDE driver Revision: 6.31
ide: Assuming 33MHz system bus speed for PIO modes; override with idebus=xx
VP_IDE: IDE controller on PCI bus 00 dev 39
VP_IDE: chipset revision 6
VP_IDE: not 100% native mode: will probe irqs later
ide: Assuming 33MHz system bus speed for PIO modes; override with idebus=xx
VP_IDE: VIA vt82c686b (rev 40) IDE UDMA100 controller on pci00:07.1
    ide0: BM-DMA at 0x9000-0x9007, BIOS settings: hda:DMA, hdb:pio
    ide1: BM-DMA at 0x9008-0x900f, BIOS settings: hdc:DMA, hdd:pio
PDC20262: IDE controller on PCI bus 00 dev 68
PDC20262: chipset revision 1
PDC20262: not 100% native mode: will probe irqs later
PDC20262: (U)DMA Burst Bit ENABLED Primary PCI Mode Secondary PCI Mode.
    ide2: BM-DMA at 0xb400-0xb407, BIOS settings: hde:pio, hdf:pio
    ide3: BM-DMA at 0xb408-0xb40f, BIOS settings: hdg:pio, hdh:pio
HPT370: IDE controller on PCI bus 00 dev 70
HPT370: chipset revision 3
HPT370: not 100% native mode: will probe irqs later
    ide4: BM-DMA at 0xc800-0xc807, BIOS settings: hdi:DMA, hdj:pio
    ide5: BM-DMA at 0xc808-0xc80f, BIOS settings: hdk:pio, hdl:pio
hda: ST310212A, ATA DISK drive
hdc: ASUS CD-S500/A, ATAPI CD/DVD-ROM drive
hdi: IC35L040AVER07-0, ATA DISK drive
hdk: YAMAHA CRW8824E, ATAPI CD/DVD-ROM drive
ide0 at 0x1f0-0x1f7,0x3f6 on irq 14
ide1 at 0x170-0x177,0x376 on irq 15
ide4 at 0xb800-0xb807,0xbc02 on irq 11
ide5 at 0xc000-0xc007,0xc402 on irq 11
hda: 20005650 sectors (10243 MB) w/512KiB Cache, CHS=1245/255/63, UDMA(66)
hdi: 80418240 sectors (41174 MB) w/1916KiB Cache, CHS=79780/16/63, UDMA(44)
Partition check:
 hda: hda1 hda2 hda3 hda4
 hdi: hdi1
Floppy drive(s): fd0 is 1.44M
FDC 0 is a post-1991 82077
loop: loaded (max 8 devices)
Promise Fasttrak(tm) Softwareraid driver 0.03beta: No raid array found
Highpoint HPT370 Softwareraid driver for linux version 0.01
No raid array found
usb.c: registered new driver hub
md: linear personality registered as nr 1
md: raid0 personality registered as nr 2
md: raid1 personality registered as nr 3
md: raid5 personality registered as nr 4
raid5: measuring checksumming speed
   8regs     :  1372.000 MB/sec
   32regs    :   907.200 MB/sec
   pIII_sse  :  1994.800 MB/sec
   pII_mmx   :  2217.200 MB/sec
   p5_mmx    :  2354.800 MB/sec
raid5: using function: pIII_sse (1994.800 MB/sec)
md: md driver 0.90.0 MAX_MD_DEVS=256, MD_SB_DISKS=27
md: Autodetecting RAID arrays.
md: autorun ...
md: ... autorun DONE.
LVM version 0.9.1_beta2  by Heinz Mauelshagen  (18/01/2001)
lvm -- Driver successfully initialized
NET4: Linux TCP/IP 1.0 for NET4.0
IP Protocols: ICMP, UDP, TCP, IGMP
IP: routing cache hash table of 8192 buckets, 64Kbytes
TCP: Hash tables configured (established 262144 bind 65536)
ip_conntrack (7168 buckets, 57344 max)
ip_tables: (c)2000 Netfilter core team
NET4: Unix domain sockets 1.0/SMP for Linux NET4.0.
VFS: Mounted root (ext2 filesystem) readonly.
Freeing unused kernel memory: 248k freed
SCSI subsystem driver Revision: 1.00
scsi0 : SCSI host adapter emulation for IDE ATAPI devices
  Vendor: ASUS      Model: CD-S500/A         Rev: 1.30
  Type:   CD-ROM                             ANSI SCSI revision: 02
  Vendor: YAMAHA    Model: CRW8824E          Rev: 1.00
  Type:   CD-ROM                             ANSI SCSI revision: 02
Attached scsi CD-ROM sr0 at scsi0, channel 0, id 0, lun 0
Attached scsi CD-ROM sr1 at scsi0, channel 0, id 1, lun 0
sr0: scsi3-mmc drive: 50x/50x cd/rw xa/form2 cdda tray
Uniform CD-ROM driver Revision: 3.12
sr1: scsi3-mmc drive: 24x/16x writer cd/rw xa/form2 cdda tray
8139too Fast Ethernet driver 0.9.19
eth0: RealTek RTL8139 Fast Ethernet at 0xf8863000, 00:c0:df:04:0d:d0, IRQ 10
eth0:  Identified 8139 chip type 'RTL-8139B'
usb-uhci.c: $Revision: 1.268 $ time 03:27:18 Oct 14 2001
usb-uhci.c: High bandwidth mode enabled
usb-uhci.c: USB UHCI at I/O 0x9400, IRQ 11
usb-uhci.c: Detected 2 ports
usb.c: new USB bus registered, assigned bus number 1
hub.c: USB hub found
hub.c: 2 ports detected
usb-uhci.c: USB UHCI at I/O 0x9800, IRQ 11
usb-uhci.c: Detected 2 ports
usb.c: new USB bus registered, assigned bus number 2
hub.c: USB hub found
hub.c: 2 ports detected
usb-uhci.c: v1.268:USB Universal Host Controller Interface driver
Linux video capture interface: v1.00
i2c-core.o: i2c core module
i2c-algo-bit.o: i2c bit algorithm module
bttv: driver version 0.7.72 loaded
bttv: using 2 buffers with 2080k (4160k total) for capture
bttv: Bt8xx card found (0).
bttv0: Bt848 (rev 18) at 00:0b.0, irq: 10, latency: 32, memory: 0xdf020000
bttv0: model: BT848A(MIRO PCTV) [insmod option]
i2c-core.o: adapter bt848 #0 registered as adapter 0.
bttv0: i2c: checking for MSP34xx @ 0x80... not found
bttv0: miro: id=1 tuner=0 radio=no stereo=no
bttv0: i2c: checking for MSP34xx @ 0x80... not found
bttv0: i2c: checking for TDA9875 @ 0xb0... not found
bttv0: i2c: checking for TDA7432 @ 0x8a... not found
tvaudio: TV audio decoder + audio/video mux driver
tvaudio: known chips: tda9840,tda9873h,tda9850,tda9855,tea6300,tea6420,tda8425,pic16c54 (PV951)
i2c-core.o: driver generic i2c audio driver registered.
i2c-core.o: driver i2c TV tuner driver registered.
tuner: chip found @ 0xc0
bttv0: i2c attach [Temic PAL (4002 FH5)]
i2c-core.o: client [Temic PAL (4002 FH5)] registered to adapter [bt848 #0](pos. 0).
parport0: PC-style at 0x378 [PCSPP(,...)]
parport_pc: Via 686A parallel port: io=0x378
lp0: using parport0 (polling).
i2c-viapro.o version 2.6.1 (20010830)
i2c-core.o: adapter SMBus vt82c596 adapter at 5000 registered as adapter 1.
i2c-viapro.o: vt82c596 bus detected and initialized
i2c-isa.o version 2.5.5 (20010115)
i2c-core.o: adapter ISA main adapter registered as adapter 2.
i2c-isa.o: ISA bus access for i2c modules initialized.
gameport0: Trident Microsystems 4DWave DX at pci00:09.0 speed 2982 kHz
Adding Swap: 265064k swap-space (priority -1)
dhcpcd uses obsolete (PF_INET,SOCK_PACKET)
eth0: Setting 100mbps full-duplex based on auto-negotiated partner ability 45e1.
hdk: drive_cmd: status=0x51 { DriveReady SeekComplete Error }
hdk: drive_cmd: error=0x04
ide-scsi: CoD != 0 in idescsi_pc_intr
hdk: ATAPI reset complete
processor	: 0
vendor_id	: GenuineIntel
cpu family	: 6
model		: 8
model name	: Pentium III (Coppermine)
stepping	: 10
cpu MHz		: 998.376
cache size	: 256 KB
fdiv_bug	: no
hlt_bug		: no
f00f_bug	: no
coma_bug	: no
fpu		: yes
fpu_exception	: yes
cpuid level	: 2
wp		: yes
flags		: fpu vme de pse tsc msr pae mce cx8 apic sep mtrr pge mca cmov pat pse36 mmx fxsr sse
bogomips	: 1992.29
processor	: 1
vendor_id	: GenuineIntel
cpu family	: 6
model		: 8
model name	: Pentium III (Coppermine)
stepping	: 10
cpu MHz		: 998.376
cache size	: 256 KB
fdiv_bug	: no
hlt_bug		: no
f00f_bug	: no
coma_bug	: no
fpu		: yes
fpu_exception	: yes
cpuid level	: 2
wp		: yes
flags		: fpu vme de pse tsc msr pae mce cx8 apic sep mtrr pge mca cmov pat pse36 mmx fxsr sse
bogomips	: 1992.29
           CPU0       CPU1       
  0:    2756341    2762849    IO-APIC-edge  timer
  1:       1552       1541    IO-APIC-edge  keyboard
  2:          0          0          XT-PIC  cascade
  8:          0          0    IO-APIC-edge  rtc
 10:    3438178    3412655   IO-APIC-level  bttv, eth0
 11:      34426      31337   IO-APIC-level  ide4, ide5, usb-uhci, usb-uhci
 14:      44195      39555    IO-APIC-edge  ide0
 15:          5          2    IO-APIC-edge  ide1
NMI:          0          0 
LOC:    5507049    5509459 
ERR:          0
MIS:          0