Date: Sat, 18 Aug 2007 11:07:55 +0400
From: Andrey Borzenkov <>
Subject: [2.6.23-rc3 possible regression] 8250 claims nonexisting device blocking IO port
Sender: linux-kernel-owner@vger.kernel.org
Precedence: bulk
List-ID: <linux-kernel.vger.kernel.org>
X-Mailing-List: linux-kernel@vger.kernel.org
X-Lkml-Link: https://lkml.org/lkml/2007/8/18/20

This is related to thread "2.6.22-rc: regression: no irda0 interface (2.6.21 
was OK), smsc does not find chip" but it is already way too overloaded.
In 2.6.23 smsc-ircc2 fails to initialize IrDA controller. Apparently because 
it by default is using the same IO port as ttyS3 and this is now claimed by 
8250.
2.6.22:
[  469.821782] Serial: 8250/16550 driver $Revision: 1.90 $ 4 ports, IRQ 
sharing enabled
[  469.853873] Yenta: ISA IRQ mask 0x04b8, PCI irq 11
[  469.853890] Socket status: 30000007
[  469.858814] ACPI: PCI Interrupt Link [LNKH] enabled at IRQ 11
[  469.858836] ACPI: PCI Interrupt 0000:00:06.0[A] -> Link [LNKH] -> GSI 11 
(level, low) -> IRQ 11
[  469.973485] 00:09: ttyS0 at I/O 0x3f8 (irq = 4) is a 16550A
[  470.233276] pccard: PCMCIA card inserted into slot 0
[  470.262099] NET: Registered protocol family 23
[  470.306381] Detected unconfigured Toshiba laptop with ALi ISA bridge SMSC 
IrDA chip, pre-configuring device.
[  470.306415] Activated ALi 1533 ISA bridge port 0x02e8.
[  470.306427] Activated ALi 1533 ISA bridge port 0x02f8.
[  470.306649] found SMC SuperIO Chip (devid=0x5a rev=00 base=0x002e): 
LPC47N227
[  470.306681] smsc_superio_flat(): fir: 0x2f8, sir: 0x2e8, dma: 03, irq: 7, 
mode: 0x0e
[  470.306716] SMsC IrDA Controller found
[  470.306719]  IrCC version 2.0, firport 0x2f8, sirport 0x2e8 dma=3, irq=7
[  470.306917] No transceiver found. Defaulting to Fast pin select
[  470.307472] IrDA: Registered device irda0
2.6.23:
[  527.077955] Serial: 8250/16550 driver $Revision: 1.90 $ 4 ports, IRQ 
sharing enabled
[  527.078628] serial8250: ttyS0 at I/O 0x3f8 (irq = 4) is a 16550A
[  527.080142] serial8250: ttyS3 at I/O 0x2e8 (irq = 3) is a 16550A
[  527.129869] usbcore: registered new device driver usb
[  527.153849] e100: Intel(R) PRO/100 Network Driver, 3.5.23-k4-NAPI
[  527.153867] e100: Copyright(c) 1999-2006 Intel Corporation
[  527.155556] ACPI: PCI Interrupt Link [LNKD] enabled at IRQ 11
[  527.155570] ACPI: PCI Interrupt 0000:00:0a.0[A] -> Link [LNKD] -> GSI 11 
(level, low) -> IRQ 11
[  527.350234] e100: eth0: e100_probe: addr 0xf7efd000, irq 11, MAC addr 
00:00:39:D7:14:A1
[  527.350406] Yenta: CardBus bridge found at 0000:00:10.0 [12a3:ab01]
[  527.350466] Yenta: Using CSCINT to route CSC interrupts to PCI
[  527.350474] Yenta: Routing CardBus interrupts to PCI
[  527.350489] Yenta TI: socket 0000:00:10.0, mfunc 0x01000002, devctl 0x60
[  527.420546] 00:09: ttyS0 at I/O 0x3f8 (irq = 4) is a 16550A
[  527.443070] ohci_hcd: 2006 August 04 USB 1.1 'Open' Host Controller (OHCI) 
Driver
[  527.580072] Yenta: ISA IRQ mask 0x0000, PCI irq 11
[  527.580091] Socket status: 30000059
[  527.630514] NET: Registered protocol family 23
[  527.704313] Yenta: CardBus bridge found at 0000:00:11.0 [1179:0001]
[  527.774824] Detected unconfigured Toshiba laptop with ALi ISA bridge SMSC 
IrDA chip, pre-configuring device.
[  527.774863] Activated ALi 1533 ISA bridge port 0x02e8.
[  527.774878] Activated ALi 1533 ISA bridge port 0x02f8.
[  527.775087] found SMC SuperIO Chip (devid=0x5a rev=00 base=0x002e): 
LPC47N227
[  527.775121] smsc_superio_flat(): fir: 0x2f8, sir: 0x2e8, dma: 03, irq: 7, 
mode: 0x0e
[  527.775145] smsc_ircc_present: can't get sir_base of 0x2e8
I attach full dmesg from 2.6.22 and 2.6.23 as well as kernel config. The 
following is on 2.6.23:
{pts/1}% lspnp -vvv
00:00 PNP0c01 System board
    state = active
    allocated resources:
        mem 0x0-0x9ffff
        mem 0xe0000-0xeffff
        mem 0xf0000-0xfffff
        mem 0x100000-0x1ef5ffff
00:01 PNP0a03 PCI bus
    state = active
    allocated resources:
        io 0xcf8-0xcff
00:02 PNP0200 AT DMA controller
    state = active
    allocated resources:
        io 0x0-0xf
        io 0x81-0x83
        io 0x87-0x87
        io 0x89-0x8b
        io 0x8f-0x8f
        io 0xc0-0xdf
        dma 4
00:03 PNP0800 AT speaker
    state = active
    allocated resources:
        io 0x61-0x61
00:04 PNP0c04 Math coprocessor
    state = active
    allocated resources:
        io 0xf0-0xff
        irq 13
00:05 PNP0303 IBM enhanced keyboard (101/102-key, PS/2 mouse support)
    state = active
    allocated resources:
        io 0x60-0x60
        io 0x64-0x64
        irq 1
00:06 PNP0f13 PS/2 port for PS/2-style mice
    state = active
    allocated resources:
        irq 12
00:07 PNP0b00 AT real-time clock
    state = active
    allocated resources:
        io 0x70-0x71
        irq 8
00:08 PNP0c02 Motherboard resources
    state = active
    allocated resources:
        io 0x2e-0x2f
        io 0x62-0x62
        io 0x66-0x66
        io 0x80-0x80
        io 0x84-0x86
        io 0x88-0x88
        io 0x8c-0x8e
        io 0x92-0x92
00:09 PNP0501 16550A-compatible serial port
    state = active
    allocated resources:
        io 0x3f8-0x3ff
        irq 4
    possible resources:
        irq 3,4,5,6,7,10,11 High-Edge
        Dependent: 01 - Priority acceptable
           port 0x3f8-0x3f8, align 0x0, size 0x8, 16-bit address decoding
        Dependent: 02 - Priority acceptable
           port 0x2f8-0x2f8, align 0x0, size 0x8, 16-bit address decoding
        Dependent: 03 - Priority acceptable
           port 0x2e8-0x2e8, align 0x0, size 0x8, 16-bit address decoding
        Dependent: 04 - Priority acceptable
           port 0x3e8-0x3e8, align 0x0, size 0x8, 16-bit address decoding
00:0a SMCf010 SMC Fast Infrared Port
    state = active
    allocated resources:
        io 0x2e8-0x2ef
        io 0x100-0x107
        irq 5
        dma 1
    possible resources:
        port 0x100-0x130, align 0xf, size 0x8, 16-bit address decoding
        irq 3,4,5,6,7,10,11 High-Edge
        dma 1,2,3 16-bit compatible
        Dependent: 01 - Priority acceptable
           port 0x3f8-0x3f8, align 0x0, size 0x8, 16-bit address decoding
        Dependent: 02 - Priority acceptable
           port 0x2e8-0x2e8, align 0x0, size 0x8, 16-bit address decoding
        Dependent: 03 - Priority acceptable
           port 0x2f8-0x2f8, align 0x0, size 0x8, 16-bit address decoding
        Dependent: 04 - Priority acceptable
           port 0x3e8-0x3e8, align 0x0, size 0x8, 16-bit address decoding
00:0b PNP0401 ECP printer port
    state = active
    allocated resources:
        io 0x378-0x37a
        io 0x778-0x77a
        irq 7
        dma 3
    possible resources:
        dma 1,2,3 8-bit compatible
        Dependent: 01 - Priority acceptable
           port 0x378-0x378, align 0x0, size 0x3, 16-bit address decoding
           port 0x778-0x778, align 0x0, size 0x3, 16-bit address decoding
           irq 7 High-Edge
        Dependent: 02 - Priority acceptable
           port 0x278-0x278, align 0x0, size 0x3, 16-bit address decoding
           port 0x678-0x678, align 0x0, size 0x3, 16-bit address decoding
           irq 5 High-Edge
        Dependent: 03 - Priority acceptable
           port 0x3bc-0x3bc, align 0x0, size 0x3, 16-bit address decoding
           port 0x7bc-0x7bc, align 0x0, size 0x3, 16-bit address decoding
           irq 7 High-Edge
{pts/1}% lspci -nn
00:00.0 Host bridge [0600]: ALi Corporation M1644/M1644T Northbridge+Trident 
[10b9:1644] (rev 01)
00:01.0 PCI bridge [0604]: ALi Corporation PCI to AGP Controller [10b9:5247]
00:02.0 USB Controller [0c03]: ALi Corporation USB 1.1 Controller [10b9:5237] 
(rev 03)
00:04.0 IDE interface [0101]: ALi Corporation M5229 IDE [10b9:5229] (rev c3)
00:06.0 Multimedia audio controller [0401]: ALi Corporation M5451 PCI AC-Link 
Controller Audio Device [10b9:5451] (rev 01)
00:07.0 ISA bridge [0601]: ALi Corporation M1533/M1535 PCI to ISA Bridge 
[Aladdin IV/V/V+] [10b9:1533]
00:08.0 Bridge [0680]: ALi Corporation M7101 Power Management Controller [PMU] 
[10b9:7101]
00:0a.0 Ethernet controller [0200]: Intel Corporation 82557/8/9 Ethernet Pro 
100 [8086:1229] (rev 08)
00:10.0 CardBus bridge [0607]: Texas Instruments PCI1410 PC card Cardbus 
Controller [104c:ac50] (rev 01)
00:11.0 CardBus bridge [0607]: Toshiba America Info Systems ToPIC100 PCI to 
Cardbus Bridge with ZV Support [1179:0617] (rev 32)
00:11.1 CardBus bridge [0607]: Toshiba America Info Systems ToPIC100 PCI to 
Cardbus Bridge with ZV Support [1179:0617] (rev 32)
00:12.0 System peripheral [0880]: Toshiba America Info Systems SD TypA 
Controller [1179:0805] (rev 03)
01:00.0 VGA compatible controller [0300]: Trident Microsystems CyberBlade 
XPAi1 [1023:8820] (rev 82)
[    0.000000] Linux version 2.6.22-2avb (bor@cooker) (gcc version 4.2.1 20070704 (prerelease) (4.2.1-3mdv2008.0)) #23 Sat Jul 14 21:04:49 MSD 2007
[    0.000000] BIOS-provided physical RAM map:
[    0.000000]  BIOS-e820: 0000000000000000 - 000000000009fc00 (usable)
[    0.000000]  BIOS-e820: 000000000009fc00 - 00000000000a0000 (reserved)
[    0.000000]  BIOS-e820: 00000000000e0000 - 00000000000eee00 (reserved)
[    0.000000]  BIOS-e820: 00000000000eee00 - 00000000000ef000 (ACPI NVS)
[    0.000000]  BIOS-e820: 00000000000ef000 - 0000000000100000 (reserved)
[    0.000000]  BIOS-e820: 0000000000100000 - 000000001ef60000 (usable)
[    0.000000]  BIOS-e820: 000000001ef60000 - 000000001ef70000 (ACPI data)
[    0.000000]  BIOS-e820: 000000001ef70000 - 0000000020000000 (reserved)
[    0.000000]  BIOS-e820: 00000000fff80000 - 0000000100000000 (reserved)
[    0.000000] 495MB LOWMEM available.
[    0.000000] Entering add_active_range(0, 0, 126816) 0 entries of 256 used
[    0.000000] Zone PFN ranges:
[    0.000000]   DMA             0 ->     4096
[    0.000000]   Normal       4096 ->   126816
[    0.000000] early_node_map[1] active PFN ranges
[    0.000000]     0:        0 ->   126816
[    0.000000] On node 0 totalpages: 126816
[    0.000000]   DMA zone: 32 pages used for memmap
[    0.000000]   DMA zone: 0 pages reserved
[    0.000000]   DMA zone: 4064 pages, LIFO batch:0
[    0.000000]   Normal zone: 958 pages used for memmap
[    0.000000]   Normal zone: 121762 pages, LIFO batch:31
[    0.000000] DMI 2.3 present.
[    0.000000] ACPI: RSDP 000F0090, 0014 (r0 TOSHIB)
[    0.000000] ACPI: RSDT 1EF60000, 0028 (r1 TOSHIB 750        970814 TASM  4010000)
[    0.000000] ACPI: FACP 1EF60054, 0084 (r2 TOSHIB 750        970814 TASM  4010000)
[    0.000000] ACPI: DSDT 1EF600D8, 68DA (r1 TOSHIB 4000     20020417 MSFT  100000A)
[    0.000000] ACPI: FACS 000EEE00, 0040
[    0.000000] ACPI: PM-Timer IO Port: 0xee08
[    0.000000] Allocating PCI resources starting at 30000000 (gap: 20000000:dff80000)
[    0.000000] swsusp: Registered nosave memory region: 000000000009f000 - 00000000000a0000
[    0.000000] swsusp: Registered nosave memory region: 00000000000a0000 - 00000000000e0000
[    0.000000] swsusp: Registered nosave memory region: 00000000000e0000 - 00000000000ee000
[    0.000000] swsusp: Registered nosave memory region: 00000000000ee000 - 00000000000ef000
[    0.000000] swsusp: Registered nosave memory region: 00000000000ef000 - 0000000000100000
[    0.000000] Built 1 zonelists.  Total pages: 125826
[    0.000000] Kernel command line: BOOT_IMAGE=2.6.22-2avb root=LABEL=/ resume=LABEL=swap splash=silent vga=791 1
[    0.000000] Enabling fast FPU save and restore... done.
[    0.000000] Enabling unmasked SIMD FPU exception support... done.
[    0.000000] Initializing CPU#0
[    0.000000] PID hash table entries: 2048 (order: 11, 8192 bytes)
[    0.000000] Detected 747.774 MHz processor.
[  454.052896] Console: colour dummy device 80x25
[  454.053095] Lock dependency validator: Copyright (c) 2006 Red Hat, Inc., Ingo Molnar
[  454.053111] ... MAX_LOCKDEP_SUBCLASSES:    8
[  454.053120] ... MAX_LOCK_DEPTH:          30
[  454.053129] ... MAX_LOCKDEP_KEYS:        2048
[  454.053138] ... CLASSHASH_SIZE:           1024
[  454.053147] ... MAX_LOCKDEP_ENTRIES:     8192
[  454.053157] ... MAX_LOCKDEP_CHAINS:      16384
[  454.053166] ... CHAINHASH_SIZE:          8192
[  454.053175]  memory used by lock dependency info: 992 kB
[  454.053186]  per task-struct memory footprint: 1200 bytes
[  454.053197] ------------------------
[  454.053205] | Locking API testsuite:
[  454.053215] ----------------------------------------------------------------------------
[  454.053229]                                  | spin |wlock |rlock |mutex | wsem | rsem |
[  454.053244]   --------------------------------------------------------------------------
[  454.053291]                      A-A deadlock:  ok  |  ok  |  ok  |  ok  |  ok  |  ok  |
[  454.056214]                  A-B-B-A deadlock:  ok  |  ok  |  ok  |  ok  |  ok  |  ok  |
[  454.058374]              A-B-B-C-C-A deadlock:  ok  |  ok  |  ok  |  ok  |  ok  |  ok  |
[  454.060582]              A-B-C-A-B-C deadlock:  ok  |  ok  |  ok  |  ok  |  ok  |  ok  |
[  454.062789]          A-B-B-C-C-D-D-A deadlock:  ok  |  ok  |  ok  |  ok  |  ok  |  ok  |
[  454.065052]          A-B-C-D-B-D-D-A deadlock:  ok  |  ok  |  ok  |  ok  |  ok  |  ok  |
[  454.067317]          A-B-C-D-B-C-D-A deadlock:  ok  |  ok  |  ok  |  ok  |  ok  |  ok  |
[  454.069585]                     double unlock:  ok  |  ok  |  ok  |  ok  |  ok  |  ok  |
[  454.071698]                   initialize held:  ok  |  ok  |  ok  |  ok  |  ok  |  ok  |
[  454.073804]                  bad unlock order:  ok  |  ok  |  ok  |  ok  |  ok  |  ok  |
[  454.075955]   --------------------------------------------------------------------------
[  454.075969]               recursive read-lock:             |  ok  |             |  ok  |
[  454.076685]            recursive read-lock #2:             |  ok  |             |  ok  |
[  454.077399]             mixed read-write-lock:             |  ok  |             |  ok  |
[  454.078120]             mixed write-read-lock:             |  ok  |             |  ok  |
[  454.078839]   --------------------------------------------------------------------------
[  454.078854]      hard-irqs-on + irq-safe-A/12:  ok  |  ok  |  ok  |
[  454.079922]      soft-irqs-on + irq-safe-A/12:  ok  |  ok  |  ok  |
[  454.080995]      hard-irqs-on + irq-safe-A/21:  ok  |  ok  |  ok  |
[  454.082058]      soft-irqs-on + irq-safe-A/21:  ok  |  ok  |  ok  |
[  454.083122]        sirq-safe-A => hirqs-on/12:  ok  |  ok  |  ok  |
[  454.084188]        sirq-safe-A => hirqs-on/21:  ok  |  ok  |  ok  |
[  454.085252]          hard-safe-A + irqs-on/12:  ok  |  ok  |  ok  |
[  454.086314]          soft-safe-A + irqs-on/12:  ok  |  ok  |  ok  |
[  454.087380]          hard-safe-A + irqs-on/21:  ok  |  ok  |  ok  |
[  454.088443]          soft-safe-A + irqs-on/21:  ok  |  ok  |  ok  |
[  454.089507]     hard-safe-A + unsafe-B #1/123:  ok  |  ok  |  ok  |
[  454.090597]     soft-safe-A + unsafe-B #1/123:  ok  |  ok  |  ok  |
[  454.091684]     hard-safe-A + unsafe-B #1/132:  ok  |  ok  |  ok  |
[  454.092768]     soft-safe-A + unsafe-B #1/132:  ok  |  ok  |  ok  |
[  454.093855]     hard-safe-A + unsafe-B #1/213:  ok  |  ok  |  ok  |
[  454.094939]     soft-safe-A + unsafe-B #1/213:  ok  |  ok  |  ok  |
[  454.096023]     hard-safe-A + unsafe-B #1/231:  ok  |  ok  |  ok  |
[  454.097105]     soft-safe-A + unsafe-B #1/231:  ok  |  ok  |  ok  |
[  454.098188]     hard-safe-A + unsafe-B #1/312:  ok  |  ok  |  ok  |
[  454.099261]     soft-safe-A + unsafe-B #1/312:  ok  |  ok  |  ok  |
[  454.100335]     hard-safe-A + unsafe-B #1/321:  ok  |  ok  |  ok  |
[  454.101414]     soft-safe-A + unsafe-B #1/321:  ok  |  ok  |  ok  |
[  454.102497]     hard-safe-A + unsafe-B #2/123:  ok  |  ok  |  ok  |
[  454.103585]     soft-safe-A + unsafe-B #2/123:  ok  |  ok  |  ok  |
[  454.104677]     hard-safe-A + unsafe-B #2/132:  ok  |  ok  |  ok  |
[  454.105764]     soft-safe-A + unsafe-B #2/132:  ok  |  ok  |  ok  |
[  454.106852]     hard-safe-A + unsafe-B #2/213:  ok  |  ok  |  ok  |
[  454.107935]     soft-safe-A + unsafe-B #2/213:  ok  |  ok  |  ok  |
[  454.109022]     hard-safe-A + unsafe-B #2/231:  ok  |  ok  |  ok  |
[  454.110101]     soft-safe-A + unsafe-B #2/231:  ok  |  ok  |  ok  |
[  454.111186]     hard-safe-A + unsafe-B #2/312:  ok  |  ok  |  ok  |
[  454.112265]     soft-safe-A + unsafe-B #2/312:  ok  |  ok  |  ok  |
[  454.113354]     hard-safe-A + unsafe-B #2/321:  ok  |  ok  |  ok  |
[  454.114434]     soft-safe-A + unsafe-B #2/321:  ok  |  ok  |  ok  |
[  454.115519]       hard-irq lock-inversion/123:  ok  |  ok  |  ok  |
[  454.116604]       soft-irq lock-inversion/123:  ok  |  ok  |  ok  |
[  454.117694]       hard-irq lock-inversion/132:  ok  |  ok  |  ok  |
[  454.118778]       soft-irq lock-inversion/132:  ok  |  ok  |  ok  |
[  454.119868]       hard-irq lock-inversion/213:  ok  |  ok  |  ok  |
[  454.120952]       soft-irq lock-inversion/213:  ok  |  ok  |  ok  |
[  454.122041]       hard-irq lock-inversion/231:  ok  |  ok  |  ok  |
[  454.123121]       soft-irq lock-inversion/231:  ok  |  ok  |  ok  |
[  454.124208]       hard-irq lock-inversion/312:  ok  |  ok  |  ok  |
[  454.125290]       soft-irq lock-inversion/312:  ok  |  ok  |  ok  |
[  454.126380]       hard-irq lock-inversion/321:  ok  |  ok  |  ok  |
[  454.127461]       soft-irq lock-inversion/321:  ok  |  ok  |  ok  |
[  454.128546]       hard-irq read-recursion/123:  ok  |
[  454.128915]       soft-irq read-recursion/123:  ok  |
[  454.129285]       hard-irq read-recursion/132:  ok  |
[  454.129653]       soft-irq read-recursion/132:  ok  |
[  454.130024]       hard-irq read-recursion/213:  ok  |
[  454.130392]       soft-irq read-recursion/213:  ok  |
[  454.130762]       hard-irq read-recursion/231:  ok  |
[  454.131130]       soft-irq read-recursion/231:  ok  |
[  454.131500]       hard-irq read-recursion/312:  ok  |
[  454.131869]       soft-irq read-recursion/312:  ok  |
[  454.132239]       hard-irq read-recursion/321:  ok  |
[  454.132608]       soft-irq read-recursion/321:  ok  |
[  454.132979] -------------------------------------------------------
[  454.132991] Good, all 218 testcases passed! |
[  454.133001] ---------------------------------
[  454.134608] Dentry cache hash table entries: 65536 (order: 6, 262144 bytes)
[  454.137484] Inode-cache hash table entries: 32768 (order: 5, 131072 bytes)
[  454.242754] Memory: 496732k/507264k available (1728k kernel code, 9908k reserved, 789k data, 180k init, 0k highmem)
[  454.242827] virtual kernel memory layout:
[  454.242831]     fixmap  : 0xffff8000 - 0xfffff000   (  28 kB)
[  454.242836]     vmalloc : 0xdf800000 - 0xffff6000   ( 519 MB)
[  454.242840]     lowmem  : 0xc0000000 - 0xdef60000   ( 495 MB)
[  454.242844]       .init : 0xc0378000 - 0xc03a5000   ( 180 kB)
[  454.242849]       .data : 0xc02b0045 - 0xc0375564   ( 789 kB)
[  454.242853]       .text : 0xc0100000 - 0xc02b0045   (1728 kB)
[  454.242889] Checking if this processor honours the WP bit even in supervisor mode... Ok.
[  454.243138] SLUB: Genslabs=22, HWalign=32, Order=0-1, MinObjects=4, CPUs=1, Nodes=1
[  454.326535] Calibrating delay using timer specific routine.. 1497.72 BogoMIPS (lpj=2495565)
[  454.326733] Mount-cache hash table entries: 512
[  454.327675] CPU: After generic identify, caps: 0383f9ff 00000000 00000000 00000000 00000000 00000000 00000000
[  454.327714] CPU: L1 I cache: 16K, L1 D cache: 16K
[  454.327728] CPU: L2 cache: 256K
[  454.327745] CPU: After all inits, caps: 0383f9ff 00000000 00000000 00000040 00000000 00000000 00000000
[  454.327781] Compat vDSO mapped to ffffe000.
[  454.327837] CPU: Intel Pentium III (Coppermine) stepping 0a
[  454.327862] Checking 'hlt' instruction... OK.
[  454.340215] ACPI: Core revision 20070126
[  454.348340] ACPI: setting ELCR to 0200 (from 0a00)
[  454.350418] NET: Registered protocol family 16
[  454.351551] ACPI: bus type pci registered
[  454.352570] PCI: PCI BIOS revision 2.10 entry at 0xfe5ae, last bus=5
[  454.352584] PCI: Using configuration type 1
[  454.352594] Setting up standard PCI resources
[  454.371274] ACPI: Interpreter enabled
[  454.371329] ACPI: (supports S0 S3 S4 S5)
[  454.371428] ACPI: Using PIC for interrupt routing
[  454.399495] ACPI: PCI Root Bridge [PCI0] (0000:00)
[  454.399633] PCI: Probing PCI hardware (bus 00)
[  454.400823] PCI quirk: region ee00-ee3f claimed by ali7101 ACPI
[  454.400852] PCI quirk: region ef00-ef1f claimed by ali7101 SMB
[  454.402558] ACPI: PCI Interrupt Routing Table [\_SB_.PCI0._PRT]
[  454.403005] ACPI: PCI Interrupt Routing Table [\_SB_.PCI0.PCI1._PRT]
[  454.423492] ACPI: PCI Interrupt Link [LNKA] (IRQs 3 4 5 6 7 10 *11)
[  454.424116] ACPI: PCI Interrupt Link [LNKB] (IRQs 3 4 5 6 7 10 *11)
[  454.424696] ACPI: PCI Interrupt Link [LNKC] (IRQs 3 4 5 6 7 10 *11)
[  454.425278] ACPI: PCI Interrupt Link [LNKD] (IRQs 3 4 5 6 7 10 *11)
[  454.425858] ACPI: PCI Interrupt Link [LNKG] (IRQs 3 4 5 6 7 10 *11)
[  454.426456] ACPI: PCI Interrupt Link [LNKH] (IRQs 3 4 5 6 7 10 *11)
[  454.427530] ACPI: Power Resource [PFAN] (off)
[  454.427590] Linux Plug and Play Support v0.97 (c) Adam Belay
[  454.427710] pnp: PnP ACPI init
[  454.427825] ACPI: bus type pnp registered
[  454.445953] pnp: Device 00:0a activated.
[  454.446013]  00:0a: SMCf010 not responding at SIR 0x100, FIR 0x2e8; auto-configuring
[  454.447561] pnp: Device 00:0a disabled.
[  454.452934] pnp: Device 00:0a activated.
[  454.452961]  00:0a: not responding at SIR 0x100, FIR 0x2e8; swapping SIR/FIR and reconfiguring
[  454.454480] pnp: Device 00:0a disabled.
[  454.460882] pnp: Device 00:0a activated.
[  454.460908]  00:0a: responds at SIR 0x2e8, FIR 0x100
[  454.468418] pnp: PnP ACPI: found 12 devices
[  454.468457] ACPI: ACPI bus type pnp unregistered
[  454.468775] PCI: Using ACPI for IRQ routing
[  454.468793] PCI: If a device doesn't work, try "pci=routeirq".  If it helps, post a report
[  454.479753] pnp: 00:00: iomem range 0x0-0x9ffff could not be reserved
[  454.479781] pnp: 00:00: iomem range 0xe0000-0xeffff could not be reserved
[  454.479809] Time: tsc clocksource has been installed.
[  454.479843] pnp: 00:00: iomem range 0xf0000-0xfffff could not be reserved
[  454.479860] pnp: 00:00: iomem range 0x100000-0x1ef5ffff could not be reserved
[  454.511880] PCI: Bridge: 0000:00:01.0
[  454.511901]   IO window: disabled.
[  454.511921]   MEM window: f7f00000-fdffffff
[  454.511937]   PREFETCH window: 48000000-480fffff
[  454.511958] PCI: Bus 2, cardbus bridge: 0000:00:10.0
[  454.511969]   IO window: 00001000-000010ff
[  454.511984]   IO window: 00001400-000014ff
[  454.512000]   PREFETCH window: 30000000-33ffffff
[  454.512015]   MEM window: 34000000-37ffffff
[  454.512030] PCI: Bus 6, cardbus bridge: 0000:00:11.0
[  454.512041]   IO window: 00001800-000018ff
[  454.512056]   IO window: 00001c00-00001cff
[  454.512071]   PREFETCH window: 38000000-3bffffff
[  454.512087]   MEM window: 3c000000-3fffffff
[  454.512102] PCI: Bus 10, cardbus bridge: 0000:00:11.1
[  454.512113]   IO window: 00002000-000020ff
[  454.512128]   IO window: 00002400-000024ff
[  454.512143]   PREFETCH window: 40000000-43ffffff
[  454.512159]   MEM window: 44000000-47ffffff
[  454.512198] PCI: Setting latency timer of device 0000:00:01.0 to 64
[  454.512242] PCI: Enabling device 0000:00:10.0 (0000 -> 0003)
[  454.513650] ACPI: PCI Interrupt Link [LNKC] enabled at IRQ 11
[  454.513674] PCI: setting IRQ 11 as level-triggered
[  454.513683] ACPI: PCI Interrupt 0000:00:10.0[A] -> Link [LNKC] -> GSI 11 (level, low) -> IRQ 11
[  454.513739] PCI: Enabling device 0000:00:11.0 (0000 -> 0003)
[  454.514715] ACPI: PCI Interrupt Link [LNKA] enabled at IRQ 11
[  454.514729] ACPI: PCI Interrupt 0000:00:11.0[A] -> Link [LNKA] -> GSI 11 (level, low) -> IRQ 11
[  454.514782] PCI: Enabling device 0000:00:11.1 (0000 -> 0003)
[  454.515753] ACPI: PCI Interrupt Link [LNKB] enabled at IRQ 11
[  454.515767] ACPI: PCI Interrupt 0000:00:11.1[B] -> Link [LNKB] -> GSI 11 (level, low) -> IRQ 11
[  454.515860] NET: Registered protocol family 2
[  454.546640] IP route cache hash table entries: 4096 (order: 2, 16384 bytes)
[  454.547056] TCP established hash table entries: 16384 (order: 7, 720896 bytes)
[  454.553561] TCP bind hash table entries: 16384 (order: 7, 720896 bytes)
[  454.560358] TCP: Hash tables configured (established 16384 bind 16384)
[  454.560519] TCP reno registered
[  454.570660] checking if image is initramfs... it is
[  454.691147] Freeing initrd memory: 487k freed
[  454.693770] audit: initializing netlink socket (disabled)
[  454.693912] audit(1187418596.239:1): initialized
[  454.711080] io scheduler noop registered
[  454.711131] io scheduler anticipatory registered
[  454.711142] io scheduler deadline registered
[  454.711593] io scheduler cfq registered (default)
[  454.711688] Activating ISA DMA hang workarounds.
[  454.711736] Boot video device is 0000:01:00.0
[  454.712389] vesafb: framebuffer at 0xfc000000, mapped to 0xdf880000, using 3072k, total 16384k
[  454.712422] vesafb: mode is 1024x768x16, linelength=2048, pages=9
[  454.712435] vesafb: protected mode interface info at c000:775e
[  454.712449] vesafb: pmi: set display start = c00c777f, set palette = c00c77e2
[  454.712461] vesafb: scrolling: redraw
[  454.712474] vesafb: Truecolor: size=0:5:6:5, shift=0:11:5:0
[  454.782216] Console: switching to colour frame buffer device 128x48
[  454.844812] fb0: VESA VGA frame buffer device
[  455.013026] Switched to high resolution mode on CPU 0
[  455.124523] Real Time Clock Driver v1.12ac
[  455.129956] RAMDISK driver initialized: 16 RAM disks of 32000K size 1024 blocksize
[  455.132730] PNP: PS/2 Controller [PNP0303:KBC,PNP0f13:PS2M] at 0x60,0x64 irq 1,12
[  455.138794] serio: i8042 KBD port at 0x60,0x64 irq 1
[  455.139485] serio: i8042 AUX port at 0x60,0x64 irq 12
[  455.141336] mice: PS/2 mouse device common for all mice
[  455.143109] TCP cubic registered
[  455.145148] NET: Registered protocol family 1
[  455.145747] Using IPI Shortcut mode
[  455.148390] BIOS EDD facility v0.16 2004-Jun-25, 1 devices found
[  455.151190] Freeing unused kernel memory: 180k freed
[  455.152220] Write protecting the kernel read-only data: 634k
[  455.176830] Uniform Multi-Platform E-IDE driver Revision: 7.00alpha2
[  455.177728] ide: Assuming 33MHz system bus speed for PIO modes; override with idebus=xx
[  455.213269] input: AT Translated Set 2 keyboard as /class/input/input0
[  455.260197] ALI15X3: IDE controller at PCI slot 0000:00:04.0
[  455.286166] ACPI: Unable to derive IRQ for device 0000:00:04.0
[  455.311675] ACPI: PCI Interrupt 0000:00:04.0[A]: no GSI
[  455.337003] ALI15X3: chipset revision 195
[  455.361958] ALI15X3: not 100% native mode: will probe irqs later
[  455.387129]     ide0: BM-DMA at 0xeff0-0xeff7, BIOS settings: hda:DMA, hdb:pio
[  455.412844]     ide1: BM-DMA at 0xeff8-0xefff, BIOS settings: hdc:DMA, hdd:pio
[  455.438281] Probing IDE interface ide0...
[  455.713120] hda: IC25N020ATDA04-0, ATA DISK drive
[  456.376103] hda: host side 80-wire cable detection failed, limiting max speed to UDMA33
[  456.402067] hda: selected mode 0x42
[  456.402473] ide0 at 0x1f0-0x1f7,0x3f6 on irq 14
[  456.445689] Probing IDE interface ide1...
[  457.146137] hdc: TOSHIBA DVD-ROM SD-C2502, ATAPI CD/DVD-ROM drive
[  457.812439] hdc: selected mode 0x42
[  457.842595] ide1 at 0x170-0x177,0x376 on irq 15
[  457.902744] hda: max request size: 128KiB
[  457.929855] hda: 39070080 sectors (20003 MB) w/1806KiB Cache, CHS=38760/16/63, UDMA(33)
[  457.957183] hda: cache flushes not supported
[  457.984289]  hda: hda1 hda2
[  458.444880] swsusp: Marking nosave pages: 000000000009f000 - 0000000000100000
[  458.444909] swsusp: Basic memory bitmaps created
[  458.479945] swsusp: Basic memory bitmaps freed
[  458.606715] ReiserFS: hda2: found reiserfs format "3.6" with standard journal
[  458.632119] ReiserFS: hda2: using ordered data mode
[  458.670897] ReiserFS: hda2: journal params: device hda2, size 8192, journal first block 18, max trans len 1024, max batch 900, max commit age 30, max trans age 30
[  458.731019] ReiserFS: hda2: checking transaction log (hda2)
[  458.801190] ReiserFS: hda2: Using r5 hash to sort names
[  468.494806] Linux agpgart interface v0.102 (c) Dave Jones
[  468.649217] agpgart: Detected ALi M1644 chipset
[  468.659092] agpgart: AGP aperture is 64M @ 0xf0000000
[  468.844432] usbcore: registered new interface driver usbfs
[  468.844734] usbcore: registered new interface driver hub
[  468.844931] usbcore: registered new device driver usb
[  468.941897] e100: Intel(R) PRO/100 Network Driver, 3.5.17-k4-NAPI
[  468.941915] e100: Copyright(c) 1999-2006 Intel Corporation
[  468.943660] ACPI: PCI Interrupt Link [LNKD] enabled at IRQ 11
[  468.943676] ACPI: PCI Interrupt 0000:00:0a.0[A] -> Link [LNKD] -> GSI 11 (level, low) -> IRQ 11
[  468.971232] e100: eth0: e100_probe: addr 0xf7efd000, irq 11, MAC addr 00:00:39:D7:14:A1
[  469.062113] ohci_hcd: 2006 August 04 USB 1.1 'Open' Host Controller (OHCI) Driver
[  469.063726] ACPI: PCI Interrupt Link [LNKG] enabled at IRQ 11
[  469.063740] ACPI: PCI Interrupt 0000:00:02.0[A] -> Link [LNKG] -> GSI 11 (level, low) -> IRQ 11
[  469.063796] ohci_hcd 0000:00:02.0: OHCI Host Controller
[  469.065730] ohci_hcd 0000:00:02.0: new USB bus registered, assigned bus number 1
[  469.065819] ohci_hcd 0000:00:02.0: irq 11, io mem 0xf7eff000
[  469.120031] usb usb1: configuration #1 chosen from 1 choice
[  469.120299] hub 1-0:1.0: USB hub found
[  469.120399] hub 1-0:1.0: 3 ports detected
[  469.251131] hdc: ATAPI 24X DVD-ROM drive, 128kB Cache, UDMA(33)
[  469.251167] Uniform CD-ROM driver Revision: 3.20
[  469.372416] Yenta: CardBus bridge found at 0000:00:10.0 [12a3:ab01]
[  469.372473] Yenta: Using CSCINT to route CSC interrupts to PCI
[  469.372480] Yenta: Routing CardBus interrupts to PCI
[  469.372493] Yenta TI: socket 0000:00:10.0, mfunc 0x01000002, devctl 0x60
[  469.600542] Yenta: ISA IRQ mask 0x0000, PCI irq 11
[  469.600559] Socket status: 30000059
[  469.601548] Yenta: CardBus bridge found at 0000:00:11.0 [1179:0001]
[  469.727436] Yenta: ISA IRQ mask 0x04b8, PCI irq 11
[  469.727451] Socket status: 30000007
[  469.728202] Yenta: CardBus bridge found at 0000:00:11.1 [1179:0001]
[  469.821782] Serial: 8250/16550 driver $Revision: 1.90 $ 4 ports, IRQ sharing enabled
[  469.853873] Yenta: ISA IRQ mask 0x04b8, PCI irq 11
[  469.853890] Socket status: 30000007
[  469.858814] ACPI: PCI Interrupt Link [LNKH] enabled at IRQ 11
[  469.858836] ACPI: PCI Interrupt 0000:00:06.0[A] -> Link [LNKH] -> GSI 11 (level, low) -> IRQ 11
[  469.973485] 00:09: ttyS0 at I/O 0x3f8 (irq = 4) is a 16550A
[  470.233276] pccard: PCMCIA card inserted into slot 0
[  470.262099] NET: Registered protocol family 23
[  470.306381] Detected unconfigured Toshiba laptop with ALi ISA bridge SMSC IrDA chip, pre-configuring device.
[  470.306415] Activated ALi 1533 ISA bridge port 0x02e8.
[  470.306427] Activated ALi 1533 ISA bridge port 0x02f8.
[  470.306649] found SMC SuperIO Chip (devid=0x5a rev=00 base=0x002e): LPC47N227
[  470.306681] smsc_superio_flat(): fir: 0x2f8, sir: 0x2e8, dma: 03, irq: 7, mode: 0x0e
[  470.306716] SMsC IrDA Controller found
[  470.306719]  IrCC version 2.0, firport 0x2f8, sirport 0x2e8 dma=3, irq=7
[  470.306917] No transceiver found. Defaulting to Fast pin select
[  470.307472] IrDA: Registered device irda0
[  473.989949] cs: IO port probe 0x100-0x3af: excluding 0x200-0x207 0x220-0x22f 0x330-0x337 0x378-0x37f 0x388-0x38f
[  473.992920] cs: IO port probe 0x3e0-0x4ff: excluding 0x408-0x40f 0x480-0x48f 0x4d0-0x4d7
[  473.994213] cs: IO port probe 0x820-0x8ff: clean.
[  473.995382] cs: IO port probe 0xc00-0xcf7: clean.
[  473.997303] cs: IO port probe 0xa00-0xaff: clean.
[  474.497205] cs: IO port probe 0x100-0x3af: excluding 0x200-0x207 0x220-0x22f 0x330-0x337 0x378-0x37f 0x388-0x38f
[  474.581749] cs: IO port probe 0x100-0x3af: excluding 0x200-0x207 0x220-0x22f 0x330-0x337 0x378-0x37f 0x388-0x38f
[  474.584744] cs: IO port probe 0x3e0-0x4ff: excluding 0x408-0x40f 0x480-0x48f 0x4d0-0x4d7
[  474.586181] cs: IO port probe 0x820-0x8ff: clean.
[  474.587357] cs: IO port probe 0xc00-0xcf7: clean.
[  474.589289] cs: IO port probe 0xa00-0xaff: clean.
[  474.748538] cs: IO port probe 0x3e0-0x4ff: excluding 0x408-0x40f 0x480-0x48f 0x4d0-0x4d7
[  474.749995] cs: IO port probe 0x820-0x8ff: clean.
[  474.751165] cs: IO port probe 0xc00-0xcf7: clean.
[  474.753157] cs: IO port probe 0xa00-0xaff: clean.
[  474.754675] cs: memory probe 0xa0000000-0xa0ffffff: clean.
[  474.766676] pcmcia: registering new device pcmcia0.0
[  474.908200] wlags49_h1_cs v7.18 for PCMCIA, 03/31/2004 14:31:00 by Agere Systems, 
http://www.agere.com
[  474.908222] *** Modified for kernel 2.6 by Andrey Borzenkov <arvidjaar@mail.ru> $Revision: 39 $
[  474.908230] *** Station Mode (STA) Support: YES
[  474.908236] *** Access Point Mode (AP) Support: YES
[  475.398523] eth1: PRI 31 variant 2 version 9.48
[  475.398589] eth1: NIC 5 variant 2 version 1.02
[  475.402475] eth1: Wireless, io_addr 0x100, irq 11, mac_address 00:02:2D:26:95:6C
[  475.932640] Toshiba System Managment Mode driver v1.11 26/9/2001
[  476.105201] Non-volatile memory driver v1.2
[  476.188733] input: ImPS/2 Generic Wheel Mouse as /class/input/input1
[  477.158353] ACPI: AC Adapter [ADP1] (on-line)
[  477.217724] ACPI: Battery Slot [BAT1] (battery present)
[  477.217890] ACPI: Battery Slot [BAT2] (battery absent)
[  477.279914] input: Power Button (FF) as /class/input/input2
[  477.401588] ACPI: Power Button (FF) [PWRF]
[  477.427500] input: Lid Switch as /class/input/input3
[  477.498262] ACPI: Lid Switch [LID]
[  477.609351] ACPI: Transitioning device [FAN] to D3
[  477.609371] ACPI: Transitioning device [FAN] to D3
[  477.609398] ACPI: Fan [FAN] (off)
[  477.676144] ACPI: CPU0 (power states: C1[C1] C2[C2])
[  477.706972] ACPI: Thermal Zone [THRM] (62 C)
[  477.756372] toshiba_acpi: Toshiba Laptop ACPI Extras version 0.18
[  477.756393] toshiba_acpi:     HCI method: \_SB_.VALD.GHCI
[  477.794415] ACPI: Video Device [VGA] (multi-head: yes  rom: yes  post: no)
[   23.693330] Marking TSC unstable due to: possible TSC halt in C2.
[   23.696664] Time: acpi_pm clocksource has been installed.
[   23.739997] device-mapper: ioctl: 4.11.0-ioctl (2006-10-12) initialised: dm-devel@redhat.com
[   23.769997] Clocksource tsc unstable (delta = -80351081 ns)
[   24.509997] loop: module loaded
[   28.773330] Adding 500432k swap on /dev/hda1.  Priority:-1 extents:1 across:500432k
[    0.000000] Linux version 2.6.23-rc3-2avb (bor@cooker) (gcc version 4.2.1 20070802 (prerelease) (4.2.1-4mdv2008.0)) #6 Fri Aug 17 20:47:10 MSD 2007
[    0.000000] BIOS-provided physical RAM map:
[    0.000000]  BIOS-e820: 0000000000000000 - 000000000009fc00 (usable)
[    0.000000]  BIOS-e820: 000000000009fc00 - 00000000000a0000 (reserved)
[    0.000000]  BIOS-e820: 00000000000e0000 - 00000000000eee00 (reserved)
[    0.000000]  BIOS-e820: 00000000000eee00 - 00000000000ef000 (ACPI NVS)
[    0.000000]  BIOS-e820: 00000000000ef000 - 0000000000100000 (reserved)
[    0.000000]  BIOS-e820: 0000000000100000 - 000000001ef60000 (usable)
[    0.000000]  BIOS-e820: 000000001ef60000 - 000000001ef70000 (ACPI data)
[    0.000000]  BIOS-e820: 000000001ef70000 - 0000000020000000 (reserved)
[    0.000000]  BIOS-e820: 00000000fff80000 - 0000000100000000 (reserved)
[    0.000000] 495MB LOWMEM available.
[    0.000000] Entering add_active_range(0, 0, 126816) 0 entries of 256 used
[    0.000000] Zone PFN ranges:
[    0.000000]   DMA             0 ->     4096
[    0.000000]   Normal       4096 ->   126816
[    0.000000] Movable zone start PFN for each node
[    0.000000] early_node_map[1] active PFN ranges
[    0.000000]     0:        0 ->   126816
[    0.000000] On node 0 totalpages: 126816
[    0.000000]   DMA zone: 32 pages used for memmap
[    0.000000]   DMA zone: 0 pages reserved
[    0.000000]   DMA zone: 4064 pages, LIFO batch:0
[    0.000000]   Normal zone: 958 pages used for memmap
[    0.000000]   Normal zone: 121762 pages, LIFO batch:31
[    0.000000]   Movable zone: 0 pages used for memmap
[    0.000000] DMI 2.3 present.
[    0.000000] ACPI: RSDP 000F0090, 0014 (r0 TOSHIB)
[    0.000000] ACPI: RSDT 1EF60000, 0028 (r1 TOSHIB 750        970814 TASM  4010000)
[    0.000000] ACPI: FACP 1EF60054, 0084 (r2 TOSHIB 750        970814 TASM  4010000)
[    0.000000] ACPI: DSDT 1EF600D8, 68DA (r1 TOSHIB 4000     20020417 MSFT  100000A)
[    0.000000] ACPI: FACS 000EEE00, 0040
[    0.000000] ACPI: PM-Timer IO Port: 0xee08
[    0.000000] Allocating PCI resources starting at 30000000 (gap: 20000000:dff80000)
[    0.000000] swsusp: Registered nosave memory region: 000000000009f000 - 00000000000a0000
[    0.000000] swsusp: Registered nosave memory region: 00000000000a0000 - 00000000000e0000
[    0.000000] swsusp: Registered nosave memory region: 00000000000e0000 - 00000000000ee000
[    0.000000] swsusp: Registered nosave memory region: 00000000000ee000 - 00000000000ef000
[    0.000000] swsusp: Registered nosave memory region: 00000000000ef000 - 0000000000100000
[    0.000000] Built 1 zonelists in Zone order.  Total pages: 125826
[    0.000000] Kernel command line: BOOT_IMAGE=2.6.23-rc3-2avb root=LABEL=/ resume=LABEL=swap splash=silent vga=791 1
[    0.000000] Enabling fast FPU save and restore... done.
[    0.000000] Enabling unmasked SIMD FPU exception support... done.
[    0.000000] Initializing CPU#0
[    0.000000] PID hash table entries: 2048 (order: 11, 8192 bytes)
[    0.000000] Detected 747.681 MHz processor.
[  511.946977] Console: colour dummy device 80x25
[  511.947007] console [tty0] enabled
[  511.947202] Lock dependency validator: Copyright (c) 2006 Red Hat, Inc., Ingo Molnar
[  511.947217] ... MAX_LOCKDEP_SUBCLASSES:    8
[  511.947226] ... MAX_LOCK_DEPTH:          30
[  511.947235] ... MAX_LOCKDEP_KEYS:        2048
[  511.947244] ... CLASSHASH_SIZE:           1024
[  511.947253] ... MAX_LOCKDEP_ENTRIES:     8192
[  511.947262] ... MAX_LOCKDEP_CHAINS:      16384
[  511.947271] ... CHAINHASH_SIZE:          8192
[  511.947280]  memory used by lock dependency info: 1024 kB
[  511.947290]  per task-struct memory footprint: 1680 bytes
[  511.947301] ------------------------
[  511.947309] | Locking API testsuite:
[  511.947318] ----------------------------------------------------------------------------
[  511.947333]                                  | spin |wlock |rlock |mutex | wsem | rsem |
[  511.947348]   --------------------------------------------------------------------------
[  511.947388]                      A-A deadlock:  ok  |  ok  |  ok  |  ok  |  ok  |  ok  |
[  511.950334]                  A-B-B-A deadlock:  ok  |  ok  |  ok  |  ok  |  ok  |  ok  |
[  511.952530]              A-B-B-C-C-A deadlock:  ok  |  ok  |  ok  |  ok  |  ok  |  ok  |
[  511.954771]              A-B-C-A-B-C deadlock:  ok  |  ok  |  ok  |  ok  |  ok  |  ok  |
[  511.957014]          A-B-B-C-C-D-D-A deadlock:  ok  |  ok  |  ok  |  ok  |  ok  |  ok  |
[  511.959330]          A-B-C-D-B-D-D-A deadlock:  ok  |  ok  |  ok  |  ok  |  ok  |  ok  |
[  511.961642]          A-B-C-D-B-C-D-A deadlock:  ok  |  ok  |  ok  |  ok  |  ok  |  ok  |
[  511.963960]                     double unlock:  ok  |  ok  |  ok  |  ok  |  ok  |  ok  |
[  511.966086]                   initialize held:  ok  |  ok  |  ok  |  ok  |  ok  |  ok  |
[  511.968199]                  bad unlock order:  ok  |  ok  |  ok  |  ok  |  ok  |  ok  |
[  511.970384]   --------------------------------------------------------------------------
[  511.970399]               recursive read-lock:             |  ok  |             |  ok  |
[  511.971119]            recursive read-lock #2:             |  ok  |             |  ok  |
[  511.971839]             mixed read-write-lock:             |  ok  |             |  ok  |
[  511.972563]             mixed write-read-lock:             |  ok  |             |  ok  |
[  511.973285]   --------------------------------------------------------------------------
[  511.973300]      hard-irqs-on + irq-safe-A/12:  ok  |  ok  |  ok  |
[  511.974376]      soft-irqs-on + irq-safe-A/12:  ok  |  ok  |  ok  |
[  511.975457]      hard-irqs-on + irq-safe-A/21:  ok  |  ok  |  ok  |
[  511.976526]      soft-irqs-on + irq-safe-A/21:  ok  |  ok  |  ok  |
[  511.977598]        sirq-safe-A => hirqs-on/12:  ok  |  ok  |  ok  |
[  511.978671]        sirq-safe-A => hirqs-on/21:  ok  |  ok  |  ok  |
[  511.979741]          hard-safe-A + irqs-on/12:  ok  |  ok  |  ok  |
[  511.980810]          soft-safe-A + irqs-on/12:  ok  |  ok  |  ok  |
[  511.981886]          hard-safe-A + irqs-on/21:  ok  |  ok  |  ok  |
[  511.982954]          soft-safe-A + irqs-on/21:  ok  |  ok  |  ok  |
[  511.984026]     hard-safe-A + unsafe-B #1/123:  ok  |  ok  |  ok  |
[  511.985124]     soft-safe-A + unsafe-B #1/123:  ok  |  ok  |  ok  |
[  511.986225]     hard-safe-A + unsafe-B #1/132:  ok  |  ok  |  ok  |
[  511.987323]     soft-safe-A + unsafe-B #1/132:  ok  |  ok  |  ok  |
[  511.988420]     hard-safe-A + unsafe-B #1/213:  ok  |  ok  |  ok  |
[  511.989520]     soft-safe-A + unsafe-B #1/213:  ok  |  ok  |  ok  |
[  511.990622]     hard-safe-A + unsafe-B #1/231:  ok  |  ok  |  ok  |
[  511.991720]     soft-safe-A + unsafe-B #1/231:  ok  |  ok  |  ok  |
[  511.992818]     hard-safe-A + unsafe-B #1/312:  ok  |  ok  |  ok  |
[  511.993897]     soft-safe-A + unsafe-B #1/312:  ok  |  ok  |  ok  |
[  511.994980]     hard-safe-A + unsafe-B #1/321:  ok  |  ok  |  ok  |
[  511.996074]     soft-safe-A + unsafe-B #1/321:  ok  |  ok  |  ok  |
[  511.997170]     hard-safe-A + unsafe-B #2/123:  ok  |  ok  |  ok  |
[  511.998266]     soft-safe-A + unsafe-B #2/123:  ok  |  ok  |  ok  |
[  511.999368]     hard-safe-A + unsafe-B #2/132:  ok  |  ok  |  ok  |
[  512.000462]     soft-safe-A + unsafe-B #2/132:  ok  |  ok  |  ok  |
[  512.001564]     hard-safe-A + unsafe-B #2/213:  ok  |  ok  |  ok  |
[  512.002660]     soft-safe-A + unsafe-B #2/213:  ok  |  ok  |  ok  |
[  512.003762]     hard-safe-A + unsafe-B #2/231:  ok  |  ok  |  ok  |
[  512.004856]     soft-safe-A + unsafe-B #2/231:  ok  |  ok  |  ok  |
[  512.005953]     hard-safe-A + unsafe-B #2/312:  ok  |  ok  |  ok  |
[  512.007048]     soft-safe-A + unsafe-B #2/312:  ok  |  ok  |  ok  |
[  512.008151]     hard-safe-A + unsafe-B #2/321:  ok  |  ok  |  ok  |
[  512.009244]     soft-safe-A + unsafe-B #2/321:  ok  |  ok  |  ok  |
[  512.010340]       hard-irq lock-inversion/123:  ok  |  ok  |  ok  |
[  512.011438]       soft-irq lock-inversion/123:  ok  |  ok  |  ok  |
[  512.012540]       hard-irq lock-inversion/132:  ok  |  ok  |  ok  |
[  512.013635]       soft-irq lock-inversion/132:  ok  |  ok  |  ok  |
[  512.014736]       hard-irq lock-inversion/213:  ok  |  ok  |  ok  |
[  512.015833]       soft-irq lock-inversion/213:  ok  |  ok  |  ok  |
[  512.016936]       hard-irq lock-inversion/231:  ok  |  ok  |  ok  |
[  512.018033]       soft-irq lock-inversion/231:  ok  |  ok  |  ok  |
[  512.019138]       hard-irq lock-inversion/312:  ok  |  ok  |  ok  |
[  512.020237]       soft-irq lock-inversion/312:  ok  |  ok  |  ok  |
[  512.021345]       hard-irq lock-inversion/321:  ok  |  ok  |  ok  |
[  512.022439]       soft-irq lock-inversion/321:  ok  |  ok  |  ok  |
[  512.023543]       hard-irq read-recursion/123:  ok  |
[  512.023916]       soft-irq read-recursion/123:  ok  |
[  512.024292]       hard-irq read-recursion/132:  ok  |
[  512.024666]       soft-irq read-recursion/132:  ok  |
[  512.025042]       hard-irq read-recursion/213:  ok  |
[  512.025417]       soft-irq read-recursion/213:  ok  |
[  512.025791]       hard-irq read-recursion/231:  ok  |
[  512.026165]       soft-irq read-recursion/231:  ok  |
[  512.026541]       hard-irq read-recursion/312:  ok  |
[  512.026913]       soft-irq read-recursion/312:  ok  |
[  512.027288]       hard-irq read-recursion/321:  ok  |
[  512.027662]       soft-irq read-recursion/321:  ok  |
[  512.028038] -------------------------------------------------------
[  512.028050] Good, all 218 testcases passed! |
[  512.028059] ---------------------------------
[  512.029682] Dentry cache hash table entries: 65536 (order: 6, 262144 bytes)
[  512.032578] Inode-cache hash table entries: 32768 (order: 5, 131072 bytes)
[  512.137481] Memory: 495708k/507264k available (1765k kernel code, 10896k reserved, 807k data, 184k init, 0k highmem)
[  512.137555] virtual kernel memory layout:
[  512.137559]     fixmap  : 0xffff6000 - 0xfffff000   (  36 kB)
[  512.137563]     vmalloc : 0xdf800000 - 0xffff4000   ( 519 MB)
[  512.137567]     lowmem  : 0xc0000000 - 0xdef60000   ( 495 MB)
[  512.137571]       .init : 0xc0386000 - 0xc03b4000   ( 184 kB)
[  512.137576]       .data : 0xc02b9473 - 0xc0383464   ( 807 kB)
[  512.137580]       .text : 0xc0100000 - 0xc02b9473   (1765 kB)
[  512.137615] Checking if this processor honours the WP bit even in supervisor mode... Ok.
[  512.137874] SLUB: Genslabs=22, HWalign=32, Order=0-1, MinObjects=4, CPUs=1, Nodes=1
[  512.221276] Calibrating delay using timer specific routine.. 1498.37 BogoMIPS (lpj=2496600)
[  512.221492] Mount-cache hash table entries: 512
[  512.222634] CPU: After generic identify, caps: 0383f9ff 00000000 00000000 00000000 00000000 00000000 00000000 00000000
[  512.222679] CPU: L1 I cache: 16K, L1 D cache: 16K
[  512.222713] CPU: L2 cache: 256K
[  512.222730] CPU: After all inits, caps: 0383f9ff 00000000 00000000 00000040 00000000 00000000 00000000 00000000
[  512.222771] Compat vDSO mapped to ffffe000.
[  512.222834] CPU: Intel Pentium III (Coppermine) stepping 0a
[  512.222861] Checking 'hlt' instruction... OK.
[  512.236016] Early unpacking initramfs... done
[  512.346360] ACPI: Core revision 20070126
[  512.347103] ACPI: Looking for DSDT in initramfs... error, file /DSDT.aml not found.
[  512.355384] ACPI: setting ELCR to 0200 (from 0a00)
[  512.358704] NET: Registered protocol family 16
[  512.360609] ACPI: bus type pci registered
[  512.362434] PCI: PCI BIOS revision 2.10 entry at 0xfe5ae, last bus=5
[  512.362468] PCI: Using configuration type 1
[  512.362478] Setting up standard PCI resources
[  512.376422] ACPI: EC: Look up EC in DSDT
[  512.388147] ACPI: Interpreter enabled
[  512.388192] ACPI: (supports S0 S3)
[  512.388317] ACPI: Using PIC for interrupt routing
[  512.423276] ACPI: PCI Root Bridge [PCI0] (0000:00)
[  512.424920] PCI quirk: region ee00-ee3f claimed by ali7101 ACPI
[  512.424954] PCI quirk: region ef00-ef1f claimed by ali7101 SMB
[  512.427197] ACPI: PCI Interrupt Routing Table [\_SB_.PCI0._PRT]
[  512.427730] ACPI: PCI Interrupt Routing Table [\_SB_.PCI0.PCI1._PRT]
[  512.450899] ACPI: PCI Interrupt Link [LNKA] (IRQs 3 4 5 6 7 10 *11)
[  512.451643] ACPI: PCI Interrupt Link [LNKB] (IRQs 3 4 5 6 7 10 *11)
[  512.452285] ACPI: PCI Interrupt Link [LNKC] (IRQs 3 4 5 6 7 10 *11)
[  512.452922] ACPI: PCI Interrupt Link [LNKD] (IRQs 3 4 5 6 7 10 *11)
[  512.453561] ACPI: PCI Interrupt Link [LNKG] (IRQs 3 4 5 6 7 10 *11)
[  512.454200] ACPI: PCI Interrupt Link [LNKH] (IRQs 3 4 5 6 7 10 *11)
[  512.455533] ACPI: Power Resource [PFAN] (off)
[  512.455887] Linux Plug and Play Support v0.97 (c) Adam Belay
[  512.456141] pnp: PnP ACPI init
[  512.456281] ACPI: bus type pnp registered
[  512.476243] pnp: Device 00:0a activated.
[  512.476301]  00:0a: SMCf010 not responding at SIR 0x100, FIR 0x2e8; auto-configuring
[  512.477861] pnp: Device 00:0a disabled.
[  512.483492] pnp: Device 00:0a activated.
[  512.483520]  00:0a: not responding at SIR 0x100, FIR 0x2e8; swapping SIR/FIR and reconfiguring
[  512.485056] pnp: Device 00:0a disabled.
[  512.491652] pnp: Device 00:0a activated.
[  512.491679]  00:0a: responds at SIR 0x2e8, FIR 0x100
[  512.499789] pnp: PnP ACPI: found 12 devices
[  512.499826] ACPI: ACPI bus type pnp unregistered
[  512.500842] PCI: Using ACPI for IRQ routing
[  512.500865] PCI: If a device doesn't work, try "pci=routeirq".  If it helps, post a report
[  512.527808] Time: tsc clocksource has been installed.
[  512.534792] pnp: 00:00: iomem range 0x0-0x9ffff could not be reserved
[  512.534814] pnp: 00:00: iomem range 0xe0000-0xeffff could not be reserved
[  512.534830] pnp: 00:00: iomem range 0xf0000-0xfffff could not be reserved
[  512.534847] pnp: 00:00: iomem range 0x100000-0x1ef5ffff could not be reserved
[  512.567696] PCI: Bridge: 0000:00:01.0
[  512.567735]   IO window: disabled.
[  512.567758]   MEM window: f7f00000-fdffffff
[  512.567776]   PREFETCH window: 48000000-480fffff
[  512.567820] PCI: Bus 2, cardbus bridge: 0000:00:10.0
[  512.567833]   IO window: 00001000-000010ff
[  512.567850]   IO window: 00001400-000014ff
[  512.567867]   PREFETCH window: 30000000-33ffffff
[  512.567883]   MEM window: 34000000-37ffffff
[  512.567900] PCI: Bus 6, cardbus bridge: 0000:00:11.0
[  512.567910]   IO window: 00001800-000018ff
[  512.567926]   IO window: 00001c00-00001cff
[  512.567943]   PREFETCH window: 38000000-3bffffff
[  512.567960]   MEM window: 3c000000-3fffffff
[  512.567977] PCI: Bus 10, cardbus bridge: 0000:00:11.1
[  512.567987]   IO window: 00002000-000020ff
[  512.568003]   IO window: 00002400-000024ff
[  512.568020]   PREFETCH window: 40000000-43ffffff
[  512.568037]   MEM window: 44000000-47ffffff
[  512.568081] PCI: Setting latency timer of device 0000:00:01.0 to 64
[  512.568147] PCI: Enabling device 0000:00:10.0 (0000 -> 0003)
[  512.569552] ACPI: PCI Interrupt Link [LNKC] enabled at IRQ 11
[  512.569575] PCI: setting IRQ 11 as level-triggered
[  512.569584] ACPI: PCI Interrupt 0000:00:10.0[A] -> Link [LNKC] -> GSI 11 (level, low) -> IRQ 11
[  512.569652] PCI: Enabling device 0000:00:11.0 (0000 -> 0003)
[  512.570705] ACPI: PCI Interrupt Link [LNKA] enabled at IRQ 11
[  512.570719] ACPI: PCI Interrupt 0000:00:11.0[A] -> Link [LNKA] -> GSI 11 (level, low) -> IRQ 11
[  512.570783] PCI: Enabling device 0000:00:11.1 (0000 -> 0003)
[  512.571871] ACPI: PCI Interrupt Link [LNKB] enabled at IRQ 11
[  512.571888] ACPI: PCI Interrupt 0000:00:11.1[B] -> Link [LNKB] -> GSI 11 (level, low) -> IRQ 11
[  512.571987] NET: Registered protocol family 2
[  512.604696] IP route cache hash table entries: 4096 (order: 2, 16384 bytes)
[  512.605243] TCP established hash table entries: 16384 (order: 7, 589824 bytes)
[  512.611665] TCP bind hash table entries: 16384 (order: 7, 589824 bytes)
[  512.617711] TCP: Hash tables configured (established 16384 bind 16384)
[  512.618039] TCP reno registered
[  512.628603] checking if image is initramfs... it is
[  512.823711] Freeing initrd memory: 1094k freed
[  512.827466] audit: initializing netlink socket (disabled)
[  512.827635] audit(1187418750.689:1): initialized
[  512.852100] io scheduler noop registered
[  512.852155] io scheduler anticipatory registered
[  512.852167] io scheduler deadline registered
[  512.852710] io scheduler cfq registered (default)
[  512.852811] Activating ISA DMA hang workarounds.
[  512.852863] Boot video device is 0000:01:00.0
[  512.853774] vesafb: framebuffer at 0xfc000000, mapped to 0xdf880000, using 3072k, total 16384k
[  512.853810] vesafb: mode is 1024x768x16, linelength=2048, pages=9
[  512.853822] vesafb: protected mode interface info at c000:775e
[  512.853835] vesafb: pmi: set display start = c00c777f, set palette = c00c77e2
[  512.853847] vesafb: scrolling: redraw
[  512.853860] vesafb: Truecolor: size=0:5:6:5, shift=0:11:5:0
[  512.923960] Console: switching to colour frame buffer device 128x48
[  512.986685] fb0: VESA VGA frame buffer device
[  513.067710] Switched to high resolution mode on CPU 0
[  513.205175] Real Time Clock Driver v1.12ac
[  513.211656] RAMDISK driver initialized: 16 RAM disks of 32000K size 1024 blocksize
[  513.215248] PNP: PS/2 Controller [PNP0303:KBC,PNP0f13:PS2M] at 0x60,0x64 irq 1,12
[  513.221362] serio: i8042 KBD port at 0x60,0x64 irq 1
[  513.222071] serio: i8042 AUX port at 0x60,0x64 irq 12
[  513.224137] mice: PS/2 mouse device common for all mice
[  513.225455] TCP cubic registered
[  513.226615] NET: Registered protocol family 1
[  513.227219] Using IPI Shortcut mode
[  513.228835] BIOS EDD facility v0.16 2004-Jun-25, 6 devices found
[  513.232248] Freeing unused kernel memory: 184k freed
[  513.233159] Write protecting the kernel read-only data: 653k
[  513.263516] Uniform Multi-Platform E-IDE driver Revision: 7.00alpha2
[  513.264476] ide: Assuming 33MHz system bus speed for PIO modes; override with idebus=xx
[  513.293580] input: AT Translated Set 2 keyboard as /devices/platform/i8042/serio0/input/input0
[  513.349168] ALI15X3: IDE controller at PCI slot 0000:00:04.0
[  513.375781] ACPI: Unable to derive IRQ for device 0000:00:04.0
[  513.401869] ACPI: PCI Interrupt 0000:00:04.0[A]: no GSI
[  513.427790] ALI15X3: chipset revision 195
[  513.453346] ALI15X3: not 100% native mode: will probe irqs later
[  513.479152]     ide0: BM-DMA at 0xeff0-0xeff7, BIOS settings: hda:DMA, hdb:pio
[  513.505467]     ide1: BM-DMA at 0xeff8-0xefff, BIOS settings: hdc:DMA, hdd:pio
[  513.531468] Probing IDE interface ide0...
[  513.804308] hda: IC25N020ATDA04-0, ATA DISK drive
[  514.467211] hda: host side 80-wire cable detection failed, limiting max speed to UDMA33
[  514.493782] hda: selected mode 0x42
[  514.494311] ide0 at 0x1f0-0x1f7,0x3f6 on irq 14
[  514.538500] Probing IDE interface ide1...
[  515.240478] hdc: TOSHIBA DVD-ROM SD-C2502, ATAPI CD/DVD-ROM drive
[  515.906706] hdc: selected mode 0x42
[  515.917997] ide1 at 0x170-0x177,0x376 on irq 15
[  516.010525] hda: max request size: 128KiB
[  516.037740] hda: 39070080 sectors (20003 MB) w/1806KiB Cache, CHS=38760/16/63, UDMA(33)
[  516.065050] hda: cache flushes not supported
[  516.092271]  hda: hda1 hda2
[  516.498683] swsusp: Marking nosave pages: 000000000009f000 - 0000000000100000
[  516.498714] swsusp: Basic memory bitmaps created
[  516.534500] swsusp: Basic memory bitmaps freed
[  516.663810] ReiserFS: hda2: found reiserfs format "3.6" with standard journal
[  516.689397] ReiserFS: hda2: using ordered data mode
[  516.720150] ReiserFS: hda2: journal params: device hda2, size 8192, journal first block 18, max trans len 1024, max batch 900, max commit age 30, max trans age 30
[  516.780556] ReiserFS: hda2: checking transaction log (hda2)
[  516.850414] ReiserFS: hda2: Using r5 hash to sort names
[  526.225192] PCI: Enabling device 0000:00:08.0 (0000 -> 0001)
[  526.225569] ALi_M1535: initialized. timeout=60 sec (nowayout=0)
[  526.749085] Linux agpgart interface v0.102
[  526.989915] agpgart: Detected ALi M1644 chipset
[  527.001619] agpgart: AGP aperture is 64M @ 0xf0000000
[  527.023664] hdc: ATAPI 24X DVD-ROM drive, 128kB Cache, UDMA(33)
[  527.023707] Uniform CD-ROM driver Revision: 3.20
[  527.063375] usbcore: registered new interface driver usbfs
[  527.063674] usbcore: registered new interface driver hub
[  527.077955] Serial: 8250/16550 driver $Revision: 1.90 $ 4 ports, IRQ sharing enabled
[  527.078628] serial8250: ttyS0 at I/O 0x3f8 (irq = 4) is a 16550A
[  527.080142] serial8250: ttyS3 at I/O 0x2e8 (irq = 3) is a 16550A
[  527.129869] usbcore: registered new device driver usb
[  527.153849] e100: Intel(R) PRO/100 Network Driver, 3.5.23-k4-NAPI
[  527.153867] e100: Copyright(c) 1999-2006 Intel Corporation
[  527.155556] ACPI: PCI Interrupt Link [LNKD] enabled at IRQ 11
[  527.155570] ACPI: PCI Interrupt 0000:00:0a.0[A] -> Link [LNKD] -> GSI 11 (level, low) -> IRQ 11
[  527.350234] e100: eth0: e100_probe: addr 0xf7efd000, irq 11, MAC addr 00:00:39:D7:14:A1
[  527.350406] Yenta: CardBus bridge found at 0000:00:10.0 [12a3:ab01]
[  527.350466] Yenta: Using CSCINT to route CSC interrupts to PCI
[  527.350474] Yenta: Routing CardBus interrupts to PCI
[  527.350489] Yenta TI: socket 0000:00:10.0, mfunc 0x01000002, devctl 0x60
[  527.420546] 00:09: ttyS0 at I/O 0x3f8 (irq = 4) is a 16550A
[  527.443070] ohci_hcd: 2006 August 04 USB 1.1 'Open' Host Controller (OHCI) Driver
[  527.580072] Yenta: ISA IRQ mask 0x0000, PCI irq 11
[  527.580091] Socket status: 30000059
[  527.630514] NET: Registered protocol family 23
[  527.704313] Yenta: CardBus bridge found at 0000:00:11.0 [1179:0001]
[  527.774824] Detected unconfigured Toshiba laptop with ALi ISA bridge SMSC IrDA chip, pre-configuring device.
[  527.774863] Activated ALi 1533 ISA bridge port 0x02e8.
[  527.774878] Activated ALi 1533 ISA bridge port 0x02f8.
[  527.775087] found SMC SuperIO Chip (devid=0x5a rev=00 base=0x002e): LPC47N227
[  527.775121] smsc_superio_flat(): fir: 0x2f8, sir: 0x2e8, dma: 03, irq: 7, mode: 0x0e
[  527.775145] smsc_ircc_present: can't get sir_base of 0x2e8
[  527.837344] Yenta: ISA IRQ mask 0x04b8, PCI irq 11
[  527.837364] Socket status: 30000007
[  527.906777] Yenta: CardBus bridge found at 0000:00:11.1 [1179:0001]
[  528.033384] Yenta: ISA IRQ mask 0x04b8, PCI irq 11
[  528.033402] Socket status: 30000007
[  528.042128] ACPI: PCI Interrupt Link [LNKG] enabled at IRQ 11
[  528.042150] ACPI: PCI Interrupt 0000:00:02.0[A] -> Link [LNKG] -> GSI 11 (level, low) -> IRQ 11
[  528.042211] ohci_hcd 0000:00:02.0: OHCI Host Controller
[  528.046259] ohci_hcd 0000:00:02.0: new USB bus registered, assigned bus number 1
[  528.046357] ohci_hcd 0000:00:02.0: irq 11, io mem 0xf7eff000
[  528.102951] usb usb1: configuration #1 chosen from 1 choice
[  528.103303] hub 1-0:1.0: USB hub found
[  528.103438] hub 1-0:1.0: 3 ports detected
[  528.275998] ACPI: PCI Interrupt Link [LNKH] enabled at IRQ 11
[  528.276020] ACPI: PCI Interrupt 0000:00:06.0[A] -> Link [LNKH] -> GSI 11 (level, low) -> IRQ 11
[  528.355917] pccard: PCMCIA card inserted into slot 0
[  532.210162] cs: IO port probe 0x100-0x3af: excluding 0x200-0x207 0x220-0x22f 0x2f8-0x2ff 0x330-0x337 0x378-0x37f 0x388-0x38f
[  532.214075] cs: IO port probe 0x100-0x3af: excluding 0x200-0x207 0x220-0x22f 0x2f8-0x2ff 0x330-0x337 0x378-0x37f 0x388-0x38f
[  532.217297] cs: IO port probe 0x3e0-0x4ff: excluding 0x408-0x40f 0x480-0x48f 0x4d0-0x4d7
[  532.218853] cs: IO port probe 0x3e0-0x4ff: excluding 0x408-0x40f 0x480-0x48f 0x4d0-0x4d7
[  532.225223] cs: IO port probe 0x820-0x8ff: clean.
[  532.226550] cs: IO port probe 0xc00-0xcf7: clean.
[  532.231621] cs: IO port probe 0x820-0x8ff: clean.
[  532.232940] cs: IO port probe 0xc00-0xcf7: clean.
[  532.269084] cs: IO port probe 0xa00-0xaff: clean.
[  532.270873] cs: memory probe 0xa0000000-0xa0ffffff: clean.
[  532.283757] cs: IO port probe 0xa00-0xaff: clean.
[  532.465077] pcmcia: registering new device pcmcia0.0
[  532.907159] cs: IO port probe 0x100-0x3af: excluding 0x200-0x207 0x220-0x22f 0x2f8-0x2ff 0x330-0x337 0x378-0x37f 0x388-0x38f
[  532.928118] cs: IO port probe 0x3e0-0x4ff: excluding 0x408-0x40f 0x480-0x48f 0x4d0-0x4d7
[  532.929579] cs: IO port probe 0x820-0x8ff: clean.
[  532.981120] cs: IO port probe 0xc00-0xcf7: clean.
[  532.983443] cs: IO port probe 0xa00-0xaff: clean.
[  533.178476] wlags49_h1_cs v7.18 for PCMCIA, 03/31/2004 14:31:00 by Agere Systems, 
http://www.agere.com
[  533.178495] *** Modified for kernel 2.6 by Andrey Borzenkov <arvidjaar@mail.ru> $Revision: 39 $
[  533.178504] *** Station Mode (STA) Support: YES
[  533.178509] *** Access Point Mode (AP) Support: YES
[  533.949306] eth1: PRI 31 variant 2 version 9.48
[  533.949377] eth1: NIC 5 variant 2 version 1.02
[  533.994831] eth1: Wireless, io_addr 0x100, irq 11, mac_address 00:02:2D:26:95:6C
[  535.164369] SCSI subsystem initialized
[  535.308000] libata version 2.21 loaded.
[  535.360714] input: ImPS/2 Generic Wheel Mouse as /devices/platform/i8042/serio1/input/input1
[  535.466029] Toshiba System Managment Mode driver v1.11 26/9/2001
[  535.653328] Non-volatile memory driver v1.2
[  536.859592] ACPI: AC Adapter [ADP1] (on-line)
[  536.900170] ACPI: Battery Slot [BAT1] (battery present)
[  536.900367] ACPI: Battery Slot [BAT2] (battery absent)
[  536.958727] input: Power Button (FF) as /devices/virtual/input/input2
[  536.960157] ACPI: Power Button (FF) [PWRF]
[  536.962563] input: Lid Switch as /devices/virtual/input/input3
[  536.977515] ACPI: Lid Switch [LID]
[  537.073923] ACPI: Transitioning device [FAN] to D3
[  537.073940] ACPI: Transitioning device [FAN] to D3
[  537.073960] ACPI: Fan [FAN] (off)
[  537.210383] ACPI: CPU0 (power states: C1[C1] C2[C2])
[  537.297469] ACPI: Thermal Zone [THRM] (58 C)
[  537.383972] toshiba_acpi: Toshiba Laptop ACPI Extras version 0.18
[  537.383995] toshiba_acpi:     HCI method: \_SB_.VALD.GHCI
[  537.509934] ACPI: Video Device [VGA] (multi-head: yes  rom: yes  post: no)
[  537.779131] Marking TSC unstable due to: possible TSC halt in C2.
[  537.782438] Time: acpi_pm clocksource has been installed.
[  537.805900] device-mapper: ioctl: 4.11.0-ioctl (2006-10-12) initialised: dm-devel@redhat.com
[  538.133922] loop: module loaded
[  538.431262] Clocksource tsc unstable (delta = -81870346 ns)
[  540.428965] Adding 500432k swap on /dev/hda1.  Priority:-1 extents:1 across:500432k
#
# Automatically generated make config: don't edit
# Linux kernel version: 2.6.22
# Sat Jul 14 21:00:53 2007
#
CONFIG_X86_32=y
CONFIG_GENERIC_TIME=y
CONFIG_CLOCKSOURCE_WATCHDOG=y
CONFIG_GENERIC_CLOCKEVENTS=y
CONFIG_LOCKDEP_SUPPORT=y
CONFIG_STACKTRACE_SUPPORT=y
CONFIG_SEMAPHORE_SLEEPERS=y
CONFIG_X86=y
CONFIG_MMU=y
CONFIG_ZONE_DMA=y
CONFIG_QUICKLIST=y
CONFIG_GENERIC_ISA_DMA=y
CONFIG_GENERIC_IOMAP=y
CONFIG_GENERIC_BUG=y
CONFIG_GENERIC_HWEIGHT=y
CONFIG_ARCH_MAY_HAVE_PC_FDC=y
CONFIG_DMI=y
CONFIG_DEFCONFIG_LIST="/lib/modules/$UNAME_RELEASE/.config"
#
# Code maturity level options
#
CONFIG_EXPERIMENTAL=y
CONFIG_BROKEN_ON_SMP=y
CONFIG_INIT_ENV_ARG_LIMIT=32
#
# General setup
#
CONFIG_LOCALVERSION=""
# CONFIG_LOCALVERSION_AUTO is not set
CONFIG_SWAP=y
CONFIG_SYSVIPC=y
# CONFIG_IPC_NS is not set
CONFIG_SYSVIPC_SYSCTL=y
CONFIG_POSIX_MQUEUE=y
CONFIG_BSD_PROCESS_ACCT=y
CONFIG_BSD_PROCESS_ACCT_V3=y
# CONFIG_TASKSTATS is not set
# CONFIG_UTS_NS is not set
CONFIG_AUDIT=y
CONFIG_AUDITSYSCALL=y
# CONFIG_IKCONFIG is not set
CONFIG_LOG_BUF_SHIFT=17
# CONFIG_SYSFS_DEPRECATED is not set
CONFIG_RELAY=y
CONFIG_BLK_DEV_INITRD=y
CONFIG_INITRAMFS_SOURCE=""
# CONFIG_CC_OPTIMIZE_FOR_SIZE is not set
CONFIG_SYSCTL=y
CONFIG_EMBEDDED=y
# CONFIG_UID16 is not set
# CONFIG_SYSCTL_SYSCALL is not set
CONFIG_KALLSYMS=y
CONFIG_KALLSYMS_ALL=y
# CONFIG_KALLSYMS_EXTRA_PASS is not set
CONFIG_HOTPLUG=y
CONFIG_PRINTK=y
CONFIG_BUG=y
CONFIG_ELF_CORE=y
CONFIG_BASE_FULL=y
CONFIG_FUTEX=y
CONFIG_ANON_INODES=y
CONFIG_EPOLL=y
CONFIG_SIGNALFD=y
CONFIG_TIMERFD=y
CONFIG_EVENTFD=y
CONFIG_SHMEM=y
CONFIG_VM_EVENT_COUNTERS=y
CONFIG_SLUB_DEBUG=y
# CONFIG_SLAB is not set
CONFIG_SLUB=y
# CONFIG_SLOB is not set
CONFIG_RT_MUTEXES=y
# CONFIG_TINY_SHMEM is not set
CONFIG_BASE_SMALL=0
#
# Loadable module support
#
CONFIG_MODULES=y
CONFIG_MODULE_UNLOAD=y
CONFIG_MODULE_FORCE_UNLOAD=y
CONFIG_MODVERSIONS=y
# CONFIG_MODULE_SRCVERSION_ALL is not set
CONFIG_KMOD=y
#
# Block layer
#
CONFIG_BLOCK=y
# CONFIG_LBD is not set
# CONFIG_BLK_DEV_IO_TRACE is not set
# CONFIG_LSF is not set
#
# IO Schedulers
#
CONFIG_IOSCHED_NOOP=y
CONFIG_IOSCHED_AS=y
CONFIG_IOSCHED_DEADLINE=y
CONFIG_IOSCHED_CFQ=y
# CONFIG_DEFAULT_AS is not set
# CONFIG_DEFAULT_DEADLINE is not set
CONFIG_DEFAULT_CFQ=y
# CONFIG_DEFAULT_NOOP is not set
CONFIG_DEFAULT_IOSCHED="cfq"
#
# Processor type and features
#
CONFIG_TICK_ONESHOT=y
CONFIG_NO_HZ=y
CONFIG_HIGH_RES_TIMERS=y
# CONFIG_SMP is not set
CONFIG_X86_PC=y
# CONFIG_X86_ELAN is not set
# CONFIG_X86_VOYAGER is not set
# CONFIG_X86_NUMAQ is not set
# CONFIG_X86_SUMMIT is not set
# CONFIG_X86_BIGSMP is not set
# CONFIG_X86_VISWS is not set
# CONFIG_X86_GENERICARCH is not set
# CONFIG_X86_ES7000 is not set
# CONFIG_PARAVIRT is not set
# CONFIG_M386 is not set
# CONFIG_M486 is not set
# CONFIG_M586 is not set
# CONFIG_M586TSC is not set
# CONFIG_M586MMX is not set
# CONFIG_M686 is not set
# CONFIG_MPENTIUMII is not set
CONFIG_MPENTIUMIII=y
# CONFIG_MPENTIUMM is not set
# CONFIG_MCORE2 is not set
# CONFIG_MPENTIUM4 is not set
# CONFIG_MK6 is not set
# CONFIG_MK7 is not set
# CONFIG_MK8 is not set
# CONFIG_MCRUSOE is not set
# CONFIG_MEFFICEON is not set
# CONFIG_MWINCHIPC6 is not set
# CONFIG_MWINCHIP2 is not set
# CONFIG_MWINCHIP3D is not set
# CONFIG_MGEODEGX1 is not set
# CONFIG_MGEODE_LX is not set
# CONFIG_MCYRIXIII is not set
# CONFIG_MVIAC3_2 is not set
# CONFIG_MVIAC7 is not set
# CONFIG_X86_GENERIC is not set
CONFIG_X86_CMPXCHG=y
CONFIG_X86_L1_CACHE_SHIFT=5
CONFIG_X86_XADD=y
CONFIG_RWSEM_XCHGADD_ALGORITHM=y
# CONFIG_ARCH_HAS_ILOG2_U32 is not set
# CONFIG_ARCH_HAS_ILOG2_U64 is not set
CONFIG_GENERIC_CALIBRATE_DELAY=y
CONFIG_X86_WP_WORKS_OK=y
CONFIG_X86_INVLPG=y
CONFIG_X86_BSWAP=y
CONFIG_X86_POPAD_OK=y
CONFIG_X86_GOOD_APIC=y
CONFIG_X86_INTEL_USERCOPY=y
CONFIG_X86_USE_PPRO_CHECKSUM=y
CONFIG_X86_TSC=y
CONFIG_X86_CMOV=y
CONFIG_X86_MINIMUM_CPU_MODEL=4
CONFIG_HPET_TIMER=y
CONFIG_HPET_EMULATE_RTC=y
# CONFIG_PREEMPT_NONE is not set
CONFIG_PREEMPT_VOLUNTARY=y
# CONFIG_PREEMPT is not set
# CONFIG_X86_UP_APIC is not set
# CONFIG_X86_MCE is not set
CONFIG_VM86=y
CONFIG_TOSHIBA=m
# CONFIG_I8K is not set
CONFIG_X86_REBOOTFIXUPS=y
CONFIG_MICROCODE=m
CONFIG_MICROCODE_OLD_INTERFACE=y
CONFIG_X86_MSR=m
CONFIG_X86_CPUID=m
#
# Firmware Drivers
#
CONFIG_EDD=y
# CONFIG_DELL_RBU is not set
# CONFIG_DCDBAS is not set
CONFIG_NOHIGHMEM=y
# CONFIG_HIGHMEM4G is not set
# CONFIG_HIGHMEM64G is not set
CONFIG_VMSPLIT_3G=y
# CONFIG_VMSPLIT_3G_OPT is not set
# CONFIG_VMSPLIT_2G is not set
# CONFIG_VMSPLIT_2G_OPT is not set
# CONFIG_VMSPLIT_1G is not set
CONFIG_PAGE_OFFSET=0xC0000000
CONFIG_ARCH_FLATMEM_ENABLE=y
CONFIG_ARCH_SPARSEMEM_ENABLE=y
CONFIG_ARCH_SELECT_MEMORY_MODEL=y
CONFIG_ARCH_POPULATES_NODE_MAP=y
CONFIG_SELECT_MEMORY_MODEL=y
CONFIG_FLATMEM_MANUAL=y
# CONFIG_DISCONTIGMEM_MANUAL is not set
# CONFIG_SPARSEMEM_MANUAL is not set
CONFIG_FLATMEM=y
CONFIG_FLAT_NODE_MEM_MAP=y
CONFIG_SPARSEMEM_STATIC=y
CONFIG_SPLIT_PTLOCK_CPUS=4
# CONFIG_RESOURCES_64BIT is not set
CONFIG_ZONE_DMA_FLAG=1
CONFIG_NR_QUICK=1
# CONFIG_MATH_EMULATION is not set
CONFIG_MTRR=y
# CONFIG_EFI is not set
CONFIG_SECCOMP=y
# CONFIG_HZ_100 is not set
# CONFIG_HZ_250 is not set
CONFIG_HZ_300=y
# CONFIG_HZ_1000 is not set
CONFIG_HZ=300
# CONFIG_KEXEC is not set
CONFIG_PHYSICAL_START=0x100000
# CONFIG_RELOCATABLE is not set
CONFIG_PHYSICAL_ALIGN=0x100000
# CONFIG_COMPAT_VDSO is not set
#
# Power management options (ACPI, APM)
#
CONFIG_PM=y
# CONFIG_PM_LEGACY is not set
# CONFIG_PM_DEBUG is not set
# CONFIG_PM_SYSFS_DEPRECATED is not set
CONFIG_SOFTWARE_SUSPEND=y
CONFIG_PM_STD_PARTITION=""
#
# ACPI (Advanced Configuration and Power Interface) Support
#
CONFIG_ACPI=y
CONFIG_ACPI_SLEEP=y
CONFIG_ACPI_SLEEP_PROC_FS=y
# CONFIG_ACPI_SLEEP_PROC_SLEEP is not set
# CONFIG_ACPI_PROCFS is not set
CONFIG_ACPI_AC=m
CONFIG_ACPI_BATTERY=m
CONFIG_ACPI_BUTTON=m
CONFIG_ACPI_VIDEO=m
CONFIG_ACPI_FAN=m
# CONFIG_ACPI_DOCK is not set
CONFIG_ACPI_PROCESSOR=m
CONFIG_ACPI_THERMAL=m
# CONFIG_ACPI_ASUS is not set
CONFIG_ACPI_TOSHIBA=m
# CONFIG_ACPI_CUSTOM_DSDT is not set
CONFIG_ACPI_BLACKLIST_YEAR=0
# CONFIG_ACPI_DEBUG is not set
CONFIG_ACPI_EC=y
CONFIG_ACPI_POWER=y
CONFIG_ACPI_SYSTEM=y
CONFIG_X86_PM_TIMER=y
# CONFIG_ACPI_CONTAINER is not set
# CONFIG_ACPI_SBS is not set
# CONFIG_APM is not set
#
# CPU Frequency scaling
#
CONFIG_CPU_FREQ=y
CONFIG_CPU_FREQ_TABLE=y
# CONFIG_CPU_FREQ_DEBUG is not set
CONFIG_CPU_FREQ_STAT=y
CONFIG_CPU_FREQ_STAT_DETAILS=y
# CONFIG_CPU_FREQ_DEFAULT_GOV_PERFORMANCE is not set
CONFIG_CPU_FREQ_DEFAULT_GOV_USERSPACE=y
CONFIG_CPU_FREQ_GOV_PERFORMANCE=m
CONFIG_CPU_FREQ_GOV_POWERSAVE=m
CONFIG_CPU_FREQ_GOV_USERSPACE=y
CONFIG_CPU_FREQ_GOV_ONDEMAND=m
CONFIG_CPU_FREQ_GOV_CONSERVATIVE=m
#
# CPUFreq processor drivers
#
CONFIG_X86_ACPI_CPUFREQ=m
# CONFIG_X86_POWERNOW_K6 is not set
# CONFIG_X86_POWERNOW_K7 is not set
# CONFIG_X86_POWERNOW_K8 is not set
# CONFIG_X86_GX_SUSPMOD is not set
# CONFIG_X86_SPEEDSTEP_CENTRINO is not set
# CONFIG_X86_SPEEDSTEP_ICH is not set
# CONFIG_X86_SPEEDSTEP_SMI is not set
# CONFIG_X86_P4_CLOCKMOD is not set
# CONFIG_X86_CPUFREQ_NFORCE2 is not set
# CONFIG_X86_LONGRUN is not set
# CONFIG_X86_LONGHAUL is not set
# CONFIG_X86_E_POWERSAVER is not set
#
# shared options
#
# CONFIG_X86_ACPI_CPUFREQ_PROC_INTF is not set
# CONFIG_X86_SPEEDSTEP_LIB is not set
#
# Bus options (PCI, PCMCIA, EISA, MCA, ISA)
#
CONFIG_PCI=y
# CONFIG_PCI_GOBIOS is not set
# CONFIG_PCI_GOMMCONFIG is not set
# CONFIG_PCI_GODIRECT is not set
CONFIG_PCI_GOANY=y
CONFIG_PCI_BIOS=y
CONFIG_PCI_DIRECT=y
CONFIG_PCI_MMCONFIG=y
# CONFIG_PCIEPORTBUS is not set
# CONFIG_ARCH_SUPPORTS_MSI is not set
# CONFIG_PCI_DEBUG is not set
CONFIG_ISA_DMA_API=y
CONFIG_ISA=y
# CONFIG_EISA is not set
# CONFIG_MCA is not set
# CONFIG_SCx200 is not set
#
# PCCARD (PCMCIA/CardBus) support
#
CONFIG_PCCARD=m
# CONFIG_PCMCIA_DEBUG is not set
CONFIG_PCMCIA=m
CONFIG_PCMCIA_LOAD_CIS=y
# CONFIG_PCMCIA_IOCTL is not set
CONFIG_CARDBUS=y
#
# PC-card bridges
#
CONFIG_YENTA=m
CONFIG_YENTA_O2=y
CONFIG_YENTA_RICOH=y
CONFIG_YENTA_TI=y
CONFIG_YENTA_ENE_TUNE=y
CONFIG_YENTA_TOSHIBA=y
# CONFIG_PD6729 is not set
# CONFIG_I82092 is not set
# CONFIG_I82365 is not set
# CONFIG_TCIC is not set
CONFIG_PCMCIA_PROBE=y
CONFIG_PCCARD_NONSTATIC=m
# CONFIG_HOTPLUG_PCI is not set
#
# Executable file formats
#
CONFIG_BINFMT_ELF=y
CONFIG_BINFMT_AOUT=m
CONFIG_BINFMT_MISC=m
#
# Networking
#
CONFIG_NET=y
#
# Networking options
#
CONFIG_PACKET=m
CONFIG_PACKET_MMAP=y
CONFIG_UNIX=y
CONFIG_XFRM=y
CONFIG_XFRM_USER=m
# CONFIG_XFRM_SUB_POLICY is not set
# CONFIG_XFRM_MIGRATE is not set
CONFIG_NET_KEY=m
# CONFIG_NET_KEY_MIGRATE is not set
CONFIG_INET=y
CONFIG_IP_MULTICAST=y
CONFIG_IP_ADVANCED_ROUTER=y
CONFIG_ASK_IP_FIB_HASH=y
# CONFIG_IP_FIB_TRIE is not set
CONFIG_IP_FIB_HASH=y
CONFIG_IP_MULTIPLE_TABLES=y
# CONFIG_IP_ROUTE_MULTIPATH is not set
# CONFIG_IP_ROUTE_VERBOSE is not set
# CONFIG_IP_PNP is not set
# CONFIG_NET_IPIP is not set
# CONFIG_NET_IPGRE is not set
# CONFIG_IP_MROUTE is not set
# CONFIG_ARPD is not set
# CONFIG_SYN_COOKIES is not set
# CONFIG_INET_AH is not set
# CONFIG_INET_ESP is not set
# CONFIG_INET_IPCOMP is not set
# CONFIG_INET_XFRM_TUNNEL is not set
# CONFIG_INET_TUNNEL is not set
# CONFIG_INET_XFRM_MODE_TRANSPORT is not set
# CONFIG_INET_XFRM_MODE_TUNNEL is not set
# CONFIG_INET_XFRM_MODE_BEET is not set
# CONFIG_INET_DIAG is not set
# CONFIG_TCP_CONG_ADVANCED is not set
CONFIG_TCP_CONG_CUBIC=y
CONFIG_DEFAULT_TCP_CONG="cubic"
# CONFIG_TCP_MD5SIG is not set
# CONFIG_IPV6 is not set
# CONFIG_INET6_XFRM_TUNNEL is not set
# CONFIG_INET6_TUNNEL is not set
# CONFIG_NETWORK_SECMARK is not set
# CONFIG_NETFILTER is not set
# CONFIG_IP_DCCP is not set
# CONFIG_IP_SCTP is not set
# CONFIG_TIPC is not set
# CONFIG_ATM is not set
# CONFIG_BRIDGE is not set
# CONFIG_VLAN_8021Q is not set
# CONFIG_DECNET is not set
# CONFIG_LLC2 is not set
# CONFIG_IPX is not set
# CONFIG_ATALK is not set
# CONFIG_X25 is not set
# CONFIG_LAPB is not set
# CONFIG_ECONET is not set
# CONFIG_WAN_ROUTER is not set
#
# QoS and/or fair queueing
#
# CONFIG_NET_SCHED is not set
#
# Network testing
#
# CONFIG_NET_PKTGEN is not set
# CONFIG_NET_TCPPROBE is not set
# CONFIG_HAMRADIO is not set
CONFIG_IRDA=m
#
# IrDA protocols
#
CONFIG_IRLAN=m
CONFIG_IRNET=m
CONFIG_IRCOMM=m
CONFIG_IRDA_ULTRA=y
#
# IrDA options
#
CONFIG_IRDA_CACHE_LAST_LSAP=y
CONFIG_IRDA_FAST_RR=y
# CONFIG_IRDA_DEBUG is not set
#
# Infrared-port device drivers
#
#
# SIR device drivers
#
# CONFIG_IRTTY_SIR is not set
#
# Dongle support
#
# CONFIG_KINGSUN_DONGLE is not set
#
# Old SIR device drivers
#
# CONFIG_IRPORT_SIR is not set
#
# Old Serial dongle support
#
#
# FIR device drivers
#
# CONFIG_USB_IRDA is not set
# CONFIG_SIGMATEL_FIR is not set
# CONFIG_NSC_FIR is not set
# CONFIG_WINBOND_FIR is not set
# CONFIG_TOSHIBA_FIR is not set
CONFIG_SMC_IRCC_FIR=m
# CONFIG_ALI_FIR is not set
# CONFIG_VLSI_FIR is not set
# CONFIG_VIA_FIR is not set
# CONFIG_MCS_FIR is not set
CONFIG_BT=m
CONFIG_BT_L2CAP=m
# CONFIG_BT_SCO is not set
CONFIG_BT_RFCOMM=m
CONFIG_BT_RFCOMM_TTY=y
CONFIG_BT_BNEP=m
# CONFIG_BT_BNEP_MC_FILTER is not set
# CONFIG_BT_BNEP_PROTO_FILTER is not set
# CONFIG_BT_HIDP is not set
#
# Bluetooth device drivers
#
CONFIG_BT_HCIUSB=m
# CONFIG_BT_HCIUSB_SCO is not set
# CONFIG_BT_HCIUART is not set
# CONFIG_BT_HCIBCM203X is not set
# CONFIG_BT_HCIBPA10X is not set
# CONFIG_BT_HCIBFUSB is not set
# CONFIG_BT_HCIDTL1 is not set
# CONFIG_BT_HCIBT3C is not set
# CONFIG_BT_HCIBLUECARD is not set
# CONFIG_BT_HCIBTUART is not set
# CONFIG_BT_HCIVHCI is not set
# CONFIG_AF_RXRPC is not set
CONFIG_FIB_RULES=y
#
# Wireless
#
CONFIG_CFG80211=m
CONFIG_WIRELESS_EXT=y
# CONFIG_MAC80211 is not set
# CONFIG_IEEE80211 is not set
# CONFIG_RFKILL is not set
#
# Device Drivers
#
#
# Generic Driver Options
#
# CONFIG_STANDALONE is not set
CONFIG_PREVENT_FIRMWARE_BUILD=y
CONFIG_FW_LOADER=m
# CONFIG_DEBUG_DRIVER is not set
# CONFIG_DEBUG_DEVRES is not set
# CONFIG_SYS_HYPERVISOR is not set
#
# Connector - unified userspace <-> kernelspace linker
#
CONFIG_CONNECTOR=m
# CONFIG_MTD is not set
#
# Parallel port support
#
# CONFIG_PARPORT is not set
#
# Plug and Play support
#
CONFIG_PNP=y
# CONFIG_PNP_DEBUG is not set
#
# Protocols
#
# CONFIG_ISAPNP is not set
# CONFIG_PNPBIOS is not set
CONFIG_PNPACPI=y
#
# Block devices
#
# CONFIG_BLK_DEV_FD is not set
# CONFIG_BLK_DEV_XD is not set
# CONFIG_BLK_CPQ_DA is not set
# CONFIG_BLK_CPQ_CISS_DA is not set
# CONFIG_BLK_DEV_DAC960 is not set
# CONFIG_BLK_DEV_UMEM is not set
# CONFIG_BLK_DEV_COW_COMMON is not set
CONFIG_BLK_DEV_LOOP=m
CONFIG_BLK_DEV_CRYPTOLOOP=m
CONFIG_BLK_DEV_NBD=m
# CONFIG_BLK_DEV_SX8 is not set
# CONFIG_BLK_DEV_UB is not set
CONFIG_BLK_DEV_RAM=y
CONFIG_BLK_DEV_RAM_COUNT=16
CONFIG_BLK_DEV_RAM_SIZE=32000
CONFIG_BLK_DEV_RAM_BLOCKSIZE=1024
CONFIG_CDROM_PKTCDVD=y
CONFIG_CDROM_PKTCDVD_BUFFERS=8
# CONFIG_CDROM_PKTCDVD_WCACHE is not set
# CONFIG_ATA_OVER_ETH is not set
#
# Misc devices
#
# CONFIG_IBM_ASM is not set
# CONFIG_PHANTOM is not set
# CONFIG_SGI_IOC4 is not set
# CONFIG_TIFM_CORE is not set
# CONFIG_MSI_LAPTOP is not set
# CONFIG_SONY_LAPTOP is not set
# CONFIG_THINKPAD_ACPI is not set
CONFIG_IDE=m
CONFIG_IDE_MAX_HWIFS=4
CONFIG_BLK_DEV_IDE=m
#
# Please see Documentation/ide.txt for help/info on IDE drives
#
# CONFIG_BLK_DEV_IDE_SATA is not set
# CONFIG_BLK_DEV_HD_IDE is not set
CONFIG_BLK_DEV_IDEDISK=m
# CONFIG_IDEDISK_MULTI_MODE is not set
# CONFIG_BLK_DEV_IDECS is not set
# CONFIG_BLK_DEV_DELKIN is not set
CONFIG_BLK_DEV_IDECD=m
# CONFIG_BLK_DEV_IDETAPE is not set
# CONFIG_BLK_DEV_IDEFLOPPY is not set
# CONFIG_BLK_DEV_IDESCSI is not set
CONFIG_BLK_DEV_IDEACPI=y
# CONFIG_IDE_TASK_IOCTL is not set
# CONFIG_IDE_PROC_FS is not set
#
# IDE chipset support/bugfixes
#
CONFIG_IDE_GENERIC=m
# CONFIG_BLK_DEV_CMD640 is not set
# CONFIG_BLK_DEV_IDEPNP is not set
CONFIG_BLK_DEV_IDEPCI=y
CONFIG_IDEPCI_SHARE_IRQ=y
# CONFIG_IDEPCI_PCIBUS_ORDER is not set
# CONFIG_BLK_DEV_OFFBOARD is not set
# CONFIG_BLK_DEV_GENERIC is not set
# CONFIG_BLK_DEV_OPTI621 is not set
# CONFIG_BLK_DEV_RZ1000 is not set
CONFIG_BLK_DEV_IDEDMA_PCI=y
# CONFIG_BLK_DEV_IDEDMA_FORCED is not set
# CONFIG_IDEDMA_ONLYDISK is not set
# CONFIG_BLK_DEV_AEC62XX is not set
CONFIG_BLK_DEV_ALI15X3=m
# CONFIG_WDC_ALI15X3 is not set
# CONFIG_BLK_DEV_AMD74XX is not set
# CONFIG_BLK_DEV_ATIIXP is not set
# CONFIG_BLK_DEV_CMD64X is not set
# CONFIG_BLK_DEV_TRIFLEX is not set
# CONFIG_BLK_DEV_CY82C693 is not set
# CONFIG_BLK_DEV_CS5520 is not set
# CONFIG_BLK_DEV_CS5530 is not set
# CONFIG_BLK_DEV_CS5535 is not set
# CONFIG_BLK_DEV_HPT34X is not set
# CONFIG_BLK_DEV_HPT366 is not set
# CONFIG_BLK_DEV_JMICRON is not set
# CONFIG_BLK_DEV_SC1200 is not set
# CONFIG_BLK_DEV_PIIX is not set
# CONFIG_BLK_DEV_IT8213 is not set
# CONFIG_BLK_DEV_IT821X is not set
# CONFIG_BLK_DEV_NS87415 is not set
# CONFIG_BLK_DEV_PDC202XX_OLD is not set
# CONFIG_BLK_DEV_PDC202XX_NEW is not set
# CONFIG_BLK_DEV_SVWKS is not set
# CONFIG_BLK_DEV_SIIMAGE is not set
# CONFIG_BLK_DEV_SIS5513 is not set
# CONFIG_BLK_DEV_SLC90E66 is not set
# CONFIG_BLK_DEV_TRM290 is not set
# CONFIG_BLK_DEV_VIA82CXXX is not set
# CONFIG_BLK_DEV_TC86C001 is not set
# CONFIG_IDE_ARM is not set
# CONFIG_IDE_CHIPSETS is not set
CONFIG_BLK_DEV_IDEDMA=y
# CONFIG_IDEDMA_IVB is not set
# CONFIG_BLK_DEV_HD is not set
#
# SCSI device support
#
# CONFIG_RAID_ATTRS is not set
CONFIG_SCSI=m
CONFIG_SCSI_TGT=m
# CONFIG_SCSI_NETLINK is not set
CONFIG_SCSI_PROC_FS=y
#
# SCSI support type (disk, tape, CD-ROM)
#
CONFIG_BLK_DEV_SD=m
# CONFIG_CHR_DEV_ST is not set
# CONFIG_CHR_DEV_OSST is not set
CONFIG_BLK_DEV_SR=m
CONFIG_BLK_DEV_SR_VENDOR=y
CONFIG_CHR_DEV_SG=m
# CONFIG_CHR_DEV_SCH is not set
#
# Some SCSI devices (e.g. CD jukebox) support multiple LUNs
#
CONFIG_SCSI_MULTI_LUN=y
CONFIG_SCSI_CONSTANTS=y
CONFIG_SCSI_LOGGING=y
# CONFIG_SCSI_SCAN_ASYNC is not set
CONFIG_SCSI_WAIT_SCAN=m
#
# SCSI Transports
#
CONFIG_SCSI_SPI_ATTRS=m
# CONFIG_SCSI_FC_ATTRS is not set
CONFIG_SCSI_ISCSI_ATTRS=m
# CONFIG_SCSI_SAS_ATTRS is not set
# CONFIG_SCSI_SAS_LIBSAS is not set
#
# SCSI low-level drivers
#
# CONFIG_ISCSI_TCP is not set
# CONFIG_BLK_DEV_3W_XXXX_RAID is not set
# CONFIG_SCSI_3W_9XXX is not set
# CONFIG_SCSI_7000FASST is not set
# CONFIG_SCSI_ACARD is not set
# CONFIG_SCSI_AHA152X is not set
# CONFIG_SCSI_AHA1542 is not set
# CONFIG_SCSI_AACRAID is not set
# CONFIG_SCSI_AIC7XXX is not set
# CONFIG_SCSI_AIC7XXX_OLD is not set
# CONFIG_SCSI_AIC79XX is not set
# CONFIG_SCSI_AIC94XX is not set
# CONFIG_SCSI_DPT_I2O is not set
# CONFIG_SCSI_ADVANSYS is not set
# CONFIG_SCSI_IN2000 is not set
# CONFIG_SCSI_ARCMSR is not set
# CONFIG_MEGARAID_NEWGEN is not set
# CONFIG_MEGARAID_LEGACY is not set
# CONFIG_MEGARAID_SAS is not set
# CONFIG_SCSI_HPTIOP is not set
# CONFIG_SCSI_BUSLOGIC is not set
# CONFIG_SCSI_DMX3191D is not set
# CONFIG_SCSI_DTC3280 is not set
# CONFIG_SCSI_EATA is not set
# CONFIG_SCSI_FUTURE_DOMAIN is not set
# CONFIG_SCSI_GDTH is not set
# CONFIG_SCSI_GENERIC_NCR5380 is not set
# CONFIG_SCSI_GENERIC_NCR5380_MMIO is not set
# CONFIG_SCSI_IPS is not set
# CONFIG_SCSI_INITIO is not set
# CONFIG_SCSI_INIA100 is not set
# CONFIG_SCSI_NCR53C406A is not set
# CONFIG_SCSI_STEX is not set
# CONFIG_SCSI_SYM53C8XX_2 is not set
# CONFIG_SCSI_PAS16 is not set
# CONFIG_SCSI_PSI240I is not set
# CONFIG_SCSI_QLOGIC_FAS is not set
# CONFIG_SCSI_QLOGIC_1280 is not set
# CONFIG_SCSI_QLA_FC is not set
# CONFIG_SCSI_QLA_ISCSI is not set
# CONFIG_SCSI_LPFC is not set
# CONFIG_SCSI_SEAGATE is not set
# CONFIG_SCSI_SYM53C416 is not set
# CONFIG_SCSI_DC395x is not set
# CONFIG_SCSI_DC390T is not set
# CONFIG_SCSI_T128 is not set
# CONFIG_SCSI_U14_34F is not set
# CONFIG_SCSI_ULTRASTOR is not set
# CONFIG_SCSI_NSP32 is not set
# CONFIG_SCSI_DEBUG is not set
# CONFIG_SCSI_SRP is not set
#
# PCMCIA SCSI adapter support
#
# CONFIG_PCMCIA_AHA152X is not set
# CONFIG_PCMCIA_FDOMAIN is not set
# CONFIG_PCMCIA_NINJA_SCSI is not set
# CONFIG_PCMCIA_QLOGIC is not set
# CONFIG_PCMCIA_SYM53C500 is not set
# CONFIG_ATA is not set
#
# Old CD-ROM drivers (not SCSI, not IDE)
#
# CONFIG_CD_NO_IDESCSI is not set
#
# Multi-device support (RAID and LVM)
#
CONFIG_MD=y
CONFIG_BLK_DEV_MD=m
CONFIG_MD_LINEAR=m
CONFIG_MD_RAID0=m
CONFIG_MD_RAID1=m
CONFIG_MD_RAID10=m
CONFIG_MD_RAID456=m
CONFIG_MD_RAID5_RESHAPE=y
CONFIG_MD_MULTIPATH=m
CONFIG_MD_FAULTY=m
CONFIG_BLK_DEV_DM=m
# CONFIG_DM_DEBUG is not set
CONFIG_DM_CRYPT=m
CONFIG_DM_SNAPSHOT=m
CONFIG_DM_MIRROR=m
CONFIG_DM_ZERO=m
CONFIG_DM_MULTIPATH=m
CONFIG_DM_MULTIPATH_EMC=m
# CONFIG_DM_DELAY is not set
#
# Fusion MPT device support
#
# CONFIG_FUSION is not set
# CONFIG_FUSION_SPI is not set
# CONFIG_FUSION_FC is not set
# CONFIG_FUSION_SAS is not set
#
# IEEE 1394 (FireWire) support
#
# CONFIG_FIREWIRE is not set
# CONFIG_IEEE1394 is not set
#
# I2O device support
#
# CONFIG_I2O is not set
# CONFIG_MACINTOSH_DRIVERS is not set
#
# Network device support
#
CONFIG_NETDEVICES=y
CONFIG_DUMMY=m
CONFIG_BONDING=m
# CONFIG_EQUALIZER is not set
CONFIG_TUN=m
# CONFIG_NET_SB1000 is not set
# CONFIG_ARCNET is not set
# CONFIG_PHYLIB is not set
#
# Ethernet (10 or 100Mbit)
#
CONFIG_NET_ETHERNET=y
CONFIG_MII=m
# CONFIG_HAPPYMEAL is not set
# CONFIG_SUNGEM is not set
# CONFIG_CASSINI is not set
# CONFIG_NET_VENDOR_3COM is not set
# CONFIG_LANCE is not set
# CONFIG_NET_VENDOR_SMC is not set
# CONFIG_NET_VENDOR_RACAL is not set
#
# Tulip family network device support
#
# CONFIG_NET_TULIP is not set
# CONFIG_AT1700 is not set
# CONFIG_DEPCA is not set
# CONFIG_HP100 is not set
# CONFIG_NET_ISA is not set
CONFIG_NET_PCI=y
# CONFIG_PCNET32 is not set
# CONFIG_AMD8111_ETH is not set
# CONFIG_ADAPTEC_STARFIRE is not set
# CONFIG_AC3200 is not set
# CONFIG_APRICOT is not set
# CONFIG_B44 is not set
# CONFIG_FORCEDETH is not set
# CONFIG_CS89x0 is not set
# CONFIG_DGRS is not set
# CONFIG_EEPRO100 is not set
CONFIG_E100=m
# CONFIG_FEALNX is not set
# CONFIG_NATSEMI is not set
# CONFIG_NE2K_PCI is not set
# CONFIG_8139CP is not set
# CONFIG_8139TOO is not set
# CONFIG_SIS900 is not set
# CONFIG_EPIC100 is not set
# CONFIG_SUNDANCE is not set
# CONFIG_TLAN is not set
# CONFIG_VIA_RHINE is not set
# CONFIG_SC92031 is not set
# CONFIG_NETDEV_1000 is not set
# CONFIG_NETDEV_10000 is not set
# CONFIG_TR is not set
#
# Wireless LAN
#
# CONFIG_WLAN_PRE80211 is not set
CONFIG_WLAN_80211=y
# CONFIG_PCMCIA_RAYCS is not set
# CONFIG_IPW2100 is not set
# CONFIG_IPW2200 is not set
# CONFIG_LIBERTAS is not set
# CONFIG_AIRO is not set
# CONFIG_HERMES is not set
# CONFIG_ATMEL is not set
# CONFIG_AIRO_CS is not set
# CONFIG_PCMCIA_WL3501 is not set
# CONFIG_PRISM54 is not set
# CONFIG_USB_ZD1201 is not set
# CONFIG_HOSTAP is not set
#
# USB Network Adapters
#
# CONFIG_USB_CATC is not set
# CONFIG_USB_KAWETH is not set
# CONFIG_USB_PEGASUS is not set
# CONFIG_USB_RTL8150 is not set
# CONFIG_USB_USBNET_MII is not set
# CONFIG_USB_USBNET is not set
# CONFIG_NET_PCMCIA is not set
# CONFIG_WAN is not set
# CONFIG_FDDI is not set
# CONFIG_HIPPI is not set
CONFIG_PPP=m
CONFIG_PPP_MULTILINK=y
CONFIG_PPP_FILTER=y
CONFIG_PPP_ASYNC=m
CONFIG_PPP_SYNC_TTY=m
CONFIG_PPP_DEFLATE=m
CONFIG_PPP_BSDCOMP=m
CONFIG_PPP_MPPE=m
CONFIG_PPPOE=m
# CONFIG_SLIP is not set
CONFIG_SLHC=m
# CONFIG_NET_FC is not set
CONFIG_SHAPER=m
CONFIG_NETCONSOLE=m
CONFIG_NETPOLL=y
# CONFIG_NETPOLL_TRAP is not set
CONFIG_NET_POLL_CONTROLLER=y
#
# ISDN subsystem
#
# CONFIG_ISDN is not set
#
# Telephony Support
#
# CONFIG_PHONE is not set
#
# Input device support
#
CONFIG_INPUT=y
# CONFIG_INPUT_FF_MEMLESS is not set
# CONFIG_INPUT_POLLDEV is not set
#
# Userland interfaces
#
CONFIG_INPUT_MOUSEDEV=y
CONFIG_INPUT_MOUSEDEV_PSAUX=y
CONFIG_INPUT_MOUSEDEV_SCREEN_X=1024
CONFIG_INPUT_MOUSEDEV_SCREEN_Y=768
CONFIG_INPUT_JOYDEV=m
CONFIG_INPUT_TSDEV=m
CONFIG_INPUT_TSDEV_SCREEN_X=240
CONFIG_INPUT_TSDEV_SCREEN_Y=320
CONFIG_INPUT_EVDEV=m
# CONFIG_INPUT_EVBUG is not set
#
# Input Device Drivers
#
CONFIG_INPUT_KEYBOARD=y
CONFIG_KEYBOARD_ATKBD=y
# CONFIG_KEYBOARD_SUNKBD is not set
# CONFIG_KEYBOARD_LKKBD is not set
# CONFIG_KEYBOARD_XTKBD is not set
# CONFIG_KEYBOARD_NEWTON is not set
# CONFIG_KEYBOARD_STOWAWAY is not set
CONFIG_INPUT_MOUSE=y
CONFIG_MOUSE_PS2=m
# CONFIG_MOUSE_PS2_ALPS is not set
# CONFIG_MOUSE_PS2_LOGIPS2PP is not set
# CONFIG_MOUSE_PS2_SYNAPTICS is not set
# CONFIG_MOUSE_PS2_LIFEBOOK is not set
# CONFIG_MOUSE_PS2_TRACKPOINT is not set
# CONFIG_MOUSE_PS2_TOUCHKIT is not set
# CONFIG_MOUSE_SERIAL is not set
# CONFIG_MOUSE_APPLETOUCH is not set
# CONFIG_MOUSE_INPORT is not set
# CONFIG_MOUSE_LOGIBM is not set
# CONFIG_MOUSE_PC110PAD is not set
# CONFIG_MOUSE_VSXXXAA is not set
# CONFIG_INPUT_JOYSTICK is not set
# CONFIG_INPUT_TABLET is not set
# CONFIG_INPUT_TOUCHSCREEN is not set
CONFIG_INPUT_MISC=y
CONFIG_INPUT_PCSPKR=m
# CONFIG_INPUT_WISTRON_BTNS is not set
# CONFIG_INPUT_ATLAS_BTNS is not set
# CONFIG_INPUT_ATI_REMOTE is not set
# CONFIG_INPUT_ATI_REMOTE2 is not set
# CONFIG_INPUT_KEYSPAN_REMOTE is not set
# CONFIG_INPUT_POWERMATE is not set
# CONFIG_INPUT_YEALINK is not set
CONFIG_INPUT_UINPUT=m
#
# Hardware I/O ports
#
CONFIG_SERIO=y
CONFIG_SERIO_I8042=y
CONFIG_SERIO_SERPORT=y
# CONFIG_SERIO_CT82C710 is not set
# CONFIG_SERIO_PCIPS2 is not set
CONFIG_SERIO_LIBPS2=y
CONFIG_SERIO_RAW=m
# CONFIG_GAMEPORT is not set
#
# Character devices
#
CONFIG_VT=y
CONFIG_VT_CONSOLE=y
CONFIG_HW_CONSOLE=y
CONFIG_VT_HW_CONSOLE_BINDING=y
# CONFIG_SERIAL_NONSTANDARD is not set
#
# Serial drivers
#
CONFIG_SERIAL_8250=m
# CONFIG_SERIAL_8250_PCI is not set
CONFIG_SERIAL_8250_PNP=m
CONFIG_SERIAL_8250_CS=m
CONFIG_SERIAL_8250_NR_UARTS=4
CONFIG_SERIAL_8250_RUNTIME_UARTS=4
CONFIG_SERIAL_8250_EXTENDED=y
# CONFIG_SERIAL_8250_MANY_PORTS is not set
CONFIG_SERIAL_8250_SHARE_IRQ=y
# CONFIG_SERIAL_8250_DETECT_IRQ is not set
# CONFIG_SERIAL_8250_RSA is not set
#
# Non-8250 serial port support
#
CONFIG_SERIAL_CORE=m
# CONFIG_SERIAL_JSM is not set
CONFIG_UNIX98_PTYS=y
CONFIG_LEGACY_PTYS=y
CONFIG_LEGACY_PTY_COUNT=256
#
# IPMI
#
# CONFIG_IPMI_HANDLER is not set
CONFIG_WATCHDOG=y
# CONFIG_WATCHDOG_NOWAYOUT is not set
#
# Watchdog Device Drivers
#
CONFIG_SOFT_WATCHDOG=m
# CONFIG_ACQUIRE_WDT is not set
# CONFIG_ADVANTECH_WDT is not set
CONFIG_ALIM1535_WDT=m
# CONFIG_ALIM7101_WDT is not set
# CONFIG_SC520_WDT is not set
# CONFIG_EUROTECH_WDT is not set
# CONFIG_IB700_WDT is not set
# CONFIG_IBMASR is not set
# CONFIG_WAFER_WDT is not set
# CONFIG_I6300ESB_WDT is not set
# CONFIG_ITCO_WDT is not set
# CONFIG_SC1200_WDT is not set
# CONFIG_PC87413_WDT is not set
# CONFIG_60XX_WDT is not set
# CONFIG_SBC8360_WDT is not set
# CONFIG_CPU5_WDT is not set
# CONFIG_SMSC37B787_WDT is not set
# CONFIG_W83627HF_WDT is not set
# CONFIG_W83697HF_WDT is not set
# CONFIG_W83877F_WDT is not set
# CONFIG_W83977F_WDT is not set
# CONFIG_MACHZ_WDT is not set
# CONFIG_SBC_EPX_C3_WATCHDOG is not set
#
# ISA-based Watchdog Cards
#
# CONFIG_PCWATCHDOG is not set
# CONFIG_MIXCOMWD is not set
# CONFIG_WDT is not set
#
# PCI-based Watchdog Cards
#
# CONFIG_PCIPCWATCHDOG is not set
# CONFIG_WDTPCI is not set
#
# USB-based Watchdog Cards
#
# CONFIG_USBPCWATCHDOG is not set
CONFIG_HW_RANDOM=y
CONFIG_HW_RANDOM_INTEL=m
# CONFIG_HW_RANDOM_AMD is not set
# CONFIG_HW_RANDOM_GEODE is not set
# CONFIG_HW_RANDOM_VIA is not set
CONFIG_NVRAM=m
CONFIG_RTC=y
# CONFIG_DTLK is not set
# CONFIG_R3964 is not set
# CONFIG_APPLICOM is not set
# CONFIG_SONYPI is not set
CONFIG_AGP=m
CONFIG_AGP_ALI=m
# CONFIG_AGP_ATI is not set
# CONFIG_AGP_AMD is not set
# CONFIG_AGP_AMD64 is not set
# CONFIG_AGP_INTEL is not set
# CONFIG_AGP_NVIDIA is not set
# CONFIG_AGP_SIS is not set
# CONFIG_AGP_SWORKS is not set
# CONFIG_AGP_VIA is not set
# CONFIG_AGP_EFFICEON is not set
# CONFIG_DRM is not set
#
# PCMCIA character devices
#
# CONFIG_SYNCLINK_CS is not set
# CONFIG_CARDMAN_4000 is not set
# CONFIG_CARDMAN_4040 is not set
# CONFIG_MWAVE is not set
# CONFIG_PC8736x_GPIO is not set
# CONFIG_NSC_GPIO is not set
# CONFIG_CS5535_GPIO is not set
CONFIG_RAW_DRIVER=m
CONFIG_MAX_RAW_DEVS=256
CONFIG_HPET=y
# CONFIG_HPET_RTC_IRQ is not set
CONFIG_HPET_MMAP=y
CONFIG_HANGCHECK_TIMER=m
#
# TPM devices
#
# CONFIG_TCG_TPM is not set
# CONFIG_TELCLOCK is not set
CONFIG_DEVPORT=y
CONFIG_I2C=m
CONFIG_I2C_BOARDINFO=y
CONFIG_I2C_CHARDEV=m
#
# I2C Algorithms
#
CONFIG_I2C_ALGOBIT=m
CONFIG_I2C_ALGOPCF=m
CONFIG_I2C_ALGOPCA=m
#
# I2C Hardware Bus support
#
CONFIG_I2C_ALI1535=m
# CONFIG_I2C_ALI1563 is not set
# CONFIG_I2C_ALI15X3 is not set
# CONFIG_I2C_AMD756 is not set
# CONFIG_I2C_AMD8111 is not set
# CONFIG_I2C_ELEKTOR is not set
# CONFIG_I2C_I801 is not set
# CONFIG_I2C_I810 is not set
# CONFIG_I2C_PIIX4 is not set
# CONFIG_I2C_NFORCE2 is not set
# CONFIG_I2C_OCORES is not set
# CONFIG_I2C_PARPORT_LIGHT is not set
# CONFIG_I2C_PROSAVAGE is not set
# CONFIG_I2C_SAVAGE4 is not set
# CONFIG_I2C_SIMTEC is not set
# CONFIG_SCx200_ACB is not set
# CONFIG_I2C_SIS5595 is not set
# CONFIG_I2C_SIS630 is not set
# CONFIG_I2C_SIS96X is not set
CONFIG_I2C_STUB=m
# CONFIG_I2C_TINY_USB is not set
# CONFIG_I2C_VIA is not set
# CONFIG_I2C_VIAPRO is not set
# CONFIG_I2C_VOODOO3 is not set
# CONFIG_I2C_PCA_ISA is not set
#
# Miscellaneous I2C Chip support
#
# CONFIG_SENSORS_DS1337 is not set
# CONFIG_SENSORS_DS1374 is not set
CONFIG_SENSORS_EEPROM=m
# CONFIG_SENSORS_PCF8574 is not set
# CONFIG_SENSORS_PCA9539 is not set
# CONFIG_SENSORS_PCF8591 is not set
# CONFIG_SENSORS_MAX6875 is not set
# CONFIG_I2C_DEBUG_CORE is not set
# CONFIG_I2C_DEBUG_ALGO is not set
# CONFIG_I2C_DEBUG_BUS is not set
# CONFIG_I2C_DEBUG_CHIP is not set
#
# SPI support
#
# CONFIG_SPI is not set
# CONFIG_SPI_MASTER is not set
#
# Dallas's 1-wire bus
#
# CONFIG_W1 is not set
CONFIG_HWMON=m
# CONFIG_HWMON_VID is not set
# CONFIG_SENSORS_ABITUGURU is not set
# CONFIG_SENSORS_AD7418 is not set
# CONFIG_SENSORS_ADM1021 is not set
# CONFIG_SENSORS_ADM1025 is not set
# CONFIG_SENSORS_ADM1026 is not set
# CONFIG_SENSORS_ADM1029 is not set
# CONFIG_SENSORS_ADM1031 is not set
# CONFIG_SENSORS_ADM9240 is not set
# CONFIG_SENSORS_K8TEMP is not set
# CONFIG_SENSORS_ASB100 is not set
# CONFIG_SENSORS_ATXP1 is not set
# CONFIG_SENSORS_DS1621 is not set
# CONFIG_SENSORS_F71805F is not set
# CONFIG_SENSORS_FSCHER is not set
# CONFIG_SENSORS_FSCPOS is not set
# CONFIG_SENSORS_GL518SM is not set
# CONFIG_SENSORS_GL520SM is not set
# CONFIG_SENSORS_CORETEMP is not set
# CONFIG_SENSORS_IT87 is not set
# CONFIG_SENSORS_LM63 is not set
# CONFIG_SENSORS_LM75 is not set
# CONFIG_SENSORS_LM77 is not set
# CONFIG_SENSORS_LM78 is not set
# CONFIG_SENSORS_LM80 is not set
# CONFIG_SENSORS_LM83 is not set
# CONFIG_SENSORS_LM85 is not set
# CONFIG_SENSORS_LM87 is not set
CONFIG_SENSORS_LM90=m
# CONFIG_SENSORS_LM92 is not set
# CONFIG_SENSORS_MAX1619 is not set
# CONFIG_SENSORS_MAX6650 is not set
# CONFIG_SENSORS_PC87360 is not set
# CONFIG_SENSORS_PC87427 is not set
# CONFIG_SENSORS_SIS5595 is not set
# CONFIG_SENSORS_SMSC47M1 is not set
# CONFIG_SENSORS_SMSC47M192 is not set
# CONFIG_SENSORS_SMSC47B397 is not set
# CONFIG_SENSORS_VIA686A is not set
# CONFIG_SENSORS_VT1211 is not set
# CONFIG_SENSORS_VT8231 is not set
# CONFIG_SENSORS_W83781D is not set
# CONFIG_SENSORS_W83791D is not set
# CONFIG_SENSORS_W83792D is not set
# CONFIG_SENSORS_W83793 is not set
# CONFIG_SENSORS_W83L785TS is not set
# CONFIG_SENSORS_W83627HF is not set
# CONFIG_SENSORS_W83627EHF is not set
# CONFIG_SENSORS_HDAPS is not set
# CONFIG_SENSORS_APPLESMC is not set
# CONFIG_HWMON_DEBUG_CHIP is not set
#
# Multifunction device drivers
#
# CONFIG_MFD_SM501 is not set
#
# Multimedia devices
#
# CONFIG_VIDEO_DEV is not set
# CONFIG_DVB_CORE is not set
# CONFIG_DAB is not set
#
# Graphics support
#
CONFIG_BACKLIGHT_LCD_SUPPORT=y
CONFIG_BACKLIGHT_CLASS_DEVICE=m
CONFIG_LCD_CLASS_DEVICE=m
# CONFIG_BACKLIGHT_PROGEAR is not set
#
# Display device support
#
# CONFIG_DISPLAY_SUPPORT is not set
# CONFIG_VGASTATE is not set
CONFIG_FB=y
CONFIG_FIRMWARE_EDID=y
# CONFIG_FB_DDC is not set
CONFIG_FB_CFB_FILLRECT=y
CONFIG_FB_CFB_COPYAREA=y
CONFIG_FB_CFB_IMAGEBLIT=y
# CONFIG_FB_SYS_FILLRECT is not set
# CONFIG_FB_SYS_COPYAREA is not set
# CONFIG_FB_SYS_IMAGEBLIT is not set
# CONFIG_FB_SYS_FOPS is not set
CONFIG_FB_DEFERRED_IO=y
# CONFIG_FB_SVGALIB is not set
# CONFIG_FB_MACMODES is not set
# CONFIG_FB_BACKLIGHT is not set
CONFIG_FB_MODE_HELPERS=y
CONFIG_FB_TILEBLITTING=y
#
# Frame buffer hardware drivers
#
# CONFIG_FB_CIRRUS is not set
# CONFIG_FB_PM2 is not set
# CONFIG_FB_CYBER2000 is not set
# CONFIG_FB_ARC is not set
# CONFIG_FB_ASILIANT is not set
# CONFIG_FB_IMSTT is not set
# CONFIG_FB_VGA16 is not set
CONFIG_FB_VESA=y
# CONFIG_FB_HECUBA is not set
# CONFIG_FB_HGA is not set
# CONFIG_FB_S1D13XXX is not set
# CONFIG_FB_NVIDIA is not set
# CONFIG_FB_RIVA is not set
# CONFIG_FB_I810 is not set
# CONFIG_FB_LE80578 is not set
# CONFIG_FB_INTEL is not set
# CONFIG_FB_MATROX is not set
# CONFIG_FB_RADEON is not set
# CONFIG_FB_ATY128 is not set
# CONFIG_FB_ATY is not set
# CONFIG_FB_S3 is not set
# CONFIG_FB_SAVAGE is not set
# CONFIG_FB_SIS is not set
# CONFIG_FB_NEOMAGIC is not set
# CONFIG_FB_KYRO is not set
# CONFIG_FB_3DFX is not set
# CONFIG_FB_VOODOO1 is not set
# CONFIG_FB_VT8623 is not set
# CONFIG_FB_CYBLA is not set
# CONFIG_FB_TRIDENT is not set
# CONFIG_FB_ARK is not set
# CONFIG_FB_PM3 is not set
# CONFIG_FB_GEODE is not set
# CONFIG_FB_VIRTUAL is not set
#
# Console display driver support
#
CONFIG_VGA_CONSOLE=y
# CONFIG_VGACON_SOFT_SCROLLBACK is not set
CONFIG_VIDEO_SELECT=y
# CONFIG_MDA_CONSOLE is not set
CONFIG_DUMMY_CONSOLE=y
CONFIG_FRAMEBUFFER_CONSOLE=y
# CONFIG_FRAMEBUFFER_CONSOLE_ROTATION is not set
CONFIG_FONTS=y
CONFIG_FONT_8x8=y
CONFIG_FONT_8x16=y
# CONFIG_FONT_6x11 is not set
# CONFIG_FONT_7x14 is not set
# CONFIG_FONT_PEARL_8x8 is not set
# CONFIG_FONT_ACORN_8x8 is not set
# CONFIG_FONT_MINI_4x6 is not set
# CONFIG_FONT_SUN8x16 is not set
# CONFIG_FONT_SUN12x22 is not set
# CONFIG_FONT_10x18 is not set
CONFIG_LOGO=y
CONFIG_LOGO_LINUX_MONO=y
CONFIG_LOGO_LINUX_VGA16=y
CONFIG_LOGO_LINUX_CLUT224=y
#
# Sound
#
CONFIG_SOUND=m
#
# Advanced Linux Sound Architecture
#
CONFIG_SND=m
CONFIG_SND_TIMER=m
CONFIG_SND_PCM=m
CONFIG_SND_RAWMIDI=m
CONFIG_SND_SEQUENCER=m
CONFIG_SND_SEQ_DUMMY=m
CONFIG_SND_OSSEMUL=y
CONFIG_SND_MIXER_OSS=m
CONFIG_SND_PCM_OSS=m
CONFIG_SND_PCM_OSS_PLUGINS=y
CONFIG_SND_SEQUENCER_OSS=y
CONFIG_SND_RTCTIMER=m
CONFIG_SND_SEQ_RTCTIMER_DEFAULT=y
# CONFIG_SND_DYNAMIC_MINORS is not set
CONFIG_SND_SUPPORT_OLD_API=y
CONFIG_SND_VERBOSE_PROCFS=y
# CONFIG_SND_VERBOSE_PRINTK is not set
# CONFIG_SND_DEBUG is not set
#
# Generic devices
#
CONFIG_SND_MPU401_UART=m
CONFIG_SND_AC97_CODEC=m
CONFIG_SND_DUMMY=m
CONFIG_SND_VIRMIDI=m
CONFIG_SND_MTPAV=m
CONFIG_SND_SERIAL_U16550=m
CONFIG_SND_MPU401=m
#
# ISA devices
#
# CONFIG_SND_ADLIB is not set
# CONFIG_SND_AD1816A is not set
# CONFIG_SND_AD1848 is not set
# CONFIG_SND_ALS100 is not set
# CONFIG_SND_AZT2320 is not set
# CONFIG_SND_CMI8330 is not set
# CONFIG_SND_CS4231 is not set
# CONFIG_SND_CS4232 is not set
# CONFIG_SND_CS4236 is not set
# CONFIG_SND_DT019X is not set
# CONFIG_SND_ES968 is not set
# CONFIG_SND_ES1688 is not set
# CONFIG_SND_ES18XX is not set
# CONFIG_SND_GUSCLASSIC is not set
# CONFIG_SND_GUSEXTREME is not set
# CONFIG_SND_GUSMAX is not set
# CONFIG_SND_INTERWAVE is not set
# CONFIG_SND_INTERWAVE_STB is not set
# CONFIG_SND_OPL3SA2 is not set
# CONFIG_SND_OPTI92X_AD1848 is not set
# CONFIG_SND_OPTI92X_CS4231 is not set
# CONFIG_SND_OPTI93X is not set
# CONFIG_SND_MIRO is not set
# CONFIG_SND_SB8 is not set
# CONFIG_SND_SB16 is not set
# CONFIG_SND_SBAWE is not set
# CONFIG_SND_SGALAXY is not set
# CONFIG_SND_SSCAPE is not set
# CONFIG_SND_WAVEFRONT is not set
#
# PCI devices
#
# CONFIG_SND_AD1889 is not set
# CONFIG_SND_ALS300 is not set
# CONFIG_SND_ALS4000 is not set
CONFIG_SND_ALI5451=m
# CONFIG_SND_ATIIXP is not set
# CONFIG_SND_ATIIXP_MODEM is not set
# CONFIG_SND_AU8810 is not set
# CONFIG_SND_AU8820 is not set
# CONFIG_SND_AU8830 is not set
# CONFIG_SND_AZT3328 is not set
# CONFIG_SND_BT87X is not set
# CONFIG_SND_CA0106 is not set
# CONFIG_SND_CMIPCI is not set
# CONFIG_SND_CS4281 is not set
# CONFIG_SND_CS46XX is not set
# CONFIG_SND_CS5535AUDIO is not set
# CONFIG_SND_DARLA20 is not set
# CONFIG_SND_GINA20 is not set
# CONFIG_SND_LAYLA20 is not set
# CONFIG_SND_DARLA24 is not set
# CONFIG_SND_GINA24 is not set
# CONFIG_SND_LAYLA24 is not set
# CONFIG_SND_MONA is not set
# CONFIG_SND_MIA is not set
# CONFIG_SND_ECHO3G is not set
# CONFIG_SND_INDIGO is not set
# CONFIG_SND_INDIGOIO is not set
# CONFIG_SND_INDIGODJ is not set
# CONFIG_SND_EMU10K1 is not set
# CONFIG_SND_EMU10K1X is not set
# CONFIG_SND_ENS1370 is not set
# CONFIG_SND_ENS1371 is not set
# CONFIG_SND_ES1938 is not set
# CONFIG_SND_ES1968 is not set
# CONFIG_SND_FM801 is not set
# CONFIG_SND_HDA_INTEL is not set
# CONFIG_SND_HDSP is not set
# CONFIG_SND_HDSPM is not set
# CONFIG_SND_ICE1712 is not set
# CONFIG_SND_ICE1724 is not set
# CONFIG_SND_INTEL8X0 is not set
# CONFIG_SND_INTEL8X0M is not set
# CONFIG_SND_KORG1212 is not set
# CONFIG_SND_MAESTRO3 is not set
# CONFIG_SND_MIXART is not set
# CONFIG_SND_NM256 is not set
# CONFIG_SND_PCXHR is not set
# CONFIG_SND_RIPTIDE is not set
# CONFIG_SND_RME32 is not set
# CONFIG_SND_RME96 is not set
# CONFIG_SND_RME9652 is not set
# CONFIG_SND_SONICVIBES is not set
# CONFIG_SND_TRIDENT is not set
# CONFIG_SND_VIA82XX is not set
# CONFIG_SND_VIA82XX_MODEM is not set
# CONFIG_SND_VX222 is not set
# CONFIG_SND_YMFPCI is not set
CONFIG_SND_AC97_POWER_SAVE=y
#
# USB devices
#
# CONFIG_SND_USB_AUDIO is not set
# CONFIG_SND_USB_USX2Y is not set
# CONFIG_SND_USB_CAIAQ is not set
#
# PCMCIA devices
#
# CONFIG_SND_VXPOCKET is not set
# CONFIG_SND_PDAUDIOCF is not set
#
# System on Chip audio support
#
# CONFIG_SND_SOC is not set
#
# Open Sound System
#
# CONFIG_SOUND_PRIME is not set
CONFIG_AC97_BUS=m
#
# HID Devices
#
CONFIG_HID=m
# CONFIG_HID_DEBUG is not set
#
# USB Input Devices
#
CONFIG_USB_HID=m
# CONFIG_USB_HIDINPUT_POWERBOOK is not set
# CONFIG_HID_FF is not set
# CONFIG_USB_HIDDEV is not set
#
# USB HID Boot Protocol drivers
#
CONFIG_USB_KBD=m
CONFIG_USB_MOUSE=m
#
# USB support
#
CONFIG_USB_ARCH_HAS_HCD=y
CONFIG_USB_ARCH_HAS_OHCI=y
CONFIG_USB_ARCH_HAS_EHCI=y
CONFIG_USB=m
# CONFIG_USB_DEBUG is not set
#
# Miscellaneous USB options
#
CONFIG_USB_DEVICEFS=y
# CONFIG_USB_DEVICE_CLASS is not set
CONFIG_USB_DYNAMIC_MINORS=y
CONFIG_USB_SUSPEND=y
# CONFIG_USB_OTG is not set
#
# USB Host Controller Drivers
#
# CONFIG_USB_EHCI_HCD is not set
# CONFIG_USB_ISP116X_HCD is not set
CONFIG_USB_OHCI_HCD=m
# CONFIG_USB_OHCI_BIG_ENDIAN_DESC is not set
# CONFIG_USB_OHCI_BIG_ENDIAN_MMIO is not set
CONFIG_USB_OHCI_LITTLE_ENDIAN=y
# CONFIG_USB_UHCI_HCD is not set
# CONFIG_USB_SL811_HCD is not set
#
# USB Device Class drivers
#
CONFIG_USB_ACM=m
CONFIG_USB_PRINTER=m
#
# NOTE: USB_STORAGE enables SCSI, and 'SCSI disk support'
#
#
# may also be needed; see USB_STORAGE Help for more information
#
CONFIG_USB_STORAGE=m
# CONFIG_USB_STORAGE_DEBUG is not set
CONFIG_USB_STORAGE_DATAFAB=y
CONFIG_USB_STORAGE_FREECOM=y
# CONFIG_USB_STORAGE_ISD200 is not set
CONFIG_USB_STORAGE_DPCM=y
CONFIG_USB_STORAGE_USBAT=y
CONFIG_USB_STORAGE_SDDR09=y
CONFIG_USB_STORAGE_SDDR55=y
CONFIG_USB_STORAGE_JUMPSHOT=y
CONFIG_USB_STORAGE_ALAUDA=y
CONFIG_USB_STORAGE_KARMA=y
# CONFIG_USB_LIBUSUAL is not set
#
# USB Imaging devices
#
# CONFIG_USB_MDC800 is not set
# CONFIG_USB_MICROTEK is not set
# CONFIG_USB_MON is not set
#
# USB port drivers
#
#
# USB Serial Converter support
#
CONFIG_USB_SERIAL=m
CONFIG_USB_SERIAL_GENERIC=y
# CONFIG_USB_SERIAL_AIRCABLE is not set
# CONFIG_USB_SERIAL_AIRPRIME is not set
# CONFIG_USB_SERIAL_ARK3116 is not set
# CONFIG_USB_SERIAL_BELKIN is not set
# CONFIG_USB_SERIAL_WHITEHEAT is not set
# CONFIG_USB_SERIAL_DIGI_ACCELEPORT is not set
# CONFIG_USB_SERIAL_CP2101 is not set
# CONFIG_USB_SERIAL_CYPRESS_M8 is not set
# CONFIG_USB_SERIAL_EMPEG is not set
# CONFIG_USB_SERIAL_FTDI_SIO is not set
# CONFIG_USB_SERIAL_FUNSOFT is not set
# CONFIG_USB_SERIAL_VISOR is not set
# CONFIG_USB_SERIAL_IPAQ is not set
# CONFIG_USB_SERIAL_IR is not set
# CONFIG_USB_SERIAL_EDGEPORT is not set
# CONFIG_USB_SERIAL_EDGEPORT_TI is not set
# CONFIG_USB_SERIAL_GARMIN is not set
# CONFIG_USB_SERIAL_IPW is not set
# CONFIG_USB_SERIAL_KEYSPAN_PDA is not set
# CONFIG_USB_SERIAL_KEYSPAN is not set
# CONFIG_USB_SERIAL_KLSI is not set
# CONFIG_USB_SERIAL_KOBIL_SCT is not set
# CONFIG_USB_SERIAL_MCT_U232 is not set
# CONFIG_USB_SERIAL_MOS7720 is not set
# CONFIG_USB_SERIAL_MOS7840 is not set
# CONFIG_USB_SERIAL_NAVMAN is not set
CONFIG_USB_SERIAL_PL2303=m
# CONFIG_USB_SERIAL_HP4X is not set
# CONFIG_USB_SERIAL_SAFE is not set
# CONFIG_USB_SERIAL_SIERRAWIRELESS is not set
# CONFIG_USB_SERIAL_TI is not set
# CONFIG_USB_SERIAL_CYBERJACK is not set
# CONFIG_USB_SERIAL_XIRCOM is not set
# CONFIG_USB_SERIAL_OPTION is not set
# CONFIG_USB_SERIAL_OMNINET is not set
# CONFIG_USB_SERIAL_DEBUG is not set
#
# USB Miscellaneous drivers
#
# CONFIG_USB_EMI62 is not set
# CONFIG_USB_EMI26 is not set
# CONFIG_USB_ADUTUX is not set
# CONFIG_USB_AUERSWALD is not set
# CONFIG_USB_RIO500 is not set
# CONFIG_USB_LEGOTOWER is not set
