Date: Sat, 3 May 2008 11:51:40 +0200
From: Prakash Punnoor <>
Subject: WARNING in 2.6.25-07422-gb66e1f1
Sender: linux-kernel-owner@vger.kernel.org
Precedence: bulk
List-ID: <linux-kernel.vger.kernel.org>
X-Mailing-List: linux-kernel@vger.kernel.org
X-Lkml-Link: https://lkml.org/lkml/2008/5/3/43

Hi, I got this on boot:
------------[ cut here ]------------
WARNING: at include/linux/blkdev.h:443 blk_remove_plug+0x7d/0x90()
Modules linked in: kvm_amd kvm powernow_k8 ehci_hcd ohci_hcd usbcore forcedeth
Pid: 1681, comm: fsck.ext3 Not tainted 2.6.25-07422-gb66e1f1-dirty #74
Call Trace:
 [<ffffffff80236354>] warn_on_slowpath+0x64/0xa0
 [<ffffffff803b6a04>] generic_make_request+0x194/0x250
 [<ffffffff803b82e7>] submit_bio+0x97/0x140
 [<ffffffff803b756d>] blk_remove_plug+0x7d/0x90
 [<ffffffff8049d4d4>] raid5_unplug_device+0x44/0x110
 [<ffffffff802666ce>] sync_page+0x2e/0x50
 [<ffffffff805a0985>] __wait_on_bit+0x65/0x90
 [<ffffffff802669c8>] wait_on_page_bit+0x78/0x80
 [<ffffffff8024bb70>] wake_bit_function+0x0/0x40
 [<ffffffff8026f1ba>] pagevec_lookup_tag+0x1a/0x30
 [<ffffffff80266fbd>] wait_on_page_writeback_range+0xbd/0x130
 [<ffffffff8026d5e0>] do_writepages+0x20/0x40
 [<ffffffff802670a2>] __filemap_fdatawrite_range+0x52/0x60
 [<ffffffff80267334>] filemap_write_and_wait+0x44/0x50
 [<ffffffff802bd968>] __blkdev_put+0x148/0x1b0
 [<ffffffff80293441>] __fput+0xb1/0x1c0
 [<ffffffff80290178>] filp_close+0x48/0x80
 [<ffffffff80291a1f>] sys_close+0x9f/0x110
 [<ffffffff8020c42b>] system_call_after_swapgs+0x7b/0x80
---[ end trace 94c0787a2e4d19eb ]---
Just for the record: I patched powernow_k8 module, that's the reason for 
the "dirty" postfix, but I got above trace also with vanilla git.
.config attached and full dmesg here:
Linux version 2.6.25-07422-gb66e1f1-dirty (light@graviton) (gcc version 4.2.3 
(Gentoo 4.2.3 p1.0)) #74 SMP PREEMPT Sat May 3 11:39:12 CEST 2008
Command line: root=/dev/md1 init=/sbin/init sata_nv.swncq=1 
snd-hda-intel.enable_msi=0
BIOS-provided physical RAM map:
 BIOS-e820: 0000000000000000 - 000000000009f000 (usable)
 BIOS-e820: 000000000009f000 - 00000000000a0000 (reserved)
 BIOS-e820: 00000000000f0000 - 0000000000100000 (reserved)
 BIOS-e820: 0000000000100000 - 00000000cbef0000 (usable)
 BIOS-e820: 00000000cbef0000 - 00000000cbef3000 (ACPI NVS)
 BIOS-e820: 00000000cbef3000 - 00000000cbf00000 (ACPI data)
 BIOS-e820: 00000000cc000000 - 00000000d0000000 (reserved)
 BIOS-e820: 00000000e0000000 - 00000000f0000000 (reserved)
 BIOS-e820: 00000000fec00000 - 0000000100000000 (reserved)
 BIOS-e820: 0000000100000000 - 0000000130000000 (usable)
Entering add_active_range(0, 0, 159) 0 entries of 256 used
Entering add_active_range(0, 256, 835312) 1 entries of 256 used
Entering add_active_range(0, 1048576, 1245184) 2 entries of 256 used
max_pfn_mapped = 1245184
x86: PAT support disabled.
init_memory_mapping
DMI 2.4 present.
ACPI: RSDP 000F7610, 0024 (r2 Nvidia)
ACPI: XSDT CBEF3100, 004C (r1 Nvidia ASUSACPI 42302E31 AWRD        0)
ACPI: FACP CBEF9C80, 00F4 (r3 Nvidia ASUSACPI 42302E31 AWRD        0)
ACPI: DSDT CBEF3280, 6987 (r1 NVIDIA ASUSACPI     1000 MSFT  3000000)
ACPI: FACS CBEF0000, 0040
ACPI: SSDT CBEF9E80, 01C4 (r1 PTLTD  POWERNOW        1  LTP        1)
ACPI: HPET CBEFA0C0, 0038 (r1 Nvidia ASUSACPI 42302E31 AWRD       98)
ACPI: MCFG CBEFA140, 003C (r1 Nvidia ASUSACPI 42302E31 AWRD        0)
ACPI: APIC CBEF9DC0, 007C (r1 Nvidia ASUSACPI 42302E31 AWRD        0)
Entering add_active_range(0, 0, 159) 0 entries of 256 used
Entering add_active_range(0, 256, 835312) 1 entries of 256 used
Entering add_active_range(0, 1048576, 1245184) 2 entries of 256 used
  early res: 0 [0-fff] BIOS data page
  early res: 1 [6000-7fff] TRAMPOLINE
  early res: 2 [200000-7e7e1f] TEXT DATA BSS
  early res: 3 [9f000-fffff] BIOS reserved
  early res: 4 [8000-dfff] PGTABLE
 [ffffe20000000000-ffffe20002dfffff] PMD -> 
[ffff810001200000-ffff810003ffffff] on node 0
 [ffffe20002e00000-ffffe200043fffff] PMD -> 
[ffff81000c000000-ffff81000d5fffff] on node 0
Zone PFN ranges:
  DMA             0 ->     4096
  DMA32        4096 ->  1048576
  Normal    1048576 ->  1245184
Movable zone start PFN for each node
early_node_map[3] active PFN ranges
    0:        0 ->      159
    0:      256 ->   835312
    0:  1048576 ->  1245184
On node 0 totalpages: 1031823
  DMA zone: 56 pages used for memmap
  DMA zone: 1619 pages reserved
  DMA zone: 2324 pages, LIFO batch:0
  DMA32 zone: 14280 pages used for memmap
  DMA32 zone: 816936 pages, LIFO batch:31
  Normal zone: 2688 pages used for memmap
  Normal zone: 193920 pages, LIFO batch:31
  Movable zone: 0 pages used for memmap
ACPI: PM-Timer IO Port: 0x4008
ACPI: Local APIC address 0xfee00000
ACPI: LAPIC (acpi_id[0x00] lapic_id[0x00] enabled)
ACPI: LAPIC (acpi_id[0x01] lapic_id[0x01] enabled)
ACPI: LAPIC_NMI (acpi_id[0x00] high edge lint[0x1])
ACPI: LAPIC_NMI (acpi_id[0x01] high edge lint[0x1])
ACPI: IOAPIC (id[0x02] address[0xfec00000] gsi_base[0])
IOAPIC[0]: apic_id 2, version 0, address 0xfec00000, GSI 0-23
ACPI: INT_SRC_OVR (bus 0 bus_irq 0 global_irq 2 dfl dfl)
ACPI: INT_SRC_OVR (bus 0 bus_irq 9 global_irq 9 high level)
ACPI: INT_SRC_OVR (bus 0 bus_irq 14 global_irq 14 high edge)
ACPI: INT_SRC_OVR (bus 0 bus_irq 15 global_irq 15 high edge)
ACPI: IRQ0 used by override.
ACPI: IRQ2 used by override.
ACPI: IRQ9 used by override.
ACPI: IRQ14 used by override.
ACPI: IRQ15 used by override.
Setting APIC routing to flat
ACPI: HPET id: 0x10de8201 base: 0xfefff000
Using ACPI (MADT) for SMP configuration information
Allocating PCI resources starting at d1000000 (gap: d0000000:10000000)
SMP: Allowing 2 CPUs, 0 hotplug CPUs
PERCPU: Allocating 33832 bytes of per cpu data
NR_CPUS: 2, nr_cpu_ids: 2
Built 1 zonelists in Zone order, mobility grouping on.  Total pages: 1013180
Kernel command line: root=/dev/md1 init=/sbin/init sata_nv.swncq=1 
snd-hda-intel.enable_msi=0
Initializing CPU#0
PID hash table entries: 4096 (order: 12, 32768 bytes)
Extended CMOS year: 2000
TSC calibrated against PM_TIMER
Marking TSC unstable due to TSCs unsynchronized
time.c: Detected 2004.178 MHz processor.
spurious 8259A interrupt: IRQ7.
Console: colour VGA+ 80x25
console [tty0] enabled
Dentry cache hash table entries: 524288 (order: 10, 4194304 bytes)
Inode-cache hash table entries: 262144 (order: 9, 2097152 bytes)
Checking aperture...
Node 0: aperture @ 4000000 size 32 MB
Aperture pointing to e820 RAM. Ignoring.
No AGP bridge found
Your BIOS doesn't leave a aperture memory hole
Please enable the IOMMU option in the BIOS setup
This costs you 64 MB of RAM
Mapping aperture over 65536 KB of RAM @ 4000000
Memory: 3978912k/4980736k available (3731k kernel code, 147748k reserved, 
1528k data, 264k init)
CPA: page pool initialized 1 of 1 pages preallocated
SLUB: Genslabs=12, HWalign=64, Order=0-3, MinObjects=0, CPUs=2, Nodes=1
hpet clockevent registered
Calibrating delay using timer specific routine.. 4010.92 BogoMIPS 
(lpj=2005461)
Mount-cache hash table entries: 256
CPU: L1 I Cache: 64K (64 bytes/line), D cache 64K (64 bytes/line)
CPU: L2 Cache: 512K (64 bytes/line)
CPU: Physical Processor ID: 0
CPU: Processor Core ID: 0
ACPI: Core revision 20080321
CPU0: AMD Athlon(tm) 64 X2 Dual Core Processor 3800+ stepping 02
Using local APIC timer interrupts.
APIC timer calibration result 12526108
Detected 12.526 MHz APIC timer.
Booting processor 1/1 ip 6000
Initializing CPU#1
Calibrating delay using timer specific routine.. 4008.42 BogoMIPS 
(lpj=2004213)
CPU: L1 I Cache: 64K (64 bytes/line), D cache 64K (64 bytes/line)
CPU: L2 Cache: 512K (64 bytes/line)
CPU: Physical Processor ID: 0
CPU: Processor Core ID: 1
x86: PAT support disabled.
CPU1: AMD Athlon(tm) 64 X2 Dual Core Processor 3800+ stepping 02
Brought up 2 CPUs
Total of 2 processors activated (8019.34 BogoMIPS).
net_namespace: 936 bytes
xor: automatically using best checksumming function: generic_sse
   generic_sse:  5716.000 MB/sec
xor: using function: generic_sse (5716.000 MB/sec)
NET: Registered protocol family 16
No dock devices found.
node 0 link 0: io port [a000, ffff]
TOM: 00000000d0000000 aka 3328M
node 0 link 0: mmio [a0000, bffff]
node 0 link 0: mmio [d0000000, dfffffff]
node 0 link 0: mmio [f0000000, fe02ffff]
node 0 link 0: mmio [e0000000, e02fffff]
TOM2: 0000000130000000 aka 4864M
bus: [00,02] on node 0 link 0
bus: 00 index 0 io port: [0, ffff]
bus: 00 index 1 mmio: [a0000, bffff]
bus: 00 index 2 mmio: [d0000000, efffffff]
bus: 00 index 3 mmio: [f0000000, ffffffff]
bus: 00 index 4 mmio: [130000000, fcffffffff]
ACPI: bus type pci registered
PCI: MCFG configuration 0: base e0000000 segment 0 buses 0 - 255
PCI: MCFG area at e0000000 reserved in E820
PCI: Using MMCONFIG at e0000000 - efffffff
PCI: Using configuration type 1 for base access
ACPI: EC: Look up EC in DSDT
ACPI: Interpreter enabled
ACPI: (supports S0 S1 S3 S5)
ACPI: Using IOAPIC for interrupt routing
ACPI: PCI Root Bridge [PCI0] (0000:00)
PCI: Transparent bridge - 0000:00:10.0
ACPI: PCI Interrupt Routing Table [\_SB_.PCI0._PRT]
ACPI: PCI Interrupt Routing Table [\_SB_.PCI0.HUB0._PRT]
ACPI: PCI Interrupt Link [LNK1] (IRQs 5 7 9 10 11 14 15) *0, disabled.
ACPI: PCI Interrupt Link [LNK2] (IRQs 5 7 9 10 11 14 15) *0, disabled.
ACPI: PCI Interrupt Link [LNK3] (IRQs 5 7 9 10 11 14 15) *0, disabled.
ACPI: PCI Interrupt Link [LNK4] (IRQs 5 7 9 10 11 14 15) *0, disabled.
ACPI: PCI Interrupt Link [LNK5] (IRQs 5 7 9 10 *11 14 15)
ACPI: PCI Interrupt Link [LNK6] (IRQs 5 7 9 10 11 14 15) *0, disabled.
ACPI: PCI Interrupt Link [LNK7] (IRQs *5 7 9 10 11 14 15)
ACPI: PCI Interrupt Link [LNK8] (IRQs 5 7 9 10 11 14 15) *0, disabled.
ACPI: PCI Interrupt Link [LUBA] (IRQs 5 7 9 10 11 14 15) *0, disabled.
ACPI: PCI Interrupt Link [LUBB] (IRQs 5 7 9 10 11 14 15) *0, disabled.
ACPI: PCI Interrupt Link [LMAC] (IRQs 5 7 9 10 *11 14 15)
ACPI: PCI Interrupt Link [LACI] (IRQs 5 7 9 10 11 14 15) *0, disabled.
ACPI: PCI Interrupt Link [LAZA] (IRQs 5 7 9 10 *11 14 15)
ACPI: PCI Interrupt Link [LPMU] (IRQs 5 7 9 10 11 14 15) *0, disabled.
ACPI: PCI Interrupt Link [LMCI] (IRQs 5 7 9 10 11 14 15) *0, disabled.
ACPI: PCI Interrupt Link [LSMB] (IRQs 5 7 9 10 11 14 15) *0, disabled.
ACPI: PCI Interrupt Link [LUB2] (IRQs 5 7 9 10 11 14 15) *0, disabled.
ACPI: PCI Interrupt Link [LIDE] (IRQs 5 7 9 10 11 14 15) *0, disabled.
ACPI: PCI Interrupt Link [LSID] (IRQs *5 7 9 10 11 14 15)
ACPI: PCI Interrupt Link [LFID] (IRQs *5 7 9 10 11 14 15)
ACPI: PCI Interrupt Link [APC1] (IRQs 16) *0, disabled.
ACPI: PCI Interrupt Link [APC2] (IRQs 17) *0, disabled.
ACPI: PCI Interrupt Link [APC3] (IRQs 18) *0, disabled.
ACPI: PCI Interrupt Link [APC4] (IRQs 19) *0, disabled.
ACPI: PCI Interrupt Link [APC5] (IRQs 16) *0
ACPI: PCI Interrupt Link [APC6] (IRQs 16) *0, disabled.
ACPI: PCI Interrupt Link [APC7] (IRQs 16) *0
ACPI: PCI Interrupt Link [APC8] (IRQs 16) *0, disabled.
ACPI: PCI Interrupt Link [APCF] (IRQs 20 21 22 23) *0, disabled.
ACPI: PCI Interrupt Link [APCG] (IRQs 20 21 22 23) *0, disabled.
ACPI: PCI Interrupt Link [APCH] (IRQs 20 21 22 23) *0
ACPI: PCI Interrupt Link [APCJ] (IRQs 20 21 22 23) *0, disabled.
ACPI: PCI Interrupt Link [APMU] (IRQs 20 21 22 23) *0, disabled.
ACPI: PCI Interrupt Link [AAZA] (IRQs 20 21 22 23) *0
ACPI: PCI Interrupt Link [APCK] (IRQs 20 21 22 23) *0, disabled.
ACPI: PCI Interrupt Link [APCS] (IRQs 20 21 22 23) *0, disabled.
ACPI: PCI Interrupt Link [APCL] (IRQs 20 21 22 23) *0, disabled.
ACPI: PCI Interrupt Link [APCM] (IRQs 20 21 22 23) *0, disabled.
ACPI: PCI Interrupt Link [APCZ] (IRQs 20 21 22 23) *0, disabled.
ACPI: PCI Interrupt Link [APSI] (IRQs 20 21 22 23) *0
ACPI: PCI Interrupt Link [APSJ] (IRQs 20 21 22 23) *0
Linux Plug and Play Support v0.97 (c) Adam Belay
pnp: PnP ACPI init
ACPI: bus type pnp registered
pnp: PnP ACPI: found 18 devices
ACPI: ACPI bus type pnp unregistered
SCSI subsystem initialized
libata version 3.00 loaded.
PCI: Using ACPI for IRQ routing
DMAR:parse DMAR table failure.
PCI-DMA: Disabling AGP.
PCI-DMA: aperture base @ 4000000 size 65536 KB
PCI-DMA: using GART IOMMU.
PCI-DMA: Reserving 64MB of IOMMU area in the AGP aperture
hpet0: at MMIO 0xfefff000, IRQs 2, 8, 31
hpet0: 3 32-bit timers, 25000000 Hz
Switched to high resolution mode on CPU 0
Switched to high resolution mode on CPU 1
system 00:01: ioport range 0x4000-0x407f has been reserved
system 00:01: ioport range 0x4080-0x40ff has been reserved
system 00:01: ioport range 0x4400-0x447f has been reserved
system 00:01: ioport range 0x4480-0x44ff has been reserved
system 00:01: ioport range 0x4800-0x487f has been reserved
system 00:01: ioport range 0x4880-0x48ff has been reserved
system 00:01: ioport range 0x2000-0x207f has been reserved
system 00:01: ioport range 0x2080-0x20ff has been reserved
system 00:01: iomem range 0xcc000000-0xcfffffff could not be reserved
system 00:02: ioport range 0x4d0-0x4d1 has been reserved
system 00:02: ioport range 0x800-0x87f has been reserved
system 00:02: ioport range 0x290-0x297 has been reserved
system 00:10: iomem range 0xe0000000-0xefffffff could not be reserved
system 00:11: iomem range 0xf0000-0xf3fff could not be reserved
system 00:11: iomem range 0xf4000-0xf7fff could not be reserved
system 00:11: iomem range 0xf8000-0xfbfff could not be reserved
system 00:11: iomem range 0xfc000-0xfffff could not be reserved
system 00:11: iomem range 0xfefff000-0xfefff0ff could not be reserved
system 00:11: iomem range 0xcbef0000-0xcbefffff could not be reserved
system 00:11: iomem range 0xffff0000-0xffffffff could not be reserved
system 00:11: iomem range 0x0-0x9ffff could not be reserved
system 00:11: iomem range 0x100000-0xcbeeffff could not be reserved
system 00:11: iomem range 0xcbf00000-0xcfefffff could not be reserved
system 00:11: iomem range 0xfec00000-0xfec00fff could not be reserved
system 00:11: iomem range 0xfee00000-0xfeefffff could not be reserved
system 00:11: iomem range 0xfefff000-0xfeffffff could not be reserved
system 00:11: iomem range 0xfff80000-0xfff80fff could not be reserved
system 00:11: iomem range 0xfff90000-0xfffbffff could not be reserved
system 00:11: iomem range 0xfffed000-0xfffeffff could not be reserved
PCI: Bridge: 0000:00:03.0
  IO window: a000-afff
  MEM window: 0xfdc00000-0xfdcfffff
  PREFETCH window: 0x00000000fdd00000-0x00000000fddfffff
PCI: Bridge: 0000:00:10.0
  IO window: b000-bfff
  MEM window: 0xfdb00000-0xfdbfffff
  PREFETCH window: 0x00000000fde00000-0x00000000fdefffff
PCI: Setting latency timer of device 0000:00:03.0 to 64
PCI: Setting latency timer of device 0000:00:10.0 to 64
NET: Registered protocol family 2
IP route cache hash table entries: 131072 (order: 8, 1048576 bytes)
TCP established hash table entries: 262144 (order: 10, 4194304 bytes)
TCP bind hash table entries: 65536 (order: 8, 1048576 bytes)
TCP: Hash tables configured (established 262144 bind 65536)
TCP reno registered
NET: Registered protocol family 1
Total HugeTLB memory allocated, 0
Installing knfsd (copyright (C) 1996 okir@monad.swb.de).
msgmni has been set to 7772 for ipc namespace ffffffff806ef0e0
async_tx: api initialized (sync-only)
Block layer SCSI generic (bsg) driver version 0.4 loaded (major 254)
io scheduler noop registered
io scheduler anticipatory registered
io scheduler deadline registered (default)
io scheduler cfq registered
pci 0000:00:00.0: Enabling HT MSI Mapping
pci 0000:00:03.0: Enabling HT MSI Mapping
pci 0000:00:05.0: Boot video device
pci 0000:00:09.0: Enabling HT MSI Mapping
pci 0000:00:0e.0: Enabling HT MSI Mapping
pci 0000:00:0f.0: Enabling HT MSI Mapping
pci 0000:00:10.0: Enabling HT MSI Mapping
pci 0000:00:10.1: Enabling HT MSI Mapping
PCI: Setting latency timer of device 0000:00:03.0 to 64
assign_interrupt_mode Found MSI capability
Allocate Port Service[0000:00:03.0:pcie00]
Allocate Port Service[0000:00:03.0:pcie03]
input: Power Button (FF) as /class/input/input0
ACPI: Power Button (FF) [PWRF]
input: Power Button (CM) as /class/input/input1
ACPI: Power Button (CM) [PWRB]
ACPI: PNP0C0B:00 is registered as cooling_device0
ACPI: Fan [FAN] (on)
ACPI: ACPI0007:00 is registered as cooling_device1
ACPI: ACPI0007:01 is registered as cooling_device2
ACPI: LNXTHERM:01 is registered as thermal_zone0
ACPI: Thermal Zone [THRM] (40 C)
lp: driver loaded but no devices found
Real Time Clock Driver v1.12ac
hpet_resources: 0xfefff000 is busy
Non-volatile memory driver v1.2
Linux agpgart interface v0.103
Serial: 8250/16550 driver $Revision: 1.90 $ 4 ports, IRQ sharing disabled
serial8250: ttyS0 at I/O 0x3f8 (irq = 4) is a 16550A
serial8250: ttyS1 at I/O 0x2f8 (irq = 3) is a 16550A
00:09: ttyS0 at I/O 0x3f8 (irq = 4) is a 16550A
00:0a: ttyS1 at I/O 0x2f8 (irq = 3) is a 16550A
IT8716 SuperIO detected.
parport_pc 00:0b: reported by Plug and Play ACPI
parport0: PC-style at 0x378, irq 7 [PCSPP,TRISTATE,EPP]
lp0: using parport0 (interrupt-driven).
loop: module loaded
tun: Universal TUN/TAP device driver, 1.6
tun: (C) 1999-2004 Max Krasnyansky <maxk@qualcomm.com>
r8169 Gigabit Ethernet driver 2.2LK-NAPI loaded
ACPI: PCI Interrupt Link [APC5] enabled at IRQ 16
ACPI: PCI Interrupt 0000:01:00.0[A] -> Link [APC5] -> GSI 16 (level, low) -> 
IRQ 16
PCI: Setting latency timer of device 0000:01:00.0 to 64
eth0: RTL8168b/8111b at 0xffffc20000026000, 00:08:54:52:28:41, XID 30000000 
IRQ 318
Driver 'sd' needs updating - please use bus_type methods
Driver 'sr' needs updating - please use bus_type methods
sata_nv 0000:00:0e.0: version 3.5
ACPI: PCI Interrupt Link [APSI] enabled at IRQ 23
ACPI: PCI Interrupt 0000:00:0e.0[A] -> Link [APSI] -> GSI 23 (level, low) -> 
IRQ 23
sata_nv 0000:00:0e.0: Using SWNCQ mode
PCI: Setting latency timer of device 0000:00:0e.0 to 64
scsi0 : sata_nv
scsi1 : sata_nv
ata1: SATA max UDMA/133 cmd 0x9f0 ctl 0xbf0 bmdma 0xe000 irq 23
ata2: SATA max UDMA/133 cmd 0x970 ctl 0xb70 bmdma 0xe008 irq 23
ata1: SATA link up 3.0 Gbps (SStatus 123 SControl 300)
ata1.00: ATA-7: ST3320620AS, 3.AAK, max UDMA/133
ata1.00: 625142448 sectors, multi 1: LBA48 NCQ (depth 31/32)
ata1.00: configured for UDMA/133
ata2: SATA link up 3.0 Gbps (SStatus 123 SControl 300)
ata2.00: ATA-7: ST3320620AS, 3.AAK, max UDMA/133
ata2.00: 625142448 sectors, multi 1: LBA48 NCQ (depth 31/32)
ata2.00: configured for UDMA/133
scsi 0:0:0:0: Direct-Access     ATA      ST3320620AS      3.AA PQ: 0 ANSI: 5
sd 0:0:0:0: [sda] 625142448 512-byte hardware sectors (320073 MB)
sd 0:0:0:0: [sda] Write Protect is off
sd 0:0:0:0: [sda] Mode Sense: 00 3a 00 00
sd 0:0:0:0: [sda] Write cache: enabled, read cache: enabled, doesn't support 
DPO or FUA
sd 0:0:0:0: [sda] 625142448 512-byte hardware sectors (320073 MB)
sd 0:0:0:0: [sda] Write Protect is off
sd 0:0:0:0: [sda] Mode Sense: 00 3a 00 00
sd 0:0:0:0: [sda] Write cache: enabled, read cache: enabled, doesn't support 
DPO or FUA
 sda: sda1 sda2 < sda5 sda6 sda7 sda8 sda9 >
sd 0:0:0:0: [sda] Attached SCSI disk
sd 0:0:0:0: Attached scsi generic sg0 type 0
scsi 1:0:0:0: Direct-Access     ATA      ST3320620AS      3.AA PQ: 0 ANSI: 5
sd 1:0:0:0: [sdb] 625142448 512-byte hardware sectors (320073 MB)
sd 1:0:0:0: [sdb] Write Protect is off
sd 1:0:0:0: [sdb] Mode Sense: 00 3a 00 00
sd 1:0:0:0: [sdb] Write cache: enabled, read cache: enabled, doesn't support 
DPO or FUA
sd 1:0:0:0: [sdb] 625142448 512-byte hardware sectors (320073 MB)
sd 1:0:0:0: [sdb] Write Protect is off
sd 1:0:0:0: [sdb] Mode Sense: 00 3a 00 00
sd 1:0:0:0: [sdb] Write cache: enabled, read cache: enabled, doesn't support 
DPO or FUA
 sdb: sdb1 sdb2 < sdb5 sdb6 sdb7 sdb8 sdb9 >
sd 1:0:0:0: [sdb] Attached SCSI disk
sd 1:0:0:0: Attached scsi generic sg1 type 0
ACPI: PCI Interrupt Link [APSJ] enabled at IRQ 22
ACPI: PCI Interrupt 0000:00:0f.0[A] -> Link [APSJ] -> GSI 22 (level, low) -> 
IRQ 22
sata_nv 0000:00:0f.0: Using SWNCQ mode
PCI: Setting latency timer of device 0000:00:0f.0 to 64
scsi2 : sata_nv
scsi3 : sata_nv
ata3: SATA max UDMA/133 cmd 0x9e0 ctl 0xbe0 bmdma 0xcc00 irq 22
ata4: SATA max UDMA/133 cmd 0x960 ctl 0xb60 bmdma 0xcc08 irq 22
ata3: SATA link up 3.0 Gbps (SStatus 123 SControl 300)
ata3.00: ATA-7: ST3320620AS, 3.AAK, max UDMA/133
ata3.00: 625142448 sectors, multi 1: LBA48 NCQ (depth 31/32)
ata3.00: configured for UDMA/133
ata4: SATA link up 3.0 Gbps (SStatus 123 SControl 300)
ata4.00: ATA-7: ST3320620AS, 3.AAD, max UDMA/133
ata4.00: 625142448 sectors, multi 1: LBA48 NCQ (depth 31/32)
ata4.00: configured for UDMA/133
scsi 2:0:0:0: Direct-Access     ATA      ST3320620AS      3.AA PQ: 0 ANSI: 5
sd 2:0:0:0: [sdc] 625142448 512-byte hardware sectors (320073 MB)
sd 2:0:0:0: [sdc] Write Protect is off
sd 2:0:0:0: [sdc] Mode Sense: 00 3a 00 00
sd 2:0:0:0: [sdc] Write cache: enabled, read cache: enabled, doesn't support 
DPO or FUA
sd 2:0:0:0: [sdc] 625142448 512-byte hardware sectors (320073 MB)
sd 2:0:0:0: [sdc] Write Protect is off
sd 2:0:0:0: [sdc] Mode Sense: 00 3a 00 00
sd 2:0:0:0: [sdc] Write cache: enabled, read cache: enabled, doesn't support 
DPO or FUA
 sdc: sdc1 sdc2 < sdc5 sdc6 sdc7 sdc8 sdc9 >
sd 2:0:0:0: [sdc] Attached SCSI disk
sd 2:0:0:0: Attached scsi generic sg2 type 0
scsi 3:0:0:0: Direct-Access     ATA      ST3320620AS      3.AA PQ: 0 ANSI: 5
sd 3:0:0:0: [sdd] 625142448 512-byte hardware sectors (320073 MB)
sd 3:0:0:0: [sdd] Write Protect is off
sd 3:0:0:0: [sdd] Mode Sense: 00 3a 00 00
sd 3:0:0:0: [sdd] Write cache: enabled, read cache: enabled, doesn't support 
DPO or FUA
sd 3:0:0:0: [sdd] 625142448 512-byte hardware sectors (320073 MB)
sd 3:0:0:0: [sdd] Write Protect is off
sd 3:0:0:0: [sdd] Mode Sense: 00 3a 00 00
sd 3:0:0:0: [sdd] Write cache: enabled, read cache: enabled, doesn't support 
DPO or FUA
 sdd: sdd1 sdd2 < sdd5 sdd6 sdd7 sdd8 sdd9 >
sd 3:0:0:0: [sdd] Attached SCSI disk
sd 3:0:0:0: Attached scsi generic sg3 type 0
pata_amd 0000:00:0d.0: version 0.3.10
PCI: Setting latency timer of device 0000:00:0d.0 to 64
scsi4 : pata_amd
scsi5 : pata_amd
ata5: PATA max UDMA/133 cmd 0x1f0 ctl 0x3f6 bmdma 0xf400 irq 14
ata6: PATA max UDMA/133 cmd 0x170 ctl 0x376 bmdma 0xf408 irq 15
ata5.01: NODEV after polling detection
ata5.00: ATAPI: NU      DVDRW DDW-081, BX32, max UDMA/33
ata5: nv_mode_filter: 0x739f&0x701f->0x701f, BIOS=0x7000 (0xc0000000) 
ACPI=0x701f (60:600:0x13)
ata5.00: configured for UDMA/33
ata6: port disabled. ignoring.
scsi 4:0:0:0: CD-ROM            NU       DVDRW DDW-081    BX32 PQ: 0 ANSI: 5
sr0: scsi3-mmc drive: 12x/40x writer cd/rw xa/form2 cdda tray
Uniform CD-ROM driver Revision: 3.20
sr 4:0:0:0: Attached scsi CD-ROM sr0
sr 4:0:0:0: Attached scsi generic sg4 type 5
PNP: PS/2 Controller [PNP0303:PS2K,PNP0f13:PS2M] at 0x60,0x64 irq 1,12
serio: i8042 KBD port at 0x60,0x64 irq 1
serio: i8042 AUX port at 0x60,0x64 irq 12
gameport: NS558 PnP Gameport is pnp00:0f/gameport0, io 0x201, speed 638kHz
mice: PS/2 mouse device common for all mice
input: AT Translated Set 2 keyboard as /class/input/input2
i2c /dev entries driver
i2c-adapter i2c-0: nForce2 SMBus adapter at 0x4c00
i2c-adapter i2c-1: nForce2 SMBus adapter at 0x4c40
it87: Found IT8716F chip at 0x290, revision 0
it87: in3 is VCC (+5V)
it87: in7 is VCCH (+5V Stand-By)
input: ImPS/2 Generic Wheel Mouse as /class/input/input3
md: raid0 personality registered for level 0
md: raid1 personality registered for level 1
raid6: int64x1   2011 MB/s
raid6: int64x2   2468 MB/s
raid6: int64x4   2628 MB/s
raid6: int64x8   1976 MB/s
raid6: sse2x1    2753 MB/s
raid6: sse2x2    3687 MB/s
raid6: sse2x4    3816 MB/s
raid6: using algorithm sse2x4 (3816 MB/s)
md: raid6 personality registered for level 6
md: raid5 personality registered for level 5
md: raid4 personality registered for level 4
md: multipath personality registered for level -4
device-mapper: uevent: version 1.0.3
device-mapper: ioctl: 4.13.0-ioctl (2007-10-18) initialised: 
dm-devel@redhat.com
cpuidle: using governor ladder
cpuidle: using governor menu
Advanced Linux Sound Architecture Driver Version 1.0.16.
ACPI: PCI Interrupt Link [AAZA] enabled at IRQ 21
ACPI: PCI Interrupt 0000:00:10.1[B] -> Link [AAZA] -> GSI 21 (level, low) -> 
IRQ 21
PCI: Setting latency timer of device 0000:00:10.1 to 64
ALSA device list:
  #0: HDA NVidia at 0xfe024000 irq 21
ip_tables: (C) 2000-2006 Netfilter Core Team
TCP cubic registered
NET: Registered protocol family 17
RPC: Registered udp transport module.
RPC: Registered tcp transport module.
Installing 9P2000 support
md: Autodetecting RAID arrays.
md: Scanned 20 and added 20 devices.
md: autorun ...
md: considering sdd9 ...
md:  adding sdd9 ...
md: sdd8 has different UUID to sdd9
md: sdd7 has different UUID to sdd9
md: sdd6 has different UUID to sdd9
md: sdd1 has different UUID to sdd9
md:  adding sdc9 ...
md: sdc8 has different UUID to sdd9
md: sdc7 has different UUID to sdd9
md: sdc6 has different UUID to sdd9
md: sdc1 has different UUID to sdd9
md:  adding sdb9 ...
md: sdb8 has different UUID to sdd9
md: sdb7 has different UUID to sdd9
md: sdb6 has different UUID to sdd9
md: sdb1 has different UUID to sdd9
md:  adding sda9 ...
md: sda8 has different UUID to sdd9
md: sda7 has different UUID to sdd9
md: sda6 has different UUID to sdd9
md: sda1 has different UUID to sdd9
md: created md4
md: bind<sda9>
md: bind<sdb9>
md: bind<sdc9>
md: bind<sdd9>
md: running: <sdd9><sdc9><sdb9><sda9>
raid5: device sdd9 operational as raid disk 3
raid5: device sdc9 operational as raid disk 2
raid5: device sdb9 operational as raid disk 1
raid5: device sda9 operational as raid disk 0
raid5: allocated 4274kB for md4
raid5: raid level 5 set md4 active with 4 out of 4 devices, algorithm 2
RAID5 conf printout:
 --- rd:4 wd:4
 disk 0, o:1, dev:sda9
 disk 1, o:1, dev:sdb9
 disk 2, o:1, dev:sdc9
 disk 3, o:1, dev:sdd9
md: considering sdd8 ...
md:  adding sdd8 ...
md: sdd7 has different UUID to sdd8
md: sdd6 has different UUID to sdd8
md: sdd1 has different UUID to sdd8
md:  adding sdc8 ...
md: sdc7 has different UUID to sdd8
md: sdc6 has different UUID to sdd8
md: sdc1 has different UUID to sdd8
md:  adding sdb8 ...
md: sdb7 has different UUID to sdd8
md: sdb6 has different UUID to sdd8
md: sdb1 has different UUID to sdd8
md:  adding sda8 ...
md: sda7 has different UUID to sdd8
md: sda6 has different UUID to sdd8
md: sda1 has different UUID to sdd8
md: created md3
md: bind<sda8>
md: bind<sdb8>
md: bind<sdc8>
md: bind<sdd8>
md: running: <sdd8><sdc8><sdb8><sda8>
raid5: device sdd8 operational as raid disk 3
raid5: device sdc8 operational as raid disk 2
raid5: device sdb8 operational as raid disk 1
raid5: device sda8 operational as raid disk 0
raid5: allocated 4274kB for md3
raid5: raid level 5 set md3 active with 4 out of 4 devices, algorithm 2
RAID5 conf printout:
 --- rd:4 wd:4
 disk 0, o:1, dev:sda8
 disk 1, o:1, dev:sdb8
 disk 2, o:1, dev:sdc8
 disk 3, o:1, dev:sdd8
md: considering sdd7 ...
md:  adding sdd7 ...
md: sdd6 has different UUID to sdd7
md: sdd1 has different UUID to sdd7
md:  adding sdc7 ...
md: sdc6 has different UUID to sdd7
md: sdc1 has different UUID to sdd7
md:  adding sdb7 ...
md: sdb6 has different UUID to sdd7
md: sdb1 has different UUID to sdd7
md:  adding sda7 ...
md: sda6 has different UUID to sdd7
md: sda1 has different UUID to sdd7
md: created md2
md: bind<sda7>
md: bind<sdb7>
md: bind<sdc7>
md: bind<sdd7>
md: running: <sdd7><sdc7><sdb7><sda7>
md2: setting max_sectors to 128, segment boundary to 32767
raid0: looking at sdd7
raid0:   comparing sdd7(2939776) with sdd7(2939776)
raid0:   END
raid0:   ==> UNIQUE
raid0: 1 zones
raid0: looking at sdc7
raid0:   comparing sdc7(2939776) with sdd7(2939776)
raid0:   EQUAL
raid0: looking at sdb7
raid0:   comparing sdb7(2939776) with sdd7(2939776)
raid0:   EQUAL
raid0: looking at sda7
raid0:   comparing sda7(2939776) with sdd7(2939776)
raid0:   EQUAL
raid0: FINAL 1 zones
raid0: done.
raid0 : md_size is 11759104 blocks.
raid0 : conf->hash_spacing is 11759104 blocks.
raid0 : nb_zone is 1.
raid0 : Allocating 8 bytes for hash.
md: considering sdd6 ...
md:  adding sdd6 ...
md: sdd1 has different UUID to sdd6
md:  adding sdc6 ...
md: sdc1 has different UUID to sdd6
md:  adding sdb6 ...
md: sdb1 has different UUID to sdd6
md:  adding sda6 ...
md: sda1 has different UUID to sdd6
md: created md1
md: bind<sda6>
md: bind<sdb6>
md: bind<sdc6>
md: bind<sdd6>
md: running: <sdd6><sdc6><sdb6><sda6>
raid5: device sdd6 operational as raid disk 3
raid5: device sdc6 operational as raid disk 2
raid5: device sdb6 operational as raid disk 1
raid5: device sda6 operational as raid disk 0
raid5: allocated 4274kB for md1
raid5: raid level 5 set md1 active with 4 out of 4 devices, algorithm 2
RAID5 conf printout:
 --- rd:4 wd:4
 disk 0, o:1, dev:sda6
 disk 1, o:1, dev:sdb6
 disk 2, o:1, dev:sdc6
 disk 3, o:1, dev:sdd6
md: considering sdd1 ...
md:  adding sdd1 ...
md:  adding sdc1 ...
md:  adding sdb1 ...
md:  adding sda1 ...
md: created md0
md: bind<sda1>
md: bind<sdb1>
md: bind<sdc1>
md: bind<sdd1>
md: running: <sdd1><sdc1><sdb1><sda1>
raid1: raid set md0 active with 4 out of 4 mirrors
md: ... autorun DONE.
kjournald starting.  Commit interval 5 seconds
EXT3-fs: mounted filesystem with writeback data mode.
VFS: Mounted root (ext3 filesystem) readonly.
Freeing unused kernel memory: 264k freed
udev: renamed network interface eth0 to eth1
forcedeth: Reverse Engineered nForce ethernet driver. Version 0.61.
ACPI: PCI Interrupt Link [APCH] enabled at IRQ 20
ACPI: PCI Interrupt 0000:00:14.0[A] -> Link [APCH] -> GSI 20 (level, low) -> 
IRQ 20
PCI: Setting latency timer of device 0000:00:14.0 to 64
usbcore: registered new interface driver usbfs
usbcore: registered new interface driver hub
usbcore: registered new device driver usb
ohci_hcd: 2006 August 04 USB 1.1 'Open' Host Controller (OHCI) Driver
forcedeth 0000:00:14.0: ifname eth0, PHY OUI 0x5043 @ 1, addr 
00:17:31:e2:89:2f
forcedeth 0000:00:14.0: highdma pwrctl timirq gbit lnktim desc-v3
ACPI: PCI Interrupt Link [APCF] enabled at IRQ 23
ACPI: PCI Interrupt 0000:00:0b.0[A] -> Link [APCF] -> GSI 23 (level, low) -> 
IRQ 23
PCI: Setting latency timer of device 0000:00:0b.0 to 64
ohci_hcd 0000:00:0b.0: OHCI Host Controller
ohci_hcd 0000:00:0b.0: new USB bus registered, assigned bus number 1
ohci_hcd 0000:00:0b.0: irq 23, io mem 0xfe02f000
usb usb1: configuration #1 chosen from 1 choice
hub 1-0:1.0: USB hub found
hub 1-0:1.0: 8 ports detected
ACPI: PCI Interrupt Link [APCL] enabled at IRQ 22
ACPI: PCI Interrupt 0000:00:0b.1[B] -> Link [APCL] -> GSI 22 (level, low) -> 
IRQ 22
PCI: Setting latency timer of device 0000:00:0b.1 to 64
ehci_hcd 0000:00:0b.1: EHCI Host Controller
ehci_hcd 0000:00:0b.1: new USB bus registered, assigned bus number 2
ehci_hcd 0000:00:0b.1: debug port 1
PCI: cache line size of 64 is not supported by device 0000:00:0b.1
ehci_hcd 0000:00:0b.1: irq 22, io mem 0xfe02e000
ehci_hcd 0000:00:0b.1: USB 2.0 started, EHCI 1.00, driver 10 Dec 2004
usb usb2: configuration #1 chosen from 1 choice
hub 2-0:1.0: USB hub found
hub 2-0:1.0: 8 ports detected
usb 2-1: new high speed USB device using ehci_hcd and address 2
usb 2-1: configuration #1 chosen from 1 choice
hub 2-1:1.0: USB hub found
hub 2-1:1.0: 3 ports detected
powernow-k8: Found 1 AMD Athlon(tm) 64 X2 Dual Core Processor 3800+ processors 
(2 cpu cores) (version 2.20.00)
powernow-k8:    overridding fid 0xc (2000 MHz) to vid 0xe
powernow-k8:    overridding fid 0xa (1800 MHz) to vid 0x10
powernow-k8:    overridding fid 0x2 (1000 MHz) to vid 0x16
powernow-k8:    0 : fid 0xc (2000 MHz), vid 0xe
powernow-k8:    1 : fid 0xa (1800 MHz), vid 0x10
powernow-k8:    2 : fid 0x2 (1000 MHz), vid 0x16
usb 2-1.3: new full speed USB device using ehci_hcd and address 3
usb 2-1.3: configuration #1 chosen from 1 choice
Clocksource tsc unstable (delta = -117343945 ns)
------------[ cut here ]------------
WARNING: at include/linux/blkdev.h:443 blk_remove_plug+0x7d/0x90()
Modules linked in: kvm_amd kvm powernow_k8 ehci_hcd ohci_hcd usbcore forcedeth
Pid: 1681, comm: fsck.ext3 Not tainted 2.6.25-07422-gb66e1f1-dirty #74
Call Trace:
 [<ffffffff80236354>] warn_on_slowpath+0x64/0xa0
 [<ffffffff803b6a04>] generic_make_request+0x194/0x250
 [<ffffffff803b82e7>] submit_bio+0x97/0x140
 [<ffffffff803b756d>] blk_remove_plug+0x7d/0x90
 [<ffffffff8049d4d4>] raid5_unplug_device+0x44/0x110
 [<ffffffff802666ce>] sync_page+0x2e/0x50
 [<ffffffff805a0985>] __wait_on_bit+0x65/0x90
 [<ffffffff802669c8>] wait_on_page_bit+0x78/0x80
 [<ffffffff8024bb70>] wake_bit_function+0x0/0x40
 [<ffffffff8026f1ba>] pagevec_lookup_tag+0x1a/0x30
 [<ffffffff80266fbd>] wait_on_page_writeback_range+0xbd/0x130
 [<ffffffff8026d5e0>] do_writepages+0x20/0x40
 [<ffffffff802670a2>] __filemap_fdatawrite_range+0x52/0x60
 [<ffffffff80267334>] filemap_write_and_wait+0x44/0x50
 [<ffffffff802bd968>] __blkdev_put+0x148/0x1b0
 [<ffffffff80293441>] __fput+0xb1/0x1c0
 [<ffffffff80290178>] filp_close+0x48/0x80
 [<ffffffff80291a1f>] sys_close+0x9f/0x110
 [<ffffffff8020c42b>] system_call_after_swapgs+0x7b/0x80
---[ end trace 94c0787a2e4d19eb ]---
EXT3 FS on md1, internal journal
kjournald starting.  Commit interval 5 seconds
EXT3 FS on md2, internal journal
EXT3-fs: mounted filesystem with writeback data mode.
kjournald starting.  Commit interval 5 seconds
EXT3 FS on md3, internal journal
EXT3-fs: mounted filesystem with writeback data mode.
eth0: no link during initialization.
r8169: eth1: link up
r8169: eth1: link up
NFSD: Using /var/lib/nfs/v4recovery as the NFSv4 state recovery directory
NFSD: starting 90-second grace period
-- 
(°=                 =°)
//\ Prakash Punnoor /\\
V_/                 \_V
#
# Automatically generated make config: don't edit
# Linux kernel version: 2.6.25
# Sat May  3 11:39:00 2008
#
CONFIG_64BIT=y
# CONFIG_X86_32 is not set
CONFIG_X86_64=y
CONFIG_X86=y
CONFIG_DEFCONFIG_LIST="arch/x86/configs/x86_64_defconfig"
# CONFIG_GENERIC_LOCKBREAK is not set
CONFIG_GENERIC_TIME=y
CONFIG_GENERIC_CMOS_UPDATE=y
CONFIG_CLOCKSOURCE_WATCHDOG=y
CONFIG_GENERIC_CLOCKEVENTS=y
CONFIG_GENERIC_CLOCKEVENTS_BROADCAST=y
CONFIG_LOCKDEP_SUPPORT=y
CONFIG_STACKTRACE_SUPPORT=y
CONFIG_HAVE_LATENCYTOP_SUPPORT=y
CONFIG_FAST_CMPXCHG_LOCAL=y
CONFIG_MMU=y
CONFIG_ZONE_DMA=y
CONFIG_GENERIC_ISA_DMA=y
CONFIG_GENERIC_IOMAP=y
CONFIG_GENERIC_BUG=y
CONFIG_GENERIC_HWEIGHT=y
# CONFIG_GENERIC_GPIO is not set
CONFIG_ARCH_MAY_HAVE_PC_FDC=y
CONFIG_RWSEM_GENERIC_SPINLOCK=y
# CONFIG_RWSEM_XCHGADD_ALGORITHM is not set
# CONFIG_ARCH_HAS_ILOG2_U32 is not set
# CONFIG_ARCH_HAS_ILOG2_U64 is not set
CONFIG_ARCH_HAS_CPU_IDLE_WAIT=y
CONFIG_GENERIC_CALIBRATE_DELAY=y
CONFIG_GENERIC_TIME_VSYSCALL=y
CONFIG_ARCH_HAS_CPU_RELAX=y
CONFIG_ARCH_HAS_CACHE_LINE_SIZE=y
CONFIG_HAVE_SETUP_PER_CPU_AREA=y
CONFIG_HAVE_CPUMASK_OF_CPU_MAP=y
CONFIG_ARCH_HIBERNATION_POSSIBLE=y
CONFIG_ARCH_SUSPEND_POSSIBLE=y
CONFIG_ZONE_DMA32=y
CONFIG_ARCH_POPULATES_NODE_MAP=y
CONFIG_AUDIT_ARCH=y
CONFIG_ARCH_SUPPORTS_AOUT=y
CONFIG_ARCH_SUPPORTS_OPTIMIZED_INLINING=y
CONFIG_GENERIC_HARDIRQS=y
CONFIG_GENERIC_IRQ_PROBE=y
CONFIG_GENERIC_PENDING_IRQ=y
CONFIG_X86_SMP=y
CONFIG_X86_64_SMP=y
CONFIG_X86_HT=y
CONFIG_X86_BIOS_REBOOT=y
CONFIG_X86_TRAMPOLINE=y
# CONFIG_KTIME_SCALAR is not set
#
# General setup
#
CONFIG_EXPERIMENTAL=y
CONFIG_LOCK_KERNEL=y
CONFIG_INIT_ENV_ARG_LIMIT=32
CONFIG_LOCALVERSION=""
CONFIG_LOCALVERSION_AUTO=y
CONFIG_SWAP=y
CONFIG_SYSVIPC=y
CONFIG_SYSVIPC_SYSCTL=y
CONFIG_POSIX_MQUEUE=y
# CONFIG_BSD_PROCESS_ACCT is not set
# CONFIG_TASKSTATS is not set
# CONFIG_AUDIT is not set
CONFIG_IKCONFIG=y
CONFIG_IKCONFIG_PROC=y
CONFIG_LOG_BUF_SHIFT=16
# CONFIG_CGROUPS is not set
# CONFIG_GROUP_SCHED is not set
CONFIG_SYSFS_DEPRECATED=y
CONFIG_SYSFS_DEPRECATED_V2=y
# CONFIG_RELAY is not set
CONFIG_NAMESPACES=y
# CONFIG_UTS_NS is not set
# CONFIG_IPC_NS is not set
# CONFIG_USER_NS is not set
# CONFIG_PID_NS is not set
# CONFIG_BLK_DEV_INITRD is not set
# CONFIG_CC_OPTIMIZE_FOR_SIZE is not set
CONFIG_SYSCTL=y
# CONFIG_EMBEDDED is not set
CONFIG_UID16=y
CONFIG_SYSCTL_SYSCALL=y
CONFIG_SYSCTL_SYSCALL_CHECK=y
CONFIG_KALLSYMS=y
# CONFIG_KALLSYMS_EXTRA_PASS is not set
CONFIG_HOTPLUG=y
CONFIG_PRINTK=y
CONFIG_BUG=y
CONFIG_ELF_CORE=y
CONFIG_COMPAT_BRK=y
CONFIG_BASE_FULL=y
CONFIG_FUTEX=y
CONFIG_ANON_INODES=y
CONFIG_EPOLL=y
CONFIG_SIGNALFD=y
CONFIG_TIMERFD=y
CONFIG_EVENTFD=y
CONFIG_SHMEM=y
CONFIG_VM_EVENT_COUNTERS=y
CONFIG_SLUB_DEBUG=y
# CONFIG_SLAB is not set
CONFIG_SLUB=y
# CONFIG_SLOB is not set
CONFIG_PROFILING=y
# CONFIG_MARKERS is not set
CONFIG_OPROFILE=m
CONFIG_HAVE_OPROFILE=y
# CONFIG_KPROBES is not set
CONFIG_HAVE_KPROBES=y
CONFIG_HAVE_KRETPROBES=y
# CONFIG_HAVE_DMA_ATTRS is not set
CONFIG_PROC_PAGE_MONITOR=y
CONFIG_SLABINFO=y
CONFIG_RT_MUTEXES=y
# CONFIG_TINY_SHMEM is not set
CONFIG_BASE_SMALL=0
CONFIG_MODULES=y
CONFIG_MODULE_UNLOAD=y
CONFIG_MODULE_FORCE_UNLOAD=y
# CONFIG_MODVERSIONS is not set
# CONFIG_MODULE_SRCVERSION_ALL is not set
CONFIG_KMOD=y
CONFIG_STOP_MACHINE=y
CONFIG_BLOCK=y
# CONFIG_BLK_DEV_IO_TRACE is not set
CONFIG_BLK_DEV_BSG=y
CONFIG_BLOCK_COMPAT=y
#
# IO Schedulers
#
CONFIG_IOSCHED_NOOP=y
CONFIG_IOSCHED_AS=y
CONFIG_IOSCHED_DEADLINE=y
CONFIG_IOSCHED_CFQ=y
# CONFIG_DEFAULT_AS is not set
CONFIG_DEFAULT_DEADLINE=y
# CONFIG_DEFAULT_CFQ is not set
# CONFIG_DEFAULT_NOOP is not set
CONFIG_DEFAULT_IOSCHED="deadline"
CONFIG_PREEMPT_NOTIFIERS=y
CONFIG_CLASSIC_RCU=y
#
# Processor type and features
#
CONFIG_TICK_ONESHOT=y
CONFIG_NO_HZ=y
CONFIG_HIGH_RES_TIMERS=y
CONFIG_GENERIC_CLOCKEVENTS_BUILD=y
CONFIG_SMP=y
CONFIG_X86_PC=y
# CONFIG_X86_ELAN is not set
# CONFIG_X86_VOYAGER is not set
# CONFIG_X86_NUMAQ is not set
# CONFIG_X86_SUMMIT is not set
# CONFIG_X86_BIGSMP is not set
# CONFIG_X86_VISWS is not set
# CONFIG_X86_GENERICARCH is not set
# CONFIG_X86_ES7000 is not set
# CONFIG_X86_RDC321X is not set
# CONFIG_X86_VSMP is not set
# CONFIG_PARAVIRT_GUEST is not set
# CONFIG_MEMTEST_BOOTPARAM is not set
# CONFIG_M386 is not set
# CONFIG_M486 is not set
# CONFIG_M586 is not set
# CONFIG_M586TSC is not set
# CONFIG_M586MMX is not set
# CONFIG_M686 is not set
# CONFIG_MPENTIUMII is not set
# CONFIG_MPENTIUMIII is not set
# CONFIG_MPENTIUMM is not set
# CONFIG_MPENTIUM4 is not set
# CONFIG_MK6 is not set
# CONFIG_MK7 is not set
CONFIG_MK8=y
# CONFIG_MCRUSOE is not set
# CONFIG_MEFFICEON is not set
# CONFIG_MWINCHIPC6 is not set
# CONFIG_MWINCHIP2 is not set
# CONFIG_MWINCHIP3D is not set
# CONFIG_MGEODEGX1 is not set
# CONFIG_MGEODE_LX is not set
# CONFIG_MCYRIXIII is not set
# CONFIG_MVIAC3_2 is not set
# CONFIG_MVIAC7 is not set
# CONFIG_MPSC is not set
# CONFIG_MCORE2 is not set
# CONFIG_GENERIC_CPU is not set
CONFIG_X86_CPU=y
CONFIG_X86_L1_CACHE_BYTES=64
CONFIG_X86_INTERNODE_CACHE_BYTES=64
CONFIG_X86_CMPXCHG=y
CONFIG_X86_L1_CACHE_SHIFT=6
CONFIG_X86_GOOD_APIC=y
CONFIG_X86_INTEL_USERCOPY=y
CONFIG_X86_USE_PPRO_CHECKSUM=y
CONFIG_X86_TSC=y
CONFIG_X86_CMOV=y
CONFIG_X86_MINIMUM_CPU_FAMILY=64
CONFIG_X86_DEBUGCTLMSR=y
CONFIG_HPET_TIMER=y
CONFIG_HPET_EMULATE_RTC=y
CONFIG_DMI=y
CONFIG_GART_IOMMU=y
# CONFIG_CALGARY_IOMMU is not set
CONFIG_SWIOTLB=y
CONFIG_IOMMU_HELPER=y
CONFIG_NR_CPUS=2
# CONFIG_SCHED_SMT is not set
CONFIG_SCHED_MC=y
# CONFIG_PREEMPT_NONE is not set
# CONFIG_PREEMPT_VOLUNTARY is not set
CONFIG_PREEMPT=y
# CONFIG_PREEMPT_RCU is not set
CONFIG_X86_LOCAL_APIC=y
CONFIG_X86_IO_APIC=y
CONFIG_X86_MCE=y
# CONFIG_X86_MCE_INTEL is not set
CONFIG_X86_MCE_AMD=y
# CONFIG_I8K is not set
# CONFIG_MICROCODE is not set
CONFIG_X86_MSR=y
CONFIG_X86_CPUID=y
# CONFIG_NUMA is not set
CONFIG_ARCH_SPARSEMEM_DEFAULT=y
CONFIG_ARCH_SPARSEMEM_ENABLE=y
CONFIG_ARCH_SELECT_MEMORY_MODEL=y
CONFIG_SELECT_MEMORY_MODEL=y
# CONFIG_FLATMEM_MANUAL is not set
# CONFIG_DISCONTIGMEM_MANUAL is not set
CONFIG_SPARSEMEM_MANUAL=y
CONFIG_SPARSEMEM=y
CONFIG_HAVE_MEMORY_PRESENT=y
# CONFIG_SPARSEMEM_STATIC is not set
CONFIG_SPARSEMEM_EXTREME=y
CONFIG_SPARSEMEM_VMEMMAP_ENABLE=y
CONFIG_SPARSEMEM_VMEMMAP=y
# CONFIG_MEMORY_HOTPLUG is not set
CONFIG_PAGEFLAGS_EXTENDED=y
CONFIG_SPLIT_PTLOCK_CPUS=4
CONFIG_RESOURCES_64BIT=y
CONFIG_ZONE_DMA_FLAG=1
CONFIG_BOUNCE=y
CONFIG_VIRT_TO_BUS=y
CONFIG_MTRR=y
# CONFIG_X86_PAT is not set
# CONFIG_EFI is not set
# CONFIG_SECCOMP is not set
# CONFIG_HZ_100 is not set
# CONFIG_HZ_250 is not set
# CONFIG_HZ_300 is not set
CONFIG_HZ_1000=y
CONFIG_HZ=1000
CONFIG_SCHED_HRTICK=y
CONFIG_KEXEC=y
# CONFIG_CRASH_DUMP is not set
CONFIG_PHYSICAL_START=0x200000
# CONFIG_RELOCATABLE is not set
CONFIG_PHYSICAL_ALIGN=0x200000
CONFIG_HOTPLUG_CPU=y
# CONFIG_COMPAT_VDSO is not set
CONFIG_ARCH_ENABLE_MEMORY_HOTPLUG=y
#
# Power management options
#
CONFIG_PM=y
# CONFIG_PM_DEBUG is not set
CONFIG_PM_SLEEP_SMP=y
CONFIG_PM_SLEEP=y
CONFIG_SUSPEND=y
CONFIG_SUSPEND_FREEZER=y
# CONFIG_HIBERNATION is not set
CONFIG_ACPI=y
CONFIG_ACPI_SLEEP=y
# CONFIG_ACPI_PROCFS is not set
# CONFIG_ACPI_PROCFS_POWER is not set
CONFIG_ACPI_SYSFS_POWER=y
# CONFIG_ACPI_PROC_EVENT is not set
# CONFIG_ACPI_AC is not set
# CONFIG_ACPI_BATTERY is not set
CONFIG_ACPI_BUTTON=y
CONFIG_ACPI_FAN=y
CONFIG_ACPI_DOCK=y
# CONFIG_ACPI_BAY is not set
CONFIG_ACPI_PROCESSOR=y
CONFIG_ACPI_HOTPLUG_CPU=y
CONFIG_ACPI_THERMAL=y
# CONFIG_ACPI_WMI is not set
# CONFIG_ACPI_ASUS is not set
# CONFIG_ACPI_TOSHIBA is not set
CONFIG_ACPI_CUSTOM_DSDT_FILE=""
# CONFIG_ACPI_CUSTOM_DSDT is not set
CONFIG_ACPI_BLACKLIST_YEAR=0
# CONFIG_ACPI_DEBUG is not set
CONFIG_ACPI_EC=y
CONFIG_ACPI_POWER=y
CONFIG_ACPI_SYSTEM=y
CONFIG_X86_PM_TIMER=y
CONFIG_ACPI_CONTAINER=y
# CONFIG_ACPI_SBS is not set
#
# CPU Frequency scaling
#
CONFIG_CPU_FREQ=y
CONFIG_CPU_FREQ_TABLE=y
# CONFIG_CPU_FREQ_DEBUG is not set
CONFIG_CPU_FREQ_STAT=y
# CONFIG_CPU_FREQ_STAT_DETAILS is not set
# CONFIG_CPU_FREQ_DEFAULT_GOV_PERFORMANCE is not set
# CONFIG_CPU_FREQ_DEFAULT_GOV_POWERSAVE is not set
# CONFIG_CPU_FREQ_DEFAULT_GOV_USERSPACE is not set
CONFIG_CPU_FREQ_DEFAULT_GOV_ONDEMAND=y
# CONFIG_CPU_FREQ_DEFAULT_GOV_CONSERVATIVE is not set
CONFIG_CPU_FREQ_GOV_PERFORMANCE=y
CONFIG_CPU_FREQ_GOV_POWERSAVE=y
CONFIG_CPU_FREQ_GOV_USERSPACE=y
CONFIG_CPU_FREQ_GOV_ONDEMAND=y
CONFIG_CPU_FREQ_GOV_CONSERVATIVE=y
#
# CPUFreq processor drivers
#
# CONFIG_X86_ACPI_CPUFREQ is not set
CONFIG_X86_POWERNOW_K8=m
CONFIG_X86_POWERNOW_K8_ACPI=y
# CONFIG_X86_SPEEDSTEP_CENTRINO is not set
# CONFIG_X86_P4_CLOCKMOD is not set
#
# shared options
#
# CONFIG_X86_ACPI_CPUFREQ_PROC_INTF is not set
# CONFIG_X86_SPEEDSTEP_LIB is not set
CONFIG_CPU_IDLE=y
CONFIG_CPU_IDLE_GOV_LADDER=y
CONFIG_CPU_IDLE_GOV_MENU=y
#
# Bus options (PCI etc.)
#
CONFIG_PCI=y
CONFIG_PCI_DIRECT=y
CONFIG_PCI_MMCONFIG=y
CONFIG_PCI_DOMAINS=y
CONFIG_DMAR=y
CONFIG_DMAR_GFX_WA=y
CONFIG_DMAR_FLOPPY_WA=y
CONFIG_PCIEPORTBUS=y
CONFIG_PCIEAER=y
# CONFIG_PCIEASPM is not set
CONFIG_ARCH_SUPPORTS_MSI=y
CONFIG_PCI_MSI=y
# CONFIG_PCI_LEGACY is not set
CONFIG_HT_IRQ=y
CONFIG_ISA_DMA_API=y
CONFIG_K8_NB=y
# CONFIG_PCCARD is not set
# CONFIG_HOTPLUG_PCI is not set
#
# Executable file formats / Emulations
#
CONFIG_BINFMT_ELF=y
CONFIG_COMPAT_BINFMT_ELF=y
# CONFIG_BINFMT_MISC is not set
CONFIG_IA32_EMULATION=y
CONFIG_IA32_AOUT=y
CONFIG_COMPAT=y
CONFIG_COMPAT_FOR_U64_ALIGNMENT=y
CONFIG_SYSVIPC_COMPAT=y
#
# Networking
#
CONFIG_NET=y
#
# Networking options
#
CONFIG_PACKET=y
CONFIG_PACKET_MMAP=y
CONFIG_UNIX=y
CONFIG_XFRM=y
# CONFIG_XFRM_USER is not set
# CONFIG_XFRM_SUB_POLICY is not set
# CONFIG_XFRM_MIGRATE is not set
# CONFIG_XFRM_STATISTICS is not set
# CONFIG_NET_KEY is not set
CONFIG_INET=y
CONFIG_IP_MULTICAST=y
# CONFIG_IP_ADVANCED_ROUTER is not set
CONFIG_IP_FIB_HASH=y
# CONFIG_IP_PNP is not set
# CONFIG_NET_IPIP is not set
# CONFIG_NET_IPGRE is not set
# CONFIG_IP_MROUTE is not set
# CONFIG_ARPD is not set
# CONFIG_SYN_COOKIES is not set
# CONFIG_INET_AH is not set
# CONFIG_INET_ESP is not set
# CONFIG_INET_IPCOMP is not set
# CONFIG_INET_XFRM_TUNNEL is not set
# CONFIG_INET_TUNNEL is not set
CONFIG_INET_XFRM_MODE_TRANSPORT=y
CONFIG_INET_XFRM_MODE_TUNNEL=y
CONFIG_INET_XFRM_MODE_BEET=y
CONFIG_INET_LRO=y
CONFIG_INET_DIAG=y
CONFIG_INET_TCP_DIAG=y
# CONFIG_TCP_CONG_ADVANCED is not set
CONFIG_TCP_CONG_CUBIC=y
CONFIG_DEFAULT_TCP_CONG="cubic"
# CONFIG_TCP_MD5SIG is not set
# CONFIG_IP_VS is not set
# CONFIG_IPV6 is not set
# CONFIG_NETWORK_SECMARK is not set
CONFIG_NETFILTER=y
# CONFIG_NETFILTER_DEBUG is not set
# CONFIG_NETFILTER_ADVANCED is not set
#
# Core Netfilter Configuration
#
# CONFIG_NETFILTER_NETLINK_LOG is not set
# CONFIG_NF_CONNTRACK is not set
CONFIG_NETFILTER_XTABLES=y
CONFIG_NETFILTER_XT_TARGET_MARK=y
CONFIG_NETFILTER_XT_TARGET_NFLOG=y
CONFIG_NETFILTER_XT_TARGET_TCPMSS=y
CONFIG_NETFILTER_XT_MATCH_MARK=y
CONFIG_NETFILTER_XT_MATCH_POLICY=y
#
# IP: Netfilter Configuration
#
CONFIG_IP_NF_IPTABLES=y
CONFIG_IP_NF_FILTER=y
CONFIG_IP_NF_TARGET_REJECT=y
CONFIG_IP_NF_TARGET_LOG=y
CONFIG_IP_NF_TARGET_ULOG=y
CONFIG_IP_NF_MANGLE=y
# CONFIG_IP_DCCP is not set
# CONFIG_IP_SCTP is not set
# CONFIG_TIPC is not set
# CONFIG_ATM is not set
CONFIG_BRIDGE=y
# CONFIG_VLAN_8021Q is not set
# CONFIG_DECNET is not set
CONFIG_LLC=y
# CONFIG_LLC2 is not set
# CONFIG_IPX is not set
# CONFIG_ATALK is not set
# CONFIG_X25 is not set
# CONFIG_LAPB is not set
# CONFIG_ECONET is not set
# CONFIG_WAN_ROUTER is not set
# CONFIG_NET_SCHED is not set
#
# Network testing
#
# CONFIG_NET_PKTGEN is not set
# CONFIG_HAMRADIO is not set
# CONFIG_CAN is not set
# CONFIG_IRDA is not set
# CONFIG_BT is not set
# CONFIG_AF_RXRPC is not set
#
# Wireless
#
# CONFIG_CFG80211 is not set
# CONFIG_WIRELESS_EXT is not set
# CONFIG_MAC80211 is not set
# CONFIG_IEEE80211 is not set
# CONFIG_RFKILL is not set
CONFIG_NET_9P=y
CONFIG_NET_9P_FD=m
# CONFIG_NET_9P_DEBUG is not set
#
# Device Drivers
#
#
# Generic Driver Options
#
CONFIG_UEVENT_HELPER_PATH="/sbin/hotplug"
# CONFIG_STANDALONE is not set
CONFIG_PREVENT_FIRMWARE_BUILD=y
CONFIG_FW_LOADER=y
# CONFIG_SYS_HYPERVISOR is not set
# CONFIG_CONNECTOR is not set
# CONFIG_MTD is not set
CONFIG_PARPORT=y
CONFIG_PARPORT_PC=y
CONFIG_PARPORT_SERIAL=y
CONFIG_PARPORT_PC_FIFO=y
CONFIG_PARPORT_PC_SUPERIO=y
# CONFIG_PARPORT_GSC is not set
# CONFIG_PARPORT_AX88796 is not set
CONFIG_PARPORT_1284=y
CONFIG_PNP=y
# CONFIG_PNP_DEBUG is not set
#
# Protocols
#
CONFIG_PNPACPI=y
CONFIG_BLK_DEV=y
# CONFIG_BLK_DEV_FD is not set
# CONFIG_PARIDE is not set
# CONFIG_BLK_CPQ_DA is not set
# CONFIG_BLK_CPQ_CISS_DA is not set
# CONFIG_BLK_DEV_DAC960 is not set
# CONFIG_BLK_DEV_UMEM is not set
# CONFIG_BLK_DEV_COW_COMMON is not set
CONFIG_BLK_DEV_LOOP=y
# CONFIG_BLK_DEV_CRYPTOLOOP is not set
# CONFIG_BLK_DEV_NBD is not set
# CONFIG_BLK_DEV_SX8 is not set
# CONFIG_BLK_DEV_UB is not set
# CONFIG_BLK_DEV_RAM is not set
# CONFIG_CDROM_PKTCDVD is not set
# CONFIG_ATA_OVER_ETH is not set
# CONFIG_MISC_DEVICES is not set
CONFIG_HAVE_IDE=y
# CONFIG_IDE is not set
#
# SCSI device support
#
# CONFIG_RAID_ATTRS is not set
CONFIG_SCSI=y
CONFIG_SCSI_DMA=y
# CONFIG_SCSI_TGT is not set
# CONFIG_SCSI_NETLINK is not set
# CONFIG_SCSI_PROC_FS is not set
#
# SCSI support type (disk, tape, CD-ROM)
#
CONFIG_BLK_DEV_SD=y
# CONFIG_CHR_DEV_ST is not set
# CONFIG_CHR_DEV_OSST is not set
CONFIG_BLK_DEV_SR=y
# CONFIG_BLK_DEV_SR_VENDOR is not set
CONFIG_CHR_DEV_SG=y
# CONFIG_CHR_DEV_SCH is not set
#
# Some SCSI devices (e.g. CD jukebox) support multiple LUNs
#
# CONFIG_SCSI_MULTI_LUN is not set
# CONFIG_SCSI_CONSTANTS is not set
# CONFIG_SCSI_LOGGING is not set
# CONFIG_SCSI_SCAN_ASYNC is not set
CONFIG_SCSI_WAIT_SCAN=m
#
# SCSI Transports
#
# CONFIG_SCSI_SPI_ATTRS is not set
# CONFIG_SCSI_FC_ATTRS is not set
# CONFIG_SCSI_ISCSI_ATTRS is not set
# CONFIG_SCSI_SAS_ATTRS is not set
# CONFIG_SCSI_SAS_LIBSAS is not set
# CONFIG_SCSI_SRP_ATTRS is not set
# CONFIG_SCSI_LOWLEVEL is not set
CONFIG_ATA=y
# CONFIG_ATA_NONSTANDARD is not set
CONFIG_ATA_ACPI=y
CONFIG_SATA_PMP=y
# CONFIG_SATA_AHCI is not set
# CONFIG_SATA_SIL24 is not set
CONFIG_ATA_SFF=y
# CONFIG_SATA_SVW is not set
# CONFIG_ATA_PIIX is not set
# CONFIG_SATA_MV is not set
CONFIG_SATA_NV=y
# CONFIG_PDC_ADMA is not set
# CONFIG_SATA_QSTOR is not set
# CONFIG_SATA_PROMISE is not set
# CONFIG_SATA_SX4 is not set
# CONFIG_SATA_SIL is not set
# CONFIG_SATA_SIS is not set
# CONFIG_SATA_ULI is not set
# CONFIG_SATA_VIA is not set
# CONFIG_SATA_VITESSE is not set
# CONFIG_SATA_INIC162X is not set
CONFIG_PATA_ACPI=y
# CONFIG_PATA_ALI is not set
CONFIG_PATA_AMD=y
# CONFIG_PATA_ARTOP is not set
# CONFIG_PATA_ATIIXP is not set
# CONFIG_PATA_CMD640_PCI is not set
# CONFIG_PATA_CMD64X is not set
# CONFIG_PATA_CS5520 is not set
# CONFIG_PATA_CS5530 is not set
# CONFIG_PATA_CYPRESS is not set
# CONFIG_PATA_EFAR is not set
# CONFIG_ATA_GENERIC is not set
# CONFIG_PATA_HPT366 is not set
# CONFIG_PATA_HPT37X is not set
# CONFIG_PATA_HPT3X2N is not set
# CONFIG_PATA_HPT3X3 is not set
# CONFIG_PATA_IT821X is not set
# CONFIG_PATA_IT8213 is not set
# CONFIG_PATA_JMICRON is not set
# CONFIG_PATA_TRIFLEX is not set
# CONFIG_PATA_MARVELL is not set
# CONFIG_PATA_MPIIX is not set
# CONFIG_PATA_OLDPIIX is not set
# CONFIG_PATA_NETCELL is not set
# CONFIG_PATA_NINJA32 is not set
# CONFIG_PATA_NS87410 is not set
# CONFIG_PATA_NS87415 is not set
# CONFIG_PATA_OPTI is not set
# CONFIG_PATA_OPTIDMA is not set
# CONFIG_PATA_PDC_OLD is not set
# CONFIG_PATA_RADISYS is not set
# CONFIG_PATA_RZ1000 is not set
# CONFIG_PATA_SC1200 is not set
# CONFIG_PATA_SERVERWORKS is not set
# CONFIG_PATA_PDC2027X is not set
# CONFIG_PATA_SIL680 is not set
# CONFIG_PATA_SIS is not set
# CONFIG_PATA_VIA is not set
# CONFIG_PATA_WINBOND is not set
CONFIG_MD=y
CONFIG_BLK_DEV_MD=y
# CONFIG_MD_LINEAR is not set
CONFIG_MD_RAID0=y
CONFIG_MD_RAID1=y
# CONFIG_MD_RAID10 is not set
CONFIG_MD_RAID456=y
CONFIG_MD_RAID5_RESHAPE=y
CONFIG_MD_MULTIPATH=y
# CONFIG_MD_FAULTY is not set
CONFIG_BLK_DEV_DM=y
# CONFIG_DM_DEBUG is not set
# CONFIG_DM_CRYPT is not set
# CONFIG_DM_SNAPSHOT is not set
# CONFIG_DM_MIRROR is not set
# CONFIG_DM_ZERO is not set
# CONFIG_DM_MULTIPATH is not set
# CONFIG_DM_DELAY is not set
CONFIG_DM_UEVENT=y
# CONFIG_FUSION is not set
#
# IEEE 1394 (FireWire) support
#
# CONFIG_FIREWIRE is not set
# CONFIG_IEEE1394 is not set
# CONFIG_I2O is not set
# CONFIG_MACINTOSH_DRIVERS is not set
CONFIG_NETDEVICES=y
CONFIG_NETDEVICES_MULTIQUEUE=y
# CONFIG_DUMMY is not set
# CONFIG_BONDING is not set
# CONFIG_MACVLAN is not set
# CONFIG_EQUALIZER is not set
CONFIG_TUN=y
# CONFIG_VETH is not set
# CONFIG_NET_SB1000 is not set
# CONFIG_ARCNET is not set
# CONFIG_PHYLIB is not set
CONFIG_NET_ETHERNET=y
CONFIG_MII=y
# CONFIG_HAPPYMEAL is not set
# CONFIG_SUNGEM is not set
# CONFIG_CASSINI is not set
# CONFIG_NET_VENDOR_3COM is not set
# CONFIG_NET_TULIP is not set
# CONFIG_HP100 is not set
# CONFIG_IBM_NEW_EMAC_ZMII is not set
# CONFIG_IBM_NEW_EMAC_RGMII is not set
# CONFIG_IBM_NEW_EMAC_TAH is not set
# CONFIG_IBM_NEW_EMAC_EMAC4 is not set
CONFIG_NET_PCI=y
# CONFIG_PCNET32 is not set
# CONFIG_AMD8111_ETH is not set
# CONFIG_ADAPTEC_STARFIRE is not set
# CONFIG_B44 is not set
CONFIG_FORCEDETH=m
CONFIG_FORCEDETH_NAPI=y
# CONFIG_EEPRO100 is not set
# CONFIG_E100 is not set
# CONFIG_FEALNX is not set
# CONFIG_NATSEMI is not set
# CONFIG_NE2K_PCI is not set
# CONFIG_8139CP is not set
# CONFIG_8139TOO is not set
# CONFIG_R6040 is not set
# CONFIG_SIS900 is not set
# CONFIG_EPIC100 is not set
# CONFIG_SUNDANCE is not set
# CONFIG_VIA_RHINE is not set
# CONFIG_SC92031 is not set
# CONFIG_NET_POCKET is not set
CONFIG_NETDEV_1000=y
# CONFIG_ACENIC is not set
# CONFIG_DL2K is not set
# CONFIG_E1000 is not set
# CONFIG_E1000E is not set
# CONFIG_E1000E_ENABLED is not set
# CONFIG_IP1000 is not set
# CONFIG_IGB is not set
# CONFIG_NS83820 is not set
# CONFIG_HAMACHI is not set
# CONFIG_YELLOWFIN is not set
CONFIG_R8169=y
CONFIG_R8169_NAPI=y
# CONFIG_SIS190 is not set
# CONFIG_SKGE is not set
# CONFIG_SKY2 is not set
# CONFIG_VIA_VELOCITY is not set
# CONFIG_TIGON3 is not set
# CONFIG_BNX2 is not set
# CONFIG_QLA3XXX is not set
# CONFIG_ATL1 is not set
# CONFIG_NETDEV_10000 is not set
# CONFIG_TR is not set
#
# Wireless LAN
#
# CONFIG_WLAN_PRE80211 is not set
# CONFIG_WLAN_80211 is not set
# CONFIG_IWLWIFI is not set
# CONFIG_IWLWIFI_LEDS is not set
#
# USB Network Adapters
#
# CONFIG_USB_CATC is not set
# CONFIG_USB_KAWETH is not set
# CONFIG_USB_PEGASUS is not set
# CONFIG_USB_RTL8150 is not set
# CONFIG_USB_USBNET is not set
# CONFIG_WAN is not set
# CONFIG_FDDI is not set
# CONFIG_HIPPI is not set
# CONFIG_PLIP is not set
# CONFIG_PPP is not set
# CONFIG_SLIP is not set
# CONFIG_NET_FC is not set
# CONFIG_NETCONSOLE is not set
# CONFIG_NETPOLL is not set
# CONFIG_NET_POLL_CONTROLLER is not set
# CONFIG_ISDN is not set
# CONFIG_PHONE is not set
#
# Input device support
#
CONFIG_INPUT=y
# CONFIG_INPUT_FF_MEMLESS is not set
# CONFIG_INPUT_POLLDEV is not set
#
# Userland interfaces
#
CONFIG_INPUT_MOUSEDEV=y
# CONFIG_INPUT_MOUSEDEV_PSAUX is not set
CONFIG_INPUT_MOUSEDEV_SCREEN_X=1024
CONFIG_INPUT_MOUSEDEV_SCREEN_Y=768
# CONFIG_INPUT_JOYDEV is not set
CONFIG_INPUT_EVDEV=y
# CONFIG_INPUT_EVBUG is not set
#
# Input Device Drivers
#
CONFIG_INPUT_KEYBOARD=y
CONFIG_KEYBOARD_ATKBD=y
# CONFIG_KEYBOARD_SUNKBD is not set
# CONFIG_KEYBOARD_LKKBD is not set
# CONFIG_KEYBOARD_XTKBD is not set
# CONFIG_KEYBOARD_NEWTON is not set
# CONFIG_KEYBOARD_STOWAWAY is not set
CONFIG_INPUT_MOUSE=y
CONFIG_MOUSE_PS2=y
CONFIG_MOUSE_PS2_ALPS=y
CONFIG_MOUSE_PS2_LOGIPS2PP=y
CONFIG_MOUSE_PS2_SYNAPTICS=y
CONFIG_MOUSE_PS2_LIFEBOOK=y
CONFIG_MOUSE_PS2_TRACKPOINT=y
# CONFIG_MOUSE_PS2_TOUCHKIT is not set
# CONFIG_MOUSE_SERIAL is not set
# CONFIG_MOUSE_APPLETOUCH is not set
# CONFIG_MOUSE_VSXXXAA is not set
# CONFIG_INPUT_JOYSTICK is not set
# CONFIG_INPUT_TABLET is not set
# CONFIG_INPUT_TOUCHSCREEN is not set
# CONFIG_INPUT_MISC is not set
#
# Hardware I/O ports
#
CONFIG_SERIO=y
CONFIG_SERIO_I8042=y
# CONFIG_SERIO_SERPORT is not set
# CONFIG_SERIO_CT82C710 is not set
# CONFIG_SERIO_PARKBD is not set
# CONFIG_SERIO_PCIPS2 is not set
CONFIG_SERIO_LIBPS2=y
# CONFIG_SERIO_RAW is not set
CONFIG_GAMEPORT=y
CONFIG_GAMEPORT_NS558=y
# CONFIG_GAMEPORT_L4 is not set
# CONFIG_GAMEPORT_EMU10K1 is not set
# CONFIG_GAMEPORT_FM801 is not set
#
# Character devices
#
CONFIG_VT=y
CONFIG_VT_CONSOLE=y
CONFIG_HW_CONSOLE=y
# CONFIG_VT_HW_CONSOLE_BINDING is not set
CONFIG_DEVKMEM=y
# CONFIG_SERIAL_NONSTANDARD is not set
# CONFIG_NOZOMI is not set
#
# Serial drivers
#
CONFIG_SERIAL_8250=y
CONFIG_SERIAL_8250_CONSOLE=y
CONFIG_FIX_EARLYCON_MEM=y
CONFIG_SERIAL_8250_PCI=y
CONFIG_SERIAL_8250_PNP=y
CONFIG_SERIAL_8250_NR_UARTS=4
CONFIG_SERIAL_8250_RUNTIME_UARTS=4
# CONFIG_SERIAL_8250_EXTENDED is not set
#
# Non-8250 serial port support
#
CONFIG_SERIAL_CORE=y
CONFIG_SERIAL_CORE_CONSOLE=y
# CONFIG_SERIAL_JSM is not set
CONFIG_UNIX98_PTYS=y
# CONFIG_LEGACY_PTYS is not set
CONFIG_PRINTER=y
# CONFIG_LP_CONSOLE is not set
# CONFIG_PPDEV is not set
# CONFIG_IPMI_HANDLER is not set
# CONFIG_HW_RANDOM is not set
CONFIG_NVRAM=y
CONFIG_RTC=y
# CONFIG_R3964 is not set
# CONFIG_APPLICOM is not set
# CONFIG_MWAVE is not set
# CONFIG_PC8736x_GPIO is not set
# CONFIG_RAW_DRIVER is not set
CONFIG_HPET=y
# CONFIG_HPET_RTC_IRQ is not set
CONFIG_HPET_MMAP=y
# CONFIG_HANGCHECK_TIMER is not set
# CONFIG_TCG_TPM is not set
# CONFIG_TELCLOCK is not set
CONFIG_DEVPORT=y
CONFIG_I2C=y
CONFIG_I2C_BOARDINFO=y
CONFIG_I2C_CHARDEV=y
#
# I2C Hardware Bus support
#
# CONFIG_I2C_ALI1535 is not set
# CONFIG_I2C_ALI1563 is not set
# CONFIG_I2C_ALI15X3 is not set
# CONFIG_I2C_AMD756 is not set
# CONFIG_I2C_AMD8111 is not set
# CONFIG_I2C_I801 is not set
# CONFIG_I2C_I810 is not set
# CONFIG_I2C_PIIX4 is not set
CONFIG_I2C_NFORCE2=y
# CONFIG_I2C_OCORES is not set
# CONFIG_I2C_PARPORT is not set
# CONFIG_I2C_PARPORT_LIGHT is not set
# CONFIG_I2C_PROSAVAGE is not set
# CONFIG_I2C_SAVAGE4 is not set
# CONFIG_I2C_SIMTEC is not set
# CONFIG_I2C_SIS5595 is not set
# CONFIG_I2C_SIS630 is not set
# CONFIG_I2C_SIS96X is not set
# CONFIG_I2C_TAOS_EVM is not set
# CONFIG_I2C_STUB is not set
# CONFIG_I2C_TINY_USB is not set
# CONFIG_I2C_VIA is not set
# CONFIG_I2C_VIAPRO is not set
# CONFIG_I2C_VOODOO3 is not set
# CONFIG_I2C_PCA_PLATFORM is not set
#
# Miscellaneous I2C Chip support
#
# CONFIG_DS1682 is not set
# CONFIG_SENSORS_EEPROM is not set
# CONFIG_SENSORS_PCF8574 is not set
# CONFIG_PCF8575 is not set
# CONFIG_SENSORS_PCF8591 is not set
# CONFIG_SENSORS_MAX6875 is not set
# CONFIG_SENSORS_TSL2550 is not set
# CONFIG_I2C_DEBUG_CORE is not set
# CONFIG_I2C_DEBUG_ALGO is not set
# CONFIG_I2C_DEBUG_BUS is not set
# CONFIG_I2C_DEBUG_CHIP is not set
# CONFIG_SPI is not set
# CONFIG_W1 is not set
CONFIG_POWER_SUPPLY=y
# CONFIG_POWER_SUPPLY_DEBUG is not set
# CONFIG_PDA_POWER is not set
# CONFIG_BATTERY_DS2760 is not set
CONFIG_HWMON=y
CONFIG_HWMON_VID=y
# CONFIG_SENSORS_ABITUGURU is not set
# CONFIG_SENSORS_ABITUGURU3 is not set
# CONFIG_SENSORS_AD7418 is not set
# CONFIG_SENSORS_ADM1021 is not set
# CONFIG_SENSORS_ADM1025 is not set
# CONFIG_SENSORS_ADM1026 is not set
# CONFIG_SENSORS_ADM1029 is not set
# CONFIG_SENSORS_ADM1031 is not set
# CONFIG_SENSORS_ADM9240 is not set
# CONFIG_SENSORS_ADT7470 is not set
# CONFIG_SENSORS_ADT7473 is not set
CONFIG_SENSORS_K8TEMP=y
# CONFIG_SENSORS_ASB100 is not set
# CONFIG_SENSORS_ATXP1 is not set
# CONFIG_SENSORS_DS1621 is not set
# CONFIG_SENSORS_I5K_AMB is not set
# CONFIG_SENSORS_F71805F is not set
# CONFIG_SENSORS_F71882FG is not set
# CONFIG_SENSORS_F75375S is not set
# CONFIG_SENSORS_FSCHER is not set
# CONFIG_SENSORS_FSCPOS is not set
# CONFIG_SENSORS_FSCHMD is not set
# CONFIG_SENSORS_GL518SM is not set
# CONFIG_SENSORS_GL520SM is not set
# CONFIG_SENSORS_CORETEMP is not set
CONFIG_SENSORS_IT87=y
# CONFIG_SENSORS_LM63 is not set
# CONFIG_SENSORS_LM75 is not set
# CONFIG_SENSORS_LM77 is not set
# CONFIG_SENSORS_LM78 is not set
# CONFIG_SENSORS_LM80 is not set
# CONFIG_SENSORS_LM83 is not set
# CONFIG_SENSORS_LM85 is not set
# CONFIG_SENSORS_LM87 is not set
# CONFIG_SENSORS_LM90 is not set
# CONFIG_SENSORS_LM92 is not set
# CONFIG_SENSORS_LM93 is not set
# CONFIG_SENSORS_MAX1619 is not set
# CONFIG_SENSORS_MAX6650 is not set
# CONFIG_SENSORS_PC87360 is not set
# CONFIG_SENSORS_PC87427 is not set
# CONFIG_SENSORS_SIS5595 is not set
# CONFIG_SENSORS_DME1737 is not set
# CONFIG_SENSORS_SMSC47M1 is not set
# CONFIG_SENSORS_SMSC47M192 is not set
# CONFIG_SENSORS_SMSC47B397 is not set
# CONFIG_SENSORS_ADS7828 is not set
# CONFIG_SENSORS_THMC50 is not set
# CONFIG_SENSORS_VIA686A is not set
# CONFIG_SENSORS_VT1211 is not set
# CONFIG_SENSORS_VT8231 is not set
# CONFIG_SENSORS_W83781D is not set
# CONFIG_SENSORS_W83791D is not set
# CONFIG_SENSORS_W83792D is not set
# CONFIG_SENSORS_W83793 is not set
# CONFIG_SENSORS_W83L785TS is not set
# CONFIG_SENSORS_W83L786NG is not set
# CONFIG_SENSORS_W83627HF is not set
# CONFIG_SENSORS_W83627EHF is not set
# CONFIG_SENSORS_HDAPS is not set
# CONFIG_SENSORS_APPLESMC is not set
# CONFIG_HWMON_DEBUG_CHIP is not set
CONFIG_THERMAL=y
# CONFIG_WATCHDOG is not set
#
# Sonics Silicon Backplane
#
CONFIG_SSB_POSSIBLE=y
# CONFIG_SSB is not set
#
# Multifunction device drivers
#
# CONFIG_MFD_SM501 is not set
# CONFIG_HTC_PASIC3 is not set
#
# Multimedia devices
#
#
# Multimedia core support
#
# CONFIG_VIDEO_DEV is not set
# CONFIG_DVB_CORE is not set
#
# Multimedia drivers
#
# CONFIG_DAB is not set
#
# Graphics support
#
CONFIG_AGP=y
CONFIG_AGP_AMD64=y
# CONFIG_AGP_INTEL is not set
# CONFIG_AGP_SIS is not set
# CONFIG_AGP_VIA is not set
# CONFIG_DRM is not set
# CONFIG_VGASTATE is not set
# CONFIG_VIDEO_OUTPUT_CONTROL is not set
# CONFIG_FB is not set
# CONFIG_BACKLIGHT_LCD_SUPPORT is not set
#
# Display device support
#
# CONFIG_DISPLAY_SUPPORT is not set
#
# Console display driver support
#
CONFIG_VGA_CONSOLE=y
CONFIG_VGACON_SOFT_SCROLLBACK=y
CONFIG_VGACON_SOFT_SCROLLBACK_SIZE=64
CONFIG_VIDEO_SELECT=y
CONFIG_DUMMY_CONSOLE=y
#
# Sound
#
CONFIG_SOUND=y
#
# Advanced Linux Sound Architecture
#
CONFIG_SND=y
CONFIG_SND_TIMER=y
CONFIG_SND_PCM=y
# CONFIG_SND_SEQUENCER is not set
CONFIG_SND_OSSEMUL=y
CONFIG_SND_MIXER_OSS=y
CONFIG_SND_PCM_OSS=y
CONFIG_SND_PCM_OSS_PLUGINS=y
CONFIG_SND_RTCTIMER=y
CONFIG_SND_DYNAMIC_MINORS=y
CONFIG_SND_SUPPORT_OLD_API=y
# CONFIG_SND_VERBOSE_PROCFS is not set
# CONFIG_SND_VERBOSE_PRINTK is not set
# CONFIG_SND_DEBUG is not set
CONFIG_SND_VMASTER=y
#
# Generic devices
#
# CONFIG_SND_PCSP is not set
# CONFIG_SND_DUMMY is not set
# CONFIG_SND_MTPAV is not set
# CONFIG_SND_MTS64 is not set
# CONFIG_SND_SERIAL_U16550 is not set
# CONFIG_SND_MPU401 is not set
# CONFIG_SND_PORTMAN2X4 is not set
#
# PCI devices
#
# CONFIG_SND_AD1889 is not set
# CONFIG_SND_ALS300 is not set
# CONFIG_SND_ALS4000 is not set
# CONFIG_SND_ALI5451 is not set
# CONFIG_SND_ATIIXP is not set
# CONFIG_SND_ATIIXP_MODEM is not set
# CONFIG_SND_AU8810 is not set
# CONFIG_SND_AU8820 is not set
# CONFIG_SND_AU8830 is not set
# CONFIG_SND_AW2 is not set
# CONFIG_SND_AZT3328 is not set
# CONFIG_SND_BT87X is not set
# CONFIG_SND_CA0106 is not set
# CONFIG_SND_CMIPCI is not set
# CONFIG_SND_OXYGEN is not set
# CONFIG_SND_CS4281 is not set
# CONFIG_SND_CS46XX is not set
# CONFIG_SND_CS5530 is not set
# CONFIG_SND_DARLA20 is not set
# CONFIG_SND_GINA20 is not set
# CONFIG_SND_LAYLA20 is not set
# CONFIG_SND_DARLA24 is not set
# CONFIG_SND_GINA24 is not set
# CONFIG_SND_LAYLA24 is not set
# CONFIG_SND_MONA is not set
# CONFIG_SND_MIA is not set
# CONFIG_SND_ECHO3G is not set
# CONFIG_SND_INDIGO is not set
# CONFIG_SND_INDIGOIO is not set
# CONFIG_SND_INDIGODJ is not set
# CONFIG_SND_EMU10K1 is not set
# CONFIG_SND_EMU10K1X is not set
# CONFIG_SND_ENS1370 is not set
# CONFIG_SND_ENS1371 is not set
# CONFIG_SND_ES1938 is not set
# CONFIG_SND_ES1968 is not set
# CONFIG_SND_FM801 is not set
CONFIG_SND_HDA_INTEL=y
# CONFIG_SND_HDA_HWDEP is not set
# CONFIG_SND_HDA_CODEC_REALTEK is not set
CONFIG_SND_HDA_CODEC_ANALOG=y
# CONFIG_SND_HDA_CODEC_SIGMATEL is not set
# CONFIG_SND_HDA_CODEC_VIA is not set
# CONFIG_SND_HDA_CODEC_ATIHDMI is not set
# CONFIG_SND_HDA_CODEC_CONEXANT is not set
# CONFIG_SND_HDA_CODEC_CMEDIA is not set
# CONFIG_SND_HDA_CODEC_SI3054 is not set
CONFIG_SND_HDA_GENERIC=y
CONFIG_SND_HDA_POWER_SAVE=y
CONFIG_SND_HDA_POWER_SAVE_DEFAULT=120
# CONFIG_SND_HDSP is not set
# CONFIG_SND_HDSPM is not set
# CONFIG_SND_HIFIER is not set
# CONFIG_SND_ICE1712 is not set
# CONFIG_SND_ICE1724 is not set
# CONFIG_SND_INTEL8X0 is not set
# CONFIG_SND_INTEL8X0M is not set
# CONFIG_SND_KORG1212 is not set
# CONFIG_SND_MAESTRO3 is not set
# CONFIG_SND_MIXART is not set
# CONFIG_SND_NM256 is not set
# CONFIG_SND_PCXHR is not set
# CONFIG_SND_RIPTIDE is not set
# CONFIG_SND_RME32 is not set
# CONFIG_SND_RME96 is not set
# CONFIG_SND_RME9652 is not set
# CONFIG_SND_SONICVIBES is not set
# CONFIG_SND_TRIDENT is not set
# CONFIG_SND_VIA82XX is not set
# CONFIG_SND_VIA82XX_MODEM is not set
# CONFIG_SND_VIRTUOSO is not set
# CONFIG_SND_VX222 is not set
# CONFIG_SND_YMFPCI is not set
#
# USB devices
#
# CONFIG_SND_USB_AUDIO is not set
# CONFIG_SND_USB_USX2Y is not set
# CONFIG_SND_USB_CAIAQ is not set
#
# System on Chip audio support
#
# CONFIG_SND_SOC is not set
#
# ALSA SoC audio for Freescale SOCs
#
#
# SoC Audio for the Texas Instruments OMAP
#
#
# Open Sound System
#
# CONFIG_SOUND_PRIME is not set
# CONFIG_HID_SUPPORT is not set
CONFIG_USB_SUPPORT=y
CONFIG_USB_ARCH_HAS_HCD=y
CONFIG_USB_ARCH_HAS_OHCI=y
CONFIG_USB_ARCH_HAS_EHCI=y
CONFIG_USB=m
# CONFIG_USB_DEBUG is not set
# CONFIG_USB_ANNOUNCE_NEW_DEVICES is not set
#
# Miscellaneous USB options
#
CONFIG_USB_DEVICEFS=y
CONFIG_USB_DEVICE_CLASS=y
# CONFIG_USB_DYNAMIC_MINORS is not set
CONFIG_USB_SUSPEND=y
# CONFIG_USB_OTG is not set
#
# USB Host Controller Drivers
#
# CONFIG_USB_C67X00_HCD is not set
CONFIG_USB_EHCI_HCD=m
CONFIG_USB_EHCI_ROOT_HUB_TT=y
CONFIG_USB_EHCI_TT_NEWSCHED=y
# CONFIG_USB_ISP116X_HCD is not set
# CONFIG_USB_ISP1760_HCD is not set
CONFIG_USB_OHCI_HCD=m
# CONFIG_USB_OHCI_BIG_ENDIAN_DESC is not set
# CONFIG_USB_OHCI_BIG_ENDIAN_MMIO is not set
CONFIG_USB_OHCI_LITTLE_ENDIAN=y
# CONFIG_USB_UHCI_HCD is not set
# CONFIG_USB_SL811_HCD is not set
# CONFIG_USB_R8A66597_HCD is not set
#
# USB Device Class drivers
#
# CONFIG_USB_ACM is not set
CONFIG_USB_PRINTER=m
#
# NOTE: USB_STORAGE enables SCSI, and 'SCSI disk support'
#
#
# may also be needed; see USB_STORAGE Help for more information
#
CONFIG_USB_STORAGE=m
# CONFIG_USB_STORAGE_DEBUG is not set
# CONFIG_USB_STORAGE_DATAFAB is not set
# CONFIG_USB_STORAGE_FREECOM is not set
# CONFIG_USB_STORAGE_ISD200 is not set
# CONFIG_USB_STORAGE_DPCM is not set
# CONFIG_USB_STORAGE_USBAT is not set
# CONFIG_USB_STORAGE_SDDR09 is not set
# CONFIG_USB_STORAGE_SDDR55 is not set
# CONFIG_USB_STORAGE_JUMPSHOT is not set
# CONFIG_USB_STORAGE_ALAUDA is not set
# CONFIG_USB_STORAGE_ONETOUCH is not set
# CONFIG_USB_STORAGE_KARMA is not set
# CONFIG_USB_STORAGE_CYPRESS_ATACB is not set
CONFIG_USB_LIBUSUAL=y
#
# USB Imaging devices
#
# CONFIG_USB_MDC800 is not set
# CONFIG_USB_MICROTEK is not set
CONFIG_USB_MON=y
#
# USB port drivers
#
# CONFIG_USB_USS720 is not set
# CONFIG_USB_SERIAL is not set
#
# USB Miscellaneous drivers
#
# CONFIG_USB_EMI62 is not set
# CONFIG_USB_EMI26 is not set
# CONFIG_USB_ADUTUX is not set
# CONFIG_USB_AUERSWALD is not set
# CONFIG_USB_RIO500 is not set
# CONFIG_USB_LEGOTOWER is not set
# CONFIG_USB_LCD is not set
# CONFIG_USB_BERRY_CHARGE is not set
# CONFIG_USB_LED is not set
# CONFIG_USB_CYPRESS_CY7C63 is not set
# CONFIG_USB_CYTHERM is not set
# CONFIG_USB_PHIDGET is not set
# CONFIG_USB_IDMOUSE is not set
# CONFIG_USB_FTDI_ELAN is not set
# CONFIG_USB_APPLEDISPLAY is not set
# CONFIG_USB_SISUSBVGA is not set
# CONFIG_USB_LD is not set
# CONFIG_USB_TRANCEVIBRATOR is not set
# CONFIG_USB_IOWARRIOR is not set
# CONFIG_USB_TEST is not set
# CONFIG_USB_GADGET is not set
# CONFIG_MMC is not set
# CONFIG_MEMSTICK is not set
# CONFIG_NEW_LEDS is not set
# CONFIG_ACCESSIBILITY is not set
# CONFIG_INFINIBAND is not set
# CONFIG_EDAC is not set
# CONFIG_RTC_CLASS is not set
# CONFIG_DMADEVICES is not set
# CONFIG_AUXDISPLAY is not set
# CONFIG_UIO is not set
#
# Firmware Drivers
#
# CONFIG_EDD is not set
# CONFIG_DELL_RBU is not set
# CONFIG_DCDBAS is not set
CONFIG_DMIID=y
# CONFIG_ISCSI_IBFT_FIND is not set
#
# File systems
#
CONFIG_EXT2_FS=y
# CONFIG_EXT2_FS_XATTR is not set
# CONFIG_EXT2_FS_XIP is not set
CONFIG_EXT3_FS=y
# CONFIG_EXT3_FS_XATTR is not set
# CONFIG_EXT4DEV_FS is not set
CONFIG_JBD=y
# CONFIG_JBD_DEBUG is not set
# CONFIG_REISERFS_FS is not set
# CONFIG_JFS_FS is not set
CONFIG_FS_POSIX_ACL=y
# CONFIG_XFS_FS is not set
# CONFIG_GFS2_FS is not set
# CONFIG_OCFS2_FS is not set
# CONFIG_DNOTIFY is not set
CONFIG_INOTIFY=y
CONFIG_INOTIFY_USER=y
# CONFIG_QUOTA is not set
# CONFIG_AUTOFS_FS is not set
CONFIG_AUTOFS4_FS=y
CONFIG_FUSE_FS=m
#
# CD-ROM/DVD Filesystems
#
CONFIG_ISO9660_FS=y
CONFIG_JOLIET=y
CONFIG_ZISOFS=y
CONFIG_UDF_FS=y
CONFIG_UDF_NLS=y
#
# DOS/FAT/NT Filesystems
#
CONFIG_FAT_FS=y
CONFIG_MSDOS_FS=y
CONFIG_VFAT_FS=y
CONFIG_FAT_DEFAULT_CODEPAGE=437
CONFIG_FAT_DEFAULT_IOCHARSET="iso8859-1"
# CONFIG_NTFS_FS is not set
#
# Pseudo filesystems
#
CONFIG_PROC_FS=y
CONFIG_PROC_KCORE=y
CONFIG_PROC_SYSCTL=y
CONFIG_SYSFS=y
CONFIG_TMPFS=y
# CONFIG_TMPFS_POSIX_ACL is not set
CONFIG_HUGETLBFS=y
CONFIG_HUGETLB_PAGE=y
# CONFIG_CONFIGFS_FS is not set
#
# Miscellaneous filesystems
#
# CONFIG_ADFS_FS is not set
# CONFIG_AFFS_FS is not set
# CONFIG_HFS_FS is not set
# CONFIG_HFSPLUS_FS is not set
# CONFIG_BEFS_FS is not set
# CONFIG_BFS_FS is not set
# CONFIG_EFS_FS is not set
# CONFIG_CRAMFS is not set
# CONFIG_VXFS_FS is not set
# CONFIG_MINIX_FS is not set
# CONFIG_HPFS_FS is not set
# CONFIG_QNX4FS_FS is not set
# CONFIG_ROMFS_FS is not set
# CONFIG_SYSV_FS is not set
# CONFIG_UFS_FS is not set
CONFIG_NETWORK_FILESYSTEMS=y
CONFIG_NFS_FS=y
CONFIG_NFS_V3=y
# CONFIG_NFS_V3_ACL is not set
CONFIG_NFS_V4=y
CONFIG_NFSD=y
CONFIG_NFSD_V3=y
# CONFIG_NFSD_V3_ACL is not set
CONFIG_NFSD_V4=y
CONFIG_LOCKD=y
CONFIG_LOCKD_V4=y
CONFIG_EXPORTFS=y
CONFIG_NFS_COMMON=y
CONFIG_SUNRPC=y
CONFIG_SUNRPC_GSS=y
CONFIG_SUNRPC_BIND34=y
CONFIG_RPCSEC_GSS_KRB5=y
# CONFIG_RPCSEC_GSS_SPKM3 is not set
# CONFIG_SMB_FS is not set
CONFIG_CIFS=y
# CONFIG_CIFS_STATS is not set
# CONFIG_CIFS_WEAK_PW_HASH is not set
CONFIG_CIFS_XATTR=y
CONFIG_CIFS_POSIX=y
# CONFIG_CIFS_DEBUG2 is not set
CONFIG_CIFS_EXPERIMENTAL=y
# CONFIG_NCP_FS is not set
# CONFIG_CODA_FS is not set
# CONFIG_AFS_FS is not set
CONFIG_9P_FS=m
#
# Partition Types
#
# CONFIG_PARTITION_ADVANCED is not set
CONFIG_MSDOS_PARTITION=y
CONFIG_NLS=y
CONFIG_NLS_DEFAULT="utf8"
CONFIG_NLS_CODEPAGE_437=y
# CONFIG_NLS_CODEPAGE_737 is not set
# CONFIG_NLS_CODEPAGE_775 is not set
CONFIG_NLS_CODEPAGE_850=y
# CONFIG_NLS_CODEPAGE_852 is not set
# CONFIG_NLS_CODEPAGE_855 is not set
# CONFIG_NLS_CODEPAGE_857 is not set
# CONFIG_NLS_CODEPAGE_860 is not set
# CONFIG_NLS_CODEPAGE_861 is not set
# CONFIG_NLS_CODEPAGE_862 is not set
# CONFIG_NLS_CODEPAGE_863 is not set
# CONFIG_NLS_CODEPAGE_864 is not set
# CONFIG_NLS_CODEPAGE_865 is not set
# CONFIG_NLS_CODEPAGE_866 is not set
# CONFIG_NLS_CODEPAGE_869 is not set
# CONFIG_NLS_CODEPAGE_936 is not set
# CONFIG_NLS_CODEPAGE_950 is not set
# CONFIG_NLS_CODEPAGE_932 is not set
# CONFIG_NLS_CODEPAGE_949 is not set
# CONFIG_NLS_CODEPAGE_874 is not set
# CONFIG_NLS_ISO8859_8 is not set
# CONFIG_NLS_CODEPAGE_1250 is not set
# CONFIG_NLS_CODEPAGE_1251 is not set
CONFIG_NLS_ASCII=y
CONFIG_NLS_ISO8859_1=y
# CONFIG_NLS_ISO8859_2 is not set
# CONFIG_NLS_ISO8859_3 is not set
# CONFIG_NLS_ISO8859_4 is not set
# CONFIG_NLS_ISO8859_5 is not set
# CONFIG_NLS_ISO8859_6 is not set
# CONFIG_NLS_ISO8859_7 is not set
# CONFIG_NLS_ISO8859_9 is not set
# CONFIG_NLS_ISO8859_13 is not set
# CONFIG_NLS_ISO8859_14 is not set
CONFIG_NLS_ISO8859_15=y
# CONFIG_NLS_KOI8_R is not set
# CONFIG_NLS_KOI8_U is not set
CONFIG_NLS_UTF8=y
# CONFIG_DLM is not set
#
# Kernel hacking
#
CONFIG_TRACE_IRQFLAGS_SUPPORT=y
# CONFIG_PRINTK_TIME is not set
CONFIG_ENABLE_WARN_DEPRECATED=y
# CONFIG_ENABLE_MUST_CHECK is not set
CONFIG_FRAME_WARN=0
CONFIG_MAGIC_SYSRQ=y
# CONFIG_UNUSED_SYMBOLS is not set
CONFIG_DEBUG_FS=y
# CONFIG_HEADERS_CHECK is not set
# CONFIG_DEBUG_KERNEL is not set
# CONFIG_SLUB_DEBUG_ON is not set
# CONFIG_SLUB_STATS is not set
CONFIG_DEBUG_BUGVERBOSE=y
# CONFIG_LATENCYTOP is not set
# CONFIG_PROVIDE_OHCI1394_DMA_INIT is not set
# CONFIG_SAMPLES is not set
CONFIG_HAVE_ARCH_KGDB=y
# CONFIG_NONPROMISC_DEVMEM is not set
CONFIG_EARLY_PRINTK=y
CONFIG_X86_MPPARSE=y
CONFIG_IO_DELAY_TYPE_0X80=0
CONFIG_IO_DELAY_TYPE_0XED=1
CONFIG_IO_DELAY_TYPE_UDELAY=2
CONFIG_IO_DELAY_TYPE_NONE=3
CONFIG_IO_DELAY_0X80=y
# CONFIG_IO_DELAY_0XED is not set
# CONFIG_IO_DELAY_UDELAY is not set
# CONFIG_IO_DELAY_NONE is not set
CONFIG_DEFAULT_IO_DELAY_TYPE=0
#
# Security options
#
# CONFIG_KEYS is not set
# CONFIG_SECURITY is not set
# CONFIG_SECURITY_FILE_CAPABILITIES is not set
CONFIG_XOR_BLOCKS=y
CONFIG_ASYNC_CORE=y
CONFIG_ASYNC_MEMCPY=y
CONFIG_ASYNC_XOR=y
CONFIG_CRYPTO=y
#
# Crypto core or helper
#
CONFIG_CRYPTO_ALGAPI=y
CONFIG_CRYPTO_BLKCIPHER=y
CONFIG_CRYPTO_MANAGER=y
# CONFIG_CRYPTO_GF128MUL is not set
# CONFIG_CRYPTO_NULL is not set
# CONFIG_CRYPTO_CRYPTD is not set
# CONFIG_CRYPTO_AUTHENC is not set
# CONFIG_CRYPTO_TEST is not set
#
# Authenticated Encryption with Associated Data
#
# CONFIG_CRYPTO_CCM is not set
# CONFIG_CRYPTO_GCM is not set
# CONFIG_CRYPTO_SEQIV is not set
#
# Block modes
#
CONFIG_CRYPTO_CBC=y
# CONFIG_CRYPTO_CTR is not set
# CONFIG_CRYPTO_CTS is not set
# CONFIG_CRYPTO_ECB is not set
# CONFIG_CRYPTO_LRW is not set
# CONFIG_CRYPTO_PCBC is not set
# CONFIG_CRYPTO_XTS is not set
#
# Hash modes
#
# CONFIG_CRYPTO_HMAC is not set
# CONFIG_CRYPTO_XCBC is not set
#
# Digest
#
# CONFIG_CRYPTO_CRC32C is not set
# CONFIG_CRYPTO_MD4 is not set
CONFIG_CRYPTO_MD5=y
# CONFIG_CRYPTO_MICHAEL_MIC is not set
# CONFIG_CRYPTO_SHA1 is not set
# CONFIG_CRYPTO_SHA256 is not set
# CONFIG_CRYPTO_SHA512 is not set
# CONFIG_CRYPTO_TGR192 is not set
# CONFIG_CRYPTO_WP512 is not set
#
# Ciphers
#
# CONFIG_CRYPTO_AES is not set
# CONFIG_CRYPTO_AES_X86_64 is not set
# CONFIG_CRYPTO_ANUBIS is not set
# CONFIG_CRYPTO_ARC4 is not set
# CONFIG_CRYPTO_BLOWFISH is not set
# CONFIG_CRYPTO_CAMELLIA is not set
# CONFIG_CRYPTO_CAST5 is not set
# CONFIG_CRYPTO_CAST6 is not set
CONFIG_CRYPTO_DES=y
# CONFIG_CRYPTO_FCRYPT is not set
# CONFIG_CRYPTO_KHAZAD is not set
# CONFIG_CRYPTO_SALSA20 is not set
# CONFIG_CRYPTO_SALSA20_X86_64 is not set
# CONFIG_CRYPTO_SEED is not set
# CONFIG_CRYPTO_SERPENT is not set
# CONFIG_CRYPTO_TEA is not set
# CONFIG_CRYPTO_TWOFISH is not set
# CONFIG_CRYPTO_TWOFISH_X86_64 is not set
#
# Compression
#
# CONFIG_CRYPTO_DEFLATE is not set
# CONFIG_CRYPTO_LZO is not set
# CONFIG_CRYPTO_HW is not set
CONFIG_HAVE_KVM=y
CONFIG_VIRTUALIZATION=y
CONFIG_KVM=m
# CONFIG_KVM_INTEL is not set
CONFIG_KVM_AMD=m
# CONFIG_VIRTIO_PCI is not set
# CONFIG_VIRTIO_BALLOON is not set
#
# Library routines
#
CONFIG_BITREVERSE=y
CONFIG_GENERIC_FIND_FIRST_BIT=y
CONFIG_GENERIC_FIND_NEXT_BIT=y
# CONFIG_CRC_CCITT is not set
# CONFIG_CRC16 is not set
CONFIG_CRC_ITU_T=y
CONFIG_CRC32=y
# CONFIG_CRC7 is not set
# CONFIG_LIBCRC32C is not set
CONFIG_ZLIB_INFLATE=y
CONFIG_PLIST=y
CONFIG_HAS_IOMEM=y
CONFIG_HAS_IOPORT=y
CONFIG_HAS_DMA=y
[unhandled content-type:application/pgp-signature]