Date: Sat, 9 Feb 2008 13:29:35 +0000
From: "Tvrtko A. Ursulin" <>
Subject: One minute delay when booting 2.6.24.1
Sender: linux-kernel-owner@vger.kernel.org
Precedence: bulk
List-ID: <linux-kernel.vger.kernel.org>
X-Mailing-List: linux-kernel@vger.kernel.org
X-Lkml-Link: https://lkml.org/lkml/2008/2/9/116

Hi all,
As the subject says I get ~1 minute delay when booting 2.6.24.1 pretty
reliably. It is possible it is not new to 2.6.24.1 but I can't tell due recent
hardware changes.
I don't know who in particular to CC about this so I'll just send it like this
in hope someone notices it. :)
Tvrtko
dmesg excerpt where it happens looks like this (full one attached):
[   16.927370] checking if image is initramfs... it is
[   17.171242] Switched to high resolution mode on CPU 1
[   17.171754] Switched to high resolution mode on CPU 0
[   17.293466] Freeing initrd memory: 4807k freed
[   17.297669] Block layer SCSI generic (bsg) driver version 0.4 loaded (major 253)
[   17.297673] io scheduler noop registered
[   17.297674] io scheduler anticipatory registered
[   17.297675] io scheduler deadline registered
[   17.297741] io scheduler cfq registered (default)
[   80.466114] Boot video device is 0000:00:10.0
[   80.466228] PCI: Setting latency timer of device 0000:00:0b.0 to 64
Hardware is:
00:00.0 Host bridge: nVidia Corporation Unknown device 07c1 (rev a2)
00:00.1 RAM memory: nVidia Corporation Unknown device 07cb (rev a2)
00:01.0 RAM memory: nVidia Corporation Unknown device 07cd (rev a1)
00:01.1 RAM memory: nVidia Corporation Unknown device 07ce (rev a1)
00:01.2 RAM memory: nVidia Corporation Unknown device 07cf (rev a1)
00:01.3 RAM memory: nVidia Corporation Unknown device 07d0 (rev a1)
00:01.4 RAM memory: nVidia Corporation Unknown device 07d1 (rev a1)
00:01.5 RAM memory: nVidia Corporation Unknown device 07d2 (rev a1)
00:01.6 RAM memory: nVidia Corporation Unknown device 07d3 (rev a1)
00:02.0 RAM memory: nVidia Corporation Unknown device 07d6 (rev a1)
00:03.0 ISA bridge: nVidia Corporation Unknown device 07d7 (rev a2)
00:03.1 SMBus: nVidia Corporation Unknown device 07d8 (rev a1)
00:03.2 RAM memory: nVidia Corporation Unknown device 07d9 (rev a1)
00:03.4 RAM memory: nVidia Corporation Unknown device 07c8 (rev a1)
00:04.0 USB Controller: nVidia Corporation Unknown device 07fe (rev a1)
00:04.1 USB Controller: nVidia Corporation Unknown device 056a (rev a1)
00:08.0 IDE interface: nVidia Corporation Unknown device 056c (rev a1)
00:09.0 Audio device: nVidia Corporation Unknown device 07fc (rev a1)
00:0a.0 PCI bridge: nVidia Corporation Unknown device 056d (rev a1)
00:0b.0 PCI bridge: nVidia Corporation Unknown device 056e (rev a1)
00:0c.0 PCI bridge: nVidia Corporation Unknown device 056f (rev a1)
00:0d.0 PCI bridge: nVidia Corporation Unknown device 056f (rev a1)
00:0e.0 SATA controller: nVidia Corporation Unknown device 07f4 (rev a2)
00:0f.0 Ethernet controller: nVidia Corporation Unknown device 07dc (rev a2)
00:10.0 VGA compatible controller: nVidia Corporation Unknown device 07e1 (rev a2)
01:07.0 FireWire (IEEE 1394): Texas Instruments TSB43AB23 IEEE-1394a-2000 Controller (PHY/Link)
processor       : 0
vendor_id       : GenuineIntel
cpu family      : 6
model           : 15
model name      : Intel(R) Core(TM)2 Duo CPU     E6550  @ 2.33GHz
stepping        : 11
cpu MHz         : 2000.000
cache size      : 4096 KB
physical id     : 0
siblings        : 2
core id         : 0
cpu cores       : 2
fpu             : yes
fpu_exception   : yes
cpuid level     : 10
wp              : yes
flags           : fpu vme de pse tsc msr pae mce cx8 apic sep mtrr pge mca cmov pat pse36 clflush dts acpi mmx fxsr sse sse2 ss ht tm pbe syscall nx lm constant_tsc arch_perfmon pebs bts rep_good pni monitor ds_cpl vmx smx est tm2 ssse3 cx16 xtpr lahf_lm
bogomips        : 4670.27
clflush size    : 64
cache_alignment : 64
address sizes   : 36 bits physical, 48 bits virtual
power management:
processor       : 1
vendor_id       : GenuineIntel
cpu family      : 6
model           : 15
model name      : Intel(R) Core(TM)2 Duo CPU     E6550  @ 2.33GHz
stepping        : 11
cpu MHz         : 2333.000
cache size      : 4096 KB
physical id     : 0
siblings        : 2
core id         : 1
cpu cores       : 2
fpu             : yes
fpu_exception   : yes
cpuid level     : 10
wp              : yes
flags           : fpu vme de pse tsc msr pae mce cx8 apic sep mtrr pge mca cmov pat pse36 clflush dts acpi mmx fxsr sse sse2 ss ht tm pbe syscall nx lm constant_tsc arch_perfmon pebs bts rep_good pni monitor ds_cpl vmx smx est tm2 ssse3 cx16 xtpr lahf_lm
bogomips        : 4666.63
clflush size    : 64
cache_alignment : 64
address sizes   : 36 bits physical, 48 bits virtual
power management:
[    0.000000] Linux version 2.6.24.1 (tvrtko@sol) (gcc version 4.1.3 20070929 (prerelease) (Ubuntu 4.1.2-16ubuntu2)) #1 SMP PREEMPT Sat Feb 9 08:43:29 GMT 2008
[    0.000000] Command line: root=UUID=5781d9c0-be35-41cc-9eca-64e5d8fffbe4 ro quiet splash
[    0.000000] BIOS-provided physical RAM map:
[    0.000000]  BIOS-e820: 0000000000000000 - 000000000009e800 (usable)
[    0.000000]  BIOS-e820: 000000000009f800 - 00000000000a0000 (reserved)
[    0.000000]  BIOS-e820: 00000000000f0000 - 0000000000100000 (reserved)
[    0.000000]  BIOS-e820: 0000000000100000 - 0000000077000000 (usable)
[    0.000000]  BIOS-e820: 0000000077000000 - 000000007f000000 (reserved)
[    0.000000]  BIOS-e820: 000000007f000000 - 000000007fdf0000 (usable)
[    0.000000]  BIOS-e820: 000000007fef0000 - 000000007fef3000 (ACPI NVS)
[    0.000000]  BIOS-e820: 000000007fef3000 - 000000007ff00000 (ACPI data)
[    0.000000]  BIOS-e820: 00000000e0000000 - 00000000e2000000 (reserved)
[    0.000000]  BIOS-e820: 00000000fec00000 - 0000000100000000 (reserved)
[    0.000000] Entering add_active_range(0, 0, 158) 0 entries of 256 used
[    0.000000] Entering add_active_range(0, 256, 487424) 1 entries of 256 used
[    0.000000] Entering add_active_range(0, 520192, 523760) 2 entries of 256 used
[    0.000000] end_pfn_map = 1048576
[    0.000000] DMI 2.4 present.
[    0.000000] ACPI: RSDP 000F65D0, 0014 (r0 GBT   )
[    0.000000] ACPI: RSDT 7FEF3040, 0038 (r1 GBT    GBTUACPI 42302E31 GBTU  1010101)
[    0.000000] ACPI: FACP 7FEF30C0, 0074 (r1 GBT    GBTUACPI 42302E31 GBTU  1010101)
[    0.000000] ACPI: DSDT 7FEF3180, 52C6 (r1 GBT    GBTUACPI     1000 MSFT  100000C)
[    0.000000] ACPI: FACS 7FEF1800, 0040
[    0.000000] ACPI: HPET 7FEF85C0, 0038 (r1 GBT    GBTUACPI 42302E31 GBTU       98)
[    0.000000] ACPI: MCFG 7FEF8640, 003C (r1 GBT    GBTUACPI 42302E31 GBTU  1010101)
[    0.000000] ACPI: APIC 7FEF84C0, 0098 (r1 GBT    GBTUACPI 42302E31 GBTU  1010101)
[    0.000000] ACPI: SSDT 7FEF8CE0, 02FC (r1  PmRef    CpuPm     3000 INTL 20040311)
[    0.000000] Entering add_active_range(0, 0, 158) 0 entries of 256 used
[    0.000000] Entering add_active_range(0, 256, 487424) 1 entries of 256 used
[    0.000000] Entering add_active_range(0, 520192, 523760) 2 entries of 256 used
[    0.000000]  [ffffe20000000000-ffffe200001fffff] PMD ->ffff810001200000 on node 0
[    0.000000]  [ffffe20000200000-ffffe200003fffff] PMD ->ffff810001600000 on node 0
[    0.000000]  [ffffe20000400000-ffffe200005fffff] PMD ->ffff810001a00000 on node 0
[    0.000000]  [ffffe20000600000-ffffe200007fffff] PMD ->ffff810001e00000 on node 0
[    0.000000]  [ffffe20000800000-ffffe200009fffff] PMD ->ffff810002200000 on node 0
[    0.000000]  [ffffe20000a00000-ffffe20000bfffff] PMD ->ffff810002600000 on node 0
[    0.000000]  [ffffe20000c00000-ffffe20000dfffff] PMD ->ffff810002a00000 on node 0
[    0.000000]  [ffffe20000e00000-ffffe20000ffffff] PMD ->ffff810002e00000 on node 0
[    0.000000]  [ffffe20001000000-ffffe200011fffff] PMD ->ffff810003200000 on node 0
[    0.000000]  [ffffe20001200000-ffffe200013fffff] PMD ->ffff810003600000 on node 0
[    0.000000]  [ffffe20001400000-ffffe200015fffff] PMD ->ffff810003a00000 on node 0
[    0.000000]  [ffffe20001600000-ffffe200017fffff] PMD ->ffff810003e00000 on node 0
[    0.000000]  [ffffe20001800000-ffffe200019fffff] PMD ->ffff810004200000 on node 0
[    0.000000]  [ffffe20001a00000-ffffe20001bfffff] PMD ->ffff810004600000 on node 0
[    0.000000] Zone PFN ranges:
[    0.000000]   DMA             0 ->     4096
[    0.000000]   DMA32        4096 ->  1048576
[    0.000000]   Normal    1048576 ->  1048576
[    0.000000] Movable zone start PFN for each node
[    0.000000] early_node_map[3] active PFN ranges
[    0.000000]     0:        0 ->      158
[    0.000000]     0:      256 ->   487424
[    0.000000]     0:   520192 ->   523760
[    0.000000] On node 0 totalpages: 490894
[    0.000000]   DMA zone: 56 pages used for memmap
[    0.000000]   DMA zone: 1003 pages reserved
[    0.000000]   DMA zone: 2939 pages, LIFO batch:0
[    0.000000]   DMA32 zone: 7104 pages used for memmap
[    0.000000]   DMA32 zone: 479792 pages, LIFO batch:31
[    0.000000]   Normal zone: 0 pages used for memmap
[    0.000000]   Movable zone: 0 pages used for memmap
[    0.000000] ACPI: PM-Timer IO Port: 0x1008
[    0.000000] ACPI: Local APIC address 0xfee00000
[    0.000000] ACPI: LAPIC (acpi_id[0x00] lapic_id[0x00] enabled)
[    0.000000] Processor #0 (Bootup-CPU)
[    0.000000] ACPI: LAPIC (acpi_id[0x01] lapic_id[0x01] enabled)
[    0.000000] Processor #1
[    0.000000] ACPI: LAPIC (acpi_id[0x02] lapic_id[0x02] disabled)
[    0.000000] ACPI: LAPIC (acpi_id[0x03] lapic_id[0x03] disabled)
[    0.000000] ACPI: LAPIC_NMI (acpi_id[0x00] dfl dfl lint[0x1])
[    0.000000] ACPI: LAPIC_NMI (acpi_id[0x01] dfl dfl lint[0x1])
[    0.000000] ACPI: LAPIC_NMI (acpi_id[0x02] dfl dfl lint[0x1])
[    0.000000] ACPI: LAPIC_NMI (acpi_id[0x03] dfl dfl lint[0x1])
[    0.000000] ACPI: IOAPIC (id[0x02] address[0xfec00000] gsi_base[0])
[    0.000000] IOAPIC[0]: apic_id 2, address 0xfec00000, GSI 0-23
[    0.000000] ACPI: INT_SRC_OVR (bus 0 bus_irq 0 global_irq 2 dfl dfl)
[    0.000000] ACPI: INT_SRC_OVR (bus 0 bus_irq 9 global_irq 9 high level)
[    0.000000] ACPI: INT_SRC_OVR (bus 0 bus_irq 14 global_irq 14 high edge)
[    0.000000] ACPI: INT_SRC_OVR (bus 0 bus_irq 15 global_irq 15 high edge)
[    0.000000] ACPI: IRQ0 used by override.
[    0.000000] ACPI: IRQ2 used by override.
[    0.000000] ACPI: IRQ9 used by override.
[    0.000000] ACPI: IRQ14 used by override.
[    0.000000] ACPI: IRQ15 used by override.
[    0.000000] Setting APIC routing to flat
[    0.000000] ACPI: HPET id: 0x10de8201 base: 0xfeff0000
[    0.000000] Using ACPI (MADT) for SMP configuration information
[    0.000000] swsusp: Registered nosave memory region: 000000000009e000 - 00000000000a0000
[    0.000000] swsusp: Registered nosave memory region: 00000000000a0000 - 00000000000f0000
[    0.000000] swsusp: Registered nosave memory region: 00000000000f0000 - 0000000000100000
[    0.000000] swsusp: Registered nosave memory region: 0000000077000000 - 000000007f000000
[    0.000000] Allocating PCI resources starting at 80000000 (gap: 7ff00000:60100000)
[    0.000000] SMP: Allowing 2 CPUs, 0 hotplug CPUs
[    0.000000] PERCPU: Allocating 32800 bytes of per cpu data
[    0.000000] Built 1 zonelists in Zone order, mobility grouping on.  Total pages: 482731
[    0.000000] Kernel command line: root=UUID=5781d9c0-be35-41cc-9eca-64e5d8fffbe4 ro quiet splash
[    0.000000] Initializing CPU#0
[    0.000000] PID hash table entries: 4096 (order: 12, 32768 bytes)
[    0.000000] hpet clockevent registered
[    0.000000] TSC calibrated against HPET
[   16.611324] time.c: Detected 2333.332 MHz processor.
[   16.613792] Console: colour VGA+ 80x25
[   16.613795] console [tty0] enabled
[   16.614959] Dentry cache hash table entries: 262144 (order: 9, 2097152 bytes)
[   16.615862] Inode-cache hash table entries: 131072 (order: 8, 1048576 bytes)
[   16.615991] Checking aperture...
[   16.633142] Memory: 1922140k/2095040k available (2142k kernel code, 40792k reserved, 1073k data, 220k init)
[   16.633175] SLUB: Genslabs=11, HWalign=64, Order=0-1, MinObjects=4, CPUs=2, Nodes=1
[   16.692150] Calibrating delay using timer specific routine.. 4670.26 BogoMIPS (lpj=2335133)
[   16.692174] Security Framework initialized
[   16.692183] Capability LSM initialized
[   16.692193] Mount-cache hash table entries: 256
[   16.692305] CPU: L1 I cache: 32K, L1 D cache: 32K
[   16.692307] CPU: L2 cache: 4096K
[   16.692309] using mwait in idle threads.
[   16.692310] CPU: Physical Processor ID: 0
[   16.692311] CPU: Processor Core ID: 0
[   16.692316] CPU0: Thermal monitoring enabled (TM2)
[   16.692326] SMP alternatives: switching to UP code
[   16.692732] ACPI: Core revision 20070126
[   16.706424] Using local APIC timer interrupts.
[   16.749201] APIC timer calibration result 20833311
[   16.749202] Detected 20.833 MHz APIC timer.
[   16.749280] SMP alternatives: switching to SMP code
[   16.749574] Booting processor 1/2 APIC 0x1
[   16.761049] Initializing CPU#1
[   16.820067] Calibrating delay using timer specific routine.. 4666.63 BogoMIPS (lpj=2333316)
[   16.820072] CPU: L1 I cache: 32K, L1 D cache: 32K
[   16.820073] CPU: L2 cache: 4096K
[   16.820075] CPU: Physical Processor ID: 0
[   16.820075] CPU: Processor Core ID: 1
[   16.820080] CPU1: Thermal monitoring enabled (TM2)
[   16.820479] Intel(R) Core(TM)2 Duo CPU     E6550  @ 2.33GHz stepping 0b
[   16.820537] checking TSC synchronization [CPU#0 -> CPU#1]: passed.
[   16.840518] Brought up 2 CPUs
[   16.840697] net_namespace: 120 bytes
[   16.840961] NET: Registered protocol family 16
[   16.841075] ACPI: bus type pci registered
[   16.842201] PCI: Using MMCONFIG at e0000000 - e1ffffff
[   16.842673] mtrr: your CPUs had inconsistent fixed MTRR settings
[   16.842674] mtrr: probably your BIOS does not setup all CPUs.
[   16.842675] mtrr: corrected configuration.
[   16.843656] ACPI: EC: Look up EC in DSDT
[   16.848056] ACPI: Interpreter enabled
[   16.848058] ACPI: (supports S0 S3 S4 S5)
[   16.848068] ACPI: Using IOAPIC for interrupt routing
[   16.854590] ACPI: PCI Root Bridge [PCI0] (0000:00)
[   16.855700] PCI: Transparent bridge - 0000:00:0a.0
[   16.855836] ACPI: PCI Interrupt Routing Table [\_SB_.PCI0._PRT]
[   16.856013] ACPI: PCI Interrupt Routing Table [\_SB_.PCI0.HUB0._PRT]
[   16.896492] ACPI: PCI Interrupt Link [LNK1] (IRQs 5 7 9 10 11 14 15) *0, disabled.
[   16.896613] ACPI: PCI Interrupt Link [LNK2] (IRQs 5 7 9 10 11 14 15) *0, disabled.
[   16.896733] ACPI: PCI Interrupt Link [LNK3] (IRQs 5 7 9 *10 11 14 15)
[   16.896851] ACPI: PCI Interrupt Link [LNK4] (IRQs 5 7 9 10 11 14 15) *0, disabled.
[   16.896973] ACPI: PCI Interrupt Link [LNK5] (IRQs 5 7 9 10 11 14 15) *0, disabled.
[   16.897091] ACPI: PCI Interrupt Link [LNK6] (IRQs 5 7 9 10 11 14 15) *0, disabled.
[   16.897209] ACPI: PCI Interrupt Link [LNK7] (IRQs 5 7 9 10 11 14 15) *0, disabled.
[   16.897327] ACPI: PCI Interrupt Link [LNK8] (IRQs 5 7 9 10 11 14 15) *0, disabled.
[   16.897445] ACPI: PCI Interrupt Link [LP2P] (IRQs 5 7 9 10 11 14 15) *0, disabled.
[   16.897564] ACPI: PCI Interrupt Link [LIGP] (IRQs *5 7 9 10 11 14 15)
[   16.897682] ACPI: PCI Interrupt Link [LUBA] (IRQs 5 7 9 10 *11 14 15)
[   16.897801] ACPI: PCI Interrupt Link [LUB2] (IRQs *5 7 9 10 11 14 15)
[   16.897927] ACPI: PCI Interrupt Link [LU1B] (IRQs 5 7 9 10 11 14 15) *0
[   16.898047] ACPI: PCI Interrupt Link [LU2B] (IRQs 5 7 9 10 11 14 15) *0
[   16.898166] ACPI: PCI Interrupt Link [LMAC] (IRQs 5 7 9 10 11 14 *15)
[   16.898285] ACPI: PCI Interrupt Link [LAZA] (IRQs 5 7 9 10 *11 14 15)
[   16.898403] ACPI: PCI Interrupt Link [LPMU] (IRQs 5 7 9 10 11 14 15) *0, disabled.
[   16.898522] ACPI: PCI Interrupt Link [LSMB] (IRQs 5 7 9 *10 11 14 15)
[   16.898646] ACPI: PCI Interrupt Link [LIDE] (IRQs 5 7 9 10 11 14 15) *0, disabled.
[   16.898766] ACPI: PCI Interrupt Link [LSID] (IRQs 5 7 9 10 *11 14 15)
[   16.898917] ACPI: PCI Interrupt Link [APC1] (IRQs 16) *0, disabled.
[   16.899061] ACPI: PCI Interrupt Link [APC2] (IRQs 17) *0, disabled.
[   16.899202] ACPI: PCI Interrupt Link [APC3] (IRQs 18) *0
[   16.899343] ACPI: PCI Interrupt Link [APC4] (IRQs 19) *0, disabled.
[   16.899484] ACPI: PCI Interrupt Link [APC5] (IRQs 16) *0, disabled.
[   16.899625] ACPI: PCI Interrupt Link [APC6] (IRQs 16) *0, disabled.
[   16.899766] ACPI: PCI Interrupt Link [APC7] (IRQs 16) *0, disabled.
[   16.899907] ACPI: PCI Interrupt Link [APC8] (IRQs 16) *0, disabled.
[   16.900051] ACPI: PCI Interrupt Link [AIGP] (IRQs 20 21 22 23) *0
[   16.900193] ACPI: PCI Interrupt Link [AUBA] (IRQs 20 21 22 23) *0
[   16.900335] ACPI: PCI Interrupt Link [AUB2] (IRQs 20 21 22 23) *0
[   16.900477] ACPI: PCI Interrupt Link [AU1B] (IRQs 20 21 22 23) *0
[   16.900619] ACPI: PCI Interrupt Link [AU2B] (IRQs 20 21 22 23) *0
[   16.900761] ACPI: PCI Interrupt Link [APCH] (IRQs 20 21 22 23) *0
[   16.900903] ACPI: PCI Interrupt Link [APMU] (IRQs 20 21 22 23) *0, disabled.
[   16.901048] ACPI: PCI Interrupt Link [AAZA] (IRQs 20 21 22 23) *0
[   16.901189] ACPI: PCI Interrupt Link [APCS] (IRQs 20 21 22 23) *0
[   16.901333] ACPI: PCI Interrupt Link [APCM] (IRQs 20 21 22 23) *0, disabled.
[   16.901476] ACPI: PCI Interrupt Link [APCZ] (IRQs 20 21 22 23) *0, disabled.
[   16.901620] ACPI: PCI Interrupt Link [APSI] (IRQs 20 21 22 23) *0
[   16.901712] Linux Plug and Play Support v0.97 (c) Adam Belay
[   16.901732] pnp: PnP ACPI init
[   16.901738] ACPI: bus type pnp registered
[   16.904934] pnp: PnP ACPI: found 12 devices
[   16.904936] ACPI: ACPI bus type pnp unregistered
[   16.905026] PCI: Using ACPI for IRQ routing
[   16.905028] PCI: If a device doesn't work, try "pci=routeirq".  If it helps, post a report
[   16.908984] PCI-GART: No AMD northbridge found.
[   16.908990] hpet0: at MMIO 0xfeff0000, IRQs 2, 8, 31
[   16.908993] hpet0: 3 32-bit timers, 25000000 Hz
[   16.910986] Time: tsc clocksource has been installed.
[   16.913050] system 00:01: ioport range 0x1000-0x107f has been reserved
[   16.913052] system 00:01: ioport range 0x1080-0x10ff has been reserved
[   16.913054] system 00:01: ioport range 0x1400-0x147f has been reserved
[   16.913056] system 00:01: ioport range 0x1480-0x14ff has been reserved
[   16.913058] system 00:01: ioport range 0x1800-0x187f has been reserved
[   16.913060] system 00:01: ioport range 0x1880-0x18ff has been reserved
[   16.913063] system 00:01: iomem range 0x0-0x0 could not be reserved
[   16.913065] system 00:01: iomem range 0xfefe0000-0xfefe01ff has been reserved
[   16.913067] system 00:01: iomem range 0xfefe1000-0xfefe10ff has been reserved
[   16.913069] system 00:01: iomem range 0x77000000-0x7effffff could not be reserved
[   16.913074] system 00:02: ioport range 0x4d0-0x4d1 has been reserved
[   16.913076] system 00:02: ioport range 0x800-0x87f has been reserved
[   16.913078] system 00:02: ioport range 0x295-0x314 has been reserved
[   16.913080] system 00:02: ioport range 0x290-0x294 has been reserved
[   16.913081] system 00:02: ioport range 0x880-0x88f has been reserved
[   16.913088] system 00:0a: iomem range 0xe0000000-0xe1ffffff could not be reserved
[   16.913093] system 00:0b: iomem range 0xd0000-0xd3fff has been reserved
[   16.913095] system 00:0b: iomem range 0xd6800-0xd7fff has been reserved
[   16.913097] system 00:0b: iomem range 0xf0000-0xfbfff could not be reserved
[   16.913099] system 00:0b: iomem range 0xfc000-0xfffff could not be reserved
[   16.913101] system 00:0b: iomem range 0x7fef0000-0x7fefffff could not be reserved
[   16.913104] system 00:0b: iomem range 0xffff0000-0xffffffff has been reserved
[   16.913106] system 00:0b: iomem range 0x0-0x9ffff could not be reserved
[   16.913108] system 00:0b: iomem range 0x100000-0x7feeffff could not be reserved
[   16.913110] system 00:0b: iomem range 0xfec00000-0xfec00fff has been reserved
[   16.913112] system 00:0b: iomem range 0xfee00000-0xfee00fff could not be reserved
[   16.913403] PCI: Bridge: 0000:00:0a.0
[   16.913404]   IO window: disabled.
[   16.913406]   MEM window: e5000000-e50fffff
[   16.913408]   PREFETCH window: disabled.
[   16.913410] PCI: Bridge: 0000:00:0b.0
[   16.913411]   IO window: 9000-9fff
[   16.913412]   MEM window: disabled.
[   16.913414]   PREFETCH window: disabled.
[   16.913415] PCI: Bridge: 0000:00:0c.0
[   16.913416]   IO window: b000-bfff
[   16.913418]   MEM window: disabled.
[   16.913419]   PREFETCH window: disabled.
[   16.913420] PCI: Bridge: 0000:00:0d.0
[   16.913421]   IO window: a000-afff
[   16.913422]   MEM window: disabled.
[   16.913424]   PREFETCH window: disabled.
[   16.913429] PCI: Setting latency timer of device 0000:00:0a.0 to 64
[   16.913434] PCI: Setting latency timer of device 0000:00:0b.0 to 64
[   16.913438] PCI: Setting latency timer of device 0000:00:0c.0 to 64
[   16.913441] PCI: Setting latency timer of device 0000:00:0d.0 to 64
[   16.913447] NET: Registered protocol family 2
[   16.922217] IP route cache hash table entries: 65536 (order: 7, 524288 bytes)
[   16.922454] TCP established hash table entries: 262144 (order: 10, 4194304 bytes)
[   16.923821] TCP bind hash table entries: 65536 (order: 8, 1048576 bytes)
[   16.924385] TCP: Hash tables configured (established 262144 bind 65536)
[   16.924387] TCP reno registered
[   16.927370] checking if image is initramfs... it is
[   17.171242] Switched to high resolution mode on CPU 1
[   17.171754] Switched to high resolution mode on CPU 0
[   17.293466] Freeing initrd memory: 4807k freed
[   17.297669] Block layer SCSI generic (bsg) driver version 0.4 loaded (major 253)
[   17.297673] io scheduler noop registered
[   17.297674] io scheduler anticipatory registered
[   17.297675] io scheduler deadline registered
[   17.297741] io scheduler cfq registered (default)
[   80.466114] Boot video device is 0000:00:10.0
[   80.466228] PCI: Setting latency timer of device 0000:00:0b.0 to 64
[   80.466239] assign_interrupt_mode Found MSI capability
[   80.466250] Allocate Port Service[0000:00:0b.0:pcie00]
[   80.466275] Allocate Port Service[0000:00:0b.0:pcie03]
[   80.466312] PCI: Setting latency timer of device 0000:00:0c.0 to 64
[   80.466322] assign_interrupt_mode Found MSI capability
[   80.466331] Allocate Port Service[0000:00:0c.0:pcie00]
[   80.466354] Allocate Port Service[0000:00:0c.0:pcie03]
[   80.466389] PCI: Setting latency timer of device 0000:00:0d.0 to 64
[   80.466400] assign_interrupt_mode Found MSI capability
[   80.466408] Allocate Port Service[0000:00:0d.0:pcie00]
[   80.466431] Allocate Port Service[0000:00:0d.0:pcie03]
[   80.467950] Real Time Clock Driver v1.12ac
[   80.468070] hpet_resources: 0xfeff0000 is busy
[   80.468091] Linux agpgart interface v0.102
[   80.468093] Serial: 8250/16550 driver $Revision: 1.90 $ 4 ports, IRQ sharing enabled
[   80.468189] serial8250: ttyS0 at I/O 0x3f8 (irq = 4) is a 16550A
[   80.468506] 00:08: ttyS0 at I/O 0x3f8 (irq = 4) is a 16550A
[   80.468962] RAMDISK driver initialized: 16 RAM disks of 65536K size 1024 blocksize
[   80.469045] PNP: No PS/2 controller found. Probing ports directly.
[   80.502667] Failed to disable AUX port, but continuing anyway... Is this a SiS?
[   80.502669] If AUX port is really absent please use the 'i8042.noaux' option.
[   80.752182] serio: i8042 KBD port at 0x60,0x64 irq 1
[   80.752265] mice: PS/2 mouse device common for all mice
[   80.752289] cpuidle: using governor ladder
[   80.752290] cpuidle: using governor menu
[   80.752342] TCP cubic registered
[   80.752385] NET: Registered protocol family 1
[   80.752473] drivers/rtc/hctosys.c: unable to open rtc device (rtc0)
[   80.752478] Freeing unused kernel memory: 220k freed
[   81.863589] fuse init (API version 7.9)
[   81.868938] ACPI: SSDT 7FEF86C0, 022A (r1  PmRef  Cpu0Ist     3000 INTL 20040311)
[   81.869177] ACPI: SSDT 7FEF8B80, 0152 (r1  PmRef  Cpu1Ist     3000 INTL 20040311)
[   81.869316] ACPI Exception (processor_core-0816): AE_NOT_FOUND, Processor Device is not present [20070126]
[   81.869324] ACPI Exception (processor_core-0816): AE_NOT_FOUND, Processor Device is not present [20070126]
[   82.035151] SCSI subsystem initialized
[   82.038621] usbcore: registered new interface driver usbfs
[   82.038641] usbcore: registered new interface driver hub
[   82.038784] usbcore: registered new device driver usb
[   82.040101] libata version 3.00 loaded.
[   82.040405] ACPI: PCI Interrupt Link [APC3] enabled at IRQ 18
[   82.040412] ACPI: PCI Interrupt 0000:01:07.0[A] -> Link [APC3] -> GSI 18 (level, low) -> IRQ 18
[   82.042268] ohci_hcd: 2006 August 04 USB 1.1 'Open' Host Controller (OHCI) Driver
[   82.042533] ACPI: PCI Interrupt Link [AUBA] enabled at IRQ 23
[   82.042538] ACPI: PCI Interrupt 0000:00:04.0[A] -> Link [AUBA] -> GSI 23 (level, low) -> IRQ 23
[   82.043257] PCI: Setting latency timer of device 0000:00:04.0 to 64
[   82.043261] ohci_hcd 0000:00:04.0: OHCI Host Controller
[   82.043339] ohci_hcd 0000:00:04.0: new USB bus registered, assigned bus number 1
[   82.043352] ohci_hcd 0000:00:04.0: irq 23, io mem 0xe5108000
[   82.095799] usb usb1: configuration #1 chosen from 1 choice
[   82.095817] hub 1-0:1.0: USB hub found
[   82.095823] hub 1-0:1.0: 10 ports detected
[   82.097944] firewire_ohci: Added fw-ohci device 0000:01:07.0, OHCI version 1.10
[   82.197787] ACPI: PCI Interrupt Link [AUB2] enabled at IRQ 22
[   82.197792] ACPI: PCI Interrupt 0000:00:04.1[B] -> Link [AUB2] -> GSI 22 (level, low) -> IRQ 22
[   82.198846] PCI: Setting latency timer of device 0000:00:04.1 to 64
[   82.198849] ehci_hcd 0000:00:04.1: EHCI Host Controller
[   82.198890] ehci_hcd 0000:00:04.1: new USB bus registered, assigned bus number 2
[   82.198910] ehci_hcd 0000:00:04.1: debug port 1
[   82.198913] PCI: cache line size of 32 is not supported by device 0000:00:04.1
[   82.198921] ehci_hcd 0000:00:04.1: irq 22, io mem 0xe5107000
[   82.199903] Uniform Multi-Platform E-IDE driver Revision: 7.00alpha2
[   82.199906] ide: Assuming 33MHz system bus speed for PIO modes; override with idebus=xx
[   82.204749] ehci_hcd 0000:00:04.1: USB 2.0 started, EHCI 1.00, driver 10 Dec 2004
[   82.204831] usb usb2: configuration #1 chosen from 1 choice
[   82.204851] hub 2-0:1.0: USB hub found
[   82.204855] hub 2-0:1.0: 10 ports detected
[   82.305585] ahci 0000:00:0e.0: version 3.0
[   82.305840] ACPI: PCI Interrupt Link [APSI] enabled at IRQ 21
[   82.305846] ACPI: PCI Interrupt 0000:00:0e.0[A] -> Link [APSI] -> GSI 21 (level, low) -> IRQ 21
[   82.596840] firewire_core: created new fw device fw0 (0 config rom retries, S400)
[   83.099893] usb 2-4: new high speed USB device using ehci_hcd and address 4
[   83.215011] usb 2-4: configuration #1 chosen from 1 choice
[   83.215214] hub 2-4:1.0: USB hub found
[   83.215447] hub 2-4:1.0: 4 ports detected
[   83.305534] ahci 0000:00:0e.0: AHCI 0001.0100 32 slots 4 ports 3 Gbps 0xf impl SATA mode
[   83.305537] ahci 0000:00:0e.0: flags: 64bit sntf led clo pmp pio 
[   83.305540] PCI: Setting latency timer of device 0000:00:0e.0 to 64
[   83.305720] scsi0 : ahci
[   83.305755] scsi1 : ahci
[   83.305781] scsi2 : ahci
[   83.305807] scsi3 : ahci
[   83.305866] ata1: SATA max UDMA/133 abar m8192@0xe5104000 port 0xe5104100 irq 316
[   83.305868] ata2: SATA max UDMA/133 abar m8192@0xe5104000 port 0xe5104180 irq 316
[   83.305870] ata3: SATA max UDMA/133 abar m8192@0xe5104000 port 0xe5104200 irq 316
[   83.305871] ata4: SATA max UDMA/133 abar m8192@0xe5104000 port 0xe5104280 irq 316
[   83.578039] usb 1-1: new full speed USB device using ohci_hcd and address 2
[   83.609981] ata1: SATA link down (SStatus 0 SControl 300)
[   83.783469] usb 1-1: configuration #1 chosen from 1 choice
[   84.049192] usb 1-2: new low speed USB device using ohci_hcd and address 3
[   84.217890] ata2: SATA link up 3.0 Gbps (SStatus 123 SControl 300)
[   84.236683] ata2.00: ATA-8: WDC WD3200AAKS-00VYA0, 12.01B02, max UDMA/133
[   84.236686] ata2.00: 625142448 sectors, multi 0: LBA48 NCQ (depth 0/32)
[   84.237425] ata2.00: configured for UDMA/133
[   84.240578] usb 1-2: configuration #1 chosen from 1 choice
[   84.413731] usb 2-4.1: new high speed USB device using ehci_hcd and address 5
[   84.502743] usb 2-4.1: configuration #1 chosen from 1 choice
[   84.504193] usbcore: registered new interface driver hiddev
[   84.515014] input: PDT VoIPVoice USB Phone as /class/input/input0
[   84.517356] input: USB HID v1.00 Device [PDT VoIPVoice USB Phone] on usb-0000:00:04.0-1
[   84.523162] input: BTC USB Multimedia Cordless Kit   as /class/input/input1
[   84.525337] input: USB HID v1.00 Keyboard [BTC USB Multimedia Cordless Kit  ] on usb-0000:00:04.0-2
[   84.538423] input: BTC USB Multimedia Cordless Kit   as /class/input/input2
[   84.546334] input,hiddev96: USB HID v1.00 Mouse [BTC USB Multimedia Cordless Kit  ] on usb-0000:00:04.0-2
[   84.546345] usbcore: registered new interface driver usbhid
[   84.546348] drivers/hid/usbhid/hid-core.c: v2.6:USB HID core driver
[   84.546729] usbcore: registered new interface driver libusual
[   84.549002] Initializing USB Mass Storage driver...
[   84.549617] scsi4 : SCSI emulation for USB Mass Storage devices
[   84.549983] usbcore: registered new interface driver usb-storage
[   84.549986] USB Mass Storage support registered.
[   84.550049] usb-storage: device found at 5
[   84.550050] usb-storage: waiting for device to settle before scanning
[   84.844763] ata3: SATA link up 1.5 Gbps (SStatus 113 SControl 300)
[   84.845851] ata3.00: ATAPI: TSSTcorp CDDVDW SH-S203N, SB01, max UDMA/100, ATAPI AN
[   84.997350] ata3.00: configured for UDMA/100
[   85.300946] ata4: SATA link down (SStatus 0 SControl 300)
[   85.301036] scsi 1:0:0:0: Direct-Access     ATA      WDC WD3200AAKS-0 12.0 PQ: 0 ANSI: 5
[   85.301667] scsi 2:0:0:0: CD-ROM            TSSTcorp CDDVDW SH-S203N  SB01 PQ: 0 ANSI: 5
[   85.301748] NFORCE-MCP73: IDE controller (0x10de:0x056c rev 0xa1) at  PCI slot 0000:00:08.0
[   85.301772] NFORCE-MCP73: not 100% native mode: will probe irqs later
[   85.301776] NFORCE-MCP73: 0000:00:08.0 (rev a1) UDMA133 controller
[   85.301781]     ide0: BM-DMA at 0xf000-0xf007, BIOS settings: hda:DMA, hdb:DMA
[   85.301786] NFORCE-MCP73: IDE port disabled
[   85.301789] Probing IDE interface ide0...
[   85.307804] Driver 'sd' needs updating - please use bus_type methods
[   85.307849] sd 1:0:0:0: [sda] 625142448 512-byte hardware sectors (320073 MB)
[   85.307857] sd 1:0:0:0: [sda] Write Protect is off
[   85.307858] sd 1:0:0:0: [sda] Mode Sense: 00 3a 00 00
[   85.307870] sd 1:0:0:0: [sda] Write cache: enabled, read cache: enabled, doesn't support DPO or FUA
[   85.307902] sd 1:0:0:0: [sda] 625142448 512-byte hardware sectors (320073 MB)
[   85.307908] sd 1:0:0:0: [sda] Write Protect is off
[   85.307910] sd 1:0:0:0: [sda] Mode Sense: 00 3a 00 00
[   85.307924] sd 1:0:0:0: [sda] Write cache: enabled, read cache: enabled, doesn't support DPO or FUA
[   85.307927]  sda: sda1 sda2 sda3 sda4 <<4>Driver 'sr' needs updating - please use bus_type methods
[   85.322642]  sda5 sda6 sda7 sda8 sda9 >
[   85.348854] sd 1:0:0:0: [sda] Attached SCSI disk
[   85.351787] sd 1:0:0:0: Attached scsi generic sg0 type 0
[   85.351801] sr 2:0:0:0: Attached scsi generic sg1 type 5
[   85.355251] sr0: scsi3-mmc drive: 48x/48x writer dvd-ram cd/rw xa/form2 cdda tray
[   85.355254] Uniform CD-ROM driver Revision: 3.20
[   85.355283] sr 2:0:0:0: Attached scsi CD-ROM sr0
[   85.621136] Attempting manual resume
[   85.621138] swsusp: Resume From Partition 8:2
[   85.621140] PM: Checking swsusp image.
[   85.665528] PM: Resume from disk failed.
[   85.668808] JFS: nTxBlock = 8192, nTxLock = 65536
[   85.819054] forcedeth: Reverse Engineered nForce ethernet driver. Version 0.61.
[   85.819356] ACPI: PCI Interrupt Link [APCH] enabled at IRQ 20
[   85.819362] ACPI: PCI Interrupt 0000:00:0f.0[A] -> Link [APCH] -> GSI 20 (level, low) -> IRQ 20
[   85.819366] PCI: Setting latency timer of device 0000:00:0f.0 to 64
[   86.330777] forcedeth 0000:00:0f.0: ifname eth0, PHY OUI 0x732 @ 1, addr 00:1a:4d:59:db:59
[   86.330780] forcedeth 0000:00:0f.0: highdma pwrctl mgmt timirq gbit lnktim msi desc-v3
[   89.540463] usb-storage: device scan complete
[   89.541082] scsi 4:0:0:0: Direct-Access     Generic  USB SD Reader    1.00 PQ: 0 ANSI: 0
[   89.542081] scsi 4:0:0:1: Direct-Access     Generic  USB CF Reader    1.01 PQ: 0 ANSI: 0
[   89.543080] scsi 4:0:0:2: Direct-Access     Generic  USB SM Reader    1.02 PQ: 0 ANSI: 0
[   89.544474] scsi 4:0:0:3: Direct-Access     Generic  USB MS Reader    1.03 PQ: 0 ANSI: 0
[   89.548098] sd 4:0:0:0: [sdb] Attached SCSI removable disk
[   89.548129] sd 4:0:0:0: Attached scsi generic sg2 type 0
[   89.550079] sd 4:0:0:1: [sdc] Attached SCSI removable disk
[   89.550102] sd 4:0:0:1: Attached scsi generic sg3 type 0
[   89.552078] sd 4:0:0:2: [sdd] Attached SCSI removable disk
[   89.552103] sd 4:0:0:2: Attached scsi generic sg4 type 0
[   89.555073] sd 4:0:0:3: [sde] Attached SCSI removable disk
[   89.555099] sd 4:0:0:3: Attached scsi generic sg5 type 0
[   89.917685] input: Power Button (FF) as /class/input/input3
[   89.930889] ACPI: Power Button (FF) [PWRF]
[   89.930935] input: Power Button (CM) as /class/input/input4
[   89.946858] ACPI: Power Button (CM) [PWRB]
[   90.358790] input: PC Speaker as /class/input/input5
[   90.538483] nvidia: module license 'NVIDIA' taints kernel.
[   90.717296] ACPI: PCI Interrupt Link [AAZA] enabled at IRQ 23
[   90.717300] ACPI: PCI Interrupt 0000:00:09.0[A] -> Link [AAZA] -> GSI 23 (level, low) -> IRQ 23
[   90.718224] PCI: Setting latency timer of device 0000:00:09.0 to 64
[   90.769350] hda_codec: Unknown model for ALC882, trying auto-probe from BIOS...
[   90.837690] ACPI: PCI Interrupt Link [AIGP] enabled at IRQ 22
[   90.837693] ACPI: PCI Interrupt 0000:00:10.0[A] -> Link [AIGP] -> GSI 22 (level, low) -> IRQ 22
[   90.837698] PCI: Setting latency timer of device 0000:00:10.0 to 64
[   90.837781] NVRM: loading NVIDIA UNIX x86_64 Kernel Module  169.09  Fri Jan 11 14:04:37 PST 2008
[   91.098364] usbcore: registered new interface driver snd-usb-audio
[   91.786114] it87: Found IT8718F chip at 0x290, revision 4
[   91.786124] it87: in3 is VCC (+5V)
[   91.790763] coretemp coretemp.0: Using undocumented features, absolute temperature might be wrong!
[   91.790795] coretemp coretemp.1: Using undocumented features, absolute temperature might be wrong!
[   91.837871] Adding 2000084k swap on /dev/sda2.  Priority:-1 extents:1 across:2000084k
[   92.257649] device-mapper: ioctl: 4.12.0-ioctl (2007-10-02) initialised: dm-devel@redhat.com
[   92.959304] kjournald starting.  Commit interval 5 seconds
[   92.967363] EXT3 FS on sda1, internal journal
[   92.967366] EXT3-fs: mounted filesystem with ordered data mode.
[   94.267461] No dock devices found.
[   97.281227] NET: Registered protocol family 10
[   97.281380] lo: Disabled Privacy Extensions
[  105.633591] Bluetooth: Core ver 2.11
[  105.633647] NET: Registered protocol family 31
[  105.633648] Bluetooth: HCI device and connection manager initialized
[  105.633651] Bluetooth: HCI socket layer initialized
[  105.641882] Bluetooth: L2CAP ver 2.9
[  105.641886] Bluetooth: L2CAP socket layer initialized
[  105.649888] Bluetooth: RFCOMM socket layer initialized
[  105.649901] Bluetooth: RFCOMM TTY layer initialized
[  105.649903] Bluetooth: RFCOMM ver 1.8
[  109.731886] NET: Registered protocol family 17
[  122.313358] eth0: no IPv6 routers present
#
# Automatically generated make config: don't edit
# Linux kernel version: 2.6.24.1
# Sat Feb  9 08:36:54 2008
#
CONFIG_64BIT=y
# CONFIG_X86_32 is not set
CONFIG_X86_64=y
CONFIG_X86=y
CONFIG_GENERIC_TIME=y
CONFIG_GENERIC_CMOS_UPDATE=y
CONFIG_CLOCKSOURCE_WATCHDOG=y
CONFIG_GENERIC_CLOCKEVENTS=y
CONFIG_GENERIC_CLOCKEVENTS_BROADCAST=y
CONFIG_LOCKDEP_SUPPORT=y
CONFIG_STACKTRACE_SUPPORT=y
CONFIG_SEMAPHORE_SLEEPERS=y
CONFIG_MMU=y
CONFIG_ZONE_DMA=y
# CONFIG_QUICKLIST is not set
CONFIG_GENERIC_ISA_DMA=y
CONFIG_GENERIC_IOMAP=y
CONFIG_GENERIC_BUG=y
CONFIG_GENERIC_HWEIGHT=y
CONFIG_ARCH_MAY_HAVE_PC_FDC=y
CONFIG_DMI=y
CONFIG_RWSEM_GENERIC_SPINLOCK=y
# CONFIG_RWSEM_XCHGADD_ALGORITHM is not set
# CONFIG_ARCH_HAS_ILOG2_U32 is not set
# CONFIG_ARCH_HAS_ILOG2_U64 is not set
CONFIG_GENERIC_CALIBRATE_DELAY=y
CONFIG_GENERIC_TIME_VSYSCALL=y
CONFIG_ARCH_SUPPORTS_OPROFILE=y
CONFIG_ZONE_DMA32=y
CONFIG_ARCH_POPULATES_NODE_MAP=y
CONFIG_AUDIT_ARCH=y
CONFIG_GENERIC_HARDIRQS=y
CONFIG_GENERIC_IRQ_PROBE=y
CONFIG_GENERIC_PENDING_IRQ=y
CONFIG_X86_HT=y
# CONFIG_KTIME_SCALAR is not set
CONFIG_DEFCONFIG_LIST="/lib/modules/$UNAME_RELEASE/.config"
#
# General setup
#
CONFIG_EXPERIMENTAL=y
CONFIG_LOCK_KERNEL=y
CONFIG_INIT_ENV_ARG_LIMIT=32
CONFIG_LOCALVERSION=""
# CONFIG_LOCALVERSION_AUTO is not set
CONFIG_SWAP=y
CONFIG_SYSVIPC=y
CONFIG_SYSVIPC_SYSCTL=y
CONFIG_POSIX_MQUEUE=y
CONFIG_BSD_PROCESS_ACCT=y
CONFIG_BSD_PROCESS_ACCT_V3=y
# CONFIG_TASKSTATS is not set
# CONFIG_USER_NS is not set
# CONFIG_PID_NS is not set
# CONFIG_AUDIT is not set
CONFIG_IKCONFIG=m
CONFIG_IKCONFIG_PROC=y
CONFIG_LOG_BUF_SHIFT=17
# CONFIG_CGROUPS is not set
CONFIG_FAIR_GROUP_SCHED=y
CONFIG_FAIR_USER_SCHED=y
# CONFIG_FAIR_CGROUP_SCHED is not set
CONFIG_SYSFS_DEPRECATED=y
CONFIG_RELAY=y
CONFIG_BLK_DEV_INITRD=y
CONFIG_INITRAMFS_SOURCE=""
# CONFIG_CC_OPTIMIZE_FOR_SIZE is not set
CONFIG_SYSCTL=y
# CONFIG_EMBEDDED is not set
CONFIG_UID16=y
CONFIG_SYSCTL_SYSCALL=y
CONFIG_KALLSYMS=y
CONFIG_KALLSYMS_ALL=y
# CONFIG_KALLSYMS_EXTRA_PASS is not set
CONFIG_HOTPLUG=y
CONFIG_PRINTK=y
CONFIG_BUG=y
CONFIG_ELF_CORE=y
CONFIG_BASE_FULL=y
CONFIG_FUTEX=y
CONFIG_ANON_INODES=y
CONFIG_EPOLL=y
CONFIG_SIGNALFD=y
CONFIG_EVENTFD=y
CONFIG_SHMEM=y
CONFIG_VM_EVENT_COUNTERS=y
CONFIG_SLUB_DEBUG=y
# CONFIG_SLAB is not set
CONFIG_SLUB=y
# CONFIG_SLOB is not set
CONFIG_SLABINFO=y
CONFIG_RT_MUTEXES=y
# CONFIG_TINY_SHMEM is not set
CONFIG_BASE_SMALL=0
CONFIG_MODULES=y
CONFIG_MODULE_UNLOAD=y
# CONFIG_MODULE_FORCE_UNLOAD is not set
# CONFIG_MODVERSIONS is not set
# CONFIG_MODULE_SRCVERSION_ALL is not set
CONFIG_KMOD=y
CONFIG_STOP_MACHINE=y
CONFIG_BLOCK=y
CONFIG_BLK_DEV_IO_TRACE=y
CONFIG_BLK_DEV_BSG=y
CONFIG_BLOCK_COMPAT=y
#
# IO Schedulers
#
CONFIG_IOSCHED_NOOP=y
CONFIG_IOSCHED_AS=y
CONFIG_IOSCHED_DEADLINE=y
CONFIG_IOSCHED_CFQ=y
# CONFIG_DEFAULT_AS is not set
# CONFIG_DEFAULT_DEADLINE is not set
CONFIG_DEFAULT_CFQ=y
# CONFIG_DEFAULT_NOOP is not set
CONFIG_DEFAULT_IOSCHED="cfq"
CONFIG_PREEMPT_NOTIFIERS=y
#
# Processor type and features
#
CONFIG_TICK_ONESHOT=y
CONFIG_NO_HZ=y
CONFIG_HIGH_RES_TIMERS=y
CONFIG_GENERIC_CLOCKEVENTS_BUILD=y
CONFIG_SMP=y
CONFIG_X86_PC=y
# CONFIG_X86_ELAN is not set
# CONFIG_X86_VOYAGER is not set
# CONFIG_X86_NUMAQ is not set
# CONFIG_X86_SUMMIT is not set
# CONFIG_X86_BIGSMP is not set
# CONFIG_X86_VISWS is not set
# CONFIG_X86_GENERICARCH is not set
# CONFIG_X86_ES7000 is not set
# CONFIG_X86_VSMP is not set
# CONFIG_M386 is not set
# CONFIG_M486 is not set
# CONFIG_M586 is not set
# CONFIG_M586TSC is not set
# CONFIG_M586MMX is not set
# CONFIG_M686 is not set
# CONFIG_MPENTIUMII is not set
# CONFIG_MPENTIUMIII is not set
# CONFIG_MPENTIUMM is not set
# CONFIG_MPENTIUM4 is not set
# CONFIG_MK6 is not set
# CONFIG_MK7 is not set
# CONFIG_MK8 is not set
# CONFIG_MCRUSOE is not set
# CONFIG_MEFFICEON is not set
# CONFIG_MWINCHIPC6 is not set
# CONFIG_MWINCHIP2 is not set
# CONFIG_MWINCHIP3D is not set
# CONFIG_MGEODEGX1 is not set
# CONFIG_MGEODE_LX is not set
# CONFIG_MCYRIXIII is not set
# CONFIG_MVIAC3_2 is not set
# CONFIG_MVIAC7 is not set
# CONFIG_MPSC is not set
CONFIG_MCORE2=y
# CONFIG_GENERIC_CPU is not set
CONFIG_X86_L1_CACHE_BYTES=64
CONFIG_X86_INTERNODE_CACHE_BYTES=64
CONFIG_X86_CMPXCHG=y
CONFIG_X86_L1_CACHE_SHIFT=6
CONFIG_X86_GOOD_APIC=y
CONFIG_X86_INTEL_USERCOPY=y
CONFIG_X86_USE_PPRO_CHECKSUM=y
CONFIG_X86_TSC=y
CONFIG_X86_MINIMUM_CPU_FAMILY=64
CONFIG_HPET_TIMER=y
CONFIG_HPET_EMULATE_RTC=y
CONFIG_GART_IOMMU=y
# CONFIG_CALGARY_IOMMU is not set
CONFIG_SWIOTLB=y
CONFIG_NR_CPUS=2
# CONFIG_SCHED_SMT is not set
CONFIG_SCHED_MC=y
# CONFIG_PREEMPT_NONE is not set
# CONFIG_PREEMPT_VOLUNTARY is not set
CONFIG_PREEMPT=y
CONFIG_PREEMPT_BKL=y
CONFIG_X86_LOCAL_APIC=y
CONFIG_X86_IO_APIC=y
CONFIG_X86_MCE=y
CONFIG_X86_MCE_INTEL=y
# CONFIG_X86_MCE_AMD is not set
CONFIG_MICROCODE=m
CONFIG_MICROCODE_OLD_INTERFACE=y
CONFIG_X86_MSR=m
CONFIG_X86_CPUID=m
# CONFIG_NUMA is not set
CONFIG_ARCH_FLATMEM_ENABLE=y
CONFIG_ARCH_SPARSEMEM_ENABLE=y
CONFIG_SELECT_MEMORY_MODEL=y
# CONFIG_FLATMEM_MANUAL is not set
# CONFIG_DISCONTIGMEM_MANUAL is not set
CONFIG_SPARSEMEM_MANUAL=y
CONFIG_SPARSEMEM=y
CONFIG_HAVE_MEMORY_PRESENT=y
# CONFIG_SPARSEMEM_STATIC is not set
CONFIG_SPARSEMEM_EXTREME=y
CONFIG_SPARSEMEM_VMEMMAP_ENABLE=y
CONFIG_SPARSEMEM_VMEMMAP=y
#
# Memory hotplug is currently incompatible with Software Suspend
#
CONFIG_SPLIT_PTLOCK_CPUS=4
CONFIG_RESOURCES_64BIT=y
CONFIG_ZONE_DMA_FLAG=1
CONFIG_BOUNCE=y
CONFIG_VIRT_TO_BUS=y
CONFIG_MTRR=y
CONFIG_SECCOMP=y
# CONFIG_CC_STACKPROTECTOR is not set
# CONFIG_HZ_100 is not set
# CONFIG_HZ_250 is not set
# CONFIG_HZ_300 is not set
CONFIG_HZ_1000=y
CONFIG_HZ=1000
# CONFIG_KEXEC is not set
# CONFIG_CRASH_DUMP is not set
CONFIG_PHYSICAL_START=0x200000
# CONFIG_RELOCATABLE is not set
CONFIG_PHYSICAL_ALIGN=0x200000
CONFIG_HOTPLUG_CPU=y
CONFIG_ARCH_ENABLE_MEMORY_HOTPLUG=y
#
# Power management options
#
CONFIG_ARCH_HIBERNATION_HEADER=y
CONFIG_PM=y
CONFIG_PM_LEGACY=y
CONFIG_PM_DEBUG=y
# CONFIG_PM_VERBOSE is not set
# CONFIG_PM_TRACE is not set
CONFIG_PM_SLEEP_SMP=y
CONFIG_PM_SLEEP=y
CONFIG_SUSPEND_SMP_POSSIBLE=y
CONFIG_SUSPEND=y
CONFIG_HIBERNATION_SMP_POSSIBLE=y
CONFIG_HIBERNATION=y
CONFIG_PM_STD_PARTITION=""
CONFIG_ACPI=y
CONFIG_ACPI_SLEEP=y
CONFIG_ACPI_PROCFS=y
CONFIG_ACPI_PROCFS_POWER=y
CONFIG_ACPI_SYSFS_POWER=y
CONFIG_ACPI_PROC_EVENT=y
CONFIG_ACPI_AC=m
CONFIG_ACPI_BATTERY=m
CONFIG_ACPI_BUTTON=m
CONFIG_ACPI_FAN=m
CONFIG_ACPI_DOCK=m
CONFIG_ACPI_BAY=m
CONFIG_ACPI_PROCESSOR=m
CONFIG_ACPI_HOTPLUG_CPU=y
CONFIG_ACPI_THERMAL=m
# CONFIG_ACPI_ASUS is not set
# CONFIG_ACPI_TOSHIBA is not set
CONFIG_ACPI_BLACKLIST_YEAR=0
# CONFIG_ACPI_DEBUG is not set
CONFIG_ACPI_EC=y
CONFIG_ACPI_POWER=y
CONFIG_ACPI_SYSTEM=y
CONFIG_X86_PM_TIMER=y
CONFIG_ACPI_CONTAINER=m
# CONFIG_ACPI_SBS is not set
#
# CPU Frequency scaling
#
CONFIG_CPU_FREQ=y
CONFIG_CPU_FREQ_TABLE=y
# CONFIG_CPU_FREQ_DEBUG is not set
CONFIG_CPU_FREQ_STAT=m
CONFIG_CPU_FREQ_STAT_DETAILS=y
# CONFIG_CPU_FREQ_DEFAULT_GOV_PERFORMANCE is not set
# CONFIG_CPU_FREQ_DEFAULT_GOV_USERSPACE is not set
CONFIG_CPU_FREQ_DEFAULT_GOV_ONDEMAND=y
# CONFIG_CPU_FREQ_DEFAULT_GOV_CONSERVATIVE is not set
CONFIG_CPU_FREQ_GOV_PERFORMANCE=y
CONFIG_CPU_FREQ_GOV_POWERSAVE=m
CONFIG_CPU_FREQ_GOV_USERSPACE=m
CONFIG_CPU_FREQ_GOV_ONDEMAND=y
CONFIG_CPU_FREQ_GOV_CONSERVATIVE=m
#
# CPUFreq processor drivers
#
CONFIG_X86_ACPI_CPUFREQ=m
# CONFIG_X86_POWERNOW_K8 is not set
# CONFIG_X86_SPEEDSTEP_CENTRINO is not set
# CONFIG_X86_P4_CLOCKMOD is not set
#
# shared options
#
# CONFIG_X86_ACPI_CPUFREQ_PROC_INTF is not set
# CONFIG_X86_SPEEDSTEP_LIB is not set
CONFIG_CPU_IDLE=y
CONFIG_CPU_IDLE_GOV_LADDER=y
CONFIG_CPU_IDLE_GOV_MENU=y
#
# Bus options (PCI etc.)
#
CONFIG_PCI=y
CONFIG_PCI_DIRECT=y
CONFIG_PCI_MMCONFIG=y
CONFIG_PCI_DOMAINS=y
# CONFIG_DMAR is not set
CONFIG_PCIEPORTBUS=y
CONFIG_PCIEAER=y
CONFIG_ARCH_SUPPORTS_MSI=y
CONFIG_PCI_MSI=y
CONFIG_PCI_LEGACY=y
# CONFIG_PCI_DEBUG is not set
# CONFIG_HT_IRQ is not set
CONFIG_ISA_DMA_API=y
CONFIG_K8_NB=y
# CONFIG_PCCARD is not set
# CONFIG_HOTPLUG_PCI is not set
#
# Executable file formats / Emulations
#
CONFIG_BINFMT_ELF=y
CONFIG_BINFMT_MISC=m
CONFIG_IA32_EMULATION=y
# CONFIG_IA32_AOUT is not set
CONFIG_COMPAT=y
CONFIG_COMPAT_FOR_U64_ALIGNMENT=y
CONFIG_SYSVIPC_COMPAT=y
#
# Networking
#
CONFIG_NET=y
#
# Networking options
#
CONFIG_PACKET=m
CONFIG_PACKET_MMAP=y
CONFIG_UNIX=y
CONFIG_XFRM=y
# CONFIG_XFRM_USER is not set
# CONFIG_XFRM_SUB_POLICY is not set
# CONFIG_XFRM_MIGRATE is not set
CONFIG_NET_KEY=m
# CONFIG_NET_KEY_MIGRATE is not set
CONFIG_INET=y
# CONFIG_IP_MULTICAST is not set
CONFIG_IP_ADVANCED_ROUTER=y
CONFIG_ASK_IP_FIB_HASH=y
# CONFIG_IP_FIB_TRIE is not set
CONFIG_IP_FIB_HASH=y
CONFIG_IP_MULTIPLE_TABLES=y
CONFIG_IP_ROUTE_MULTIPATH=y
CONFIG_IP_ROUTE_VERBOSE=y
# CONFIG_IP_PNP is not set
# CONFIG_NET_IPIP is not set
# CONFIG_NET_IPGRE is not set
# CONFIG_ARPD is not set
CONFIG_SYN_COOKIES=y
CONFIG_INET_AH=m
CONFIG_INET_ESP=m
CONFIG_INET_IPCOMP=m
CONFIG_INET_XFRM_TUNNEL=m
CONFIG_INET_TUNNEL=m
CONFIG_INET_XFRM_MODE_TRANSPORT=m
CONFIG_INET_XFRM_MODE_TUNNEL=m
CONFIG_INET_XFRM_MODE_BEET=m
CONFIG_INET_LRO=y
CONFIG_INET_DIAG=y
CONFIG_INET_TCP_DIAG=y
# CONFIG_TCP_CONG_ADVANCED is not set
CONFIG_TCP_CONG_CUBIC=y
CONFIG_DEFAULT_TCP_CONG="cubic"
# CONFIG_TCP_MD5SIG is not set
# CONFIG_IP_VS is not set
CONFIG_IPV6=m
CONFIG_IPV6_PRIVACY=y
# CONFIG_IPV6_ROUTER_PREF is not set
# CONFIG_IPV6_OPTIMISTIC_DAD is not set
CONFIG_INET6_AH=m
CONFIG_INET6_ESP=m
CONFIG_INET6_IPCOMP=m
# CONFIG_IPV6_MIP6 is not set
CONFIG_INET6_XFRM_TUNNEL=m
CONFIG_INET6_TUNNEL=m
CONFIG_INET6_XFRM_MODE_TRANSPORT=m
CONFIG_INET6_XFRM_MODE_TUNNEL=m
CONFIG_INET6_XFRM_MODE_BEET=m
CONFIG_INET6_XFRM_MODE_ROUTEOPTIMIZATION=m
CONFIG_IPV6_SIT=m
CONFIG_IPV6_TUNNEL=m
# CONFIG_IPV6_MULTIPLE_TABLES is not set
# CONFIG_NETLABEL is not set
# CONFIG_NETWORK_SECMARK is not set
CONFIG_NETFILTER=y
# CONFIG_NETFILTER_DEBUG is not set
CONFIG_BRIDGE_NETFILTER=y
#
# Core Netfilter Configuration
#
CONFIG_NETFILTER_NETLINK=m
CONFIG_NETFILTER_NETLINK_QUEUE=m
CONFIG_NETFILTER_NETLINK_LOG=m
CONFIG_NF_CONNTRACK_ENABLED=m
CONFIG_NF_CONNTRACK=m
CONFIG_NF_CT_ACCT=y
CONFIG_NF_CONNTRACK_MARK=y
CONFIG_NF_CONNTRACK_EVENTS=y
CONFIG_NF_CT_PROTO_GRE=m
CONFIG_NF_CT_PROTO_SCTP=m
# CONFIG_NF_CT_PROTO_UDPLITE is not set
CONFIG_NF_CONNTRACK_AMANDA=m
CONFIG_NF_CONNTRACK_FTP=m
CONFIG_NF_CONNTRACK_H323=m
CONFIG_NF_CONNTRACK_IRC=m
CONFIG_NF_CONNTRACK_NETBIOS_NS=m
CONFIG_NF_CONNTRACK_PPTP=m
# CONFIG_NF_CONNTRACK_SANE is not set
CONFIG_NF_CONNTRACK_SIP=m
CONFIG_NF_CONNTRACK_TFTP=m
CONFIG_NF_CT_NETLINK=m
CONFIG_NETFILTER_XTABLES=m
CONFIG_NETFILTER_XT_TARGET_CLASSIFY=m
CONFIG_NETFILTER_XT_TARGET_CONNMARK=m
CONFIG_NETFILTER_XT_TARGET_DSCP=m
CONFIG_NETFILTER_XT_TARGET_MARK=m
CONFIG_NETFILTER_XT_TARGET_NFQUEUE=m
CONFIG_NETFILTER_XT_TARGET_NFLOG=m
CONFIG_NETFILTER_XT_TARGET_NOTRACK=m
CONFIG_NETFILTER_XT_TARGET_TRACE=m
CONFIG_NETFILTER_XT_TARGET_TCPMSS=m
CONFIG_NETFILTER_XT_MATCH_COMMENT=m
CONFIG_NETFILTER_XT_MATCH_CONNBYTES=m
CONFIG_NETFILTER_XT_MATCH_CONNLIMIT=m
CONFIG_NETFILTER_XT_MATCH_CONNMARK=m
CONFIG_NETFILTER_XT_MATCH_CONNTRACK=m
CONFIG_NETFILTER_XT_MATCH_DCCP=m
CONFIG_NETFILTER_XT_MATCH_DSCP=m
CONFIG_NETFILTER_XT_MATCH_ESP=m
CONFIG_NETFILTER_XT_MATCH_HELPER=m
CONFIG_NETFILTER_XT_MATCH_LENGTH=m
CONFIG_NETFILTER_XT_MATCH_LIMIT=m
CONFIG_NETFILTER_XT_MATCH_MAC=m
CONFIG_NETFILTER_XT_MATCH_MARK=m
CONFIG_NETFILTER_XT_MATCH_POLICY=m
CONFIG_NETFILTER_XT_MATCH_MULTIPORT=m
CONFIG_NETFILTER_XT_MATCH_PHYSDEV=m
CONFIG_NETFILTER_XT_MATCH_PKTTYPE=m
CONFIG_NETFILTER_XT_MATCH_QUOTA=m
CONFIG_NETFILTER_XT_MATCH_REALM=m
CONFIG_NETFILTER_XT_MATCH_SCTP=m
CONFIG_NETFILTER_XT_MATCH_STATE=m
CONFIG_NETFILTER_XT_MATCH_STATISTIC=m
CONFIG_NETFILTER_XT_MATCH_STRING=m
CONFIG_NETFILTER_XT_MATCH_TCPMSS=m
CONFIG_NETFILTER_XT_MATCH_TIME=m
CONFIG_NETFILTER_XT_MATCH_U32=m
CONFIG_NETFILTER_XT_MATCH_HASHLIMIT=m
#
# IP: Netfilter Configuration
#
CONFIG_NF_CONNTRACK_IPV4=m
CONFIG_NF_CONNTRACK_PROC_COMPAT=y
CONFIG_IP_NF_QUEUE=m
CONFIG_IP_NF_IPTABLES=m
CONFIG_IP_NF_MATCH_IPRANGE=m
CONFIG_IP_NF_MATCH_TOS=m
CONFIG_IP_NF_MATCH_RECENT=m
CONFIG_IP_NF_MATCH_ECN=m
CONFIG_IP_NF_MATCH_AH=m
CONFIG_IP_NF_MATCH_TTL=m
CONFIG_IP_NF_MATCH_OWNER=m
CONFIG_IP_NF_MATCH_ADDRTYPE=m
CONFIG_IP_NF_FILTER=m
CONFIG_IP_NF_TARGET_REJECT=m
CONFIG_IP_NF_TARGET_LOG=m
CONFIG_IP_NF_TARGET_ULOG=m
CONFIG_NF_NAT=m
CONFIG_NF_NAT_NEEDED=y
CONFIG_IP_NF_TARGET_MASQUERADE=m
CONFIG_IP_NF_TARGET_REDIRECT=m
CONFIG_IP_NF_TARGET_NETMAP=m
CONFIG_IP_NF_TARGET_SAME=m
CONFIG_NF_NAT_SNMP_BASIC=m
CONFIG_NF_NAT_PROTO_GRE=m
CONFIG_NF_NAT_FTP=m
CONFIG_NF_NAT_IRC=m
CONFIG_NF_NAT_TFTP=m
CONFIG_NF_NAT_AMANDA=m
CONFIG_NF_NAT_PPTP=m
CONFIG_NF_NAT_H323=m
CONFIG_NF_NAT_SIP=m
CONFIG_IP_NF_MANGLE=m
CONFIG_IP_NF_TARGET_TOS=m
CONFIG_IP_NF_TARGET_ECN=m
CONFIG_IP_NF_TARGET_TTL=m
CONFIG_IP_NF_TARGET_CLUSTERIP=m
CONFIG_IP_NF_RAW=m
CONFIG_IP_NF_ARPTABLES=m
CONFIG_IP_NF_ARPFILTER=m
CONFIG_IP_NF_ARP_MANGLE=m
#
# IPv6: Netfilter Configuration (EXPERIMENTAL)
#
CONFIG_NF_CONNTRACK_IPV6=m
CONFIG_IP6_NF_QUEUE=m
CONFIG_IP6_NF_IPTABLES=m
CONFIG_IP6_NF_MATCH_RT=m
CONFIG_IP6_NF_MATCH_OPTS=m
CONFIG_IP6_NF_MATCH_FRAG=m
CONFIG_IP6_NF_MATCH_HL=m
CONFIG_IP6_NF_MATCH_OWNER=m
CONFIG_IP6_NF_MATCH_IPV6HEADER=m
CONFIG_IP6_NF_MATCH_AH=m
CONFIG_IP6_NF_MATCH_MH=m
CONFIG_IP6_NF_MATCH_EUI64=m
CONFIG_IP6_NF_FILTER=m
CONFIG_IP6_NF_TARGET_LOG=m
CONFIG_IP6_NF_TARGET_REJECT=m
CONFIG_IP6_NF_MANGLE=m
CONFIG_IP6_NF_TARGET_HL=m
CONFIG_IP6_NF_RAW=m
#
# Bridge: Netfilter Configuration
#
CONFIG_BRIDGE_NF_EBTABLES=m
CONFIG_BRIDGE_EBT_BROUTE=m
CONFIG_BRIDGE_EBT_T_FILTER=m
CONFIG_BRIDGE_EBT_T_NAT=m
CONFIG_BRIDGE_EBT_802_3=m
CONFIG_BRIDGE_EBT_AMONG=m
CONFIG_BRIDGE_EBT_ARP=m
CONFIG_BRIDGE_EBT_IP=m
CONFIG_BRIDGE_EBT_LIMIT=m
CONFIG_BRIDGE_EBT_MARK=m
CONFIG_BRIDGE_EBT_PKTTYPE=m
CONFIG_BRIDGE_EBT_STP=m
CONFIG_BRIDGE_EBT_VLAN=m
CONFIG_BRIDGE_EBT_ARPREPLY=m
CONFIG_BRIDGE_EBT_DNAT=m
CONFIG_BRIDGE_EBT_MARK_T=m
CONFIG_BRIDGE_EBT_REDIRECT=m
CONFIG_BRIDGE_EBT_SNAT=m
CONFIG_BRIDGE_EBT_LOG=m
CONFIG_BRIDGE_EBT_ULOG=m
# CONFIG_IP_DCCP is not set
CONFIG_IP_SCTP=m
# CONFIG_SCTP_DBG_MSG is not set
# CONFIG_SCTP_DBG_OBJCNT is not set
# CONFIG_SCTP_HMAC_NONE is not set
# CONFIG_SCTP_HMAC_SHA1 is not set
CONFIG_SCTP_HMAC_MD5=y
# CONFIG_TIPC is not set
# CONFIG_ATM is not set
CONFIG_BRIDGE=m
CONFIG_VLAN_8021Q=m
# CONFIG_DECNET is not set
CONFIG_LLC=m
# CONFIG_LLC2 is not set
# CONFIG_IPX is not set
# CONFIG_ATALK is not set
# CONFIG_X25 is not set
# CONFIG_LAPB is not set
# CONFIG_ECONET is not set
# CONFIG_WAN_ROUTER is not set
CONFIG_NET_SCHED=y
#
# Queueing/Scheduling
#
CONFIG_NET_SCH_CBQ=m
CONFIG_NET_SCH_HTB=m
CONFIG_NET_SCH_HFSC=m
CONFIG_NET_SCH_PRIO=m
CONFIG_NET_SCH_RR=m
CONFIG_NET_SCH_RED=m
CONFIG_NET_SCH_SFQ=m
CONFIG_NET_SCH_TEQL=m
CONFIG_NET_SCH_TBF=m
CONFIG_NET_SCH_GRED=m
CONFIG_NET_SCH_DSMARK=m
CONFIG_NET_SCH_NETEM=m
CONFIG_NET_SCH_INGRESS=m
#
# Classification
#
CONFIG_NET_CLS=y
CONFIG_NET_CLS_BASIC=m
CONFIG_NET_CLS_TCINDEX=m
CONFIG_NET_CLS_ROUTE4=m
CONFIG_NET_CLS_ROUTE=y
CONFIG_NET_CLS_FW=m
CONFIG_NET_CLS_U32=m
# CONFIG_CLS_U32_PERF is not set
CONFIG_CLS_U32_MARK=y
CONFIG_NET_CLS_RSVP=m
CONFIG_NET_CLS_RSVP6=m
CONFIG_NET_EMATCH=y
CONFIG_NET_EMATCH_STACK=32
CONFIG_NET_EMATCH_CMP=m
CONFIG_NET_EMATCH_NBYTE=m
CONFIG_NET_EMATCH_U32=m
CONFIG_NET_EMATCH_META=m
CONFIG_NET_EMATCH_TEXT=m
CONFIG_NET_CLS_ACT=y
CONFIG_NET_ACT_POLICE=m
CONFIG_NET_ACT_GACT=m
CONFIG_GACT_PROB=y
CONFIG_NET_ACT_MIRRED=m
CONFIG_NET_ACT_IPT=m
CONFIG_NET_ACT_NAT=m
CONFIG_NET_ACT_PEDIT=m
CONFIG_NET_ACT_SIMP=m
# CONFIG_NET_CLS_POLICE is not set
# CONFIG_NET_CLS_IND is not set
CONFIG_NET_SCH_FIFO=y
#
# Network testing
#
# CONFIG_NET_PKTGEN is not set
# CONFIG_HAMRADIO is not set
CONFIG_IRDA=m
#
# IrDA protocols
#
CONFIG_IRLAN=m
CONFIG_IRNET=m
CONFIG_IRCOMM=m
CONFIG_IRDA_ULTRA=y
#
# IrDA options
#
CONFIG_IRDA_CACHE_LAST_LSAP=y
CONFIG_IRDA_FAST_RR=y
CONFIG_IRDA_DEBUG=y
#
# Infrared-port device drivers
#
#
# SIR device drivers
#
CONFIG_IRTTY_SIR=m
#
# Dongle support
#
CONFIG_DONGLE=y
CONFIG_ESI_DONGLE=m
CONFIG_ACTISYS_DONGLE=m
CONFIG_TEKRAM_DONGLE=m
# CONFIG_TOIM3232_DONGLE is not set
CONFIG_LITELINK_DONGLE=m
CONFIG_MA600_DONGLE=m
CONFIG_GIRBIL_DONGLE=m
CONFIG_MCP2120_DONGLE=m
CONFIG_OLD_BELKIN_DONGLE=m
CONFIG_ACT200L_DONGLE=m
CONFIG_KINGSUN_DONGLE=m
CONFIG_KSDAZZLE_DONGLE=m
CONFIG_KS959_DONGLE=m
#
# Old SIR device drivers
#
#
# Old Serial dongle support
#
#
# FIR device drivers
#
CONFIG_USB_IRDA=m
CONFIG_SIGMATEL_FIR=m
CONFIG_NSC_FIR=m
CONFIG_WINBOND_FIR=m
CONFIG_SMC_IRCC_FIR=m
CONFIG_ALI_FIR=m
CONFIG_VLSI_FIR=m
CONFIG_VIA_FIR=m
CONFIG_MCS_FIR=m
CONFIG_BT=m
CONFIG_BT_L2CAP=m
CONFIG_BT_SCO=m
CONFIG_BT_RFCOMM=m
CONFIG_BT_RFCOMM_TTY=y
CONFIG_BT_BNEP=m
CONFIG_BT_BNEP_MC_FILTER=y
CONFIG_BT_BNEP_PROTO_FILTER=y
CONFIG_BT_HIDP=m
#
# Bluetooth device drivers
#
CONFIG_BT_HCIUSB=m
CONFIG_BT_HCIUSB_SCO=y
CONFIG_BT_HCIUART=m
CONFIG_BT_HCIUART_H4=y
CONFIG_BT_HCIUART_BCSP=y
CONFIG_BT_HCIUART_LL=y
CONFIG_BT_HCIBCM203X=m
CONFIG_BT_HCIBPA10X=m
CONFIG_BT_HCIBFUSB=m
CONFIG_BT_HCIVHCI=m
# CONFIG_AF_RXRPC is not set
CONFIG_FIB_RULES=y
#
# Wireless
#
CONFIG_CFG80211=m
CONFIG_NL80211=y
CONFIG_WIRELESS_EXT=y
CONFIG_MAC80211=m
CONFIG_MAC80211_RCSIMPLE=y
CONFIG_MAC80211_LEDS=y
CONFIG_MAC80211_DEBUGFS=y
# CONFIG_MAC80211_DEBUG is not set
CONFIG_IEEE80211=m
# CONFIG_IEEE80211_DEBUG is not set
CONFIG_IEEE80211_CRYPT_WEP=m
CONFIG_IEEE80211_CRYPT_CCMP=m
CONFIG_IEEE80211_CRYPT_TKIP=m
CONFIG_IEEE80211_SOFTMAC=m
# CONFIG_IEEE80211_SOFTMAC_DEBUG is not set
CONFIG_RFKILL=m
CONFIG_RFKILL_INPUT=m
CONFIG_RFKILL_LEDS=y
# CONFIG_NET_9P is not set
#
# Device Drivers
#
#
# Generic Driver Options
#
CONFIG_UEVENT_HELPER_PATH="/sbin/hotplug"
CONFIG_STANDALONE=y
CONFIG_PREVENT_FIRMWARE_BUILD=y
CONFIG_FW_LOADER=y
# CONFIG_DEBUG_DRIVER is not set
# CONFIG_DEBUG_DEVRES is not set
# CONFIG_SYS_HYPERVISOR is not set
CONFIG_CONNECTOR=m
# CONFIG_MTD is not set
# CONFIG_PARPORT is not set
CONFIG_PNP=y
# CONFIG_PNP_DEBUG is not set
#
# Protocols
#
CONFIG_PNPACPI=y
CONFIG_BLK_DEV=y
# CONFIG_BLK_DEV_FD is not set
# CONFIG_BLK_CPQ_DA is not set
# CONFIG_BLK_CPQ_CISS_DA is not set
# CONFIG_BLK_DEV_DAC960 is not set
# CONFIG_BLK_DEV_UMEM is not set
# CONFIG_BLK_DEV_COW_COMMON is not set
CONFIG_BLK_DEV_LOOP=m
CONFIG_BLK_DEV_CRYPTOLOOP=m
CONFIG_BLK_DEV_NBD=m
# CONFIG_BLK_DEV_SX8 is not set
# CONFIG_BLK_DEV_UB is not set
CONFIG_BLK_DEV_RAM=y
CONFIG_BLK_DEV_RAM_COUNT=16
CONFIG_BLK_DEV_RAM_SIZE=65536
CONFIG_BLK_DEV_RAM_BLOCKSIZE=1024
CONFIG_CDROM_PKTCDVD=m
CONFIG_CDROM_PKTCDVD_BUFFERS=8
# CONFIG_CDROM_PKTCDVD_WCACHE is not set
CONFIG_ATA_OVER_ETH=m
CONFIG_MISC_DEVICES=y
# CONFIG_IBM_ASM is not set
# CONFIG_PHANTOM is not set
CONFIG_EEPROM_93CX6=m
# CONFIG_SGI_IOC4 is not set
CONFIG_TIFM_CORE=m
# CONFIG_TIFM_7XX1 is not set
# CONFIG_ASUS_LAPTOP is not set
# CONFIG_FUJITSU_LAPTOP is not set
# CONFIG_MSI_LAPTOP is not set
# CONFIG_SONY_LAPTOP is not set
# CONFIG_THINKPAD_ACPI is not set
CONFIG_IDE=y
CONFIG_BLK_DEV_IDE=m
#
# Please see Documentation/ide.txt for help/info on IDE drives
#
# CONFIG_BLK_DEV_IDE_SATA is not set
# CONFIG_BLK_DEV_HD_IDE is not set
CONFIG_BLK_DEV_IDEDISK=m
# CONFIG_IDEDISK_MULTI_MODE is not set
CONFIG_BLK_DEV_IDECD=m
# CONFIG_BLK_DEV_IDETAPE is not set
# CONFIG_BLK_DEV_IDEFLOPPY is not set
CONFIG_BLK_DEV_IDESCSI=m
CONFIG_BLK_DEV_IDEACPI=y
# CONFIG_IDE_TASK_IOCTL is not set
CONFIG_IDE_PROC_FS=y
#
# IDE chipset support/bugfixes
#
# CONFIG_IDE_GENERIC is not set
# CONFIG_BLK_DEV_PLATFORM is not set
# CONFIG_BLK_DEV_CMD640 is not set
# CONFIG_BLK_DEV_IDEPNP is not set
#
# PCI IDE chipsets support
#
CONFIG_BLK_DEV_IDEPCI=y
CONFIG_IDEPCI_SHARE_IRQ=y
# CONFIG_IDEPCI_PCIBUS_ORDER is not set
# CONFIG_BLK_DEV_GENERIC is not set
# CONFIG_BLK_DEV_OPTI621 is not set
# CONFIG_BLK_DEV_RZ1000 is not set
CONFIG_BLK_DEV_IDEDMA_PCI=y
# CONFIG_BLK_DEV_AEC62XX is not set
# CONFIG_BLK_DEV_ALI15X3 is not set
CONFIG_BLK_DEV_AMD74XX=m
# CONFIG_BLK_DEV_ATIIXP is not set
# CONFIG_BLK_DEV_CMD64X is not set
# CONFIG_BLK_DEV_TRIFLEX is not set
# CONFIG_BLK_DEV_CY82C693 is not set
# CONFIG_BLK_DEV_CS5520 is not set
# CONFIG_BLK_DEV_CS5530 is not set
# CONFIG_BLK_DEV_HPT34X is not set
# CONFIG_BLK_DEV_HPT366 is not set
# CONFIG_BLK_DEV_JMICRON is not set
# CONFIG_BLK_DEV_SC1200 is not set
# CONFIG_BLK_DEV_PIIX is not set
# CONFIG_BLK_DEV_IT8213 is not set
# CONFIG_BLK_DEV_IT821X is not set
# CONFIG_BLK_DEV_NS87415 is not set
# CONFIG_BLK_DEV_PDC202XX_OLD is not set
# CONFIG_BLK_DEV_PDC202XX_NEW is not set
# CONFIG_BLK_DEV_SVWKS is not set
# CONFIG_BLK_DEV_SIIMAGE is not set
# CONFIG_BLK_DEV_SIS5513 is not set
# CONFIG_BLK_DEV_SLC90E66 is not set
# CONFIG_BLK_DEV_TRM290 is not set
# CONFIG_BLK_DEV_VIA82CXXX is not set
# CONFIG_BLK_DEV_TC86C001 is not set
# CONFIG_IDE_ARM is not set
CONFIG_BLK_DEV_IDEDMA=y
CONFIG_IDE_ARCH_OBSOLETE_INIT=y
# CONFIG_BLK_DEV_HD is not set
#
# SCSI device support
#
CONFIG_RAID_ATTRS=m
CONFIG_SCSI=m
CONFIG_SCSI_DMA=y
CONFIG_SCSI_TGT=m
# CONFIG_SCSI_NETLINK is not set
CONFIG_SCSI_PROC_FS=y
#
# SCSI support type (disk, tape, CD-ROM)
#
CONFIG_BLK_DEV_SD=m
CONFIG_CHR_DEV_ST=m
CONFIG_CHR_DEV_OSST=m
CONFIG_BLK_DEV_SR=m
# CONFIG_BLK_DEV_SR_VENDOR is not set
CONFIG_CHR_DEV_SG=m
CONFIG_CHR_DEV_SCH=m
#
# Some SCSI devices (e.g. CD jukebox) support multiple LUNs
#
CONFIG_SCSI_MULTI_LUN=y
CONFIG_SCSI_CONSTANTS=y
CONFIG_SCSI_LOGGING=y
CONFIG_SCSI_SCAN_ASYNC=y
CONFIG_SCSI_WAIT_SCAN=m
#
# SCSI Transports
#
CONFIG_SCSI_SPI_ATTRS=m
# CONFIG_SCSI_FC_ATTRS is not set
CONFIG_SCSI_ISCSI_ATTRS=m
# CONFIG_SCSI_SAS_ATTRS is not set
# CONFIG_SCSI_SAS_LIBSAS is not set
CONFIG_SCSI_SRP_ATTRS=m
# CONFIG_SCSI_SRP_TGT_ATTRS is not set
CONFIG_SCSI_LOWLEVEL=y
CONFIG_ISCSI_TCP=m
# CONFIG_BLK_DEV_3W_XXXX_RAID is not set
# CONFIG_SCSI_3W_9XXX is not set
# CONFIG_SCSI_ACARD is not set
# CONFIG_SCSI_AACRAID is not set
# CONFIG_SCSI_AIC7XXX is not set
# CONFIG_SCSI_AIC7XXX_OLD is not set
# CONFIG_SCSI_AIC79XX is not set
# CONFIG_SCSI_AIC94XX is not set
# CONFIG_SCSI_ADVANSYS is not set
# CONFIG_SCSI_ARCMSR is not set
# CONFIG_MEGARAID_NEWGEN is not set
# CONFIG_MEGARAID_LEGACY is not set
# CONFIG_MEGARAID_SAS is not set
# CONFIG_SCSI_HPTIOP is not set
# CONFIG_SCSI_BUSLOGIC is not set
# CONFIG_SCSI_DMX3191D is not set
# CONFIG_SCSI_EATA is not set
# CONFIG_SCSI_FUTURE_DOMAIN is not set
# CONFIG_SCSI_GDTH is not set
# CONFIG_SCSI_IPS is not set
# CONFIG_SCSI_INITIO is not set
# CONFIG_SCSI_INIA100 is not set
# CONFIG_SCSI_STEX is not set
# CONFIG_SCSI_SYM53C8XX_2 is not set
# CONFIG_SCSI_IPR is not set
# CONFIG_SCSI_QLOGIC_1280 is not set
# CONFIG_SCSI_QLA_FC is not set
# CONFIG_SCSI_QLA_ISCSI is not set
# CONFIG_SCSI_LPFC is not set
# CONFIG_SCSI_DC395x is not set
# CONFIG_SCSI_DC390T is not set
# CONFIG_SCSI_DEBUG is not set
# CONFIG_SCSI_SRP is not set
CONFIG_ATA=m
# CONFIG_ATA_NONSTANDARD is not set
CONFIG_ATA_ACPI=y
CONFIG_SATA_AHCI=m
# CONFIG_SATA_SVW is not set
# CONFIG_ATA_PIIX is not set
# CONFIG_SATA_MV is not set
CONFIG_SATA_NV=m
# CONFIG_PDC_ADMA is not set
# CONFIG_SATA_QSTOR is not set
# CONFIG_SATA_PROMISE is not set
# CONFIG_SATA_SX4 is not set
# CONFIG_SATA_SIL is not set
# CONFIG_SATA_SIL24 is not set
# CONFIG_SATA_SIS is not set
# CONFIG_SATA_ULI is not set
# CONFIG_SATA_VIA is not set
# CONFIG_SATA_VITESSE is not set
# CONFIG_SATA_INIC162X is not set
# CONFIG_PATA_ACPI is not set
# CONFIG_PATA_ALI is not set
# CONFIG_PATA_AMD is not set
# CONFIG_PATA_ARTOP is not set
# CONFIG_PATA_ATIIXP is not set
# CONFIG_PATA_CMD640_PCI is not set
# CONFIG_PATA_CMD64X is not set
# CONFIG_PATA_CS5520 is not set
# CONFIG_PATA_CS5530 is not set
# CONFIG_PATA_CYPRESS is not set
# CONFIG_PATA_EFAR is not set
CONFIG_ATA_GENERIC=m
# CONFIG_PATA_HPT366 is not set
# CONFIG_PATA_HPT37X is not set
# CONFIG_PATA_HPT3X2N is not set
# CONFIG_PATA_HPT3X3 is not set
# CONFIG_PATA_IT821X is not set
# CONFIG_PATA_IT8213 is not set
# CONFIG_PATA_JMICRON is not set
# CONFIG_PATA_TRIFLEX is not set
# CONFIG_PATA_MARVELL is not set
# CONFIG_PATA_MPIIX is not set
# CONFIG_PATA_OLDPIIX is not set
# CONFIG_PATA_NETCELL is not set
# CONFIG_PATA_NS87410 is not set
# CONFIG_PATA_NS87415 is not set
# CONFIG_PATA_OPTI is not set
# CONFIG_PATA_OPTIDMA is not set
# CONFIG_PATA_PDC_OLD is not set
# CONFIG_PATA_RADISYS is not set
# CONFIG_PATA_RZ1000 is not set
# CONFIG_PATA_SC1200 is not set
# CONFIG_PATA_SERVERWORKS is not set
# CONFIG_PATA_PDC2027X is not set
# CONFIG_PATA_SIL680 is not set
# CONFIG_PATA_SIS is not set
# CONFIG_PATA_VIA is not set
# CONFIG_PATA_WINBOND is not set
CONFIG_MD=y
CONFIG_BLK_DEV_MD=m
CONFIG_MD_LINEAR=m
CONFIG_MD_RAID0=m
CONFIG_MD_RAID1=m
CONFIG_MD_RAID10=m
CONFIG_MD_RAID456=m
CONFIG_MD_RAID5_RESHAPE=y
CONFIG_MD_MULTIPATH=m
CONFIG_MD_FAULTY=m
CONFIG_BLK_DEV_DM=m
# CONFIG_DM_DEBUG is not set
CONFIG_DM_CRYPT=m
CONFIG_DM_SNAPSHOT=m
CONFIG_DM_MIRROR=m
CONFIG_DM_ZERO=m
CONFIG_DM_MULTIPATH=m
# CONFIG_DM_MULTIPATH_EMC is not set
# CONFIG_DM_MULTIPATH_RDAC is not set
# CONFIG_DM_MULTIPATH_HP is not set
# CONFIG_DM_DELAY is not set
# CONFIG_DM_UEVENT is not set
# CONFIG_FUSION is not set
#
# IEEE 1394 (FireWire) support
#
CONFIG_FIREWIRE=m
CONFIG_FIREWIRE_OHCI=m
CONFIG_FIREWIRE_SBP2=m
# CONFIG_IEEE1394 is not set
# CONFIG_I2O is not set
# CONFIG_MACINTOSH_DRIVERS is not set
CONFIG_NETDEVICES=y
# CONFIG_NETDEVICES_MULTIQUEUE is not set
# CONFIG_IFB is not set
# CONFIG_DUMMY is not set
CONFIG_BONDING=m
# CONFIG_MACVLAN is not set
# CONFIG_EQUALIZER is not set
CONFIG_TUN=m
# CONFIG_VETH is not set
# CONFIG_NET_SB1000 is not set
# CONFIG_ARCNET is not set
CONFIG_PHYLIB=m
#
# MII PHY device drivers
#
CONFIG_MARVELL_PHY=m
CONFIG_DAVICOM_PHY=m
CONFIG_QSEMI_PHY=m
CONFIG_LXT_PHY=m
CONFIG_CICADA_PHY=m
CONFIG_VITESSE_PHY=m
CONFIG_SMSC_PHY=m
CONFIG_BROADCOM_PHY=m
CONFIG_ICPLUS_PHY=m
CONFIG_FIXED_PHY=m
# CONFIG_FIXED_MII_10_FDX is not set
# CONFIG_FIXED_MII_100_FDX is not set
# CONFIG_FIXED_MII_1000_FDX is not set
CONFIG_FIXED_MII_AMNT=1
# CONFIG_MDIO_BITBANG is not set
CONFIG_NET_ETHERNET=y
CONFIG_MII=m
# CONFIG_HAPPYMEAL is not set
# CONFIG_SUNGEM is not set
# CONFIG_CASSINI is not set
# CONFIG_NET_VENDOR_3COM is not set
# CONFIG_NET_TULIP is not set
# CONFIG_HP100 is not set
# CONFIG_IBM_NEW_EMAC_ZMII is not set
# CONFIG_IBM_NEW_EMAC_RGMII is not set
# CONFIG_IBM_NEW_EMAC_TAH is not set
# CONFIG_IBM_NEW_EMAC_EMAC4 is not set
CONFIG_NET_PCI=y
# CONFIG_PCNET32 is not set
# CONFIG_AMD8111_ETH is not set
# CONFIG_ADAPTEC_STARFIRE is not set
# CONFIG_B44 is not set
CONFIG_FORCEDETH=m
# CONFIG_FORCEDETH_NAPI is not set
# CONFIG_EEPRO100 is not set
# CONFIG_E100 is not set
# CONFIG_FEALNX is not set
# CONFIG_NATSEMI is not set
# CONFIG_NE2K_PCI is not set
# CONFIG_8139CP is not set
# CONFIG_8139TOO is not set
# CONFIG_SIS900 is not set
# CONFIG_EPIC100 is not set
# CONFIG_SUNDANCE is not set
# CONFIG_VIA_RHINE is not set
# CONFIG_SC92031 is not set
CONFIG_NETDEV_1000=y
# CONFIG_ACENIC is not set
# CONFIG_DL2K is not set
# CONFIG_E1000 is not set
# CONFIG_E1000E is not set
# CONFIG_IP1000 is not set
# CONFIG_NS83820 is not set
# CONFIG_HAMACHI is not set
# CONFIG_YELLOWFIN is not set
# CONFIG_R8169 is not set
# CONFIG_SIS190 is not set
# CONFIG_SKGE is not set
# CONFIG_SKY2 is not set
# CONFIG_SK98LIN is not set
# CONFIG_VIA_VELOCITY is not set
# CONFIG_TIGON3 is not set
# CONFIG_BNX2 is not set
# CONFIG_QLA3XXX is not set
# CONFIG_ATL1 is not set
CONFIG_NETDEV_10000=y
# CONFIG_CHELSIO_T1 is not set
# CONFIG_CHELSIO_T3 is not set
# CONFIG_IXGBE is not set
# CONFIG_IXGB is not set
# CONFIG_S2IO is not set
# CONFIG_MYRI10GE is not set
# CONFIG_NETXEN_NIC is not set
# CONFIG_NIU is not set
# CONFIG_MLX4_CORE is not set
# CONFIG_TEHUTI is not set
# CONFIG_TR is not set
#
# Wireless LAN
#
CONFIG_WLAN_PRE80211=y
CONFIG_STRIP=m
CONFIG_WLAN_80211=y
CONFIG_IPW2100=m
CONFIG_IPW2100_MONITOR=y
# CONFIG_IPW2100_DEBUG is not set
CONFIG_IPW2200=m
CONFIG_IPW2200_MONITOR=y
CONFIG_IPW2200_RADIOTAP=y
CONFIG_IPW2200_PROMISCUOUS=y
CONFIG_IPW2200_QOS=y
# CONFIG_IPW2200_DEBUG is not set
CONFIG_LIBERTAS=m
CONFIG_LIBERTAS_USB=m
# CONFIG_LIBERTAS_DEBUG is not set
CONFIG_AIRO=m
CONFIG_HERMES=m
# CONFIG_PLX_HERMES is not set
# CONFIG_TMD_HERMES is not set
# CONFIG_NORTEL_HERMES is not set
# CONFIG_PCI_HERMES is not set
CONFIG_ATMEL=m
CONFIG_PCI_ATMEL=m
CONFIG_PRISM54=m
CONFIG_USB_ZD1201=m
CONFIG_RTL8187=m
CONFIG_ADM8211=m
CONFIG_P54_COMMON=m
CONFIG_P54_USB=m
CONFIG_P54_PCI=m
CONFIG_IWLWIFI=y
CONFIG_IWLWIFI_DEBUG=y
CONFIG_IWLWIFI_SENSITIVITY=y
CONFIG_IWLWIFI_SPECTRUM_MEASUREMENT=y
CONFIG_IWLWIFI_QOS=y
CONFIG_IWL4965=m
CONFIG_IWL3945=m
CONFIG_HOSTAP=m
CONFIG_HOSTAP_FIRMWARE=y
CONFIG_HOSTAP_FIRMWARE_NVRAM=y
CONFIG_HOSTAP_PLX=m
CONFIG_HOSTAP_PCI=m
CONFIG_BCM43XX=m
# CONFIG_BCM43XX_DEBUG is not set
CONFIG_BCM43XX_DMA=y
CONFIG_BCM43XX_PIO=y
CONFIG_BCM43XX_DMA_AND_PIO_MODE=y
# CONFIG_BCM43XX_DMA_MODE is not set
# CONFIG_BCM43XX_PIO_MODE is not set
CONFIG_B43=m
CONFIG_B43_PCI_AUTOSELECT=y
CONFIG_B43_PCICORE_AUTOSELECT=y
CONFIG_B43_LEDS=y
CONFIG_B43_RFKILL=y
# CONFIG_B43_DEBUG is not set
CONFIG_B43_DMA=y
CONFIG_B43_PIO=y
CONFIG_B43_DMA_AND_PIO_MODE=y
# CONFIG_B43_DMA_MODE is not set
# CONFIG_B43_PIO_MODE is not set
# CONFIG_B43LEGACY is not set
CONFIG_ZD1211RW=m
# CONFIG_ZD1211RW_DEBUG is not set
CONFIG_RT2X00=m
CONFIG_RT2X00_LIB=m
CONFIG_RT2X00_LIB_PCI=m
CONFIG_RT2X00_LIB_USB=m
CONFIG_RT2X00_LIB_FIRMWARE=y
CONFIG_RT2400PCI=m
# CONFIG_RT2400PCI_RFKILL is not set
CONFIG_RT2500PCI=m
# CONFIG_RT2500PCI_RFKILL is not set
CONFIG_RT61PCI=m
# CONFIG_RT61PCI_RFKILL is not set
CONFIG_RT2500USB=m
CONFIG_RT73USB=m
# CONFIG_RT2X00_LIB_DEBUGFS is not set
# CONFIG_RT2X00_DEBUG is not set
#
# USB Network Adapters
#
CONFIG_USB_CATC=m
CONFIG_USB_KAWETH=m
CONFIG_USB_PEGASUS=m
CONFIG_USB_RTL8150=m
CONFIG_USB_USBNET=m
CONFIG_USB_NET_AX8817X=m
CONFIG_USB_NET_CDCETHER=m
CONFIG_USB_NET_DM9601=m
CONFIG_USB_NET_GL620A=m
CONFIG_USB_NET_NET1080=m
CONFIG_USB_NET_PLUSB=m
CONFIG_USB_NET_MCS7830=m
CONFIG_USB_NET_RNDIS_HOST=m
CONFIG_USB_NET_CDC_SUBSET=m
CONFIG_USB_ALI_M5632=y
CONFIG_USB_AN2720=y
CONFIG_USB_BELKIN=y
CONFIG_USB_ARMLINUX=y
CONFIG_USB_EPSON2888=y
CONFIG_USB_KC2190=y
# CONFIG_USB_NET_ZAURUS is not set
# CONFIG_WAN is not set
# CONFIG_FDDI is not set
# CONFIG_HIPPI is not set
CONFIG_PPP=m
CONFIG_PPP_MULTILINK=y
CONFIG_PPP_FILTER=y
CONFIG_PPP_ASYNC=m
CONFIG_PPP_SYNC_TTY=m
CONFIG_PPP_DEFLATE=m
CONFIG_PPP_BSDCOMP=m
CONFIG_PPP_MPPE=m
CONFIG_PPPOE=m
# CONFIG_PPPOL2TP is not set
CONFIG_SLIP=m
CONFIG_SLIP_COMPRESSED=y
CONFIG_SLHC=m
CONFIG_SLIP_SMART=y
CONFIG_SLIP_MODE_SLIP6=y
CONFIG_NET_FC=y
# CONFIG_SHAPER is not set
CONFIG_NETCONSOLE=m
# CONFIG_NETCONSOLE_DYNAMIC is not set
CONFIG_NETPOLL=y
# CONFIG_NETPOLL_TRAP is not set
CONFIG_NET_POLL_CONTROLLER=y
# CONFIG_ISDN is not set
# CONFIG_PHONE is not set
#
# Input device support
#
CONFIG_INPUT=y
CONFIG_INPUT_FF_MEMLESS=m
CONFIG_INPUT_POLLDEV=m
#
# Userland interfaces
#
CONFIG_INPUT_MOUSEDEV=y
CONFIG_INPUT_MOUSEDEV_PSAUX=y
CONFIG_INPUT_MOUSEDEV_SCREEN_X=1280
CONFIG_INPUT_MOUSEDEV_SCREEN_Y=1024
CONFIG_INPUT_JOYDEV=m
CONFIG_INPUT_EVDEV=m
CONFIG_INPUT_EVBUG=m
#
# Input Device Drivers
#
CONFIG_INPUT_KEYBOARD=y
CONFIG_KEYBOARD_ATKBD=y
# CONFIG_KEYBOARD_SUNKBD is not set
# CONFIG_KEYBOARD_LKKBD is not set
# CONFIG_KEYBOARD_XTKBD is not set
# CONFIG_KEYBOARD_NEWTON is not set
# CONFIG_KEYBOARD_STOWAWAY is not set
CONFIG_INPUT_MOUSE=y
CONFIG_MOUSE_PS2=m
CONFIG_MOUSE_PS2_ALPS=y
CONFIG_MOUSE_PS2_LOGIPS2PP=y
CONFIG_MOUSE_PS2_SYNAPTICS=y
CONFIG_MOUSE_PS2_LIFEBOOK=y
CONFIG_MOUSE_PS2_TRACKPOINT=y
# CONFIG_MOUSE_PS2_TOUCHKIT is not set
# CONFIG_MOUSE_SERIAL is not set
# CONFIG_MOUSE_APPLETOUCH is not set
# CONFIG_MOUSE_VSXXXAA is not set
CONFIG_INPUT_JOYSTICK=y
CONFIG_JOYSTICK_ANALOG=m
CONFIG_JOYSTICK_A3D=m
CONFIG_JOYSTICK_ADI=m
CONFIG_JOYSTICK_COBRA=m
CONFIG_JOYSTICK_GF2K=m
CONFIG_JOYSTICK_GRIP=m
CONFIG_JOYSTICK_GRIP_MP=m
CONFIG_JOYSTICK_GUILLEMOT=m
CONFIG_JOYSTICK_INTERACT=m
CONFIG_JOYSTICK_SIDEWINDER=m
CONFIG_JOYSTICK_TMDC=m
CONFIG_JOYSTICK_IFORCE=m
CONFIG_JOYSTICK_IFORCE_USB=y
CONFIG_JOYSTICK_IFORCE_232=y
CONFIG_JOYSTICK_WARRIOR=m
CONFIG_JOYSTICK_MAGELLAN=m
CONFIG_JOYSTICK_SPACEORB=m
CONFIG_JOYSTICK_SPACEBALL=m
CONFIG_JOYSTICK_STINGER=m
CONFIG_JOYSTICK_TWIDJOY=m
CONFIG_JOYSTICK_JOYDUMP=m
CONFIG_JOYSTICK_XPAD=m
# CONFIG_JOYSTICK_XPAD_FF is not set
# CONFIG_JOYSTICK_XPAD_LEDS is not set
CONFIG_INPUT_TABLET=y
CONFIG_TABLET_USB_ACECAD=m
CONFIG_TABLET_USB_AIPTEK=m
CONFIG_TABLET_USB_GTCO=m
CONFIG_TABLET_USB_KBTAB=m
CONFIG_TABLET_USB_WACOM=m
CONFIG_INPUT_TOUCHSCREEN=y
CONFIG_TOUCHSCREEN_FUJITSU=m
CONFIG_TOUCHSCREEN_GUNZE=m
CONFIG_TOUCHSCREEN_ELO=m
CONFIG_TOUCHSCREEN_MTOUCH=m
CONFIG_TOUCHSCREEN_MK712=m
CONFIG_TOUCHSCREEN_PENMOUNT=m
CONFIG_TOUCHSCREEN_TOUCHRIGHT=m
CONFIG_TOUCHSCREEN_TOUCHWIN=m
CONFIG_TOUCHSCREEN_UCB1400=m
CONFIG_TOUCHSCREEN_USB_COMPOSITE=m
CONFIG_TOUCHSCREEN_USB_EGALAX=y
CONFIG_TOUCHSCREEN_USB_PANJIT=y
CONFIG_TOUCHSCREEN_USB_3M=y
CONFIG_TOUCHSCREEN_USB_ITM=y
CONFIG_TOUCHSCREEN_USB_ETURBO=y
CONFIG_TOUCHSCREEN_USB_GUNZE=y
CONFIG_TOUCHSCREEN_USB_DMC_TSC10=y
CONFIG_TOUCHSCREEN_USB_IRTOUCH=y
CONFIG_TOUCHSCREEN_USB_IDEALTEK=y
CONFIG_TOUCHSCREEN_USB_GENERAL_TOUCH=y
CONFIG_TOUCHSCREEN_USB_GOTOP=y
CONFIG_INPUT_MISC=y
CONFIG_INPUT_PCSPKR=m
# CONFIG_INPUT_ATLAS_BTNS is not set
CONFIG_INPUT_ATI_REMOTE=m
CONFIG_INPUT_ATI_REMOTE2=m
CONFIG_INPUT_KEYSPAN_REMOTE=m
CONFIG_INPUT_POWERMATE=m
CONFIG_INPUT_YEALINK=m
CONFIG_INPUT_UINPUT=m
#
# Hardware I/O ports
#
CONFIG_SERIO=y
CONFIG_SERIO_I8042=y
CONFIG_SERIO_SERPORT=m
# CONFIG_SERIO_CT82C710 is not set
# CONFIG_SERIO_PCIPS2 is not set
CONFIG_SERIO_LIBPS2=y
CONFIG_SERIO_RAW=m
CONFIG_GAMEPORT=m
# CONFIG_GAMEPORT_NS558 is not set
# CONFIG_GAMEPORT_L4 is not set
# CONFIG_GAMEPORT_EMU10K1 is not set
# CONFIG_GAMEPORT_FM801 is not set
#
# Character devices
#
CONFIG_VT=y
CONFIG_VT_CONSOLE=y
CONFIG_HW_CONSOLE=y
CONFIG_VT_HW_CONSOLE_BINDING=y
# CONFIG_SERIAL_NONSTANDARD is not set
#
# Serial drivers
#
CONFIG_SERIAL_8250=y
CONFIG_SERIAL_8250_CONSOLE=y
CONFIG_FIX_EARLYCON_MEM=y
CONFIG_SERIAL_8250_PCI=y
CONFIG_SERIAL_8250_PNP=y
CONFIG_SERIAL_8250_NR_UARTS=4
CONFIG_SERIAL_8250_RUNTIME_UARTS=4
CONFIG_SERIAL_8250_EXTENDED=y
# CONFIG_SERIAL_8250_MANY_PORTS is not set
CONFIG_SERIAL_8250_SHARE_IRQ=y
# CONFIG_SERIAL_8250_DETECT_IRQ is not set
# CONFIG_SERIAL_8250_RSA is not set
#
# Non-8250 serial port support
#
CONFIG_SERIAL_CORE=y
CONFIG_SERIAL_CORE_CONSOLE=y
# CONFIG_SERIAL_JSM is not set
CONFIG_UNIX98_PTYS=y
# CONFIG_LEGACY_PTYS is not set
# CONFIG_IPMI_HANDLER is not set
CONFIG_HW_RANDOM=y
CONFIG_HW_RANDOM_INTEL=m
# CONFIG_HW_RANDOM_AMD is not set
CONFIG_NVRAM=m
CONFIG_RTC=y
# CONFIG_R3964 is not set
# CONFIG_APPLICOM is not set
# CONFIG_MWAVE is not set
# CONFIG_PC8736x_GPIO is not set
CONFIG_RAW_DRIVER=m
CONFIG_MAX_RAW_DEVS=256
CONFIG_HPET=y
# CONFIG_HPET_RTC_IRQ is not set
CONFIG_HPET_MMAP=y
CONFIG_HANGCHECK_TIMER=m
# CONFIG_TCG_TPM is not set
# CONFIG_TELCLOCK is not set
CONFIG_DEVPORT=y
CONFIG_I2C=m
CONFIG_I2C_BOARDINFO=y
CONFIG_I2C_CHARDEV=m
#
# I2C Algorithms
#
CONFIG_I2C_ALGOBIT=m
# CONFIG_I2C_ALGOPCF is not set
# CONFIG_I2C_ALGOPCA is not set
#
# I2C Hardware Bus support
#
# CONFIG_I2C_ALI1535 is not set
# CONFIG_I2C_ALI1563 is not set
# CONFIG_I2C_ALI15X3 is not set
# CONFIG_I2C_AMD756 is not set
# CONFIG_I2C_AMD8111 is not set
# CONFIG_I2C_I801 is not set
# CONFIG_I2C_I810 is not set
# CONFIG_I2C_PIIX4 is not set
CONFIG_I2C_NFORCE2=m
# CONFIG_I2C_OCORES is not set
# CONFIG_I2C_PARPORT_LIGHT is not set
# CONFIG_I2C_PROSAVAGE is not set
# CONFIG_I2C_SAVAGE4 is not set
# CONFIG_I2C_SIMTEC is not set
# CONFIG_I2C_SIS5595 is not set
# CONFIG_I2C_SIS630 is not set
# CONFIG_I2C_SIS96X is not set
# CONFIG_I2C_TAOS_EVM is not set
# CONFIG_I2C_STUB is not set
# CONFIG_I2C_TINY_USB is not set
# CONFIG_I2C_VIA is not set
# CONFIG_I2C_VIAPRO is not set
# CONFIG_I2C_VOODOO3 is not set
#
# Miscellaneous I2C Chip support
#
# CONFIG_SENSORS_DS1337 is not set
# CONFIG_SENSORS_DS1374 is not set
# CONFIG_DS1682 is not set
CONFIG_SENSORS_EEPROM=m
# CONFIG_SENSORS_PCF8574 is not set
# CONFIG_SENSORS_PCA9539 is not set
# CONFIG_SENSORS_PCF8591 is not set
# CONFIG_SENSORS_MAX6875 is not set
# CONFIG_SENSORS_TSL2550 is not set
# CONFIG_I2C_DEBUG_CORE is not set
# CONFIG_I2C_DEBUG_ALGO is not set
# CONFIG_I2C_DEBUG_BUS is not set
# CONFIG_I2C_DEBUG_CHIP is not set
#
# SPI support
#
# CONFIG_SPI is not set
# CONFIG_SPI_MASTER is not set
# CONFIG_W1 is not set
CONFIG_POWER_SUPPLY=y
# CONFIG_POWER_SUPPLY_DEBUG is not set
# CONFIG_PDA_POWER is not set
# CONFIG_BATTERY_DS2760 is not set
CONFIG_HWMON=m
CONFIG_HWMON_VID=m
# CONFIG_SENSORS_ABITUGURU is not set
# CONFIG_SENSORS_ABITUGURU3 is not set
# CONFIG_SENSORS_AD7418 is not set
# CONFIG_SENSORS_ADM1021 is not set
# CONFIG_SENSORS_ADM1025 is not set
# CONFIG_SENSORS_ADM1026 is not set
# CONFIG_SENSORS_ADM1029 is not set
# CONFIG_SENSORS_ADM1031 is not set
# CONFIG_SENSORS_ADM9240 is not set
# CONFIG_SENSORS_ADT7470 is not set
# CONFIG_SENSORS_K8TEMP is not set
# CONFIG_SENSORS_ASB100 is not set
# CONFIG_SENSORS_ATXP1 is not set
# CONFIG_SENSORS_DS1621 is not set
# CONFIG_SENSORS_I5K_AMB is not set
# CONFIG_SENSORS_F71805F is not set
# CONFIG_SENSORS_F71882FG is not set
# CONFIG_SENSORS_F75375S is not set
# CONFIG_SENSORS_FSCHER is not set
# CONFIG_SENSORS_FSCPOS is not set
# CONFIG_SENSORS_FSCHMD is not set
# CONFIG_SENSORS_GL518SM is not set
# CONFIG_SENSORS_GL520SM is not set
CONFIG_SENSORS_CORETEMP=m
CONFIG_SENSORS_IT87=m
# CONFIG_SENSORS_LM63 is not set
# CONFIG_SENSORS_LM75 is not set
# CONFIG_SENSORS_LM77 is not set
# CONFIG_SENSORS_LM78 is not set
# CONFIG_SENSORS_LM80 is not set
# CONFIG_SENSORS_LM83 is not set
# CONFIG_SENSORS_LM85 is not set
# CONFIG_SENSORS_LM87 is not set
# CONFIG_SENSORS_LM90 is not set
# CONFIG_SENSORS_LM92 is not set
# CONFIG_SENSORS_LM93 is not set
# CONFIG_SENSORS_MAX1619 is not set
# CONFIG_SENSORS_MAX6650 is not set
# CONFIG_SENSORS_PC87360 is not set
# CONFIG_SENSORS_PC87427 is not set
# CONFIG_SENSORS_SIS5595 is not set
# CONFIG_SENSORS_DME1737 is not set
# CONFIG_SENSORS_SMSC47M1 is not set
# CONFIG_SENSORS_SMSC47M192 is not set
# CONFIG_SENSORS_SMSC47B397 is not set
# CONFIG_SENSORS_THMC50 is not set
# CONFIG_SENSORS_VIA686A is not set
# CONFIG_SENSORS_VT1211 is not set
# CONFIG_SENSORS_VT8231 is not set
# CONFIG_SENSORS_W83781D is not set
# CONFIG_SENSORS_W83791D is not set
# CONFIG_SENSORS_W83792D is not set
# CONFIG_SENSORS_W83793 is not set
# CONFIG_SENSORS_W83L785TS is not set
# CONFIG_SENSORS_W83627HF is not set
# CONFIG_SENSORS_W83627EHF is not set
# CONFIG_SENSORS_HDAPS is not set
# CONFIG_SENSORS_APPLESMC is not set
# CONFIG_HWMON_DEBUG_CHIP is not set
CONFIG_WATCHDOG=y
# CONFIG_WATCHDOG_NOWAYOUT is not set
#
# Watchdog Device Drivers
#
CONFIG_SOFT_WATCHDOG=m
# CONFIG_ACQUIRE_WDT is not set
# CONFIG_ADVANTECH_WDT is not set
# CONFIG_ALIM1535_WDT is not set
# CONFIG_ALIM7101_WDT is not set
# CONFIG_SC520_WDT is not set
# CONFIG_EUROTECH_WDT is not set
# CONFIG_IB700_WDT is not set
# CONFIG_IBMASR is not set
# CONFIG_WAFER_WDT is not set
# CONFIG_I6300ESB_WDT is not set
# CONFIG_ITCO_WDT is not set
# CONFIG_IT8712F_WDT is not set
# CONFIG_SC1200_WDT is not set
# CONFIG_PC87413_WDT is not set
# CONFIG_60XX_WDT is not set
# CONFIG_SBC8360_WDT is not set
# CONFIG_CPU5_WDT is not set
# CONFIG_SMSC37B787_WDT is not set
# CONFIG_W83627HF_WDT is not set
# CONFIG_W83697HF_WDT is not set
# CONFIG_W83877F_WDT is not set
# CONFIG_W83977F_WDT is not set
# CONFIG_MACHZ_WDT is not set
# CONFIG_SBC_EPX_C3_WATCHDOG is not set
#
# PCI-based Watchdog Cards
#
# CONFIG_PCIPCWATCHDOG is not set
# CONFIG_WDTPCI is not set
#
# USB-based Watchdog Cards
#
# CONFIG_USBPCWATCHDOG is not set
#
# Sonics Silicon Backplane
#
CONFIG_SSB_POSSIBLE=y
CONFIG_SSB=m
CONFIG_SSB_PCIHOST_POSSIBLE=y
CONFIG_SSB_PCIHOST=y
# CONFIG_SSB_DEBUG is not set
CONFIG_SSB_DRIVER_PCICORE_POSSIBLE=y
CONFIG_SSB_DRIVER_PCICORE=y
#
# Multifunction device drivers
#
# CONFIG_MFD_SM501 is not set
#
# Multimedia devices
#
CONFIG_VIDEO_DEV=m
CONFIG_VIDEO_V4L1=y
CONFIG_VIDEO_V4L1_COMPAT=y
CONFIG_VIDEO_V4L2=y
CONFIG_VIDEO_CAPTURE_DRIVERS=y
# CONFIG_VIDEO_ADV_DEBUG is not set
# CONFIG_VIDEO_HELPER_CHIPS_AUTO is not set
#
# Encoders/decoders and other helper chips
#
#
# Audio decoders
#
CONFIG_VIDEO_TVAUDIO=m
CONFIG_VIDEO_TDA7432=m
CONFIG_VIDEO_TDA9840=m
CONFIG_VIDEO_TDA9875=m
CONFIG_VIDEO_TEA6415C=m
CONFIG_VIDEO_TEA6420=m
CONFIG_VIDEO_MSP3400=m
CONFIG_VIDEO_CS53L32A=m
CONFIG_VIDEO_TLV320AIC23B=m
CONFIG_VIDEO_WM8775=m
CONFIG_VIDEO_WM8739=m
CONFIG_VIDEO_VP27SMPX=m
#
# Video decoders
#
CONFIG_VIDEO_BT819=m
CONFIG_VIDEO_BT856=m
CONFIG_VIDEO_BT866=m
CONFIG_VIDEO_KS0127=m
CONFIG_VIDEO_OV7670=m
CONFIG_VIDEO_TCM825X=m
CONFIG_VIDEO_SAA7110=m
CONFIG_VIDEO_SAA7111=m
CONFIG_VIDEO_SAA7114=m
CONFIG_VIDEO_SAA711X=m
CONFIG_VIDEO_SAA7191=m
CONFIG_VIDEO_TVP5150=m
CONFIG_VIDEO_VPX3220=m
#
# Video and audio decoders
#
CONFIG_VIDEO_CX25840=m
#
# MPEG video encoders
#
CONFIG_VIDEO_CX2341X=m
#
# Video encoders
#
CONFIG_VIDEO_SAA7127=m
CONFIG_VIDEO_SAA7185=m
CONFIG_VIDEO_ADV7170=m
CONFIG_VIDEO_ADV7175=m
#
# Video improvement chips
#
CONFIG_VIDEO_UPD64031A=m
CONFIG_VIDEO_UPD64083=m
CONFIG_VIDEO_VIVI=m
CONFIG_VIDEO_BT848=m
CONFIG_VIDEO_BT848_DVB=y
CONFIG_VIDEO_SAA6588=m
CONFIG_VIDEO_CPIA=m
CONFIG_VIDEO_CPIA_USB=m
CONFIG_VIDEO_CPIA2=m
CONFIG_VIDEO_SAA5246A=m
CONFIG_VIDEO_SAA5249=m
CONFIG_TUNER_3036=m
CONFIG_VIDEO_STRADIS=m
CONFIG_VIDEO_ZORAN_ZR36060=m
CONFIG_VIDEO_ZORAN=m
CONFIG_VIDEO_ZORAN_BUZ=m
CONFIG_VIDEO_ZORAN_DC10=m
CONFIG_VIDEO_ZORAN_DC30=m
CONFIG_VIDEO_ZORAN_LML33=m
CONFIG_VIDEO_ZORAN_LML33R10=m
CONFIG_VIDEO_ZORAN_AVS6EYES=m
CONFIG_VIDEO_SAA7134=m
CONFIG_VIDEO_SAA7134_ALSA=m
CONFIG_VIDEO_SAA7134_DVB=m
# CONFIG_VIDEO_MXB is not set
# CONFIG_VIDEO_DPC is not set
CONFIG_VIDEO_HEXIUM_ORION=m
CONFIG_VIDEO_HEXIUM_GEMINI=m
CONFIG_VIDEO_CX88=m
CONFIG_VIDEO_CX88_ALSA=m
CONFIG_VIDEO_CX88_BLACKBIRD=m
CONFIG_VIDEO_CX88_DVB=m
CONFIG_VIDEO_CX88_VP3054=m
CONFIG_VIDEO_CX23885=m
CONFIG_VIDEO_IVTV=m
# CONFIG_VIDEO_FB_IVTV is not set
CONFIG_VIDEO_CAFE_CCIC=m
CONFIG_V4L_USB_DRIVERS=y
CONFIG_VIDEO_PVRUSB2=m
CONFIG_VIDEO_PVRUSB2_29XXX=y
CONFIG_VIDEO_PVRUSB2_24XXX=y
CONFIG_VIDEO_PVRUSB2_SYSFS=y
# CONFIG_VIDEO_PVRUSB2_DEBUGIFC is not set
CONFIG_VIDEO_EM28XX=m
CONFIG_VIDEO_USBVISION=m
CONFIG_VIDEO_USBVIDEO=m
CONFIG_USB_VICAM=m
CONFIG_USB_IBMCAM=m
CONFIG_USB_KONICAWC=m
CONFIG_USB_QUICKCAM_MESSENGER=m
CONFIG_USB_ET61X251=m
CONFIG_VIDEO_OVCAMCHIP=m
CONFIG_USB_W9968CF=m
# CONFIG_USB_OV511 is not set
CONFIG_USB_SE401=m
CONFIG_USB_SN9C102=m
CONFIG_USB_STV680=m
CONFIG_USB_ZC0301=m
CONFIG_USB_PWC=m
# CONFIG_USB_PWC_DEBUG is not set
CONFIG_USB_ZR364XX=m
CONFIG_RADIO_ADAPTERS=y
CONFIG_RADIO_GEMTEK_PCI=m
CONFIG_RADIO_MAXIRADIO=m
CONFIG_RADIO_MAESTRO=m
CONFIG_USB_DSBR=m
CONFIG_DVB_CORE=m
CONFIG_DVB_CORE_ATTACH=y
CONFIG_DVB_CAPTURE_DRIVERS=y
#
# Supported SAA7146 based PCI Adapters
#
CONFIG_DVB_AV7110=m
CONFIG_DVB_AV7110_OSD=y
CONFIG_DVB_BUDGET=m
CONFIG_DVB_BUDGET_CI=m
CONFIG_DVB_BUDGET_AV=m
CONFIG_DVB_BUDGET_PATCH=m
#
# Supported USB Adapters
#
CONFIG_DVB_USB=m
# CONFIG_DVB_USB_DEBUG is not set
CONFIG_DVB_USB_A800=m
CONFIG_DVB_USB_DIBUSB_MB=m
CONFIG_DVB_USB_DIBUSB_MB_FAULTY=y
CONFIG_DVB_USB_DIBUSB_MC=m
CONFIG_DVB_USB_DIB0700=m
CONFIG_DVB_USB_UMT_010=m
CONFIG_DVB_USB_CXUSB=m
CONFIG_DVB_USB_M920X=m
CONFIG_DVB_USB_GL861=m
CONFIG_DVB_USB_AU6610=m
CONFIG_DVB_USB_DIGITV=m
CONFIG_DVB_USB_VP7045=m
CONFIG_DVB_USB_VP702X=m
CONFIG_DVB_USB_GP8PSK=m
CONFIG_DVB_USB_NOVA_T_USB2=m
CONFIG_DVB_USB_TTUSB2=m
CONFIG_DVB_USB_DTT200U=m
CONFIG_DVB_USB_OPERA1=m
CONFIG_DVB_USB_AF9005=m
# CONFIG_DVB_USB_AF9005_REMOTE is not set
CONFIG_DVB_TTUSB_BUDGET=m
CONFIG_DVB_TTUSB_DEC=m
CONFIG_DVB_CINERGYT2=m
CONFIG_DVB_CINERGYT2_TUNING=y
CONFIG_DVB_CINERGYT2_STREAM_URB_COUNT=32
CONFIG_DVB_CINERGYT2_STREAM_BUF_SIZE=512
CONFIG_DVB_CINERGYT2_QUERY_INTERVAL=250
CONFIG_DVB_CINERGYT2_ENABLE_RC_INPUT_DEVICE=y
CONFIG_DVB_CINERGYT2_RC_QUERY_INTERVAL=100
#
# Supported FlexCopII (B2C2) Adapters
#
CONFIG_DVB_B2C2_FLEXCOP=m
CONFIG_DVB_B2C2_FLEXCOP_PCI=m
CONFIG_DVB_B2C2_FLEXCOP_USB=m
# CONFIG_DVB_B2C2_FLEXCOP_DEBUG is not set
#
# Supported BT878 Adapters
#
CONFIG_DVB_BT8XX=m
#
# Supported Pluto2 Adapters
#
CONFIG_DVB_PLUTO2=m
#
# Supported DVB Frontends
#
#
# Customise DVB Frontends
#
# CONFIG_DVB_FE_CUSTOMISE is not set
#
# DVB-S (satellite) frontends
#
CONFIG_DVB_STV0299=m
CONFIG_DVB_CX24110=m
CONFIG_DVB_CX24123=m
CONFIG_DVB_TDA8083=m
CONFIG_DVB_MT312=m
CONFIG_DVB_VES1X93=m
CONFIG_DVB_S5H1420=m
CONFIG_DVB_TDA10086=m
#
# DVB-T (terrestrial) frontends
#
CONFIG_DVB_SP8870=m
CONFIG_DVB_SP887X=m
CONFIG_DVB_CX22700=m
CONFIG_DVB_CX22702=m
CONFIG_DVB_L64781=m
CONFIG_DVB_TDA1004X=m
CONFIG_DVB_NXT6000=m
CONFIG_DVB_MT352=m
CONFIG_DVB_ZL10353=m
CONFIG_DVB_DIB3000MB=m
CONFIG_DVB_DIB3000MC=m
CONFIG_DVB_DIB7000M=m
CONFIG_DVB_DIB7000P=m
#
# DVB-C (cable) frontends
#
CONFIG_DVB_VES1820=m
CONFIG_DVB_TDA10021=m
CONFIG_DVB_TDA10023=m
CONFIG_DVB_STV0297=m
#
# ATSC (North American/Korean Terrestrial/Cable DTV) frontends
#
CONFIG_DVB_NXT200X=m
CONFIG_DVB_OR51211=m
CONFIG_DVB_OR51132=m
CONFIG_DVB_BCM3510=m
CONFIG_DVB_LGDT330X=m
CONFIG_DVB_S5H1409=m
#
# Tuners/PLL support
#
CONFIG_DVB_PLL=m
CONFIG_DVB_TDA826X=m
CONFIG_DVB_TDA827X=m
CONFIG_DVB_TUNER_QT1010=m
CONFIG_DVB_TUNER_MT2060=m
CONFIG_DVB_TUNER_MT2266=m
CONFIG_DVB_TUNER_MT2131=m
CONFIG_DVB_TUNER_DIB0070=m
#
# Miscellaneous devices
#
CONFIG_DVB_LNBP21=m
CONFIG_DVB_ISL6421=m
CONFIG_DVB_TUA6100=m
CONFIG_VIDEO_SAA7146=m
CONFIG_VIDEO_SAA7146_VV=m
CONFIG_VIDEO_TUNER=m
# CONFIG_VIDEO_TUNER_CUSTOMIZE is not set
CONFIG_TUNER_MT20XX=m
CONFIG_TUNER_TDA8290=m
CONFIG_TUNER_TEA5761=m
CONFIG_TUNER_TEA5767=m
CONFIG_TUNER_SIMPLE=m
CONFIG_VIDEOBUF_GEN=m
CONFIG_VIDEOBUF_DMA_SG=m
CONFIG_VIDEOBUF_VMALLOC=m
CONFIG_VIDEOBUF_DVB=m
CONFIG_VIDEO_BTCX=m
CONFIG_VIDEO_IR_I2C=m
CONFIG_VIDEO_IR=m
CONFIG_VIDEO_TVEEPROM=m
CONFIG_DAB=y
CONFIG_USB_DABUSB=m
#
# Graphics support
#
CONFIG_AGP=y
CONFIG_AGP_AMD64=y
CONFIG_AGP_INTEL=m
CONFIG_AGP_SIS=m
CONFIG_AGP_VIA=m
CONFIG_DRM=m
CONFIG_DRM_TDFX=m
CONFIG_DRM_R128=m
CONFIG_DRM_RADEON=m
CONFIG_DRM_I810=m
CONFIG_DRM_I830=m
CONFIG_DRM_I915=m
CONFIG_DRM_MGA=m
CONFIG_DRM_SIS=m
CONFIG_DRM_VIA=m
CONFIG_DRM_SAVAGE=m
CONFIG_VGASTATE=m
# CONFIG_VIDEO_OUTPUT_CONTROL is not set
CONFIG_FB=y
CONFIG_FIRMWARE_EDID=y
CONFIG_FB_DDC=m
CONFIG_FB_CFB_FILLRECT=m
CONFIG_FB_CFB_COPYAREA=m
CONFIG_FB_CFB_IMAGEBLIT=m
# CONFIG_FB_CFB_REV_PIXELS_IN_BYTE is not set
# CONFIG_FB_SYS_FILLRECT is not set
# CONFIG_FB_SYS_COPYAREA is not set
# CONFIG_FB_SYS_IMAGEBLIT is not set
# CONFIG_FB_SYS_FOPS is not set
CONFIG_FB_DEFERRED_IO=y
# CONFIG_FB_SVGALIB is not set
# CONFIG_FB_MACMODES is not set
CONFIG_FB_BACKLIGHT=y
CONFIG_FB_MODE_HELPERS=y
CONFIG_FB_TILEBLITTING=y
#
# Frame buffer hardware drivers
#
# CONFIG_FB_CIRRUS is not set
# CONFIG_FB_PM2 is not set
# CONFIG_FB_CYBER2000 is not set
# CONFIG_FB_ARC is not set
# CONFIG_FB_ASILIANT is not set
# CONFIG_FB_IMSTT is not set
# CONFIG_FB_VGA16 is not set
# CONFIG_FB_UVESA is not set
# CONFIG_FB_VESA is not set
# CONFIG_FB_EFI is not set
# CONFIG_FB_HECUBA is not set
# CONFIG_FB_HGA is not set
# CONFIG_FB_S1D13XXX is not set
CONFIG_FB_NVIDIA=m
CONFIG_FB_NVIDIA_I2C=y
# CONFIG_FB_NVIDIA_DEBUG is not set
CONFIG_FB_NVIDIA_BACKLIGHT=y
CONFIG_FB_RIVA=m
CONFIG_FB_RIVA_I2C=y
# CONFIG_FB_RIVA_DEBUG is not set
CONFIG_FB_RIVA_BACKLIGHT=y
# CONFIG_FB_LE80578 is not set
# CONFIG_FB_INTEL is not set
# CONFIG_FB_MATROX is not set
# CONFIG_FB_RADEON is not set
# CONFIG_FB_ATY128 is not set
# CONFIG_FB_ATY is not set
# CONFIG_FB_S3 is not set
# CONFIG_FB_SAVAGE is not set
# CONFIG_FB_SIS is not set
# CONFIG_FB_NEOMAGIC is not set
# CONFIG_FB_KYRO is not set
# CONFIG_FB_3DFX is not set
# CONFIG_FB_VOODOO1 is not set
# CONFIG_FB_VT8623 is not set
# CONFIG_FB_TRIDENT is not set
# CONFIG_FB_ARK is not set
# CONFIG_FB_PM3 is not set
# CONFIG_FB_GEODE is not set
# CONFIG_FB_VIRTUAL is not set
CONFIG_BACKLIGHT_LCD_SUPPORT=y
CONFIG_LCD_CLASS_DEVICE=m
CONFIG_BACKLIGHT_CLASS_DEVICE=y
# CONFIG_BACKLIGHT_CORGI is not set
# CONFIG_BACKLIGHT_PROGEAR is not set
#
# Display device support
#
CONFIG_DISPLAY_SUPPORT=m
#
# Display hardware drivers
#
#
# Console display driver support
#
CONFIG_VGA_CONSOLE=y
# CONFIG_VGACON_SOFT_SCROLLBACK is not set
CONFIG_VIDEO_SELECT=y
CONFIG_DUMMY_CONSOLE=y
CONFIG_FRAMEBUFFER_CONSOLE=m
# CONFIG_FRAMEBUFFER_CONSOLE_DETECT_PRIMARY is not set
# CONFIG_FRAMEBUFFER_CONSOLE_ROTATION is not set
# CONFIG_FONTS is not set
CONFIG_FONT_8x8=y
CONFIG_FONT_8x16=y
# CONFIG_LOGO is not set
#
# Sound
#
CONFIG_SOUND=m
#
# Advanced Linux Sound Architecture
#
CONFIG_SND=m
CONFIG_SND_TIMER=m
CONFIG_SND_PCM=m
CONFIG_SND_HWDEP=m
CONFIG_SND_RAWMIDI=m
CONFIG_SND_SEQUENCER=m
CONFIG_SND_SEQ_DUMMY=m
CONFIG_SND_OSSEMUL=y
CONFIG_SND_MIXER_OSS=m
CONFIG_SND_PCM_OSS=m
CONFIG_SND_PCM_OSS_PLUGINS=y
CONFIG_SND_SEQUENCER_OSS=y
CONFIG_SND_RTCTIMER=m
CONFIG_SND_SEQ_RTCTIMER_DEFAULT=y
CONFIG_SND_DYNAMIC_MINORS=y
CONFIG_SND_SUPPORT_OLD_API=y
CONFIG_SND_VERBOSE_PROCFS=y
# CONFIG_SND_VERBOSE_PRINTK is not set
# CONFIG_SND_DEBUG is not set
#
# Generic devices
#
CONFIG_SND_MPU401_UART=m
CONFIG_SND_DUMMY=m
CONFIG_SND_VIRMIDI=m
CONFIG_SND_MTPAV=m
CONFIG_SND_SERIAL_U16550=m
CONFIG_SND_MPU401=m
#
# PCI devices
#
# CONFIG_SND_AD1889 is not set
# CONFIG_SND_ALS300 is not set
# CONFIG_SND_ALS4000 is not set
# CONFIG_SND_ALI5451 is not set
# CONFIG_SND_ATIIXP is not set
# CONFIG_SND_ATIIXP_MODEM is not set
# CONFIG_SND_AU8810 is not set
# CONFIG_SND_AU8820 is not set
# CONFIG_SND_AU8830 is not set
# CONFIG_SND_AZT3328 is not set
# CONFIG_SND_BT87X is not set
# CONFIG_SND_CA0106 is not set
# CONFIG_SND_CMIPCI is not set
# CONFIG_SND_CS4281 is not set
# CONFIG_SND_CS46XX is not set
# CONFIG_SND_CS5530 is not set
# CONFIG_SND_DARLA20 is not set
# CONFIG_SND_GINA20 is not set
# CONFIG_SND_LAYLA20 is not set
# CONFIG_SND_DARLA24 is not set
# CONFIG_SND_GINA24 is not set
# CONFIG_SND_LAYLA24 is not set
# CONFIG_SND_MONA is not set
# CONFIG_SND_MIA is not set
# CONFIG_SND_ECHO3G is not set
# CONFIG_SND_INDIGO is not set
# CONFIG_SND_INDIGOIO is not set
# CONFIG_SND_INDIGODJ is not set
# CONFIG_SND_EMU10K1 is not set
# CONFIG_SND_EMU10K1X is not set
# CONFIG_SND_ENS1370 is not set
# CONFIG_SND_ENS1371 is not set
# CONFIG_SND_ES1938 is not set
# CONFIG_SND_ES1968 is not set
# CONFIG_SND_FM801 is not set
CONFIG_SND_HDA_INTEL=m
# CONFIG_SND_HDA_HWDEP is not set
CONFIG_SND_HDA_CODEC_REALTEK=y
CONFIG_SND_HDA_CODEC_ANALOG=y
CONFIG_SND_HDA_CODEC_SIGMATEL=y
CONFIG_SND_HDA_CODEC_VIA=y
CONFIG_SND_HDA_CODEC_ATIHDMI=y
CONFIG_SND_HDA_CODEC_CONEXANT=y
CONFIG_SND_HDA_CODEC_CMEDIA=y
CONFIG_SND_HDA_CODEC_SI3054=y
CONFIG_SND_HDA_GENERIC=y
CONFIG_SND_HDA_POWER_SAVE=y
CONFIG_SND_HDA_POWER_SAVE_DEFAULT=0
# CONFIG_SND_HDSP is not set
# CONFIG_SND_HDSPM is not set
# CONFIG_SND_ICE1712 is not set
# CONFIG_SND_ICE1724 is not set
# CONFIG_SND_INTEL8X0 is not set
# CONFIG_SND_INTEL8X0M is not set
# CONFIG_SND_KORG1212 is not set
# CONFIG_SND_MAESTRO3 is not set
# CONFIG_SND_MIXART is not set
# CONFIG_SND_NM256 is not set
# CONFIG_SND_PCXHR is not set
# CONFIG_SND_RIPTIDE is not set
# CONFIG_SND_RME32 is not set
# CONFIG_SND_RME96 is not set
# CONFIG_SND_RME9652 is not set
# CONFIG_SND_SONICVIBES is not set
# CONFIG_SND_TRIDENT is not set
# CONFIG_SND_VIA82XX is not set
# CONFIG_SND_VIA82XX_MODEM is not set
# CONFIG_SND_VX222 is not set
# CONFIG_SND_YMFPCI is not set
#
# USB devices
#
CONFIG_SND_USB_AUDIO=m
CONFIG_SND_USB_USX2Y=m
CONFIG_SND_USB_CAIAQ=m
CONFIG_SND_USB_CAIAQ_INPUT=y
#
# System on Chip audio support
#
# CONFIG_SND_SOC is not set
#
# SoC Audio support for SuperH
#
#
# Open Sound System
#
# CONFIG_SOUND_PRIME is not set
CONFIG_AC97_BUS=m
CONFIG_HID_SUPPORT=y
CONFIG_HID=m
# CONFIG_HID_DEBUG is not set
# CONFIG_HIDRAW is not set
#
# USB Input Devices
#
CONFIG_USB_HID=m
CONFIG_USB_HIDINPUT_POWERBOOK=y
# CONFIG_HID_FF is not set
CONFIG_USB_HIDDEV=y
#
# USB HID Boot Protocol drivers
#
CONFIG_USB_KBD=m
CONFIG_USB_MOUSE=m
CONFIG_USB_SUPPORT=y
CONFIG_USB_ARCH_HAS_HCD=y
CONFIG_USB_ARCH_HAS_OHCI=y
CONFIG_USB_ARCH_HAS_EHCI=y
CONFIG_USB=m
# CONFIG_USB_DEBUG is not set
#
# Miscellaneous USB options
#
CONFIG_USB_DEVICEFS=y
CONFIG_USB_DEVICE_CLASS=y
# CONFIG_USB_DYNAMIC_MINORS is not set
CONFIG_USB_SUSPEND=y
# CONFIG_USB_PERSIST is not set
# CONFIG_USB_OTG is not set
#
# USB Host Controller Drivers
#
CONFIG_USB_EHCI_HCD=m
CONFIG_USB_EHCI_SPLIT_ISO=y
CONFIG_USB_EHCI_ROOT_HUB_TT=y
CONFIG_USB_EHCI_TT_NEWSCHED=y
# CONFIG_USB_ISP116X_HCD is not set
CONFIG_USB_OHCI_HCD=m
# CONFIG_USB_OHCI_HCD_SSB is not set
# CONFIG_USB_OHCI_BIG_ENDIAN_DESC is not set
# CONFIG_USB_OHCI_BIG_ENDIAN_MMIO is not set
CONFIG_USB_OHCI_LITTLE_ENDIAN=y
# CONFIG_USB_UHCI_HCD is not set
# CONFIG_USB_SL811_HCD is not set
# CONFIG_USB_R8A66597_HCD is not set
#
# USB Device Class drivers
#
CONFIG_USB_ACM=m
CONFIG_USB_PRINTER=m
#
# NOTE: USB_STORAGE enables SCSI, and 'SCSI disk support'
#
#
# may also be needed; see USB_STORAGE Help for more information
#
CONFIG_USB_STORAGE=m
# CONFIG_USB_STORAGE_DEBUG is not set
CONFIG_USB_STORAGE_DATAFAB=y
CONFIG_USB_STORAGE_FREECOM=y
CONFIG_USB_STORAGE_ISD200=y
CONFIG_USB_STORAGE_DPCM=y
CONFIG_USB_STORAGE_USBAT=y
CONFIG_USB_STORAGE_SDDR09=y
CONFIG_USB_STORAGE_SDDR55=y
CONFIG_USB_STORAGE_JUMPSHOT=y
CONFIG_USB_STORAGE_ALAUDA=y
CONFIG_USB_STORAGE_KARMA=y
CONFIG_USB_LIBUSUAL=y
#
# USB Imaging devices
#
CONFIG_USB_MDC800=m
CONFIG_USB_MICROTEK=m
# CONFIG_USB_MON is not set
#
# USB port drivers
#
#
# USB Serial Converter support
#
CONFIG_USB_SERIAL=m
CONFIG_USB_SERIAL_GENERIC=y
CONFIG_USB_SERIAL_AIRCABLE=m
CONFIG_USB_SERIAL_AIRPRIME=m
CONFIG_USB_SERIAL_ARK3116=m
CONFIG_USB_SERIAL_BELKIN=m
# CONFIG_USB_SERIAL_CH341 is not set
CONFIG_USB_SERIAL_WHITEHEAT=m
CONFIG_USB_SERIAL_DIGI_ACCELEPORT=m
CONFIG_USB_SERIAL_CP2101=m
CONFIG_USB_SERIAL_CYPRESS_M8=m
CONFIG_USB_SERIAL_EMPEG=m
CONFIG_USB_SERIAL_FTDI_SIO=m
CONFIG_USB_SERIAL_FUNSOFT=m
CONFIG_USB_SERIAL_VISOR=m
CONFIG_USB_SERIAL_IPAQ=m
# CONFIG_USB_SERIAL_IR is not set
CONFIG_USB_SERIAL_EDGEPORT=m
CONFIG_USB_SERIAL_EDGEPORT_TI=m
CONFIG_USB_SERIAL_GARMIN=m
CONFIG_USB_SERIAL_IPW=m
CONFIG_USB_SERIAL_KEYSPAN_PDA=m
# CONFIG_USB_SERIAL_KEYSPAN is not set
CONFIG_USB_SERIAL_KLSI=m
CONFIG_USB_SERIAL_KOBIL_SCT=m
CONFIG_USB_SERIAL_MCT_U232=m
CONFIG_USB_SERIAL_MOS7720=m
CONFIG_USB_SERIAL_MOS7840=m
CONFIG_USB_SERIAL_NAVMAN=m
CONFIG_USB_SERIAL_PL2303=m
# CONFIG_USB_SERIAL_OTI6858 is not set
CONFIG_USB_SERIAL_HP4X=m
CONFIG_USB_SERIAL_SAFE=m
# CONFIG_USB_SERIAL_SAFE_PADDED is not set
CONFIG_USB_SERIAL_SIERRAWIRELESS=m
CONFIG_USB_SERIAL_TI=m
CONFIG_USB_SERIAL_CYBERJACK=m
CONFIG_USB_SERIAL_XIRCOM=m
CONFIG_USB_SERIAL_OPTION=m
CONFIG_USB_SERIAL_OMNINET=m
CONFIG_USB_SERIAL_DEBUG=m
CONFIG_USB_EZUSB=y
#
# USB Miscellaneous drivers
#
# CONFIG_USB_EMI62 is not set
# CONFIG_USB_EMI26 is not set
# CONFIG_USB_ADUTUX is not set
# CONFIG_USB_AUERSWALD is not set
# CONFIG_USB_RIO500 is not set
# CONFIG_USB_LEGOTOWER is not set
# CONFIG_USB_LCD is not set
# CONFIG_USB_BERRY_CHARGE is not set
CONFIG_USB_LED=m
CONFIG_USB_CYPRESS_CY7C63=m
CONFIG_USB_CYTHERM=m
# CONFIG_USB_PHIDGET is not set
# CONFIG_USB_IDMOUSE is not set
# CONFIG_USB_FTDI_ELAN is not set
# CONFIG_USB_APPLEDISPLAY is not set
CONFIG_USB_SISUSBVGA=m
# CONFIG_USB_SISUSBVGA_CON is not set
# CONFIG_USB_LD is not set
# CONFIG_USB_TRANCEVIBRATOR is not set
# CONFIG_USB_IOWARRIOR is not set
# CONFIG_USB_TEST is not set
#
# USB DSL modem support
#
#
# USB Gadget Support
#
# CONFIG_USB_GADGET is not set
# CONFIG_MMC is not set
CONFIG_NEW_LEDS=y
CONFIG_LEDS_CLASS=m
#
# LED drivers
#
#
# LED Triggers
#
CONFIG_LEDS_TRIGGERS=y
CONFIG_LEDS_TRIGGER_TIMER=y
CONFIG_LEDS_TRIGGER_IDE_DISK=y
CONFIG_LEDS_TRIGGER_HEARTBEAT=y
# CONFIG_INFINIBAND is not set
# CONFIG_EDAC is not set
CONFIG_RTC_LIB=y
CONFIG_RTC_CLASS=y
CONFIG_RTC_HCTOSYS=y
CONFIG_RTC_HCTOSYS_DEVICE="rtc0"
# CONFIG_RTC_DEBUG is not set
#
# RTC interfaces
#
CONFIG_RTC_INTF_SYSFS=y
CONFIG_RTC_INTF_PROC=y
CONFIG_RTC_INTF_DEV=y
CONFIG_RTC_INTF_DEV_UIE_EMUL=y
CONFIG_RTC_DRV_TEST=m
#
# I2C RTC drivers
#
CONFIG_RTC_DRV_DS1307=m
# CONFIG_RTC_DRV_DS1374 is not set
CONFIG_RTC_DRV_DS1672=m
CONFIG_RTC_DRV_MAX6900=m
CONFIG_RTC_DRV_RS5C372=m
CONFIG_RTC_DRV_ISL1208=m
CONFIG_RTC_DRV_X1205=m
CONFIG_RTC_DRV_PCF8563=m
CONFIG_RTC_DRV_PCF8583=m
# CONFIG_RTC_DRV_M41T80 is not set
#
# SPI RTC drivers
#
#
# Platform RTC drivers
#
# CONFIG_RTC_DRV_CMOS is not set
CONFIG_RTC_DRV_DS1553=m
# CONFIG_RTC_DRV_STK17TA8 is not set
CONFIG_RTC_DRV_DS1742=m
CONFIG_RTC_DRV_M48T86=m
# CONFIG_RTC_DRV_M48T59 is not set
CONFIG_RTC_DRV_V3020=m
#
# on-CPU RTC drivers
#
# CONFIG_DMADEVICES is not set
CONFIG_VIRTUALIZATION=y
CONFIG_KVM=m
CONFIG_KVM_INTEL=m
# CONFIG_KVM_AMD is not set
#
# Userspace I/O
#
# CONFIG_UIO is not set
#
# Firmware Drivers
#
# CONFIG_EDD is not set
# CONFIG_DELL_RBU is not set
# CONFIG_DCDBAS is not set
CONFIG_DMIID=y
#
# File systems
#
CONFIG_EXT2_FS=m
CONFIG_EXT2_FS_XATTR=y
CONFIG_EXT2_FS_POSIX_ACL=y
CONFIG_EXT2_FS_SECURITY=y
# CONFIG_EXT2_FS_XIP is not set
CONFIG_EXT3_FS=m
CONFIG_EXT3_FS_XATTR=y
CONFIG_EXT3_FS_POSIX_ACL=y
CONFIG_EXT3_FS_SECURITY=y
# CONFIG_EXT4DEV_FS is not set
CONFIG_JBD=m
# CONFIG_JBD_DEBUG is not set
CONFIG_FS_MBCACHE=m
CONFIG_REISERFS_FS=m
# CONFIG_REISERFS_CHECK is not set
# CONFIG_REISERFS_PROC_INFO is not set
CONFIG_REISERFS_FS_XATTR=y
CONFIG_REISERFS_FS_POSIX_ACL=y
CONFIG_REISERFS_FS_SECURITY=y
CONFIG_JFS_FS=m
CONFIG_JFS_POSIX_ACL=y
CONFIG_JFS_SECURITY=y
# CONFIG_JFS_DEBUG is not set
CONFIG_JFS_STATISTICS=y
CONFIG_FS_POSIX_ACL=y
CONFIG_XFS_FS=m
CONFIG_XFS_QUOTA=y
CONFIG_XFS_SECURITY=y
CONFIG_XFS_POSIX_ACL=y
CONFIG_XFS_RT=y
# CONFIG_GFS2_FS is not set
# CONFIG_OCFS2_FS is not set
CONFIG_MINIX_FS=m
# CONFIG_ROMFS_FS is not set
CONFIG_INOTIFY=y
CONFIG_INOTIFY_USER=y
# CONFIG_QUOTA is not set
CONFIG_QUOTACTL=y
CONFIG_DNOTIFY=y
# CONFIG_AUTOFS_FS is not set
# CONFIG_AUTOFS4_FS is not set
CONFIG_FUSE_FS=m
#
# CD-ROM/DVD Filesystems
#
CONFIG_ISO9660_FS=m
CONFIG_JOLIET=y
CONFIG_ZISOFS=y
CONFIG_UDF_FS=m
CONFIG_UDF_NLS=y
#
# DOS/FAT/NT Filesystems
#
CONFIG_FAT_FS=m
CONFIG_MSDOS_FS=m
CONFIG_VFAT_FS=m
CONFIG_FAT_DEFAULT_CODEPAGE=437
CONFIG_FAT_DEFAULT_IOCHARSET="iso8859-1"
CONFIG_NTFS_FS=m
# CONFIG_NTFS_DEBUG is not set
# CONFIG_NTFS_RW is not set
#
# Pseudo filesystems
#
CONFIG_PROC_FS=y
CONFIG_PROC_KCORE=y
CONFIG_PROC_SYSCTL=y
CONFIG_SYSFS=y
CONFIG_TMPFS=y
# CONFIG_TMPFS_POSIX_ACL is not set
# CONFIG_HUGETLBFS is not set
# CONFIG_HUGETLB_PAGE is not set
CONFIG_CONFIGFS_FS=m
#
# Miscellaneous filesystems
#
# CONFIG_ADFS_FS is not set
CONFIG_AFFS_FS=m
CONFIG_ECRYPT_FS=m
# CONFIG_HFS_FS is not set
# CONFIG_HFSPLUS_FS is not set
# CONFIG_BEFS_FS is not set
# CONFIG_BFS_FS is not set
# CONFIG_EFS_FS is not set
# CONFIG_CRAMFS is not set
# CONFIG_VXFS_FS is not set
# CONFIG_HPFS_FS is not set
# CONFIG_QNX4FS_FS is not set
# CONFIG_SYSV_FS is not set
# CONFIG_UFS_FS is not set
CONFIG_NETWORK_FILESYSTEMS=y
CONFIG_NFS_FS=m
CONFIG_NFS_V3=y
# CONFIG_NFS_V3_ACL is not set
CONFIG_NFS_V4=y
CONFIG_NFS_DIRECTIO=y
CONFIG_NFSD=m
CONFIG_NFSD_V3=y
# CONFIG_NFSD_V3_ACL is not set
CONFIG_NFSD_V4=y
CONFIG_NFSD_TCP=y
CONFIG_LOCKD=m
CONFIG_LOCKD_V4=y
CONFIG_EXPORTFS=m
CONFIG_NFS_COMMON=y
CONFIG_SUNRPC=m
CONFIG_SUNRPC_GSS=m
# CONFIG_SUNRPC_BIND34 is not set
CONFIG_RPCSEC_GSS_KRB5=m
CONFIG_RPCSEC_GSS_SPKM3=m
CONFIG_SMB_FS=m
# CONFIG_SMB_NLS_DEFAULT is not set
CONFIG_CIFS=m
# CONFIG_CIFS_STATS is not set
# CONFIG_CIFS_WEAK_PW_HASH is not set
# CONFIG_CIFS_XATTR is not set
# CONFIG_CIFS_DEBUG2 is not set
# CONFIG_CIFS_EXPERIMENTAL is not set
# CONFIG_NCP_FS is not set
# CONFIG_CODA_FS is not set
# CONFIG_AFS_FS is not set
#
# Partition Types
#
# CONFIG_PARTITION_ADVANCED is not set
CONFIG_MSDOS_PARTITION=y
CONFIG_NLS=y
CONFIG_NLS_DEFAULT="cp437"
CONFIG_NLS_CODEPAGE_437=m
CONFIG_NLS_CODEPAGE_737=m
CONFIG_NLS_CODEPAGE_775=m
CONFIG_NLS_CODEPAGE_850=m
CONFIG_NLS_CODEPAGE_852=m
CONFIG_NLS_CODEPAGE_855=m
CONFIG_NLS_CODEPAGE_857=m
CONFIG_NLS_CODEPAGE_860=m
CONFIG_NLS_CODEPAGE_861=m
CONFIG_NLS_CODEPAGE_862=m
CONFIG_NLS_CODEPAGE_863=m
CONFIG_NLS_CODEPAGE_864=m
CONFIG_NLS_CODEPAGE_865=m
CONFIG_NLS_CODEPAGE_866=m
CONFIG_NLS_CODEPAGE_869=m
CONFIG_NLS_CODEPAGE_936=m
CONFIG_NLS_CODEPAGE_950=m
CONFIG_NLS_CODEPAGE_932=m
CONFIG_NLS_CODEPAGE_949=m
CONFIG_NLS_CODEPAGE_874=m
CONFIG_NLS_ISO8859_8=m
CONFIG_NLS_CODEPAGE_1250=m
CONFIG_NLS_CODEPAGE_1251=m
CONFIG_NLS_ASCII=m
CONFIG_NLS_ISO8859_1=m
CONFIG_NLS_ISO8859_2=m
CONFIG_NLS_ISO8859_3=m
CONFIG_NLS_ISO8859_4=m
CONFIG_NLS_ISO8859_5=m
CONFIG_NLS_ISO8859_6=m
CONFIG_NLS_ISO8859_7=m
CONFIG_NLS_ISO8859_9=m
CONFIG_NLS_ISO8859_13=m
CONFIG_NLS_ISO8859_14=m
CONFIG_NLS_ISO8859_15=m
CONFIG_NLS_KOI8_R=m
CONFIG_NLS_KOI8_U=m
CONFIG_NLS_UTF8=m
# CONFIG_DLM is not set
CONFIG_INSTRUMENTATION=y
# CONFIG_PROFILING is not set
# CONFIG_KPROBES is not set
# CONFIG_MARKERS is not set
#
# Kernel hacking
#
CONFIG_TRACE_IRQFLAGS_SUPPORT=y
CONFIG_PRINTK_TIME=y
CONFIG_ENABLE_WARN_DEPRECATED=y
# CONFIG_ENABLE_MUST_CHECK is not set
CONFIG_MAGIC_SYSRQ=y
CONFIG_UNUSED_SYMBOLS=y
CONFIG_DEBUG_FS=y
# CONFIG_HEADERS_CHECK is not set
CONFIG_DEBUG_KERNEL=y
# CONFIG_DEBUG_SHIRQ is not set
CONFIG_DETECT_SOFTLOCKUP=y
# CONFIG_SCHED_DEBUG is not set
# CONFIG_SCHEDSTATS is not set
CONFIG_TIMER_STATS=y
# CONFIG_SLUB_DEBUG_ON is not set
# CONFIG_DEBUG_PREEMPT is not set
# CONFIG_DEBUG_RT_MUTEXES is not set
# CONFIG_RT_MUTEX_TESTER is not set
# CONFIG_DEBUG_SPINLOCK is not set
# CONFIG_DEBUG_MUTEXES is not set
# CONFIG_DEBUG_LOCK_ALLOC is not set
# CONFIG_PROVE_LOCKING is not set
# CONFIG_LOCK_STAT is not set
# CONFIG_DEBUG_SPINLOCK_SLEEP is not set
# CONFIG_DEBUG_LOCKING_API_SELFTESTS is not set
# CONFIG_DEBUG_KOBJECT is not set
CONFIG_DEBUG_BUGVERBOSE=y
# CONFIG_DEBUG_INFO is not set
# CONFIG_DEBUG_VM is not set
# CONFIG_DEBUG_LIST is not set
# CONFIG_DEBUG_SG is not set
# CONFIG_FRAME_POINTER is not set
# CONFIG_FORCED_INLINING is not set
# CONFIG_BOOT_PRINTK_DELAY is not set
# CONFIG_RCU_TORTURE_TEST is not set
# CONFIG_FAULT_INJECTION is not set
# CONFIG_SAMPLES is not set
CONFIG_EARLY_PRINTK=y
# CONFIG_DEBUG_STACKOVERFLOW is not set
# CONFIG_DEBUG_STACK_USAGE is not set
# CONFIG_DEBUG_RODATA is not set
# CONFIG_IOMMU_DEBUG is not set
#
# Security options
#
CONFIG_KEYS=y
CONFIG_KEYS_DEBUG_PROC_KEYS=y
CONFIG_SECURITY=y
CONFIG_SECURITY_NETWORK=y
# CONFIG_SECURITY_NETWORK_XFRM is not set
CONFIG_SECURITY_CAPABILITIES=y
CONFIG_SECURITY_FILE_CAPABILITIES=y
CONFIG_XOR_BLOCKS=m
CONFIG_ASYNC_CORE=m
CONFIG_ASYNC_MEMCPY=m
CONFIG_ASYNC_XOR=m
CONFIG_CRYPTO=y
CONFIG_CRYPTO_ALGAPI=y
CONFIG_CRYPTO_ABLKCIPHER=m
CONFIG_CRYPTO_AEAD=m
CONFIG_CRYPTO_BLKCIPHER=m
CONFIG_CRYPTO_HASH=y
CONFIG_CRYPTO_MANAGER=y
CONFIG_CRYPTO_HMAC=y
CONFIG_CRYPTO_XCBC=m
CONFIG_CRYPTO_NULL=m
CONFIG_CRYPTO_MD4=m
CONFIG_CRYPTO_MD5=y
CONFIG_CRYPTO_SHA1=m
CONFIG_CRYPTO_SHA256=m
CONFIG_CRYPTO_SHA512=m
CONFIG_CRYPTO_WP512=m
CONFIG_CRYPTO_TGR192=m
CONFIG_CRYPTO_GF128MUL=m
CONFIG_CRYPTO_ECB=m
CONFIG_CRYPTO_CBC=m
CONFIG_CRYPTO_PCBC=m
CONFIG_CRYPTO_LRW=m
CONFIG_CRYPTO_XTS=m
CONFIG_CRYPTO_CRYPTD=m
CONFIG_CRYPTO_DES=m
CONFIG_CRYPTO_FCRYPT=m
CONFIG_CRYPTO_BLOWFISH=m
CONFIG_CRYPTO_TWOFISH=m
CONFIG_CRYPTO_TWOFISH_COMMON=m
CONFIG_CRYPTO_TWOFISH_X86_64=m
CONFIG_CRYPTO_SERPENT=m
CONFIG_CRYPTO_AES=m
CONFIG_CRYPTO_AES_X86_64=m
CONFIG_CRYPTO_CAST5=m
CONFIG_CRYPTO_CAST6=m
CONFIG_CRYPTO_TEA=m
CONFIG_CRYPTO_ARC4=m
CONFIG_CRYPTO_KHAZAD=m
CONFIG_CRYPTO_ANUBIS=m
CONFIG_CRYPTO_SEED=m
CONFIG_CRYPTO_DEFLATE=m
CONFIG_CRYPTO_MICHAEL_MIC=m
CONFIG_CRYPTO_CRC32C=m
CONFIG_CRYPTO_CAMELLIA=m
CONFIG_CRYPTO_TEST=m
CONFIG_CRYPTO_AUTHENC=m
CONFIG_CRYPTO_HW=y
#
# Library routines
#
CONFIG_BITREVERSE=y
CONFIG_CRC_CCITT=m
CONFIG_CRC16=m
CONFIG_CRC_ITU_T=m
CONFIG_CRC32=y
CONFIG_CRC7=m
CONFIG_LIBCRC32C=m
CONFIG_ZLIB_INFLATE=m
CONFIG_ZLIB_DEFLATE=m
CONFIG_TEXTSEARCH=y
CONFIG_TEXTSEARCH_KMP=m
CONFIG_TEXTSEARCH_BM=m
CONFIG_TEXTSEARCH_FSM=m
CONFIG_PLIST=y
CONFIG_HAS_IOMEM=y
CONFIG_HAS_IOPORT=y
CONFIG_HAS_DMA=y