Date: Fri, 4 Aug 2000 12:49:47 -0700 (PDT)
From: Andre Hedrick <>
Subject: Re: Compilation problem in 2.4.0test5 : half-module IDE
Sender: linux-kernel-owner@vger.kernel.org
Precedence: bulk
List-ID: <linux-kernel.vger.kernel.org>
X-Mailing-List: linux-kernel@vger.kernel.org
X-Lkml-Link: https://lkml.org/lkml/2000/8/4/122

know about it and working on a fix
On Fri, 4 Aug 2000, Tomasz Wegrzanowski wrote:
> I menuconfig'ed linux kernel with :
> ATA/IDE/MFM/RLL support  --->
> 	<*> ATA/IDE/MFM/RLL support
> 	IDE, ATA and ATAPI Block devices  --->
> 		[in this subdir only modules]
> 
> and got error :
> 
> $ gcc --version
> 2.95.2
> $ make bzImage
> [snip]
> make -C  arch/i386/lib
> make[1]: Entering directory `/mnt/b1/taw/src/kernel/linux/arch/i386/lib'
> make all_targets
> make[2]: Entering directory `/mnt/b1/taw/src/kernel/linux/arch/i386/lib'
> make[2]: Nothing to be done for `all_targets'.
> make[2]: Leaving directory `/mnt/b1/taw/src/kernel/linux/arch/i386/lib'
> make[1]: Leaving directory `/mnt/b1/taw/src/kernel/linux/arch/i386/lib'
> ld -m elf_i386 -T /mnt/b1/taw/src/kernel/linux/arch/i386/vmlinux.lds -e stext arch/i386/kernel/head.o arch/i386/kernel/init_task.o init/main.o init/version.o \
> 	--start-group \
> 	arch/i386/kernel/kernel.o arch/i386/mm/mm.o kernel/kernel.o mm/mm.o fs/fs.o ipc/ipc.o \
> 	drivers/block/block.o drivers/char/char.o drivers/misc/misc.o drivers/net/net.o drivers/parport/parport.a  drivers/ide/idedriver.o drivers/scsi/scsidrv.o drivers/cdrom/cdrom.a drivers/pci/pci.a drivers/pnp/pnp.o drivers/video/video.o \
> 	net/network.o \
> 	/mnt/b1/taw/src/kernel/linux/arch/i386/lib/lib.a /mnt/b1/taw/src/kernel/linux/lib/lib.a /mnt/b1/taw/src/kernel/linux/arch/i386/lib/lib.a \
> 	--end-group \
> 	-o vmlinux
> drivers/ide/idedriver.o: In function `ide_xlate_1024':
> drivers/ide/idedriver.o(.text+0x1a5): undefined reference to `get_info_ptr'
> drivers/ide/idedriver.o(.text+0x2c7): undefined reference to `current_capacity'
> make: *** [vmlinux] Error 1
> 
> After changing :
> 	<*> ATA/IDE/MFM/RLL support
> to :
> 	<M> ATA/IDE/MFM/RLL support
> everything compilled well.
> 
> Relevant .config part is :
> --- start ---
> #
> # ATA/IDE/MFM/RLL support
> #
> CONFIG_IDE=y
> 
> #
> # IDE, ATA and ATAPI Block devices
> #
> CONFIG_BLK_DEV_IDE=m
> # CONFIG_BLK_DEV_HD_IDE is not set
> # CONFIG_BLK_DEV_HD is not set
> CONFIG_BLK_DEV_IDEDISK=m
> # CONFIG_IDEDISK_MULTI_MODE is not set
> # CONFIG_BLK_DEV_IDEDISK_VENDOR is not set
> # CONFIG_BLK_DEV_IDEDISK_FUJITSU is not set
> # CONFIG_BLK_DEV_IDEDISK_IBM is not set
> # CONFIG_BLK_DEV_IDEDISK_MAXTOR is not set
> # CONFIG_BLK_DEV_IDEDISK_QUANTUM is not set
> # CONFIG_BLK_DEV_IDEDISK_SEAGATE is not set
> # CONFIG_BLK_DEV_IDEDISK_WD is not set
> # CONFIG_BLK_DEV_COMMERIAL is not set
> # CONFIG_BLK_DEV_TIVO is not set
> # CONFIG_BLK_DEV_IDECS is not set
> CONFIG_BLK_DEV_IDECD=m
> # CONFIG_BLK_DEV_IDETAPE is not set
> # CONFIG_BLK_DEV_IDEFLOPPY is not set
> # CONFIG_BLK_DEV_IDESCSI is not set
> CONFIG_BLK_DEV_CMD640=y
> # CONFIG_BLK_DEV_CMD640_ENHANCED is not set
> # CONFIG_BLK_DEV_ISAPNP is not set
> CONFIG_BLK_DEV_RZ1000=y
> CONFIG_BLK_DEV_IDEPCI=y
> CONFIG_IDEPCI_SHARE_IRQ=y
> # CONFIG_BLK_DEV_IDEDMA_PCI is not set
> # CONFIG_BLK_DEV_OFFBOARD is not set
> # CONFIG_IDEDMA_PCI_AUTO is not set
> # CONFIG_BLK_DEV_IDEDMA is not set
> # CONFIG_IDEDMA_PCI_WIP is not set
> # CONFIG_IDEDMA_NEW_DRIVE_LISTINGS is not set
> # CONFIG_BLK_DEV_AEC62XX is not set
> # CONFIG_AEC62XX_TUNING is not set
> # CONFIG_BLK_DEV_ALI15X3 is not set
> # CONFIG_WDC_ALI15X3 is not set
> # CONFIG_BLK_DEV_AMD7409 is not set
> # CONFIG_AMD7409_OVERRIDE is not set
> # CONFIG_BLK_DEV_CMD64X is not set
> # CONFIG_BLK_DEV_CY82C693 is not set
> # CONFIG_BLK_DEV_CS5530 is not set
> # CONFIG_BLK_DEV_HPT34X is not set
> # CONFIG_HPT34X_AUTODMA is not set
> # CONFIG_BLK_DEV_HPT366 is not set
> # CONFIG_BLK_DEV_PIIX is not set
> # CONFIG_PIIX_TUNING is not set
> # CONFIG_BLK_DEV_NS87415 is not set
> # CONFIG_BLK_DEV_OPTI621 is not set
> # CONFIG_BLK_DEV_PDC202XX is not set
> # CONFIG_PDC202XX_BURST is not set
> # CONFIG_BLK_DEV_SIS5513 is not set
> # CONFIG_BLK_DEV_TRM290 is not set
> # CONFIG_BLK_DEV_VIA82CXXX is not set
> # CONFIG_VIA82CXXX_TUNING is not set
> # CONFIG_IDE_CHIPSETS is not set
> # CONFIG_IDEDMA_AUTO is not set
> # CONFIG_DMA_NONPCI is not set
> CONFIG_BLK_DEV_IDE_MODES=y
> ---- end ----
> 
> After change diff is :
> 182c182
> < CONFIG_IDE=y
> ---
> > CONFIG_IDE=m
> 
> -
> To unsubscribe from this list: send the line "unsubscribe linux-kernel" in
> the body of a message to majordomo@vger.rutgers.edu
> Please read the FAQ at 
http://www.tux.org/lkml/
> 
Andre Hedrick
The Linux ATA/IDE guy
diff -urN linux-2.4.0-t6-1-pristine/drivers/ide/Config.in linux-2.4.0-t6-1.release/drivers/ide/Config.in
--- linux-2.4.0-t6-1-pristine/drivers/ide/Config.in	Tue Jun 20 13:58:42 2000
+++ linux-2.4.0-t6-1.release/drivers/ide/Config.in	Tue Aug  1 00:26:43 2000
@@ -33,91 +33,89 @@
    dep_tristate '  SCSI emulation support' CONFIG_BLK_DEV_IDESCSI $CONFIG_BLK_DEV_IDE $CONFIG_SCSI
 
    comment 'IDE chipset support/bugfixes'
-   if [ "$CONFIG_BLK_DEV_IDE" != "n" ]; then
-      dep_bool '  CMD640 chipset bugfix/support' CONFIG_BLK_DEV_CMD640 $CONFIG_X86
-      dep_bool '    CMD640 enhanced support' CONFIG_BLK_DEV_CMD640_ENHANCED $CONFIG_BLK_DEV_CMD640
-      dep_bool '  ISA-PNP EIDE support' CONFIG_BLK_DEV_ISAPNP $CONFIG_ISAPNP
-      if [ "$CONFIG_PCI" = "y" ]; then
-	 dep_bool '  RZ1000 chipset bugfix/support' CONFIG_BLK_DEV_RZ1000 $CONFIG_X86
-	 bool '  Generic PCI IDE chipset support' CONFIG_BLK_DEV_IDEPCI
-	 if [ "$CONFIG_BLK_DEV_IDEPCI" = "y" ]; then
-	    bool '    Sharing PCI IDE interrupts support' CONFIG_IDEPCI_SHARE_IRQ
-	    bool '    Generic PCI bus-master DMA support' CONFIG_BLK_DEV_IDEDMA_PCI
-	    bool '    Boot off-board chipsets first support' CONFIG_BLK_DEV_OFFBOARD
-	    dep_bool '      Use PCI DMA by default when available' CONFIG_IDEDMA_PCI_AUTO $CONFIG_BLK_DEV_IDEDMA_PCI
-	    define_bool CONFIG_BLK_DEV_IDEDMA $CONFIG_BLK_DEV_IDEDMA_PCI
-	    dep_bool '      ATA Work(s) In Progress (EXPERIMENTAL)' CONFIG_IDEDMA_PCI_WIP $CONFIG_BLK_DEV_IDEDMA_PCI $CONFIG_EXPERIMENTAL
-	    dep_bool '      Good-Bad DMA Model-Firmware (WIP)' CONFIG_IDEDMA_NEW_DRIVE_LISTINGS $CONFIG_IDEDMA_PCI_WIP
-	    dep_bool '    AEC62XX chipset support' CONFIG_BLK_DEV_AEC62XX $CONFIG_BLK_DEV_IDEDMA_PCI
-	    dep_mbool '      AEC62XX Tuning support' CONFIG_AEC62XX_TUNING $CONFIG_BLK_DEV_AEC62XX
-	    dep_bool '    ALI M15x3 chipset support' CONFIG_BLK_DEV_ALI15X3 $CONFIG_BLK_DEV_IDEDMA_PCI
-	    dep_mbool '      ALI M15x3 WDC support (DANGEROUS)' CONFIG_WDC_ALI15X3 $CONFIG_BLK_DEV_ALI15X3
-	    dep_bool '    AMD Viper support' CONFIG_BLK_DEV_AMD7409 $CONFIG_BLK_DEV_IDEDMA_PCI
-	    dep_mbool '      AMD Viper ATA-66 Override (WIP)' CONFIG_AMD7409_OVERRIDE $CONFIG_BLK_DEV_AMD7409 $CONFIG_IDEDMA_PCI_WIP
-	    dep_bool '    CMD64X chipset support' CONFIG_BLK_DEV_CMD64X $CONFIG_BLK_DEV_IDEDMA_PCI
-	    dep_bool '    CY82C693 chipset support' CONFIG_BLK_DEV_CY82C693 $CONFIG_BLK_DEV_IDEDMA_PCI
-	    dep_bool '    Cyrix CS5530 MediaGX chipset support' CONFIG_BLK_DEV_CS5530 $CONFIG_BLK_DEV_IDEDMA_PCI
-  	    dep_bool '    HPT34X chipset support' CONFIG_BLK_DEV_HPT34X $CONFIG_BLK_DEV_IDEDMA_PCI
-	    dep_mbool '      HPT34X AUTODMA support (WIP)' CONFIG_HPT34X_AUTODMA $CONFIG_BLK_DEV_HPT34X $CONFIG_IDEDMA_PCI_WIP
-	    dep_bool '    HPT366 chipset support' CONFIG_BLK_DEV_HPT366 $CONFIG_BLK_DEV_IDEDMA_PCI
-	    if [ "$CONFIG_X86" = "y" -o "$CONFIG_IA64" = "y" ]; then
-	       dep_mbool '    Intel PIIXn chipsets support' CONFIG_BLK_DEV_PIIX $CONFIG_BLK_DEV_IDEDMA_PCI
-	       dep_mbool '      PIIXn Tuning support' CONFIG_PIIX_TUNING $CONFIG_BLK_DEV_PIIX $CONFIG_IDEDMA_PCI_AUTO
-	    fi
-	    dep_bool '    NS87415 chipset support (EXPERIMENTAL)' CONFIG_BLK_DEV_NS87415 $CONFIG_BLK_DEV_IDEDMA_PCI
-	    dep_bool '    OPTi 82C621 chipset enhanced support (EXPERIMENTAL)' CONFIG_BLK_DEV_OPTI621 $CONFIG_EXPERIMENTAL
-	    dep_bool '    PROMISE PDC20246/PDC20262/PDC20267 support' CONFIG_BLK_DEV_PDC202XX $CONFIG_BLK_DEV_IDEDMA_PCI
-	    dep_bool '      Special UDMA Feature' CONFIG_PDC202XX_BURST $CONFIG_BLK_DEV_PDC202XX
-	    dep_bool '    SiS5513 chipset support' CONFIG_BLK_DEV_SIS5513 $CONFIG_BLK_DEV_IDEDMA_PCI $CONFIG_X86
-	    dep_bool '    Tekram TRM290 chipset support (EXPERIMENTAL)' CONFIG_BLK_DEV_TRM290 $CONFIG_BLK_DEV_IDEDMA_PCI
-	    dep_bool '    VIA82CXXX chipset support' CONFIG_BLK_DEV_VIA82CXXX $CONFIG_BLK_DEV_IDEDMA_PCI
-	    dep_mbool '      VIA82CXXX Tuning support (WIP)' CONFIG_VIA82CXXX_TUNING $CONFIG_BLK_DEV_VIA82CXXX $CONFIG_IDEDMA_PCI_WIP
-         fi
-	 if [ "$CONFIG_PPC" = "y" -o "$CONFIG_ARM" = "y" ]; then
-	    bool '    Winbond SL82c105 support' CONFIG_BLK_DEV_SL82C105
-	 fi
-      fi
-      if [ "$CONFIG_PMAC" = "y" -o "$CONFIG_ALL_PPC" = "y" ]; then
-	 bool '    Builtin PowerMac IDE support' CONFIG_BLK_DEV_IDE_PMAC
-	 dep_bool '      PowerMac IDE DMA support' CONFIG_BLK_DEV_IDEDMA_PMAC $CONFIG_BLK_DEV_IDE_PMAC
-	 dep_bool '        Use DMA by default' CONFIG_IDEDMA_PMAC_AUTO $CONFIG_BLK_DEV_IDEDMA_PMAC
-	 define_bool CONFIG_BLK_DEV_IDEDMA $CONFIG_BLK_DEV_IDEDMA_PMAC
-	 define_bool CONFIG_BLK_DEV_IDEPCI $CONFIG_BLK_DEV_IDEDMA_PMAC
-      fi
-      if [ "$CONFIG_ARCH_ACORN" = "y" ]; then
-	 dep_bool '    ICS IDE interface support' CONFIG_BLK_DEV_IDE_ICSIDE $CONFIG_ARCH_ACORN
-	 dep_bool '      ICS DMA support' CONFIG_BLK_DEV_IDEDMA_ICS $CONFIG_BLK_DEV_IDE_ICSIDE
-	 dep_bool '        Use ICS DMA by default' CONFIG_IDEDMA_ICS_AUTO $CONFIG_BLK_DEV_IDEDMA_ICS
-	 define_bool CONFIG_BLK_DEV_IDEDMA $CONFIG_BLK_DEV_IDEDMA_ICS
-	 dep_bool '    RapIDE interface support' CONFIG_BLK_DEV_IDE_RAPIDE $CONFIG_ARCH_ACORN
-      fi
-      if [ "$CONFIG_AMIGA" = "y" ]; then
-	 dep_bool '    Amiga Gayle IDE interface support' CONFIG_BLK_DEV_GAYLE $CONFIG_AMIGA
-	 dep_mbool '      Amiga IDE Doubler support (EXPERIMENTAL)' CONFIG_BLK_DEV_IDEDOUBLER $CONFIG_BLK_DEV_GAYLE $CONFIG_EXPERIMENTAL
-      fi
-      if [ "$CONFIG_ZORRO" = "y" -a "$CONFIG_EXPERIMENTAL" = "y" ]; then
-	 dep_mbool '    Buddha/Catweasel IDE interface support (EXPERIMENTAL)' CONFIG_BLK_DEV_BUDDHA $CONFIG_ZORRO $CONFIG_EXPERIMENTAL
-      fi
-      if [ "$CONFIG_ATARI" = "y" ]; then
-	 dep_bool '    Falcon IDE interface support' CONFIG_BLK_DEV_FALCON_IDE $CONFIG_ATARI
-      fi
-      if [ "$CONFIG_MAC" = "y" ]; then
-	 dep_bool '    Macintosh Quadra/Powerbook IDE interface support' CONFIG_BLK_DEV_MAC_IDE $CONFIG_MAC
-      fi
 
-      bool '  Other IDE chipset support' CONFIG_IDE_CHIPSETS
-      if [ "$CONFIG_IDE_CHIPSETS" = "y" ]; then
-	 comment 'Note: most of these also require special kernel boot parameters'
-	 bool '    Generic 4 drives/port support' CONFIG_BLK_DEV_4DRIVES
-	 bool '    ALI M14xx support' CONFIG_BLK_DEV_ALI14XX
-	 bool '    DTC-2278 support' CONFIG_BLK_DEV_DTC2278
-	 bool '    Holtek HT6560B support' CONFIG_BLK_DEV_HT6560B
-	 if [ "$CONFIG_BLK_DEV_IDEDISK" = "y" -a "$CONFIG_EXPERIMENTAL" = "y" ]; then
-	    bool '    PROMISE DC4030 support (EXPERIMENTAL)' CONFIG_BLK_DEV_PDC4030
+   dep_bool '  CMD640 chipset bugfix/support' CONFIG_BLK_DEV_CMD640 $CONFIG_X86
+   dep_bool '    CMD640 enhanced support' CONFIG_BLK_DEV_CMD640_ENHANCED $CONFIG_BLK_DEV_CMD640
+   dep_bool '  ISA-PNP EIDE support' CONFIG_BLK_DEV_ISAPNP $CONFIG_ISAPNP
+   if [ "$CONFIG_PCI" = "y" ]; then
+      dep_bool '  RZ1000 chipset bugfix/support' CONFIG_BLK_DEV_RZ1000 $CONFIG_X86
+      bool '  Generic PCI IDE chipset support' CONFIG_BLK_DEV_IDEPCI
+      if [ "$CONFIG_BLK_DEV_IDEPCI" = "y" ]; then
+	 bool '    Sharing PCI IDE interrupts support' CONFIG_IDEPCI_SHARE_IRQ
+	 bool '    Generic PCI bus-master DMA support' CONFIG_BLK_DEV_IDEDMA_PCI
+	 bool '    Boot off-board chipsets first support' CONFIG_BLK_DEV_OFFBOARD
+	 dep_bool '      Use PCI DMA by default when available' CONFIG_IDEDMA_PCI_AUTO $CONFIG_BLK_DEV_IDEDMA_PCI
+	 define_bool CONFIG_BLK_DEV_IDEDMA $CONFIG_BLK_DEV_IDEDMA_PCI
+	 dep_bool '      ATA Work(s) In Progress (EXPERIMENTAL)' CONFIG_IDEDMA_PCI_WIP $CONFIG_BLK_DEV_IDEDMA_PCI $CONFIG_EXPERIMENTAL
+	 dep_bool '      Good-Bad DMA Model-Firmware (WIP)' CONFIG_IDEDMA_NEW_DRIVE_LISTINGS $CONFIG_IDEDMA_PCI_WIP
+	 dep_bool '    AEC62XX chipset support' CONFIG_BLK_DEV_AEC62XX $CONFIG_BLK_DEV_IDEDMA_PCI
+	 dep_mbool '      AEC62XX Tuning support' CONFIG_AEC62XX_TUNING $CONFIG_BLK_DEV_AEC62XX
+	 dep_bool '    ALI M15x3 chipset support' CONFIG_BLK_DEV_ALI15X3 $CONFIG_BLK_DEV_IDEDMA_PCI
+	 dep_mbool '      ALI M15x3 WDC support (DANGEROUS)' CONFIG_WDC_ALI15X3 $CONFIG_BLK_DEV_ALI15X3
+	 dep_bool '    AMD Viper support' CONFIG_BLK_DEV_AMD7409 $CONFIG_BLK_DEV_IDEDMA_PCI
+	 dep_mbool '      AMD Viper ATA-66 Override (WIP)' CONFIG_AMD7409_OVERRIDE $CONFIG_BLK_DEV_AMD7409 $CONFIG_IDEDMA_PCI_WIP
+	 dep_bool '    CMD64X chipset support' CONFIG_BLK_DEV_CMD64X $CONFIG_BLK_DEV_IDEDMA_PCI
+	 dep_bool '    CY82C693 chipset support' CONFIG_BLK_DEV_CY82C693 $CONFIG_BLK_DEV_IDEDMA_PCI
+	 dep_bool '    Cyrix CS5530 MediaGX chipset support' CONFIG_BLK_DEV_CS5530 $CONFIG_BLK_DEV_IDEDMA_PCI
+  	 dep_bool '    HPT34X chipset support' CONFIG_BLK_DEV_HPT34X $CONFIG_BLK_DEV_IDEDMA_PCI
+	 dep_mbool '      HPT34X AUTODMA support (WIP)' CONFIG_HPT34X_AUTODMA $CONFIG_BLK_DEV_HPT34X $CONFIG_IDEDMA_PCI_WIP
+	 dep_bool '    HPT366 chipset support' CONFIG_BLK_DEV_HPT366 $CONFIG_BLK_DEV_IDEDMA_PCI
+	 if [ "$CONFIG_X86" = "y" -o "$CONFIG_IA64" = "y" ]; then
+	    dep_mbool '    Intel PIIXn chipsets support' CONFIG_BLK_DEV_PIIX $CONFIG_BLK_DEV_IDEDMA_PCI
+	    dep_mbool '      PIIXn Tuning support' CONFIG_PIIX_TUNING $CONFIG_BLK_DEV_PIIX $CONFIG_IDEDMA_PCI_AUTO
 	 fi
-	 bool '    QDI QD6580 support' CONFIG_BLK_DEV_QD6580
-	 bool '    UMC-8672 support' CONFIG_BLK_DEV_UMC8672
+	 dep_bool '    NS87415 chipset support (EXPERIMENTAL)' CONFIG_BLK_DEV_NS87415 $CONFIG_BLK_DEV_IDEDMA_PCI
+	 dep_bool '    OPTi 82C621 chipset enhanced support (EXPERIMENTAL)' CONFIG_BLK_DEV_OPTI621 $CONFIG_EXPERIMENTAL
+	 dep_bool '    PROMISE PDC20246/PDC20262/PDC20267 support' CONFIG_BLK_DEV_PDC202XX $CONFIG_BLK_DEV_IDEDMA_PCI
+	 dep_bool '      Special UDMA Feature' CONFIG_PDC202XX_BURST $CONFIG_BLK_DEV_PDC202XX
+	 dep_bool '    SiS5513 chipset support' CONFIG_BLK_DEV_SIS5513 $CONFIG_BLK_DEV_IDEDMA_PCI $CONFIG_X86
+	 dep_bool '    Tekram TRM290 chipset support (EXPERIMENTAL)' CONFIG_BLK_DEV_TRM290 $CONFIG_BLK_DEV_IDEDMA_PCI
+	 dep_bool '    VIA82CXXX chipset support' CONFIG_BLK_DEV_VIA82CXXX $CONFIG_BLK_DEV_IDEDMA_PCI
+	 dep_mbool '      VIA82CXXX Tuning support (WIP)' CONFIG_VIA82CXXX_TUNING $CONFIG_BLK_DEV_VIA82CXXX $CONFIG_IDEDMA_PCI_WIP
+      fi
+      if [ "$CONFIG_PPC" = "y" -o "$CONFIG_ARM" = "y" ]; then
+         bool '    Winbond SL82c105 support' CONFIG_BLK_DEV_SL82C105
+      fi
+   fi
+   if [ "$CONFIG_PMAC" = "y" -o "$CONFIG_ALL_PPC" = "y" ]; then
+      bool '    Builtin PowerMac IDE support' CONFIG_BLK_DEV_IDE_PMAC
+      dep_bool '      PowerMac IDE DMA support' CONFIG_BLK_DEV_IDEDMA_PMAC $CONFIG_BLK_DEV_IDE_PMAC
+      dep_bool '        Use DMA by default' CONFIG_IDEDMA_PMAC_AUTO $CONFIG_BLK_DEV_IDEDMA_PMAC
+      define_bool CONFIG_BLK_DEV_IDEDMA $CONFIG_BLK_DEV_IDEDMA_PMAC
+      define_bool CONFIG_BLK_DEV_IDEPCI $CONFIG_BLK_DEV_IDEDMA_PMAC
+   fi
+   if [ "$CONFIG_ARCH_ACORN" = "y" ]; then
+      dep_bool '    ICS IDE interface support' CONFIG_BLK_DEV_IDE_ICSIDE $CONFIG_ARCH_ACORN
+      dep_bool '      ICS DMA support' CONFIG_BLK_DEV_IDEDMA_ICS $CONFIG_BLK_DEV_IDE_ICSIDE
+      dep_bool '        Use ICS DMA by default' CONFIG_IDEDMA_ICS_AUTO $CONFIG_BLK_DEV_IDEDMA_ICS
+      define_bool CONFIG_BLK_DEV_IDEDMA $CONFIG_BLK_DEV_IDEDMA_ICS
+      dep_bool '    RapIDE interface support' CONFIG_BLK_DEV_IDE_RAPIDE $CONFIG_ARCH_ACORN
+   fi
+   if [ "$CONFIG_AMIGA" = "y" ]; then
+      dep_bool '    Amiga Gayle IDE interface support' CONFIG_BLK_DEV_GAYLE $CONFIG_AMIGA
+      dep_mbool '      Amiga IDE Doubler support (EXPERIMENTAL)' CONFIG_BLK_DEV_IDEDOUBLER $CONFIG_BLK_DEV_GAYLE $CONFIG_EXPERIMENTAL
+   fi
+   if [ "$CONFIG_ZORRO" = "y" -a "$CONFIG_EXPERIMENTAL" = "y" ]; then
+      dep_mbool '    Buddha/Catweasel IDE interface support (EXPERIMENTAL)' CONFIG_BLK_DEV_BUDDHA $CONFIG_ZORRO $CONFIG_EXPERIMENTAL
+   fi
+   if [ "$CONFIG_ATARI" = "y" ]; then
+      dep_bool '    Falcon IDE interface support' CONFIG_BLK_DEV_FALCON_IDE $CONFIG_ATARI
+   fi
+   if [ "$CONFIG_MAC" = "y" ]; then
+      dep_bool '    Macintosh Quadra/Powerbook IDE interface support' CONFIG_BLK_DEV_MAC_IDE $CONFIG_MAC
+   fi
+   bool '  Other IDE chipset support' CONFIG_IDE_CHIPSETS
+   if [ "$CONFIG_IDE_CHIPSETS" = "y" ]; then
+      comment 'Note: most of these also require special kernel boot parameters'
+      bool '    Generic 4 drives/port support' CONFIG_BLK_DEV_4DRIVES
+      bool '    ALI M14xx support' CONFIG_BLK_DEV_ALI14XX
+      bool '    DTC-2278 support' CONFIG_BLK_DEV_DTC2278
+      bool '    Holtek HT6560B support' CONFIG_BLK_DEV_HT6560B
+      if [ "$CONFIG_BLK_DEV_IDEDISK" = "y" -a "$CONFIG_EXPERIMENTAL" = "y" ]; then
+	 bool '    PROMISE DC4030 support (EXPERIMENTAL)' CONFIG_BLK_DEV_PDC4030
       fi
+      bool '    QDI QD6580 support' CONFIG_BLK_DEV_QD6580
+      bool '    UMC-8672 support' CONFIG_BLK_DEV_UMC8672
    fi
 else
    bool 'Old hard disk (MFM/RLL/IDE) driver' CONFIG_BLK_DEV_HD_ONLY
diff -urN linux-2.4.0-t6-1-pristine/drivers/ide/ide-geometry.c linux-2.4.0-t6-1.release/drivers/ide/ide-geometry.c
--- linux-2.4.0-t6-1-pristine/drivers/ide/ide-geometry.c	Tue Jun 20 07:52:36 2000
+++ linux-2.4.0-t6-1.release/drivers/ide/ide-geometry.c	Tue Aug  1 00:46:06 2000
@@ -8,8 +8,19 @@
 
 #include <asm/io.h>
 
+#ifdef CONFIG_BLK_DEV_IDE
 extern ide_drive_t * get_info_ptr(kdev_t);
-extern unsigned long current_capacity (ide_drive_t *);
+#else /* !CONFIG_BLK_DEV_IDE */
+
+/*
+ * this is ugly nasty but will get 2.4.0 out the door.
+ */
+
+ide_drive_t *get_info_ptr (kdev_t i_rdev)
+{
+	return NULL;
+}
+#endif /* CONFIG_BLK_DEV_IDE */
 
 /*
  * We query CMOS about hard disks : it could be that we have a SCSI/ESDI/etc
@@ -204,7 +215,7 @@
 		ret = 1;
 	}
 
-	drive->part[0].nr_sects = current_capacity(drive);
+	drive->part[0].nr_sects = DRIVER(drive)->capacity(drive);
 
 	if (ret)
 		printk("%s%s [%d/%d/%d]", msg, msg1,