Date: Thu, 24 Apr 2003 16:51:22 -0400 (EDT)
From: "C. Scott Ananian" <>
Subject: Oops in ide_init_drive on PCMCIA CF card insert.
Sender: linux-kernel-owner@vger.kernel.org
Precedence: bulk
List-ID: <linux-kernel.vger.kernel.org>
X-Mailing-List: linux-kernel@vger.kernel.org
X-Lkml-Link: https://lkml.org/lkml/2003/4/24/294

The 2.5.68 kernel oopses in ide_init_drive every time I insert a PCMCIA CF
card in my IBM Thinkpad X21.  Also happens in 2.5.67 (and likely earlier
kernels as well).  Works correctly in 2.4.<mumble>.  This is using the
kernel PCMCIA code.
Abbreviated dmesg output: (full output attached)
Linux version 2.5.68 (root@skiffserv) (gcc version 3.2.3 20030415 (Debian prerelease)) #1 Thu Apr 24 15:34:23 EDT 2003
[...]
 psparse-0474 [12] ps_parse_loop         : get_predicate Failed, AE_AML_NO_RETURN_VALUE
 psparse-1121: *** Error: Method execution failed [\_SB_.PCI0._INI] (Node d7f25e6c), AE_AML_NO_RETURN_VALUE
  nsinit-0397 [06] ns_init_one_device    : \_SB_.PCI0._INI failed: AE_AML_NO_RETURN_VALUE
[...]
SBF: ACPI BOOT descriptor is wrong length (39)
[...]
hda: HITACHI_DK23BA-20B, ATA DISK drive
ide0 at 0x1f0-0x1f7,0x3f6 on irq 14
[...]
cs4281: version v1.13.32 time 15:47:17 Apr 24 2003
Disabled Privacy Extensions on device c040e540(lo)
cs: warning: no high memory space available!
cs: unable to map card memory!
cs: unable to map card memory!
cs: unable to map card memory!
cs: unable to map card memory!
cs: unable to map card memory!
cs: unable to map card memory!
cs: IO port probe 0x0c00-0x0cff: clean.
[...]
eth1: New link status: Connected (0001)
Module cs4281 cannot be unloaded due to unsafe usage in include/linux/module.h:428
hde: SanDisk SDCFB-128, CFA DISK drive
Unable to handle kernel NULL pointer dereference at virtual address 00000000
 printing eip:
00000000
*pde = 00000000
Oops: 0000 [#1]
CPU:    0
EIP:    0060:[<00000000>]    Not tainted
EFLAGS: 00010296
EIP is at 0x0
eax: c048e790   ebx: c048e83c   ecx: 00000000   edx: 00000000
esi: d68c65e0   edi: c048e83c   ebp: c256557c   esp: c256556c
ds: 007b   es: 007b   ss: 0068
Process cardmgr (pid: 355, threadinfo=c2564000 task=d77a92a0)
Stack: c028042b c048e83c 00000001 c048e790 c25655c0 c02806b8 c048e83c c027ed00 
       04000000 c048e7a0 d68c65e0 d68c6b2c 00000000 c048e7a0 c2564000 c2564000 
       00000000 00000000 c048e790 c048e790 c048e7a0 c25655e8 c0280cd8 c048e790 
Call Trace:
 [<c028042b>] ide_init_drive+0x2b/0x40
 [<c02806b8>] init_irq+0x278/0x460
 [<c027ed00>] ide_intr+0x0/0x180
 [<c0280cd8>] hwif_init+0xb8/0x250
 [<c0281148>] ideprobe_init+0x108/0x11d
 [<c02a7ae3>] yenta_set_io_map+0x173/0x1b0
 [<c0286b93>] ide_probe_module+0x13/0x20
 [<c0287785>] ide_register_hw+0x155/0x180
 [<d88a82a3>] idecs_register+0x63/0x80 [ide_cs]
 [<d88a877e>] ide_config+0x4be/0x880 [ide_cs]
 [<d88a87de>] ide_config+0x51e/0x880 [ide_cs]
 [<c02a6f00>] pci_get_socket+0x20/0x40
 [<c029d300>] set_cis_map+0x0/0x110
 [<c029d61d>] read_cis_mem+0x20d/0x250
 [<c029e295>] pcmcia_get_tuple_data+0x95/0xa0
 [<c029f64c>] pcmcia_parse_tuple+0x10c/0x170
 [<c02a7205>] exca_writew+0x65/0x80
 [<c02a7d2c>] yenta_set_mem_map+0x20c/0x270
 [<c029e1ae>] pcmcia_get_next_tuple+0x26e/0x2c0
 [<c029dcf5>] pcmcia_get_first_tuple+0xb5/0x160
 [<c02a7205>] exca_writew+0x65/0x80
 [<c02a7d2c>] yenta_set_mem_map+0x20c/0x270
 [<c029d301>] set_cis_map+0x1/0x110
 [<c02a6f00>] pci_get_socket+0x20/0x40
 [<c029d300>] set_cis_map+0x0/0x110
 [<c029d61d>] read_cis_mem+0x20d/0x250
 [<c029e295>] pcmcia_get_tuple_data+0x95/0xa0
 [<c029f64c>] pcmcia_parse_tuple+0x10c/0x170
 [<c02a7205>] exca_writew+0x65/0x80
 [<c02a7d2c>] yenta_set_mem_map+0x20c/0x270
 [<c029e1ae>] pcmcia_get_next_tuple+0x26e/0x2c0
 [<c029dcf5>] pcmcia_get_first_tuple+0xb5/0x160
 [<c029d9fb>] read_cis_cache+0x16b/0x1c0
 [<c029e1ae>] pcmcia_get_next_tuple+0x26e/0x2c0
 [<c029f82f>] pcmcia_validate_cis+0xff/0x1e0
 [<c01560bb>] bh_lru_install+0xcb/0x110
 [<c013d99b>] check_poison_obj+0x3b/0x1b0
 [<c013d99b>] check_poison_obj+0x3b/0x1b0
 [<d88a8cd8>] ide_event+0x68/0x100 [ide_cs]
 [<c02a3ae6>] pcmcia_register_client+0x206/0x2a0
 [<d88a9560>] dev_info+0x0/0x20 [ide_cs]
 [<c018e49b>] ext2_new_block+0x12b/0x530
 [<c013d99b>] check_poison_obj+0x3b/0x1b0
 [<c029d341>] set_cis_map+0x41/0x110
 [<c02a4ffb>] CardServices+0x1ab/0x360
 [<d88a804d>] ide_attach+0x1d/0x150 [ide_cs]
 [<d88a8137>] ide_attach+0x107/0x150 [ide_cs]
 [<d88a9560>] dev_info+0x0/0x20 [ide_cs]
 [<d88a8c70>] ide_event+0x0/0x100 [ide_cs]
 [<c013f14c>] kmalloc+0x15c/0x190
 [<c02a5cc4>] bind_request+0x104/0x160
 [<c01ff922>] __copy_from_user_ll+0x72/0x78
 [<d88a9560>] dev_info+0x0/0x20 [ide_cs]
 [<c02a6840>] ds_ioctl+0x5e0/0x6f0
 [<c02c8fff>] sock_def_readable+0x7f/0x90
 [<c031db9f>] unix_dgram_sendmsg+0x35f/0x560
 [<c02c5bde>] sock_sendmsg+0x8e/0xb0
 [<c0119cb6>] do_page_fault+0x276/0x4b4
 [<c011bc19>] schedule+0x1a9/0x3c0
 [<c011bf82>] __wake_up_locked+0x22/0x30
 [<c014405e>] zap_pmd_range+0x4e/0x70
 [<c01440ce>] unmap_page_range+0x4e/0x90
 [<c01441f3>] unmap_vmas+0xe3/0x260
 [<c0147cef>] unmap_vma_list+0x1f/0x30
 [<c0147cef>] unmap_vma_list+0x1f/0x30
 [<c01480b4>] do_munmap+0x164/0x1c0
 [<c0164cd0>] sys_ioctl+0x100/0x280
 [<c01094eb>] syscall_call+0x7/0xb
Code:  Bad EIP value.
 
--------
Hope this helps someone find/fix the problem!
 --scott
Saddam Hussein World Trade Center Delta Force jihad pending Minister 
non-violent protest Cocaine TASS immediate cryptographic milita Waihopai 
                         ( 
http://cscott.net/
 )
Linux version 2.5.68 (root@skiffserv) (gcc version 3.2.3 20030415 (Debian prerelease)) #1 Thu Apr 24 15:34:23 EDT 2003
Video mode to be used for restore is f00
BIOS-provided physical RAM map:
 BIOS-e820: 0000000000000000 - 000000000009f800 (usable)
 BIOS-e820: 000000000009f800 - 00000000000a0000 (reserved)
 BIOS-e820: 00000000000dd400 - 0000000000100000 (reserved)
 BIOS-e820: 0000000000100000 - 0000000017ff0000 (usable)
 BIOS-e820: 0000000017ff0000 - 0000000017ffec00 (ACPI data)
 BIOS-e820: 0000000017ffec00 - 0000000018000000 (ACPI NVS)
 BIOS-e820: 00000000fff80000 - 0000000100000000 (reserved)
383MB LOWMEM available.
On node 0 totalpages: 98288
  DMA zone: 4096 pages, LIFO batch:1
  Normal zone: 94192 pages, LIFO batch:16
  HighMem zone: 0 pages, LIFO batch:1
ACPI: RSDP (v000 PTLTD                      ) @ 0x000f74b0
ACPI: RSDT (v001 PTLTD    RSDT   01540.00000) @ 0x17ff5ed3
ACPI: FADT (v001 IBM    TP-X21   01540.00000) @ 0x17ffeb65
ACPI: BOOT (v001 PTLTD  $SBFTBL$ 01540.00000) @ 0x17ffebd9
ACPI: DSDT (v001 IBM    TP-X21   01540.00000) @ 0x00000000
ACPI: BIOS passes blacklist
ACPI: MADT not present
IBM machine detected. Enabling interrupts during APM calls.
IBM machine detected. Disabling SMBus accesses.
Building zonelist for node : 0
Kernel command line: auto BOOT_IMAGE=Linux ro root=301 resume=/dev/hda2
Local APIC disabled by BIOS -- reenabling.
Could not enable APIC!
Initializing CPU#0
PID hash table entries: 2048 (order 11: 16384 bytes)
Detected 697.223 MHz processor.
Console: colour VGA+ 80x25
Calibrating delay loop... 1376.25 BogoMIPS
Memory: 384732k/393152k available (2447k kernel code, 7668k reserved, 917k data, 140k init, 0k highmem)
Dentry cache hash table entries: 65536 (order: 6, 262144 bytes)
Inode-cache hash table entries: 32768 (order: 5, 131072 bytes)
Mount-cache hash table entries: 512 (order: 0, 4096 bytes)
-> /dev
-> /dev/console
-> /root
CPU: L1 I cache: 16K, L1 D cache: 16K
CPU: L2 cache: 256K
CPU:     After generic, caps: 0383f9ff 00000000 00000000 00000000
Intel machine check architecture supported.
Intel machine check reporting enabled on CPU#0.
CPU: Intel Pentium III (Coppermine) stepping 0a
Enabling fast FPU save and restore... done.
Enabling unmasked SIMD FPU exception support... done.
Checking 'hlt' instruction... OK.
POSIX conformance testing by UNIFIX
Initializing RT netlink socket
mtrr: v2.0 (20020519)
PCI: PCI BIOS revision 2.10 entry at 0xfd94f, last bus=7
PCI: Using configuration type 1
BIO: pool of 256 setup, 14Kb (56 bytes/bio)
biovec pool[0]:   1 bvecs: 256 entries (12 bytes)
biovec pool[1]:   4 bvecs: 256 entries (48 bytes)
biovec pool[2]:  16 bvecs: 256 entries (192 bytes)
biovec pool[3]:  64 bvecs: 256 entries (768 bytes)
biovec pool[4]: 128 bvecs: 256 entries (1536 bytes)
biovec pool[5]: 256 bvecs: 256 entries (3072 bytes)
ACPI: Subsystem revision 20030328
 tbxface-0117 [03] acpi_load_tables      : ACPI Tables successfully acquired
Parsing all Control Methods:.........................................................................................................................................................................................................................................................................................................................................
Table [DSDT] - 1095 Objects with 50 Devices 329 Methods 19 Regions
ACPI Namespace successfully loaded at root c04847fc
evxfevnt-0093 [04] acpi_enable           : Transition to ACPI mode successful
evgpeblk-0731 [06] ev_create_gpe_block   : GPE Block: [_GPE] 2 registers at 000000000000100C on interrupt 9
evgpeblk-0736 [06] ev_create_gpe_block   : GPE Block defined as GPE 0x00 to GPE 0x0F
evgpeblk-0262 [07] ev_save_method_info   : Registered GPE method _L0B as GPE number 0x0B
Executing all Device _STA and_INI methods:.........dswstate-0209 [13] ds_result_pop         : Result stack is empty! State=d7dac828
 dswexec-0104 [13] ds_get_predicate_value: Could not get result from predicate evaluation, AE_AML_NO_RETURN_VALUE
 psparse-0470 [12] ps_parse_loop         : Invoked method did not return a value, AE_AML_NO_RETURN_VALUE
 psparse-0474 [12] ps_parse_loop         : get_predicate Failed, AE_AML_NO_RETURN_VALUE
 psparse-1121: *** Error: Method execution failed [\_SB_.PCI0._INI] (Node d7f25e6c), AE_AML_NO_RETURN_VALUE
  nsinit-0397 [06] ns_init_one_device    : \_SB_.PCI0._INI failed: AE_AML_NO_RETURN_VALUE
....................................
45 Devices found containing: 45 _STA, 5 _INI methods
Completing Region/Field/Buffer/Package initialization:......................................................................................................................................
Initialized 10/19 Regions 62/79 Fields 39/41 Buffers 23/23 Packages (1095 nodes)
ACPI: Interpreter enabled
ACPI: Using PIC for interrupt routing
ACPI: PCI Interrupt Link [LNKA] (IRQs 9 *11)
ACPI: PCI Interrupt Link [LNKB] (IRQs 9 *11)
ACPI: PCI Interrupt Link [LNKC] (IRQs 9 *11)
ACPI: PCI Interrupt Link [LNKD] (IRQs 9 *11)
ACPI: PCI Root Bridge [PCI0] (00:00)
PCI: Probing PCI hardware (bus 00)
ACPI: PCI Interrupt Routing Table [\_SB_.PCI0._PRT]
ACPI: PCI Interrupt Routing Table [\_SB_.PCI0.AGP_._PRT]
ACPI: Power Resource [PSIO] (on)
ACPI: Power Resource [PSER] (off)
ACPI: Embedded Controller [EC] (gpe 9)
Linux Plug and Play Support v0.96 (c) Adam Belay
block request queues:
 128 requests per read queue
 128 requests per write queue
 8 requests per batch
 enter congestion at 15
 exit congestion at 17
Linux Kernel Card Services 3.1.22
  options:  [pci] [cardbus] [pm]
drivers/usb/core/usb.c: registered new driver usbfs
drivers/usb/core/usb.c: registered new driver hub
PCI: Using ACPI for IRQ routing
PCI: if you experience problems, try using option 'pci=noacpi' or even 'acpi=off'
SBF: ACPI BOOT descriptor is wrong length (39)
SBF: Simple Boot Flag extension found and enabled.
SBF: Setting boot flags 0x1
Machine check exception polling timer started.
cpufreq: Intel(R) SpeedStep(TM) for this chipset not (yet) available.
Enabling SEP on CPU 0
Total HugeTLB memory allocated, 0
Journalled Block Device driver loaded
Installing knfsd (copyright (C) 1996 okir@monad.swb.de).
Initializing Cryptographic API
Limiting direct PCI/PCI transfers.
ACPI: AC Adapter [AC] (on-line)
ACPI: Battery Slot [BAT0] (battery present)
ACPI: Power Button (FF) [PWRF]
ACPI: Lid Switch [LID]
ACPI: Sleep Button (CM) [SLPB]
ACPI: Processor [CPU] (supports C1 C2 C3, 8 throttling states)
ACPI: Thermal Zone [THM0] (60 C)
pty: 256 Unix98 ptys configured
Linux agpgart interface v0.100 (c) Dave Jones
agpgart: Detected Intel 440BX chipset
agpgart: Maximum main memory to use for agp memory: 321M
agpgart: AGP aperture is 64M @ 0xf8000000
Floppy drive(s): fd0 is 1.44M
FDC 0 is a National Semiconductor PC87306
loop: loaded (max 8 devices)
eepro100.c:v1.09j-t 9/29/99 Donald Becker 
http://www.scyld.com/network/eepro100.html
eepro100.c: $Revision: 1.36 $ 2000/11/17 Modified by Andrey V. Savochkin <saw@saw.sw.com.sg> and others
eth0: OEM i82557/i82558 10/100 Ethernet, 00:03:47:B7:1D:7E, IRQ 11.
  Board assembly a30469-008, Physical connectors present: RJ45
  Primary interface chip i82555 PHY #1.
    Secondary interface chip i82555.
  General self-test: passed.
  Serial sub-system self-test: passed.
  Internal registers self-test: passed.
  ROM checksum self-test: passed (0x3258698e).
orinoco.c 0.13a (David Gibson <hermes@gibson.dropbear.id.au> and others)
hermes.c: 4 Jul 2002 David Gibson <hermes@gibson.dropbear.id.au>
orinoco_cs.c 0.13a (David Gibson <hermes@gibson.dropbear.id.au> and others)
Uniform Multi-Platform E-IDE driver Revision: 7.00alpha2
ide: Assuming 33MHz system bus speed for PIO modes; override with idebus=xx
PIIX4: IDE controller at PCI slot 00:07.1
PIIX4: chipset revision 1
PIIX4: not 100% native mode: will probe irqs later
    ide0: BM-DMA at 0x1800-0x1807, BIOS settings: hda:DMA, hdb:pio
    ide1: BM-DMA at 0x1808-0x180f, BIOS settings: hdc:pio, hdd:pio
hda: HITACHI_DK23BA-20B, ATA DISK drive
ide0 at 0x1f0-0x1f7,0x3f6 on irq 14
hda: host protected area => 1
hda: 39070080 sectors (20004 MB) w/2048KiB Cache, CHS=41344/15/63, UDMA(33)
 hda: hda1 hda2
Yenta IRQ list 04b8, PCI irq11
Socket status: 30000410
Yenta IRQ list 04b8, PCI irq11
Socket status: 30000816
Intel PCIC probe: not found.
drivers/usb/host/uhci-hcd.c: USB Universal Host Controller Interface driver v2.0
uhci-hcd 00:07.2: Intel Corp. 82371AB/EB/MB PIIX4 
uhci-hcd 00:07.2: irq 11, io base 00001820
Please use the 'usbfs' filetype instead, the 'usbdevfs' name is deprecated.
uhci-hcd 00:07.2: new USB bus registered, assigned bus number 1
hub 1-0:0: USB hub found
hub 1-0:0: 2 ports detected
mice: PS/2 mouse device common for all mice
input: PC Speaker
input: PS/2 Generic Mouse on isa0060/serio1
serio: i8042 AUX port at 0x60,0x64 irq 12
input: AT Set 2 keyboard on isa0060/serio0
serio: i8042 KBD port at 0x60,0x64 irq 1
NET4: Linux TCP/IP 1.0 for NET4.0
IP: routing cache hash table of 4096 buckets, 32Kbytes
TCP: Hash tables configured (established 32768 bind 65536)
Initializing IPsec netlink socket
NET4: Unix domain sockets 1.0/SMP for Linux NET4.0.
IPv6 v0.8 for NET4.0
IPv6 over IPv4 tunneling driver
BIOS EDD facility v0.09 2003-Jan-22, 1 devices found
VFS: Mounted root (ext2 filesystem) readonly.
Freeing unused kernel memory: 140k freed
hub 1-0:0: debounce: port 1: delay 100ms stable 4 status 0x101
hub 1-0:0: new USB device on port 1, assigned address 2
hub 1-1:0: USB hub found
hub 1-1:0: 2 ports detected
hub 1-1:0: debounce: port 2: delay 100ms stable 4 status 0x101
hub 1-1:0: new USB device on port 2, assigned address 3
Adding 491392k swap on /dev/hda2.  Priority:-1 extents:1
warning: process `update' used the obsolete bdflush system call
Fix your initscripts?
Real Time Clock Driver v1.11
cs4281: version v1.13.32 time 15:47:17 Apr 24 2003
Disabled Privacy Extensions on device c040e540(lo)
cs: warning: no high memory space available!
cs: unable to map card memory!
cs: unable to map card memory!
cs: unable to map card memory!
cs: unable to map card memory!
cs: unable to map card memory!
cs: unable to map card memory!
cs: IO port probe 0x0c00-0x0cff: clean.
cs: IO port probe 0x0800-0x08ff: clean.
cs: IO port probe 0x0100-0x04ff: excluding 0x170-0x177 0x370-0x377 0x3b8-0x3df 0x4d0-0x4d7
cs: IO port probe 0x0a00-0x0aff: clean.
eth1: Station identity 001f:0001:0006:0010
eth1: Looks like a Lucent/Agere firmware version 6.16
eth1: Ad-hoc demo mode supported
eth1: IEEE standard IBSS ad-hoc mode supported
eth1: WEP supported, 104-bit key
eth1: MAC address 00:02:2D:3C:D8:B2
eth1: Station name "HERMES I"
eth1: ready
eth1: index 0x01: Vcc 5.0, irq 3, io 0x0100-0x013f
eth1: New link status: Connected (0001)
Module irda cannot be unloaded due to unsafe usage in include/linux/module.h:428
parport0: PC-style at 0x3bc [PCSPP,TRISTATE]
parport0: cpp_daisy: aa5500ff(38)
parport0: assign_addrs: aa5500ff(38)
parport0: cpp_daisy: aa5500ff(38)
parport0: assign_addrs: aa5500ff(38)
lp0: using parport0 (polling).
eth1: New link status: Connected (0001)
Module cs4281 cannot be unloaded due to unsafe usage in include/linux/module.h:428
hde: SanDisk SDCFB-128, CFA DISK drive
Unable to handle kernel NULL pointer dereference at virtual address 00000000
 printing eip:
00000000
*pde = 00000000
Oops: 0000 [#1]
CPU:    0
EIP:    0060:[<00000000>]    Not tainted
EFLAGS: 00010296
EIP is at 0x0
eax: c048e790   ebx: c048e83c   ecx: 00000000   edx: 00000000
esi: d68c65e0   edi: c048e83c   ebp: c256557c   esp: c256556c
ds: 007b   es: 007b   ss: 0068
Process cardmgr (pid: 355, threadinfo=c2564000 task=d77a92a0)
Stack: c028042b c048e83c 00000001 c048e790 c25655c0 c02806b8 c048e83c c027ed00 
       04000000 c048e7a0 d68c65e0 d68c6b2c 00000000 c048e7a0 c2564000 c2564000 
       00000000 00000000 c048e790 c048e790 c048e7a0 c25655e8 c0280cd8 c048e790 
Call Trace:
 [<c028042b>] ide_init_drive+0x2b/0x40
 [<c02806b8>] init_irq+0x278/0x460
 [<c027ed00>] ide_intr+0x0/0x180
 [<c0280cd8>] hwif_init+0xb8/0x250
 [<c0281148>] ideprobe_init+0x108/0x11d
 [<c02a7ae3>] yenta_set_io_map+0x173/0x1b0
 [<c0286b93>] ide_probe_module+0x13/0x20
 [<c0287785>] ide_register_hw+0x155/0x180
 [<d88a82a3>] idecs_register+0x63/0x80 [ide_cs]
 [<d88a877e>] ide_config+0x4be/0x880 [ide_cs]
 [<d88a87de>] ide_config+0x51e/0x880 [ide_cs]
 [<c02a6f00>] pci_get_socket+0x20/0x40
 [<c029d300>] set_cis_map+0x0/0x110
 [<c029d61d>] read_cis_mem+0x20d/0x250
 [<c029e295>] pcmcia_get_tuple_data+0x95/0xa0
 [<c029f64c>] pcmcia_parse_tuple+0x10c/0x170
 [<c02a7205>] exca_writew+0x65/0x80
 [<c02a7d2c>] yenta_set_mem_map+0x20c/0x270
 [<c029e1ae>] pcmcia_get_next_tuple+0x26e/0x2c0
 [<c029dcf5>] pcmcia_get_first_tuple+0xb5/0x160
 [<c02a7205>] exca_writew+0x65/0x80
 [<c02a7d2c>] yenta_set_mem_map+0x20c/0x270
 [<c029d301>] set_cis_map+0x1/0x110
 [<c02a6f00>] pci_get_socket+0x20/0x40
 [<c029d300>] set_cis_map+0x0/0x110
 [<c029d61d>] read_cis_mem+0x20d/0x250
 [<c029e295>] pcmcia_get_tuple_data+0x95/0xa0
 [<c029f64c>] pcmcia_parse_tuple+0x10c/0x170
 [<c02a7205>] exca_writew+0x65/0x80
 [<c02a7d2c>] yenta_set_mem_map+0x20c/0x270
 [<c029e1ae>] pcmcia_get_next_tuple+0x26e/0x2c0
 [<c029dcf5>] pcmcia_get_first_tuple+0xb5/0x160
 [<c029d9fb>] read_cis_cache+0x16b/0x1c0
 [<c029e1ae>] pcmcia_get_next_tuple+0x26e/0x2c0
 [<c029f82f>] pcmcia_validate_cis+0xff/0x1e0
 [<c01560bb>] bh_lru_install+0xcb/0x110
 [<c013d99b>] check_poison_obj+0x3b/0x1b0
 [<c013d99b>] check_poison_obj+0x3b/0x1b0
 [<d88a8cd8>] ide_event+0x68/0x100 [ide_cs]
 [<c02a3ae6>] pcmcia_register_client+0x206/0x2a0
 [<d88a9560>] dev_info+0x0/0x20 [ide_cs]
 [<c018e49b>] ext2_new_block+0x12b/0x530
 [<c013d99b>] check_poison_obj+0x3b/0x1b0
 [<c029d341>] set_cis_map+0x41/0x110
 [<c02a4ffb>] CardServices+0x1ab/0x360
 [<d88a804d>] ide_attach+0x1d/0x150 [ide_cs]
 [<d88a8137>] ide_attach+0x107/0x150 [ide_cs]
 [<d88a9560>] dev_info+0x0/0x20 [ide_cs]
 [<d88a8c70>] ide_event+0x0/0x100 [ide_cs]
 [<c013f14c>] kmalloc+0x15c/0x190
 [<c02a5cc4>] bind_request+0x104/0x160
 [<c01ff922>] __copy_from_user_ll+0x72/0x78
 [<d88a9560>] dev_info+0x0/0x20 [ide_cs]
 [<c02a6840>] ds_ioctl+0x5e0/0x6f0
 [<c02c8fff>] sock_def_readable+0x7f/0x90
 [<c031db9f>] unix_dgram_sendmsg+0x35f/0x560
 [<c02c5bde>] sock_sendmsg+0x8e/0xb0
 [<c0119cb6>] do_page_fault+0x276/0x4b4
 [<c011bc19>] schedule+0x1a9/0x3c0
 [<c011bf82>] __wake_up_locked+0x22/0x30
 [<c014405e>] zap_pmd_range+0x4e/0x70
 [<c01440ce>] unmap_page_range+0x4e/0x90
 [<c01441f3>] unmap_vmas+0xe3/0x260
 [<c0147cef>] unmap_vma_list+0x1f/0x30
 [<c0147cef>] unmap_vma_list+0x1f/0x30
 [<c01480b4>] do_munmap+0x164/0x1c0
 [<c0164cd0>] sys_ioctl+0x100/0x280
 [<c01094eb>] syscall_call+0x7/0xb
Code:  Bad EIP value.
 