Date: Wed, 21 Nov 2007 11:41:23 +0530
From: Kamalesh Babulal <>
Subject: Re: 2.6.24-rc3-mm1 - Kernel Panic on IO-APIC
Sender: linux-kernel-owner@vger.kernel.org
Precedence: bulk
List-ID: <linux-kernel.vger.kernel.org>
X-Mailing-List: linux-kernel@vger.kernel.org
X-Lkml-Link: https://lkml.org/lkml/2007/11/21/19

Hi Andrew,
Kernel panic's across different architectures like powerpc, x86_64, 
Dentry cache hash table entries: 8388608 (order: 14, 67108864 bytes)
Inode-cache hash table entries: 4194304 (order: 13, 33554432 bytes)
Mount-cache hash table entries: 256
SMP alternatives: switching to UP code
ACPI: Core revision 20070126
..MP-BIOS bug: 8254 timer not connected to IO-APIC
Kernel panic - not syncing: IO-APIC + timer doesn't work! Try using the 'noapic' kernel parameter
-- 
Thanks & Regards,
Kamalesh Babulal,
Linux Technology Center,
IBM, ISTL.
-
To unsubscribe from this list: send the line "unsubscribe linux-kernel" in
the body of a message to majordomo@vger.kernel.org
More majordomo info at  
http://vger.kernel.org/majordomo-info.html
Please read the FAQ at  
http://www.tux.org/lkml/