Date: Wed, 13 Jan 1999 07:52:54 GMT
From:  a.giordano@flashnet ...
Subject: Re: Parport
Sender: linux-kernel-owner@vger.kernel.org
Precedence: bulk
List-ID: <linux-kernel.vger.kernel.org>
X-Mailing-List: linux-kernel@vger.kernel.org
X-Lkml-Link: https://lkml.org/lkml/1999/1/13/20

Tim Waugh wrote:
> 
> On Tue, 12 Jan 1999 a.giordano@flashnet.it wrote:
> 
> > Linux-2.2.0prex fails when assign irq on my parport.
> 
> How?
> 
> Tim.
> */
I include my dmesg-boot.
Best regards.
Antonio Giordano
a.giordano@flashnet.it
--------------B4ADB438AEF01327C868CED9
Content-Type: text/plain; charset=us-ascii; name="dmesg.txt"
Content-Transfer-Encoding: 7bit
Content-Disposition: inline; filename="dmesg.txt"
Linux version 2.2.0-pre6-ac2 (root@flashnet.it) (gcc version egcs-2.91.60 19981201 (egcs-1.1.1 release)) #6 mar gen 12 23:14:04 UTC 1999
Detected 120274776 Hz processor.
Console: colour VGA+ 80x25
Calibrating delay loop... 48.03 BogoMIPS
Memory: 46528k/49152k available (1216k kernel code, 408k reserved, 960k data, 40k init)
CPU: Intel Pentium 75 - 200 stepping 0c
Checking 386/387 coupling... OK, FPU using exception 16 error reporting.
Checking 'hlt' instruction... OK.
Intel Pentium with F0 0F bug - workaround enabled.
POSIX conformance testing by UNIFIX
PCI: PCI BIOS revision 2.10 entry at 0xe1f3e
PCI: Using configuration type 1
PCI: Probing PCI hardware
Linux NET4.0 for Linux 2.2
Based upon Swansea University Computer Society NET3.039
NET4: Unix domain sockets 1.0 for Linux NET4.0.
NET4: Linux TCP/IP 1.0 for NET4.0
IP Protocols: ICMP, UDP, TCP
IPv6 v0.8 for NET4.0
IPv6 over IPv4 tunneling driver
early initialization of device sit0 is deferred
Initializing RT netlink socket
Starting kswapd v 1.5 
parport0: PC-style at 0x3bc [SPP]
Serial driver version 4.27 with no serial options enabled
ttyS00 at 0x03f8 (irq = 4) is a 16550A
ttyS01 at 0x02f8 (irq = 3) is a 16550A
pty: 256 Unix98 ptys configured
apm: BIOS version 1.1 Flags 0x03 (Driver version 1.8)
Real Time Clock Driver v1.09
Sound initialization started
<MAD16 WSS (82C930)> at 0x534 irq 11 dma 3,0
<Mad16/Mozart> at 0x330 irq 9 dma 0
Sound initialization complete
RAM disk driver initialized:  16 RAM disks of 4096K size
loop: registered device at major 7
hda: TOSHIBA MK1003MAV, ATA DISK drive
hdc: TOSHIBA CD-ROM XM-1502B, ATAPI CDROM drive
ide0 at 0x1f0-0x1f7,0x3f6 on irq 14
ide1 at 0x170-0x177,0x376 on irq 15
hda: TOSHIBA MK1003MAV, 1033MB w/128kB Cache, CHS=525/64/63
hdc: ATAPI 10X CDROM drive, 128kB Cache
Uniform CDROM driver Revision: 2.51
Floppy drive(s): fd0 is 1.44M
FDC 0 is a post-1991 82077
plip: parport0 has no IRQ.
plip: no devices registered
PPP: version 2.3.3 (demand dialling)
TCP compression code copyright 1989 Regents of the University of California
PPP line discipline registered.
Partition check:
 hda: hda1 < hda5 > hda2 hda3
VFS: Mounted root (ext2 filesystem) readonly.
Freeing unused kernel memory: 40k freed
Adding Swap: 54396k swap-space (priority -1)
TIOCSER?WILD ioctl obsolete, ignored.
TIOCSER?WILD ioctl obsolete, ignored.
registered device ppp0
--------------B4ADB438AEF01327C868CED9--
-
To unsubscribe from this list: send the line "unsubscribe linux-kernel" in
the body of a message to majordomo@vger.rutgers.edu
Please read the FAQ at 
http://www.tux.org/lkml/