Date: Thu, 27 Jan 2000 21:07:22 -0500
From: Don Fisher <>
Subject: Re: 2.3.40-6 won't boot (still in 2.3.41-3) -- pci prob?
Sender: linux-kernel-owner@vger.kernel.org
Precedence: bulk
List-ID: <linux-kernel.vger.kernel.org>
X-Mailing-List: linux-kernel@vger.kernel.org
X-Lkml-Link: https://lkml.org/lkml/2000/1/28/18

Martin Mares wrote:
> 
>    Please try compiling the kernel with #undef DEBUG changed to #define DEBUG
> in arch/i386/kernel/pci-i386.h and send me the bootup messages.
> 
My system still crashes on boot with the latest release. I have attached
two files. One is the output from /var/log/messages and "lspci -v" from
the 2.3.41 kernel, the second is the same data from the 2.2.14 kernel.
For some reason the 2.3.42 system will boot after a new kernel build and
restart. The next boot attemp gives the first set of output below. The
second set was generated by adding the "#define DEBUG" definition
requested above. (copied by hand. Sorry for any errors.)
I hope this helps:-)
****************************************************************
output of second reboot
Posix conformance testing bu UNIFIX
PCI: PCI BIOS revision 2.10 entry at 0xfdba1
PCI: Using configuration type 1
PCI: Probing PCI hardware
PCI: device 01:06:0 has unknown header type 6a, ignoring
PCI: device 01:07:0 has unknown header type 2a, ignoring
PCI: device 01:09:0 has unknown header type 2a, ignoring
PCI: device 01:0a:0 has unknown header type 2a, ignoring
PCI: device 01:0b:0 has unknown header type 2a, ignoring
PCI: device 01:0c:0 has unknown header type 2a, ignoring
PCI: device 01:0d:0 has unknown header type 2a, ignoring
PCI: Interrupt Routing Table found at 0xc00f5f30 {router type 8086/1234]
****************************************************************
output after rebuild with debug enabled
PCI: Probinbg PCI hardware
PCI: IDE base address fixup for 00:07:01
PCI: scanning for ghost devices on bus 0
PCI: device 01:08:0 has unknown header type 2a, ignoring.
PCI: device 01:09:0 has unknown header type 2a, ignoring.
PCI: device 01:0b:0 has unknown header type 2a, ignoring.
PCI: scanning for ghohst devices on bus 1
PCI: IRQ fixup
PCI: Interrupt Routing table
b = 00 d = 88 s = 01
b = 00 d = 10 s = 00
b = 00 d = 18 s = 00
b = 00 d = 38 s = 00
PCI: IRQ for 00:02:0(0) -> PRIQ 60, mask 0800 -> unknown router
8086/1234
PCI: IRQ for 00:03:0(0) -> PRIQ 60, mask 0800 -> unknown router
8086/1234
PCI: IRQ for 00:03:1(0) -> PRIQ 61, mask 0800 -> unknown router
8086/1234
PCI: allocating resources
PCI: Resource fd000000 - fdffffff (f=1208, d=0, p=0)
PCI: Resource ff800000 - ff9fffff (f=200, d=0, p=0)
PCI: Resource ffa00000 - ffafffff (f=200, d=0, p=0)
PCI: Resource 0000ffa0 - 0000ffaf (f=101, d=0, p=0)
PCI: Resource 0000df80 - 0000df9f (f=101, d=0, p=0)
PCI: Sorting device list
hang
-- 
-------------------------------------------------------------------
|    Don Fisher				  dfisher@as.arizona.edu  |
|    MMT Observatory			  VOICE: (520)621-7647	  |
|    University of Arizona    		  FAX:   (520)670-5740	  |           
|    Tucson, AZ  85721                				  |             
-------------------------------------------------------------------Jan 27 12:51:33 dfpc syslogd 1.3-3: restart.
Jan 27 12:51:33 dfpc syslog: syslogd startup succeeded
Jan 27 12:51:33 dfpc syslog: klogd startup succeeded
Jan 27 12:51:33 dfpc kernel: klogd 1.3-3, log source = /proc/kmsg started.
Jan 27 12:51:33 dfpc kernel: Inspecting /boot/System.map
Jan 27 12:51:34 dfpc kernel: Loaded 12165 symbols from /boot/System.map.
Jan 27 12:51:34 dfpc kernel: Symbols match kernel version 2.3.41.
Jan 27 12:51:34 dfpc kernel: No module symbols loaded.
Jan 27 12:51:34 dfpc kernel: Linux version 2.3.41 (root@dfpc.as.arizona.edu) (gcc version egcs-2.91.66 19990314/Linux (egcs-1.1.2 release)) #2 Thu Jan 27 12:15:38 MST 2000 
Jan 27 12:51:34 dfpc kernel: e820: 0009fc00 @ 00000000 (usable) 
Jan 27 12:51:34 dfpc kernel: e820: 00000400 @ 0009fc00 (reserved) 
Jan 27 12:51:34 dfpc kernel: e820: 00020000 @ 000e0000 (reserved) 
Jan 27 12:51:34 dfpc kernel: e820: 07f00000 @ 00100000 (usable) 
Jan 27 12:51:34 dfpc kernel: e820: 00001000 @ fec00000 (reserved) 
Jan 27 12:51:34 dfpc kernel: e820: 00001000 @ fee00000 (reserved) 
Jan 27 12:51:34 dfpc kernel: e820: 00020000 @ fffe0000 (reserved) 
Jan 27 12:51:34 dfpc kernel: On node 0 totalpages: 00008000 
Jan 27 12:51:34 dfpc kernel: zone(0): 4096 pages. 
Jan 27 12:51:34 dfpc kernel: zone(1): 28672 pages. 
Jan 27 12:51:34 dfpc kernel: zone(2): 0 pages. 
Jan 27 12:51:34 dfpc kernel: Initializing CPU#0 
Jan 27 12:51:34 dfpc kernel: Detected 266620089 Hz processor. 
Jan 27 12:51:34 dfpc kernel: Console: colour VGA+ 80x25 
Jan 27 12:51:34 dfpc kernel: Calibrating delay loop... 532.48 BogoMIPS 
Jan 27 12:51:34 dfpc kernel: Memory: 126496k/131072k available (1247k kernel code, 4188k reserved, 101k data, 148k init, 0k highmem) 
Jan 27 12:51:34 dfpc kernel: Buffer-cache hash table entries: 8192 (order: 3, 32768 bytes) 
Jan 27 12:51:34 dfpc kernel: Page-cache hash table entries: 32768 (order: 5, 131072 bytes) 
Jan 27 12:51:34 dfpc kernel: CPU: Intel Mobile Pentium MMX stepping 01 
Jan 27 12:51:34 dfpc kernel: Checking 386/387 coupling... OK, FPU using exception 16 error reporting. 
Jan 27 12:51:34 dfpc kernel: Checking 'hlt' instruction... OK. 
Jan 27 12:51:34 dfpc kernel: Intel Pentium with F0 0F bug - workaround enabled. 
Jan 27 12:51:34 dfpc kernel: POSIX conformance testing by UNIFIX 
Jan 27 12:51:34 dfpc kernel: PCI: PCI BIOS revision 2.10 entry at 0xfdba1 
Jan 27 12:51:34 dfpc kernel: PCI: Using configuration type 1 
Jan 27 12:51:34 dfpc kernel: PCI: Probing PCI hardware 
Jan 27 12:51:34 dfpc kernel: PCI: Interrupt Routing Table found at 0xc00f5f30 [router type 8086/1234] 
Jan 27 12:51:34 dfpc kernel: Limiting direct PCI/PCI transfers. 
Jan 27 12:51:34 dfpc kernel: Linux NET4.0 for Linux 2.3 
Jan 27 12:51:34 dfpc kernel: Based upon Swansea University Computer Society NET3.039 
Jan 27 12:51:34 dfpc kernel: NET4: Unix domain sockets 1.0/SMP for Linux NET4.0. 
Jan 27 12:51:34 dfpc kernel: NET4: Linux TCP/IP 1.0 for NET4.0 
Jan 27 12:51:34 dfpc kernel: IP Protocols: ICMP, UDP, TCP 
Jan 27 12:51:34 dfpc kernel: IP: routing cache hash table of 1024 buckets, 8Kbytes 
Jan 27 12:51:34 dfpc kernel: TCP: Hash tables configured (established 8192 bind 16384) 
Jan 27 12:51:34 dfpc kernel: ACPI: found PIIX4 at 0xef00 
Jan 27 12:51:34 dfpc kernel: apm: BIOS version 1.2 Flags 0x03 (Driver version 1.11) 
Jan 27 12:51:34 dfpc kernel: apm: overridden by ACPI. 
Jan 27 12:51:34 dfpc kernel: Starting kswapd v1.6 
Jan 27 12:51:34 dfpc kernel: Serial driver version 4.91 (1999-11-17) with MANY_PORTS SHARE_IRQ SERIAL_PCI PCI_IOMEM enabled 
Jan 27 12:51:34 dfpc kernel: ttyS00 at 0x03f8 (irq = 4) is a 16550A 
Jan 27 12:51:34 dfpc kernel: ttyS01 at 0x02f8 (irq = 3) is a 16550A 
Jan 27 12:51:34 dfpc kernel: pty: 256 Unix98 ptys configured 
Jan 27 12:51:34 dfpc kernel: Uniform Multi-Platform E-IDE driver Revision: 6.30 
Jan 27 12:51:34 dfpc kernel: PIIX4: IDE controller on PCI bus 00 dev 39 
Jan 27 12:51:34 dfpc kernel: PIIX4: not 100% native mode: will probe irqs later 
Jan 27 12:51:34 dfpc kernel:     ide0: BM-DMA at 0xffa0-0xffa7, BIOS settings: hda:DMA, hdb:DMA 
Jan 27 12:51:34 dfpc kernel: hda: IBM-DCYA-214000, ATA DISK drive 
Jan 27 12:51:34 dfpc kernel: hdb: TOSHIBA MK4006MAV, ATA DISK drive 
Jan 27 12:51:34 dfpc kernel: hdc: Maxtor 87000A8, ATA DISK drive 
Jan 27 12:51:34 dfpc kernel: hdd: TOSHIBA CD-ROM XM-1402B, ATAPI CDROM drive 
Jan 27 12:51:34 dfpc kernel: ide0 at 0x1f0-0x1f7,0x3f6 on irq 14 
Jan 27 12:51:34 dfpc kernel: ide1 at 0x170-0x177,0x376 on irq 15 
Jan 27 12:51:34 dfpc kernel: hda: IBM-DCYA-214000, 13481MB w/420kB Cache, CHS=1718/255/63, (U)DMA 
Jan 27 12:51:34 dfpc kernel: hdb: TOSHIBA MK4006MAV, 3909MB w/0kB Cache, CHS=993/128/63, (U)DMA 
Jan 27 12:51:34 dfpc kernel: hdc: Maxtor 87000A8, 6679MB w/256kB Cache, CHS=14475/15/63 
Jan 27 12:51:34 dfpc kernel: Partition check: 
Jan 27 12:51:34 dfpc kernel:  hda: hda1 hda2 hda4 
Jan 27 12:51:34 dfpc kernel:  hdb:hdb: timeout waiting for DMA 
Jan 27 12:51:34 dfpc kernel: hdb: irq timeout: status=0x58 { DriveReady SeekComplete DataRequest } 
Jan 27 12:51:34 dfpc kernel: hdb: timeout waiting for DMA 
Jan 27 12:51:34 dfpc kernel: hdb: irq timeout: status=0x58 { DriveReady SeekComplete DataRequest } 
Jan 27 12:51:34 dfpc kernel: hdb: timeout waiting for DMA 
Jan 27 12:51:34 dfpc kernel: hdb: irq timeout: status=0x58 { DriveReady SeekComplete DataRequest } 
Jan 27 12:51:34 dfpc kernel: hdb: timeout waiting for DMA 
Jan 27 12:51:34 dfpc kernel: hdb: irq timeout: status=0x58 { DriveReady SeekComplete DataRequest } 
Jan 27 12:51:34 dfpc kernel: hda: DMA disabled 
Jan 27 12:51:34 dfpc kernel: hdb: DMA disabled 
Jan 27 12:51:34 dfpc kernel: ide0: reset: success 
Jan 27 12:51:34 dfpc kernel:  hdb1 
Jan 27 12:51:34 dfpc kernel:  hdc: hdc1 
Jan 27 12:51:34 dfpc kernel: Floppy drive(s): fd0 is 1.44M 
Jan 27 12:51:34 dfpc kernel: FDC 0 is a National Semiconductor PC87306 
Jan 27 12:51:34 dfpc kernel: scsi : 0 hosts. 
Jan 27 12:51:34 dfpc kernel: scsi : detected total. 
Jan 27 12:51:34 dfpc kernel: PPP generic driver version 2.4.0 
Jan 27 12:51:34 dfpc kernel: Real Time Clock Driver v1.09b 
Jan 27 12:51:34 dfpc kernel: VFS: Mounted root (ext2 filesystem) readonly. 
Jan 27 12:51:34 dfpc kernel: Freeing unused kernel memory: 148k freed 
Jan 27 12:51:34 dfpc kernel: Adding Swap: 248996k swap-space (priority -1) 
Jan 27 12:51:34 dfpc atd: atd startup succeeded
Jan 27 12:51:18 dfpc rc.sysinit: Mounting proc filesystem succeeded 
Jan 27 12:51:18 dfpc rc.sysinit: Turning off Magic SysRq key succeeded 
Jan 27 12:51:18 dfpc date: Thu Jan 27 12:51:14 MST 2000 
Jan 27 12:51:18 dfpc rc.sysinit: Setting clock : Thu Jan 27 12:51:14 MST 2000 succeeded 
Jan 27 12:51:18 dfpc rc.sysinit: Loading default keymap succeeded 
Jan 27 12:51:18 dfpc rc.sysinit: Activating swap partitions succeeded 
Jan 27 12:51:18 dfpc rc.sysinit: Setting hostname dfpc.as.arizona.edu succeeded 
Jan 27 12:51:18 dfpc fsck: /dev/hda1: clean, 98312/1693952 files, 626680/3385698 blocks 
Jan 27 12:51:18 dfpc rc.sysinit: Checking root filesystem succeeded 
Jan 27 12:51:18 dfpc rc.sysinit: Remounting root filesystem in read-write mode succeeded 
Jan 27 12:51:19 dfpc depmod: depmod:  
Jan 27 12:51:19 dfpc depmod: *** Unresolved symbols in /lib/modules/2.3.41/ipv4/ip_gre.o 
Jan 27 12:51:19 dfpc rc.sysinit: Finding module dependencies succeeded 
Jan 27 12:51:19 dfpc fsck: /dev/hda2: clean, 28/2000 files, 2679/8001 blocks 
Jan 27 12:51:19 dfpc rc.sysinit: Checking filesystems succeeded 
Jan 27 12:51:19 dfpc rc.sysinit: Mounting local filesystems succeeded 
Jan 27 12:51:20 dfpc rc.sysinit: Turning on user and group quotas for local filesystems succeeded 
Jan 27 12:51:20 dfpc rc.sysinit: Enabling swap space succeeded 
Jan 27 12:51:20 dfpc init: Entering runlevel: 3 
Jan 27 12:51:31 dfpc kudzu:  succeeded 
Jan 27 12:51:31 dfpc network: Enabling IPv4 packet forwarding succeeded 
Jan 27 12:51:32 dfpc network: Bringing up interface lo succeeded 
Jan 27 12:51:32 dfpc modprobe: modprobe: Can't locate module eth0 
Jan 27 12:51:32 dfpc ifup: Delaying eth0 initialization. 
Jan 27 12:51:32 dfpc network: Bringing up interface eth0 failed 
Jan 27 12:51:32 dfpc portmap: portmap startup succeeded 
Jan 27 12:51:33 dfpc random: Initializing random number generator succeeded 
Jan 27 12:51:33 dfpc netfs: Mounting other filesystems succeeded 
Jan 27 12:51:35 dfpc crond: crond startup succeeded
Jan 27 12:51:35 dfpc pcmcia: Starting PCMCIA services:
Jan 27 12:51:35 dfpc pcmcia:  module directory /lib/modules/2.3.41/pcmcia not found.
Jan 27 12:51:35 dfpc rc: Starting pcmcia succeeded
Jan 27 12:51:36 dfpc inet: inetd startup succeeded
Jan 27 12:51:36 dfpc lpd: lpd startup succeeded
Jan 27 12:51:37 dfpc exportfs: mmpc1.as.arizona.edu:/: Invalid argument
Jan 27 12:51:37 dfpc exportfs: mmtpc11.as.arizona.edu:/: Invalid argument
Jan 27 12:51:37 dfpc exportfs: mmtpc10.as.arizona.edu:/: Invalid argument
Jan 27 12:51:37 dfpc exportfs: mmtpc9.as.arizona.edu:/: Invalid argument
Jan 27 12:51:37 dfpc exportfs: mlpc32.as.arizona.edu:/: Invalid argument
Jan 27 12:51:37 dfpc exportfs: backup.as.arizona.edu:/: Invalid argument
Jan 27 12:51:37 dfpc exportfs: aspc132.as.arizona.edu:/: Invalid argument
Jan 27 12:51:37 dfpc exportfs: aspc12.as.arizona.edu:/: Invalid argument
Jan 27 12:51:37 dfpc nfs: Starting NFS services:  succeeded
Jan 27 12:51:38 dfpc nfs: rpc.rquotad startup succeeded
Jan 27 12:51:38 dfpc nfs: rpc.mountd startup succeeded
Jan 27 12:51:39 dfpc nfs: rpc.nfsd startup succeeded
Jan 27 12:51:39 dfpc rpc.lockd: lockdsvc: Invalid argument
Jan 27 12:51:39 dfpc nfslock: rpc.lockd startup failed
Jan 27 12:51:39 dfpc nfslock: rpc.statd startup succeeded
Jan 27 12:51:39 dfpc keytable: Loading keymap: 
Jan 27 12:51:40 dfpc keytable: Loading /usr/lib/kbd/keymaps/i386/qwerty/us.kmap.gz
Jan 27 12:51:40 dfpc keytable: Loading system font: 
Jan 27 12:51:40 dfpc rc: Starting keytable succeeded
Jan 27 12:51:41 dfpc sendmail: sendmail startup succeeded
Jan 27 12:51:42 dfpc gpm: gpm startup succeeded
Jan 27 12:51:42 dfpc xfs: xfs startup succeeded
Jan 27 12:51:43 dfpc linuxconf: Linuxconf final setup
Jan 27 12:51:46 dfpc rc: Starting linuxconf succeeded
Jan 27 13:16:46 dfpc PAM_pwdb[580]: (login) session opened for user dfisher by LOGIN(uid=0)
Jan 27 13:17:06 dfpc kernel: N_TXTOFF is not page aligned. Please convert library: libX11.so.6.0 
Jan 27 13:17:16 dfpc kernel: N_TXTOFF is not page aligned. Please convert library: libX11.so.6.0 
lspci -v
00:00.0 Host bridge: Intel Corporation 430TX - 82439TX MTXC (rev 01)
        Flags: bus master, medium devsel, latency 32
00:02.0 VGA compatible controller: Neomagic Corporation NM2160 [MagicGraph 128XD]
        Flags: bus master, medium devsel, latency 64
        Memory at fd000000 (32-bit, prefetchable)
        Memory at ff800000 (32-bit, non-prefetchable)
        Memory at ffa00000 (32-bit, non-prefetchable)
00:03.0 CardBus bridge: Texas Instruments PCI1131 (rev 01)
        Subsystem: Unknown device 104c:ac15
        Flags: bus master, medium devsel, latency 0
        Memory at 10000000 (32-bit, non-prefetchable)
        Bus: primary=00, secondary=01, subordinate=02, sec-latency=0
        16-bit legacy interface ports at 0007
00:03.1 CardBus bridge: Texas Instruments PCI1131 (rev 01)
        Subsystem: Unknown device 104c:ac15
        Flags: bus master, medium devsel, latency 0
        Memory at 10001000 (32-bit, non-prefetchable)
        Bus: primary=00, secondary=03, subordinate=04, sec-latency=0
        16-bit legacy interface ports at 0007
00:07.0 Bridge: Intel Corporation 82371AB PIIX4 ISA (rev 01)
        Flags: bus master, medium devsel, latency 0
00:07.1 IDE interface: Intel Corporation 82371AB PIIX4 IDE (rev 01) (prog-if 80)
        Flags: bus master, medium devsel, latency 32
        I/O ports at ffa0
00:07.2 USB Controller: Intel Corporation 82371AB PIIX4 USB (rev 01)
        Flags: bus master, medium devsel, latency 64, IRQ 10
        I/O ports at df80
00:07.3 Bridge: Intel Corporation 82371AB PIIX4 ACPI (rev 01)
        Flags: medium devsel
00:11.0 PCI bridge: Intel Corporation: Unknown device 123b (prog-if 80)
        Flags: bus master, stepping, slow devsel, latency 0
        Bus: primary=00, secondary=01, subordinate=01, sec-latency=0
        Prefetchable memory behind bridge: fca00000-fcafffff
Jan 27 13:28:47 dfpc syslogd 1.3-3: restart.
Jan 27 13:28:47 dfpc syslog: syslogd startup succeeded
Jan 27 13:28:47 dfpc syslog: klogd startup succeeded
Jan 27 13:28:47 dfpc kernel: klogd 1.3-3, log source = /proc/kmsg started.
Jan 27 13:28:47 dfpc kernel: Inspecting /boot/System.map
Jan 27 13:28:47 dfpc kernel: Symbol table has incorrect version number. 
Jan 27 13:28:47 dfpc kernel: Cannot find map file.
Jan 27 13:28:47 dfpc kernel: No module symbols loaded.
Jan 27 13:28:47 dfpc kernel: Linux version 2.2.14 (root@dfpc.as.arizona.edu) (gcc version egcs-2.91.66 19990314/Linux (egcs-1.1.2 release)) #1 Fri Jan 21 13:12:48 MST 2000 
Jan 27 13:28:47 dfpc kernel: Detected 266616415 Hz processor. 
Jan 27 13:28:47 dfpc kernel: Console: colour VGA+ 80x25 
Jan 27 13:28:47 dfpc kernel: Calibrating delay loop... 532.48 BogoMIPS 
Jan 27 13:28:47 dfpc kernel: Memory: 127916k/131072k available (1044k kernel code, 416k reserved, 1644k data, 52k init) 
Jan 27 13:28:47 dfpc kernel: Dentry hash table entries: 16384 (order 5, 128k) 
Jan 27 13:28:47 dfpc kernel: Buffer cache hash table entries: 131072 (order 7, 512k) 
Jan 27 13:28:47 dfpc kernel: Page cache hash table entries: 32768 (order 5, 128k) 
Jan 27 13:28:47 dfpc kernel: CPU: Intel Mobile Pentium MMX stepping 01 
Jan 27 13:28:47 dfpc kernel: Checking 386/387 coupling... OK, FPU using exception 16 error reporting. 
Jan 27 13:28:47 dfpc kernel: Checking 'hlt' instruction... OK. 
Jan 27 13:28:47 dfpc kernel: Intel Pentium with F0 0F bug - workaround enabled. 
Jan 27 13:28:47 dfpc kernel: POSIX conformance testing by UNIFIX 
Jan 27 13:28:47 dfpc kernel: PCI: PCI BIOS revision 2.10 entry at 0xfdba1 
Jan 27 13:28:47 dfpc kernel: PCI: Using configuration type 1 
Jan 27 13:28:47 dfpc kernel: PCI: Probing PCI hardware 
Jan 27 13:28:47 dfpc kernel: Linux NET4.0 for Linux 2.2 
Jan 27 13:28:47 dfpc kernel: Based upon Swansea University Computer Society NET3.039 
Jan 27 13:28:47 dfpc kernel: NET4: Unix domain sockets 1.0 for Linux NET4.0. 
Jan 27 13:28:47 dfpc kernel: NET4: Linux TCP/IP 1.0 for NET4.0 
Jan 27 13:28:47 dfpc kernel: IP Protocols: ICMP, UDP, TCP 
Jan 27 13:28:47 dfpc kernel: TCP: Hash tables configured (ehash 131072 bhash 65536) 
Jan 27 13:28:47 dfpc kernel: Starting kswapd v 1.5  
Jan 27 13:28:47 dfpc kernel: parport0: PC-style at 0x378 (0x778) [SPP,ECP,ECPPS2] 
Jan 27 13:28:47 dfpc kernel: parport0: detected irq 7; use procfs to enable interrupt-driven operation. 
Jan 27 13:28:47 dfpc kernel: Detected PS/2 Mouse Port. 
Jan 27 13:28:47 dfpc kernel: Serial driver version 4.27 with no serial options enabled 
Jan 27 13:28:47 dfpc kernel: ttyS00 at 0x03f8 (irq = 4) is a 16550A 
Jan 27 13:28:47 dfpc kernel: ttyS01 at 0x02f8 (irq = 3) is a 16550A 
Jan 27 13:28:47 dfpc kernel: pty: 256 Unix98 ptys configured 
Jan 27 13:28:47 dfpc kernel: apm: BIOS version 1.2 Flags 0x03 (Driver version 1.9) 
Jan 27 13:28:47 dfpc kernel: Real Time Clock Driver v1.09 
Jan 27 13:28:47 dfpc kernel: ESS chip ES1869 detected 
Jan 27 13:28:47 dfpc kernel: <ESS ES1869 AudioDrive (rev 11) (3.01)> at 0x220 irq 5 dma 1,3 
Jan 27 13:28:47 dfpc kernel: <ESS ES1688> at 0x330 irq 5 dma 0 
Jan 27 13:28:47 dfpc kernel: PIIX4: IDE controller on PCI bus 00 dev 39 
Jan 27 13:28:47 dfpc kernel: PIIX4: not 100% native mode: will probe irqs later 
Jan 27 13:28:47 dfpc kernel:     ide0: BM-DMA at 0xffa0-0xffa7, BIOS settings: hda:DMA, hdb:DMA 
Jan 27 13:28:47 dfpc kernel: hda: IBM-DCYA-214000, ATA DISK drive 
Jan 27 13:28:47 dfpc kernel: hdb: TOSHIBA MK4006MAV, ATA DISK drive 
Jan 27 13:28:47 dfpc kernel: hdc: Maxtor 87000A8, ATA DISK drive 
Jan 27 13:28:47 dfpc kernel: hdd: TOSHIBA CD-ROM XM-1402B, ATAPI CDROM drive 
Jan 27 13:28:47 dfpc kernel: ide0 at 0x1f0-0x1f7,0x3f6 on irq 14 
Jan 27 13:28:47 dfpc kernel: ide1 at 0x170-0x177,0x376 on irq 15 
Jan 27 13:28:47 dfpc kernel: hda: IBM-DCYA-214000, 13481MB w/420kB Cache, CHS=1718/255/63, (U)DMA 
Jan 27 13:28:47 dfpc kernel: hdb: TOSHIBA MK4006MAV, 3909MB w/0kB Cache, CHS=993/128/63, (U)DMA 
Jan 27 13:28:47 dfpc kernel: hdc: Maxtor 87000A8, 6679MB w/256kB Cache, CHS=14475/15/63 
Jan 27 13:28:47 dfpc kernel: Floppy drive(s): fd0 is 1.44M 
Jan 27 13:28:47 dfpc kernel: FDC 0 is a National Semiconductor PC87306 
Jan 27 13:28:47 dfpc kernel: scsi : 0 hosts. 
Jan 27 13:28:47 dfpc kernel: scsi : detected total. 
Jan 27 13:28:47 dfpc kernel: PPP: version 2.3.7 (demand dialling) 
Jan 27 13:28:47 dfpc kernel: TCP compression code copyright 1989 Regents of the University of California 
Jan 27 13:28:47 dfpc kernel: PPP line discipline registered. 
Jan 27 13:28:47 dfpc kernel: tulip.c:v0.91g-ppc 7/16/99 becker@cesdis.gsfc.nasa.gov 
Jan 27 13:28:47 dfpc kernel: eth0: Digital DS21140 Tulip rev 34 at 0xc880, 00:E0:29:09:99:84, IRQ 11. 
Jan 27 13:28:47 dfpc kernel: eth0:  EEPROM default media type Autosense. 
Jan 27 13:28:47 dfpc kernel: eth0:  Index #0 - Media MII (#11) described by a 21140 MII PHY (1) block. 
Jan 27 13:28:47 dfpc kernel: eth0:  MII transceiver #3 config 3100 status 7849 advertising 01e1. 
Jan 27 13:28:47 dfpc kernel: Partition check: 
Jan 27 13:28:47 dfpc kernel:  hda: hda1 hda2 hda4 
Jan 27 13:28:47 dfpc kernel:  hdb:hdb: timeout waiting for DMA 
Jan 27 13:28:47 dfpc kernel: hdb: irq timeout: status=0x58 { DriveReady SeekComplete DataRequest } 
Jan 27 13:28:47 dfpc kernel: hda: DMA disabled 
Jan 27 13:28:47 dfpc kernel: hdb: DMA disabled 
Jan 27 13:28:47 dfpc kernel: ide0: reset: success 
Jan 27 13:28:47 dfpc kernel:  hdb1 
Jan 27 13:28:47 dfpc kernel:  hdc: hdc1 
Jan 27 13:28:47 dfpc kernel: VFS: Mounted root (ext2 filesystem) readonly. 
Jan 27 13:28:47 dfpc kernel: Freeing unused kernel memory: 52k freed 
Jan 27 13:28:47 dfpc kernel: Adding Swap: 248996k swap-space (priority -1) 
Jan 27 13:28:48 dfpc kernel: eth0: Setting full-duplex based on MII#3 link partner capability of 45e1. 
Jan 27 13:28:48 dfpc atd: atd startup succeeded
Jan 27 13:28:31 dfpc rc.sysinit: Mounting proc filesystem succeeded 
Jan 27 13:28:31 dfpc rc.sysinit: Turning off Magic SysRq key succeeded 
Jan 27 13:28:31 dfpc date: Thu Jan 27 13:28:27 MST 2000 
Jan 27 13:28:31 dfpc rc.sysinit: Setting clock : Thu Jan 27 13:28:27 MST 2000 succeeded 
Jan 27 13:28:31 dfpc rc.sysinit: Loading default keymap succeeded 
Jan 27 13:28:31 dfpc rc.sysinit: Activating swap partitions succeeded 
Jan 27 13:28:31 dfpc rc.sysinit: Setting hostname dfpc.as.arizona.edu succeeded 
Jan 27 13:28:31 dfpc fsck: /dev/hda1: clean, 98315/1693952 files, 626694/3385698 blocks 
Jan 27 13:28:31 dfpc rc.sysinit: Checking root filesystem succeeded 
Jan 27 13:28:31 dfpc rc.sysinit: Remounting root filesystem in read-write mode succeeded 
Jan 27 13:28:32 dfpc rc.sysinit: Finding module dependencies succeeded 
Jan 27 13:28:32 dfpc fsck: /dev/hda2: clean, 28/2000 files, 2679/8001 blocks 
Jan 27 13:28:32 dfpc rc.sysinit: Checking filesystems succeeded 
Jan 27 13:28:32 dfpc rc.sysinit: Mounting local filesystems succeeded 
Jan 27 13:28:32 dfpc rc.sysinit: Turning on user and group quotas for local filesystems succeeded 
Jan 27 13:28:33 dfpc rc.sysinit: Enabling swap space succeeded 
Jan 27 13:28:33 dfpc init: Entering runlevel: 3 
Jan 27 13:28:43 dfpc kudzu:  failed 
Jan 27 13:28:44 dfpc network: Enabling IPv4 packet forwarding succeeded 
Jan 27 13:28:44 dfpc network: Bringing up interface lo succeeded 
Jan 27 13:28:45 dfpc network: Bringing up interface eth0 succeeded 
Jan 27 13:28:46 dfpc portmap: portmap startup succeeded 
Jan 27 13:28:46 dfpc apmd: apmd startup succeeded 
Jan 27 13:28:46 dfpc apmd[305]: Version 3.0beta9 (APM BIOS 1.2, Linux driver 1.9) 
Jan 27 13:28:46 dfpc random: Initializing random number generator succeeded 
Jan 27 13:28:47 dfpc netfs: Mounting other filesystems succeeded 
Jan 27 13:28:49 dfpc crond: crond startup succeeded
Jan 27 13:28:49 dfpc pcmcia: Starting PCMCIA services:
Jan 27 13:28:49 dfpc pcmcia:  module directory /lib/modules/2.2.14/pcmcia not found.
Jan 27 13:28:49 dfpc rc: Starting pcmcia succeeded
Jan 27 13:28:49 dfpc inet: inetd startup succeeded
Jan 27 13:28:50 dfpc lpd: lpd startup succeeded
Jan 27 13:28:50 dfpc exportfs: mmpc1.as.arizona.edu:/: Invalid argument
Jan 27 13:28:51 dfpc exportfs: mmtpc11.as.arizona.edu:/: Invalid argument
Jan 27 13:28:51 dfpc exportfs: mmtpc10.as.arizona.edu:/: Invalid argument
Jan 27 13:28:51 dfpc exportfs: mmtpc9.as.arizona.edu:/: Invalid argument
Jan 27 13:28:51 dfpc exportfs: mlpc32.as.arizona.edu:/: Invalid argument
Jan 27 13:28:51 dfpc exportfs: backup.as.arizona.edu:/: Invalid argument
Jan 27 13:28:51 dfpc exportfs: aspc132.as.arizona.edu:/: Invalid argument
Jan 27 13:28:51 dfpc exportfs: aspc12.as.arizona.edu:/: Invalid argument
Jan 27 13:28:51 dfpc nfs: Starting NFS services:  succeeded
Jan 27 13:28:51 dfpc nfs: rpc.rquotad startup succeeded
Jan 27 13:28:52 dfpc nfs: rpc.mountd startup succeeded
Jan 27 13:28:53 dfpc nfs: rpc.nfsd startup succeeded
Jan 27 13:28:53 dfpc nfslock: rpc.lockd startup succeeded
Jan 27 13:28:53 dfpc nfslock: rpc.statd startup succeeded
Jan 27 13:28:53 dfpc keytable: Loading keymap: 
Jan 27 13:28:54 dfpc keytable: Loading /usr/lib/kbd/keymaps/i386/qwerty/us.kmap.gz
Jan 27 13:28:54 dfpc keytable: Loading system font: 
Jan 27 13:28:54 dfpc rc: Starting keytable succeeded
Jan 27 13:28:55 dfpc sendmail: sendmail startup succeeded
Jan 27 13:28:56 dfpc gpm: gpm startup succeeded
Jan 27 13:28:57 dfpc xfs: xfs startup succeeded
Jan 27 13:28:57 dfpc linuxconf: Linuxconf final setup
Jan 27 13:29:00 dfpc rc: Starting linuxconf succeeded
Jan 27 13:29:09 dfpc PAM_pwdb[632]: (login) session opened for user dfisher by LOGIN(uid=0)
Jan 27 13:29:21 dfpc kernel: N_TXTOFF is not blocksize aligned. Loading library libX11.so.6.0 in anonymous memory. 
Jan 27 13:29:25 dfpc portmap[693]: connect from 128.196.210.2 to callit(300214): request from unauthorized host
Jan 27 13:29:25 dfpc portmap[694]: connect from 128.196.210.2 to callit(300214): request from unauthorized host
Jan 27 13:29:29 dfpc portmap[704]: connect from 128.196.210.2 to callit(300214): request from unauthorized host
Jan 27 13:29:29 dfpc portmap[705]: connect from 128.196.210.2 to callit(300214): request from unauthorized host
Jan 27 13:29:33 dfpc portmap[707]: connect from 128.196.210.2 to callit(300214): request from unauthorized host
Jan 27 13:29:33 dfpc portmap[708]: connect from 128.196.210.2 to callit(300214): request from unauthorized host
Jan 27 13:29:35 dfpc sudo:  dfisher : TTY=ttyp0 ; PWD=/home/dfisher ; USER=root ; COMMAND=/sbin/hdparm -d 1 /dev/hda 
Jan 27 13:29:35 dfpc sudo:  dfisher : TTY=ttyp0 ; PWD=/home/dfisher ; USER=root ; COMMAND=/sbin/fsck.ext2 -a /dev/hdb1 
Jan 27 13:29:35 dfpc sudo:  dfisher : TTY=ttyp0 ; PWD=/home/dfisher ; USER=root ; COMMAND=/bin/mount /dev/hdb1 /usr1 
Jan 27 13:29:35 dfpc kernel: NTFS version 990411 
Jan 27 13:29:35 dfpc sudo:  dfisher : TTY=ttyp0 ; PWD=/home/dfisher ; USER=root ; COMMAND=/usr/sbin/exportfs aspc12:/usr1 -o rw,no_root_squash 
Jan 27 13:29:36 dfpc sudo:  dfisher : TTY=ttyp0 ; PWD=/home/dfisher ; USER=root ; COMMAND=/usr/sbin/exportfs aspc132:/usr1 -o rw,no_root_squash 
Jan 27 13:29:37 dfpc sudo:  dfisher : TTY=ttyp0 ; PWD=/home/dfisher ; USER=root ; COMMAND=/sbin/fsck.ext2 -a /dev/hdc1 
Jan 27 13:29:37 dfpc sudo:  dfisher : TTY=ttyp0 ; PWD=/home/dfisher ; USER=root ; COMMAND=/bin/mount /dev/hdc1 /usr2 
Jan 27 13:29:55 dfpc sudo:  dfisher : TTY=ttyp0 ; PWD=/home/dfisher ; USER=root ; COMMAND=/usr/sbin/exportfs aspc12:/usr2 -o rw,no_root_squash 
Jan 27 13:29:56 dfpc sudo:  dfisher : TTY=ttyp0 ; PWD=/home/dfisher ; USER=root ; COMMAND=/usr/sbin/exportfs aspc132:/usr2 -o rw,no_root_squash 
Jan 27 13:29:57 dfpc sudo:  dfisher : TTY=ttyp0 ; PWD=/home/dfisher ; USER=root ; COMMAND=/bin/mount nemo:/d0 /nemo_d0 
Jan 27 13:29:57 dfpc sudo:  dfisher : TTY=ttyp0 ; PWD=/home/dfisher ; USER=root ; COMMAND=/bin/mount nemo:/d1 /nemo_d1 
Jan 27 13:29:57 dfpc sudo:  dfisher : TTY=ttyp0 ; PWD=/home/dfisher ; USER=root ; COMMAND=/bin/mount nemo:/d2 /nemo_d2 
Jan 27 13:29:57 dfpc sudo:  dfisher : TTY=ttyp0 ; PWD=/home/dfisher ; USER=root ; COMMAND=/bin/mount sculptor:/d0 /sculptor_d0 
Jan 27 13:29:57 dfpc sudo:  dfisher : TTY=ttyp0 ; PWD=/home/dfisher ; USER=root ; COMMAND=/bin/mount sculptor:/d1 /sculptor_d1 
Jan 27 13:29:57 dfpc sudo:  dfisher : TTY=ttyp0 ; PWD=/home/dfisher ; USER=root ; COMMAND=/bin/mount sculptor:/d2 /sculptor_d2 
Jan 27 13:29:57 dfpc sudo:  dfisher : TTY=ttyp0 ; PWD=/home/dfisher ; USER=root ; COMMAND=/bin/mount sculptor:/d3 /sculptor_d3 
Jan 27 13:29:57 dfpc sudo:  dfisher : TTY=ttyp0 ; PWD=/home/dfisher ; USER=root ; COMMAND=/bin/mount drake:/d0 /drake_d0 
Jan 27 13:29:57 dfpc sudo:  dfisher : TTY=ttyp0 ; PWD=/home/dfisher ; USER=root ; COMMAND=/bin/mount drake:/d1 /drake_d1 
Jan 27 13:29:57 dfpc sudo:  dfisher : TTY=ttyp0 ; PWD=/home/dfisher ; USER=root ; COMMAND=/bin/mount aspc12:/aspc12 /aspc12 
Jan 27 13:29:57 dfpc sudo:  dfisher : TTY=ttyp0 ; PWD=/home/dfisher ; USER=root ; COMMAND=/bin/mount aspc12:/aspc12_usr /aspc12_usr 
Jan 27 13:29:57 dfpc sudo:  dfisher : TTY=ttyp0 ; PWD=/home/dfisher ; USER=root ; COMMAND=/bin/mount aspc12:/aspc12_usr1 /aspc12_usr1 
Jan 27 13:29:57 dfpc sudo:  dfisher : TTY=ttyp0 ; PWD=/home/dfisher ; USER=root ; COMMAND=/bin/mount aspc12:/aspc12_usr2 /aspc12_usr2 
Jan 27 13:29:58 dfpc sudo:  dfisher : TTY=ttyp0 ; PWD=/home/dfisher ; USER=root ; COMMAND=/bin/mount backup:/ /backup 
Jan 27 13:29:58 dfpc sudo:  dfisher : TTY=ttyp0 ; PWD=/home/dfisher ; USER=root ; COMMAND=/bin/mount backup:/usr /backup_usr 
Jan 27 13:33:33 dfpc sudo:  dfisher : TTY=ttyp0 ; PWD=/home/dfisher ; USER=root ; COMMAND=/usr/bin/emacs /var/log/messages 
lspci -v
00:00.0 Host bridge: Intel Corporation 430TX - 82439TX MTXC (rev 01)
        Flags: bus master, medium devsel, latency 32
00:02.0 VGA compatible controller: Neomagic Corporation NM2160 [MagicGraph 128XD]
        Flags: bus master, medium devsel, latency 64
        Memory at fd000000 (32-bit, prefetchable)
        Memory at ff800000 (32-bit, non-prefetchable)
        Memory at ffa00000 (32-bit, non-prefetchable)
00:03.0 CardBus bridge: Texas Instruments PCI1131 (rev 01)
        Subsystem: Unknown device 104c:ac15
        Flags: bus master, medium devsel, latency 0
        Bus: primary=00, secondary=00, subordinate=00, sec-latency=0
        16-bit legacy interface ports at 0007
00:03.1 CardBus bridge: Texas Instruments PCI1131 (rev 01)
        Subsystem: Unknown device 104c:ac15
        Flags: bus master, medium devsel, latency 0
        Bus: primary=00, secondary=00, subordinate=00, sec-latency=0
        16-bit legacy interface ports at 0007
00:07.0 Bridge: Intel Corporation 82371AB PIIX4 ISA (rev 01)
        Flags: bus master, medium devsel, latency 0
00:07.1 IDE interface: Intel Corporation 82371AB PIIX4 IDE (rev 01) (prog-if 80)
        Flags: bus master, medium devsel, latency 32
        I/O ports at ffa0
00:07.2 USB Controller: Intel Corporation 82371AB PIIX4 USB (rev 01)
        Flags: bus master, medium devsel, latency 64, IRQ 10
        I/O ports at df80
00:07.3 Bridge: Intel Corporation 82371AB PIIX4 ACPI (rev 01)
        Flags: medium devsel
00:11.0 PCI bridge: Intel Corporation: Unknown device 123b (prog-if 80)
        Flags: bus master, stepping, slow devsel, latency 0
        Bus: primary=00, secondary=01, subordinate=01, sec-latency=0
        Prefetchable memory behind bridge: fca00000-fcafffff
01:00.0 ISA bridge: Intel Corporation: Unknown device 123c
        Flags: bus master, medium devsel, latency 0
01:01.0 SCSI storage controller: Adaptec AIC-7850 (rev 03)
        Flags: bus master, medium devsel, latency 64, IRQ 11
        I/O ports at cc00
        Memory at ff3ff000 (32-bit, non-prefetchable)
01:04.0 Ethernet controller: Digital Equipment Corporation DECchip 21140 [FasterNet] (rev 22)
        Subsystem: Unknown device 10b8:2001
        Flags: bus master, medium devsel, latency 64, IRQ 11
        I/O ports at c880
        Memory at ff3fef80 (32-bit, non-prefetchable)