Date: Sat, 09 Sep 2000 15:58:15 +0200
From: Johnny Accot <>
Subject: PROBLEM: kernel BUG at ll_rw_blk.c:711
Sender: linux-kernel-owner@vger.kernel.org
Precedence: bulk
List-ID: <linux-kernel.vger.kernel.org>
X-Mailing-List: linux-kernel@vger.kernel.org
X-Lkml-Link: https://lkml.org/lkml/2000/9/9/22

Hi all!
I'm not subscribed to the list, but got a crash this morning with the
brand new 2.4.0-pre8.  Hope it helps.
BTW, thanks for your great work.
J. Accot
------
[1.] One line summary of the problem:    kernel BUG at ll_rw_blk.c:711
[2.] Full description of the problem/report:
First, I typed 'sync' (remotely), which dumped core.  I typed it a second
time to see whether it could be reproduced, but the machine already crashed.
The kernel log was:
Sep  9 14:54:25 julee kernel: kernel BUG at ll_rw_blk.c:711!
Sep  9 14:54:25 julee kernel: invalid operand: 0000
Sep  9 14:54:25 julee kernel: CPU:    0
Sep  9 14:54:25 julee kernel: EIP:    0010:[__make_request+159/1452]
Sep  9 14:54:25 julee kernel: EFLAGS: 00010286
Sep  9 14:54:25 julee kernel: eax: 0000001f   ebx: c3fe8780   ecx: 00000000   edx: ffffffff
Sep  9 14:54:25 julee kernel: esi: c3fe8780   edi: c0275d20   ebp: 00000001   esp: c5f37f34
Sep  9 14:54:25 julee kernel: ds: 0018   es: 0018   ss: 0018
Sep  9 14:54:25 julee kernel: Process kupdate (pid: 4, stackpage=c5f37000)
Sep  9 14:54:25 julee kernel: Stack: c01ef2e5 c01ef582 000002c7 c3fe8780 00000001 0000000c 00000000 00000001
Sep  9 14:54:25 julee kernel:        c0275d38 c0275d30 00000000 00000002 00000000 00000000 c016ba87 000000fe
Sep  9 14:54:25 julee kernel:        c016c66c c0275d20 00000001 c3fe8780 c3fe8780 00000000 00000001 c5f37fd0
Sep  9 14:54:25 julee kernel: Call Trace: [devfsd_buf_size+44101/50752] [devfsd_buf_size+44770/50752] [blk_get_queue+55/72] [generic_make_request+272/284] [ll_rw_block+347/460] [flush_dirty_buffers+130/180] [tvecs+13678/39896]
Sep  9 14:54:25 julee kernel:        [sync_old_buffers+25/104] [kupdate+213/224] [kernel_thread+40/56]
Sep  9 14:54:25 julee kernel: Code: 0f 0b 83 c4 0c 31 c0 66 8b 4e 14 8a 46 15 8b 14 85 20 a5 26
Sep  9 15:06:16 julee kernel: kernel BUG at ll_rw_blk.c:711!
Sep  9 15:06:16 julee kernel: invalid operand: 0000
Sep  9 15:06:16 julee kernel: CPU:    0
Sep  9 15:06:16 julee kernel: EIP:    0010:[__make_request+159/1452]
Sep  9 15:06:16 julee kernel: EFLAGS: 00010286
Sep  9 15:06:16 julee kernel: eax: 0000001f   ebx: c40a83c0   ecx: c55ce140   edx: 00000002
Sep  9 15:06:16 julee kernel: esi: c40a83c0   edi: c0275d20   ebp: 00000001   esp: c3555f04
Sep  9 15:06:16 julee kernel: ds: 0018   es: 0018   ss: 0018
Sep  9 15:06:16 julee kernel: Process sync (pid: 705, stackpage=c3555000)
Sep  9 15:06:16 julee kernel: Stack: c01ef2e5 c01ef582 000002c7 c40a83c0 00000001 0000000c 00000000 001e8480
Sep  9 15:06:16 julee kernel:        c0275d38 c0275d30 00000000 00000002 00000000 00000000 c016ba87 000000fe
Sep  9 15:06:16 julee kernel:        c016c66c c0275d20 00000001 c40a83c0 c40a83c0 00000000 00000001 c3555fa4
Sep  9 15:06:16 julee kernel: Call Trace: [devfsd_buf_size+44101/50752] [devfsd_buf_size+44770/50752] [blk_get_queue+55/72] [generic_make_request+272/284] [ll_rw_block+347/460] [sync_buffers+232/456] [fsync_dev+16/48]
Sep  9 15:06:16 julee kernel:        [sys_sync+7/16] [system_call+51/64]
Sep  9 15:06:16 julee kernel: Code: 0f 0b 83 c4 0c 31 c0 66 8b 4e 14 8a 46 15 8b 14 85 20 a5 26
[3.] Keywords (i.e., modules, networking, kernel): kernel, devfs?
[4.] Kernel version (from /proc/version):
Linux version 2.4.0-test8 (root@julee) (gcc version 2.95.3 19991030 (prerelease)) #110 sam sep 9 13:26:49 CEST 2000
Just downloaded the new 2.4.0-test8 kernel.  No patch applied.  Oh, one patch.
The new acpi code from 
http://developer.intel.com/technology/iapc/acpi
 ...  Yet
the ACPI interpreter was not enabled; the 'Enter S1 state' was enabled.
[5.] Output of Oops.. message (if applicable) with symbolic information 
     resolved (see Documentation/oops-tracing.txt)
No OOPS.
[6.] A small shell script or example program which triggers the
     problem (if possible)
None.
[7.] Environment
[7.1.] Software (add the output of the ver_linux script here)
Running RedHat RawHide 20000424, with few minor changes, which should
not interact with kernel compilation.
Linux julee 2.4.0-test8 #110 sam sep 9 13:26:49 CEST 2000 i586 unknown
Kernel modules         2.3.11
Gnu C                  2.95.3
Binutils               2.9.5.0.34
Linux C Library        ..
ldd: missing file arguments
Try `ldd --help' for more information.
ls: /usr/lib/libg++.so: Aucun fichier ou rÃ©pertoire de ce type
Procps                 2.0.6
Mount                  2.10k
Net-tools              (1999-04-20)
Kbd                    [option...]
Sh-utils               2.0
Sh-utils               Parker.
Sh-utils               
Sh-utils               Inc.
Sh-utils               NO
Sh-utils               PURPOSE.
glibc-2.1.3-16 is installed.  ver_linux didn't seem to detect it.
[7.2.] Processor information (from /proc/cpuinfo):
processor       : 0
vendor_id       : GenuineIntel
cpu family      : 5
model           : 8
model name      : Mobile Pentium MMX
stepping        : 1
cpu MHz         : 232.106809
fdiv_bug        : no
hlt_bug         : no
sep_bug         : no
f00f_bug        : yes
coma_bug        : no
fpu             : yes
fpu_exception   : yes
cpuid level     : 1
wp              : yes
flags           : fpu vme de pse tsc msr mce cx8 mmx
bogomips        : 463.67
[7.3.] Module information (from /proc/modules):
julee|6> cat /proc/modules 
pcnet_cs                9788   1
8390                    6200   0 [pcnet_cs]
ide-cd                 24780   0 (autoclean)
cdrom                  27388   0 (autoclean) [ide-cd]
[7.4.] Loaded driver and hardware information (/proc/ioports, /proc/iomem)
julee|8> cat /proc/ioports 
0000-001f : dma1
0020-003f : pic1
0040-005f : timer
0060-006f : keyboard
0080-008f : dma page reg
00a0-00bf : pic2
00c0-00df : dma2
00f0-00ff : fpu
0170-0177 : ide1
01f0-01f7 : ide0
0300-030f : pcnet_cs
0310-031f : pcnet_cs
0376-0376 : ide1
03c0-03df : vga+
03f6-03f6 : ide0
0cf8-0cff : PCI conf1
1000-10ff : PCI CardBus #01
1400-14ff : PCI CardBus #01
1800-18ff : PCI CardBus #04
1c00-1cff : PCI CardBus #04
8400-841f : Intel Corporation 82371AB PIIX4 USB
ef00-ef3f : Intel Corporation 82371AB PIIX4 ACPI
  ef00-ef03 : acpi
  ef04-ef05 : acpi
  ef08-ef0b : acpi
  ef0c-ef0f : acpi
efa0-efbf : Intel Corporation 82371AB PIIX4 ACPI
fcf0-fcff : Intel Corporation 82371AB PIIX4 IDE
  fcf0-fcf7 : ide0
  fcf8-fcff : ide1
julee|9> cat /proc/iomem
00000000-0009efff : System RAM
000a0000-000bffff : Video RAM area
000c0000-000c7fff : Video ROM
000f0000-000fffff : System ROM
00100000-05f6ffff : System RAM
  00100000-00210237 : Kernel code
  00210238-00225c37 : Kernel data
10000000-103fffff : PCI CardBus #01
10400000-107fffff : PCI CardBus #01
10800000-10bfffff : PCI CardBus #04
10c00000-10ffffff : PCI CardBus #04
20000000-201fffff : Neomagic Corporation NM2160 [MagicGraph 128XD]
20200000-202fffff : Neomagic Corporation NM2160 [MagicGraph 128XD]
20300000-20300fff : Texas Instruments PCI1250 (#2)
20301000-20301fff : Texas Instruments PCI1250
a0000000-a0000fff : card services
e0000000-e0ffffff : Neomagic Corporation NM2160 [MagicGraph 128XD]
[7.5.] PCI information ('lspci -vvv' as root)
00:00.0 Host bridge: Intel Corporation 430TX - 82439TX MTXC (rev 01)
        Control: I/O- Mem+ BusMaster+ SpecCycle- MemWINV- VGASnoop- ParErr- Stepping- SERR- FastB2B-
        Status: Cap- 66Mhz- UDF- FastB2B- ParErr- DEVSEL=medium >TAbort- <TAbort- <MAbort+ >SERR- <PERR-
        Latency: 32 set
00:01.0 Bridge: Intel Corporation 82371AB PIIX4 ISA (rev 01)
        Control: I/O+ Mem+ BusMaster+ SpecCycle+ MemWINV- VGASnoop- ParErr- Stepping- SERR- FastB2B-
        Status: Cap- 66Mhz- UDF- FastB2B+ ParErr- DEVSEL=medium >TAbort- <TAbort- <MAbort- >SERR- <PERR-
        Latency: 0 set
00:01.1 IDE interface: Intel Corporation 82371AB PIIX4 IDE (rev 01) (prog-if 80 [Master])
        Control: I/O+ Mem- BusMaster+ SpecCycle- MemWINV- VGASnoop- ParErr- Stepping- SERR- FastB2B-
        Status: Cap- 66Mhz- UDF- FastB2B+ ParErr- DEVSEL=medium >TAbort- <TAbort- <MAbort- >SERR- <PERR-
        Latency: 48 set
        Region 4: I/O ports at fcf0 [size=16]
00:01.2 USB Controller: Intel Corporation 82371AB PIIX4 USB (rev 01) (prog-if 00 [UHCI])
        Control: I/O+ Mem- BusMaster+ SpecCycle- MemWINV- VGASnoop- ParErr- Stepping- SERR- FastB2B-
        Status: Cap- 66Mhz- UDF- FastB2B+ ParErr- DEVSEL=medium >TAbort- <TAbort- <MAbort- >SERR- <PERR-
        Latency: 48 set
        Interrupt: pin D routed to IRQ 11
        Region 4: I/O ports at 8400 [size=32]
00:01.3 Bridge: Intel Corporation 82371AB PIIX4 ACPI (rev 01)
        Control: I/O+ Mem+ BusMaster- SpecCycle- MemWINV- VGASnoop- ParErr- Stepping- SERR- FastB2B-
        Status: Cap- 66Mhz- UDF- FastB2B+ ParErr- DEVSEL=medium >TAbort- <TAbort- <MAbort- >SERR- <PERR-
00:02.0 CardBus bridge: Texas Instruments PCI1250 (rev 02)
        Subsystem: IBM: Unknown device 0092
        Control: I/O+ Mem+ BusMaster+ SpecCycle- MemWINV- VGASnoop- ParErr- Stepping- SERR- FastB2B-
        Status: Cap+ 66Mhz- UDF- FastB2B- ParErr- DEVSEL=medium >TAbort- <TAbort- <MAbort- >SERR- <PERR-
        Latency: 168 set, cache line size 20
        Interrupt: pin A routed to IRQ 11
        Region 0: Memory at 20301000 (32-bit, non-prefetchable) [size=4K]
        Bus: primary=00, secondary=01, subordinate=01, sec-latency=176
        Memory window 0: 10000000-103ff000 (prefetchable)
        Memory window 1: 10400000-107ff000
        I/O window 0: 00001000-000010ff
        I/O window 1: 00001400-000014ff
        BridgeCtl: Parity- SERR- ISA- VGA- MAbort- >Reset+ 16bInt+ PostWrite+
        16-bit legacy interface ports at 0001
00:02.1 CardBus bridge: Texas Instruments PCI1250 (rev 02)
        Subsystem: IBM: Unknown device 0092
        Control: I/O+ Mem+ BusMaster+ SpecCycle- MemWINV- VGASnoop- ParErr- Stepping- SERR- FastB2B-
        Status: Cap+ 66Mhz- UDF- FastB2B- ParErr- DEVSEL=medium >TAbort- <TAbort- <MAbort- >SERR- <PERR-
        Latency: 168 set, cache line size 20
        Interrupt: pin B routed to IRQ 11
        Region 0: Memory at 20300000 (32-bit, non-prefetchable) [size=4K]
        Bus: primary=00, secondary=04, subordinate=04, sec-latency=176
        Memory window 0: 10800000-10bff000 (prefetchable)
        Memory window 1: 10c00000-10fff000
        I/O window 0: 00001800-000018ff
        I/O window 1: 00001c00-00001cff
        BridgeCtl: Parity- SERR- ISA- VGA- MAbort- >Reset+ 16bInt+ PostWrite+
        16-bit legacy interface ports at 0001
00:03.0 VGA compatible controller: Neomagic Corporation NM2160 [MagicGraph 128XD] (rev 01) (prog-if 00 [VGA])
        Subsystem: Neomagic Corporation MagicGraph 128XD
        Control: I/O+ Mem+ BusMaster+ SpecCycle- MemWINV- VGASnoop- ParErr- Stepping- SERR- FastB2B-
        Status: Cap- 66Mhz- UDF- FastB2B+ ParErr- DEVSEL=medium >TAbort- <TAbort- <MAbort- >SERR- <PERR-
        Latency: 16 min, 255 max, 128 set
        Interrupt: pin A routed to IRQ 11
        Region 0: Memory at e0000000 (32-bit, prefetchable) [size=16M]
        Region 1: Memory at 20000000 (32-bit, non-prefetchable) [size=2M]
        Region 2: Memory at 20200000 (32-bit, non-prefetchable) [size=1M]
[7.6.] SCSI information (from /proc/scsi/scsi)
No SCSI.
[7.7.] Other information that might be relevant to the problem
       (please look in /proc and include all information that you
       think to be relevant):
I don't see any.
[X.] Other notes, patches, fixes, workarounds:
None, unfortunately :-(
-
To unsubscribe from this list: send the line "unsubscribe linux-kernel" in
the body of a message to majordomo@vger.kernel.org
Please read the FAQ at 
http://www.tux.org/lkml/