Date: Thu, 13 Jul 2000 03:27:28 +0200
From: Roger Larsson <>
Subject: [BUG] while testing 2.4.0-test4 age lru
Sender: linux-kernel-owner@vger.kernel.org
Precedence: bulk
List-ID: <linux-kernel.vger.kernel.org>
X-Mailing-List: linux-kernel@vger.kernel.org
X-Lkml-Link: https://lkml.org/lkml/2000/7/12/171

Hi,
When trying to start latencytest I got this BUG.
And I don't think that my patch can be related...
Code looks like:
  static inline struct page * alloc_pages(int gfp_mask, unsigned long
order)
  {
	/*  temporary check. */
	if (contig_page_data.node_zonelists[gfp_mask].gfp_mask != (gfp_mask))
===>		BUG();
Now I can't restart latencytest it complains on 
  ERROR: open /dev/dsp: Device or resource busy 
I will try again when I restart tomorrow...
/RogerL
--
Home page:
  
http://www.norran.net/nra02596/
Inspecting /boot/System.map
Loaded 13842 symbols from /boot/System.map.
Symbols match kernel version 2.4.0.
No module symbols loaded.
klogd 1.3-3, log source = ksyslog started.
<4>Linux version 2.4.0-test4 (root@dox) (gcc version 2.95.2 19991024 (release)) #24 Thu Jul 13 02:14:31 CEST 2000
<4>BIOS-provided physical RAM map:
<4> e820: 000000000009fc00 @ 0000000000000000 (usable)
<4> e820: 0000000000000400 @ 000000000009fc00 (reserved)
<4> e820: 0000000000020000 @ 00000000000e0000 (reserved)
<4> e820: 0000000005f00000 @ 0000000000100000 (usable)
<4> e820: 0000000000001000 @ 00000000fec00000 (reserved)
<4> e820: 0000000000001000 @ 00000000fee00000 (reserved)
<4> e820: 0000000000020000 @ 00000000fffe0000 (reserved)
<4>On node 0 totalpages: 24576
<4>zone(0): 4096 pages.
<4>zone(1): 20480 pages.
<4>zone(2): 0 pages.
<4>Kernel command line: BOOT_IMAGE=develop ro root=1604 idebus=30
<4>ide_setup: idebus=30
<4>Initializing CPU#0
<4>Detected 180411053 Hz processor.
<4>Console: colour VGA+ 80x25
<4>Calibrating delay loop... 359.63 BogoMIPS
<4>Memory: 94260k/98304k available (1437k kernel code, 3656k reserved, 112k data, 176k init, 0k highmem)
<4>Dentry-cache hash table entries: 16384 (order: 5, 131072 bytes)
<4>Buffer-cache hash table entries: 4096 (order: 2, 16384 bytes)
<4>Page-cache hash table entries: 32768 (order: 5, 131072 bytes)
<4>Inode-cache hash table entries: 8192 (order: 4, 65536 bytes)
<4>CPU: Intel Pentium Pro stepping 06
<6>Checking 386/387 coupling... OK, FPU using exception 16 error reporting.
<6>Checking 'hlt' instruction... OK.
<4>POSIX conformance testing by UNIFIX
<4>mtrr: v1.36 (20000221) Richard Gooch (rgooch@atnf.csiro.au)
<4>PCI: PCI BIOS revision 2.10 entry at 0xfdb91, last bus=0
<4>PCI: Using configuration type 1
<4>PCI: Probing PCI hardware
<6>Limiting direct PCI/PCI transfers.
<6>Activating ISA DMA hang workarounds.
<6>Linux NET4.0 for Linux 2.3
<6>Based upon Swansea University Computer Society NET3.039
<6>NET4: Unix domain sockets 1.0/SMP for Linux NET4.0.
<6>NET4: Linux TCP/IP 1.0 for NET4.0
<6>IP Protocols: ICMP, UDP, TCP
<4>IP: routing cache hash table of 512 buckets, 4Kbytes
<4>TCP: Hash tables configured (established 8192 bind 8192)
<4>Starting kswapd v1.6
<4>pty: 256 Unix98 ptys configured
<6>Uniform Multi-Platform E-IDE driver Revision: 6.31
<4>ide: Assuming 30MHz system bus speed for PIO modes
<4>PIIX3: IDE controller on PCI bus 00 dev 39
<4>PIIX3: chipset revision 0
<4>PIIX3: not 100% native mode: will probe irqs later
<4>    ide0: BM-DMA at 0xffa0-0xffa7, BIOS settings: hda:pio, hdb:pio
<4>    ide1: BM-DMA at 0xffa8-0xffaf, BIOS settings: hdc:pio, hdd:pio
<4>hda: WDC AC33200L, ATA DISK drive
<4>hdb: ST320423A, ATA DISK drive
<4>hdc: WDC AC22100H, ATA DISK drive
<4>ide0 at 0x1f0-0x1f7,0x3f6 on irq 14
<4>ide1 at 0x170-0x177,0x376 on irq 15
<6>hda: 6346368 sectors (3249 MB) w/256KiB Cache, CHS=787/128/63, (U)DMA
<6>hdb: 40011300 sectors (20486 MB) w/512KiB Cache, CHS=2490/255/63, (U)DMA
<6>hdc: 4124736 sectors (2112 MB) w/128KiB Cache, CHS=4092/16/63, DMA
<6>Partition check:
<6> hda: hda1 hda2 hda3 < hda5 hda6 > hda4
<6> hdb: hdb1 < hdb5 > hdb2 hdb3 hdb4
<6> hdc: [PTBL] [1023/64/63] hdc1 < hdc5 > hdc2 hdc3 hdc4
<6>Floppy drive(s): fd0 is 1.44M
<6>FDC 0 is a post-1991 82077
<4>scsi : 0 hosts.
<4>scsi : detected total.
<6>Serial driver version 5.01 (2000-05-29) with MANY_PORTS SHARE_IRQ SERIAL_PCI enabled
<6>ttyS00 at 0x03f8 (irq = 4) is a 16550A
<6>ttyS01 at 0x02f8 (irq = 3) is a 16550A
<6>[drm] Initialized tdfx 0.0.1 19991009 on minor 63
<6>Linux PCMCIA Card Services 3.1.11
<6>  options:  [pci] [cardbus] [pm]
<6>Databook TCIC-2 PCMCIA probe: not found.
<3>kmem_create: Forcing size word alignment - nfs_fh
<5>ds: no socket drivers loaded!
<4>VFS: Mounted root (ext2 filesystem) readonly.
<4>Freeing unused kernel memory: 176k freed
<6>Adding Swap: 530136k swap-space (priority -1)
<6>Adding Swap: 133048k swap-space (priority -2)
Kernel logging (ksyslog) stopped.
Kernel log daemon terminating.
Jul 13 02:20:27 dox kernel: isapnp: Scanning for Pnp cards...
Jul 13 02:20:27 dox kernel: isapnp: No Plug & Play device found
Jul 13 02:20:27 dox insmod: /lib/modules/2.4.0-test4/sound/sb.o: post-install sb failed
Jul 13 02:20:27 dox insmod: /lib/modules/2.4.0-test4/sound/sb.o: insmod char-major-14 failed
Jul 13 02:20:27 dox kernel: kernel BUG at /usr/src/linux/include/linux/mm.h:321!
Jul 13 02:20:27 dox kernel: invalid operand: 0000
Jul 13 02:20:27 dox kernel: CPU:    0
Jul 13 02:20:27 dox kernel: EIP:    0010:[<c6867c02>]
Jul 13 02:20:27 dox kernel: EFLAGS: 00010286
Jul 13 02:20:27 dox kernel: eax: 00000035   ebx: 00000004   ecx: c5992000   edx: 00000000
Jul 13 02:20:27 dox kernel: esi: c6887108   edi: 00000002   ebp: 00000000   esp: c50c5e60
Jul 13 02:20:27 dox kernel: ds: 0018   es: 0018   ss: 0018
Jul 13 02:20:27 dox kernel: Process latencytest (pid: 228, stackpage=c50c5000)
Jul 13 02:20:27 dox kernel: Stack: c686fc44 c686fdc0 00000141 c6887108 00000000 00000002 00000002 00010000 
Jul 13 02:20:27 dox kernel:        c6867fc6 c6887108 c6887000 c6868294 c6887000 00000002 c6887108 00000000 
Jul 13 02:20:27 dox kernel:        00000003 00000003 00000003 c6887108 c6887578 c6866379 00000000 00000002 
Jul 13 02:20:27 dox kernel: Call Trace: [<c686fc44>] [<c686fdc0>] [<c6887108>] [<c6867fc6>] [<c6887108>] [<c6887000>] [<c6868294>] 
Jul 13 02:20:27 dox kernel:        [<c6887000>] [<c6887108>] [<c6887108>] [<c6887578>] [<c6866379>] [<c6862fa0>] [request_module+287/420] [<c686590f>] 
Jul 13 02:20:27 dox kernel:        [<c6862fa0>] [get_fops+88/104] [tvecs+17821/139900] [<c68624c4>] [get_chrfops+30/36] [tvecs+17821/139900] [chrdev_open+176/188] [dentry_open+189/328] 
Jul 13 02:20:27 dox kernel:        [filp_open+82/92] [sys_open+54/164] [system_call+52/56] 
Jul 13 02:20:27 dox kernel: Code: 0f 0b 83 c4 0c 83 fb 09 77 12 89 da b8 4c c9 26 c0 e8 28 3b 