Date: Fri, 17 Mar 2006 10:30:15 -0600
From: "K.R. Foley" <>
Subject: Re: 2.6.16-rc6-rt3
Sender: linux-kernel-owner@vger.kernel.org
Precedence: bulk
List-ID: <linux-kernel.vger.kernel.org>
X-Mailing-List: linux-kernel@vger.kernel.org
X-Lkml-Link: https://lkml.org/lkml/2006/3/17/197

Ingo Molnar wrote:
> * K.R. Foley <kr@cybsft.com> wrote:
> 
>>  [<c0103c3b>] die+0xf3/0x16f (56)
>>  [<c0111e19>] do_page_fault+0x36f/0x48a (88)
>>  [<c010357f>] error_code+0x4f/0x54 (76)
>>  [<c0132cc6>] resolve_symbol+0x22/0x5d (44)
>>  [<c013321c>] simplify_symbols+0x81/0xf4 (40)
>>  [<c0133e2d>] load_module+0x637/0x968 (168)
>>  [<c01341c1>] sys_init_module+0x3d/0x1d3 (28)
>>  [<c0102a1b>] sysenter_past_esp+0x54/0x75 (-8116)
> 
> S�bastien Dugu� found a bug that might explain your crash: during the 
> 2.6.16 rebase we lost a section marker which missing marker placed 
> assembly code into the ksymtabs table. That could cause confusion in the 
> ksymtab parser.
> 
> I've released 2.6.16-rc6-rt9 with this fix - could you check whether the 
> crash you are seeing is fixed?
> 
> 	Ingo
> 
OK. Tried rt9 with a clean build and still no joy. I've attached the log
which looks like it could be a similar problem?
-- 
   kr
Linux version 2.6.16-rc6-rt9 (kr@porky.cybersoft.int) (gcc version 3.4.4 20050721 (Red Hat 3.4.4-2)) #7 SMP PREEMPT Fri Mar 17 06:38:56 CST 2006
BIOS-provided physical RAM map:
 BIOS-e820: 0000000000000000 - 00000000000a0000 (usable)
 BIOS-e820: 00000000000f0000 - 0000000000100000 (reserved)
 BIOS-e820: 0000000000100000 - 000000001ff9e000 (usable)
 BIOS-e820: 000000001ff9e000 - 0000000020000000 (reserved)
 BIOS-e820: 00000000fec00000 - 00000000fec10000 (reserved)
 BIOS-e820: 00000000fee00000 - 00000000fee10000 (reserved)
 BIOS-e820: 00000000ffb00000 - 0000000100000000 (reserved)
511MB LOWMEM available.
found SMP MP-table at 000fe710
DMI 2.3 present.
ACPI: PM-Timer IO Port: 0x808
ACPI: LAPIC (acpi_id[0x01] lapic_id[0x00] enabled)
Processor #0 6:8 APIC version 17
ACPI: LAPIC (acpi_id[0x02] lapic_id[0x01] enabled)
Processor #1 6:8 APIC version 17
ACPI: LAPIC_NMI (acpi_id[0x01] high edge lint[0x1])
ACPI: LAPIC_NMI (acpi_id[0x02] high edge lint[0x1])
ACPI: IOAPIC (id[0x02] address[0xfec00000] gsi_base[0])
IOAPIC[0]: apic_id 2, version 32, address 0xfec00000, GSI 0-23
ACPI: INT_SRC_OVR (bus 0 bus_irq 0 global_irq 2 dfl dfl)
ACPI: INT_SRC_OVR (bus 0 bus_irq 9 global_irq 9 high level)
Enabling APIC mode:  Flat.  Using 1 I/O APICs
Using ACPI (MADT) for SMP configuration information
Allocating PCI resources starting at 30000000 (gap: 20000000:dec00000)
Detected 931.003 MHz processor.
Real-Time Preemption Support (C) 2004-2006 Ingo Molnar
Built 1 zonelists
Kernel command line: ro root=LABEL=/ console=ttyS0,38400 console=tty0 nmi_watchdog=1 
Enabling fast FPU save and restore... done.
Enabling unmasked SIMD FPU exception support... done.
Initializing CPU#0
WARNING: experimental RCU implementation.
PID hash table entries: 2048 (order: 11, 32768 bytes)
Event source pit installed with caps set: 01
Console: colour VGA+ 80x25
Dentry cache hash table entries: 131072 (order: 7, 524288 bytes)
Inode-cache hash table entries: 65536 (order: 6, 262144 bytes)
Memory: 506356k/523896k available (1775k kernel code, 17156k reserved, 915k data, 284k init, 0k highmem)
Checking if this processor honours the WP bit even in supervisor mode... Ok.
Calibrating delay using timer specific routine.. 1862.48 BogoMIPS (lpj=931242)
Security Framework v1.0.0 initialized
Capability LSM initialized
Mount-cache hash table entries: 512
CPU: L1 I cache: 16K, L1 D cache: 16K
CPU: L2 cache: 256K
Intel machine check architecture supported.
Intel machine check reporting enabled on CPU#0.
Checking 'hlt' instruction... OK.
CPU0: Intel Pentium III (Coppermine) stepping 06
Booting processor 1/1 eip 2000
Initializing CPU#1
Calibrating delay using timer specific routine.. 1861.68 BogoMIPS (lpj=930840)
CPU: L1 I cache: 16K, L1 D cache: 16K
CPU: L2 cache: 256K
Intel machine check architecture supported.
Intel machine check reporting enabled on CPU#1.
CPU1: Intel Pentium III (Coppermine) stepping 06
Total of 2 processors activated (3724.16 BogoMIPS).
ENABLING IO-APIC IRQs
..TIMER: vector=0x31 apic1=0 pin1=2 apic2=-1 pin2=-1
Event source lapic installed with caps set: 04
checking TSC synchronization across 2 CPUs: passed.
Event source lapic installed with caps set: 04
Brought up 2 CPUs
checking if image is initramfs... it is
Freeing initrd memory: 433k freed
NET: Registered protocol family 16
ACPI: bus type pci registered
PCI: PCI BIOS revision 2.10 entry at 0xfc03e, last bus=4
PCI: Using configuration type 1
ACPI: Subsystem revision 20060127
ACPI: Interpreter enabled
ACPI: Using IOAPIC for interrupt routing
ACPI: PCI Root Bridge [PCI0] (0000:00)
ACPI: Assume root bridge [\_SB_.PCI0] bus is 0
PCI quirk: region 0800-087f claimed by ICH4 ACPI/GPIO/TCO
PCI quirk: region 0880-08bf claimed by ICH4 GPIO
PCI: Transparent bridge - 0000:00:1e.0
ACPI: PCI Interrupt Link [LNKA] (IRQs 3 4 5 6 7 *9 10 11 12 15)
ACPI: PCI Interrupt Link [LNKB] (IRQs 3 4 5 6 7 9 *10 11 12 15)
ACPI: PCI Interrupt Link [LNKC] (IRQs 3 4 *5 6 7 9 10 11 12 15)
ACPI: PCI Interrupt Link [LNKD] (IRQs 3 4 5 6 7 9 10 *11 12 15)
Linux Plug and Play Support v0.97 (c) Adam Belay
pnp: PnP ACPI init
pnp: PnP ACPI: found 14 devices
PCI: Using ACPI for IRQ routing
PCI: If a device doesn't work, try "pci=routeirq".  If it helps, post a report
pnp: 00:0d: ioport range 0x800-0x85f could not be reserved
pnp: 00:0d: ioport range 0xc00-0xc7f has been reserved
pnp: 00:0d: ioport range 0x860-0x8ff could not be reserved
PCI: Bridge: 0000:00:01.0
  IO window: disabled.
  MEM window: fc000000-fdffffff
  PREFETCH window: f4000000-f5ffffff
PCI: Bridge: 0000:02:1f.0
  IO window: disabled.
  MEM window: fb000000-fb0fffff
  PREFETCH window: disabled.
PCI: Bridge: 0000:00:02.0
  IO window: disabled.
  MEM window: fb000000-fbffffff
  PREFETCH window: disabled.
PCI: Bridge: 0000:00:1e.0
  IO window: e000-efff
  MEM window: f9000000-faffffff
  PREFETCH window: 30000000-300fffff
No per-cpu room for modules.
VFS: Disk quotas dquot_6.5.1
Dquot-cache hash table entries: 1024 (order 0, 4096 bytes)
Initializing Cryptographic API
io scheduler noop registered
io scheduler anticipatory registered (default)
io scheduler deadline registered
io scheduler cfq registered
ACPI: PCI Interrupt 0000:01:00.0[A] -> GSI 16 (level, low) -> IRQ 16
nvidiafb: PCI id - 10de002d
nvidiafb: Actual id - 10de002d
nvidiafb: nVidia device/chipset 10DE002D
nvidiafb: HW is currently programmed for CRT
nvidiafb: Using CRT on CRTC 0
nvidiafb: MTRR set to ON
nvidiafb: PCI nVidia NV2 framebuffer (32MB @ 0xF4000000)
ACPI: Power Button (FF) [PWRF]
ibm_acpi: ec object not found
isapnp: Scanning for PnP cards...
isapnp: No Plug & Play device found
Real Time Clock Driver v1.12ac
PNP: PS/2 Controller [PNP0303:KBD,PNP0f13:MOU] at 0x60,0x64 irq 1,12
serio: i8042 AUX port at 0x60,0x64 irq 12
serio: i8042 KBD port at 0x60,0x64 irq 1
Serial: 8250/16550 driver $Revision: 1.90 $ 4 ports, IRQ sharing disabled
serial8250: ttyS0 at I/O 0x3f8 (irq = 4) is a 16550A
serial8250: ttyS1 at I/O 0x2f8 (irq = 3) is a 16550A
00:0a: ttyS0 at I/O 0x3f8 (irq = 4) is a 16550A
00:0b: ttyS1 at I/O 0x2f8 (irq = 3) is a 16550A
RAMDISK driver initialized: 16 RAM disks of 8192K size 1024 blocksize
Uniform Multi-Platform E-IDE driver Revision: 7.00alpha2
ide: Assuming 33MHz system bus speed for PIO modes; override with idebus=xx
ICH: IDE controller at PCI slot 0000:00:1f.1
ICH: chipset revision 2
ICH: not 100% native mode: will probe irqs later
    ide0: BM-DMA at 0xffa0-0xffa7, BIOS settings: hda:DMA, hdb:pio
    ide1: BM-DMA at 0xffa8-0xffaf, BIOS settings: hdc:DMA, hdd:pio
hda: SAMSUNG CD-R/RW SW-248F, ATAPI CD/DVD-ROM drive
ide0 at 0x1f0-0x1f7,0x3f6 on irq 14
hdc: Lite-On LTN483S 48x Max, ATAPI CD/DVD-ROM drive
ide1 at 0x170-0x177,0x376 on irq 15
mice: PS/2 mouse device common for all mice
md: md driver 0.90.3 MAX_MD_DEVS=256, MD_SB_DISKS=27
md: bitmap version 4.39
NET: Registered protocol family 2
IP route cache hash table entries: 8192 (order: 3, 32768 bytes)
TCP established hash table entries: 32768 (order: 9, 2490368 bytes)
input: AT Translated Set 2 keyboard as /class/input/input0
TCP bind hash table entries: 32768 (order: 9, 2359296 bytes)
TCP: Hash tables configured (established 32768 bind 32768)
TCP reno registered
TCP bic registered
NET: Registered protocol family 1
NET: Registered protocol family 17
NET: Registered protocol family 8
NET: Registered protocol family 20
Testing NMI watchdog ... OK.
Starting balanced_irq
Using IPI Shortcut mode
*****************************************************************************
Time: tsc clocksource has been installed.
*                                                                           *
*  REMINDER, the following debugging option is turned on in your .config:   *
*                                                                           *
*        CONFIG_DEBUG_RT_MUTEXES                                             *
*                                                                           *
*  it may increase runtime overhead and latencies.                          *
*                                                                           *
*****************************************************************************
*****************************************************************************
*                                                                           *
*  REMINDER, the following debugging option is turned on in your .config:   *
*                                                                           *
*        CONFIG_DEBUG_RT_MUTEXES                                             *
*                                                                           *
*  it may increase runtime overhead and latencies.                          *
*                                                                           *
*****************************************************************************
input: ImPS/2 Generic Wheel Mouse as /class/input/input1
Freeing unused kernel memory: 284k freed
Could not allocate 8 bytes percpu data
sd_mod: Unknown symbol scsi_print_sense_hdr
sd_mod: Unknown symbol scsi_mode_sense
sd_mod: Unknown symbol scsi_device_get
sd_mod: Unknown symbol scsi_get_sense_info_fld
sd_mod: Unknown symbol scsicam_bios_param
sd_mod: Unknown symbol scsi_command_normalize_sense
sd_mod: Unknown symbol scsi_test_unit_ready
sd_mod: Unknown symbol scsi_block_when_processing_errors
sd_mod: Unknown symbol scsi_register_driver
sd_mod: Unknown symbol scsi_ioctl
sd_mod: Unknown symbol scsi_nonblockable_ioctl
sd_mod: Unknown symbol scsi_device_put
sd_mod: Unknown symbol scsi_logging_level
sd_mod: Unknown symbol scsi_execute_req
sd_mod: Unknown symbol scsi_print_sense
sd_mod: Unknown symbol scsi_io_completion
sd_mod: Unknown symbol scsi_set_medium_removal
scsi_transport_spi: Unknown symbol scsi_is_sdev_device
scsi_transport_spi: Unknown symbol scsi_device_get
scsi_transport_spi: Unknown symbol scsi_is_target_device
scsi_transport_spi: Unknown symbol scsi_target_quiesce
scsi_transport_spi: Unknown symbol scsi_device_set_state
scsi_transport_spi: Unknown symbol scsi_device_put
scsi_transport_spi: Unknown symbol scsi_is_host_device
scsi_transport_spi: Unknown symbol scsi_device_quiesce
scsi_transport_spi: Unknown symbol scsi_execute
scsi_transport_spi: Unknown symbol scsi_target_resume
scsi_transport_spi: Unknown symbol scsi_normalize_sense
aic7xxx: Unknown symbol scsi_report_device_reset
aic7xxx: Unknown symbol scsi_remove_host
aic7xxx: Unknown symbol scsi_report_bus_reset
aic7xxx: Unknown symbol spi_display_xfer_agreement
aic7xxx: Unknown symbol scsi_partsize
aic7xxx: Unknown symbol spi_release_transport
aic7xxx: Unknown symbol scsi_host_put
aic7xxx: Unknown symbol scsi_scan_host
aic7xxx: Unknown symbol scsi_add_host
aic7xxx: Unknown symbol scsi_is_host_device
aic7xxx: Unknown symbol scsi_adjust_queue_depth
aic7xxx: Unknown symbol spi_attach_transport
aic7xxx: Unknown symbol scsi_unblock_requests
aic7xxx: Unknown symbol scsi_bios_ptable
aic7xxx: Unknown symbol scsi_block_requests
aic7xxx: Unknown symbol scsi_host_alloc
aic7xxx: Unknown symbol spi_dv_device
Kernel panic - not syncing: Attempted to kill init!
 [<c0103732>] show_trace+0x13/0x15 (20)
 [<c010380c>] dump_stack+0x16/0x18 (20)
 [<c0119502>] panic+0x3f/0xd8 (40)
 [<c011bd36>] do_exit+0x92/0x443 (32)
 [<c011c10d>] next_thread+0x0/0x10 (8)
 [<c01028ff>] sysenter_past_esp+0x54/0x75 (-8116)
------------------------------
| showing all locks held by: |  (init/1 [dff0d7f0, 116]):
------------------------------
 Linux version 2.6.15-rt16 (kr@porky.cybersoft.int) (gcc version 3.4.4 20050721 (Red Hat 3.4.4-2)) #12 SMP PREEMPT Wed Feb 1 12:55:15 CST 2006
BIOS-provided physical RAM map:
 BIOS-e820: 0000000000000000 - 00000000000a0000 (usable)
 BIOS-e820: 00000000000f0000 - 0000000000100000 (reserved)
 BIOS-e820: 0000000000100000 - 000000001ff9e000 (usable)
 BIOS-e820: 000000001ff9e000 - 0000000020000000 (reserved)
 BIOS-e820: 00000000fec00000 - 00000000fec10000 (reserved)
 BIOS-e820: 00000000fee00000 - 00000000fee10000 (reserved)
 BIOS-e820: 00000000ffb00000 - 0000000100000000 (reserved)
511MB LOWMEM available.
found SMP MP-table at 000fe710
DMI 2.3 present.
ACPI: PM-Timer IO Port: 0x808
ACPI: LAPIC (acpi_id[0x01] lapic_id[0x00] enabled)
Processor #0 6:8 APIC version 17
ACPI: LAPIC (acpi_id[0x02] lapic_id[0x01] enabled)
Processor #1 6:8 APIC version 17
ACPI: LAPIC_NMI (acpi_id[0x01] high edge lint[0x1])
ACPI: LAPIC_NMI (acpi_id[0x02] high edge lint[0x1])
ACPI: IOAPIC (id[0x02] address[0xfec00000] gsi_base[0])
IOAPIC[0]: apic_id 2, version 32, address 0xfec00000, GSI 0-23
ACPI: INT_SRC_OVR (bus 0 bus_irq 0 global_irq 2 dfl dfl)
ACPI: INT_SRC_OVR (bus 0 bus_irq 9 global_irq 9 high level)
Enabling APIC mode:  Flat.  Using 1 I/O APICs
Using ACPI (MADT) for SMP configuration information
Allocating PCI resources starting at 30000000 (gap: 20000000:dec00000)
Detected 930.992 MHz processor.
Real-Time Preemption Support (C) 2004-2005 Ingo Molnar
Built 1 zonelists
Kernel command line: ro root=LABEL=/ console=ttyS0,38400 console=tty0 nmi_watchdog=1 
Initializing CPU#0
WARNING: experimental RCU implementation.
PID hash table entries: 2048 (order: 11, 32768 bytes)
Event source pit installed with caps set: 01
Console: colour VGA+ 80x25
Dentry cache hash table entries: 131072 (order: 7, 524288 bytes)
Inode-cache hash table entries: 65536 (order: 6, 262144 bytes)
Memory: 506208k/523896k available (1791k kernel code, 17304k reserved, 899k data, 200k init, 0k highmem)
Checking if this processor honours the WP bit even in supervisor mode... Ok.
Calibrating delay using timer specific routine.. 1862.60 BogoMIPS (lpj=931301)
Security Framework v1.0.0 initialized
Capability LSM initialized
Mount-cache hash table entries: 512
CPU: L1 I cache: 16K, L1 D cache: 16K
CPU: L2 cache: 256K
Intel machine check architecture supported.
Intel machine check reporting enabled on CPU#0.
mtrr: v2.0 (20020519)
Enabling fast FPU save and restore... done.
Enabling unmasked SIMD FPU exception support... done.
Checking 'hlt' instruction... OK.
CPU0: Intel Pentium III (Coppermine) stepping 06
Booting processor 1/1 eip 2000
Initializing CPU#1
Calibrating delay using timer specific routine.. 1861.67 BogoMIPS (lpj=930837)
CPU: L1 I cache: 16K, L1 D cache: 16K
CPU: L2 cache: 256K
Intel machine check architecture supported.
Intel machine check reporting enabled on CPU#1.
CPU1: Intel Pentium III (Coppermine) stepping 06
Total of 2 processors activated (3724.27 BogoMIPS).
ENABLING IO-APIC IRQs
..TIMER: vector=0x31 apic1=0 pin1=2 apic2=-1 pin2=-1
Event source lapic installed with caps set: 06
checking TSC synchronization across 2 CPUs: passed.
Event source lapic installed with caps set: 06
Brought up 2 CPUs
checking if image is initramfs... it is
Freeing initrd memory: 433k freed
NET: Registered protocol family 16
ACPI: bus type pci registered
PCI: PCI BIOS revision 2.10 entry at 0xfc03e, last bus=4
PCI: Using configuration type 1
ACPI: Subsystem revision 20050902
ACPI: Interpreter enabled
ACPI: Using IOAPIC for interrupt routing
ACPI: PCI Root Bridge [PCI0] (0000:00)
ACPI: Assume root bridge [\_SB_.PCI0] bus is 0
PCI quirk: region 0800-087f claimed by ICH4 ACPI/GPIO/TCO
PCI quirk: region 0880-08bf claimed by ICH4 GPIO
PCI: Transparent bridge - 0000:00:1e.0
ACPI: PCI Interrupt Link [LNKA] (IRQs 3 4 5 6 7 *9 10 11 12 15)
ACPI: PCI Interrupt Link [LNKB] (IRQs 3 4 5 6 7 9 *10 11 12 15)
ACPI: PCI Interrupt Link [LNKC] (IRQs 3 4 *5 6 7 9 10 11 12 15)
ACPI: PCI Interrupt Link [LNKD] (IRQs 3 4 5 6 7 9 10 *11 12 15)
Linux Plug and Play Support v0.97 (c) Adam Belay
pnp: PnP ACPI init
pnp: PnP ACPI: found 13 devices
PCI: Using ACPI for IRQ routing
PCI: If a device doesn't work, try "pci=routeirq".  If it helps, post a report
pnp: 00:0c: ioport range 0x800-0x85f could not be reserved
pnp: 00:0c: ioport range 0xc00-0xc7f has been reserved
pnp: 00:0c: ioport range 0x860-0x8ff could not be reserved
PCI: Bridge: 0000:00:01.0
  IO window: disabled.
  MEM window: fc000000-fdffffff
  PREFETCH window: f4000000-f5ffffff
PCI: Bridge: 0000:02:1f.0
  IO window: disabled.
  MEM window: fb000000-fb0fffff
  PREFETCH window: disabled.
PCI: Bridge: 0000:00:02.0
  IO window: disabled.
  MEM window: fb000000-fbffffff
  PREFETCH window: disabled.
PCI: Bridge: 0000:00:1e.0
  IO window: e000-efff
  MEM window: f9000000-faffffff
  PREFETCH window: 30000000-300fffff
VFS: Disk quotas dquot_6.5.1
Dquot-cache hash table entries: 1024 (order 0, 4096 bytes)
Initializing Cryptographic API
io scheduler noop registered
io scheduler anticipatory registered
io scheduler deadline registered
io scheduler cfq registered
ACPI: PCI Interrupt 0000:01:00.0[A] -> GSI 16 (level, low) -> IRQ 16
nvidiafb: nVidia device/chipset 10DE002D
nvidiafb: HW is currently programmed for CRT
nvidiafb: Using CRT on CRTC 0
nvidiafb: MTRR set to ON
nvidiafb: PCI nVidia NV2 framebuffer (32MB @ 0xF4000000)
ACPI: Power Button (FF) [PWRF]
ibm_acpi: ec object not found
isapnp: Scanning for PnP cards...
isapnp: No Plug & Play device found
Real Time Clock Driver v1.12
PNP: PS/2 Controller [PNP0303:KBD,PNP0f13:MOU] at 0x60,0x64 irq 1,12
serio: i8042 AUX port at 0x60,0x64 irq 12
serio: i8042 KBD port at 0x60,0x64 irq 1
Serial: 8250/16550 driver $Revision: 1.90 $ 4 ports, IRQ sharing disabled
serial8250: ttyS0 at I/O 0x3f8 (irq = 4) is a 16550A
serial8250: ttyS1 at I/O 0x2f8 (irq = 3) is a 16550A
00:09: ttyS0 at I/O 0x3f8 (irq = 4) is a 16550A
00:0a: ttyS1 at I/O 0x2f8 (irq = 3) is a 16550A
RAMDISK driver initialized: 16 RAM disks of 8192K size 1024 blocksize
Uniform Multi-Platform E-IDE driver Revision: 7.00alpha2
ide: Assuming 33MHz system bus speed for PIO modes; override with idebus=xx
ICH: IDE controller at PCI slot 0000:00:1f.1
ICH: chipset revision 2
ICH: not 100% native mode: will probe irqs later
    ide0: BM-DMA at 0xffa0-0xffa7, BIOS settings: hda:DMA, hdb:pio
    ide1: BM-DMA at 0xffa8-0xffaf, BIOS settings: hdc:DMA, hdd:pio
hda: SAMSUNG CD-R/RW SW-248F, ATAPI CD/DVD-ROM drive
ide0 at 0x1f0-0x1f7,0x3f6 on irq 14
hdc: Lite-On LTN483S 48x Max, ATAPI CD/DVD-ROM drive
ide1 at 0x170-0x177,0x376 on irq 15
mice: PS/2 mouse device common for all mice
md: md driver 0.90.3 MAX_MD_DEVS=256, MD_SB_DISKS=27
md: bitmap version 4.39
NET: Registered protocol family 2
input: AT Translated Set 2 keyboard as /class/input/input0
IP route cache hash table entries: 8192 (order: 3, 32768 bytes)
TCP established hash table entries: 32768 (order: 9, 2490368 bytes)
TCP bind hash table entries: 32768 (order: 9, 2359296 bytes)
TCP: Hash tables configured (established 32768 bind 32768)
TCP reno registered
TCP bic registered
NET: Registered protocol family 1
NET: Registered protocol family 17
NET: Registered protocol family 8
NET: Registered protocol family 20
Testing NMI watchdog ... OK.
Starting balanced_irq
Using IPI Shortcut mode
*****************************************************************************
*                                                                           *
*  REMINDER, the following debugging options are turned on in your .config: *
*                                                                           *
*        CONFIG_DEBUG_DEADLOCKS                                             *
*        CONFIG_DEBUG_PREEMPT                                               *
*                                                                           *
*  they may increase runtime overhead and latencies.                        *
*                                                                           *
*****************************************************************************
Freeing unused kernel memory: 200k freed
Time: tsc clocksource has been installed.
hrtimers: Switched to high resolution mode CPU 0
hrtimers: Switched to high resolution mode CPU 1
input: ImPS/2 Generic Wheel Mouse as /class/input/input1
SCSI subsystem initialized
ACPI: PCI Interrupt 0000:04:05.0[A] -> GSI 17 (level, low) -> IRQ 17
scsi0 : Adaptec AIC7XXX EISA/VLB/PCI SCSI HBA DRIVER, Rev 7.0
        <Adaptec aic7899 Ultra160 SCSI adapter>
        aic7899: Ultra160 Wide Channel A, SCSI Id=7, 32/253 SCBs
  Vendor: QUANTUM   Model: ATLAS10K2-TY092L  Rev: DA40
  Type:   Direct-Access                      ANSI SCSI revision: 03
scsi0:A:0:0: Tagged Queuing enabled.  Depth 32
 target0:0:0: Beginning Domain Validation
 target0:0:0: wide asynchronous.
 target0:0:0: FAST-80 WIDE SCSI 160.0 MB/s DT (12.5 ns, offset 127)
 target0:0:0: Ending Domain Validation
SCSI device sda: 17783239 512-byte hdwr sectors (9105 MB)
SCSI device sda: drive cache: write back
SCSI device sda: 17783239 512-byte hdwr sectors (9105 MB)
SCSI device sda: drive cache: write back
 sda: sda1 sda2 sda3
sd 0:0:0:0: Attached scsi disk sda
ACPI: PCI Interrupt 0000:04:05.1[B] -> GSI 18 (level, low) -> IRQ 18
scsi1 : Adaptec AIC7XXX EISA/VLB/PCI SCSI HBA DRIVER, Rev 7.0
        <Adaptec aic7899 Ultra160 SCSI adapter>
        aic7899: Ultra160 Wide Channel B, SCSI Id=7, 32/253 SCBs
  Vendor: SEAGATE   Model: SX118273LC        Rev: 6679
  Type:   Direct-Access                      ANSI SCSI revision: 02
scsi1:A:0:0: Tagged Queuing enabled.  Depth 32
 target1:0:0: Beginning Domain Validation
 target1:0:0: FAST-20 SCSI 20.0 MB/s ST (50 ns, offset 15)
 target1:0:0: Domain Validation skipping write tests
 target1:0:0: Ending Domain Validation
SCSI device sdb: 35566480 512-byte hdwr sectors (18210 MB)
SCSI device sdb: drive cache: write through
SCSI device sdb: 35566480 512-byte hdwr sectors (18210 MB)
SCSI device sdb: drive cache: write through
 sdb: sdb1
sd 1:0:0:0: Attached scsi disk sdb
kjournald starting.  Commit interval 5 seconds
EXT3-fs: mounted filesystem with ordered data mode.
Linux version 2.6.16-rc6-rt9 (kr@porky.cybersoft.int) (gcc version 3.4.4 20050721 (Red Hat 3.4.4-2)) #8 SMP PREEMPT Fri Mar 17 08:42:56 CST 2006
BIOS-provided physical RAM map:
 BIOS-e820: 0000000000000000 - 00000000000a0000 (usable)
 BIOS-e820: 00000000000f0000 - 0000000000100000 (reserved)
 BIOS-e820: 0000000000100000 - 000000001ff9e000 (usable)
 BIOS-e820: 000000001ff9e000 - 0000000020000000 (reserved)
 BIOS-e820: 00000000fec00000 - 00000000fec10000 (reserved)
 BIOS-e820: 00000000fee00000 - 00000000fee10000 (reserved)
 BIOS-e820: 00000000ffb00000 - 0000000100000000 (reserved)
511MB LOWMEM available.
found SMP MP-table at 000fe710
DMI 2.3 present.
ACPI: PM-Timer IO Port: 0x808
ACPI: LAPIC (acpi_id[0x01] lapic_id[0x00] enabled)
Processor #0 6:8 APIC version 17
ACPI: LAPIC (acpi_id[0x02] lapic_id[0x01] enabled)
Processor #1 6:8 APIC version 17
ACPI: LAPIC_NMI (acpi_id[0x01] high edge lint[0x1])
ACPI: LAPIC_NMI (acpi_id[0x02] high edge lint[0x1])
ACPI: IOAPIC (id[0x02] address[0xfec00000] gsi_base[0])
IOAPIC[0]: apic_id 2, version 32, address 0xfec00000, GSI 0-23
ACPI: INT_SRC_OVR (bus 0 bus_irq 0 global_irq 2 dfl dfl)
ACPI: INT_SRC_OVR (bus 0 bus_irq 9 global_irq 9 high level)
Enabling APIC mode:  Flat.  Using 1 I/O APICs
Using ACPI (MADT) for SMP configuration information
Allocating PCI resources starting at 30000000 (gap: 20000000:dec00000)
Detected 930.992 MHz processor.
Real-Time Preemption Support (C) 2004-2006 Ingo Molnar
Built 1 zonelists
Kernel command line: ro root=LABEL=/ console=ttyS0,38400 console=tty0 nmi_watchdog=1 
Enabling fast FPU save and restore... done.
Enabling unmasked SIMD FPU exception support... done.
Initializing CPU#0
WARNING: experimental RCU implementation.
PID hash table entries: 2048 (order: 11, 32768 bytes)
Event source pit installed with caps set: 01
Console: colour VGA+ 80x25
Dentry cache hash table entries: 131072 (order: 7, 524288 bytes)
Inode-cache hash table entries: 65536 (order: 6, 262144 bytes)
Memory: 506356k/523896k available (1775k kernel code, 17156k reserved, 915k data, 284k init, 0k highmem)
Checking if this processor honours the WP bit even in supervisor mode... Ok.
Calibrating delay using timer specific routine.. 1862.48 BogoMIPS (lpj=931241)
Security Framework v1.0.0 initialized
Capability LSM initialized
Mount-cache hash table entries: 512
CPU: L1 I cache: 16K, L1 D cache: 16K
CPU: L2 cache: 256K
Intel machine check architecture supported.
Intel machine check reporting enabled on CPU#0.
Checking 'hlt' instruction... OK.
CPU0: Intel Pentium III (Coppermine) stepping 06
Booting processor 1/1 eip 2000
Initializing CPU#1
Calibrating delay using timer specific routine.. 1861.67 BogoMIPS (lpj=930837)
CPU: L1 I cache: 16K, L1 D cache: 16K
CPU: L2 cache: 256K
Intel machine check architecture supported.
Intel machine check reporting enabled on CPU#1.
CPU1: Intel Pentium III (Coppermine) stepping 06
Total of 2 processors activated (3724.15 BogoMIPS).
ENABLING IO-APIC IRQs
..TIMER: vector=0x31 apic1=0 pin1=2 apic2=-1 pin2=-1
Event source lapic installed with caps set: 04
checking TSC synchronization across 2 CPUs: passed.
Event source lapic installed with caps set: 04
Brought up 2 CPUs
checking if image is initramfs... it is
Freeing initrd memory: 433k freed
NET: Registered protocol family 16
ACPI: bus type pci registered
PCI: PCI BIOS revision 2.10 entry at 0xfc03e, last bus=4
PCI: Using configuration type 1
ACPI: Subsystem revision 20060127
ACPI: Interpreter enabled
ACPI: Using IOAPIC for interrupt routing
ACPI: PCI Root Bridge [PCI0] (0000:00)
ACPI: Assume root bridge [\_SB_.PCI0] bus is 0
PCI quirk: region 0800-087f claimed by ICH4 ACPI/GPIO/TCO
PCI quirk: region 0880-08bf claimed by ICH4 GPIO
PCI: Transparent bridge - 0000:00:1e.0
ACPI: PCI Interrupt Link [LNKA] (IRQs 3 4 5 6 7 *9 10 11 12 15)
ACPI: PCI Interrupt Link [LNKB] (IRQs 3 4 5 6 7 9 *10 11 12 15)
ACPI: PCI Interrupt Link [LNKC] (IRQs 3 4 *5 6 7 9 10 11 12 15)
ACPI: PCI Interrupt Link [LNKD] (IRQs 3 4 5 6 7 9 10 *11 12 15)
Linux Plug and Play Support v0.97 (c) Adam Belay
pnp: PnP ACPI init
pnp: PnP ACPI: found 14 devices
PCI: Using ACPI for IRQ routing
PCI: If a device doesn't work, try "pci=routeirq".  If it helps, post a report
pnp: 00:0d: ioport range 0x800-0x85f could not be reserved
pnp: 00:0d: ioport range 0xc00-0xc7f has been reserved
pnp: 00:0d: ioport range 0x860-0x8ff could not be reserved
PCI: Bridge: 0000:00:01.0
  IO window: disabled.
  MEM window: fc000000-fdffffff
  PREFETCH window: f4000000-f5ffffff
PCI: Bridge: 0000:02:1f.0
  IO window: disabled.
  MEM window: fb000000-fb0fffff
  PREFETCH window: disabled.
PCI: Bridge: 0000:00:02.0
  IO window: disabled.
  MEM window: fb000000-fbffffff
  PREFETCH window: disabled.
PCI: Bridge: 0000:00:1e.0
  IO window: e000-efff
  MEM window: f9000000-faffffff
  PREFETCH window: 30000000-300fffff
No per-cpu room for modules.
VFS: Disk quotas dquot_6.5.1
Dquot-cache hash table entries: 1024 (order 0, 4096 bytes)
Initializing Cryptographic API
io scheduler noop registered
io scheduler anticipatory registered (default)
io scheduler deadline registered
io scheduler cfq registered
ACPI: PCI Interrupt 0000:01:00.0[A] -> GSI 16 (level, low) -> IRQ 16
nvidiafb: PCI id - 10de002d
nvidiafb: Actual id - 10de002d
nvidiafb: nVidia device/chipset 10DE002D
nvidiafb: HW is currently programmed for CRT
nvidiafb: Using CRT on CRTC 0
nvidiafb: MTRR set to ON
nvidiafb: PCI nVidia NV2 framebuffer (32MB @ 0xF4000000)
ACPI: Power Button (FF) [PWRF]
ibm_acpi: ec object not found
isapnp: Scanning for PnP cards...
isapnp: No Plug & Play device found
Real Time Clock Driver v1.12ac
PNP: PS/2 Controller [PNP0303:KBD,PNP0f13:MOU] at 0x60,0x64 irq 1,12
serio: i8042 AUX port at 0x60,0x64 irq 12
serio: i8042 KBD port at 0x60,0x64 irq 1
Serial: 8250/16550 driver $Revision: 1.90 $ 4 ports, IRQ sharing disabled
serial8250: ttyS0 at I/O 0x3f8 (irq = 4) is a 16550A
serial8250: ttyS1 at I/O 0x2f8 (irq = 3) is a 16550A
00:0a: ttyS0 at I/O 0x3f8 (irq = 4) is a 16550A
00:0b: ttyS1 at I/O 0x2f8 (irq = 3) is a 16550A
RAMDISK driver initialized: 16 RAM disks of 8192K size 1024 blocksize
Uniform Multi-Platform E-IDE driver Revision: 7.00alpha2
ide: Assuming 33MHz system bus speed for PIO modes; override with idebus=xx
ICH: IDE controller at PCI slot 0000:00:1f.1
ICH: chipset revision 2
ICH: not 100% native mode: will probe irqs later
    ide0: BM-DMA at 0xffa0-0xffa7, BIOS settings: hda:DMA, hdb:pio
    ide1: BM-DMA at 0xffa8-0xffaf, BIOS settings: hdc:DMA, hdd:pio
hda: SAMSUNG CD-R/RW SW-248F, ATAPI CD/DVD-ROM drive
ide0 at 0x1f0-0x1f7,0x3f6 on irq 14
hdc: Lite-On LTN483S 48x Max, ATAPI CD/DVD-ROM drive
ide1 at 0x170-0x177,0x376 on irq 15
mice: PS/2 mouse device common for all mice
md: md driver 0.90.3 MAX_MD_DEVS=256, MD_SB_DISKS=27
input: AT Translated Set 2 keyboard as /class/input/input0
md: bitmap version 4.39
NET: Registered protocol family 2
IP route cache hash table entries: 8192 (order: 3, 32768 bytes)
TCP established hash table entries: 32768 (order: 9, 2490368 bytes)
TCP bind hash table entries: 32768 (order: 9, 2359296 bytes)
input: ImPS/2 Generic Wheel Mouse as /class/input/input1
TCP: Hash tables configured (established 32768 bind 32768)
TCP reno registered
TCP bic registered
NET: Registered protocol family 1
NET: Registered protocol family 17
NET: Registered protocol family 8
NET: Registered protocol family 20
Testing NMI watchdog ... OK.
Starting balanced_irq
Using IPI Shortcut mode
*****************************************************************************
Time: tsc clocksource has been installed.
*                                                                           *
*  REMINDER, the following debugging option is turned on in your .config:   *
*                                                                           *
*        CONFIG_DEBUG_RT_MUTEXES                                             *
*                                                                           *
*  it may increase runtime overhead and latencies.                          *
*                                                                           *
*****************************************************************************
*****************************************************************************
*                                                                           *
*  REMINDER, the following debugging option is turned on in your .config:   *
*                                                                           *
*        CONFIG_DEBUG_RT_MUTEXES                                             *
*                                                                           *
*  it may increase runtime overhead and latencies.                          *
*                                                                           *
*****************************************************************************
Freeing unused kernel memory: 284k freed
Could not allocate 8 bytes percpu data
sd_mod: Unknown symbol scsi_print_sense_hdr
sd_mod: Unknown symbol scsi_mode_sense
sd_mod: Unknown symbol scsi_device_get
sd_mod: Unknown symbol scsi_get_sense_info_fld
sd_mod: Unknown symbol scsicam_bios_param
sd_mod: Unknown symbol scsi_command_normalize_sense
sd_mod: Unknown symbol scsi_test_unit_ready
sd_mod: Unknown symbol scsi_block_when_processing_errors
sd_mod: Unknown symbol scsi_register_driver
sd_mod: Unknown symbol scsi_ioctl
sd_mod: Unknown symbol scsi_nonblockable_ioctl
sd_mod: Unknown symbol scsi_device_put
sd_mod: Unknown symbol scsi_logging_level
sd_mod: Unknown symbol scsi_execute_req
sd_mod: Unknown symbol scsi_print_sense
sd_mod: Unknown symbol scsi_io_completion
sd_mod: Unknown symbol scsi_set_medium_removal
scsi_transport_spi: Unknown symbol scsi_is_sdev_device
scsi_transport_spi: Unknown symbol scsi_device_get
scsi_transport_spi: Unknown symbol scsi_is_target_device
scsi_transport_spi: Unknown symbol scsi_target_quiesce
scsi_transport_spi: Unknown symbol scsi_device_set_state
scsi_transport_spi: Unknown symbol scsi_device_put
scsi_transport_spi: Unknown symbol scsi_is_host_device
scsi_transport_spi: Unknown symbol scsi_device_quiesce
scsi_transport_spi: Unknown symbol scsi_execute
scsi_transport_spi: Unknown symbol scsi_target_resume
scsi_transport_spi: Unknown symbol scsi_normalize_sense
aic7xxx: Unknown symbol scsi_report_device_reset
aic7xxx: Unknown symbol scsi_remove_host
aic7xxx: Unknown symbol scsi_report_bus_reset
aic7xxx: Unknown symbol spi_display_xfer_agreement
aic7xxx: Unknown symbol scsi_partsize
aic7xxx: Unknown symbol spi_release_transport
aic7xxx: Unknown symbol scsi_host_put
aic7xxx: Unknown symbol scsi_scan_host
aic7xxx: Unknown symbol scsi_add_host
aic7xxx: Unknown symbol scsi_is_host_device
aic7xxx: Unknown symbol scsi_adjust_queue_depth
aic7xxx: Unknown symbol spi_attach_transport
aic7xxx: Unknown symbol scsi_unblock_requests
aic7xxx: Unknown symbol scsi_bios_ptable
aic7xxx: Unknown symbol scsi_block_requests
aic7xxx: Unknown symbol scsi_host_alloc
aic7xxx: Unknown symbol spi_dv_device
Kernel panic - not syncing: Attempted to kill init!
 [<c0103732>] show_trace+0x13/0x15 (20)
 [<c010380c>] dump_stack+0x16/0x18 (20)
 [<c0119502>] panic+0x3f/0xd8 (40)
 [<c011bd36>] do_exit+0x92/0x443 (32)
 [<c011c10d>] next_thread+0x0/0x10 (8)
 [<c01028ff>] sysenter_past_esp+0x54/0x75 (-8116)
------------------------------
| showing all locks held by: |  (init/1 [dff0d7f0, 115]):
------------------------------
 