Date: Fri, 20 Jan 2006 17:59:02 +0100
From: "Jiri Slaby" <>
Subject: Re: Iptables error [Was: 2.6.16-rc1-mm2]
Sender: linux-kernel-owner@vger.kernel.org
Precedence: bulk
List-ID: <linux-kernel.vger.kernel.org>
X-Mailing-List: linux-kernel@vger.kernel.org
X-Lkml-Link: https://lkml.org/lkml/2006/1/20/185

Linus Torvalds wrote:
>On Fri, 20 Jan 2006, Benoit Boissinot wrote:
>> 
>> On x86 (32bits), i have the same i think:
>
>Interestingly, __alignof__(unsigned long long) is 8 these days, even 
>though I think historically on x86 it was 4. Is this perhaps different in 
>gcc-3 and gcc-4?
>
>Or do I just remember wrong?
$ cat c.c
#include <stdio.h>
int main()
{
	printf("%d\n", __alignof__(unsigned long long));
	return 0;
}
$ gcc --version
gcc (GCC) 4.0.2 20051125 (Red Hat 4.0.2-8)
$ gcc32 --version
gcc32 (GCC) 3.2.3 20030502 (Red Hat Linux 3.2.3-47.fc4)
$ gcc c.c -occ -Wall && ./cc
8
$ gcc32 c.c -occ -Wall && ./cc
8
If it helps...
regards,
--
Jiri Slaby         www.fi.muni.cz/~xslaby
\_.-^-._   jirislaby@gmail.com   _.-^-._/
B67499670407CE62ACC8 22A032CC55C339D47A7E
-
To unsubscribe from this list: send the line "unsubscribe linux-kernel" in
the body of a message to majordomo@vger.kernel.org
More majordomo info at  
http://vger.kernel.org/majordomo-info.html
Please read the FAQ at  
http://www.tux.org/lkml/