Date: Fri, 09 May 2008 14:11:23 +0000
From: Beer For Dolphins <>
Subject: Weird PCI problem after crash
Sender: linux-kernel-owner@vger.kernel.org
Precedence: bulk
List-ID: <linux-kernel.vger.kernel.org>
X-Mailing-List: linux-kernel@vger.kernel.org
X-Lkml-Link: https://lkml.org/lkml/2008/5/9/146

Hi all,
I'm sorry to bother you all with this question, but I don't know how to 
solve this by myself.
Well,
 my laptop, HP dv5194ea, comes with an Intel ipw3945 wireless card, the 
card worked well with ipw3945 driver on Gentoo distribution,
yesterday I was playing with a pcmcia wireless card (as usual) when my 
system crashed/freezed,
after a forced shutdown I get this error when I load the driver for the 
ipw3945 card:
PCI: Device 0000:06:00.0 not available because of resource 0 collisions
this is what I've found out 'till now:
lspci says:
-----
06:00.0 Non-VGA unclassified device: Intel Corporation PRO/Wireless 
3945ABG Network Connection (rev 02)
        Subsystem: Hewlett-Packard Company Device 135c
        Flags: bus master, fast devsel, latency 0, IRQ 3
        Memory at <ignored> (32-bit, non-prefetchable)
        Capabilities: [c8] Power Management version 2
        Capabilities: [d0] Message Signalled Interrupts: Mask- 64bit+ 
Queue=0/0 Enable-
        Capabilities: [e0] Express Legacy Endpoint, MSI 00
        Capabilities: [100] Advanced Error Reporting <?>
        Capabilities: [140] Device Serial Number 22-e9-36-ff-ff-02-13-00
        Kernel modules: ipw3945
-----
Sounds a bit strange "Non-VGA ...", and so does "Memory at <ignored>"..
Then:
-----
# cat /sys/devices/pci0000:00/0000:00:1c.2/0000:06:00.0/resource:
0x0000000000000000 0x0000000000000fff 0x0000000000000200
0x0000000000000000 0x0000000000000000 0x0000000000000000
0x0000000000000000 0x0000000000000000 0x0000000000000000
0x0000000000000000 0x0000000000000000 0x0000000000000000
0x0000000000000000 0x0000000000000000 0x0000000000000000
0x0000000000000000 0x0000000000000000 0x0000000000000000
0x0000000000000000 0x0000000000000000 0x0000000000000000
but:
# cat: /sys/devices/pci0000:00/0000:00:1c.2/0000:06:00.0/resource0: 
Input/output error
-----
Twist of fate: the card works well as usual under Windows XP, but gives 
the same error booting from a Linux LiveCD.
You can find the dmesg output attacched to this mail if it can help.
Thank you in advance, and please CC me in answer or comments, I'm not a 
list subscriber.
Thank you
Linux version 2.6.25-gentoo-r2 (root@maggot) (gcc version 4.1.2 (Gentoo 4.1.2)) #6 SMP Wed May 7 18:57:52 GMT 2008
BIOS-provided physical RAM map:
 BIOS-e820: 0000000000000000 - 000000000009f800 (usable)
 BIOS-e820: 000000000009f800 - 00000000000a0000 (reserved)
 BIOS-e820: 00000000000e0000 - 0000000000100000 (reserved)
 BIOS-e820: 0000000000100000 - 000000003fe80000 (usable)
 BIOS-e820: 000000003fe80000 - 000000003ff00000 (ACPI NVS)
 BIOS-e820: 000000003ff00000 - 0000000040000000 (reserved)
 BIOS-e820: 00000000e0000000 - 00000000f0000000 (reserved)
 BIOS-e820: 00000000fec00000 - 00000000fec10000 (reserved)
 BIOS-e820: 00000000fed00000 - 00000000fed00400 (reserved)
 BIOS-e820: 00000000fed14000 - 00000000fed1a000 (reserved)
 BIOS-e820: 00000000fed1c000 - 00000000fed90000 (reserved)
 BIOS-e820: 00000000fee00000 - 00000000fee01000 (reserved)
 BIOS-e820: 00000000ff000000 - 0000000100000000 (reserved)
126MB HIGHMEM available.
896MB LOWMEM available.
Scan SMP from c0000000 for 1024 bytes.
Scan SMP from c009fc00 for 1024 bytes.
Scan SMP from c00f0000 for 65536 bytes.
found SMP MP-table at [c00f65b0] 000f65b0
Entering add_active_range(0, 0, 261760) 0 entries of 256 used
Zone PFN ranges:
  DMA             0 ->     4096
  Normal       4096 ->   229376
  HighMem    229376 ->   261760
Movable zone start PFN for each node
early_node_map[1] active PFN ranges
    0:        0 ->   261760
On node 0 totalpages: 261760
  DMA zone: 32 pages used for memmap
  DMA zone: 0 pages reserved
  DMA zone: 4064 pages, LIFO batch:0
  Normal zone: 1760 pages used for memmap
  Normal zone: 223520 pages, LIFO batch:31
  HighMem zone: 253 pages used for memmap
  HighMem zone: 32131 pages, LIFO batch:7
  Movable zone: 0 pages used for memmap
DMI present.
ACPI: RSDP 000F6580, 0014 (r0 PTLTD )
ACPI: RSDT 3FE8B7DA, 0044 (r1 PTLTD  Capell00  6040000  LTP        0)
ACPI: FACP 3FE92DEE, 0074 (r1 HP     NISSAN    6040000 LOHR       5A)
ACPI: DSDT 3FE8C3BA, 6A34 (r1 HP     NISSAN    6040000 INTL 20060608)
ACPI: FACS 3FE93FC0, 0040
ACPI: APIC 3FE92E62, 0068 (r1 HP     NISSAN    6040000 LOHR       5A)
ACPI: HPET 3FE92ECA, 0038 (r1 HP     NISSAN    6040000 LOHR       5A)
ACPI: MCFG 3FE92F02, 003C (r1 HP     NISSAN    6040000 LOHR       5A)
ACPI: BOOT 3FE92FD8, 0028 (r1 PTLTD  $SBFTBL$  6040000  LTP        1)
ACPI: APIC 3FE92F70, 0068 (r1 PTLTD  	 APIC    6040000  LTP        0)
ACPI: SSDT 3FE8C1AC, 020A (r1 SataRe SataAhci     1000 INTL 20060217)
ACPI: SSDT 3FE8B81E, 04F6 (r1  PmRef    CpuPm     3000 INTL 20060217)
ACPI: BIOS bug: multiple APIC/MADT found, using 0
ACPI: If "acpi_apic_instance=2" works better, notify linux-acpi@vger.kernel.org
ACPI: DMI detected: Hewlett-Packard
ACPI: PM-Timer IO Port: 0x1008
ACPI: Local APIC address 0xfee00000
ACPI: LAPIC (acpi_id[0x00] lapic_id[0x00] enabled)
Processor #0 6:14 APIC version 20
ACPI: LAPIC (acpi_id[0x01] lapic_id[0x01] enabled)
Processor #1 6:14 APIC version 20
ACPI: LAPIC_NMI (acpi_id[0x00] high edge lint[0x1])
ACPI: LAPIC_NMI (acpi_id[0x01] high edge lint[0x1])
ACPI: IOAPIC (id[0x01] address[0xfec00000] gsi_base[0])
IOAPIC[0]: apic_id 1, version 32, address 0xfec00000, GSI 0-23
ACPI: INT_SRC_OVR (bus 0 bus_irq 0 global_irq 2 dfl dfl)
ACPI: INT_SRC_OVR (bus 0 bus_irq 9 global_irq 9 high level)
ACPI: IRQ0 used by override.
ACPI: IRQ2 used by override.
ACPI: IRQ9 used by override.
Enabling APIC mode:  Flat.  Using 1 I/O APICs
Using ACPI (MADT) for SMP configuration information
Allocating PCI resources starting at 50000000 (gap: 40000000:a0000000)
PM: Registered nosave memory: 000000000009f000 - 00000000000a0000
PM: Registered nosave memory: 00000000000a0000 - 00000000000e0000
PM: Registered nosave memory: 00000000000e0000 - 0000000000100000
Built 1 zonelists in Zone order, mobility grouping on.  Total pages: 259715
Kernel command line: vga=773 irqpoll
Misrouted IRQ fixup and polling support enabled
This may significantly impact system performance
mapped APIC to ffffb000 (fee00000)
mapped IOAPIC to ffffa000 (fec00000)
Enabling fast FPU save and restore... done.
Enabling unmasked SIMD FPU exception support... done.
Initializing CPU#0
PID hash table entries: 4096 (order: 12, 16384 bytes)
Detected 1828.805 MHz processor.
Console: colour dummy device 80x25
console [tty0] enabled
Dentry cache hash table entries: 131072 (order: 7, 524288 bytes)
Inode-cache hash table entries: 65536 (order: 6, 262144 bytes)
Memory: 1033804k/1047040k available (2308k kernel code, 12676k reserved, 774k data, 252k init, 129536k highmem)
virtual kernel memory layout:
    fixmap  : 0xfff4d000 - 0xfffff000   ( 712 kB)
    pkmap   : 0xff800000 - 0xffc00000   (4096 kB)
    vmalloc : 0xf8800000 - 0xff7fe000   ( 111 MB)
    lowmem  : 0xc0000000 - 0xf8000000   ( 896 MB)
      .init : 0xc0409000 - 0xc0448000   ( 252 kB)
      .data : 0xc0341150 - 0xc0402c60   ( 774 kB)
      .text : 0xc0100000 - 0xc0341150   (2308 kB)
Checking if this processor honours the WP bit even in supervisor mode...Ok.
CPA: page pool initialized 1 of 1 pages preallocated
Calibrating delay using timer specific routine.. 3669.47 BogoMIPS (lpj=1834735)
Mount-cache hash table entries: 512
CPU: L1 I cache: 32K, L1 D cache: 32K
CPU: L2 cache: 2048K
CPU: Physical Processor ID: 0
CPU: Processor Core ID: 0
Intel machine check architecture supported.
Intel machine check reporting enabled on CPU#0.
using mwait in idle threads.
Compat vDSO mapped to ffffe000.
Checking 'hlt' instruction... OK.
ACPI: Core revision 20070126
CPU0: Intel Genuine Intel(R) CPU           T2400  @ 1.83GHz stepping 08
Booting processor 1/1 ip 4000
Initializing CPU#1
Calibrating delay using timer specific routine.. 3657.12 BogoMIPS (lpj=1828560)
CPU: L1 I cache: 32K, L1 D cache: 32K
CPU: L2 cache: 2048K
CPU: Physical Processor ID: 0
CPU: Processor Core ID: 1
Intel machine check architecture supported.
Intel machine check reporting enabled on CPU#1.
CPU1: Intel Genuine Intel(R) CPU           T2400  @ 1.83GHz stepping 08
Total of 2 processors activated (7326.59 BogoMIPS).
ENABLING IO-APIC IRQs
..TIMER: vector=0x31 apic1=0 pin1=2 apic2=-1 pin2=-1
checking TSC synchronization [CPU#0 -> CPU#1]: passed.
Brought up 2 CPUs
net_namespace: 544 bytes
NET: Registered protocol family 16
No dock devices found.
ACPI: bus type pci registered
PCI: Using MMCONFIG for extended config space
PCI: Using configuration type 1
Setting up standard PCI resources
ACPI: EC: Look up EC in DSDT
ACPI: BIOS _OSI(Linux) query ignored via DMI
ACPI: Interpreter enabled
ACPI: (supports S0 S4 S5)
ACPI: Using IOAPIC for interrupt routing
ACPI: EC: non-query interrupt received, switching to interrupt mode
ACPI: EC: GPE = 0x19, I/O: command/status = 0x66, data = 0x62
ACPI: EC: driver started in interrupt mode
ACPI: PCI Root Bridge [PCI0] (0000:00)
pci 0000:00:1f.0: quirk: region 1000-107f claimed by ICH6 ACPI/GPIO/TCO
pci 0000:00:1f.0: quirk: region 1180-11bf claimed by ICH6 GPIO
PCI: Transparent bridge - 0000:00:1e.0
ACPI: PCI Interrupt Routing Table [\_SB_.PCI0._PRT]
ACPI: PCI Interrupt Routing Table [\_SB_.PCI0.PEGP._PRT]
ACPI: PCI Interrupt Routing Table [\_SB_.PCI0.RP01._PRT]
ACPI: PCI Interrupt Routing Table [\_SB_.PCI0.RP02._PRT]
ACPI: PCI Interrupt Routing Table [\_SB_.PCI0.RP03._PRT]
ACPI: PCI Interrupt Routing Table [\_SB_.PCI0.PCIB._PRT]
ACPI: PCI Interrupt Link [LNKA] (IRQs 1 3 4 5 6 7 10 12 14 15) *11
ACPI: PCI Interrupt Link [LNKB] (IRQs 1 3 *4 5 6 7 11 12 14 15)
ACPI: PCI Interrupt Link [LNKC] (IRQs 1 *3 4 5 6 7 10 12 14 15)
ACPI: PCI Interrupt Link [LNKD] (IRQs 1 3 4 5 6 7 11 12 14 15) *10
ACPI: PCI Interrupt Link [LNKE] (IRQs 1 3 4 5 *6 7 10 12 14 15)
ACPI: PCI Interrupt Link [LNKF] (IRQs 1 3 4 5 6 7 11 12 14 15) *0, disabled.
ACPI: PCI Interrupt Link [LNKG] (IRQs 1 3 4 5 6 *7 10 12 14 15)
ACPI: PCI Interrupt Link [LNKH] (IRQs 1 3 4 *5 6 7 11 12 14 15)
Linux Plug and Play Support v0.97 (c) Adam Belay
pnp: PnP ACPI init
ACPI: bus type pnp registered
pnp: PnP ACPI: found 10 devices
ACPI: ACPI bus type pnp unregistered
SCSI subsystem initialized
libata version 3.00 loaded.
PCI: Using ACPI for IRQ routing
PCI: If a device doesn't work, try "pci=routeirq".  If it helps, post a report
PCI: Cannot allocate resource region 7 of bridge 0000:00:1c.0
PCI: Cannot allocate resource region 8 of bridge 0000:00:1c.0
PCI: Cannot allocate resource region 7 of bridge 0000:00:1c.1
PCI: Cannot allocate resource region 8 of bridge 0000:00:1c.1
PCI: Cannot allocate resource region 7 of bridge 0000:00:1c.2
PCI: Cannot allocate resource region 8 of bridge 0000:00:1c.2
PCI: Cannot allocate resource region 0 of device 0000:06:00.0
system 00:01: iomem range 0xe0000000-0xefffffff could not be reserved
system 00:01: iomem range 0xfed14000-0xfed17fff could not be reserved
system 00:01: iomem range 0xfed18000-0xfed18fff could not be reserved
system 00:01: iomem range 0xfed19000-0xfed19fff could not be reserved
system 00:01: iomem range 0xfed1c000-0xfed1ffff could not be reserved
system 00:01: iomem range 0xfed20000-0xfed3ffff could not be reserved
system 00:01: iomem range 0xfed40000-0xfed44fff could not be reserved
system 00:01: iomem range 0xfed45000-0xfed8ffff could not be reserved
system 00:04: iomem range 0xfed00000-0xfed003ff could not be reserved
system 00:06: ioport range 0x800-0x80f has been reserved
system 00:06: ioport range 0x1000-0x107f has been reserved
system 00:06: ioport range 0x1180-0x11bf has been reserved
system 00:06: ioport range 0x1640-0x164f has been reserved
PCI: Bridge: 0000:00:01.0
  IO window: disabled.
  MEM window: 0xd0000000-0xd1ffffff
  PREFETCH window: 0x00000000c0000000-0x00000000cfffffff
PCI: Bridge: 0000:00:1c.0
  IO window: disabled.
  MEM window: disabled.
  PREFETCH window: disabled.
PCI: Bridge: 0000:00:1c.1
  IO window: disabled.
  MEM window: disabled.
  PREFETCH window: disabled.
PCI: Bridge: 0000:00:1c.2
  IO window: disabled.
  MEM window: 0x54000000-0x540fffff
  PREFETCH window: disabled.
PCI: Bus 9, cardbus bridge: 0000:08:06.0
  IO window: 0x00002400-0x000024ff
  IO window: 0x00002800-0x000028ff
  PREFETCH window: 0x50000000-0x53ffffff
  MEM window: 0x58000000-0x5bffffff
PCI: Bridge: 0000:00:1e.0
  IO window: 2000-2fff
  MEM window: 0xd2000000-0xd20fffff
  PREFETCH window: 0x0000000050000000-0x0000000053ffffff
ACPI: PCI Interrupt 0000:00:01.0[A] -> GSI 16 (level, low) -> IRQ 16
PCI: Setting latency timer of device 0000:00:01.0 to 64
ACPI: PCI Interrupt 0000:00:1c.0[A] -> GSI 17 (level, low) -> IRQ 17
PCI: Setting latency timer of device 0000:00:1c.0 to 64
ACPI: PCI Interrupt 0000:00:1c.1[B] -> GSI 16 (level, low) -> IRQ 16
PCI: Setting latency timer of device 0000:00:1c.1 to 64
PCI: Enabling device 0000:00:1c.2 (0100 -> 0102)
ACPI: PCI Interrupt 0000:00:1c.2[C] -> GSI 18 (level, low) -> IRQ 18
PCI: Setting latency timer of device 0000:00:1c.2 to 64
PCI: Setting latency timer of device 0000:00:1e.0 to 64
ACPI: PCI Interrupt 0000:08:06.0[A] -> GSI 18 (level, low) -> IRQ 18
NET: Registered protocol family 2
IP route cache hash table entries: 32768 (order: 5, 131072 bytes)
TCP established hash table entries: 131072 (order: 8, 1048576 bytes)
TCP bind hash table entries: 65536 (order: 7, 524288 bytes)
TCP: Hash tables configured (established 131072 bind 65536)
TCP reno registered
Simple Boot Flag at 0x36 set to 0x1
highmem bounce pool size: 64 pages
io scheduler noop registered
io scheduler cfq registered (default)
Switched to high resolution mode on CPU 1
Switched to high resolution mode on CPU 0
pci 0000:00:1d.7: EHCI: BIOS handoff failed (BIOS bug?) 01010001
pci 0000:01:00.0: Boot video device
pci 0000:08:08.0: Firmware left e100 interrupts enabled; disabling
PCI: Setting latency timer of device 0000:00:01.0 to 64
assign_interrupt_mode Found MSI capability
Allocate Port Service[0000:00:01.0:pcie00]
Allocate Port Service[0000:00:01.0:pcie03]
PCI: Setting latency timer of device 0000:00:1c.0 to 64
assign_interrupt_mode Found MSI capability
Allocate Port Service[0000:00:1c.0:pcie00]
Allocate Port Service[0000:00:1c.0:pcie02]
Allocate Port Service[0000:00:1c.0:pcie03]
PCI: Setting latency timer of device 0000:00:1c.1 to 64
assign_interrupt_mode Found MSI capability
Allocate Port Service[0000:00:1c.1:pcie00]
Allocate Port Service[0000:00:1c.1:pcie02]
Allocate Port Service[0000:00:1c.1:pcie03]
PCI: Setting latency timer of device 0000:00:1c.2 to 64
assign_interrupt_mode Found MSI capability
Allocate Port Service[0000:00:1c.2:pcie00]
Allocate Port Service[0000:00:1c.2:pcie02]
Allocate Port Service[0000:00:1c.2:pcie03]
Real Time Clock Driver v1.12ac
Non-volatile memory driver v1.2
vesafb: framebuffer at 0xc0000000, mapped to 0xf8880000, using 1536k, total 131072k
vesafb: mode is 1024x768x8, linelength=1024, pages=3
vesafb: protected mode interface info at c000:d4c0
vesafb: pmi: set display start = c00cd4f6, set palette = c00cd560
vesafb: pmi: ports = 3b4 3b5 3ba 3c0 3c1 3c4 3c5 3c6 3c7 3c8 3c9 3cc 3ce 3cf 3d0 3d1 3d2 3d3 3d4 3d5 3da 
vesafb: scrolling: redraw
vesafb: Pseudocolor: size=8:8:8:8, shift=0:0:0:0
Console: switching to colour frame buffer device 128x48
fb0: VESA VGA frame buffer device
vga16fb: initializing
vga16fb: mapped to 0xc00a0000
fb1: VGA16 VGA frame buffer device
Serial: 8250/16550 driver $Revision: 1.90 $ 4 ports, IRQ sharing disabled
brd: module loaded
loop: module loaded
e100: Intel(R) PRO/100 Network Driver, 3.5.23-k4-NAPI
e100: Copyright(c) 1999-2006 Intel Corporation
ACPI: PCI Interrupt 0000:08:08.0[A] -> GSI 20 (level, low) -> IRQ 20
e100: eth0: e100_probe: addr 0xd2006000, irq 20, MAC addr 00:16:d4:07:7c:56
Linux video capture interface: v2.00
Uniform Multi-Platform E-IDE driver
ide: Assuming 33MHz system bus speed for PIO modes; override with idebus=xx
Probing IDE interface ide0...
hda: HL-DT-ST DVDRAM GMA-4082N, ATAPI CD/DVD-ROM drive
Probing IDE interface ide1...
ide0 at 0x1f0-0x1f7,0x3f6 on irq 14
hda: ATAPI 24X DVD-ROM DVD-R-RAM CD-R/RW drive, 2048kB Cache
Uniform CD-ROM driver Revision: 3.20
Driver 'sd' needs updating - please use bus_type methods
Driver 'sr' needs updating - please use bus_type methods
ahci 0000:00:1f.2: version 3.0
ACPI: PCI Interrupt 0000:00:1f.2[B] -> GSI 19 (level, low) -> IRQ 19
ahci 0000:00:1f.2: AHCI 0001.0100 32 slots 4 ports 1.5 Gbps 0x1 impl SATA mode
ahci 0000:00:1f.2: flags: 64bit ncq pm led clo pio slum part 
PCI: Setting latency timer of device 0000:00:1f.2 to 64
scsi0 : ahci
scsi1 : ahci
scsi2 : ahci
scsi3 : ahci
ata1: SATA max UDMA/133 abar m1024@0xd2404400 port 0xd2404500 irq 19
ata2: DUMMY
ata3: DUMMY
ata4: DUMMY
ata1: SATA link up 1.5 Gbps (SStatus 113 SControl 300)
ata1.00: ATA-7: ST9100824AS, 3.05, max UDMA/100
ata1.00: 195371568 sectors, multi 16: LBA48 
ata1.00: configured for UDMA/100
scsi 0:0:0:0: Direct-Access     ATA      ST9100824AS      3.05 PQ: 0 ANSI: 5
sd 0:0:0:0: [sda] 195371568 512-byte hardware sectors (100030 MB)
sd 0:0:0:0: [sda] Write Protect is off
sd 0:0:0:0: [sda] Mode Sense: 00 3a 00 00
sd 0:0:0:0: [sda] Write cache: enabled, read cache: enabled, doesn't support DPO or FUA
sd 0:0:0:0: [sda] 195371568 512-byte hardware sectors (100030 MB)
sd 0:0:0:0: [sda] Write Protect is off
sd 0:0:0:0: [sda] Mode Sense: 00 3a 00 00
sd 0:0:0:0: [sda] Write cache: enabled, read cache: enabled, doesn't support DPO or FUA
 sda: sda1 sda2 sda3 sda4
sd 0:0:0:0: [sda] Attached SCSI disk
PNP: PS/2 Controller [PNP0303:PS2K,PNP0f13:PS2M] at 0x60,0x64 irq 1,12
serio: i8042 KBD port at 0x60,0x64 irq 1
serio: i8042 AUX port at 0x60,0x64 irq 12
mice: PS/2 mouse device common for all mice
i2c /dev entries driver
cpuidle: using governor ladder
ip_tables: (C) 2000-2006 Netfilter Core Team
TCP cubic registered
NET: Registered protocol family 1
NET: Registered protocol family 17
Starting balanced_irq
input: AT Translated Set 2 keyboard as /class/input/input0
Using IPI No-Shortcut mode
ReiserFS: sda2: found reiserfs format "3.6" with standard journal
ReiserFS: sda2: using ordered data mode
ReiserFS: sda2: journal params: device sda2, size 8192, journal first block 18, max trans len 1024, max batch 900, max commit age 30, max trans age 30
ReiserFS: sda2: checking transaction log (sda2)
ReiserFS: sda2: Using r5 hash to sort names
VFS: Mounted root (reiserfs filesystem) readonly.
Freeing unused kernel memory: 252k freed
Linux agpgart interface v0.103
ACPI: SSDT 3FE8BF75, 01A3 (r1  PmRef  Cpu0Ist     3000 INTL 20060217)
ACPI: SSDT 3FE8BD14, 01DC (r1  PmRef  Cpu0Cst     3001 INTL 20060217)
ACPI: CPU0 (power states: C1[C1] C2[C2] C3[C3])
ACPI: ACPI0007:00 is registered as cooling_device0
ACPI: Processor [CPU0] (supports 8 throttling states)
ACPI: SSDT 3FE8C118, 0094 (r1  PmRef  Cpu1Ist     3000 INTL 20060217)
ACPI: SSDT 3FE8BEF0, 0085 (r1  PmRef  Cpu1Cst     3000 INTL 20060217)
ACPI: CPU1 (power states: C1[C1] C2[C2] C3[C3])
ACPI: ACPI0007:01 is registered as cooling_device1
ACPI: Processor [CPU1] (supports 8 throttling states)
Marking TSC unstable due to: TSC halts in idle.
input: Power Button (FF) as /class/input/input1
ACPI: Power Button (FF) [PWRF]
ACPI Error (evxfevnt-0186): Could not enable SleepButton event [20070126]
ACPI Warning (evxface-0145): Could not enable fixed event 3 [20070126]
input: Lid Switch as /class/input/input2
ACPI: Lid Switch [LID]
input: Power Button (CM) as /class/input/input3
ACPI: Power Button (CM) [PWRB]
ACPI: Battery Slot [BAT1] (battery present)
ACPI: AC Adapter [ACAD] (on-line)
ACPI: LNXTHERM:01 is registered as thermal_zone0
ACPI: Thermal Zone [TZ01] (50 C)
ACPI: LNXTHERM:02 is registered as thermal_zone1
ACPI: Thermal Zone [TZ02] (27 C)
usbcore: registered new interface driver usbfs
usbcore: registered new interface driver hub
usbcore: registered new device driver usb
ICH7: IDE controller (0x8086:0x27df rev 0x01) at  PCI slot 0000:00:1f.1
ACPI: PCI Interrupt 0000:00:1f.1[B] -> GSI 19 (level, low) -> IRQ 19
ICH7: not 100% native mode: will probe irqs later
ICH7: port 0x01f0 already claimed by ide0
ICH7: IDE port disabled
sdhci: Secure Digital Host Controller Interface driver
sdhci: Copyright(c) Pierre Ossman
sdhci: SDHCI controller found at 0000:08:06.3 [104c:803c] (rev 0)
ACPI: PCI Interrupt 0000:08:06.3[D] -> GSI 20 (level, low) -> IRQ 20
mmc0: SDHCI at 0xd2007800 irq 20 PIO
USB Universal Host Controller Interface driver v3.0
ACPI: PCI Interrupt 0000:00:1d.0[A] -> GSI 23 (level, low) -> IRQ 23
PCI: Setting latency timer of device 0000:00:1d.0 to 64
uhci_hcd 0000:00:1d.0: UHCI Host Controller
uhci_hcd 0000:00:1d.0: new USB bus registered, assigned bus number 1
uhci_hcd 0000:00:1d.0: irq 23, io base 0x00001800
usb usb1: configuration #1 chosen from 1 choice
hub 1-0:1.0: USB hub found
hub 1-0:1.0: 2 ports detected
ACPI: device:03 is registered as cooling_device2
input: Video Bus as /class/input/input4
ACPI: Video Device [VGA] (multi-head: yes  rom: no  post: no)
ACPI: device:07 is registered as cooling_device3
input: Video Bus as /class/input/input5
ACPI: Video Device [GFX0] (multi-head: yes  rom: no  post: no)
ACPI: PCI Interrupt 0000:00:1d.1[B] -> GSI 19 (level, low) -> IRQ 19
PCI: Setting latency timer of device 0000:00:1d.1 to 64
uhci_hcd 0000:00:1d.1: UHCI Host Controller
uhci_hcd 0000:00:1d.1: new USB bus registered, assigned bus number 2
uhci_hcd 0000:00:1d.1: irq 19, io base 0x00001820
usb usb2: configuration #1 chosen from 1 choice
hub 2-0:1.0: USB hub found
hub 2-0:1.0: 2 ports detected
ACPI: PCI Interrupt 0000:00:1d.2[C] -> GSI 18 (level, low) -> IRQ 18
PCI: Setting latency timer of device 0000:00:1d.2 to 64
uhci_hcd 0000:00:1d.2: UHCI Host Controller
uhci_hcd 0000:00:1d.2: new USB bus registered, assigned bus number 3
uhci_hcd 0000:00:1d.2: irq 18, io base 0x00001840
usb usb3: configuration #1 chosen from 1 choice
hub 3-0:1.0: USB hub found
hub 3-0:1.0: 2 ports detected
ACPI: PCI Interrupt 0000:00:1d.3[D] -> GSI 16 (level, low) -> IRQ 16
PCI: Setting latency timer of device 0000:00:1d.3 to 64
uhci_hcd 0000:00:1d.3: UHCI Host Controller
uhci_hcd 0000:00:1d.3: new USB bus registered, assigned bus number 4
uhci_hcd 0000:00:1d.3: irq 16, io base 0x00001860
usb usb4: configuration #1 chosen from 1 choice
hub 4-0:1.0: USB hub found
hub 4-0:1.0: 2 ports detected
ACPI: PCI Interrupt 0000:00:1b.0[A] -> GSI 22 (level, low) -> IRQ 22
PCI: Setting latency timer of device 0000:00:1b.0 to 64
ACPI: PCI Interrupt 0000:00:1d.7[A] -> GSI 23 (level, low) -> IRQ 23
PCI: Setting latency timer of device 0000:00:1d.7 to 64
ehci_hcd 0000:00:1d.7: EHCI Host Controller
ehci_hcd 0000:00:1d.7: new USB bus registered, assigned bus number 5
ehci_hcd 0000:00:1d.7: debug port 1
PCI: cache line size of 32 is not supported by device 0000:00:1d.7
ehci_hcd 0000:00:1d.7: irq 23, io mem 0xd2404000
ehci_hcd 0000:00:1d.7: USB 2.0 started, EHCI 1.00, driver 10 Dec 2004
nvidia: module license 'NVIDIA' taints kernel.
usb usb5: configuration #1 chosen from 1 choice
hub 5-0:1.0: USB hub found
hub 5-0:1.0: 8 ports detected
ACPI: PCI Interrupt 0000:08:06.2[C] -> GSI 22 (level, low) -> IRQ 22
ACPI: PCI Interrupt 0000:01:00.0[A] -> GSI 16 (level, low) -> IRQ 16
PCI: Setting latency timer of device 0000:01:00.0 to 64
NVRM: loading NVIDIA UNIX x86 Kernel Module  169.12  Thu Feb 14 17:53:07 PST 2008
Synaptics Touchpad, model: 1, fw: 6.2, id: 0x1a0b1, caps: 0xa04713/0x200000
input: SynPS/2 Synaptics TouchPad as /class/input/input6
Clocksource tsc unstable (delta = -62583175 ns)
NET: Registered protocol family 10
Adding 1048568k swap on /SWAP.  Priority:-1 extents:5788 across:48579564k
ieee80211_crypt: registered algorithm 'NULL'
ieee80211: 802.11 data/management/control stack, git-1.1.13
ieee80211: Copyright (C) 2004-2005 Intel Corporation <jketreno@linux.intel.com>
ipw3945: Intel(R) PRO/Wireless 3945 Network Connection driver for Linux, 1.2.2dmpr
ipw3945: Copyright(c) 2003-2006 Intel Corporation
PCI: Device 0000:06:00.0 not available because of resource 0 collisions