Date: Sun, 31 Jul 2005 20:06:04 -0400
From: Dave Jones <>
Subject: Re: revert yenta free_irq on suspend
Sender: linux-kernel-owner@vger.kernel.org
Precedence: bulk
List-ID: <linux-kernel.vger.kernel.org>
X-Mailing-List: linux-kernel@vger.kernel.org
X-Lkml-Link: https://lkml.org/lkml/2005/7/31/226

On Mon, Aug 01, 2005 at 02:00:16AM +0200, Andreas Steinmetz wrote:
 > gringo:~ # fdisk -l /dev/hda
 > 
 > Disk /dev/hda: 80.0 GB, 80026361856 bytes
 > 255 heads, 63 sectors/track, 9729 cylinders
 > Units = cylinders of 16065 * 512 = 8225280 bytes
 > 
 >    Device Boot   Start      End      Blocks   Id  System
 > /dev/hda1            1      244     1959898+  83  Linux
 > /dev/hda2          245      488     1959930   82  Linux swap / Solaris
 > /dev/hda3          489      732     1959930   82  Linux swap / Solaris
 > /dev/hda4          733     9729    72268402+   5  Extended
 > /dev/hda5          733      976     1959898+  82  Linux swap / Solaris
 > /dev/hda6          977     9729    70308441   88  Linux plaintext (*)
 > 
 > (*) dm-crypt :-)
Your swap partitions are outside of your lv's.
		Dave
-
To unsubscribe from this list: send the line "unsubscribe linux-kernel" in
the body of a message to majordomo@vger.kernel.org
More majordomo info at  
http://vger.kernel.org/majordomo-info.html
Please read the FAQ at  
http://www.tux.org/lkml/