Date: Fri, 13 Sep 2002 11:59:41 -0200
From: Denis Vlasenko <>
Subject: Strange "Swap:" value in top
Sender: linux-kernel-owner@vger.kernel.org
Precedence: bulk
List-ID: <linux-kernel.vger.kernel.org>
X-Mailing-List: linux-kernel@vger.kernel.org
X-Lkml-Link: https://lkml.org/lkml/2002/9/13/60

This is my test server. My biggest uptime ever.
All is running fine, kudos to all kernel developers!
There is one cosmetic thing:
11:53am  up 106 days, 23:31,  1 user,  load average: 0.23, 0.05, 0.02
53 processes: 52 sleeping, 1 running, 0 zombie, 0 stopped
0.5% user,  3.9% system,  0.0% nice, 95.4% idle
Mem:    29612K av,   28384K used,    1228K free,       0K shrd,   18060K buff
Swap:   98296K av,    4312K used,   93984K free                 4294964540K cached
                                                                ^^^^^^^^^^^^^^^^^^
# cat meminfo
        total:    used:    free:  shared: buffers:  cached:
Mem:  30322688 28688384  1634304        0 18485248 18446744073708027904
Swap: 100655104  4415488 96239616                  ^^^^^^^^^^^^^^^^^^^^
MemTotal:        29612 kB
MemFree:          1596 kB
MemShared:           0 kB
Buffers:         18052 kB
Cached:       4294964444 kB  <-------------
SwapCached:       1364 kB
Active:           5820 kB
Inactive:        12016 kB
HighTotal:           0 kB
HighFree:            0 kB
LowTotal:        29612 kB
LowFree:          1596 kB
SwapTotal:       98296 kB
SwapFree:        93984 kB
# uname -a
Linux pegasus 2.4.18-pre6mhv_ll #2 SMP Wed Mar 27 11:17:36 GMT+2 2002 i686 unknown
--
vda
-
To unsubscribe from this list: send the line "unsubscribe linux-kernel" in
the body of a message to majordomo@vger.kernel.org
More majordomo info at  
http://vger.kernel.org/majordomo-info.html
Please read the FAQ at  
http://www.tux.org/lkml/