Date: Wed, 23 Jul 2003 17:41:51 +1200 (NZST)
From:  kieusnz@yahoo ...
Subject: kernel 2.4.22-pre2 Unable to mount root fs on 01:00
Sender: linux-kernel-owner@vger.kernel.org
Precedence: bulk
List-ID: <linux-kernel.vger.kernel.org>
X-Mailing-List: linux-kernel@vger.kernel.org
X-Lkml-Link: https://lkml.org/lkml/2003/7/23/3

Hi,
I got strange thing with kernel 2.4.22-pre2; 2.4.22-pre6-ac1. When running from
cdrom use initrd. With some boxes it works as normal but for some I got the
message
FAT: bogus logical sector size 40511
Unable to mount root fs on 01:00
of course the system halted. It is not an oop but nothing it can do :-)
The problem did not happen with 2.4.19, so I tried to boot my cd wiht that
version and get dmesg for system hardware information attached to this email.
Best regard,
Steve Kieu
PGP Key 
http://skieu.myftp.org/pub/steve-pub.key
Linux version 2.4.19 (root@darkstar) (gcc version 3.2.2) #3 Fri Apr 4 12:38:46 NZST 2003
BIOS-provided physical RAM map:
 BIOS-e820: 0000000000000000 - 0000000000002090 (usable)
 BIOS-e820: 0000000000002090 - 0000000000002490 (reserved)
 BIOS-e820: 0000000000002490 - 00000000000a0000 (usable)
 BIOS-e820: 00000000000e0000 - 0000000000100000 (reserved)
 BIOS-e820: 0000000000100000 - 000000000f7f0000 (usable)
 BIOS-e820: 000000000f7f0000 - 000000000f800000 (reserved)
 BIOS-e820: 00000000fec00000 - 0000000100000000 (reserved)
247MB LOWMEM available.
found SMP MP-table at 000f9bf0
hm, page 000f9000 reserved twice.
hm, page 000fa000 reserved twice.
hm, page 000ed000 reserved twice.
hm, page 000ee000 reserved twice.
Advanced speculative caching feature not present
On node 0 totalpages: 63472
zone(0): 4096 pages.
zone(1): 59376 pages.
zone(2): 0 pages.
ACPI: Searched entire block, no RSDP was found.
ACPI: RSDP located at physical address c00eaa10
RSD PTR  v0 [COMPAQ]
__va_range(0xe6740, 0x68): idx=8 mapped at ffff6000
ACPI table found: RSDT v1 [COMPAQ CPQ0050  8194.2069]
ACPI: Too big length in RSDT: 108
Intel MultiProcessor Specification v1.4
    Virtual Wire compatibility mode.
OEM ID: COMPAQ   Product ID:              APIC at: 0xFEE00000
Processor #0 Unknown CPU [15:2] APIC version 16
I/O APIC #8 Version 17 at 0xFEC00000.
Processors: 1
Kernel command line: root=/dev/ram0 rw R=/dev/cdrom I=k.686
 BOOT_IMAGE=k.686
Initializing CPU#0
Detected 1994.140 MHz processor.
Console: colour VGA+ 80x25
Calibrating delay loop... 3971.48 BogoMIPS
Memory: 247136k/253888k available (1478k kernel code, 6364k reserved, 492k data, 148k init, 0k highmem)
Dentry cache hash table entries: 32768 (order: 6, 262144 bytes)
Inode cache hash table entries: 16384 (order: 5, 131072 bytes)
Mount-cache hash table entries: 4096 (order: 3, 32768 bytes)
Buffer-cache hash table entries: 16384 (order: 4, 65536 bytes)
Page-cache hash table entries: 65536 (order: 6, 262144 bytes)
CPU: Before vendor init, caps: bfebfbff 00000000 00000000, vendor = 0
CPU: L1 I cache: 12K, L1 D cache: 8K
CPU: L2 cache: 512K
CPU: After vendor init, caps: bfebfbff 00000000 00000000 00000000
Intel machine check architecture supported.
Intel machine check reporting enabled on CPU#0.
CPU:     After generic, caps: bfebfbff 00000000 00000000 00000000
CPU:             Common caps: bfebfbff 00000000 00000000 00000000
CPU: Intel(R) Pentium(R) 4 CPU 2.00GHz stepping 07
Enabling fast FPU save and restore... done.
Enabling unmasked SIMD FPU exception support... done.
Checking 'hlt' instruction... OK.
POSIX conformance testing by UNIFIX
enabled ExtINT on CPU#0
ESR value before enabling vector: 00000000
ESR value after enabling vector: 00000000
ENABLING IO-APIC IRQs
Setting 8 in the phys_id_present_map
...changing IO-APIC physical APIC ID to 8 ... ok.
init IO_APIC IRQs
 IO-APIC (apicid-pin) 8-0, 8-2, 8-5, 8-10, 8-11 not connected.
..TIMER: vector=0x31 pin1=-1 pin2=-1
...trying to set up timer (IRQ0) through the 8259A ...  failed.
...trying to set up timer as Virtual Wire IRQ... works.
number of MP IRQ sources: 42.
number of IO-APIC #8 registers: 24.
testing the IO APIC.......................
IO APIC #8......
.... register #00: 08000000
.......    : physical APIC id: 08
.... register #01: 00178020
.......     : max redirection entries: 0017
.......     : PRQ implemented: 1
.......     : IO APIC version: 0020
.... register #02: 00000000
.......     : arbitration: 00
.... IRQ redirection table:
 NR Log Phy Mask Trig IRR Pol Stat Dest Deli Vect:   
 00 000 00  1    0    0   0   0    0    0    00
 01 001 01  0    0    0   0   0    1    1    39
 02 000 00  1    0    0   0   0    0    0    00
 03 001 01  0    0    0   0   0    1    1    41
 04 001 01  0    0    0   0   0    1    1    49
 05 000 00  1    0    0   0   0    0    0    00
 06 001 01  0    0    0   0   0    1    1    51
 07 001 01  0    0    0   0   0    1    1    59
 08 001 01  0    0    0   0   0    1    1    61
 09 001 01  0    0    0   0   0    1    1    69
 0a 000 00  1    0    0   0   0    0    0    00
 0b 000 00  1    0    0   0   0    0    0    00
 0c 001 01  0    0    0   0   0    1    1    71
 0d 001 01  0    0    0   0   0    1    1    79
 0e 001 01  0    0    0   0   0    1    1    81
 0f 001 01  0    0    0   0   0    1    1    89
 10 001 01  1    1    0   1   0    1    1    91
 11 001 01  1    1    0   1   0    1    1    99
 12 001 01  1    1    0   1   0    1    1    A1
 13 001 01  1    1    0   1   0    1    1    A9
 14 001 01  1    1    0   1   0    1    1    B1
 15 001 01  1    1    0   1   0    1    1    B9
 16 001 01  1    1    0   1   0    1    1    C1
 17 001 01  1    1    0   1   0    1    1    C9
IRQ to pin mappings:
IRQ1 -> 0:1
IRQ3 -> 0:3
IRQ4 -> 0:4
IRQ6 -> 0:6
IRQ7 -> 0:7
IRQ8 -> 0:8
IRQ9 -> 0:9
IRQ12 -> 0:12
IRQ13 -> 0:13
IRQ14 -> 0:14
IRQ15 -> 0:15
IRQ16 -> 0:16
IRQ17 -> 0:17
IRQ18 -> 0:18
IRQ19 -> 0:19
IRQ20 -> 0:20
IRQ21 -> 0:21
IRQ22 -> 0:22
IRQ23 -> 0:23
.................................... done.
Using local APIC timer interrupts.
calibrating APIC timer ...
..... CPU clock speed is 1994.1152 MHz.
..... host bus clock speed is 99.7057 MHz.
cpu: 0, clocks: 997057, slice: 498528
CPU0<T0:997056,T1:498528,D:0,S:498528,C:997057>
mtrr: v1.40 (20010327) Richard Gooch (rgooch@atnf.csiro.au)
mtrr: detected mtrr type: Intel
PCI: PCI BIOS revision 2.20 entry at 0xeca48, last bus=5
PCI: Using configuration type 1
PCI: Probing PCI hardware
Unknown bridge resource 2: assuming transparent
PCI: Using IRQ router PIIX [8086/24c0] at 00:1f.0
PCI->APIC IRQ transform: (B0,I2,P0) -> 16
PCI->APIC IRQ transform: (B0,I29,P0) -> 16
PCI->APIC IRQ transform: (B0,I29,P1) -> 19
PCI->APIC IRQ transform: (B0,I29,P3) -> 23
PCI->APIC IRQ transform: (B0,I31,P0) -> 18
PCI->APIC IRQ transform: (B0,I31,P1) -> 17
PCI->APIC IRQ transform: (B5,I8,P0) -> 20
isapnp: Scanning for PnP cards...
isapnp: No Plug & Play device found
Linux NET4.0 for Linux 2.4
Based upon Swansea University Computer Society NET3.039
Initializing RT netlink socket
Starting kswapd
VFS: Diskquotas version dquot_6.4.0 initialized
Journalled Block Device driver loaded
devfs: v1.12a (20020514) Richard Gooch (rgooch@atnf.csiro.au)
devfs: boot_options: 0x1
ACPI: Core Subsystem version [20011018]
ACPI: Subsystem enabled
pty: 256 Unix98 ptys configured
Serial driver version 5.05c (2001-07-08) with HUB-6 MANY_PORTS MULTIPORT SHARE_IRQ SERIAL_PCI ISAPNP enabled
ttyS00 at 0x03f8 (irq = 4) is a 16550A
ttyS01 at 0x02f8 (irq = 3) is a 16550A
Uniform Multi-Platform E-IDE driver Revision: 6.31
ide: Assuming 33MHz system bus speed for PIO modes; override with idebus=xx
ICH4: IDE controller on PCI bus 00 dev f9
PCI: Enabling device 00:1f.1 (0005 -> 0007)
ICH4: chipset revision 1
ICH4: not 100% native mode: will probe irqs later
    ide0: BM-DMA at 0x24a0-0x24a7, BIOS settings: hda:DMA, hdb:pio
    ide1: BM-DMA at 0x24a8-0x24af, BIOS settings: hdc:DMA, hdd:pio
hda: WDC WD200BB-60DGA0, ATA DISK drive
hdc: HL-DT-ST GCE-8481B, ATAPI CD/DVD-ROM drive
ide0 at 0x1f0-0x1f7,0x3f6 on irq 14
ide1 at 0x170-0x177,0x376 on irq 15
hda: 39102336 sectors (20020 MB) w/2048KiB Cache, CHS=2586/240/63, UDMA(100)
hdc: ATAPI 40X CD-ROM CD-R/RW drive, 2048kB Cache, UDMA(33)
Uniform CD-ROM driver Revision: 3.12
Partition check:
 /dev/ide/host0/bus0/target0/lun0: p1
Floppy drive(s): fd0 is 1.44M
FDC 0 is a post-1991 82077
NET4: Frame Diverter 0.46
COMX: driver version 0.85 (C) 1995-1999 ITConsult-Pro Co. <info@itc.hu>
RAMDISK driver initialized: 16 RAM disks of 4096K size 1024 blocksize
Cronyx Ltd, Synchronous PPP and CISCO HDLC (c) 1994
Linux port (c) 1998 Building Number Three Ltd & Jan "Yenya" Kasprzak.
IEEE 802.2 LLC for Linux 2.1 (c) 1996 Tim Alpaerts
NET4: Linux TCP/IP 1.0 for NET4.0
IP Protocols: ICMP, UDP, TCP, IGMP
IP: routing cache hash table of 2048 buckets, 16Kbytes
TCP: Hash tables configured (established 16384 bind 32768)
Linux IP multicast router 0.06 plus PIM-SM
NET4: Unix domain sockets 1.0/SMP for Linux NET4.0.
RAMDISK: Compressed image found at block 0
Freeing initrd memory: 1241k freed
VFS: Mounted root (ext2 filesystem).
Mounted devfs on /dev
Freeing unused kernel memory: 148k freed
ISO 9660 Extensions: RRIP_1991A
loop: loaded (max 8 devices)
Linux Kernel Card Services 3.1.22
  options:  [pci] [cardbus] [pm]
ds: no socket drivers loaded!
Intel PCIC probe: not found.
Databook TCIC-2 PCMCIA probe: not found.
xircom_tulip_cb.c derived from tulip.c:v0.91 4/14/99 becker@scyld.com
 unofficial 2.4.x kernel port, version 0.91+LK1.1, October 11, 2001
ds: no socket drivers loaded!
end_request: I/O error, dev 02:00 (floppy), sector 0
end_request: I/O error, dev 02:00 (floppy), sector 0
NTFS driver v1.1.22 [Flags: R/O MODULE]
NTFS: Warning! NTFS volume version is Win2k+: Mounting read-only
Soundblaster audio driver Copyright (C) by Hannu Savolainen 1993-1996
sb: No ISAPnP cards found, trying standard ones...
sb: dsp reset failed.
eepro100.c:v1.09j-t 9/29/99 Donald Becker 
http://www.scyld.com/network/eepro100.html
eepro100.c: $Revision: 1.36 $ 2000/11/17 Modified by Andrey V. Savochkin <saw@saw.sw.com.sg> and others
divert: allocating divert_blk for eth0
eth0: OEM i82557/i82558 10/100 Ethernet, 00:08:02:FF:12:97, IRQ 20.
  Board assembly 262285-001, Physical connectors present: RJ45
  Primary interface chip i82555 PHY #1.
  General self-test: passed.
  Serial sub-system self-test: passed.
  Internal registers self-test: passed.
  ROM checksum self-test: passed (0x04f4518b).
CS4236+ soundcard not found or device busy
ad1848/cs4248 codec driver Copyright (C) by Hannu Savolainen 1993-1996
ad1848: No ISAPnP cards found, trying standard ones...
cs4232: set synthio and synthirq to use the wavefront facilities.
cs4232: Must set io, irq and dma.
Sound Fusion CS46xx soundcard not found or device busy
Trident 4DWave PCI soundcard not found or device busy
ForteMedia FM801 soundcard not found or device busy
ALSA ../../alsa-kernel/isa/sb/es968.c:261: no ES968 based soundcards found
no ALS100 based soundcards found
ESS Solo-1 soundcard not found or device busy
ESS Maestro soundcard not found or device busy
CMI8330 not found or device busy
EMU10K1/Audigy soundcard not found or device busy
ICE1712 soundcard not found or device busy
C-Media PCI soundcard not found or device busy
Maestro3/Allegro soundcard not found or device busy
NeoMagic 256 audio soundchip not found or device busy
ALi pci audio not found or device busy.
usb.c: registered new driver usbdevfs
usb.c: registered new driver hub
usb.c: registered new driver snd-usb-audio
Yamaha OPL3-SA soundcard not found or device busy
no OPTi 82C92x soundcard found
no OPTi 82C92x soundcard found
no OPTi 82C93x soundcard found
S3 SonicVibes soundcard not found or device busy
Ensoniq AudioPCI soundcard not found or device busy
Ensoniq AudioPCI soundcard not found or device busy
no AZT2320 based soundcards found
ALSA ../../alsa-kernel/isa/cs423x/cs4231.c:91: specify port
CS4231 soundcard not found or device busy
Linux agpgart interface v0.99 (c) Jeff Hartmann
agpgart: Maximum main memory to use for agp memory: 196M
agpgart: Detected an Intel 845G Chipset.
agpgart: detected 8060K stolen memory.
agpgart: AGP aperture is 128M @ 0xf0000000
usb-uhci.c: $Revision: 1.275 $ time 11:42:58 Apr  4 2003
usb-uhci.c: High bandwidth mode enabled
PCI: Setting latency timer of device 00:1d.0 to 64
usb-uhci.c: USB UHCI at I/O 0x2440, IRQ 16
usb-uhci.c: Detected 2 ports
usb.c: new USB bus registered, assigned bus number 1
hub.c: USB hub found
hub.c: 2 ports detected
PCI: Setting latency timer of device 00:1d.1 to 64
usb-uhci.c: USB UHCI at I/O 0x2460, IRQ 19
usb-uhci.c: Detected 2 ports
usb.c: new USB bus registered, assigned bus number 2
hub.c: USB hub found
hub.c: 2 ports detected
usb-uhci.c: v1.275:USB Universal Host Controller Interface driver
hub.c: USB new device connect on bus2/2, assigned device number 2
usb.c: USB device 2 (vend/prod 0x45e/0x40) is not claimed by any active driver.