Date: Sun, 7 Jan 2007 18:52:36 -0500
From: "Ioan Ionita" <>
Subject: Re: PATA_SIS and SIS 5513
Sender: linux-kernel-owner@vger.kernel.org
Precedence: bulk
List-ID: <linux-kernel.vger.kernel.org>
X-Mailing-List: linux-kernel@vger.kernel.org
X-Lkml-Link: https://lkml.org/lkml/2007/1/7/210

On 12/27/06, Tejun Heo <htejun@gmail.com> wrote:
> Ioan Ionita wrote:
> > pata_sis will not work with my CD-ROM
> >
> > dmesg output when trying to mount a cd-rom:
>
> Please post full dmesg including all boot messages.
Sorry for the delay. Here's the full dmesg as requested. Please don't
take into account the nvidia module, as this occurs with or without it
loaded. Thanks
Linux version 2.6.20-rc4 (root@section) (gcc version 4.1.1 20060428 (prerelease)) #11 PREEMPT Sun Jan 7 16:29:37 EST 2007
BIOS-provided physical RAM map:
sanitize start
sanitize end
copy_e820_map() start: 0000000000000000 size: 000000000009f400 end: 000000000009f400 type: 1
copy_e820_map() type is E820_RAM
copy_e820_map() start: 000000000009f400 size: 0000000000000c00 end: 00000000000a0000 type: 2
copy_e820_map() start: 00000000000dc000 size: 0000000000004000 end: 00000000000e0000 type: 2
copy_e820_map() start: 00000000000e4000 size: 000000000001c000 end: 0000000000100000 type: 2
copy_e820_map() start: 0000000000100000 size: 000000001fcf0000 end: 000000001fdf0000 type: 1
copy_e820_map() type is E820_RAM
copy_e820_map() start: 000000001fdf0000 size: 000000000000b000 end: 000000001fdfb000 type: 3
copy_e820_map() start: 000000001fdfb000 size: 0000000000005000 end: 000000001fe00000 type: 4
copy_e820_map() start: 000000001fe00000 size: 0000000000200000 end: 0000000020000000 type: 2
copy_e820_map() start: 00000000fec00000 size: 0000000000010000 end: 00000000fec10000 type: 2
copy_e820_map() start: 00000000fee00000 size: 0000000000001000 end: 00000000fee01000 type: 2
copy_e820_map() start: 00000000fff80000 size: 0000000000080000 end: 0000000100000000 type: 2
 BIOS-e820: 0000000000000000 - 000000000009f400 (usable)
 BIOS-e820: 000000000009f400 - 00000000000a0000 (reserved)
 BIOS-e820: 00000000000dc000 - 00000000000e0000 (reserved)
 BIOS-e820: 00000000000e4000 - 0000000000100000 (reserved)
 BIOS-e820: 0000000000100000 - 000000001fdf0000 (usable)
 BIOS-e820: 000000001fdf0000 - 000000001fdfb000 (ACPI data)
 BIOS-e820: 000000001fdfb000 - 000000001fe00000 (ACPI NVS)
 BIOS-e820: 000000001fe00000 - 0000000020000000 (reserved)
 BIOS-e820: 00000000fec00000 - 00000000fec10000 (reserved)
 BIOS-e820: 00000000fee00000 - 00000000fee01000 (reserved)
 BIOS-e820: 00000000fff80000 - 0000000100000000 (reserved)
509MB LOWMEM available.
found SMP MP-table at 000f7b20
Entering add_active_range(0, 0, 130544) 0 entries of 256 used
Zone PFN ranges:
  DMA             0 ->     4096
  Normal       4096 ->   130544
early_node_map[1] active PFN ranges
    0:        0 ->   130544
On node 0 totalpages: 130544
  DMA zone: 32 pages used for memmap
  DMA zone: 0 pages reserved
  DMA zone: 4064 pages, LIFO batch:0
  Normal zone: 987 pages used for memmap
  Normal zone: 125461 pages, LIFO batch:31
DMI present.
ACPI: RSDP (v000 SONY                                  ) @ 0x000f7af0
ACPI: RSDT (v001   SONY       F0 0x20040116 PTL  0x00000000) @ 0x1fdf6ebf
ACPI: FADT (v001   SONY       F0 0x20040116 PTL  0x01000000) @ 0x1fdfaf3c
ACPI: MADT (v001   SONY       F0 0x20040116 PTL  0x00000000) @ 0x1fdfafb0
ACPI: DSDT (v001   SONY       F0 0x20040116 PTL  0x0100000e) @ 0x00000000
ACPI: PM-Timer IO Port: 0x8008
ACPI: Local APIC address 0xfee00000
ACPI: LAPIC (acpi_id[0x00] lapic_id[0x00] enabled)
Processor #0 15:2 APIC version 20
ACPI: LAPIC_NMI (acpi_id[0x00] high edge lint[0x1])
ACPI: IOAPIC (id[0x01] address[0xfec00000] gsi_base[0])
IOAPIC[0]: apic_id 1, version 17, address 0xfec00000, GSI 0-23
ACPI: INT_SRC_OVR (bus 0 bus_irq 0 global_irq 16 low level)
ACPI: IRQ0 used by override.
ACPI: IRQ9 used by override.
Enabling APIC mode:  Flat.  Using 1 I/O APICs
Using ACPI (MADT) for SMP configuration information
Allocating PCI resources starting at 30000000 (gap: 20000000:dec00000)
Detected 2806.516 MHz processor.
Built 1 zonelists.  Total pages: 129525
Kernel command line: root=/dev/sda4 
mapped APIC to ffffd000 (fee00000)
mapped IOAPIC to ffffc000 (fec00000)
Enabling fast FPU save and restore... done.
Enabling unmasked SIMD FPU exception support... done.
Initializing CPU#0
PID hash table entries: 2048 (order: 11, 8192 bytes)
Console: colour VGA+ 80x25
Dentry cache hash table entries: 65536 (order: 6, 262144 bytes)
Inode-cache hash table entries: 32768 (order: 5, 131072 bytes)
Memory: 512400k/522176k available (2983k kernel code, 9224k reserved, 945k data, 228k init, 0k highmem)
virtual kernel memory layout:
    fixmap  : 0xfffb7000 - 0xfffff000   ( 288 kB)
    vmalloc : 0xe0800000 - 0xfffb5000   ( 503 MB)
    lowmem  : 0xc0000000 - 0xdfdf0000   ( 509 MB)
      .init : 0xc04da000 - 0xc0513000   ( 228 kB)
      .data : 0xc03e9e9a - 0xc04d640c   ( 945 kB)
      .text : 0xc0100000 - 0xc03e9e9a   (2983 kB)
Checking if this processor honours the WP bit even in supervisor mode... Ok.
Calibrating delay using timer specific routine.. 5614.45 BogoMIPS (lpj=2807228)
Mount-cache hash table entries: 512
CPU: After generic identify, caps: bfebfbff 00000000 00000000 00000000 00004400 00000000 00000000
CPU: Trace cache: 12K uops, L1 D cache: 8K
CPU: L2 cache: 512K
CPU: After all inits, caps: bfebfbff 00000000 00000000 00003080 00004400 00000000 00000000
Intel machine check architecture supported.
Intel machine check reporting enabled on CPU#0.
CPU0: Intel P4/Xeon Extended MCE MSRs (12) available
CPU0: Thermal monitoring enabled
Compat vDSO mapped to ffffe000.
CPU: Intel(R) Pentium(R) 4 CPU 2.80GHz stepping 09
Checking 'hlt' instruction... OK.
ACPI: Core revision 20060707
ENABLING IO-APIC IRQs
..TIMER: vector=0x31 apic1=0 pin1=16 apic2=-1 pin2=-1
..MP-BIOS bug: 8254 timer not connected to IO-APIC
...trying to set up timer (IRQ0) through the 8259A ...  failed.
...trying to set up timer as Virtual Wire IRQ... works.
NET: Registered protocol family 16
ACPI: bus type pci registered
PCI: PCI BIOS revision 2.10 entry at 0xfd996, last bus=1
PCI: Using configuration type 1
Setting up standard PCI resources
ACPI: Interpreter enabled
ACPI: Using IOAPIC for interrupt routing
ACPI: PCI Root Bridge [PCI0] (0000:00)
PCI: Probing PCI hardware (bus 00)
Uncovering SIS963 that hid as a SIS503 (compatible=1)
Enabling SiS 96x SMBus.
Boot video device is 0000:01:00.0
ACPI: PCI Interrupt Routing Table [\_SB_.PCI0._PRT]
ACPI: PCI Interrupt Link [LNKA] (IRQs 3 4 5 7 9 *10 11)
ACPI: PCI Interrupt Link [LNKB] (IRQs 3 4 5 7 9 10 11) *0, disabled.
ACPI: PCI Interrupt Link [LNKC] (IRQs 3 4 5 7 9 10 11) *0, disabled.
ACPI: PCI Interrupt Link [LNKD] (IRQs 3 4 5 7 9 10 *11)
ACPI: PCI Interrupt Link [LNKE] (IRQs 3 4 5 7 *9 10 11)
ACPI: PCI Interrupt Link [LNKF] (IRQs 3 4 5 7 9 10 *11)
ACPI: PCI Interrupt Link [LNKG] (IRQs 3 4 5 7 9 10 11) *0, disabled.
ACPI: PCI Interrupt Link [LNKH] (IRQs 3 4 5 7 9 10 11) *0, disabled.
ACPI: PCI Interrupt Routing Table [\_SB_.PCI0.PCI1._PRT]
SCSI subsystem initialized
libata version 2.00 loaded.
usbcore: registered new interface driver usbfs
usbcore: registered new interface driver hub
usbcore: registered new device driver usb
PCI: Using ACPI for IRQ routing
PCI: If a device doesn't work, try "pci=routeirq".  If it helps, post a report
PCI: Bridge: 0000:00:01.0
  IO window: disabled.
  MEM window: f5000000-f5ffffff
  PREFETCH window: f6000000-fbffffff
PCI: Bus 2, cardbus bridge: 0000:00:0a.0
  IO window: 00002400-000024ff
  IO window: 00002800-000028ff
  PREFETCH window: 30000000-33ffffff
  MEM window: 34000000-37ffffff
PCI: Bus 6, cardbus bridge: 0000:00:0a.1
  IO window: 00002c00-00002cff
  IO window: 00003000-000030ff
  PREFETCH window: 38000000-3bffffff
  MEM window: 3c000000-3fffffff
PCI: Enabling device 0000:00:0a.0 (0000 -> 0003)
ACPI: PCI Interrupt 0000:00:0a.0[A] -> GSI 17 (level, low) -> IRQ 16
PCI: Enabling device 0000:00:0a.1 (0000 -> 0003)
ACPI: PCI Interrupt 0000:00:0a.1[A] -> GSI 17 (level, low) -> IRQ 16
NET: Registered protocol family 2
IP route cache hash table entries: 4096 (order: 2, 16384 bytes)
TCP established hash table entries: 16384 (order: 4, 65536 bytes)
TCP bind hash table entries: 8192 (order: 3, 32768 bytes)
TCP: Hash tables configured (established 16384 bind 8192)
TCP reno registered
Machine check exception polling timer started.
IA-32 Microcode Update Driver: v1.14a <tigran@aivazian.fsnet.co.uk>
Total HugeTLB memory allocated, 0
NTFS driver 2.1.27 [Flags: R/O].
fuse init (API version 7.8)
io scheduler noop registered (default)
io scheduler cfq registered
ACPI: AC Adapter [ACAD] (on-line)
ACPI: Battery Slot [BAT1] (battery present)
ACPI: Battery Slot [BAT2] (battery absent)
input: Lid Switch as /class/input/input0
ACPI: Lid Switch [LID]
input: Power Button (CM) as /class/input/input1
ACPI: Power Button (CM) [PWRB]
ACPI: CPU0 (power states: C1[C1] C2[C2] C3[C2])
ACPI: Thermal Zone [ATF0] (63 C)
sonypi: Sony Programmable I/O Controller Driver v1.26.
sonypi: detected type2 model, verbose = 0, fnkeyinit = off, camera = off, compat = off, mask = 0xffffffff, useinput = on, acpi = on
sonypi: enabled at irq=11, port1=0x1080, port2=0x1084
sonypi: device allocated minor is 63
input: Sony Vaio Jogdial as /class/input/input2
input: Sony Vaio Keys as /class/input/input3
Real Time Clock Driver v1.12ac
Linux agpgart interface v0.101 (c) Dave Jones
agpgart: Detected SiS 648 chipset
agpgart: AGP aperture is 64M @ 0xf0000000
Hangcheck: starting hangcheck timer 0.9.0 (tick is 180 seconds, margin is 60 seconds).
Hangcheck: Using get_cycles().
Serial: 8250/16550 driver $Revision: 1.90 $ 4 ports, IRQ sharing disabled
serial8250: ttyS0 at I/O 0x3f8 (irq = 4) is a 16550A
PCI: Enabling device 0000:00:02.6 (0000 -> 0001)
ACPI: PCI Interrupt 0000:00:02.6[C] -> GSI 18 (level, low) -> IRQ 17
loop: loaded (max 8 devices)
sis900.c: v1.08.10 Apr. 2 2006
ACPI: PCI Interrupt 0000:00:04.0[A] -> GSI 19 (level, low) -> IRQ 18
0000:00:04.0: Realtek RTL8201 PHY transceiver found at address 1.
0000:00:04.0: Using transceiver found at address 1 as default
eth0: SiS 900 PCI Fast Ethernet at 0x2000, IRQ 18, 08:00:46:a9:50:21.
3ware Storage Controller device driver for Linux v1.26.02.001.
pata_sis 0000:00:02.5: version 0.4.5
ata1: PATA max UDMA/133 cmd 0x1F0 ctl 0x3F6 bmdma 0x1000 irq 14
ata2: PATA max UDMA/133 cmd 0x170 ctl 0x376 bmdma 0x1008 irq 15
scsi0 : pata_sis
ATA: abnormal status 0x7F on port 0x1F7
ATA: abnormal status 0x7F on port 0x1F7
ata1.00: ATA-5, max UDMA/100, 78140160 sectors: LBA 
ata1.00: ata1: dev 0 multi count 16
ata1.00: configured for UDMA/33
scsi1 : pata_sis
ata2.00: ATAPI, max UDMA/33
ata2.00: configured for UDMA/33
scsi 0:0:0:0: Direct-Access     ATA      HITACHI_DK23EA-4 00K3 PQ: 0 ANSI: 5
SCSI device sda: 78140160 512-byte hdwr sectors (40008 MB)
sda: Write Protect is off
sda: Mode Sense: 00 3a 00 00
SCSI device sda: write cache: enabled, read cache: enabled, doesn't support DPO or FUA
SCSI device sda: 78140160 512-byte hdwr sectors (40008 MB)
sda: Write Protect is off
sda: Mode Sense: 00 3a 00 00
SCSI device sda: write cache: enabled, read cache: enabled, doesn't support DPO or FUA
 sda: sda1 sda2 sda3 sda4
sd 0:0:0:0: Attached scsi disk sda
sd 0:0:0:0: Attached scsi generic sg0 type 0
scsi 1:0:0:0: CD-ROM            MATSHITA UJDA740 DVD/CDRW 1.00 PQ: 0 ANSI: 5
sr0: scsi3-mmc drive: 24x/24x writer cd/rw xa/form2 cdda tray
Uniform CD-ROM driver Revision: 3.20
sr 1:0:0:0: Attached scsi CD-ROM sr0
sr 1:0:0:0: Attached scsi generic sg1 type 5
Yenta: CardBus bridge found at 0000:00:0a.0 [104d:814e]
Yenta: ISA IRQ mask 0x00b8, PCI irq 16
Socket status: 30000820
Yenta: CardBus bridge found at 0000:00:0a.1 [104d:814e]
Yenta: ISA IRQ mask 0x00b8, PCI irq 16
Socket status: 30000006
usbmon: debugfs is not available
PCI: Enabling device 0000:00:03.3 (0000 -> 0002)
ACPI: PCI Interrupt 0000:00:03.3[D] -> GSI 23 (level, low) -> IRQ 19
ehci_hcd 0000:00:03.3: EHCI Host Controller
ehci_hcd 0000:00:03.3: new USB bus registered, assigned bus number 1
PCI: cache line size of 128 is not supported by device 0000:00:03.3
ehci_hcd 0000:00:03.3: irq 19, io mem 0xf4003000
ehci_hcd 0000:00:03.3: USB 2.0 started, EHCI 1.00, driver 10 Dec 2004
usb usb1: configuration #1 chosen from 1 choice
hub 1-0:1.0: USB hub found
hub 1-0:1.0: 6 ports detected
ohci_hcd: 2006 August 04 USB 1.1 'Open' Host Controller (OHCI) Driver (PCI)
ACPI: PCI Interrupt 0000:00:03.0[A] -> GSI 20 (level, low) -> IRQ 20
ohci_hcd 0000:00:03.0: OHCI Host Controller
ohci_hcd 0000:00:03.0: new USB bus registered, assigned bus number 2
ohci_hcd 0000:00:03.0: irq 20, io mem 0xf4000000
usb usb2: configuration #1 chosen from 1 choice
hub 2-0:1.0: USB hub found
hub 2-0:1.0: 2 ports detected
ACPI: PCI Interrupt 0000:00:03.1[B] -> GSI 21 (level, low) -> IRQ 21
ohci_hcd 0000:00:03.1: OHCI Host Controller
ohci_hcd 0000:00:03.1: new USB bus registered, assigned bus number 3
ohci_hcd 0000:00:03.1: irq 21, io mem 0xf4001000
usb usb3: configuration #1 chosen from 1 choice
hub 3-0:1.0: USB hub found
hub 3-0:1.0: 2 ports detected
PCI: Enabling device 0000:00:03.2 (0010 -> 0012)
ACPI: PCI Interrupt 0000:00:03.2[C] -> GSI 22 (level, low) -> IRQ 22
ohci_hcd 0000:00:03.2: OHCI Host Controller
ohci_hcd 0000:00:03.2: new USB bus registered, assigned bus number 4
ohci_hcd 0000:00:03.2: irq 22, io mem 0xf4002000
usb usb4: configuration #1 chosen from 1 choice
hub 4-0:1.0: USB hub found
hub 4-0:1.0: 2 ports detected
pccard: CardBus card inserted into slot 0
USB Universal Host Controller Interface driver v3.0
usb 2-2: new low speed USB device using ohci_hcd and address 2
usb 2-2: configuration #1 chosen from 1 choice
usb 4-2: new full speed USB device using ohci_hcd and address 2
usb 4-2: configuration #1 chosen from 1 choice
usbcore: registered new interface driver usblp
drivers/usb/class/usblp.c: v0.13: USB Printer Device Class driver
Initializing USB Mass Storage driver...
scsi2 : SCSI emulation for USB Mass Storage devices
usb-storage: device found at 2
usb-storage: waiting for device to settle before scanning
usbcore: registered new interface driver usb-storage
USB Mass Storage support registered.
input: Logitech USB-PS/2 Optical Mouse as /class/input/input4
input: USB HID v1.10 Mouse [Logitech USB-PS/2 Optical Mouse] on usb-0000:00:03.0-2
usbcore: registered new interface driver usbhid
drivers/usb/input/hid-core.c: v2.6:USB HID core driver
serio: i8042 KBD port at 0x60,0x64 irq 1
serio: i8042 AUX port at 0x60,0x64 irq 12
mice: PS/2 mouse device common for all mice
input: AT Translated Set 2 keyboard as /class/input/input5
Advanced Linux Sound Architecture Driver Version 1.0.14rc1 (Wed Dec 20 08:11:48 2006 UTC).
ACPI: PCI Interrupt 0000:00:02.7[C] -> GSI 18 (level, low) -> IRQ 17
input: PS/2 Mouse as /class/input/input6
input: AlpsPS/2 ALPS GlidePoint as /class/input/input7
intel8x0_measure_ac97_clock: measured 50993 usecs
intel8x0: clocking to 48000
ALSA device list:
  #0: SiS SI7012 with STAC9750,51 at 0x1c00, irq 17
oprofile: using NMI interrupt.
nf_conntrack version 0.5.0 (4079 buckets, 32632 max)
IPv4 over IPv4 tunneling driver
ip_tables: (C) 2000-2006 Netfilter Core Team
TCP cubic registered
NET: Registered protocol family 1
NET: Registered protocol family 17
ieee80211: 802.11 data/management/control stack, git-1.1.13
ieee80211: Copyright (C) 2004-2005 Intel Corporation <jketreno@linux.intel.com>
ieee80211_crypt: registered algorithm 'NULL'
ieee80211_crypt: registered algorithm 'WEP'
ieee80211_crypt: registered algorithm 'CCMP'
Using IPI Shortcut mode
ACPI: (supports S0 S3 S4 S5)
Time: tsc clocksource has been installed.
Time: acpi_pm clocksource has been installed.
ReiserFS: sda4: found reiserfs format "3.6" with standard journal
ReiserFS: sda4: using ordered data mode
ReiserFS: sda4: journal params: device sda4, size 8192, journal first block 18, max trans len 1024, max batch 900, max commit age 30, max trans age 30
ReiserFS: sda4: checking transaction log (sda4)
ReiserFS: sda4: Using r5 hash to sort names
VFS: Mounted root (reiserfs filesystem) readonly.
Freeing unused kernel memory: 228k freed
scsi 2:0:0:0: Direct-Access     Sony     MSC-U03          2.00 PQ: 0 ANSI: 0 CCS
sd 2:0:0:0: Attached scsi removable disk sdb
sd 2:0:0:0: Attached scsi generic sg2 type 0
usb-storage: device scan complete
eth0: Media Link On 100mbps full-duplex 
nvidia: module license 'NVIDIA' taints kernel.
ACPI: PCI Interrupt 0000:01:00.0[A] -> GSI 16 (level, low) -> IRQ 23
NVRM: loading NVIDIA Linux x86 Kernel Module  1.0-9631  Thu Nov  9 17:38:10 PST 2006
NVRM: loading NVIDIA Linux x86 Kernel Module  1.0-9631  Thu Nov  9 17:38:10 PST 2006
agpgart: Found an AGP 3.0 compliant device at 0000:00:00.0.
agpgart: Putting AGP V3 device at 0000:00:00.0 into 16x mode
agpgart: SiS delay workaround: giving bridge time to recover.
agpgart: Putting AGP V3 device at 0000:01:00.0 into 16x mode
ata2.00: qc timeout (cmd 0xa0)
ata2.00: exception Emask 0x0 SAct 0x0 SErr 0x0 action 0x2 frozen
ata2.00: (BMDMA stat 0x24)
ata2.00: cmd a0/01:00:00:00:00/00:00:00:00:00/a0 tag 0 cdb 0x28 data 4096 in
         res 51/51:03:00:00:00/00:00:00:00:00/a0 Emask 0x5 (timeout)
ata2: port is slow to respond, please be patient (Status 0xd0)
ata2: port failed to respond (30 secs, Status 0xd0)
ata2: soft resetting port
ata2.00: configured for UDMA/33
ata2: EH complete
ata2.00: qc timeout (cmd 0xa0)
ata2.00: exception Emask 0x0 SAct 0x0 SErr 0x0 action 0x2 frozen
ata2.00: (BMDMA stat 0x24)
ata2.00: cmd a0/01:00:00:00:00/00:00:00:00:00/a0 tag 0 cdb 0x28 data 4096 in
         res 51/51:03:00:00:00/00:00:00:00:00/a0 Emask 0x5 (timeout)
ata2: port is slow to respond, please be patient (Status 0xd0)
ata2: port failed to respond (30 secs, Status 0xd0)
ata2: soft resetting port
ata2.00: configured for UDMA/33
ata2: EH complete
ata2.00: qc timeout (cmd 0xa0)
ata2.00: exception Emask 0x0 SAct 0x0 SErr 0x0 action 0x2 frozen
ata2.00: (BMDMA stat 0x24)
ata2.00: cmd a0/01:00:00:00:00/00:00:00:00:00/a0 tag 0 cdb 0x28 data 4096 in
         res 51/51:03:00:00:00/00:00:00:00:00/a0 Emask 0x5 (timeout)
ata2: port is slow to respond, please be patient (Status 0xd0)
ata2: port failed to respond (30 secs, Status 0xd0)
ata2: soft resetting port
ata2.00: configured for UDMA/33
ata2: EH complete
ata2.00: qc timeout (cmd 0xa0)
ata2.00: limiting speed to UDMA/25
ata2.00: exception Emask 0x0 SAct 0x0 SErr 0x0 action 0x2 frozen
ata2.00: (BMDMA stat 0x24)
ata2.00: cmd a0/01:00:00:00:00/00:00:00:00:00/a0 tag 0 cdb 0x28 data 4096 in
         res 51/51:03:00:00:00/00:00:00:00:00/a0 Emask 0x5 (timeout)
ata2: port is slow to respond, please be patient (Status 0xd0)
ata2: port failed to respond (30 secs, Status 0xd0)
ata2: soft resetting port
ata2.00: configured for UDMA/25
sr 1:0:0:0: SCSI error: return code = 0x08000002
sr0: Current [descriptor]: sense key=0x3
    ASC=0x13 ASCQ=0x0
Descriptor sense data with sense descriptors (in hex):
        72 03 13 00 00 00 00 0e 09 0c 00 51 00 03 00 00 
        00 00 00 00 a0 51 
end_request: I/O error, dev sr0, sector 0
Buffer I/O error on device sr0, logical block 0
ata2: EH complete
ata2.00: qc timeout (cmd 0xa0)
ata2.00: limiting speed to UDMA/16
ata2.00: exception Emask 0x0 SAct 0x0 SErr 0x0 action 0x2 frozen
ata2.00: (BMDMA stat 0x24)
ata2.00: cmd a0/01:00:00:00:00/00:00:00:00:00/a0 tag 0 cdb 0x28 data 4096 in
         res 51/51:03:00:00:00/00:00:00:00:00/a0 Emask 0x5 (timeout)
ata2: port is slow to respond, please be patient (Status 0xd0)
ata2: port failed to respond (30 secs, Status 0xd0)
ata2: soft resetting port
ata2.00: configured for UDMA/16
ata2: EH complete
ata2.00: qc timeout (cmd 0xa0)
ata2.00: limiting speed to PIO4
ata2.00: exception Emask 0x0 SAct 0x0 SErr 0x0 action 0x2 frozen
ata2.00: (BMDMA stat 0x24)
ata2.00: cmd a0/01:00:00:00:00/00:00:00:00:00/a0 tag 0 cdb 0x28 data 4096 in
         res 51/51:03:00:00:00/00:00:00:00:00/a0 Emask 0x5 (timeout)
ata2: port is slow to respond, please be patient (Status 0xd0)
ata2: port failed to respond (30 secs, Status 0xd0)
ata2: soft resetting port
ata2.00: configured for PIO4
ata2: EH complete
ata2.00: qc timeout (cmd 0xa0)
ata2.00: limiting speed to PIO3
ata2.00: exception Emask 0x0 SAct 0x0 SErr 0x0 action 0x2 frozen
ata2.00: cmd a0/00:00:00:00:20/00:00:00:00:00/a0 tag 0 cdb 0x28 data 4096 in
         res 51/51:03:00:00:20/00:00:00:00:00/a0 Emask 0x5 (timeout)
ata2: port is slow to respond, please be patient (Status 0xd0)
ata2: port failed to respond (30 secs, Status 0xd0)
ata2: soft resetting port
ata2.00: configured for PIO3
ata2: EH complete
ata2.00: qc timeout (cmd 0xa0)
ata2.00: limiting speed to PIO2
ata2.00: exception Emask 0x0 SAct 0x0 SErr 0x0 action 0x2 frozen
ata2.00: cmd a0/00:00:00:00:20/00:00:00:00:00/a0 tag 0 cdb 0x28 data 4096 in
         res 51/51:03:00:00:20/00:00:00:00:00/a0 Emask 0x5 (timeout)
ata2: port is slow to respond, please be patient (Status 0xd0)
ata2: port failed to respond (30 secs, Status 0xd0)
ata2: soft resetting port
ata2.00: configured for PIO2
sr 1:0:0:0: SCSI error: return code = 0x08000002
sr0: Current [descriptor]: sense key=0x3
    ASC=0x13 ASCQ=0x0
Descriptor sense data with sense descriptors (in hex):
        72 03 13 00 00 00 00 0e 09 0c 00 51 00 03 00 00 
        00 00 00 20 a0 51 
end_request: I/O error, dev sr0, sector 0
Buffer I/O error on device sr0, logical block 0
ata2: EH complete
ata2.00: qc timeout (cmd 0xa0)
ata2.00: limiting speed to PIO1
ata2.00: exception Emask 0x0 SAct 0x0 SErr 0x0 action 0x2 frozen
ata2.00: cmd a0/00:00:00:00:20/00:00:00:00:00/a0 tag 0 cdb 0x28 data 4096 in
         res 51/51:03:00:00:20/00:00:00:00:00/a0 Emask 0x5 (timeout)
ata2: port is slow to respond, please be patient (Status 0xd0)
ata2: port failed to respond (30 secs, Status 0xd0)
ata2: soft resetting port
ata2.00: configured for PIO1
ata2: EH complete
ata2.00: qc timeout (cmd 0xa0)
ata2.00: limiting speed to PIO0
ata2.00: exception Emask 0x0 SAct 0x0 SErr 0x0 action 0x2 frozen
ata2.00: cmd a0/00:00:00:00:20/00:00:00:00:00/a0 tag 0 cdb 0x28 data 4096 in
         res 51/51:03:00:00:20/00:00:00:00:00/a0 Emask 0x5 (timeout)
ata2: port is slow to respond, please be patient (Status 0xd0)
ata2: port failed to respond (30 secs, Status 0xd0)
ata2: soft resetting port
ata2.00: configured for PIO0
ata2: EH complete
ata2.00: qc timeout (cmd 0xa0)
ata2.00: speed down requested but no transfer mode left
ata2.00: exception Emask 0x0 SAct 0x0 SErr 0x0 action 0x2 frozen
ata2.00: cmd a0/00:00:00:00:20/00:00:00:00:00/a0 tag 0 cdb 0x28 data 4096 in
         res 51/51:03:00:00:20/00:00:00:00:00/a0 Emask 0x5 (timeout)
ata2: port is slow to respond, please be patient (Status 0xd0)
ata2: port failed to respond (30 secs, Status 0xd0)
ata2: soft resetting port
ata2.00: configured for PIO0
ata2: EH complete
ata2.00: qc timeout (cmd 0xa0)
ata2.00: speed down requested but no transfer mode left
ata2.00: exception Emask 0x0 SAct 0x0 SErr 0x0 action 0x2 frozen
ata2.00: cmd a0/00:00:00:00:20/00:00:00:00:00/a0 tag 0 cdb 0x28 data 4096 in
         res 51/51:03:00:00:20/00:00:00:00:00/a0 Emask 0x5 (timeout)
ata2: port is slow to respond, please be patient (Status 0xd0)
ata2: port failed to respond (30 secs, Status 0xd0)
ata2: soft resetting port
ata2.00: configured for PIO0
sr 1:0:0:0: SCSI error: return code = 0x08000002
sr0: Current [descriptor]: sense key=0x3
    ASC=0x13 ASCQ=0x0
Descriptor sense data with sense descriptors (in hex):
        72 03 13 00 00 00 00 0e 09 0c 00 51 00 03 00 00 
        00 00 00 20 a0 51 
end_request: I/O error, dev sr0, sector 0
Buffer I/O error on device sr0, logical block 0
ata2: EH complete
ata2.00: qc timeout (cmd 0xa0)
ata2.00: speed down requested but no transfer mode left
ata2.00: exception Emask 0x0 SAct 0x0 SErr 0x0 action 0x2 frozen
ata2.00: cmd a0/00:00:00:00:20/00:00:00:00:00/a0 tag 0 cdb 0x28 data 4096 in
         res 51/51:03:00:00:20/00:00:00:00:00/a0 Emask 0x5 (timeout)
ata2: port is slow to respond, please be patient (Status 0xd0)
ata2: port failed to respond (30 secs, Status 0xd0)
ata2: soft resetting port
ata2.00: configured for PIO0
ata2: EH complete
ata2.00: qc timeout (cmd 0xa0)
ata2.00: speed down requested but no transfer mode left
ata2.00: exception Emask 0x0 SAct 0x0 SErr 0x0 action 0x2 frozen
ata2.00: cmd a0/00:00:00:00:20/00:00:00:00:00/a0 tag 0 cdb 0x28 data 4096 in
         res 51/51:03:00:00:20/00:00:00:00:00/a0 Emask 0x5 (timeout)
ata2: port is slow to respond, please be patient (Status 0xd0)