Date: Fri, 19 Nov 2004 14:53:42 +0000 (WET)
From: Lu√≠s Pinto <>
Subject: Re: Oops in visor, since 2.6.10-rc1
Sender: linux-kernel-owner@vger.kernel.org
Precedence: bulk
List-ID: <linux-kernel.vger.kernel.org>
X-Mailing-List: linux-kernel@vger.kernel.org
X-Lkml-Link: https://lkml.org/lkml/2004/11/19/109

 	This sort of solves part of it. It doesn't oops anymore,
 	however, for a 'pilot-xfer -l' (list all databases on palm) or
 	a 'pilot-xfer -i xyz.pdb' (install a database on palm) it
 	freezes at the middle, and the palm eventually times out. Here
 	goes the corresponding dmesg: the first time it didn't do
 	nothing (pilot-xfer didn't even start), the second and third
 	it freezed.
 	Please continue CC'ing me on this, I am not a linux-kernel
 	subscriber. And thanks for your time!
On Wed, 17 Nov 2004, Greg KH wrote:
> On Mon, Nov 15, 2004 at 07:28:23PM +0000, Lu?s Pinto wrote:
>>
>> 	Hi all!
>>
>> 	I have been getting a oops in my kernel when trying to sync my
>> 	palm tungsten E, using pilot-xfer version 0.11.8.
>>
>> 	The affected kernel versions are all since the 2.6.10-rc1,
>> 	including mm and bk branches.
>
> The following patch should solve this.  Let me know if it doesn't.
>
> thanks,
>
> greg k-h
>
> -----------
>
>
> generic_startup in visor.c was not called for some hardware, resulting
> in attempts to access memory that had never been allocated, which in
> turn caused the problem several people reported with recent (2.6.10ish)
> kernels.
>
> Signed-off-by: Roger Luethi <rl@hellgate.ch>
> Signed-off-by: Greg Kroah-Hartman <greg@kroah.com>
>
>
> --- linux-2.6.10-rc2/drivers/usb/serial/visor.c.orig	2004-11-16 16:03:05.000000000 +0100
> +++ linux-2.6.10-rc2/drivers/usb/serial/visor.c	2004-11-16 16:31:24.235249944 +0100
> @@ -930,7 +930,7 @@ static int treo_attach (struct usb_seria
> 	if (!((serial->dev->descriptor.idVendor == HANDSPRING_VENDOR_ID) ||
> 	      (serial->dev->descriptor.idVendor == KYOCERA_VENDOR_ID)) ||
> 	    (serial->num_interrupt_in == 0))
> -		return 0;
> +		goto generic_startup;
>
> 	dbg("%s", __FUNCTION__);
>
> @@ -957,6 +957,7 @@ static int treo_attach (struct usb_seria
> 	COPY_PORT(serial->port[1], swap_port);
> 	kfree(swap_port);
>
> +generic_startup:
> 	return generic_startup(serial);
> }
>
>
-- 
                                         Regards,
    (o_                                 Luis Pinto
-+ //\ +--------- 
http://www.dei.uc.pt/~lmpinto
 - ICQ#15663369 --------+
-+ V_/_+------ Pgp key @ pgp.dei.uc.pt ------ bash$ :(){ :|:&};: ------+
Q. Why is this so clumsy?
A. The trick is to use Perl's strengths rather than its weaknesses.
              -- Larry Wall in <8225@jpl-devvax.JPL.NASA.GOV>Linux version 2.6.10-rc2 (root@amarok) (gcc version 3.4.3 (Gentoo Linux 3.4.3, ssp-3.4.3-0, pie-8.7.6.6)) #2 Thu Nov 18 13:54:43 WET 2004
BIOS-provided physical RAM map:
 BIOS-e820: 0000000000000000 - 000000000009fc00 (usable)
 BIOS-e820: 000000000009fc00 - 00000000000a0000 (reserved)
 BIOS-e820: 00000000000e0000 - 00000000000eee00 (reserved)
 BIOS-e820: 00000000000eee00 - 00000000000ef000 (ACPI NVS)
 BIOS-e820: 00000000000ef000 - 0000000000100000 (reserved)
 BIOS-e820: 0000000000100000 - 000000001ffd0000 (usable)
 BIOS-e820: 000000001ffd0000 - 000000001ffe0000 (ACPI data)
 BIOS-e820: 000000001ffe0000 - 0000000020000000 (reserved)
 BIOS-e820: 00000000feda0000 - 00000000fedc0000 (reserved)
 BIOS-e820: 00000000ffb80000 - 00000000ffc00000 (reserved)
 BIOS-e820: 00000000fff80000 - 0000000100000000 (reserved)
511MB LOWMEM available.
On node 0 totalpages: 131024
  DMA zone: 4096 pages, LIFO batch:1
  Normal zone: 126928 pages, LIFO batch:16
  HighMem zone: 0 pages, LIFO batch:1
DMI 2.3 present.
ACPI: RSDP (v000 TOSHIB                                ) @ 0x000f0180
ACPI: RSDT (v001 TOSHIB 750      0x00970814 TASM 0x04010000) @ 0x1ffd0000
ACPI: FADT (v002 TOSHIB 750      0x00970814 TASM 0x04010000) @ 0x1ffd0058
ACPI: DBGP (v001 TOSHIB 750      0x00970814 TASM 0x04010000) @ 0x1ffd00dc
ACPI: BOOT (v001 TOSHIB 750      0x00970814 TASM 0x04010000) @ 0x1ffd0030
ACPI: DSDT (v001 TOSHIB 2410     0x20020918 MSFT 0x0100000a) @ 0x00000000
ACPI: PM-Timer IO Port: 0xee08
Built 1 zonelists
Kernel command line: root=/dev/hda3 ro devfs=mount vga=791 video=vesa:1024x768@70 resume=/dev/hda2
Initializing CPU#0
CPU 0 irqstacks, hard=c0392000 soft=c0391000
PID hash table entries: 2048 (order: 11, 32768 bytes)
Detected 1794.178 MHz processor.
Using pmtmr for high-res timesource
Console: colour dummy device 80x25
Dentry cache hash table entries: 131072 (order: 7, 524288 bytes)
Inode-cache hash table entries: 65536 (order: 6, 262144 bytes)
Memory: 515828k/524096k available (1719k kernel code, 7724k reserved, 748k data, 136k init, 0k highmem)
Checking if this processor honours the WP bit even in supervisor mode... Ok.
Calibrating delay loop... 3555.32 BogoMIPS (lpj=1777664)
Security Framework v1.0.0 initialized
Capability LSM initialized
Mount-cache hash table entries: 512 (order: 0, 4096 bytes)
CPU: After generic identify, caps: bfebf9ff 00000000 00000000 00000000
CPU: After vendor identify, caps:  bfebf9ff 00000000 00000000 00000000
CPU: Trace cache: 12K uops, L1 D cache: 8K
CPU: L2 cache: 256K
CPU: After all inits, caps:        bfebf9ff 00000000 00000000 00000080
Intel machine check architecture supported.
Intel machine check reporting enabled on CPU#0.
CPU0: Intel P4/Xeon Extended MCE MSRs (12) available
CPU: Intel Mobile Intel(R) Celeron(R) CPU 1.80GHz stepping 07
Enabling fast FPU save and restore... done.
Enabling unmasked SIMD FPU exception support... done.
Checking 'hlt' instruction... OK.
 tbxface-0117 [02] acpi_load_tables      : ACPI Tables successfully acquired
Parsing all Control Methods:.......................................................................................................................................................................................
Table [DSDT](id F004) - 658 Objects with 64 Devices 183 Methods 7 Regions
ACPI Namespace successfully loaded at root c03a5c20
ACPI: IRQ9 SCI: Level Trigger.
evxfevnt-0093 [03] acpi_enable           : Transition to ACPI mode successful
NET: Registered protocol family 16
PCI: PCI BIOS revision 2.10 entry at 0xfd4df, last bus=5
PCI: Using configuration type 1
mtrr: v2.0 (20020519)
ACPI: Subsystem revision 20041105
evgpeblk-0979 [06] ev_create_gpe_block   : GPE 00 to 0F [_GPE] 2 regs on int 0x9
evgpeblk-0987 [06] ev_create_gpe_block   : Found 4 Wake, Enabled 1 Runtime GPEs in this block
Completing Region/Field/Buffer/Package initialization:....................................
Initialized 4/7 Regions 0/0 Fields 18/18 Buffers 14/23 Packages (667 nodes)
Executing all Device _STA and_INI methods:..................................................................
66 Devices found containing: 66 _STA, 1 _INI methods
ACPI: Interpreter enabled
ACPI: Using PIC for interrupt routing
ACPI: PCI Interrupt Link [LNKA] (IRQs 3 4 5 7 *11)
ACPI: PCI Interrupt Link [LNKB] (IRQs 3 4 5 7 *11)
ACPI: PCI Interrupt Link [LNKC] (IRQs 3 4 5 7 *11)
ACPI: PCI Interrupt Link [LNKD] (IRQs 3 4 5 7 *11)
ACPI: PCI Interrupt Link [LNKE] (IRQs 3 4 5 7 *11)
ACPI: PCI Interrupt Link [LNKF] (IRQs 3 4 5 7 *11)
ACPI: PCI Interrupt Link [LNKG] (IRQs *10)
ACPI: PCI Interrupt Link [LNKH] (IRQs 3 4 5 7 *11)
ACPI: PCI Root Bridge [PCI0] (00:00)
PCI: Probing PCI hardware (bus 00)
PCI: Ignoring BAR0-3 of IDE controller 0000:00:1f.1
PCI: Transparent bridge - 0000:00:1e.0
ACPI: PCI Interrupt Routing Table [\_SB_.PCI0._PRT]
ACPI: PCI Interrupt Routing Table [\_SB_.PCI0.PCIB._PRT]
ACPI: PCI Interrupt Routing Table [\_SB_.PCI0.PCI1._PRT]
ACPI: Power Resource [PFAN] (off)
PCI: Using ACPI for IRQ routing
** PCI interrupts are no longer routed automatically.  If this
** causes a device to stop working, it is probably because the
** driver failed to call pci_enable_device().  As a temporary
** workaround, the "pci=routeirq" argument restores the old
** behavior.  If this argument makes the device work again,
** please email the output of "lspci" to bjorn.helgaas@hp.com
** so I can fix the driver.
Simple Boot Flag at 0x7c set to 0x1
Machine check exception polling timer started.
devfs: 2004-01-31 Richard Gooch (rgooch@atnf.csiro.au)
devfs: boot_options: 0x1
Initializing Cryptographic API
vesafb: framebuffer at 0xdc000000, mapped to 0xe0880000, using 3072k, total 16384k
vesafb: mode is 1024x768x16, linelength=2048, pages=1
vesafb: protected mode interface info at c000:e720
vesafb: scrolling: redraw
vesafb: Truecolor: size=0:5:6:5, shift=0:11:5:0
Console: switching to colour frame buffer device 128x48
fb0: VESA VGA frame buffer device
ACPI: AC Adapter [ADP1] (off-line)
ACPI: Battery Slot [BAT1] (battery present)
ACPI: Power Button (FF) [PWRF]
ACPI: Lid Switch [LID]
ACPI: Fan [FAN] (off)
ACPI: Processor [CPU0] (supports C1 C2 C3)
ACPI: Thermal Zone [THRM] (23 C)
Real Time Clock Driver v1.12
serio: i8042 AUX port at 0x60,0x64 irq 12
serio: i8042 KBD port at 0x60,0x64 irq 1
Serial: 8250/16550 driver $Revision: 1.90 $ 8 ports, IRQ sharing disabled
PCI: Enabling device 0000:00:1f.6 (0000 -> 0001)
ACPI: PCI Interrupt Link [LNKB] enabled at IRQ 11
PCI: setting IRQ 11 as level-triggered
ACPI: PCI interrupt 0000:00:1f.6[B] -> GSI 11 (level, low) -> IRQ 11
io scheduler noop registered
io scheduler anticipatory registered
io scheduler deadline registered
io scheduler cfq registered
Uniform Multi-Platform E-IDE driver Revision: 7.00alpha2
ide: Assuming 33MHz system bus speed for PIO modes; override with idebus=xx
ICH3M: IDE controller at PCI slot 0000:00:1f.1
ACPI: PCI Interrupt Link [LNKC] enabled at IRQ 11
ACPI: PCI interrupt 0000:00:1f.1[A] -> GSI 11 (level, low) -> IRQ 11
ICH3M: chipset revision 2
ICH3M: not 100% native mode: will probe irqs later
    ide0: BM-DMA at 0xcfa0-0xcfa7, BIOS settings: hda:DMA, hdb:pio
    ide1: BM-DMA at 0xcfa8-0xcfaf, BIOS settings: hdc:DMA, hdd:pio
Probing IDE interface ide0...
hda: TOSHIBA MK3018GAS, ATA DISK drive
elevator: using anticipatory as default io scheduler
ide0 at 0x1f0-0x1f7,0x3f6 on irq 14
Probing IDE interface ide1...
hdc: TOSHIBA DVD-ROM SD-C2612, ATAPI CD/DVD-ROM drive
ide1 at 0x170-0x177,0x376 on irq 15
hda: max request size: 128KiB
hda: 58605120 sectors (30005 MB), CHS=58140/16/63, UDMA(100)
hda: cache flushes supported
 /dev/ide/host0/bus0/target0/lun0: p1 p2 p3
mice: PS/2 mouse device common for all mice
input: AT Translated Set 2 keyboard on isa0060/serio0
input: PS/2 Generic Mouse on isa0060/serio1
input: PC Speaker
NET: Registered protocol family 2
IP: routing cache hash table of 4096 buckets, 32Kbytes
TCP: Hash tables configured (established 32768 bind 65536)
NET: Registered protocol family 1
NET: Registered protocol family 15
p4-clockmod: P4/Xeon(TM) CPU On-Demand Clock Modulation available
ACPI: (supports S0 S3 S4 S4bios S5)
ACPI wakeup devices: 
MPC0 MPC1  LAN VIY0 VIY1 USB1 USB2 AMDM  LID 
kjournald starting.  Commit interval 5 seconds
EXT3-fs: mounted filesystem with ordered data mode.
VFS: Mounted root (ext3 filesystem) readonly.
Mounted devfs on /dev
Freeing unused kernel memory: 136k freed
Adding 642592k swap on /dev/ide/host0/bus0/target0/lun0/part2.  Priority:-1 extents:1
EXT3 FS on hda3, internal journal
e100: Intel(R) PRO/100 Network Driver, 3.2.3-k2-NAPI
e100: Copyright(c) 1999-2004 Intel Corporation
ACPI: PCI Interrupt Link [LNKE] enabled at IRQ 11
ACPI: PCI interrupt 0000:02:08.0[A] -> GSI 11 (level, low) -> IRQ 11
e100: eth0: e100_probe: addr 0xfceff000, irq 11, MAC addr 00:00:39:EC:28:A5
Toshiba System Managment Mode driver v1.11 26/9/2001
toshiba_acpi: Toshiba Laptop ACPI Extras version 0.18
toshiba_acpi:     HCI method: \_SB_.VALD.GHCI
usbcore: registered new driver usbfs
usbcore: registered new driver hub
ttyS0: LSR safety check engaged!
USB Universal Host Controller Interface driver v2.2
ACPI: PCI Interrupt Link [LNKA] enabled at IRQ 11
ACPI: PCI interrupt 0000:00:1d.0[A] -> GSI 11 (level, low) -> IRQ 11
uhci_hcd 0000:00:1d.0: Intel Corp. 82801CA/CAM USB (Hub #1)
PCI: Setting latency timer of device 0000:00:1d.0 to 64
uhci_hcd 0000:00:1d.0: irq 11, io base 0xefe0
uhci_hcd 0000:00:1d.0: new USB bus registered, assigned bus number 1
hub 1-0:1.0: USB hub found
hub 1-0:1.0: 2 ports detected
ACPI: PCI Interrupt Link [LNKD] enabled at IRQ 11
ACPI: PCI interrupt 0000:00:1d.1[B] -> GSI 11 (level, low) -> IRQ 11
uhci_hcd 0000:00:1d.1: Intel Corp. 82801CA/CAM USB (Hub #2)
PCI: Setting latency timer of device 0000:00:1d.1 to 64
uhci_hcd 0000:00:1d.1: irq 11, io base 0xef80
uhci_hcd 0000:00:1d.1: new USB bus registered, assigned bus number 2
hub 2-0:1.0: USB hub found
hub 2-0:1.0: 2 ports detected
PCI: Enabling device 0000:00:1f.5 (0000 -> 0001)
ACPI: PCI interrupt 0000:00:1f.5[B] -> GSI 11 (level, low) -> IRQ 11
PCI: Setting latency timer of device 0000:00:1f.5 to 64
intel8x0_measure_ac97_clock: measured 49365 usecs
intel8x0: clocking to 48000
nvidia: module license 'NVIDIA' taints kernel.
ACPI: PCI Interrupt Link [LNKG] enabled at IRQ 10
PCI: setting IRQ 10 as level-triggered
ACPI: PCI interrupt 0000:01:00.0[A] -> GSI 10 (level, low) -> IRQ 10
NVRM: loading NVIDIA Linux x86 NVIDIA Kernel Module  1.0-6629  Wed Nov  3 13:12:51 PST 2004
Linux Kernel Card Services
  options:  [pci] [cardbus] [pm]
PCI: Enabling device 0000:02:0a.0 (0000 -> 0002)
ACPI: PCI Interrupt Link [LNKH] enabled at IRQ 11
ACPI: PCI interrupt 0000:02:0a.0[A] -> GSI 11 (level, low) -> IRQ 11
Yenta: CardBus bridge found at 0000:02:0a.0 [12a3:ab01]
Yenta: Enabling burst memory read transactions
Yenta: Using CSCINT to route CSC interrupts to PCI
Yenta: Routing CardBus interrupts to PCI
Yenta TI: socket 0000:02:0a.0, mfunc 0x01000002, devctl 0x60
Yenta: ISA IRQ mask 0x0000, PCI irq 11
Socket status: 30000010
PCI: Enabling device 0000:02:0b.0 (0000 -> 0002)
ACPI: PCI interrupt 0000:02:0b.0[A] -> GSI 11 (level, low) -> IRQ 11
Yenta: CardBus bridge found at 0000:02:0b.0 [1179:0001]
Yenta: ISA IRQ mask 0x00b8, PCI irq 11
Socket status: 30000007
PCI: Enabling device 0000:02:0b.1 (0000 -> 0002)
ACPI: PCI interrupt 0000:02:0b.1[B] -> GSI 11 (level, low) -> IRQ 11
Yenta: CardBus bridge found at 0000:02:0b.1 [1179:0001]
Yenta: ISA IRQ mask 0x00b8, PCI irq 11
Socket status: 30000007
ohci_hcd: 2004 Nov 08 USB 1.1 'Open' Host Controller (OHCI) Driver (PCI)
cs: IO port probe 0x0c00-0x0cff: clean.
cs: IO port probe 0x0800-0x08ff: clean.
cs: IO port probe 0x0100-0x04ff: excluding 0x1e0-0x1e7 0x4d0-0x4d7
cs: IO port probe 0x0a00-0x0aff: clean.
cs: memory probe 0xa0000000-0xa0ffffff: clean.
orinoco 0.13e (David Gibson <hermes@gibson.dropbear.id.au>, Pavel Roskin <proski@gnu.org>, et al)
orinoco_cs 0.13e (David Gibson <hermes@gibson.dropbear.id.au>, Pavel Roskin <proski@gnu.org>, et al)
eth1: Station identity 001f:0001:0008:000a
eth1: Looks like a Lucent/Agere firmware version 8.10
eth1: Ad-hoc demo mode supported
eth1: IEEE standard IBSS ad-hoc mode supported
eth1: WEP supported, 104-bit key
eth1: MAC address 00:02:2D:7B:8F:6F
eth1: Station name "HERMES I"
eth1: ready
eth1: index 0x01: Vcc 3.3, irq 11, io 0x0180-0x01bf
inserting floppy driver for 2.6.10-rc2
Floppy drive(s): fd0 is 1.44M
FDC 0 is a post-1991 82077
hdc: ATAPI 24X DVD-ROM drive, 192kB Cache, UDMA(33)
Uniform CD-ROM driver Revision: 3.20
SCSI subsystem initialized
usb 1-2: new full speed USB device using uhci_hcd and address 2
usbcore: registered new driver usbserial
drivers/usb/serial/usb-serial.c: USB Serial Driver core v2.0
drivers/usb/serial/usb-serial.c: USB Serial support registered for Handspring Visor / Palm OS
drivers/usb/serial/usb-serial.c: USB Serial support registered for Sony Clie 3.5
drivers/usb/serial/usb-serial.c: USB Serial support registered for Sony Clie 5.0
visor 1-2:1.0: Handspring Visor / Palm OS converter detected
usb 1-2: Handspring Visor / Palm OS converter now attached to ttyUSB0
usb 1-2: Handspring Visor / Palm OS converter now attached to ttyUSB1
usbcore: registered new driver visor
drivers/usb/serial/visor.c: USB HandSpring Visor / Palm OS driver v2.1
usb 1-2: pilot-xfer timed out on ep0in
usb 1-2: USB disconnect, address 2
visor ttyUSB0: Handspring Visor / Palm OS converter now disconnected from ttyUSB0
visor ttyUSB1: Handspring Visor / Palm OS converter now disconnected from ttyUSB1
visor 1-2:1.0: device disconnected
usb 1-2: new full speed USB device using uhci_hcd and address 3
visor 1-2:1.0: Handspring Visor / Palm OS converter detected
usb 1-2: Handspring Visor / Palm OS converter now attached to ttyUSB0
usb 1-2: Handspring Visor / Palm OS converter now attached to ttyUSB1
usb 1-2: USB disconnect, address 3
visor 1-2:1.0: device disconnected
visor ttyUSB0: Handspring Visor / Palm OS converter now disconnected from ttyUSB0
visor ttyUSB1: Handspring Visor / Palm OS converter now disconnected from ttyUSB1
usb 1-2: new full speed USB device using uhci_hcd and address 4
visor 1-2:1.0: Handspring Visor / Palm OS converter detected
usb 1-2: Handspring Visor / Palm OS converter now attached to ttyUSB0
usb 1-2: Handspring Visor / Palm OS converter now attached to ttyUSB1
usb 1-2: USB disconnect, address 4
visor 1-2:1.0: device disconnected
visor ttyUSB0: Handspring Visor / Palm OS converter now disconnected from ttyUSB0
visor ttyUSB1: Handspring Visor / Palm OS converter now disconnected from ttyUSB1