Date: Wed, 22 Sep 1999 10:57:42 +0200
From: Lech Szychowski <>
Subject: Re: Linux 2.3.18ac8
Sender: linux-kernel-owner@vger.kernel.org
Precedence: bulk
List-ID: <linux-kernel.vger.kernel.org>
X-Mailing-List: linux-kernel@vger.kernel.org
X-Lkml-Link: https://lkml.org/lkml/1999/9/22/21

Well, kinda bed news...
(1) the "address space collision" message is still there:
Sep 22 10:33:31 lech kernel: PCI: Address space collision on region 6 of device Matrox Millennium II 
(2) 4-port 21140 network card does not get detected
(3) 2.3.18ac8 did not make it through all rc scripts
Here goes the diff of kernel.* messages:
--- 2.3.18	Wed Sep 22 10:53:36 1999
+++ 2.3.18ac8	Wed Sep 22 10:53:48 1999
@@ -3,7 +3,16 @@
 lech kernel: Loaded 9823 symbols from /boot/System.map.
 lech kernel: Symbols match kernel version 2.3.18.
 lech kernel: No module symbols loaded.
-lech kernel: Linux version 2.3.18 (root@lech) (gcc version egcs-2.90.29 980515 (egcs-1.0.3 release)) #1 SMP Mon Sep 13 17:17:36 CEST 1999 
+lech kernel: Linux version 2.3.18ac8 (root@lech) (gcc version egcs-2.90.29 980515 (egcs-1.0.3 release)) #2 SMP Wed Sep 22 10:13:59 CEST 1999 
+lech kernel: e820: 652288 @ 00000000 (usable) 
+lech kernel: e820: 3072 @ 0009f400 (reserved) 
+lech kernel: e820: 65536 @ 000f0000 (reserved) 
+lech kernel: e820: 133156864 @ 00100000 (usable) 
+lech kernel: e820: 8192 @ 07ffd000 (ACPI data) 
+lech kernel: e820: 4096 @ 07fff000 type 4 
+lech kernel: e820: 4096 @ fec00000 (reserved) 
+lech kernel: e820: 4096 @ fee00000 (reserved) 
+lech kernel: e820: 65536 @ ffff0000 (reserved) 
 lech kernel: Intel MultiProcessor Specification v1.4 
 lech kernel:     Virtual Wire compatibility mode. 
 lech kernel: OEM ID: OEM00000 Product ID: PROD00000000 APIC at: 0xFEE00000 
@@ -13,12 +22,12 @@
 lech kernel: Processors: 2 
 lech kernel: mapped APIC to ffffe000 (fee00000) 
 lech kernel: mapped IOAPIC to ffffd000 (fec00000) 
-lech kernel: Detected 400914380 Hz processor. 
+lech kernel: Detected 400913744 Hz processor. 
 lech kernel: Console: colour VGA+ 80x25 
 lech kernel: Calibrating delay loop... 399.77 BogoMIPS 
 lech kernel: memory region: 637k @ 00000000 
 lech kernel: memory region: 130036k @ 00100000 
-lech kernel: Memory: 125824k/131060k available (1516k kernel code, 1056k reserved, 2580k data, 84k init, 0k bigmem) 
+lech kernel: Memory: 126464k/131060k available (1488k kernel code, 428k reserved, 2592k data, 88k init, 0k bigmem) 
 lech kernel: Buffer-cache hash table entries: 8192 (order: 3, 32768 bytes) 
 lech kernel: Page-cache hash table entries: 32768 (order: 5, 131072 bytes) 
 lech kernel: VFS: Diskquotas version dquot_6.4.0 initialized 
@@ -29,8 +38,8 @@
 lech kernel: per-CPU timeslice cutoff: 100.22 usecs. 
 lech kernel: CPU1: Intel Pentium II (Deschutes) stepping 01 
 lech kernel: calibrating APIC timer ...  
-lech kernel: ..... CPU clock speed is 400.9096 MHz. 
-lech kernel: ..... system bus clock speed is 100.2272 MHz. 
+lech kernel: ..... CPU clock speed is 400.9354 MHz. 
+lech kernel: ..... system bus clock speed is 100.2336 MHz. 
 lech kernel: Booting processor 0 eip 2000 
 lech kernel: Initializing CPU#0 
 lech kernel: Calibrating delay loop... 400.59 BogoMIPS 
@@ -127,6 +136,7 @@
 lech kernel: Serial driver version 4.30 with SHARE_IRQ SERIAL_PCI PCI_IOMEM enabled 
 lech kernel: ttyS00 at 0x03f8 (irq = 4) is a 16550A 
 lech kernel: ttyS01 at 0x02f8 (irq = 3) is a 16550A 
+lech kernel: pty: 256 Unix98 ptys configured 
 lech kernel: Real Time Clock Driver v1.09a 
 lech kernel: Non-volatile memory driver v1.0 
 lech kernel: loop: registered device at major 7 
@@ -143,7 +153,7 @@
 lech kernel: sym53c810a-0: restart (scsi reset). 
 lech kernel: scsi0 : Adaptec AHA274x/284x/294x (EISA/VLB/PCI-Fast SCSI) 5.1.19/3.2.4 
 lech kernel:        <Adaptec AIC-7890/1 Ultra2 SCSI host adapter> 
-lech kernel: scsi1 : sym53c8xx - version 1.3c 
+lech kernel: scsi1 : sym53c8xx - version 1.5e 
 lech kernel: scsi : 2 hosts. 
 lech kernel: (scsi0:0:0:0) Synchronous at 40.0 Mbyte/sec, offset 15. 
 lech kernel:   Vendor: IBM       Model: DDRS-39130W       Rev: S92A 
@@ -165,7 +175,7 @@
 lech kernel: sym53c810a-0-<2,0>: tagged command queue depth set to 8 
 lech kernel: scsi : detected 2 SCSI cdroms 3 SCSI disks total. 
 lech kernel: sym53c810a-0-<5,*>: FAST-5 SCSI 4.0 MB/s (250 ns, offset 8) 
-lech kernel: Uniform CDROM driver Revision: 3.03 
+lech kernel: Uniform CDROM driver Revision: 3.04 
 lech kernel: sym53c810a-0-<6,*>: FAST-10 SCSI 10.0 MB/s (100 ns, offset 8) 
 lech kernel: SCSI device sda: hdwr sector= 512 bytes. Sectors= 17850000 [8715 MB] [8.7 GB] 
 lech kernel: SCSI device sdb: hdwr sector= 512 bytes. Sectors= 8888543 [4340 MB] [4.3 GB] 
@@ -173,37 +183,12 @@
 lech kernel: SCSI device sdc: hdwr sector= 512 bytes. Sectors= 8888924 [4340 MB] [4.3 GB] 
 lech kernel: PPP generic driver version 2.4.0 
 lech kernel: PPP Deflate compression module registered 
-lech kernel: tulip.c:v0.89H 5/23/98 becker@cesdis.gsfc.nasa.gov 
-lech kernel: eth0: Digital DS21140 Tulip at 0xa800, 00 00 d1 1d 47 de, IRQ 17. 
-lech kernel: eth0:  EEPROM default media type Autosense. 
-lech kernel: eth0:  Index #0 - Media MII (#11) described by a 21140 MII PHY (1) block. 
-lech kernel: eth0: ***WARNING***: No MII transceiver found! 
-lech kernel: eth1: Digital DS21140 Tulip at 0xa400, EEPROM not present, 00 00 d1 1d 47 df, IRQ 17. 
-lech kernel: eth1:  Controller 1 of multiport board. 
-lech kernel: eth1:  EEPROM default media type Autosense. 
-lech kernel: eth1:  Index #0 - Media MII (#11) described by a 21140 MII PHY (1) block. 
-lech kernel: eth1: ***WARNING***: No MII transceiver found! 
-lech kernel: eth2: Digital DS21140 Tulip at 0xa000, EEPROM not present, 00 00 d1 1d 47 e0, IRQ 17. 
-lech kernel: eth2:  Controller 2 of multiport board. 
-lech kernel: eth2:  EEPROM default media type Autosense. 
-lech kernel: eth2:  Index #0 - Media MII (#11) described by a 21140 MII PHY (1) block. 
-lech kernel: eth2: ***WARNING***: No MII transceiver found! 
-lech kernel: eth3: Digital DS21140 Tulip at 0x9800, EEPROM not present, 00 00 d1 1d 47 e1, IRQ 17. 
-lech kernel: eth3:  Controller 3 of multiport board. 
-lech kernel: eth3:  EEPROM default media type Autosense. 
-lech kernel: eth3:  Index #0 - Media MII (#11) described by a 21140 MII PHY (1) block. 
-lech kernel: eth3: ***WARNING***: No MII transceiver found! 
 lech kernel: Partition check: 
 lech kernel:  sda: sda1 sda2 < sda5 sda6 sda7 sda8 sda9 sda10 sda11 > 
 lech kernel:  sdb: sdb1 < sdb5 sdb6 > sdb2 sdb3 
 lech kernel:  sdc: sdc1 sdc2 < sdc5 sdc6 sdc7 sdc8 sdc9 sdc10 > 
-lech kernel: Coda Kernel/Venus communications, v4.6.0, braam@cs.cmu.edu 
 lech kernel: VFS: Mounted root (ext2 filesystem) readonly. 
-lech kernel: Freeing unused kernel memory: 84k freed 
+lech kernel: Freeing unused kernel memory: 88k freed 
 lech kernel: Adding Swap: 131088k swap-space (priority -1) 
 lech kernel: Adding Swap: 136512k swap-space (priority -2) 
 lech kernel: Adding Swap: 136512k swap-space (priority -3) 
-lech kernel: eth0:  Advertising 01e1 on PHY 0 (1). 
-lech kernel: eth2:  Advertising 01e1 on PHY 0 (1). 
-lech kernel: eth1:  Advertising 01e1 on PHY 0 (1). 
-lech kernel: tty_io.c: process 202 (samsemd) used obsolete /dev/cua1 - update software to use /dev/ttyS1 
-- 
	Leszek.
-- lech7@pse.pl 2:480/33.7                - REAL programmers use INTEGERS -
-- speaking just for myself...
-
To unsubscribe from this list: send the line "unsubscribe linux-kernel" in
the body of a message to majordomo@vger.rutgers.edu
Please read the FAQ at 
http://www.tux.org/lkml/