Date: Sat, 08 Mar 2008 08:41:53 +0100
From: Németh Márton <>
Subject: Re: AE_ERROR, ACPI thermal trip point state changed
Sender: linux-kernel-owner@vger.kernel.org
Precedence: bulk
List-ID: <linux-kernel.vger.kernel.org>
X-Mailing-List: linux-kernel@vger.kernel.org
X-Lkml-Link: https://lkml.org/lkml/2008/3/8/13

Zhang, Rui wrote:
> On Fri, 2008-03-07 at 14:54 +0800, Németh Márton wrote:
>> Hi,
>>
>> I downloaded pmtools from
>> 
http://www.kernel.org/pub/linux/kernel/people/lenb/acpi/utils/pmtools-20071116.tar.bz2
 and
>> compiled: it created exactly the same result what my currently
>> installed acpidump Debian
>> package version 20071116-1. I think it is useless to send the same log
>> again.
>>
>> After I boot the "Please send acpidump to linux-acpi@vger.kernel.org"
>> message is already
>> there. So when I first get the prompt I checked for this message in
>> dmesg and executed
>> the given command. Here is my result:
>>
>> # cat /proc/acpi/thermal_zone/*/*
>> 0 - Active; 1 - Passive
>> <polling disabled>
>> state:                   ok
>> temperature:             42 C
>> critical (S5):           155 C
>> passive:                 84 C: tc1=2 tc2=5 tsp=0 devices=CPU0
>> active[0]:               70 C: devices=
>> # ls /proc/acpi/thermal_zone/*/*
>> /proc/acpi/thermal_zone/THRM/cooling_mode
>> /proc/acpi/thermal_zone/THRM/polling_frequency
>> /proc/acpi/thermal_zone/THRM/state
>> /proc/acpi/thermal_zone/THRM/temperature
>> /proc/acpi/thermal_zone/THRM/trip_points
>>
>> Maybe this is related to
>> 
http://bugzilla.kernel.org/show_bug.cgi?id=8544
 ?
>>
> Hi, Németh,
> 
> Please ignore the debug patch I sent and try this one.
I created both the dmesg logs:
1. Clevo-D410J-patch-debug-thermal2.txt: the patch-debug-thermal was only
applied, (and added a missing "\n").
2. Clevo-D410J-thermal-fix.txt: the thermal-fix patch was also applied.
In this case the AE_ERROR message is not there any more on Clevo D410J laptop.
Regards,
	Márton Németh
[    0.000000] Linux version 2.6.25-rc4 (nmarci@europa) (gcc version 4.2.3 20080114 (prerelease) (Debian 4.2.2-7)) #6 PREEMPT Sat Mar 8 08:11:47 CET 2008
[    0.000000] BIOS-provided physical RAM map:
[    0.000000]  BIOS-e820: 0000000000000000 - 000000000009f800 (usable)
[    0.000000]  BIOS-e820: 000000000009f800 - 00000000000a0000 (reserved)
[    0.000000]  BIOS-e820: 00000000000d8000 - 0000000000100000 (reserved)
[    0.000000]  BIOS-e820: 0000000000100000 - 000000003bf70000 (usable)
[    0.000000]  BIOS-e820: 000000003bf70000 - 000000003bf7a000 (ACPI data)
[    0.000000]  BIOS-e820: 000000003bf7a000 - 000000003bf80000 (ACPI NVS)
[    0.000000]  BIOS-e820: 000000003bf80000 - 0000000040000000 (reserved)
[    0.000000]  BIOS-e820: 00000000fffe0000 - 0000000100000000 (reserved)
[    0.000000] 63MB HIGHMEM available.
[    0.000000] 896MB LOWMEM available.
[    0.000000] Scan SMP from c0000000 for 1024 bytes.
[    0.000000] Scan SMP from c009fc00 for 1024 bytes.
[    0.000000] Scan SMP from c00f0000 for 65536 bytes.
[    0.000000] found SMP MP-table at [c00f6870] 000f6870
[    0.000000] Entering add_active_range(0, 0, 245616) 0 entries of 256 used
[    0.000000] Zone PFN ranges:
[    0.000000]   DMA             0 ->     4096
[    0.000000]   Normal       4096 ->   229376
[    0.000000]   HighMem    229376 ->   245616
[    0.000000] Movable zone start PFN for each node
[    0.000000] early_node_map[1] active PFN ranges
[    0.000000]     0:        0 ->   245616
[    0.000000] On node 0 totalpages: 245616
[    0.000000]   DMA zone: 32 pages used for memmap
[    0.000000]   DMA zone: 0 pages reserved
[    0.000000]   DMA zone: 4064 pages, LIFO batch:0
[    0.000000]   Normal zone: 1760 pages used for memmap
[    0.000000]   Normal zone: 223520 pages, LIFO batch:31
[    0.000000]   HighMem zone: 126 pages used for memmap
[    0.000000]   HighMem zone: 16114 pages, LIFO batch:3
[    0.000000]   Movable zone: 0 pages used for memmap
[    0.000000] DMI present.
[    0.000000] ACPI: RSDP 000F68D0, 0014 (r0 PTLTD )
[    0.000000] ACPI: RSDT 3BF7600B, 0030 (r1 PTLTD    RSDT    6040000  LTP        0)
[    0.000000] ACPI: FACP 3BF79E87, 0074 (r1 AMDK8  PTLTW     6040000 PTL_    F4240)
[    0.000000] ACPI: DSDT 3BF7603B, 3E4C (r1  VIA   PTL_ACPI  6040000 MSFT  100000E)
[    0.000000] ACPI: FACS 3BF7AFC0, 0040
[    0.000000] ACPI: SSDT 3BF79EFB, 00B5 (r1 PTLTD  POWERNOW  6040000  LTP        1)
[    0.000000] ACPI: APIC 3BF79FB0, 0050 (r1 PTLTD  	 APIC    6040000  LTP        0)
[    0.000000] ACPI: PM-Timer IO Port: 0x4008
[    0.000000] ACPI: Local APIC address 0xfee00000
[    0.000000] ACPI: LAPIC (acpi_id[0x00] lapic_id[0x00] enabled)
[    0.000000] Processor #0 15:12 APIC version 16
[    0.000000] ACPI: LAPIC_NMI (acpi_id[0x00] high edge lint[0x1])
[    0.000000] ACPI: IOAPIC (id[0x01] address[0xfec00000] gsi_base[0])
[    0.000000] IOAPIC[0]: apic_id 1, version 3, address 0xfec00000, GSI 0-23
[    0.000000] ACPI: INT_SRC_OVR (bus 0 bus_irq 0 global_irq 2 high edge)
[    0.000000] ACPI: IRQ0 used by override.
[    0.000000] ACPI: IRQ2 used by override.
[    0.000000] ACPI: IRQ10 used by override.
[    0.000000] Enabling APIC mode:  Flat.  Using 1 I/O APICs
[    0.000000] Using ACPI (MADT) for SMP configuration information
[    0.000000] Allocating PCI resources starting at 50000000 (gap: 40000000:bffe0000)
[    0.000000] PM: Registered nosave memory: 000000000009f000 - 00000000000a0000
[    0.000000] PM: Registered nosave memory: 00000000000a0000 - 00000000000d8000
[    0.000000] PM: Registered nosave memory: 00000000000d8000 - 0000000000100000
[    0.000000] Built 1 zonelists in Zone order, mobility grouping on.  Total pages: 243698
[    0.000000] Kernel command line: root=/dev/hda3 ro log_buf_len=1M resume=/dev/hda2
[    0.000000] log_buf_len: 1048576
[    0.000000] mapped APIC to ffffb000 (fee00000)
[    0.000000] mapped IOAPIC to ffffa000 (fec00000)
[    0.000000] Enabling fast FPU save and restore... done.
[    0.000000] Enabling unmasked SIMD FPU exception support... done.
[    0.000000] Initializing CPU#0
[    0.000000] PID hash table entries: 4096 (order: 12, 16384 bytes)
[    0.000000] Detected 1603.642 MHz processor.
[    0.000999] Console: colour VGA+ 80x25
[    0.000999] console [tty0] enabled
[    0.000999] Lock dependency validator: Copyright (c) 2006 Red Hat, Inc., Ingo Molnar
[    0.000999] ... MAX_LOCKDEP_SUBCLASSES:    8
[    0.000999] ... MAX_LOCK_DEPTH:          48
[    0.000999] ... MAX_LOCKDEP_KEYS:        2048
[    0.000999] ... CLASSHASH_SIZE:           1024
[    0.000999] ... MAX_LOCKDEP_ENTRIES:     8192
[    0.000999] ... MAX_LOCKDEP_CHAINS:      16384
[    0.000999] ... CHAINHASH_SIZE:          8192
[    0.000999]  memory used by lock dependency info: 992 kB
[    0.000999]  per task-struct memory footprint: 1920 bytes
[    0.000999] ------------------------
[    0.000999] | Locking API testsuite:
[    0.000999] ----------------------------------------------------------------------------
[    0.000999]                                  | spin |wlock |rlock |mutex | wsem | rsem |
[    0.000999]   --------------------------------------------------------------------------
[    0.000999]                      A-A deadlock:  ok  |  ok  |  ok  |  ok  |  ok  |  ok  |
[    0.000999]                  A-B-B-A deadlock:  ok  |  ok  |  ok  |  ok  |  ok  |  ok  |
[    0.000999]              A-B-B-C-C-A deadlock:  ok  |  ok  |  ok  |  ok  |  ok  |  ok  |
[    0.000999]              A-B-C-A-B-C deadlock:  ok  |  ok  |  ok  |  ok  |  ok  |  ok  |
[    0.000999]          A-B-B-C-C-D-D-A deadlock:  ok  |  ok  |  ok  |  ok  |  ok  |  ok  |
[    0.000999]          A-B-C-D-B-D-D-A deadlock:  ok  |  ok  |  ok  |  ok  |  ok  |  ok  |
[    0.000999]          A-B-C-D-B-C-D-A deadlock:  ok  |  ok  |  ok  |  ok  |  ok  |  ok  |
[    0.000999]                     double unlock:  ok  |  ok  |  ok  |  ok  |  ok  |  ok  |
[    0.000999]                   initialize held:  ok  |  ok  |  ok  |  ok  |  ok  |  ok  |
[    0.000999]                  bad unlock order:  ok  |  ok  |  ok  |  ok  |  ok  |  ok  |
[    0.000999]   --------------------------------------------------------------------------
[    0.000999]               recursive read-lock:             |  ok  |             |  ok  |
[    0.000999]            recursive read-lock #2:             |  ok  |             |  ok  |
[    0.000999]             mixed read-write-lock:             |  ok  |             |  ok  |
[    0.000999]             mixed write-read-lock:             |  ok  |             |  ok  |
[    0.000999]   --------------------------------------------------------------------------
[    0.000999]      hard-irqs-on + irq-safe-A/12:  ok  |  ok  |  ok  |
[    0.000999]      soft-irqs-on + irq-safe-A/12:  ok  |  ok  |  ok  |
[    0.000999]      hard-irqs-on + irq-safe-A/21:  ok  |  ok  |  ok  |
[    0.000999]      soft-irqs-on + irq-safe-A/21:  ok  |  ok  |  ok  |
[    0.000999]        sirq-safe-A => hirqs-on/12:  ok  |  ok  |  ok  |
[    0.000999]        sirq-safe-A => hirqs-on/21:  ok  |  ok  |  ok  |
[    0.000999]          hard-safe-A + irqs-on/12:  ok  |  ok  |  ok  |
[    0.000999]          soft-safe-A + irqs-on/12:  ok  |  ok  |  ok  |
[    0.000999]          hard-safe-A + irqs-on/21:  ok  |  ok  |  ok  |
[    0.000999]          soft-safe-A + irqs-on/21:  ok  |  ok  |  ok  |
[    0.000999]     hard-safe-A + unsafe-B #1/123:  ok  |  ok  |  ok  |
[    0.000999]     soft-safe-A + unsafe-B #1/123:  ok  |  ok  |  ok  |
[    0.000999]     hard-safe-A + unsafe-B #1/132:  ok  |  ok  |  ok  |
[    0.000999]     soft-safe-A + unsafe-B #1/132:  ok  |  ok  |  ok  |
[    0.000999]     hard-safe-A + unsafe-B #1/213:  ok  |  ok  |  ok  |
[    0.000999]     soft-safe-A + unsafe-B #1/213:  ok  |  ok  |  ok  |
[    0.000999]     hard-safe-A + unsafe-B #1/231:  ok  |  ok  |  ok  |
[    0.000999]     soft-safe-A + unsafe-B #1/231:  ok  |  ok  |  ok  |
[    0.000999]     hard-safe-A + unsafe-B #1/312:  ok  |  ok  |  ok  |
[    0.000999]     soft-safe-A + unsafe-B #1/312:  ok  |  ok  |  ok  |
[    0.000999]     hard-safe-A + unsafe-B #1/321:  ok  |  ok  |  ok  |
[    0.000999]     soft-safe-A + unsafe-B #1/321:  ok  |  ok  |  ok  |
[    0.000999]     hard-safe-A + unsafe-B #2/123:  ok  |  ok  |  ok  |
[    0.000999]     soft-safe-A + unsafe-B #2/123:  ok  |  ok  |  ok  |
[    0.000999]     hard-safe-A + unsafe-B #2/132:  ok  |  ok  |  ok  |
[    0.000999]     soft-safe-A + unsafe-B #2/132:  ok  |  ok  |  ok  |
[    0.000999]     hard-safe-A + unsafe-B #2/213:  ok  |  ok  |  ok  |
[    0.000999]     soft-safe-A + unsafe-B #2/213:  ok  |  ok  |  ok  |
[    0.000999]     hard-safe-A + unsafe-B #2/231:  ok  |  ok  |  ok  |
[    0.000999]     soft-safe-A + unsafe-B #2/231:  ok  |  ok  |  ok  |
[    0.000999]     hard-safe-A + unsafe-B #2/312:  ok  |  ok  |  ok  |
[    0.000999]     soft-safe-A + unsafe-B #2/312:  ok  |  ok  |  ok  |
[    0.000999]     hard-safe-A + unsafe-B #2/321:  ok  |  ok  |  ok  |
[    0.000999]     soft-safe-A + unsafe-B #2/321:  ok  |  ok  |  ok  |
[    0.000999]       hard-irq lock-inversion/123:  ok  |  ok  |  ok  |
[    0.000999]       soft-irq lock-inversion/123:  ok  |  ok  |  ok  |
[    0.000999]       hard-irq lock-inversion/132:  ok  |  ok  |  ok  |
[    0.000999]       soft-irq lock-inversion/132:  ok  |  ok  |  ok  |
[    0.000999]       hard-irq lock-inversion/213:  ok  |  ok  |  ok  |
[    0.000999]       soft-irq lock-inversion/213:  ok  |  ok  |  ok  |
[    0.000999]       hard-irq lock-inversion/231:  ok  |  ok  |  ok  |
[    0.000999]       soft-irq lock-inversion/231:  ok  |  ok  |  ok  |
[    0.000999]       hard-irq lock-inversion/312:  ok  |  ok  |  ok  |
[    0.000999]       soft-irq lock-inversion/312:  ok  |  ok  |  ok  |
[    0.000999]       hard-irq lock-inversion/321:  ok  |  ok  |  ok  |
[    0.000999]       soft-irq lock-inversion/321:  ok  |  ok  |  ok  |
[    0.000999]       hard-irq read-recursion/123:  ok  |
[    0.000999]       soft-irq read-recursion/123:  ok  |
[    0.000999]       hard-irq read-recursion/132:  ok  |
[    0.000999]       soft-irq read-recursion/132:  ok  |
[    0.000999]       hard-irq read-recursion/213:  ok  |
[    0.000999]       soft-irq read-recursion/213:  ok  |
[    0.000999]       hard-irq read-recursion/231:  ok  |
[    0.000999]       soft-irq read-recursion/231:  ok  |
[    0.000999]       hard-irq read-recursion/312:  ok  |
[    0.000999]       soft-irq read-recursion/312:  ok  |
[    0.000999]       hard-irq read-recursion/321:  ok  |
[    0.000999]       soft-irq read-recursion/321:  ok  |
[    0.000999] -------------------------------------------------------
[    0.000999] Good, all 218 testcases passed! |
[    0.000999] ---------------------------------
[    0.000999] Dentry cache hash table entries: 131072 (order: 7, 524288 bytes)
[    0.000999] Inode-cache hash table entries: 65536 (order: 6, 262144 bytes)
[    0.000999] Memory: 966876k/982464k available (2073k kernel code, 15072k reserved, 889k data, 272k init, 64960k highmem)
[    0.000999] virtual kernel memory layout:
[    0.000999]     fixmap  : 0xfffa8000 - 0xfffff000   ( 348 kB)
[    0.000999]     pkmap   : 0xff800000 - 0xffc00000   (4096 kB)
[    0.000999]     vmalloc : 0xf8800000 - 0xff7fe000   ( 111 MB)
[    0.000999]     lowmem  : 0xc0000000 - 0xf8000000   ( 896 MB)
[    0.000999]       .init : 0xc03e8000 - 0xc042c000   ( 272 kB)
[    0.000999]       .data : 0xc030654b - 0xc03e4c18   ( 889 kB)
[    0.000999]       .text : 0xc0100000 - 0xc030654b   (2073 kB)
[    0.000999] Checking if this processor honours the WP bit even in supervisor mode...Ok.
[    0.000999] CPA: page pool initialized 1 of 1 pages preallocated
[    0.060995] Calibrating delay using timer specific routine.. 3210.58 BogoMIPS (lpj=1605290)
[    0.061255] Mount-cache hash table entries: 512
[    0.062190] CPU: L1 I Cache: 64K (64 bytes/line), D cache 64K (64 bytes/line)
[    0.062995] CPU: L2 Cache: 128K (64 bytes/line)
[    0.063051] Intel machine check architecture supported.
[    0.063108] Intel machine check reporting enabled on CPU#0.
[    0.063171] Compat vDSO mapped to ffffe000.
[    0.063231] CPU: AMD Mobile AMD Sempron(tm) Processor 2600+ stepping 00
[    0.063407] Checking 'hlt' instruction... OK.
[    0.067334] Freeing SMP alternatives: 0k freed
[    0.067389] ACPI: Core revision 20070126
[    0.075700] Parsing all Control Methods:
[    0.075829] Table [DSDT](id 0001) - 480 Objects with 49 Devices 147 Methods 13 Regions
[    0.076045] Parsing all Control Methods:
[    0.076167] Table [SSDT](id 0002) - 3 Objects with 0 Devices 0 Methods 0 Regions
[    0.076282]  tbxface-0598 [00] tb_load_namespace     : ACPI Tables successfully acquired
[    0.077049] evxfevnt-0091 [00] enable                : Transition to ACPI mode successful
[    0.078951] ENABLING IO-APIC IRQs
[    0.078988] ..TIMER: vector=0x31 apic1=0 pin1=2 apic2=0 pin2=0
[    0.088986] net_namespace: 604 bytes
[    0.089542] NET: Registered protocol family 16
[    0.090468] EISA bus registered
[    0.090552] ACPI: bus type pci registered
[    0.098184] PCI: PCI BIOS revision 2.10 entry at 0xfd88c, last bus=1
[    0.098246] PCI: Using configuration type 1
[    0.098301] Setting up standard PCI resources
[    0.102693] evgpeblk-0956 [00] ev_create_gpe_block   : GPE 00 to 0F [_GPE] 2 regs on int 0xA
[    0.103507] evgpeblk-1052 [00] ev_initialize_gpe_bloc: Found 4 Wake, Enabled 0 Runtime GPEs in this block
[    0.103662] ACPI: EC: Look up EC in DSDT
[    0.105968] Completing Region/Field/Buffer/Package initialization:.....................................................
[    0.112059] Initialized 11/13 Regions 1/1 Fields 23/24 Buffers 18/26 Packages (492 nodes)
[    0.112176] Initializing Device/Processor/Thermal objects by executing _INI methods:.
[    0.112520] Executed 1 _INI methods requiring 1 _STA executions (examined 53 objects)
[    0.112710] ACPI: Interpreter enabled
[    0.112765] ACPI: (supports S0 S3 S4 S5)
[    0.113073] ACPI: Using IOAPIC for interrupt routing
[    0.124960] ACPI: EC: non-query interrupt received, switching to interrupt mode
[    0.141100] ACPI: EC: GPE = 0xb, I/O: command/status = 0x66, data = 0x62
[    0.141163] ACPI: EC: driver started in interrupt mode
[    0.141406] ACPI: PCI Root Bridge [PCI0] (0000:00)
[    0.142668] pci 0000:00:11.0: quirk: region 4000-407f claimed by vt8235 PM
[    0.142730] pci 0000:00:11.0: quirk: region 8100-810f claimed by vt8235 SMB
[    0.143303] ACPI: PCI Interrupt Routing Table [\_SB_.PCI0._PRT]
[    0.163710] ACPI: PCI Interrupt Link [ALKA] (IRQs 16 17 18 19 20 21 22 23) *9, disabled.
[    0.164421] ACPI: PCI Interrupt Link [ALKB] (IRQs 16 17 18 19 20 21 22 23) *11, disabled.
[    0.165135] ACPI: PCI Interrupt Link [ALKC] (IRQs 22) *10, disabled.
[    0.165538] ACPI: PCI Interrupt Link [ALKD] (IRQs 21) *5, disabled.
[    0.166042] ACPI: PCI Interrupt Link [LNKA] (IRQs 3 4 5 7 *9 12 14 15)
[    0.166735] ACPI: PCI Interrupt Link [LNKB] (IRQs 3 4 5 7 10 12 14 15) *11
[    0.167461] ACPI: PCI Interrupt Link [LNKC] (IRQs 3 4 5 7 11 12 14 15) *10
[    0.168174] ACPI: PCI Interrupt Link [LNKD] (IRQs 3 4 *5 7 9 10 11 12 14 15)
[    0.169139] Linux Plug and Play Support v0.97 (c) Adam Belay
[    0.169323] pnp: PnP ACPI init
[    0.169421] ACPI: bus type pnp registered
[    0.171596] pnp 00:00: Plug and Play ACPI device, IDs PNP0a03 (active)
[    0.172380] pnp 00:01: Plug and Play ACPI device, IDs PNP0200 (active)
[    0.172644] pnp 00:02: Plug and Play ACPI device, IDs PNP0b00 (active)
[    0.172904] pnp 00:03: Plug and Play ACPI device, IDs PNP0c04 (active)
[    0.173225] pnp 00:04: Plug and Play ACPI device, IDs PNP0800 (active)
[    0.173355]  00:05: calling quirk 0xc025ae70: quirk_supermicro_h8dce_system+0x0/0x110()
[    0.173531] pnp 00:05: Plug and Play ACPI device, IDs PNP0c01 (active)
[    0.173827]  00:06: calling quirk 0xc025ae70: quirk_supermicro_h8dce_system+0x0/0x110()
[    0.174030] pnp 00:06: Plug and Play ACPI device, IDs PNP0c02 (active)
[    0.174292] pnp 00:07: Plug and Play ACPI device, IDs PNP0f13 (active)
[    0.174537] pnp 00:08: Plug and Play ACPI device, IDs PNP0303 (active)
[    0.175664] pnp 00:09: Plug and Play ACPI device, IDs PNP0501 (active)
[    0.176873] pnp 00:0a: Plug and Play ACPI device, IDs PNP0401 (active)
[    0.677904] ACPI: EC: missing write data confirmation, don't expect it any longer.
[    0.677904] pnp: PnP ACPI: found 11 devices
[    0.677904] ACPI: ACPI bus type pnp unregistered
[    0.678131] PCI: Using ACPI for IRQ routing
[    0.678191] PCI: If a device doesn't work, try "pci=routeirq".  If it helps, post a report
[    0.682723] pnp: the driver 'system' has been registered
[    0.682758] system 00:05: iomem range 0x0-0x9ffff could not be reserved
[    0.682821] system 00:05: iomem range 0xe0000-0xfffff could not be reserved
[    0.682882] system 00:05: iomem range 0xfff00000-0xffffffff could not be reserved
[    0.682903] Time: tsc clocksource has been installed.
[    0.682911] system 00:05: iomem range 0xffee0000-0xffefffff has been reserved
[    0.682982] system 00:05: iomem range 0xfec00000-0xfec00fff has been reserved
[    0.683042] system 00:05: iomem range 0xfee00000-0xfee00fff has been reserved
[    0.683100] system 00:05: driver attached
[    0.683114] system 00:06: ioport range 0x4d0-0x4d1 has been reserved
[    0.683174] system 00:06: ioport range 0xfe10-0xfe11 has been reserved
[    0.683233] system 00:06: ioport range 0xfe00-0xfe00 has been reserved
[    0.683292] system 00:06: ioport range 0x4000-0x407f has been reserved
[    0.683351] system 00:06: ioport range 0x8100-0x811f could not be reserved
[    0.683410] system 00:06: driver attached
[    0.715412] PCI: Bridge: 0000:00:01.0
[    0.715472]   IO window: disabled.
[    0.715529]   MEM window: 0xd1000000-0xd1ffffff
[    0.715586]   PREFETCH window: 0x00000000f0000000-0x00000000f3ffffff
[    0.715649] PCI: Bus 2, cardbus bridge: 0000:00:0c.0
[    0.715704]   IO window: 0x00002000-0x000020ff
[    0.715761]   IO window: 0x00002400-0x000024ff
[    0.715818]   PREFETCH window: 0x50000000-0x53ffffff
[    0.715876]   MEM window: 0x54000000-0x57ffffff
[    0.715930] PCI: Setting latency timer of device 0000:00:01.0 to 64
[    0.715944] PCI: Enabling device 0000:00:0c.0 (0000 -> 0003)
[    0.716013] ACPI: PCI Interrupt 0000:00:0c.0[A] -> GSI 16 (level, low) -> IRQ 16
[    0.716129] PCI: Setting latency timer of device 0000:00:0c.0 to 64
[    0.716199] NET: Registered protocol family 2
[    0.716511] IP route cache hash table entries: 32768 (order: 5, 131072 bytes)
[    0.717330] TCP established hash table entries: 131072 (order: 8, 1048576 bytes)
[    0.718602] TCP bind hash table entries: 65536 (order: 9, 2097152 bytes)
[    0.724795] TCP: Hash tables configured (established 131072 bind 65536)
[    0.724901] TCP reno registered
[    0.727749] audit: initializing netlink socket (disabled)
[    0.727861] type=2000 audit(1204964371.726:1): initialized
[    0.728288] highmem bounce pool size: 64 pages
[    0.729091] io scheduler noop registered
[    0.729166] io scheduler cfq registered (default)
[    0.729244] PCI: VIA PCI bridge detected. Disabling DAC.
[    0.729381] pci 0000:01:00.0: Boot video device
[    0.729790] isapnp: Scanning for PnP cards...
[    1.086836] isapnp: No Plug & Play device found
[    1.173786] Uniform Multi-Platform E-IDE driver
[    1.173917] ide: Assuming 33MHz system bus speed for PIO modes; override with idebus=xx
[    1.174167] VP_IDE: IDE controller (0x1106:0x0571 rev 0x06) at  PCI slot 0000:00:11.1
[    1.174480] ACPI: PCI Interrupt Link [ALKA] disabled and referenced, BIOS bug
[    1.174645] ACPI: PCI Interrupt Link [ALKA] BIOS reported IRQ 0, using IRQ 23
[    1.174705] ACPI: PCI Interrupt Link [ALKA] enabled at IRQ 23
[    1.174769] ACPI: PCI Interrupt 0000:00:11.1[A] -> Link [ALKA] -> GSI 23 (level, low) -> IRQ 23
[    1.174947] VP_IDE: not 100% native mode: will probe irqs later
[    1.175016] VP_IDE: VIA vt8235 (rev 00) IDE UDMA133 controller on pci0000:00:11.1
[    1.175093]     ide0: BM-DMA at 0x1c60-0x1c67, BIOS settings: hda:DMA, hdb:PIO
[    1.175210]     ide1: BM-DMA at 0x1c68-0x1c6f, BIOS settings: hdc:DMA, hdd:PIO
[    1.175323] Probing IDE interface ide0...
[    1.215863] Switched to high resolution mode on CPU 0
[    1.714337] hdb: IRQ probe failed (0xfffffbfe)
[    1.988460] hdb: IRQ probe failed (0xfffffbfe)
[    2.415565] hda: SAMSUNG MP0804H, ATA DISK drive
[    2.415565] hda: host max PIO5 wanted PIO255(auto-tune) selected PIO4
[    2.415565] hda: UDMA/100 mode selected
[    2.415565] Probing IDE interface ide1...
[    3.819842] hdc: Optiarc DVD RW AD-7543A, ATAPI CD/DVD-ROM drive
[    3.819842] hdc: host max PIO5 wanted PIO255(auto-tune) selected PIO4
[    3.819842] hdc: UDMA/33 mode selected
[    3.819842] ide0 at 0x1f0-0x1f7,0x3f6 on irq 14
[    3.915658] ide1 at 0x170-0x177,0x376 on irq 15
[    3.918118] pnp: the driver 'ide' has been registered
[    3.918312] hda: max request size: 512KiB
[    3.918460] hda: 156368016 sectors (80060 MB) w/8192KiB Cache, CHS=16383/255/63
[    3.919383] hda: cache flushes supported
[    3.919421]  hda: hda1 hda2 hda3
[    3.923633] TCP cubic registered
[    3.923717] NET: Registered protocol family 1
[    3.923797] NET: Registered protocol family 17
[    3.923877] Using IPI Shortcut mode
[    3.958646] ReiserFS: hda3: found reiserfs format "3.6" with standard journal
[    3.958646] ReiserFS: hda3: using ordered data mode
[    3.968162] ReiserFS: hda3: journal params: device hda3, size 8192, journal first block 18, max trans len 1024, max batch 900, max commit age 30, max trans age 30
[    3.969498] ReiserFS: hda3: checking transaction log (hda3)
[    4.050340] ReiserFS: hda3: Using r5 hash to sort names
[    4.050340] VFS: Mounted root (reiserfs filesystem) readonly.
[    4.050340] Freeing unused kernel memory: 272k freed
[    4.050340] Write protecting the kernel read-only data: 728k
[    9.247539] ACPI: CPU0 (power states: C1[C1] C2[C2])
[    9.247914] ACPI: ACPI0007:00 is registered as cooling_device0
[    9.261698] input: Power Button (FF) as /class/input/input0
[    9.264750] ACPI: Power Button (FF) [PWRF]
[    9.265023] input: Power Button (CM) as /class/input/input1
[    9.267742] ACPI: Power Button (CM) [PWB]
[    9.267989] input: Sleep Button (CM) as /class/input/input2
[    9.271693] ACPI: Sleep Button (CM) [SLPB]
[    9.271930] input: Lid Switch as /class/input/input3
[    9.272250] ACPI: Lid Switch [LID]
[    9.275160] ACPI thermal trips update, flag is 1f
[    9.275295] Checking invalid passive trip point...
[    9.275848] Checking invalid active[0] trip point...
[    9.276433] ACPI: LNXTHERM:01 is registered as thermal_zone0
[    9.276840] ACPI: Thermal Zone [THRM] (51 C)
[    9.283907] ACPI: AC Adapter [AC] (on-line)
[    9.298824] ACPI: Battery Slot [BAT0] (battery present)
[    9.779278] 8139too Fast Ethernet driver 0.9.28
[    9.779413] ACPI: PCI Interrupt 0000:00:08.0[A] -> GSI 19 (level, low) -> IRQ 19
[    9.780486] eth0: RealTek RTL8139 at 0xf88e6000, 00:90:f5:3e:5a:ca, IRQ 19
[    9.780547] eth0:  Identified 8139 chip type 'RTL-8100B/8139D'
[    9.926250] usbcore: registered new interface driver usbfs
[    9.926722] usbcore: registered new interface driver hub
[    9.932594] usbcore: registered new device driver usb
[    9.970145] Yenta: CardBus bridge found at 0000:00:0c.0 [1558:4702]
[    9.970231] Yenta: Using CSCINT to route CSC interrupts to PCI
[    9.970288] Yenta: Routing CardBus interrupts to PCI
[    9.970347] Yenta TI: socket 0000:00:0c.0, mfunc 0x00001002, devctl 0x44
[   10.082540] Marking TSC unstable due to: possible TSC halt in C2.
[   10.088159] Time: acpi_pm clocksource has been installed.
[   10.124294] Yenta: ISA IRQ mask 0x0888, PCI irq 16
[   10.124356] Socket status: 30000006
[   10.283070] Real Time Clock Driver v1.12ac
[   10.323892] pnp: the driver 'parport_pc' has been registered
[   10.323925] parport_pc 00:0a: reported by Plug and Play ACPI
[   10.324206] parport0: PC-style at 0x378 (0x778), irq 7, dma 1 [PCSPP,TRISTATE,COMPAT,ECP,DMA]
[   10.364197] input: PC Speaker as /class/input/input4
[   10.405891] parport_pc 00:0a: driver attached
[   10.664614] Serial: 8250/16550 driver $Revision: 1.90 $ 4 ports, IRQ sharing disabled
[   10.665559] serial8250: ttyS0 at I/O 0x3f8 (irq = 4) is a 16550A
[   10.690614] pnp: the driver 'serial' has been registered
[   10.693403] 00:09: ttyS0 at I/O 0x3f8 (irq = 4) is a 16550A
[   10.693650] serial 00:09: driver attached
[   10.719440] USB Universal Host Controller Interface driver v3.0
[   10.719731] ACPI: PCI Interrupt Link [ALKD] disabled and referenced, BIOS bug
[   10.720129] ACPI: PCI Interrupt Link [ALKD] BIOS reported IRQ 0, using IRQ 21
[   10.720189] ACPI: PCI Interrupt Link [ALKD] enabled at IRQ 21
[   10.720253] ACPI: PCI Interrupt 0000:00:10.0[A] -> Link [ALKD] -> GSI 21 (level, low) -> IRQ 21
[   10.720490] uhci_hcd 0000:00:10.0: UHCI Host Controller
[   10.729144] uhci_hcd 0000:00:10.0: new USB bus registered, assigned bus number 1
[   10.729274] uhci_hcd 0000:00:10.0: irq 21, io base 0x00001c00
[   10.732056] usb usb1: configuration #1 chosen from 1 choice
[   10.734226] hub 1-0:1.0: USB hub found
[   10.734910] hub 1-0:1.0: 2 ports detected
[   10.822875] hdc: ATAPI 24X DVD-ROM DVD-R-RAM CD-R/RW drive, 2048kB Cache
[   10.823187] Uniform CD-ROM driver Revision: 3.20
[   10.835896] ACPI: PCI Interrupt 0000:00:10.1[B] -> Link [ALKD] -> GSI 21 (level, low) -> IRQ 21
[   10.836091] uhci_hcd 0000:00:10.1: UHCI Host Controller
[   10.836526] uhci_hcd 0000:00:10.1: new USB bus registered, assigned bus number 2
[   10.836630] uhci_hcd 0000:00:10.1: irq 21, io base 0x00001c20
[   10.837018] usb usb2: configuration #1 chosen from 1 choice
[   10.837526] hub 2-0:1.0: USB hub found
[   10.837599] hub 2-0:1.0: 2 ports detected
[   10.934718] ACPI: PCI Interrupt 0000:00:10.2[C] -> Link [ALKD] -> GSI 21 (level, low) -> IRQ 21
[   10.934889] uhci_hcd 0000:00:10.2: UHCI Host Controller
[   10.935031] uhci_hcd 0000:00:10.2: new USB bus registered, assigned bus number 3
[   10.935145] uhci_hcd 0000:00:10.2: irq 21, io base 0x00001c40
[   10.935575] usb usb3: configuration #1 chosen from 1 choice
[   10.935712] hub 3-0:1.0: USB hub found
[   10.935788] hub 3-0:1.0: 2 ports detected
[   11.036784] ACPI: PCI Interrupt 0000:00:10.3[D] -> Link [ALKD] -> GSI 21 (level, low) -> IRQ 21
[   11.036964] ehci_hcd 0000:00:10.3: EHCI Host Controller
[   11.037107] ehci_hcd 0000:00:10.3: new USB bus registered, assigned bus number 4
[   11.037253] ehci_hcd 0000:00:10.3: irq 21, io mem 0xd0004400
[   11.043452] ehci_hcd 0000:00:10.3: USB 2.0 started, EHCI 1.00, driver 10 Dec 2004
[   11.043862] usb usb4: configuration #1 chosen from 1 choice
[   11.043994] hub 4-0:1.0: USB hub found
[   11.044427] hub 4-0:1.0: 6 ports detected
[   11.337448] cs: IO port probe 0x100-0x4ff: clean.
[   11.341653] cs: IO port probe 0x800-0x8ff: clean.
[   11.342764] cs: IO port probe 0xc00-0xcff: clean.
[   11.344099] cs: IO port probe 0xa00-0xaff: clean.
[   11.359967] ACPI: PCI Interrupt Link [ALKC] disabled and referenced, BIOS bug
[   11.360446] ACPI: PCI Interrupt Link [ALKC] BIOS reported IRQ 0, using IRQ 22
[   11.360507] ACPI: PCI Interrupt Link [ALKC] enabled at IRQ 22
[   11.360570] ACPI: PCI Interrupt 0000:00:11.6[C] -> Link [ALKC] -> GSI 22 (level, low) -> IRQ 22
[   11.365193] PCI: Setting latency timer of device 0000:00:11.6 to 64
[   11.871190] ACPI: PCI Interrupt 0000:00:11.5[C] -> Link [ALKC] -> GSI 22 (level, low) -> IRQ 22
[   11.871492] PCI: Setting latency timer of device 0000:00:11.5 to 64
[   14.695432] Adding 1951888k swap on /dev/hda2.  Priority:-1 extents:1 across:1951888k
[   21.342637] ACPI thermal trips update, flag is c
[   21.342701] Checking valid passive trip point...
[   21.343243] Checking invalid active[0] trip point...
[   21.343342] ACPI Exception (thermal-0516): AE_ERROR, ACPI thermal trip point state changed
[   21.343390] Please send acpidump to linux-acpi@vger.kernel.org
[   21.343506]  [20070126]
[   21.343558] Checking invalid active[1] trip point...
[   24.736866] pnp: the driver 'i8042 kbd' has been registered
[   24.736921] i8042 kbd 00:08: driver attached
[   24.736963] pnp: the driver 'i8042 aux' has been registered
[   24.736990] i8042 aux 00:07: driver attached
[   24.737026] PNP: PS/2 Controller [PNP0303:PS2K,PNP0f13:PS2M] at 0x60,0x64 irq 1,12
[   24.740242] i8042.c: Detected active multiplexing controller, rev 1.1.
[   24.741655] serio: i8042 KBD port at 0x60,0x64 irq 1
[   24.748167] serio: i8042 AUX0 port at 0x60,0x64 irq 12
[   24.748522] serio: i8042 AUX1 port at 0x60,0x64 irq 12
[   24.748580] serio: i8042 AUX2 port at 0x60,0x64 irq 12
[   24.748638] serio: i8042 AUX3 port at 0x60,0x64 irq 12
[   24.775180] input: AT Translated Set 2 keyboard as /class/input/input5
[   25.099613] powernow-k8: Found 1 Mobile AMD Sempron(tm) Processor 2600+ processors (1 cpu cores) (version 2.20.00)
[   25.108125] powernow-k8:    0 : fid 0x8 (1600 MHz), vid 0x6
[   25.108189] powernow-k8:    1 : fid 0x0 (800 MHz), vid 0x18
[   25.117568] powernow-k8: ph2 null fid transition 0x8
[   25.245082] input: PS/2 Mouse as /class/input/input6
[   25.268164] input: AlpsPS/2 ALPS GlidePoint as /class/input/input7
[   25.380169] Linux agpgart interface v0.103
[   25.541038] [drm] Initialized drm 1.1.0 20060810
[   25.578665] mice: PS/2 mouse device common for all mice
[   25.656064] ACPI: PCI Interrupt 0000:01:00.0[A] -> GSI 16 (level, low) -> IRQ 16
[   25.657015] [drm] Initialized via 2.11.1 20070202 on minor 0
[   25.708000] leds_clevo_mail: 'Clevo D410J' found
[   25.708413] Registered led device: clevo::mail
[   35.638131] ReiserFS: hda1: found reiserfs format "3.6" with standard journal
[   35.638225] ReiserFS: hda1: using ordered data mode
[   35.642542] ReiserFS: hda1: journal params: device hda1, size 8192, journal first block 18, max trans len 1024, max batch 900, max commit age 30, max trans age 30
[   35.643662] ReiserFS: hda1: checking transaction log (hda1)
[   35.709971] ReiserFS: hda1: Using r5 hash to sort names
[   37.113001] ip_tables: (C) 2000-2006 Netfilter Core Team
[   37.415105] eth0: link up, 100Mbps, full-duplex, lpa 0x41E1
[   39.082787] NET: Registered protocol family 10
[   45.236198] lp0: using parport0 (interrupt-driven).
[   45.259535] ppdev: user-space parallel port driver
[   46.464931] Clocksource tsc unstable (delta = -243617390 ns)
[   49.758986] eth0: no IPv6 routers present
[   52.960680] warning: `avahi-daemon' uses 32-bit capabilities (legacy support in use)
[   65.452182] ACPI thermal trips update, flag is c
[   65.452198] Checking valid passive trip point...
[   65.453209] Checking valid active[0] trip point...
[   65.453296] Checking invalid active[1] trip point...
[  110.451483] ACPI thermal trips update, flag is c
[  110.451498] Checking valid passive trip point...
[  110.452470] Checking valid active[0] trip point...
[  110.452557] Checking invalid active[1] trip point...
[  112.384839] irq 16: nobody cared (try booting with the "irqpoll" option)
[  112.384839] Pid: 0, comm: swapper Not tainted 2.6.25-rc4 #6
[  112.384839]  [<c0157227>] __report_bad_irq+0x27/0x90
[  112.384839]  [<c01574c6>] note_interrupt+0x236/0x270
[  112.384839]  [<c01568d3>] ? handle_IRQ_event+0x53/0x60
[  112.384839]  [<c0157b6a>] handle_fasteoi_irq+0x7a/0xd0
[  112.384839]  [<c0106174>] do_IRQ+0x44/0xa0
[  112.384839]  [<c0104c66>] common_interrupt+0x2e/0x34
[  112.384839]  [<c03023e8>] ? _spin_unlock_irq+0x28/0x50
[  112.384839]  [<c0118974>] finish_task_switch+0x54/0xc0
[  112.384839]  [<c0118920>] ? finish_task_switch+0x0/0xc0
[  112.384839]  [<c02ffc46>] schedule+0x2b6/0x470
[  112.384839]  [<f892fdae>] ? acpi_processor_idle+0x0/0x436 [processor]
[  112.384839]  [<c0102b65>] cpu_idle+0xb5/0xd0
[  112.384839]  [<c02faf8c>] rest_init+0x5c/0x60
[  112.384839]  =======================
[  112.384839] handlers:
[  112.384839] [<f8918830>] (yenta_interrupt+0x0/0xe0 [yenta_socket])
[  112.384839] [<f8bf13f0>] (via_driver_irq_handler+0x0/0x1c0 [via])
[  112.384839] Disabling IRQ #16
[    0.000000] Linux version 2.6.25-rc4 (nmarci@europa) (gcc version 4.2.3 20080114 (prerelease) (Debian 4.2.2-7)) #7 PREEMPT Sat Mar 8 08:28:09 CET 2008
[    0.000000] BIOS-provided physical RAM map:
[    0.000000]  BIOS-e820: 0000000000000000 - 000000000009f800 (usable)
[    0.000000]  BIOS-e820: 000000000009f800 - 00000000000a0000 (reserved)
[    0.000000]  BIOS-e820: 00000000000d8000 - 0000000000100000 (reserved)
[    0.000000]  BIOS-e820: 0000000000100000 - 000000003bf70000 (usable)
[    0.000000]  BIOS-e820: 000000003bf70000 - 000000003bf7a000 (ACPI data)
[    0.000000]  BIOS-e820: 000000003bf7a000 - 000000003bf80000 (ACPI NVS)
[    0.000000]  BIOS-e820: 000000003bf80000 - 0000000040000000 (reserved)
[    0.000000]  BIOS-e820: 00000000fffe0000 - 0000000100000000 (reserved)
[    0.000000] 63MB HIGHMEM available.
[    0.000000] 896MB LOWMEM available.
[    0.000000] Scan SMP from c0000000 for 1024 bytes.
[    0.000000] Scan SMP from c009fc00 for 1024 bytes.
[    0.000000] Scan SMP from c00f0000 for 65536 bytes.
[    0.000000] found SMP MP-table at [c00f6870] 000f6870
[    0.000000] Entering add_active_range(0, 0, 245616) 0 entries of 256 used
[    0.000000] Zone PFN ranges:
[    0.000000]   DMA             0 ->     4096
[    0.000000]   Normal       4096 ->   229376
[    0.000000]   HighMem    229376 ->   245616
[    0.000000] Movable zone start PFN for each node
[    0.000000] early_node_map[1] active PFN ranges
[    0.000000]     0:        0 ->   245616
[    0.000000] On node 0 totalpages: 245616
[    0.000000]   DMA zone: 32 pages used for memmap
[    0.000000]   DMA zone: 0 pages reserved
[    0.000000]   DMA zone: 4064 pages, LIFO batch:0
[    0.000000]   Normal zone: 1760 pages used for memmap
[    0.000000]   Normal zone: 223520 pages, LIFO batch:31
[    0.000000]   HighMem zone: 126 pages used for memmap
[    0.000000]   HighMem zone: 16114 pages, LIFO batch:3
[    0.000000]   Movable zone: 0 pages used for memmap
[    0.000000] DMI present.
[    0.000000] ACPI: RSDP 000F68D0, 0014 (r0 PTLTD )
[    0.000000] ACPI: RSDT 3BF7600B, 0030 (r1 PTLTD    RSDT    6040000  LTP        0)
[    0.000000] ACPI: FACP 3BF79E87, 0074 (r1 AMDK8  PTLTW     6040000 PTL_    F4240)
[    0.000000] ACPI: DSDT 3BF7603B, 3E4C (r1  VIA   PTL_ACPI  6040000 MSFT  100000E)
[    0.000000] ACPI: FACS 3BF7AFC0, 0040
[    0.000000] ACPI: SSDT 3BF79EFB, 00B5 (r1 PTLTD  POWERNOW  6040000  LTP        1)
[    0.000000] ACPI: APIC 3BF79FB0, 0050 (r1 PTLTD  	 APIC    6040000  LTP        0)
[    0.000000] ACPI: PM-Timer IO Port: 0x4008
[    0.000000] ACPI: Local APIC address 0xfee00000
[    0.000000] ACPI: LAPIC (acpi_id[0x00] lapic_id[0x00] enabled)
[    0.000000] Processor #0 15:12 APIC version 16
[    0.000000] ACPI: LAPIC_NMI (acpi_id[0x00] high edge lint[0x1])
[    0.000000] ACPI: IOAPIC (id[0x01] address[0xfec00000] gsi_base[0])
[    0.000000] IOAPIC[0]: apic_id 1, version 3, address 0xfec00000, GSI 0-23
[    0.000000] ACPI: INT_SRC_OVR (bus 0 bus_irq 0 global_irq 2 high edge)
[    0.000000] ACPI: IRQ0 used by override.
[    0.000000] ACPI: IRQ2 used by override.
[    0.000000] ACPI: IRQ10 used by override.
[    0.000000] Enabling APIC mode:  Flat.  Using 1 I/O APICs
[    0.000000] Using ACPI (MADT) for SMP configuration information
[    0.000000] Allocating PCI resources starting at 50000000 (gap: 40000000:bffe0000)
[    0.000000] PM: Registered nosave memory: 000000000009f000 - 00000000000a0000
[    0.000000] PM: Registered nosave memory: 00000000000a0000 - 00000000000d8000
[    0.000000] PM: Registered nosave memory: 00000000000d8000 - 0000000000100000
[    0.000000] Built 1 zonelists in Zone order, mobility grouping on.  Total pages: 243698
[    0.000000] Kernel command line: root=/dev/hda3 ro log_buf_len=1M resume=/dev/hda2
[    0.000000] log_buf_len: 1048576
[    0.000000] mapped APIC to ffffb000 (fee00000)
[    0.000000] mapped IOAPIC to ffffa000 (fec00000)
[    0.000000] Enabling fast FPU save and restore... done.
[    0.000000] Enabling unmasked SIMD FPU exception support... done.
[    0.000000] Initializing CPU#0
[    0.000000] PID hash table entries: 4096 (order: 12, 16384 bytes)
[    0.000000] Detected 1603.695 MHz processor.
[    0.000999] Console: colour VGA+ 80x25
[    0.000999] console [tty0] enabled
[    0.000999] Lock dependency validator: Copyright (c) 2006 Red Hat, Inc., Ingo Molnar
[    0.000999] ... MAX_LOCKDEP_SUBCLASSES:    8
[    0.000999] ... MAX_LOCK_DEPTH:          48
[    0.000999] ... MAX_LOCKDEP_KEYS:        2048
[    0.000999] ... CLASSHASH_SIZE:           1024
[    0.000999] ... MAX_LOCKDEP_ENTRIES:     8192
[    0.000999] ... MAX_LOCKDEP_CHAINS:      16384
[    0.000999] ... CHAINHASH_SIZE:          8192
[    0.000999]  memory used by lock dependency info: 992 kB
[    0.000999]  per task-struct memory footprint: 1920 bytes
[    0.000999] ------------------------
[    0.000999] | Locking API testsuite:
[    0.000999] ----------------------------------------------------------------------------
[    0.000999]                                  | spin |wlock |rlock |mutex | wsem | rsem |
[    0.000999]   --------------------------------------------------------------------------
[    0.000999]                      A-A deadlock:  ok  |  ok  |  ok  |  ok  |  ok  |  ok  |
[    0.000999]                  A-B-B-A deadlock:  ok  |  ok  |  ok  |  ok  |  ok  |  ok  |
[    0.000999]              A-B-B-C-C-A deadlock:  ok  |  ok  |  ok  |  ok  |  ok  |  ok  |
[    0.000999]              A-B-C-A-B-C deadlock:  ok  |  ok  |  ok  |  ok  |  ok  |  ok  |
[    0.000999]          A-B-B-C-C-D-D-A deadlock:  ok  |  ok  |  ok  |  ok  |  ok  |  ok  |
[    0.000999]          A-B-C-D-B-D-D-A deadlock:  ok  |  ok  |  ok  |  ok  |  ok  |  ok  |
[    0.000999]          A-B-C-D-B-C-D-A deadlock:  ok  |  ok  |  ok  |  ok  |  ok  |  ok  |
[    0.000999]                     double unlock:  ok  |  ok  |  ok  |  ok  |  ok  |  ok  |
[    0.000999]                   initialize held:  ok  |  ok  |  ok  |  ok  |  ok  |  ok  |
[    0.000999]                  bad unlock order:  ok  |  ok  |  ok  |  ok  |  ok  |  ok  |
[    0.000999]   --------------------------------------------------------------------------
[    0.000999]               recursive read-lock:             |  ok  |             |  ok  |
[    0.000999]            recursive read-lock #2:             |  ok  |             |  ok  |
[    0.000999]             mixed read-write-lock:             |  ok  |             |  ok  |
[    0.000999]             mixed write-read-lock:             |  ok  |             |  ok  |
[    0.000999]   --------------------------------------------------------------------------
[    0.000999]      hard-irqs-on + irq-safe-A/12:  ok  |  ok  |  ok  |
[    0.000999]      soft-irqs-on + irq-safe-A/12:  ok  |  ok  |  ok  |
[    0.000999]      hard-irqs-on + irq-safe-A/21:  ok  |  ok  |  ok  |
[    0.000999]      soft-irqs-on + irq-safe-A/21:  ok  |  ok  |  ok  |
[    0.000999]        sirq-safe-A => hirqs-on/12:  ok  |  ok  |  ok  |
[    0.000999]        sirq-safe-A => hirqs-on/21:  ok  |  ok  |  ok  |
[    0.000999]          hard-safe-A + irqs-on/12:  ok  |  ok  |  ok  |
[    0.000999]          soft-safe-A + irqs-on/12:  ok  |  ok  |  ok  |
[    0.000999]          hard-safe-A + irqs-on/21:  ok  |  ok  |  ok  |
[    0.000999]          soft-safe-A + irqs-on/21:  ok  |  ok  |  ok  |
[    0.000999]     hard-safe-A + unsafe-B #1/123:  ok  |  ok  |  ok  |
[    0.000999]     soft-safe-A + unsafe-B #1/123:  ok  |  ok  |  ok  |
[    0.000999]     hard-safe-A + unsafe-B #1/132:  ok  |  ok  |  ok  |
[    0.000999]     soft-safe-A + unsafe-B #1/132:  ok  |  ok  |  ok  |
[    0.000999]     hard-safe-A + unsafe-B #1/213:  ok  |  ok  |  ok  |
[    0.000999]     soft-safe-A + unsafe-B #1/213:  ok  |  ok  |  ok  |
[    0.000999]     hard-safe-A + unsafe-B #1/231:  ok  |  ok  |  ok  |
[    0.000999]     soft-safe-A + unsafe-B #1/231:  ok  |  ok  |  ok  |
[    0.000999]     hard-safe-A + unsafe-B #1/312:  ok  |  ok  |  ok  |
[    0.000999]     soft-safe-A + unsafe-B #1/312:  ok  |  ok  |  ok  |
[    0.000999]     hard-safe-A + unsafe-B #1/321:  ok  |  ok  |  ok  |
[    0.000999]     soft-safe-A + unsafe-B #1/321:  ok  |  ok  |  ok  |
[    0.000999]     hard-safe-A + unsafe-B #2/123:  ok  |  ok  |  ok  |
[    0.000999]     soft-safe-A + unsafe-B #2/123:  ok  |  ok  |  ok  |
[    0.000999]     hard-safe-A + unsafe-B #2/132:  ok  |  ok  |  ok  |
[    0.000999]     soft-safe-A + unsafe-B #2/132:  ok  |  ok  |  ok  |
[    0.000999]     hard-safe-A + unsafe-B #2/213:  ok  |  ok  |  ok  |
[    0.000999]     soft-safe-A + unsafe-B #2/213:  ok  |  ok  |  ok  |
[    0.000999]     hard-safe-A + unsafe-B #2/231:  ok  |  ok  |  ok  |
[    0.000999]     soft-safe-A + unsafe-B #2/231:  ok  |  ok  |  ok  |
[    0.000999]     hard-safe-A + unsafe-B #2/312:  ok  |  ok  |  ok  |
[    0.000999]     soft-safe-A + unsafe-B #2/312:  ok  |  ok  |  ok  |
[    0.000999]     hard-safe-A + unsafe-B #2/321:  ok  |  ok  |  ok  |
[    0.000999]     soft-safe-A + unsafe-B #2/321:  ok  |  ok  |  ok  |
[    0.000999]       hard-irq lock-inversion/123:  ok  |  ok  |  ok  |
[    0.000999]       soft-irq lock-inversion/123:  ok  |  ok  |  ok  |
[    0.000999]       hard-irq lock-inversion/132:  ok  |  ok  |  ok  |
[    0.000999]       soft-irq lock-inversion/132:  ok  |  ok  |  ok  |
[    0.000999]       hard-irq lock-inversion/213:  ok  |  ok  |  ok  |
[    0.000999]       soft-irq lock-inversion/213:  ok  |  ok  |  ok  |
[    0.000999]       hard-irq lock-inversion/231:  ok  |  ok  |  ok  |
[    0.000999]       soft-irq lock-inversion/231:  ok  |  ok  |  ok  |
[    0.000999]       hard-irq lock-inversion/312:  ok  |  ok  |  ok  |
[    0.000999]       soft-irq lock-inversion/312:  ok  |  ok  |  ok  |
[    0.000999]       hard-irq lock-inversion/321:  ok  |  ok  |  ok  |
[    0.000999]       soft-irq lock-inversion/321:  ok  |  ok  |  ok  |
[    0.000999]       hard-irq read-recursion/123:  ok  |
[    0.000999]       soft-irq read-recursion/123:  ok  |
[    0.000999]       hard-irq read-recursion/132:  ok  |
[    0.000999]       soft-irq read-recursion/132:  ok  |
[    0.000999]       hard-irq read-recursion/213:  ok  |
[    0.000999]       soft-irq read-recursion/213:  ok  |
[    0.000999]       hard-irq read-recursion/231:  ok  |
[    0.000999]       soft-irq read-recursion/231:  ok  |
[    0.000999]       hard-irq read-recursion/312:  ok  |
[    0.000999]       soft-irq read-recursion/312:  ok  |
[    0.000999]       hard-irq read-recursion/321:  ok  |
[    0.000999]       soft-irq read-recursion/321:  ok  |
[    0.000999] -------------------------------------------------------
[    0.000999] Good, all 218 testcases passed! |
[    0.000999] ---------------------------------
[    0.000999] Dentry cache hash table entries: 131072 (order: 7, 524288 bytes)
[    0.000999] Inode-cache hash table entries: 65536 (order: 6, 262144 bytes)
[    0.000999] Memory: 966876k/982464k available (2073k kernel code, 15072k reserved, 889k data, 272k init, 64960k highmem)
[    0.000999] virtual kernel memory layout:
[    0.000999]     fixmap  : 0xfffa8000 - 0xfffff000   ( 348 kB)
[    0.000999]     pkmap   : 0xff800000 - 0xffc00000   (4096 kB)
[    0.000999]     vmalloc : 0xf8800000 - 0xff7fe000   ( 111 MB)
[    0.000999]     lowmem  : 0xc0000000 - 0xf8000000   ( 896 MB)
[    0.000999]       .init : 0xc03e8000 - 0xc042c000   ( 272 kB)
[    0.000999]       .data : 0xc030654b - 0xc03e4c18   ( 889 kB)
[    0.000999]       .text : 0xc0100000 - 0xc030654b   (2073 kB)
[    0.000999] Checking if this processor honours the WP bit even in supervisor mode...Ok.
[    0.000999] CPA: page pool initialized 1 of 1 pages preallocated
[    0.060995] Calibrating delay using timer specific routine.. 3210.53 BogoMIPS (lpj=1605269)
[    0.061255] Mount-cache hash table entries: 512
[    0.062189] CPU: L1 I Cache: 64K (64 bytes/line), D cache 64K (64 bytes/line)
[    0.062995] CPU: L2 Cache: 128K (64 bytes/line)
[    0.063052] Intel machine check architecture supported.
[    0.063109] Intel machine check reporting enabled on CPU#0.
[    0.063172] Compat vDSO mapped to ffffe000.
[    0.063232] CPU: AMD Mobile AMD Sempron(tm) Processor 2600+ stepping 00
[    0.063408] Checking 'hlt' instruction... OK.
[    0.067332] Freeing SMP alternatives: 0k freed
[    0.067388] ACPI: Core revision 20070126
[    0.075699] Parsing all Control Methods:
[    0.075829] Table [DSDT](id 0001) - 480 Objects with 49 Devices 147 Methods 13 Regions
[    0.076041] Parsing all Control Methods:
[    0.076162] Table [SSDT](id 0002) - 3 Objects with 0 Devices 0 Methods 0 Regions
[    0.076278]  tbxface-0598 [00] tb_load_namespace     : ACPI Tables successfully acquired
[    0.077049] evxfevnt-0091 [00] enable                : Transition to ACPI mode successful
[    0.078952] ENABLING IO-APIC IRQs
[    0.078988] ..TIMER: vector=0x31 apic1=0 pin1=2 apic2=0 pin2=0
[    0.088986] net_namespace: 604 bytes
[    0.089545] NET: Registered protocol family 16
[    0.090470] EISA bus registered
[    0.090552] ACPI: bus type pci registered
[    0.098184] PCI: PCI BIOS revision 2.10 entry at 0xfd88c, last bus=1
[    0.098245] PCI: Using configuration type 1
[    0.098300] Setting up standard PCI resources
[    0.102693] evgpeblk-0956 [00] ev_create_gpe_block   : GPE 00 to 0F [_GPE] 2 regs on int 0xA
[    0.103506] evgpeblk-1052 [00] ev_initialize_gpe_bloc: Found 4 Wake, Enabled 0 Runtime GPEs in this block
[    0.103662] ACPI: EC: Look up EC in DSDT
[    0.105968] Completing Region/Field/Buffer/Package initialization:.....................................................
[    0.112060] Initialized 11/13 Regions 1/1 Fields 23/24 Buffers 18/26 Packages (492 nodes)
[    0.112177] Initializing Device/Processor/Thermal objects by executing _INI methods:.
[    0.112526] Executed 1 _INI methods requiring 1 _STA executions (examined 53 objects)
[    0.112716] ACPI: Interpreter enabled
[    0.112771] ACPI: (supports S0 S3 S4 S5)
[    0.113077] ACPI: Using IOAPIC for interrupt routing
[    0.124788] ACPI: EC: non-query interrupt received, switching to interrupt mode
[    0.179757] ACPI: EC: GPE = 0xb, I/O: command/status = 0x66, data = 0x62
[    0.179821] ACPI: EC: driver started in interrupt mode
[    0.180082] ACPI: PCI Root Bridge [PCI0] (0000:00)
[    0.181352] pci 0000:00:11.0: quirk: region 4000-407f claimed by vt8235 PM
[    0.181414] pci 0000:00:11.0: quirk: region 8100-810f claimed by vt8235 SMB
[    0.181980] ACPI: PCI Interrupt Routing Table [\_SB_.PCI0._PRT]
[    0.202274] ACPI: PCI Interrupt Link [ALKA] (IRQs 16 17 18 19 20 21 22 23) *9, disabled.
[    0.203004] ACPI: PCI Interrupt Link [ALKB] (IRQs 16 17 18 19 20 21 22 23) *11, disabled.
[    0.203688] ACPI: PCI Interrupt Link [ALKC] (IRQs 22) *10, disabled.
[    0.204105] ACPI: PCI Interrupt Link [ALKD] (IRQs 21) *5, disabled.
[    0.204594] ACPI: PCI Interrupt Link [LNKA] (IRQs 3 4 5 7 *9 12 14 15)
[    0.205274] ACPI: PCI Interrupt Link [LNKB] (IRQs 3 4 5 7 10 12 14 15) *11
[    0.206020] ACPI: PCI Interrupt Link [LNKC] (IRQs 3 4 5 7 11 12 14 15) *10
[    0.206725] ACPI: PCI Interrupt Link [LNKD] (IRQs 3 4 *5 7 9 10 11 12 14 15)
[    0.207652] Linux Plug and Play Support v0.97 (c) Adam Belay
[    0.207835] pnp: PnP ACPI init
[    0.207979] ACPI: bus type pnp registered
[    0.210152] pnp 00:00: Plug and Play ACPI device, IDs PNP0a03 (active)
[    0.210904] pnp 00:01: Plug and Play ACPI device, IDs PNP0200 (active)
[    0.211183] pnp 00:02: Plug and Play ACPI device, IDs PNP0b00 (active)
[    0.211452] pnp 00:03: Plug and Play ACPI device, IDs PNP0c04 (active)
[    0.211707] pnp 00:04: Plug and Play ACPI device, IDs PNP0800 (active)
[    0.211833]  00:05: calling quirk 0xc025ae70: quirk_supermicro_h8dce_system+0x0/0x110()
[    0.212060] pnp 00:05: Plug and Play ACPI device, IDs PNP0c01 (active)
[    0.212369]  00:06: calling quirk 0xc025ae70: quirk_supermicro_h8dce_system+0x0/0x110()
[    0.212568] pnp 00:06: Plug and Play ACPI device, IDs PNP0c02 (active)
[    0.212825] pnp 00:07: Plug and Play ACPI device, IDs PNP0f13 (active)
[    0.213087] pnp 00:08: Plug and Play ACPI device, IDs PNP0303 (active)
[    0.214222] pnp 00:09: Plug and Play ACPI device, IDs PNP0501 (active)
[    0.215437] pnp 00:0a: Plug and Play ACPI device, IDs PNP0401 (active)
[    0.716893] ACPI: EC: missing write data confirmation, don't expect it any longer.
[    0.716893] pnp: PnP ACPI: found 11 devices
[    0.716893] ACPI: ACPI bus type pnp unregistered
[    0.717122] PCI: Using ACPI for IRQ routing
[    0.717182] PCI: If a device doesn't work, try "pci=routeirq".  If it helps, post a report
[    0.721713] pnp: the driver 'system' has been registered
[    0.721749] system 00:05: iomem range 0x0-0x9ffff could not be reserved
[    0.721812] system 00:05: iomem range 0xe0000-0xfffff could not be reserved
[    0.721874] system 00:05: iomem range 0xfff00000-0xffffffff could not be reserved
[    0.721892] Time: tsc clocksource has been installed.
[    0.721899] system 00:05: iomem range 0xffee0000-0xffefffff has been reserved
[    0.721970] system 00:05: iomem range 0xfec00000-0xfec00fff has been reserved
[    0.722030] system 00:05: iomem range 0xfee00000-0xfee00fff has been reserved
[    0.722089] system 00:05: driver attached
[    0.722102] system 00:06: ioport range 0x4d0-0x4d1 has been reserved
[    0.722162] system 00:06: ioport range 0xfe10-0xfe11 has been reserved
[    0.722221] system 00:06: ioport range 0xfe00-0xfe00 has been reserved
[    0.722279] system 00:06: ioport range 0x4000-0x407f has been reserved
[    0.722339] system 00:06: ioport range 0x8100-0x811f could not be reserved
[    0.722398] system 00:06: driver attached
[    0.754398] PCI: Bridge: 0000:00:01.0
[    0.754456]   IO window: disabled.
[    0.754513]   MEM window: 0xd1000000-0xd1ffffff
[    0.754571]   PREFETCH window: 0x00000000f0000000-0x00000000f3ffffff
[    0.754633] PCI: Bus 2, cardbus bridge: 0000:00:0c.0
[    0.754688]   IO window: 0x00002000-0x000020ff
[    0.754745]   IO window: 0x00002400-0x000024ff
[    0.754802]   PREFETCH window: 0x50000000-0x53ffffff
[    0.754860]   MEM window: 0x54000000-0x57ffffff
[    0.754919] PCI: Setting latency timer of device 0000:00:01.0 to 64
[    0.754933] PCI: Enabling device 0000:00:0c.0 (0000 -> 0003)
[    0.755001] ACPI: PCI Interrupt 0000:00:0c.0[A] -> GSI 16 (level, low) -> IRQ 16
[    0.755116] PCI: Setting latency timer of device 0000:00:0c.0 to 64
[    0.755186] NET: Registered protocol family 2
[    0.755497] IP route cache hash table entries: 32768 (order: 5, 131072 bytes)
[    0.756308] TCP established hash table entries: 131072 (order: 8, 1048576 bytes)
[    0.757580] TCP bind hash table entries: 65536 (order: 9, 2097152 bytes)
[    0.763772] TCP: Hash tables configured (established 131072 bind 65536)
[    0.763870] TCP reno registered
[    0.766722] audit: initializing netlink socket (disabled)
[    0.766836] type=2000 audit(1204965085.765:1): initialized
[    0.767283] highmem bounce pool size: 64 pages
[    0.768075] io scheduler noop registered
[    0.768150] io scheduler cfq registered (default)
[    0.768229] PCI: VIA PCI bridge detected. Disabling DAC.
[    0.768364] pci 0000:01:00.0: Boot video device
[    0.768771] isapnp: Scanning for PnP cards...
[    1.125810] isapnp: No Plug & Play device found
[    1.213098] Uniform Multi-Platform E-IDE driver
[    1.213162] ide: Assuming 33MHz system bus speed for PIO modes; override with idebus=xx
[    1.213393] VP_IDE: IDE controller (0x1106:0x0571 rev 0x06) at  PCI slot 0000:00:11.1
[    1.213709] ACPI: PCI Interrupt Link [ALKA] disabled and referenced, BIOS bug
[    1.213892] ACPI: PCI Interrupt Link [ALKA] BIOS reported IRQ 0, using IRQ 23
[    1.213951] ACPI: PCI Interrupt Link [ALKA] enabled at IRQ 23
[    1.214015] ACPI: PCI Interrupt 0000:00:11.1[A] -> Link [ALKA] -> GSI 23 (level, low) -> IRQ 23
[    1.214175] VP_IDE: not 100% native mode: will probe irqs later
[    1.214244] VP_IDE: VIA vt8235 (rev 00) IDE UDMA133 controller on pci0000:00:11.1
[    1.214320]     ide0: BM-DMA at 0x1c60-0x1c67, BIOS settings: hda:DMA, hdb:PIO
[    1.214439]     ide1: BM-DMA at 0x1c68-0x1c6f, BIOS settings: hdc:DMA, hdd:PIO
[    1.214550] Probing IDE interface ide0...
[    1.254849] Switched to high resolution mode on CPU 0
[    1.753341] hdb: IRQ probe failed (0xfffffbfe)
[    2.027459] hdb: IRQ probe failed (0xfffffbfe)
[    2.454559] hda: SAMSUNG MP0804H, ATA DISK drive
[    2.454559] hda: host max PIO5 wanted PIO255(auto-tune) selected PIO4
[    2.454559] hda: UDMA/100 mode selected
[    2.454559] Probing IDE interface ide1...
[    3.858836] hdc: Optiarc DVD RW AD-7543A, ATAPI CD/DVD-ROM drive
[    3.858836] hdc: host max PIO5 wanted PIO255(auto-tune) selected PIO4
[    3.858836] hdc: UDMA/33 mode selected
[    3.858836] ide0 at 0x1f0-0x1f7,0x3f6 on irq 14
[    3.955217] ide1 at 0x170-0x177,0x376 on irq 15
[    3.956394] pnp: the driver 'ide' has been registered
[    3.956587] hda: max request size: 512KiB
[    3.956738] hda: 156368016 sectors (80060 MB) w/8192KiB Cache, CHS=16383/255/63
[    3.957306] hda: cache flushes supported
[    3.957306]  hda: hda1 hda2 hda3
[    3.967508] TCP cubic registered
[    3.967590] NET: Registered protocol family 1
[    3.967671] NET: Registered protocol family 17
[    3.967753] Using IPI Shortcut mode
[    4.002215] ReiserFS: hda3: found reiserfs format "3.6" with standard journal
[    4.002215] ReiserFS: hda3: using ordered data mode
[    4.010740] ReiserFS: hda3: journal params: device hda3, size 8192, journal first block 18, max trans len 1024, max batch 900, max commit age 30, max trans age 30
[    4.011429] ReiserFS: hda3: checking transaction log (hda3)
[    4.090884] ReiserFS: hda3: Using r5 hash to sort names
[    4.090884] VFS: Mounted root (reiserfs filesystem) readonly.
[    4.090912] Freeing unused kernel memory: 272k freed
[    4.090990] Write protecting the kernel read-only data: 728k
[    9.361188] ACPI: CPU0 (power states: C1[C1] C2[C2])
[    9.361575] ACPI: ACPI0007:00 is registered as cooling_device0
[    9.376116] input: Power Button (FF) as /class/input/input0
[    9.380188] ACPI: Power Button (FF) [PWRF]
[    9.380461] input: Power Button (CM) as /class/input/input1
[    9.384134] ACPI: Power Button (CM) [PWB]
[    9.384375] input: Sleep Button (CM) as /class/input/input2
[    9.388117] ACPI: Sleep Button (CM) [SLPB]
[    9.388334] input: Lid Switch as /class/input/input3
[    9.388654] ACPI: Lid Switch [LID]
[    9.406233] ACPI thermal trips update, flag is 1f
[    9.406368] Checking invalid passive trip point...
[    9.406913] Checking invalid active[0] trip point...
[    9.407494] ACPI: LNXTHERM:01 is registered as thermal_zone0
[    9.407900] ACPI: Thermal Zone [THRM] (52 C)
[    9.427976] ACPI: AC Adapter [AC] (on-line)
[    9.445456] ACPI: Battery Slot [BAT0] (battery present)
[   10.061992] Marking TSC unstable due to: possible TSC halt in C2.
[   10.063180] Time: acpi_pm clocksource has been installed.
[   10.064517] 8139too Fast Ethernet driver 0.9.28
[   10.064652] ACPI: PCI Interrupt 0000:00:08.0[A] -> GSI 19 (level, low) -> IRQ 19
[   10.066607] eth0: RealTek RTL8139 at 0xf88e6000, 00:90:f5:3e:5a:ca, IRQ 19
[   10.066667] eth0:  Identified 8139 chip type 'RTL-8100B/8139D'
[   10.448212] usbcore: registered new interface driver usbfs
[   10.448412] usbcore: registered new interface driver hub
[   10.450627] usbcore: registered new device driver usb
[   10.585946] hdc: ATAPI 24X DVD-ROM DVD-R-RAM CD-R/RW drive, 2048kB Cache
[   10.586244] Uniform CD-ROM driver Revision: 3.20
[   10.670328] Real Time Clock Driver v1.12ac
[   10.726716] input: PC Speaker as /class/input/input4
[   10.863323] pnp: the driver 'parport_pc' has been registered
[   10.863357] parport_pc 00:0a: reported by Plug and Play ACPI
[   10.863683] parport0: PC-style at 0x378 (0x778), irq 7, dma 1 [PCSPP,TRISTATE,COMPAT,ECP,DMA]
[   10.943313] Serial: 8250/16550 driver $Revision: 1.90 $ 4 ports, IRQ sharing disabled
[   10.944136] serial8250: ttyS0 at I/O 0x3f8 (irq = 4) is a 16550A
[   10.948101] parport_pc 00:0a: driver attached
[   10.964826] Yenta: CardBus bridge found at 0000:00:0c.0 [1558:4702]
[   10.964913] Yenta: Using CSCINT to route CSC interrupts to PCI
[   10.964970] Yenta: Routing CardBus interrupts to PCI
[   10.965028] Yenta TI: socket 0000:00:0c.0, mfunc 0x00001002, devctl 0x44
[   11.095213] pnp: the driver 'serial' has been registered
[   11.103937] 00:09: ttyS0 at I/O 0x3f8 (irq = 4) is a 16550A
[   11.104212] serial 00:09: driver attached
[   11.126727] USB Universal Host Controller Interface driver v3.0
[   11.188297] Yenta: ISA IRQ mask 0x0848, PCI irq 16
[   11.188360] Socket status: 30000006
[   11.208643] ACPI: PCI Interrupt Link [ALKD] disabled and referenced, BIOS bug
[   11.209031] ACPI: PCI Interrupt Link [ALKD] BIOS reported IRQ 0, using IRQ 21
[   11.209092] ACPI: PCI Interrupt Link [ALKD] enabled at IRQ 21
[   11.209157] ACPI: PCI Interrupt 0000:00:10.0[A] -> Link [ALKD] -> GSI 21 (level, low) -> IRQ 21
[   11.209324] uhci_hcd 0000:00:10.0: UHCI Host Controller
[   11.216794] uhci_hcd 0000:00:10.0: new USB bus registered, assigned bus number 1
[   11.216918] uhci_hcd 0000:00:10.0: irq 21, io base 0x00001c00
[   11.219799] usb usb1: configuration #1 chosen from 1 choice
[   11.221083] hub 1-0:1.0: USB hub found
[   11.221912] hub 1-0:1.0: 2 ports detected
[   11.325919] ACPI: PCI Interrupt 0000:00:10.1[B] -> Link [ALKD] -> GSI 21 (level, low) -> IRQ 21
[   11.326090] uhci_hcd 0000:00:10.1: UHCI Host Controller
[   11.326230] uhci_hcd 0000:00:10.1: new USB bus registered, assigned bus number 2
[   11.326336] uhci_hcd 0000:00:10.1: irq 21, io base 0x00001c20
[   11.326746] usb usb2: configuration #1 chosen from 1 choice
[   11.326874] hub 2-0:1.0: USB hub found
[   11.326949] hub 2-0:1.0: 2 ports detected
[   11.427760] ACPI: PCI Interrupt 0000:00:10.2[C] -> Link [ALKD] -> GSI 21 (level, low) -> IRQ 21
[   11.427932] uhci_hcd 0000:00:10.2: UHCI Host Controller
[   11.428073] uhci_hcd 0000:00:10.2: new USB bus registered, assigned bus number 3
[   11.428190] uhci_hcd 0000:00:10.2: irq 21, io base 0x00001c40
[   11.428598] usb usb3: configuration #1 chosen from 1 choice
[   11.428737] hub 3-0:1.0: USB hub found
[   11.428812] hub 3-0:1.0: 2 ports detected
[   11.526327] ACPI: PCI Interrupt 0000:00:10.3[D] -> Link [ALKD] -> GSI 21 (level, low) -> IRQ 21
[   11.526510] ehci_hcd 0000:00:10.3: EHCI Host Controller
[   11.526672] ehci_hcd 0000:00:10.3: new USB bus registered, assigned bus number 4
[   11.526825] ehci_hcd 0000:00:10.3: irq 21, io mem 0xd0004400
[   11.532952] ehci_hcd 0000:00:10.3: USB 2.0 started, EHCI 1.00, driver 10 Dec 2004
[   11.533358] usb usb4: configuration #1 chosen from 1 choice
[   11.533500] hub 4-0:1.0: USB hub found
[   11.533937] hub 4-0:1.0: 6 ports detected
[   11.633343] ACPI: PCI Interrupt Link [ALKC] disabled and referenced, BIOS bug
[   11.633518] ACPI: PCI Interrupt Link [ALKC] BIOS reported IRQ 0, using IRQ 22
[   11.633579] ACPI: PCI Interrupt Link [ALKC] enabled at IRQ 22
[   11.633643] ACPI: PCI Interrupt 0000:00:11.6[C] -> Link [ALKC] -> GSI 22 (level, low) -> IRQ 22
[   11.634318] PCI: Setting latency timer of device 0000:00:11.6 to 64
[   11.930379] cs: IO port probe 0x100-0x4ff: clean.
[   11.933814] cs: IO port probe 0x800-0x8ff: clean.
[   11.935262] cs: IO port probe 0xc00-0xcff: clean.
[   11.936601] cs: IO port probe 0xa00-0xaff: clean.
[   12.138085] ACPI: PCI Interrupt 0000:00:11.5[C] -> Link [ALKC] -> GSI 22 (level, low) -> IRQ 22
[   12.138447] PCI: Setting latency timer of device 0000:00:11.5 to 64
[   14.809747] Adding 1951888k swap on /dev/hda2.  Priority:-1 extents:1 across:1951888k
[   25.861658] pnp: the driver 'i8042 kbd' has been registered
[   25.861700] i8042 kbd 00:08: driver attached
[   25.861743] pnp: the driver 'i8042 aux' has been registered
[   25.861769] i8042 aux 00:07: driver attached
[   25.861805] PNP: PS/2 Controller [PNP0303:PS2K,PNP0f13:PS2M] at 0x60,0x64 irq 1,12
[   25.864317] i8042.c: Detected active multiplexing controller, rev 1.1.
[   25.865882] serio: i8042 KBD port at 0x60,0x64 irq 1
[   25.870494] serio: i8042 AUX0 port at 0x60,0x64 irq 12
[   25.870597] serio: i8042 AUX1 port at 0x60,0x64 irq 12
[   25.870655] serio: i8042 AUX2 port at 0x60,0x64 irq 12
[   25.870712] serio: i8042 AUX3 port at 0x60,0x64 irq 12
[   25.895252] input: AT Translated Set 2 keyboard as /class/input/input5
[   26.352467] input: PS/2 Mouse as /class/input/input6
[   26.368240] powernow-k8: Found 1 Mobile AMD Sempron(tm) Processor 2600+ processors (1 cpu cores) (version 2.20.00)
[   26.371532] input: AlpsPS/2 ALPS GlidePoint as /class/input/input7
[   26.371619] powernow-k8:    0 : fid 0x8 (1600 MHz), vid 0x6
[   26.371676] powernow-k8:    1 : fid 0x0 (800 MHz), vid 0x18
[   26.386974] powernow-k8: ph2 null fid transition 0x8
[   26.420489] mice: PS/2 mouse device common for all mice
[   26.703416] Linux agpgart interface v0.103
[   26.916272] [drm] Initialized drm 1.1.0 20060810
[   26.998818] ACPI: PCI Interrupt 0000:01:00.0[A] -> GSI 16 (level, low) -> IRQ 16
[   26.999692] [drm] Initialized via 2.11.1 20070202 on minor 0
[   27.036657] leds_clevo_mail: 'Clevo D410J' found
[   27.037222] Registered led device: clevo::mail
[   36.785700] ReiserFS: hda1: found reiserfs format "3.6" with standard journal
[   36.785700] ReiserFS: hda1: using ordered data mode
[   36.789716] ReiserFS: hda1: journal params: device hda1, size 8192, journal first block 18, max trans len 1024, max batch 900, max commit age 30, max trans age 30
[   36.790218] ReiserFS: hda1: checking transaction log (hda1)
[   36.856539] ReiserFS: hda1: Using r5 hash to sort names
[   38.259715] ip_tables: (C) 2000-2006 Netfilter Core Team
[   38.559206] eth0: link up, 100Mbps, full-duplex, lpa 0x41E1
[   40.145900] NET: Registered protocol family 10
[   46.253020] lp0: using parport0 (interrupt-driven).
[   46.286238] ppdev: user-space parallel port driver
[   46.689358] Clocksource tsc unstable (delta = -302659936 ns)
[   50.080148] eth0: no IPv6 routers present
[   53.901672] warning: `avahi-daemon' uses 32-bit capabilities (legacy support in use)
[  111.335078] irq 16: nobody cared (try booting with the "irqpoll" option)
[  111.335078] Pid: 0, comm: swapper Not tainted 2.6.25-rc4 #7
[  111.335078]  [<c0157227>] __report_bad_irq+0x27/0x90
[  111.335078]  [<c01574c6>] note_interrupt+0x236/0x270
[  111.335078]  [<c01568d3>] ? handle_IRQ_event+0x53/0x60
[  111.335078]  [<c0157b6a>] handle_fasteoi_irq+0x7a/0xd0
[  111.335078]  [<c0106174>] do_IRQ+0x44/0xa0
[  111.335078]  [<c0104c66>] common_interrupt+0x2e/0x34
[  111.335078]  [<c03023e8>] ? _spin_unlock_irq+0x28/0x50
[  111.335078]  [<c0118974>] finish_task_switch+0x54/0xc0
[  111.335078]  [<c0118920>] ? finish_task_switch+0x0/0xc0
[  111.335078]  [<c02ffc46>] schedule+0x2b6/0x470
[  111.335078]  [<f892fdae>] ? acpi_processor_idle+0x0/0x436 [processor]
[  111.335078]  [<c0102b65>] cpu_idle+0xb5/0xd0
[  111.335078]  [<c02faf8c>] rest_init+0x5c/0x60
[  111.335078]  =======================
[  111.335078] handlers:
[  111.335078] [<f8971830>] (yenta_interrupt+0x0/0xe0 [yenta_socket])
[  111.335078] [<f8be03f0>] (via_driver_irq_handler+0x0/0x1c0 [via])
[  111.335078] Disabling IRQ #16