Date: Mon, 7 Jun 1999 17:41:42 +0200 (MET DST)
From: Ghosthack <>
Subject: Problems with MO (SCSI disk support) k2.2.9
Sender: linux-kernel-owner@vger.kernel.org
Precedence: bulk
List-ID: <linux-kernel.vger.kernel.org>
X-Mailing-List: linux-kernel@vger.kernel.org
X-Lkml-Link: https://lkml.org/lkml/1999/6/7/86

Hi,all.
> see whether DOS or/and VFAT are in the kernel or as module, 
> recompile if not, and try this IIRC :
>
> modprobe dos
> 
> gr o e tjes, Albert.
>Ted Rolle <ted@acacia.datacomm.com>
>
>Well, try this:
>
>insmod fat
>insmod msdos
>
>Works for me...
Well, the support for msdos fs work fine with an IDE HD, but when I try to
mount SCSI MO (sdb1) mount return an error.
[root@gamera /root]# mount -t msdos /dev/sdb1 /mo
MSDOS: Hardware sector size is 1024
[MS-DOS FS Rel. 12,FAT 16,check=n,conv=b,uid=0,gid=0,umask=022]
[me=0x1f,cs=93,#f=9,fs=23832,fl=23844,ds=238428,de=2591,data=238590,se=2847,ts=521281297,ls=1823,rc=0,fc=4294967295]
Transaction block size = 1024
VFS: Can't find a valid MSDOS filesystem on dev 08:11.
mount: wrong fs type, bad option, bad superblock on /dev/sdb1,
       or too many mounted file systems
This's an example that I can mount an IDE HD with msdos
[root@gamera /root]# mount -t msdos /dev/hdb1 /mp3
[root@gamera /root]# df
Filesystem           1k-blocks      Used Available Use% Mounted on
/dev/sda1              1014895    620085    342382  64% /
/dev/hdb1               515792    287784    228008  56% /mp3
When I mount the same disk with k2.0.36...
[root@gamera /root]# mount -t msdos /dev/sdb1 /mo
MSDOS: Hardware sector size is 1024
[root@gamera /root]# df
Filesystem           1k-blocks      Used Available Use% Mounted on
/dev/sda1              1014895    620115    342352  64% /
/dev/hdb1               515792    287784    228008  56% /mp3
/dev/sdb1               636736    326672    310064  51% /mo
It work fine.
What can I make to mount my MO with k2.2.9? 
Thanks in advance.
-
To unsubscribe from this list: send the line "unsubscribe linux-kernel" in
the body of a message to majordomo@vger.rutgers.edu
Please read the FAQ at 
http://www.tux.org/lkml/