Date: Tue, 23 Jan 2007 08:12:23 +0100
From: Bauke Jan Douma <>
Subject: Oops: OnStream DI-30 tapestreamer deactivation: modprobe --remove ide-scsi
Sender: linux-kernel-owner@vger.kernel.org
Precedence: bulk
List-ID: <linux-kernel.vger.kernel.org>
X-Mailing-List: linux-kernel@vger.kernel.org
X-Lkml-Link: https://lkml.org/lkml/2007/1/23/34

I am getting an oops while unloading some modules used by an OnStream
DI-30 tapestreamer.
The tapestreamer is initialized thus:
$> modprobe ide-scsi
$> modprobe osst
The tapestreamer is deactivated thus:
$> modprobe --remove osst
$> modprobe --remove ide-scsi
The oops happens during the latter modprobe. Dmesg output is below, as
is kernel .config.
I can easily reproduce this (e.g. with kernel debugging on), so if more
information is needed (and maybe less in the kernel log...), I'll be
happy to provide it.
$> cat /var/log/kernmsg
klogd 1.4.1, log source = /proc/kmsg started.
Loaded 24479 symbols from /boot/System.map.
Symbols match kernel version 2.6.19.
No module symbols loaded - kernel modules not enabled.
<5>Linux version 2.6.19.1 (root@skyscraper) (gcc version 4.1.1) #6 PREEMPT Mon Jan 22 09:26:01 CET 2007
<6>BIOS-provided physical RAM map:
<4> BIOS-e820: 0000000000000000 - 000000000009fc00 (usable)
<4> BIOS-e820: 000000000009fc00 - 00000000000a0000 (reserved)
<4> BIOS-e820: 00000000000e4000 - 0000000000100000 (reserved)
<4> BIOS-e820: 0000000000100000 - 000000005ffb0000 (usable)
<4> BIOS-e820: 000000005ffb0000 - 000000005ffc0000 (ACPI data)
<4> BIOS-e820: 000000005ffc0000 - 000000005fff0000 (ACPI NVS)
<4> BIOS-e820: 000000005fff0000 - 0000000060000000 (reserved)
<4> BIOS-e820: 00000000ff780000 - 0000000100000000 (reserved)
<5>639MB HIGHMEM available.
<5>896MB LOWMEM available.
<7>Entering add_active_range(0, 0, 393136) 0 entries of 256 used
<4>Zone PFN ranges:
<4>  DMA             0 ->     4096
<4>  Normal       4096 ->   229376
<4>  HighMem    229376 ->   393136
<4>early_node_map[1] active PFN ranges
<4>    0:        0 ->   393136
<7>On node 0 totalpages: 393136
<7>  DMA zone: 32 pages used for memmap
<7>  DMA zone: 0 pages reserved
<7>  DMA zone: 4064 pages, LIFO batch:0
<7>  Normal zone: 1760 pages used for memmap
<7>  Normal zone: 223520 pages, LIFO batch:31
<7>  HighMem zone: 1279 pages used for memmap
<7>  HighMem zone: 162481 pages, LIFO batch:31
<6>DMI 2.3 present.
<7>ACPI: RSDP (v000 ACPIAM                                ) @ 0x000fa7c0
<7>ACPI: RSDT (v001 A M I  OEMRSDT  0x11000514 MSFT 0x00000097) @ 0x5ffb0000
<7>ACPI: FADT (v001 A M I  OEMFACP  0x11000514 MSFT 0x00000097) @ 0x5ffb0200
<7>ACPI: MADT (v001 A M I  OEMAPIC  0x11000514 MSFT 0x00000097) @ 0x5ffb0390
<7>ACPI: OEMB (v001 A M I  OEMBIOS  0x11000514 MSFT 0x00000097) @ 0x5ffc0040
<7>ACPI: DSDT (v001  A0036 A0036001 0x00000001 MSFT 0x0100000d) @ 0x00000000
<6>ACPI: PM-Timer IO Port: 0x808
<4>Allocating PCI resources starting at 70000000 (gap: 60000000:9f780000)
<4>Detected 2403.349 MHz processor.
<4>Built 1 zonelists.  Total pages: 390065
<5>Kernel command line: root=/dev/hda2 ro selinux=0 vga=0x31B
<6>Enabling fast FPU save and restore... done.
<6>Enabling unmasked SIMD FPU exception support... done.
<6>Initializing CPU#0
<4>PID hash table entries: 4096 (order: 12, 16384 bytes)
<4>Console: colour dummy device 80x25
<4>Dentry cache hash table entries: 131072 (order: 7, 524288 bytes)
<4>Inode-cache hash table entries: 65536 (order: 6, 262144 bytes)
<6>Memory: 1554352k/1572544k available (2650k kernel code, 16940k reserved, 668k data, 184k init, 655040k highmem)
<4>virtual kernel memory layout:
<4>    fixmap  : 0xfffeb000 - 0xfffff000   (  80 kB)
<4>    pkmap   : 0xff800000 - 0xffc00000   (4096 kB)
<4>    vmalloc : 0xf8800000 - 0xff7fe000   ( 111 MB)
<4>    lowmem  : 0xc0000000 - 0xf8000000   ( 896 MB)
<4>      .init : 0xc0440000 - 0xc046e000   ( 184 kB)
<4>      .data : 0xc0396973 - 0xc043da94   ( 668 kB)
<4>      .text : 0xc0100000 - 0xc0396973   (2650 kB)
<4>Checking if this processor honours the WP bit even in supervisor mode... Ok.
<4>Calibrating delay using timer specific routine.. 4809.57 BogoMIPS (lpj=2404785)
<6>Security Framework v1.0.0 initialized
<6>SELinux:  Disabled at boot.
<4>Mount-cache hash table entries: 512
<7>CPU: After generic identify, caps: 078bfbff e3d3fbff 00000000 00000000 00000001 00000000 00000001
<6>CPU: L1 I Cache: 64K (64 bytes/line), D cache 64K (64 bytes/line)
<6>CPU: L2 Cache: 512K (64 bytes/line)
<7>CPU: After all inits, caps: 078bfbff e3d3fbff 00000000 00000410 00000001 00000000 00000001
<6>Intel machine check architecture supported.
<6>Intel machine check reporting enabled on CPU#0.
<4>Compat vDSO mapped to ffffe000.
<4>CPU: AMD Athlon(tm) 64 Processor 3800+ stepping 02
<6>Checking 'hlt' instruction... OK.
<6>ACPI: Core revision 20060707
<4>ACPI: setting ELCR to 0200 (from 0c20)
<6>checking if image is initramfs... it is
<6>Freeing initrd memory: 160k freed
<6>NET: Registered protocol family 16
<6>ACPI: bus type pci registered
<6>PCI: PCI BIOS revision 2.10 entry at 0xf0031, last bus=1
<6>PCI: Using configuration type 1
<4>Setting up standard PCI resources
<6>ACPI: Interpreter enabled
<6>ACPI: Using PIC for interrupt routing
<6>ACPI: PCI Root Bridge [PCI0] (0000:00)
<7>PCI: Probing PCI hardware (bus 00)
<6>PCI: enabled onboard AC97/MC97 devices
<7>Boot video device is 0000:01:00.0
<7>ACPI: PCI Interrupt Routing Table [\_SB_.PCI0._PRT]
<4>ACPI: PCI Interrupt Link [LNKA] (IRQs 3 4 5 7 10 *11 14 15)
<4>ACPI: PCI Interrupt Link [LNKB] (IRQs 3 4 5 7 *10 11 14 15)
<4>ACPI: PCI Interrupt Link [LNKC] (IRQs 3 4 *5 7 10 11 14 15)
<4>ACPI: PCI Interrupt Link [LNKD] (IRQs 3 4 *5 7 10 11 14 15)
<4>ACPI: PCI Interrupt Link [LNKE] (IRQs 3 4 5 7 10 11 14 15) *0, disabled.
<4>ACPI: PCI Interrupt Link [LNKF] (IRQs 3 4 5 7 10 11 14 15) *0, disabled.
<4>ACPI: PCI Interrupt Link [LNKG] (IRQs 3 4 5 7 10 11 14 15) *0, disabled.
<4>ACPI: PCI Interrupt Link [LNKH] (IRQs 3 4 5 7 10 11 14 15) *0, disabled.
<6>Linux Plug and Play Support v0.97 (c) Adam Belay
<6>pnp: PnP ACPI init
<6>pnp: PnP ACPI: found 14 devices
<6>usbcore: registered new interface driver usbfs
<6>usbcore: registered new interface driver hub
<6>usbcore: registered new device driver usb
<6>PCI: Using ACPI for IRQ routing
<6>PCI: If a device doesn't work, try "pci=routeirq".  If it helps, post a report
<6>NetLabel: Initializing
<6>NetLabel:  domain hash size = 128
<6>NetLabel:  protocols = UNLABELED CIPSOv4
<6>NetLabel:  unlabeled traffic allowed by default
<6>pnp: 00:08: ioport range 0x680-0x6ff has been reserved
<6>pnp: 00:08: ioport range 0x290-0x297 has been reserved
<6>PCI: Bridge: 0000:00:01.0
<6>  IO window: disabled.
<6>  MEM window: f9f00000-fbffffff
<6>  PREFETCH window: e0000000-f8ffffff
<7>PCI: Setting latency timer of device 0000:00:01.0 to 64
<6>NET: Registered protocol family 2
<4>IP route cache hash table entries: 32768 (order: 5, 131072 bytes)
<4>TCP established hash table entries: 131072 (order: 7, 524288 bytes)
<4>TCP bind hash table entries: 65536 (order: 6, 262144 bytes)
<6>TCP: Hash tables configured (established 131072 bind 65536)
<6>TCP reno registered
<6>audit: initializing netlink socket (disabled)
<5>audit(1169483826.452:1): initialized
<4>highmem bounce pool size: 64 pages
<5>VFS: Disk quotas dquot_6.5.1
<4>Dquot-cache hash table entries: 1024 (order 0, 4096 bytes)
<6>SGI XFS with ACLs, security attributes, no debug enabled
<6>SGI XFS Quota Management subsystem
<6>io scheduler noop registered
<6>io scheduler anticipatory registered (default)
<6>io scheduler deadline registered
<6>io scheduler cfq registered
<6>vesafb: framebuffer at 0xe0000000, mapped to 0xf8880000, using 10240k, total 131072k
<6>vesafb: mode is 1280x1024x32, linelength=5120, pages=0
<6>vesafb: protected mode interface info at c000:d510
<6>vesafb: pmi: set display start = c00cd546, set palette = c00cd5b0
<6>vesafb: pmi: ports = 3b4 3b5 3ba 3c0 3c1 3c4 3c5 3c6 3c7 3c8 3c9 3cc 3ce 3cf 3d0 3d1 3d2 3d3 3d4 3d5 3da
<6>vesafb: scrolling: redraw
<6>vesafb: Truecolor: size=8:8:8:8, shift=24:16:8:0
<4>Console: switching to colour frame buffer device 160x64
<6>fb0: VESA VGA frame buffer device
<6>Linux agpgart interface v0.101 (c) Dave Jones
<6>agpgart: Detected AGP bridge 0
<6>agpgart: AGP aperture is 128M @ 0xd0000000
<4>RAMDISK driver initialized: 8 RAM disks of 4096K size 1024 blocksize
<6>loop: loaded (max 8 devices)
<6>Uniform Multi-Platform E-IDE driver Revision: 7.00alpha2
<6>ide: Assuming 33MHz system bus speed for PIO modes; override with idebus=xx
<6>PDC20267: IDE controller at PCI slot 0000:00:09.0
<4>ACPI: PCI Interrupt Link [LNKA] enabled at IRQ 11
<7>PCI: setting IRQ 11 as level-triggered
<6>ACPI: PCI Interrupt 0000:00:09.0[A] -> Link [LNKA] -> GSI 11 (level, low) -> IRQ 11
<6>PDC20267: chipset revision 2
<6>PDC20267: ROM enabled at 0xf9900000
<6>PDC20267: 100%% native mode on irq 11
<6>PDC20267: (U)DMA Burst Bit ENABLED Primary PCI Mode Secondary PCI Mode.
<6>    ide2: BM-DMA at 0x9000-0x9007, BIOS settings: hde:pio, hdf:pio
<6>    ide3: BM-DMA at 0x9008-0x900f, BIOS settings: hdg:pio, hdh:pio
<7>Probing IDE interface ide2...
<4>hde: OnStream DI-30, ATAPI TAPE drive
<4>ide2 at 0xa400-0xa407,0xa002 on irq 11
<7>Probing IDE interface ide3...
<6>VP_IDE: IDE controller at PCI slot 0000:00:0f.1
<6>ACPI: PCI Interrupt 0000:00:0f.1[A] -> Link [LNKA] -> GSI 11 (level, low) -> IRQ 11
<6>PCI: VIA IRQ fixup for 0000:00:0f.1, from 255 to 11
<6>VP_IDE: chipset revision 6
<6>VP_IDE: not 100%% native mode: will probe irqs later
<6>VP_IDE: VIA vt8237 (rev 00) IDE UDMA133 controller on pci0000:00:0f.1
<6>    ide0: BM-DMA at 0xfc00-0xfc07, BIOS settings: hda:DMA, hdb:DMA
<6>    ide1: BM-DMA at 0xfc08-0xfc0f, BIOS settings: hdc:DMA, hdd:DMA
<7>Probing IDE interface ide0...
<4>hda: WDC WD800BB-00FRA0, ATA DISK drive
<4>hdb: Maxtor 6L250R0, ATA DISK drive
<4>ide0 at 0x1f0-0x1f7,0x3f6 on irq 14
<7>Probing IDE interface ide1...
<4>hdc: PLEXTOR CD-R PX-W5224A, ATAPI CD/DVD-ROM drive
<4>hdd: PLEXTOR DVDR PX-755A, ATAPI CD/DVD-ROM drive
<4>ide1 at 0x170-0x177,0x376 on irq 15
<6>hda: max request size: 512KiB
<6>hda: 156301488 sectors (80026 MB) w/2048KiB Cache, CHS=16383/255/63, UDMA(100)
<6>hda: cache flushes supported
<6> hda: hda1 hda2 hda3 hda4
<6>hdb: max request size: 512KiB
<6>hdb: 490234752 sectors (251000 MB) w/16384KiB Cache, CHS=30515/255/63, UDMA(133)
<6>hdb: cache flushes supported
<6> hdb: hdb1
<5>usbmon: debugfs is not available
<6>usbcore: registered new interface driver libusual
<6>PNP: PS/2 Controller [PNP0303:PS2K] at 0x60,0x64 irq 1
<4>PNP: PS/2 controller doesn't have AUX irq; using default 12
<6>serio: i8042 KBD port at 0x60,0x64 irq 1
<6>serio: i8042 AUX port at 0x60,0x64 irq 12
<4>Netfilter messages via NETLINK v0.30.
<6>TCP cubic registered
<6>NET: Registered protocol family 1
<6>NET: Registered protocol family 17
<4>Using IPI Shortcut mode
<6>ACPI: (supports S0 S1<6>Time: tsc clocksource has been installed.
<4> S3 S4 S5)
<6>Freeing unused kernel memory: 184k freed
<6>input: AT Translated Set 2 keyboard as /class/input/input0
<5>XFS mounting filesystem hda2
<7>Ending clean XFS mount for filesystem: hda2
<6>Adding 1951888k swap on /dev/hda4.  Priority:-1 extents:1 across:1951888k
<6>Non-volatile memory driver v1.2
<3>microcode: CPU0 not a capable Intel processor
<6>IA-32 Microcode Update Driver: v1.14a <tigran@veritas.com>
<6>EDAC MC: Ver: 2.0.1 Dec 28 2006
<4>ACPI: PCI Interrupt Link [LNKB] enabled at IRQ 10
<7>PCI: setting IRQ 10 as level-triggered
<6>ACPI: PCI Interrupt 0000:00:0a.0[A] -> Link [LNKB] -> GSI 10 (level, low) -> IRQ 10
<4>eth0: Yukon Gigabit Ethernet 10/100/1000Base-T Adapter
<4>      PrefPort:A  RlmtMode:Check Link State
<5>XFS mounting filesystem hdb1
<7>Ending clean XFS mount for filesystem: hdb1
<4>eth0: network connection up using port A
<4>    speed:           100
<4>    autonegotiation: yes
<4>    duplex mode:     full
<4>    flowctrl:        symmetric
<4>    irq moderation:  disabled
<4>    scatter-gather:  disabled
<4>    tx-checksum:     disabled
<4>    rx-checksum:     disabled
<6>Installing knfsd (copyright (C) 1996 okir@monad.swb.de).
<4>NFSD: Using /var/lib/nfs/v4recovery as the NFSv4 state recovery directory
<4>NFSD: starting 90-second grace period
<6>Real Time Clock Driver v1.12ac
<6>input: PC Speaker as /class/input/input1
<6>input: AT Translated Set 2 keyboard as /class/input/input2
<6>input: AT Translated Set 2 keyboard as /class/input/input3
<6>mice: PS/2 mouse device common for all mice
<6>USB Universal Host Controller Interface driver v3.0
<6>ACPI: PCI Interrupt 0000:00:10.0[A] -> Link [LNKA] -> GSI 11 (level, low) -> IRQ 11
<6>uhci_hcd 0000:00:10.0: UHCI Host Controller
<6>uhci_hcd 0000:00:10.0: new USB bus registered, assigned bus number 1
<6>uhci_hcd 0000:00:10.0: irq 11, io base 0x0000d800
<6>usb usb1: configuration #1 chosen from 1 choice
<6>hub 1-0:1.0: USB hub found
<6>hub 1-0:1.0: 2 ports detected
<6>ACPI: PCI Interrupt 0000:00:10.1[A] -> Link [LNKA] -> GSI 11 (level, low) -> IRQ 11
<6>uhci_hcd 0000:00:10.1: UHCI Host Controller
<6>uhci_hcd 0000:00:10.1: new USB bus registered, assigned bus number 2
<6>uhci_hcd 0000:00:10.1: irq 11, io base 0x0000e000
<6>usb usb2: configuration #1 chosen from 1 choice
<6>hub 2-0:1.0: USB hub found
<6>hub 2-0:1.0: 2 ports detected
<6>ACPI: PCI Interrupt 0000:00:10.2[B] -> Link [LNKB] -> GSI 10 (level, low) -> IRQ 10
<6>uhci_hcd 0000:00:10.2: UHCI Host Controller
<6>uhci_hcd 0000:00:10.2: new USB bus registered, assigned bus number 3
<6>uhci_hcd 0000:00:10.2: irq 10, io base 0x0000e400
<6>usb usb3: configuration #1 chosen from 1 choice
<6>hub 3-0:1.0: USB hub found
<6>hub 3-0:1.0: 2 ports detected
<6>usb 1-1: new low speed USB device using uhci_hcd and address 2
<6>ACPI: PCI Interrupt 0000:00:10.3[B] -> Link [LNKB] -> GSI 10 (level, low) -> IRQ 10
<6>uhci_hcd 0000:00:10.3: UHCI Host Controller
<6>uhci_hcd 0000:00:10.3: new USB bus registered, assigned bus number 4
<6>uhci_hcd 0000:00:10.3: irq 10, io base 0x0000e800
<6>usb usb4: configuration #1 chosen from 1 choice
<6>hub 4-0:1.0: USB hub found
<6>hub 4-0:1.0: 2 ports detected
<4>ACPI: PCI Interrupt Link [LNKC] enabled at IRQ 5
<7>PCI: setting IRQ 5 as level-triggered
<6>ACPI: PCI Interrupt 0000:00:10.4[C] -> Link [LNKC] -> GSI 5 (level, low) -> IRQ 5
<6>ehci_hcd 0000:00:10.4: EHCI Host Controller
<6>ehci_hcd 0000:00:10.4: new USB bus registered, assigned bus number 5
<6>ehci_hcd 0000:00:10.4: irq 5, io mem 0xf9e00000
<6>ehci_hcd 0000:00:10.4: USB 2.0 started, EHCI 1.00, driver 10 Dec 2004
<6>usb usb5: configuration #1 chosen from 1 choice
<6>hub 5-0:1.0: USB hub found
<6>hub 5-0:1.0: 8 ports detected
<3>usb 1-1: device descriptor read/all, error -84
<6>usb 5-8: new high speed USB device using ehci_hcd and address 4
<6>usb 5-8: configuration #1 chosen from 1 choice
<6>usbcore: registered new interface driver hiddev
<5>SCSI subsystem initialized
<6>Initializing USB Mass Storage driver...
<6>usb 3-1: new full speed USB device using uhci_hcd and address 2
<6>usb 3-1: configuration #1 chosen from 1 choice
<6>scsi0 : SCSI emulation for USB Mass Storage devices
<7>usb-storage: device found at 4
<7>usb-storage: waiting for device to settle before scanning
<6>usbcore: registered new interface driver usb-storage
<6>USB Mass Storage support registered.
<6>usbcore: registered new interface driver usbhid
<6>drivers/usb/input/hid-core.c: v2.6:USB HID core driver
<6>Bluetooth: Core ver 2.11
<6>NET: Registered protocol family 31
<6>Bluetooth: HCI device and connection manager initialized
<6>Bluetooth: HCI socket layer initialized
<6>Bluetooth: HCI USB driver ver 2.9
<6>usb 1-1: new low speed USB device using uhci_hcd and address 4
<6>usb 1-1: configuration #1 chosen from 1 choice
<6>input: Logitech USB Receiver as /class/input/input4
<6>input: USB HID v1.11 Mouse [Logitech USB Receiver] on usb-0000:00:10.0-1
<6>usbcore: registered new interface driver hci_usb
<6>usbcore: registered new interface driver usbmouse
<6>drivers/usb/input/usbmouse.c: v1.6:USB HID Boot Protocol mouse driver
<5>scsi 0:0:0:0: Direct-Access     Generic  IC1210        CF 1.9C PQ: 0 ANSI: 0 CCS
<5>scsi 0:0:0:1: Direct-Access     Generic  IC1210        MS 1.9C PQ: 0 ANSI: 0 CCS
<5>scsi 0:0:0:2: Direct-Access     Generic  IC1210    MMC/SD 1.9C PQ: 0 ANSI: 0 CCS
<5>scsi 0:0:0:3: Direct-Access     Generic  IC1210        SM 1.9C PQ: 0 ANSI: 0 CCS
<7>usb-storage: device scan complete
<5>sd 0:0:0:0: Attached scsi removable disk sda
<5>sd 0:0:0:1: Attached scsi removable disk sdb
<5>sd 0:0:0:2: Attached scsi removable disk sdc
<5>sd 0:0:0:3: Attached scsi removable disk sdd
<4>nvidia: module license 'NVIDIA' taints kernel.
<6>ACPI: PCI Interrupt 0000:01:00.0[A] -> Link [LNKA] -> GSI 11 (level, low) -> IRQ 11
<4>NVRM: loading NVIDIA Linux x86 Kernel Module  1.0-9631  Thu Nov  9 17:38:10 PST 2006
<4>NVRM: not using NVAGP, an AGPGART backend is loaded!
<3>NVRM: Xid (0001:00): 1, Channel 00000000 Method 00000000 Data 01017c00
<7>/dev/vmmon[1691]: Module vmmon: registered with major=10 minor=165
<7>/dev/vmmon[1691]: Module vmmon: initialized
<7>/dev/vmnet: open called by PID 1710 (vmnet-bridge)
<7>/dev/vmnet: hub 0 does not exist, allocating memory.
<7>/dev/vmnet: port on hub 0 successfully opened
<7>bridge-eth0: enabling the bridge
<7>bridge-eth0: up
<5>bridge-eth0: already up
<7>bridge-eth0: attached
<7>bridge-eth0: down
<7>bridge-eth0: detached
<6>ACPI: PCI Interrupt 0000:00:0d.0[A] -> Link [LNKC] -> GSI 5 (level, low) -> IRQ 5
<4>PCI: Enabling device 0000:00:11.5 (0000 -> 0001)
<6>ACPI: PCI Interrupt 0000:00:11.5[C] -> Link [LNKC] -> GSI 5 (level, low) -> IRQ 5
<6>PCI: VIA IRQ fixup for 0000:00:11.5, from 0 to 5
<7>PCI: Setting latency timer of device 0000:00:11.5 to 64
<6>i2c /dev entries driver
<6>Linux video capture interface: v2.00
<6>unknown card 0x878-0x11bd:0x12, using default rate 32000
<7>please mail id, board name, and, if it works, the correct digital_rate option to <alsa-devel@lists.sf.net>
<4>ACPI: PCI Interrupt Link [LNKD] enabled at IRQ 5
<6>ACPI: PCI Interrupt 0000:00:0e.1[A] -> Link [LNKD] -> GSI 5 (level, low) -> IRQ 5
<6>bttv: driver version 0.9.16 loaded
<6>bttv: using 10 buffers with 2080k (520 pages) each for capture
<6>bttv: Bt8xx card found (0).
<6>ACPI: PCI Interrupt 0000:00:0e.0[A] -> Link [LNKD] -> GSI 5 (level, low) -> IRQ 5
<6>bttv0: Bt878 (rev 17) at 0000:00:0e.0, irq: 5, latency: 64, mmio: 0xdfe00000
<6>bttv0: detected: Pinnacle PCTV [card=39], PCI subsystem ID is 11bd:0012
<6>bttv0: using: Pinnacle PCTV Studio Pro [card=52,insmod option]
<7>bttv0: gpio: en=00000000, out=00000000 in=00fffbff [init]
<6>tuner 3-004b: chip found @ 0x96 (bt878 #0 [sw])
<6>tda9887 3-004b: tda988[5/6/7] found @ 0x4b (tuner)
<4>tuner 3-0060: Chip ID is not zero. It is not a TEA5767
<6>tuner 3-0060: chip found @ 0xc0 (bt878 #0 [sw])
<6>msp3400 3-0040: MSP3410G-B11 found @ 0x80 (bt878 #0 [sw])
<6>msp3400 3-0040: MSP3410G-B11 supports nicam and radio, mode is autodetect and autoselect
<6>bttv0: i2c: checking for MSP34xx @ 0x80... found
<6>bttv0: pinnacle/mt: id=2 info="PAL+SECAM / stereo" radio=yes
<4>bttv0: using tuner=33
<6>tuner 3-0060: microtune: companycode=3cbf part=42 rev=2f
<6>tuner 3-0060: microtune MT2050 found, OK
<6>bttv0: i2c: checking for MSP34xx @ 0x80... found
<6>bttv0: i2c: checking for TDA9875 @ 0xb0... not found
<6>bttv0: i2c: checking for TDA7432 @ 0x8a... not found
<6>bttv0: registered device video0
<6>bttv0: registered device vbi0
<6>bttv0: registered device radio0
<6>bttv0: PLL: 28636363 => 35468950 .. ok
<6>scsi1 : SCSI host adapter emulation for IDE ATAPI devices
<3>ide-scsi: CoD != 0 in idescsi_pc_intr
<6>hde: DMA disabled
<4>hde: ATAPI reset complete
<3>ide-scsi: CoD != 0 in idescsi_pc_intr
<4>hde: ATAPI reset complete
<3>ide-scsi: CoD != 0 in idescsi_pc_intr
<4>hde: ATAPI reset complete
<3>ide-scsi: CoD != 0 in idescsi_pc_intr
<4>hde: ATAPI reset complete
<5>scsi 1:0:0:0: Direct-Access                                    PQ: 0 ANSI: 0
<4>hde: status timeout: status=0xd1 { Busy }
<4>ide: failed opcode was: unknown
<3>ide-scsi: Strange, packet command initiated yet DRQ isn't asserted
<4>ide-scsi: No active request in idescsi_eh_reset
<6>sd 1:0:0:0: scsi: Device offlined - not ready after error recovery
<3>sd 1:0:0:0: rejecting I/O to offline device
<3>sd 1:0:0:0: rejecting I/O to offline device
<3>sd 1:0:0:0: rejecting I/O to offline device
<5>sde : READ CAPACITY failed.
<4>sde : status=0, message=00, host=1, driver=00
<4>sde : sense not available.
<3>sd 1:0:0:0: rejecting I/O to offline device
<5>sde: Write Protect is off
<7>sde: Mode Sense: 00 00 00 00
<3>sd 1:0:0:0: rejecting I/O to offline device
<3>sde: asking for cache data failed
<3>sde: assuming drive cache: write through
<5>sd 1:0:0:0: Attached scsi disk sde
<4>ide-scsi is deprecated for cd burning! Use ide-cd and give dev=/dev/hdX as device
<6>scsi2 : SCSI host adapter emulation for IDE ATAPI devices
<5>scsi 2:0:0:0: CD-ROM            PLEXTOR  CD-R   PX-W5224A 1.01 PQ: 0 ANSI: 0 CCS
<6>scsi3 : SCSI host adapter emulation for IDE ATAPI devices
<5>scsi 3:0:0:0: CD-ROM            PLEXTOR  DVDR   PX-755A   1.01 PQ: 0 ANSI: 0
<6>osst :I: Tape driver with OnStream support version 0.99.4
<4>osst :I: $Id: osst.c,v 1.73 2005/01/01 21:13:34 wriede Exp $
<4>sr0: scsi3-mmc drive: 40x/40x writer cd/rw xa/form2 cdda tray
<6>Uniform CD-ROM driver Revision: 3.20
<7>sr 2:0:0:0: Attached scsi CD-ROM sr0
<4>sr1: scsi3-mmc drive: 40x/40x writer cd/rw xa/form2 cdda tray
<7>sr 3:0:0:0: Attached scsi CD-ROM sr1
<6>osst :I: Unloaded.
<1>BUG: unable to handle kernel NULL pointer dereference at virtual address 000002d0
<1> printing eip:
<4>f985fce5
<1>*pde = 00000000
<0>Oops: 0000 [#1]
<0>PREEMPT
<4>Modules linked in: sr_mod cdrom ide_scsi i2c_viapro i2c_via bttv snd_bt87x msp3400 tuner video_buf ir_common compat_ioctl32 btcx_risc tveeprom videodev v4l1_compat v4l2_common i2c_dev i2c_algo_bit snd_seq snd_via82xx gameport snd_mpu401_uart snd_emu10k1 
snd_rawmidi snd_ac97_codec snd_ac97_bus snd_pcm snd_seq_device snd_timer snd_page_alloc snd_util_mem snd_hwdep snd vmnet(P) vmmon(P) nvidia(P) sd_mod usbmouse hci_usb bluetooth usb_storage scsi_mod usbhid ff_memless ehci_hcd uhci_hcd mousedev evdev pcspkr 
rtc nfsd exportfs lockd nfs_acl sunrpc sk98lin mii k8temp amd76x_edac edac_mc via_agp microcode firmware_class cpuid nvram
<0>CPU:    0
<0>EIP:    0060:[pg0+960302309/1068954624]    Tainted: P      VLI
<0>EFLAGS: 00210016   (2.6.19.1 #6)
<0>EIP is at idescsi_queue+0xf5/0x420 [ide_scsi]
<0>eax: 00000000   ebx: ef3771c0   ecx: 00000000   edx: c0488d90
<0>esi: f7e47342   edi: ef3771ca   ebp: f7e47338   esp: f5c69b90
<0>ds: 007b   es: 007b   ss: 0068
<0>Process modprobe (pid: 7436, ti=f5c68000 task=f42d6030 task.ti=f5c68000)
<0>Stack: dffff3c0 00000020 f7f62458 c0488d90 f59e1200 000002b8 f7e4734c 00200282
<0>       00200293 e726b800 f7e47300 00000009 f9494b3c f7e47300 f9494500 f9497650
<0>       f7e47300 e726b400 e726b800 f742f6a4 f949a3bb f7e47300 f742f6a4 00000001
<0>Call Trace:
<0> [pg0+956324668/1068954624] scsi_dispatch_cmd+0x11c/0x290 [scsi_mod]
<0> [pg0+956323072/1068954624] scsi_done+0x0/0x30 [scsi_mod]
<0> [pg0+956335696/1068954624] scsi_times_out+0x0/0x80 [scsi_mod]
<0> [pg0+956347323/1068954624] scsi_request_fn+0x18b/0x380 [scsi_mod]
<0> [blk_execute_rq_nowait+106/208] blk_execute_rq_nowait+0x6a/0xd0
<0> [blk_execute_rq+126/224] blk_execute_rq+0x7e/0xe0
<0> [blk_end_sync_rq+0/64] blk_end_sync_rq+0x0/0x40
<0> [bio_phys_segments+39/48] bio_phys_segments+0x27/0x30
<0> [blk_rq_bio_prep+139/192] blk_rq_bio_prep+0x8b/0xc0
<0> [blk_rq_map_kern+142/176] blk_rq_map_kern+0x8e/0xb0
<0> [pg0+956343696/1068954624] scsi_execute+0x100/0x130 [scsi_mod]
<0> [pg0+960323956/1068954624] sr_do_ioctl+0x94/0x270 [sr_mod]
<0> [try_to_wake_up+284/304] try_to_wake_up+0x11c/0x130
<0> [pg0+960319657/1068954624] sr_packet+0x29/0x40 [sr_mod]
<0> [pg0+960377917/1068954624] cdrom_get_disc_info+0x5d/0xc0 [cdrom]
<0> [pg0+960379812/1068954624] cdrom_mrw_exit+0x14/0xf0 [cdrom]
<0> [invalidate_inode_buffers+18/192] invalidate_inode_buffers+0x12/0xc0
<0> [pg0+960394680/1068954624] unregister_cdrom+0x78/0x100 [cdrom]
<0> [pg0+960320722/1068954624] sr_kref_release+0x42/0x70 [sr_mod]
<0> [pg0+960320656/1068954624] sr_kref_release+0x0/0x70 [sr_mod]
<0> [kref_put+52/160] kref_put+0x34/0xa0
<0> [kobject_release+0/16] kobject_release+0x0/0x10
<0> [unlink+69/96] unlink+0x45/0x60
<0> [pg0+960319590/1068954624] sr_remove+0x36/0x50 [sr_mod]
<0> [pg0+960320656/1068954624] sr_kref_release+0x0/0x70 [sr_mod]
<0> [__device_release_driver+108/160] __device_release_driver+0x6c/0xa0
<0> [device_release_driver+31/64] device_release_driver+0x1f/0x40
<0> [bus_remove_device+117/176] bus_remove_device+0x75/0xb0
<0> [device_del+382/448] device_del+0x17e/0x1c0
<0> [pg0+956358644/1068954624] __scsi_remove_device+0x54/0xa0 [scsi_mod]
<0> [pg0+956355564/1068954624] scsi_forget_host+0x5c/0x90 [scsi_mod]
<0> [pg0+956327599/1068954624] scsi_remove_host+0x5f/0x170 [scsi_mod]
<0> [pg0+960299528/1068954624] ide_scsi_remove+0x58/0x80 [ide_scsi]
<0> [generic_ide_remove+34/48] generic_ide_remove+0x22/0x30
<0> [__device_release_driver+108/160] __device_release_driver+0x6c/0xa0
<0> [driver_detach+225/272] driver_detach+0xe1/0x110
<0> [bus_remove_driver+128/176] bus_remove_driver+0x80/0xb0
<0> [driver_unregister+16/32] driver_unregister+0x10/0x20
<0> [pg0+960303135/1068954624] exit_idescsi_module+0xf/0x13 [ide_scsi]
<0> [sys_delete_module+310/416] sys_delete_module+0x136/0x1a0
<0> [sysenter_past_esp+86/121] sysenter_past_esp+0x56/0x79
<0> =======================
<0>Code: 00 00 8b 54 24 34 8b 42 48 89 53 2c 89 43 14 89 43 0c 8b 44 24 38 89 43 30 a1 a0 85 3f c0 03 42 2c 89 43 38 8b 54 24 0c 8b 42 1c <8b> 80 d0 02 00 00 a8 01 74 05 0f ba 6b 34 02 8b 43 1c 89 44 24
<0>EIP: [pg0+960302309/1068954624] idescsi_queue+0xf5/0x420 [ide_scsi] SS:ESP 0068:f5c69b90
<4> <6>note: modprobe[7436] exited with preempt_count 1
<1>BUG: unable to handle kernel NULL pointer dereference at virtual address 000002d0
<1> printing eip:
<4>f985fce5
<1>*pde = 00000000
<0>Oops: 0000 [#2]
<0>PREEMPT
<4>Modules linked in: sr_mod cdrom ide_scsi i2c_viapro i2c_via bttv snd_bt87x msp3400 tuner video_buf ir_common compat_ioctl32 btcx_risc tveeprom videodev v4l1_compat v4l2_common i2c_dev i2c_algo_bit snd_seq snd_via82xx gameport snd_mpu401_uart snd_emu10k1 
snd_rawmidi snd_ac97_codec snd_ac97_bus snd_pcm snd_seq_device snd_timer snd_page_alloc snd_util_mem snd_hwdep snd vmnet(P) vmmon(P) nvidia(P) sd_mod usbmouse hci_usb bluetooth usb_storage scsi_mod usbhid ff_memless ehci_hcd uhci_hcd mousedev evdev pcspkr 
rtc nfsd exportfs lockd nfs_acl sunrpc sk98lin mii k8temp amd76x_edac edac_mc via_agp microcode firmware_class cpuid nvram
<0>CPU:    0
<0>EIP:    0060:[pg0+960302309/1068954624]    Tainted: P      VLI
<0>EFLAGS: 00010002   (2.6.19.1 #6)
<0>EIP is at idescsi_queue+0xf5/0x420 [ide_scsi]
<0>eax: 00000000   ebx: e9d0d8c0   ecx: 00000000   edx: c0488d90
<0>esi: f7e4733e   edi: e9d0d8c6   ebp: f7e47338   esp: f59f1eb0
<0>ds: 007b   es: 007b   ss: 0068
<0>Process scsi_eh_3 (pid: 7357, ti=f59f0000 task=e87f9550 task.ti=f59f0000)
<0>Stack: dffff3c0 00000020 00000000 c0488d90 f59e1140 000002b8 00000011 f59f1ed4
<0>       00000246 f59f1f28 f7e473dc f7e47300 f949707e f7e47300 f94972c0 00000006
<0>       f59f1f18 f7e4737c f7e47338 e726b400 e726b800 00000000 00000002 0aff0001
<0>Call Trace:
<0> [pg0+956334206/1068954624] scsi_send_eh_cmnd+0x16e/0x2f0 [scsi_mod]
<0> [pg0+956334784/1068954624] scsi_eh_done+0x0/0x20 [scsi_mod]
<0> [pg0+956334722/1068954624] scsi_eh_tur+0x32/0x70 [scsi_mod]
<0> [pg0+956336505/1068954624] scsi_error_handler+0x2a9/0x770 [scsi_mod]
<0> [schedule+701/1632] __sched_text_start+0x2bd/0x660
<0> [kthread+188/272] kthread+0xbc/0x110
<0> [pg0+956335824/1068954624] scsi_error_handler+0x0/0x770 [scsi_mod]
<0> [kthread+253/272] kthread+0xfd/0x110
<0> [kthread+0/272] kthread+0x0/0x110
<0> [kernel_thread_helper+7/24] kernel_thread_helper+0x7/0x18
<0> =======================
<0>Code: 00 00 8b 54 24 34 8b 42 48 89 53 2c 89 43 14 89 43 0c 8b 44 24 38 89 43 30 a1 a0 85 3f c0 03 42 2c 89 43 38 8b 54 24 0c 8b 42 1c <8b> 80 d0 02 00 00 a8 01 74 05 0f ba 6b 34 02 8b 43 1c 89 44 24
<0>EIP: [pg0+960302309/1068954624] idescsi_queue+0xf5/0x420 [ide_scsi] SS:ESP 0068:f59f1eb0
<4> <6>note: scsi_eh_3[7357] exited with preempt_count 1
$> zcat /proc/config.gz
Linux skyscraper 2.6.19.1 #6 PREEMPT Mon Jan 22 09:26:01 CET 2007 i686 GNU/Linux
#
# Automatically generated make config: don't edit
# Linux kernel version: 2.6.19.1
# Sun Jan 21 13:44:32 2007
#
CONFIG_X86_32=y
CONFIG_GENERIC_TIME=y
CONFIG_LOCKDEP_SUPPORT=y
CONFIG_STACKTRACE_SUPPORT=y
CONFIG_SEMAPHORE_SLEEPERS=y
CONFIG_X86=y
CONFIG_MMU=y
CONFIG_GENERIC_ISA_DMA=y
CONFIG_GENERIC_IOMAP=y
CONFIG_GENERIC_HWEIGHT=y
CONFIG_ARCH_MAY_HAVE_PC_FDC=y
CONFIG_DMI=y
CONFIG_DEFCONFIG_LIST="/lib/modules/$UNAME_RELEASE/.config"
#
# Code maturity level options
#
CONFIG_EXPERIMENTAL=y
CONFIG_BROKEN_ON_SMP=y
CONFIG_LOCK_KERNEL=y
CONFIG_INIT_ENV_ARG_LIMIT=32
#
# General setup
#
CONFIG_LOCALVERSION=""
CONFIG_LOCALVERSION_AUTO=y
CONFIG_SWAP=y
CONFIG_SYSVIPC=y
CONFIG_IPC_NS=y
CONFIG_POSIX_MQUEUE=y
CONFIG_BSD_PROCESS_ACCT=y
CONFIG_BSD_PROCESS_ACCT_V3=y
CONFIG_TASKSTATS=y
# CONFIG_TASK_DELAY_ACCT is not set
CONFIG_UTS_NS=y
CONFIG_AUDIT=y
CONFIG_AUDITSYSCALL=y
CONFIG_IKCONFIG=y
CONFIG_IKCONFIG_PROC=y
# CONFIG_RELAY is not set
CONFIG_INITRAMFS_SOURCE=""
# CONFIG_CC_OPTIMIZE_FOR_SIZE is not set
# CONFIG_TASK_XACCT is not set
CONFIG_SYSCTL=y
CONFIG_EMBEDDED=y
CONFIG_UID16=y
CONFIG_SYSCTL_SYSCALL=y
CONFIG_KALLSYMS=y
# CONFIG_KALLSYMS_EXTRA_PASS is not set
CONFIG_HOTPLUG=y
CONFIG_PRINTK=y
CONFIG_BUG=y
CONFIG_ELF_CORE=y
CONFIG_BASE_FULL=y
CONFIG_FUTEX=y
CONFIG_EPOLL=y
CONFIG_SHMEM=y
CONFIG_SLAB=y
CONFIG_VM_EVENT_COUNTERS=y
CONFIG_RT_MUTEXES=y
# CONFIG_TINY_SHMEM is not set
CONFIG_BASE_SMALL=0
# CONFIG_SLOB is not set
#
# Loadable module support
#
CONFIG_MODULES=y
CONFIG_MODULE_UNLOAD=y
# CONFIG_MODULE_FORCE_UNLOAD is not set
CONFIG_MODVERSIONS=y
CONFIG_MODULE_SRCVERSION_ALL=y
CONFIG_KMOD=y
#
# Block layer
#
CONFIG_BLOCK=y
# CONFIG_LBD is not set
# CONFIG_BLK_DEV_IO_TRACE is not set
CONFIG_LSF=y
#
# IO Schedulers
#
CONFIG_IOSCHED_NOOP=y
CONFIG_IOSCHED_AS=y
CONFIG_IOSCHED_DEADLINE=y
CONFIG_IOSCHED_CFQ=y
CONFIG_DEFAULT_AS=y
# CONFIG_DEFAULT_DEADLINE is not set
# CONFIG_DEFAULT_CFQ is not set
# CONFIG_DEFAULT_NOOP is not set
CONFIG_DEFAULT_IOSCHED="anticipatory"
#
# Processor type and features
#
# CONFIG_SMP is not set
CONFIG_X86_PC=y
# CONFIG_X86_ELAN is not set
# CONFIG_X86_VOYAGER is not set
# CONFIG_X86_NUMAQ is not set
# CONFIG_X86_SUMMIT is not set
# CONFIG_X86_BIGSMP is not set
# CONFIG_X86_VISWS is not set
# CONFIG_X86_GENERICARCH is not set
# CONFIG_X86_ES7000 is not set
# CONFIG_M386 is not set
# CONFIG_M486 is not set
# CONFIG_M586 is not set
# CONFIG_M586TSC is not set
# CONFIG_M586MMX is not set
# CONFIG_M686 is not set
# CONFIG_MPENTIUMII is not set
# CONFIG_MPENTIUMIII is not set
# CONFIG_MPENTIUMM is not set
# CONFIG_MPENTIUM4 is not set
# CONFIG_MK6 is not set
# CONFIG_MK7 is not set
CONFIG_MK8=y
# CONFIG_MCRUSOE is not set
# CONFIG_MEFFICEON is not set
# CONFIG_MWINCHIPC6 is not set
# CONFIG_MWINCHIP2 is not set
# CONFIG_MWINCHIP3D is not set
# CONFIG_MGEODEGX1 is not set
# CONFIG_MGEODE_LX is not set
# CONFIG_MCYRIXIII is not set
# CONFIG_MVIAC3_2 is not set
# CONFIG_X86_GENERIC is not set
CONFIG_X86_CMPXCHG=y
CONFIG_X86_XADD=y
CONFIG_X86_L1_CACHE_SHIFT=6
CONFIG_RWSEM_XCHGADD_ALGORITHM=y
CONFIG_GENERIC_CALIBRATE_DELAY=y
CONFIG_X86_WP_WORKS_OK=y
CONFIG_X86_INVLPG=y
CONFIG_X86_BSWAP=y
CONFIG_X86_POPAD_OK=y
CONFIG_X86_CMPXCHG64=y
CONFIG_X86_GOOD_APIC=y
CONFIG_X86_INTEL_USERCOPY=y
CONFIG_X86_USE_PPRO_CHECKSUM=y
CONFIG_X86_TSC=y
CONFIG_HPET_TIMER=y
# CONFIG_PREEMPT_NONE is not set
# CONFIG_PREEMPT_VOLUNTARY is not set
CONFIG_PREEMPT=y
CONFIG_PREEMPT_BKL=y
# CONFIG_X86_UP_APIC is not set
CONFIG_X86_MCE=y
# CONFIG_X86_MCE_NONFATAL is not set
CONFIG_VM86=y
# CONFIG_TOSHIBA is not set
# CONFIG_I8K is not set
# CONFIG_X86_REBOOTFIXUPS is not set
CONFIG_MICROCODE=m
CONFIG_MICROCODE_OLD_INTERFACE=y
CONFIG_X86_MSR=m
CONFIG_X86_CPUID=m
#
# Firmware Drivers
#
# CONFIG_EDD is not set
# CONFIG_DELL_RBU is not set
# CONFIG_DCDBAS is not set
# CONFIG_NOHIGHMEM is not set
CONFIG_HIGHMEM4G=y
# CONFIG_HIGHMEM64G is not set
CONFIG_VMSPLIT_3G=y
# CONFIG_VMSPLIT_3G_OPT is not set
# CONFIG_VMSPLIT_2G is not set
# CONFIG_VMSPLIT_1G is not set
CONFIG_PAGE_OFFSET=0xC0000000
CONFIG_HIGHMEM=y
CONFIG_ARCH_FLATMEM_ENABLE=y
CONFIG_ARCH_SPARSEMEM_ENABLE=y
CONFIG_ARCH_SELECT_MEMORY_MODEL=y
CONFIG_ARCH_POPULATES_NODE_MAP=y
CONFIG_SELECT_MEMORY_MODEL=y
CONFIG_FLATMEM_MANUAL=y
# CONFIG_DISCONTIGMEM_MANUAL is not set
# CONFIG_SPARSEMEM_MANUAL is not set
CONFIG_FLATMEM=y
CONFIG_FLAT_NODE_MEM_MAP=y
CONFIG_SPARSEMEM_STATIC=y
CONFIG_SPLIT_PTLOCK_CPUS=4
# CONFIG_RESOURCES_64BIT is not set
# CONFIG_HIGHPTE is not set
# CONFIG_MATH_EMULATION is not set
CONFIG_MTRR=y
# CONFIG_EFI is not set
# CONFIG_REGPARM is not set
CONFIG_SECCOMP=y
# CONFIG_HZ_100 is not set
# CONFIG_HZ_250 is not set
CONFIG_HZ_1000=y
CONFIG_HZ=1000
# CONFIG_KEXEC is not set
# CONFIG_CRASH_DUMP is not set
CONFIG_PHYSICAL_START=0x100000
CONFIG_COMPAT_VDSO=y
CONFIG_ARCH_ENABLE_MEMORY_HOTPLUG=y
#
# Power management options (ACPI, APM)
#
CONFIG_PM=y
CONFIG_PM_LEGACY=y
# CONFIG_PM_DEBUG is not set
# CONFIG_PM_SYSFS_DEPRECATED is not set
# CONFIG_SOFTWARE_SUSPEND is not set
#
# ACPI (Advanced Configuration and Power Interface) Support
#
CONFIG_ACPI=y
CONFIG_ACPI_SLEEP=y
CONFIG_ACPI_SLEEP_PROC_FS=y
# CONFIG_ACPI_SLEEP_PROC_SLEEP is not set
CONFIG_ACPI_AC=m
CONFIG_ACPI_BATTERY=m
CONFIG_ACPI_BUTTON=m
CONFIG_ACPI_VIDEO=m
CONFIG_ACPI_HOTKEY=m
CONFIG_ACPI_FAN=m
# CONFIG_ACPI_DOCK is not set
CONFIG_ACPI_PROCESSOR=m
CONFIG_ACPI_THERMAL=m
# CONFIG_ACPI_ASUS is not set
# CONFIG_ACPI_IBM is not set
# CONFIG_ACPI_TOSHIBA is not set
CONFIG_ACPI_BLACKLIST_YEAR=0
# CONFIG_ACPI_DEBUG is not set
CONFIG_ACPI_EC=y
CONFIG_ACPI_POWER=y
CONFIG_ACPI_SYSTEM=y
CONFIG_X86_PM_TIMER=y
CONFIG_ACPI_CONTAINER=m
# CONFIG_ACPI_SBS is not set
#
# APM (Advanced Power Management) BIOS Support
#
# CONFIG_APM is not set
#
# CPU Frequency scaling
#
# CONFIG_CPU_FREQ is not set
#
# Bus options (PCI, PCMCIA, EISA, MCA, ISA)
#
CONFIG_PCI=y
# CONFIG_PCI_GOBIOS is not set
# CONFIG_PCI_GOMMCONFIG is not set
# CONFIG_PCI_GODIRECT is not set
CONFIG_PCI_GOANY=y
CONFIG_PCI_BIOS=y
CONFIG_PCI_DIRECT=y
CONFIG_PCI_MMCONFIG=y
# CONFIG_PCIEPORTBUS is not set
CONFIG_ISA_DMA_API=y
# CONFIG_ISA is not set
# CONFIG_MCA is not set
# CONFIG_SCx200 is not set
CONFIG_K8_NB=y
#
# PCCARD (PCMCIA/CardBus) support
#
# CONFIG_PCCARD is not set
#
# PCI Hotplug Support
#
CONFIG_HOTPLUG_PCI=m
CONFIG_HOTPLUG_PCI_FAKE=m
# CONFIG_HOTPLUG_PCI_COMPAQ is not set
CONFIG_HOTPLUG_PCI_ACPI=m
# CONFIG_HOTPLUG_PCI_ACPI_IBM is not set
# CONFIG_HOTPLUG_PCI_CPCI is not set
# CONFIG_HOTPLUG_PCI_SHPC is not set
#
# Executable file formats
#
CONFIG_BINFMT_ELF=y
# CONFIG_BINFMT_AOUT is not set
CONFIG_BINFMT_MISC=m
#
# Networking
#
CONFIG_NET=y
#
# Networking options
#
# CONFIG_NETDEBUG is not set
CONFIG_PACKET=y
CONFIG_PACKET_MMAP=y
CONFIG_UNIX=y
CONFIG_XFRM=y
CONFIG_XFRM_USER=m
# CONFIG_XFRM_SUB_POLICY is not set
CONFIG_NET_KEY=m
CONFIG_INET=y
# CONFIG_IP_MULTICAST is not set
# CONFIG_IP_ADVANCED_ROUTER is not set
CONFIG_IP_FIB_HASH=y
# CONFIG_IP_PNP is not set
CONFIG_NET_IPIP=m
CONFIG_NET_IPGRE=m
# CONFIG_ARPD is not set
CONFIG_SYN_COOKIES=y
CONFIG_INET_AH=m
CONFIG_INET_ESP=m
CONFIG_INET_IPCOMP=m
CONFIG_INET_XFRM_TUNNEL=m
CONFIG_INET_TUNNEL=m
CONFIG_INET_XFRM_MODE_TRANSPORT=m
CONFIG_INET_XFRM_MODE_TUNNEL=m
CONFIG_INET_XFRM_MODE_BEET=y
CONFIG_INET_DIAG=m
CONFIG_INET_TCP_DIAG=m
# CONFIG_TCP_CONG_ADVANCED is not set
CONFIG_TCP_CONG_CUBIC=y
CONFIG_DEFAULT_TCP_CONG="cubic"
#
# IP: Virtual Server Configuration
#
# CONFIG_IP_VS is not set
CONFIG_IPV6=m
CONFIG_IPV6_PRIVACY=y
CONFIG_IPV6_ROUTER_PREF=y
CONFIG_IPV6_ROUTE_INFO=y
CONFIG_INET6_AH=m
CONFIG_INET6_ESP=m
CONFIG_INET6_IPCOMP=m
CONFIG_IPV6_MIP6=y
CONFIG_INET6_XFRM_TUNNEL=m
CONFIG_INET6_TUNNEL=m
CONFIG_INET6_XFRM_MODE_TRANSPORT=m
CONFIG_INET6_XFRM_MODE_TUNNEL=m
CONFIG_INET6_XFRM_MODE_BEET=m
CONFIG_INET6_XFRM_MODE_ROUTEOPTIMIZATION=m
CONFIG_IPV6_SIT=m
CONFIG_IPV6_TUNNEL=m
CONFIG_IPV6_MULTIPLE_TABLES=y
CONFIG_IPV6_SUBTREES=y
CONFIG_IPV6_ROUTE_FWMARK=y
CONFIG_NETLABEL=y
CONFIG_NETWORK_SECMARK=y
CONFIG_NETFILTER=y
# CONFIG_NETFILTER_DEBUG is not set
#
# Core Netfilter Configuration
#
CONFIG_NETFILTER_NETLINK=y
CONFIG_NETFILTER_NETLINK_QUEUE=y
CONFIG_NETFILTER_NETLINK_LOG=y
CONFIG_NETFILTER_XTABLES=m
CONFIG_NETFILTER_XT_TARGET_CLASSIFY=m
CONFIG_NETFILTER_XT_TARGET_CONNMARK=m
CONFIG_NETFILTER_XT_TARGET_DSCP=m
CONFIG_NETFILTER_XT_TARGET_MARK=m
CONFIG_NETFILTER_XT_TARGET_NFQUEUE=m
CONFIG_NETFILTER_XT_TARGET_NOTRACK=m
CONFIG_NETFILTER_XT_TARGET_SECMARK=m
# CONFIG_NETFILTER_XT_TARGET_CONNSECMARK is not set
CONFIG_NETFILTER_XT_MATCH_COMMENT=m
CONFIG_NETFILTER_XT_MATCH_CONNBYTES=m
CONFIG_NETFILTER_XT_MATCH_CONNMARK=m
CONFIG_NETFILTER_XT_MATCH_CONNTRACK=m
CONFIG_NETFILTER_XT_MATCH_DCCP=m
CONFIG_NETFILTER_XT_MATCH_DSCP=m
CONFIG_NETFILTER_XT_MATCH_ESP=m
CONFIG_NETFILTER_XT_MATCH_HELPER=m
CONFIG_NETFILTER_XT_MATCH_LENGTH=m
CONFIG_NETFILTER_XT_MATCH_LIMIT=m
CONFIG_NETFILTER_XT_MATCH_MAC=m
CONFIG_NETFILTER_XT_MATCH_MARK=m
CONFIG_NETFILTER_XT_MATCH_POLICY=m
CONFIG_NETFILTER_XT_MATCH_MULTIPORT=m
CONFIG_NETFILTER_XT_MATCH_PKTTYPE=m
CONFIG_NETFILTER_XT_MATCH_QUOTA=m
CONFIG_NETFILTER_XT_MATCH_REALM=m
CONFIG_NETFILTER_XT_MATCH_SCTP=m
CONFIG_NETFILTER_XT_MATCH_STATE=m
CONFIG_NETFILTER_XT_MATCH_STATISTIC=m
CONFIG_NETFILTER_XT_MATCH_STRING=m
CONFIG_NETFILTER_XT_MATCH_TCPMSS=m
#
# IP: Netfilter Configuration
#
CONFIG_IP_NF_CONNTRACK=m
CONFIG_IP_NF_CT_ACCT=y
CONFIG_IP_NF_CONNTRACK_MARK=y
CONFIG_IP_NF_CONNTRACK_SECMARK=y
CONFIG_IP_NF_CONNTRACK_EVENTS=y
CONFIG_IP_NF_CONNTRACK_NETLINK=m
CONFIG_IP_NF_CT_PROTO_SCTP=m
CONFIG_IP_NF_FTP=m
CONFIG_IP_NF_IRC=m
CONFIG_IP_NF_NETBIOS_NS=m
CONFIG_IP_NF_TFTP=m
CONFIG_IP_NF_AMANDA=m
CONFIG_IP_NF_PPTP=m
CONFIG_IP_NF_H323=m
CONFIG_IP_NF_SIP=m
# CONFIG_IP_NF_QUEUE is not set
CONFIG_IP_NF_IPTABLES=m
CONFIG_IP_NF_MATCH_IPRANGE=m
CONFIG_IP_NF_MATCH_TOS=m
CONFIG_IP_NF_MATCH_RECENT=m
CONFIG_IP_NF_MATCH_ECN=m
CONFIG_IP_NF_MATCH_AH=m
CONFIG_IP_NF_MATCH_TTL=m
CONFIG_IP_NF_MATCH_OWNER=m
CONFIG_IP_NF_MATCH_ADDRTYPE=m
CONFIG_IP_NF_MATCH_HASHLIMIT=m
CONFIG_IP_NF_FILTER=m
CONFIG_IP_NF_TARGET_REJECT=m
CONFIG_IP_NF_TARGET_LOG=m
CONFIG_IP_NF_TARGET_ULOG=m
CONFIG_IP_NF_TARGET_TCPMSS=m
CONFIG_IP_NF_NAT=m
CONFIG_IP_NF_NAT_NEEDED=y
CONFIG_IP_NF_TARGET_MASQUERADE=m
CONFIG_IP_NF_TARGET_REDIRECT=m
CONFIG_IP_NF_TARGET_NETMAP=m
CONFIG_IP_NF_TARGET_SAME=m
CONFIG_IP_NF_NAT_SNMP_BASIC=m
CONFIG_IP_NF_NAT_IRC=m
CONFIG_IP_NF_NAT_FTP=m
CONFIG_IP_NF_NAT_TFTP=m
CONFIG_IP_NF_NAT_AMANDA=m
CONFIG_IP_NF_NAT_PPTP=m
CONFIG_IP_NF_NAT_H323=m
CONFIG_IP_NF_NAT_SIP=m
CONFIG_IP_NF_MANGLE=m
CONFIG_IP_NF_TARGET_TOS=m
CONFIG_IP_NF_TARGET_ECN=m
CONFIG_IP_NF_TARGET_TTL=m
CONFIG_IP_NF_TARGET_CLUSTERIP=m
CONFIG_IP_NF_RAW=m
CONFIG_IP_NF_ARPTABLES=m
CONFIG_IP_NF_ARPFILTER=m
CONFIG_IP_NF_ARP_MANGLE=m
#
# IPv6: Netfilter Configuration (EXPERIMENTAL)
#
# CONFIG_IP6_NF_QUEUE is not set
CONFIG_IP6_NF_IPTABLES=m
CONFIG_IP6_NF_MATCH_RT=m
CONFIG_IP6_NF_MATCH_OPTS=m
CONFIG_IP6_NF_MATCH_FRAG=m
CONFIG_IP6_NF_MATCH_HL=m
CONFIG_IP6_NF_MATCH_OWNER=m
CONFIG_IP6_NF_MATCH_IPV6HEADER=m
CONFIG_IP6_NF_MATCH_AH=m
CONFIG_IP6_NF_MATCH_EUI64=m
CONFIG_IP6_NF_FILTER=m
CONFIG_IP6_NF_TARGET_LOG=m
CONFIG_IP6_NF_TARGET_REJECT=m
CONFIG_IP6_NF_MANGLE=m
CONFIG_IP6_NF_TARGET_HL=m
CONFIG_IP6_NF_RAW=m
#
# DCCP Configuration (EXPERIMENTAL)
#
# CONFIG_IP_DCCP is not set
#
# SCTP Configuration (EXPERIMENTAL)
#
CONFIG_IP_SCTP=m
# CONFIG_SCTP_DBG_MSG is not set
# CONFIG_SCTP_DBG_OBJCNT is not set
# CONFIG_SCTP_HMAC_NONE is not set
CONFIG_SCTP_HMAC_SHA1=y
# CONFIG_SCTP_HMAC_MD5 is not set
#
# TIPC Configuration (EXPERIMENTAL)
#
# CONFIG_TIPC is not set
# CONFIG_ATM is not set
# CONFIG_BRIDGE is not set
# CONFIG_VLAN_8021Q is not set
# CONFIG_DECNET is not set
# CONFIG_LLC2 is not set
# CONFIG_IPX is not set
# CONFIG_ATALK is not set
# CONFIG_X25 is not set
# CONFIG_LAPB is not set
# CONFIG_ECONET is not set
# CONFIG_WAN_ROUTER is not set
#
# QoS and/or fair queueing
#
# CONFIG_NET_SCHED is not set
CONFIG_NET_CLS_ROUTE=y
#
# Network testing
#
# CONFIG_NET_PKTGEN is not set
# CONFIG_HAMRADIO is not set
CONFIG_IRDA=m
#
# IrDA protocols
#
CONFIG_IRLAN=m
CONFIG_IRNET=m
CONFIG_IRCOMM=m
CONFIG_IRDA_ULTRA=y
#
# IrDA options
#
CONFIG_IRDA_CACHE_LAST_LSAP=y
CONFIG_IRDA_FAST_RR=y
# CONFIG_IRDA_DEBUG is not set
#
# Infrared-port device drivers
#
#
# SIR device drivers
#
CONFIG_IRTTY_SIR=m
#
# Dongle support
#
# CONFIG_DONGLE is not set
#
# Old SIR device drivers
#
CONFIG_IRPORT_SIR=m
#
# Old Serial dongle support
#
# CONFIG_DONGLE_OLD is not set
#
# FIR device drivers
#
# CONFIG_USB_IRDA is not set
# CONFIG_SIGMATEL_FIR is not set
# CONFIG_NSC_FIR is not set
# CONFIG_WINBOND_FIR is not set
# CONFIG_TOSHIBA_FIR is not set
# CONFIG_SMC_IRCC_FIR is not set
# CONFIG_ALI_FIR is not set
# CONFIG_VLSI_FIR is not set
CONFIG_VIA_FIR=m
# CONFIG_MCS_FIR is not set
CONFIG_BT=m
CONFIG_BT_L2CAP=m
CONFIG_BT_SCO=m
CONFIG_BT_RFCOMM=m
CONFIG_BT_RFCOMM_TTY=y
CONFIG_BT_BNEP=m
CONFIG_BT_BNEP_MC_FILTER=y
CONFIG_BT_BNEP_PROTO_FILTER=y
CONFIG_BT_HIDP=m
#
# Bluetooth device drivers
#
CONFIG_BT_HCIUSB=m
CONFIG_BT_HCIUSB_SCO=y
CONFIG_BT_HCIUART=m
CONFIG_BT_HCIUART_H4=y
CONFIG_BT_HCIUART_BCSP=y
CONFIG_BT_HCIBCM203X=m
CONFIG_BT_HCIBPA10X=m
CONFIG_BT_HCIBFUSB=m
CONFIG_BT_HCIVHCI=m
# CONFIG_IEEE80211 is not set
CONFIG_WIRELESS_EXT=y
CONFIG_FIB_RULES=y
#
# Device Drivers
#
#
# Generic Driver Options
#
CONFIG_STANDALONE=y
CONFIG_PREVENT_FIRMWARE_BUILD=y
CONFIG_FW_LOADER=m
# CONFIG_SYS_HYPERVISOR is not set
#
# Connector - unified userspace <-> kernelspace linker
#
CONFIG_CONNECTOR=y
CONFIG_PROC_EVENTS=y
#
# Memory Technology Devices (MTD)
#
# CONFIG_MTD is not set
#
# Parallel port support
#
CONFIG_PARPORT=m
CONFIG_PARPORT_PC=m
# CONFIG_PARPORT_SERIAL is not set
CONFIG_PARPORT_PC_FIFO=y
CONFIG_PARPORT_PC_SUPERIO=y
# CONFIG_PARPORT_GSC is not set
# CONFIG_PARPORT_AX88796 is not set
CONFIG_PARPORT_1284=y
#
# Plug and Play support
#
CONFIG_PNP=y
# CONFIG_PNP_DEBUG is not set
#
# Protocols
#
CONFIG_PNPACPI=y
#
# Block devices
#
CONFIG_BLK_DEV_FD=m
# CONFIG_PARIDE is not set
# CONFIG_BLK_CPQ_DA is not set
# CONFIG_BLK_CPQ_CISS_DA is not set
# CONFIG_BLK_DEV_DAC960 is not set
# CONFIG_BLK_DEV_UMEM is not set
# CONFIG_BLK_DEV_COW_COMMON is not set
CONFIG_BLK_DEV_LOOP=y
# CONFIG_BLK_DEV_CRYPTOLOOP is not set
CONFIG_BLK_DEV_NBD=m
CONFIG_BLK_DEV_SX8=y
CONFIG_BLK_DEV_UB=m
CONFIG_BLK_DEV_RAM=y
CONFIG_BLK_DEV_RAM_COUNT=8
CONFIG_BLK_DEV_RAM_SIZE=4096
CONFIG_BLK_DEV_RAM_BLOCKSIZE=1024
CONFIG_BLK_DEV_INITRD=y
CONFIG_CDROM_PKTCDVD=m
CONFIG_CDROM_PKTCDVD_BUFFERS=8
# CONFIG_CDROM_PKTCDVD_WCACHE is not set
# CONFIG_ATA_OVER_ETH is not set
#
# Misc devices
#
# CONFIG_IBM_ASM is not set
# CONFIG_SGI_IOC4 is not set
# CONFIG_TIFM_CORE is not set
#
# ATA/ATAPI/MFM/RLL support
#
CONFIG_IDE=y
CONFIG_IDE_MAX_HWIFS=4
CONFIG_BLK_DEV_IDE=y
#
# Please see Documentation/ide.txt for help/info on IDE drives
#
# CONFIG_BLK_DEV_IDE_SATA is not set
# CONFIG_BLK_DEV_HD_IDE is not set
CONFIG_BLK_DEV_IDEDISK=y
CONFIG_IDEDISK_MULTI_MODE=y
CONFIG_BLK_DEV_IDECD=m
CONFIG_BLK_DEV_IDETAPE=m
CONFIG_BLK_DEV_IDEFLOPPY=m
CONFIG_BLK_DEV_IDESCSI=m
# CONFIG_IDE_TASK_IOCTL is not set
#
# IDE chipset support/bugfixes
#
CONFIG_IDE_GENERIC=m
# CONFIG_BLK_DEV_CMD640 is not set
# CONFIG_BLK_DEV_IDEPNP is not set
CONFIG_BLK_DEV_IDEPCI=y
CONFIG_IDEPCI_SHARE_IRQ=y
# CONFIG_BLK_DEV_OFFBOARD is not set
CONFIG_BLK_DEV_GENERIC=y
# CONFIG_BLK_DEV_OPTI621 is not set
CONFIG_BLK_DEV_RZ1000=m
CONFIG_BLK_DEV_IDEDMA_PCI=y
# CONFIG_BLK_DEV_IDEDMA_FORCED is not set
CONFIG_IDEDMA_PCI_AUTO=y
# CONFIG_IDEDMA_ONLYDISK is not set
# CONFIG_BLK_DEV_AEC62XX is not set
# CONFIG_BLK_DEV_ALI15X3 is not set
# CONFIG_BLK_DEV_AMD74XX is not set
# CONFIG_BLK_DEV_ATIIXP is not set
# CONFIG_BLK_DEV_CMD64X is not set
# CONFIG_BLK_DEV_TRIFLEX is not set
# CONFIG_BLK_DEV_CY82C693 is not set
# CONFIG_BLK_DEV_CS5520 is not set
# CONFIG_BLK_DEV_CS5530 is not set
# CONFIG_BLK_DEV_CS5535 is not set
# CONFIG_BLK_DEV_HPT34X is not set
# CONFIG_BLK_DEV_HPT366 is not set
# CONFIG_BLK_DEV_JMICRON is not set
# CONFIG_BLK_DEV_SC1200 is not set
# CONFIG_BLK_DEV_PIIX is not set
# CONFIG_BLK_DEV_IT821X is not set
# CONFIG_BLK_DEV_NS87415 is not set
CONFIG_BLK_DEV_PDC202XX_OLD=y
CONFIG_PDC202XX_BURST=y
CONFIG_BLK_DEV_PDC202XX_NEW=m
# CONFIG_BLK_DEV_SVWKS is not set
# CONFIG_BLK_DEV_SIIMAGE is not set
# CONFIG_BLK_DEV_SIS5513 is not set
# CONFIG_BLK_DEV_SLC90E66 is not set
# CONFIG_BLK_DEV_TRM290 is not set
CONFIG_BLK_DEV_VIA82CXXX=y
# CONFIG_IDE_ARM is not set
CONFIG_BLK_DEV_IDEDMA=y
# CONFIG_IDEDMA_IVB is not set
CONFIG_IDEDMA_AUTO=y
# CONFIG_BLK_DEV_HD is not set
#
# SCSI device support
#
CONFIG_RAID_ATTRS=m
CONFIG_SCSI=m
# CONFIG_SCSI_NETLINK is not set
CONFIG_SCSI_PROC_FS=y
#
# SCSI support type (disk, tape, CD-ROM)
#
CONFIG_BLK_DEV_SD=m
CONFIG_CHR_DEV_ST=m
CONFIG_CHR_DEV_OSST=m
CONFIG_BLK_DEV_SR=m
CONFIG_BLK_DEV_SR_VENDOR=y
CONFIG_CHR_DEV_SG=m
# CONFIG_CHR_DEV_SCH is not set
#
# Some SCSI devices (e.g. CD jukebox) support multiple LUNs
#
# CONFIG_SCSI_MULTI_LUN is not set
# CONFIG_SCSI_CONSTANTS is not set
# CONFIG_SCSI_LOGGING is not set
#
# SCSI Transports
#
CONFIG_SCSI_SPI_ATTRS=m
# CONFIG_SCSI_FC_ATTRS is not set
# CONFIG_SCSI_ISCSI_ATTRS is not set
# CONFIG_SCSI_SAS_ATTRS is not set
# CONFIG_SCSI_SAS_LIBSAS is not set
#
# SCSI low-level drivers
#
# CONFIG_ISCSI_TCP is not set
# CONFIG_BLK_DEV_3W_XXXX_RAID is not set
# CONFIG_SCSI_3W_9XXX is not set
# CONFIG_SCSI_ACARD is not set
# CONFIG_SCSI_AACRAID is not set
CONFIG_SCSI_AIC7XXX=m
CONFIG_AIC7XXX_CMDS_PER_DEVICE=32
CONFIG_AIC7XXX_RESET_DELAY_MS=15000
# CONFIG_AIC7XXX_DEBUG_ENABLE is not set
CONFIG_AIC7XXX_DEBUG_MASK=0
# CONFIG_AIC7XXX_REG_PRETTY_PRINT is not set
CONFIG_SCSI_AIC7XXX_OLD=m
# CONFIG_SCSI_AIC79XX is not set
# CONFIG_SCSI_AIC94XX is not set
# CONFIG_SCSI_DPT_I2O is not set
# CONFIG_SCSI_ADVANSYS is not set
# CONFIG_SCSI_ARCMSR is not set
# CONFIG_MEGARAID_NEWGEN is not set
# CONFIG_MEGARAID_LEGACY is not set
# CONFIG_MEGARAID_SAS is not set
# CONFIG_SCSI_HPTIOP is not set
# CONFIG_SCSI_BUSLOGIC is not set
# CONFIG_SCSI_DMX3191D is not set
# CONFIG_SCSI_EATA is not set
# CONFIG_SCSI_FUTURE_DOMAIN is not set
# CONFIG_SCSI_GDTH is not set
# CONFIG_SCSI_IPS is not set
# CONFIG_SCSI_INITIO is not set
# CONFIG_SCSI_INIA100 is not set
# CONFIG_SCSI_PPA is not set
# CONFIG_SCSI_IMM is not set
# CONFIG_SCSI_STEX is not set
CONFIG_SCSI_SYM53C8XX_2=m
CONFIG_SCSI_SYM53C8XX_DMA_ADDRESSING_MODE=1
CONFIG_SCSI_SYM53C8XX_DEFAULT_TAGS=16
CONFIG_SCSI_SYM53C8XX_MAX_TAGS=64
CONFIG_SCSI_SYM53C8XX_MMIO=y
# CONFIG_SCSI_IPR is not set
# CONFIG_SCSI_QLOGIC_1280 is not set
# CONFIG_SCSI_QLA_FC is not set
# CONFIG_SCSI_QLA_ISCSI is not set
# CONFIG_SCSI_LPFC is not set
# CONFIG_SCSI_DC395x is not set
# CONFIG_SCSI_DC390T is not set
# CONFIG_SCSI_NSP32 is not set
# CONFIG_SCSI_DEBUG is not set
#
# Serial ATA (prod) and Parallel ATA (experimental) drivers
#
CONFIG_ATA=m
# CONFIG_SATA_AHCI is not set
# CONFIG_SATA_SVW is not set
# CONFIG_ATA_PIIX is not set
# CONFIG_SATA_MV is not set
# CONFIG_SATA_NV is not set
# CONFIG_PDC_ADMA is not set
# CONFIG_SATA_QSTOR is not set
# CONFIG_SATA_PROMISE is not set
# CONFIG_SATA_SX4 is not set
# CONFIG_SATA_SIL is not set
# CONFIG_SATA_SIL24 is not set
# CONFIG_SATA_SIS is not set
# CONFIG_SATA_ULI is not set
CONFIG_SATA_VIA=m
# CONFIG_SATA_VITESSE is not set
# CONFIG_PATA_ALI is not set
# CONFIG_PATA_AMD is not set
# CONFIG_PATA_ARTOP is not set
# CONFIG_PATA_ATIIXP is not set
# CONFIG_PATA_CMD64X is not set
# CONFIG_PATA_CS5520 is not set
# CONFIG_PATA_CS5530 is not set
# CONFIG_PATA_CS5535 is not set
# CONFIG_PATA_CYPRESS is not set
# CONFIG_PATA_EFAR is not set
# CONFIG_ATA_GENERIC is not set
# CONFIG_PATA_HPT366 is not set
# CONFIG_PATA_HPT37X is not set
# CONFIG_PATA_HPT3X2N is not set
# CONFIG_PATA_HPT3X3 is not set
# CONFIG_PATA_IT821X is not set
# CONFIG_PATA_JMICRON is not set
# CONFIG_PATA_TRIFLEX is not set
# CONFIG_PATA_MPIIX is not set
# CONFIG_PATA_OLDPIIX is not set
# CONFIG_PATA_NETCELL is not set
# CONFIG_PATA_NS87410 is not set
# CONFIG_PATA_OPTI is not set
# CONFIG_PATA_OPTIDMA is not set
# CONFIG_PATA_PDC_OLD is not set
# CONFIG_PATA_RADISYS is not set
# CONFIG_PATA_RZ1000 is not set
# CONFIG_PATA_SC1200 is not set
# CONFIG_PATA_SERVERWORKS is not set
# CONFIG_PATA_PDC2027X is not set
# CONFIG_PATA_SIL680 is not set
# CONFIG_PATA_SIS is not set
CONFIG_PATA_VIA=m
# CONFIG_PATA_WINBOND is not set
#
# Multi-device support (RAID and LVM)
#
CONFIG_MD=y
CONFIG_BLK_DEV_MD=m
CONFIG_MD_LINEAR=m
CONFIG_MD_RAID0=m
CONFIG_MD_RAID1=m
CONFIG_MD_RAID10=m
CONFIG_MD_RAID456=m
# CONFIG_MD_RAID5_RESHAPE is not set
CONFIG_MD_MULTIPATH=m
CONFIG_MD_FAULTY=m
CONFIG_BLK_DEV_DM=m
# CONFIG_DM_DEBUG is not set
CONFIG_DM_CRYPT=m
CONFIG_DM_SNAPSHOT=m
CONFIG_DM_MIRROR=m
CONFIG_DM_ZERO=m
CONFIG_DM_MULTIPATH=m
# CONFIG_DM_MULTIPATH_EMC is not set
#
# Fusion MPT device support
#
# CONFIG_FUSION is not set
# CONFIG_FUSION_SPI is not set
# CONFIG_FUSION_FC is not set
# CONFIG_FUSION_SAS is not set
#
# IEEE 1394 (FireWire) support
#
CONFIG_IEEE1394=m
#
# Subsystem Options
#
# CONFIG_IEEE1394_VERBOSEDEBUG is not set
# CONFIG_IEEE1394_OUI_DB is not set
CONFIG_IEEE1394_EXTRA_CONFIG_ROMS=y
CONFIG_IEEE1394_CONFIG_ROM_IP1394=y
# CONFIG_IEEE1394_EXPORT_FULL_API is not set
#
# Device Drivers
#
# CONFIG_IEEE1394_PCILYNX is not set
CONFIG_IEEE1394_OHCI1394=m
#
# Protocol Drivers
#
CONFIG_IEEE1394_VIDEO1394=m
# CONFIG_IEEE1394_SBP2 is not set
# CONFIG_IEEE1394_ETH1394 is not set
# CONFIG_IEEE1394_DV1394 is not set
CONFIG_IEEE1394_RAWIO=m
#
# I2O device support
#
# CONFIG_I2O is not set
#
# Network device support
#
CONFIG_NETDEVICES=y
CONFIG_DUMMY=m
# CONFIG_BONDING is not set
# CONFIG_EQUALIZER is not set
CONFIG_TUN=m
# CONFIG_NET_SB1000 is not set
#
# ARCnet devices
#
# CONFIG_ARCNET is not set
#
# PHY device support
#
CONFIG_PHYLIB=m
#
# MII PHY device drivers
#
CONFIG_MARVELL_PHY=m
# CONFIG_DAVICOM_PHY is not set
# CONFIG_QSEMI_PHY is not set
# CONFIG_LXT_PHY is not set
# CONFIG_CICADA_PHY is not set
# CONFIG_VITESSE_PHY is not set
# CONFIG_SMSC_PHY is not set
CONFIG_FIXED_PHY=m
CONFIG_FIXED_MII_10_FDX=y
CONFIG_FIXED_MII_100_FDX=y
#
# Ethernet (10 or 100Mbit)
#
CONFIG_NET_ETHERNET=y
CONFIG_MII=m
# CONFIG_HAPPYMEAL is not set
# CONFIG_SUNGEM is not set
# CONFIG_CASSINI is not set
# CONFIG_NET_VENDOR_3COM is not set
#
# Tulip family network device support
#
# CONFIG_NET_TULIP is not set
# CONFIG_HP100 is not set
# CONFIG_NET_PCI is not set
# CONFIG_NET_POCKET is not set
#
# Ethernet (1000 Mbit)
#
# CONFIG_ACENIC is not set
# CONFIG_DL2K is not set
# CONFIG_E1000 is not set
# CONFIG_NS83820 is not set
# CONFIG_HAMACHI is not set
# CONFIG_YELLOWFIN is not set
# CONFIG_R8169 is not set
# CONFIG_SIS190 is not set
CONFIG_SKGE=m
# CONFIG_SKY2 is not set
CONFIG_SK98LIN=m
# CONFIG_TIGON3 is not set
# CONFIG_BNX2 is not set
# CONFIG_QLA3XXX is not set
#
# Ethernet (10000 Mbit)
#
# CONFIG_CHELSIO_T1 is not set
# CONFIG_IXGB is not set
# CONFIG_S2IO is not set
# CONFIG_MYRI10GE is not set
#
# Token Ring devices
#
# CONFIG_TR is not set
#
# Wireless LAN (non-hamradio)
#
CONFIG_NET_RADIO=y
# CONFIG_NET_WIRELESS_RTNETLINK is not set
#
# Obsolete Wireless cards support (pre-802.11)
#
# CONFIG_STRIP is not set
#
# Wireless 802.11b ISA/PCI cards support
#
# CONFIG_IPW2100 is not set
# CONFIG_IPW2200 is not set
# CONFIG_AIRO is not set
# CONFIG_HERMES is not set
# CONFIG_ATMEL is not set
#
# Prism GT/Duette 802.11(a/b/g) PCI/Cardbus support
#
# CONFIG_PRISM54 is not set
# CONFIG_USB_ZD1201 is not set
# CONFIG_HOSTAP is not set
CONFIG_NET_WIRELESS=y
#
# Wan interfaces
#
# CONFIG_WAN is not set
# CONFIG_FDDI is not set
# CONFIG_HIPPI is not set
# CONFIG_PLIP is not set
CONFIG_PPP=m
# CONFIG_PPP_MULTILINK is not set
CONFIG_PPP_FILTER=y
CONFIG_PPP_ASYNC=m
# CONFIG_PPP_SYNC_TTY is not set
CONFIG_PPP_DEFLATE=m
CONFIG_PPP_BSDCOMP=m
# CONFIG_PPP_MPPE is not set
CONFIG_PPPOE=m
# CONFIG_SLIP is not set
CONFIG_SLHC=m
# CONFIG_NET_FC is not set
# CONFIG_SHAPER is not set
# CONFIG_NETCONSOLE is not set
# CONFIG_NETPOLL is not set
# CONFIG_NET_POLL_CONTROLLER is not set
#
# ISDN subsystem
#
# CONFIG_ISDN is not set
#
# Telephony Support
#
CONFIG_PHONE=m
# CONFIG_PHONE_IXJ is not set
#
# Input device support
#
CONFIG_INPUT=y
CONFIG_INPUT_FF_MEMLESS=m
#
# Userland interfaces
#
CONFIG_INPUT_MOUSEDEV=m
CONFIG_INPUT_MOUSEDEV_PSAUX=y
CONFIG_INPUT_MOUSEDEV_SCREEN_X=1280
CONFIG_INPUT_MOUSEDEV_SCREEN_Y=1024
CONFIG_INPUT_JOYDEV=m
# CONFIG_INPUT_TSDEV is not set
CONFIG_INPUT_EVDEV=m
# CONFIG_INPUT_EVBUG is not set
#
# Input Device Drivers
#
CONFIG_INPUT_KEYBOARD=y
CONFIG_KEYBOARD_ATKBD=y
CONFIG_KEYBOARD_SUNKBD=m
CONFIG_KEYBOARD_LKKBD=m
CONFIG_KEYBOARD_XTKBD=m
CONFIG_KEYBOARD_NEWTON=m
CONFIG_KEYBOARD_STOWAWAY=m
CONFIG_INPUT_MOUSE=y
CONFIG_MOUSE_PS2=m
CONFIG_MOUSE_SERIAL=m
CONFIG_MOUSE_VSXXXAA=m
CONFIG_INPUT_JOYSTICK=y
CONFIG_JOYSTICK_ANALOG=m
# CONFIG_JOYSTICK_A3D is not set
CONFIG_JOYSTICK_ADI=m
# CONFIG_JOYSTICK_COBRA is not set
# CONFIG_JOYSTICK_GF2K is not set
# CONFIG_JOYSTICK_GRIP is not set
# CONFIG_JOYSTICK_GRIP_MP is not set
# CONFIG_JOYSTICK_GUILLEMOT is not set
# CONFIG_JOYSTICK_INTERACT is not set
# CONFIG_JOYSTICK_SIDEWINDER is not set
# CONFIG_JOYSTICK_TMDC is not set
CONFIG_JOYSTICK_IFORCE=m
CONFIG_JOYSTICK_IFORCE_USB=y
# CONFIG_JOYSTICK_IFORCE_232 is not set
CONFIG_JOYSTICK_WARRIOR=m
# CONFIG_JOYSTICK_MAGELLAN is not set
# CONFIG_JOYSTICK_SPACEORB is not set
# CONFIG_JOYSTICK_SPACEBALL is not set
# CONFIG_JOYSTICK_STINGER is not set
# CONFIG_JOYSTICK_TWIDJOY is not set
# CONFIG_JOYSTICK_DB9 is not set
# CONFIG_JOYSTICK_GAMECON is not set
# CONFIG_JOYSTICK_TURBOGRAFX is not set
CONFIG_JOYSTICK_JOYDUMP=m
# CONFIG_INPUT_TOUCHSCREEN is not set
CONFIG_INPUT_MISC=y
CONFIG_INPUT_PCSPKR=m
# CONFIG_INPUT_WISTRON_BTNS is not set
CONFIG_INPUT_UINPUT=m
#
# Hardware I/O ports
#
CONFIG_SERIO=y
CONFIG_SERIO_I8042=y
CONFIG_SERIO_SERPORT=m
# CONFIG_SERIO_CT82C710 is not set
CONFIG_SERIO_PARKBD=m
# CONFIG_SERIO_PCIPS2 is not set
CONFIG_SERIO_LIBPS2=y
CONFIG_SERIO_RAW=m
CONFIG_GAMEPORT=m
CONFIG_GAMEPORT_NS558=m
# CONFIG_GAMEPORT_L4 is not set
CONFIG_GAMEPORT_EMU10K1=m
# CONFIG_GAMEPORT_FM801 is not set
#
# Character devices
#
CONFIG_VT=y
CONFIG_VT_CONSOLE=y
CONFIG_HW_CONSOLE=y
CONFIG_VT_HW_CONSOLE_BINDING=y
# CONFIG_SERIAL_NONSTANDARD is not set
#
# Serial drivers
#
CONFIG_SERIAL_8250=m
CONFIG_SERIAL_8250_PCI=m
CONFIG_SERIAL_8250_PNP=m
CONFIG_SERIAL_8250_NR_UARTS=4
CONFIG_SERIAL_8250_RUNTIME_UARTS=2
CONFIG_SERIAL_8250_EXTENDED=y
# CONFIG_SERIAL_8250_MANY_PORTS is not set
CONFIG_SERIAL_8250_SHARE_IRQ=y
# CONFIG_SERIAL_8250_DETECT_IRQ is not set
# CONFIG_SERIAL_8250_RSA is not set
#
# Non-8250 serial port support
#
CONFIG_SERIAL_CORE=m
# CONFIG_SERIAL_JSM is not set
CONFIG_UNIX98_PTYS=y
# CONFIG_LEGACY_PTYS is not set
CONFIG_PRINTER=m
# CONFIG_LP_CONSOLE is not set
CONFIG_PPDEV=m
# CONFIG_TIPAR is not set
#
# IPMI
#
CONFIG_IPMI_HANDLER=m
# CONFIG_IPMI_PANIC_EVENT is not set
CONFIG_IPMI_DEVICE_INTERFACE=m
CONFIG_IPMI_SI=m
CONFIG_IPMI_WATCHDOG=m
CONFIG_IPMI_POWEROFF=m
#
# Watchdog Cards
#
# CONFIG_WATCHDOG is not set
CONFIG_HW_RANDOM=y
# CONFIG_HW_RANDOM_INTEL is not set
# CONFIG_HW_RANDOM_AMD is not set
# CONFIG_HW_RANDOM_GEODE is not set
CONFIG_HW_RANDOM_VIA=m
CONFIG_NVRAM=m
CONFIG_RTC=m
CONFIG_GEN_RTC=m
CONFIG_GEN_RTC_X=y
# CONFIG_DTLK is not set
# CONFIG_R3964 is not set
# CONFIG_APPLICOM is not set
# CONFIG_SONYPI is not set
#
# Ftape, the floppy tape device driver
#
# CONFIG_FTAPE is not set
CONFIG_AGP=y
# CONFIG_AGP_ALI is not set
# CONFIG_AGP_ATI is not set
# CONFIG_AGP_AMD is not set
CONFIG_AGP_AMD64=y
# CONFIG_AGP_INTEL is not set
# CONFIG_AGP_NVIDIA is not set
# CONFIG_AGP_SIS is not set
# CONFIG_AGP_SWORKS is not set
CONFIG_AGP_VIA=m
# CONFIG_AGP_EFFICEON is not set
# CONFIG_DRM is not set
# CONFIG_MWAVE is not set
# CONFIG_PC8736x_GPIO is not set
# CONFIG_NSC_GPIO is not set
# CONFIG_CS5535_GPIO is not set
# CONFIG_RAW_DRIVER is not set
CONFIG_HPET=y
# CONFIG_HPET_RTC_IRQ is not set
CONFIG_HPET_MMAP=y
CONFIG_HANGCHECK_TIMER=m
#
# TPM devices
#
# CONFIG_TCG_TPM is not set
# CONFIG_TELCLOCK is not set
#
# I2C support
#
CONFIG_I2C=y
CONFIG_I2C_CHARDEV=m
#
# I2C Algorithms
#
CONFIG_I2C_ALGOBIT=m
CONFIG_I2C_ALGOPCF=m
CONFIG_I2C_ALGOPCA=m
#
# I2C Hardware Bus support
#
# CONFIG_I2C_ALI1535 is not set
# CONFIG_I2C_ALI1563 is not set
# CONFIG_I2C_ALI15X3 is not set
# CONFIG_I2C_AMD756 is not set
# CONFIG_I2C_AMD8111 is not set
# CONFIG_I2C_I801 is not set
# CONFIG_I2C_I810 is not set
# CONFIG_I2C_PIIX4 is not set
CONFIG_I2C_ISA=m
# CONFIG_I2C_NFORCE2 is not set
# CONFIG_I2C_OCORES is not set
# CONFIG_I2C_PARPORT is not set
# CONFIG_I2C_PARPORT_LIGHT is not set
# CONFIG_I2C_PROSAVAGE is not set
# CONFIG_I2C_SAVAGE4 is not set
# CONFIG_SCx200_ACB is not set
# CONFIG_I2C_SIS5595 is not set
# CONFIG_I2C_SIS630 is not set
# CONFIG_I2C_SIS96X is not set
# CONFIG_I2C_STUB is not set
CONFIG_I2C_VIA=m
CONFIG_I2C_VIAPRO=m
# CONFIG_I2C_VOODOO3 is not set
# CONFIG_I2C_PCA_ISA is not set
#
# Miscellaneous I2C Chip support
#
# CONFIG_SENSORS_DS1337 is not set
# CONFIG_SENSORS_DS1374 is not set
CONFIG_SENSORS_EEPROM=m
# CONFIG_SENSORS_PCF8574 is not set
# CONFIG_SENSORS_PCA9539 is not set
# CONFIG_SENSORS_PCF8591 is not set
# CONFIG_SENSORS_MAX6875 is not set
# CONFIG_I2C_DEBUG_CORE is not set
# CONFIG_I2C_DEBUG_ALGO is not set
# CONFIG_I2C_DEBUG_BUS is not set
# CONFIG_I2C_DEBUG_CHIP is not set
#
# SPI support
#
CONFIG_SPI=y
CONFIG_SPI_MASTER=y
#
# SPI Master Controller Drivers
#
CONFIG_SPI_BITBANG=m
# CONFIG_SPI_BUTTERFLY is not set
#
# SPI Protocol Masters
#
#
# Dallas's 1-wire bus
#
# CONFIG_W1 is not set
#
# Hardware Monitoring support
#
CONFIG_HWMON=y
CONFIG_HWMON_VID=m
# CONFIG_SENSORS_ABITUGURU is not set
# CONFIG_SENSORS_ADM1021 is not set
# CONFIG_SENSORS_ADM1025 is not set
# CONFIG_SENSORS_ADM1026 is not set
# CONFIG_SENSORS_ADM1031 is not set
# CONFIG_SENSORS_ADM9240 is not set
CONFIG_SENSORS_K8TEMP=m
# CONFIG_SENSORS_ASB100 is not set
# CONFIG_SENSORS_ATXP1 is not set
# CONFIG_SENSORS_DS1621 is not set
# CONFIG_SENSORS_F71805F is not set
# CONFIG_SENSORS_FSCHER is not set
# CONFIG_SENSORS_FSCPOS is not set
# CONFIG_SENSORS_GL518SM is not set
# CONFIG_SENSORS_GL520SM is not set
# CONFIG_SENSORS_IT87 is not set
# CONFIG_SENSORS_LM63 is not set
# CONFIG_SENSORS_LM70 is not set
# CONFIG_SENSORS_LM75 is not set
# CONFIG_SENSORS_LM77 is not set
# CONFIG_SENSORS_LM78 is not set
# CONFIG_SENSORS_LM80 is not set
# CONFIG_SENSORS_LM83 is not set
# CONFIG_SENSORS_LM85 is not set
# CONFIG_SENSORS_LM87 is not set
# CONFIG_SENSORS_LM90 is not set
# CONFIG_SENSORS_LM92 is not set
# CONFIG_SENSORS_MAX1619 is not set
# CONFIG_SENSORS_PC87360 is not set
# CONFIG_SENSORS_SIS5595 is not set
# CONFIG_SENSORS_SMSC47M1 is not set
# CONFIG_SENSORS_SMSC47M192 is not set
# CONFIG_SENSORS_SMSC47B397 is not set
CONFIG_SENSORS_VIA686A=m
CONFIG_SENSORS_VT1211=m
CONFIG_SENSORS_VT8231=m
# CONFIG_SENSORS_W83781D is not set
# CONFIG_SENSORS_W83791D is not set
# CONFIG_SENSORS_W83792D is not set
# CONFIG_SENSORS_W83L785TS is not set
# CONFIG_SENSORS_W83627HF is not set
# CONFIG_SENSORS_W83627EHF is not set
# CONFIG_SENSORS_HDAPS is not set
# CONFIG_HWMON_DEBUG_CHIP is not set
#
# Multimedia devices
#
CONFIG_VIDEO_DEV=m
CONFIG_VIDEO_V4L1=y
CONFIG_VIDEO_V4L1_COMPAT=y
CONFIG_VIDEO_V4L2=y
#
# Video Capture Adapters
#
#
# Video Capture Adapters
#
# CONFIG_VIDEO_ADV_DEBUG is not set
CONFIG_VIDEO_HELPER_CHIPS_AUTO=y
CONFIG_VIDEO_TVAUDIO=m
CONFIG_VIDEO_TDA7432=m
CONFIG_VIDEO_TDA9875=m
CONFIG_VIDEO_MSP3400=m
# CONFIG_VIDEO_VIVI is not set
CONFIG_VIDEO_BT848=m
# CONFIG_VIDEO_SAA6588 is not set
# CONFIG_VIDEO_BWQCAM is not set
# CONFIG_VIDEO_CQCAM is not set
# CONFIG_VIDEO_W9966 is not set
CONFIG_VIDEO_CPIA=m
# CONFIG_VIDEO_CPIA_PP is not set
CONFIG_VIDEO_CPIA_USB=m
# CONFIG_VIDEO_CPIA2 is not set
# CONFIG_VIDEO_SAA5246A is not set
# CONFIG_VIDEO_SAA5249 is not set
# CONFIG_TUNER_3036 is not set
# CONFIG_VIDEO_STRADIS is not set
# CONFIG_VIDEO_ZORAN is not set
# CONFIG_VIDEO_SAA7134 is not set
# CONFIG_VIDEO_MXB is not set
# CONFIG_VIDEO_DPC is not set
# CONFIG_VIDEO_HEXIUM_ORION is not set
# CONFIG_VIDEO_HEXIUM_GEMINI is not set
# CONFIG_VIDEO_CX88 is not set
#
# V4L USB devices
#
# CONFIG_VIDEO_PVRUSB2 is not set
# CONFIG_VIDEO_EM28XX is not set
# CONFIG_USB_VICAM is not set
# CONFIG_USB_IBMCAM is not set
# CONFIG_USB_KONICAWC is not set
# CONFIG_USB_QUICKCAM_MESSENGER is not set
# CONFIG_USB_ET61X251 is not set
# CONFIG_VIDEO_OVCAMCHIP is not set
# CONFIG_USB_W9968CF is not set
# CONFIG_USB_OV511 is not set
# CONFIG_USB_SE401 is not set
# CONFIG_USB_SN9C102 is not set
# CONFIG_USB_STV680 is not set
# CONFIG_USB_ZC0301 is not set
CONFIG_USB_PWC=m
# CONFIG_USB_PWC_DEBUG is not set
#
# Radio Adapters
#
# CONFIG_RADIO_GEMTEK_PCI is not set
# CONFIG_RADIO_MAXIRADIO is not set
# CONFIG_RADIO_MAESTRO is not set
# CONFIG_USB_DSBR is not set
#
# Digital Video Broadcasting Devices
#
# CONFIG_DVB is not set
CONFIG_VIDEO_TUNER=m
CONFIG_VIDEO_BUF=m
CONFIG_VIDEO_BTCX=m
CONFIG_VIDEO_IR=m
CONFIG_VIDEO_TVEEPROM=m
# CONFIG_USB_DABUSB is not set
#
# Graphics support
#
CONFIG_FIRMWARE_EDID=y
CONFIG_FB=y
# CONFIG_FB_DDC is not set
CONFIG_FB_CFB_FILLRECT=y
CONFIG_FB_CFB_COPYAREA=y
CONFIG_FB_CFB_IMAGEBLIT=y
# CONFIG_FB_MACMODES is not set
# CONFIG_FB_BACKLIGHT is not set
# CONFIG_FB_MODE_HELPERS is not set
CONFIG_FB_TILEBLITTING=y
# CONFIG_FB_CIRRUS is not set
# CONFIG_FB_PM2 is not set
# CONFIG_FB_CYBER2000 is not set
# CONFIG_FB_ARC is not set
# CONFIG_FB_ASILIANT is not set
# CONFIG_FB_IMSTT is not set
# CONFIG_FB_VGA16 is not set
CONFIG_FB_VESA=y
# CONFIG_FB_HGA is not set
# CONFIG_FB_S1D13XXX is not set
# CONFIG_FB_NVIDIA is not set
# CONFIG_FB_RIVA is not set
# CONFIG_FB_I810 is not set
# CONFIG_FB_INTEL is not set
# CONFIG_FB_MATROX is not set
# CONFIG_FB_RADEON is not set
# CONFIG_FB_ATY128 is not set
# CONFIG_FB_ATY is not set
# CONFIG_FB_SAVAGE is not set
# CONFIG_FB_SIS is not set
# CONFIG_FB_NEOMAGIC is not set
# CONFIG_FB_KYRO is not set
# CONFIG_FB_3DFX is not set
# CONFIG_FB_VOODOO1 is not set
# CONFIG_FB_CYBLA is not set
# CONFIG_FB_TRIDENT is not set
# CONFIG_FB_GEODE is not set
# CONFIG_FB_VIRTUAL is not set
#
# Console display driver support
#
CONFIG_VGA_CONSOLE=y
# CONFIG_VGACON_SOFT_SCROLLBACK is not set
CONFIG_VIDEO_SELECT=y
CONFIG_DUMMY_CONSOLE=y
CONFIG_FRAMEBUFFER_CONSOLE=y
CONFIG_FRAMEBUFFER_CONSOLE_ROTATION=y
CONFIG_FONTS=y
CONFIG_FONT_8x8=y
CONFIG_FONT_8x16=y
CONFIG_FONT_6x11=y
CONFIG_FONT_7x14=y
CONFIG_FONT_PEARL_8x8=y
CONFIG_FONT_ACORN_8x8=y
CONFIG_FONT_MINI_4x6=y
CONFIG_FONT_SUN8x16=y
# CONFIG_FONT_SUN12x22 is not set
CONFIG_FONT_10x18=y
#
# Logo configuration
#
CONFIG_LOGO=y
# CONFIG_LOGO_LINUX_MONO is not set
CONFIG_LOGO_LINUX_VGA16=y
CONFIG_LOGO_LINUX_CLUT224=y
# CONFIG_BACKLIGHT_LCD_SUPPORT is not set
#
# Sound
#
CONFIG_SOUND=y
#
# Advanced Linux Sound Architecture
#
CONFIG_SND=m
CONFIG_SND_TIMER=m
CONFIG_SND_PCM=m
CONFIG_SND_HWDEP=m
CONFIG_SND_RAWMIDI=m
CONFIG_SND_SEQUENCER=m
CONFIG_SND_SEQ_DUMMY=m
CONFIG_SND_OSSEMUL=y
CONFIG_SND_MIXER_OSS=m
CONFIG_SND_PCM_OSS=m
CONFIG_SND_PCM_OSS_PLUGINS=y
CONFIG_SND_SEQUENCER_OSS=y
CONFIG_SND_RTCTIMER=m
CONFIG_SND_SEQ_RTCTIMER_DEFAULT=y
# CONFIG_SND_DYNAMIC_MINORS is not set
CONFIG_SND_SUPPORT_OLD_API=y
CONFIG_SND_VERBOSE_PROCFS=y
# CONFIG_SND_VERBOSE_PRINTK is not set
# CONFIG_SND_DEBUG is not set
#
# Generic devices
#
CONFIG_SND_MPU401_UART=m
CONFIG_SND_OPL3_LIB=m
CONFIG_SND_AC97_CODEC=m
CONFIG_SND_AC97_BUS=m
CONFIG_SND_DUMMY=m
CONFIG_SND_VIRMIDI=m
# CONFIG_SND_MTPAV is not set
# CONFIG_SND_MTS64 is not set
CONFIG_SND_SERIAL_U16550=m
CONFIG_SND_MPU401=m
#
# PCI devices
#
# CONFIG_SND_AD1889 is not set
# CONFIG_SND_ALS300 is not set
# CONFIG_SND_ALS4000 is not set
# CONFIG_SND_ALI5451 is not set
# CONFIG_SND_ATIIXP is not set
# CONFIG_SND_ATIIXP_MODEM is not set
# CONFIG_SND_AU8810 is not set
# CONFIG_SND_AU8820 is not set
# CONFIG_SND_AU8830 is not set
# CONFIG_SND_AZT3328 is not set
CONFIG_SND_BT87X=m
# CONFIG_SND_BT87X_OVERCLOCK is not set
# CONFIG_SND_CA0106 is not set
CONFIG_SND_CMIPCI=m
# CONFIG_SND_CS4281 is not set
# CONFIG_SND_CS46XX is not set
# CONFIG_SND_CS5535AUDIO is not set
# CONFIG_SND_DARLA20 is not set
# CONFIG_SND_GINA20 is not set
# CONFIG_SND_LAYLA20 is not set
# CONFIG_SND_DARLA24 is not set
# CONFIG_SND_GINA24 is not set
# CONFIG_SND_LAYLA24 is not set
# CONFIG_SND_MONA is not set
# CONFIG_SND_MIA is not set
# CONFIG_SND_ECHO3G is not set
# CONFIG_SND_INDIGO is not set
# CONFIG_SND_INDIGOIO is not set
# CONFIG_SND_INDIGODJ is not set
CONFIG_SND_EMU10K1=m
# CONFIG_SND_EMU10K1X is not set
# CONFIG_SND_ENS1370 is not set
# CONFIG_SND_ENS1371 is not set
# CONFIG_SND_ES1938 is not set
# CONFIG_SND_ES1968 is not set
# CONFIG_SND_FM801 is not set
# CONFIG_SND_HDA_INTEL is not set
# CONFIG_SND_HDSP is not set
# CONFIG_SND_HDSPM is not set
# CONFIG_SND_ICE1712 is not set
# CONFIG_SND_ICE1724 is not set
# CONFIG_SND_INTEL8X0 is not set
# CONFIG_SND_INTEL8X0M is not set
# CONFIG_SND_KORG1212 is not set
# CONFIG_SND_MAESTRO3 is not set
# CONFIG_SND_MIXART is not set
# CONFIG_SND_NM256 is not set
# CONFIG_SND_PCXHR is not set
# CONFIG_SND_RIPTIDE is not set
# CONFIG_SND_RME32 is not set
# CONFIG_SND_RME96 is not set
# CONFIG_SND_RME9652 is not set
# CONFIG_SND_SONICVIBES is not set
# CONFIG_SND_TRIDENT is not set
CONFIG_SND_VIA82XX=m
CONFIG_SND_VIA82XX_MODEM=m
# CONFIG_SND_VX222 is not set
# CONFIG_SND_YMFPCI is not set
# CONFIG_SND_AC97_POWER_SAVE is not set
#
# USB devices
#
CONFIG_SND_USB_AUDIO=m
# CONFIG_SND_USB_USX2Y is not set
#
# Open Sound System
#
# CONFIG_SOUND_PRIME is not set
#
# USB support
#
CONFIG_USB_ARCH_HAS_HCD=y
CONFIG_USB_ARCH_HAS_OHCI=y
CONFIG_USB_ARCH_HAS_EHCI=y
CONFIG_USB=y
# CONFIG_USB_DEBUG is not set
#
# Miscellaneous USB options
#
CONFIG_USB_DEVICEFS=y
# CONFIG_USB_BANDWIDTH is not set
# CONFIG_USB_DYNAMIC_MINORS is not set
CONFIG_USB_SUSPEND=y
# CONFIG_USB_OTG is not set
#
# USB Host Controller Drivers
#
CONFIG_USB_EHCI_HCD=m
CONFIG_USB_EHCI_SPLIT_ISO=y
CONFIG_USB_EHCI_ROOT_HUB_TT=y
CONFIG_USB_EHCI_TT_NEWSCHED=y
# CONFIG_USB_ISP116X_HCD is not set
CONFIG_USB_OHCI_HCD=m
# CONFIG_USB_OHCI_BIG_ENDIAN is not set
CONFIG_USB_OHCI_LITTLE_ENDIAN=y
CONFIG_USB_UHCI_HCD=m
# CONFIG_USB_SL811_HCD is not set
#
# USB Device Class drivers
#
CONFIG_USB_ACM=m
CONFIG_USB_PRINTER=m
#
# NOTE: USB_STORAGE enables SCSI, and 'SCSI disk support'
#
#
# may also be needed; see USB_STORAGE Help for more information
#
CONFIG_USB_STORAGE=m
# CONFIG_USB_STORAGE_DEBUG is not set
# CONFIG_USB_STORAGE_DATAFAB is not set
# CONFIG_USB_STORAGE_FREECOM is not set
# CONFIG_USB_STORAGE_ISD200 is not set
# CONFIG_USB_STORAGE_DPCM is not set
# CONFIG_USB_STORAGE_USBAT is not set
# CONFIG_USB_STORAGE_SDDR09 is not set
# CONFIG_USB_STORAGE_SDDR55 is not set
# CONFIG_USB_STORAGE_JUMPSHOT is not set
# CONFIG_USB_STORAGE_ALAUDA is not set
# CONFIG_USB_STORAGE_KARMA is not set
CONFIG_USB_LIBUSUAL=y
#
# USB Input Devices
#
CONFIG_USB_HID=m
CONFIG_USB_HIDINPUT=y
# CONFIG_USB_HIDINPUT_POWERBOOK is not set
CONFIG_HID_FF=y
CONFIG_HID_PID=y
CONFIG_LOGITECH_FF=y
# CONFIG_THRUSTMASTER_FF is not set
# CONFIG_ZEROPLUS_FF is not set
CONFIG_USB_HIDDEV=y
#
# USB HID Boot Protocol drivers
#
CONFIG_USB_KBD=m
CONFIG_USB_MOUSE=m
# CONFIG_USB_AIPTEK is not set
# CONFIG_USB_WACOM is not set
# CONFIG_USB_ACECAD is not set
# CONFIG_USB_KBTAB is not set
# CONFIG_USB_POWERMATE is not set
# CONFIG_USB_TOUCHSCREEN is not set
# CONFIG_USB_YEALINK is not set
# CONFIG_USB_XPAD is not set
# CONFIG_USB_ATI_REMOTE is not set
# CONFIG_USB_ATI_REMOTE2 is not set
# CONFIG_USB_KEYSPAN_REMOTE is not set
# CONFIG_USB_APPLETOUCH is not set
#
# USB Imaging devices
#
# CONFIG_USB_MDC800 is not set
# CONFIG_USB_MICROTEK is not set
#
# USB Network Adapters
#
# CONFIG_USB_CATC is not set
# CONFIG_USB_KAWETH is not set
# CONFIG_USB_PEGASUS is not set
# CONFIG_USB_RTL8150 is not set
# CONFIG_USB_USBNET_MII is not set
# CONFIG_USB_USBNET is not set
CONFIG_USB_MON=y
#
# USB port drivers
#
# CONFIG_USB_USS720 is not set
#
# USB Serial Converter support
#
CONFIG_USB_SERIAL=m
CONFIG_USB_SERIAL_GENERIC=y
# CONFIG_USB_SERIAL_AIRCABLE is not set
# CONFIG_USB_SERIAL_AIRPRIME is not set
# CONFIG_USB_SERIAL_ARK3116 is not set
# CONFIG_USB_SERIAL_BELKIN is not set
# CONFIG_USB_SERIAL_WHITEHEAT is not set
# CONFIG_USB_SERIAL_DIGI_ACCELEPORT is not set
# CONFIG_USB_SERIAL_CP2101 is not set
# CONFIG_USB_SERIAL_CYPRESS_M8 is not set
# CONFIG_USB_SERIAL_EMPEG is not set
# CONFIG_USB_SERIAL_FTDI_SIO is not set
# CONFIG_USB_SERIAL_FUNSOFT is not set
# CONFIG_USB_SERIAL_VISOR is not set
# CONFIG_USB_SERIAL_IPAQ is not set
CONFIG_USB_SERIAL_IR=m
# CONFIG_USB_SERIAL_EDGEPORT is not set
# CONFIG_USB_SERIAL_EDGEPORT_TI is not set
# CONFIG_USB_SERIAL_GARMIN is not set
# CONFIG_USB_SERIAL_IPW is not set
# CONFIG_USB_SERIAL_KEYSPAN_PDA is not set
CONFIG_USB_SERIAL_KEYSPAN=m
# CONFIG_USB_SERIAL_KEYSPAN_MPR is not set
CONFIG_USB_SERIAL_KEYSPAN_USA28=y
CONFIG_USB_SERIAL_KEYSPAN_USA28X=y
# CONFIG_USB_SERIAL_KEYSPAN_USA28XA is not set
# CONFIG_USB_SERIAL_KEYSPAN_USA28XB is not set
# CONFIG_USB_SERIAL_KEYSPAN_USA19 is not set
# CONFIG_USB_SERIAL_KEYSPAN_USA18X is not set
# CONFIG_USB_SERIAL_KEYSPAN_USA19W is not set
# CONFIG_USB_SERIAL_KEYSPAN_USA19QW is not set
# CONFIG_USB_SERIAL_KEYSPAN_USA19QI is not set
# CONFIG_USB_SERIAL_KEYSPAN_USA49W is not set
# CONFIG_USB_SERIAL_KEYSPAN_USA49WLC is not set
# CONFIG_USB_SERIAL_KLSI is not set
# CONFIG_USB_SERIAL_KOBIL_SCT is not set
# CONFIG_USB_SERIAL_MCT_U232 is not set
# CONFIG_USB_SERIAL_MOS7720 is not set
# CONFIG_USB_SERIAL_MOS7840 is not set
# CONFIG_USB_SERIAL_NAVMAN is not set
# CONFIG_USB_SERIAL_PL2303 is not set
# CONFIG_USB_SERIAL_HP4X is not set
# CONFIG_USB_SERIAL_SAFE is not set
# CONFIG_USB_SERIAL_SIERRAWIRELESS is not set
# CONFIG_USB_SERIAL_TI is not set
# CONFIG_USB_SERIAL_CYBERJACK is not set
# CONFIG_USB_SERIAL_XIRCOM is not set
# CONFIG_USB_SERIAL_OPTION is not set
# CONFIG_USB_SERIAL_OMNINET is not set
CONFIG_USB_EZUSB=y
#
# USB Miscellaneous drivers
#
# CONFIG_USB_EMI62 is not set
# CONFIG_USB_EMI26 is not set
# CONFIG_USB_ADUTUX is not set
# CONFIG_USB_AUERSWALD is not set
# CONFIG_USB_RIO500 is not set
# CONFIG_USB_LEGOTOWER is not set
CONFIG_USB_LCD=m
CONFIG_USB_LED=m
# CONFIG_USB_CYPRESS_CY7C63 is not set
# CONFIG_USB_CYTHERM is not set
# CONFIG_USB_PHIDGET is not set
# CONFIG_USB_IDMOUSE is not set
# CONFIG_USB_FTDI_ELAN is not set
# CONFIG_USB_APPLEDISPLAY is not set
# CONFIG_USB_SISUSBVGA is not set
# CONFIG_USB_LD is not set
# CONFIG_USB_TRANCEVIBRATOR is not set
# CONFIG_USB_TEST is not set
#
# USB DSL modem support
#
#
# USB Gadget Support
#
CONFIG_USB_GADGET=m
# CONFIG_USB_GADGET_DEBUG_FILES is not set
CONFIG_USB_GADGET_SELECTED=y
CONFIG_USB_GADGET_NET2280=y
CONFIG_USB_NET2280=m
# CONFIG_USB_GADGET_PXA2XX is not set
# CONFIG_USB_GADGET_GOKU is not set
# CONFIG_USB_GADGET_LH7A40X is not set
# CONFIG_USB_GADGET_OMAP is not set
# CONFIG_USB_GADGET_AT91 is not set
# CONFIG_USB_GADGET_DUMMY_HCD is not set
CONFIG_USB_GADGET_DUALSPEED=y
CONFIG_USB_ZERO=m
CONFIG_USB_ETH=m
# CONFIG_USB_ETH_RNDIS is not set
CONFIG_USB_GADGETFS=m
CONFIG_USB_FILE_STORAGE=m
# CONFIG_USB_FILE_STORAGE_TEST is not set
CONFIG_USB_G_SERIAL=m
# CONFIG_USB_MIDI_GADGET is not set
#
# MMC/SD Card support
#
CONFIG_MMC=m
# CONFIG_MMC_DEBUG is not set
CONFIG_MMC_BLOCK=m
CONFIG_MMC_SDHCI=m
# CONFIG_MMC_WBSD is not set
# CONFIG_MMC_TIFM_SD is not set
#
# LED devices
#
CONFIG_NEW_LEDS=y
CONFIG_LEDS_CLASS=m
#
# LED drivers
#
#
# LED Triggers
#
CONFIG_LEDS_TRIGGERS=y
CONFIG_LEDS_TRIGGER_TIMER=m
CONFIG_LEDS_TRIGGER_IDE_DISK=y
CONFIG_LEDS_TRIGGER_HEARTBEAT=m
#
# InfiniBand support
#
# CONFIG_INFINIBAND is not set
#
# EDAC - error detection and reporting (RAS) (EXPERIMENTAL)
#
CONFIG_EDAC=m
#
# Reporting subsystems
#
# CONFIG_EDAC_DEBUG is not set
CONFIG_EDAC_MM_EDAC=m
CONFIG_EDAC_AMD76X=m
# CONFIG_EDAC_E7XXX is not set
# CONFIG_EDAC_E752X is not set
# CONFIG_EDAC_I82875P is not set
# CONFIG_EDAC_I82860 is not set
# CONFIG_EDAC_R82600 is not set
CONFIG_EDAC_POLL=y
#
# Real Time Clock
#
CONFIG_RTC_LIB=m
CONFIG_RTC_CLASS=m
#
# RTC interfaces
#
CONFIG_RTC_INTF_SYSFS=m
CONFIG_RTC_INTF_PROC=m
CONFIG_RTC_INTF_DEV=m
CONFIG_RTC_INTF_DEV_UIE_EMUL=y
#
# RTC drivers
#
CONFIG_RTC_DRV_X1205=m
# CONFIG_RTC_DRV_DS1307 is not set
# CONFIG_RTC_DRV_DS1553 is not set
# CONFIG_RTC_DRV_ISL1208 is not set
CONFIG_RTC_DRV_DS1672=m
# CONFIG_RTC_DRV_DS1742 is not set
CONFIG_RTC_DRV_PCF8563=m
# CONFIG_RTC_DRV_PCF8583 is not set
# CONFIG_RTC_DRV_RS5C348 is not set
CONFIG_RTC_DRV_RS5C372=m
CONFIG_RTC_DRV_M48T86=m
# CONFIG_RTC_DRV_TEST is not set
# CONFIG_RTC_DRV_MAX6902 is not set
# CONFIG_RTC_DRV_V3020 is not set
#
# DMA Engine support
#
CONFIG_DMA_ENGINE=y
#
# DMA Clients
#
CONFIG_NET_DMA=y
#
# DMA Devices
#
# CONFIG_INTEL_IOATDMA is not set
#
# File systems
#
CONFIG_EXT2_FS=y
CONFIG_EXT2_FS_XATTR=y
CONFIG_EXT2_FS_POSIX_ACL=y
CONFIG_EXT2_FS_SECURITY=y
# CONFIG_EXT2_FS_XIP is not set
CONFIG_EXT3_FS=y
CONFIG_EXT3_FS_XATTR=y
CONFIG_EXT3_FS_POSIX_ACL=y
CONFIG_EXT3_FS_SECURITY=y
CONFIG_EXT4DEV_FS=m
CONFIG_EXT4DEV_FS_XATTR=y
CONFIG_EXT4DEV_FS_POSIX_ACL=y
CONFIG_EXT4DEV_FS_SECURITY=y
CONFIG_JBD=y
# CONFIG_JBD_DEBUG is not set
CONFIG_JBD2=m
# CONFIG_JBD2_DEBUG is not set
CONFIG_FS_MBCACHE=y
CONFIG_REISERFS_FS=m
# CONFIG_REISERFS_CHECK is not set
CONFIG_REISERFS_PROC_INFO=y
CONFIG_REISERFS_FS_XATTR=y
CONFIG_REISERFS_FS_POSIX_ACL=y
CONFIG_REISERFS_FS_SECURITY=y
CONFIG_JFS_FS=m
CONFIG_JFS_POSIX_ACL=y
CONFIG_JFS_SECURITY=y
# CONFIG_JFS_DEBUG is not set
# CONFIG_JFS_STATISTICS is not set
CONFIG_FS_POSIX_ACL=y
CONFIG_XFS_FS=y
CONFIG_XFS_QUOTA=y
CONFIG_XFS_SECURITY=y
CONFIG_XFS_POSIX_ACL=y
# CONFIG_XFS_RT is not set
# CONFIG_GFS2_FS is not set
# CONFIG_OCFS2_FS is not set
CONFIG_MINIX_FS=m
# CONFIG_ROMFS_FS is not set
CONFIG_INOTIFY=y
CONFIG_INOTIFY_USER=y
CONFIG_QUOTA=y
# CONFIG_QFMT_V1 is not set
CONFIG_QFMT_V2=m
CONFIG_QUOTACTL=y
CONFIG_DNOTIFY=y
# CONFIG_AUTOFS_FS is not set
CONFIG_AUTOFS4_FS=m
CONFIG_FUSE_FS=m
CONFIG_GENERIC_ACL=y
#
# CD-ROM/DVD Filesystems
#
CONFIG_ISO9660_FS=m
CONFIG_JOLIET=y
CONFIG_ZISOFS=y
CONFIG_ZISOFS_FS=m
CONFIG_UDF_FS=m
CONFIG_UDF_NLS=y
#
# DOS/FAT/NT Filesystems
#
CONFIG_FAT_FS=m
CONFIG_MSDOS_FS=m
CONFIG_VFAT_FS=m
CONFIG_FAT_DEFAULT_CODEPAGE=437
CONFIG_FAT_DEFAULT_IOCHARSET="iso8859-1"
CONFIG_NTFS_FS=m
# CONFIG_NTFS_DEBUG is not set
CONFIG_NTFS_RW=y
#
# Pseudo filesystems
#
CONFIG_PROC_FS=y
CONFIG_PROC_KCORE=y
CONFIG_PROC_SYSCTL=y
CONFIG_SYSFS=y
CONFIG_TMPFS=y
CONFIG_TMPFS_POSIX_ACL=y
# CONFIG_HUGETLBFS is not set
# CONFIG_HUGETLB_PAGE is not set
CONFIG_RAMFS=y
CONFIG_CONFIGFS_FS=m
#
# Miscellaneous filesystems
#
# CONFIG_ADFS_FS is not set
# CONFIG_AFFS_FS is not set
CONFIG_HFS_FS=m
CONFIG_HFSPLUS_FS=m
# CONFIG_BEFS_FS is not set
# CONFIG_BFS_FS is not set
# CONFIG_EFS_FS is not set
CONFIG_CRAMFS=m
# CONFIG_VXFS_FS is not set
# CONFIG_HPFS_FS is not set
# CONFIG_QNX4FS_FS is not set
# CONFIG_SYSV_FS is not set
CONFIG_UFS_FS=m
# CONFIG_UFS_FS_WRITE is not set
# CONFIG_UFS_DEBUG is not set
#
# Network File Systems
#
CONFIG_NFS_FS=m
CONFIG_NFS_V3=y
CONFIG_NFS_V3_ACL=y
CONFIG_NFS_V4=y
# CONFIG_NFS_DIRECTIO is not set
CONFIG_NFSD=m
CONFIG_NFSD_V2_ACL=y
CONFIG_NFSD_V3=y
CONFIG_NFSD_V3_ACL=y
CONFIG_NFSD_V4=y
CONFIG_NFSD_TCP=y
CONFIG_LOCKD=m
CONFIG_LOCKD_V4=y
CONFIG_EXPORTFS=m
CONFIG_NFS_ACL_SUPPORT=m
CONFIG_NFS_COMMON=y
CONFIG_SUNRPC=m
CONFIG_SUNRPC_GSS=m
CONFIG_RPCSEC_GSS_KRB5=m
CONFIG_RPCSEC_GSS_SPKM3=m
CONFIG_SMB_FS=m
CONFIG_SMB_NLS_DEFAULT=y
CONFIG_SMB_NLS_REMOTE="cp437"
CONFIG_CIFS=m
CONFIG_CIFS_STATS=y
CONFIG_CIFS_STATS2=y
# CONFIG_CIFS_WEAK_PW_HASH is not set
CONFIG_CIFS_XATTR=y
CONFIG_CIFS_POSIX=y
# CONFIG_CIFS_DEBUG2 is not set
# CONFIG_CIFS_EXPERIMENTAL is not set
# CONFIG_NCP_FS is not set
CONFIG_CODA_FS=m
# CONFIG_CODA_FS_OLD_API is not set
# CONFIG_AFS_FS is not set
CONFIG_9P_FS=m
#
# Partition Types
#
CONFIG_PARTITION_ADVANCED=y
# CONFIG_ACORN_PARTITION is not set
# CONFIG_OSF_PARTITION is not set
# CONFIG_AMIGA_PARTITION is not set
# CONFIG_ATARI_PARTITION is not set
CONFIG_MAC_PARTITION=y
CONFIG_MSDOS_PARTITION=y
CONFIG_BSD_DISKLABEL=y
CONFIG_MINIX_SUBPARTITION=y
CONFIG_SOLARIS_X86_PARTITION=y
# CONFIG_UNIXWARE_DISKLABEL is not set
CONFIG_LDM_PARTITION=y
# CONFIG_LDM_DEBUG is not set
# CONFIG_SGI_PARTITION is not set
# CONFIG_ULTRIX_PARTITION is not set
CONFIG_SUN_PARTITION=y
# CONFIG_KARMA_PARTITION is not set
# CONFIG_EFI_PARTITION is not set
#
# Native Language Support
#
CONFIG_NLS=y
CONFIG_NLS_DEFAULT="iso8859-15"
CONFIG_NLS_CODEPAGE_437=m
CONFIG_NLS_CODEPAGE_737=m
# CONFIG_NLS_CODEPAGE_775 is not set
CONFIG_NLS_CODEPAGE_850=m
CONFIG_NLS_CODEPAGE_852=m
# CONFIG_NLS_CODEPAGE_855 is not set
# CONFIG_NLS_CODEPAGE_857 is not set
CONFIG_NLS_CODEPAGE_860=m
# CONFIG_NLS_CODEPAGE_861 is not set
CONFIG_NLS_CODEPAGE_862=m
CONFIG_NLS_CODEPAGE_863=m
# CONFIG_NLS_CODEPAGE_864 is not set
CONFIG_NLS_CODEPAGE_865=m
# CONFIG_NLS_CODEPAGE_866 is not set
CONFIG_NLS_CODEPAGE_869=m
# CONFIG_NLS_CODEPAGE_936 is not set
# CONFIG_NLS_CODEPAGE_950 is not set
CONFIG_NLS_CODEPAGE_932=m
# CONFIG_NLS_CODEPAGE_949 is not set
# CONFIG_NLS_CODEPAGE_874 is not set
CONFIG_NLS_ISO8859_8=m
CONFIG_NLS_CODEPAGE_1250=m
# CONFIG_NLS_CODEPAGE_1251 is not set
CONFIG_NLS_ASCII=m
CONFIG_NLS_ISO8859_1=m
CONFIG_NLS_ISO8859_2=m
# CONFIG_NLS_ISO8859_3 is not set
# CONFIG_NLS_ISO8859_4 is not set
CONFIG_NLS_ISO8859_5=m
# CONFIG_NLS_ISO8859_6 is not set
CONFIG_NLS_ISO8859_7=m
# CONFIG_NLS_ISO8859_9 is not set
# CONFIG_NLS_ISO8859_13 is not set
# CONFIG_NLS_ISO8859_14 is not set
CONFIG_NLS_ISO8859_15=m
CONFIG_NLS_KOI8_R=m
# CONFIG_NLS_KOI8_U is not set
CONFIG_NLS_UTF8=m
#
# Distributed Lock Manager
#
CONFIG_DLM=m
# CONFIG_DLM_DEBUG is not set
#
# Instrumentation Support
#
# CONFIG_PROFILING is not set
# CONFIG_KPROBES is not set
#
# Kernel hacking
#
CONFIG_TRACE_IRQFLAGS_SUPPORT=y
# CONFIG_PRINTK_TIME is not set
CONFIG_ENABLE_MUST_CHECK=y
CONFIG_MAGIC_SYSRQ=y
CONFIG_UNUSED_SYMBOLS=y
# CONFIG_DEBUG_KERNEL is not set
CONFIG_LOG_BUF_SHIFT=14
# CONFIG_DEBUG_BUGVERBOSE is not set
# CONFIG_DEBUG_FS is not set
# CONFIG_UNWIND_INFO is not set
CONFIG_HEADERS_CHECK=y
CONFIG_EARLY_PRINTK=y
CONFIG_DOUBLEFAULT=y
#
# Security options
#
# CONFIG_KEYS is not set
CONFIG_SECURITY=y
CONFIG_SECURITY_NETWORK=y
# CONFIG_SECURITY_NETWORK_XFRM is not set
CONFIG_SECURITY_CAPABILITIES=m
CONFIG_SECURITY_ROOTPLUG=m
CONFIG_SECURITY_SELINUX=y
CONFIG_SECURITY_SELINUX_BOOTPARAM=y
CONFIG_SECURITY_SELINUX_BOOTPARAM_VALUE=0
CONFIG_SECURITY_SELINUX_DISABLE=y
CONFIG_SECURITY_SELINUX_DEVELOP=y
CONFIG_SECURITY_SELINUX_AVC_STATS=y
CONFIG_SECURITY_SELINUX_CHECKREQPROT_VALUE=1
CONFIG_SECURITY_SELINUX_ENABLE_SECMARK_DEFAULT=y
# CONFIG_SECURITY_SELINUX_POLICYDB_VERSION_MAX is not set
#
# Cryptographic options
#
CONFIG_CRYPTO=y
CONFIG_CRYPTO_ALGAPI=y
CONFIG_CRYPTO_BLKCIPHER=m
CONFIG_CRYPTO_HASH=y
CONFIG_CRYPTO_MANAGER=y
CONFIG_CRYPTO_HMAC=y
CONFIG_CRYPTO_NULL=m
CONFIG_CRYPTO_MD4=m
CONFIG_CRYPTO_MD5=y
CONFIG_CRYPTO_SHA1=m
CONFIG_CRYPTO_SHA256=m
CONFIG_CRYPTO_SHA512=m
CONFIG_CRYPTO_WP512=m
CONFIG_CRYPTO_TGR192=m
CONFIG_CRYPTO_ECB=m
CONFIG_CRYPTO_CBC=m
CONFIG_CRYPTO_DES=m
CONFIG_CRYPTO_BLOWFISH=m
CONFIG_CRYPTO_TWOFISH=m
CONFIG_CRYPTO_TWOFISH_COMMON=m
CONFIG_CRYPTO_TWOFISH_586=m
CONFIG_CRYPTO_SERPENT=m
CONFIG_CRYPTO_AES=m
CONFIG_CRYPTO_AES_586=m
CONFIG_CRYPTO_CAST5=m
CONFIG_CRYPTO_CAST6=m
CONFIG_CRYPTO_TEA=m
CONFIG_CRYPTO_ARC4=m
CONFIG_CRYPTO_KHAZAD=m
CONFIG_CRYPTO_ANUBIS=m
CONFIG_CRYPTO_DEFLATE=m
# CONFIG_CRYPTO_MICHAEL_MIC is not set
CONFIG_CRYPTO_CRC32C=m
CONFIG_CRYPTO_TEST=m
#
# Hardware crypto devices
#
# CONFIG_CRYPTO_DEV_PADLOCK is not set
#
# Library routines
#
CONFIG_CRC_CCITT=m
CONFIG_CRC16=m
CONFIG_CRC32=y
CONFIG_LIBCRC32C=m
CONFIG_AUDIT_GENERIC=y
CONFIG_ZLIB_INFLATE=m
CONFIG_ZLIB_DEFLATE=m
CONFIG_TEXTSEARCH=y
CONFIG_TEXTSEARCH_KMP=m
CONFIG_TEXTSEARCH_BM=m
CONFIG_TEXTSEARCH_FSM=m
CONFIG_PLIST=y
CONFIG_GENERIC_HARDIRQS=y
CONFIG_GENERIC_IRQ_PROBE=y
CONFIG_X86_BIOS_REBOOT=y
CONFIG_KTIME_SCALAR=y
-
To unsubscribe from this list: send the line "unsubscribe linux-kernel" in
the body of a message to majordomo@vger.kernel.org
More majordomo info at  
http://vger.kernel.org/majordomo-info.html
Please read the FAQ at  
http://www.tux.org/lkml/