Date: Sat, 17 Jan 2004 01:41:13 +0100
From: Adrian Bunk <>
Subject: Re: p4-clockmod does not compile under 2.6.1-mm3
Sender: linux-kernel-owner@vger.kernel.org
Precedence: bulk
List-ID: <linux-kernel.vger.kernel.org>
X-Mailing-List: linux-kernel@vger.kernel.org
X-Lkml-Link: https://lkml.org/lkml/2004/1/16/261

On Fri, Jan 16, 2004 at 08:14:24PM +0100, Eduard Roccatello wrote:
> Hello :-)
Hi Eduard,
> bash-2.05b# gcc --version
> gcc (GCC) 3.2.3
> 
> bash-2.05b# make
>   SPLIT   include/linux/autoconf.h -> include/config/*
> make[1]: `arch/i386/kernel/asm-offsets.s' is up to date.
>   CHK     include/linux/compile.h
>   CC      arch/i386/kernel/cpu/cpufreq/p4-clockmod.o
> arch/i386/kernel/cpu/cpufreq/p4-clockmod.c: In function `cpufreq_p4_setdc':
> arch/i386/kernel/cpu/cpufreq/p4-clockmod.c:71: `cpu_sibling_map' undeclared 
> (first use in this function)
> arch/i386/kernel/cpu/cpufreq/p4-clockmod.c:71: (Each undeclared identifier 
> is reported only once
> arch/i386/kernel/cpu/cpufreq/p4-clockmod.c:71: for each function it appears 
> in.)
> make[3]: *** [arch/i386/kernel/cpu/cpufreq/p4-clockmod.o] Error 1
> make[2]: *** [arch/i386/kernel/cpu/cpufreq] Error 2
> make[1]: *** [arch/i386/kernel/cpu] Error 2
> make: *** [arch/i386/kernel] Error 2
> 
> adding a cpumask_t cpu_sibling_map[NR_CPUS] to the function make it compile 
> but i think this is a very bad solution (sorry I'm not a kernel hacker :-)
thanks for your report.
This was a known bug in -mm3 that is already fixed in -mm4 [1].
> Thanks,
> Eduard
cu
Adrian
[1] 
ftp://ftp.kernel.org/pub/linux/kernel/people/akpm/patches/2.6/2.6.1/2.6.1-mm4/broken-out/p4-clockmod-sibling-map-fix.patch
-- 
       "Is there not promise of rain?" Ling Tan asked suddenly out
        of the darkness. There had been need of rain for many days.
       "Only a promise," Lao Er said.
                                       Pearl S. Buck - Dragon Seed
-
To unsubscribe from this list: send the line "unsubscribe linux-kernel" in
the body of a message to majordomo@vger.kernel.org
More majordomo info at  
http://vger.kernel.org/majordomo-info.html
Please read the FAQ at  
http://www.tux.org/lkml/