Date: Tue, 22 Aug 2000 08:51:01 -0600 (MDT)
From: William Astle <>
Subject: 2.2.14 oops
Sender: linux-kernel-owner@vger.kernel.org
Precedence: bulk
List-ID: <linux-kernel.vger.kernel.org>
X-Mailing-List: linux-kernel@vger.kernel.org
X-Lkml-Link: https://lkml.org/lkml/2000/8/22/50

I have experienced an oops with the 2.2.14 kernel that ships with Red Hat
6.2. The oops ended with something along the lines of
Aiieeee trying to kill interrupt handler
Killing swapper - not syncing
Sorry for the vagueness; this resulted in a hard freeze where I couldn't
scroll back the console to see the top of the oops nor could I take the
time to write down the oops as this is a production system that had to be
back up asap. The oops did not show up in the system log after rebooting.
I have included the uname -a output as well as dmesg from after the
reboot. Perhaps someone out there will have some idea what might have
caused the oops. (As this is a production system, I do not have the luxury
of enabling a serial console or playing around with it.)
uname -a:
Linux thought 2.2.14-5.0 #1 Tue Mar 7 21:07:39 EST 2000 i686 unknown
dmesg (after the reboot):
Linux version 2.2.14-5.0 (root@porky.devel.redhat.com) (gcc version
egcs-2.91.66 19990314/Linux (egcs-1.1.2 release)) #1 Tue Mar 7 21:07:39 
EST 2000
Detected 599942239 Hz processor.
Console: colour VGA+ 80x25
Calibrating delay loop... 598.02 BogoMIPS
Memory: 257624k/262080k available (1060k kernel code, 412k reserved, 2920k
data, 64k init, 0k bigmem)
Dentry hash table entries: 262144 (order 9, 2048k)
Buffer cache hash table entries: 262144 (order 8, 1024k)
Page cache hash table entries: 65536 (order 6, 256k)
VFS: Diskquotas version dquot_6.4.0 initialized
CPU: Intel Pentium III (Coppermine) stepping 01
Enabling extended fast FPU save and restore...done.
Not enabling KNI unmasked exception support
Exception 19 error handler not integrated yet
Disabling CPUID Serial number...done.
Checking 386/387 coupling... OK, FPU using exception 16 error reporting.
Checking 'hlt' instruction... OK.
POSIX conformance testing by UNIFIX
mtrr: v1.35a (19990819) Richard Gooch (rgooch@atnf.csiro.au)
PCI: PCI BIOS revision 2.10 entry at 0xfb180
PCI: Using configuration type 1
PCI: Probing PCI hardware
Linux NET4.0 for Linux 2.2
Based upon Swansea University Computer Society NET3.039
NET4: Unix domain sockets 1.0 for Linux NET4.0.
NET4: Linux TCP/IP 1.0 for NET4.0
IP Protocols: ICMP, UDP, TCP, IGMP
TCP: Hash tables configured (ehash 262144 bhash 65536)
Initializing RT netlink socket
Starting kswapd v 1.5 
Detected PS/2 Mouse Port.
Serial driver version 4.27 with MANY_PORTS MULTIPORT SHARE_IRQ enabled
ttyS00 at 0x03f8 (irq = 4) is a 16550A
ttyS01 at 0x02f8 (irq = 3) is a 16550A
pty: 256 Unix98 ptys configured
apm: BIOS version 1.2 Flags 0x07 (Driver version 1.9)
Real Time Clock Driver v1.09
RAM disk driver initialized:  16 RAM disks of 4096K size
PIIX4: IDE controller on PCI bus 00 dev 39
PIIX4: not 100% native mode: will probe irqs later
    ide0: BM-DMA at 0xf000-0xf007, BIOS settings: hda:DMA, hdb:DMA
    ide1: BM-DMA at 0xf008-0xf00f, BIOS settings: hdc:DMA, hdd:DMA
hda: Maxtor 92041U4, ATA DISK drive
hdc: CREATIVE CD5230E, ATAPI CDROM drive
ide0 at 0x1f0-0x1f7,0x3f6 on irq 14
ide1 at 0x170-0x177,0x376 on irq 15
hda: Maxtor 92041U4, 19541MB w/512kB Cache, CHS=2491/255/63
hdc: ATAPI 52X CD-ROM drive, 128kB Cache
Uniform CDROM driver Revision: 2.56
Floppy drive(s): fd0 is 1.44M
FDC 0 is a post-1991 82077
md driver 0.90.0 MAX_MD_DEVS=256, MAX_REAL=12
raid5: measuring checksumming speed
raid5: KNI detected, trying cache-avoiding KNI checksum routine
   pIII_kni  :  1138.428 MB/sec
raid5: MMX detected, trying high-speed MMX checksum routines
   pII_mmx   :  1394.841 MB/sec
   p5_mmx    :  1480.947 MB/sec
   8regs     :  1032.129 MB/sec
   32regs    :   587.121 MB/sec
using fastest function: pIII_kni (1138.428 MB/sec)
scsi : 0 hosts.
scsi : detected total.
md.c: sizeof(mdp_super_t) = 4096
Partition check:
 hda: hda1 hda2 < hda5 hda6 hda7 hda8 hda9 >
autodetecting RAID arrays
autorun ...
... autorun DONE.
VFS: Mounted root (ext2 filesystem) readonly.
Freeing unused kernel memory: 64k freed
Adding Swap: 530104k swap-space (priority -1)
rtl8139.c:v1.07 5/6/99 Donald Becker
http://cesdis.gsfc.nasa.gov/linux/drivers/rtl8139.html
eth0: RealTek RTL8139 Fast Ethernet at 0xe400, IRQ 11, 00:50:ba:d2:95:5b.
William Astle
finger lost@l-w.net for further information
-----BEGIN GEEK CODE BLOCK-----
Version: 3.12
GCS/M/S d- s+:+ !a C++ UL++++$ P++ L+++ !E W++ !N w--- !O !M PS PE V-- Y+
PGP t+@ 5++ X !R tv+@ b+++@ !DI D? G e++ h+ y?
------END GEEK CODE BLOCK------
-
To unsubscribe from this list: send the line "unsubscribe linux-kernel" in
the body of a message to majordomo@vger.kernel.org
Please read the FAQ at 
http://www.tux.org/lkml/