Date: Sat, 9 Sep 2000 14:16:01 -0300
From: Cesar Eduardo Barros <>
Subject: Re: Spontaneous reboot in test8
Sender: linux-kernel-owner@vger.kernel.org
Precedence: bulk
List-ID: <linux-kernel.vger.kernel.org>
X-Mailing-List: linux-kernel@vger.kernel.org
X-Lkml-Link: https://lkml.org/lkml/2000/9/9/52

On Sat, Sep 09, 2000 at 02:01:29PM -0300, cesarb wrote:
> 
> I just got a spontaneous reboot in test8. My logs say nothing. It was less
> than an hour after booting it into test8.
> 
> [...]
> 
> I'll send the rest of the dmesg output (or any other info on my hw) later if
> needed, I'm afraid that if I wait too much to send this message it'll reboot
> before I can do it =)
> 
Now that I know the message has been sent, here's some extra info:
- kernel using riel's t8p5 vmpatch
- also using axboe's blk-2 patch
Linux version 2.4.0-test8 (root@flower) (gcc version 2.95.2 20000220 (Debian GNU/Linux)) #1 Fri Sep 8 22:47:28 BRT 2000
BIOS-provided physical RAM map:
 BIOS-e820: 000000000009fc00 @ 0000000000000000 (usable)
 BIOS-e820: 0000000000000400 @ 000000000009fc00 (reserved)
 BIOS-e820: 0000000000010000 @ 00000000000f0000 (reserved)
 BIOS-e820: 0000000007ef0000 @ 0000000000100000 (usable)
 BIOS-e820: 0000000000008000 @ 0000000007ff0000 (ACPI data)
 BIOS-e820: 0000000000008000 @ 0000000007ff8000 (ACPI NVS)
 BIOS-e820: 0000000000010000 @ 00000000ffff0000 (reserved)
On node 0 totalpages: 32752
zone(0): 4096 pages.
zone(1): 28656 pages.
zone(2): 0 pages.
Kernel command line: auto BOOT_IMAGE=Linux ro root=301 BOOT_FILE=/vmlinuz
Initializing CPU#0
Detected 748578699 Hz processor.
Console: colour VGA+ 80x50
Calibrating delay loop... 1494.22 BogoMIPS
Memory: 127060k/131008k available (935k kernel code, 3560k reserved, 64k data, 172k init, 0k highmem)
Dentry-cache hash table entries: 16384 (order: 5, 131072 bytes)
Buffer-cache hash table entries: 4096 (order: 2, 16384 bytes)
Page-cache hash table entries: 32768 (order: 5, 131072 bytes)
Inode-cache hash table entries: 8192 (order: 4, 65536 bytes)
VFS: Diskquotas version dquot_6.4.0 initialized
CPU: L1 I Cache: 64K  L1 D Cache: 64K (64 bytes/line)
CPU: L2 Cache: 512K
CPU: AMD Athlon(tm) Processor stepping 02
Checking 'hlt' instruction... OK.
POSIX conformance testing by UNIFIX
mtrr: v1.36 (20000221) Richard Gooch (rgooch@atnf.csiro.au)
PCI: PCI BIOS revision 2.10 entry at 0xfdb01, last bus=1
PCI: Using configuration type 1
PCI: Probing PCI hardware
PCI: Using IRQ router VIA [1106/0586] at 00:07.0
isapnp: Scanning for Pnp cards...
isapnp: Card 'U.S. Robotics 56K Voice INT'
isapnp: 1 Plug & Play card detected total
Linux NET4.0 for Linux 2.4
Based upon Swansea University Computer Society NET3.039
NET4: Unix domain sockets 1.0/SMP for Linux NET4.0.
NET4: Linux TCP/IP 1.0 for NET4.0
IP Protocols: ICMP, UDP, TCP, IGMP
IP: routing cache hash table of 512 buckets, 4Kbytes
TCP: Hash tables configured (established 8192 bind 8192)
Linux IP multicast router 0.06 plus PIM-SM
Initializing RT netlink socket
apm: BIOS version 1.2 Flags 0x03 (Driver version 1.13)
ACPI: "AMI" found at 0x000fb0d0
ACPI: found platform errata 0x00000030
acpi: APM is already active.
Starting kswapd v1.8
pty: 256 Unix98 ptys configured
Uniform Multi-Platform E-IDE driver Revision: 6.31
ide: Assuming 33MHz system bus speed for PIO modes; override with idebus=xx
VP_IDE: IDE controller on PCI bus 00 dev 39
VP_IDE: chipset revision 6
VP_IDE: not 100% native mode: will probe irqs later
VP_IDE: VIA vt82c686a IDE UDMA66 controller on pci0:7.1
    ide0: BM-DMA at 0xffa0-0xffa7, BIOS settings: hda:DMA, hdb:pio
    ide1: BM-DMA at 0xffa8-0xffaf, BIOS settings: hdc:pio, hdd:pio
hda: ST320423A, ATA DISK drive
ide: Assuming 33MHz system bus speed for PIO modes; override with idebus=xx
hdc: CR-2802TE, ATAPI CDROM drive
ide0 at 0x1f0-0x1f7,0x3f6 on irq 14
ide1 at 0x170-0x177,0x376 on irq 15
hda: 40011300 sectors (20486 MB) w/512KiB Cache, CHS=2490/255/63, UDMA(66)
Partition check:
 hda: hda1
VFS: Mounted root (ext2 filesystem) readonly.
Freeing unused kernel memory: 172k freed
Adding Swap: 131064k swap-space (priority -1)
8139too Fast Ethernet driver 0.9.8 loaded
eth0: RealTek RTL8139 Fast Ethernet board found at 0xefffff00, IRQ 10
eth0:   Chip is 'RTL-8139B'
eth0:   MAC address 00:e0:7d:78:fa:b4.
ne2k-pci.c:vpre-1.00e 5/27/99 D. Becker/P. Gortmaker 
http://cesdis.gsfc.nasa.gov/linux/drivers/ne2k-pci.html
eth1: RealTek RTL-8029 found at 0xc800, IRQ 11, 00:00:21:C6:03:DD.
Serial driver version 5.02 (2000-08-09) with MANY_PORTS SHARE_IRQ SERIAL_PCI ISAPNP enabled
ttyS00 at 0x03f8 (irq = 4) is a 16550A
ttyS01 at port 0x02f8 (irq = 3) is a 16550A
Real Time Clock Driver v1.10c
0x378: FIFO is 16 bytes
0x378: writeIntrThreshold is 8
0x378: readIntrThreshold is 8
0x378: PWord is 8 bits
0x378: Interrupts are ISA-Pulses
0x378: possible IRQ conflict!
0x378: ECP port cfgA=0x10 cfgB=0x00
0x378: ECP settings irq=<none or set by other means> dma=<none or set by other means>
parport0: PC-style at 0x378 (0x778), irq 7, dma 255 [PCSPP,TRISTATE,COMPAT,ECP,DMA]
parport0: dma 255 in use, resorting to PIO operation
parport0: cpp_daisy: aa5500ff(38)
parport0: assign_addrs: aa5500ff(38)
parport0: cpp_daisy: aa5500ff(38)
parport0: assign_addrs: aa5500ff(38)
parport_pc: Via 686A parallel port: io=0x378, irq=7, dma=255
lp0: using parport0 (interrupt-driven).
Creative EMU10K1 PCI Audio Driver, version 0.7, 22:55:23 Sep  8 2000
emu10k1: EMU10K1 rev 8 model 0x8027 found, IO at 0xd000-0xd01f, IRQ 9
-- 
Cesar Eduardo Barros
cesarb@nitnet.com.br
cesarb@dcc.ufrj.br
-
To unsubscribe from this list: send the line "unsubscribe linux-kernel" in
the body of a message to majordomo@vger.kernel.org
Please read the FAQ at 
http://www.tux.org/lkml/