Date: Tue, 4 Jul 2006 21:58:54 +0200
From: "Fabio Comolli" <>
Subject: 2.6.17-mm5: lockdep prevents suspend to disk
Sender: linux-kernel-owner@vger.kernel.org
Precedence: bulk
List-ID: <linux-kernel.vger.kernel.org>
X-Mailing-List: linux-kernel@vger.kernel.org
X-Lkml-Link: https://lkml.org/lkml/2006/7/4/245

Hi.
In short:
* 2.6.17-mm5 (plus hotfix)  suspends/resume to disk correctly
* adding lockdep testsuite breaks it
Extract from dmesg:
Jul  4 21:48:08 tycho kernel: Freezing cpus ...
Jul  4 21:48:08 tycho kernel: Stopping tasks:
=====================================================================================
Jul  4 21:48:08 tycho kernel:  stopping tasks timed out after 20
seconds (8 tasks remaining):
Jul  4 21:48:08 tycho kernel:   rt-test-0
Jul  4 21:48:08 tycho kernel:   rt-test-1
Jul  4 21:48:08 tycho kernel:   rt-test-2
Jul  4 21:48:08 tycho kernel:   rt-test-3
Jul  4 21:48:08 tycho kernel:   rt-test-4
Jul  4 21:48:08 tycho kernel:   rt-test-5
Jul  4 21:48:08 tycho kernel:   rt-test-6
Jul  4 21:48:08 tycho kernel:   rt-test-7
Jul  4 21:48:08 tycho kernel: Restarting tasks...<6> Strange,
rt-test-0 not stopped
Jul  4 21:48:08 tycho kernel:  Strange, rt-test-1 not stopped
Jul  4 21:48:08 tycho kernel:  Strange, rt-test-2 not stopped
Jul  4 21:48:08 tycho kernel:  Strange, rt-test-3 not stopped
Jul  4 21:48:08 tycho kernel:  Strange, rt-test-4 not stopped
Jul  4 21:48:08 tycho kernel:  Strange, rt-test-5 not stopped
Jul  4 21:48:08 tycho kernel:  Strange, rt-test-6 not stopped
Jul  4 21:48:08 tycho kernel:  Strange, rt-test-7 not stopped
Jul  4 21:48:08 tycho kernel:  done
Jul  4 21:48:08 tycho kernel: Thawing cpus ...
Please find .config and full dmesg in attachment.
Regards,
Fabio
Linux version 2.6.17-mm5 (fcomolli@tycho) (gcc version 4.1.1 20060525 (Red Hat 4.1.1-1)) #3 SMP Tue Jul 4 21:42:03 CEST 2006
BIOS-provided physical RAM map:
sanitize start
sanitize end
copy_e820_map() start: 0000000000000000 size: 000000000009f800 end: 000000000009f800 type: 1
copy_e820_map() type is E820_RAM
add_memory_region(0000000000000000, 000000000009f800, 1)
copy_e820_map() start: 000000000009f800 size: 0000000000000800 end: 00000000000a0000 type: 2
add_memory_region(000000000009f800, 0000000000000800, 2)
copy_e820_map() start: 00000000000dc000 size: 0000000000024000 end: 0000000000100000 type: 2
add_memory_region(00000000000dc000, 0000000000024000, 2)
copy_e820_map() start: 0000000000100000 size: 000000003fde0000 end: 000000003fee0000 type: 1
copy_e820_map() type is E820_RAM
add_memory_region(0000000000100000, 000000003fde0000, 1)
copy_e820_map() start: 000000003fee0000 size: 000000000000b000 end: 000000003feeb000 type: 3
add_memory_region(000000003fee0000, 000000000000b000, 3)
copy_e820_map() start: 000000003feeb000 size: 0000000000015000 end: 000000003ff00000 type: 4
add_memory_region(000000003feeb000, 0000000000015000, 4)
copy_e820_map() start: 000000003ff00000 size: 0000000000100000 end: 0000000040000000 type: 2
add_memory_region(000000003ff00000, 0000000000100000, 2)
copy_e820_map() start: 00000000e0000000 size: 0000000010006000 end: 00000000f0006000 type: 2
add_memory_region(00000000e0000000, 0000000010006000, 2)
copy_e820_map() start: 00000000f0008000 size: 0000000000004000 end: 00000000f000c000 type: 2
add_memory_region(00000000f0008000, 0000000000004000, 2)
copy_e820_map() start: 00000000fed20000 size: 0000000000070000 end: 00000000fed90000 type: 2
add_memory_region(00000000fed20000, 0000000000070000, 2)
copy_e820_map() start: 00000000ff000000 size: 0000000001000000 end: 0000000100000000 type: 2
add_memory_region(00000000ff000000, 0000000001000000, 2)
 BIOS-e820: 0000000000000000 - 000000000009f800 (usable)
 BIOS-e820: 000000000009f800 - 00000000000a0000 (reserved)
 BIOS-e820: 00000000000dc000 - 0000000000100000 (reserved)
 BIOS-e820: 0000000000100000 - 000000003fee0000 (usable)
 BIOS-e820: 000000003fee0000 - 000000003feeb000 (ACPI data)
 BIOS-e820: 000000003feeb000 - 000000003ff00000 (ACPI NVS)
 BIOS-e820: 000000003ff00000 - 0000000040000000 (reserved)
 BIOS-e820: 00000000e0000000 - 00000000f0006000 (reserved)
 BIOS-e820: 00000000f0008000 - 00000000f000c000 (reserved)
 BIOS-e820: 00000000fed20000 - 00000000fed90000 (reserved)
 BIOS-e820: 00000000ff000000 - 0000000100000000 (reserved)
126MB HIGHMEM available.
896MB LOWMEM available.
On node 0 totalpages: 261856
  DMA zone: 4096 pages, LIFO batch:0
  Normal zone: 225280 pages, LIFO batch:31
  HighMem zone: 32480 pages, LIFO batch:7
DMI present.
ACPI: RSDP (v000 HP                                    ) @ 0x000f76a0
ACPI: RSDT (v001 HP     309E     0x06040000  LTP 0x00000000) @ 0x3fee5277
ACPI: FADT (v001 HP     309E     0x06040000 LOHR 0x0000005f) @ 0x3feeae88
ACPI: MADT (v001 HP     309E     0x06040000 LOHR 0x0000005f) @ 0x3feeaefc
ACPI: BOOT (v001 HP     309E     0x06040000  LTP 0x00000001) @ 0x3feeafd8
ACPI: MCFG (v001 HP     309E     0x06040000 LOHR 0x0000005f) @ 0x3feeaf9c
ACPI: SSDT (v001 HP     309E     0x00003000 INTL 0x20030224) @ 0x3fee56d3
ACPI: SSDT (v001 HP     309E     0x00003001 INTL 0x20030224) @ 0x3fee54fb
ACPI: SSDT (v001 HP     309E     0x00003000 INTL 0x20030224) @ 0x3fee53e7
ACPI: SSDT (v001 HP     309E     0x00000001 INTL 0x20030224) @ 0x3fee52bb
ACPI: DSDT (v001 HP     309E     0x06040000 MSFT 0x0100000e) @ 0x00000000
ACPI: PM-Timer IO Port: 0x1008
ACPI: Local APIC address 0xfee00000
ACPI: LAPIC (acpi_id[0x00] lapic_id[0x00] enabled)
Processor #0 6:13 APIC version 20
ACPI: LAPIC (acpi_id[0x01] lapic_id[0x01] disabled)
ACPI: LAPIC_NMI (acpi_id[0x00] high edge lint[0x1])
ACPI: LAPIC_NMI (acpi_id[0x01] high edge lint[0x1])
ACPI: IOAPIC (id[0x01] address[0xfec00000] gsi_base[0])
IOAPIC[0]: apic_id 1, version 32, address 0xfec00000, GSI 0-23
ACPI: INT_SRC_OVR (bus 0 bus_irq 0 global_irq 2 dfl dfl)
ACPI: INT_SRC_OVR (bus 0 bus_irq 9 global_irq 9 high level)
ACPI: IRQ0 used by override.
ACPI: IRQ2 used by override.
ACPI: IRQ9 used by override.
Enabling APIC mode:  Flat.  Using 1 I/O APICs
Using ACPI (MADT) for SMP configuration information
Allocating PCI resources starting at 50000000 (gap: 40000000:a0000000)
Detected 1729.668 MHz processor.
Built 1 zonelists.  Total pages: 261856
Kernel command line: ro root=LABEL=/ pci=assign-busses vga=792 rhgb quiet
mapped APIC to ffffd000 (fee00000)
mapped IOAPIC to ffffc000 (fec00000)
Enabling fast FPU save and restore... done.
Enabling unmasked SIMD FPU exception support... done.
Initializing CPU#0
PID hash table entries: 4096 (order: 12, 16384 bytes)
Console: colour dummy device 80x25
Lock dependency validator: Copyright (c) 2006 Red Hat, Inc., Ingo Molnar
... MAX_LOCKDEP_SUBCLASSES:    8
... MAX_LOCK_DEPTH:          30
... MAX_LOCKDEP_KEYS:        2048
... CLASSHASH_SIZE:           1024
... MAX_LOCKDEP_ENTRIES:     8192
... MAX_LOCKDEP_CHAINS:      8192
... CHAINHASH_SIZE:          4096
 memory used by lock dependency info: 696 kB
 per task-struct memory footprint: 1200 bytes
------------------------
| Locking API testsuite:
----------------------------------------------------------------------------
                                 | spin |wlock |rlock |mutex | wsem | rsem |
  --------------------------------------------------------------------------
                     A-A deadlock:  ok  |  ok  |  ok  |  ok  |  ok  |  ok  |
                 A-B-B-A deadlock:  ok  |  ok  |  ok  |  ok  |  ok  |  ok  |
             A-B-B-C-C-A deadlock:  ok  |  ok  |  ok  |  ok  |  ok  |  ok  |
             A-B-C-A-B-C deadlock:  ok  |  ok  |  ok  |  ok  |  ok  |  ok  |
         A-B-B-C-C-D-D-A deadlock:  ok  |  ok  |  ok  |  ok  |  ok  |  ok  |
         A-B-C-D-B-D-D-A deadlock:  ok  |  ok  |  ok  |  ok  |  ok  |  ok  |
         A-B-C-D-B-C-D-A deadlock:  ok  |  ok  |  ok  |  ok  |  ok  |  ok  |
                    double unlock:  ok  |  ok  |  ok  |  ok  |  ok  |  ok  |
                  initialize held:  ok  |  ok  |  ok  |  ok  |  ok  |  ok  |
                 bad unlock order:  ok  |  ok  |  ok  |  ok  |  ok  |  ok  |
  --------------------------------------------------------------------------
              recursive read-lock:             |  ok  |             |  ok  |
           recursive read-lock #2:             |  ok  |             |  ok  |
            mixed read-write-lock:             |  ok  |             |  ok  |
            mixed write-read-lock:             |  ok  |             |  ok  |
  --------------------------------------------------------------------------
     hard-irqs-on + irq-safe-A/12:  ok  |  ok  |  ok  |
     soft-irqs-on + irq-safe-A/12:  ok  |  ok  |  ok  |
     hard-irqs-on + irq-safe-A/21:  ok  |  ok  |  ok  |
     soft-irqs-on + irq-safe-A/21:  ok  |  ok  |  ok  |
       sirq-safe-A => hirqs-on/12:  ok  |  ok  |  ok  |
       sirq-safe-A => hirqs-on/21:  ok  |  ok  |  ok  |
         hard-safe-A + irqs-on/12:  ok  |  ok  |  ok  |
         soft-safe-A + irqs-on/12:  ok  |  ok  |  ok  |
         hard-safe-A + irqs-on/21:  ok  |  ok  |  ok  |
         soft-safe-A + irqs-on/21:  ok  |  ok  |  ok  |
    hard-safe-A + unsafe-B #1/123:  ok  |  ok  |  ok  |
    soft-safe-A + unsafe-B #1/123:  ok  |  ok  |  ok  |
    hard-safe-A + unsafe-B #1/132:  ok  |  ok  |  ok  |
    soft-safe-A + unsafe-B #1/132:  ok  |  ok  |  ok  |
    hard-safe-A + unsafe-B #1/213:  ok  |  ok  |  ok  |
    soft-safe-A + unsafe-B #1/213:  ok  |  ok  |  ok  |
    hard-safe-A + unsafe-B #1/231:  ok  |  ok  |  ok  |
    soft-safe-A + unsafe-B #1/231:  ok  |  ok  |  ok  |
    hard-safe-A + unsafe-B #1/312:  ok  |  ok  |  ok  |
    soft-safe-A + unsafe-B #1/312:  ok  |  ok  |  ok  |
    hard-safe-A + unsafe-B #1/321:  ok  |  ok  |  ok  |
    soft-safe-A + unsafe-B #1/321:  ok  |  ok  |  ok  |
    hard-safe-A + unsafe-B #2/123:  ok  |  ok  |  ok  |
    soft-safe-A + unsafe-B #2/123:  ok  |  ok  |  ok  |
    hard-safe-A + unsafe-B #2/132:  ok  |  ok  |  ok  |
    soft-safe-A + unsafe-B #2/132:  ok  |  ok  |  ok  |
    hard-safe-A + unsafe-B #2/213:  ok  |  ok  |  ok  |
    soft-safe-A + unsafe-B #2/213:  ok  |  ok  |  ok  |
    hard-safe-A + unsafe-B #2/231:  ok  |  ok  |  ok  |
    soft-safe-A + unsafe-B #2/231:  ok  |  ok  |  ok  |
    hard-safe-A + unsafe-B #2/312:  ok  |  ok  |  ok  |
    soft-safe-A + unsafe-B #2/312:  ok  |  ok  |  ok  |
    hard-safe-A + unsafe-B #2/321:  ok  |  ok  |  ok  |
    soft-safe-A + unsafe-B #2/321:  ok  |  ok  |  ok  |
      hard-irq lock-inversion/123:  ok  |  ok  |  ok  |
      soft-irq lock-inversion/123:  ok  |  ok  |  ok  |
      hard-irq lock-inversion/132:  ok  |  ok  |  ok  |
      soft-irq lock-inversion/132:  ok  |  ok  |  ok  |
      hard-irq lock-inversion/213:  ok  |  ok  |  ok  |
      soft-irq lock-inversion/213:  ok  |  ok  |  ok  |
      hard-irq lock-inversion/231:  ok  |  ok  |  ok  |
      soft-irq lock-inversion/231:  ok  |  ok  |  ok  |
      hard-irq lock-inversion/312:  ok  |  ok  |  ok  |
      soft-irq lock-inversion/312:  ok  |  ok  |  ok  |
      hard-irq lock-inversion/321:  ok  |  ok  |  ok  |
      soft-irq lock-inversion/321:  ok  |  ok  |  ok  |
      hard-irq read-recursion/123:  ok  |
      soft-irq read-recursion/123:  ok  |
      hard-irq read-recursion/132:  ok  |
      soft-irq read-recursion/132:  ok  |
      hard-irq read-recursion/213:  ok  |
      soft-irq read-recursion/213:  ok  |
      hard-irq read-recursion/231:  ok  |
      soft-irq read-recursion/231:  ok  |
      hard-irq read-recursion/312:  ok  |
      soft-irq read-recursion/312:  ok  |
      hard-irq read-recursion/321:  ok  |
      soft-irq read-recursion/321:  ok  |
-------------------------------------------------------
Good, all 218 testcases passed! |
---------------------------------
Dentry cache hash table entries: 131072 (order: 7, 524288 bytes)
Inode-cache hash table entries: 65536 (order: 6, 262144 bytes)
Memory: 1018204k/1047424k available (1810k kernel code, 28400k reserved, 900k data, 192k init, 129920k highmem)
Checking if this processor honours the WP bit even in supervisor mode... Ok.
Calibrating delay using timer specific routine.. 3464.31 BogoMIPS (lpj=6928623)
Mount-cache hash table entries: 512
CPU: After generic identify, caps: afe9fbff 00100000 00000000 00000000 00000180 00000000 00000000
CPU: After vendor identify, caps: afe9fbff 00100000 00000000 00000000 00000180 00000000 00000000
CPU: L1 I cache: 32K, L1 D cache: 32K
CPU: L2 cache: 2048K
CPU: After all inits, caps: afe9fbff 00100000 00000000 00000040 00000180 00000000 00000000
Intel machine check architecture supported.
Intel machine check reporting enabled on CPU#0.
Compat vDSO mapped to ffffe000.
Checking 'hlt' instruction... OK.
SMP alternatives: switching to UP code
Freeing SMP alternatives: 12k freed
ACPI: Core revision 20060623
CPU0: Intel(R) Pentium(R) M processor 1.73GHz stepping 08
Total of 1 processors activated (3464.31 BogoMIPS).
ENABLING IO-APIC IRQs
..TIMER: vector=0x31 apic1=0 pin1=2 apic2=-1 pin2=-1
Brought up 1 CPUs
migration_cost=0
checking if image is initramfs... it is
Freeing initrd memory: 2515k freed
PM: Adding info for No Bus:platform
NET: Registered protocol family 16
ACPI: bus type pci registered
PCI: Using MMCONFIG
Setting up standard PCI resources
ACPI: Interpreter enabled
ACPI: Using IOAPIC for interrupt routing
PM: Adding info for acpi:acpi
ACPI: PCI Root Bridge [PCI0] (0000:00)
PCI: Probing PCI hardware (bus 00)
PM: Adding info for No Bus:pci0000:00
PCI quirk: region 1000-107f claimed by ICH6 ACPI/GPIO/TCO
PCI quirk: region 1180-11bf claimed by ICH6 GPIO
PCI: Ignoring BAR0-3 of IDE controller 0000:00:1f.1
Boot video device is 0000:01:00.0
PCI: Transparent bridge - 0000:00:1e.0
ACPI: PCI Interrupt Routing Table [\_SB_.PCI0._PRT]
PM: Adding info for pci:0000:00:00.0
PM: Adding info for pci:0000:00:01.0
PM: Adding info for pci:0000:00:1c.0
PM: Adding info for pci:0000:00:1d.0
PM: Adding info for pci:0000:00:1d.1
PM: Adding info for pci:0000:00:1d.2
PM: Adding info for pci:0000:00:1d.3
PM: Adding info for pci:0000:00:1d.7
PM: Adding info for pci:0000:00:1e.0
PM: Adding info for pci:0000:00:1e.2
PM: Adding info for pci:0000:00:1e.3
PM: Adding info for pci:0000:00:1f.0
PM: Adding info for pci:0000:00:1f.1
PM: Adding info for pci:0000:00:1f.3
PM: Adding info for pci:0000:01:00.0
PM: Adding info for pci:0000:03:05.0
PM: Adding info for pci:0000:03:06.0
PM: Adding info for pci:0000:03:06.2
PM: Adding info for pci:0000:03:06.3
PM: Adding info for pci:0000:03:06.4
PM: Adding info for pci:0000:03:07.0
ACPI: PCI Interrupt Routing Table [\_SB_.PCI0.PEGP._PRT]
ACPI: PCI Interrupt Routing Table [\_SB_.PCI0.RP01._PRT]
ACPI: PCI Interrupt Routing Table [\_SB_.PCI0.PCIB._PRT]
ACPI: PCI Interrupt Link [LNKA] (IRQs 1 3 4 5 6 7 10 12 14 15) *11
ACPI: PCI Interrupt Link [LNKB] (IRQs 1 3 4 5 6 7 11 12 14 15) *10
ACPI: PCI Interrupt Link [LNKC] (IRQs 1 3 4 5 6 7 *10 12 14 15)
ACPI: PCI Interrupt Link [LNKD] (IRQs 1 3 4 5 6 7 11 12 14 15) *10
ACPI: PCI Interrupt Link [LNKE] (IRQs 1 3 4 5 6 7 10 12 14 15) *11
ACPI: PCI Interrupt Link [LNKF] (IRQs 1 3 4 5 6 7 *11 12 14 15)
ACPI: PCI Interrupt Link [LNKG] (IRQs 1 3 4 5 6 7 *10 12 14 15)
ACPI: PCI Interrupt Link [LNKH] (IRQs 1 3 4 5 6 7 *11 12 14 15)
ACPI: Embedded Controller [EC0] (gpe 27) interrupt mode.
SCSI subsystem initialized
usbcore: registered new driver usbfs
usbcore: registered new driver hub
PCI: Using ACPI for IRQ routing
PCI: If a device doesn't work, try "pci=routeirq".  If it helps, post a report
PCI: Cannot allocate resource region 7 of bridge 0000:00:1c.0
PCI: Cannot allocate resource region 8 of bridge 0000:00:1c.0
PCI: Cannot allocate resource region 9 of bridge 0000:00:1c.0
PCI: Bridge: 0000:00:01.0
  IO window: 3000-3fff
  MEM window: c8100000-c81fffff
  PREFETCH window: d0000000-d7ffffff
PCI: Bridge: 0000:00:1c.0
  IO window: disabled.
  MEM window: disabled.
  PREFETCH window: disabled.
PCI: Bus 4, cardbus bridge: 0000:03:06.0
  IO window: 00004400-000044ff
  IO window: 00004800-000048ff
  PREFETCH window: 50000000-51ffffff
  MEM window: 52000000-53ffffff
PCI: Bridge: 0000:00:1e.0
  IO window: 4000-4fff
  MEM window: c8200000-c82fffff
  PREFETCH window: 50000000-51ffffff
Device `[PEGP]' is not power manageable<6>ACPI: PCI Interrupt 0000:00:01.0[A] -> GSI 16 (level, low) -> IRQ 16
PCI: Setting latency timer of device 0000:00:01.0 to 64
Device `[RP01]' is not power manageable<6>ACPI: PCI Interrupt 0000:00:1c.0[A] -> GSI 17 (level, low) -> IRQ 17
PCI: Setting latency timer of device 0000:00:1c.0 to 64
PCI: Setting latency timer of device 0000:00:1e.0 to 64
ACPI: PCI Interrupt 0000:03:06.0[A] -> GSI 22 (level, low) -> IRQ 18
PCI: Setting latency timer of device 0000:03:06.0 to 64
NET: Registered protocol family 2
IP route cache hash table entries: 32768 (order: 5, 131072 bytes)
TCP established hash table entries: 65536 (order: 9, 3932160 bytes)
TCP bind hash table entries: 32768 (order: 8, 1966080 bytes)
TCP: Hash tables configured (established 65536 bind 32768)
TCP reno registered
PM: Adding info for platform:pcspkr
Simple Boot Flag at 0x36 set to 0x1
Initializing RT-Tester: OK
highmem bounce pool size: 64 pages
Total HugeTLB memory allocated, 0
Initializing Cryptographic API
io scheduler noop registered
io scheduler anticipatory registered (default)
io scheduler deadline registered
io scheduler cfq registered
PCI: Setting latency timer of device 0000:00:01.0 to 64
assign_interrupt_mode Found MSI capability
Allocate Port Service[0000:00:01.0:pcie00]
PM: Adding info for pci_express:0000:00:01.0:pcie00
Allocate Port Service[0000:00:01.0:pcie03]
PM: Adding info for pci_express:0000:00:01.0:pcie03
PCI: Setting latency timer of device 0000:00:1c.0 to 64
assign_interrupt_mode Found MSI capability
Allocate Port Service[0000:00:1c.0:pcie00]
PM: Adding info for pci_express:0000:00:1c.0:pcie00
Allocate Port Service[0000:00:1c.0:pcie02]
PM: Adding info for pci_express:0000:00:1c.0:pcie02
Allocate Port Service[0000:00:1c.0:pcie03]
PM: Adding info for pci_express:0000:00:1c.0:pcie03
PM: Adding info for platform:vesafb.0
vesafb: framebuffer at 0xd0000000, mapped to 0xf8880000, using 6144k, total 16384k
vesafb: mode is 1024x768x32, linelength=4096, pages=4
vesafb: protected mode interface info at c000:aeb4
vesafb: pmi: set display start = c00caf42, set palette = c00caf82
vesafb: scrolling: redraw
vesafb: Truecolor: size=0:8:8:8, shift=0:16:8:0
Console: switching to colour frame buffer device 128x48
fb0: VESA VGA frame buffer device
ACPI: CPU0 (power states: C1[C1] C2[C2] C3[C3] C4[C3])
ACPI: Thermal Zone [THR0] (72 C)
ACPI: Invalid passive threshold
ACPI: Thermal Zone [THR1] (60 C)
Real Time Clock Driver v1.12ac
Linux agpgart interface v0.101 (c) Dave Jones
agpgart: Detected an Intel 915GM Chipset.
agpgart: AGP aperture is 256M @ 0x0
PM: Adding info for No Bus:isa
RAMDISK driver initialized: 16 RAM disks of 16384K size 1024 blocksize
libata version 2.00 loaded.
ata_piix 0000:00:1f.1: version 2.00tj1ac5
ACPI: PCI Interrupt 0000:00:1f.1[A] -> GSI 18 (level, low) -> IRQ 19
PCI: Setting latency timer of device 0000:00:1f.1 to 64
ata1: PATA max UDMA/100 cmd 0x1F0 ctl 0x3F6 bmdma 0x18C0 irq 14
scsi0 : ata_piix
PM: Adding info for No Bus:host0
ata1.00: configured for MWDMA2
ata1.01: configured for MWDMA2
PM: Adding info for No Bus:target0:0:0
  Vendor: ATA       Model: TOSHIBA MK8025GA  Rev: KA02
  Type:   Direct-Access                      ANSI SCSI revision: 05
PM: Adding info for scsi:0:0:0:0
PM: Adding info for No Bus:target0:0:1
  Vendor: TSSTcorp  Model: CD/DVDW TS-L532M  Rev: HR08
  Type:   CD-ROM                             ANSI SCSI revision: 05
PM: Adding info for scsi:0:0:1:0
ata2: PATA max UDMA/100 cmd 0x170 ctl 0x376 bmdma 0x18C8 irq 15
scsi1 : ata_piix
PM: Adding info for No Bus:host1
ata2: port disabled. ignoring.
ATA: abnormal status 0xFF on port 0x177
SCSI device sda: 156301488 512-byte hdwr sectors (80026 MB)
sda: Write Protect is off
sda: Mode Sense: 00 3a 00 00
SCSI device sda: drive cache: write back
SCSI device sda: 156301488 512-byte hdwr sectors (80026 MB)
sda: Write Protect is off
sda: Mode Sense: 00 3a 00 00
SCSI device sda: drive cache: write back
 sda: sda1 sda2 sda3 sda4
sd 0:0:0:0: Attached scsi disk sda
sr0: scsi3-mmc drive: 24x/24x writer cd/rw xa/form2 cdda tray
Uniform CD-ROM driver Revision: 3.20
sr 0:0:1:0: Attached scsi CD-ROM sr0
usbcore: registered new driver hiddev
usbcore: registered new driver usbhid
drivers/usb/input/hid-core.c: v2.6:USB HID core driver
PM: Adding info for platform:i8042
i8042.c: Detected active multiplexing controller, rev 1.1.
serio: i8042 AUX0 port at 0x60,0x64 irq 12
serio: i8042 AUX1 port at 0x60,0x64 irq 12
serio: i8042 AUX2 port at 0x60,0x64 irq 12
serio: i8042 AUX3 port at 0x60,0x64 irq 12
serio: i8042 KBD port at 0x60,0x64 irq 1
PM: Adding info for serio:serio0
mice: PS/2 mouse device common for all mice
TCP bic registered
Initializing IPsec netlink socket
NET: Registered protocol family 1
NET: Registered protocol family 17
NET: Registered protocol family 15
Using IPI No-Shortcut mode
PM: Adding info for serio:serio1
ACPI: (supports S0 S3 S4 S5)
Freeing unused kernel memory: 192k freed
PM: Adding info for serio:serio2
PM: Adding info for serio:serio3
Time: tsc clocksource has been installed.
PM: Adding info for serio:serio4
Time: acpi_pm clocksource has been installed.
kjournald starting.  Commit interval 5 seconds
EXT3-fs: mounted filesystem with ordered data mode.
input: AT Translated Set 2 keyboard as /class/input/input0
atkbd.c: Spurious NAK on isa0060/serio0. Some program might be trying access hardware directly.
atkbd.c: Spurious NAK on isa0060/serio0. Some program might be trying access hardware directly.
input: PS/2 Mouse as /class/input/input1
input: AlpsPS/2 ALPS GlidePoint as /class/input/input2
Serial: 8250/16550 driver $Revision: 1.90 $ 4 ports, IRQ sharing disabled
PM: Adding info for platform:serial8250
ieee80211_crypt: registered algorithm 'NULL'
Device `[MODM]' is not power manageable<6>ACPI: PCI Interrupt 0000:00:1e.3[B] -> GSI 20 (level, low) -> IRQ 20
ieee80211: 802.11 data/management/control stack, git-1.1.13
ieee80211: Copyright (C) 2004-2005 Intel Corporation <jketreno@linux.intel.com>
sdhci: Secure Digital Host Controller Interface driver, 0.12
sdhci: Copyright(c) Pierre Ossman
sdhci: SDHCI controller found at 0000:03:06.4 [104c:8034] (rev 0)
ACPI: PCI Interrupt 0000:03:06.4[A] -> GSI 22 (level, low) -> IRQ 18
mmc0: SDHCI at 0xc8209000 irq 18 DMA
mmc1: SDHCI at 0xc8208c00 irq 18 DMA
mmc2: SDHCI at 0xc8208800 irq 18 DMA
8139too Fast Ethernet driver 0.9.27
Device `[LANC]' is not power manageable<6>ACPI: PCI Interrupt 0000:03:07.0[A] -> GSI 20 (level, low) -> IRQ 20
eth0: RealTek RTL8139 at 0xf8e8e400, 00:0a:e4:dd:8b:30, IRQ 20
eth0:  Identified 8139 chip type 'RTL-8100B/8139D'
Yenta: CardBus bridge found at 0000:03:06.0 [103c:309d]
Yenta: Enabling burst memory read transactions
Yenta: Using CSCINT to route CSC interrupts to PCI
Yenta: Routing CardBus interrupts to PCI
Yenta TI: socket 0000:03:06.0, mfunc 0x01aa1b02, devctl 0x64
ipw2200: Intel(R) PRO/Wireless 2200/2915 Network Driver, 1.1.2km
ipw2200: Copyright(c) 2003-2006 Intel Corporation
Yenta: ISA IRQ mask 0x0cf8, PCI irq 18
Socket status: 30000006
pcmcia: parent PCI bridge I/O window: 0x4000 - 0x4fff
cs: IO port probe 0x4000-0x4fff: clean.
pcmcia: parent PCI bridge Memory window: 0xc8200000 - 0xc82fffff
pcmcia: parent PCI bridge Memory window: 0x50000000 - 0x51ffffff
ACPI: PCI Interrupt 0000:03:05.0[A] -> GSI 20 (level, low) -> IRQ 20
ipw2200: Detected Intel PRO/Wireless 2200BG Network Connection
USB Universal Host Controller Interface driver v3.0
ieee1394: Initialized config rom entry `ip1394'
ipw2200: Detected geography ZZR (14 802.11bg channels, 0 802.11a channels)
Device `[AUD0]' is not power manageable<6>ACPI: PCI Interrupt 0000:00:1e.2[A] -> GSI 17 (level, low) -> IRQ 17
PCI: Setting latency timer of device 0000:00:1e.2 to 64
cs: IO port probe 0x100-0x3af: excluding 0x200-0x20f
cs: IO port probe 0x3e0-0x4ff: excluding 0x3f0-0x3f7 0x4d0-0x4d7
cs: IO port probe 0x820-0x8ff: clean.
cs: IO port probe 0xc00-0xcf7: clean.
cs: IO port probe 0xa00-0xaff: clean.
intel8x0_measure_ac97_clock: measured 55100 usecs
intel8x0: clocking to 48000
PM: Adding info for ac97:0-0:AD1981B
Device `[USB7]' is not power manageable<6>ACPI: PCI Interrupt 0000:00:1d.7[A] -> GSI 23 (level, low) -> IRQ 21
PCI: Setting latency timer of device 0000:00:1d.7 to 64
ehci_hcd 0000:00:1d.7: EHCI Host Controller
ehci_hcd 0000:00:1d.7: new USB bus registered, assigned bus number 1
ehci_hcd 0000:00:1d.7: debug port 1
PCI: cache line size of 32 is not supported by device 0000:00:1d.7
ehci_hcd 0000:00:1d.7: irq 21, io mem 0xc8000000
ehci_hcd 0000:00:1d.7: USB 2.0 started, EHCI 1.00, driver 10 Dec 2004
usb usb1: new device found, idVendor=0000, idProduct=0000
usb usb1: new device strings: Mfr=3, Product=2, SerialNumber=1
usb usb1: Product: EHCI Host Controller
usb usb1: Manufacturer: Linux 2.6.17-mm5 ehci_hcd
usb usb1: SerialNumber: 0000:00:1d.7
PM: Adding info for usb:usb1
PM: Adding info for No Bus:usbdev1.1_ep00
usb usb1: configuration #1 chosen from 1 choice
PM: Adding info for usb:1-0:1.0
hub 1-0:1.0: USB hub found
hub 1-0:1.0: 8 ports detected
PM: Adding info for No Bus:usbdev1.1_ep81
PM: Adding info for No Bus:usbdev1.1
ACPI: PCI Interrupt 0000:00:1d.0[A] -> GSI 23 (level, low) -> IRQ 21
PCI: Setting latency timer of device 0000:00:1d.0 to 64
uhci_hcd 0000:00:1d.0: UHCI Host Controller
uhci_hcd 0000:00:1d.0: new USB bus registered, assigned bus number 2
uhci_hcd 0000:00:1d.0: irq 21, io base 0x00001800
usb usb2: new device found, idVendor=0000, idProduct=0000
usb usb2: new device strings: Mfr=3, Product=2, SerialNumber=1
usb usb2: Product: UHCI Host Controller
usb usb2: Manufacturer: Linux 2.6.17-mm5 uhci_hcd
usb usb2: SerialNumber: 0000:00:1d.0
PM: Adding info for usb:usb2
PM: Adding info for No Bus:usbdev2.1_ep00
usb usb2: configuration #1 chosen from 1 choice
PM: Adding info for usb:2-0:1.0
hub 2-0:1.0: USB hub found
hub 2-0:1.0: 2 ports detected
PM: Adding info for No Bus:usbdev2.1_ep81
PM: Adding info for No Bus:usbdev2.1
ACPI: PCI Interrupt 0000:00:1d.1[B] -> GSI 19 (level, low) -> IRQ 22
PCI: Setting latency timer of device 0000:00:1d.1 to 64
uhci_hcd 0000:00:1d.1: UHCI Host Controller
uhci_hcd 0000:00:1d.1: new USB bus registered, assigned bus number 3
uhci_hcd 0000:00:1d.1: irq 22, io base 0x00001820
usb usb3: new device found, idVendor=0000, idProduct=0000
usb usb3: new device strings: Mfr=3, Product=2, SerialNumber=1
usb usb3: Product: UHCI Host Controller
usb usb3: Manufacturer: Linux 2.6.17-mm5 uhci_hcd
usb usb3: SerialNumber: 0000:00:1d.1
PM: Adding info for usb:usb3
PM: Adding info for No Bus:usbdev3.1_ep00
usb usb3: configuration #1 chosen from 1 choice
PM: Adding info for usb:3-0:1.0
hub 3-0:1.0: USB hub found
hub 3-0:1.0: 2 ports detected
PM: Adding info for No Bus:usbdev3.1_ep81
PM: Adding info for No Bus:usbdev3.1
ACPI: PCI Interrupt 0000:00:1d.2[C] -> GSI 18 (level, low) -> IRQ 19
PCI: Setting latency timer of device 0000:00:1d.2 to 64
uhci_hcd 0000:00:1d.2: UHCI Host Controller
uhci_hcd 0000:00:1d.2: new USB bus registered, assigned bus number 4
uhci_hcd 0000:00:1d.2: irq 19, io base 0x00001840
usb usb4: new device found, idVendor=0000, idProduct=0000
usb usb4: new device strings: Mfr=3, Product=2, SerialNumber=1
usb usb4: Product: UHCI Host Controller
usb usb4: Manufacturer: Linux 2.6.17-mm5 uhci_hcd
usb usb4: SerialNumber: 0000:00:1d.2
PM: Adding info for usb:usb4
PM: Adding info for No Bus:usbdev4.1_ep00
usb usb4: configuration #1 chosen from 1 choice
PM: Adding info for usb:4-0:1.0
hub 4-0:1.0: USB hub found
hub 4-0:1.0: 2 ports detected
PM: Adding info for No Bus:usbdev4.1_ep81
PM: Adding info for No Bus:usbdev4.1
ACPI: PCI Interrupt 0000:00:1d.3[D] -> GSI 16 (level, low) -> IRQ 16
PCI: Setting latency timer of device 0000:00:1d.3 to 64
uhci_hcd 0000:00:1d.3: UHCI Host Controller
uhci_hcd 0000:00:1d.3: new USB bus registered, assigned bus number 5
uhci_hcd 0000:00:1d.3: irq 16, io base 0x00001860
usb usb5: new device found, idVendor=0000, idProduct=0000
usb usb5: new device strings: Mfr=3, Product=2, SerialNumber=1
usb usb5: Product: UHCI Host Controller
usb usb5: Manufacturer: Linux 2.6.17-mm5 uhci_hcd
usb usb5: SerialNumber: 0000:00:1d.3
PM: Adding info for usb:usb5
PM: Adding info for No Bus:usbdev5.1_ep00
usb usb5: configuration #1 chosen from 1 choice
PM: Adding info for usb:5-0:1.0
hub 5-0:1.0: USB hub found
hub 5-0:1.0: 2 ports detected
PM: Adding info for No Bus:usbdev5.1_ep81
PM: Adding info for No Bus:usbdev5.1
ACPI: PCI Interrupt 0000:03:06.2[C] -> GSI 21 (level, low) -> IRQ 23
PM: Adding info for ieee1394:fw-host0
usb 3-1: new full speed USB device using uhci_hcd and address 2
ohci1394: fw-host0: OHCI-1394 1.1 (PCI): IRQ=[23]  MMIO=[c8208000-c82087ff]  Max Packet=[2048]  IR/IT contexts=[4/8]
usb 3-1: new device found, idVendor=03f0, idProduct=171d
usb 3-1: new device strings: Mfr=1, Product=2, SerialNumber=0
usb 3-1: Product: HP Integrated Module
usb 3-1: Manufacturer: Broadcom Corp
PM: Adding info for usb:3-1
PM: Adding info for No Bus:usbdev3.2_ep00
usb 3-1: configuration #1 chosen from 1 choice
PM: Adding info for usb:3-1:1.0
PM: Adding info for No Bus:usbdev3.2_ep81
PM: Adding info for No Bus:usbdev3.2_ep82
PM: Adding info for No Bus:usbdev3.2_ep02
PM: Adding info for usb:3-1:1.1
PM: Adding info for No Bus:usbdev3.2_ep83
PM: Adding info for No Bus:usbdev3.2_ep03
PM: Adding info for usb:3-1:1.2
PM: Adding info for No Bus:usbdev3.2_ep84
PM: Adding info for No Bus:usbdev3.2_ep04
PM: Adding info for usb:3-1:1.3
PM: Adding info for No Bus:usbdev3.2
Bluetooth: Core ver 2.8
NET: Registered protocol family 31
Bluetooth: HCI device and connection manager initialized
Bluetooth: HCI socket layer initialized
Bluetooth: HCI USB driver ver 2.9
PM: Removing info for No Bus:usbdev3.2_ep83
PM: Removing info for No Bus:usbdev3.2_ep03
PM: Adding info for No Bus:usbdev3.2_ep83
PM: Adding info for No Bus:usbdev3.2_ep03
usbcore: registered new driver hci_usb
PM: Adding info for ieee1394:05e40a003c175052
ieee1394: Host added: ID:BUS[0-00:1023]  GUID[05e40a003c175052]
PM: Adding info for ieee1394:05e40a003c175052-0
[drm] Initialized drm 1.0.1 20051102
ACPI: PCI Interrupt 0000:01:00.0[A] -> GSI 16 (level, low) -> IRQ 16
[drm] Initialized radeon 1.25.0 20060524 on minor 0
ACPI: AC Adapter [AC] (off-line)
ACPI: Battery Slot [BAT0] (battery present)
ACPI: Power Button (FF) [PWRF]
ACPI: Lid Switch [LID0]
ACPI: Sleep Button (CM) [SLPB]
ACPI: Power Button (CM) [PWB]
ACPI: Video Device [VGA] (multi-head: yes  rom: no  post: no)
EXT3 FS on sda2, internal journal
kjournald starting.  Commit interval 5 seconds
EXT3 FS on sda4, internal journal
EXT3-fs: mounted filesystem with ordered data mode.
NTFS driver 2.1.27 [Flags: R/O MODULE].
NTFS volume version 3.1.
Adding 1052248k swap on /dev/sda3.  Priority:-1 extents:1 across:1052248k
IA-32 Microcode Update Driver: v1.14a <tigran@veritas.com>
Bluetooth: L2CAP ver 2.8
Bluetooth: L2CAP socket layer initialized
Bluetooth: HIDP (Human Interface Emulation) ver 1.1
ieee80211_crypt: unregistered algorithm 'NULL'
ieee80211_crypt: registered algorithm 'NULL'
ieee80211: 802.11 data/management/control stack, git-1.1.13
ieee80211: Copyright (C) 2004-2005 Intel Corporation <jketreno@linux.intel.com>
ipw2200: Intel(R) PRO/Wireless 2200/2915 Network Driver, 1.1.2km
ipw2200: Copyright(c) 2003-2006 Intel Corporation
ACPI: PCI Interrupt 0000:03:05.0[A] -> GSI 20 (level, low) -> IRQ 20
ipw2200: Detected Intel PRO/Wireless 2200BG Network Connection
ipw2200: Detected geography ZZR (14 802.11bg channels, 0 802.11a channels)
ieee80211_crypt: registered algorithm 'WEP'
eth1: NETDEV_TX_BUSY returned; driver should report queue full via ieee_device->is_queue_full.
[drm] Setting GART location based on new memory map
[drm] Loading R300 Microcode
[drm] writeback test succeeded in 1 usecs
Freezing cpus ...
Stopping tasks: =====================================================================================
 stopping tasks timed out after 20 seconds (8 tasks remaining):
  rt-test-0
  rt-test-1
  rt-test-2
  rt-test-3
  rt-test-4
  rt-test-5
  rt-test-6
  rt-test-7
Restarting tasks...<6> Strange, rt-test-0 not stopped
 Strange, rt-test-1 not stopped
 Strange, rt-test-2 not stopped
 Strange, rt-test-3 not stopped
 Strange, rt-test-4 not stopped
 Strange, rt-test-5 not stopped
 Strange, rt-test-6 not stopped
 Strange, rt-test-7 not stopped
 done
Thawing cpus ...
ACPI: Battery Slot [BAT0] (battery present)
ACPI: Power Button (FF) [PWRF]
ACPI: Lid Switch [LID0]
ACPI: Sleep Button (CM) [SLPB]
ACPI: Power Button (CM) [PWB]
[drm] Loading R300 Microcode
ACPI Error (exmutex-0283): Cannot release Mutex [BATM], incorrect SyncLevel [20060623]
ACPI Error (psparse-0537): Method parse/execution failed [\_SB_.PCI0.LPCB.EC0_.GBST] (Node f7d64a64), AE_AML_MUTEX_ORDER
ACPI Error (psparse-0537): Method parse/execution failed [\_SB_.PCI0.LPCB.EC0_.BAT0._BST] (Node f7d64d44), AE_AML_MUTEX_ORDER
ACPI Exception (acpi_battery-0203): AE_AML_MUTEX_ORDER, Evaluating _BST [20060623]
ACPI Error (exmutex-0283): Cannot release Mutex [BATM], incorrect SyncLevel [20060623]
ACPI Error (psparse-0537): Method parse/execution failed [\_SB_.PCI0.LPCB.EC0_.GBST] (Node f7d64a64), AE_AML_MUTEX_ORDER
ACPI Error (psparse-0537): Method parse/execution failed [\_SB_.PCI0.LPCB.EC0_.BAT0._BST] (Node f7d64d44), AE_AML_MUTEX_ORDER
ACPI Exception (acpi_battery-0203): AE_AML_MUTEX_ORDER, Evaluating _BST [20060623]
[unhandled content-type:application/octet-stream]