Date: Mon, 23 Jun 2003 13:43:38 +0300 (EEST)
From: "Szonyi Calin" <>
Subject: Motv crashes system in 2.5.72-mm2
Sender: linux-kernel-owner@vger.kernel.org
Precedence: bulk
List-ID: <linux-kernel.vger.kernel.org>
X-Mailing-List: linux-kernel@vger.kernel.org
X-Lkml-Link: https://lkml.org/lkml/2003/6/23/71

Hi
had the following (file aaa atached) crashes when i was trying to
start motv
also a message about IRQ10 appeared in the logs (file mm2-bugs1)
dmesg below:
Jun 22 22:26:46 grinch kernel: Linux version 2.5.72-mm2 (root@grinch) (gcc
version 3.3) #3 Sat Jun 21 21:31:14 EEST 2003
Jun 22 22:26:46 grinch kernel: Video mode to be used for restore is 309
Jun 22 22:26:46 grinch kernel: BIOS-provided physical RAM map:
Jun 22 22:26:46 grinch kernel:  BIOS-e820: 0000000000000000 -
000000000009fc00 (usable)
Jun 22 22:26:46 grinch kernel:  BIOS-e820: 000000000009fc00 -
00000000000a0000 (reserved)
Jun 22 22:26:46 grinch kernel:  BIOS-e820: 00000000000f0000 -
0000000000100000 (reserved)
Jun 22 22:26:46 grinch kernel:  BIOS-e820: 0000000000100000 -
000000000fff0000 (usable)
Jun 22 22:26:46 grinch kernel:  BIOS-e820: 000000000fff0000 -
000000000fff3000 (ACPI NVS)
Jun 22 22:26:46 grinch kernel:  BIOS-e820: 000000000fff3000 -
0000000010000000 (ACPI data)
Jun 22 22:26:46 grinch kernel:  BIOS-e820: 00000000ffff0000 -
0000000100000000 (reserved)
Jun 22 22:26:46 grinch kernel: 255MB LOWMEM available.
Jun 22 22:26:46 grinch kernel: On node 0 totalpages: 65520
Jun 22 22:26:46 grinch kernel:   DMA zone: 4096 pages, LIFO batch:1
Jun 22 22:26:46 grinch kernel:   Normal zone: 61424 pages, LIFO batch:14
Jun 22 22:26:46 grinch kernel:   HighMem zone: 0 pages, LIFO batch:1
Jun 22 22:26:46 grinch kernel: Building zonelist for node : 0
Jun 22 22:26:46 grinch kernel: Kernel command line: BOOT_IMAGE=k2572mm2 ro
root=306 3
Jun 22 22:26:46 grinch kernel: Local APIC disabled by BIOS -- reenabling.
Jun 22 22:26:46 grinch kernel: Found and enabled local APIC!
Jun 22 22:26:46 grinch sshd[82]: Server listening on 0.0.0.0 port 22.
Jun 22 22:26:46 grinch kernel: Initializing CPU#0
Jun 22 22:26:46 grinch kernel: PID hash table entries: 1024 (order 10:
8192 bytes)
Jun 22 22:26:46 grinch kernel: Detected 700.080 MHz processor.
Jun 22 22:26:46 grinch kernel: Console: colour VGA+ 132x25
Jun 22 22:26:46 grinch kernel: Calibrating delay loop... 1395.91 BogoMIPS
Jun 22 22:26:46 grinch kernel: Memory: 253576k/262080k available (3272k
kernel code, 7776k reserved, 919k data, 364k init, 0k highmem)
Jun 22 22:26:46 grinch kernel: Checking if this processor honours the WP
bit even in supervisor mode... Ok.
Jun 22 22:26:46 grinch kernel: Dentry cache hash table entries: 32768
(order: 5, 131072 bytes)
Jun 22 22:26:46 grinch kernel: Inode-cache hash table entries: 16384
(order: 4, 65536 bytes)
Jun 22 22:26:46 grinch kernel: Mount-cache hash table entries: 512 (order:
0, 4096 bytes)
Jun 22 22:26:46 grinch kernel: -> /dev
Jun 22 22:26:46 grinch kernel: -> /dev/console
Jun 22 22:26:46 grinch kernel: -> /root
Jun 22 22:26:46 grinch kernel: CPU: L1 I Cache: 64K (64 bytes/line), D
cache 64K (64 bytes/line)
Jun 22 22:26:46 grinch kernel: CPU: L2 Cache: 64K (64 bytes/line)
Jun 22 22:26:46 grinch kernel: CPU:     After generic, caps: 0183fbf7
c1c7fbff 00000000 00000020
Jun 22 22:26:46 grinch kernel: Intel machine check architecture supported.
Jun 22 22:26:46 grinch kernel: Intel machine check reporting enabled on
CPU#0.
Jun 22 22:26:46 grinch kernel: CPU: AMD Duron(tm) Processor stepping 01
Jun 22 22:26:46 grinch kernel: Enabling fast FPU save and restore... done.
Jun 22 22:26:46 grinch kernel: Checking 'hlt' instruction... OK.
Jun 22 22:26:46 grinch kernel: POSIX conformance testing by UNIFIX
Jun 22 22:26:46 grinch kernel: enabled ExtINT on CPU#0
Jun 22 22:26:46 grinch kernel: ESR value before enabling vector: 00000000
Jun 22 22:26:46 grinch kernel: ESR value after enabling vector: 00000000
Jun 22 22:26:46 grinch kernel: Using local APIC timer interrupts.
Jun 22 22:26:46 grinch kernel: calibrating APIC timer ...
Jun 22 22:26:46 grinch kernel: ..... CPU clock speed is 700.0379 MHz.
Jun 22 22:26:46 grinch kernel: ..... host bus clock speed is 200.0108 MHz.
Jun 22 22:26:46 grinch kernel: Initializing RT netlink socket
Jun 22 22:26:47 grinch kernel: PCI: Using configuration type 1
Jun 22 22:26:47 grinch kernel: mtrr: v2.0 (20020519)
Jun 22 22:26:47 grinch kernel: BIO: pool of 256 setup, 14Kb (56 bytes/bio)
Jun 22 22:26:47 grinch kernel: biovec pool[0]:   1 bvecs: 256 entries (12
bytes)
Jun 22 22:26:47 grinch kernel: biovec pool[1]:   4 bvecs: 256 entries (48
bytes)
Jun 22 22:26:47 grinch kernel: biovec pool[2]:  16 bvecs: 256 entries (192
bytes)
Jun 22 22:26:47 grinch kernel: biovec pool[3]:  64 bvecs: 256 entries (768
bytes)
Jun 22 22:26:47 grinch kernel: biovec pool[4]: 128 bvecs: 256 entries
(1536 bytes)
Jun 22 22:26:47 grinch kernel: biovec pool[5]: 256 bvecs: 256 entries
(3072 bytes)
Jun 22 22:26:47 grinch kernel: Linux Plug and Play Support v0.96 (c) Adam
Belay
Jun 22 22:26:47 grinch kernel: pnp: the driver 'system' has been registered
Jun 22 22:26:47 grinch kernel: PnPBIOS: Scanning system for PnP BIOS
support...
Jun 22 22:26:47 grinch kernel: PnPBIOS: Found PnP BIOS installation
structure at 0xc00fbdf0
Jun 22 22:26:47 grinch kernel: PnPBIOS: PnP BIOS version 1.0, entry
0xf0000:0xbe20, dseg 0xf0000
Jun 22 22:26:47 grinch kernel: pnp: match found with the PnP device
'00:07' and the driver 'system'
Jun 22 22:26:47 grinch kernel: pnp: match found with the PnP device
'00:08' and the driver 'system'
Jun 22 22:26:47 grinch kernel: pnp: match found with the PnP device
'00:0b' and the driver 'system'
Jun 22 22:26:47 grinch kernel: PnPBIOS: 16 nodes reported by PnP BIOS; 16
recorded by driver
Jun 22 22:26:47 grinch kernel: PCI: Probing PCI hardware
Jun 22 22:26:47 grinch kernel: PCI: Probing PCI hardware (bus 00)
Jun 22 22:26:47 grinch kernel: Disabling VIA memory write queue (PCI ID
0305, rev 02): [55] 81 & 1f -> 01
Jun 22 22:26:47 grinch kernel: PCI: Using IRQ router VIA [1106/0686] at
00:07.0
Jun 22 22:26:47 grinch kernel: irda_init()
Jun 22 22:26:47 grinch kernel: pty: 512 Unix98 ptys configured
Jun 22 22:26:47 grinch kernel: Machine check exception polling timer started.
Jun 22 22:26:47 grinch kernel: apm: BIOS version 1.2 Flags 0x07 (Driver
version 1.16ac)
Jun 22 22:26:47 grinch kernel: Enabling SEP on CPU 0
Jun 22 22:26:47 grinch kernel: Journalled Block Device driver loaded
Jun 22 22:26:47 grinch kernel: Installing knfsd (copyright (C) 1996
okir@monad.swb.de).
Jun 22 22:26:47 grinch kernel: udf: registering filesystem
Jun 22 22:26:47 grinch kernel: SGI XFS for Linux 2.5.72-mm2 with no debug
enabled
Jun 22 22:26:47 grinch kernel: PCI: Disabling Via external APIC routing
Jun 22 22:26:47 grinch kernel: isapnp: Scanning for PnP cards...
Jun 22 22:26:47 grinch kernel: spurious 8259A interrupt: IRQ7.
Jun 22 22:26:47 grinch kernel: isapnp: Card 'Crystal Codec'
Jun 22 22:26:47 grinch kernel: isapnp: 1 Plug & Play card detected total
Jun 22 22:26:47 grinch kernel: request_module: failed /sbin/modprobe --
parport_lowlevel. error = -16
Jun 22 22:26:47 grinch kernel: lp: driver loaded but no devices found
Jun 22 22:26:47 grinch kernel: Real Time Clock Driver v1.11
Jun 22 22:26:47 grinch kernel: Non-volatile memory driver v1.2
Jun 22 22:26:47 grinch kernel: Linux agpgart interface v0.100 (c) Dave Jones
Jun 22 22:26:47 grinch kernel: agpgart: Detected VIA Apollo Pro
KT133/KM133/TwisterK chipset
Jun 22 22:26:47 grinch kernel: agpgart: Maximum main memory to use for agp
memory: 203M
Jun 22 22:26:47 grinch kernel: agpgart: AGP aperture is 128M @ 0xd0000000
Jun 22 22:26:47 grinch kernel: [drm] Initialized radeon 1.8.0 20020828 on
minor 0
Jun 22 22:26:47 grinch kernel: Serial: 8250/16550 driver $Revision: 1.90 $
IRQ sharing disabled
Jun 22 22:26:47 grinch kernel: ttyS0 at I/O 0x3f8 (irq = 4) is a 16550A
Jun 22 22:26:47 grinch kernel: ttyS1 at I/O 0x2f8 (irq = 3) is a 16550A
Jun 22 22:26:47 grinch kernel: pnp: the driver 'serial' has been registered
Jun 22 22:26:47 grinch kernel: pnp: match found with the PnP device
'00:0d' and the driver 'serial'
Jun 22 22:26:47 grinch kernel: pnp: match found with the PnP device
'00:0e' and the driver 'serial'
Jun 22 22:26:47 grinch kernel: pnp: the driver 'parport_pc' has been
registered
Jun 22 22:26:47 grinch kernel: pnp: match found with the PnP device
'00:10' and the driver 'parport_pc'
Jun 22 22:26:47 grinch kernel: parport0: PC-style at 0x3bc (0x7bc)
[PCSPP,TRISTATE]
Jun 22 22:26:47 grinch kernel: parport0: cpp_daisy: aa5500ff(38)
Jun 22 22:26:47 grinch kernel: parport0: assign_addrs: aa5500ff(38)
Jun 22 22:26:47 grinch kernel: parport0: cpp_daisy: aa5500ff(38)
Jun 22 22:26:47 grinch kernel: parport0: assign_addrs: aa5500ff(38)
Jun 22 22:26:47 grinch kernel: lp0: using parport0 (polling).
Jun 22 22:26:47 grinch kernel: lp0: console ready
Jun 22 22:26:47 grinch kernel: parport_pc: Via 686A parallel port: io=0x3BC
Jun 22 22:26:47 grinch kernel: anticipatory scheduling elevator
Jun 22 22:26:47 grinch kernel: Floppy drive(s): fd0 is 1.44M
Jun 22 22:26:47 grinch kernel: FDC 0 is a post-1991 82077
Jun 22 22:26:47 grinch kernel: loop: loaded (max 8 devices)
Jun 22 22:26:47 grinch kernel: 8139too Fast Ethernet driver 0.9.26
Jun 22 22:26:47 grinch kernel: PCI: Found IRQ 10 for device 00:08.0
Jun 22 22:26:47 grinch kernel: eth0: RealTek RTL8139 Fast Ethernet at
0xd0883000, 00:40:f4:72:99:b3, IRQ 10
Jun 22 22:26:47 grinch kernel: eth0:  Identified 8139 chip type 'RTL-8139C'
Jun 22 22:26:47 grinch kernel: PCI: Found IRQ 11 for device 00:0a.0
Jun 22 22:26:47 grinch kernel: eth1: RealTek RTL8139 Fast Ethernet at
0xd0885000, 00:40:f4:74:6d:fb, IRQ 11
Jun 22 22:26:47 grinch kernel: eth1:  Identified 8139 chip type 'RTL-8139C'
Jun 22 22:26:47 grinch kernel: Linux video capture interface: v1.00
Jun 22 22:26:47 grinch kernel: bttv: driver version 0.9.4 loaded
Jun 22 22:26:47 grinch kernel: bttv: using 8 buffers with 2080k (520
pages) each for capture
Jun 22 22:26:47 grinch kernel: bttv: Host bridge is VIA Technologies, In
VT8363/8365 [KT133/K
Jun 22 22:26:47 grinch kernel: bttv: Host bridge is VIA Technologies, In
VT82C686 [Apollo Sup
Jun 22 22:26:47 grinch kernel: bttv: Bt8xx card found (0).
Jun 22 22:26:47 grinch kernel: PCI: Found IRQ 9 for device 00:09.0
Jun 22 22:26:47 grinch kernel: PCI: Sharing IRQ 9 with 00:09.1
Jun 22 22:26:47 grinch kernel: bttv0: Bt878 (rev 2) at 00:09.0, irq: 9,
latency: 32, mmio: 0xe2001000
Jun 22 22:26:47 grinch kernel: bttv0: detected: AVermedia TVCapture 98
[card=13], PCI subsystem ID is 1461:0002
Jun 22 22:26:47 grinch kernel: bttv0: using: BT878(AVerMedia TVCapture 98)
[card=13,autodetected]
Jun 22 22:26:47 grinch kernel: bttv0: Avermedia eeprom[0x4011]: tuner=5
radio:no remote control:yes
Jun 22 22:26:47 grinch kernel: bttv0: using tuner=5
Jun 22 22:26:47 grinch kernel: bttv0: i2c: checking for MSP34xx @ 0x80...
not found
Jun 22 22:26:47 grinch kernel: bttv0: i2c: checking for TDA9875 @ 0xb0...
not found
Jun 22 22:26:47 grinch kernel: bttv0: i2c: checking for TDA7432 @ 0x8a...
not found
Jun 22 22:26:47 grinch kernel: bttv0: registered device video0
Jun 22 22:26:47 grinch kernel: bttv0: registered device vbi0
Jun 22 22:26:47 grinch kernel: bttv0: PLL: 28636363 => 35468950 .. ok
Jun 22 22:26:47 grinch kernel: tvaudio: TV audio decoder + audio/video mux
driver
Jun 22 22:26:47 grinch kernel: tvaudio: known chips:
tda9840,tda9873h,tda9874h/a,tda9850,tda9855,tea6300,tea6420,tda8425,pic16c54
(PV951),ta8874z
Jun 22 22:26:47 grinch kernel: tuner: chip found @ 0xc2
Jun 22 22:26:47 grinch kernel: tuner: type set to 5 (Philips PAL_BG
(FI1216 and compatibles))
Jun 22 22:26:47 grinch kernel: registering 0-0061
Jun 22 22:26:47 grinch kernel: Uniform Multi-Platform E-IDE driver
Revision: 7.00alpha2
Jun 22 22:26:47 grinch kernel: ide: Assuming 33MHz system bus speed for
PIO modes; override with idebus=xx
Jun 22 22:26:47 grinch kernel: VP_IDE: IDE controller at PCI slot 00:07.1
Jun 22 22:26:47 grinch kernel: VP_IDE: chipset revision 16
Jun 22 22:26:47 grinch kernel: VP_IDE: not 100%% native mode: will probe
irqs later
Jun 22 22:26:47 grinch rpc.statd[107]: Version 1.0.3 Starting
Jun 22 22:26:47 grinch kernel: ide: Assuming 33MHz system bus speed for
PIO modes; override with idebus=xx
Jun 22 22:26:47 grinch kernel: VP_IDE: VIA vt82c686a (rev 22) IDE UDMA66
controller on pci00:07.1
Jun 22 22:26:47 grinch kernel:     ide0: BM-DMA at 0xd000-0xd007, BIOS
settings: hda:DMA, hdb:pio
Jun 22 22:26:47 grinch kernel:     ide1: BM-DMA at 0xd008-0xd00f, BIOS
settings: hdc:DMA, hdd:pio
Jun 22 22:26:47 grinch kernel: hda: Maxtor 2F040J0, ATA DISK drive
Jun 22 22:26:47 grinch kernel: ide0 at 0x1f0-0x1f7,0x3f6 on irq 14
Jun 22 22:26:47 grinch kernel: hdc: SONY CDU4811, ATAPI CD/DVD-ROM drive
Jun 22 22:26:47 grinch kernel: ide1 at 0x170-0x177,0x376 on irq 15
Jun 22 22:26:47 grinch kernel: hda: max request size: 128KiB
Jun 22 22:26:47 grinch kernel: hda: host protected area => 1
Jun 22 22:26:47 grinch kernel: hda: 80293248 sectors (41110 MB) w/2048KiB
Cache, CHS=79656/16/63, UDMA(66)
Jun 22 22:26:47 grinch kernel:  hda: hda1 hda2 hda3 hda4 < hda5 hda6 hda7
hda8 hda9 >
Jun 22 22:26:47 grinch kernel: hdc: ATAPI 48X CD-ROM drive, 120kB Cache,
UDMA(33)
Jun 22 22:26:47 grinch kernel: Uniform CD-ROM driver Revision: 3.12
Jun 22 22:26:47 grinch kernel: mice: PS/2 mouse device common for all mice
Jun 22 22:26:47 grinch kernel: input: PC Speaker
Jun 22 22:26:48 grinch kernel: input: PS/2 Generic Mouse on isa0060/serio1
Jun 22 22:26:48 grinch kernel: serio: i8042 AUX port at 0x60,0x64 irq 12
Jun 22 22:26:48 grinch kernel: input: AT Set 2 keyboard on isa0060/serio0
Jun 22 22:26:48 grinch kernel: serio: i8042 KBD port at 0x60,0x64 irq 1
Jun 22 22:26:48 grinch kernel: i2c /dev entries driver module version
2.7.0 (20021208)
Jun 22 22:26:48 grinch kernel: pnp: the driver 'cs4232' has been registered
Jun 22 22:26:48 grinch kernel: pnp: match found with the PnP device
'01:01.00' and the driver 'cs4232'
Jun 22 22:26:48 grinch kernel: pnp: res: the device '01:01.00' has been
activated.
Jun 22 22:26:48 grinch kernel: <Crystal audio controller (CS4239)> at
0x534 irq 5 dma 1,1
Jun 22 22:26:48 grinch kernel: ad1848: Interrupt test failed (IRQ5)
Jun 22 22:26:48 grinch kernel: ad1848/cs4248 codec driver Copyright (C) by
Hannu Savolainen 1993-1996
Jun 22 22:26:48 grinch kernel: ad1848: No ISAPnP cards found, trying
standard ones...
Jun 22 22:26:48 grinch kernel: btaudio: driver version 0.7 loaded
[digital+analog]
Jun 22 22:26:48 grinch kernel: PCI: Found IRQ 9 for device 00:09.1
Jun 22 22:26:48 grinch kernel: PCI: Sharing IRQ 9 with 00:09.0
Jun 22 22:26:48 grinch kernel: btaudio: Bt878 (rev 2) at 00:09.1, irq: 9,
latency: 32, mmio: 0xe2002000
Jun 22 22:26:48 grinch kernel: btaudio: using card config "default"
Jun 22 22:26:48 grinch kernel: btaudio: registered device dsp1 [digital]
Jun 22 22:26:48 grinch kernel: btaudio: registered device dsp2 [analog]
Jun 22 22:26:48 grinch kernel: btaudio: registered device mixer1
Jun 22 22:26:48 grinch kernel: NET4: Linux TCP/IP 1.0 for NET4.0
Jun 22 22:26:48 grinch kernel: IP: routing cache hash table of 2048
buckets, 16Kbytes
Jun 22 22:26:48 grinch kernel: TCP: Hash tables configured (established
16384 bind 32768)
Jun 22 22:26:48 grinch kernel: ip_conntrack version 2.1 (2047 buckets,
16376 max) - 300 bytes per conntrack
Jun 22 22:26:48 grinch kernel: ip_tables: (C) 2000-2002 Netfilter core team
Jun 22 22:26:48 grinch kernel: arp_tables: (C) 2002 David S. Miller
Jun 22 22:26:48 grinch kernel: NET4: Unix domain sockets 1.0/SMP for Linux
NET4.0.
Jun 22 22:26:48 grinch kernel: irlan_init()
Jun 22 22:26:48 grinch kernel: irlan_register_netdev()
Jun 22 22:26:48 grinch kernel: IrCOMM protocol (Dag Brattli)
Jun 22 22:26:48 grinch crond[133]: /usr/sbin/crond 2.3.2 dillon, started,
log level 8
Jun 22 22:26:48 grinch atd[130]: Cannot change to /var/spool/atjobs:
Permission denied
Jun 22 22:26:48 grinch kernel: You didn't specify the type of your ufs
filesystem
Jun 22 22:26:49 grinch kernel:
Jun 22 22:26:49 grinch kernel: mount -t ufs -o
ufstype=sun|sunx86|44bsd|old|hp|nextstep|netxstep-cd|openstep ...
Jun 22 22:26:49 grinch kernel:
Jun 22 22:26:49 grinch kernel: >>>WARNING<<< Wrong ufstype may corrupt
your filesystem, default is ufstype=old
Jun 22 22:26:49 grinch kernel: ufs_read_super: bad magic number
Jun 22 22:26:49 grinch kernel: UDF-fs DEBUG
fs/udf/lowlevel.c:65:udf_get_last_session: CDROMMULTISESSION not
supported: rc=-22
Jun 22 22:26:49 grinch kernel: UDF-fs DEBUG
fs/udf/super.c:1472:udf_fill_super: Multi-session=0
Jun 22 22:26:49 grinch kernel: UDF-fs DEBUG fs/udf/super.c:460:udf_vrs:
Starting at sector 16 (2048 byte sectors)
Jun 22 22:26:49 grinch kernel: UDF-fs: No VRS found
Jun 22 22:26:49 grinch kernel: sh-2021: reiserfs_fill_super: can not find
reiserfs on hda6
Jun 22 22:26:49 grinch kernel: VFS: Mounted root (jfs filesystem) readonly.
Jun 22 22:26:49 grinch kernel: Freeing unused kernel memory: 364k freed
Jun 22 22:26:49 grinch kernel: Adding 530108k swap on /dev/hda7.  Priority:-1
Bye
Calin
-- 
# fortune
fortune: write error on /dev/null --- please empty the bit bucket
-----------------------------------------
This email was sent using SquirrelMail.
   "Webmail for nuts!"
http://squirrelmail.org/
[unhandled content-type:application/octet-stream][unhandled content-type:application/octet-stream][unhandled content-type:application/octet-stream][unhandled content-type:application/octet-stream]