Date: Fri, 21 Jul 2000 19:20:53 +0900
From: Kaoru Fukui <>
Subject: Many collisions(Re: ide problem kernel-2.4.0-Test5
Sender: linux-kernel-owner@vger.kernel.org
Precedence: bulk
List-ID: <linux-kernel.vger.kernel.org>
X-Mailing-List: linux-kernel@vger.kernel.org
X-Lkml-Link: https://lkml.org/lkml/2000/7/21/59

Hi!
I'm trying linux-2.4.0-test5 on apple powerpc BWG3v2.
I move Linux HD to slow interface then able to boot linux-2.4.0-test5.
I had many collisions.
Any Help?
Kaoru
[unhandled content-type:application/octet-stream]
----------<snip>------------------
Page-cache hash table entries: 131072 (order: 7, 524288 bytes)
Inode-cache hash table entries: 32768 (order: 6, 262144 bytes)
POSIX conformance testing by UNIFIX
PCI: Probing PCI hardware
PCI: Address space collision on region 0 of device Texas Instruments PCILynx/
PCILynx2 IEEE 1394 Link Layer Controller
PCI: Address space collision on region 1 of device Texas Instruments PCILynx/
PCILynx2 IEEE 1394 Link Layer Controller
PCI: Address space collision on region 2 of device Texas Instruments PCILynx/
PCILynx2 IEEE 1394 Link Layer Controller
PCI: Address space collision on region 6 of device Texas Instruments PCILynx/
PCILynx2 IEEE 1394 Link Layer Controller
PCI: Address space collision on region 0 of device CMD Technology Inc PCI0646
PCI: Address space collision on region 1 of device CMD Technology Inc PCI0646
PCI: Address space collision on region 2 of device CMD Technology Inc PCI0646
PCI: Address space collision on region 3 of device CMD Technology Inc PCI0646
PCI: Address space collision on region 4 of device CMD Technology Inc PCI0646
PCI: Address space collision on region 1 of device Adaptec AHA-2940U2/W
PCI: Address space collision on region 6 of device Adaptec AHA-2940U2/W
PCI: Address space collision on region 0 of device Apple Computer Inc. Paddington 
Mac I/O
PCI: Address space collision on region 0 of device OPTi Inc. 82C861
usb.c: registered new driver hub
----------<snip>------------------
Uniform Multi-Platform E-IDE driver Revision: 6.31
ide: Assuming 33MHz system bus speed for PIO modes; override with idebus=xx
CMD646: IDE controller on PCI bus 01 dev 08
CMD646: chipset revision 7
CMD646: chipset revision 0x07, UltraDMA Capable
CMD646: 100% native mode on irq 26
    ide0: BM-DMA at 0x1050-0x1057, BIOS settings: hda:pio, hdb:pio
    ide1: BM-DMA at 0x1058-0x105f, BIOS settings: hdc:pio, hdd:pio
pmac_ide: enabling IDE bus ID 0
hde: MATSHITA CR-589, ATAPI CDROM drive
hdf: IBM-DJNA-371350, ATA DISK drive
ide2 at 0xd800b000-0xd800b007,0xd800b160 on irq 13
IDE-DMA check !
hdf: 26520480 sectors (13578 MB) w/1966KiB Cache, CHS=26310/16/63
IDE-DMA check !
hde: ATAPI 32X CD-ROM drive, 128kB Cache
Uniform CD-ROM driver Revision: 3.11
Partition check:
 hdf: hdf1 hdf2 hdf3 hdf4 hdf5 hdf6 hdf7 hdf8 hdf9 hdf10 hdf11
PCI: Device 01:04.0 not available because of resource collisions
scsi0 : MESH
scsi : 1 host.
scsi : detected total.
Macintosh ADB mouse driver installed.
eth0: BMAC+ at 00:50:e4:96:c0:39
----------<snip>------------------