Date: Wed, 15 Dec 1999 17:35:10 -0800 (PST)
From: "Mr. James W. Laferriere" <>
Subject: Needing info on how a system running 2.2.13 might lock w/o log .
Sender: linux-kernel-owner@vger.kernel.org
Precedence: bulk
List-ID: <linux-kernel.vger.kernel.org>
X-Mailing-List: linux-kernel@vger.kernel.org
X-Lkml-Link: https://lkml.org/lkml/1999/12/15/269

	Hello All,  I have a system that is the primary router for 
	a medium sized network (~500 net entities) the system is
	configured as shown below .  I haven't any other clues to the
	difficulty(ies) that may have lead upto the lockup .
	Any information on the matter would be muchly welcome .
	Yes, We are planning to upgrade the unit to 2.2.14-pre13 .
	As soon as a maintenance window opens .  But I sure like to
	know if this may be a config problem instead . JimL
       +----------------------------------------------------------------+
       | James   W.   Laferriere | System  Techniques | Give me VMS     |
       | Network        Engineer | 25416      22nd So |  Give me Linux  |
       | babydr@baby-dragons.com | DesMoines WA 98198 |   only  on  AXP |
       +----------------------------------------------------------------+
#ver_linux
-- Versions installed: (if some fields are empty or looks
-- unusual then possibly you have very old versions)
Slackware v. 4.0.0
Linux lenny 2.2.13 #1 SMP Wed Oct 20 11:11:59 PDT 1999 i586 unknown
Kernel modules         2.1.121
Gnu C                  2.7.2.3
Binutils               2.9.1.0.19
Linux C Library 5 -    5.4.46
Dynamic Linker (ld.so) 1.9.9
ls: /usr/lib/libg++.so: No such file or directory
Procps                 2.0.2
Mount                  2.9i
Net-tools              1.52
Kbd                    0.94
Sh-utils               1.16
Flex                   2.5.4
E2fsprogs              1.14
#dmesg
Linux version 2.2.13 (root@xxxxxxxx) (gcc version 2.7.2.3) #1 SMP Wed Oct 20 11:11:59 PDT 1999
mapped APIC to ffffe000 (0029b000)
mapped IOAPIC to ffffd000 (0029c000)
Detected 233867131 Hz processor.
Console: colour VGA+ 80x25
Calibrating delay loop... 466.94 BogoMIPS
Memory: 127720k/131072k available (1248k kernel code, 416k reserved, 1608k data, 80k init)
Checking 386/387 coupling... OK, FPU using exception 16 error reporting.
Checking 'hlt' instruction... OK.
POSIX conformance testing by UNIFIX
per-CPU timeslice cutoff: 1.56 usecs.
CPU0: AMD AMD-K6tm w/ multimedia extensions stepping 02
SMP motherboard not detected. Using dummy APIC emulation.
PCI: PCI BIOS revision 2.10 entry at 0xfb1e0
PCI: Using configuration type 1
PCI: Probing PCI hardware
Linux NET4.0 for Linux 2.2
Based upon Swansea University Computer Society NET3.039
NET4: Unix domain sockets 1.0 for Linux NET4.0.
NET4: Linux TCP/IP 1.0 for NET4.0
IP Protocols: ICMP, UDP, TCP
Initializing RT netlink socket
Starting kswapd v 1.5 
parport0: PC-style at 0x378 [SPP,ECP,ECPEPP,ECPPS2]
parport0: detected irq 7; use procfs to enable interrupt-driven operation.
Serial driver version 4.27 with no serial options enabled
ttyS00 at 0x03f8 (irq = 4) is a 16550A
ttyS01 at 0x02f8 (irq = 3) is a 16550A
pty: 256 Unix98 ptys configured
lp0: using parport0 (polling).
Real Time Clock Driver v1.09
RAM disk driver initialized:  16 RAM disks of 8192K size
Floppy drive(s): fd0 is 1.44M
FDC 0 is a post-1991 82077
scsi: ***** BusLogic SCSI Driver Version 2.1.15 of 17 August 1998 *****
scsi: Copyright 1995-1998 by Leonard N. Zubkoff <lnz@dandelion.com>
scsi0: Configuring BusLogic Model BT-950 PCI Wide Ultra SCSI Host Adapter
scsi0:   Firmware Version: 5.02, I/O Address: 0x6700, IRQ Channel: 10/Level
scsi0:   PCI Bus: 0, Device: 10, Address: 0xE4001000, Host Adapter SCSI ID: 7
scsi0:   Parity Checking: Enabled, Extended Translation: Enabled
scsi0:   Synchronous Negotiation: Fast, Wide Negotiation: Enabled
scsi0:   Disconnect/Reconnect: Enabled, Tagged Queuing: Enabled
scsi0:   Driver Queue Depth: 255, Scatter/Gather Limit: 128 segments
scsi0:   Tagged Queue Depth: Automatic, Untagged Queue Depth: 3
scsi0:   Error Recovery Strategy: Default, SCSI Bus Reset: Enabled
scsi0:   SCSI Bus Termination: High Enabled, SCAM: Disabled
scsi0: *** BusLogic BT-950 Initialized Successfully ***
scsi0 : BusLogic BT-950
scsi : 1 host.
  Vendor: WDIGTL    Model: ENTERPRISE        Rev: 1.91
  Type:   Direct-Access                      ANSI SCSI revision: 02
Detected scsi disk sda at scsi0, channel 0, id 0, lun 0
  Vendor: TOSHIBA   Model: CD-ROM XM-6201TA  Rev: 1030
  Type:   CD-ROM                             ANSI SCSI revision: 02
Detected scsi CD-ROM sr0 at scsi0, channel 0, id 1, lun 0
scsi0: Target 0: Queue Depth 28, Wide Synchronous at 20.0 MB/sec, offset 15
scsi0: Target 1: Queue Depth 3, Synchronous at 10.0 MB/sec, offset 15
scsi : detected 1 SCSI cdrom 1 SCSI disk total.
Uniform CDROM driver Revision: 2.56
SCSI device sda: hdwr sector= 512 bytes. Sectors= 8515173 [4157 MB] [4.2 GB]
early initialization of device teql0 is deferred
3c59x.c:v0.99H 11/17/98 Donald Becker 
http://cesdis.gsfc.nasa.gov/linux/drivers/vortex.html
eth0: 3Com 3c905B Cyclone 100baseTx at 0x6500,  00:10:4b:63:a1:d1, IRQ 15
  8K byte-wide RAM 5:3 Rx:Tx split, autoselect/Autonegotiate interface.
  MII transceiver found at address 24, status 782d.
  Enabling bus-master transmits and whole-frame receives.
eth1: 3Com 3c905B Cyclone 100baseTx at 0x6600,  00:10:4b:64:d8:df, IRQ 11
  8K byte-wide RAM 5:3 Rx:Tx split, autoselect/Autonegotiate interface.
  MII transceiver found at address 24, status 782d.
  Enabling bus-master transmits and whole-frame receives.
Partition check:
 sda: sda1 sda2
VFS: Mounted root (ext2 filesystem) readonly.
Freeing unused kernel memory: 80k freed
scsi0: Tagged Queuing now active for Target 0
Adding Swap: 136512k swap-space (priority -1)
-
To unsubscribe from this list: send the line "unsubscribe linux-kernel" in
the body of a message to majordomo@vger.rutgers.edu
Please read the FAQ at 
http://www.tux.org/lkml/