Date: Thu, 16 Nov 2006 18:22:47 -0500
From: "Ioan Ionita" <>
Subject: 2.6.19-rc5 libata PATA ATAPI CDROM SiS 5513 NOT WORKING
Sender: linux-kernel-owner@vger.kernel.org
Precedence: bulk
List-ID: <linux-kernel.vger.kernel.org>
X-Mailing-List: linux-kernel@vger.kernel.org
X-Lkml-Link: https://lkml.org/lkml/2006/11/16/264

I gave libata a shot. Hardisk works fine. However the CDROM doesn't.
It would seem that the CDROM is detected, but the device node is not
created.
I do have libata.atapi_enabled=1 as a kernel parameter. This is a Vaio
laptop, with SiS 5513, PATA only, no SATA ports.
Did I miss anything?
Here's a chunk of the lspci.
libata version 2.00 loaded.
pata_sis 0000:00:02.5: version 0.4.4
ata1: PATA max UDMA/133 cmd 0x1F0 ctl 0x3F6 bmdma 0x1000 irq 14
ata2: PATA max UDMA/133 cmd 0x170 ctl 0x376 bmdma 0x1008 irq 15
scsi0 : pata_sis
ATA: abnormal status 0x7F on port 0x1F7
ATA: abnormal status 0x7F on port 0x1F7
ata1.00: ATA-5, max UDMA/100, 78140160 sectors: LBA
ata1.00: ata1: dev 0 multi count 16
ata1.00: configured for UDMA/33
scsi1 : pata_sis
ata2.00: ATAPI, max UDMA/33
ata2.00: configured for UDMA/33
scsi 0:0:0:0: Direct-Access     ATA      HITACHI_DK23EA-4 00K3 PQ: 0 ANSI: 5
SCSI device sda: 78140160 512-byte hdwr sectors (40008 MB)
sda: Write Protect is off
sda: Mode Sense: 00 3a 00 00
SCSI device sda: drive cache: write back
SCSI device sda: 78140160 512-byte hdwr sectors (40008 MB)
sda: Write Protect is off
sda: Mode Sense: 00 3a 00 00
SCSI device sda: drive cache: write back
 sda: sda1 sda2 sda3 sda4
sd 0:0:0:0: Attached scsi disk sda
sd 0:0:0:0: Attached scsi generic sg0 type 0
scsi 1:0:0:0: CD-ROM            MATSHITA UJDA740 DVD/CDRW 1.00 PQ: 0 ANSI: 5
scsi 1:0:0:0: Attached scsi generic sg1 type 5
Yenta: CardBus bridge found at 0000:00:0a.0 [104d:814e]
lspci -vv and dmesg attached.
Regards,
Ioan
0000000000dc000 - 00000000000e0000 (reserved)
 BIOS-e820: 00000000000e4000 - 0000000000100000 (reserved)
 BIOS-e820: 0000000000100000 - 000000001fdf0000 (usable)
 BIOS-e820: 000000001fdf0000 - 000000001fdfb000 (ACPI data)
 BIOS-e820: 000000001fdfb000 - 000000001fe00000 (ACPI NVS)
 BIOS-e820: 000000001fe00000 - 0000000020000000 (reserved)
 BIOS-e820: 00000000fec00000 - 00000000fec10000 (reserved)
 BIOS-e820: 00000000fee00000 - 00000000fee01000 (reserved)
 BIOS-e820: 00000000fff80000 - 0000000100000000 (reserved)
509MB LOWMEM available.
found SMP MP-table at 000f7b20
Entering add_active_range(0, 0, 130544) 0 entries of 256 used
Zone PFN ranges:
  DMA             0 ->     4096
  Normal       4096 ->   130544
early_node_map[1] active PFN ranges
    0:        0 ->   130544
On node 0 totalpages: 130544
  DMA zone: 32 pages used for memmap
  DMA zone: 0 pages reserved
  DMA zone: 4064 pages, LIFO batch:0
  Normal zone: 987 pages used for memmap
  Normal zone: 125461 pages, LIFO batch:31
DMI present.
ACPI: RSDP (v000 SONY                                  ) @ 0x000f7af0
ACPI: RSDT (v001   SONY       F0 0x20040116 PTL  0x00000000) @ 0x1fdf6ebf
ACPI: FADT (v001   SONY       F0 0x20040116 PTL  0x01000000) @ 0x1fdfaf3c
ACPI: MADT (v001   SONY       F0 0x20040116 PTL  0x00000000) @ 0x1fdfafb0
ACPI: DSDT (v001   SONY       F0 0x20040116 PTL  0x0100000e) @ 0x00000000
ACPI: PM-Timer IO Port: 0x8008
ACPI: Local APIC address 0xfee00000
ACPI: LAPIC (acpi_id[0x00] lapic_id[0x00] enabled)
Processor #0 15:2 APIC version 20
ACPI: LAPIC_NMI (acpi_id[0x00] high edge lint[0x1])
ACPI: IOAPIC (id[0x01] address[0xfec00000] gsi_base[0])
IOAPIC[0]: apic_id 1, version 17, address 0xfec00000, GSI 0-23
ACPI: INT_SRC_OVR (bus 0 bus_irq 0 global_irq 16 low level)
ACPI: IRQ0 used by override.
ACPI: IRQ9 used by override.
Enabling APIC mode:  Flat.  Using 1 I/O APICs
Using ACPI (MADT) for SMP configuration information
Allocating PCI resources starting at 30000000 (gap: 20000000:dec00000)
Detected 2806.516 MHz processor.
Built 1 zonelists.  Total pages: 129525
Kernel command line: root=/dev/sda4  libata.atapi_enabled=1 
mapped APIC to ffffd000 (fee00000)
mapped IOAPIC to ffffc000 (fec00000)
Enabling fast FPU save and restore... done.
Enabling unmasked SIMD FPU exception support... done.
Initializing CPU#0
PID hash table entries: 2048 (order: 11, 8192 bytes)
Console: colour VGA+ 80x25
Dentry cache hash table entries: 65536 (order: 6, 262144 bytes)
Inode-cache hash table entries: 32768 (order: 5, 131072 bytes)
Memory: 513504k/522176k available (2438k kernel code, 8120k reserved, 792k data, 180k init, 0k highmem)
virtual kernel memory layout:
    fixmap  : 0xfffb7000 - 0xfffff000   ( 288 kB)
    vmalloc : 0xe0800000 - 0xfffb5000   ( 503 MB)
    lowmem  : 0xc0000000 - 0xdfdf0000   ( 509 MB)
      .init : 0xc042a000 - 0xc0457000   ( 180 kB)
      .data : 0xc0361a81 - 0xc0427cec   ( 792 kB)
      .text : 0xc0100000 - 0xc0361a81   (2438 kB)
Checking if this processor honours the WP bit even in supervisor mode... Ok.
Calibrating delay using timer specific routine.. 5614.36 BogoMIPS (lpj=2807183)
Mount-cache hash table entries: 512
CPU: After generic identify, caps: bfebfbff 00000000 00000000 00000000 00004400 00000000 00000000
CPU: Trace cache: 12K uops, L1 D cache: 8K
CPU: L2 cache: 512K
CPU: After all inits, caps: bfebfbff 00000000 00000000 00000080 00004400 00000000 00000000
Intel machine check architecture supported.
Intel machine check reporting enabled on CPU#0.
CPU0: Intel P4/Xeon Extended MCE MSRs (12) available
CPU0: Thermal monitoring enabled
CPU: Intel(R) Pentium(R) 4 CPU 2.80GHz stepping 09
Checking 'hlt' instruction... OK.
ACPI: Core revision 20060707
ENABLING IO-APIC IRQs
..TIMER: vector=0x31 apic1=0 pin1=16 apic2=-1 pin2=-1
..MP-BIOS bug: 8254 timer not connected to IO-APIC
...trying to set up timer (IRQ0) through the 8259A ...  failed.
...trying to set up timer as Virtual Wire IRQ... works.
NET: Registered protocol family 16
ACPI: bus type pci registered
PCI: PCI BIOS revision 2.10 entry at 0xfd996, last bus=1
PCI: Using configuration type 1
Setting up standard PCI resources
ACPI: Interpreter enabled
ACPI: Using IOAPIC for interrupt routing
ACPI: PCI Root Bridge [PCI0] (0000:00)
PCI: Probing PCI hardware (bus 00)
Uncovering SIS963 that hid as a SIS503 (compatible=1)
Enabling SiS 96x SMBus.
Boot video device is 0000:01:00.0
ACPI: PCI Interrupt Routing Table [\_SB_.PCI0._PRT]
ACPI: PCI Interrupt Link [LNKA] (IRQs 3 4 5 7 9 *10 11)
ACPI: PCI Interrupt Link [LNKB] (IRQs 3 4 5 7 9 10 11) *0, disabled.
ACPI: PCI Interrupt Link [LNKC] (IRQs 3 4 5 7 9 10 11) *0, disabled.
ACPI: PCI Interrupt Link [LNKD] (IRQs 3 4 5 7 9 10 *11)
ACPI: PCI Interrupt Link [LNKE] (IRQs 3 4 5 7 *9 10 11)
ACPI: PCI Interrupt Link [LNKF] (IRQs 3 4 5 7 9 10 *11)
ACPI: PCI Interrupt Link [LNKG] (IRQs 3 4 5 7 9 10 11) *0, disabled.
ACPI: PCI Interrupt Link [LNKH] (IRQs 3 4 5 7 9 10 11) *0, disabled.
ACPI: PCI Interrupt Routing Table [\_SB_.PCI0.PCI1._PRT]
Linux Plug and Play Support v0.97 (c) Adam Belay
pnp: PnP ACPI init
pnp: PnP ACPI: found 11 devices
SCSI subsystem initialized
usbcore: registered new interface driver usbfs
usbcore: registered new interface driver hub
usbcore: registered new device driver usb
PCI: Using ACPI for IRQ routing
PCI: If a device doesn't work, try "pci=routeirq".  If it helps, post a report
pnp: 00:04: ioport range 0x8000-0x808f could not be reserved
pnp: 00:04: ioport range 0x8090-0x80ff has been reserved
pnp: 00:04: ioport range 0x8100-0x811f has been reserved
pnp: 00:04: ioport range 0x4d0-0x4d1 has been reserved
pnp: 00:04: ioport range 0xfe00-0xfe00 has been reserved
PCI: Bridge: 0000:00:01.0
  IO window: disabled.
  MEM window: f5000000-f5ffffff
  PREFETCH window: f6000000-fbffffff
PCI: Bus 2, cardbus bridge: 0000:00:0a.0
  IO window: 00002400-000024ff
  IO window: 00002800-000028ff
  PREFETCH window: 30000000-31ffffff
  MEM window: 32000000-33ffffff
PCI: Bus 6, cardbus bridge: 0000:00:0a.1
  IO window: 00002c00-00002cff
  IO window: 00003000-000030ff
  PREFETCH window: 34000000-35ffffff
  MEM window: 36000000-37ffffff
PCI: Enabling device 0000:00:0a.0 (0000 -> 0003)
ACPI: PCI Interrupt 0000:00:0a.0[A] -> GSI 17 (level, low) -> IRQ 16
PCI: Enabling device 0000:00:0a.1 (0000 -> 0003)
ACPI: PCI Interrupt 0000:00:0a.1[A] -> GSI 17 (level, low) -> IRQ 16
NET: Registered protocol family 2
IP route cache hash table entries: 4096 (order: 2, 16384 bytes)
TCP established hash table entries: 16384 (order: 4, 65536 bytes)
TCP bind hash table entries: 8192 (order: 3, 32768 bytes)
TCP: Hash tables configured (established 16384 bind 8192)
TCP reno registered
Machine check exception polling timer started.
IA-32 Microcode Update Driver: v1.14a <tigran@veritas.com>
NTFS driver 2.1.27 [Flags: R/O].
fuse init (API version 7.7)
io scheduler noop registered
io scheduler cfq registered (default)
ACPI: AC Adapter [ACAD] (on-line)
ACPI: Battery Slot [BAT1] (battery present)
ACPI: Battery Slot [BAT2] (battery absent)
ACPI: Lid Switch [LID]
ACPI: Power Button (CM) [PWRB]
ACPI: CPU0 (power states: C1[C1] C2[C2] C3[C2])
ACPI: Thermal Zone [ATF0] (59 C)
sonypi: Sony Programmable I/O Controller Driver v1.26.
sonypi: detected type2 model, verbose = 0, fnkeyinit = off, camera = off, compat = off, mask = 0xffffffff, useinput = on, acpi = on
sonypi: enabled at irq=11, port1=0x1080, port2=0x1084
sonypi: device allocated minor is 63
input: Sony Vaio Jogdial as /class/input/input0
input: Sony Vaio Keys as /class/input/input1
Linux agpgart interface v0.101 (c) Dave Jones
agpgart: Detected SiS 648 chipset
agpgart: AGP aperture is 64M @ 0xf0000000
[drm] Initialized drm 1.0.1 20051102
Serial: 8250/16550 driver $Revision: 1.90 $ 4 ports, IRQ sharing disabled
serial8250: ttyS0 at I/O 0x3f8 (irq = 4) is a 16550A
00:08: ttyS0 at I/O 0x3f8 (irq = 4) is a 16550A
PCI: Enabling device 0000:00:02.6 (0000 -> 0001)
ACPI: PCI Interrupt 0000:00:02.6[C] -> GSI 18 (level, low) -> IRQ 17
floppy0: no floppy controllers found
loop: loaded (max 8 devices)
sis900.c: v1.08.10 Apr. 2 2006
ACPI: PCI Interrupt 0000:00:04.0[A] -> GSI 19 (level, low) -> IRQ 18
0000:00:04.0: Realtek RTL8201 PHY transceiver found at address 1.
0000:00:04.0: Using transceiver found at address 1 as default
eth0: SiS 900 PCI Fast Ethernet at 0x2000, IRQ 18, 08:00:46:a9:50:21.
libata version 2.00 loaded.
pata_sis 0000:00:02.5: version 0.4.4
ata1: PATA max UDMA/133 cmd 0x1F0 ctl 0x3F6 bmdma 0x1000 irq 14
ata2: PATA max UDMA/133 cmd 0x170 ctl 0x376 bmdma 0x1008 irq 15
scsi0 : pata_sis
ATA: abnormal status 0x7F on port 0x1F7
ATA: abnormal status 0x7F on port 0x1F7
ata1.00: ATA-5, max UDMA/100, 78140160 sectors: LBA 
ata1.00: ata1: dev 0 multi count 16
ata1.00: configured for UDMA/33
scsi1 : pata_sis
ata2.00: ATAPI, max UDMA/33
ata2.00: configured for UDMA/33
scsi 0:0:0:0: Direct-Access     ATA      HITACHI_DK23EA-4 00K3 PQ: 0 ANSI: 5
SCSI device sda: 78140160 512-byte hdwr sectors (40008 MB)
sda: Write Protect is off
sda: Mode Sense: 00 3a 00 00
SCSI device sda: drive cache: write back
SCSI device sda: 78140160 512-byte hdwr sectors (40008 MB)
sda: Write Protect is off
sda: Mode Sense: 00 3a 00 00
SCSI device sda: drive cache: write back
 sda: sda1 sda2 sda3 sda4
sd 0:0:0:0: Attached scsi disk sda
sd 0:0:0:0: Attached scsi generic sg0 type 0
scsi 1:0:0:0: CD-ROM            MATSHITA UJDA740 DVD/CDRW 1.00 PQ: 0 ANSI: 5
scsi 1:0:0:0: Attached scsi generic sg1 type 5
Yenta: CardBus bridge found at 0000:00:0a.0 [104d:814e]
Yenta: ISA IRQ mask 0x04b8, PCI irq 16
Socket status: 30000820
Yenta: CardBus bridge found at 0000:00:0a.1 [104d:814e]
Yenta: ISA IRQ mask 0x04b8, PCI irq 16
Socket status: 30000006
PCI: Enabling device 0000:00:03.3 (0000 -> 0002)
ACPI: PCI Interrupt 0000:00:03.3[D] -> GSI 23 (level, low) -> IRQ 19
ehci_hcd 0000:00:03.3: EHCI Host Controller
ehci_hcd 0000:00:03.3: new USB bus registered, assigned bus number 1
PCI: cache line size of 128 is not supported by device 0000:00:03.3
ehci_hcd 0000:00:03.3: irq 19, io mem 0xf4003000
ehci_hcd 0000:00:03.3: USB 2.0 started, EHCI 1.00, driver 10 Dec 2004
usb usb1: configuration #1 chosen from 1 choice
hub 1-0:1.0: USB hub found
hub 1-0:1.0: 6 ports detected
ohci_hcd: 2006 August 04 USB 1.1 'Open' Host Controller (OHCI) Driver (PCI)
ACPI: PCI Interrupt 0000:00:03.0[A] -> GSI 20 (level, low) -> IRQ 20
ohci_hcd 0000:00:03.0: OHCI Host Controller
ohci_hcd 0000:00:03.0: new USB bus registered, assigned bus number 2
ohci_hcd 0000:00:03.0: irq 20, io mem 0xf4000000
usb usb2: configuration #1 chosen from 1 choice
hub 2-0:1.0: USB hub found
hub 2-0:1.0: 2 ports detected
ACPI: PCI Interrupt 0000:00:03.1[B] -> GSI 21 (level, low) -> IRQ 21
ohci_hcd 0000:00:03.1: OHCI Host Controller
ohci_hcd 0000:00:03.1: new USB bus registered, assigned bus number 3
ohci_hcd 0000:00:03.1: irq 21, io mem 0xf4001000
usb usb3: configuration #1 chosen from 1 choice
hub 3-0:1.0: USB hub found
hub 3-0:1.0: 2 ports detected
PCI: Enabling device 0000:00:03.2 (0010 -> 0012)
ACPI: PCI Interrupt 0000:00:03.2[C] -> GSI 22 (level, low) -> IRQ 22
ohci_hcd 0000:00:03.2: OHCI Host Controller
ohci_hcd 0000:00:03.2: new USB bus registered, assigned bus number 4
ohci_hcd 0000:00:03.2: irq 22, io mem 0xf4002000
usb usb4: configuration #1 chosen from 1 choice
hub 4-0:1.0: USB hub found
hub 4-0:1.0: 2 ports detected
pccard: CardBus card inserted into slot 0
usb 2-1: new low speed USB device using ohci_hcd and address 2
usb 2-1: configuration #1 chosen from 1 choice
usb 4-2: new full speed USB device using ohci_hcd and address 2
usb 4-2: configuration #1 chosen from 1 choice
usbcore: registered new interface driver usblp
drivers/usb/class/usblp.c: v0.13: USB Printer Device Class driver
Initializing USB Mass Storage driver...
scsi2 : SCSI emulation for USB Mass Storage devices
usb-storage: device found at 2
usb-storage: waiting for device to settle before scanning
usbcore: registered new interface driver usb-storage
USB Mass Storage support registered.
input: HP Mouse as /class/input/input2
input: USB HID v1.00 Mouse [HP Mouse] on usb-0000:00:03.0-1
usbcore: registered new interface driver usbhid
drivers/usb/input/hid-core.c: v2.6:USB HID core driver
PNP: PS/2 Controller [PNP0303:KBC,PNP0f13:MOUE] at 0x60,0x64 irq 1,12
serio: i8042 KBD port at 0x60,0x64 irq 1
serio: i8042 AUX port at 0x60,0x64 irq 12
mice: PS/2 mouse device common for all mice
device-mapper: ioctl: 4.10.0-ioctl (2006-09-14) initialised: dm-devel@redhat.com
Advanced Linux Sound Architecture Driver Version 1.0.13 (Sun Oct 22 08:56:16 2006 UTC).
ACPI: PCI Interrupt 0000:00:02.7[C] -> GSI 18 (level, low) -> IRQ 17
input: AT Translated Set 2 keyboard as /class/input/input3
input: PS/2 Mouse as /class/input/input4
input: AlpsPS/2 ALPS GlidePoint as /class/input/input5
intel8x0_measure_ac97_clock: measured 50992 usecs
intel8x0: clocking to 48000
ALSA device list:
  #0: SiS SI7012 with STAC9750,51 at 0x1c00, irq 17
u32 classifier
    OLD policer on 
    input device check on 
Netfilter messages via NETLINK v0.30.
IPv4 over IPv4 tunneling driver
ip_conntrack version 2.4 (4079 buckets, 32632 max) - 208 bytes per conntrack
ip_tables: (C) 2000-2006 Netfilter Core Team
arp_tables: (C) 2002 David S. Miller
TCP cubic registered
NET: Registered protocol family 1
NET: Registered protocol family 17
Using IPI Shortcut mode
drivers/rtc/hctosys.c: unable to open rtc device (rtc0)
Time: tsc clocksource has been installed.
Time: acpi_pm clocksource has been installed.
ReiserFS: sda4: found reiserfs format "3.6" with standard journal
ReiserFS: sda4: using ordered data mode
ReiserFS: sda4: journal params: device sda4, size 8192, journal first block 18, max trans len 1024, max batch 900, max commit age 30, max trans age 30
ReiserFS: sda4: checking transaction log (sda4)
ReiserFS: sda4: Using r5 hash to sort names
VFS: Mounted root (reiserfs filesystem) readonly.
Freeing unused kernel memory: 180k freed
ath_hal: module license 'Proprietary' taints kernel.
ath_hal: 0.9.18.0 (AR5210, AR5211, AR5212, RF5111, RF5112, RF2413, RF5413)
wlan: 0.8.4.2 (svn r1796)
ath_rate_sample: 1.2 (svn r1796)
ath_pci: 0.9.4.5 (svn r1796)
PCI: Enabling device 0000:02:00.0 (0000 -> 0002)
ACPI: PCI Interrupt 0000:02:00.0[A] -> GSI 17 (level, low) -> IRQ 16
wifi0: 11b rates: 1Mbps 2Mbps 5.5Mbps 11Mbps
wifi0: 11g rates: 1Mbps 2Mbps 5.5Mbps 11Mbps 6Mbps 9Mbps 12Mbps 18Mbps 24Mbps 36Mbps 48Mbps 54Mbps
wifi0: H/W encryption support: WEP AES AES_CCM TKIP
wifi0: mac 7.8 phy 4.5 radio 5.6
wifi0: Use hw queue 1 for WME_AC_BE traffic
wifi0: Use hw queue 0 for WME_AC_BK traffic
wifi0: Use hw queue 2 for WME_AC_VI traffic
wifi0: Use hw queue 3 for WME_AC_VO traffic
wifi0: Use hw queue 8 for CAB traffic
wifi0: Use hw queue 9 for beacons
couldn't load module 'wlan_scan_sta' (-38)
unable to load wlan_scan_sta
wifi0: Atheros 5212: mem=0x32000000, irq=16
scsi 2:0:0:0: Direct-Access     Sony     MSC-U03          2.00 PQ: 0 ANSI: 0 CCS
sd 2:0:0:0: Attached scsi removable disk sdb
sd 2:0:0:0: Attached scsi generic sg2 type 0
usb-storage: device scan complete
eth0: Media Link On 10mbps half-duplex 
ReiserFS: sda2: found reiserfs format "3.6" with standard journal
ReiserFS: sda2: using ordered data mode
ReiserFS: sda2: journal params: device sda2, size 8192, journal first block 18, max trans len 1024, max batch 900, max commit age 30, max trans age 30
ReiserFS: sda2: checking transaction log (sda2)
ReiserFS: sda2: Using r5 hash to sort names
00:00.0 Host bridge: Silicon Integrated Systems [SiS] 645xx (rev 03)
	Subsystem: Sony Corporation Unknown device 814e
	Control: I/O+ Mem+ BusMaster+ SpecCycle- MemWINV- VGASnoop- ParErr- Stepping- SERR- FastB2B-
	Status: Cap+ 66MHz- UDF- FastB2B- ParErr- DEVSEL=medium >TAbort- <TAbort- <MAbort+ >SERR- <PERR-
	Latency: 32
	Region 0: Memory at f0000000 (32-bit, non-prefetchable) [size=64M]
	Capabilities: [c0] AGP version 3.0
		Status: RQ=32 Iso- ArqSz=0 Cal=0 SBA+ ITACoh- GART64- HTrans- 64bit- FW+ AGP3- Rate=x1,x2,x4
		Command: RQ=1 ArqSz=0 Cal=0 SBA- AGP- GART64- 64bit- FW- Rate=<none>
00:01.0 PCI bridge: Silicon Integrated Systems [SiS] SG86C202 (prog-if 00 [Normal decode])
	Control: I/O+ Mem+ BusMaster+ SpecCycle- MemWINV- VGASnoop- ParErr- Stepping- SERR- FastB2B-
	Status: Cap- 66MHz- UDF- FastB2B- ParErr- DEVSEL=fast >TAbort- <TAbort- <MAbort- >SERR- <PERR-
	Latency: 99
	Bus: primary=00, secondary=01, subordinate=01, sec-latency=86
	Memory behind bridge: f5000000-f5ffffff
	Prefetchable memory behind bridge: f6000000-fbffffff
	Secondary status: 66MHz- FastB2B- ParErr- DEVSEL=fast >TAbort- <TAbort- <MAbort+ <SERR- <PERR-
	BridgeCtl: Parity- SERR- NoISA+ VGA+ MAbort- >Reset- FastB2B-
00:02.0 ISA bridge: Silicon Integrated Systems [SiS] SiS963 [MuTIOL Media IO] (rev 14)
	Control: I/O+ Mem+ BusMaster+ SpecCycle+ MemWINV- VGASnoop- ParErr- Stepping- SERR- FastB2B-
	Status: Cap- 66MHz- UDF- FastB2B- ParErr- DEVSEL=medium >TAbort- <TAbort- <MAbort- >SERR- <PERR-
	Latency: 0
00:02.1 SMBus: Silicon Integrated Systems [SiS] SiS961/2 SMBus Controller
	Control: I/O+ Mem- BusMaster- SpecCycle- MemWINV- VGASnoop- ParErr- Stepping- SERR- FastB2B-
	Status: Cap- 66MHz- UDF- FastB2B+ ParErr- DEVSEL=medium >TAbort- <TAbort- <MAbort- >SERR- <PERR-
	Interrupt: pin B routed to IRQ 0
	Region 4: I/O ports at 8100 [size=32]
00:02.5 IDE interface: Silicon Integrated Systems [SiS] 5513 [IDE] (prog-if 80 [Master])
	Subsystem: Sony Corporation Unknown device 814e
	Control: I/O+ Mem- BusMaster+ SpecCycle- MemWINV- VGASnoop- ParErr- Stepping- SERR- FastB2B-
	Status: Cap- 66MHz- UDF- FastB2B- ParErr- DEVSEL=medium >TAbort- <TAbort- <MAbort- >SERR- <PERR-
	Latency: 128
	Region 4: I/O ports at 1000 [size=16]
00:02.6 Modem: Silicon Integrated Systems [SiS] AC'97 Modem Controller (rev a0) (prog-if 00 [Generic])
	Subsystem: Sony Corporation Unknown device 814e
	Control: I/O+ Mem- BusMaster- SpecCycle- MemWINV- VGASnoop- ParErr- Stepping- SERR- FastB2B-
	Status: Cap+ 66MHz- UDF- FastB2B+ ParErr- DEVSEL=medium >TAbort- <TAbort- <MAbort- >SERR- <PERR-
	Interrupt: pin C routed to IRQ 17
	Region 0: I/O ports at 1800 [size=256]
	Region 1: I/O ports at 1400 [size=128]
	Capabilities: [48] Power Management version 2
		Flags: PMEClk- DSI- D1+ D2+ AuxCurrent=55mA PME(D0-,D1-,D2-,D3hot+,D3cold+)
		Status: D0 PME-Enable- DSel=0 DScale=0 PME-
00:02.7 Multimedia audio controller: Silicon Integrated Systems [SiS] AC'97 Sound Controller (rev a0)
	Subsystem: Sony Corporation Unknown device 814e
	Control: I/O+ Mem- BusMaster+ SpecCycle- MemWINV- VGASnoop- ParErr- Stepping- SERR- FastB2B-
	Status: Cap+ 66MHz- UDF- FastB2B+ ParErr- DEVSEL=medium >TAbort- <TAbort- <MAbort- >SERR- <PERR-
	Latency: 173 (13000ns min, 2750ns max)
	Interrupt: pin C routed to IRQ 17
	Region 0: I/O ports at 1c00 [size=256]
	Region 1: I/O ports at 1480 [size=128]
	Capabilities: [48] Power Management version 2
		Flags: PMEClk- DSI- D1+ D2+ AuxCurrent=55mA PME(D0-,D1-,D2-,D3hot+,D3cold+)
		Status: D0 PME-Enable- DSel=0 DScale=0 PME-
00:03.0 USB Controller: Silicon Integrated Systems [SiS] USB 1.0 Controller (rev 0f) (prog-if 10 [OHCI])
	Subsystem: Sony Corporation Unknown device 814e
	Control: I/O+ Mem+ BusMaster+ SpecCycle- MemWINV+ VGASnoop- ParErr- Stepping- SERR- FastB2B-
	Status: Cap- 66MHz- UDF- FastB2B+ ParErr- DEVSEL=medium >TAbort- <TAbort- <MAbort- >SERR- <PERR-
	Latency: 32 (20000ns max)
	Interrupt: pin A routed to IRQ 20
	Region 0: Memory at f4000000 (32-bit, non-prefetchable) [size=4K]
00:03.1 USB Controller: Silicon Integrated Systems [SiS] USB 1.0 Controller (rev 0f) (prog-if 10 [OHCI])
	Subsystem: Sony Corporation Unknown device 814e
	Control: I/O+ Mem+ BusMaster+ SpecCycle- MemWINV+ VGASnoop- ParErr- Stepping- SERR- FastB2B-
	Status: Cap- 66MHz- UDF- FastB2B+ ParErr- DEVSEL=medium >TAbort- <TAbort- <MAbort- >SERR- <PERR-
	Latency: 32 (20000ns max)
	Interrupt: pin B routed to IRQ 21
	Region 0: Memory at f4001000 (32-bit, non-prefetchable) [size=4K]
00:03.2 USB Controller: Silicon Integrated Systems [SiS] USB 1.0 Controller (rev 0f) (prog-if 10 [OHCI])
	Subsystem: Sony Corporation Unknown device 814e
	Control: I/O- Mem+ BusMaster+ SpecCycle- MemWINV+ VGASnoop- ParErr- Stepping- SERR- FastB2B-
	Status: Cap- 66MHz- UDF- FastB2B+ ParErr- DEVSEL=medium >TAbort- <TAbort- <MAbort- >SERR- <PERR-
	Latency: 32 (20000ns max)
	Interrupt: pin C routed to IRQ 22
	Region 0: Memory at f4002000 (32-bit, non-prefetchable) [size=4K]
00:03.3 USB Controller: Silicon Integrated Systems [SiS] USB 2.0 Controller (prog-if 20 [EHCI])
	Subsystem: Sony Corporation Unknown device 814e
	Control: I/O- Mem+ BusMaster+ SpecCycle- MemWINV- VGASnoop- ParErr- Stepping- SERR- FastB2B-
	Status: Cap+ 66MHz- UDF- FastB2B+ ParErr- DEVSEL=medium >TAbort- <TAbort- <MAbort- >SERR- <PERR-
	Latency: 32 (20000ns max)
	Interrupt: pin D routed to IRQ 19
	Region 0: Memory at f4003000 (32-bit, non-prefetchable) [size=4K]
	Capabilities: [50] Power Management version 2
		Flags: PMEClk- DSI- D1- D2- AuxCurrent=375mA PME(D0+,D1-,D2-,D3hot+,D3cold+)
		Status: D0 PME-Enable- DSel=0 DScale=0 PME-
00:04.0 Ethernet controller: Silicon Integrated Systems [SiS] SiS900 PCI Fast Ethernet (rev 90)
	Subsystem: Sony Corporation Unknown device 814e
	Control: I/O+ Mem+ BusMaster+ SpecCycle- MemWINV- VGASnoop- ParErr- Stepping- SERR- FastB2B-
	Status: Cap+ 66MHz- UDF- FastB2B+ ParErr- DEVSEL=medium >TAbort- <TAbort- <MAbort- >SERR- <PERR-
	Latency: 173 (13000ns min, 2750ns max)
	Interrupt: pin A routed to IRQ 18
	Region 0: I/O ports at 2000 [size=256]
	Region 1: Memory at f4004000 (32-bit, non-prefetchable) [size=4K]
	[virtual] Expansion ROM at 38000000 [disabled] [size=128K]
	Capabilities: [40] Power Management version 2
		Flags: PMEClk- DSI- D1+ D2+ AuxCurrent=0mA PME(D0+,D1+,D2+,D3hot+,D3cold+)
		Status: D0 PME-Enable- DSel=0 DScale=0 PME-
00:0a.0 CardBus bridge: Ricoh Co Ltd RL5c476 II (rev aa)
	Subsystem: Sony Corporation Unknown device 814e
	Control: I/O+ Mem+ BusMaster+ SpecCycle- MemWINV- VGASnoop- ParErr- Stepping- SERR- FastB2B-
	Status: Cap+ 66MHz- UDF- FastB2B- ParErr- DEVSEL=medium >TAbort- <TAbort- <MAbort- >SERR- <PERR-
	Latency: 168
	Interrupt: pin A routed to IRQ 16
	Region 0: Memory at 38020000 (32-bit, non-prefetchable) [size=4K]
	Bus: primary=00, secondary=02, subordinate=05, sec-latency=176
	Memory window 0: 30000000-31fff000 (prefetchable)
	Memory window 1: 32000000-33fff000
	I/O window 0: 00002400-000024ff
	I/O window 1: 00002800-000028ff
	BridgeCtl: Parity- SERR- ISA- VGA- MAbort- >Reset- 16bInt- PostWrite+
	16-bit legacy interface ports at 0001
00:0a.1 CardBus bridge: Ricoh Co Ltd RL5c476 II (rev aa)
	Subsystem: Sony Corporation Unknown device 814e
	Control: I/O+ Mem+ BusMaster+ SpecCycle- MemWINV- VGASnoop- ParErr- Stepping- SERR- FastB2B-
	Status: Cap+ 66MHz- UDF- FastB2B- ParErr- DEVSEL=medium >TAbort- <TAbort- <MAbort- >SERR- <PERR-
	Latency: 168
	Interrupt: pin A routed to IRQ 16
	Region 0: Memory at 38021000 (32-bit, non-prefetchable) [size=4K]
	Bus: primary=00, secondary=06, subordinate=09, sec-latency=176
	Memory window 0: 34000000-35fff000 (prefetchable)
	Memory window 1: 36000000-37fff000
	I/O window 0: 00002c00-00002cff
	I/O window 1: 00003000-000030ff
	BridgeCtl: Parity- SERR- ISA- VGA- MAbort- >Reset- 16bInt+ PostWrite+
	16-bit legacy interface ports at 0001
00:0a.2 FireWire (IEEE 1394): Ricoh Co Ltd R5C552 IEEE 1394 Controller (rev 02) (prog-if 10 [OHCI])
	Subsystem: Sony Corporation Unknown device 814e
	Control: I/O- Mem+ BusMaster+ SpecCycle- MemWINV- VGASnoop- ParErr- Stepping- SERR- FastB2B-
	Status: Cap+ 66MHz- UDF- FastB2B- ParErr- DEVSEL=medium >TAbort- <TAbort- <MAbort- >SERR- <PERR-
	Latency: 32 (500ns min, 1000ns max)
	Interrupt: pin A routed to IRQ 255
	Region 0: Memory at f4005000 (32-bit, non-prefetchable) [size=2K]
	Capabilities: [dc] Power Management version 2
		Flags: PMEClk- DSI- D1- D2- AuxCurrent=0mA PME(D0+,D1-,D2-,D3hot+,D3cold+)
		Status: D0 PME-Enable- DSel=0 DScale=2 PME-
01:00.0 VGA compatible controller: nVidia Corporation NV17 [GeForce4 420 Go] (rev a3) (prog-if 00 [VGA])
	Subsystem: Sony Corporation Unknown device 8152
	Control: I/O+ Mem+ BusMaster+ SpecCycle- MemWINV- VGASnoop- ParErr- Stepping- SERR- FastB2B-
	Status: Cap+ 66MHz+ UDF- FastB2B+ ParErr- DEVSEL=medium >TAbort- <TAbort- <MAbort- >SERR- <PERR-
	Latency: 40 (1250ns min, 250ns max)
	Interrupt: pin A routed to IRQ 10
	Region 0: Memory at f5000000 (32-bit, non-prefetchable) [size=16M]
	Region 1: Memory at f8000000 (32-bit, prefetchable) [size=64M]
	Region 2: Memory at f6000000 (32-bit, prefetchable) [size=512K]
	[virtual] Expansion ROM at f6080000 [disabled] [size=128K]
	Capabilities: [60] Power Management version 2
		Flags: PMEClk- DSI- D1- D2- AuxCurrent=0mA PME(D0-,D1-,D2-,D3hot-,D3cold-)
		Status: D0 PME-Enable- DSel=0 DScale=0 PME-
	Capabilities: [44] AGP version 2.0
		Status: RQ=32 Iso- ArqSz=0 Cal=0 SBA- ITACoh- GART64- HTrans- 64bit- FW- AGP3- Rate=x1,x2,x4
		Command: RQ=1 ArqSz=0 Cal=0 SBA- AGP- GART64- 64bit- FW- Rate=<none>
02:00.0 Ethernet controller: Atheros Communications, Inc. AR5005G 802.11abg NIC (rev 01)
	Subsystem: D-Link System Inc Unknown device 3b08
	Control: I/O- Mem+ BusMaster+ SpecCycle- MemWINV- VGASnoop- ParErr- Stepping- SERR- FastB2B-
	Status: Cap+ 66MHz- UDF- FastB2B+ ParErr- DEVSEL=medium >TAbort- <TAbort- <MAbort- >SERR- <PERR-
	Latency: 168 (2500ns min, 7000ns max), Cache Line Size: 128 bytes
	Interrupt: pin A routed to IRQ 16
	Region 0: Memory at 32000000 (32-bit, non-prefetchable) [size=64K]
	Capabilities: [44] Power Management version 2
		Flags: PMEClk- DSI- D1- D2- AuxCurrent=375mA PME(D0-,D1-,D2-,D3hot-,D3cold-)
		Status: D0 PME-Enable- DSel=0 DScale=2 PME-