Date: Tue, 04 Mar 2003 18:54:02 +0100
From: Ron Arts <>
Subject: Re: PCI init issues
Sender: linux-kernel-owner@vger.kernel.org
Precedence: bulk
List-ID: <linux-kernel.vger.kernel.org>
X-Mailing-List: linux-kernel@vger.kernel.org
X-Lkml-Link: https://lkml.org/lkml/2003/3/4/111

david.knierim@tekelec.com wrote:
> 
> Ivan,
>    Here is the full messages output for a system with this problem.   I had
> only provided part of the
> messages file to him earlier.   This is the entire output.
Hello,
On Jamal's request:
Here is dmesg output for another system experiencing this problem.
It may not be complete, so I also included part of /var/log/messages.
Ron Arts
ies=257945
Buffer cache hash table entries: 131072 (order: 7, 524288 bytes)
Page-cache hash table entries: 524288 (order: 9, 2097152 bytes)
CPU: Before vendor init, caps: 3febfbff 00000000 00000000, vendor = 0
CPU: L1 I cache: 0K, L1 D cache: 8K
CPU: L2 cache: 512K
CPU: Physical Processor ID: 0
CPU: After vendor init, caps: 3febfbff 00000000 00000000 00000000
Intel machine check architecture supported.
Intel machine check reporting enabled on CPU#0.
CPU:     After generic, caps: 3febfbff 00000000 00000000 00000000
CPU:             Common caps: 3febfbff 00000000 00000000 00000000
Enabling fast FPU save and restore... done.
Enabling unmasked SIMD FPU exception support... done.
Checking 'hlt' instruction... OK.
POSIX conformance testing by UNIFIX
mtrr: v1.40 (20010327) Richard Gooch (rgooch@atnf.csiro.au)
mtrr: detected mtrr type: Intel
CPU: Before vendor init, caps: 3febfbff 00000000 00000000, vendor = 0
CPU: L1 I cache: 0K, L1 D cache: 8K
CPU: L2 cache: 512K
CPU: Physical Processor ID: 0
CPU: After vendor init, caps: 3febfbff 00000000 00000000 00000000
Intel machine check reporting enabled on CPU#0.
CPU:     After generic, caps: 3febfbff 00000000 00000000 00000000
CPU:             Common caps: 3febfbff 00000000 00000000 00000000
CPU0: Intel(R) XEON(TM) CPU 2.40GHz stepping 04
per-CPU timeslice cutoff: 1462.93 usecs.
task migration cache decay timeout: 1 msecs.
enabled ExtINT on CPU#0
ESR value before enabling vector: 00000000
ESR value after enabling vector: 00000000
Booting processor 1/1 eip 2000
Initializing CPU#1
masked ExtINT on CPU#1
ESR value before enabling vector: 00000000
ESR value after enabling vector: 00000000
Calibrating delay loop... 4784.26 BogoMIPS
CPU: Before vendor init, caps: 3febfbff 00000000 00000000, vendor = 0
CPU: L1 I cache: 0K, L1 D cache: 8K
CPU: L2 cache: 512K
CPU: Physical Processor ID: 0
CPU: After vendor init, caps: 3febfbff 00000000 00000000 00000000
Intel machine check reporting enabled on CPU#1.
CPU:     After generic, caps: 3febfbff 00000000 00000000 00000000
CPU:             Common caps: 3febfbff 00000000 00000000 00000000
CPU1: Intel(R) XEON(TM) CPU 2.40GHz stepping 04
Booting processor 2/6 eip 2000
Initializing CPU#2
masked ExtINT on CPU#2
ESR value before enabling vector: 00000000
ESR value after enabling vector: 00000000
Calibrating delay loop... 4784.26 BogoMIPS
CPU: Before vendor init, caps: 3febfbff 00000000 00000000, vendor = 0
CPU: L1 I cache: 0K, L1 D cache: 8K
CPU: L2 cache: 512K
CPU: Physical Processor ID: 3
CPU: After vendor init, caps: 3febfbff 00000000 00000000 00000000
Intel machine check reporting enabled on CPU#2.
CPU:     After generic, caps: 3febfbff 00000000 00000000 00000000
CPU:             Common caps: 3febfbff 00000000 00000000 00000000
CPU2: Intel(R) XEON(TM) CPU 2.40GHz stepping 04
Booting processor 3/7 eip 2000
Initializing CPU#3
masked ExtINT on CPU#3
ESR value before enabling vector: 00000000
ESR value after enabling vector: 00000000
Calibrating delay loop... 4784.26 BogoMIPS
CPU: Before vendor init, caps: 3febfbff 00000000 00000000, vendor = 0
CPU: L1 I cache: 0K, L1 D cache: 8K
CPU: L2 cache: 512K
CPU: Physical Processor ID: 3
CPU: After vendor init, caps: 3febfbff 00000000 00000000 00000000
Intel machine check reporting enabled on CPU#3.
CPU:     After generic, caps: 3febfbff 00000000 00000000 00000000
CPU:             Common caps: 3febfbff 00000000 00000000 00000000
CPU3: Intel(R) XEON(TM) CPU 2.40GHz stepping 04
Total of 4 processors activated (19103.65 BogoMIPS).
cpu_sibling_map[0] = 1
cpu_sibling_map[1] = 0
cpu_sibling_map[2] = 3
cpu_sibling_map[3] = 2
ENABLING IO-APIC IRQs
Setting 2 in the phys_id_present_map
...changing IO-APIC physical APIC ID to 2 ... ok.
Setting 3 in the phys_id_present_map
...changing IO-APIC physical APIC ID to 3 ... ok.
Setting 4 in the phys_id_present_map
...changing IO-APIC physical APIC ID to 4 ... ok.
init IO_APIC IRQs
 IO-APIC (apicid-pin) 2-0, 2-7, 2-10, 2-11, 2-12, 2-20, 2-21, 2-22, 2-23, 3-0, 3-1, 3-2, 3-3, 3-6, 3-8, 3-9, 3-10, 3-11, 3-12, 3-13, 3-14, 3-15, 3-16, 3-17, 3-18, 3-19, 3-20, 3-21, 3-22, 3-23, 4-1, 4-2, 4-3, 4-4, 4-5, 4-6, 4-7, 4-8, 4-9, 4-10, 4-11, 4-12, 4-13, 4-14, 4-15, 4-16, 4-17, 4-18, 4-19, 4-20, 4-21, 4-22, 4-23 not connected.
..TIMER: vector=0x31 pin1=2 pin2=0
number of MP IRQ sources: 24.
number of IO-APIC #2 registers: 24.
number of IO-APIC #3 registers: 24.
number of IO-APIC #4 registers: 24.
testing the IO APIC.......................
IO APIC #2......
.... register #00: 02008000
.......    : physical APIC id: 02
 WARNING: unexpected IO-APIC, please mail
          to linux-smp@vger.kernel.org
.... register #01: 00178020
.......     : max redirection entries: 0017
.......     : PRQ implemented: 1
.......     : IO APIC version: 0020
.... register #02: 00000000
.......     : arbitration: 00
.... IRQ redirection table:
 NR Log Phy Mask Trig IRR Pol Stat Dest Deli Vect:   
 00 000 00  1    0    0   0   0    0    0    00
 01 00F 0F  0    0    0   0   0    1    1    39
 02 008 08  0    0    0   0   0    1    1    31
 03 00F 0F  0    0    0   0   0    1    1    41
 04 00F 0F  0    0    0   0   0    1    1    49
 05 00F 0F  0    0    0   0   0    1    1    51
 06 00F 0F  0    0    0   0   0    1    1    59
 07 000 00  1    0    0   0   0    0    0    00
 08 00F 0F  0    0    0   0   0    1    1    61
 09 00F 0F  0    0    0   0   0    1    1    69
 0a 000 00  1    0    0   0   0    0    0    00
 0b 000 00  1    0    0   0   0    0    0    00
 0c 000 00  1    0    0   0   0    0    0    00
 0d 00F 0F  0    0    0   0   0    1    1    71
 0e 00F 0F  0    0    0   0   0    1    1    79
 0f 00F 0F  0    0    0   0   0    1    1    81
 10 00F 0F  1    1    0   1   0    1    1    89
 11 00F 0F  1    1    0   1   0    1    1    91
 12 00F 0F  1    1    0   1   0    1    1    99
 13 00F 0F  1    1    0   1   0    1    1    A1
 14 000 00  1    0    0   0   0    0    0    00
 15 000 00  1    0    0   0   0    0    0    00
 16 000 00  1    0    0   0   0    0    0    00
 17 000 00  1    0    0   0   0    0    0    00
IO APIC #3......
.... register #00: 03000000
.......    : physical APIC id: 03
.... register #01: 00178020
.......     : max redirection entries: 0017
.......     : PRQ implemented: 1
.......     : IO APIC version: 0020
.... register #02: 03000000
.......     : arbitration: 03
.... IRQ redirection table:
 NR Log Phy Mask Trig IRR Pol Stat Dest Deli Vect:   
 00 000 00  1    0    0   0   0    0    0    00
 01 000 00  1    0    0   0   0    0    0    00
 02 000 00  1    0    0   0   0    0    0    00
 03 000 00  1    0    0   0   0    0    0    00
 04 00F 0F  1    1    0   1   0    1    1    A9
 05 00F 0F  1    1    0   1   0    1    1    B1
 06 000 00  1    0    0   0   0    0    0    00
 07 00F 0F  1    1    0   1   0    1    1    B9
 08 000 00  1    0    0   0   0    0    0    00
 09 000 00  1    0    0   0   0    0    0    00
 0a 000 00  1    0    0   0   0    0    0    00
 0b 000 00  1    0    0   0   0    0    0    00
 0c 000 00  1    0    0   0   0    0    0    00
 0d 000 00  1    0    0   0   0    0    0    00
 0e 000 00  1    0    0   0   0    0    0    00
 0f 000 00  1    0    0   0   0    0    0    00
 10 000 00  1    0    0   0   0    0    0    00
 11 000 00  1    0    0   0   0    0    0    00
 12 000 00  1    0    0   0   0    0    0    00
 13 000 00  1    0    0   0   0    0    0    00
 14 000 00  1    0    0   0   0    0    0    00
 15 000 00  1    0    0   0   0    0    0    00
 16 000 00  1    0    0   0   0    0    0    00
 17 000 00  1    0    0   0   0    0    0    00
IO APIC #4......
.... register #00: 04000000
.......    : physical APIC id: 04
.... register #01: 00178020
.......     : max redirection entries: 0017
.......     : PRQ implemented: 1
.......     : IO APIC version: 0020
.... register #02: 04000000
.......     : arbitration: 04
.... IRQ redirection table:
 NR Log Phy Mask Trig IRR Pol Stat Dest Deli Vect:   
 00 00F 0F  1    1    0   1   0    1    1    C1
 01 000 00  1    0    0   0   0    0    0    00
 02 000 00  1    0    0   0   0    0    0    00
 03 000 00  1    0    0   0   0    0    0    00
 04 000 00  1    0    0   0   0    0    0    00
 05 000 00  1    0    0   0   0    0    0    00
 06 000 00  1    0    0   0   0    0    0    00
 07 000 00  1    0    0   0   0    0    0    00
 08 000 00  1    0    0   0   0    0    0    00
 09 000 00  1    0    0   0   0    0    0    00
 0a 000 00  1    0    0   0   0    0    0    00
 0b 000 00  1    0    0   0   0    0    0    00
 0c 000 00  1    0    0   0   0    0    0    00
 0d 000 00  1    0    0   0   0    0    0    00
 0e 000 00  1    0    0   0   0    0    0    00
 0f 000 00  1    0    0   0   0    0    0    00
 10 000 00  1    0    0   0   0    0    0    00
 11 000 00  1    0    0   0   0    0    0    00
 12 000 00  1    0    0   0   0    0    0    00
 13 000 00  1    0    0   0   0    0    0    00
 14 000 00  1    0    0   0   0    0    0    00
 15 000 00  1    0    0   0   0    0    0    00
 16 000 00  1    0    0   0   0    0    0    00
 17 000 00  1    0    0   0   0    0    0    00
IRQ to pin mappings:
IRQ0 -> 0:2
IRQ1 -> 0:1
IRQ3 -> 0:3
IRQ4 -> 0:4
IRQ5 -> 0:5
IRQ6 -> 0:6
IRQ8 -> 0:8
IRQ9 -> 0:9
IRQ13 -> 0:13
IRQ14 -> 0:14
IRQ15 -> 0:15
IRQ16 -> 0:16
IRQ17 -> 0:17
IRQ18 -> 0:18
IRQ19 -> 0:19
IRQ28 -> 1:4
IRQ29 -> 1:5
IRQ31 -> 1:7
IRQ48 -> 2:0
.................................... done.
Using local APIC timer interrupts.
calibrating APIC timer ...
..... CPU clock speed is 2395.0997 MHz.
..... host bus clock speed is 99.1587 MHz.
cpu: 0, clocks: 194934, slice: 38986
CPU0<T0:194928,T1:155936,D:6,S:38986,C:194934>
cpu: 1, clocks: 194934, slice: 38986
cpu: 3, clocks: 194934, slice: 38986
cpu: 2, clocks: 194934, slice: 38986
CPU1<T0:194928,T1:116944,D:12,S:38986,C:194934>
CPU2<T0:194928,T1:77968,D:2,S:38986,C:194934>
CPU3<T0:194928,T1:38976,D:8,S:38986,C:194934>
checking TSC synchronization across CPUs: passed.
migration_task 0 on cpu=0
migration_task 1 on cpu=1
migration_task 2 on cpu=2
migration_task 3 on cpu=3
PCI: PCI BIOS revision 2.10 entry at 0xfd8c5, last bus=5
PCI: Using configuration type 1
PCI: Probing PCI hardware
Transparent bridge - Intel Corp. 82801BA/CA/DB PCI Bridge
PCI: Discovered primary peer bus 10 [IRQ]
PCI: Discovered primary peer bus 11 [IRQ]
PCI: Discovered primary peer bus 12 [IRQ]
PCI: Using IRQ router PIIX [8086/2480] at 00:1f.0
PCI->APIC IRQ transform: (B0,I29,P0) -> 16
PCI->APIC IRQ transform: (B0,I29,P1) -> 19
PCI->APIC IRQ transform: (B0,I29,P2) -> 18
PCI->APIC IRQ transform: (B3,I4,P0) -> 48
PCI->APIC IRQ transform: (B3,I5,P1) -> 48
PCI->APIC IRQ transform: (B3,I6,P2) -> 48
PCI->APIC IRQ transform: (B3,I7,P3) -> 48
PCI->APIC IRQ transform: (B4,I2,P2) -> 28
PCI->APIC IRQ transform: (B4,I2,P3) -> 29
PCI->APIC IRQ transform: (B4,I4,P0) -> 31
PCI->APIC IRQ transform: (B5,I1,P1) -> 16
PCI->APIC IRQ transform: (B5,I2,P2) -> 17
isapnp: Scanning for PnP cards...
isapnp: No Plug & Play device found
speakup:  initialized device: /dev/synth, node (MAJOR 10, MINOR 25)
Linux NET4.0 for Linux 2.4
Based upon Swansea University Computer Society NET3.039
Initializing RT netlink socket
apm: BIOS version 1.2 Flags 0x03 (Driver version 1.16)
apm: disabled - APM is not SMP safe.
Starting kswapd
allocated 64 pages and 64 bhs reserved for the highmem bounces
VFS: Diskquotas version dquot_6.5.0 initialized
Detected PS/2 Mouse Port.
pty: 2048 Unix98 ptys configured
Serial driver version 5.05c (2001-07-08) with MANY_PORTS MULTIPORT SHARE_IRQ SERIAL_PCI ISAPNP enabled
ttyS0 at 0x03f8 (irq = 4) is a 16550A
ttyS1 at 0x02f8 (irq = 3) is a 16550A
Real Time Clock Driver v1.10e
oprofile: can't get RTC I/O Ports
block: 1024 slots per queue, batch=256
Uniform Multi-Platform E-IDE driver Revision: 6.31
ide: Assuming 33MHz system bus speed for PIO modes; override with idebus=xx
PIIX4: IDE controller on PCI bus 00 dev f9
PCI: No IRQ known for interrupt pin A of device 00:1f.1. Probably buggy MP table.
PIIX4: chipset revision 2
PIIX4: not 100% native mode: will probe irqs later
    ide0: BM-DMA at 0x1460-0x1467, BIOS settings: hda:pio, hdb:pio
    ide1: BM-DMA at 0x1468-0x146f, BIOS settings: hdc:pio, hdd:pio
hdc: MATSHITA CR-177, ATAPI CD/DVD-ROM drive
ide1 at 0x170-0x177,0x376 on irq 15
ide-floppy driver 0.99.newide
Floppy drive(s): fd0 is 1.44M
FDC 0 is a post-1991 82077
NET4: Frame Diverter 0.46
RAMDISK driver initialized: 16 RAM disks of 4096K size 1024 blocksize
ide-floppy driver 0.99.newide
md: md driver 0.90.0 MAX_MD_DEVS=256, MD_SB_DISKS=27
md: Autodetecting RAID arrays.
md: autorun ...
md: ... autorun DONE.
pci_hotplug: PCI Hot Plug PCI Core version: 0.4
NET4: Linux TCP/IP 1.0 for NET4.0
IP Protocols: ICMP, UDP, TCP, IGMP
IP: routing cache hash table of 16384 buckets, 128Kbytes
TCP: Hash tables configured (established 262144 bind 65536)
Linux IP multicast router 0.06 plus PIM-SM
NET4: Unix domain sockets 1.0/SMP for Linux NET4.0.
RAMDISK: Compressed image found at block 0
Freeing initrd memory: 257k freed
VFS: Mounted root (ext2 filesystem).
SCSI subsystem driver Revision: 1.00
kmod: failed to exec /sbin/modprobe -s -k scsi_hostadapter, errno = 2
scsi0 : Adaptec AIC7XXX EISA/VLB/PCI SCSI HBA DRIVER, Rev 6.2.8
        <Adaptec aic7899 Ultra160 SCSI adapter>
        aic7899: Ultra160 Wide Channel A, SCSI Id=7, 32/253 SCBs
scsi1 : Adaptec AIC7XXX EISA/VLB/PCI SCSI HBA DRIVER, Rev 6.2.8
        <Adaptec aic7899 Ultra160 SCSI adapter>
        aic7899: Ultra160 Wide Channel B, SCSI Id=7, 32/253 SCBs
blk: queue c45f8418, I/O limit 4095Mb (mask 0xffffffff)
  Vendor: SEAGATE   Model: ST336607LC        Rev: 0004
  Type:   Direct-Access                      ANSI SCSI revision: 03
blk: queue c2d9fe18, I/O limit 4095Mb (mask 0xffffffff)
  Vendor: SDR       Model: GEM318            Rev: 0   
  Type:   Processor                          ANSI SCSI revision: 02
blk: queue c2d7cc18, I/O limit 4095Mb (mask 0xffffffff)
scsi0:A:1:0: Tagged Queuing enabled.  Depth 253
blk: queue c2d7cc18, I/O limit 4095Mb (mask 0xffffffff)
Attached scsi disk sda at scsi0, channel 0, id 1, lun 0
(scsi0:A:1): 160.000MB/s transfers (80.000MHz DT, offset 63, 16bit)
SCSI device sda: 71687372 512-byte hdwr sectors (36704 MB)
Partition check:
 sda: sda1 sda2 sda3
Journalled Block Device driver loaded
kjournald starting.  Commit interval 5 seconds
EXT3-fs: mounted filesystem with ordered data mode.
Freeing unused kernel memory: 200k freed
EXT3 FS 2.4-0.9.18, 14 May 2002 on sd(8,3), internal journal
Adding Swap: 2040244k swap-space (priority -1)
kjournald starting.  Commit interval 5 seconds
EXT3 FS 2.4-0.9.18, 14 May 2002 on sd(8,1), internal journal
EXT3-fs: mounted filesystem with ordered data mode.
ohci1394: pci_module_init failed
ip_tables: (C) 2000-2002 Netfilter core team
ip_conntrack (8192 buckets, 65536 max)
eepro100.c:v1.09j-t 9/29/99 Donald Becker 
http://www.scyld.com/network/eepro100.html
eepro100.c: $Revision: 1.36 $ 2000/11/17 Modified by Andrey V. Savochkin <saw@saw.sw.com.sg> and others
divert: allocating divert_blk for eth0
eth0: OEM i82557/i82558 10/100 Ethernet, 00:30:48:24:B9:2B, IRQ 17.
  Board assembly 000000-000, Physical connectors present: RJ45
  Primary interface chip i82555 PHY #1.
  General self-test: passed.
  Serial sub-system self-test: passed.
  Internal registers self-test: passed.
  ROM checksum self-test: passed (0xb874c1d3).
Mar  4 18:39:33 kernel syslog: syslogd startup succeeded
Mar  4 18:39:33 kernel syslog: klogd startup succeeded
Mar  4 18:39:33 kernel kernel: klogd 1.4.1, log source = /proc/kmsg started.
Mar  4 18:39:33 kernel kernel: Linux version 2.4.18-24.8.0custom (root@miranda.tunnel.toeval.nl) (gcc version 3.2 20020903 (Red Hat Linux 8.0 3.2-7)) #4 SMP Mon Mar 3 16:55:40 CET 2003
Mar  4 18:39:33 kernel kernel: BIOS-provided physical RAM map:
Mar  4 18:39:33 kernel kernel:  BIOS-e820: 0000000000000000 - 000000000009f400 (usable)
Mar  4 18:39:33 kernel kernel:  BIOS-e820: 000000000009f400 - 00000000000a0000 (reserved)
Mar  4 18:39:33 kernel kernel:  BIOS-e820: 00000000000d8000 - 00000000000e0000 (reserved)
Mar  4 18:39:33 kernel kernel:  BIOS-e820: 00000000000e4000 - 0000000000100000 (reserved)
Mar  4 18:39:33 kernel kernel:  BIOS-e820: 0000000000100000 - 000000007fef0000 (usable)
Mar  4 18:39:33 kernel kernel:  BIOS-e820: 000000007fef0000 - 000000007fefc000 (ACPI data)
Mar  4 18:39:33 kernel kernel:  BIOS-e820: 000000007fefc000 - 000000007ff00000 (ACPI NVS)
Mar  4 18:39:33 kernel kernel:  BIOS-e820: 000000007ff00000 - 000000007ff80000 (usable)
Mar  4 18:39:33 kernel keytable: Loading keymap: 
Mar  4 18:39:33 kernel kernel:  BIOS-e820: 000000007ff80000 - 0000000080000000 (reserved)
Mar  4 18:39:33 kernel keytable: 
Mar  4 18:39:33 kernel kernel:  BIOS-e820: 00000000fec00000 - 00000000fec10000 (reserved)
Mar  4 18:39:33 kernel keytable: 
Mar  4 18:39:33 kernel kernel:  BIOS-e820: 00000000fee00000 - 00000000fee01000 (reserved)
Mar  4 18:39:33 kernel rc: Starting keytable:  succeeded
Mar  4 18:39:33 kernel kernel:  BIOS-e820: 00000000ff800000 - 00000000ffc00000 (reserved)
Mar  4 18:39:33 kernel kernel:  BIOS-e820: 00000000fff00000 - 0000000100000000 (reserved)
Mar  4 18:39:33 kernel kernel: 1151MB HIGHMEM available.
Mar  4 18:39:33 kernel kernel: 896MB LOWMEM available.
Mar  4 18:39:33 kernel kernel: found SMP MP-table at 000f7040
Mar  4 18:39:33 kernel random: Initializing random number generator:  succeeded
Mar  4 18:39:33 kernel kernel: hm, page 000f7000 reserved twice.
Mar  4 18:39:33 kernel kernel: hm, page 000f8000 reserved twice.
Mar  4 18:39:33 kernel kernel: hm, page 0009f000 reserved twice.
Mar  4 18:39:33 kernel kernel: hm, page 000a0000 reserved twice.
Mar  4 18:39:33 kernel kernel: On node 0 totalpages: 524160
Mar  4 18:39:33 kernel kernel: zone(0): 4096 pages.
Mar  4 18:39:33 kernel kernel: zone(1): 225280 pages.
Mar  4 18:39:33 kernel kernel: zone(2): 294784 pages.
Mar  4 18:39:33 kernel kernel: ACPI: Searched entire block, no RSDP was found.
Mar  4 18:39:33 kernel kernel: ACPI: RSDP located at physical address c00f70a0
Mar  4 18:39:33 kernel kernel: RSD PTR  v0 [PTLTD ]
Mar  4 18:39:33 kernel kernel: __va_range(0x7fef850d, 0x68): idx=8 mapped at ffff6000
Mar  4 18:39:33 kernel kernel: ACPI table found: RSDT v1 [PTLTD    RSDT   1540.0]
Mar  4 18:39:33 kernel kernel: __va_range(0x7fefbe78, 0x24): idx=8 mapped at ffff6000
Mar  4 18:39:33 kernel kernel: __va_range(0x7fefbe78, 0x74): idx=8 mapped at ffff6000
Mar  4 18:39:33 kernel kernel: ACPI table found: FACP v1 [INTEL  K_CANYON 1540.0]
Mar  4 18:39:33 kernel autofs: automount startup succeeded
Mar  4 18:39:33 kernel kernel: __va_range(0x7fefbeec, 0x24): idx=8 mapped at ffff6000
Mar  4 18:39:33 kernel kernel: __va_range(0x7fefbeec, 0x9c): idx=8 mapped at ffff6000
Mar  4 18:39:33 kernel kernel: ACPI table found: APIC v1 [PTLTD  ^I APIC   1540.0]
Mar  4 18:39:33 kernel kernel: __va_range(0x7fefbeec, 0x9c): idx=8 mapped at ffff6000
Mar  4 18:39:33 kernel kernel: LAPIC (acpi_id[0x0000] id[0x0] enabled[1])
Mar  4 18:39:34 kernel kernel: CPU 0 (0x0000) enabledProcessor #0 Pentium 4(tm) XEON(tm) APIC version 16
Mar  4 18:39:34 kernel kernel: 
Mar  4 18:39:34 kernel kernel: LAPIC (acpi_id[0x0001] id[0x6] enabled[1])
Mar  4 18:39:34 kernel kernel: CPU 1 (0x0600) enabledProcessor #6 Pentium 4(tm) XEON(tm) APIC version 16
Mar  4 18:39:34 kernel kernel: 
Mar  4 18:39:34 kernel kernel: LAPIC (acpi_id[0x0002] id[0x1] enabled[1])
Mar  4 18:39:34 kernel kernel: CPU 2 (0x0100) enabledProcessor #1 Pentium 4(tm) XEON(tm) APIC version 16
Mar  4 18:39:34 kernel kernel: 
Mar  4 18:39:34 kernel kernel: LAPIC (acpi_id[0x0003] id[0x7] enabled[1])
Mar  4 18:39:34 kernel kernel: CPU 3 (0x0700) enabledProcessor #7 Pentium 4(tm) XEON(tm) APIC version 16
Mar  4 18:39:34 kernel kernel: 
Mar  4 18:39:34 kernel kernel: IOAPIC (id[0x2] address[0xfec00000] global_irq_base[0x0])
Mar  4 18:39:34 kernel kernel: IOAPIC (id[0x3] address[0xfec80000] global_irq_base[0x18])
Mar  4 18:39:34 kernel kernel: IOAPIC (id[0x4] address[0xfec80400] global_irq_base[0x30])
Mar  4 18:39:34 kernel kernel: INT_SRC_OVR (bus[0] irq[0x0] global_irq[0x2] polarity[0x1] trigger[0x1])
Mar  4 18:39:34 kernel kernel: INT_SRC_OVR (bus[0] irq[0x9] global_irq[0x9] polarity[0x1] trigger[0x3])
Mar  4 18:39:34 kernel kernel: LAPIC_NMI (acpi_id[0x0000] polarity[0x1] trigger[0x1] lint[0x1])
Mar  4 18:39:34 kernel kernel: LAPIC_NMI (acpi_id[0x0001] polarity[0x1] trigger[0x1] lint[0x1])
Mar  4 18:39:34 kernel kernel: LAPIC_NMI (acpi_id[0x0002] polarity[0x1] trigger[0x1] lint[0x1])
Mar  4 18:39:34 kernel kernel: LAPIC_NMI (acpi_id[0x0003] polarity[0x1] trigger[0x1] lint[0x1])
Mar  4 18:39:34 kernel kernel: 4 CPUs total
Mar  4 18:39:34 kernel kernel: Local APIC address fee00000
Mar  4 18:39:34 kernel kernel: __va_range(0x7fefbf88, 0x24): idx=8 mapped at ffff6000
Mar  4 18:39:34 kernel kernel: __va_range(0x7fefbf88, 0x28): idx=8 mapped at ffff6000
Mar  4 18:39:34 kernel kernel: ACPI table found: BOOT v1 [PTLTD  $SBFTBL$ 1540.0]
Mar  4 18:39:34 kernel kernel: __va_range(0x7fefbfb0, 0x24): idx=8 mapped at ffff6000
Mar  4 18:39:34 kernel kernel: __va_range(0x7fefbfb0, 0x50): idx=8 mapped at ffff6000
Mar  4 18:39:34 kernel kernel: ACPI table found: SPCR v1 [PTLTD  $UCRTBL$ 1540.0]
Mar  4 18:39:34 kernel kernel: Enabling the CPU's according to the ACPI table
Mar  4 18:39:34 kernel kernel: Intel MultiProcessor Specification v1.4
Mar  4 18:39:34 kernel kernel:     Virtual Wire compatibility mode.
Mar  4 18:39:34 kernel kernel: OEM ID:   Product ID: Kings Canyon APIC at: 0xFEE00000
Mar  4 18:39:34 kernel kernel: I/O APIC #2 Version 32 at 0xFEC00000.
Mar  4 18:39:34 kernel kernel: I/O APIC #3 Version 32 at 0xFEC80000.
Mar  4 18:39:34 kernel kernel: I/O APIC #4 Version 32 at 0xFEC80400.
Mar  4 18:39:34 kernel kernel: Processors: 4
Mar  4 18:39:34 kernel kernel: Kernel command line: ro root=LABEL=/ pirq="58,57,56,55,54,53,52,51,50" 
Mar  4 18:39:34 kernel kernel: PIRQ redirection, working around broken MP-BIOS.
Mar  4 18:39:34 kernel kernel: Initializing CPU#0
Mar  4 18:39:34 kernel sshd: Starting sshd:
Mar  4 18:39:34 kernel kernel: Detected 2395.865 MHz processor.
Mar  4 18:39:34 kernel kernel: Speakup v-1.00 CVS: Tue Jun 11 14:22:53 EDT 2002 : initialized
Mar  4 18:39:34 kernel kernel: Console: colour VGA+ 80x25
Mar  4 18:39:34 kernel kernel: Calibrating delay loop... 4750.85 BogoMIPS
Mar  4 18:39:34 kernel kernel: Memory: 2059336k/2096640k available (1451k kernel code, 32628k reserved, 1090k data, 200k init, 1179072k highmem)
Mar  4 18:39:34 kernel kernel: Dentry cache hash table entries: 262144 (order: 9, 2097152 bytes)
Mar  4 18:39:34 kernel kernel: Inode cache hash table entries: 131072 (order: 8, 1048576 bytes)
Mar  4 18:39:34 kernel kernel: Mount cache hash table entries: 32768 (order: 6, 262144 bytes)
Mar  4 18:39:34 kernel kernel: Buffer cache hash table entries: 131072 (order: 7, 524288 bytes)
Mar  4 18:39:34 kernel kernel: Page-cache hash table entries: 524288 (order: 9, 2097152 bytes)
Mar  4 18:39:34 kernel kernel: CPU: L1 I cache: 0K, L1 D cache: 8K
Mar  4 18:39:34 kernel kernel: CPU: L2 cache: 512K
Mar  4 18:39:34 kernel kernel: CPU: Physical Processor ID: 0
Mar  4 18:39:34 kernel kernel: Intel machine check architecture supported.
Mar  4 18:39:34 kernel kernel: Intel machine check reporting enabled on CPU#0.
Mar  4 18:39:34 kernel kernel: Enabling fast FPU save and restore... done.
Mar  4 18:39:34 kernel kernel: Enabling unmasked SIMD FPU exception support... done.
Mar  4 18:39:34 kernel kernel: Checking 'hlt' instruction... OK.
Mar  4 18:39:34 kernel kernel: POSIX conformance testing by UNIFIX
Mar  4 18:39:34 kernel kernel: mtrr: v1.40 (20010327) Richard Gooch (rgooch@atnf.csiro.au)
Mar  4 18:39:34 kernel kernel: mtrr: detected mtrr type: Intel
Mar  4 18:39:34 kernel kernel: CPU: L1 I cache: 0K, L1 D cache: 8K
Mar  4 18:39:34 kernel kernel: CPU: L2 cache: 512K
Mar  4 18:39:34 kernel kernel: CPU: Physical Processor ID: 0
Mar  4 18:39:34 kernel kernel: Intel machine check reporting enabled on CPU#0.
Mar  4 18:39:34 kernel kernel: CPU0: Intel(R) XEON(TM) CPU 2.40GHz stepping 04
Mar  4 18:39:34 kernel kernel: per-CPU timeslice cutoff: 1462.93 usecs.
Mar  4 18:39:34 kernel kernel: task migration cache decay timeout: 1 msecs.
Mar  4 18:39:34 kernel kernel: enabled ExtINT on CPU#0
Mar  4 18:39:34 kernel kernel: ESR value before enabling vector: 00000000
Mar  4 18:39:34 kernel kernel: ESR value after enabling vector: 00000000
Mar  4 18:39:34 kernel kernel: Booting processor 1/1 eip 2000
Mar  4 18:39:34 kernel kernel: Initializing CPU#1
Mar  4 18:39:34 kernel kernel: masked ExtINT on CPU#1
Mar  4 18:39:34 kernel kernel: ESR value before enabling vector: 00000000
Mar  4 18:39:34 kernel kernel: ESR value after enabling vector: 00000000
Mar  4 18:39:34 kernel kernel: Calibrating delay loop... 4784.26 BogoMIPS
Mar  4 18:39:34 kernel kernel: CPU: L1 I cache: 0K, L1 D cache: 8K
Mar  4 18:39:34 kernel kernel: CPU: L2 cache: 512K
Mar  4 18:39:34 kernel kernel: CPU: Physical Processor ID: 0
Mar  4 18:39:34 kernel kernel: Intel machine check reporting enabled on CPU#1.
Mar  4 18:39:34 kernel kernel: CPU1: Intel(R) XEON(TM) CPU 2.40GHz stepping 04
Mar  4 18:39:34 kernel kernel: Booting processor 2/6 eip 2000
Mar  4 18:39:34 kernel kernel: Initializing CPU#2
Mar  4 18:39:34 kernel kernel: masked ExtINT on CPU#2
Mar  4 18:39:34 kernel kernel: ESR value before enabling vector: 00000000
Mar  4 18:39:34 kernel kernel: ESR value after enabling vector: 00000000
Mar  4 18:39:34 kernel kernel: Calibrating delay loop... 4784.26 BogoMIPS
Mar  4 18:39:34 kernel kernel: CPU: L1 I cache: 0K, L1 D cache: 8K
Mar  4 18:39:34 kernel kernel: CPU: L2 cache: 512K
Mar  4 18:39:34 kernel kernel: CPU: Physical Processor ID: 3
Mar  4 18:39:34 kernel kernel: Intel machine check reporting enabled on CPU#2.
Mar  4 18:39:34 kernel kernel: CPU2: Intel(R) XEON(TM) CPU 2.40GHz stepping 04
Mar  4 18:39:34 kernel kernel: Booting processor 3/7 eip 2000
Mar  4 18:39:34 kernel kernel: Initializing CPU#3
Mar  4 18:39:34 kernel kernel: masked ExtINT on CPU#3
Mar  4 18:39:34 kernel kernel: ESR value before enabling vector: 00000000
Mar  4 18:39:34 kernel kernel: ESR value after enabling vector: 00000000
Mar  4 18:39:34 kernel kernel: Calibrating delay loop... 4784.26 BogoMIPS
Mar  4 18:39:34 kernel kernel: CPU: L1 I cache: 0K, L1 D cache: 8K
Mar  4 18:39:34 kernel kernel: CPU: L2 cache: 512K
Mar  4 18:39:34 kernel kernel: CPU: Physical Processor ID: 3
Mar  4 18:39:34 kernel kernel: Intel machine check reporting enabled on CPU#3.
Mar  4 18:39:34 kernel kernel: CPU3: Intel(R) XEON(TM) CPU 2.40GHz stepping 04
Mar  4 18:39:34 kernel kernel: Total of 4 processors activated (19103.65 BogoMIPS).
Mar  4 18:39:34 kernel kernel: cpu_sibling_map[0] = 1
Mar  4 18:39:34 kernel kernel: cpu_sibling_map[1] = 0
Mar  4 18:39:34 kernel kernel: cpu_sibling_map[2] = 3
Mar  4 18:39:34 kernel kernel: cpu_sibling_map[3] = 2
Mar  4 18:39:34 kernel kernel: ENABLING IO-APIC IRQs
Mar  4 18:39:34 kernel kernel: Setting 2 in the phys_id_present_map
Mar  4 18:39:34 kernel kernel: ...changing IO-APIC physical APIC ID to 2 ... ok.
Mar  4 18:39:34 kernel kernel: Setting 3 in the phys_id_present_map
Mar  4 18:39:34 kernel kernel: ...changing IO-APIC physical APIC ID to 3 ... ok.
Mar  4 18:39:34 kernel kernel: Setting 4 in the phys_id_present_map
Mar  4 18:39:34 kernel kernel: ...changing IO-APIC physical APIC ID to 4 ... ok.
Mar  4 18:39:34 kernel kernel: ..TIMER: vector=0x31 pin1=2 pin2=0
Mar  4 18:39:34 kernel kernel: testing the IO APIC.......................
Mar  4 18:39:34 kernel kernel: 
Mar  4 18:39:34 kernel kernel:  WARNING: unexpected IO-APIC, please mail
Mar  4 18:39:34 kernel kernel:           to linux-smp@vger.kernel.org
Mar  4 18:39:34 kernel kernel: 
Mar  4 18:39:34 kernel kernel: 
Mar  4 18:39:34 kernel kernel: .................................... done.
Mar  4 18:39:34 kernel kernel: Using local APIC timer interrupts.
Mar  4 18:39:34 kernel kernel: calibrating APIC timer ...
Mar  4 18:39:34 kernel kernel: ..... CPU clock speed is 2395.0997 MHz.
Mar  4 18:39:34 kernel kernel: ..... host bus clock speed is 99.1587 MHz.
Mar  4 18:39:34 kernel kernel: cpu: 0, clocks: 194934, slice: 38986
Mar  4 18:39:34 kernel kernel: CPU0<T0:194928,T1:155936,D:6,S:38986,C:194934>
Mar  4 18:39:34 kernel kernel: cpu: 1, clocks: 194934, slice: 38986
Mar  4 18:39:34 kernel kernel: cpu: 3, clocks: 194934, slice: 38986
Mar  4 18:39:34 kernel kernel: cpu: 2, clocks: 194934, slice: 38986
Mar  4 18:39:34 kernel kernel: CPU1<T0:194928,T1:116944,D:12,S:38986,C:194934>
Mar  4 18:39:34 kernel kernel: CPU2<T0:194928,T1:77968,D:2,S:38986,C:194934>
Mar  4 18:39:34 kernel kernel: CPU3<T0:194928,T1:38976,D:8,S:38986,C:194934>
Mar  4 18:39:34 kernel kernel: checking TSC synchronization across CPUs: passed.
Mar  4 18:39:34 kernel kernel: migration_task 0 on cpu=0
Mar  4 18:39:34 kernel kernel: migration_task 1 on cpu=1
Mar  4 18:39:34 kernel kernel: migration_task 2 on cpu=2
Mar  4 18:39:34 kernel kernel: migration_task 3 on cpu=3
Mar  4 18:39:34 kernel kernel: PCI: PCI BIOS revision 2.10 entry at 0xfd8c5, last bus=5
Mar  4 18:39:34 kernel kernel: PCI: Using configuration type 1
Mar  4 18:39:34 kernel kernel: PCI: Probing PCI hardware
Mar  4 18:39:34 kernel kernel: Transparent bridge - Intel Corp. 82801BA/CA/DB PCI Bridge
Mar  4 18:39:34 kernel kernel: PCI: Discovered primary peer bus 10 [IRQ]
Mar  4 18:39:34 kernel kernel: PCI: Discovered primary peer bus 11 [IRQ]
Mar  4 18:39:34 kernel kernel: PCI: Discovered primary peer bus 12 [IRQ]
Mar  4 18:39:34 kernel kernel: PCI: Using IRQ router PIIX [8086/2480] at 00:1f.0
Mar  4 18:39:34 kernel kernel: PCI->APIC IRQ transform: (B0,I29,P0) -> 16
Mar  4 18:39:34 kernel kernel: PCI->APIC IRQ transform: (B0,I29,P1) -> 19
Mar  4 18:39:34 kernel kernel: PCI->APIC IRQ transform: (B0,I29,P2) -> 18
Mar  4 18:39:34 kernel kernel: PCI->APIC IRQ transform: (B3,I4,P0) -> 48
Mar  4 18:39:34 kernel kernel: PCI->APIC IRQ transform: (B3,I5,P1) -> 48
Mar  4 18:39:34 kernel kernel: PCI->APIC IRQ transform: (B3,I6,P2) -> 48
Mar  4 18:39:34 kernel kernel: PCI->APIC IRQ transform: (B3,I7,P3) -> 48
Mar  4 18:39:34 kernel kernel: PCI->APIC IRQ transform: (B4,I2,P2) -> 28
Mar  4 18:39:34 kernel kernel: PCI->APIC IRQ transform: (B4,I2,P3) -> 29
Mar  4 18:39:34 kernel kernel: PCI->APIC IRQ transform: (B4,I4,P0) -> 31
Mar  4 18:39:34 kernel kernel: PCI->APIC IRQ transform: (B5,I1,P1) -> 16
Mar  4 18:39:34 kernel kernel: PCI->APIC IRQ transform: (B5,I2,P2) -> 17
Mar  4 18:39:34 kernel kernel: isapnp: Scanning for PnP cards...
Mar  4 18:39:34 kernel kernel: isapnp: No Plug & Play device found
Mar  4 18:39:34 kernel kernel: speakup:  initialized device: /dev/synth, node (MAJOR 10, MINOR 25)
Mar  4 18:39:34 kernel kernel: Linux NET4.0 for Linux 2.4
Mar  4 18:39:34 kernel kernel: Based upon Swansea University Computer Society NET3.039
Mar  4 18:39:34 kernel kernel: Initializing RT netlink socket
Mar  4 18:39:34 kernel kernel: apm: BIOS version 1.2 Flags 0x03 (Driver version 1.16)
Mar  4 18:39:34 kernel kernel: apm: disabled - APM is not SMP safe.
Mar  4 18:39:34 kernel kernel: Starting kswapd
Mar  4 18:39:34 kernel kernel: allocated 64 pages and 64 bhs reserved for the highmem bounces
Mar  4 18:39:34 kernel kernel: VFS: Diskquotas version dquot_6.5.0 initialized
Mar  4 18:39:34 kernel kernel: Detected PS/2 Mouse Port.
Mar  4 18:39:34 kernel kernel: pty: 2048 Unix98 ptys configured
Mar  4 18:39:34 kernel kernel: Serial driver version 5.05c (2001-07-08) with MANY_PORTS MULTIPORT SHARE_IRQ SERIAL_PCI ISAPNP enabled
Mar  4 18:39:34 kernel kernel: ttyS0 at 0x03f8 (irq = 4) is a 16550A
Mar  4 18:39:34 kernel kernel: ttyS1 at 0x02f8 (irq = 3) is a 16550A
Mar  4 18:39:34 kernel kernel: Real Time Clock Driver v1.10e
Mar  4 18:39:34 kernel kernel: oprofile: can't get RTC I/O Ports
Mar  4 18:39:34 kernel kernel: block: 1024 slots per queue, batch=256
Mar  4 18:39:34 kernel kernel: Uniform Multi-Platform E-IDE driver Revision: 6.31
Mar  4 18:39:34 kernel kernel: ide: Assuming 33MHz system bus speed for PIO modes; override with idebus=xx
Mar  4 18:39:34 kernel kernel: PIIX4: IDE controller on PCI bus 00 dev f9
Mar  4 18:39:35 kernel kernel: PCI: No IRQ known for interrupt pin A of device 00:1f.1. Probably buggy MP table.
Mar  4 18:39:35 kernel kernel: PIIX4: chipset revision 2
Mar  4 18:39:35 kernel kernel: PIIX4: not 100%% native mode: will probe irqs later
Mar  4 18:39:35 kernel kernel:     ide0: BM-DMA at 0x1460-0x1467, BIOS settings: hda:pio, hdb:pio
Mar  4 18:39:35 kernel kernel:     ide1: BM-DMA at 0x1468-0x146f, BIOS settings: hdc:pio, hdd:pio
Mar  4 18:39:35 kernel kernel: hdc: MATSHITA CR-177, ATAPI CD/DVD-ROM drive
Mar  4 18:39:35 kernel kernel: ide1 at 0x170-0x177,0x376 on irq 15
Mar  4 18:39:35 kernel kernel: ide-floppy driver 0.99.newide
Mar  4 18:39:35 kernel kernel: Floppy drive(s): fd0 is 1.44M
Mar  4 18:39:35 kernel kernel: FDC 0 is a post-1991 82077
Mar  4 18:39:35 kernel kernel: NET4: Frame Diverter 0.46
Mar  4 18:39:35 kernel kernel: RAMDISK driver initialized: 16 RAM disks of 4096K size 1024 blocksize
Mar  4 18:39:35 kernel kernel: ide-floppy driver 0.99.newide
Mar  4 18:39:35 kernel kernel: md: md driver 0.90.0 MAX_MD_DEVS=256, MD_SB_DISKS=27
Mar  4 18:39:35 kernel kernel: md: Autodetecting RAID arrays.
Mar  4 18:39:35 kernel kernel: md: autorun ...
Mar  4 18:39:35 kernel kernel: md: ... autorun DONE.
Mar  4 18:39:35 kernel kernel: pci_hotplug: PCI Hot Plug PCI Core version: 0.4
Mar  4 18:39:35 kernel kernel: NET4: Linux TCP/IP 1.0 for NET4.0
Mar  4 18:39:35 kernel kernel: IP Protocols: ICMP, UDP, TCP, IGMP
Mar  4 18:39:35 kernel kernel: IP: routing cache hash table of 16384 buckets, 128Kbytes
Mar  4 18:39:35 kernel kernel: TCP: Hash tables configured (established 262144 bind 65536)
Mar  4 18:39:35 kernel kernel: Linux IP multicast router 0.06 plus PIM-SM
Mar  4 18:39:35 kernel kernel: NET4: Unix domain sockets 1.0/SMP for Linux NET4.0.
Mar  4 18:39:35 kernel kernel: RAMDISK: Compressed image found at block 0
Mar  4 18:39:35 kernel kernel: Freeing initrd memory: 257k freed
Mar  4 18:39:35 kernel kernel: VFS: Mounted root (ext2 filesystem).
Mar  4 18:39:35 kernel kernel: SCSI subsystem driver Revision: 1.00
Mar  4 18:39:35 kernel kernel: kmod: failed to exec /sbin/modprobe -s -k scsi_hostadapter, errno = 2
Mar  4 18:39:35 kernel kernel: scsi0 : Adaptec AIC7XXX EISA/VLB/PCI SCSI HBA DRIVER, Rev 6.2.8
Mar  4 18:39:35 kernel kernel:         <Adaptec aic7899 Ultra160 SCSI adapter>
Mar  4 18:39:35 kernel kernel:         aic7899: Ultra160 Wide Channel A, SCSI Id=7, 32/253 SCBs
Mar  4 18:39:35 kernel kernel: 
Mar  4 18:39:35 kernel kernel: scsi1 : Adaptec AIC7XXX EISA/VLB/PCI SCSI HBA DRIVER, Rev 6.2.8
Mar  4 18:39:35 kernel kernel:         <Adaptec aic7899 Ultra160 SCSI adapter>
Mar  4 18:39:35 kernel kernel:         aic7899: Ultra160 Wide Channel B, SCSI Id=7, 32/253 SCBs
Mar  4 18:39:35 kernel kernel: 
Mar  4 18:39:35 kernel kernel: blk: queue c45f8418, I/O limit 4095Mb (mask 0xffffffff)
Mar  4 18:39:35 kernel kernel:   Vendor: SEAGATE   Model: ST336607LC        Rev: 0004
Mar  4 18:39:35 kernel kernel:   Type:   Direct-Access                      ANSI SCSI revision: 03
Mar  4 18:39:35 kernel kernel: blk: queue c2d9fe18, I/O limit 4095Mb (mask 0xffffffff)
Mar  4 18:39:35 kernel kernel:   Vendor: SDR       Model: GEM318            Rev: 0   
Mar  4 18:39:35 kernel kernel:   Type:   Processor                          ANSI SCSI revision: 02
Mar  4 18:39:35 kernel kernel: blk: queue c2d7cc18, I/O limit 4095Mb (mask 0xffffffff)
Mar  4 18:39:35 kernel kernel: scsi0:A:1:0: Tagged Queuing enabled.  Depth 253
Mar  4 18:39:35 kernel kernel: blk: queue c2d7cc18, I/O limit 4095Mb (mask 0xffffffff)
Mar  4 18:39:35 kernel kernel: Attached scsi disk sda at scsi0, channel 0, id 1, lun 0
Mar  4 18:39:35 kernel kernel: (scsi0:A:1): 160.000MB/s transfers (80.000MHz DT, offset 63, 16bit)
Mar  4 18:39:35 kernel kernel: SCSI device sda: 71687372 512-byte hdwr sectors (36704 MB)
Mar  4 18:39:35 kernel kernel: Partition check:
Mar  4 18:39:35 kernel kernel:  sda: sda1 sda2 sda3
Mar  4 18:39:35 kernel kernel: Journalled Block Device driver loaded
Mar  4 18:39:35 kernel kernel: kjournald starting.  Commit interval 5 seconds
Mar  4 18:39:35 kernel kernel: EXT3-fs: mounted filesystem with ordered data mode.
Mar  4 18:39:35 kernel kernel: Freeing unused kernel memory: 200k freed
Mar  4 18:39:35 kernel kernel: EXT3 FS 2.4-0.9.18, 14 May 2002 on sd(8,3), internal journal
Mar  4 18:39:35 kernel kernel: Adding Swap: 2040244k swap-space (priority -1)
Mar  4 18:39:35 kernel kernel: kjournald starting.  Commit interval 5 seconds
Mar  4 18:39:35 kernel kernel: EXT3 FS 2.4-0.9.18, 14 May 2002 on sd(8,1), internal journal
Mar  4 18:39:35 kernel kernel: EXT3-fs: mounted filesystem with ordered data mode.
Mar  4 18:39:35 kernel kernel: ohci1394: pci_module_init failed
Mar  4 18:39:35 kernel kernel: ip_tables: (C) 2000-2002 Netfilter core team
Mar  4 18:39:35 kernel kernel: ip_conntrack (8192 buckets, 65536 max)
Mar  4 18:39:35 kernel kernel: eepro100.c:v1.09j-t 9/29/99 Donald Becker 
http://www.scyld.com/network/eepro100.html
Mar  4 18:39:35 kernel kernel: eepro100.c: $Revision: 1.36 $ 2000/11/17 Modified by Andrey V. Savochkin <saw@saw.sw.com.sg> and others
Mar  4 18:39:35 kernel kernel: eth0: OEM i82557/i82558 10/100 Ethernet, 00:30:48:24:B9:2B, IRQ 17.
Mar  4 18:39:35 kernel kernel:   Board assembly 000000-000, Physical connectors present: RJ45
Mar  4 18:39:35 kernel kernel:   Primary interface chip i82555 PHY #1.
Mar  4 18:39:35 kernel kernel:   General self-test: passed.
Mar  4 18:39:35 kernel kernel:   Serial sub-system self-test: passed.
Mar  4 18:39:35 kernel kernel:   Internal registers self-test: passed.
Mar  4 18:39:35 kernel kernel:   ROM checksum self-test: passed (0xb874c1d3).
Mar  4 18:39:35 kernel sshd:  succeeded
Mar  4 18:39:35 kernel sshd: 
Mar  4 18:39:35 kernel rc: Starting sshd:  succeeded
Mar  4 18:39:11 kernel rc.sysinit: Mounting proc filesystem:  succeeded 
Mar  4 18:39:11 kernel rc.sysinit: Unmounting initrd:  succeeded 
Mar  4 18:39:11 kernel sysctl: net.ipv4.conf.all.send_redirects = 0 
Mar  4 18:39:11 kernel sysctl: net.ipv4.conf.all.secure_redirects = 0 
Mar  4 18:39:11 kernel sysctl: net.ipv4.conf.all.accept_redirects = 0 
Mar  4 18:39:11 kernel sysctl: net.ipv4.conf.all.accept_source_route = 0 
Mar  4 18:39:11 kernel sysctl: net.ipv4.icmp_echo_ignore_broadcasts = 1 
Mar  4 18:39:11 kernel sysctl: net.ipv4.ip_forward = 0 
Mar  4 18:39:11 kernel sysctl: net.ipv4.conf.default.rp_filter = 1 
Mar  4 18:39:11 kernel sysctl: kernel.sysrq = 0 
Mar  4 18:39:11 kernel sysctl: kernel.core_uses_pid = 1 
Mar  4 18:39:11 kernel rc.sysinit: Configuring kernel parameters:  succeeded 
Mar  4 18:39:11 kernel date: Tue Mar  4 18:39:11 CET 2003 
Mar  4 18:39:11 kernel rc.sysinit: Setting clock  (localtime): Tue Mar  4 18:39:11 CET 2003 succeeded 
Mar  4 18:39:11 kernel rc.sysinit: Loading default keymap succeeded 
Mar  4 18:39:11 kernel rc.sysinit: Setting default font (latarcyrheb-sun16):  succeeded 
Mar  4 18:39:11 kernel rc.sysinit: Setting hostname kernel.netland.nl:  succeeded 
Mar  4 18:39:11 kernel rc.sysinit: Remounting root filesystem in read-write mode:  succeeded 
Mar  4 18:39:35 kernel crond: crond startup succeeded
Mar  4 18:39:11 kernel rc.sysinit: Activating swap partitions:  succeeded 
Mar  4 18:39:13 kernel rc.sysinit: Finding module dependencies:  succeeded 
Mar  4 18:39:13 kernel rc.sysinit: Mounting local filesystems:  succeeded 
Mar  4 18:39:36 kernel anacron: anacron startup succeeded
Mar  4 18:39:13 kernel rc.sysinit: Enabling local filesystem quotas:  succeeded 
Mar  4 18:39:14 kernel rc.sysinit: Enabling swap space:  succeeded 
Mar  4 18:39:15 kernel init: Entering runlevel: 3 
Mar  4 18:39:16 kernel kudzu: Updating /etc/fstab succeeded 
Mar  4 18:39:30 kernel kudzu:  succeeded 
Mar  4 18:39:30 kernel rc: Starting iptables:  succeeded 
Mar  4 18:39:30 kernel S10firewall[220]: Firewall starting 
Mar  4 18:39:30 kernel S10firewall[220]: Firewall started 
Mar  4 18:39:30 kernel rc: Starting firewall:  succeeded 
Mar  4 18:39:30 kernel sysctl: net.ipv4.conf.all.send_redirects = 0 
Mar  4 18:39:30 kernel sysctl: net.ipv4.conf.all.secure_redirects = 0 
Mar  4 18:39:30 kernel sysctl: net.ipv4.conf.all.accept_redirects = 0 
Mar  4 18:39:30 kernel sysctl: net.ipv4.conf.all.accept_source_route = 0 
Mar  4 18:39:30 kernel sysctl: net.ipv4.icmp_echo_ignore_broadcasts = 1 
Mar  4 18:39:30 kernel sysctl: net.ipv4.ip_forward = 0 
Mar  4 18:39:30 kernel sysctl: net.ipv4.conf.default.rp_filter = 1 
Mar  4 18:39:30 kernel sysctl: kernel.sysrq = 0 
Mar  4 18:39:30 kernel sysctl: kernel.core_uses_pid = 1 
Mar  4 18:39:30 kernel network: Setting network parameters:  succeeded 
Mar  4 18:39:31 kernel network: Bringing up loopback interface:  succeeded 
Mar  4 18:39:33 kernel network: Bringing up interface eth0:  succeeded 
[unhandled content-type:application/x-pkcs7-signature]