Date: Mon, 5 Jun 2006 08:34:02 +0200
From: "davor emard" <>
Subject: Re: SMP HT + USB2.0 crash
Sender: linux-kernel-owner@vger.kernel.org
Precedence: bulk
List-ID: <linux-kernel.vger.kernel.org>
X-Mailing-List: linux-kernel@vger.kernel.org
X-Lkml-Link: https://lkml.org/lkml/2006/6/5/16

HI
Due to popular demand I'm mailing the recent crash
captured with serial cable on 2.6.16.19 on intel 925X
triggered with SMP + USB2.0 combination.
Here we got it, it's pretty random and useless for
tracking the real problem so please don't blame
software demux in DVB core just becaise it randomly
crashed there - only thing that matters is that a800
terrestroal receiver was running in USB 2.0 mode in
order to generate enough usb2.0 traffic
to trigger SMP+EHCI bug.
I contributed myself to the dvb software demux code
and it runs stable with it's demux core part almost
unchanged for 2 years.
If I remove EHCI and run a800 in USB 1.1 mode everything
can run stable for any amount of time.
Linux version 2.6.16.19-crash (root@emard) (gcc version 4.0.4 20060507 (prerelease) (Debian 4.0.3-3)) #1 SMP Sun Jun 4 23:45:30 CEST 2006
BIOS-provided physical RAM map:
 BIOS-e820: 0000000000000000 - 000000000009fc00 (usable)
 BIOS-e820: 000000000009fc00 - 00000000000a0000 (reserved)
 BIOS-e820: 00000000000e4000 - 0000000000100000 (reserved)
 BIOS-e820: 0000000000100000 - 000000003ffb0000 (usable)
 BIOS-e820: 000000003ffb0000 - 000000003ffbe000 (ACPI data)
 BIOS-e820: 000000003ffbe000 - 000000003fff0000 (ACPI NVS)
 BIOS-e820: 000000003fff0000 - 0000000040000000 (reserved)
 BIOS-e820: 00000000ffb00000 - 0000000100000000 (reserved)
1023MB LOWMEM available.
found SMP MP-table at 000ff780
DMI 2.3 present.
ACPI: PM-Timer IO Port: 0x808
ACPI: LAPIC (acpi_id[0x01] lapic_id[0x00] enabled)
Processor #0 15:3 APIC version 20
ACPI: LAPIC (acpi_id[0x02] lapic_id[0x01] enabled)
Processor #1 15:3 APIC version 20
ACPI: IOAPIC (id[0x02] address[0xfec00000] gsi_base[0])
IOAPIC[0]: apic_id 2, version 32, address 0xfec00000, GSI 0-23
ACPI: INT_SRC_OVR (bus 0 bus_irq 0 global_irq 2 dfl dfl)
ACPI: INT_SRC_OVR (bus 0 bus_irq 9 global_irq 9 high level)
ACPI: INT_SRC_OVR (bus 0 bus_irq 0 global_irq 2 dfl dfl)
ACPI: INT_SRC_OVR (bus 0 bus_irq 9 global_irq 9 high level)
Enabling APIC mode:  Flat.  Using 1 I/O APICs
Using ACPI (MADT) for SMP configuration information
Allocating PCI resources starting at 50000000 (gap: 40000000:bfb00000)
Built 1 zonelists
Kernel command line: root=/dev/hde5 ro acpi=strict console=ttyS0,115200 console=tty0
Enabling fast FPU save and restore... done.
Enabling unmasked SIMD FPU exception support... done.
Initializing CPU#0
PID hash table entries: 4096 (order: 12, 65536 bytes)
Detected 3212.965 MHz processor.
Using pmtmr for high-res timesource
Console: colour VGA+ 80x25
Dentry cache hash table entries: 262144 (order: 8, 1048576 bytes)
Inode-cache hash table entries: 131072 (order: 7, 524288 bytes)
Memory: 1033848k/1048256k available (2615k kernel code, 13852k reserved, 888k data, 208k init, 0k highmem)
Checking if this processor honours the WP bit even in supervisor mode... Ok.
Calibrating delay using timer specific routine.. 6431.93 BogoMIPS (lpj=3215968)
Mount-cache hash table entries: 512
monitor/mwait feature present.
using mwait in idle threads.
CPU: Trace cache: 12K uops, L1 D cache: 16K
CPU: L2 cache: 1024K
CPU: Physical Processor ID: 0
Intel machine check architecture supported.
Intel machine check reporting enabled on CPU#0.
CPU0: Intel P4/Xeon Extended MCE MSRs (12) available
CPU0: Thermal monitoring enabled
Checking 'hlt' instruction... OK.
CPU0: Intel(R) Pentium(R) 4 CPU 3.20GHz stepping 04
Booting processor 1/1 eip 2000
Initializing CPU#1
Calibrating delay using timer specific routine.. 6421.83 BogoMIPS (lpj=3210918)
monitor/mwait feature present.
CPU: Trace cache: 12K uops, L1 D cache: 16K
CPU: L2 cache: 1024K
CPU: Physical Processor ID: 0
Intel machine check architecture supported.
Intel machine check reporting enabled on CPU#1.
CPU1: Intel P4/Xeon Extended MCE MSRs (12) available
CPU1: Thermal monitoring enabled
CPU1: Intel(R) Pentium(R) 4 CPU 3.20GHz stepping 04
Total of 2 processors activated (12853.77 BogoMIPS).
ENABLING IO-APIC IRQs
..TIMER: vector=0x31 apic1=0 pin1=2 apic2=-1 pin2=-1
checking TSC synchronization across 2 CPUs: passed.
Brought up 2 CPUs
migration_cost=1000
NET: Registered protocol family 16
ACPI: bus type pci registered
PCI: PCI BIOS revision 2.10 entry at 0xf0031, last bus=5
PCI: Using MMCONFIG
ACPI: Subsystem revision 20060127
ACPI: Interpreter enabled
ACPI: Using IOAPIC for interrupt routing
ACPI: PCI Root Bridge [PCI0] (0000:00)
PCI: Ignoring BAR0-3 of IDE controller 0000:00:1f.1
PCI: Transparent bridge - 0000:00:1e.0
ACPI: PCI Interrupt Link [LNKA] (IRQs 3 4 5 6 7 10 *11 12 14 15)
ACPI: PCI Interrupt Link [LNKB] (IRQs 3 4 *5 6 7 10 11 12 14 15)
ACPI: PCI Interrupt Link [LNKC] (IRQs 3 4 5 6 7 10 *11 12 14 15)
ACPI: PCI Interrupt Link [LNKD] (IRQs 3 4 *5 6 7 10 11 12 14 15)
ACPI: PCI Interrupt Link [LNKE] (IRQs 3 4 5 6 7 10 *11 12 14 15)
ACPI: PCI Interrupt Link [LNKF] (IRQs 3 4 *5 6 7 10 11 12 14 15)
ACPI: PCI Interrupt Link [LNKG] (IRQs 3 4 5 6 7 10 11 12 14 15) *0, disabled.
ACPI: PCI Interrupt Link [LNKH] (IRQs 3 4 *5 6 7 10 11 12 14 15)
Linux Plug and Play Support v0.97 (c) Adam Belay
pnp: PnP ACPI init
pnp: PnP ACPI: found 18 devices
SCSI subsystem initialized
usbcore: registered new driver usbfs
usbcore: registered new driver hub
PCI: Using ACPI for IRQ routing
PCI: If a device doesn't work, try "pci=routeirq".  If it helps, post a report
TC classifier action (bugs to netdev@vger.kernel.org cc hadi@cyberus.ca)
pnp: 00:08: ioport range 0x290-0x297 has been reserved
PCI: Bridge: 0000:00:01.0
  IO window: e000-efff
  MEM window: cdf00000-cfffffff
  PREFETCH window: d0000000-dfffffff
PCI: Bridge: 0000:00:1c.0
  IO window: d000-dfff
  MEM window: disabled.
  PREFETCH window: disabled.
PCI: Bridge: 0000:00:1c.1
  IO window: c000-cfff
  MEM window: cde00000-cdefffff
  PREFETCH window: disabled.
PCI: Bridge: 0000:00:1c.2
  IO window: b000-bfff
  MEM window: cdd00000-cddfffff
  PREFETCH window: disabled.
PCI: Bridge: 0000:00:1e.0
  IO window: 9000-afff
  MEM window: cdc00000-cdcfffff
  PREFETCH window: 50000000-500fffff
ACPI: PCI Interrupt 0000:00:01.0[A] -> GSI 16 (level, low) -> IRQ 16
ACPI: PCI Interrupt 0000:00:1c.0[A] -> GSI 16 (level, low) -> IRQ 16
ACPI: PCI Interrupt 0000:00:1c.1[B] -> GSI 17 (level, low) -> IRQ 17
ACPI: PCI Interrupt 0000:00:1c.2[C] -> GSI 18 (level, low) -> IRQ 18
Machine check exception polling timer started.
IA-32 Microcode Update Driver: v1.14 <tigran@veritas.com>
Installing knfsd (copyright (C) 1996 okir@monad.swb.de).
SGI XFS with ACLs, security attributes, no debug enabled
SGI XFS Quota Management subsystem
Initializing Cryptographic API
io scheduler noop registered
io scheduler anticipatory registered (default)
io scheduler deadline registered
io scheduler cfq registered
ACPI: PCI Interrupt 0000:00:01.0[A] -> GSI 16 (level, low) -> IRQ 16
assign_interrupt_mode Found MSI capability
ACPI: PCI Interrupt 0000:00:1c.0[A] -> GSI 16 (level, low) -> IRQ 16
assign_interrupt_mode Found MSI capability
ACPI: PCI Interrupt 0000:00:1c.1[B] -> GSI 17 (level, low) -> IRQ 17
assign_interrupt_mode Found MSI capability
ACPI: PCI Interrupt 0000:00:1c.2[C] -> GSI 18 (level, low) -> IRQ 18
assign_interrupt_mode Found MSI capability
pci_hotplug: PCI Hot Plug PCI Core version: 0.5
isapnp: Scanning for PnP cards...
isapnp: No Plug & Play device found
PNP: PS/2 Controller [PNP0303:PS2K] at 0x60,0x64 irq 1
PNP: PS/2 controller doesn't have AUX irq; using default 12
serio: i8042 AUX port at 0x60,0x64 irq 12
serio: i8042 KBD port at 0x60,0x64 irq 1
Serial: 8250/16550 driver $Revision: 1.90 $ 4 ports, IRQ sharing disabled
serial8250: ttyS0 at I/O 0x3f8 (irq = 4) is a 16550A
00:0e: ttyS0 at I/O 0x3f8 (irq = 4) is a 16550A
Floppy drive(s): fd0 is 1.44M
FDC 0 is a post-1991 82077
RAMDISK driver initialized: 16 RAM disks of 32768K size 1024 blocksize
loop: loaded (max 8 devices)
Uniform Multi-Platform E-IDE driver Revision: 7.00alpha2
ide: Assuming 33MHz system bus speed for PIO modes; override with idebus=xx
ICH6: IDE controller at PCI slot 0000:00:1f.1
ACPI: PCI Interrupt 0000:00:1f.1[A] -> GSI 18 (level, low) -> IRQ 18
ICH6: chipset revision 4
ICH6: not 100% native mode: will probe irqs later
    ide0: BM-DMA at 0xffa0-0xffa7, BIOS settings: hda:DMA, hdb:DMA
    ide1: BM-DMA at 0xffa8-0xffaf, BIOS settings: hdc:pio, hdd:pio
hda: HL-DT-ST DVDRAM GSA-4167B, ATAPI CD/DVD-ROM drive
hdb: PIONEER DVD-RW DVR-108, ATAPI CD/DVD-ROM drive
ide0 at 0x1f0-0x1f7,0x3f6 on irq 14
IT8212: IDE controller at PCI slot 0000:01:04.0
ACPI: PCI Interrupt 0000:01:04.0[A] -> GSI 23 (level, low) -> IRQ 19
IT8212: chipset revision 19
it821x: controller in smart mode.
IT8212: 100% native mode on irq 19
    ide2: BM-DMA at 0x9400-0x9407, BIOS settings: hde:DMA, hdf:pio
    ide3: BM-DMA at 0x9408-0x940f, BIOS settings: hdg:pio, hdh:pio
hde: Integrated Technology Express Inc, ATA DISK drive
hde: IT8212 RAID 1 volume.
ide2 at 0xa800-0xa807,0xa402 on irq 19
hde: max request size: 128KiB
hde: 160836478 sectors (82348 MB), CHS=10011/255/63
hde: cache flushes not supported
 hde: hde1 hde2 hde3 < hde5 hde6 >
ACPI: PCI Interrupt 0000:00:1f.2[B] -> GSI 19 (level, low) -> IRQ 20
ahci 0000:00:1f.2: AHCI 0001.0000 32 slots 4 ports 1.5 Gbps 0xf impl IDE mode
ahci 0000:00:1f.2: flags: 64bit ncq pm led slum part 
ata1: SATA max UDMA/133 cmd 0xF0806D00 ctl 0x0 bmdma 0x0 irq 20
ata2: SATA max UDMA/133 cmd 0xF0806D80 ctl 0x0 bmdma 0x0 irq 20
ata3: SATA max UDMA/133 cmd 0xF0806E00 ctl 0x0 bmdma 0x0 irq 20
ata4: SATA max UDMA/133 cmd 0xF0806E80 ctl 0x0 bmdma 0x0 irq 20
ata1: SATA link down (SStatus 0)
scsi0 : ahci
ata2: SATA link up 1.5 Gbps (SStatus 113)
ata2: dev 0 ATA-6, max UDMA/100, 241254720 sectors: LBA48
ata2: dev 0 configured for UDMA/100
scsi1 : ahci
ata3: SATA link down (SStatus 0)
scsi2 : ahci
ata4: SATA link down (SStatus 0)
scsi3 : ahci
  Vendor: ATA       Model: HDS722512VLSA80   Rev: V33O
  Type:   Direct-Access                      ANSI SCSI revision: 05
SCSI device sda: 241254720 512-byte hdwr sectors (123522 MB)
sda: Write Protect is off
SCSI device sda: drive cache: write back
SCSI device sda: 241254720 512-byte hdwr sectors (123522 MB)
sda: Write Protect is off
SCSI device sda: drive cache: write back
 sda: sda1 sda2
sd 1:0:0:0: Attached scsi disk sda
usbmon: debugfs is not available
Initializing USB Mass Storage driver...
usbcore: registered new driver usb-storage
USB Mass Storage support registered.
mice: PS/2 mouse device common for all mice
md: raid1 personality registered for level 1
md: md driver 0.90.3 MAX_MD_DEVS=256, MD_SB_DISKS=27
md: bitmap version 4.39
device-mapper: 4.5.0-ioctl (2005-10-04) initialised: dm-devel@redhat.com
NET: Registered protocol family 2
IP route cache hash table entries: 65536 (order: 6, 262144 bytes)
TCP established hash table entries: 262144 (order: 9, 2097152 bytes)
TCP bind hash table entries: 65536 (order: 7, 524288 bytes)
input: AT Translated Set 2 keyboard as /class/input/input0
TCP: Hash tables configured (established 262144 bind 65536)
TCP reno registered
ip_conntrack version 2.4 (8189 buckets, 65512 max) - 228 bytes per conntrack
NET: Registered protocol family 1
NET: Registered protocol family 17
NET: Registered protocol family 15
Starting balanced_irq
Using IPI Shortcut mode
md: Autodetecting RAID arrays.
md: autorun ...
md: ... autorun DONE.
ReiserFS: hde5: found reiserfs format "3.6" with standard journal
ReiserFS: hde5: using ordered data mode
ReiserFS: hde5: journal params: device hde5, size 8192, journal first block 18, max trans len 1024, max batch 900, max commit age 30, max trans age 30
ReiserFS: hde5: checking transaction log (hde5)
ReiserFS: hde5: Using r5 hash to sort names
VFS: Mounted root (reiserfs filesystem) readonly.
Freeing unused kernel memory: 208k freed
hda: ATAPI 48X DVD-ROM DVD-R-RAM CD-R/RW drive, 2048kB Cache, UDMA(33)
Uniform CD-ROM driver Revision: 3.20
hdb: ATAPI 40X DVD-ROM DVD-R CD-R/RW drive, 2000kB Cache, UDMA(66)
USB Universal Host Controller Interface driver v2.3
ACPI: PCI Interrupt 0000:00:1d.0[A] -> GSI 23 (level, low) -> IRQ 19
uhci_hcd 0000:00:1d.0: UHCI Host Controller
uhci_hcd 0000:00:1d.0: new USB bus registered, assigned bus number 1
uhci_hcd 0000:00:1d.0: irq 19, io base 0x00006000
usb usb1: configuration #1 chosen from 1 choice
hub 1-0:1.0: USB hub found
hub 1-0:1.0: 2 ports detected
ACPI: PCI Interrupt 0000:00:1d.1[B] -> GSI 19 (level, low) -> IRQ 20
uhci_hcd 0000:00:1d.1: UHCI Host Controller
uhci_hcd 0000:00:1d.1: new USB bus registered, assigned bus number 2
uhci_hcd 0000:00:1d.1: irq 20, io base 0x00006400
usb usb2: configuration #1 chosen from 1 choice
hub 2-0:1.0: USB hub found
hub 2-0:1.0: 2 ports detected
ACPI: PCI Interrupt 0000:00:1d.2[C] -> GSI 18 (level, low) -> IRQ 18
uhci_hcd 0000:00:1d.2: UHCI Host Controller
uhci_hcd 0000:00:1d.2: new USB bus registered, assigned bus number 3
uhci_hcd 0000:00:1d.2: irq 18, io base 0x00006800
usb usb3: configuration #1 chosen from 1 choice
hub 3-0:1.0: USB hub found
hub 3-0:1.0: 2 ports detected
usb 1-1: new full speed USB device using uhci_hcd and address 2
ACPI: PCI Interrupt 0000:00:1d.3[D] -> GSI 16 (level, low) -> IRQ 16
uhci_hcd 0000:00:1d.3: UHCI Host Controller
uhci_hcd 0000:00:1d.3: new USB bus registered, assigned bus number 4
uhci_hcd 0000:00:1d.3: irq 16, io base 0x00007000
usb usb4: configuration #1 chosen from 1 choice
hub 4-0:1.0: USB hub found
hub 4-0:1.0: 2 ports detected
ACPI: PCI Interrupt 0000:00:1d.7[A] -> GSI 23 (level, low) -> IRQ 19
ehci_hcd 0000:00:1d.7: EHCI Host Controller
ehci_hcd 0000:00:1d.7: debug port 1
ehci_hcd 0000:00:1d.7: new USB bus registered, assigned bus number 5
usb 1-1: configuration #1 chosen from 1 choice
ehci_hcd 0000:00:1d.7: irq 19, io mem 0xcdbff800
ehci_hcd 0000:00:1d.7: USB 2.0 started, EHCI 1.00, driver 10 Dec 2004
usb usb5: configuration #1 chosen from 1 choice
hub 5-0:1.0: USB hub found
hub 5-0:1.0: 8 ports detected
parport: PnPBIOS parport detected.
parport0: PC-style at 0x378 (0x778), irq 7, dma 3 [PCSPP,TRISTATE,COMPAT,EPP,ECP,DMA]
ACPI: PCI Interrupt 0000:03:00.0[A] -> GSI 17 (level, low) -> IRQ 17
sky2 v0.15 addr 0xcdefc000 irq 17 Yukon-EC (0xb6) rev 1
sky2 eth0: addr 00:11:d8:13:c8:04
ACPI: PCI Interrupt 0000:02:00.0[A] -> GSI 18 (level, low) -> IRQ 18
sky2 v0.15 addr 0xcddfc000 irq 18 Yukon-EC (0xb6) rev 1
sky2 eth1: addr 00:11:d8:13:c5:48
ACPI: PCI Interrupt 0000:00:1b.0[A] -> GSI 16 (level, low) -> IRQ 16
Real Time Clock Driver v1.12ac
input: PC Speaker as /class/input/input1
usb 1-1: USB disconnect, address 2
Linux video capture interface: v1.00
saa7146: register extension 'dvb'.
ACPI: PCI Interrupt 0000:01:0a.0[A] -> GSI 21 (level, low) -> IRQ 21
saa7146: found saa7146 @ mem f09b6c00 (revision 1, irq 21) (0x13c2,0x0000).
saa7130/34: v4l2 driver version 0.2.14 loaded
usb 5-2: new high speed USB device using ehci_hcd and address 3
usb 5-2: configuration #1 chosen from 1 choice
usb 5-3: new high speed USB device using ehci_hcd and address 4
usb 5-3: configuration #1 chosen from 1 choice
usb 5-4: new high speed USB device using ehci_hcd and address 5
usb 5-4: configuration #1 chosen from 1 choice
hub 5-4:1.0: USB hub found
hub 5-4:1.0: 3 ports detected
usb 1-1: new full speed USB device using uhci_hcd and address 3
usb 1-1: configuration #1 chosen from 1 choice
usb 5-4.3: new full speed USB device using ehci_hcd and address 8
usb 5-4.3: configuration #1 chosen from 1 choice
usb 4-1: new full speed USB device using uhci_hcd and address 2
DVB: registering new adapter (Technotrend/Hauppauge WinTV DVB-S rev1.X or Fujitsu Siemens DVB-C).
adapter has MAC addr = 00:d0:5c:00:9d:9a
Bluetooth: Core ver 2.8
NET: Registered protocol family 31
Bluetooth: HCI device and connection manager initialized
Bluetooth: HCI socket layer initialized
hci_usb: Unknown symbol hci_free_dev
hci_usb: Unknown symbol hci_alloc_dev
hci_usb: Unknown symbol hci_unregister_dev
hci_usb: Unknown symbol hci_register_dev
Bluetooth: HCI USB driver ver 2.9
dvb-ttpci: gpioirq unknown type=0 len=0
dvb-ttpci: info @ card 0: firm f0240009, rtsl b0250018, vid 71010068, app 80002622
dvb-ttpci: firmware @ card 0 supports CI link layer interface
usb 4-1: configuration #1 chosen from 1 choice
usb 4-2: new full speed USB device using uhci_hcd and address 3
dvb-ttpci: adac type set to 0 @ card 0
saa7146_vv: saa7146 (0): registered device video0 [v4l2]
saa7146_vv: saa7146 (0): registered device vbi0 [v4l2]
ves1x93: Detected ves1893a rev2
DVB: registering frontend 0 (VLSI VES1x93 DVB-S)...
input: DVB on-card IR receiver as /class/input/input2
dvb-ttpci: found av7110-0.
ACPI: PCI Interrupt 0000:01:09.0[A] -> GSI 17 (level, low) -> IRQ 17
saa7134[0]: found at 0000:01:09.0, rev: 1, irq: 17, latency: 64, mmio: 0xcdcff800
saa7134[0]: subsystem: 5168:0138, board: LifeView FlyVIDEO3000 [card=2,autodetected]
saa7134[0]: board init: gpio is 39000
saa7134[0]: there are different flyvideo cards with different tuners
saa7134[0]: out there, you might have to use the tuner=<nr> insmod
saa7134[0]: option to override the default value.
input: saa7134 IR (LifeView FlyVIDEO30 as /class/input/input3
usb 4-2: configuration #1 chosen from 1 choice
usbcore: registered new driver usbserial
drivers/usb/serial/usb-serial.c: USB Serial Driver core
dvb-usb: found a 'AVerMedia AverTV DVB-T USB 2.0 (A800)' in warm state.
dvb-usb: will pass the complete MPEG2 transport stream to the software demuxer.
DVB: registering new adapter (AVerMedia AverTV DVB-T USB 2.0 (A800)).
drivers/usb/serial/usb-serial.c: USB Serial support registered for pl2303
dib3000: Found a DiBcom 3000P.
DVB: registering frontend 1 (DiBcom 3000P/M-C DVB-T)...
input: IR-receiver inside an USB DVB receiver as /class/input/input4
dvb-usb: schedule remote query interval to 150 msecs.
dvb-usb: AVerMedia AverTV DVB-T USB 2.0 (A800) successfully initialized and connected.
usbcore: registered new driver hci_usb
pl2303 1-1:1.0: pl2303 converter detected
usb 1-1: pl2303 converter now attached to ttyUSB0
usbcore: registered new driver pl2303
drivers/usb/serial/pl2303.c: Prolific PL2303 USB to serial adaptor driver
usbcore: registered new driver dvb_usb_a800
saa7134[0]: i2c eeprom 00: 68 51 38 01 10 28 ff ff ff ff ff ff ff ff ff ff
saa7134[0]: i2c eeprom 10: ff ff ff ff ff ff ff ff ff ff ff ff ff ff ff ff
saa7134[0]: i2c eeprom 20: ff ff ff ff ff ff ff ff ff ff ff ff ff ff ff ff
saa7134[0]: i2c eeprom 30: ff ff ff ff ff ff ff ff ff ff ff ff ff ff ff ff
saa7134[0]: i2c eeprom 40: ff ff ff ff ff ff ff ff ff ff ff ff ff ff ff ff
saa7134[0]: i2c eeprom 50: ff ff ff ff ff ff ff ff ff ff ff ff ff ff ff ff
saa7134[0]: i2c eeprom 60: ff ff ff ff ff ff ff ff ff ff ff ff ff ff ff ff
saa7134[0]: i2c eeprom 70: ff ff ff ff ff ff ff ff ff ff ff ff ff ff ff ff
drivers/usb/class/usblp.c: usblp0: USB Bidirectional printer dev 3 if 0 alt 1 proto 2 vid 0x03F0 pid 0x1204
usbcore: registered new driver usblp
drivers/usb/class/usblp.c: v0.13: USB Printer Device Class driver
tuner 3-0061: chip found @ 0xc2 (saa7134[0])
tuner 3-0061: type set to 5 (Philips PAL_BG (FI1216 and compatibles))
saa7134[0]: registered device video1 [v4l2]
saa7134[0]: registered device vbi1
saa7134[0]: registered device radio0
ReiserFS: dm-7: found reiserfs format "3.6" with standard journal
ReiserFS: dm-7: using ordered data mode
ReiserFS: dm-7: journal params: device dm-7, size 8192, journal first block 18, max trans len 1024, max batch 900, max commit age 30, max trans age 30
ReiserFS: dm-7: checking transaction log (dm-7)
ReiserFS: dm-7: Using r5 hash to sort names
ReiserFS: dm-1: found reiserfs format "3.6" with standard journal
ReiserFS: dm-1: using ordered data mode
ReiserFS: dm-1: journal params: device dm-1, size 8192, journal first block 18, max trans len 1024, max batch 900, max commit age 30, max trans age 30
ReiserFS: dm-1: checking transaction log (dm-1)
ReiserFS: dm-1: Using r5 hash to sort names
ReiserFS: dm-2: found reiserfs format "3.6" with standard journal
ReiserFS: dm-2: using ordered data mode
ReiserFS: dm-2: journal params: device dm-2, size 8192, journal first block 18, max trans len 1024, max batch 900, max commit age 30, max trans age 30
ReiserFS: dm-2: checking transaction log (dm-2)
ReiserFS: dm-2: Using r5 hash to sort names
ReiserFS: dm-0: found reiserfs format "3.6" with standard journal
ReiserFS: dm-0: using ordered data mode
ReiserFS: dm-0: journal params: device dm-0, size 8192, journal first block 18, max trans len 1024, max batch 900, max commit age 30, max trans age 30
ReiserFS: dm-0: checking transaction log (dm-0)
ReiserFS: dm-0: Using r5 hash to sort names
ReiserFS: dm-7: found reiserfs format "3.6" with standard journal
ReiserFS: dm-7: using ordered data mode
ReiserFS: dm-7: journal params: device dm-7, size 8192, journal first block 18, max trans len 1024, max batch 900, max commit age 30, max trans age 30
ReiserFS: dm-7: checking transaction log (dm-7)
ReiserFS: dm-7: Using r5 hash to sort names
XFS mounting filesystem sda1
XFS mounting filesystem sda2
Adding 1048568k swap on /dev/mapper/cswap.  Priority:-1 extents:1 across:1048568k
i2c_adapter i2c-2: SMBus Quick command not supported, can't probe for chips
saa7134 ALSA driver for DMA sound loaded
saa7134[0]/alsa: saa7134[0] at 0xcdcff800 irq 17 registered as card -1
input: Multisystem joystick (2 fire) as /class/input/input5
NET: Registered protocol family 23
IrCOMM protocol (Dag Brattli)
Non-volatile memory driver v1.2
ieee1394: raw1394: /dev/raw1394 device initialized
sky2 eth0: enabling interface
sky2 eth1: enabling interface
CSLIP: code copyright 1989 Regents of the University of California
PPP generic driver version 2.4.2
ttyS1: LSR safety check engaged!
ttyS1: LSR safety check engaged!
sky2 eth0: Link is up at 1000 Mbps, full duplex, flow control both
microcode: CPU1 updated from revision 0x14 to 0x17, date = 04212005 
microcode: CPU0 updated from revision 0x14 to 0x17, date = 04212005 
ACPI: Processor [CPU1] (supports 8 throttling states)
ACPI: Power Button (FF) [PWRF]
ACPI: Power Button (CM) [PWRB]
saa7146: unregister extension 'dvb'.
ACPI: PCI interrupt for device 0000:01:0a.0 disabled
saa7146: register extension 'budget_patch dvb'.
ACPI: PCI Interrupt 0000:01:0a.0[A] -> GSI 21 (level, low) -> IRQ 21
saa7146: found saa7146 @ mem f09eec00 (revision 1, irq 21) (0x13c2,0x0000).
BUDGET-PATCH DETECTED.
DVB: registering new adapter (TT-Budget/Patch DVB-S 1.x PCI).
adapter has MAC addr = 00:d0:5c:00:9d:9a
ves1x93: Detected ves1893a rev2
DVB: registering frontend 0 (VLSI VES1x93 DVB-S)...
lp: driver loaded but no devices found
ttyS1: LSR safety check engaged!
hde: drive_cmd: status=0x51 { DriveReady SeekComplete Error }
hde: drive_cmd: error=0x04 { DriveStatusError }
ide: failed opcode was: 0xb0
hde: drive_cmd: status=0x51 { DriveReady SeekComplete Error }
hde: drive_cmd: error=0x04 { DriveStatusError }
ide: failed opcode was: 0xa1
device eth0 entered promiscuous mode
Bluetooth: L2CAP ver 2.8
Bluetooth: L2CAP socket layer initialized
Bluetooth: RFCOMM socket layer initialized
Bluetooth: RFCOMM TTY layer initialized
Bluetooth: RFCOMM ver 1.7
hci_usb_isoc_rx_submit: hci0 isoc rx submit failed urb eed82814 err -38
hci_cmd_task: hci0 command tx timeout
hci_usb_isoc_rx_submit: hci0 isoc rx submit failed urb eed82814 err -38
input: Caliper as /class/input/input6
ip_tables: (C) 2000-2006 Netfilter Core Team
saa7146: unregister extension 'budget_patch dvb'.
ACPI: PCI interrupt for device 0000:01:0a.0 disabled
saa7146: register extension 'budget_patch dvb'.
ACPI: PCI Interrupt 0000:01:0a.0[A] -> GSI 21 (level, low) -> IRQ 21
saa7146: found saa7146 @ mem f09f8c00 (revision 1, irq 21) (0x13c2,0x0000).
budget-patch not detected or saa7146 in non-default state.
try enabling ressetting of 7146 with MASK_31 in MC1 register
DVB: registering new adapter (TT-Budget/Patch DVB-S 1.x PCI).
adapter has MAC addr = 00:d0:5c:00:9d:9a
ves1x93: Detected ves1893a rev2
DVB: registering frontend 0 (VLSI VES1x93 DVB-S)...
saa7146: unregister extension 'budget_patch dvb'.
ACPI: PCI interrupt for device 0000:01:0a.0 disabled
saa7146: register extension 'budget_patch dvb'.
ACPI: PCI Interrupt 0000:01:0a.0[A] -> GSI 21 (level, low) -> IRQ 21
saa7146: found saa7146 @ mem f09f8c00 (revision 1, irq 21) (0x13c2,0x0000).
budget-patch not detected or saa7146 in non-default state.
try enabling ressetting of 7146 with MASK_31 in MC1 register
DVB: registering new adapter (TT-Budget/Patch DVB-S 1.x PCI).
adapter has MAC addr = 00:d0:5c:00:9d:9a
ves1x93: Detected ves1893a rev2
DVB: registering frontend 0 (VLSI VES1x93 DVB-S)...
usb 5-4.3: USB disconnect, address 8
usb 5-4.3: new low speed USB device using ehci_hcd and address 9
usb 5-4.3: configuration #1 chosen from 1 choice
usbcore: registered new driver hiddev
drivers/usb/input/hid-core.c: timeout initializing reports
input: Logitech Inc. iFeel Mouse    as /class/input/input7
input: USB HID v1.00 Mouse [Logitech Inc. iFeel Mouse   ] on usb-0000:00:1d.7-4.3
usbcore: registered new driver usbhid
drivers/usb/input/hid-core.c: v2.6:USB HID core driver
ehci_hcd 0000:00:1d.7: qh ee925400 (#81) state 4
Unable to handle kernel paging request at virtual address 748b00f4
 printing eip:
f09cc61e
*pde = 00000000
Oops: 0000 [#1]
SMP 
Modules linked in: usbhid budget_patch budget_core stv0299 iptable_filter ipt_TOS xt_tcpudp iptable_mangle ipt_MASQUERADE iptable_nat ip_nat ip_tables x_tables rfcomm l2cap lp thermal fan button processor ac battery ppp_generic slhc raw1394 ieee1394 w83627ehf hwmon i2c_isa uinput nvram ircomm_tty ircomm irda vfat fat db9 saa7134_alsa eeprom tuner usblp pl2303 hci_usb bluetooth dvb_usb_a800 dvb_usb_dibusb_common dib3000mc dib3000_common dvb_usb dvb_pll usbserial serio_raw saa7134 compat_ioctl32 ir_kbd_i2c l64781 saa7146_vv video_buf saa7146 v4l1_compat v4l2_common ves1820 dvb_core tda8083 stv0297 sp8870  ir_com  videodev ves1x93 ttpci_eeprom pcspkr snd_mpu401 snd_mpu401_uart snd_rawmidi rtc snd_seq_device parport_pc parport i2c_i801 snd_hda_intel sky2 ehci_hcd snd_hda_codec snd_pcm_oss snd_mixer_oss snd_pcm uhci_hcd snd_timer snd snd_page_alloc ide_cd cdrom
CPU:    1
EIP:    0060:[<f09cc61e>]    Not tainted VLI
EFLAGS: 00010207   (2.6.16.19-crash #1) 
EIP is at dvb_demux_poll+0x24/0x56 [dvb_core]
eax: c2747561   ebx: c2747541   ecx: 0000ffea   edx: 748b00f4
esi: a6fe63d0   edi: eed4d88c   ebp: eed2fa44   esp: d5935f60
ds: 007b   es: 007b   ss: 0068
Process vdr-kbd (pid: 7276, threadinfo=d5934000 task=edb18a50)
Stack: <0>b015c19e c9c318c0 00000000 a6fe63d0 dca55ec0 000015a6 00000000 dca55ec0 
       00003bc8 b015b5d7 dd90a000 00000000 a6fe6390 000003e8 a7dbbff4 d5934000 
       b015c57f a6fe6390 00000008 d5935fb0 0000039f 00000000 b0102739 a6fe6390 
Call Trace:
 [<b015c19e>] do_sys_poll+0x167/0x304
 [<00000000>] rest_init+0x4feffd68/0x23
 [<000015a6>] 0x15a6
 [<00000000>] rest_init+0x4feffd68/0x23
 [<00003bc8>] 0x3bc8
 [<b015b5d7>] __pollwait+0x0/0x9b
 [<00000000>] rest_init+0x4feffd68/0x23
 [<000003e8>] 0x3e8
 [<b015c57f>] sys_poll+0x42/0x47
 [<00000008>] 0x8
 [<0000039f>] 0x39f
 [<00000000>] rest_init+0x4feffd68/0x23
 [<b0102739>] syscall_call+0x7/0xb
 [<00000008>] 0x8
 [<000003e8>] 0x3e8
 [<000003e8>] 0x3e8
 [<000000a8>] 0xa8
 [<0000007b>] 0x7b
 [<000000a8>] 0xa8
 [<00000073>] 0x73
 [<00000246>] 0x246
 [<0000007b>] 0x7b
 [<00000000>] rest_init+0x4feffd68/0x23
 [<00000000>] rest_init+0x4feffd68/0x23
Code: 00 ff ff 83 c4 14 c3 fa 00 8b 74 24 0c 8b 54 20 00 8b 5e 78 b9 ea ff 00 00 85 db 74 3b 8d 43 20 00 d2 74 0c 85 c0 74 00 00 50 56 <ff> 12 83 c4 20 00 43 4c 83 e8 03 31 00 00 f8 02 77 1b 8b 43 20 
 <1>Unable to handle kernel paging request