Date: Tue, 26 Jun 2001 22:42:31 +1000
From: CaT <>
Subject: nonzero shared ram and 2.4.x
Sender: linux-kernel-owner@vger.kernel.org
Precedence: bulk
List-ID: <linux-kernel.vger.kernel.org>
X-Mailing-List: linux-kernel@vger.kernel.org
X-Lkml-Link: https://lkml.org/lkml/2001/6/26/23

I thought it wasn't meant to try and count it:
0 [22:40:59] bowman@europa:/home/bowman>> uname -a
Linux europa 2.4.5-ac9 #4 Wed Jun 13 12:54:18 EST 2001 i686 unknown
0 [22:41:29] bowman@europa:/home/bowman>> more /proc/meminfo 
        total:    used:    free:  shared: buffers:  cached:
Mem:  260530176 228261888 32268288    65536 31141888 51003392
Swap: 270499840        0 270499840
MemTotal:       254424 kB
MemFree:         31512 kB
MemShared:          64 kB
Buffers:         30412 kB
Cached:          49808 kB
Active:          65848 kB
Inact_dirty:     14436 kB
Inact_clean:         0 kB
Inact_target:       24 kB
HighTotal:           0 kB
HighFree:            0 kB
LowTotal:       254424 kB
LowFree:         31512 kB
SwapTotal:      264160 kB
SwapFree:       264160 kB
-- 
CaT (cat@zip.com.au)		*** Jenna has joined the channel.
				<cat> speaking of mental giants..
				<Jenna> me, a giant, bullshit
				<Jenna> And i'm not mental
					- An IRC session, 20/12/2000
-
To unsubscribe from this list: send the line "unsubscribe linux-kernel" in
the body of a message to majordomo@vger.kernel.org
More majordomo info at  
http://vger.kernel.org/majordomo-info.html
Please read the FAQ at  
http://www.tux.org/lkml/