Date: Fri, 05 Nov 1999 10:46:59 +0100
From: Daniele Bernardini <>
Subject: 2.3.25 smooth on my machine.
Sender: linux-kernel-owner@vger.kernel.org
Precedence: bulk
List-ID: <linux-kernel.vger.kernel.org>
X-Mailing-List: linux-kernel@vger.kernel.org
X-Lkml-Link: https://lkml.org/lkml/1999/11/5/12

Don't know if this might be useful.
I have a assess p5 +k6 200 adapted uw and sb64
boot log is attached
one question: what does it mean 
   ACPI: missing RSDT
Regards,
Daniele
-- 
********************************************************************
   Daniele Bernardini     
   Sektion Theoretische Physik, LMU Muenchen 
   Theresienstr. 37,  80333 Muenchen DEUTSCHLAND         
   Tel: +49 (89) 23944378
   daniele.bernardini@physik.uni-muenchen.de
   
http://www.theorie.physik.uni-muenchen.de/~dani/
********************************************************************Linux version 2.3.25 (root@schlemihl) (gcc version egcs-2.91.66 19990314 (egcs-1.1.2 release)) #2 Thu Nov 4 18:51:11 MET 1999
e820: 0009fc00 @ 00000000 (usable)
e820: 00000400 @ 0009fc00 (reserved)
e820: 00010000 @ 000f0000 (reserved)
e820: 07efc000 @ 00100000 (usable)
e820: 00003000 @ 07ffc000 (ACPI data)
e820: 00001000 @ 07fff000 type 4
e820: 00010000 @ ffff0000 (reserved)
Initializing CPU#0
Detected 200461316 Hz processor.
Console: colour VGA+ 80x25
Calibrating delay loop... 399.77 BogoMIPS
Memory: 126640k/131072k available (0k kernel code, 0k reserved, 0k data, 0k init, 0k highmem)
Buffer-cache hash table entries: 8192 (order: 3, 32768 bytes)
Page-cache hash table entries: 32768 (order: 5, 131072 bytes)
CPU: AMD AMD-K6tm w/ multimedia extensions stepping 02
Checking 386/387 coupling... OK, FPU using exception 16 error reporting.
Checking 'hlt' instruction... OK.
POSIX conformance testing by UNIFIX
PCI: PCI BIOS revision 2.10 entry at 0xf0560
PCI: Using configuration type 1
PCI: Probing PCI hardware
PCI: Interrupt Routing Table found at 0xc00f0b40 [router type 10b9/1533]
PCI: Cannot allocate resource region 0 of device 00:0f.0
PCI: Cannot allocate resource region 2 of device 00:0f.0
isapnp: Scanning for Pnp cards...
isapnp: Card 'Creative SB AWE64  PnP'
isapnp: 1 Plug & Play card detected total
Linux NET4.0 for Linux 2.3
Based upon Swansea University Computer Society NET3.039
NET4: Unix domain sockets 1.0/SMP for Linux NET4.0.
NET4: Linux TCP/IP 1.0 for NET4.0
IP Protocols: ICMP, UDP, TCP
TCP: Hash tables configured (established 8192 bind 16384)
apm: BIOS version 1.2 Flags 0x03 (Driver version 1.9)
Starting kswapd v1.6
0x378: FIFO is 16 bytes
0x378: writeIntrThreshold is 7
0x378: readIntrThreshold is 7
0x378: PWord is 8 bits
0x378: Interrupts are ISA-Pulses
parport0: PC-style at 0x378 (0x778) [PCSPP,TRISTATE,ECP]
parport0: irq 7 detected
parport0: cpp_daisy: aa5500ff(38)
parport0: assign_addrs: aa5500ff(38)
usbcore: Registering new driver hub
Detected PS/2 Mouse Port.
Serial driver version 4.30 with SHARE_IRQ SERIAL_PCI PCI_IOMEM enabled
ttyS00 at 0x03f8 (irq = 4) is a 16550A
ttyS01 at 0x02f8 (irq = 3) is a 16550A
pty: 256 Unix98 ptys configured
lp0: using parport0 (polling).
lp0: console ready
Floppy drive(s): fd0 is 1.44M
FDC 0 is a post-1991 82077
(scsi0) <Adaptec AHA-294X Ultra SCSI host adapter> found at PCI 9/0
(scsi0) Wide Channel, SCSI ID=7, 16/255 SCBs
(scsi0) Warning - detected auto-termination
(scsi0) Please verify driver detected settings are correct.
(scsi0) If not, then please properly set the device termination
(scsi0) in the Adaptec SCSI BIOS by hitting CTRL-A when prompted
(scsi0) during machine bootup.
(scsi0) Cables present (Int-50 YES, Int-68 YES, Ext-68 NO)
(scsi0) Downloading sequencer code... 413 instructions downloaded
scsi0 : Adaptec AHA274x/284x/294x (EISA/VLB/PCI-Fast SCSI) 5.1.20/3.2.4
       <Adaptec AHA-294X Ultra SCSI host adapter>
scsi : 1 host.
(scsi0:0:3:0) Synchronous at 20.0 Mbyte/sec, offset 15.
  Vendor: PLEXTOR   Model: CD-ROM PX-32TS    Rev: 1.03
  Type:   CD-ROM                             ANSI SCSI revision: 02
Detected scsi CD-ROM sr0 at scsi0, channel 0, id 3, lun 0
(scsi0:0:4:0) Synchronous at 40.0 Mbyte/sec, offset 8.
  Vendor: IBM       Model: DDRS-34560W       Rev: S97B
  Type:   Direct-Access                      ANSI SCSI revision: 02
Detected scsi disk sda at scsi0, channel 0, id 4, lun 0
  Vendor: IOMEGA    Model: ZIP 100           Rev: J.03
  Type:   Direct-Access                      ANSI SCSI revision: 02
Detected scsi removable disk sdb at scsi0, channel 0, id 5, lun 0
scsi : detected 1 SCSI cdrom 2 SCSI disks total.
Uniform CD-ROM driver Revision: 3.05
SCSI device sda: hdwr sector= 512 bytes. Sectors= 8925000 [4357 MB] [4.4 GB]
sdb : READ CAPACITY failed.
sdb : status = 1, message = 00, host = 0, driver = 28 
sdb : extended sense code = 2 
sdb : block size assumed to be 512 bytes, disk size 1GB.  
Partition check:
 sda: sda1 sda2 sda3 sda4
 sdb:scsidisk I/O error: dev 08:10, sector 0
 unable to read partition table
ACPI: "ASUS" found at 0x000f7fe0
ACPI: missing RSDT
udf: registering filesystem
VFS: Mounted root (ext2 filesystem) readonly.
Freeing unused kernel memory: 68k freed
Adding Swap: 136544k swap-space (priority -1)
js: Version 1.2.13 using 200 MHz RDTSC timer.
js0: Analog 2-axis 2-button joystick at 0x201
Soundblaster audio driver Copyright (C) by Hannu Savolainen 1993-1996
SB 4.16 detected OK (220)
<SoundBlaster EMU8000 (RAM512k)>
3c59x.c:v0.99H 11/17/98 Donald Becker 
http://cesdis.gsfc.nasa.gov/linux/drivers/vortex.html
eth0: 3Com 3c900 Cyclone 10Mbps Combo at 0xd400,  00:10:4b:dc:85:91, IRQ 10
  8K byte-wide RAM 5:3 Rx:Tx split, 10Mbs AUI interface.
  Media override to transceiver type 1 (10Mbs AUI).
  Enabling bus-master transmits and whole-frame receives.
OHCI USB Driver loading
PCI: Increasing latency timer of device 00:02.0 to 64
usb-ohci: 2 root hub ports found
ohci-control thread code for 0xc7951f60 code at 0xc8886964
New USB bus registered, assigned bus number 1
usb-ohci: HC c7951f60 reset.
usb-ohci: host controller operational
ohci-control thread sleeping