Date: Sun, 18 Jul 2004 21:36:55 +0300 (EEST)
From: 	caszonyi@rdslink ...
Subject: Re: 2.6.7-mm[3-4] doesn't boot (alsa or pnp related) (fixed - Acpi)
Sender: linux-kernel-owner@vger.kernel.org
Precedence: bulk
List-ID: <linux-kernel.vger.kernel.org>
X-Mailing-List: linux-kernel@vger.kernel.org
X-Lkml-Link: https://lkml.org/lkml/2004/7/18/58

On Sat, 17 Jul 2004, Len Brown wrote:
>
> On Mon, 2004-07-12 at 16:35, szonyi calin wrote:
> > --- szonyi calin <caszonyi@yahoo.com> a écrit : > ---
> > caszonyi@rdslink.ro a écrit : > Hi all
> > > > I just tried today 2.6.7-mm3 and 2.6.7-mm4.
> > > > They both stop booting at:
> > > > Advanced Linux Sound Architecture Driver Version 1.0.5 (Sun
> > > > May 30
> > > > 10:49:40 2004 UTC)
> > > > pnp: Device 01:01.00 activated
> > > > pnp: Device 01:01.02 activated
> > > > pnp: Device 01:01.03 activated
> > > >
> > >
> > > The same happens on 2.6.7-mm5 ;-(
> >
> > ... and with 2.6.7-mm6 and 2.6.8-rc1
> > Booting with acpi=off fixes the problem. ;-)
>
> Did a previous kernel work w/o acpi=off?
Yes. 2.6.7 and all the kernels before work without acpi=off
> If yes, please send me the dmesg and /proc/interrupts
> for both the working and failing kernels.
>
See attachments
> thanks,
> -Len
>
Calin
--
"A mouse is a device used to point at
the xterm you want to type in".
Kim Alm on a.s.r.uname -a
Linux grinch 2.6.8-rc1 #1 Mon Jul 12 22:45:36 EEST 2004 i686 unknown
cat /proc/interrupts on 2.6.8-rc1
           CPU0       
  0:     189880          XT-PIC  timer
  1:        812          XT-PIC  i8042
  2:          0          XT-PIC  cascade
  4:      17540          XT-PIC  serial
  5:        354          XT-PIC  CS4231
  8:      54885          XT-PIC  rtc
  9:          0          XT-PIC  MPU401 UART
 10:          3          XT-PIC  Bt87x audio, bttv0
 11:      13099          XT-PIC  eth0, radeon@PCI:1:0:0
 12:       1774          XT-PIC  i8042
 14:       6168          XT-PIC  ide0
 15:         12          XT-PIC  ide1
NMI:          0 
ERR:          0
dmesg on 2.6.8-rc1
Linux version 2.6.8-rc1 (root@grinch) (gcc version 3.3.3) #1 Mon Jul 12 22:45:36 EEST 2004
BIOS-provided physical RAM map:
 BIOS-e820: 0000000000000000 - 000000000009fc00 (usable)
 BIOS-e820: 000000000009fc00 - 00000000000a0000 (reserved)
 BIOS-e820: 00000000000f0000 - 0000000000100000 (reserved)
 BIOS-e820: 0000000000100000 - 000000000fff0000 (usable)
 BIOS-e820: 000000000fff0000 - 000000000fff3000 (ACPI NVS)
 BIOS-e820: 000000000fff3000 - 0000000010000000 (ACPI data)
 BIOS-e820: 00000000ffff0000 - 0000000100000000 (reserved)
255MB LOWMEM available.
On node 0 totalpages: 65520
  DMA zone: 4096 pages, LIFO batch:1
  Normal zone: 61424 pages, LIFO batch:14
  HighMem zone: 0 pages, LIFO batch:1
DMI not present.
Built 1 zonelists
Kernel command line: BOOT_IMAGE=k268rc1 ro root=306 psmouse_noext nmi_watchdog=2 acpi=off
Parameter psmouse_noext is obsolete, ignored
Initializing CPU#0
PID hash table entries: 1024 (order 10: 8192 bytes)
Detected 700.411 MHz processor.
Using tsc for high-res timesource
Console: colour VGA+ 132x25
Dentry cache hash table entries: 65536 (order: 6, 262144 bytes)
Inode-cache hash table entries: 32768 (order: 5, 131072 bytes)
Memory: 254200k/262080k available (2984k kernel code, 7184k reserved, 871k data, 380k init, 0k highmem)
Checking if this processor honours the WP bit even in supervisor mode... Ok.
Calibrating delay loop... 1372.16 BogoMIPS
Mount-cache hash table entries: 512 (order: 0, 4096 bytes)
CPU: After generic identify, caps: 0183f9ff c1c7f9ff 00000000 00000000
CPU: After vendor identify, caps:  0183f9ff c1c7f9ff 00000000 00000000
CPU: L1 I Cache: 64K (64 bytes/line), D cache 64K (64 bytes/line)
CPU: L2 Cache: 64K (64 bytes/line)
CPU: After all inits, caps:        0183f9ff c1c7f9ff 00000000 00000020
CPU: AMD Duron(tm) Processor stepping 01
Enabling fast FPU save and restore... done.
Checking 'hlt' instruction... OK.
NET: Registered protocol family 16
PCI: Using configuration type 1
mtrr: v2.0 (20020519)
ACPI: Subsystem revision 20040326
ACPI: Interpreter disabled.
Linux Plug and Play Support v0.97 (c) Adam Belay
pnp: the driver 'system' has been registered
PnPBIOS: Scanning system for PnP BIOS support...
PnPBIOS: Found PnP BIOS installation structure at 0xc00fbdf0
PnPBIOS: PnP BIOS version 1.0, entry 0xf0000:0xbe20, dseg 0xf0000
pnp: match found with the PnP device '00:07' and the driver 'system'
pnp: match found with the PnP device '00:08' and the driver 'system'
pnp: match found with the PnP device '00:0b' and the driver 'system'
pnp: 00:0b: ioport range 0x208-0x20f has been reserved
PnPBIOS: 16 nodes reported by PnP BIOS; 16 recorded by driver
PCI: Probing PCI hardware
PCI: Probing PCI hardware (bus 00)
Disabling VIA memory write queue (PCI ID 0305, rev 02): [55] 81 & 1f -> 01
PCI: Using IRQ router VIA [1106/0686] at 0000:00:07.0
Coda Kernel/Venus communications, v6.0.0, coda@cs.cmu.edu
Installing knfsd (copyright (C) 1996 okir@monad.swb.de).
udf: registering filesystem
SGI XFS with ACLs, no debug enabled
isapnp: Scanning for PnP cards...
isapnp: Card 'Crystal Codec'
isapnp: 1 Plug & Play card detected total
lp: driver loaded but no devices found
Real Time Clock Driver v1.12
Non-volatile memory driver v1.2
ppdev: user-space parallel port driver
Linux agpgart interface v0.100 (c) Dave Jones
agpgart: Detected VIA Twister-K/KT133x/KM133 chipset
agpgart: Maximum main memory to use for agp memory: 203M
agpgart: AGP aperture is 128M @ 0xd0000000
[drm] Initialized radeon 1.11.0 20020828 on minor 0: ATI Technologies Inc Radeon RV100 QY [Radeon 7000/VE]
Serial: 8250/16550 driver $Revision: 1.90 $ 8 ports, IRQ sharing disabled
ttyS0 at I/O 0x3f8 (irq = 4) is a 16550A
ttyS1 at I/O 0x2f8 (irq = 3) is a 16550A
pnp: the driver 'serial' has been registered
pnp: match found with the PnP device '00:0d' and the driver 'serial'
pnp: match found with the PnP device '00:0e' and the driver 'serial'
parport0: PC-style at 0x3bc (0x7bc) [PCSPP,TRISTATE]
lp0: using parport0 (polling).
lp0: console ready
parport_pc: Via 686A parallel port: io=0x3BC
Using anticipatory io scheduler
Floppy drive(s): fd0 is 1.44M
FDC 0 is a post-1991 82077
loop: loaded (max 8 devices)
PPP generic driver version 2.4.2
PPP Deflate Compression module registered
PPP BSD Compression module registered
8139too Fast Ethernet driver 0.9.27
PCI: Found IRQ 11 for device 0000:00:08.0
eth0: RealTek RTL8139 at 0xd0880000, 00:40:f4:72:99:b3, IRQ 11
eth0:  Identified 8139 chip type 'RTL-8100B/8139D'
Linux video capture interface: v1.00
Uniform Multi-Platform E-IDE driver Revision: 7.00alpha2
ide: Assuming 33MHz system bus speed for PIO modes; override with idebus=xx
VP_IDE: IDE controller at PCI slot 0000:00:07.1
VP_IDE: chipset revision 16
VP_IDE: not 100% native mode: will probe irqs later
VP_IDE: VIA vt82c686a (rev 22) IDE UDMA66 controller on pci0000:00:07.1
    ide0: BM-DMA at 0xe000-0xe007, BIOS settings: hda:DMA, hdb:pio
    ide1: BM-DMA at 0xe008-0xe00f, BIOS settings: hdc:DMA, hdd:pio
hda: Maxtor 2F040J0, ATA DISK drive
ide0 at 0x1f0-0x1f7,0x3f6 on irq 14
hdc: TEAC CD-W552E, ATAPI CD/DVD-ROM drive
ide1 at 0x170-0x177,0x376 on irq 15
hda: max request size: 128KiB
hda: 80293248 sectors (41110 MB) w/2048KiB Cache, CHS=65535/16/63, UDMA(66)
 hda: hda1 hda2 < hda5 hda6 hda7 hda8 hda9 > hda3 hda4
 hda4: <solaris: [s0] hda10 [s1] hda11 [s2] hda12 [s7] hda13 >
hdc: ATAPI 52X CD-ROM CD-R/RW drive, 2048kB Cache, UDMA(33)
Uniform CD-ROM driver Revision: 3.20
mice: PS/2 mouse device common for all mice
input: PC Speaker
serio: i8042 AUX port at 0x60,0x64 irq 12
input: PS/2 Generic Mouse on isa0060/serio1
serio: i8042 KBD port at 0x60,0x64 irq 1
input: AT Translated Set 2 keyboard on isa0060/serio0
i2c /dev entries driver
Advanced Linux Sound Architecture Driver Version 1.0.4 (Mon May 17 14:31:44 2004 UTC).
ALSA sound/drivers/mpu401/mpu401.c:149: specify port
pnp: the driver 'cs423x' has been registered
pnp: match found with the PnP device '01:01.00' and the driver 'cs423x'
pnp: match found with the PnP device '01:01.02' and the driver 'cs423x'
pnp: match found with the PnP device '01:01.03' and the driver 'cs423x'
pnp: Device 01:01.00 activated.
pnp: Device 01:01.02 activated.
pnp: Device 01:01.03 activated.
PCI: Found IRQ 10 for device 0000:00:09.1
PCI: Sharing IRQ 10 with 0000:00:09.0
ALSA device list:
  #0: CS4239 at 0x534, irq 5, dma 1&0
  #1: Brooktree Bt878 at 0xe2002000, irq 10
NET: Registered protocol family 2
IP: routing cache hash table of 2048 buckets, 16Kbytes
TCP: Hash tables configured (established 16384 bind 32768)
IPv4 over IPv4 tunneling driver
ip_conntrack version 2.1 (2047 buckets, 16376 max) - 296 bytes per conntrack
ip_tables: (C) 2000-2002 Netfilter core team
ipt_recent v0.3.1: Stephen Frost <sfrost@snowman.net>.  
http://snowman.net/projects/ipt_recent/
arp_tables: (C) 2002 David S. Miller
NET: Registered protocol family 1
NET: Registered protocol family 17
UDF-fs: No VRS found
VFS: Mounted root (jfs filesystem) readonly.
Freeing unused kernel memory: 380k freed
Adding 530104k swap on /dev/hda7.  Priority:-1 extents:1
eth0: link down
tvaudio: TV audio decoder + audio/video mux driver
tvaudio: known chips: tda9840,tda9873h,tda9874h/a,tda9850,tda9855,tea6300,tea6420,tda8425,pic16c54 (PV951),ta8874z
bttv: driver version 0.9.15 loaded
bttv: using 32 buffers with 2080k (520 pages) each for capture
bttv: Bt8xx card found (0).
PCI: Found IRQ 10 for device 0000:00:09.0
PCI: Sharing IRQ 10 with 0000:00:09.1
bttv0: Bt878 (rev 2) at 0000:00:09.0, irq: 10, latency: 32, mmio: 0xe2001000
bttv0: detected: AVermedia TVCapture 98 [card=13], PCI subsystem ID is 1461:0002
bttv0: using: AVerMedia TVCapture 98 [card=13,autodetected]
bttv0: gpio: en=00000000, out=00000000 in=000477c3 [init]
bttv0: Hauppauge/Voodoo msp34xx: reset line init [11]
tuner: chip found at addr 0xc2 i2c-bus bt878 #0 [sw]
bttv0: Avermedia eeprom[0x4011]: tuner=5 radio:no remote control:yes
bttv0: using tuner=5
tuner: type set to 5 (Philips PAL_BG (FI1216 and compatibles)) by bt878 #0 [sw]
bttv0: i2c: checking for MSP34xx @ 0x80... not found
bttv0: i2c: checking for MSP34xx (alternate address) @ 0x88... not found
bttv0: i2c: checking for TDA9875 @ 0xb0... not found
bttv0: i2c: checking for TDA7432 @ 0x8a... not found
bttv0: registered device video0
bttv0: registered device vbi0
bttv0: PLL: 28636363 => 35468950 .. ok
bttv0: add subdevice "remote0"
agpgart: Found an AGP 2.0 compliant device at 0000:00:00.0.
agpgart: Putting AGP V2 device at 0000:00:00.0 into 4x mode
agpgart: Putting AGP V2 device at 0000:01:00.0 into 4x mode
atkbd.c: Spurious ACK on isa0060/serio0. Some program, like XFree86, might be trying access hardware directly.
atkbd.c: Spurious ACK on isa0060/serio0. Some program, like XFree86, might be trying access hardware directly.
setserial sets custom speed on ttyS0. This is deprecated.
uname -a
Linux grinch 2.6.7 #1 Thu Jun 17 00:09:27 EEST 2004 i686 unknown
/proc/interrupts for kernel 2.6.7
           CPU0       
  0:    7604652          XT-PIC  timer
  1:       2183          XT-PIC  i8042
  2:          0          XT-PIC  cascade
  4:     278431          XT-PIC  serial
  5:      42056          XT-PIC  CS4231
  8:    3811750          XT-PIC  rtc
  9:          0          XT-PIC  MPU401 UART
 10:      76463          XT-PIC  Bt87x audio, bttv0
 11:     593916          XT-PIC  acpi, eth0, radeon@PCI:1:0:0
 12:       9571          XT-PIC  i8042
 14:      10432          XT-PIC  ide0
 15:         18          XT-PIC  ide1
NMI:          0 
ERR:          0
dmesg for kernel 2.6.7
Linux version 2.6.7 (root@grinch) (gcc version 3.3.3) #1 Thu Jun 17 00:09:27 EEST 2004
BIOS-provided physical RAM map:
 BIOS-e820: 0000000000000000 - 000000000009fc00 (usable)
 BIOS-e820: 000000000009fc00 - 00000000000a0000 (reserved)
 BIOS-e820: 00000000000f0000 - 0000000000100000 (reserved)
 BIOS-e820: 0000000000100000 - 000000000fff0000 (usable)
 BIOS-e820: 000000000fff0000 - 000000000fff3000 (ACPI NVS)
 BIOS-e820: 000000000fff3000 - 0000000010000000 (ACPI data)
 BIOS-e820: 00000000ffff0000 - 0000000100000000 (reserved)
255MB LOWMEM available.
On node 0 totalpages: 65520
  DMA zone: 4096 pages, LIFO batch:1
  Normal zone: 61424 pages, LIFO batch:14
  HighMem zone: 0 pages, LIFO batch:1
DMI not present.
ACPI: RSDP (v000 VIA694                                    ) @ 0x000f7060
ACPI: RSDT (v001 VIA694 AWRDACPI 0x42302e31 AWRD 0x00000000) @ 0x0fff3000
ACPI: FADT (v001 VIA694 AWRDACPI 0x42302e31 AWRD 0x00000000) @ 0x0fff3040
ACPI: DSDT (v001 VIA694 AWRDACPI 0x00001000 MSFT 0x0100000c) @ 0x00000000
Built 1 zonelists
Kernel command line: auto BOOT_IMAGE=k267 ro root=306 psmouse_noext nmi_watchdog=2
Parameter psmouse_noext is obsolete, ignored
Initializing CPU#0
PID hash table entries: 1024 (order 10: 8192 bytes)
Detected 700.428 MHz processor.
Using tsc for high-res timesource
Console: colour VGA+ 132x25
Memory: 254544k/262080k available (2992k kernel code, 6792k reserved, 855k data, 380k init, 0k highmem)
Checking if this processor honours the WP bit even in supervisor mode... Ok.
Calibrating delay loop... 1372.16 BogoMIPS
Dentry cache hash table entries: 32768 (order: 5, 131072 bytes)
Inode-cache hash table entries: 16384 (order: 4, 65536 bytes)
Mount-cache hash table entries: 512 (order: 0, 4096 bytes)
CPU:     After generic identify, caps: 0183f9ff c1c7f9ff 00000000 00000000
CPU:     After vendor identify, caps: 0183f9ff c1c7f9ff 00000000 00000000
CPU: L1 I Cache: 64K (64 bytes/line), D cache 64K (64 bytes/line)
CPU: L2 Cache: 64K (64 bytes/line)
CPU:     After all inits, caps: 0183f9ff c1c7f9ff 00000000 00000020
CPU: AMD Duron(tm) Processor stepping 01
Enabling fast FPU save and restore... done.
Checking 'hlt' instruction... OK.
NET: Registered protocol family 16
PCI: Using configuration type 1
mtrr: v2.0 (20020519)
ACPI: Subsystem revision 20040326
ACPI: IRQ11 SCI: Level Trigger.
ACPI: Interpreter enabled
ACPI: Using PIC for interrupt routing
ACPI: PCI Root Bridge [PCI0] (00:00)
PCI: Probing PCI hardware (bus 00)
Disabling VIA memory write queue (PCI ID 0305, rev 02): [55] 81 & 1f -> 01
ACPI: PCI Interrupt Routing Table [\_SB_.PCI0._PRT]
ACPI: PCI Interrupt Link [LNKA] (IRQs 1 3 4 5 6 7 10 *11 12 14 15)
ACPI: PCI Interrupt Link [LNKB] (IRQs 1 3 4 5 6 7 *10 11 12 14 15)
ACPI: PCI Interrupt Link [LNKC] (IRQs 1 3 4 5 6 7 10 11 12 14 15) *0, disabled.
ACPI: PCI Interrupt Link [LNKD] (IRQs 1 3 4 5 6 7 10 11 12 14 15) *9
Linux Plug and Play Support v0.97 (c) Adam Belay
pnp: the driver 'system' has been registered
PnPBIOS: Scanning system for PnP BIOS support...
PnPBIOS: Found PnP BIOS installation structure at 0xc00fbdf0
PnPBIOS: PnP BIOS version 1.0, entry 0xf0000:0xbe20, dseg 0xf0000
pnp: match found with the PnP device '00:07' and the driver 'system'
pnp: match found with the PnP device '00:08' and the driver 'system'
pnp: match found with the PnP device '00:0b' and the driver 'system'
pnp: 00:0b: ioport range 0x208-0x20f has been reserved
PnPBIOS: 16 nodes reported by PnP BIOS; 16 recorded by driver
ACPI: PCI Interrupt Link [LNKA] enabled at IRQ 11
ACPI: PCI Interrupt Link [LNKB] enabled at IRQ 10
PCI: Using ACPI for IRQ routing
Coda Kernel/Venus communications, v6.0.0, coda@cs.cmu.edu
Installing knfsd (copyright (C) 1996 okir@monad.swb.de).
udf: registering filesystem
SGI XFS with ACLs, no debug enabled
ACPI: Power Button (FF) [PWRF]
ACPI: Processor [CPU0] (supports C1 C2, 2 throttling states)
isapnp: Scanning for PnP cards...
isapnp: Card 'Crystal Codec'
isapnp: 1 Plug & Play card detected total
lp: driver loaded but no devices found
Real Time Clock Driver v1.12
Non-volatile memory driver v1.2
ppdev: user-space parallel port driver
Linux agpgart interface v0.100 (c) Dave Jones
agpgart: Detected VIA KLE133 chipset
agpgart: Maximum main memory to use for agp memory: 203M
agpgart: AGP aperture is 128M @ 0xd0000000
[drm] Initialized radeon 1.11.0 20020828 on minor 0: ATI Technologies Inc Radeon RV100 QY [Radeon 7000/VE]
Serial: 8250/16550 driver $Revision: 1.90 $ 8 ports, IRQ sharing disabled
ttyS0 at I/O 0x3f8 (irq = 4) is a 16550A
ttyS1 at I/O 0x2f8 (irq = 3) is a 16550A
pnp: the driver 'serial' has been registered
pnp: match found with the PnP device '00:0d' and the driver 'serial'
pnp: match found with the PnP device '00:0e' and the driver 'serial'
parport0: PC-style at 0x3bc (0x7bc) [PCSPP,TRISTATE]
lp0: using parport0 (polling).
lp0: console ready
parport_pc: Via 686A parallel port: io=0x3BC
Using anticipatory io scheduler
Floppy drive(s): fd0 is 1.44M
FDC 0 is a post-1991 82077
loop: loaded (max 8 devices)
PPP generic driver version 2.4.2
PPP Deflate Compression module registered
PPP BSD Compression module registered
8139too Fast Ethernet driver 0.9.27
eth0: RealTek RTL8139 at 0xd0886000, 00:40:f4:72:99:b3, IRQ 11
eth0:  Identified 8139 chip type 'RTL-8100B/8139D'
Linux video capture interface: v1.00
Uniform Multi-Platform E-IDE driver Revision: 7.00alpha2
ide: Assuming 33MHz system bus speed for PIO modes; override with idebus=xx
VP_IDE: IDE controller at PCI slot 0000:00:07.1
VP_IDE: chipset revision 16
VP_IDE: not 100% native mode: will probe irqs later
VP_IDE: VIA vt82c686a (rev 22) IDE UDMA66 controller on pci0000:00:07.1
    ide0: BM-DMA at 0xe000-0xe007, BIOS settings: hda:DMA, hdb:pio
    ide1: BM-DMA at 0xe008-0xe00f, BIOS settings: hdc:DMA, hdd:pio
hda: Maxtor 2F040J0, ATA DISK drive
ide0 at 0x1f0-0x1f7,0x3f6 on irq 14
hdc: TEAC CD-W552E, ATAPI CD/DVD-ROM drive
ide1 at 0x170-0x177,0x376 on irq 15
hda: max request size: 128KiB
hda: 80293248 sectors (41110 MB) w/2048KiB Cache, CHS=65535/16/63, UDMA(66)
 hda: hda1 hda2 < hda5 hda6 hda7 hda8 hda9 > hda3 hda4
 hda4: <solaris: [s0] hda10 [s1] hda11 [s2] hda12 [s7] hda13 >
hdc: ATAPI 52X CD-ROM CD-R/RW CD-MRW drive, 2048kB Cache, UDMA(33)
Uniform CD-ROM driver Revision: 3.20
mice: PS/2 mouse device common for all mice
input: PC Speaker
serio: i8042 AUX port at 0x60,0x64 irq 12
input: PS/2 Generic Mouse on isa0060/serio1
serio: i8042 KBD port at 0x60,0x64 irq 1
input: AT Translated Set 2 keyboard on isa0060/serio0
i2c /dev entries driver
Advanced Linux Sound Architecture Driver Version 1.0.4 (Mon May 17 14:31:44 2004 UTC).
pnp: the driver 'cs423x' has been registered
pnp: match found with the PnP device '01:01.00' and the driver 'cs423x'
pnp: match found with the PnP device '01:01.02' and the driver 'cs423x'
pnp: match found with the PnP device '01:01.03' and the driver 'cs423x'
pnp: Device 01:01.00 activated.
pnp: Device 01:01.02 activated.
pnp: Device 01:01.03 activated.
ALSA device list:
  #0: CS4239 at 0x534, irq 5, dma 1&0
  #1: Brooktree Bt878 at 0xe2002000, irq 10
NET: Registered protocol family 2
IP: routing cache hash table of 2048 buckets, 16Kbytes
TCP: Hash tables configured (established 16384 bind 32768)
IPv4 over IPv4 tunneling driver
ip_conntrack version 2.1 (2047 buckets, 16376 max) - 296 bytes per conntrack
ip_tables: (C) 2000-2002 Netfilter core team
ipt_recent v0.3.1: Stephen Frost <sfrost@snowman.net>.  
http://snowman.net/projects/ipt_recent/
arp_tables: (C) 2002 David S. Miller
NET: Registered protocol family 1
NET: Registered protocol family 17
UDF-fs: No VRS found
VFS: Mounted root (jfs filesystem) readonly.
Freeing unused kernel memory: 380k freed
Adding 530104k swap on /dev/hda7.  Priority:-1 extents:1
eth0: link down
tvaudio: TV audio decoder + audio/video mux driver
tvaudio: known chips: tda9840,tda9873h,tda9874h/a,tda9850,tda9855,tea6300,tea6420,tda8425,pic16c54 (PV951),ta8874z
bttv: driver version 0.9.14 loaded
bttv: using 32 buffers with 2080k (520 pages) each for capture
bttv: Bt8xx card found (0).
bttv0: Bt878 (rev 2) at 0000:00:09.0, irq: 10, latency: 32, mmio: 0xe2001000
bttv0: detected: AVermedia TVCapture 98 [card=13], PCI subsystem ID is 1461:0002
bttv0: using: AVerMedia TVCapture 98 [card=13,autodetected]
bttv0: gpio: en=00000000, out=00000000 in=000477c3 [init]
bttv0: Hauppauge/Voodoo msp34xx: reset line init [11]
tuner: chip found at addr 0xc2 i2c-bus bt878 #0 [sw]
bttv0: Avermedia eeprom[0x4011]: tuner=5 radio:no remote control:yes
bttv0: using tuner=5
tuner: type set to 5 (Philips PAL_BG (FI1216 and compatibles)) by bt878 #0 [sw]
bttv0: i2c: checking for MSP34xx @ 0x80... not found
bttv0: i2c: checking for MSP34xx (alternate address) @ 0x88... not found
bttv0: i2c: checking for TDA9875 @ 0xb0... not found
bttv0: i2c: checking for TDA7432 @ 0x8a... not found
bttv0: registered device video0
bttv0: registered device vbi0
bttv0: PLL: 28636363 => 35468950 .. ok
bttv0: add subdevice "remote0"
agpgart: Found an AGP 2.0 compliant device at 0000:00:00.0.
agpgart: Putting AGP V2 device at 0000:00:00.0 into 4x mode
agpgart: Putting AGP V2 device at 0000:01:00.0 into 4x mode
atkbd.c: Spurious ACK on isa0060/serio0. Some program, like XFree86, might be trying access hardware directly.
atkbd.c: Spurious ACK on isa0060/serio0. Some program, like XFree86, might be trying access hardware directly.
setserial sets custom speed on ttyS0. This is deprecated.