Date: Fri, 15 Jun 2001 05:32:23 +0200
From: Dieter Nützel <>
Subject: Re: Linux 2.4.5-ac14
Sender: linux-kernel-owner@vger.kernel.org
Precedence: bulk
List-ID: <linux-kernel.vger.kernel.org>
X-Mailing-List: linux-kernel@vger.kernel.org
X-Lkml-Link: https://lkml.org/lkml/2001/6/14/185

Am Freitag, 15. Juni 2001 04:30 schrieb John Cavan:
> Dieter Nützel wrote:
> > Hello Alan,
> >
> > I see 4.29 GB under shm with your latest try.
> > something wrong?
>
>         total:    used:    free:  shared: buffers:  cached:
> Mem:  1053483008 431419392 622063616   122880 24387584 260923392
> Swap: 394764288        0 394764288
> MemTotal:      1028792 kB
> MemFree:        607484 kB
> MemShared:         120 kB
> Buffers:         23816 kB
> Cached:         254808 kB
> Active:         225536 kB
> Inact_dirty:     53208 kB
> Inact_clean:         0 kB
> Inact_target:       44 kB
> HighTotal:      131056 kB
> HighFree:         1048 kB
> LowTotal:       897736 kB
> LowFree:        606436 kB
> SwapTotal:      385512 kB
> SwapFree:       385512 kB
>
> I don't seem to have the problem...
You are using HIGHMEM?!
-Dieter
-
To unsubscribe from this list: send the line "unsubscribe linux-kernel" in
the body of a message to majordomo@vger.kernel.org
More majordomo info at  
http://vger.kernel.org/majordomo-info.html
Please read the FAQ at  
http://www.tux.org/lkml/