Date: 23 Jul 2003 21:35:23 +0100
From: Rui Barreiros <>
Subject: USB Crash - 2.4.20 (RedHat)
Sender: linux-kernel-owner@vger.kernel.org
Precedence: bulk
List-ID: <linux-kernel.vger.kernel.org>
X-Mailing-List: linux-kernel@vger.kernel.org
X-Lkml-Link: https://lkml.org/lkml/2003/7/23/220

Sorry if i sent this for the wrong place, but my search efforts are
gone.
I have a portable Toshiba S35DVD with RedHat 9.0 Kernel from RedHat
2.4.20-19.9 (i hope there are some rh kernel developers around)
This portable has only one USB port.
I have 1 usb mouse (VIVANCO Optical mouse model EDV-NR.13006/MSOC10)
and a palm m500 with an usb craddle.
I previously had kernel 2.4.18 also from redhat, that i had the same
behaviour, my machine froze (crashed) whenever i removed the usb mouse
or palm craddle. Then i upgraded to latest rh kernel (2.4.20-19.9) at
first no problem at all (that is, until i made a second reboot) after
that, same behaviour as before, whenever i disconnect the usb device
(mouse or craddle) the machine freezes.
I tried to gather some debug messages but with not much luck all that i
have is the /var/log/messages with no errors (pasted below)
Anyone could point me some directions on gathering more debug messages?
Is this bug been fixed (tried searching google, not much found) any
patch or something?
Note: i found something, i was playing with pppd to give network to my
palm and found this:
- Rebooted (with palm craddle connected)
- /proc/sys/net/ipv4/ip_forward = 1
- Removed the craddle
- System frozen
- Rebooted (with palm craddle connected)
- /proc/sys/net/ipv4/ip_forward = 0
- Removed the craddle
- all working fine!
- Connected mouse
- Disconnected mouse
- System frozen
Dunno if it has anything to do with the frozen bug but here stays the
report about this.
Attached is my /var/log/messages for the power on until the mouse
disconnect.
sorry for anything wrong i have made, but i'm clueless about this, with
no directions on fixing this!
Best wishes to all
-- 
Rui Barreiros
Evoluta - Tecnologias de Informação
Rua do Padrão nº 58 2º Andar Sala 25
4415-284 Carvalhos
Tel: 227839464 Fax: 227839465
http://www.evoluta.pt
Jul 23 20:55:22 lamatra syslogd 1.4.1: restart.
Jul 23 20:55:22 lamatra syslog: syslogd startup succeeded
Jul 23 20:55:22 lamatra kernel: klogd 1.4.1, log source = /proc/kmsg started.
Jul 23 20:55:22 lamatra kernel: Linux version 2.4.20-19.9 (bhcompile@stripples.devel.redhat.com) (gcc version 3.2.2 20030222 (Red Hat Linux 3.2.2-5)) #1 Tue Jul 15 17:29:51 EDT 2003
Jul 23 20:55:22 lamatra kernel: BIOS-provided physical RAM map:
Jul 23 20:55:22 lamatra kernel:  BIOS-e820: 0000000000000000 - 000000000009f800 (usable)
Jul 23 20:55:22 lamatra kernel:  BIOS-e820: 000000000009f800 - 00000000000a0000 (reserved)
Jul 23 20:55:22 lamatra kernel:  BIOS-e820: 00000000000eb400 - 0000000000100000 (reserved)
Jul 23 20:55:22 lamatra kernel:  BIOS-e820: 0000000000100000 - 0000000007ff0000 (usable)
Jul 23 20:55:22 lamatra kernel:  BIOS-e820: 0000000007ff0000 - 0000000007fffc00 (ACPI data)
Jul 23 20:55:22 lamatra kernel:  BIOS-e820: 0000000007fffc00 - 0000000008000000 (ACPI NVS)
Jul 23 20:55:22 lamatra kernel:  BIOS-e820: 00000000fff80000 - 0000000100000000 (reserved)
Jul 23 20:55:22 lamatra kernel: 127MB LOWMEM available.
Jul 23 20:55:22 lamatra kernel: On node 0 totalpages: 32752
Jul 23 20:55:22 lamatra syslog: klogd startup succeeded
Jul 23 20:55:22 lamatra kernel: zone(0): 4096 pages.
Jul 23 20:55:22 lamatra kernel: zone(1): 28656 pages.
Jul 23 20:55:22 lamatra kernel: zone(2): 0 pages.
Jul 23 20:55:23 lamatra keytable: Loading keymap: 
Jul 23 20:55:23 lamatra kernel: Kernel command line: ro root=LABEL=/
Jul 23 20:55:23 lamatra kernel: Initializing CPU#0
Jul 23 20:55:23 lamatra kernel: Detected 497.563 MHz processor.
Jul 23 20:55:23 lamatra kernel: Console: colour VGA+ 80x25
Jul 23 20:55:23 lamatra kernel: Calibrating delay loop... 992.87 BogoMIPS
Jul 23 20:55:23 lamatra kernel: Memory: 125036k/131008k available (1214k kernel code, 4564k reserved, 1010k data, 112k init, 0k highmem)
Jul 23 20:55:23 lamatra keytable: 
Jul 23 20:55:23 lamatra kernel: Dentry cache hash table entries: 16384 (order: 5, 131072 bytes)
Jul 23 20:55:23 lamatra keytable: 
Jul 23 20:55:23 lamatra kernel: Inode cache hash table entries: 8192 (order: 4, 65536 bytes)
Jul 23 20:55:23 lamatra rc: Starting keytable:  succeeded
Jul 23 20:55:23 lamatra kernel: Mount cache hash table entries: 512 (order: 0, 4096 bytes)
Jul 23 20:55:23 lamatra kernel: Buffer-cache hash table entries: 4096 (order: 2, 16384 bytes)
Jul 23 20:55:23 lamatra kernel: Page-cache hash table entries: 32768 (order: 5, 131072 bytes)
Jul 23 20:55:23 lamatra kernel: CPU: L1 I cache: 16K, L1 D cache: 16K
Jul 23 20:55:23 lamatra kernel: CPU: L2 cache: 128K
Jul 23 20:55:23 lamatra kernel: Intel machine check architecture supported.
Jul 23 20:55:23 lamatra kernel: Intel machine check reporting enabled on CPU#0.
Jul 23 20:55:23 lamatra random: Initializing random number generator:  succeeded
Jul 23 20:55:23 lamatra kernel: CPU: Intel Celeron (Coppermine) stepping 03
Jul 23 20:55:23 lamatra kernel: Enabling fast FPU save and restore... done.
Jul 23 20:55:23 lamatra pcmcia: Starting PCMCIA services:
Jul 23 20:55:23 lamatra kernel: Enabling unmasked SIMD FPU exception support... done.
Jul 23 20:55:23 lamatra kernel: Checking 'hlt' instruction... OK.
Jul 23 20:55:23 lamatra kernel: Checking for popad bug... OK.
Jul 23 20:55:24 lamatra kernel: POSIX conformance testing by UNIFIX
Jul 23 20:55:24 lamatra kernel: mtrr: v1.40 (20010327) Richard Gooch (rgooch@atnf.csiro.au)
Jul 23 20:55:24 lamatra kernel: mtrr: detected mtrr type: Intel
Jul 23 20:55:24 lamatra kernel: PCI: PCI BIOS revision 2.10 entry at 0xfd9be, last bus=1
Jul 23 20:55:24 lamatra kernel: PCI: Using configuration type 1
Jul 23 20:55:24 lamatra kernel: PCI: Probing PCI hardware
Jul 23 20:55:24 lamatra kernel: PCI: Using IRQ router PIIX [8086/7110] at 00:07.0
Jul 23 20:55:24 lamatra kernel: PCI: Found IRQ 10 for device 00:04.0
Jul 23 20:55:24 lamatra kernel: PCI: Sharing IRQ 10 with 00:04.1
Jul 23 20:55:24 lamatra kernel: IRQ routing conflict for 00:04.2, have irq 5, want irq 10
Jul 23 20:55:24 lamatra kernel: PCI: Sharing IRQ 10 with 01:00.0
Jul 23 20:55:24 lamatra kernel: PCI: Cannot allocate resource region 4 of device 00:07.1
Jul 23 20:55:24 lamatra kernel: Limiting direct PCI/PCI transfers.
Jul 23 20:55:24 lamatra pcmcia:  cardmgr.
Jul 23 20:55:24 lamatra kernel: isapnp: Scanning for PnP cards...
Jul 23 20:55:24 lamatra cardmgr[2094]: starting, version is 3.1.31
Jul 23 20:55:24 lamatra kernel: isapnp: No Plug & Play device found
Jul 23 20:55:24 lamatra rc: Starting pcmcia:  succeeded
Jul 23 20:55:24 lamatra kernel: Linux NET4.0 for Linux 2.4
Jul 23 20:55:24 lamatra cardmgr[2094]: watching 2 sockets
Jul 23 20:55:24 lamatra kernel: Based upon Swansea University Computer Society NET3.039
Jul 23 20:55:24 lamatra cardmgr[2094]: Card Services release does not match
Jul 23 20:55:24 lamatra kernel: Initializing RT netlink socket
Jul 23 20:55:22 lamatra ifup:  done. 
Jul 23 20:55:25 lamatra kernel: apm: BIOS version 1.2 Flags 0x03 (Driver version 1.16)
Jul 23 20:55:25 lamatra apmd[2103]: Version 3.0.2 (APM BIOS 1.2, Linux driver 1.16)
Jul 23 20:55:25 lamatra apmd: apmd startup succeeded
Jul 23 20:55:22 lamatra network: Bringing up interface eth0:  succeeded 
Jul 23 20:55:25 lamatra kernel: Starting kswapd
Jul 23 20:55:25 lamatra kernel: VFS: Disk quotas vdquot_6.5.1
Jul 23 20:55:25 lamatra kernel: pty: 512 Unix98 ptys configured
Jul 23 20:55:25 lamatra autofs: automount startup succeeded
Jul 23 20:55:25 lamatra kernel: Serial driver version 5.05c (2001-07-08) with MANY_PORTS MULTIPORT SHARE_IRQ SERIAL_PCI ISAPNP enabled
Jul 23 20:55:25 lamatra kernel: ttyS1 at 0x02f8 (irq = 3) is a 16550A
Jul 23 20:55:25 lamatra kernel: Real Time Clock Driver v1.10e
Jul 23 20:55:26 lamatra kernel: Floppy drive(s): fd0 is 1.44M
Jul 23 20:55:26 lamatra kernel: FDC 0 is a post-1991 82077
Jul 23 20:55:26 lamatra kernel: NET4: Frame Diverter 0.46
Jul 23 20:55:26 lamatra kernel: RAMDISK driver initialized: 16 RAM disks of 4096K size 1024 blocksize
Jul 23 20:55:26 lamatra kernel: Uniform Multi-Platform E-IDE driver Revision: 7.00beta3-.2.4
Jul 23 20:55:26 lamatra kernel: ide: Assuming 33MHz system bus speed for PIO modes; override with idebus=xx
Jul 23 20:55:26 lamatra kernel: PIIX4: IDE controller at PCI slot 00:07.1
Jul 23 20:55:26 lamatra apmd[2103]: Charge: * * * (0% 0:00)
Jul 23 20:55:27 lamatra kernel: PIIX4: chipset revision 1
Jul 23 20:55:27 lamatra kernel: PIIX4: not 100%% native mode: will probe irqs later
Jul 23 20:55:27 lamatra kernel:     ide0: BM-DMA at 0x1090-0x1097, BIOS settings: hda:DMA, hdb:pio
Jul 23 20:55:27 lamatra kernel:     ide1: BM-DMA at 0x1098-0x109f, BIOS settings: hdc:pio, hdd:pio
Jul 23 20:55:27 lamatra kernel: hda: TOSHIBA MK1016GAP, ATA DISK drive
Jul 23 20:55:27 lamatra kernel: blk: queue c03972e0, I/O limit 4095Mb (mask 0xffffffff)
Jul 23 20:55:27 lamatra kernel: ide0 at 0x1f0-0x1f7,0x3f6 on irq 14
Jul 23 20:55:28 lamatra kernel: hda: attached ide-disk driver.
Jul 23 20:55:28 lamatra kernel: hda: host protected area => 1
Jul 23 20:55:28 lamatra kernel: hda: 19640880 sectors (10056 MB), CHS=1222/255/63, UDMA(33)
Jul 23 20:55:28 lamatra kernel: ide-floppy driver 0.99.newide
Jul 23 20:55:28 lamatra kernel: Partition check:
Jul 23 20:55:28 lamatra kernel:  hda: hda1 hda2 hda3
Jul 23 20:55:28 lamatra kernel: ide-floppy driver 0.99.newide
Jul 23 20:55:28 lamatra kernel: md: md driver 0.90.0 MAX_MD_DEVS=256, MD_SB_DISKS=27
Jul 23 20:55:29 lamatra kernel: md: Autodetecting RAID arrays.
Jul 23 20:55:29 lamatra kernel: md: autorun ...
Jul 23 20:55:29 lamatra kernel: md: ... autorun DONE.
Jul 23 20:55:29 lamatra kernel: NET4: Linux TCP/IP 1.0 for NET4.0
Jul 23 20:55:29 lamatra sshd:  succeeded
Jul 23 20:55:29 lamatra kernel: IP Protocols: ICMP, UDP, TCP, IGMP
Jul 23 20:55:29 lamatra kernel: IP: routing cache hash table of 512 buckets, 4Kbytes
Jul 23 20:55:29 lamatra kernel: TCP: Hash tables configured (established 8192 bind 16384)
Jul 23 20:55:29 lamatra kernel: Linux IP multicast router 0.06 plus PIM-SM
Jul 23 20:55:30 lamatra kernel: NET4: Unix domain sockets 1.0/SMP for Linux NET4.0.
Jul 23 20:55:30 lamatra kernel: RAMDISK: Compressed image found at block 0
Jul 23 20:55:30 lamatra kernel: Freeing initrd memory: 143k freed
Jul 23 20:55:30 lamatra kernel: VFS: Mounted root (ext2 filesystem).
Jul 23 20:55:30 lamatra kernel: Journalled Block Device driver loaded
Jul 23 20:55:30 lamatra kernel: EXT3-fs: INFO: recovery required on readonly filesystem.
Jul 23 20:55:30 lamatra kernel: EXT3-fs: write access will be enabled during recovery.
Jul 23 20:55:30 lamatra kernel: kjournald starting.  Commit interval 5 seconds
Jul 23 20:55:30 lamatra kernel: EXT3-fs: ide0(3,3): orphan cleanup on readonly fs
Jul 23 20:55:31 lamatra kernel: EXT3-fs: ide0(3,3): 2 orphan inodes deleted
Jul 23 20:55:31 lamatra kernel: EXT3-fs: recovery complete.
Jul 23 20:55:31 lamatra kernel: EXT3-fs: mounted filesystem with ordered data mode.
Jul 23 20:55:31 lamatra kernel: Freeing unused kernel memory: 112k freed
Jul 23 20:55:31 lamatra kernel: usb.c: registered new driver usbdevfs
Jul 23 20:55:31 lamatra kernel: usb.c: registered new driver hub
Jul 23 20:55:31 lamatra kernel: usb-uhci.c: $Revision: 1.275 $ time 17:39:27 Jul 15 2003
Jul 23 20:55:31 lamatra kernel: usb-uhci.c: High bandwidth mode enabled
Jul 23 20:55:31 lamatra kernel: PCI: Enabling device 00:07.2 (0000 -> 0001)
Jul 23 20:55:31 lamatra kernel: PCI: Found IRQ 10 for device 00:07.2
Jul 23 20:55:31 lamatra kernel: PCI: Sharing IRQ 10 with 00:10.0
Jul 23 20:55:31 lamatra kernel: usb-uhci.c: USB UHCI at I/O 0x1060, IRQ 10
Jul 23 20:55:31 lamatra kernel: usb-uhci.c: Detected 2 ports
Jul 23 20:55:31 lamatra kernel: usb.c: new USB bus registered, assigned bus number 1
Jul 23 20:55:31 lamatra kernel: hub.c: USB hub found
Jul 23 20:55:31 lamatra kernel: hub.c: 2 ports detected
Jul 23 20:55:31 lamatra kernel: usb-uhci.c: v1.275:USB Universal Host Controller Interface driver
Jul 23 20:55:31 lamatra kernel: usb.c: registered new driver hiddev
Jul 23 20:55:31 lamatra kernel: usb.c: registered new driver hid
Jul 23 20:55:31 lamatra kernel: hid-core.c: v1.8.1 Andreas Gal, Vojtech Pavlik <vojtech@suse.cz>
Jul 23 20:55:31 lamatra kernel: hid-core.c: USB HID support drivers
Jul 23 20:55:31 lamatra kernel: mice: PS/2 mouse device common for all mice
Jul 23 20:55:31 lamatra kernel: hub.c: new USB device 00:07.2-1, assigned address 2
Jul 23 20:55:31 lamatra kernel: usb-uhci.c: interrupt, status 2, frame# 628
Jul 23 20:55:31 lamatra kernel: input0: USB HID v1.10 Mouse [Combo Mouse Combo Mouse] on usb1:2.0
Jul 23 20:55:31 lamatra kernel: EXT3 FS 2.4-0.9.19, 19 August 2002 on ide0(3,3), internal journal
Jul 23 20:55:31 lamatra kernel: Adding Swap: 522104k swap-space (priority -1)
Jul 23 20:55:32 lamatra kernel: kjournald starting.  Commit interval 5 seconds
Jul 23 20:55:32 lamatra kernel: EXT3 FS 2.4-0.9.19, 19 August 2002 on ide0(3,1), internal journal
Jul 23 20:55:32 lamatra kernel: EXT3-fs: mounted filesystem with ordered data mode.
Jul 23 20:55:32 lamatra kernel: ip_tables: (C) 2000-2002 Netfilter core team
Jul 23 20:55:32 lamatra kernel: ip_tables: (C) 2000-2002 Netfilter core team
Jul 23 20:55:32 lamatra kernel: Linux Tulip driver version 0.9.15-pre12 (Aug 9, 2002)
Jul 23 20:55:32 lamatra kernel: PCI: Enabling device 00:11.0 (0010 -> 0013)
Jul 23 20:55:32 lamatra kernel: PCI: Found IRQ 10 for device 00:11.0
Jul 23 20:55:32 lamatra kernel: eth0: ADMtek Comet rev 17 at 0xc88a9c00, 00:90:96:08:CD:07, IRQ 10.
Jul 23 20:55:32 lamatra kernel: ip_tables: (C) 2000-2002 Netfilter core team
Jul 23 20:55:32 lamatra kernel: Linux Kernel Card Services 3.1.22
Jul 23 20:55:32 lamatra kernel:   options:  [pci] [cardbus] [pm]
Jul 23 20:55:32 lamatra kernel: PCI: Found IRQ 10 for device 00:04.0
Jul 23 20:55:32 lamatra xinetd[2154]: pmap_set failed. service=sgi_fam program=391002 version=2
Jul 23 20:55:32 lamatra kernel: PCI: Sharing IRQ 10 with 00:04.1
Jul 23 20:55:32 lamatra kernel: IRQ routing conflict for 00:04.2, have irq 5, want irq 10
Jul 23 20:55:32 lamatra kernel: PCI: Sharing IRQ 10 with 01:00.0
Jul 23 20:55:32 lamatra kernel: PCI: Found IRQ 10 for device 00:04.1
Jul 23 20:55:32 lamatra kernel: PCI: Sharing IRQ 10 with 00:04.0
Jul 23 20:55:32 lamatra kernel: IRQ routing conflict for 00:04.2, have irq 5, want irq 10
Jul 23 20:55:32 lamatra kernel: PCI: Sharing IRQ 10 with 01:00.0
Jul 23 20:55:32 lamatra kernel: Yenta IRQ list 0a98, PCI irq10
Jul 23 20:55:32 lamatra kernel: Socket status: 30000006
Jul 23 20:55:32 lamatra kernel: Yenta IRQ list 0a98, PCI irq10
Jul 23 20:55:32 lamatra kernel: Socket status: 30000006
Jul 23 20:55:32 lamatra kernel: cs: IO port probe 0x0c00-0x0cff: clean.
Jul 23 20:55:32 lamatra kernel: cs: IO port probe 0x0100-0x04ff: excluding 0x158-0x15f 0x170-0x177 0x370-0x37f 0x4d0-0x4d7
Jul 23 20:55:32 lamatra kernel: cs: IO port probe 0x0a00-0x0aff: clean.
Jul 23 20:55:33 lamatra xinetd[2154]: xinetd Version 2.3.10 started with libwrap options compiled in.
Jul 23 20:55:33 lamatra xinetd[2154]: Started working: 1 available service
Jul 23 20:55:33 lamatra xinetd: xinetd startup succeeded
Jul 23 20:55:35 lamatra ntpdate[2165]: step time server 66.187.233.4 offset 0.119005 sec
Jul 23 20:55:35 lamatra ntpd:  succeeded
Jul 23 20:55:35 lamatra ntpd: ntpd startup succeeded
Jul 23 20:55:35 lamatra ntpd[2169]: ntpd 4.1.1c-rc1@1.836 Thu Feb 13 12:17:19 EST 2003 (1)
Jul 23 20:55:36 lamatra ntpd[2169]: precision = 12 usec
Jul 23 20:55:36 lamatra ntpd[2169]: kernel time discipline status 0040
Jul 23 20:55:36 lamatra ntpd[2169]: frequency initialized 58.417 from /etc/ntp/drift
Jul 23 20:55:37 lamatra sendmail: sendmail startup succeeded
Jul 23 20:55:38 lamatra sendmail: sm-client startup succeeded
Jul 23 20:55:38 lamatra gpm: gpm startup succeeded
Jul 23 20:55:39 lamatra crond: crond startup succeeded
Jul 23 20:55:40 lamatra xfs: xfs startup succeeded
Jul 23 20:55:41 lamatra anacron: anacron startup succeeded
Jul 23 20:55:41 lamatra atd: atd startup succeeded
Jul 23 20:55:41 lamatra xfs: ignoring font path element /usr/X11R6/lib/X11/fonts/cyrillic (unreadable) 
Jul 23 20:55:42 lamatra messagebus: messagebus startup succeeded
Jul 23 20:55:42 lamatra rhnsd: rhnsd startup succeeded
Jul 23 20:55:42 lamatra rhnsd[2288]: Red Hat Network Services Daemon starting up.
Jul 23 20:56:00 lamatra gdm(pam_unix)[2327]: session opened for user brandon by (uid=0)
Jul 23 20:56:03 lamatra gconfd (brandon-2387): starting (version 2.2.0), pid 2387 user 'brandon'
Jul 23 20:56:03 lamatra gconfd (brandon-2387): Resolved address "xml:readonly:/etc/gconf/gconf.xml.mandatory" to a read-only config source at position 0
Jul 23 20:56:03 lamatra gconfd (brandon-2387): Resolved address "xml:readwrite:/home/brandon/.gconf" to a writable config source at position 1
Jul 23 20:56:03 lamatra gconfd (brandon-2387): Resolved address "xml:readonly:/etc/gconf/gconf.xml.defaults" to a read-only config source at position 2
Jul 23 20:56:10 lamatra modprobe: modprobe: Can't locate module block-major-22
Jul 23 20:56:24 lamatra kernel: usb.c: USB disconnect on device 00:07.2-1 address 2