Date: Fri, 19 May 2006 06:51:34 -0400
From: "Fortier,Vincent [Montreal]" <>
Subject: Re: TR: ASUS A8V Deluxe, x86_64
Sender: linux-kernel-owner@vger.kernel.org
Precedence: bulk
List-ID: <linux-kernel.vger.kernel.org>
X-Mailing-List: linux-kernel@vger.kernel.org
X-Lkml-Link: https://lkml.org/lkml/2006/5/19/47

> Tejun Heo wrote:
> > Fortier,Vincent [Montreal] wrote:
> >> scsi0 : sata_via
> >> ata2: SATA link up 1.5 Gbps (SStatus 113 SControl 300)
> >> ata2.00: cfg 49:0f00 82:0000 83:0000 84:0000 85:0000 86:0000 
> >> 87:0000 88:001f
> >> ata2.00: ATAPI, max UDMA/66
> >> ata2.00: applying bridge limits
> >> ata2.00: configured for UDMA/66
> >
> > [--snip--]
> >
> >> sd 0:0:0:0: Attached scsi disk sda
> >>   Vendor: PLEXTOR   Model: DVDR   PX-716A    Rev: 1.09
> >>   Type:   CD-ROM                             ANSI SCSI revision: 05
> >
> > Above and the detailed log too indicate that everything went smooth 
> > the first time around.  Albert, do you have any ideas?  Could it be 
> > something related to irq-pio?
> I've checked Vincent't dmesg for 2.6.17-rc0 again.
> (
http://bugzilla.kernel.org/show_bug.cgi?id=5533
)
> (
http://bugzilla.kernel.org/attachment.cgi?id=7700&action=view
)
> It seems DMA commands are also affected by this problem, not PIO unique.
> ata2: command 0xa0 timeout, stat 0xd0 host_stat 0x1  <==== Device 
> busy. DMA on going. ata2: translated ATA stat/err 0xd0/00 to SCSI 
> SK/ASC/ASCQ 0xb/47/00 sr0: scsi-1 drive sr 1:0:0:0: Attached scsi 
> CD-ROM sr0
> ata2 is slow to respond, please be patient
> ata2 failed to respond (30 secs)
> BUG: warning at drivers/scsi/libata-core.c:3303/ata_pio_complete()
>
> Call Trace: <ffffffff88031bd0>{:libata:ata_pio_task+1398}
>
> => It looks like the device is waiting for something.
>
> After comparing the code of 2.6.17-rc4 and current libata upstream, 
> maybe "flush" is the fix: The CDB was sent to the ATAPI device by PIO, 
> but not flushed to device. So, the device was busy waiting for the CDB to arrive.
>
> Hi Vincent,
>   Could you please try 2.6.17-rc4, both with and without the attached 
> patch, to see if the flush works. Thanks.
You where absolutely right on it Albert..  I've attached all the logs.
Maybie this patch should be sent to the 2.6.17 tree?
The only thing I've found curious is when using cdrecord -scanbus... With the patch or with the main patchset it only shows my plextor and stop showing my dvd reader and my yamaha cdr?  Although they both get discovered by k3b?  It probably has nothing to do with this.
If you'd like me to test anything else just ask!
- vin
Cdrecord-Clone 2.01.01a03-dvd (x86_64-unknown-linux-gnu) Copyright (C) 1995-2005 Jörg Schilling
NOTE: This version contains the OSS DVD extensions for cdrtools and thus may
      have bugs related to DVD issues that are not present in the original
      cdrtools. Please send bug reports or support requests to
      
http://bugzilla.redhat.com/bugzilla
 The original cdrtools author should
      not be bothered with problems in this version.
Using libscg version 'schily-0.8'.
scsibus1:
	1,0,0	100) 'PLEXTOR ' 'DVDR   PX-716A  ' '1.09' Removable CD-ROM
	1,1,0	101) *
	1,2,0	102) *
	1,3,0	103) *
	1,4,0	104) *
	1,5,0	105) *
	1,6,0	106) *
	1,7,0	107) *
Cdrecord-Clone 2.01.01a03-dvd (x86_64-unknown-linux-gnu) Copyright (C) 1995-2005 Jörg Schilling
NOTE: This version contains the OSS DVD extensions for cdrtools and thus may
      have bugs related to DVD issues that are not present in the original
      cdrtools. Please send bug reports or support requests to
      
http://bugzilla.redhat.com/bugzilla
 The original cdrtools author should
      not be bothered with problems in this version.
Using libscg version 'schily-0.8'.
scsibus0:
	0,0,0	  0) 'YAMAHA  ' 'CRW3200E        ' '1.0d' Removable CD-ROM
	0,1,0	  1) 'JLMS    ' 'XJ-HD166S       ' 'DS1E' Removable CD-ROM
	0,2,0	  2) *
	0,3,0	  3) *
	0,4,0	  4) *
	0,5,0	  5) *
	0,6,0	  6) *
	0,7,0	  7) *
Bootdata ok (command line is ro root=LABEL=/FC5_x86_64 vga=0x305)
Linux version 2.6.17-rc4-ATA-TestPatch-x86_64-007 (root@leonard) (gcc version 4.1.0 20060304 (Red Hat 4.1.0-3)) #1 SMP Thu May 18 20:21:45 EDT 2006
BIOS-provided physical RAM map:
 BIOS-e820: 0000000000000000 - 000000000009fc00 (usable)
 BIOS-e820: 000000000009fc00 - 00000000000a0000 (reserved)
 BIOS-e820: 00000000000e4000 - 0000000000100000 (reserved)
 BIOS-e820: 0000000000100000 - 000000007ffb0000 (usable)
 BIOS-e820: 000000007ffb0000 - 000000007ffc0000 (ACPI data)
 BIOS-e820: 000000007ffc0000 - 000000007fff0000 (ACPI NVS)
 BIOS-e820: 000000007fff0000 - 0000000080000000 (reserved)
 BIOS-e820: 00000000ff780000 - 0000000100000000 (reserved)
DMI 2.3 present.
ACPI: RSDP (v002 ACPIAM                                ) @ 0x00000000000fa7c0
ACPI: XSDT (v001 A M I  OEMXSDT  0x12000530 MSFT 0x00000097) @ 0x000000007ffb0100
ACPI: FADT (v003 A M I  OEMFACP  0x12000530 MSFT 0x00000097) @ 0x000000007ffb0290
ACPI: MADT (v001 A M I  OEMAPIC  0x12000530 MSFT 0x00000097) @ 0x000000007ffb0390
ACPI: OEMB (v001 A M I  OEMBIOS  0x12000530 MSFT 0x00000097) @ 0x000000007ffc0040
ACPI: DSDT (v001  A0036 A0036001 0x00000001 MSFT 0x0100000d) @ 0x0000000000000000
Scanning NUMA topology in Northbridge 24
Number of nodes 1
Node 0 MemBase 0000000000000000 Limit 000000007ffb0000
NUMA: Using 63 for the hash shift.
Using node hash shift of 63
Bootmem setup node 0 0000000000000000-000000007ffb0000
On node 0 totalpages: 516935
  DMA zone: 3933 pages, LIFO batch:0
  DMA32 zone: 513002 pages, LIFO batch:31
ACPI: PM-Timer IO Port: 0x808
ACPI: Local APIC address 0xfee00000
ACPI: LAPIC (acpi_id[0x01] lapic_id[0x00] enabled)
Processor #0 15:11 APIC version 16
ACPI: LAPIC (acpi_id[0x02] lapic_id[0x01] enabled)
Processor #1 15:11 APIC version 16
ACPI: IOAPIC (id[0x02] address[0xfec00000] gsi_base[0])
IOAPIC[0]: apic_id 2, version 3, address 0xfec00000, GSI 0-23
ACPI: INT_SRC_OVR (bus 0 bus_irq 0 global_irq 2 dfl dfl)
ACPI: IRQ0 used by override.
ACPI: IRQ2 used by override.
ACPI: IRQ9 used by override.
Setting APIC routing to physical flat
Using ACPI (MADT) for SMP configuration information
Allocating PCI resources starting at 88000000 (gap: 80000000:7f780000)
Checking aperture...
CPU 0: aperture @ e8000000 size 64 MB
SMP: Allowing 2 CPUs, 0 hotplug CPUs
Built 1 zonelists
Kernel command line: ro root=LABEL=/FC5_x86_64 vga=0x305
Initializing CPU#0
PID hash table entries: 4096 (order: 12, 32768 bytes)
Disabling vsyscall due to use of PM timer
time.c: Using 3.579545 MHz WALL PM GTOD PM timer.
time.c: Detected 2202.856 MHz processor.
Console: colour dummy device 80x25
Dentry cache hash table entries: 262144 (order: 9, 2097152 bytes)
Inode-cache hash table entries: 131072 (order: 8, 1048576 bytes)
Memory: 2043692k/2096832k available (2167k kernel code, 52752k reserved, 953k data, 196k init)
Calibrating delay using timer specific routine.. 4411.27 BogoMIPS (lpj=8822551)
Security Framework v1.0.0 initialized
SELinux:  Initializing.
SELinux:  Starting in permissive mode
selinux_register_security:  Registering secondary module capability
Capability LSM initialized as secondary
Mount-cache hash table entries: 256
CPU: L1 I Cache: 64K (64 bytes/line), D cache 64K (64 bytes/line)
CPU: L2 Cache: 512K (64 bytes/line)
CPU 0/0(2) -> Node 0 -> Core 0
Using local APIC timer interrupts.
result 12516248
Detected 12.516 MHz APIC timer.
Booting processor 1/2 APIC 0x1
Initializing CPU#1
Calibrating delay using timer specific routine.. 4405.93 BogoMIPS (lpj=8811873)
CPU: L1 I Cache: 64K (64 bytes/line), D cache 64K (64 bytes/line)
CPU: L2 Cache: 512K (64 bytes/line)
CPU 1/1(2) -> Node 0 -> Core 1
AMD Athlon(tm) 64 X2 Dual Core Processor 4200+ stepping 01
CPU 1: Syncing TSC to CPU 0.
CPU 1: synchronized TSC with CPU 0 (last diff 11 cycles, maxerr 516 cycles)
Brought up 2 CPUs
testing NMI watchdog ... OK.
migration_cost=211
checking if image is initramfs... it is
Freeing initrd memory: 1124k freed
NET: Registered protocol family 16
ACPI: bus type pci registered
PCI: Using configuration type 1
ACPI: Subsystem revision 20060127
ACPI: Interpreter enabled
ACPI: Using IOAPIC for interrupt routing
ACPI: PCI Root Bridge [PCI0] (0000:00)
PCI: Probing PCI hardware (bus 00)
PCI: Quirk-MSI-K8T Soundcard On
PCI: Unexpected Value in PCI-Register: no Change!
PCI: enabled onboard AC97/MC97 devices
Boot video device is 0000:01:00.0
ACPI: PCI Interrupt Routing Table [\_SB_.PCI0._PRT]
ACPI: PCI Interrupt Link [LNKA] (IRQs 3 4 5 7 10 *11 14 15)
ACPI: PCI Interrupt Link [LNKB] (IRQs 3 4 5 7 *10 11 14 15)
ACPI: PCI Interrupt Link [LNKC] (IRQs 3 4 *5 7 10 11 14 15)
ACPI: PCI Interrupt Link [LNKD] (IRQs 3 4 5 7 10 11 14 15) *0, disabled.
ACPI: PCI Interrupt Link [LNKE] (IRQs 3 4 5 7 10 11 14 15) *0, disabled.
ACPI: PCI Interrupt Link [LNKF] (IRQs 3 4 5 7 10 11 14 15) *0, disabled.
ACPI: PCI Interrupt Link [LNKG] (IRQs 3 4 5 7 10 11 14 15) *0, disabled.
ACPI: PCI Interrupt Link [LNKH] (IRQs 3 4 5 7 10 11 14 15) *0, disabled.
Linux Plug and Play Support v0.97 (c) Adam Belay
pnp: PnP ACPI init
pnp: PnP ACPI: found 13 devices
usbcore: registered new driver usbfs
usbcore: registered new driver hub
PCI: Using ACPI for IRQ routing
PCI: If a device doesn't work, try "pci=routeirq".  If it helps, post a report
agpgart: Detected AGP bridge 0
agpgart: AGP aperture is 64M @ 0xe8000000
PCI-DMA: Disabling IOMMU.
pnp: 00:07: ioport range 0x680-0x6ff has been reserved
pnp: 00:07: ioport range 0x290-0x297 has been reserved
PCI: Bridge: 0000:00:01.0
  IO window: disabled.
  MEM window: f9f00000-fbffffff
  PREFETCH window: f0000000-f8ffffff
PCI: Setting latency timer of device 0000:00:01.0 to 64
NET: Registered protocol family 2
IP route cache hash table entries: 65536 (order: 7, 524288 bytes)
TCP established hash table entries: 131072 (order: 10, 4194304 bytes)
TCP bind hash table entries: 65536 (order: 9, 2097152 bytes)
TCP: Hash tables configured (established 131072 bind 65536)
TCP reno registered
IA32 emulation $Id: sys_ia32.c,v 1.32 2002/03/24 13:02:28 ak Exp $
audit: initializing netlink socket (disabled)
audit(1148016624.568:1): initialized
Total HugeTLB memory allocated, 0
VFS: Disk quotas dquot_6.5.1
Dquot-cache hash table entries: 512 (order 0, 4096 bytes)
SELinux:  Registering netfilter hooks
Initializing Cryptographic API
io scheduler noop registered
io scheduler anticipatory registered
io scheduler deadline registered
io scheduler cfq registered (default)
0000:00:10.4 EHCI: BIOS handoff failed (BIOS bug ?) 01010001
pci_hotplug: PCI Hot Plug PCI Core version: 0.5
vesafb: framebuffer at 0xf0000000, mapped to 0xffffc20000080000, using 1536k, total 131072k
vesafb: mode is 1024x768x8, linelength=1024, pages=3
vesafb: scrolling: redraw
vesafb: Pseudocolor: size=8:8:8:8, shift=0:0:0:0
Console: switching to colour frame buffer device 128x48
fb0: VESA VGA frame buffer device
Real Time Clock Driver v1.12ac
Linux agpgart interface v0.101 (c) Dave Jones
Serial: 8250/16550 driver $Revision: 1.90 $ 4 ports, IRQ sharing enabled
serial8250: ttyS0 at I/O 0x3f8 (irq = 4) is a 16550A
serial8250: ttyS1 at I/O 0x2f8 (irq = 3) is a 16550A
isa bounce pool size: 16 pages
RAMDISK driver initialized: 16 RAM disks of 16384K size 1024 blocksize
Uniform Multi-Platform E-IDE driver Revision: 7.00alpha2
ide: Assuming 33MHz system bus speed for PIO modes; override with idebus=xx
VP_IDE: IDE controller at PCI slot 0000:00:0f.1
GSI 16 sharing vector 0xA9 and IRQ 16
ACPI: PCI Interrupt 0000:00:0f.1[A] -> GSI 20 (level, low) -> IRQ 16
VP_IDE: chipset revision 6
VP_IDE: not 100% native mode: will probe irqs later
VP_IDE: VIA vt8237 (rev 00) IDE UDMA133 controller on pci0000:00:0f.1
    ide0: BM-DMA at 0xfc00-0xfc07, BIOS settings: hda:DMA, hdb:DMA
    ide1: BM-DMA at 0xfc08-0xfc0f, BIOS settings: hdc:pio, hdd:pio
Probing IDE interface ide0...
hda: YAMAHA CRW3200E, ATAPI CD/DVD-ROM drive
hdb: JLMS XJ-HD166S, ATAPI CD/DVD-ROM drive
ide0 at 0x1f0-0x1f7,0x3f6 on irq 14
Probing IDE interface ide1...
Probing IDE interface ide1...
hda: ATAPI 40X CD-ROM CD-R/RW drive, 8192kB Cache, UDMA(33)
Uniform CD-ROM driver Revision: 3.20
hdb: ATAPI 48X DVD-ROM drive, 512kB Cache, UDMA(33)
ide-floppy driver 0.99.newide
usbcore: registered new driver libusual
usbcore: registered new driver hiddev
usbcore: registered new driver usbhid
drivers/usb/input/hid-core.c: v2.6:USB HID core driver
PNP: PS/2 Controller [PNP0303:PS2K] at 0x60,0x64 irq 1
PNP: PS/2 controller doesn't have AUX irq; using default 12
serio: i8042 AUX port at 0x60,0x64 irq 12
serio: i8042 KBD port at 0x60,0x64 irq 1
mice: PS/2 mouse device common for all mice
i2c /dev entries driver
md: md driver 0.90.3 MAX_MD_DEVS=256, MD_SB_DISKS=27
md: bitmap version 4.39
TCP bic registered
Initializing IPsec netlink socket
NET: Registered protocol family 1
NET: Registered protocol family 17
powernow-k8: Found 2 AMD Athlon 64 / Opteron processors (version 1.60.2)
powernow-k8:    0 : fid 0xe (2200 MHz), vid 0x8 (1350 mV)
powernow-k8:    1 : fid 0xc (2000 MHz), vid 0xa (1300 mV)
powernow-k8:    2 : fid 0xa (1800 MHz), vid 0xc (1250 mV)
powernow-k8:    3 : fid 0x2 (1000 MHz), vid 0x12 (1100 mV)
cpu_init done, current fid 0xe, vid 0x8
input: AT Translated Set 2 keyboard as /class/input/input0
ACPI wakeup devices: 
PCI0 PS2K UAR2 UAR1 AC97 USB1 USB2 USB3 USB4 EHCI PWRB SLPB 
ACPI: (supports S0 S1 S3 S4 S5)
Freeing unused kernel memory: 196k freed
Write protecting the kernel read-only data: 428k
SCSI subsystem initialized
libata version 1.20 loaded.
sata_via 0000:00:0f.0: version 1.1
ACPI: PCI Interrupt 0000:00:0f.0[B] -> GSI 20 (level, low) -> IRQ 16
sata_via 0000:00:0f.0: routed to hard irq line 10
ata1: SATA max UDMA/133 cmd 0xD000 ctl 0xC802 bmdma 0xB800 irq 16
ata2: SATA max UDMA/133 cmd 0xC400 ctl 0xC002 bmdma 0xB808 irq 16
ata1: SATA link up 1.5 Gbps (SStatus 113)
ata1: dev 0 cfg 49:2f00 82:7c6b 83:7f09 84:4673 85:7c69 86:3e01 87:4663 88:407f
ata1: dev 0 ATA-7, max UDMA/133, 490234752 sectors: LBA48
ata1: dev 0 configured for UDMA/133
scsi0 : sata_via
ata2: SATA link up 1.5 Gbps (SStatus 113)
ata2: dev 0 cfg 49:0f00 82:0000 83:0000 84:0000 85:0000 86:0000 87:0000 88:001f
ata2: dev 0 ATAPI, max UDMA/66
ata2(0): applying bridge limits
ata2: dev 0 configured for UDMA/66
scsi1 : sata_via
  Vendor: ATA       Model: Maxtor 6B250S0    Rev: BANC
  Type:   Direct-Access                      ANSI SCSI revision: 05
SCSI device sda: 490234752 512-byte hdwr sectors (251000 MB)
sda: Write Protect is off
sda: Mode Sense: 00 3a 00 00
SCSI device sda: drive cache: write back
SCSI device sda: 490234752 512-byte hdwr sectors (251000 MB)
sda: Write Protect is off
sda: Mode Sense: 00 3a 00 00
SCSI device sda: drive cache: write back
 sda: sda1 sda2 sda3 sda4 < sda5 sda6 sda7 sda8 sda9 sda10 sda11 sda12 sda13 >
sd 0:0:0:0: Attached scsi disk sda
  Vendor: PLEXTOR   Model: DVDR   PX-716A    Rev: 1.09
  Type:   CD-ROM                             ANSI SCSI revision: 05
device-mapper: 4.6.0-ioctl (2006-02-17) initialised: dm-devel@redhat.com
kjournald starting.  Commit interval 5 seconds
EXT3-fs: mounted filesystem with ordered data mode.
SELinux:  Disabled at runtime.
SELinux:  Unregistering netfilter hooks
audit(1148016638.381:2): selinux=0 auid=4294967295
GSI 17 sharing vector 0xB1 and IRQ 17
ACPI: PCI Interrupt 0000:00:0a.0[A] -> GSI 17 (level, low) -> IRQ 17
skge 1.5 addr 0xf9a00000 irq 17 chip Yukon-Lite rev 9
skge eth0: addr 00:13:d4:11:03:a9
ieee1394: Initialized config rom entry `ip1394'
GSI 18 sharing vector 0xB9 and IRQ 18
ACPI: PCI Interrupt 0000:00:07.0[A] -> GSI 16 (level, low) -> IRQ 18
ohci1394: fw-host0: OHCI-1394 1.0 (PCI): IRQ=[18]  MMIO=[f9800000-f98007ff]  Max Packet=[2048]  IR/IT contexts=[4/8]
GSI 19 sharing vector 0xC1 and IRQ 19
ACPI: PCI Interrupt 0000:00:10.4[C] -> GSI 21 (level, low) -> IRQ 19
ehci_hcd 0000:00:10.4: EHCI Host Controller
ehci_hcd 0000:00:10.4: new USB bus registered, assigned bus number 1
ehci_hcd 0000:00:10.4: irq 19, io mem 0xf9e00000
ehci_hcd 0000:00:10.4: USB 2.0 started, EHCI 1.00, driver 10 Dec 2004
usb usb1: configuration #1 chosen from 1 choice
hub 1-0:1.0: USB hub found
hub 1-0:1.0: 8 ports detected
sd 0:0:0:0: Attached scsi generic sg0 type 0
 1:0:0:0: Attached scsi generic sg1 type 5
e100: Intel(R) PRO/100 Network Driver, 3.5.10-k2-NAPI
e100: Copyright(c) 1999-2005 Intel Corporation
GSI 20 sharing vector 0xC9 and IRQ 20
ACPI: PCI Interrupt 0000:00:0d.0[A] -> GSI 18 (level, low) -> IRQ 20
e100: eth1: e100_probe: addr 0xeff00000, irq 20, MAC addr 00:90:27:15:CD:B6
USB Universal Host Controller Interface driver v3.0
ACPI: PCI Interrupt 0000:00:10.0[A] -> GSI 21 (level, low) -> IRQ 19
uhci_hcd 0000:00:10.0: UHCI Host Controller
uhci_hcd 0000:00:10.0: new USB bus registered, assigned bus number 2
uhci_hcd 0000:00:10.0: irq 19, io base 0x0000d400
usb usb2: configuration #1 chosen from 1 choice
hub 2-0:1.0: USB hub found
hub 2-0:1.0: 2 ports detected
sr0: scsi3-mmc drive: 40x/40x writer cd/rw xa/form2 cdda tray
sr 1:0:0:0: Attached scsi CD-ROM sr0
ACPI: PCI Interrupt 0000:00:10.1[A] -> GSI 21 (level, low) -> IRQ 19
uhci_hcd 0000:00:10.1: UHCI Host Controller
uhci_hcd 0000:00:10.1: new USB bus registered, assigned bus number 3
uhci_hcd 0000:00:10.1: irq 19, io base 0x0000d800
usb usb3: configuration #1 chosen from 1 choice
hub 3-0:1.0: USB hub found
hub 3-0:1.0: 2 ports detected
ACPI: PCI Interrupt 0000:00:10.2[B] -> GSI 21 (level, low) -> IRQ 19
uhci_hcd 0000:00:10.2: UHCI Host Controller
uhci_hcd 0000:00:10.2: new USB bus registered, assigned bus number 4
uhci_hcd 0000:00:10.2: irq 19, io base 0x0000e000
usb usb4: configuration #1 chosen from 1 choice
hub 4-0:1.0: USB hub found
hub 4-0:1.0: 2 ports detected
ACPI: PCI Interrupt 0000:00:10.3[B] -> GSI 21 (level, low) -> IRQ 19
uhci_hcd 0000:00:10.3: UHCI Host Controller
uhci_hcd 0000:00:10.3: new USB bus registered, assigned bus number 5
uhci_hcd 0000:00:10.3: irq 19, io base 0x0000e400
usb usb5: configuration #1 chosen from 1 choice
hub 5-0:1.0: USB hub found
hub 5-0:1.0: 2 ports detected
usb 2-1: new full speed USB device using uhci_hcd and address 2
ieee1394: Node added: ID:BUS[0-00:1023]  GUID[0010100500001b74]
ieee1394: Host added: ID:BUS[0-01:1023]  GUID[0011d800003a31cd]
usb 2-1: configuration #1 chosen from 1 choice
ieee1394: sbp2: Driver forced to serialize I/O (serialize_io=1)
ieee1394: sbp2: Try serialize_io=0 for better performance
scsi2 : SBP-2 IEEE-1394
usb 3-1: new full speed USB device using uhci_hcd and address 2
usb 3-1: configuration #1 chosen from 1 choice
Linux video capture interface: v1.00
pwc Philips webcam module version 9.0.2-unofficial loaded.
pwc Supports Philips PCA645/646, PCVC675/680/690, PCVC720[40]/730/740/750 & PCVC830/840.
pwc Also supports the Askey VC010, various Logitech Quickcams, Samsung MPC-C10 and MPC-C30,
pwc the Creative WebCam 5 & Pro Ex, SOTEC Afina Eye and Visionite VCS-UC300 and VCS-UM100.
usb 3-2: new low speed USB device using uhci_hcd and address 3
usb 3-2: configuration #1 chosen from 1 choice
input: Logitech USB Receiver as /class/input/input1
input: USB HID v1.11 Mouse [Logitech USB Receiver] on usb-0000:00:10.1-2
GSI 21 sharing vector 0xD1 and IRQ 21
ACPI: PCI Interrupt 0000:00:11.5[C] -> GSI 22 (level, low) -> IRQ 21
PCI: Setting latency timer of device 0000:00:11.5 to 64
ieee1394: sbp2: Logged into SBP-2 device
ieee1394: Node 0-00:1023: Max speed [S400] - Max payload [2048]
  Vendor: PI-036    Model: 1394/USB20 Drive  Rev: 4.65
  Type:   Direct-Access                      ANSI SCSI revision: 00
SCSI device sdb: 321672960 512-byte hdwr sectors (164697 MB)
sdb: Write Protect is off
sdb: Mode Sense: 86 0b 00 02
sdb: missing header in MODE_SENSE response
SCSI device sdb: drive cache: write back
SCSI device sdb: 321672960 512-byte hdwr sectors (164697 MB)
sdb: Write Protect is off
sdb: Mode Sense: 86 0b 00 02
sdb: missing header in MODE_SENSE response
SCSI device sdb: drive cache: write back
 sdb: sdb1 sdb2 sdb4 < sdb5 sdb6 sdb7 sdb8 sdb9 >
sd 2:0:0:0: Attached scsi disk sdb
sd 2:0:0:0: Attached scsi generic sg2 type 0
drivers/usb/class/usblp.c: usblp0: USB Bidirectional printer dev 2 if 0 alt 1 proto 2 vid 0x03F0 pid 0x1204
usbcore: registered new driver usblp
drivers/usb/class/usblp.c: v0.13: USB Printer Device Class driver
pwc Logitech QuickCam 4000 Pro USB webcam detected.
pwc Registered as /dev/video0.
usbcore: registered new driver Philips webcam
usbcore: registered new driver snd-usb-audio
Non-volatile memory driver v1.2
Floppy drive(s): fd0 is 1.44M
FDC 0 is a post-1991 82077
lp: driver loaded but no devices found
ACPI: Power Button (FF) [PWRF]
ACPI: Power Button (CM) [PWRB]
ACPI: Sleep Button (CM) [SLPB]
md: Autodetecting RAID arrays.
md: autorun ...
md: ... autorun DONE.
EXT3 FS on sda7, internal journal
kjournald starting.  Commit interval 5 seconds
EXT3 FS on sda10, internal journal
EXT3-fs: mounted filesystem with ordered data mode.
kjournald starting.  Commit interval 5 seconds
EXT3 FS on sda6, internal journal
EXT3-fs: mounted filesystem with ordered data mode.
kjournald starting.  Commit interval 5 seconds
EXT3 FS on sda8, internal journal
EXT3-fs: mounted filesystem with ordered data mode.
kjournald starting.  Commit interval 5 seconds
EXT3 FS on sda9, internal journal
EXT3-fs: mounted filesystem with ordered data mode.
kjournald starting.  Commit interval 5 seconds
EXT3 FS on dm-0, internal journal
EXT3-fs: mounted filesystem with ordered data mode.
kjournald starting.  Commit interval 5 seconds
EXT3 FS on sda3, internal journal
EXT3-fs: mounted filesystem with ordered data mode.
kjournald starting.  Commit interval 5 seconds
EXT3 FS on dm-1, internal journal
EXT3-fs: mounted filesystem with ordered data mode.
kjournald starting.  Commit interval 5 seconds
EXT3 FS on dm-2, internal journal
EXT3-fs: mounted filesystem with ordered data mode.
kjournald starting.  Commit interval 5 seconds
EXT3 FS on dm-3, internal journal
EXT3-fs: mounted filesystem with ordered data mode.
Adding 1959888k swap on /dev/sda5.  Priority:-1 extents:1 across:1959888k
ip_tables: (C) 2000-2006 Netfilter Core Team
Netfilter messages via NETLINK v0.30.
ip_conntrack version 2.4 (8192 buckets, 65536 max) - 304 bytes per conntrack
skge eth1: enabling interface
skge eth1: Link is up at 100 Mbps, full duplex, flow control tx and rx
w83627hf 9191-0290: Reading VID from GPIO5
Bootdata ok (command line is ro root=LABEL=/FC5_x86_64 vga=0x305)
Linux version 2.6.17-rc4-x86_64-007 (root@leonard) (gcc version 4.1.0 20060304 (Red Hat 4.1.0-3)) #1 SMP Thu May 18 20:21:15 EDT 2006
BIOS-provided physical RAM map:
 BIOS-e820: 0000000000000000 - 000000000009fc00 (usable)
 BIOS-e820: 000000000009fc00 - 00000000000a0000 (reserved)
 BIOS-e820: 00000000000e4000 - 0000000000100000 (reserved)
 BIOS-e820: 0000000000100000 - 000000007ffb0000 (usable)
 BIOS-e820: 000000007ffb0000 - 000000007ffc0000 (ACPI data)
 BIOS-e820: 000000007ffc0000 - 000000007fff0000 (ACPI NVS)
 BIOS-e820: 000000007fff0000 - 0000000080000000 (reserved)
 BIOS-e820: 00000000ff780000 - 0000000100000000 (reserved)
DMI 2.3 present.
ACPI: RSDP (v002 ACPIAM                                ) @ 0x00000000000fa7c0
ACPI: XSDT (v001 A M I  OEMXSDT  0x12000530 MSFT 0x00000097) @ 0x000000007ffb0100
ACPI: FADT (v003 A M I  OEMFACP  0x12000530 MSFT 0x00000097) @ 0x000000007ffb0290
ACPI: MADT (v001 A M I  OEMAPIC  0x12000530 MSFT 0x00000097) @ 0x000000007ffb0390
ACPI: OEMB (v001 A M I  OEMBIOS  0x12000530 MSFT 0x00000097) @ 0x000000007ffc0040
ACPI: DSDT (v001  A0036 A0036001 0x00000001 MSFT 0x0100000d) @ 0x0000000000000000
Scanning NUMA topology in Northbridge 24
Number of nodes 1
Node 0 MemBase 0000000000000000 Limit 000000007ffb0000
NUMA: Using 63 for the hash shift.
Using node hash shift of 63
Bootmem setup node 0 0000000000000000-000000007ffb0000
On node 0 totalpages: 516935
  DMA zone: 3933 pages, LIFO batch:0
  DMA32 zone: 513002 pages, LIFO batch:31
ACPI: PM-Timer IO Port: 0x808
ACPI: Local APIC address 0xfee00000
ACPI: LAPIC (acpi_id[0x01] lapic_id[0x00] enabled)
Processor #0 15:11 APIC version 16
ACPI: LAPIC (acpi_id[0x02] lapic_id[0x01] enabled)
Processor #1 15:11 APIC version 16
ACPI: IOAPIC (id[0x02] address[0xfec00000] gsi_base[0])
IOAPIC[0]: apic_id 2, version 3, address 0xfec00000, GSI 0-23
ACPI: INT_SRC_OVR (bus 0 bus_irq 0 global_irq 2 dfl dfl)
ACPI: IRQ0 used by override.
ACPI: IRQ2 used by override.
ACPI: IRQ9 used by override.
Setting APIC routing to physical flat
Using ACPI (MADT) for SMP configuration information
Allocating PCI resources starting at 88000000 (gap: 80000000:7f780000)
Checking aperture...
CPU 0: aperture @ e8000000 size 64 MB
SMP: Allowing 2 CPUs, 0 hotplug CPUs
Built 1 zonelists
Kernel command line: ro root=LABEL=/FC5_x86_64 vga=0x305
Initializing CPU#0
PID hash table entries: 4096 (order: 12, 32768 bytes)
Disabling vsyscall due to use of PM timer
time.c: Using 3.579545 MHz WALL PM GTOD PM timer.
time.c: Detected 2202.866 MHz processor.
Console: colour dummy device 80x25
Dentry cache hash table entries: 262144 (order: 9, 2097152 bytes)
Inode-cache hash table entries: 131072 (order: 8, 1048576 bytes)
Memory: 2043692k/2096832k available (2167k kernel code, 52752k reserved, 953k data, 196k init)
Calibrating delay using timer specific routine.. 4411.21 BogoMIPS (lpj=8822435)
Security Framework v1.0.0 initialized
SELinux:  Initializing.
SELinux:  Starting in permissive mode
selinux_register_security:  Registering secondary module capability
Capability LSM initialized as secondary
Mount-cache hash table entries: 256
CPU: L1 I Cache: 64K (64 bytes/line), D cache 64K (64 bytes/line)
CPU: L2 Cache: 512K (64 bytes/line)
CPU 0/0(2) -> Node 0 -> Core 0
Using local APIC timer interrupts.
result 12516307
Detected 12.516 MHz APIC timer.
Booting processor 1/2 APIC 0x1
Initializing CPU#1
Calibrating delay using timer specific routine.. 4405.99 BogoMIPS (lpj=8811986)
CPU: L1 I Cache: 64K (64 bytes/line), D cache 64K (64 bytes/line)
CPU: L2 Cache: 512K (64 bytes/line)
CPU 1/1(2) -> Node 0 -> Core 1
AMD Athlon(tm) 64 X2 Dual Core Processor 4200+ stepping 01
CPU 1: Syncing TSC to CPU 0.
CPU 1: synchronized TSC with CPU 0 (last diff 11 cycles, maxerr 516 cycles)
Brought up 2 CPUs
testing NMI watchdog ... OK.
migration_cost=208
checking if image is initramfs... it is
Freeing initrd memory: 1124k freed
NET: Registered protocol family 16
ACPI: bus type pci registered
PCI: Using configuration type 1
ACPI: Subsystem revision 20060127
ACPI: Interpreter enabled
ACPI: Using IOAPIC for interrupt routing
ACPI: PCI Root Bridge [PCI0] (0000:00)
PCI: Probing PCI hardware (bus 00)
PCI: Quirk-MSI-K8T Soundcard On
PCI: Unexpected Value in PCI-Register: no Change!
PCI: enabled onboard AC97/MC97 devices
Boot video device is 0000:01:00.0
ACPI: PCI Interrupt Routing Table [\_SB_.PCI0._PRT]
ACPI: PCI Interrupt Link [LNKA] (IRQs 3 4 5 7 10 *11 14 15)
ACPI: PCI Interrupt Link [LNKB] (IRQs 3 4 5 7 *10 11 14 15)
ACPI: PCI Interrupt Link [LNKC] (IRQs 3 4 *5 7 10 11 14 15)
ACPI: PCI Interrupt Link [LNKD] (IRQs 3 4 5 7 10 11 14 15) *0, disabled.
ACPI: PCI Interrupt Link [LNKE] (IRQs 3 4 5 7 10 11 14 15) *0, disabled.
ACPI: PCI Interrupt Link [LNKF] (IRQs 3 4 5 7 10 11 14 15) *0, disabled.
ACPI: PCI Interrupt Link [LNKG] (IRQs 3 4 5 7 10 11 14 15) *0, disabled.
ACPI: PCI Interrupt Link [LNKH] (IRQs 3 4 5 7 10 11 14 15) *0, disabled.
Linux Plug and Play Support v0.97 (c) Adam Belay
pnp: PnP ACPI init
pnp: PnP ACPI: found 13 devices
usbcore: registered new driver usbfs
usbcore: registered new driver hub
PCI: Using ACPI for IRQ routing
PCI: If a device doesn't work, try "pci=routeirq".  If it helps, post a report
agpgart: Detected AGP bridge 0
agpgart: AGP aperture is 64M @ 0xe8000000
PCI-DMA: Disabling IOMMU.
pnp: 00:07: ioport range 0x680-0x6ff has been reserved
pnp: 00:07: ioport range 0x290-0x297 has been reserved
PCI: Bridge: 0000:00:01.0
  IO window: disabled.
  MEM window: f9f00000-fbffffff
  PREFETCH window: f0000000-f8ffffff
PCI: Setting latency timer of device 0000:00:01.0 to 64
NET: Registered protocol family 2
IP route cache hash table entries: 65536 (order: 7, 524288 bytes)
TCP established hash table entries: 131072 (order: 10, 4194304 bytes)
TCP bind hash table entries: 65536 (order: 9, 2097152 bytes)
TCP: Hash tables configured (established 131072 bind 65536)
TCP reno registered
IA32 emulation $Id: sys_ia32.c,v 1.32 2002/03/24 13:02:28 ak Exp $
audit: initializing netlink socket (disabled)
audit(1148016822.920:1): initialized
Total HugeTLB memory allocated, 0
VFS: Disk quotas dquot_6.5.1
Dquot-cache hash table entries: 512 (order 0, 4096 bytes)
SELinux:  Registering netfilter hooks
Initializing Cryptographic API
io scheduler noop registered
io scheduler anticipatory registered
io scheduler deadline registered
io scheduler cfq registered (default)
0000:00:10.4 EHCI: BIOS handoff failed (BIOS bug ?) 01010001
pci_hotplug: PCI Hot Plug PCI Core version: 0.5
vesafb: framebuffer at 0xf0000000, mapped to 0xffffc20000080000, using 1536k, total 131072k
vesafb: mode is 1024x768x8, linelength=1024, pages=3
vesafb: scrolling: redraw
vesafb: Pseudocolor: size=8:8:8:8, shift=0:0:0:0
Console: switching to colour frame buffer device 128x48
fb0: VESA VGA frame buffer device
Real Time Clock Driver v1.12ac
Linux agpgart interface v0.101 (c) Dave Jones
Serial: 8250/16550 driver $Revision: 1.90 $ 4 ports, IRQ sharing enabled
serial8250: ttyS0 at I/O 0x3f8 (irq = 4) is a 16550A
serial8250: ttyS1 at I/O 0x2f8 (irq = 3) is a 16550A
isa bounce pool size: 16 pages
RAMDISK driver initialized: 16 RAM disks of 16384K size 1024 blocksize
Uniform Multi-Platform E-IDE driver Revision: 7.00alpha2
ide: Assuming 33MHz system bus speed for PIO modes; override with idebus=xx
VP_IDE: IDE controller at PCI slot 0000:00:0f.1
GSI 16 sharing vector 0xA9 and IRQ 16
ACPI: PCI Interrupt 0000:00:0f.1[A] -> GSI 20 (level, low) -> IRQ 16
VP_IDE: chipset revision 6
VP_IDE: not 100% native mode: will probe irqs later
VP_IDE: VIA vt8237 (rev 00) IDE UDMA133 controller on pci0000:00:0f.1
    ide0: BM-DMA at 0xfc00-0xfc07, BIOS settings: hda:DMA, hdb:DMA
    ide1: BM-DMA at 0xfc08-0xfc0f, BIOS settings: hdc:pio, hdd:pio
Probing IDE interface ide0...
hda: YAMAHA CRW3200E, ATAPI CD/DVD-ROM drive
hdb: JLMS XJ-HD166S, ATAPI CD/DVD-ROM drive
ide0 at 0x1f0-0x1f7,0x3f6 on irq 14
Probing IDE interface ide1...
Probing IDE interface ide1...
hda: ATAPI 40X CD-ROM CD-R/RW drive, 8192kB Cache, UDMA(33)
Uniform CD-ROM driver Revision: 3.20
hdb: ATAPI 48X DVD-ROM drive, 512kB Cache, UDMA(33)
ide-floppy driver 0.99.newide
usbcore: registered new driver libusual
usbcore: registered new driver hiddev
usbcore: registered new driver usbhid
drivers/usb/input/hid-core.c: v2.6:USB HID core driver
PNP: PS/2 Controller [PNP0303:PS2K] at 0x60,0x64 irq 1
PNP: PS/2 controller doesn't have AUX irq; using default 12
serio: i8042 AUX port at 0x60,0x64 irq 12
serio: i8042 KBD port at 0x60,0x64 irq 1
mice: PS/2 mouse device common for all mice
i2c /dev entries driver
md: md driver 0.90.3 MAX_MD_DEVS=256, MD_SB_DISKS=27
md: bitmap version 4.39
TCP bic registered
Initializing IPsec netlink socket
NET: Registered protocol family 1
NET: Registered protocol family 17
powernow-k8: Found 2 AMD Athlon 64 / Opteron processors (version 1.60.2)
powernow-k8:    0 : fid 0xe (2200 MHz), vid 0x8 (1350 mV)
powernow-k8:    1 : fid 0xc (2000 MHz), vid 0xa (1300 mV)
powernow-k8:    2 : fid 0xa (1800 MHz), vid 0xc (1250 mV)
powernow-k8:    3 : fid 0x2 (1000 MHz), vid 0x12 (1100 mV)
cpu_init done, current fid 0xe, vid 0x8
ACPI wakeup devices: 
PCI0 PS2K UAR2 UAR1 <6>input: AT Translated Set 2 keyboard as /class/input/input0
AC97 USB1 USB2 USB3 USB4 EHCI PWRB SLPB 
ACPI: (supports S0 S1 S3 S4 S5)
Freeing unused kernel memory: 196k freed
Write protecting the kernel read-only data: 428k
SCSI subsystem initialized
libata version 1.20 loaded.
sata_via 0000:00:0f.0: version 1.1
ACPI: PCI Interrupt 0000:00:0f.0[B] -> GSI 20 (level, low) -> IRQ 16
sata_via 0000:00:0f.0: routed to hard irq line 10
ata1: SATA max UDMA/133 cmd 0xD000 ctl 0xC802 bmdma 0xB800 irq 16
ata2: SATA max UDMA/133 cmd 0xC400 ctl 0xC002 bmdma 0xB808 irq 16
ata1: SATA link up 1.5 Gbps (SStatus 113)
ata1: dev 0 cfg 49:2f00 82:7c6b 83:7f09 84:4673 85:7c69 86:3e01 87:4663 88:407f
ata1: dev 0 ATA-7, max UDMA/133, 490234752 sectors: LBA48
ata1: dev 0 configured for UDMA/133
scsi0 : sata_via
ata2: SATA link up 1.5 Gbps (SStatus 113)
ata2: dev 0 cfg 49:0f00 82:0000 83:0000 84:0000 85:0000 86:0000 87:0000 88:001f
ata2: dev 0 ATAPI, max UDMA/66
ata2(0): applying bridge limits
ata2: dev 0 configured for UDMA/66
scsi1 : sata_via
  Vendor: ATA       Model: Maxtor 6B250S0    Rev: BANC
  Type:   Direct-Access                      ANSI SCSI revision: 05
SCSI device sda: 490234752 512-byte hdwr sectors (251000 MB)
sda: Write Protect is off
sda: Mode Sense: 00 3a 00 00
SCSI device sda: drive cache: write back
SCSI device sda: 490234752 512-byte hdwr sectors (251000 MB)
sda: Write Protect is off
sda: Mode Sense: 00 3a 00 00
SCSI device sda: drive cache: write back
 sda: sda1 sda2 sda3 sda4 < sda5 sda6 sda7 sda8 sda9 sda10 sda11 sda12 sda13 >
sd 0:0:0:0: Attached scsi disk sda
ata2: command 0xa0 timeout, stat 0xd0 host_stat 0x1
ata2: translated ATA stat/err 0xd0/00 to SCSI SK/ASC/ASCQ 0xb/47/00
device-mapper: 4.6.0-ioctl (2006-02-17) initialised: dm-devel@redhat.com
kjournald starting.  Commit interval 5 seconds
EXT3-fs: mounted filesystem with ordered data mode.
SELinux:  Disabled at runtime.
SELinux:  Unregistering netfilter hooks
audit(1148016842.253:2): selinux=0 auid=4294967295
GSI 17 sharing vector 0xB1 and IRQ 17
ACPI: PCI Interrupt 0000:00:0a.0[A] -> GSI 17 (level, low) -> IRQ 17
skge 1.5 addr 0xf9a00000 irq 17 chip Yukon-Lite rev 9
skge eth0: addr 00:13:d4:11:03:a9
sd 0:0:0:0: Attached scsi generic sg0 type 0
ieee1394: Initialized config rom entry `ip1394'
e100: Intel(R) PRO/100 Network Driver, 3.5.10-k2-NAPI
e100: Copyright(c) 1999-2005 Intel Corporation
GSI 18 sharing vector 0xB9 and IRQ 18
ACPI: PCI Interrupt 0000:00:0d.0[A] -> GSI 18 (level, low) -> IRQ 18
e100: eth1: e100_probe: addr 0xeff00000, irq 18, MAC addr 00:90:27:15:CD:B6
GSI 19 sharing vector 0xC1 and IRQ 19
ACPI: PCI Interrupt 0000:00:10.4[C] -> GSI 21 (level, low) -> IRQ 19
ehci_hcd 0000:00:10.4: EHCI Host Controller
ehci_hcd 0000:00:10.4: new USB bus registered, assigned bus number 1
ehci_hcd 0000:00:10.4: irq 19, io mem 0xf9e00000
ehci_hcd 0000:00:10.4: USB 2.0 started, EHCI 1.00, driver 10 Dec 2004
usb usb1: configuration #1 chosen from 1 choice
hub 1-0:1.0: USB hub found
hub 1-0:1.0: 8 ports detected
USB Universal Host Controller Interface driver v3.0
ACPI: PCI Interrupt 0000:00:10.0[A] -> GSI 21 (level, low) -> IRQ 19
uhci_hcd 0000:00:10.0: UHCI Host Controller
uhci_hcd 0000:00:10.0: new USB bus registered, assigned bus number 2
uhci_hcd 0000:00:10.0: irq 19, io base 0x0000d400
usb usb2: configuration #1 chosen from 1 choice
hub 2-0:1.0: USB hub found
hub 2-0:1.0: 2 ports detected
ACPI: PCI Interrupt 0000:00:10.1[A] -> GSI 21 (level, low) -> IRQ 19
uhci_hcd 0000:00:10.1: UHCI Host Controller
uhci_hcd 0000:00:10.1: new USB bus registered, assigned bus number 3
uhci_hcd 0000:00:10.1: irq 19, io base 0x0000d800
usb usb3: configuration #1 chosen from 1 choice
hub 3-0:1.0: USB hub found
hub 3-0:1.0: 2 ports detected
ACPI: PCI Interrupt 0000:00:10.2[B] -> GSI 21 (level, low) -> IRQ 19
uhci_hcd 0000:00:10.2: UHCI Host Controller
uhci_hcd 0000:00:10.2: new USB bus registered, assigned bus number 4
uhci_hcd 0000:00:10.2: irq 19, io base 0x0000e000
usb usb4: configuration #1 chosen from 1 choice
hub 4-0:1.0: USB hub found
hub 4-0:1.0: 2 ports detected
ACPI: PCI Interrupt 0000:00:10.3[B] -> GSI 21 (level, low) -> IRQ 19
uhci_hcd 0000:00:10.3: UHCI Host Controller
uhci_hcd 0000:00:10.3: new USB bus registered, assigned bus number 5
uhci_hcd 0000:00:10.3: irq 19, io base 0x0000e400
usb usb5: configuration #1 chosen from 1 choice
hub 5-0:1.0: USB hub found
hub 5-0:1.0: 2 ports detected
GSI 20 sharing vector 0xC9 and IRQ 20
ACPI: PCI Interrupt 0000:00:11.5[C] -> GSI 22 (level, low) -> IRQ 20
PCI: Setting latency timer of device 0000:00:11.5 to 64
usb 2-1: new full speed USB device using uhci_hcd and address 2
GSI 21 sharing vector 0xD1 and IRQ 21
ACPI: PCI Interrupt 0000:00:07.0[A] -> GSI 16 (level, low) -> IRQ 21
ohci1394: fw-host0: OHCI-1394 1.0 (PCI): IRQ=[21]  MMIO=[f9800000-f98007ff]  Max Packet=[2048]  IR/IT contexts=[4/8]
usb 2-1: configuration #1 chosen from 1 choice
usb 3-1: new full speed USB device using uhci_hcd and address 2
usb 3-1: configuration #1 chosen from 1 choice
Linux video capture interface: v1.00
usb 3-2: new low speed USB device using uhci_hcd and address 3
pwc Philips webcam module version 9.0.2-unofficial loaded.
pwc Supports Philips PCA645/646, PCVC675/680/690, PCVC720[40]/730/740/750 & PCVC830/840.
pwc Also supports the Askey VC010, various Logitech Quickcams, Samsung MPC-C10 and MPC-C30,
pwc the Creative WebCam 5 & Pro Ex, SOTEC Afina Eye and Visionite VCS-UC300 and VCS-UM100.
usb 3-2: configuration #1 chosen from 1 choice
input: Logitech USB Receiver as /class/input/input1
input: USB HID v1.11 Mouse [Logitech USB Receiver] on usb-0000:00:10.1-2
ieee1394: Node added: ID:BUS[0-00:1023]  GUID[0010100500001b74]
ieee1394: Host added: ID:BUS[0-01:1023]  GUID[0011d800003a31cd]
ieee1394: sbp2: Driver forced to serialize I/O (serialize_io=1)
ieee1394: sbp2: Try serialize_io=0 for better performance
scsi2 : SBP-2 IEEE-1394
pwc Logitech QuickCam 4000 Pro USB webcam detected.
pwc Registered as /dev/video0.
usbcore: registered new driver Philips webcam
drivers/usb/class/usblp.c: usblp0: USB Bidirectional printer dev 2 if 0 alt 1 proto 2 vid 0x03F0 pid 0x1204
usbcore: registered new driver usblp
drivers/usb/class/usblp.c: v0.13: USB Printer Device Class driver
usbcore: registered new driver snd-usb-audio
ieee1394: sbp2: Logged into SBP-2 device
ieee1394: Node 0-00:1023: Max speed [S400] - Max payload [2048]
  Vendor: PI-036    Model: 1394/USB20 Drive  Rev: 4.65
  Type:   Direct-Access                      ANSI SCSI revision: 00
SCSI device sdb: 321672960 512-byte hdwr sectors (164697 MB)
sdb: Write Protect is off
sdb: Mode Sense: 86 0b 00 02
sdb: missing header in MODE_SENSE response
SCSI device sdb: drive cache: write back
SCSI device sdb: 321672960 512-byte hdwr sectors (164697 MB)
sdb: Write Protect is off
sdb: Mode Sense: 86 0b 00 02
sdb: missing header in MODE_SENSE response
SCSI device sdb: drive cache: write back
 sdb: sdb1 sdb2 sdb4 < sdb5 sdb6 sdb7 sdb8 sdb9 >
sd 2:0:0:0: Attached scsi disk sdb
sd 2:0:0:0: Attached scsi generic sg1 type 0
Non-volatile memory driver v1.2
Floppy drive(s): fd0 is 1.44M
FDC 0 is a post-1991 82077
lp: driver loaded but no devices found
ACPI: Power Button (FF) [PWRF]
ACPI: Power Button (CM) [PWRB]
ACPI: Sleep Button (CM) [SLPB]
md: Autodetecting RAID arrays.
md: autorun ...
md: ... autorun DONE.
EXT3 FS on sda7, internal journal
kjournald starting.  Commit interval 5 seconds
EXT3 FS on sda10, internal journal
EXT3-fs: mounted filesystem with ordered data mode.
kjournald starting.  Commit interval 5 seconds
EXT3 FS on sda6, internal journal
EXT3-fs: mounted filesystem with ordered data mode.
kjournald starting.  Commit interval 5 seconds
EXT3 FS on sda8, internal journal
EXT3-fs: mounted filesystem with ordered data mode.
kjournald starting.  Commit interval 5 seconds
EXT3 FS on sda9, internal journal
EXT3-fs: mounted filesystem with ordered data mode.
kjournald starting.  Commit interval 5 seconds
EXT3 FS on dm-0, internal journal
EXT3-fs: mounted filesystem with ordered data mode.
kjournald starting.  Commit interval 5 seconds
EXT3 FS on sda3, internal journal
EXT3-fs: mounted filesystem with ordered data mode.
kjournald starting.  Commit interval 5 seconds
EXT3 FS on dm-1, internal journal
EXT3-fs: mounted filesystem with ordered data mode.
kjournald starting.  Commit interval 5 seconds
EXT3 FS on dm-2, internal journal
EXT3-fs: mounted filesystem with ordered data mode.
kjournald starting.  Commit interval 5 seconds
EXT3 FS on dm-3, internal journal
EXT3-fs: mounted filesystem with ordered data mode.
Adding 1959888k swap on /dev/sda5.  Priority:-1 extents:1 across:1959888k
ip_tables: (C) 2000-2006 Netfilter Core Team
Netfilter messages via NETLINK v0.30.
ip_conntrack version 2.4 (8192 buckets, 65536 max) - 304 bytes per conntrack
skge eth1: enabling interface
skge eth1: Link is up at 100 Mbps, full duplex, flow control tx and rx
w83627hf 9191-0290: Reading VID from GPIO5