Date: Thu, 25 Apr 2002 13:34:45 +0100
From: Alex Walker <>
Subject: "Unable to reserve I/O region" on tulip network card.
Sender: linux-kernel-owner@vger.kernel.org
Precedence: bulk
List-ID: <linux-kernel.vger.kernel.org>
X-Mailing-List: linux-kernel@vger.kernel.org
X-Lkml-Link: https://lkml.org/lkml/2002/4/25/50

[Please CC me in replies - not subscribed]
Hiya,
Thanks for the help on the usb OOPSs.
Now I have a problem with my network card in 2.5.10 - I cannot make it
ifup, although the link lights are on.  2.4.18 works fine with the card,
so it's not fitted wrong or anything.
Anyway, the error is as follows:
Linux Tulip driver version 1.1.12 (Mar 07, 2002)
PCI: Could not assign IRQ 21 to device 02:09.0
eth0: Lite-On PNIC-II rev 37 at 0xd4bcec00, 00:C0:F0:76:95:0A, IRQ 21.
PCI: Could not assign IRQ 22 to device 02:0a.0
The relevant part of lspci is:
02:09.0 Ethernet controller: Lite-On Communications INC LNE100TX [Linksys EtherFast 10/100] (rev 25)
I have tried compiling the tulip driver in and having it as a module,
but with the same results.
Attached are my config, and the log of bootup, with a bit of fiddling
with loading and unloading the module at the end.
Thankyou for serial consoles so I don't have to copy all the info by
hand!
Any more info needed, just ask.
Alex.
-- 
\\\\\\\\               Getting into trouble is easy.                ////////
\\\\\\                   -- D. Winkel and F. Prosser                  //////
\\\\                                                                    ////
\\                                                                        //
[unhandled content-type:application/octet-stream]LILO 22.2 boot: 2.5.10
Loading 2.5.10..................
Linux version 2.5.10 (alex@numbers) (gcc version 2.95.4 20011002 (Debian prerelease)) #3 Thu Apr 25 10:46:15 BST 2002
BIOS-provided physical RAM map:
 BIOS-e820: 0000000000000000 - 000000000009fc00 (usable)
 BIOS-e820: 000000000009fc00 - 00000000000a0000 (reserved)
 BIOS-e820: 00000000000e0000 - 0000000000100000 (reserved)
 BIOS-e820: 0000000000100000 - 0000000013fc0000 (usable)
 BIOS-e820: 0000000013fc0000 - 0000000013ff8000 (ACPI data)
 BIOS-e820: 0000000013ff8000 - 0000000014000000 (ACPI NVS)
 BIOS-e820: 00000000ffb80000 - 00000000ffc00000 (reserved)
 BIOS-e820: 00000000fff00000 - 0000000100000000 (reserved)
319MB LOWMEM available.
On node 0 totalpages: 81856
zone(0): 4096 pages.
zone(1): 77760 pages.
zone(2): 0 pages.
ACPI: RSDP (v000 AMI                        ) @ 0x000ff980
ACPI: RSDT (v001 GATEWA EA81510A 08193.01059) @ 0x13ff0000
ACPI: FADT (v001 GATEWA EA81510A 08193.01059) @ 0x13ff1000
ACPI: BOOT (v001 GATEWA EA81510A 08193.01059) @ 0x13ff4000
ACPI: MADT not present
Kernel command line: BOOT_IMAGE=2.5.10 ro root=306 console=ttyS0 console=tty0
Local APIC disabled by BIOS -- reenabling.
Found and enabled local APIC!
Initializing CPU#0
Detected 930.241 MHz processor.
Console: colour VGA+ 80x25
Calibrating delay loop... 1854.66 BogoMIPS
Memory: 321828k/327424k available (1390k kernel code, 5208k reserved, 447k data, 220k init, 0k highmem)
Dentry-cache hash table entries: 65536 (order: 7, 524288 bytes)
Inode-cache hash table entries: 32768 (order: 6, 262144 bytes)
Mount-cache hash table entries: 512 (order: 0, 4096 bytes)
Buffer-cache hash table entries: 16384 (order: 4, 65536 bytes)
CPU: L1 I cache: 16K, L1 D cache: 16K
CPU: L2 cache: 256K
Intel machine check architecture supported.
Intel machine check reporting enabled on CPU#0.
CPU: Intel Pentium III (Coppermine) stepping 06
Enabling fast FPU save and restore... done.
Enabling unmasked SIMD FPU exception support... done.
Checking 'hlt' instruction... OK.
POSIX conformance testing by UNIFIX
enabled ExtINT on CPU#0
ESR value before enabling vector: 00000000
ESR value after enabling vector: 00000000
Using local APIC timer interrupts.
calibrating APIC timer ...
..... CPU clock speed is 930.2335 MHz.
..... host bus clock speed is 132.8904 MHz.
cpu: 0, clocks: 1328904, slice: 664452
CPU0<T0:1328896,T1:664432,D:12,S:664452,C:1328904>
mtrr: v1.40 (20010327) Richard Gooch (rgooch@atnf.csiro.au)
mtrr: detected mtrr type: Intel
Linux NET4.0 for Linux 2.4
Based upon Swansea University Computer Society NET3.039
Initializing RT netlink socket
ACPI: Bus Driver revision 20020404
ACPI: Core Subsystem revision 20020403
PCI: PCI BIOS revision 2.10 entry at 0xfda95, last bus=2
PCI: Using configuration type 1
ACPI: Interpreter enabled
ACPI: Using IOAPIC for interrupt routing
ACPI: System [ACPI] (supports S0 S1 S4 S5)
ACPI: PCI Root Bridge [PCI0] (00:00:00.00)
Unknown bridge resource 0: assuming transparent
ACPI: PCI Interrupt Routing Table [\_SB_.PCI0._PRT]
ACPI: PCI Interrupt Routing Table [\_SB_.PCI0.PCI1._PRT]
ACPI: Power Resource [URP1] (off)
ACPI: Power Resource [URP2] (off)
ACPI: Power Resource [FDDP] (off)
ACPI: Power Resource [LPTP] (off)
PCI: Probing PCI hardware
PCI: Using ACPI for IRQ routing
usb.c: registered new driver usbfs
usb.c: registered new driver hub
Starting kswapd
BIO: pool of 256 setup, 14Kb (56 bytes/bio)
biovec: init pool 0, 1 entries, 12 bytes
biovec: init pool 1, 4 entries, 48 bytes
biovec: init pool 2, 16 entries, 192 bytes
biovec: init pool 3, 64 entries, 768 bytes
biovec: init pool 4, 128 entries, 1536 bytes
biovec: init pool 5, 256 entries, 3072 bytes
Journalled Block Device driver loaded
ACPI: Power Button (FF) [PWRF]
ACPI: Sleep Button (CM) [SBTN]
ACPI: Processor [CPU1] (supports C1)
pty: 256 Unix98 ptys configured
Serial driver version 5.05c (2001-07-08) with MANY_PORTS SHARE_IRQ SERIAL_PCI enabled
ttyS00 at 0x03f8 (irq = 4) is a 16550A
Real Time Clock Driver v1.11
block: 256 slots per queue, batch=32
Linux video capture interface: v1.00
Linux agpgart interface v0.99 (c) Jeff Hartmann
agpgart: Maximum main memory to use for agp memory: 262M
agpgart: Detected Intel i815 chipset
agpgart: AGP aperture is 64M @ 0xf8000000
Uniform Multi-Platform E-IDE driver ver.:7.0.0
ide: system bus speed 33MHz
Intel Corp. 82820 820 (Camino 2) Chipset IDE U100: IDE controller on PCI slot 00:1f.1
Intel Corp. 82820 820 (Camino 2) Chipset IDE U100: chipset revision 2
Intel Corp. 82820 820 (Camino 2) Chipset IDE U100: not 100% native mode: will probe irqs later
PIIX: Intel Corp. 82820 820 (Camino 2) Chipset IDE U100 UDMA100 controller on pci00:1f.1
    ide0: BM-DMA at 0xffa0-0xffa7, BIOS settings: hda:DMA, hdb:DMA
    ide1: BM-DMA at 0xffa8-0xffaf, BIOS settings: hdc:DMA, hdd:pio
hda: QUANTUM FIREBALLlct20 20, ATA DISK drive
hdb: SAMSUNG SV2044D, ATA DISK drive
hdc: MATSHITADVD-ROM SR-8586, ATAPI CD/DVD-ROM drive
ide0 at 0x1f0-0x1f7,0x3f6 on irq 14
ide1 at 0x170-0x177,0x376 on irq 15
ide: unexpected interrupt 0 14
hda: 39876480 sectors (20417 MB) w/418KiB Cache, CHS=39560/16/63, (U)DMA
hdb: 39862368 sectors (20410 MB) w/472KiB Cache, CHS=39546/16/63, UDMA(66)
Partition check:
 hda: [PTBL] [2482/255/63] hda1 hda3 < hda5 hda6 hda7 hda8 hda9 hda10 hda11 hda12 hda13 >
 hdb: hdb1 hdb2 hdb3 < hdb5 hdb6 hdb7 hdb8 hdb9 hdb10 >
usb-uhci.c: $Revision: 1.275 $ time 10:36:47 Apr 25 2002
usb-uhci.c: High bandwidth mode enabled
PCI: Could not assign IRQ 19 to device 00:1f.2
PCI: Setting latency timer of device 00:1f.2 to 64
usb-uhci.c: USB UHCI at I/O 0xef40, IRQ 19
usb-uhci.c: Detected 2 ports
hcd.c: new USB bus registered, assigned bus number 1
hub.c: USB hub found at /
hub.c: 2 ports detected
PCI: Could not assign IRQ 23 to device 00:1f.4
PCI: Setting latency timer of device 00:1f.4 to 64
usb-uhci.c: USB UHCI at I/O 0xef80, IRQ 23
usb-uhci.c: Detected 2 ports
hcd.c: new USB bus registered, assigned bus number 2
hub.c: USB hub found at /
hub.c: 2 ports detected
usb-uhci.c: v1.275:USB Universal Host Controller Interface driver
usb.c: registered new driver hid
hid-core.c: v1.31:USB HID core driver
mice: PS/2 mouse device common for all mice
NET4: Linux TCP/IP 1.0 for NET4.0
IP Protocols: ICMP, UDP, TCP, IGMP
IP: routing cache hash table of 2048 buckets, 16Kbytes
TCP: Hash tables configured (established 32768 bind 32768)
NET4: Unix domain sockets 1.0/SMP for Linux NET4.0.
found reiserfs format "3.6" with standard journal
Reiserfs journal params: device 03:06, size 8192, journal first block 18, max trans len 1024, max batch 900, max commit age 30, max trans age 30
reiserfs: checking transaction log (ide0(3,6)) for (ide0(3,6))
Using tea hash to sort names
VFS: Mounted root (reiserfs filesystem) readonly.
Freeing unused kernel memory: 220k freed
hub.c: new USB device 00:1f.2-2, assigned address 2
Adding Swap: 489940k swap-space (priority -1)
usb_control/bulk_msg: timeout
usb.c: USB device not accepting new address=2 (error=-110)
found reiserfs format "3.6" with standard journal
Reiserfs journal params: device 03:09, size 8192, journal first block 18, max trans len 1024, max batch 900, max commit age 30, max trans age 30
reiserfs: checking transaction log (ide0(3,9)) for (ide0(3,9))
Using tea hash to sort names
found reiserfs format "3.6" with standard journal
Reiserfs journal params: device 03:08, size 8192, journal first block 18, max trans len 1024, max batch 900, max commit age 30, max trans age 30
reiserfs: checking transaction log (ide0(3,8)) for (ide0(3,8))
Using tea hash to sort names
found reiserfs format "3.6" with standard journal
Reiserfs journal params: device 03:07, size 8192, journal first block 18, max trans len 1024, max batch 900, max commit age 30, max trans age 30
reiserfs: checking transaction log (ide0(3,7)) for (ide0(3,7))
Using tea hash to sort names
found reiserfs format "3.6" with standard journal
Reiserfs journal params: device 03:0a, size 8192, journal first block 18, max trans len 1024, max batch 900, max commit age 30, max trans age 30
reiserfs: checking transaction log (ide0(3,10)) for (ide0(3,10))
Using tea hash to sort names
kjournald starting.  Commit interval 5 seconds
EXT3 FS 2.4-0.9.16, 02 Dec 2001 on ide0(3,13), internal journal
EXT3-fs: mounted filesystem with ordered data mode.
FAT: Using codepage cp437
FAT: Using IO charset iso8859-1
kjournald starting.  Commit interval 5 seconds
EXT3 FS 2.4-0.9.16, 02 Dec 2001 on ide0(3,74), internal journal
EXT3-fs: mounted filesystem with ordered data mode.
Linux Tulip driver version 1.1.12 (Mar 07, 2002)
PCI: Could not assign IRQ 21 to device 02:09.0
eth0: Lite-On PNIC-II rev 37 at 0xd4bcec00, 00:C0:F0:76:95:0A, IRQ 21.
PCI: Could not assign IRQ 22 to device 02:0a.0
Installing knfsd (copyright (C) 1996 okir@monad.swb.de).
error: nfsd[349] exited with preempt_count 1
error: nfsd[348] exited with preempt_count 1
error: nfsd[347] exited with preempt_count 1
error: nfsd[346] exited with preempt_count 1
error: nfsd[345] exited with preempt_count 1
error: nfsd[344] exited with preempt_count 1
error: nfsd[343] exited with preempt_count 1
Linux Tulip driver version 1.1.12 (Mar 07, 2002)
PCI: Could not assign IRQ 21 to device 02:09.0
PCI: Unable to reserve I/O region #1:100@d800 for device 02:09.0