Date: Wed, 02 Jun 1999 18:42:30 +0400
From: "Denis Karpov" <>
Subject: Re: Removable media bug
Sender: linux-kernel-owner@vger.kernel.org
Precedence: bulk
List-ID: <linux-kernel.vger.kernel.org>
X-Mailing-List: linux-kernel@vger.kernel.org
X-Lkml-Link: https://lkml.org/lkml/1999/6/2/64

Lech Szychowski wrote:
> > Jun  2 18:15:59 x kernel: SCSI device sdc: hdwr sector= 1024 bytes.
> > Sectors= 637041 [622 MB] [0.6 GB]
> 
> Are you sure this drive has 1K sector?
> 
yes, i think so, because dmesg from 2.2.1 boot says the same (under this
kernel MO works OK)
------
...
SCSI device sdc: hdwr sector= 1024 bytes. Sectors= 637041 [622 MB] [0.6
GB]
sdc: Write Protect is off
...
------
after 2.2.1 it stopped working :(
below the information about fs on the MO drive
-----------
[root@x:~]# tune2fs -l /dev/sdc1
tune2fs 1.12, 9-Jul-98 for EXT2 FS 0.5b, 95/08/09
Filesystem volume name:   <none>
Last mounted on:          <not available>
Filesystem UUID:          15bbaf08-a7bf-11d2-8a6c-080009a0f64c
Filesystem magic number:  0xEF53
Filesystem revision #:    0 (original)
Filesystem features:      (none)
Filesystem state:         clean
Errors behavior:          Continue
Filesystem OS type:       Linux
Inode count:              159744
Block count:              636912
Reserved block count:     31845
Free blocks:              206867
Free inodes:              159670
First block:              1
Block size:               1024
Fragment size:            1024
Blocks per group:         8192
Fragments per group:      8192
Inodes per group:         2048
Inode blocks per group:   256
Last mount time:          Sat Jan  9 15:32:17 1999
Last write time:          Sat Jan  9 16:14:25 1999
Mount count:              1
Maximum mount count:      20
Last checked:             Sat Jan  9 15:30:29 1999
Check interval:           15552000 (6 months)
Next check after:         Thu Jul  8 16:30:29 1999
Reserved blocks uid:      0 (user root)
Reserved blocks gid:      0 (group root)
-----------
Den.
-
To unsubscribe from this list: send the line "unsubscribe linux-kernel" in
the body of a message to majordomo@vger.rutgers.edu
Please read the FAQ at 
http://www.tux.org/lkml/