Date: 12 Mar 2002 10:35:35 GMT
From: Gerd Knorr <>
Subject: Re: Linux 2.4.19-pre3
Sender: linux-kernel-owner@vger.kernel.org
Precedence: bulk
List-ID: <linux-kernel.vger.kernel.org>
X-Mailing-List: linux-kernel@vger.kernel.org
X-Lkml-Link: https://lkml.org/lkml/2002/3/12/79

>  Here goes -pre3, with the new IDE code. It has been stable enough time in
>  the -ac tree, in my and Alan's opinion.
Doesn't boot my machine.  "Intel machine check architecture supported"
is the last message printed before it just hangs.
  Gerd
==============================[ cut here ]==============================
Linux version 2.4.19-pre3 (root@bogomips) (gcc version 2.95.3 20010315 (SuSE)) #2 Tue Mar 12 10:53:06 CET 2002
BIOS-provided physical RAM map:
 BIOS-e820: 0000000000000000 - 000000000009f000 (usable)
 BIOS-e820: 000000000009f000 - 00000000000a0000 (reserved)
 BIOS-e820: 00000000000f0000 - 0000000000100000 (reserved)
 BIOS-e820: 0000000000100000 - 000000003fffc000 (usable)
 BIOS-e820: 000000003fffc000 - 000000003ffff000 (ACPI data)
 BIOS-e820: 000000003ffff000 - 0000000040000000 (ACPI NVS)
 BIOS-e820: 00000000ffff0000 - 0000000100000000 (reserved)
127MB HIGHMEM available.
On node 0 totalpages: 262140
zone(0): 4096 pages.
zone(1): 225280 pages.
zone(2): 32764 pages.
Local APIC disabled by BIOS -- reenabling.
Found and enabled local APIC!
Kernel command line: auto BOOT_IMAGE=2.4.19-pre3 ro root=306 console=ttyS0,115200n8 console=tty0
Initializing CPU#0
Detected 451.028 MHz processor.
Console: colour VGA+ 80x60
Calibrating delay loop... 897.84 BogoMIPS
Memory: 1033576k/1048560k available (784k kernel code, 14596k reserved, 275k data, 220k init, 131056k highmem)
Dentry-cache hash table entries: 131072 (order: 8, 1048576 bytes)
Inode-cache hash table entries: 65536 (order: 7, 524288 bytes)
Mount-cache hash table entries: 16384 (order: 5, 131072 bytes)
Buffer-cache hash table entries: 65536 (order: 6, 262144 bytes)
Page-cache hash table entries: 262144 (order: 8, 1048576 bytes)
CPU: L1 I cache: 16K, L1 D cache: 16K
CPU: L2 cache: 512K
Intel machine check architecture supported.
-
To unsubscribe from this list: send the line "unsubscribe linux-kernel" in
the body of a message to majordomo@vger.kernel.org
More majordomo info at  
http://vger.kernel.org/majordomo-info.html
Please read the FAQ at  
http://www.tux.org/lkml/