Date: Wed, 26 Sep 2007 08:28:14 -0700 (PDT)
From: Joerg Pommnitz <>
Subject: RE: Regression in 2.6.23-pre Was: Problems with 2.6.23-rc6 on AMD Geode LX800
Sender: linux-kernel-owner@vger.kernel.org
Precedence: bulk
List-ID: <linux-kernel.vger.kernel.org>
X-Mailing-List: linux-kernel@vger.kernel.org
X-Lkml-Link: https://lkml.org/lkml/2007/9/26/204

 > There is something very fishy.
 > 
 > The only documentation you've given us so far is a screen shot which
 > contained a message ("BIOS data check successful") which doesn't occur
 > in the kernel.
 >
 > The loader string doesn't look all that familiar either; it looks like
 > an extremely old version of SYSLINUX, but that doesn't contain that
 > message either.
The boot loader is LILO from Ubuntu 7.04, so it should be fairly recent.
 > INT 6 is #UD, the undefined instruction exception.  This is consistent with:
 > 
 > > Its hitting a bug - specifically (from bootmem.c:125):
 > > BUG_ON(PFN_DOWN(addr) >= bdata->node_low_pfn);
 > 
 > However, all that tells us is that reserve_bootmem_core() was either
 > called with a bad address or bdata->node_low_pfn is garbage.  In
 > particular, without knowing how it got there it's hard to know for sure.
 > 
 > Could you send me the boot messages from a working kernel boot?
Attached is a boot log I get where the last patch is 
f2d98ae63dc64dedb00499289e13a50677f771f9, e.g. "Linker script for the
new x86 setup code".
The kernel is directly from "git bisect, make defconfig, make", no local
changes or strange patches applied. Build environment is plain Ubuntu-7.04.
--  
Kind regards
       Joerg
      __________________________________  
Alles was der Gesundheit und Entspannung dient. BE A BETTER MEDIZINMANN! www.yahoo.de/cleverLinux version 2.6.22-gf2d98ae6 (jpo@jpo-laptop) (gcc version 4.1.2 (Ubuntu 4.1.2-0ubuntu4)) #12 SMP Wed Sep 26 12:45:21 CEST 2007
BIOS-provided physical RAM map:
 BIOS-e820: 0000000000000000 - 000000000009fc00 (usable)
 BIOS-e820: 000000000009fc00 - 00000000000a0000 (reserved)
 BIOS-e820: 00000000000e0000 - 0000000000100000 (reserved)
 BIOS-e820: 0000000000100000 - 000000001e7b0000 (usable)
 BIOS-e820: 000000001e7b0000 - 000000001e7bffc0 (ACPI data)
 BIOS-e820: 000000001e7bffc0 - 000000001e7c0000 (ACPI NVS)
 BIOS-e820: 0000000040400000 - 0000000040440004 (reserved)
 BIOS-e820: 00000000f0000000 - 0000000100000000 (reserved)
0MB HIGHMEM available.
487MB LOWMEM available.
Entering add_active_range(0, 0, 124848) 0 entries of 256 used
Zone PFN ranges:
  DMA             0 ->     4096
  Normal       4096 ->   124848
  HighMem    124848 ->   124848
early_node_map[1] active PFN ranges
    0:        0 ->   124848
On node 0 totalpages: 124848
  DMA zone: 32 pages used for memmap
  DMA zone: 0 pages reserved
  DMA zone: 4064 pages, LIFO batch:0
  Normal zone: 943 pages used for memmap
  Normal zone: 119809 pages, LIFO batch:31
  HighMem zone: 0 pages used for memmap
DMI not present or invalid.
Using APIC driver default
ACPI: RSDP 000E9010, 0014 (r0 OID_00)
ACPI: RSDT 1E7B2AE0, 0030 (r1 AMD    RSDT_000 31303030 AMD  31303030)
ACPI: FACP 1E7B29E0, 0084 (r1 AMD    FACP_000 31303030 AMD  31303030)
ACPI: DSDT 1E7B0000, 29D6 (r1 INSYDE CS553x       1007 INTL 20030122)
ACPI: FACS 1E7BFFC0, 0040
ACPI: BOOT 1E7B2A70, 0028 (r1 AMD    BOOT_000 31303030 AMD  31303030)
ACPI: DBGP 1E7B2AA0, 0034 (r1 AMD    DBGP_000 31303030 AMD  31303030)
ACPI: no DMI BIOS year, acpi=force is required to enable ACPI
ACPI: Disabling ACPI support
Allocating PCI resources starting at 50000000 (gap: 40440004:afbbfffc)
Built 1 zonelists.  Total pages: 123873
Kernel command line: BOOT_IMAGE=Linux2623 ro root=341
No local APIC present or hardware disabled
mapped APIC to ffffd000 (013dc000)
Initializing CPU#0
PID hash table entries: 2048 (order: 11, 8192 bytes)
Detected 498.434 MHz processor.
Console: colour VGA+ 80x25
Dentry cache hash table entries: 65536 (order: 6, 262144 bytes)
Inode-cache hash table entries: 32768 (order: 5, 131072 bytes)
Memory: 488944k/499392k available (3041k kernel code, 9872k reserved, 1517k data, 292k init, 0k highmem)
virtual kernel memory layout:
    fixmap  : 0xffe16000 - 0xfffff000   (1956 kB)
    pkmap   : 0xff800000 - 0xffc00000   (4096 kB)
    vmalloc : 0xdf000000 - 0xff7fe000   ( 519 MB)
    lowmem  : 0xc0000000 - 0xde7b0000   ( 487 MB)
      .init : 0xc057b000 - 0xc05c4000   ( 292 kB)
      .data : 0xc03f86e0 - 0xc0573ecc   (1517 kB)
      .text : 0xc0100000 - 0xc03f86e0   (3041 kB)
Checking if this processor honours the WP bit even in supervisor mode... Ok.
Calibrating delay using timer specific routine.. 998.38 BogoMIPS (lpj=1996769)
Mount-cache hash table entries: 512
CPU: After generic identify, caps: 0088a93d c0c0a13d 00000000 00000000 00000000 00000000 00000000 00000000
CPU: L1 I Cache: 64K (32 bytes/line), D cache 64K (32 bytes/line)
CPU: L2 Cache: 128K (32 bytes/line)
CPU: After all inits, caps: 0088a93d c0c0a13d 00000000 00000000 00000000 00000000 00000000 00000000
Compat vDSO mapped to ffffe000.
Checking 'hlt' instruction... OK.
SMP alternatives: switching to UP code
Freeing SMP alternatives: 18k freed
CPU0: AMD Geode(TM) Integrated Processor by AMD PCS stepping 02
SMP motherboard not detected.
Local APIC not detected. Using dummy APIC emulation.
Brought up 1 CPUs
NET: Registered protocol family 16
PCI: PCI BIOS revision 2.10 entry at 0xff8b7, last bus=0
PCI: Using configuration type 1
Setting up standard PCI resources
ACPI: Interpreter disabled.
Linux Plug and Play Support v0.97 (c) Adam Belay
pnp: PnP ACPI: disabled
SCSI subsystem initialized
usbcore: registered new interface driver usbfs
usbcore: registered new interface driver hub
usbcore: registered new device driver usb
PCI: Probing PCI hardware
PCI: Probing PCI hardware (bus 00)
PCI: Firmware left 0000:00:13.0 e100 interrupts enabled, disabling
PCI: Using IRQ router default [1022/2090] at 0000:00:0f.0
Time: tsc clocksource has been installed.
NET: Registered protocol family 2
IP route cache hash table entries: 4096 (order: 2, 16384 bytes)
TCP established hash table entries: 16384 (order: 5, 196608 bytes)
TCP bind hash table entries: 16384 (order: 5, 131072 bytes)
TCP: Hash tables configured (established 16384 bind 16384)
TCP reno registered
Simple Boot Flag at 0x3f set to 0x1
microcode: CPU0 not a capable Intel processor
IA-32 Microcode Update Driver: v1.14a <tigran@aivazian.fsnet.co.uk>
Total HugeTLB memory allocated, 0
Installing knfsd (copyright (C) 1996 okir@monad.swb.de).
io scheduler noop registered
io scheduler anticipatory registered (default)
io scheduler deadline registered
io scheduler cfq registered
Boot video device is 0000:00:01.1
Real Time Clock Driver v1.12ac
AMD Geode RNG detected
Linux agpgart interface v0.102 (c) Dave Jones
Hangcheck: starting hangcheck timer 0.9.0 (tick is 180 seconds, margin is 60 seconds).
Hangcheck: Using get_cycles().
Serial: 8250/16550 driver $Revision: 1.90 $ 4 ports, IRQ sharing disabled
serial8250.0: ttyS0 at I/O 0x3f8 (irq = 4) is a 16550A
serial8250.0: ttyS1 at I/O 0x2f8 (irq = 3) is a 16550A
serial8250.0: ttyS2 at I/O 0x3e8 (irq = 4) is a 16550A
serial8250.0: ttyS3 at I/O 0x2e8 (irq = 3) is a 16550A
Floppy drive(s): fd0 is 1.44M
FDC 0 is a post-1991 82077
RAMDISK driver initialized: 16 RAM disks of 4096K size 1024 blocksize
loop: module loaded
Intel(R) PRO/1000 Network Driver - version 7.3.20-k2
Copyright (c) 1999-2006 Intel Corporation.
PCI: Guessed IRQ 10 for device 0000:00:12.0
e1000: 0000:00:12.0: e1000_probe: (PCI:33MHz:32-bit) 00:30:59:03:89:5e
e1000: eth0: e1000_probe: Intel(R) PRO/1000 Network Connection
e100: Intel(R) PRO/100 Network Driver, 3.5.23-k4-NAPI
e100: Copyright(c) 1999-2006 Intel Corporation
PCI: Guessed IRQ 10 for device 0000:00:13.0
PCI: Sharing IRQ 10 with 0000:00:01.1
PCI: Sharing IRQ 10 with 0000:00:01.2
PCI: Sharing IRQ 10 with 0000:00:11.0
e100: eth1: e100_probe: addr 0xef600000, irq 10, MAC addr 00:30:59:03:86:9F
forcedeth.c: Reverse Engineered nForce ethernet driver. Version 0.60.
netconsole: not configured, aborting
Uniform Multi-Platform E-IDE driver Revision: 7.00alpha2
ide: Assuming 33MHz system bus speed for PIO modes; override with idebus=xx
AMD5536: IDE controller at PCI slot 0000:00:0f.2
AMD5536: chipset revision 1
AMD5536: not 100% native mode: will probe irqs later
AMD5536: 0000:00:0f.2 (rev 01) UDMA100 controller
    ide0: BM-DMA at 0xeff0-0xeff7, BIOS settings: hda:pio, hdb:DMA
Probing IDE interface ide0...
hdb: SILICONSYSTEMS INC 1GB, ATA DISK drive
hdb: selected mode 0x22
ide0 at 0x1f0-0x1f7,0x3f6 on irq 14
Probing IDE interface ide1...
hdb: max request size: 128KiB
hdb: 2046240 sectors (1047 MB) w/0KiB Cache, CHS=2030/16/63, DMA
 hdb: hdb1
3ware Storage Controller device driver for Linux v1.26.02.002.
Fusion MPT base driver 3.04.04
Copyright (c) 1999-2007 LSI Logic Corporation
Fusion MPT SPI Host driver 3.04.04
ieee1394: raw1394: /dev/raw1394 device initialized
usbmon: debugfs is not available
PCI: Guessed IRQ 11 for device 0000:00:0f.5
PCI: Sharing IRQ 11 with 0000:00:0f.4
PCI: Setting latency timer of device 0000:00:0f.5 to 64
ehci_hcd 0000:00:0f.5: EHCI Host Controller
ehci_hcd 0000:00:0f.5: new USB bus registered, assigned bus number 1
ehci_hcd 0000:00:0f.5: irq 11, io mem 0xefb00000
ehci_hcd 0000:00:0f.5: USB 2.0 started, EHCI 1.00, driver 10 Dec 2004
usb usb1: configuration #1 chosen from 1 choice
hub 1-0:1.0: USB hub found
hub 1-0:1.0: 4 ports detected
ohci_hcd: 2006 August 04 USB 1.1 'Open' Host Controller (OHCI) Driver
PCI: Guessed IRQ 11 for device 0000:00:0f.4
PCI: Sharing IRQ 11 with 0000:00:0f.5
PCI: Setting latency timer of device 0000:00:0f.4 to 64
ohci_hcd 0000:00:0f.4: OHCI Host Controller
ohci_hcd 0000:00:0f.4: new USB bus registered, assigned bus number 2
ohci_hcd 0000:00:0f.4: irq 11, io mem 0xeff00000
usb usb2: configuration #1 chosen from 1 choice
hub 2-0:1.0: USB hub found
hub 2-0:1.0: 4 ports detected
USB Universal Host Controller Interface driver v3.0
usb 1-2: new high speed USB device using ehci_hcd and address 2
usb 1-2: configuration #1 chosen from 1 choice
usb 2-4: new low speed USB device using ohci_hcd and address 2
usb 2-4: configuration #1 chosen from 1 choice
usbcore: registered new interface driver usblp
drivers/usb/class/usblp.c: v0.13: USB Printer Device Class driver
Initializing USB Mass Storage driver...
scsi0 : SCSI emulation for USB Mass Storage devices
usbcore: registered new interface driver usb-storage
USB Mass Storage support registered.
usb-storage: device found at 2
usb-storage: waiting for device to settle before scanning
PNP: No PS/2 controller found. Probing ports directly.
serio: i8042 KBD port at 0x60,0x64 irq 1
serio: i8042 AUX port at 0x60,0x64 irq 12
mice: PS/2 mouse device common for all mice
input: HID 04d9:1400 as /class/input/input0
input: USB HID v1.10 Keyboard [HID 04d9:1400] on usb-0000:00:0f.4-4
input: HID 04d9:1400 as /class/input/input1
input: USB HID v1.10 Mouse [HID 04d9:1400] on usb-0000:00:0f.4-4
usbcore: registered new interface driver usbhid
drivers/hid/usbhid/hid-core.c: v2.6:USB HID core driver
oprofile: using timer interrupt.
TCP cubic registered
NET: Registered protocol family 1
NET: Registered protocol family 10
IPv6 over IPv4 tunneling driver
NET: Registered protocol family 17
powernow-k8: Processor cpuid 5a2 not supported
Using IPI Shortcut mode
kjournald starting.  Commit interval 5 seconds
EXT3-fs: mounted filesystem with ordered data mode.
VFS: Mounted root (ext3 filesystem) readonly.
Freeing unused kernel memory: 292k freed
scsi 0:0:0:0: Direct-Access     USB      Flash Disk       1100 PQ: 0 ANSI: 0 CCS
sd 0:0:0:0: [sda] 1980416 512-byte hardware sectors (1014 MB)
sd 0:0:0:0: [sda] Write Protect is off
sd 0:0:0:0: [sda] Mode Sense: 43 00 00 00
sd 0:0:0:0: [sda] Assuming drive cache: write through
sd 0:0:0:0: [sda] 1980416 512-byte hardware sectors (1014 MB)
sd 0:0:0:0: [sda] Write Protect is off
sd 0:0:0:0: [sda] Mode Sense: 43 00 00 00
sd 0:0:0:0: [sda] Assuming drive cache: write through
 sda: sda1
sd 0:0:0:0: [sda] Attached SCSI removable disk
usb-storage: device scan complete
ADDRCONF(NETDEV_UP): eth0: link is not ready
ADDRCONF(NETDEV_UP): eth1: link is not ready