Date: Fri, 11 May 2007 20:03:34 +0200
From: 	thunder7@xs4all ...
Subject: Re: 2.6.21-mm2 boot failure, raid autodetect, bd_set_size+0xb/0x80
Sender: linux-kernel-owner@vger.kernel.org
Precedence: bulk
List-ID: <linux-kernel.vger.kernel.org>
X-Mailing-List: linux-kernel@vger.kernel.org
X-Lkml-Link: https://lkml.org/lkml/2007/5/11/207

From: Andrew Morton <akpm@linux-foundation.org>
Date: Wed, May 09, 2007 at 01:23:22AM -0700
> 
> 
ftp://ftp.kernel.org/pub/linux/kernel/people/akpm/patches/2.6/2.6.21/2.6.21-mm2/
> 
> 
It won't boot here.
AMD64 platform, raid6 partition.
2.6.21-rc7-mm2 runs fine, it's dmesg says:
md: created md4
md: bind<hda9>
md: bind<hdc9>
md: running: <hdc9><hda9>
raid1: raid set md4 active with 2 out of 2 mirrors
md4: bitmap initialized from disk: read 10/10 pages, set 46 bits, status: 0
created bitmap (156 pages) for device md4
md: considering hdc8 ...
md:  adding hdc8 ...
<snip>
where 2.6.21-mm2 halts with
md: created md4
md: bind<hda9>
md: bind<hdc9>
md: running: <hdc9><hda9>
raid1: raid set md4 active with 2 out of 2 mirrors
md4: bitmap initialized from disk: read 10/10 pages, set 46 bits, status: 0
created bitmap (156 pages) for device md4
Unable to handle kernel null pointer dereference 
bd_set_size+0xb/0x80
<snip>
traceback:
bd_set_size
do_mdrun
bind_rdev_to_array
disk_name
/dev/hdc is
Disk /dev/hdc: 200.0 GB, 200049647616 bytes
255 heads, 63 sectors/track, 24321 cylinders
Units = cylinders of 16065 * 512 = 8225280 bytes
   Device Boot      Start         End      Blocks   Id  System
/dev/hdc1   *           1         784     6297448+  83  Linux
/dev/hdc2             785       24321   189060952+   5  Extended
/dev/hdc5             785        1307     4200966   fd  Linux raid autodetect
/dev/hdc6            1308        2055     6008278+  fd  Linux raid autodetect
/dev/hdc7            2056        3052     8008371   fd  Linux raid autodetect
/dev/hdc8            3053        4049     8008371   fd  Linux raid autodetect
/dev/hdc9            4050       24321   162834808+  fd  Linux raid autodetect
Below is the 2.6.21-rc7-mm2 dmesg, and the 2.6.21-mm2 .config, and mdadm
--detail output of all my raidsets.
Kind regards,
Jurriaan
Linux version 2.6.21-rc7-mm2 (jurriaan@middle) (gcc version 4.1.3 20070429 (prerelease) (Debian 4.1.2-6)) #3 SMP Fri May 11 16:52:28 CEST 2007
Command line: root=/dev/md2 video=nvidiafb:1600x1200-32@85 atkbd.softrepeat=1
BIOS-provided physical RAM map:
 BIOS-e820: 0000000000000000 - 000000000009c800 (usable)
 BIOS-e820: 000000000009c800 - 00000000000a0000 (reserved)
 BIOS-e820: 00000000000f0000 - 0000000000100000 (reserved)
 BIOS-e820: 0000000000100000 - 00000000bfff0000 (usable)
 BIOS-e820: 00000000bfff0000 - 00000000bfff3000 (ACPI NVS)
 BIOS-e820: 00000000bfff3000 - 00000000c0000000 (ACPI data)
 BIOS-e820: 00000000e0000000 - 00000000f0000000 (reserved)
 BIOS-e820: 00000000fec00000 - 0000000100000000 (reserved)
 BIOS-e820: 0000000100000000 - 0000000140000000 (usable)
Entering add_active_range(0, 0, 156) 0 entries of 256 used
Entering add_active_range(0, 256, 786416) 1 entries of 256 used
Entering add_active_range(0, 1048576, 1310720) 2 entries of 256 used
end_pfn_map = 1310720
DMI 2.3 present.
ACPI: RSDP 000F7D30, 0014 (r0 Nvidia)
ACPI: RSDT BFFF3040, 0038 (r1 Nvidia AWRDACPI 42302E31 AWRD        0)
ACPI: FACP BFFF30C0, 0074 (r1 Nvidia AWRDACPI 42302E31 AWRD        0)
ACPI: DSDT BFFF3180, 6678 (r1 NVIDIA AWRDACPI     1000 MSFT  100000E)
ACPI: FACS BFFF0000, 0040
ACPI: SSDT BFFF9900, 020C (r1 PTLTD  POWERNOW        1  LTP        1)
ACPI: SRAT BFFF9B80, 00C8 (r1 AMD    HAMMER          1 AMD         1)
ACPI: MCFG BFFF9CC0, 003C (r1 Nvidia AWRDACPI 42302E31 AWRD        0)
ACPI: APIC BFFF9840, 007C (r1 Nvidia AWRDACPI 42302E31 AWRD        0)
Entering add_active_range(0, 0, 156) 0 entries of 256 used
Entering add_active_range(0, 256, 786416) 1 entries of 256 used
Entering add_active_range(0, 1048576, 1310720) 2 entries of 256 used
sizeof(struct page) = 56
Zone PFN ranges:
  DMA             0 ->     4096
  DMA32        4096 ->  1048576
  Normal    1048576 ->  1310720
Movable zone start PFN for each node
early_node_map[3] active PFN ranges
    0:        0 ->      156
    0:      256 ->   786416
    0:  1048576 ->  1310720
On node 0 totalpages: 1048460
Node 0 memmap at 0xffff810001000000 size 73400320 first pfn 0xffff810001000000
  DMA zone: 56 pages used for memmap
  DMA zone: 1556 pages reserved
  DMA zone: 2384 pages, LIFO batch:0
  DMA32 zone: 14280 pages used for memmap
  DMA32 zone: 768040 pages, LIFO batch:31
  Normal zone: 3584 pages used for memmap
  Normal zone: 258560 pages, LIFO batch:31
  Movable zone: 0 pages used for memmap
Nvidia board detected. Ignoring ACPI timer override.
If you got timer trouble try acpi_use_timer_override
ACPI: PM-Timer IO Port: 0x4008
ACPI: Local APIC address 0xfee00000
ACPI: LAPIC (acpi_id[0x00] lapic_id[0x00] enabled)
Processor #0 (Bootup-CPU)
ACPI: LAPIC (acpi_id[0x01] lapic_id[0x01] enabled)
Processor #1
ACPI: LAPIC_NMI (acpi_id[0x00] high edge lint[0x1])
ACPI: LAPIC_NMI (acpi_id[0x01] high edge lint[0x1])
ACPI: IOAPIC (id[0x02] address[0xfec00000] gsi_base[0])
IOAPIC[0]: apic_id 2, address 0xfec00000, GSI 0-23
ACPI: INT_SRC_OVR (bus 0 bus_irq 0 global_irq 2 dfl dfl)
ACPI: BIOS IRQ0 pin2 override ignored.
ACPI: INT_SRC_OVR (bus 0 bus_irq 9 global_irq 9 high level)
ACPI: INT_SRC_OVR (bus 0 bus_irq 14 global_irq 14 high edge)
ACPI: INT_SRC_OVR (bus 0 bus_irq 15 global_irq 15 high edge)
ACPI: IRQ9 used by override.
ACPI: IRQ14 used by override.
ACPI: IRQ15 used by override.
Setting APIC routing to flat
Using ACPI (MADT) for SMP configuration information
Allocating PCI resources starting at c2000000 (gap: c0000000:20000000)
.eh_frame_hdr for 'kernel' present but unusable
PERCPU: Allocating 33128 bytes of per cpu data
Built 1 zonelists, mobility grouping on.  Total pages: 1028984
Kernel command line: root=/dev/md2 video=nvidiafb:1600x1200-32@85 atkbd.softrepeat=1
Initializing CPU#0
PID hash table entries: 4096 (order: 12, 32768 bytes)
Marking TSC unstable due to TSCs unsynchronized
time.c: Detected 2412.409 MHz processor.
Console: colour VGA+ 80x25
Dentry cache hash table entries: 524288 (order: 10, 4194304 bytes)
Inode-cache hash table entries: 262144 (order: 9, 2097152 bytes)
Checking aperture...
CPU 0: aperture @ 8000000 size 32 MB
Aperture too small (32 MB)
No AGP bridge found
Your BIOS doesn't leave a aperture memory hole
Please enable the IOMMU option in the BIOS setup
This costs you 64 MB of RAM
Mapping aperture over 65536 KB of RAM @ 8000000
Memory: 4043560k/5242880k available (3402k kernel code, 150044k reserved, 1895k data, 264k init)
Calibrating delay using timer specific routine.. 4826.12 BogoMIPS (lpj=2413060)
Mount-cache hash table entries: 256
CPU: L1 I Cache: 64K (64 bytes/line), D cache 64K (64 bytes/line)
CPU: L2 Cache: 512K (64 bytes/line)
CPU: Physical Processor ID: 0
CPU: Processor Core ID: 0
Freeing SMP alternatives: 33k freed
ACPI: Core revision 20070126
Using local APIC timer interrupts.
result 14800055
Detected 14.800 MHz APIC timer.
Booting processor 1/2 APIC 0x1
Initializing CPU#1
Calibrating delay using timer specific routine.. 4824.16 BogoMIPS (lpj=2412084)
CPU: L1 I Cache: 64K (64 bytes/line), D cache 64K (64 bytes/line)
CPU: L2 Cache: 512K (64 bytes/line)
CPU: Physical Processor ID: 0
CPU: Processor Core ID: 1
AMD Athlon(tm) 64 X2 Dual Core Processor 4600+ stepping 01
Brought up 2 CPUs
migration_cost=0
NET: Registered protocol family 16
ACPI: bus type pci registered
PCI: Using MMCONFIG at e0000000 - efffffff
PCI: No mmconfig possible on device 00:18
ACPI: Interpreter enabled
ACPI: Using IOAPIC for interrupt routing
ACPI: PCI Root Bridge [PCI0] (0000:00)
PCI: Transparent bridge - 0000:00:09.0
ACPI: PCI Interrupt Routing Table [\_SB_.PCI0._PRT]
ACPI: PCI Interrupt Routing Table [\_SB_.PCI0.HUB0._PRT]
ACPI: PCI Interrupt Link [LNK1] (IRQs *3 4 5 7 9 10 11 12 14 15)
ACPI: PCI Interrupt Link [LNK2] (IRQs 3 4 *5 7 9 10 11 12 14 15)
ACPI: PCI Interrupt Link [LNK3] (IRQs *3 4 5 7 9 10 11 12 14 15)
ACPI: PCI Interrupt Link [LNK4] (IRQs 3 4 5 7 9 10 *11 12 14 15)
ACPI: PCI Interrupt Link [LNK5] (IRQs 3 4 5 7 9 10 11 12 14 15) *0, disabled.
ACPI: PCI Interrupt Link [LUBA] (IRQs *3 4 5 7 9 10 11 12 14 15)
ACPI: PCI Interrupt Link [LUBB] (IRQs 3 4 5 7 9 10 11 12 14 15) *0, disabled.
ACPI: PCI Interrupt Link [LMAC] (IRQs 3 4 *5 7 9 10 11 12 14 15)
ACPI: PCI Interrupt Link [LACI] (IRQs 3 4 5 7 9 10 *11 12 14 15)
ACPI: PCI Interrupt Link [LMCI] (IRQs 3 4 5 7 9 10 11 12 14 15) *0, disabled.
ACPI: PCI Interrupt Link [LSMB] (IRQs 3 4 *5 7 9 10 11 12 14 15)
ACPI: PCI Interrupt Link [LUB2] (IRQs 3 4 5 7 9 10 *11 12 14 15)
ACPI: PCI Interrupt Link [LIDE] (IRQs 3 4 5 7 9 10 11 12 14 15) *0, disabled.
ACPI: PCI Interrupt Link [LSID] (IRQs 3 4 5 7 9 10 *11 12 14 15)
ACPI: PCI Interrupt Link [LFID] (IRQs 3 4 *5 7 9 10 11 12 14 15)
ACPI: PCI Interrupt Link [LPCA] (IRQs 3 4 5 7 9 10 11 12 14 15) *0, disabled.
ACPI: PCI Interrupt Link [APC1] (IRQs 16) *0
ACPI: PCI Interrupt Link [APC2] (IRQs 17) *0
ACPI: PCI Interrupt Link [APC3] (IRQs 18) *0
ACPI: PCI Interrupt Link [APC4] (IRQs 19) *0
ACPI: PCI Interrupt Link [APC5] (IRQs *16), disabled.
ACPI: PCI Interrupt Link [APCF] (IRQs 20 21 22 23) *0
ACPI: PCI Interrupt Link [APCG] (IRQs 20 21 22 23) *0, disabled.
ACPI: PCI Interrupt Link [APCH] (IRQs 20 21 22 23) *0
ACPI: PCI Interrupt Link [APCJ] (IRQs 20 21 22 23) *0
ACPI: PCI Interrupt Link [APCK] (IRQs 20 21 22 23) *0, disabled.
ACPI: PCI Interrupt Link [APCS] (IRQs 20 21 22 23) *0
ACPI: PCI Interrupt Link [APCL] (IRQs 20 21 22 23) *0
ACPI: PCI Interrupt Link [APCZ] (IRQs 20 21 22 23) *0, disabled.
ACPI: PCI Interrupt Link [APSI] (IRQs 20 21 22 23) *0
ACPI: PCI Interrupt Link [APSJ] (IRQs 20 21 22 23) *0
ACPI: PCI Interrupt Link [APCP] (IRQs 20 21 22 23) *0, disabled.
Linux Plug and Play Support v0.97 (c) Adam Belay
pnp: PnP ACPI init
ACPI: bus type pnp registered
pnp: PnP ACPI: found 16 devices
ACPI: ACPI bus type pnp unregistered
Generic PHY: Registered new driver
SCSI subsystem initialized
libata version 2.20 loaded.
usbcore: registered new interface driver usbfs
usbcore: registered new interface driver hub
usbcore: registered new device driver usb
PCI: Using ACPI for IRQ routing
PCI: If a device doesn't work, try "pci=routeirq".  If it helps, post a report
PCI-DMA: Disabling AGP.
PCI-DMA: aperture base @ 8000000 size 65536 KB
PCI-DMA: using GART IOMMU.
PCI-DMA: Reserving 64MB of IOMMU area in the AGP aperture
ACPI: RTC can wake from S4
pnp: 00:01: ioport range 0x4000-0x407f has been reserved
pnp: 00:01: ioport range 0x4080-0x40ff has been reserved
pnp: 00:01: ioport range 0x4400-0x447f has been reserved
pnp: 00:01: ioport range 0x4480-0x44ff has been reserved
pnp: 00:01: ioport range 0x4800-0x487f has been reserved
pnp: 00:01: ioport range 0x4880-0x48ff has been reserved
pnp: 00:01: iomem range 0x0-0x0 could not be reserved
pnp: 00:0e: iomem range 0xe0000000-0xefffffff could not be reserved
pnp: 00:0f: iomem range 0xf0000-0xf3fff could not be reserved
pnp: 00:0f: iomem range 0xf4000-0xf7fff could not be reserved
pnp: 00:0f: iomem range 0xf8000-0xfbfff could not be reserved
pnp: 00:0f: iomem range 0xfc000-0xfffff could not be reserved
ACPI: PCI Interrupt Link [APC4] enabled at IRQ 19
ACPI: PCI Interrupt 0000:05:08.2[B] -> Link [APC4] -> GSI 19 (level, low) -> IRQ 19
ohci1394: fw-host0: OHCI-1394 1.1 (PCI): IRQ=[19]  MMIO=[d900e000-d900e7ff]  Max Packet=[2048]  IR/IT contexts=[4/8]
ACPI: PCI Interrupt Link [APC1] enabled at IRQ 16
ACPI: PCI Interrupt 0000:05:0b.0[A] -> Link [APC1] -> GSI 16 (level, low) -> IRQ 16
ohci1394: fw-host1: OHCI-1394 1.1 (PCI): IRQ=[16]  MMIO=[d900d000-d900d7ff]  Max Packet=[2048]  IR/IT contexts=[4/8]
PCI: Bridge: 0000:00:09.0
  IO window: 6000-afff
  MEM window: d8000000-d9ffffff
  PREFETCH window: da100000-da1fffff
PCI: Bridge: 0000:00:0b.0
  IO window: disabled.
  MEM window: disabled.
  PREFETCH window: disabled.
PCI: Bridge: 0000:00:0c.0
  IO window: disabled.
  MEM window: disabled.
  PREFETCH window: disabled.
PCI: Bridge: 0000:00:0d.0
  IO window: disabled.
  MEM window: disabled.
  PREFETCH window: disabled.
PCI: Bridge: 0000:00:0e.0
  IO window: disabled.
Time: acpi_pm clocksource has been installed.
  MEM window: d0000000-d7ffffff
  PREFETCH window: c0000000-cfffffff
PCI: Setting latency timer of device 0000:00:09.0 to 64
PCI: Setting latency timer of device 0000:00:0b.0 to 64
PCI: Setting latency timer of device 0000:00:0c.0 to 64
PCI: Setting latency timer of device 0000:00:0d.0 to 64
PCI: Setting latency timer of device 0000:00:0e.0 to 64
NET: Registered protocol family 2
IP route cache hash table entries: 131072 (order: 8, 1048576 bytes)
TCP established hash table entries: 131072 (order: 9, 3145728 bytes)
TCP bind hash table entries: 65536 (order: 8, 1048576 bytes)
TCP: Hash tables configured (established 131072 bind 65536)
TCP reno registered
NTFS driver 2.1.28 [Flags: R/O].
io scheduler noop registered
io scheduler anticipatory registered (default)
PCI: Found disabled HT MSI Mapping on 0000:00:0b.0
PCI: Found enabled HT MSI Mapping on 0000:00:00.0
PCI: Linking AER extended capability on 0000:00:0b.0
PCI: Found disabled HT MSI Mapping on 0000:00:0c.0
PCI: Found enabled HT MSI Mapping on 0000:00:00.0
PCI: Linking AER extended capability on 0000:00:0c.0
PCI: Found disabled HT MSI Mapping on 0000:00:0d.0
PCI: Found enabled HT MSI Mapping on 0000:00:00.0
PCI: Linking AER extended capability on 0000:00:0d.0
PCI: Found disabled HT MSI Mapping on 0000:00:0e.0
PCI: Found enabled HT MSI Mapping on 0000:00:00.0
PCI: Linking AER extended capability on 0000:00:0e.0
Boot video device is 0000:01:00.0
PCI: Setting latency timer of device 0000:00:0b.0 to 64
assign_interrupt_mode Found MSI capability
Allocate Port Service[0000:00:0b.0:pcie00]
Allocate Port Service[0000:00:0b.0:pcie03]
PCI: Setting latency timer of device 0000:00:0c.0 to 64
assign_interrupt_mode Found MSI capability
Allocate Port Service[0000:00:0c.0:pcie00]
Allocate Port Service[0000:00:0c.0:pcie03]
PCI: Setting latency timer of device 0000:00:0d.0 to 64
assign_interrupt_mode Found MSI capability
Allocate Port Service[0000:00:0d.0:pcie00]
Allocate Port Service[0000:00:0d.0:pcie03]
PCI: Setting latency timer of device 0000:00:0e.0 to 64
assign_interrupt_mode Found MSI capability
Allocate Port Service[0000:00:0e.0:pcie00]
Allocate Port Service[0000:00:0e.0:pcie03]
ACPI: PCI Interrupt Link [APC3] enabled at IRQ 18
ACPI: PCI Interrupt 0000:01:00.0[A] -> Link [APC3] -> GSI 18 (level, low) -> IRQ 18
nvidiafb: Device ID: 10de0141 
nvidiafb: CRTC0 analog found
nvidiafb: CRTC1 analog found
nvidiafb: EDID found from BUS1
i2c-adapter i2c-1: unable to read EDID block.
i2c-adapter i2c-1: unable to read EDID block.
i2c-adapter i2c-1: unable to read EDID block.
nvidiafb: CRTC 0 appears to have a CRT attached
nvidiafb: Using CRT on CRTC 0
nvidiafb: MTRR set to ON
Console: switching to colour frame buffer device 160x66
nvidiafb: PCI nVidia NV14 framebuffer (64MB @ 0xC0000000)
input: Power Button (FF) as /class/input/input0
ACPI: Power Button (FF) [PWRF]
input: Power Button (CM) as /class/input/input1
ACPI: Power Button (CM) [PWRB]
ACPI: Fan [FAN] (on)
ACPI: Thermal Zone [THRM] (40 C)
Real Time Clock Driver v1.12ac
Non-volatile memory driver v1.2
Linux agpgart interface v0.102 (c) Dave Jones
Hangcheck: starting hangcheck timer 0.9.0 (tick is 180 seconds, margin is 60 seconds).
Hangcheck: Using get_cycles().
Serial: 8250/16550 driver $Revision: 1.90 $ 4 ports, IRQ sharing enabled
00:08: ttyS0 at I/O 0x3f8 (irq = 4) is a 16550A
Floppy drive(s): fd0 is 1.44M
FDC 0 is a post-1991 82077
loop: module loaded
ACPI: PCI Interrupt Link [APC2] enabled at IRQ 17
ACPI: PCI Interrupt 0000:05:0c.0[A] -> Link [APC2] -> GSI 17 (level, low) -> IRQ 17
skge 1.11 addr 0xd9008000 irq 17 chip Yukon-Lite rev 9
skge eth0: addr 00:15:f2:20:e6:69
Marvell 88E1101: Registered new driver
Marvell 88E1111: Registered new driver
Marvell 88E1145: Registered new driver
Davicom DM9161E: Registered new driver
Davicom DM9131: Registered new driver
Cicada Cis8204: Registered new driver
Cicada Cis8201: Registered new driver
LXT970: Registered new driver
LXT971: Registered new driver
QS6612: Registered new driver
forcedeth.c: Reverse Engineered nForce ethernet driver. Version 0.60.
ACPI: PCI Interrupt Link [APCH] enabled at IRQ 23
ACPI: PCI Interrupt 0000:00:0a.0[A] -> Link [APCH] -> GSI 23 (level, low) -> IRQ 23
PCI: Setting latency timer of device 0000:00:0a.0 to 64
forcedeth: using HIGHDMA
ieee1394: The root node is not cycle master capable; selecting a new root node and resetting...
eth1: forcedeth.c: subsystem: 01043:8141 bound to 0000:00:0a.0
Linux Tulip driver version 1.1.15 (Feb 27, 2007)
ACPI: PCI Interrupt 0000:05:07.0[A] -> Link [APC2] -> GSI 17 (level, low) -> IRQ 17
tulip0:  MII transceiver #1 config 3100 status 7829 advertising 01e1.
eth2: Lite-On 82c168 PNIC rev 32 at Port 0x8800, 00:A0:CC:21:89:0C, IRQ 17.
Uniform Multi-Platform E-IDE driver Revision: 7.00alpha2
ide: Assuming 33MHz system bus speed for PIO modes; override with idebus=xx
NFORCE-CK804: IDE controller at PCI slot 0000:00:06.0
NFORCE-CK804: chipset revision 242
NFORCE-CK804: not 100% native mode: will probe irqs later
NFORCE-CK804: BIOS didn't set cable bits correctly. Enabling workaround.
NFORCE-CK804: 0000:00:06.0 (rev f2) UDMA133 controller
    ide0: BM-DMA at 0xf000-0xf007, BIOS settings: hda:DMA, hdb:DMA
    ide1: BM-DMA at 0xf008-0xf00f, BIOS settings: hdc:DMA, hdd:DMA
Probing IDE interface ide0...
ieee1394: Host added: ID:BUS[1-00:1023]  GUID[0011d80000738f5d]
hda: WDC WD2000JB-32EVA0, ATA DISK drive
ieee1394: Host added: ID:BUS[0-01:1023]  GUID[00023c014100f4bf]
hdb: _NEC DVD_RW ND-3540A, ATAPI CD/DVD-ROM drive
ide0 at 0x1f0-0x1f7,0x3f6 on irq 14
Probing IDE interface ide1...
hdc: WDC WD2000JB-00FUA0, ATA DISK drive
ide1 at 0x170-0x177,0x376 on irq 15
HPT374: IDE controller at PCI slot 0000:05:06.0
ACPI: PCI Interrupt 0000:05:06.0[A] -> Link [APC1] -> GSI 16 (level, low) -> IRQ 16
HPT374: chipset revision 7
HPT374: DPLL base: 48 MHz, f_CNT: 148, assuming 33 MHz PCI
HPT374: using 66 MHz DPLL clock
HPT374: 100% native mode on irq 16
    ide2: BM-DMA at 0x7000-0x7007, BIOS settings: hde:DMA, hdf:pio
    ide3: BM-DMA at 0x7008-0x700f, BIOS settings: hdg:pio, hdh:pio
ACPI: PCI Interrupt 0000:05:06.1[A] -> Link [APC1] -> GSI 16 (level, low) -> IRQ 16
HPT374: no clock data saved by BIOS
HPT374: DPLL base: 48 MHz, f_CNT: 122, assuming 33 MHz PCI
HPT374: using 66 MHz DPLL clock
    ide4: BM-DMA at 0x8400-0x8407, BIOS settings: hdi:DMA, hdj:pio
    ide5: BM-DMA at 0x8408-0x840f, BIOS settings: hdk:pio, hdl:pio
Probing IDE interface ide2...
hde: WDC WD2500JB-00FUA0, ATA DISK drive
hde: selected mode 0x45
ide2 at 0x6000-0x6007,0x6402 on irq 16
Probing IDE interface ide3...
Probing IDE interface ide4...
hdi: ST3300831A, ATA DISK drive
hdi: selected mode 0x45
ide4 at 0x7400-0x7407,0x7802 on irq 16
Probing IDE interface ide5...
hda: max request size: 512KiB
hda: 390721968 sectors (200049 MB) w/8192KiB Cache, CHS=24321/255/63, UDMA(100)
hda: cache flushes supported
 hda: hda1 hda2 < hda5 hda6 hda7 hda8 hda9 >
hdc: max request size: 512KiB
hdc: 390721968 sectors (200049 MB) w/8192KiB Cache, CHS=24321/255/63, UDMA(100)
hdc: cache flushes supported
 hdc: hdc1 hdc2 < hdc5 hdc6 hdc7 hdc8 hdc9 >
hde: max request size: 512KiB
hde: 488397168 sectors (250059 MB) w/8192KiB Cache, CHS=30401/255/63, UDMA(100)
hde: cache flushes supported
 hde: hde1
hdi: max request size: 512KiB
hdi: 586072368 sectors (300069 MB) w/8192KiB Cache, CHS=36481/255/63, UDMA(100)
hdi: cache flushes supported
 hdi: hdi1
hdb: ATAPI 48X DVD-ROM DVD-R CD-R/RW drive, 2048kB Cache, UDMA(33)
Uniform CD-ROM driver Revision: 3.20
RocketRAID 3xxx SATA Controller driver v1.0 (060426)
sata_sil 0000:05:0a.0: version 2.2
ACPI: PCI Interrupt 0000:05:0a.0[A] -> Link [APC4] -> GSI 19 (level, low) -> IRQ 19
sata_sil 0000:05:0a.0: Applying R_ERR on DMA activate FIS errata fix
scsi0 : sata_sil
scsi1 : sata_sil
scsi2 : sata_sil
scsi3 : sata_sil
ata1: SATA max UDMA/100 cmd 0xffffc20000050080 ctl 0xffffc2000005008a bmdma 0xffffc20000050000 irq 0
ata2: SATA max UDMA/100 cmd 0xffffc200000500c0 ctl 0xffffc200000500ca bmdma 0xffffc20000050008 irq 0
ata3: SATA max UDMA/100 cmd 0xffffc20000050280 ctl 0xffffc2000005028a bmdma 0xffffc20000050200 irq 0
ata4: SATA max UDMA/100 cmd 0xffffc200000502c0 ctl 0xffffc200000502ca bmdma 0xffffc20000050208 irq 0
ata1: SATA link up 1.5 Gbps (SStatus 113 SControl 310)
ata1.00: ata_hpa_resize 1: sectors = 1465149168, hpa_sectors = 1465149168
ata1.00: ATA-7: ST3750640AS, 3.AAE, max UDMA/133
ata1.00: 1465149168 sectors, multi 16: LBA48 NCQ (depth 0/32)
ata1.00: ata_hpa_resize 1: sectors = 1465149168, hpa_sectors = 1465149168
ata1.00: configured for UDMA/100
ata2: SATA link up 1.5 Gbps (SStatus 113 SControl 310)
ata2.00: ata_hpa_resize 1: sectors = 1465149168, hpa_sectors = 1465149168
ata2.00: ATA-7: ST3750640AS, 3.AAE, max UDMA/133
ata2.00: 1465149168 sectors, multi 16: LBA48 NCQ (depth 0/32)
ata2.00: ata_hpa_resize 1: sectors = 1465149168, hpa_sectors = 1465149168
ata2.00: configured for UDMA/100
ata3: SATA link up 1.5 Gbps (SStatus 113 SControl 310)
ata3.00: ata_hpa_resize 1: sectors = 1465149168, hpa_sectors = 1465149168
ata3.00: ATA-7: ST3750640AS, 3.AAE, max UDMA/133
ata3.00: 1465149168 sectors, multi 16: LBA48 NCQ (depth 0/32)
ata3.00: ata_hpa_resize 1: sectors = 1465149168, hpa_sectors = 1465149168
ata3.00: configured for UDMA/100
ata4: SATA link up 1.5 Gbps (SStatus 113 SControl 310)
ata4.00: ata_hpa_resize 1: sectors = 1465149168, hpa_sectors = 1465149168
ata4.00: ATA-7: ST3750640AS, 3.AAE, max UDMA/133
ata4.00: 1465149168 sectors, multi 16: LBA48 NCQ (depth 0/32)
ata4.00: ata_hpa_resize 1: sectors = 1465149168, hpa_sectors = 1465149168
ata4.00: configured for UDMA/100
scsi 0:0:0:0: Direct-Access     ATA      ST3750640AS      3.AA PQ: 0 ANSI: 5
sd 0:0:0:0: [sda] 1465149168 512-byte hardware sectors (750156 MB)
sd 0:0:0:0: [sda] Write Protect is off
sd 0:0:0:0: [sda] Mode Sense: 00 3a 00 00
sd 0:0:0:0: [sda] Write cache: enabled, read cache: enabled, doesn't support DPO or FUA
sd 0:0:0:0: [sda] 1465149168 512-byte hardware sectors (750156 MB)
sd 0:0:0:0: [sda] Write Protect is off
sd 0:0:0:0: [sda] Mode Sense: 00 3a 00 00
sd 0:0:0:0: [sda] Write cache: enabled, read cache: enabled, doesn't support DPO or FUA
 sda: sda1 sda2
sd 0:0:0:0: [sda] Attached SCSI disk
sd 0:0:0:0: Attached scsi generic sg0 type 0
scsi 1:0:0:0: Direct-Access     ATA      ST3750640AS      3.AA PQ: 0 ANSI: 5
sd 1:0:0:0: [sdb] 1465149168 512-byte hardware sectors (750156 MB)
sd 1:0:0:0: [sdb] Write Protect is off
sd 1:0:0:0: [sdb] Mode Sense: 00 3a 00 00
sd 1:0:0:0: [sdb] Write cache: enabled, read cache: enabled, doesn't support DPO or FUA
sd 1:0:0:0: [sdb] 1465149168 512-byte hardware sectors (750156 MB)
sd 1:0:0:0: [sdb] Write Protect is off
sd 1:0:0:0: [sdb] Mode Sense: 00 3a 00 00
sd 1:0:0:0: [sdb] Write cache: enabled, read cache: enabled, doesn't support DPO or FUA
 sdb: sdb1 sdb2
sd 1:0:0:0: [sdb] Attached SCSI disk
sd 1:0:0:0: Attached scsi generic sg1 type 0
scsi 2:0:0:0: Direct-Access     ATA      ST3750640AS      3.AA PQ: 0 ANSI: 5
sd 2:0:0:0: [sdc] 1465149168 512-byte hardware sectors (750156 MB)
sd 2:0:0:0: [sdc] Write Protect is off
sd 2:0:0:0: [sdc] Mode Sense: 00 3a 00 00
sd 2:0:0:0: [sdc] Write cache: enabled, read cache: enabled, doesn't support DPO or FUA
sd 2:0:0:0: [sdc] 1465149168 512-byte hardware sectors (750156 MB)
sd 2:0:0:0: [sdc] Write Protect is off
sd 2:0:0:0: [sdc] Mode Sense: 00 3a 00 00
sd 2:0:0:0: [sdc] Write cache: enabled, read cache: enabled, doesn't support DPO or FUA
 sdc: sdc1 sdc2
sd 2:0:0:0: [sdc] Attached SCSI disk
sd 2:0:0:0: Attached scsi generic sg2 type 0
scsi 3:0:0:0: Direct-Access     ATA      ST3750640AS      3.AA PQ: 0 ANSI: 5
sd 3:0:0:0: [sdd] 1465149168 512-byte hardware sectors (750156 MB)
sd 3:0:0:0: [sdd] Write Protect is off
sd 3:0:0:0: [sdd] Mode Sense: 00 3a 00 00
sd 3:0:0:0: [sdd] Write cache: enabled, read cache: enabled, doesn't support DPO or FUA
sd 3:0:0:0: [sdd] 1465149168 512-byte hardware sectors (750156 MB)
sd 3:0:0:0: [sdd] Write Protect is off
sd 3:0:0:0: [sdd] Mode Sense: 00 3a 00 00
sd 3:0:0:0: [sdd] Write cache: enabled, read cache: enabled, doesn't support DPO or FUA
 sdd: sdd1 sdd2
sd 3:0:0:0: [sdd] Attached SCSI disk
sd 3:0:0:0: Attached scsi generic sg3 type 0
sata_nv 0000:00:07.0: version 3.3
ACPI: PCI Interrupt Link [APSI] enabled at IRQ 22
ACPI: PCI Interrupt 0000:00:07.0[A] -> Link [APSI] -> GSI 22 (level, low) -> IRQ 22
sata_nv 0000:00:07.0: Using ADMA mode
PCI: Setting latency timer of device 0000:00:07.0 to 64
scsi4 : sata_nv
scsi5 : sata_nv
ata5: SATA max UDMA/133 cmd 0xffffc20000052480 ctl 0xffffc200000524a0 bmdma 0x000000000001d800 irq 0
ata6: SATA max UDMA/133 cmd 0xffffc20000052580 ctl 0xffffc200000525a0 bmdma 0x000000000001d808 irq 0
ata5: SATA link up 3.0 Gbps (SStatus 123 SControl 300)
ata5.00: ata_hpa_resize 1: sectors = 1465149168, hpa_sectors = 1465149168
ata5.00: ATA-7: ST3750640AS, 3.AAE, max UDMA/133
ata5.00: 1465149168 sectors, multi 1: LBA48 NCQ (depth 31/32)
ata5.00: ata_hpa_resize 1: sectors = 1465149168, hpa_sectors = 1465149168
ata5.00: configured for UDMA/133
ata6: SATA link up 3.0 Gbps (SStatus 123 SControl 300)
ata6.00: ata_hpa_resize 1: sectors = 1465149168, hpa_sectors = 1465149168
ata6.00: ATA-7: ST3750640AS, 3.AAE, max UDMA/133
ata6.00: 1465149168 sectors, multi 1: LBA48 NCQ (depth 31/32)
ata6.00: ata_hpa_resize 1: sectors = 1465149168, hpa_sectors = 1465149168
ata6.00: configured for UDMA/133
scsi 4:0:0:0: Direct-Access     ATA      ST3750640AS      3.AA PQ: 0 ANSI: 5
ata5: bounce limit 0xFFFFFFFFFFFFFFFF, segment boundary 0xFFFFFFFF, hw segs 61
sd 4:0:0:0: [sde] 1465149168 512-byte hardware sectors (750156 MB)
sd 4:0:0:0: [sde] Write Protect is off
sd 4:0:0:0: [sde] Mode Sense: 00 3a 00 00
sd 4:0:0:0: [sde] Write cache: enabled, read cache: enabled, doesn't support DPO or FUA
sd 4:0:0:0: [sde] 1465149168 512-byte hardware sectors (750156 MB)
sd 4:0:0:0: [sde] Write Protect is off
sd 4:0:0:0: [sde] Mode Sense: 00 3a 00 00
sd 4:0:0:0: [sde] Write cache: enabled, read cache: enabled, doesn't support DPO or FUA
 sde: sde1 sde2
sd 4:0:0:0: [sde] Attached SCSI disk
sd 4:0:0:0: Attached scsi generic sg4 type 0
scsi 5:0:0:0: Direct-Access     ATA      ST3750640AS      3.AA PQ: 0 ANSI: 5
ata6: bounce limit 0xFFFFFFFFFFFFFFFF, segment boundary 0xFFFFFFFF, hw segs 61
sd 5:0:0:0: [sdf] 1465149168 512-byte hardware sectors (750156 MB)
sd 5:0:0:0: [sdf] Write Protect is off
sd 5:0:0:0: [sdf] Mode Sense: 00 3a 00 00
sd 5:0:0:0: [sdf] Write cache: enabled, read cache: enabled, doesn't support DPO or FUA
sd 5:0:0:0: [sdf] 1465149168 512-byte hardware sectors (750156 MB)
sd 5:0:0:0: [sdf] Write Protect is off
sd 5:0:0:0: [sdf] Mode Sense: 00 3a 00 00
sd 5:0:0:0: [sdf] Write cache: enabled, read cache: enabled, doesn't support DPO or FUA
 sdf: sdf1 sdf2
sd 5:0:0:0: [sdf] Attached SCSI disk
sd 5:0:0:0: Attached scsi generic sg5 type 0
ACPI: PCI Interrupt Link [APSJ] enabled at IRQ 21
ACPI: PCI Interrupt 0000:00:08.0[A] -> Link [APSJ] -> GSI 21 (level, low) -> IRQ 21
sata_nv 0000:00:08.0: Using ADMA mode
PCI: Setting latency timer of device 0000:00:08.0 to 64
scsi6 : sata_nv
scsi7 : sata_nv
ata7: SATA max UDMA/133 cmd 0xffffc20000054480 ctl 0xffffc200000544a0 bmdma 0x000000000001c400 irq 0
ata8: SATA max UDMA/133 cmd 0xffffc20000054580 ctl 0xffffc200000545a0 bmdma 0x000000000001c408 irq 0
ata7: SATA link up 3.0 Gbps (SStatus 123 SControl 300)
ata7.00: ata_hpa_resize 1: sectors = 1465149168, hpa_sectors = 1465149168
ata7.00: ATA-7: ST3750640AS, 3.AAE, max UDMA/133
ata7.00: 1465149168 sectors, multi 1: LBA48 NCQ (depth 31/32)
ata7.00: ata_hpa_resize 1: sectors = 1465149168, hpa_sectors = 1465149168
ata7.00: configured for UDMA/133
ata8: SATA link up 3.0 Gbps (SStatus 123 SControl 300)
ata8.00: ata_hpa_resize 1: sectors = 1465149168, hpa_sectors = 1465149168
ata8.00: ATA-7: ST3750640AS, 3.AAE, max UDMA/133
ata8.00: 1465149168 sectors, multi 1: LBA48 NCQ (depth 31/32)
ata8.00: ata_hpa_resize 1: sectors = 1465149168, hpa_sectors = 1465149168
ata8.00: configured for UDMA/133
scsi 6:0:0:0: Direct-Access     ATA      ST3750640AS      3.AA PQ: 0 ANSI: 5
ata7: bounce limit 0xFFFFFFFFFFFFFFFF, segment boundary 0xFFFFFFFF, hw segs 61
sd 6:0:0:0: [sdg] 1465149168 512-byte hardware sectors (750156 MB)
sd 6:0:0:0: [sdg] Write Protect is off
sd 6:0:0:0: [sdg] Mode Sense: 00 3a 00 00
sd 6:0:0:0: [sdg] Write cache: enabled, read cache: enabled, doesn't support DPO or FUA
sd 6:0:0:0: [sdg] 1465149168 512-byte hardware sectors (750156 MB)
sd 6:0:0:0: [sdg] Write Protect is off
sd 6:0:0:0: [sdg] Mode Sense: 00 3a 00 00
sd 6:0:0:0: [sdg] Write cache: enabled, read cache: enabled, doesn't support DPO or FUA
 sdg: sdg1 sdg2
sd 6:0:0:0: [sdg] Attached SCSI disk
sd 6:0:0:0: Attached scsi generic sg6 type 0
scsi 7:0:0:0: Direct-Access     ATA      ST3750640AS      3.AA PQ: 0 ANSI: 5
ata8: bounce limit 0xFFFFFFFFFFFFFFFF, segment boundary 0xFFFFFFFF, hw segs 61
sd 7:0:0:0: [sdh] 1465149168 512-byte hardware sectors (750156 MB)
sd 7:0:0:0: [sdh] Write Protect is off
sd 7:0:0:0: [sdh] Mode Sense: 00 3a 00 00
sd 7:0:0:0: [sdh] Write cache: enabled, read cache: enabled, doesn't support DPO or FUA
sd 7:0:0:0: [sdh] 1465149168 512-byte hardware sectors (750156 MB)
sd 7:0:0:0: [sdh] Write Protect is off
sd 7:0:0:0: [sdh] Mode Sense: 00 3a 00 00
sd 7:0:0:0: [sdh] Write cache: enabled, read cache: enabled, doesn't support DPO or FUA
 sdh: sdh1 sdh2
sd 7:0:0:0: [sdh] Attached SCSI disk
sd 7:0:0:0: Attached scsi generic sg7 type 0
video1394: Installed video1394 module
ieee1394: raw1394: /dev/raw1394 device initialized
NOTE: The dv1394 driver is unsupported and may be removed in a future Linux release. Use raw1394 instead.
ACPI: PCI Interrupt Link [APCL] enabled at IRQ 20
ACPI: PCI Interrupt 0000:00:02.1[B] -> Link [APCL] -> GSI 20 (level, low) -> IRQ 20
PCI: Setting latency timer of device 0000:00:02.1 to 64
ehci_hcd 0000:00:02.1: EHCI Host Controller
ehci_hcd 0000:00:02.1: new USB bus registered, assigned bus number 1
ehci_hcd 0000:00:02.1: debug port 1
PCI: cache line size of 64 is not supported by device 0000:00:02.1
ehci_hcd 0000:00:02.1: irq 20, io mem 0xfeb00000
ehci_hcd 0000:00:02.1: USB 2.0 started, EHCI 1.00, driver 10 Dec 2004
usb usb1: new device found, idVendor=0000, idProduct=0000
usb usb1: new device strings: Mfr=3, Product=2, SerialNumber=1
usb usb1: Product: EHCI Host Controller
usb usb1: Manufacturer: Linux 2.6.21-rc7-mm2 ehci_hcd
usb usb1: SerialNumber: 0000:00:02.1
usb usb1: configuration #1 chosen from 1 choice
hub 1-0:1.0: USB hub found
hub 1-0:1.0: 10 ports detected
ohci_hcd: 2006 August 04 USB 1.1 'Open' Host Controller (OHCI) Driver
ACPI: PCI Interrupt Link [APCF] enabled at IRQ 23
ACPI: PCI Interrupt 0000:00:02.0[A] -> Link [APCF] -> GSI 23 (level, low) -> IRQ 23
PCI: Setting latency timer of device 0000:00:02.0 to 64
ohci_hcd 0000:00:02.0: OHCI Host Controller
ohci_hcd 0000:00:02.0: new USB bus registered, assigned bus number 2
ohci_hcd 0000:00:02.0: irq 23, io mem 0xda004000
usb usb2: new device found, idVendor=0000, idProduct=0000
usb usb2: new device strings: Mfr=3, Product=2, SerialNumber=1
usb usb2: Product: OHCI Host Controller
usb usb2: Manufacturer: Linux 2.6.21-rc7-mm2 ohci_hcd
usb usb2: SerialNumber: 0000:00:02.0
usb usb2: configuration #1 chosen from 1 choice
hub 2-0:1.0: USB hub found
hub 2-0:1.0: 10 ports detected
usbcore: registered new interface driver usblp
drivers/usb/class/usblp.c: v0.13: USB Printer Device Class driver
PNP: PS/2 Controller [PNP0303:PS2K,PNP0f13:PS2M] at 0x60,0x64 irq 1,12
serio: i8042 KBD port at 0x60,0x64 irq 1
serio: i8042 AUX port at 0x60,0x64 irq 12
mice: PS/2 mouse device common for all mice
input: AT Translated Set 2 keyboard as /class/input/input2
input: PC Speaker as /class/input/input3
input: ImPS/2 Logitech Wheel Mouse as /class/input/input4
i2c /dev entries driver
async_tx: api initialized (sync-only)
xor: automatically using best checksumming function: generic_sse
   generic_sse:  7696.000 MB/sec
xor: using function: generic_sse (7696.000 MB/sec)
md: linear personality registered for level -1
md: raid0 personality registered for level 0
md: raid1 personality registered for level 1
md: raid10 personality registered for level 10
raid6: int64x1   2195 MB/s
raid6: int64x2   2980 MB/s
raid6: int64x4   3164 MB/s
raid6: int64x8   1996 MB/s
raid6: sse2x1    2562 MB/s
raid6: sse2x2    3492 MB/s
raid6: sse2x4    4281 MB/s
raid6: using algorithm sse2x4 (4281 MB/s)
md: raid6 personality registered for level 6
md: raid5 personality registered for level 5
md: raid4 personality registered for level 4
EDAC MC: Ver: 2.0.1 May 11 2007
EDAC MC0: Giving out device to k8_edac Athlon64/Opteron: DEV 0000:00:18.2
nf_conntrack version 0.5.0 (8192 buckets, 65536 max)
IPv4 over IPv4 tunneling driver
GRE over IPv4 tunneling driver
TCP cubic registered
NET: Registered protocol family 1
NET: Registered protocol family 17
NET: Registered protocol family 15
powernow-k8: Found 2 AMD Athlon(tm) 64 X2 Dual Core Processor 4600+ processors (version 2.00.00)
powernow-k8:    0 : fid 0x10 (2400 MHz), vid 0x8
powernow-k8:    1 : fid 0xe (2200 MHz), vid 0xa
powernow-k8:    2 : fid 0xc (2000 MHz), vid 0xc
powernow-k8:    3 : fid 0xa (1800 MHz), vid 0xe
powernow-k8:    4 : fid 0x2 (1000 MHz), vid 0x12
drivers/rtc/hctosys.c: unable to open rtc device (rtc0)
md: Autodetecting RAID arrays.
md: autorun ...
md: considering sdh1 ...
md:  adding sdh1 ...
md:  adding sdg1 ...
md:  adding sdf1 ...
md:  adding sde1 ...
md:  adding sdd1 ...
md:  adding sdc1 ...
md:  adding sdb1 ...
md:  adding sda1 ...
md: hdc9 has different UUID to sdh1
md: hdc8 has different UUID to sdh1
md: hdc7 has different UUID to sdh1
md: hdc6 has different UUID to sdh1
md: hdc5 has different UUID to sdh1
md: hda9 has different UUID to sdh1
md: hda8 has different UUID to sdh1
md: hda7 has different UUID to sdh1
md: hda6 has different UUID to sdh1
md: hda5 has different UUID to sdh1
md: created md0
md: bind<sda1>
md: bind<sdb1>
md: bind<sdc1>
md: bind<sdd1>
md: bind<sde1>
md: bind<sdf1>
md: bind<sdg1>
md: bind<sdh1>
md: running: <sdh1><sdg1><sdf1><sde1><sdd1><sdc1><sdb1><sda1>
raid5: device sdh1 operational as raid disk 5
raid5: device sdg1 operational as raid disk 6
raid5: device sdf1 operational as raid disk 1
raid5: device sde1 operational as raid disk 0
raid5: device sdd1 operational as raid disk 7
raid5: device sdc1 operational as raid disk 4
raid5: device sdb1 operational as raid disk 2
raid5: device sda1 operational as raid disk 3
raid5: allocated 8474kB for md0
raid5: raid level 6 set md0 active with 8 out of 8 devices, algorithm 2
RAID5 conf printout:
 --- rd:8 wd:8
 disk 0, o:1, dev:sde1
 disk 1, o:1, dev:sdf1
 disk 2, o:1, dev:sdb1
 disk 3, o:1, dev:sda1
 disk 4, o:1, dev:sdc1
 disk 5, o:1, dev:sdh1
 disk 6, o:1, dev:sdg1
 disk 7, o:1, dev:sdd1
md0: bitmap initialized from disk: read 15/15 pages, set 1 bits, status: 0
created bitmap (233 pages) for device md0
md: considering hdc9 ...
md:  adding hdc9 ...
md: hdc8 has different UUID to hdc9
md: hdc7 has different UUID to hdc9
md: hdc6 has different UUID to hdc9
md: hdc5 has different UUID to hdc9
md:  adding hda9 ...
md: hda8 has different UUID to hdc9
md: hda7 has different UUID to hdc9
md: hda6 has different UUID to hdc9
md: hda5 has different UUID to hdc9
md: created md4
md: bind<hda9>
md: bind<hdc9>
md: running: <hdc9><hda9>
raid1: raid set md4 active with 2 out of 2 mirrors
md4: bitmap initialized from disk: read 10/10 pages, set 46 bits, status: 0
created bitmap (156 pages) for device md4
md: considering hdc8 ...
md:  adding hdc8 ...
md: hdc7 has different UUID to hdc8
md: hdc6 has different UUID to hdc8
md: hdc5 has different UUID to hdc8
md:  adding hda8 ...
md: hda7 has different UUID to hdc8
md: hda6 has different UUID to hdc8
md: hda5 has different UUID to hdc8
md: created md3
md: bind<hda8>
md: bind<hdc8>
md: running: <hdc8><hda8>
raid1: raid set md3 active with 2 out of 2 mirrors
md3: bitmap initialized from disk: read 8/8 pages, set 6 bits, status: 0
created bitmap (123 pages) for device md3
md: considering hdc7 ...
md:  adding hdc7 ...
md: hdc6 has different UUID to hdc7
md: hdc5 has different UUID to hdc7
md:  adding hda7 ...
md: hda6 has different UUID to hdc7
md: hda5 has different UUID to hdc7
md: created md2
md: bind<hda7>
md: bind<hdc7>
md: running: <hdc7><hda7>
raid1: raid set md2 active with 2 out of 2 mirrors
md2: bitmap initialized from disk: read 8/8 pages, set 131 bits, status: 0
created bitmap (123 pages) for device md2
md: considering hdc6 ...
md:  adding hdc6 ...
md: hdc5 has different UUID to hdc6
md:  adding hda6 ...
md: hda5 has different UUID to hdc6
md: created md1
md: bind<hda6>
md: bind<hdc6>
md: running: <hdc6><hda6>
raid1: raid set md1 active with 2 out of 2 mirrors
md1: bitmap initialized from disk: read 12/12 pages, set 96 bits, status: 0
created bitmap (184 pages) for device md1
md: considering hdc5 ...
md:  adding hdc5 ...
md:  adding hda5 ...
md: created md5
md: bind<hda5>
md: bind<hdc5>
md: running: <hdc5><hda5>
raid1: raid set md5 active with 2 out of 2 mirrors
md5: bitmap initialized from disk: read 9/9 pages, set 0 bits, status: 0
created bitmap (129 pages) for device md5
md: ... autorun DONE.
kjournald starting.  Commit interval 5 seconds
EXT3-fs: mounted filesystem with ordered data mode.
VFS: Mounted root (ext3 filesystem) readonly.
Freeing unused kernel memory: 264k freed
Adding 4200888k swap on /dev/md5.  Priority:-1 extents:1 across:4200888k
EXT3 FS on md2, internal journal
i2c-adapter i2c-3: nForce2 SMBus adapter at 0x4c00
i2c-adapter i2c-4: nForce2 SMBus adapter at 0x4c40
it87: Found IT8712F chip at 0x290, revision 7
it87: in3 is VCC (+5V)
it87: in7 is VCCH (+5V Stand-By)
it87-isa 9191-0290: Detected broken BIOS defaults, disabling PWM interface
ACPI: PCI Interrupt 0000:05:08.0[A] -> Link [APC3] -> GSI 18 (level, low) -> IRQ 18
Installing spdif_bug patch: Audigy 2 ZS [2001]
kjournald starting.  Commit interval 5 seconds
EXT3 FS on md1, internal journal
EXT3-fs: mounted filesystem with ordered data mode.
kjournald starting.  Commit interval 5 seconds
EXT3 FS on md3, internal journal
EXT3-fs: mounted filesystem with ordered data mode.
ReiserFS: md4: found reiserfs format "3.6" with standard journal
ReiserFS: md4: using ordered data mode
ReiserFS: md4: journal params: device md4, size 8192, journal first block 18, max trans len 1024, max batch 900, max commit age 30, max trans age 30
ReiserFS: md4: checking transaction log (md4)
ReiserFS: md4: Using r5 hash to sort names
kjournald starting.  Commit interval 5 seconds
EXT3 FS on md0, internal journal
EXT3-fs: mounted filesystem with ordered data mode.
kjournald starting.  Commit interval 5 seconds
EXT3 FS on hdi1, internal journal
EXT3-fs: mounted filesystem with ordered data mode.
ReiserFS: hde1: found reiserfs format "3.6" with standard journal
ReiserFS: hde1: using ordered data mode
ReiserFS: hde1: journal params: device hde1, size 8192, journal first block 18, max trans len 1024, max batch 900, max commit age 30, max trans age 30
ReiserFS: hde1: checking transaction log (hde1)
ReiserFS: hde1: Using r5 hash to sort names
.config:
#
# Automatically generated make config: don't edit
# Linux kernel version: 2.6.21-mm2
# Fri May 11 16:03:58 2007
#
CONFIG_X86_64=y
CONFIG_64BIT=y
CONFIG_X86=y
CONFIG_GENERIC_TIME=y
CONFIG_GENERIC_TIME_VSYSCALL=y
CONFIG_ZONE_DMA32=y
CONFIG_LOCKDEP_SUPPORT=y
CONFIG_STACKTRACE_SUPPORT=y
CONFIG_SEMAPHORE_SLEEPERS=y
CONFIG_MMU=y
CONFIG_ZONE_DMA=y
CONFIG_QUICKLIST=y
CONFIG_NR_QUICK=2
CONFIG_RWSEM_GENERIC_SPINLOCK=y
CONFIG_GENERIC_HWEIGHT=y
CONFIG_GENERIC_CALIBRATE_DELAY=y
CONFIG_X86_CMPXCHG=y
CONFIG_EARLY_PRINTK=y
CONFIG_GENERIC_ISA_DMA=y
CONFIG_GENERIC_IOMAP=y
CONFIG_ARCH_MAY_HAVE_PC_FDC=y
CONFIG_ARCH_POPULATES_NODE_MAP=y
CONFIG_DMI=y
CONFIG_AUDIT_ARCH=y
CONFIG_GENERIC_BUG=y
# CONFIG_ARCH_HAS_ILOG2_U32 is not set
# CONFIG_ARCH_HAS_ILOG2_U64 is not set
CONFIG_DEFCONFIG_LIST="/lib/modules/$UNAME_RELEASE/.config"
#
# Code maturity level options
#
CONFIG_EXPERIMENTAL=y
CONFIG_LOCK_KERNEL=y
CONFIG_INIT_ENV_ARG_LIMIT=32
#
# General setup
#
CONFIG_LOCALVERSION=""
CONFIG_LOCALVERSION_AUTO=y
CONFIG_SWAP=y
CONFIG_SWAP_PREFETCH=y
CONFIG_SYSVIPC=y
# CONFIG_IPC_NS is not set
CONFIG_SYSVIPC_SYSCTL=y
CONFIG_POSIX_MQUEUE=y
CONFIG_BSD_PROCESS_ACCT=y
# CONFIG_BSD_PROCESS_ACCT_V3 is not set
# CONFIG_TASKSTATS is not set
# CONFIG_UTS_NS is not set
# CONFIG_AUDIT is not set
CONFIG_IKCONFIG=y
CONFIG_IKCONFIG_PROC=y
CONFIG_LOG_BUF_SHIFT=18
# CONFIG_CPUSETS is not set
CONFIG_SYSFS_DEPRECATED=y
# CONFIG_RELAY is not set
# CONFIG_BLK_DEV_INITRD is not set
# CONFIG_CC_OPTIMIZE_FOR_SIZE is not set
CONFIG_SYSCTL=y
# CONFIG_EMBEDDED is not set
CONFIG_SYSCTL_SYSCALL=y
CONFIG_KALLSYMS=y
# CONFIG_KALLSYMS_ALL is not set
# CONFIG_KALLSYMS_EXTRA_PASS is not set
CONFIG_HOTPLUG=y
CONFIG_PRINTK=y
CONFIG_BUG=y
CONFIG_ELF_CORE=y
CONFIG_BASE_FULL=y
CONFIG_FUTEX=y
CONFIG_ANON_INODES=y
CONFIG_EPOLL=y
CONFIG_SIGNALFD=y
CONFIG_TIMERFD=y
CONFIG_EVENTFD=y
CONFIG_SHMEM=y
CONFIG_VM_EVENT_COUNTERS=y
CONFIG_SLUB_DEBUG=y
CONFIG_SLAB=y
# CONFIG_SLUB is not set
# CONFIG_SLOB is not set
CONFIG_PROC_SMAPS=y
CONFIG_PROC_CLEAR_REFS=y
CONFIG_PROC_PAGEMAP=y
CONFIG_PROC_KPAGEMAP=y
CONFIG_RT_MUTEXES=y
# CONFIG_TINY_SHMEM is not set
CONFIG_BASE_SMALL=0
#
# Loadable module support
#
CONFIG_MODULES=y
CONFIG_MODULE_UNLOAD=y
CONFIG_MODULE_FORCE_UNLOAD=y
# CONFIG_MODVERSIONS is not set
# CONFIG_MODULE_SRCVERSION_ALL is not set
CONFIG_KMOD=y
CONFIG_STOP_MACHINE=y
#
# Block layer
#
CONFIG_BLOCK=y
# CONFIG_BLK_DEV_IO_TRACE is not set
#
# IO Schedulers
#
CONFIG_IOSCHED_NOOP=y
CONFIG_IOSCHED_AS=y
# CONFIG_IOSCHED_DEADLINE is not set
# CONFIG_IOSCHED_CFQ is not set
CONFIG_DEFAULT_AS=y
# CONFIG_DEFAULT_DEADLINE is not set
# CONFIG_DEFAULT_CFQ is not set
# CONFIG_DEFAULT_NOOP is not set
CONFIG_DEFAULT_IOSCHED="anticipatory"
#
# Processor type and features
#
CONFIG_X86_PC=y
# CONFIG_X86_VSMP is not set
CONFIG_MK8=y
# CONFIG_MPSC is not set
# CONFIG_MCORE2 is not set
# CONFIG_GENERIC_CPU is not set
CONFIG_X86_L1_CACHE_BYTES=64
CONFIG_X86_L1_CACHE_SHIFT=6
CONFIG_X86_INTERNODE_CACHE_BYTES=64
CONFIG_X86_TSC=y
CONFIG_X86_GOOD_APIC=y
# CONFIG_MICROCODE is not set
CONFIG_X86_MSR=y
CONFIG_X86_CPUID=y
CONFIG_X86_IO_APIC=y
CONFIG_X86_LOCAL_APIC=y
CONFIG_MTRR=y
CONFIG_SMP=y
# CONFIG_SCHED_SMT is not set
CONFIG_SCHED_MC=y
# CONFIG_PREEMPT_NONE is not set
CONFIG_PREEMPT_VOLUNTARY=y
# CONFIG_PREEMPT is not set
CONFIG_PREEMPT_BKL=y
# CONFIG_NUMA is not set
CONFIG_ARCH_SPARSEMEM_ENABLE=y
CONFIG_ARCH_FLATMEM_ENABLE=y
CONFIG_SELECT_MEMORY_MODEL=y
CONFIG_FLATMEM_MANUAL=y
# CONFIG_DISCONTIGMEM_MANUAL is not set
# CONFIG_SPARSEMEM_MANUAL is not set
CONFIG_FLATMEM=y
CONFIG_FLAT_NODE_MEM_MAP=y
# CONFIG_SPARSEMEM_STATIC is not set
CONFIG_SPLIT_PTLOCK_CPUS=4
CONFIG_RESOURCES_64BIT=y
CONFIG_ZONE_DMA_FLAG=1
CONFIG_NR_CPUS=2
# CONFIG_HOTPLUG_CPU is not set
CONFIG_ARCH_ENABLE_MEMORY_HOTPLUG=y
CONFIG_HPET_TIMER=y
CONFIG_HPET_EMULATE_RTC=y
CONFIG_IOMMU=y
# CONFIG_CALGARY_IOMMU is not set
CONFIG_SWIOTLB=y
CONFIG_X86_MCE=y
# CONFIG_X86_MCE_INTEL is not set
CONFIG_X86_MCE_AMD=y
# CONFIG_KEXEC is not set
# CONFIG_CRASH_DUMP is not set
# CONFIG_RELOCATABLE is not set
CONFIG_PHYSICAL_START=0x200000
CONFIG_SECCOMP=y
# CONFIG_CC_STACKPROTECTOR is not set
# CONFIG_HZ_100 is not set
# CONFIG_HZ_250 is not set
# CONFIG_HZ_300 is not set
CONFIG_HZ_1000=y
CONFIG_HZ=1000
CONFIG_K8_NB=y
CONFIG_GENERIC_HARDIRQS=y
CONFIG_GENERIC_IRQ_PROBE=y
CONFIG_ISA_DMA_API=y
CONFIG_GENERIC_PENDING_IRQ=y
CONFIG_FREEZER=y
#
# Power management options
#
CONFIG_PM=y
# CONFIG_PM_LEGACY is not set
# CONFIG_PM_DEBUG is not set
# CONFIG_PM_SYSFS_DEPRECATED is not set
CONFIG_ACPI=y
# CONFIG_ACPI_PROCFS is not set
CONFIG_ACPI_AC=y
# CONFIG_ACPI_BATTERY is not set
CONFIG_ACPI_BUTTON=y
# CONFIG_ACPI_VIDEO is not set
CONFIG_ACPI_FAN=y
# CONFIG_ACPI_DOCK is not set
CONFIG_ACPI_PROCESSOR=y
CONFIG_ACPI_THERMAL=y
# CONFIG_ACPI_ASUS is not set
# CONFIG_ACPI_TOSHIBA is not set
CONFIG_ACPI_BLACKLIST_YEAR=0
# CONFIG_ACPI_DEBUG is not set
CONFIG_ACPI_EC=y
CONFIG_ACPI_POWER=y
CONFIG_ACPI_SYSTEM=y
CONFIG_X86_PM_TIMER=y
# CONFIG_ACPI_CONTAINER is not set
# CONFIG_ACPI_SBS is not set
#
# CPU Frequency scaling
#
CONFIG_CPU_FREQ=y
CONFIG_CPU_FREQ_TABLE=y
# CONFIG_CPU_FREQ_DEBUG is not set
CONFIG_CPU_FREQ_STAT=y
# CONFIG_CPU_FREQ_STAT_DETAILS is not set
CONFIG_CPU_FREQ_DEFAULT_GOV_PERFORMANCE=y
# CONFIG_CPU_FREQ_DEFAULT_GOV_USERSPACE is not set
CONFIG_CPU_FREQ_GOV_PERFORMANCE=y
CONFIG_CPU_FREQ_GOV_POWERSAVE=y
# CONFIG_CPU_FREQ_GOV_USERSPACE is not set
CONFIG_CPU_FREQ_GOV_ONDEMAND=y
# CONFIG_CPU_FREQ_GOV_CONSERVATIVE is not set
#
# CPUFreq processor drivers
#
CONFIG_X86_POWERNOW_K8=y
CONFIG_X86_POWERNOW_K8_ACPI=y
# CONFIG_X86_SPEEDSTEP_CENTRINO is not set
CONFIG_X86_ACPI_CPUFREQ=m
#
# shared options
#
# CONFIG_X86_ACPI_CPUFREQ_PROC_INTF is not set
# CONFIG_X86_SPEEDSTEP_LIB is not set
#
# Bus options (PCI etc.)
#
CONFIG_PCI=y
CONFIG_PCI_DIRECT=y
CONFIG_PCI_MMCONFIG=y
# CONFIG_PCI_DOMAINS is not set
CONFIG_PCIEPORTBUS=y
CONFIG_PCIEAER=y
CONFIG_ARCH_SUPPORTS_MSI=y
CONFIG_PCI_MSI=y
# CONFIG_PCI_DEBUG is not set
CONFIG_HT_IRQ=y
# CONFIG_PCCARD is not set
# CONFIG_HOTPLUG_PCI is not set
#
# Executable file formats / Emulations
#
CONFIG_BINFMT_ELF=y
# CONFIG_BINFMT_MISC is not set
# CONFIG_IA32_EMULATION is not set
#
# Networking
#
CONFIG_NET=y
#
# Networking options
#
CONFIG_PACKET=y
CONFIG_PACKET_MMAP=y
CONFIG_UNIX=y
CONFIG_XFRM=y
# CONFIG_XFRM_USER is not set
# CONFIG_XFRM_SUB_POLICY is not set
# CONFIG_XFRM_MIGRATE is not set
CONFIG_NET_KEY=y
# CONFIG_NET_KEY_MIGRATE is not set
CONFIG_INET=y
CONFIG_IP_MULTICAST=y
CONFIG_IP_ADVANCED_ROUTER=y
CONFIG_ASK_IP_FIB_HASH=y
# CONFIG_IP_FIB_TRIE is not set
CONFIG_IP_FIB_HASH=y
# CONFIG_IP_MULTIPLE_TABLES is not set
# CONFIG_IP_ROUTE_MULTIPATH is not set
CONFIG_IP_ROUTE_VERBOSE=y
# CONFIG_IP_PNP is not set
CONFIG_NET_IPIP=y
CONFIG_NET_IPGRE=y
CONFIG_NET_IPGRE_BROADCAST=y
# CONFIG_IP_MROUTE is not set
# CONFIG_ARPD is not set
CONFIG_SYN_COOKIES=y
CONFIG_INET_AH=y
CONFIG_INET_ESP=y
CONFIG_INET_IPCOMP=y
CONFIG_INET_XFRM_TUNNEL=y
CONFIG_INET_TUNNEL=y
CONFIG_INET_XFRM_MODE_TRANSPORT=y
CONFIG_INET_XFRM_MODE_TUNNEL=y
CONFIG_INET_XFRM_MODE_BEET=y
CONFIG_INET_DIAG=y
CONFIG_INET_TCP_DIAG=y
# CONFIG_TCP_CONG_ADVANCED is not set
CONFIG_TCP_CONG_CUBIC=y
CONFIG_DEFAULT_TCP_CONG="cubic"
# CONFIG_TCP_MD5SIG is not set
CONFIG_IP_VS=m
# CONFIG_IP_VS_DEBUG is not set
CONFIG_IP_VS_TAB_BITS=12
#
# IPVS transport protocol load balancing support
#
CONFIG_IP_VS_PROTO_TCP=y
CONFIG_IP_VS_PROTO_UDP=y
CONFIG_IP_VS_PROTO_ESP=y
CONFIG_IP_VS_PROTO_AH=y
#
# IPVS scheduler
#
CONFIG_IP_VS_RR=m
CONFIG_IP_VS_WRR=m
CONFIG_IP_VS_LC=m
CONFIG_IP_VS_WLC=m
CONFIG_IP_VS_LBLC=m
CONFIG_IP_VS_LBLCR=m
CONFIG_IP_VS_DH=m
CONFIG_IP_VS_SH=m
CONFIG_IP_VS_SED=m
CONFIG_IP_VS_NQ=m
#
# IPVS application helper
#
CONFIG_IP_VS_FTP=m
# CONFIG_IPV6 is not set
# CONFIG_INET6_XFRM_TUNNEL is not set
# CONFIG_INET6_TUNNEL is not set
# CONFIG_NETWORK_SECMARK is not set
CONFIG_NETFILTER=y
# CONFIG_NETFILTER_DEBUG is not set
#
# Core Netfilter Configuration
#
# CONFIG_NETFILTER_NETLINK is not set
CONFIG_NF_CONNTRACK_ENABLED=y
CONFIG_NF_CONNTRACK=y
CONFIG_NF_CT_ACCT=y
CONFIG_NF_CONNTRACK_MARK=y
CONFIG_NF_CONNTRACK_EVENTS=y
CONFIG_NF_CT_PROTO_GRE=m
CONFIG_NF_CT_PROTO_SCTP=m
CONFIG_NF_CONNTRACK_AMANDA=m
CONFIG_NF_CONNTRACK_FTP=m
CONFIG_NF_CONNTRACK_H323=m
CONFIG_NF_CONNTRACK_IRC=m
CONFIG_NF_CONNTRACK_NETBIOS_NS=m
CONFIG_NF_CONNTRACK_PPTP=m
# CONFIG_NF_CONNTRACK_SANE is not set
CONFIG_NF_CONNTRACK_SIP=m
CONFIG_NF_CONNTRACK_TFTP=m
CONFIG_NETFILTER_XTABLES=m
CONFIG_NETFILTER_XT_TARGET_CLASSIFY=m
CONFIG_NETFILTER_XT_TARGET_CONNMARK=m
CONFIG_NETFILTER_XT_TARGET_DSCP=m
CONFIG_NETFILTER_XT_TARGET_MARK=m
CONFIG_NETFILTER_XT_TARGET_NFQUEUE=m
CONFIG_NETFILTER_XT_TARGET_NFLOG=m
CONFIG_NETFILTER_XT_TARGET_NOTRACK=m
# CONFIG_NETFILTER_XT_TARGET_TCPMSS is not set
CONFIG_NETFILTER_XT_MATCH_COMMENT=m
CONFIG_NETFILTER_XT_MATCH_CONNBYTES=m
CONFIG_NETFILTER_XT_MATCH_CONNMARK=m
CONFIG_NETFILTER_XT_MATCH_CONNTRACK=m
CONFIG_NETFILTER_XT_MATCH_DCCP=m
CONFIG_NETFILTER_XT_MATCH_DSCP=m
CONFIG_NETFILTER_XT_MATCH_ESP=m
CONFIG_NETFILTER_XT_MATCH_HELPER=m
CONFIG_NETFILTER_XT_MATCH_LENGTH=m
CONFIG_NETFILTER_XT_MATCH_LIMIT=m
CONFIG_NETFILTER_XT_MATCH_MAC=m
CONFIG_NETFILTER_XT_MATCH_MARK=m
CONFIG_NETFILTER_XT_MATCH_POLICY=m
CONFIG_NETFILTER_XT_MATCH_MULTIPORT=m
CONFIG_NETFILTER_XT_MATCH_PKTTYPE=m
CONFIG_NETFILTER_XT_MATCH_QUOTA=m
CONFIG_NETFILTER_XT_MATCH_REALM=m
CONFIG_NETFILTER_XT_MATCH_SCTP=m
CONFIG_NETFILTER_XT_MATCH_STATE=m
CONFIG_NETFILTER_XT_MATCH_STATISTIC=m
CONFIG_NETFILTER_XT_MATCH_STRING=m
CONFIG_NETFILTER_XT_MATCH_TCPMSS=m
CONFIG_NETFILTER_XT_MATCH_HASHLIMIT=m
#
# IP: Netfilter Configuration
#
CONFIG_NF_CONNTRACK_IPV4=m
CONFIG_NF_CONNTRACK_PROC_COMPAT=y
CONFIG_IP_NF_QUEUE=m
CONFIG_IP_NF_IPTABLES=m
CONFIG_IP_NF_MATCH_IPRANGE=m
CONFIG_IP_NF_MATCH_TOS=m
CONFIG_IP_NF_MATCH_RECENT=m
CONFIG_IP_NF_MATCH_ECN=m
CONFIG_IP_NF_MATCH_AH=m
CONFIG_IP_NF_MATCH_TTL=m
CONFIG_IP_NF_MATCH_OWNER=m
CONFIG_IP_NF_MATCH_ADDRTYPE=m
CONFIG_IP_NF_FILTER=m
CONFIG_IP_NF_TARGET_REJECT=m
CONFIG_IP_NF_TARGET_LOG=m
CONFIG_IP_NF_TARGET_ULOG=m
CONFIG_NF_NAT=m
CONFIG_NF_NAT_NEEDED=y
CONFIG_IP_NF_TARGET_MASQUERADE=m
CONFIG_IP_NF_TARGET_REDIRECT=m
CONFIG_IP_NF_TARGET_NETMAP=m
CONFIG_IP_NF_TARGET_SAME=m
CONFIG_NF_NAT_SNMP_BASIC=m
CONFIG_NF_NAT_PROTO_GRE=m
CONFIG_NF_NAT_FTP=m
CONFIG_NF_NAT_IRC=m
CONFIG_NF_NAT_TFTP=m
CONFIG_NF_NAT_AMANDA=m
CONFIG_NF_NAT_PPTP=m
CONFIG_NF_NAT_H323=m
CONFIG_NF_NAT_SIP=m
CONFIG_IP_NF_MANGLE=m
CONFIG_IP_NF_TARGET_TOS=m
CONFIG_IP_NF_TARGET_ECN=m
CONFIG_IP_NF_TARGET_TTL=m
CONFIG_IP_NF_TARGET_CLUSTERIP=m
CONFIG_IP_NF_RAW=m
CONFIG_IP_NF_ARPTABLES=m
CONFIG_IP_NF_ARPFILTER=m
CONFIG_IP_NF_ARP_MANGLE=m
# CONFIG_IP_DCCP is not set
CONFIG_IP_SCTP=m
# CONFIG_SCTP_DBG_MSG is not set
# CONFIG_SCTP_DBG_OBJCNT is not set
# CONFIG_SCTP_HMAC_NONE is not set
# CONFIG_SCTP_HMAC_SHA1 is not set
CONFIG_SCTP_HMAC_MD5=y
# CONFIG_TIPC is not set
# CONFIG_ATM is not set
# CONFIG_BRIDGE is not set
# CONFIG_VLAN_8021Q is not set
# CONFIG_DECNET is not set
# CONFIG_LLC2 is not set
# CONFIG_IPX is not set
# CONFIG_ATALK is not set
# CONFIG_X25 is not set
# CONFIG_LAPB is not set
# CONFIG_ECONET is not set
# CONFIG_WAN_ROUTER is not set
#
# QoS and/or fair queueing
#
CONFIG_NET_SCHED=y
CONFIG_NET_SCH_FIFO=y
#
# Queueing/Scheduling
#
CONFIG_NET_SCH_CBQ=m
CONFIG_NET_SCH_HTB=m
CONFIG_NET_SCH_HFSC=m
CONFIG_NET_SCH_PRIO=m
CONFIG_NET_SCH_RED=m
CONFIG_NET_SCH_SFQ=m
CONFIG_NET_SCH_TEQL=m
CONFIG_NET_SCH_TBF=m
CONFIG_NET_SCH_GRED=m
CONFIG_NET_SCH_DSMARK=m
CONFIG_NET_SCH_NETEM=m
CONFIG_NET_SCH_INGRESS=m
#
# Classification
#
CONFIG_NET_CLS=y
# CONFIG_NET_CLS_BASIC is not set
CONFIG_NET_CLS_TCINDEX=m
CONFIG_NET_CLS_ROUTE4=m
CONFIG_NET_CLS_ROUTE=y
CONFIG_NET_CLS_FW=m
CONFIG_NET_CLS_U32=m
# CONFIG_CLS_U32_PERF is not set
# CONFIG_CLS_U32_MARK is not set
CONFIG_NET_CLS_RSVP=m
CONFIG_NET_CLS_RSVP6=m
# CONFIG_NET_EMATCH is not set
# CONFIG_NET_CLS_ACT is not set
CONFIG_NET_CLS_POLICE=y
# CONFIG_NET_CLS_IND is not set
CONFIG_NET_ESTIMATOR=y
#
# Network testing
#
CONFIG_NET_PKTGEN=m
# CONFIG_HAMRADIO is not set
# CONFIG_IRDA is not set
# CONFIG_BT is not set
# CONFIG_AF_RXRPC is not set
#
# Wireless
#
# CONFIG_CFG80211 is not set
# CONFIG_WIRELESS_EXT is not set
# CONFIG_MAC80211 is not set
# CONFIG_IEEE80211 is not set
# CONFIG_RFKILL is not set
#
# Device Drivers
#
#
# Generic Driver Options
#
CONFIG_STANDALONE=y
CONFIG_PREVENT_FIRMWARE_BUILD=y
CONFIG_FW_LOADER=y
# CONFIG_DEBUG_DRIVER is not set
# CONFIG_DEBUG_DEVRES is not set
# CONFIG_SYS_HYPERVISOR is not set
# CONFIG_CONNECTOR is not set
# CONFIG_MTD is not set
# CONFIG_PARPORT is not set
CONFIG_PNP=y
# CONFIG_PNP_DEBUG is not set
#
# Protocols
#
CONFIG_PNPACPI=y
#
# Block devices
#
CONFIG_BLK_DEV_FD=y
# CONFIG_BLK_CPQ_DA is not set
# CONFIG_BLK_CPQ_CISS_DA is not set
# CONFIG_BLK_DEV_DAC960 is not set
# CONFIG_BLK_DEV_UMEM is not set
# CONFIG_BLK_DEV_COW_COMMON is not set
CONFIG_BLK_DEV_LOOP=y
# CONFIG_BLK_DEV_CRYPTOLOOP is not set
# CONFIG_BLK_DEV_NBD is not set
# CONFIG_BLK_DEV_SX8 is not set
# CONFIG_BLK_DEV_UB is not set
# CONFIG_BLK_DEV_RAM is not set
CONFIG_CDROM_PKTCDVD=y
CONFIG_CDROM_PKTCDVD_BUFFERS=32
# CONFIG_CDROM_PKTCDVD_WCACHE is not set
# CONFIG_ATA_OVER_ETH is not set
#
# Misc devices
#
# CONFIG_IBM_ASM is not set
# CONFIG_PHANTOM is not set
# CONFIG_SGI_IOC4 is not set
# CONFIG_TIFM_CORE is not set
# CONFIG_MSI_LAPTOP is not set
# CONFIG_SONY_LAPTOP is not set
# CONFIG_THINKPAD_ACPI is not set
# CONFIG_BLINK is not set
# CONFIG_EEPROM_93CX6 is not set
CONFIG_IDE=y
CONFIG_BLK_DEV_IDE=y
#
# Please see Documentation/ide.txt for help/info on IDE drives
#
# CONFIG_BLK_DEV_IDE_SATA is not set
# CONFIG_BLK_DEV_HD_IDE is not set
CONFIG_BLK_DEV_IDEDISK=y
# CONFIG_IDEDISK_MULTI_MODE is not set
CONFIG_BLK_DEV_IDECD=y
# CONFIG_BLK_DEV_IDETAPE is not set
# CONFIG_BLK_DEV_IDEFLOPPY is not set
CONFIG_BLK_DEV_IDESCSI=y
# CONFIG_BLK_DEV_IDEACPI is not set
# CONFIG_IDE_TASK_IOCTL is not set
CONFIG_IDE_PROC_FS=y
#
# IDE chipset support/bugfixes
#
# CONFIG_IDE_GENERIC is not set
# CONFIG_BLK_DEV_CMD640 is not set
# CONFIG_BLK_DEV_IDEPNP is not set
CONFIG_BLK_DEV_IDEPCI=y
# CONFIG_IDEPCI_SHARE_IRQ is not set
CONFIG_IDEPCI_PCIBUS_ORDER=y
# CONFIG_BLK_DEV_OFFBOARD is not set
# CONFIG_BLK_DEV_GENERIC is not set
# CONFIG_BLK_DEV_OPTI621 is not set
# CONFIG_BLK_DEV_RZ1000 is not set
CONFIG_BLK_DEV_IDEDMA_PCI=y
# CONFIG_BLK_DEV_IDEDMA_FORCED is not set
# CONFIG_IDEDMA_ONLYDISK is not set
# CONFIG_BLK_DEV_AEC62XX is not set
# CONFIG_BLK_DEV_ALI15X3 is not set
CONFIG_BLK_DEV_AMD74XX=y
# CONFIG_BLK_DEV_ATIIXP is not set
# CONFIG_BLK_DEV_CMD64X is not set
# CONFIG_BLK_DEV_TRIFLEX is not set
# CONFIG_BLK_DEV_CY82C693 is not set
# CONFIG_BLK_DEV_CS5520 is not set
# CONFIG_BLK_DEV_CS5530 is not set
# CONFIG_BLK_DEV_HPT34X is not set
CONFIG_BLK_DEV_HPT366=y
# CONFIG_BLK_DEV_JMICRON is not set
# CONFIG_BLK_DEV_SC1200 is not set
# CONFIG_BLK_DEV_PIIX is not set
# CONFIG_BLK_DEV_IT8213 is not set
# CONFIG_BLK_DEV_IT821X is not set
# CONFIG_BLK_DEV_NS87415 is not set
# CONFIG_BLK_DEV_PDC202XX_OLD is not set
# CONFIG_BLK_DEV_PDC202XX_NEW is not set
# CONFIG_BLK_DEV_SVWKS is not set
# CONFIG_BLK_DEV_SIIMAGE is not set
# CONFIG_BLK_DEV_SIS5513 is not set
# CONFIG_BLK_DEV_SLC90E66 is not set
# CONFIG_BLK_DEV_TRM290 is not set
# CONFIG_BLK_DEV_VIA82CXXX is not set
# CONFIG_BLK_DEV_TC86C001 is not set
# CONFIG_IDE_ARM is not set
CONFIG_BLK_DEV_IDEDMA=y
# CONFIG_IDEDMA_IVB is not set
# CONFIG_BLK_DEV_HD is not set
#
# SCSI device support
#
# CONFIG_RAID_ATTRS is not set
CONFIG_SCSI=y
# CONFIG_SCSI_TGT is not set
# CONFIG_SCSI_NETLINK is not set
CONFIG_SCSI_PROC_FS=y
#
# SCSI support type (disk, tape, CD-ROM)
#
CONFIG_BLK_DEV_SD=y
# CONFIG_CHR_DEV_ST is not set
# CONFIG_CHR_DEV_OSST is not set
CONFIG_BLK_DEV_SR=y
# CONFIG_BLK_DEV_SR_VENDOR is not set
CONFIG_CHR_DEV_SG=y
# CONFIG_CHR_DEV_SCH is not set
#
# Some SCSI devices (e.g. CD jukebox) support multiple LUNs
#
CONFIG_SCSI_MULTI_LUN=y
CONFIG_SCSI_CONSTANTS=y
CONFIG_SCSI_LOGGING=y
# CONFIG_SCSI_SCAN_ASYNC is not set
CONFIG_SCSI_WAIT_SCAN=m
#
# SCSI Transports
#
# CONFIG_SCSI_SPI_ATTRS is not set
# CONFIG_SCSI_FC_ATTRS is not set
# CONFIG_SCSI_ISCSI_ATTRS is not set
# CONFIG_SCSI_SAS_ATTRS is not set
# CONFIG_SCSI_SAS_LIBSAS is not set
#
# SCSI low-level drivers
#
# CONFIG_ISCSI_TCP is not set
# CONFIG_BLK_DEV_3W_XXXX_RAID is not set
# CONFIG_SCSI_3W_9XXX is not set
# CONFIG_SCSI_ACARD is not set
# CONFIG_SCSI_AACRAID is not set
# CONFIG_SCSI_AIC7XXX is not set
# CONFIG_SCSI_AIC7XXX_OLD is not set
# CONFIG_SCSI_AIC79XX is not set
# CONFIG_SCSI_AIC94XX is not set
# CONFIG_SCSI_ARCMSR is not set
# CONFIG_MEGARAID_NEWGEN is not set
# CONFIG_MEGARAID_LEGACY is not set
# CONFIG_MEGARAID_SAS is not set
CONFIG_SCSI_HPTIOP=y
# CONFIG_SCSI_BUSLOGIC is not set
# CONFIG_SCSI_DMX3191D is not set
# CONFIG_SCSI_EATA is not set
# CONFIG_SCSI_FUTURE_DOMAIN is not set
# CONFIG_SCSI_GDTH is not set
# CONFIG_SCSI_IPS is not set
# CONFIG_SCSI_INITIO is not set
# CONFIG_SCSI_INIA100 is not set
# CONFIG_SCSI_STEX is not set
# CONFIG_SCSI_SYM53C8XX_2 is not set
# CONFIG_SCSI_IPR is not set
# CONFIG_SCSI_QLOGIC_1280 is not set
# CONFIG_SCSI_QLA_FC is not set
# CONFIG_SCSI_QLA_ISCSI is not set
# CONFIG_SCSI_LPFC is not set
# CONFIG_SCSI_DC395x is not set
# CONFIG_SCSI_DC390T is not set
# CONFIG_SCSI_DEBUG is not set
# CONFIG_SCSI_ESP_CORE is not set
# CONFIG_SCSI_SRP is not set
CONFIG_ATA=y
# CONFIG_ATA_NONSTANDARD is not set
CONFIG_SATA_AHCI=y
# CONFIG_SATA_SVW is not set
# CONFIG_ATA_PIIX is not set
# CONFIG_SATA_MV is not set
CONFIG_SATA_NV=y
# CONFIG_PDC_ADMA is not set
# CONFIG_SATA_QSTOR is not set
# CONFIG_SATA_PROMISE is not set
# CONFIG_SATA_SX4 is not set
CONFIG_SATA_SIL=y
CONFIG_SATA_SIL24=y
# CONFIG_SATA_SIS is not set
# CONFIG_SATA_ULI is not set
# CONFIG_SATA_VIA is not set
# CONFIG_SATA_VITESSE is not set
# CONFIG_SATA_INIC162X is not set
CONFIG_SATA_ACPI=y
# CONFIG_PATA_ACPI is not set
# CONFIG_PATA_ALI is not set
# CONFIG_PATA_AMD is not set
# CONFIG_PATA_ARTOP is not set
# CONFIG_PATA_ATIIXP is not set
# CONFIG_PATA_CMD640_PCI is not set
# CONFIG_PATA_CMD64X is not set
# CONFIG_PATA_CS5520 is not set
# CONFIG_PATA_CS5530 is not set
# CONFIG_PATA_CYPRESS is not set
# CONFIG_PATA_EFAR is not set
# CONFIG_ATA_GENERIC is not set
# CONFIG_PATA_HPT366 is not set
# CONFIG_PATA_HPT37X is not set
# CONFIG_PATA_HPT3X2N is not set
# CONFIG_PATA_HPT3X3 is not set
# CONFIG_PATA_IT821X is not set
# CONFIG_PATA_IT8213 is not set
# CONFIG_PATA_JMICRON is not set
# CONFIG_PATA_TRIFLEX is not set
# CONFIG_PATA_MARVELL is not set
# CONFIG_PATA_MPIIX is not set
# CONFIG_PATA_OLDPIIX is not set
# CONFIG_PATA_NETCELL is not set
# CONFIG_PATA_NS87410 is not set
# CONFIG_PATA_OPTI is not set
# CONFIG_PATA_OPTIDMA is not set
# CONFIG_PATA_PDC_OLD is not set
# CONFIG_PATA_RADISYS is not set
# CONFIG_PATA_RZ1000 is not set
# CONFIG_PATA_SC1200 is not set
# CONFIG_PATA_SERVERWORKS is not set
# CONFIG_PATA_PDC2027X is not set
# CONFIG_PATA_SIL680 is not set
# CONFIG_PATA_SIS is not set
# CONFIG_PATA_VIA is not set
# CONFIG_PATA_WINBOND is not set
#
# Multi-device support (RAID and LVM)
#
CONFIG_MD=y
CONFIG_BLK_DEV_MD=y
CONFIG_MD_LINEAR=y
CONFIG_MD_RAID0=y
CONFIG_MD_RAID1=y
CONFIG_MD_RAID10=y
CONFIG_MD_RAID456=y
CONFIG_MD_RAID5_RESHAPE=y
# CONFIG_MD_MULTIPATH is not set
# CONFIG_MD_FAULTY is not set
# CONFIG_BLK_DEV_DM is not set
#
# Fusion MPT device support
#
# CONFIG_FUSION is not set
# CONFIG_FUSION_SPI is not set
# CONFIG_FUSION_FC is not set
# CONFIG_FUSION_SAS is not set
#
# IEEE 1394 (FireWire) support
#
# CONFIG_FIREWIRE is not set
CONFIG_IEEE1394=y
#
# Subsystem Options
#
# CONFIG_IEEE1394_VERBOSEDEBUG is not set
#
# Controllers
#
# CONFIG_IEEE1394_PCILYNX is not set
CONFIG_IEEE1394_OHCI1394=y
#
# Protocols
#
CONFIG_IEEE1394_VIDEO1394=y
CONFIG_IEEE1394_SBP2=y
# CONFIG_IEEE1394_ETH1394_ROM_ENTRY is not set
# CONFIG_IEEE1394_ETH1394 is not set
CONFIG_IEEE1394_DV1394=y
CONFIG_IEEE1394_RAWIO=y
# CONFIG_I2O is not set
CONFIG_MACINTOSH_DRIVERS=y
# CONFIG_MAC_EMUMOUSEBTN is not set
#
# Network device support
#
CONFIG_NETDEVICES=y
CONFIG_DUMMY=y
# CONFIG_BONDING is not set
# CONFIG_EQUALIZER is not set
# CONFIG_TUN is not set
# CONFIG_NET_SB1000 is not set
CONFIG_ARCNET=m
CONFIG_ARCNET_1201=m
CONFIG_ARCNET_1051=m
CONFIG_ARCNET_RAW=m
# CONFIG_ARCNET_CAP is not set
CONFIG_ARCNET_COM90xx=m
CONFIG_ARCNET_COM90xxIO=m
CONFIG_ARCNET_RIM_I=m
CONFIG_ARCNET_COM20020=m
CONFIG_ARCNET_COM20020_PCI=m
CONFIG_PHYLIB=y
#
# MII PHY device drivers
#
CONFIG_MARVELL_PHY=y
CONFIG_DAVICOM_PHY=y
CONFIG_QSEMI_PHY=y
CONFIG_LXT_PHY=y
CONFIG_CICADA_PHY=y
# CONFIG_VITESSE_PHY is not set
# CONFIG_SMSC_PHY is not set
# CONFIG_BROADCOM_PHY is not set
# CONFIG_FIXED_PHY is not set
#
# Ethernet (10 or 100Mbit)
#
CONFIG_NET_ETHERNET=y
CONFIG_MII=y
# CONFIG_HAPPYMEAL is not set
# CONFIG_SUNGEM is not set
# CONFIG_CASSINI is not set
# CONFIG_NET_VENDOR_3COM is not set
#
# Tulip family network device support
#
CONFIG_NET_TULIP=y
# CONFIG_DE2104X is not set
CONFIG_TULIP=y
# CONFIG_TULIP_MWI is not set
# CONFIG_TULIP_MMIO is not set
# CONFIG_TULIP_NAPI is not set
# CONFIG_DE4X5 is not set
# CONFIG_WINBOND_840 is not set
# CONFIG_DM9102 is not set
# CONFIG_ULI526X is not set
# CONFIG_HP100 is not set
CONFIG_NET_PCI=y
# CONFIG_PCNET32 is not set
# CONFIG_AMD8111_ETH is not set
# CONFIG_ADAPTEC_STARFIRE is not set
# CONFIG_B44 is not set
CONFIG_FORCEDETH=y
CONFIG_FORCEDETH_NAPI=y
# CONFIG_DGRS is not set
# CONFIG_EEPRO100 is not set
# CONFIG_E100 is not set
# CONFIG_FEALNX is not set
# CONFIG_NATSEMI is not set
# CONFIG_NE2K_PCI is not set
# CONFIG_8139CP is not set
# CONFIG_8139TOO is not set
# CONFIG_SIS900 is not set
# CONFIG_EPIC100 is not set
# CONFIG_SUNDANCE is not set
# CONFIG_VIA_RHINE is not set
# CONFIG_SC92031 is not set
CONFIG_NETDEV_1000=y
# CONFIG_ACENIC is not set
# CONFIG_DL2K is not set
# CONFIG_E1000 is not set
# CONFIG_NS83820 is not set
# CONFIG_HAMACHI is not set
# CONFIG_YELLOWFIN is not set
# CONFIG_R8169 is not set
# CONFIG_SIS190 is not set
CONFIG_SKGE=y
# CONFIG_SKY2 is not set
# CONFIG_SK98LIN is not set
# CONFIG_VIA_VELOCITY is not set
# CONFIG_TIGON3 is not set
# CONFIG_BNX2 is not set
# CONFIG_QLA3XXX is not set
# CONFIG_ATL1 is not set
# CONFIG_NETDEV_10000 is not set
# CONFIG_TR is not set
#
# Wireless LAN
#
# CONFIG_WLAN_PRE80211 is not set
# CONFIG_WLAN_80211 is not set
# CONFIG_RTL818X is not set
#
# Wan interfaces
#
# CONFIG_WAN is not set
# CONFIG_FDDI is not set
# CONFIG_HIPPI is not set
# CONFIG_PPP is not set
# CONFIG_SLIP is not set
# CONFIG_NET_FC is not set
# CONFIG_SHAPER is not set
# CONFIG_NETCONSOLE is not set
# CONFIG_NETPOLL is not set
# CONFIG_NET_POLL_CONTROLLER is not set
#
# ISDN subsystem
#
# CONFIG_ISDN is not set
#
# Telephony Support
#
# CONFIG_PHONE is not set
#
# Input device support
#
CONFIG_INPUT=y
# CONFIG_INPUT_FF_MEMLESS is not set
#
# Userland interfaces
#
CONFIG_INPUT_MOUSEDEV=y
CONFIG_INPUT_MOUSEDEV_PSAUX=y
CONFIG_INPUT_MOUSEDEV_SCREEN_X=1600
CONFIG_INPUT_MOUSEDEV_SCREEN_Y=1200
# CONFIG_INPUT_JOYDEV is not set
# CONFIG_INPUT_TSDEV is not set
# CONFIG_INPUT_EVDEV is not set
# CONFIG_INPUT_EVBUG is not set
#
# Input Device Drivers
#
CONFIG_INPUT_KEYBOARD=y
CONFIG_KEYBOARD_ATKBD=y
# CONFIG_KEYBOARD_SUNKBD is not set
# CONFIG_KEYBOARD_LKKBD is not set
# CONFIG_KEYBOARD_XTKBD is not set
# CONFIG_KEYBOARD_NEWTON is not set
# CONFIG_KEYBOARD_STOWAWAY is not set
CONFIG_INPUT_MOUSE=y
CONFIG_MOUSE_PS2=y
CONFIG_MOUSE_PS2_ALPS=y
CONFIG_MOUSE_PS2_LOGIPS2PP=y
CONFIG_MOUSE_PS2_SYNAPTICS=y
CONFIG_MOUSE_PS2_LIFEBOOK=y
CONFIG_MOUSE_PS2_TRACKPOINT=y
# CONFIG_MOUSE_PS2_TOUCHKIT is not set
# CONFIG_MOUSE_SERIAL is not set
# CONFIG_MOUSE_APPLETOUCH is not set
# CONFIG_MOUSE_VSXXXAA is not set
# CONFIG_INPUT_JOYSTICK is not set
# CONFIG_INPUT_TABLET is not set
# CONFIG_INPUT_TOUCHSCREEN is not set
CONFIG_INPUT_MISC=y
CONFIG_INPUT_PCSPKR=y
# CONFIG_INPUT_ATLAS_BTNS is not set
# CONFIG_INPUT_ATI_REMOTE is not set
# CONFIG_INPUT_ATI_REMOTE2 is not set
# CONFIG_INPUT_KEYSPAN_REMOTE is not set
# CONFIG_INPUT_POWERMATE is not set
# CONFIG_INPUT_YEALINK is not set
# CONFIG_INPUT_UINPUT is not set
# CONFIG_INPUT_POLLDEV is not set
#
# Hardware I/O ports
#
CONFIG_SERIO=y
CONFIG_SERIO_I8042=y
# CONFIG_SERIO_SERPORT is not set
# CONFIG_SERIO_CT82C710 is not set
# CONFIG_SERIO_PCIPS2 is not set
CONFIG_SERIO_LIBPS2=y
# CONFIG_SERIO_RAW is not set
# CONFIG_GAMEPORT is not set
#
# Character devices
#
CONFIG_VT=y
CONFIG_VT_CONSOLE=y
CONFIG_HW_CONSOLE=y
# CONFIG_VT_HW_CONSOLE_BINDING is not set
# CONFIG_SERIAL_NONSTANDARD is not set
# CONFIG_NOZOMI is not set
#
# Serial drivers
#
CONFIG_SERIAL_8250=y
CONFIG_SERIAL_8250_CONSOLE=y
CONFIG_SERIAL_8250_PCI=y
CONFIG_SERIAL_8250_PNP=y
CONFIG_SERIAL_8250_NR_UARTS=4
CONFIG_SERIAL_8250_RUNTIME_UARTS=4
CONFIG_SERIAL_8250_EXTENDED=y
CONFIG_SERIAL_8250_MANY_PORTS=y
CONFIG_SERIAL_8250_SHARE_IRQ=y
# CONFIG_SERIAL_8250_DETECT_IRQ is not set
CONFIG_SERIAL_8250_RSA=y
#
# Non-8250 serial port support
#
CONFIG_SERIAL_CORE=y
CONFIG_SERIAL_CORE_CONSOLE=y
# CONFIG_SERIAL_JSM is not set
CONFIG_UNIX98_PTYS=y
CONFIG_LEGACY_PTYS=y
CONFIG_LEGACY_PTY_COUNT=256
#
# IPMI
#
# CONFIG_IPMI_HANDLER is not set
CONFIG_WATCHDOG=y
# CONFIG_WATCHDOG_NOWAYOUT is not set
#
# Watchdog Device Drivers
#
CONFIG_SOFT_WATCHDOG=m
CONFIG_ACQUIRE_WDT=m
CONFIG_ADVANTECH_WDT=m
CONFIG_ALIM1535_WDT=m
CONFIG_ALIM7101_WDT=m
CONFIG_SC520_WDT=m
CONFIG_EUROTECH_WDT=m
CONFIG_IB700_WDT=m
# CONFIG_IBMASR is not set
CONFIG_WAFER_WDT=m
# CONFIG_I6300ESB_WDT is not set
# CONFIG_ITCO_WDT is not set
CONFIG_SC1200_WDT=m
# CONFIG_PC87413_WDT is not set
CONFIG_60XX_WDT=m
# CONFIG_SBC8360_WDT is not set
CONFIG_CPU5_WDT=m
# CONFIG_SMSC37B787_WDT is not set
CONFIG_W83627HF_WDT=m
# CONFIG_W83697HF_WDT is not set
CONFIG_W83877F_WDT=m
# CONFIG_W83977F_WDT is not set
CONFIG_MACHZ_WDT=m
# CONFIG_SBC_EPX_C3_WATCHDOG is not set
#
# PCI-based Watchdog Cards
#
CONFIG_PCIPCWATCHDOG=m
CONFIG_WDTPCI=m
CONFIG_WDT_501_PCI=y
#
# USB-based Watchdog Cards
#
CONFIG_USBPCWATCHDOG=m
CONFIG_HW_RANDOM=y
# CONFIG_HW_RANDOM_INTEL is not set
CONFIG_HW_RANDOM_AMD=y
# CONFIG_HW_RANDOM_GEODE is not set
CONFIG_NVRAM=y
CONFIG_RTC=y
# CONFIG_DTLK is not set
# CONFIG_R3964 is not set
# CONFIG_APPLICOM is not set
CONFIG_AGP=y
CONFIG_AGP_AMD64=y
# CONFIG_AGP_INTEL is not set
# CONFIG_AGP_SIS is not set
# CONFIG_AGP_VIA is not set
# CONFIG_DRM is not set
# CONFIG_MWAVE is not set
# CONFIG_PC8736x_GPIO is not set
# CONFIG_RAW_DRIVER is not set
CONFIG_HPET=y
# CONFIG_HPET_RTC_IRQ is not set
CONFIG_HPET_MMAP=y
CONFIG_HANGCHECK_TIMER=y
#
# TPM devices
#
# CONFIG_TCG_TPM is not set
# CONFIG_TELCLOCK is not set
CONFIG_DEVPORT=y
CONFIG_I2C=y
CONFIG_I2C_BOARDINFO=y
CONFIG_I2C_CHARDEV=y
#
# I2C Algorithms
#
CONFIG_I2C_ALGOBIT=y
# CONFIG_I2C_ALGOPCF is not set
# CONFIG_I2C_ALGOPCA is not set
#
# I2C Hardware Bus support
#
# CONFIG_I2C_ALI1535 is not set
# CONFIG_I2C_ALI1563 is not set
# CONFIG_I2C_ALI15X3 is not set
# CONFIG_I2C_AMD756 is not set
# CONFIG_I2C_AMD8111 is not set
# CONFIG_I2C_I801 is not set
# CONFIG_I2C_I810 is not set
# CONFIG_I2C_PIIX4 is not set
CONFIG_I2C_ISA=m
CONFIG_I2C_NFORCE2=m
# CONFIG_I2C_OCORES is not set
# CONFIG_I2C_PARPORT_LIGHT is not set
# CONFIG_I2C_PROSAVAGE is not set
# CONFIG_I2C_SAVAGE4 is not set
# CONFIG_I2C_SIMTEC is not set
# CONFIG_I2C_SIS5595 is not set
# CONFIG_I2C_SIS630 is not set
# CONFIG_I2C_SIS96X is not set
# CONFIG_I2C_STUB is not set
# CONFIG_I2C_TINY_USB is not set
# CONFIG_I2C_VIA is not set
# CONFIG_I2C_VIAPRO is not set
# CONFIG_I2C_VOODOO3 is not set
#
# Miscellaneous I2C Chip support
#
# CONFIG_SENSORS_DS1337 is not set
# CONFIG_SENSORS_DS1374 is not set
CONFIG_SENSORS_EEPROM=m
# CONFIG_SENSORS_PCF8574 is not set
# CONFIG_SENSORS_PCA9539 is not set
# CONFIG_SENSORS_PCF8591 is not set
# CONFIG_SENSORS_MAX6875 is not set
# CONFIG_SENSORS_TSL2550 is not set
# CONFIG_I2C_DEBUG_CORE is not set
# CONFIG_I2C_DEBUG_ALGO is not set
# CONFIG_I2C_DEBUG_BUS is not set
# CONFIG_I2C_DEBUG_CHIP is not set
#
# SPI support
#
# CONFIG_SPI is not set
# CONFIG_SPI_MASTER is not set
# CONFIG_W1 is not set
# CONFIG_POWER_SUPPLY is not set
CONFIG_HWMON=m
CONFIG_HWMON_VID=m
# CONFIG_SENSORS_ABITUGURU is not set
# CONFIG_SENSORS_AD7418 is not set
# CONFIG_SENSORS_ADM1021 is not set
# CONFIG_SENSORS_ADM1025 is not set
# CONFIG_SENSORS_ADM1026 is not set
# CONFIG_SENSORS_ADM1029 is not set
# CONFIG_SENSORS_ADM1031 is not set
# CONFIG_SENSORS_ADM9240 is not set
CONFIG_SENSORS_K8TEMP=m
# CONFIG_SENSORS_ASB100 is not set
# CONFIG_SENSORS_ATXP1 is not set
# CONFIG_SENSORS_DS1621 is not set
# CONFIG_SENSORS_F71805F is not set
# CONFIG_SENSORS_FSCHER is not set
# CONFIG_SENSORS_FSCPOS is not set
# CONFIG_SENSORS_GL518SM is not set
# CONFIG_SENSORS_GL520SM is not set
# CONFIG_SENSORS_CORETEMP is not set
CONFIG_SENSORS_IT87=m
# CONFIG_SENSORS_LM63 is not set
# CONFIG_SENSORS_LM75 is not set
# CONFIG_SENSORS_LM77 is not set
# CONFIG_SENSORS_LM78 is not set
# CONFIG_SENSORS_LM80 is not set
# CONFIG_SENSORS_LM83 is not set
# CONFIG_SENSORS_LM85 is not set
# CONFIG_SENSORS_LM87 is not set
# CONFIG_SENSORS_LM90 is not set
# CONFIG_SENSORS_LM92 is not set
# CONFIG_SENSORS_MAX1619 is not set
# CONFIG_SENSORS_MAX6650 is not set
# CONFIG_SENSORS_PC87360 is not set
# CONFIG_SENSORS_PC87427 is not set
# CONFIG_SENSORS_SIS5595 is not set
# CONFIG_SENSORS_SMSC47M1 is not set
# CONFIG_SENSORS_SMSC47M192 is not set
# CONFIG_SENSORS_SMSC47B397 is not set
# CONFIG_SENSORS_VIA686A is not set
# CONFIG_SENSORS_VT1211 is not set
# CONFIG_SENSORS_VT8231 is not set
# CONFIG_SENSORS_W83781D is not set
CONFIG_SENSORS_W83791D=m
# CONFIG_SENSORS_W83792D is not set
# CONFIG_SENSORS_W83793 is not set
# CONFIG_SENSORS_W83L785TS is not set
# CONFIG_SENSORS_W83627HF is not set
# CONFIG_SENSORS_W83627EHF is not set
# CONFIG_SENSORS_HDAPS is not set
# CONFIG_SENSORS_APPLESMC is not set
# CONFIG_HWMON_DEBUG_CHIP is not set
#
# Sonics Silicon Backplane
#
# CONFIG_SSB is not set
#
# Multifunction device drivers
#
# CONFIG_MFD_SM501 is not set
#
# Multimedia devices
#
# CONFIG_VIDEO_DEV is not set
# CONFIG_DVB_CORE is not set
# CONFIG_DAB is not set
#
# Graphics support
#
CONFIG_BACKLIGHT_LCD_SUPPORT=y
CONFIG_BACKLIGHT_CLASS_DEVICE=y
CONFIG_LCD_CLASS_DEVICE=m
# CONFIG_BACKLIGHT_PROGEAR is not set
#
# Display device support
#
# CONFIG_DISPLAY_SUPPORT is not set
CONFIG_VGASTATE=y
CONFIG_FB=y
CONFIG_FIRMWARE_EDID=y
CONFIG_FB_DDC=y
CONFIG_FB_CFB_FILLRECT=y
CONFIG_FB_CFB_COPYAREA=y
CONFIG_FB_CFB_IMAGEBLIT=y
# CONFIG_FB_SYS_FILLRECT is not set
# CONFIG_FB_SYS_COPYAREA is not set
# CONFIG_FB_SYS_IMAGEBLIT is not set
# CONFIG_FB_SYS_FOPS is not set
CONFIG_FB_DEFERRED_IO=y
# CONFIG_FB_SVGALIB is not set
# CONFIG_FB_MACMODES is not set
CONFIG_FB_BACKLIGHT=y
CONFIG_FB_MODE_HELPERS=y
# CONFIG_FB_TILEBLITTING is not set
#
# Frame buffer hardware drivers
#
# CONFIG_FB_CIRRUS is not set
# CONFIG_FB_PM2 is not set
# CONFIG_FB_CYBER2000 is not set
# CONFIG_FB_ARC is not set
# CONFIG_FB_ASILIANT is not set
# CONFIG_FB_IMSTT is not set
# CONFIG_FB_VGA16 is not set
# CONFIG_FB_VESA is not set
# CONFIG_FB_HECUBA is not set
# CONFIG_FB_HGA is not set
# CONFIG_FB_S1D13XXX is not set
CONFIG_FB_NVIDIA=y
CONFIG_FB_NVIDIA_I2C=y
CONFIG_FB_NVIDIA_BACKLIGHT=y
# CONFIG_FB_RIVA is not set
# CONFIG_FB_LE80578 is not set
# CONFIG_FB_INTEL is not set
# CONFIG_FB_MATROX is not set
# CONFIG_FB_RADEON is not set
# CONFIG_FB_ATY128 is not set
# CONFIG_FB_ATY is not set
# CONFIG_FB_S3 is not set
# CONFIG_FB_SAVAGE is not set
# CONFIG_FB_SIS is not set
# CONFIG_FB_NEOMAGIC is not set
# CONFIG_FB_KYRO is not set
# CONFIG_FB_3DFX is not set
# CONFIG_FB_VOODOO1 is not set
# CONFIG_FB_VT8623 is not set
# CONFIG_FB_TRIDENT is not set
# CONFIG_FB_ARK is not set
# CONFIG_FB_GEODE is not set
# CONFIG_FB_VIRTUAL is not set
#
# Console display driver support
#
CONFIG_VGA_CONSOLE=y
# CONFIG_VGACON_SOFT_SCROLLBACK is not set
CONFIG_VIDEO_SELECT=y
CONFIG_DUMMY_CONSOLE=y
CONFIG_FRAMEBUFFER_CONSOLE=y
# CONFIG_FRAMEBUFFER_CONSOLE_ROTATION is not set
CONFIG_FONTS=y
# CONFIG_FONT_8x8 is not set
# CONFIG_FONT_8x16 is not set
# CONFIG_FONT_6x11 is not set
# CONFIG_FONT_7x14 is not set
# CONFIG_FONT_PEARL_8x8 is not set
# CONFIG_FONT_ACORN_8x8 is not set
# CONFIG_FONT_MINI_4x6 is not set
# CONFIG_FONT_SUN8x16 is not set
# CONFIG_FONT_SUN12x22 is not set
CONFIG_FONT_10x18=y
CONFIG_LOGO=y
CONFIG_LOGO_LINUX_MONO=y
CONFIG_LOGO_LINUX_VGA16=y
CONFIG_LOGO_LINUX_CLUT224=y
#
# Sound
#
CONFIG_SOUND=m
#
# Advanced Linux Sound Architecture
#
CONFIG_SND=m
CONFIG_SND_TIMER=m
CONFIG_SND_PCM=m
CONFIG_SND_HWDEP=m
CONFIG_SND_RAWMIDI=m
CONFIG_SND_SEQUENCER=m
CONFIG_SND_SEQ_DUMMY=m
CONFIG_SND_OSSEMUL=y
CONFIG_SND_MIXER_OSS=m
CONFIG_SND_PCM_OSS=m
CONFIG_SND_PCM_OSS_PLUGINS=y
CONFIG_SND_SEQUENCER_OSS=y
CONFIG_SND_RTCTIMER=m
CONFIG_SND_SEQ_RTCTIMER_DEFAULT=y
# CONFIG_SND_DYNAMIC_MINORS is not set
# CONFIG_SND_SUPPORT_OLD_API is not set
CONFIG_SND_VERBOSE_PROCFS=y
# CONFIG_SND_VERBOSE_PRINTK is not set
# CONFIG_SND_DEBUG is not set
#
# Generic devices
#
CONFIG_SND_AC97_CODEC=m
CONFIG_SND_DUMMY=m
CONFIG_SND_VIRMIDI=m
# CONFIG_SND_MTPAV is not set
# CONFIG_SND_SERIAL_U16550 is not set
# CONFIG_SND_MPU401 is not set
#
# PCI devices
#
# CONFIG_SND_AD1889 is not set
# CONFIG_SND_ALS300 is not set
# CONFIG_SND_ALS4000 is not set
# CONFIG_SND_ALI5451 is not set
# CONFIG_SND_ATIIXP is not set
# CONFIG_SND_ATIIXP_MODEM is not set
# CONFIG_SND_AU8810 is not set
# CONFIG_SND_AU8820 is not set
# CONFIG_SND_AU8830 is not set
# CONFIG_SND_AZT3328 is not set
# CONFIG_SND_BT87X is not set
# CONFIG_SND_CA0106 is not set
# CONFIG_SND_CMIPCI is not set
# CONFIG_SND_CS4281 is not set
# CONFIG_SND_CS46XX is not set
# CONFIG_SND_DARLA20 is not set
# CONFIG_SND_GINA20 is not set
# CONFIG_SND_LAYLA20 is not set
# CONFIG_SND_DARLA24 is not set
# CONFIG_SND_GINA24 is not set
# CONFIG_SND_LAYLA24 is not set
# CONFIG_SND_MONA is not set
# CONFIG_SND_MIA is not set
# CONFIG_SND_ECHO3G is not set
# CONFIG_SND_INDIGO is not set
# CONFIG_SND_INDIGOIO is not set
# CONFIG_SND_INDIGODJ is not set
CONFIG_SND_EMU10K1=m
# CONFIG_SND_EMU10K1X is not set
# CONFIG_SND_ENS1370 is not set
# CONFIG_SND_ENS1371 is not set
# CONFIG_SND_ES1938 is not set
# CONFIG_SND_ES1968 is not set
# CONFIG_SND_FM801 is not set
# CONFIG_SND_HDA_INTEL is not set
# CONFIG_SND_HDSP is not set
# CONFIG_SND_HDSPM is not set
# CONFIG_SND_ICE1712 is not set
# CONFIG_SND_ICE1724 is not set
# CONFIG_SND_INTEL8X0 is not set
# CONFIG_SND_INTEL8X0M is not set
# CONFIG_SND_KORG1212 is not set
# CONFIG_SND_MAESTRO3 is not set
# CONFIG_SND_MIXART is not set
# CONFIG_SND_NM256 is not set
# CONFIG_SND_PCXHR is not set
# CONFIG_SND_RIPTIDE is not set
# CONFIG_SND_RME32 is not set
# CONFIG_SND_RME96 is not set
# CONFIG_SND_RME9652 is not set
# CONFIG_SND_SONICVIBES is not set
# CONFIG_SND_TRIDENT is not set
# CONFIG_SND_VIA82XX is not set
# CONFIG_SND_VIA82XX_MODEM is not set
# CONFIG_SND_VX222 is not set
# CONFIG_SND_YMFPCI is not set
# CONFIG_SND_AC97_POWER_SAVE is not set
#
# USB devices
#
# CONFIG_SND_USB_AUDIO is not set
# CONFIG_SND_USB_USX2Y is not set
# CONFIG_SND_USB_CAIAQ is not set
#
# System on Chip audio support
#
# CONFIG_SND_SOC is not set
#
# Open Sound System
#
# CONFIG_SOUND_PRIME is not set
CONFIG_AC97_BUS=m
#
# HID Devices
#
CONFIG_HID=y
# CONFIG_HID_DEBUG is not set
#
# USB Input Devices
#
# CONFIG_USB_HID is not set
#
# USB HID Boot Protocol drivers
#
CONFIG_USB_KBD=m
CONFIG_USB_MOUSE=m
# CONFIG_HIDRAW is not set
#
# USB support
#
CONFIG_USB_ARCH_HAS_HCD=y
CONFIG_USB_ARCH_HAS_OHCI=y
CONFIG_USB_ARCH_HAS_EHCI=y
CONFIG_USB=y
# CONFIG_USB_DEBUG is not set
#
# Miscellaneous USB options
#
CONFIG_USB_DEVICEFS=y
# CONFIG_USB_DEVICE_CLASS is not set
# CONFIG_USB_DYNAMIC_MINORS is not set
# CONFIG_USB_SUSPEND is not set
# CONFIG_USB_OTG is not set
#
# USB Host Controller Drivers
#
CONFIG_USB_EHCI_HCD=y
# CONFIG_USB_EHCI_SPLIT_ISO is not set
CONFIG_USB_EHCI_ROOT_HUB_TT=y
# CONFIG_USB_EHCI_TT_NEWSCHED is not set
# CONFIG_USB_EHCI_BIG_ENDIAN_MMIO is not set
# CONFIG_USB_ISP116X_HCD is not set
CONFIG_USB_OHCI_HCD=y
# CONFIG_USB_OHCI_BIG_ENDIAN_DESC is not set
# CONFIG_USB_OHCI_BIG_ENDIAN_MMIO is not set
CONFIG_USB_OHCI_LITTLE_ENDIAN=y
# CONFIG_USB_UHCI_HCD is not set
# CONFIG_USB_SL811_HCD is not set
#
# USB Device Class drivers
#
# CONFIG_USB_ACM is not set
CONFIG_USB_PRINTER=y
#
# NOTE: USB_STORAGE enables SCSI, and 'SCSI disk support'
#
#
# may also be needed; see USB_STORAGE Help for more information
#
# CONFIG_USB_STORAGE is not set
# CONFIG_USB_LIBUSUAL is not set
#
# USB Imaging devices
#
# CONFIG_USB_MDC800 is not set
# CONFIG_USB_MICROTEK is not set
#
# USB Network Adapters
#
# CONFIG_USB_CATC is not set
# CONFIG_USB_KAWETH is not set
# CONFIG_USB_PEGASUS is not set
# CONFIG_USB_RTL8150 is not set
# CONFIG_USB_USBNET_MII is not set
# CONFIG_USB_USBNET is not set
# CONFIG_USB_MON is not set
#
# USB port drivers
#
#
# USB Serial Converter support
#
# CONFIG_USB_SERIAL is not set
#
# USB Miscellaneous drivers
#
# CONFIG_USB_EMI62 is not set
# CONFIG_USB_EMI26 is not set
# CONFIG_USB_ADUTUX is not set
# CONFIG_USB_AUERSWALD is not set
# CONFIG_USB_RIO500 is not set
# CONFIG_USB_LEGOTOWER is not set
# CONFIG_USB_LCD is not set
# CONFIG_USB_BERRY_CHARGE is not set
# CONFIG_USB_LED is not set
# CONFIG_USB_CYPRESS_CY7C63 is not set
# CONFIG_USB_CYTHERM is not set
# CONFIG_USB_PHIDGET is not set
# CONFIG_USB_IDMOUSE is not set
# CONFIG_USB_FTDI_ELAN is not set
# CONFIG_USB_APPLEDISPLAY is not set
# CONFIG_USB_SISUSBVGA is not set
# CONFIG_USB_LD is not set
# CONFIG_USB_TRANCEVIBRATOR is not set
# CONFIG_USB_IOWARRIOR is not set
# CONFIG_USB_TEST is not set
# CONFIG_USB_GOTEMP is not set
#
# USB DSL modem support
#
#
# USB Gadget Support
#
# CONFIG_USB_GADGET is not set
#
# MMC/SD Card support
#
# CONFIG_MMC is not set
#
# LED devices
#
# CONFIG_NEW_LEDS is not set
#
# LED drivers
#
#
# LED Triggers
#
#
# InfiniBand support
#
# CONFIG_INFINIBAND is not set
#
# EDAC - error detection and reporting (RAS) (EXPERIMENTAL)
#
CONFIG_EDAC=y
#
# Reporting subsystems
#
# CONFIG_EDAC_DEBUG is not set
CONFIG_EDAC_MM_EDAC=y
# CONFIG_EDAC_E752X is not set
CONFIG_EDAC_POLL=y
#
# Real Time Clock
#
CONFIG_RTC_LIB=y
CONFIG_RTC_CLASS=y
CONFIG_RTC_HCTOSYS=y
CONFIG_RTC_HCTOSYS_DEVICE="rtc0"
# CONFIG_RTC_DEBUG is not set
#
# RTC interfaces
#
CONFIG_RTC_INTF_SYSFS=y
CONFIG_RTC_INTF_PROC=y
CONFIG_RTC_INTF_DEV=y
# CONFIG_RTC_INTF_DEV_UIE_EMUL is not set
# CONFIG_RTC_DRV_TEST is not set
#
# I2C RTC drivers
#
CONFIG_RTC_DRV_DS1307=m
CONFIG_RTC_DRV_DS1672=m
CONFIG_RTC_DRV_MAX6900=m
CONFIG_RTC_DRV_RS5C372=m
CONFIG_RTC_DRV_ISL1208=m
CONFIG_RTC_DRV_X1205=m
CONFIG_RTC_DRV_PCF8563=m
# CONFIG_RTC_DRV_PCF8583 is not set
#
# SPI RTC drivers
#
#
# Platform RTC drivers
#
CONFIG_RTC_DRV_CMOS=m
CONFIG_RTC_DRV_DS1553=m
CONFIG_RTC_DRV_DS1742=m
CONFIG_RTC_DRV_M48T86=m
CONFIG_RTC_DRV_V3020=m
#
# on-CPU RTC drivers
#
#
# DMA Engine support
#
# CONFIG_DMA_ENGINE is not set
#
# DMA Clients
#
CONFIG_ASYNC_TX_DMA=y
#
# DMA Devices
#
#
# Auxiliary Display support
#
#
# Virtualization
#
# CONFIG_KVM is not set
#
# Userspace I/O
#
# CONFIG_UIO is not set
#
# Firmware Drivers
#
# CONFIG_EDD is not set
# CONFIG_DELL_RBU is not set
# CONFIG_DCDBAS is not set
#
# File systems
#
CONFIG_EXT2_FS=y
CONFIG_EXT2_FS_XATTR=y
CONFIG_EXT2_FS_POSIX_ACL=y
CONFIG_EXT2_FS_SECURITY=y
# CONFIG_EXT2_FS_XIP is not set
CONFIG_EXT3_FS=y
CONFIG_EXT3_FS_XATTR=y
CONFIG_EXT3_FS_POSIX_ACL=y
CONFIG_EXT3_FS_SECURITY=y
# CONFIG_EXT4DEV_FS is not set
CONFIG_JBD=y
# CONFIG_JBD_DEBUG is not set
CONFIG_FS_MBCACHE=y
# CONFIG_REISER4_FS is not set
CONFIG_REISERFS_FS=y
# CONFIG_REISERFS_CHECK is not set
# CONFIG_REISERFS_PROC_INFO is not set
# CONFIG_REISERFS_FS_XATTR is not set
# CONFIG_JFS_FS is not set
CONFIG_FS_POSIX_ACL=y
# CONFIG_XFS_FS is not set
# CONFIG_GFS2_FS is not set
# CONFIG_OCFS2_FS is not set
CONFIG_MINIX_FS=y
# CONFIG_ROMFS_FS is not set
CONFIG_INOTIFY=y
CONFIG_INOTIFY_USER=y
# CONFIG_QUOTA is not set
CONFIG_DNOTIFY=y
# CONFIG_AUTOFS_FS is not set
# CONFIG_AUTOFS4_FS is not set
# CONFIG_FUSE_FS is not set
#
# CD-ROM/DVD Filesystems
#
CONFIG_ISO9660_FS=y
CONFIG_JOLIET=y
CONFIG_ZISOFS=y
CONFIG_UDF_FS=y
CONFIG_UDF_NLS=y
#
# DOS/FAT/NT Filesystems
#
CONFIG_FAT_FS=y
CONFIG_MSDOS_FS=y
CONFIG_VFAT_FS=y
CONFIG_FAT_DEFAULT_CODEPAGE=437
CONFIG_FAT_DEFAULT_IOCHARSET="iso8859-1"
CONFIG_NTFS_FS=y
# CONFIG_NTFS_DEBUG is not set
# CONFIG_NTFS_RW is not set
#
# Pseudo filesystems
#
CONFIG_PROC_FS=y
CONFIG_PROC_KCORE=y
CONFIG_PROC_SYSCTL=y
CONFIG_SYSFS=y
CONFIG_TMPFS=y
# CONFIG_TMPFS_POSIX_ACL is not set
# CONFIG_HUGETLBFS is not set
# CONFIG_HUGETLB_PAGE is not set
CONFIG_RAMFS=y
# CONFIG_CONFIGFS_FS is not set
#
# Layered filesystems
#
# CONFIG_UNION_FS is not set
#
# Miscellaneous filesystems
#
# CONFIG_ADFS_FS is not set
# CONFIG_AFFS_FS is not set
# CONFIG_HFS_FS is not set
# CONFIG_HFSPLUS_FS is not set
# CONFIG_BEFS_FS is not set
# CONFIG_BFS_FS is not set
# CONFIG_EFS_FS is not set
# CONFIG_CRAMFS is not set
# CONFIG_VXFS_FS is not set
# CONFIG_HPFS_FS is not set
# CONFIG_QNX4FS_FS is not set
# CONFIG_SYSV_FS is not set
# CONFIG_UFS_FS is not set
#
# Network File Systems
#
# CONFIG_NFS_FS is not set
# CONFIG_NFSD is not set
# CONFIG_SMB_FS is not set
# CONFIG_CIFS is not set
# CONFIG_NCP_FS is not set
# CONFIG_CODA_FS is not set
# CONFIG_AFS_FS is not set
# CONFIG_9P_FS is not set
#
# Partition Types
#
# CONFIG_PARTITION_ADVANCED is not set
CONFIG_MSDOS_PARTITION=y
#
# Native Language Support
#
CONFIG_NLS=y
CONFIG_NLS_DEFAULT="cp437"
CONFIG_NLS_CODEPAGE_437=y
# CONFIG_NLS_CODEPAGE_737 is not set
# CONFIG_NLS_CODEPAGE_775 is not set
CONFIG_NLS_CODEPAGE_850=y
# CONFIG_NLS_CODEPAGE_852 is not set
# CONFIG_NLS_CODEPAGE_855 is not set
# CONFIG_NLS_CODEPAGE_857 is not set
# CONFIG_NLS_CODEPAGE_860 is not set
# CONFIG_NLS_CODEPAGE_861 is not set
# CONFIG_NLS_CODEPAGE_862 is not set
# CONFIG_NLS_CODEPAGE_863 is not set
# CONFIG_NLS_CODEPAGE_864 is not set
# CONFIG_NLS_CODEPAGE_865 is not set
# CONFIG_NLS_CODEPAGE_866 is not set
# CONFIG_NLS_CODEPAGE_869 is not set
# CONFIG_NLS_CODEPAGE_936 is not set
# CONFIG_NLS_CODEPAGE_950 is not set
# CONFIG_NLS_CODEPAGE_932 is not set
# CONFIG_NLS_CODEPAGE_949 is not set
# CONFIG_NLS_CODEPAGE_874 is not set
# CONFIG_NLS_ISO8859_8 is not set
# CONFIG_NLS_CODEPAGE_1250 is not set
# CONFIG_NLS_CODEPAGE_1251 is not set
CONFIG_NLS_ASCII=y
CONFIG_NLS_ISO8859_1=y
# CONFIG_NLS_ISO8859_2 is not set
# CONFIG_NLS_ISO8859_3 is not set
# CONFIG_NLS_ISO8859_4 is not set
# CONFIG_NLS_ISO8859_5 is not set
# CONFIG_NLS_ISO8859_6 is not set
# CONFIG_NLS_ISO8859_7 is not set
# CONFIG_NLS_ISO8859_9 is not set
# CONFIG_NLS_ISO8859_13 is not set
# CONFIG_NLS_ISO8859_14 is not set
CONFIG_NLS_ISO8859_15=y
# CONFIG_NLS_KOI8_R is not set
# CONFIG_NLS_KOI8_U is not set
# CONFIG_NLS_UTF8 is not set
#
# Distributed Lock Manager
#
# CONFIG_DLM is not set
#
# Instrumentation Support
#
# CONFIG_PROFILING is not set
# CONFIG_KPROBES is not set
# CONFIG_MARKERS is not set
#
# Kernel hacking
#
CONFIG_TRACE_IRQFLAGS_SUPPORT=y
# CONFIG_PRINTK_TIME is not set
CONFIG_ENABLE_MUST_CHECK=y
CONFIG_MAGIC_SYSRQ=y
# CONFIG_UNUSED_SYMBOLS is not set
# CONFIG_PAGE_OWNER is not set
# CONFIG_DEBUG_FS is not set
# CONFIG_HEADERS_CHECK is not set
CONFIG_DEBUG_KERNEL=y
# CONFIG_DEBUG_SHIRQ is not set
CONFIG_DETECT_SOFTLOCKUP=y
# CONFIG_SCHEDSTATS is not set
# CONFIG_TIMER_STATS is not set
# CONFIG_DEBUG_SLAB is not set
# CONFIG_DEBUG_RT_MUTEXES is not set
# CONFIG_RT_MUTEX_TESTER is not set
# CONFIG_DEBUG_SPINLOCK is not set
# CONFIG_DEBUG_MUTEXES is not set
# CONFIG_DEBUG_LOCK_ALLOC is not set
# CONFIG_PROVE_LOCKING is not set
# CONFIG_DEBUG_SPINLOCK_SLEEP is not set
# CONFIG_DEBUG_LOCKING_API_SELFTESTS is not set
# CONFIG_DEBUG_KOBJECT is not set
CONFIG_DEBUG_BUGVERBOSE=y
CONFIG_DEBUG_INFO=y
# CONFIG_DEBUG_VM is not set
# CONFIG_DEBUG_LIST is not set
CONFIG_FRAME_POINTER=y
# CONFIG_PROFILE_LIKELY is not set
# CONFIG_FORCED_INLINING is not set
# CONFIG_DEBUG_SYNCHRO_TEST is not set
# CONFIG_RCU_TORTURE_TEST is not set
# CONFIG_FAULT_INJECTION is not set
# CONFIG_DEBUG_RODATA is not set
# CONFIG_IOMMU_DEBUG is not set
# CONFIG_DEBUG_STACKOVERFLOW is not set
# CONFIG_DEBUG_STACK_USAGE is not set
#
# Security options
#
# CONFIG_KEYS is not set
# CONFIG_INTEGRITY is not set
# CONFIG_SECURITY is not set
# CONFIG_SECURITY_FILE_CAPABILITIES is not set
CONFIG_CRYPTO=y
CONFIG_CRYPTO_ALGAPI=y
CONFIG_CRYPTO_BLKCIPHER=y
CONFIG_CRYPTO_HASH=y
CONFIG_CRYPTO_MANAGER=y
CONFIG_CRYPTO_HMAC=y
# CONFIG_CRYPTO_XCBC is not set
# CONFIG_CRYPTO_NULL is not set
# CONFIG_CRYPTO_MD4 is not set
CONFIG_CRYPTO_MD5=y
CONFIG_CRYPTO_SHA1=y
# CONFIG_CRYPTO_SHA256 is not set
# CONFIG_CRYPTO_SHA512 is not set
# CONFIG_CRYPTO_WP512 is not set
# CONFIG_CRYPTO_TGR192 is not set
# CONFIG_CRYPTO_GF128MUL is not set
# CONFIG_CRYPTO_ECB is not set
CONFIG_CRYPTO_CBC=y
# CONFIG_CRYPTO_PCBC is not set
# CONFIG_CRYPTO_LRW is not set
# CONFIG_CRYPTO_CRYPTD is not set
CONFIG_CRYPTO_DES=y
# CONFIG_CRYPTO_FCRYPT is not set
# CONFIG_CRYPTO_BLOWFISH is not set
# CONFIG_CRYPTO_TWOFISH is not set
# CONFIG_CRYPTO_TWOFISH_X86_64 is not set
# CONFIG_CRYPTO_SERPENT is not set
# CONFIG_CRYPTO_AES is not set
# CONFIG_CRYPTO_AES_X86_64 is not set
# CONFIG_CRYPTO_CAST5 is not set
# CONFIG_CRYPTO_CAST6 is not set
# CONFIG_CRYPTO_TEA is not set
# CONFIG_CRYPTO_ARC4 is not set
# CONFIG_CRYPTO_KHAZAD is not set
# CONFIG_CRYPTO_ANUBIS is not set
CONFIG_CRYPTO_DEFLATE=y
# CONFIG_CRYPTO_MICHAEL_MIC is not set
# CONFIG_CRYPTO_CRC32C is not set
# CONFIG_CRYPTO_CAMELLIA is not set
# CONFIG_CRYPTO_TEST is not set
CONFIG_CRYPTO_HW=y
#
# Library routines
#
CONFIG_BITREVERSE=y
CONFIG_CRC_CCITT=y
# CONFIG_CRC16 is not set
CONFIG_CRC32=y
# CONFIG_CRC_ITU_T is not set
CONFIG_LIBCRC32C=y
CONFIG_ZLIB_INFLATE=y
CONFIG_ZLIB_DEFLATE=y
CONFIG_TEXTSEARCH=y
CONFIG_TEXTSEARCH_KMP=m
CONFIG_TEXTSEARCH_BM=m
CONFIG_TEXTSEARCH_FSM=m
CONFIG_PLIST=y
CONFIG_HAS_IOMEM=y
CONFIG_HAS_IOPORT=y
CONFIG_HAS_DMA=y
/dev/md5:
        Version : 00.90.03
  Creation Time : Sat Jul  9 17:25:48 2005
     Raid Level : raid1
     Array Size : 4200896 (4.01 GiB 4.30 GB)
  Used Dev Size : 4200896 (4.01 GiB 4.30 GB)
   Raid Devices : 2
  Total Devices : 2
Preferred Minor : 5
    Persistence : Superblock is persistent
  Intent Bitmap : Internal
    Update Time : Wed May  9 22:36:46 2007
          State : active
 Active Devices : 2
Working Devices : 2
 Failed Devices : 0
  Spare Devices : 0
           UUID : 32a90d66:4e7c0f3f:b08df1e0:98d6972e
         Events : 0.60746
    Number   Major   Minor   RaidDevice State
       0       3        5        0      active sync   /dev/hda5
       1      22        5        1      active sync   /dev/hdc5
/dev/md1:
        Version : 00.90.03
  Creation Time : Sat Jul  9 13:07:16 2005
     Raid Level : raid1
     Array Size : 6008192 (5.73 GiB 6.15 GB)
  Used Dev Size : 6008192 (5.73 GiB 6.15 GB)
   Raid Devices : 2
  Total Devices : 2
Preferred Minor : 1
    Persistence : Superblock is persistent
  Intent Bitmap : Internal
    Update Time : Fri May 11 20:01:33 2007
          State : active
 Active Devices : 2
Working Devices : 2
 Failed Devices : 0
  Spare Devices : 0
           UUID : 51754589:c48f5599:3007cc00:50e265cb
         Events : 0.2526849
    Number   Major   Minor   RaidDevice State
       0      22        6        0      active sync   /dev/hdc6
       1       3        6        1      active sync   /dev/hda6
/dev/md2:
        Version : 00.90.03
  Creation Time : Sat Jul  9 13:13:00 2005
     Raid Level : raid1
     Array Size : 8008256 (7.64 GiB 8.20 GB)
  Used Dev Size : 8008256 (7.64 GiB 8.20 GB)
   Raid Devices : 2
  Total Devices : 2
Preferred Minor : 2
    Persistence : Superblock is persistent
  Intent Bitmap : Internal
    Update Time : Fri May 11 20:01:33 2007
          State : active
 Active Devices : 2
Working Devices : 2
 Failed Devices : 0
  Spare Devices : 0
           UUID : 4934d6c6:dc227f24:9013aaf6:5d414b0c
         Events : 0.2018540
    Number   Major   Minor   RaidDevice State
       0      22        7        0      active sync   /dev/hdc7
       1       3        7        1      active sync   /dev/hda7
/dev/md3:
        Version : 00.90.03
  Creation Time : Sat Jul  9 13:13:12 2005
     Raid Level : raid1
     Array Size : 8008256 (7.64 GiB 8.20 GB)
  Used Dev Size : 8008256 (7.64 GiB 8.20 GB)
   Raid Devices : 2
  Total Devices : 2
Preferred Minor : 3
    Persistence : Superblock is persistent
  Intent Bitmap : Internal
    Update Time : Fri May 11 20:01:33 2007
          State : active
 Active Devices : 2
Working Devices : 2
 Failed Devices : 0
  Spare Devices : 0
           UUID : d36dfe96:cb75cb12:39e0e262:13a327fa
         Events : 0.1264954
    Number   Major   Minor   RaidDevice State
       0      22        8        0      active sync   /dev/hdc8
       1       3        8        1      active sync   /dev/hda8
/dev/md4:
        Version : 00.90.03
  Creation Time : Sat Jul  9 13:13:18 2005
     Raid Level : raid1
     Array Size : 162834688 (155.29 GiB 166.74 GB)
  Used Dev Size : 162834688 (155.29 GiB 166.74 GB)
   Raid Devices : 2
  Total Devices : 2
Preferred Minor : 4
    Persistence : Superblock is persistent
  Intent Bitmap : Internal
    Update Time : Fri May 11 20:01:34 2007
          State : active
 Active Devices : 2
Working Devices : 2
 Failed Devices : 0
  Spare Devices : 0
           UUID : a733f99c:c2ef9f29:dd2952bc:8d772a66
         Events : 0.1829968
    Number   Major   Minor   RaidDevice State
       0      22        9        0      active sync   /dev/hdc9
       1       3        9        1      active sync   /dev/hda9
/dev/md0:
        Version : 00.90.03
  Creation Time : Fri Feb  3 19:52:27 2006
     Raid Level : raid6
     Array Size : 1465175424 (1397.30 GiB 1500.34 GB)
  Used Dev Size : 244195904 (232.88 GiB 250.06 GB)
   Raid Devices : 8
  Total Devices : 8
Preferred Minor : 0
    Persistence : Superblock is persistent
  Intent Bitmap : Internal
    Update Time : Fri May 11 19:41:54 2007
          State : active
 Active Devices : 8
Working Devices : 8
 Failed Devices : 0
  Spare Devices : 0
     Chunk Size : 64K
           UUID : 128dc711:3f60812f:79b28619:8d0aa46d
         Events : 0.62770
    Number   Major   Minor   RaidDevice State
       0       8       65        0      active sync   /dev/sde1
       1       8       81        1      active sync   /dev/sdf1
       2       8       17        2      active sync   /dev/sdb1
       3       8        1        3      active sync   /dev/sda1
       4       8       33        4      active sync   /dev/sdc1
       5       8      113        5      active sync   /dev/sdh1
       6       8       97        6      active sync   /dev/sdg1
       7       8       49        7      active sync   /dev/sdd1
-- 
"We're gonna have to create a door."
"Create a door? You can do that?"
"I can."
[proceeds to get a chainsaw]
	Giles and Anya - BTVS 'Fear Itself'
Debian (Unstable) GNU/Linux 2.6.21-rc7-mm2 2x4826 bogomips load 3.31
the Jack Vance Integral Edition: 
http://www.integralarchive.org
-
To unsubscribe from this list: send the line "unsubscribe linux-kernel" in
the body of a message to majordomo@vger.kernel.org
More majordomo info at  
http://vger.kernel.org/majordomo-info.html
Please read the FAQ at  
http://www.tux.org/lkml/