Date: Sun, 03 Feb 2008 14:23:49 -0400
From: Kevin Winchester <>
Subject: Latest -git ioremap error
Sender: linux-kernel-owner@vger.kernel.org
Precedence: bulk
List-ID: <linux-kernel.vger.kernel.org>
X-Mailing-List: linux-kernel@vger.kernel.org
X-Lkml-Link: https://lkml.org/lkml/2008/2/3/146

Hi Thomas, Ingo,
I noticed that my direct rendering is no longer working, with the
following in my dmesg:
[    0.588184] agpgart: Detected AGP bridge 0
[    0.588184] agpgart: unable to get memory for graphics translation table.
[    0.588184] agpgart: agp_backend_initialize() failed.
[    0.588207] agpgart-amd64: probe of 0000:00:00.0 failed with error -12
Tracking down the error somewhat with added printks leads to the
following block in __ioremap():
/*
 * Don't allow anybody to remap normal RAM that we're using..
 */
for (offset = phys_addr >> PAGE_SHIFT; offset < max_pfn_mapped &&
     (offset << PAGE_SHIFT) < last_addr; offset++) {
        if (page_is_ram(offset))
                return NULL;
}
And git blame lead me to the following commit:
commit 266b9f8727976769e2ed2dad77ac9295f37e321e
Author: Thomas Gleixner <tglx@linutronix.de>
Date:   Wed Jan 30 13:34:06 2008 +0100
    x86: fix ioremap RAM check
    Signed-off-by: Ingo Molnar <mingo@elte.hu>
    Signed-off-by: Thomas Gleixner <tglx@linutronix.de>
I do also notice that changes have been made to page_is_ram() as well in
a commit previous to the one noted above.
Full dmesg and .config are at the end of the message, but the question
is, would I need to bisect, or revert a selected commit (the one
above?), or is this enough for you to fix it?
[    0.000000] Linux version 2.6.24-06928-g9135f19-dirty
(kevin@alekhine) (gcc version 4.2.3 (Ubuntu 4.2.3-1ubuntu1)) #33 PREEMPT
Sun Feb 3 14:04:16 AST 2008
[    0.000000] BIOS-provided physical RAM map:
[    0.000000]  BIOS-e820: 0000000000000000 - 000000000009f800 (usable)
[    0.000000]  BIOS-e820: 000000000009f800 - 00000000000a0000 (reserved)
[    0.000000]  BIOS-e820: 00000000000f0000 - 0000000000100000 (reserved)
[    0.000000]  BIOS-e820: 0000000000100000 - 000000003fef0000 (usable)
[    0.000000]  BIOS-e820: 000000003fef0000 - 000000003fef3000 (ACPI NVS)
[    0.000000]  BIOS-e820: 000000003fef3000 - 000000003ff00000 (ACPI data)
[    0.000000]  BIOS-e820: 00000000fec00000 - 0000000100000000 (reserved)
[    0.000000] 126MB HIGHMEM available.
[    0.000000] 896MB LOWMEM available.
[    0.000000] Scan SMP from c0000000 for 1024 bytes.
[    0.000000] Scan SMP from c009fc00 for 1024 bytes.
[    0.000000] Scan SMP from c00f0000 for 65536 bytes.
[    0.000000] found SMP MP-table at [c00f36a0] 000f36a0
[    0.000000] Entering add_active_range(0, 0, 261872) 0 entries of 256 used
[    0.000000] Zone PFN ranges:
[    0.000000]   DMA             0 ->     4096
[    0.000000]   Normal       4096 ->   229376
[    0.000000]   HighMem    229376 ->   261872
[    0.000000] Movable zone start PFN for each node
[    0.000000] early_node_map[1] active PFN ranges
[    0.000000]     0:        0 ->   261872
[    0.000000] On node 0 totalpages: 261872
[    0.000000]   DMA zone: 32 pages used for memmap
[    0.000000]   DMA zone: 0 pages reserved
[    0.000000]   DMA zone: 4064 pages, LIFO batch:0
[    0.000000]   Normal zone: 1760 pages used for memmap
[    0.000000]   Normal zone: 223520 pages, LIFO batch:31
[    0.000000]   HighMem zone: 253 pages used for memmap
[    0.000000]   HighMem zone: 32243 pages, LIFO batch:7
[    0.000000]   Movable zone: 0 pages used for memmap
[    0.000000] DMI 2.3 present.
[    0.000000] ACPI: RSDP 000F77D0, 0014 (r0 VIAK8T)
[    0.000000] ACPI: RSDT 3FEF3040, 0034 (r1 VIAK8T AWRDACPI 42302E31
AWRD        0)
[    0.000000] ACPI: FACP 3FEF30C0, 0074 (r1 VIAK8T AWRDACPI 42302E31
AWRD        0)
[    0.000000] ACPI: DSDT 3FEF3180, 4F8A (r1 VIAK8T AWRDACPI     1000
MSFT  100000E)
[    0.000000] ACPI: FACS 3FEF0000, 0040
[    0.000000] ACPI: BOOT 3FEF8180, 0028 (r1 VIAK8T AWRDACPI 42302E31
AWRD        0)
[    0.000000] ACPI: SSDT 3FEF82C0, 00B5 (r1 PTLTD  POWERNOW        1
LTP        1)
[    0.000000] ACPI: APIC 3FEF8200, 0068 (r1 VIAK8T AWRDACPI 42302E31
AWRD        0)
[    0.000000] ACPI: PM-Timer IO Port: 0x4008
[    0.000000] ACPI: Local APIC address 0xfee00000
[    0.000000] ACPI: LAPIC (acpi_id[0x00] lapic_id[0x00] enabled)
[    0.000000] Processor #0 15:15 APIC version 16
[    0.000000] ACPI: LAPIC (acpi_id[0x01] lapic_id[0x01] disabled)
[    0.000000] ACPI: LAPIC_NMI (acpi_id[0x00] high edge lint[0x1])
[    0.000000] ACPI: LAPIC_NMI (acpi_id[0x01] high edge lint[0x1])
[    0.000000] ACPI: IOAPIC (id[0x02] address[0xfec00000] gsi_base[0])
[    0.000000] IOAPIC[0]: apic_id 2, version 3, address 0xfec00000, GSI 0-23
[    0.000000] ACPI: INT_SRC_OVR (bus 0 bus_irq 0 global_irq 2 dfl dfl)
[    0.000000] ACPI: INT_SRC_OVR (bus 0 bus_irq 9 global_irq 9 low level)
[    0.000000] ACPI: IRQ0 used by override.
[    0.000000] ACPI: IRQ2 used by override.
[    0.000000] ACPI: IRQ9 used by override.
[    0.000000] Enabling APIC mode:  Flat.  Using 1 I/O APICs
[    0.000000] Using ACPI (MADT) for SMP configuration information
[    0.000000] Allocating PCI resources starting at 40000000 (gap:
3ff00000:bed00000)
[    0.000000] Built 1 zonelists in Zone order, mobility grouping on.
Total pages: 259827
[    0.000000] Kernel command line: root=/dev/sda1 hpet=force
[    0.000000] mapped APIC to ffffb000 (fee00000)
[    0.000000] mapped IOAPIC to ffffa000 (fec00000)
[    0.000000] Enabling fast FPU save and restore... done.
[    0.000000] Enabling unmasked SIMD FPU exception support... done.
[    0.000000] Initializing CPU#0
[    0.000000] Preemptible RCU implementation.
[    0.000000] CPU 0 irqstacks, hard=c0465000 soft=c0464000
[    0.000000] PID hash table entries: 4096 (order: 12, 16384 bytes)
[    0.000000] Detected 1804.115 MHz processor.
[    0.000999] Console: colour VGA+ 80x25
[    0.000999] console [tty0] enabled
[    0.000999] Lock dependency validator: Copyright (c) 2006 Red Hat,
Inc., Ingo Molnar
[    0.000999] ... MAX_LOCKDEP_SUBCLASSES:    8
[    0.000999] ... MAX_LOCK_DEPTH:          30
[    0.000999] ... MAX_LOCKDEP_KEYS:        2048
[    0.000999] ... CLASSHASH_SIZE:           1024
[    0.000999] ... MAX_LOCKDEP_ENTRIES:     8192
[    0.000999] ... MAX_LOCKDEP_CHAINS:      16384
[    0.000999] ... CHAINHASH_SIZE:          8192
[    0.000999]  memory used by lock dependency info: 992 kB
[    0.000999]  per task-struct memory footprint: 1200 bytes
[    0.000999] Dentry cache hash table entries: 131072 (order: 7, 524288
bytes)
[    0.000999] Inode-cache hash table entries: 65536 (order: 6, 262144
bytes)
[    0.000999] Memory: 1032012k/1047488k available (2295k kernel code,
14876k reserved, 951k data, 208k init, 129984k highmem)
[    0.000999] virtual kernel memory layout:
[    0.000999]     fixmap  : 0xfffa8000 - 0xfffff000   ( 348 kB)
[    0.000999]     pkmap   : 0xff800000 - 0xffc00000   (4096 kB)
[    0.000999]     vmalloc : 0xf8800000 - 0xff7fe000   ( 111 MB)
[    0.000999]     lowmem  : 0xc0000000 - 0xf8000000   ( 896 MB)
[    0.000999]       .init : 0xc042d000 - 0xc0461000   ( 208 kB)
[    0.000999]       .data : 0xc033df92 - 0xc042bf20   ( 951 kB)
[    0.000999]       .text : 0xc0100000 - 0xc033df92   (2295 kB)
[    0.000999] Checking if this processor honours the WP bit even in
supervisor mode...Ok.
[    0.000999] SLUB: Genslabs=11, HWalign=64, Order=0-1, MinObjects=4,
CPUs=1, Nodes=1
[    0.060994] Calibrating delay using timer specific routine.. 3611.98
BogoMIPS (lpj=1805990)
[    0.061151] Mount-cache hash table entries: 512
[    0.061653] CPU: L1 I Cache: 64K (64 bytes/line), D cache 64K (64
bytes/line)
[    0.061714] CPU: L2 Cache: 512K (64 bytes/line)
[    0.061771] Intel machine check architecture supported.
[    0.061830] Intel machine check reporting enabled on CPU#0.
[    0.061891] Compat vDSO mapped to ffffe000.
[    0.061949] CPU: AMD Athlon(tm) 64 Processor 3000+ stepping 00
[    0.062091] Checking 'hlt' instruction... OK.
[    0.066248] Freeing SMP alternatives: 0k freed
[    0.066305] ACPI: Core revision 20070126
[    0.074698] ENABLING IO-APIC IRQs
[    0.074988] ..TIMER: vector=0x31 apic1=0 pin1=2 apic2=0 pin2=0
[    0.084987] net_namespace: 220 bytes
[    0.084987] NET: Registered protocol family 16
[    0.085286] ACPI: bus type pci registered
[    0.094004] PCI: PCI BIOS revision 2.10 entry at 0xfa090, last bus=1
[    0.094067] PCI: Using configuration type 1
[    0.094123] Setting up standard PCI resources
[    0.099716] ACPI: EC: Look up EC in DSDT
[    0.106968] ACPI: Interpreter enabled
[    0.106991] ACPI: (supports S0 S3 S5)
[    0.107199] ACPI: Using IOAPIC for interrupt routing
[    0.115558] ACPI: PCI Root Bridge [PCI0] (0000:00)
[    0.116693] pci 0000:00:11.0: Force enabled HPET at 0xfed00000
[    0.117072] ACPI: PCI Interrupt Routing Table [\_SB_.PCI0._PRT]
[    0.186440] ACPI: PCI Interrupt Link [LNKA] (IRQs 3 4 6 7 10 11 12) *5
[    0.187106] ACPI: PCI Interrupt Link [LNKB] (IRQs 3 4 6 7 10 *11 12)
[    0.187737] ACPI: PCI Interrupt Link [LNKC] (IRQs 3 4 6 7 10 *11 12)
[    0.188330] ACPI: PCI Interrupt Link [LNKD] (IRQs 3 4 6 7 10 11 12)
*0, disabled.
[    0.189039] ACPI: PCI Interrupt Link [LNKE] (IRQs 3 4 6 7 10 11 12)
*0, disabled.
[    0.189714] ACPI: PCI Interrupt Link [LNKF] (IRQs 3 4 6 7 10 11 12)
*0, disabled.
[    0.190386] ACPI: PCI Interrupt Link [LNK0] (IRQs 3 4 6 7 *10 11 12)
[    0.191031] ACPI: PCI Interrupt Link [LNK1] (IRQs 3 4 6 7 *10 11 12)
[    0.191675] ACPI: PCI Interrupt Link [ALKA] (IRQs *20)
[    0.192080] ACPI: PCI Interrupt Link [ALKB] (IRQs *21)
[    0.192474] ACPI: PCI Interrupt Link [ALKC] (IRQs *22)
[    0.192913] ACPI: PCI Interrupt Link [ALKD] (IRQs *23), disabled.
[    0.193302] Linux Plug and Play Support v0.97 (c) Adam Belay
[    0.193417] pnp: PnP ACPI init
[    0.193494] ACPI: bus type pnp registered
[    0.198071] pnp: PnP ACPI: found 10 devices
[    0.198128] ACPI: ACPI bus type pnp unregistered
[    0.198476] SCSI subsystem initialized
[    0.198583] libata version 3.00 loaded.
[    0.198769] usbcore: registered new interface driver usbfs
[    0.198881] usbcore: registered new interface driver hub
[    0.199040] usbcore: registered new device driver usb
[    0.199596] PCI: Using ACPI for IRQ routing
[    0.199653] PCI: If a device doesn't work, try "pci=routeirq".  If it
helps, post a report
[    0.231972] hpet clockevent registered
[    0.231972] hpet0: at MMIO 0xfed00000, IRQs 2, 8, 0
[    0.231972] hpet0: 3 32-bit timers, 14318180 Hz
[    0.232065] ACPI: RTC can wake from S4
[    0.232538] Time: tsc clocksource has been installed.
[    0.239035] system 00:00: iomem range 0xcc000-0xcffff has been reserved
[    0.239035] system 00:00: iomem range 0xf0000-0xf7fff could not be
reserved
[    0.239035] system 00:00: iomem range 0xf8000-0xfbfff could not be
reserved
[    0.239035] system 00:00: iomem range 0xfc000-0xfffff could not be
reserved
[    0.239035] system 00:00: iomem range 0x3ff00000-0x3fffffff has been
reserved
[    0.239035] system 00:00: iomem range 0x3fef0000-0x3fefffff could not
be reserved
[    0.239035] system 00:00: iomem range 0xffff0000-0xffffffff could not
be reserved
[    0.239035] system 00:00: iomem range 0x0-0x9ffff could not be reserved
[    0.239035] system 00:00: iomem range 0x100000-0x3feeffff could not
be reserved
[    0.239035] system 00:00: iomem range 0xfec00000-0xfec00fff could not
be reserved
[    0.239035] system 00:00: iomem range 0xfee00000-0xfee00fff could not
be reserved
[    0.239035] system 00:00: iomem range 0xfff80000-0xfffeffff could not
be reserved
[    0.239035] system 00:02: ioport range 0x4000-0x407f has been reserved
[    0.239035] system 00:02: ioport range 0x5000-0x500f has been reserved
[    0.239035] system 00:03: ioport range 0xb78-0xb7b has been reserved
[    0.239038] system 00:03: ioport range 0xf78-0xf7b has been reserved
[    0.239098] system 00:03: ioport range 0xa78-0xa7b has been reserved
[    0.239158] system 00:03: ioport range 0xe78-0xe7b has been reserved
[    0.239218] system 00:03: ioport range 0xbbc-0xbbf has been reserved
[    0.239278] system 00:03: ioport range 0xfbc-0xfbf has been reserved
[    0.239338] system 00:03: ioport range 0x4d0-0x4d1 has been reserved
[    0.239398] system 00:03: ioport range 0x290-0x297 has been reserved
[    0.270422] PCI: Bridge: 0000:00:01.0
[    0.270480]   IO window: c000-cfff
[    0.270538]   MEM window: 0xf8000000-0xf80fffff
[    0.270597]   PREFETCH window: 0x00000000e8000000-0x00000000f7ffffff
[    0.270673] PCI: Setting latency timer of device 0000:00:01.0 to 64
[    0.270688] NET: Registered protocol family 2
[    0.289032] IP route cache hash table entries: 32768 (order: 5,
131072 bytes)
[    0.289032] TCP established hash table entries: 131072 (order: 8,
1048576 bytes)
[    0.289472] TCP bind hash table entries: 65536 (order: 9, 2097152 bytes)
[    0.295939] TCP: Hash tables configured (established 131072 bind 65536)
[    0.296024] TCP reno registered
[    0.303035] Simple Boot Flag at 0x37 set to 0x1
[    0.303035] Machine check exception polling timer started.
[    0.303171] CPA exercising pageattr
[    0.303263] CPA mapping 4k 0 large 224 gb 0 x 224[c0000000-f7c00000]
miss 0
[    0.434787] CPA mapping 4k 229376 large 0 gb 0 x
229376[c0000000-f7fff000] miss 0
[    0.434861] CPA reverting everything
[    0.562977] CPA mapping 4k 229376 large 0 gb 0 x
229376[c0000000-f7fff000] miss 0
[    0.562997] CPA selftests PASSED
[    0.563606] highmem bounce pool size: 64 pages
[    0.568199] Installing knfsd (copyright (C) 1996 okir@monad.swb.de).
[    0.568785] Block layer SCSI generic (bsg) driver version 0.4 loaded
(major 253)
[    0.568870] io scheduler noop registered
[    0.569093] io scheduler cfq registered (default)
[    0.569159] PCI: VIA PCI bridge detected. Disabling DAC.
[    0.569294] pci 0000:01:00.0: Boot video device
[    0.570043] input: Power Button (FF) as /devices/virtual/input/input0
[    0.570131] ACPI: Power Button (FF) [PWRF]
[    0.570318] input: Power Button (CM) as /devices/virtual/input/input1
[    0.570379] ACPI: Power Button (CM) [PWRB]
[    0.588184] Linux agpgart interface v0.102
[    0.588184] agpgart: Detected AGP bridge 0
[    0.588184] __ioremap: page is ram
[    0.588184] agpgart: gatt_table is null
[    0.588184] agpgart: unable to get memory for graphics translation table.
[    0.588184] agpgart: agp_backend_initialize() failed.
[    0.588207] agpgart-amd64: probe of 0000:00:00.0 failed with error -12
[    0.588446] [drm] Initialized drm 1.1.0 20060810
[    0.588559] ACPI: PCI Interrupt 0000:01:00.0[A] -> GSI 16 (level,
low) -> IRQ 16
[    0.588772] [drm] Initialized radeon 1.28.0 20060524 on minor 0
[    0.588841] Hangcheck: starting hangcheck timer 0.9.0 (tick is 180
seconds, margin is 60 seconds).
[    0.588914] Hangcheck: Using get_cycles().
[    0.589123] via-rhine: Broken BIOS detected, avoid_D3 enabled.
[    0.589273] VIA Networking Velocity Family Gigabit Ethernet Adapter
Driver Ver. 1.14
[    0.589344] Copyright (c) 2002, 2003 VIA Networking Technologies, Inc.
[    0.589403] Copyright (c) 2004 Red Hat Inc.
[    0.589473] ACPI: PCI Interrupt 0000:00:0e.0[A] -> GSI 22 (level,
low) -> IRQ 22
[    0.590670] eth0: VIA Networking Velocity Family Gigabit Ethernet Adapter
[    0.590732] eth0: Ethernet Address: 00:50:8D:D1:28:BB
[    0.602184] PPP generic driver version 2.4.2
[    0.602184] PPP MPPE Compression module registered
[    0.602184] Driver 'sd' needs updating - please use bus_type methods
[    0.602184] Driver 'sr' needs updating - please use bus_type methods
[    0.602184] sata_via 0000:00:0f.0: version 2.3
[    0.602479] ACPI: PCI Interrupt Link [ALKA] enabled at IRQ 20
[    0.602541] ACPI: PCI Interrupt 0000:00:0f.0[B] -> Link [ALKA] -> GSI
20 (level, low) -> IRQ 20
[    0.602755] sata_via 0000:00:0f.0: routed to hard irq line 11
[    0.602949] scsi0 : sata_via
[    0.603145] scsi1 : sata_via
[    0.603277] ata1: SATA max UDMA/133 cmd 0xe900 ctl 0xea00 bmdma
0xe200 irq 20
[    0.603338] ata2: SATA max UDMA/133 cmd 0xe000 ctl 0xe100 bmdma
0xe208 irq 20
[    0.732209] Switched to high resolution mode on CPU 0
[    0.805345] ata1: SATA link down 1.5 Gbps (SStatus 0 SControl 300)
[    1.006432] ata2: SATA link down 1.5 Gbps (SStatus 0 SControl 300)
[    1.017530] pata_via 0000:00:0f.1: version 0.3.3
[    1.017530] ACPI: PCI Interrupt 0000:00:0f.1[A] -> Link [ALKA] -> GSI
20 (level, low) -> IRQ 20
[    1.017530] scsi2 : pata_via
[    1.017530] scsi3 : pata_via
[    1.019615] ata3: PATA max UDMA/133 cmd 0x1f0 ctl 0x3f6 bmdma 0xe400
irq 14
[    1.019676] ata4: PATA max UDMA/133 cmd 0x170 ctl 0x376 bmdma 0xe408
irq 15
[    1.475781] ata3.00: ATAPI: COMPAQ  DVD-ROM DRD-8120B, 1.10, max UDMA/33
[    1.475781] ata3.01: ATAPI: HL-DT-ST GCE-8525B, 1.03, max UDMA/33
[    1.631972] ata3.00: configured for UDMA/33
[    1.788398] ata3.01: configured for UDMA/33
[    1.968735] ata4.00: ATA-6: WDC WD800JB-00JJA0, 05.01C05, max UDMA/100
[    1.968735] ata4.00: 156301488 sectors, multi 16: LBA
[    1.970928] ata4.00: configured for UDMA/100
[    1.982008] scsi 2:0:0:0: CD-ROM            COMPAQ   DVD-ROM DRD8120B
1.10 PQ: 0 ANSI: 5
[    1.986297] sr0: scsi3-mmc drive: 0x/40x cd/rw xa/form2 cdda tray
[    1.986297] Uniform CD-ROM driver Revision: 3.20
[    1.986297] sr 2:0:0:0: Attached scsi CD-ROM sr0
[    1.986297] sr 2:0:0:0: Attached scsi generic sg0 type 5
[    1.986687] scsi 2:0:1:0: CD-ROM            HL-DT-ST CD-RW GCE-8525B
 1.03 PQ: 0 ANSI: 5
[    1.990578] sr1: scsi3-mmc drive: 40x/52x writer cd/rw xa/form2 cdda tray
[    1.990578] sr 2:0:1:0: Attached scsi CD-ROM sr1
[    1.990578] sr 2:0:1:0: Attached scsi generic sg1 type 5
[    1.990578] scsi 3:0:0:0: Direct-Access     ATA      WDC WD800JB-00JJ
05.0 PQ: 0 ANSI: 5
[    1.990659] sd 3:0:0:0: [sda] 156301488 512-byte hardware sectors
(80026 MB)
[    1.990741] sd 3:0:0:0: [sda] Write Protect is off
[    1.990800] sd 3:0:0:0: [sda] Mode Sense: 00 3a 00 00
[    1.990842] sd 3:0:0:0: [sda] Write cache: enabled, read cache:
enabled, doesn't support DPO or FUA
[    1.991304] sd 3:0:0:0: [sda] 156301488 512-byte hardware sectors
(80026 MB)
[    1.991385] sd 3:0:0:0: [sda] Write Protect is off
[    1.991443] sd 3:0:0:0: [sda] Mode Sense: 00 3a 00 00
[    1.991485] sd 3:0:0:0: [sda] Write cache: enabled, read cache:
enabled, doesn't support DPO or FUA
[    1.991560]  sda: sda1 sda2 < sda5 sda6 >
[    2.031412] sd 3:0:0:0: [sda] Attached SCSI disk
[    2.031593] sd 3:0:0:0: Attached scsi generic sg2 type 0
[    2.031934] ACPI: PCI Interrupt 0000:00:07.0[A] -> GSI 23 (level,
low) -> IRQ 23
[    2.091955] firewire_ohci: Added fw-ohci device 0000:00:07.0, OHCI
version 1.0
[    2.091955] ACPI: PCI Interrupt 0000:00:10.4[C] -> GSI 21 (level,
low) -> IRQ 21
[    2.091955] ehci_hcd 0000:00:10.4: EHCI Host Controller
[    2.091955] ehci_hcd 0000:00:10.4: new USB bus registered, assigned
bus number 1
[    2.091955] ehci_hcd 0000:00:10.4: irq 21, io mem 0xf8121000
[    2.097959] ehci_hcd 0000:00:10.4: USB 2.0 started, EHCI 1.00, driver
10 Dec 2004
[    2.097959] usb usb1: configuration #1 chosen from 1 choice
[    2.097959] hub 1-0:1.0: USB hub found
[    2.097959] hub 1-0:1.0: 8 ports detected
[    2.199944] USB Universal Host Controller Interface driver v3.0
[    2.199944] ACPI: PCI Interrupt 0000:00:10.0[A] -> GSI 21 (level,
low) -> IRQ 21
[    2.199944] uhci_hcd 0000:00:10.0: UHCI Host Controller
[    2.199944] uhci_hcd 0000:00:10.0: new USB bus registered, assigned
bus number 2
[    2.199944] uhci_hcd 0000:00:10.0: irq 21, io base 0x0000e500
[    2.199988] usb usb2: configuration #1 chosen from 1 choice
[    2.200126] hub 2-0:1.0: USB hub found
[    2.200237] hub 2-0:1.0: 2 ports detected
[    2.301904] ACPI: PCI Interrupt 0000:00:10.1[A] -> GSI 21 (level,
low) -> IRQ 21
[    2.301904] uhci_hcd 0000:00:10.1: UHCI Host Controller
[    2.301904] uhci_hcd 0000:00:10.1: new USB bus registered, assigned
bus number 3
[    2.301904] uhci_hcd 0000:00:10.1: irq 21, io base 0x0000e600
[    2.301905] usb usb3: configuration #1 chosen from 1 choice
[    2.301905] hub 3-0:1.0: USB hub found
[    2.301908] hub 3-0:1.0: 2 ports detected
[    2.403802] ACPI: PCI Interrupt 0000:00:10.2[B] -> GSI 21 (level,
low) -> IRQ 21
[    2.403802] uhci_hcd 0000:00:10.2: UHCI Host Controller
[    2.403802] uhci_hcd 0000:00:10.2: new USB bus registered, assigned
bus number 4
[    2.403802] uhci_hcd 0000:00:10.2: irq 21, io base 0x0000e700
[    2.403802] usb usb4: configuration #1 chosen from 1 choice
[    2.403802] hub 4-0:1.0: USB hub found
[    2.403811] hub 4-0:1.0: 2 ports detected
[    2.505768] ACPI: PCI Interrupt 0000:00:10.3[B] -> GSI 21 (level,
low) -> IRQ 21
[    2.505768] uhci_hcd 0000:00:10.3: UHCI Host Controller
[    2.505768] uhci_hcd 0000:00:10.3: new USB bus registered, assigned
bus number 5
[    2.505768] uhci_hcd 0000:00:10.3: irq 21, io base 0x0000e800
[    2.505768] usb usb5: configuration #1 chosen from 1 choice
[    2.505768] hub 5-0:1.0: USB hub found
[    2.505778] hub 5-0:1.0: 2 ports detected
[    2.591726] firewire_core: created new fw device fw0 (0 config rom
retries, S400)
[    2.715676] usb 2-1: new low speed USB device using uhci_hcd and
address 2
[    2.876071] usb 2-1: configuration #1 chosen from 1 choice
[    3.087073] usb 2-2: new low speed USB device using uhci_hcd and
address 3
[    3.257453] usb 2-2: configuration #1 chosen from 1 choice
[    3.885996] usbcore: registered new interface driver usblp
[    3.885996] Initializing USB Mass Storage driver...
[    3.885996] usbcore: registered new interface driver usb-storage
[    3.885996] USB Mass Storage support registered.
[    3.885996] PNP: No PS/2 controller found. Probing ports directly.
[    3.887996] serio: i8042 KBD port at 0x60,0x64 irq 1
[    3.887996] serio: i8042 AUX port at 0x60,0x64 irq 12
[    3.888356] mice: PS/2 mouse device common for all mice
[    3.901030] rtc_cmos 00:05: rtc core: registered rtc_cmos as rtc0
[    3.901030] rtc0: alarms up to one year, y3k
[    3.901030] i2c /dev entries driver
[    3.925715] w83627hf: Found W83627HF chip at 0x290
[    4.230452] w83627hf w83627hf.656: Enabling temp2, readings might not
make sense
[    4.230452] w83627hf w83627hf.656: Enabling temp3, readings might not
make sense
[    4.251584] abituguru: testing bank1 sensor 0
[    4.271967] abituguru:   alarm not raised during volt sensor test
[    4.321171] abituguru:   found temp sensor
[    4.321741] abituguru: testing bank1 sensor 1
[    4.343135] abituguru:   alarm not raised during volt sensor test
[    4.392269] abituguru:   found temp sensor
[    4.392891] abituguru: testing bank1 sensor 3
[    4.414222] abituguru:   found volt sensor
[    4.414744] abituguru: testing bank1 sensor 4
[    4.434239] abituguru:   found volt sensor
[    4.434837] abituguru: testing bank1 sensor 10
[    4.456193] abituguru:   found volt sensor
[    4.456709] abituguru: testing bank1 sensor 8
[    4.476231] abituguru:   found volt sensor
[    4.476756] abituguru: testing bank1 sensor 14
[    4.496246] abituguru:   found volt sensor
[    4.496841] abituguru: testing bank1 sensor 2
[    4.518206] abituguru:   found volt sensor
[    4.518723] abituguru: testing bank1 sensor 9
[    4.540197] abituguru:   found volt sensor
[    4.540766] abituguru: testing bank1 sensor 6
[    4.562173] abituguru:   found volt sensor
[    4.562727] abituguru: testing bank1 sensor 5
[    4.584163] abituguru:   found volt sensor
[    4.584718] abituguru: testing bank1 sensor 11
[    4.606155] abituguru:   found volt sensor
[    4.606738] abituguru: testing bank1 sensor 15
[    4.628118] abituguru:   alarm not raised during volt sensor test
[    4.677245] abituguru:   found temp sensor
[    4.677735] abituguru: testing bank1 sensor 13
[    4.698225] abituguru:   found volt sensor
[    4.698811] abituguru: testing bank1 sensor 7
[    4.720168] abituguru:   alarm not raised during volt sensor test
[    4.769327] abituguru:   alarm not raised during temp sensor test
[    4.769462] abituguru: testing bank1 sensor 12
[    4.789849] abituguru:   alarm not raised during volt sensor test
[    4.838971] abituguru:   alarm not raised during temp sensor test
[    4.838971] abituguru: detecting number of fan sensors
[    4.838971] abituguru:   bank2 sensor 5 does not seem to be a fan
sensor: the threshold (0) is below the minimum (5)
[    4.838971] abituguru:  found: 5 fan sensors
[    4.838971] abituguru: detecting number of PWM outputs
[    4.838971] abituguru:   pwm channel 3 does not seem to be a pwm
channel: settings[0] = C9
[    4.838971] abituguru:  found: 3 PWM outputs
[    4.838971] abituguru: found Abit uGuru
[    4.839568] WDT driver for the Winbond(TM) W83627HF/THF/HG Super I/O
chip initialising.
[    4.839750] w83627hf/thf/hg WDT: initialized. timeout=60 sec (nowayout=0)
[    4.855644] input: Logitech USB Mouse as
/devices/pci0000:00/0000:00:10.0/usb2/2-1/2-1:1.0/input/input2
[    4.866988] input: USB HID v1.10 Mouse [Logitech USB Mouse] on
usb-0000:00:10.0-1
[    4.880986] input: Microsoft Microsoft速 Digital Media Pro Keyboard as
/devices/pci0000:00/0000:00:10.0/usb2/2-2/2-2:1.0/input/input3
[    4.891397] input: USB HID v1.11 Keyboard [Microsoft Microsoft速
Digital Media Pro Keyboard] on usb-0000:00:10.0-2
[    4.918779] input: Microsoft Microsoft速 Digital Media Pro Keyboard as
/devices/pci0000:00/0000:00:10.0/usb2/2-2/2-2:1.1/input/input4
[    4.930144] input: USB HID v1.11 Device [Microsoft Microsoft速 Digital
Media Pro Keyboard] on usb-0000:00:10.0-2
[    4.930144] usbcore: registered new interface driver usbhid
[    4.930144] drivers/hid/usbhid/hid-core.c: v2.6:USB HID core driver
[    4.930144] Advanced Linux Sound Architecture Driver Version
1.0.16rc2 (Thu Jan 31 16:40:16 2008 UTC).
[    4.930580] ACPI: PCI Interrupt 0000:00:11.5[C] -> GSI 22 (level,
low) -> IRQ 22
[    4.930830] PCI: Setting latency timer of device 0000:00:11.5 to 64
[    5.445632] ALSA device list:
[    5.445690]   #0: VIA 8237 with ALC658D at 0xd800, irq 22
[    5.446403] GRE over IPv4 tunneling driver
[    5.446944] TCP cubic registered
[    5.447024] NET: Registered protocol family 1
[    5.447099] NET: Registered protocol family 17
[    5.447414] RPC: Registered udp transport module.
[    5.448110] RPC: Registered tcp transport module.
[    5.448170] Using IPI Shortcut mode
[    5.448489] rtc_cmos 00:05: setting system clock to 2008-02-03
18:05:40 UTC (1202061940)
[    5.478884] EXT3-fs: mounted filesystem with ordered data mode.
[    5.478884] VFS: Mounted root (ext3 filesystem) readonly.
[    5.478884] Freeing unused kernel memory: 208k freed
[    5.479045] kjournald starting.  Commit interval 5 seconds
[   10.051129] Velocity is AUTO mode
[   10.790149] Adding 1502036k swap on /dev/sda5.  Priority:-1 extents:1
across:1502036k
[   11.140366] EXT3 FS on sda1, internal journal
[   11.739483] eth0: Link auto-negotiation speed 100M bps full duplex
[   11.838066] kjournald starting.  Commit interval 5 seconds
[   11.838212] EXT3 FS on sda6, internal journal
[   11.838212] EXT3-fs: mounted filesystem with ordered data mode.
#
# Automatically generated make config: don't edit
# Linux kernel version: 2.6.24
# Sat Feb  2 11:27:25 2008
#
# CONFIG_64BIT is not set
CONFIG_X86_32=y
# CONFIG_X86_64 is not set
CONFIG_X86=y
# CONFIG_GENERIC_LOCKBREAK is not set
CONFIG_GENERIC_TIME=y
CONFIG_GENERIC_CMOS_UPDATE=y
CONFIG_CLOCKSOURCE_WATCHDOG=y
CONFIG_GENERIC_CLOCKEVENTS=y
CONFIG_GENERIC_CLOCKEVENTS_BROADCAST=y
CONFIG_LOCKDEP_SUPPORT=y
CONFIG_STACKTRACE_SUPPORT=y
CONFIG_HAVE_LATENCYTOP_SUPPORT=y
CONFIG_SEMAPHORE_SLEEPERS=y
CONFIG_MMU=y
CONFIG_ZONE_DMA=y
CONFIG_QUICKLIST=y
CONFIG_GENERIC_ISA_DMA=y
CONFIG_GENERIC_IOMAP=y
CONFIG_GENERIC_BUG=y
CONFIG_GENERIC_HWEIGHT=y
# CONFIG_GENERIC_GPIO is not set
CONFIG_ARCH_MAY_HAVE_PC_FDC=y
CONFIG_DMI=y
# CONFIG_RWSEM_GENERIC_SPINLOCK is not set
CONFIG_RWSEM_XCHGADD_ALGORITHM=y
# CONFIG_ARCH_HAS_ILOG2_U32 is not set
# CONFIG_ARCH_HAS_ILOG2_U64 is not set
CONFIG_GENERIC_CALIBRATE_DELAY=y
# CONFIG_GENERIC_TIME_VSYSCALL is not set
# CONFIG_HAVE_SETUP_PER_CPU_AREA is not set
CONFIG_ARCH_SUPPORTS_OPROFILE=y
CONFIG_ARCH_HIBERNATION_POSSIBLE=y
CONFIG_ARCH_SUSPEND_POSSIBLE=y
# CONFIG_ZONE_DMA32 is not set
CONFIG_ARCH_POPULATES_NODE_MAP=y
# CONFIG_AUDIT_ARCH is not set
CONFIG_GENERIC_HARDIRQS=y
CONFIG_GENERIC_IRQ_PROBE=y
CONFIG_X86_BIOS_REBOOT=y
CONFIG_KTIME_SCALAR=y
CONFIG_DEFCONFIG_LIST="/lib/modules/$UNAME_RELEASE/.config"
#
# General setup
#
CONFIG_EXPERIMENTAL=y
CONFIG_BROKEN_ON_SMP=y
CONFIG_LOCK_KERNEL=y
CONFIG_INIT_ENV_ARG_LIMIT=32
CONFIG_LOCALVERSION=""
CONFIG_LOCALVERSION_AUTO=y
CONFIG_SWAP=y
# CONFIG_SYSVIPC is not set
# CONFIG_POSIX_MQUEUE is not set
# CONFIG_BSD_PROCESS_ACCT is not set
# CONFIG_TASKSTATS is not set
# CONFIG_USER_NS is not set
# CONFIG_PID_NS is not set
# CONFIG_AUDIT is not set
CONFIG_IKCONFIG=y
CONFIG_IKCONFIG_PROC=y
CONFIG_LOG_BUF_SHIFT=17
# CONFIG_CGROUPS is not set
CONFIG_FAIR_GROUP_SCHED=y
CONFIG_FAIR_USER_SCHED=y
# CONFIG_FAIR_CGROUP_SCHED is not set
# CONFIG_SYSFS_DEPRECATED is not set
# CONFIG_RELAY is not set
# CONFIG_BLK_DEV_INITRD is not set
CONFIG_CC_OPTIMIZE_FOR_SIZE=y
CONFIG_SYSCTL=y
# CONFIG_EMBEDDED is not set
CONFIG_UID16=y
CONFIG_SYSCTL_SYSCALL=y
CONFIG_KALLSYMS=y
CONFIG_KALLSYMS_ALL=y
# CONFIG_KALLSYMS_EXTRA_PASS is not set
CONFIG_HOTPLUG=y
CONFIG_PRINTK=y
CONFIG_BUG=y
CONFIG_ELF_CORE=y
CONFIG_BASE_FULL=y
CONFIG_FUTEX=y
CONFIG_ANON_INODES=y
CONFIG_EPOLL=y
CONFIG_SIGNALFD=y
CONFIG_EVENTFD=y
CONFIG_SHMEM=y
CONFIG_VM_EVENT_COUNTERS=y
CONFIG_SLUB_DEBUG=y
# CONFIG_SLAB is not set
CONFIG_SLUB=y
# CONFIG_SLOB is not set
CONFIG_SLABINFO=y
CONFIG_RT_MUTEXES=y
# CONFIG_TINY_SHMEM is not set
CONFIG_BASE_SMALL=0
# CONFIG_MODULES is not set
CONFIG_BLOCK=y
# CONFIG_LBD is not set
# CONFIG_BLK_DEV_IO_TRACE is not set
# CONFIG_LSF is not set
CONFIG_BLK_DEV_BSG=y
#
# IO Schedulers
#
CONFIG_IOSCHED_NOOP=y
# CONFIG_IOSCHED_AS is not set
# CONFIG_IOSCHED_DEADLINE is not set
CONFIG_IOSCHED_CFQ=y
# CONFIG_DEFAULT_AS is not set
# CONFIG_DEFAULT_DEADLINE is not set
CONFIG_DEFAULT_CFQ=y
# CONFIG_DEFAULT_NOOP is not set
CONFIG_DEFAULT_IOSCHED="cfq"
# CONFIG_CLASSIC_RCU is not set
CONFIG_PREEMPT_RCU=y
#
# Processor type and features
#
CONFIG_TICK_ONESHOT=y
CONFIG_NO_HZ=y
CONFIG_HIGH_RES_TIMERS=y
CONFIG_GENERIC_CLOCKEVENTS_BUILD=y
# CONFIG_SMP is not set
CONFIG_X86_PC=y
# CONFIG_X86_ELAN is not set
# CONFIG_X86_VOYAGER is not set
# CONFIG_X86_NUMAQ is not set
# CONFIG_X86_SUMMIT is not set
# CONFIG_X86_BIGSMP is not set
# CONFIG_X86_VISWS is not set
# CONFIG_X86_GENERICARCH is not set
# CONFIG_X86_ES7000 is not set
# CONFIG_X86_RDC321X is not set
# CONFIG_X86_VSMP is not set
CONFIG_SCHED_NO_NO_OMIT_FRAME_POINTER=y
# CONFIG_PARAVIRT_GUEST is not set
# CONFIG_M386 is not set
# CONFIG_M486 is not set
# CONFIG_M586 is not set
# CONFIG_M586TSC is not set
# CONFIG_M586MMX is not set
# CONFIG_M686 is not set
# CONFIG_MPENTIUMII is not set
# CONFIG_MPENTIUMIII is not set
# CONFIG_MPENTIUMM is not set
# CONFIG_MPENTIUM4 is not set
# CONFIG_MK6 is not set
# CONFIG_MK7 is not set
CONFIG_MK8=y
# CONFIG_MCRUSOE is not set
# CONFIG_MEFFICEON is not set
# CONFIG_MWINCHIPC6 is not set
# CONFIG_MWINCHIP2 is not set
# CONFIG_MWINCHIP3D is not set
# CONFIG_MGEODEGX1 is not set
# CONFIG_MGEODE_LX is not set
# CONFIG_MCYRIXIII is not set
# CONFIG_MVIAC3_2 is not set
# CONFIG_MVIAC7 is not set
# CONFIG_MPSC is not set
# CONFIG_MCORE2 is not set
# CONFIG_GENERIC_CPU is not set
# CONFIG_X86_GENERIC is not set
CONFIG_X86_CMPXCHG=y
CONFIG_X86_L1_CACHE_SHIFT=6
CONFIG_X86_XADD=y
CONFIG_X86_WP_WORKS_OK=y
CONFIG_X86_INVLPG=y
CONFIG_X86_BSWAP=y
CONFIG_X86_POPAD_OK=y
CONFIG_X86_GOOD_APIC=y
CONFIG_X86_INTEL_USERCOPY=y
CONFIG_X86_USE_PPRO_CHECKSUM=y
CONFIG_X86_TSC=y
CONFIG_X86_MINIMUM_CPU_FAMILY=4
CONFIG_X86_DEBUGCTLMSR=y
CONFIG_HPET_TIMER=y
# CONFIG_PREEMPT_NONE is not set
# CONFIG_PREEMPT_VOLUNTARY is not set
CONFIG_PREEMPT=y
# CONFIG_RCU_TRACE is not set
CONFIG_X86_UP_APIC=y
CONFIG_X86_UP_IOAPIC=y
CONFIG_X86_LOCAL_APIC=y
CONFIG_X86_IO_APIC=y
CONFIG_X86_MCE=y
CONFIG_X86_MCE_NONFATAL=y
# CONFIG_X86_MCE_P4THERMAL is not set
CONFIG_VM86=y
# CONFIG_TOSHIBA is not set
# CONFIG_I8K is not set
# CONFIG_X86_REBOOTFIXUPS is not set
# CONFIG_MICROCODE is not set
CONFIG_X86_MSR=y
CONFIG_X86_CPUID=y
# CONFIG_NOHIGHMEM is not set
CONFIG_HIGHMEM4G=y
# CONFIG_HIGHMEM64G is not set
CONFIG_PAGE_OFFSET=0xC0000000
CONFIG_HIGHMEM=y
CONFIG_ARCH_FLATMEM_ENABLE=y
CONFIG_ARCH_SPARSEMEM_ENABLE=y
CONFIG_ARCH_SELECT_MEMORY_MODEL=y
CONFIG_SELECT_MEMORY_MODEL=y
CONFIG_FLATMEM_MANUAL=y
# CONFIG_DISCONTIGMEM_MANUAL is not set
# CONFIG_SPARSEMEM_MANUAL is not set
CONFIG_FLATMEM=y
CONFIG_FLAT_NODE_MEM_MAP=y
CONFIG_SPARSEMEM_STATIC=y
# CONFIG_SPARSEMEM_VMEMMAP_ENABLE is not set
CONFIG_SPLIT_PTLOCK_CPUS=4
CONFIG_RESOURCES_64BIT=y
CONFIG_ZONE_DMA_FLAG=1
CONFIG_BOUNCE=y
CONFIG_NR_QUICK=1
CONFIG_VIRT_TO_BUS=y
# CONFIG_HIGHPTE is not set
# CONFIG_MATH_EMULATION is not set
CONFIG_MTRR=y
# CONFIG_EFI is not set
# CONFIG_SECCOMP is not set
# CONFIG_HZ_100 is not set
# CONFIG_HZ_250 is not set
# CONFIG_HZ_300 is not set
CONFIG_HZ_1000=y
CONFIG_HZ=1000
CONFIG_SCHED_HRTICK=y
# CONFIG_KEXEC is not set
# CONFIG_CRASH_DUMP is not set
CONFIG_PHYSICAL_START=0x100000
# CONFIG_RELOCATABLE is not set
CONFIG_PHYSICAL_ALIGN=0x100000
# CONFIG_COMPAT_VDSO is not set
CONFIG_ARCH_ENABLE_MEMORY_HOTPLUG=y
#
# Power management options
#
CONFIG_PM=y
# CONFIG_PM_LEGACY is not set
# CONFIG_PM_DEBUG is not set
CONFIG_PM_SLEEP=y
CONFIG_SUSPEND=y
CONFIG_SUSPEND_FREEZER=y
# CONFIG_HIBERNATION is not set
CONFIG_ACPI=y
CONFIG_ACPI_SLEEP=y
CONFIG_ACPI_PROCFS=y
# CONFIG_ACPI_PROCFS_POWER is not set
CONFIG_ACPI_SYSFS_POWER=y
CONFIG_ACPI_PROC_EVENT=y
# CONFIG_ACPI_AC is not set
# CONFIG_ACPI_BATTERY is not set
CONFIG_ACPI_BUTTON=y
CONFIG_ACPI_FAN=y
# CONFIG_ACPI_DOCK is not set
CONFIG_ACPI_PROCESSOR=y
CONFIG_ACPI_THERMAL=y
# CONFIG_ACPI_ASUS is not set
# CONFIG_ACPI_TOSHIBA is not set
CONFIG_ACPI_BLACKLIST_YEAR=2000
# CONFIG_ACPI_DEBUG is not set
CONFIG_ACPI_EC=y
CONFIG_ACPI_POWER=y
CONFIG_ACPI_SYSTEM=y
CONFIG_X86_PM_TIMER=y
# CONFIG_ACPI_CONTAINER is not set
# CONFIG_ACPI_SBS is not set
# CONFIG_APM is not set
#
# CPU Frequency scaling
#
CONFIG_CPU_FREQ=y
CONFIG_CPU_FREQ_TABLE=y
# CONFIG_CPU_FREQ_DEBUG is not set
CONFIG_CPU_FREQ_STAT=y
# CONFIG_CPU_FREQ_STAT_DETAILS is not set
# CONFIG_CPU_FREQ_DEFAULT_GOV_PERFORMANCE is not set
# CONFIG_CPU_FREQ_DEFAULT_GOV_USERSPACE is not set
CONFIG_CPU_FREQ_DEFAULT_GOV_ONDEMAND=y
# CONFIG_CPU_FREQ_DEFAULT_GOV_CONSERVATIVE is not set
CONFIG_CPU_FREQ_GOV_PERFORMANCE=y
# CONFIG_CPU_FREQ_GOV_POWERSAVE is not set
# CONFIG_CPU_FREQ_GOV_USERSPACE is not set
CONFIG_CPU_FREQ_GOV_ONDEMAND=y
# CONFIG_CPU_FREQ_GOV_CONSERVATIVE is not set
#
# CPUFreq processor drivers
#
# CONFIG_X86_ACPI_CPUFREQ is not set
# CONFIG_X86_POWERNOW_K6 is not set
# CONFIG_X86_POWERNOW_K7 is not set
# CONFIG_X86_POWERNOW_K8 is not set
# CONFIG_X86_GX_SUSPMOD is not set
# CONFIG_X86_SPEEDSTEP_CENTRINO is not set
# CONFIG_X86_SPEEDSTEP_ICH is not set
# CONFIG_X86_SPEEDSTEP_SMI is not set
# CONFIG_X86_P4_CLOCKMOD is not set
# CONFIG_X86_CPUFREQ_NFORCE2 is not set
# CONFIG_X86_LONGRUN is not set
# CONFIG_X86_LONGHAUL is not set
# CONFIG_X86_E_POWERSAVER is not set
#
# shared options
#
# CONFIG_X86_SPEEDSTEP_LIB is not set
# CONFIG_CPU_IDLE is not set
#
# Bus options (PCI etc.)
#
CONFIG_PCI=y
# CONFIG_PCI_GOBIOS is not set
# CONFIG_PCI_GOMMCONFIG is not set
# CONFIG_PCI_GODIRECT is not set
CONFIG_PCI_GOANY=y
CONFIG_PCI_BIOS=y
CONFIG_PCI_DIRECT=y
CONFIG_PCI_MMCONFIG=y
CONFIG_PCI_DOMAINS=y
# CONFIG_PCIEPORTBUS is not set
# CONFIG_PCIEASPM is not set
CONFIG_ARCH_SUPPORTS_MSI=y
# CONFIG_PCI_MSI is not set
# CONFIG_PCI_LEGACY is not set
# CONFIG_PCI_DEBUG is not set
CONFIG_HT_IRQ=y
CONFIG_ISA_DMA_API=y
# CONFIG_ISA is not set
# CONFIG_MCA is not set
# CONFIG_SCx200 is not set
CONFIG_K8_NB=y
# CONFIG_PCCARD is not set
# CONFIG_HOTPLUG_PCI is not set
#
# Executable file formats / Emulations
#
CONFIG_BINFMT_ELF=y
# CONFIG_BINFMT_AOUT is not set
# CONFIG_BINFMT_MISC is not set
#
# Networking
#
CONFIG_NET=y
#
# Networking options
#
CONFIG_PACKET=y
CONFIG_PACKET_MMAP=y
CONFIG_UNIX=y
# CONFIG_NET_KEY is not set
CONFIG_INET=y
# CONFIG_IP_MULTICAST is not set
# CONFIG_IP_ADVANCED_ROUTER is not set
CONFIG_IP_FIB_HASH=y
# CONFIG_IP_PNP is not set
# CONFIG_NET_IPIP is not set
CONFIG_NET_IPGRE=y
# CONFIG_ARPD is not set
# CONFIG_SYN_COOKIES is not set
# CONFIG_INET_AH is not set
# CONFIG_INET_ESP is not set
# CONFIG_INET_IPCOMP is not set
# CONFIG_INET_XFRM_TUNNEL is not set
# CONFIG_INET_TUNNEL is not set
# CONFIG_INET_XFRM_MODE_TRANSPORT is not set
# CONFIG_INET_XFRM_MODE_TUNNEL is not set
# CONFIG_INET_XFRM_MODE_BEET is not set
CONFIG_INET_LRO=y
# CONFIG_INET_DIAG is not set
# CONFIG_TCP_CONG_ADVANCED is not set
CONFIG_TCP_CONG_CUBIC=y
CONFIG_DEFAULT_TCP_CONG="cubic"
# CONFIG_TCP_MD5SIG is not set
# CONFIG_IPV6 is not set
# CONFIG_INET6_XFRM_TUNNEL is not set
# CONFIG_INET6_TUNNEL is not set
# CONFIG_NETWORK_SECMARK is not set
# CONFIG_NETFILTER is not set
# CONFIG_IP_DCCP is not set
# CONFIG_IP_SCTP is not set
# CONFIG_TIPC is not set
# CONFIG_ATM is not set
# CONFIG_BRIDGE is not set
# CONFIG_VLAN_8021Q is not set
# CONFIG_DECNET is not set
# CONFIG_LLC2 is not set
# CONFIG_IPX is not set
# CONFIG_ATALK is not set
# CONFIG_X25 is not set
# CONFIG_LAPB is not set
# CONFIG_ECONET is not set
# CONFIG_WAN_ROUTER is not set
# CONFIG_NET_SCHED is not set
#
# Network testing
#
# CONFIG_NET_PKTGEN is not set
# CONFIG_HAMRADIO is not set
# CONFIG_CAN is not set
# CONFIG_IRDA is not set
# CONFIG_BT is not set
# CONFIG_AF_RXRPC is not set
#
# Wireless
#
# CONFIG_CFG80211 is not set
# CONFIG_WIRELESS_EXT is not set
# CONFIG_MAC80211 is not set
# CONFIG_IEEE80211 is not set
# CONFIG_RFKILL is not set
# CONFIG_NET_9P is not set
#
# Device Drivers
#
#
# Generic Driver Options
#
CONFIG_UEVENT_HELPER_PATH="/sbin/hotplug"
CONFIG_STANDALONE=y
CONFIG_PREVENT_FIRMWARE_BUILD=y
# CONFIG_FW_LOADER is not set
# CONFIG_DEBUG_DRIVER is not set
# CONFIG_DEBUG_DEVRES is not set
# CONFIG_SYS_HYPERVISOR is not set
# CONFIG_CONNECTOR is not set
# CONFIG_MTD is not set
# CONFIG_PARPORT is not set
CONFIG_PNP=y
# CONFIG_PNP_DEBUG is not set
#
# Protocols
#
CONFIG_PNPACPI=y
CONFIG_BLK_DEV=y
# CONFIG_BLK_DEV_FD is not set
# CONFIG_BLK_CPQ_DA is not set
# CONFIG_BLK_CPQ_CISS_DA is not set
# CONFIG_BLK_DEV_DAC960 is not set
# CONFIG_BLK_DEV_UMEM is not set
# CONFIG_BLK_DEV_COW_COMMON is not set
# CONFIG_BLK_DEV_LOOP is not set
# CONFIG_BLK_DEV_NBD is not set
# CONFIG_BLK_DEV_SX8 is not set
# CONFIG_BLK_DEV_UB is not set
# CONFIG_BLK_DEV_RAM is not set
CONFIG_CDROM_PKTCDVD=y
CONFIG_CDROM_PKTCDVD_BUFFERS=8
# CONFIG_CDROM_PKTCDVD_WCACHE is not set
# CONFIG_ATA_OVER_ETH is not set
# CONFIG_MISC_DEVICES is not set
# CONFIG_IDE is not set
#
# SCSI device support
#
# CONFIG_RAID_ATTRS is not set
CONFIG_SCSI=y
CONFIG_SCSI_DMA=y
CONFIG_SCSI_TGT=y
# CONFIG_SCSI_NETLINK is not set
# CONFIG_SCSI_PROC_FS is not set
#
# SCSI support type (disk, tape, CD-ROM)
#
CONFIG_BLK_DEV_SD=y
# CONFIG_CHR_DEV_ST is not set
# CONFIG_CHR_DEV_OSST is not set
CONFIG_BLK_DEV_SR=y
# CONFIG_BLK_DEV_SR_VENDOR is not set
CONFIG_CHR_DEV_SG=y
# CONFIG_CHR_DEV_SCH is not set
#
# Some SCSI devices (e.g. CD jukebox) support multiple LUNs
#
# CONFIG_SCSI_MULTI_LUN is not set
# CONFIG_SCSI_CONSTANTS is not set
# CONFIG_SCSI_LOGGING is not set
CONFIG_SCSI_SCAN_ASYNC=y
#
# SCSI Transports
#
# CONFIG_SCSI_SPI_ATTRS is not set
# CONFIG_SCSI_FC_ATTRS is not set
# CONFIG_SCSI_ISCSI_ATTRS is not set
# CONFIG_SCSI_SAS_ATTRS is not set
# CONFIG_SCSI_SAS_LIBSAS is not set
# CONFIG_SCSI_SRP_ATTRS is not set
# CONFIG_SCSI_LOWLEVEL is not set
CONFIG_ATA=y
# CONFIG_ATA_NONSTANDARD is not set
CONFIG_ATA_ACPI=y
# CONFIG_SATA_AHCI is not set
# CONFIG_SATA_SVW is not set
# CONFIG_ATA_PIIX is not set
# CONFIG_SATA_MV is not set
# CONFIG_SATA_NV is not set
# CONFIG_PDC_ADMA is not set
# CONFIG_SATA_QSTOR is not set
# CONFIG_SATA_PROMISE is not set
# CONFIG_SATA_SX4 is not set
CONFIG_SATA_SIL=y
# CONFIG_SATA_SIL24 is not set
# CONFIG_SATA_SIS is not set
# CONFIG_SATA_ULI is not set
CONFIG_SATA_VIA=y
# CONFIG_SATA_VITESSE is not set
# CONFIG_SATA_INIC162X is not set
# CONFIG_PATA_ACPI is not set
# CONFIG_PATA_ALI is not set
# CONFIG_PATA_AMD is not set
# CONFIG_PATA_ARTOP is not set
# CONFIG_PATA_ATIIXP is not set
# CONFIG_PATA_CMD640_PCI is not set
# CONFIG_PATA_CMD64X is not set
# CONFIG_PATA_CS5520 is not set
# CONFIG_PATA_CS5530 is not set
# CONFIG_PATA_CS5535 is not set
# CONFIG_PATA_CS5536 is not set
# CONFIG_PATA_CYPRESS is not set
# CONFIG_PATA_EFAR is not set
# CONFIG_ATA_GENERIC is not set
# CONFIG_PATA_HPT366 is not set
# CONFIG_PATA_HPT37X is not set
# CONFIG_PATA_HPT3X2N is not set
# CONFIG_PATA_HPT3X3 is not set
# CONFIG_PATA_IT821X is not set
# CONFIG_PATA_IT8213 is not set
# CONFIG_PATA_JMICRON is not set
# CONFIG_PATA_TRIFLEX is not set
# CONFIG_PATA_MARVELL is not set
# CONFIG_PATA_MPIIX is not set
# CONFIG_PATA_OLDPIIX is not set
# CONFIG_PATA_NETCELL is not set
# CONFIG_PATA_NINJA32 is not set
# CONFIG_PATA_NS87410 is not set
# CONFIG_PATA_NS87415 is not set
# CONFIG_PATA_OPTI is not set
# CONFIG_PATA_OPTIDMA is not set
# CONFIG_PATA_PDC_OLD is not set
# CONFIG_PATA_RADISYS is not set
# CONFIG_PATA_RZ1000 is not set
# CONFIG_PATA_SC1200 is not set
# CONFIG_PATA_SERVERWORKS is not set
# CONFIG_PATA_PDC2027X is not set
# CONFIG_PATA_SIL680 is not set
# CONFIG_PATA_SIS is not set
CONFIG_PATA_VIA=y
# CONFIG_PATA_WINBOND is not set
# CONFIG_MD is not set
# CONFIG_FUSION is not set
#
# IEEE 1394 (FireWire) support
#
CONFIG_FIREWIRE=y
CONFIG_FIREWIRE_OHCI=y
# CONFIG_FIREWIRE_SBP2 is not set
# CONFIG_IEEE1394 is not set
# CONFIG_I2O is not set
# CONFIG_MACINTOSH_DRIVERS is not set
CONFIG_NETDEVICES=y
# CONFIG_NETDEVICES_MULTIQUEUE is not set
# CONFIG_DUMMY is not set
# CONFIG_BONDING is not set
# CONFIG_MACVLAN is not set
# CONFIG_EQUALIZER is not set
# CONFIG_TUN is not set
# CONFIG_VETH is not set
# CONFIG_NET_SB1000 is not set
# CONFIG_ARCNET is not set
# CONFIG_PHYLIB is not set
CONFIG_NET_ETHERNET=y
CONFIG_MII=y
# CONFIG_HAPPYMEAL is not set
# CONFIG_SUNGEM is not set
# CONFIG_CASSINI is not set
# CONFIG_NET_VENDOR_3COM is not set
# CONFIG_NET_TULIP is not set
# CONFIG_HP100 is not set
# CONFIG_IBM_NEW_EMAC_ZMII is not set
# CONFIG_IBM_NEW_EMAC_RGMII is not set
# CONFIG_IBM_NEW_EMAC_TAH is not set
# CONFIG_IBM_NEW_EMAC_EMAC4 is not set
CONFIG_NET_PCI=y
# CONFIG_PCNET32 is not set
# CONFIG_AMD8111_ETH is not set
# CONFIG_ADAPTEC_STARFIRE is not set
# CONFIG_B44 is not set
# CONFIG_FORCEDETH is not set
# CONFIG_EEPRO100 is not set
# CONFIG_E100 is not set
# CONFIG_FEALNX is not set
# CONFIG_NATSEMI is not set
# CONFIG_NE2K_PCI is not set
# CONFIG_8139CP is not set
# CONFIG_8139TOO is not set
# CONFIG_R6040 is not set
# CONFIG_SIS900 is not set
# CONFIG_EPIC100 is not set
# CONFIG_SUNDANCE is not set
# CONFIG_TLAN is not set
CONFIG_VIA_RHINE=y
CONFIG_VIA_RHINE_MMIO=y
# CONFIG_VIA_RHINE_NAPI is not set
# CONFIG_SC92031 is not set
CONFIG_NETDEV_1000=y
# CONFIG_ACENIC is not set
# CONFIG_DL2K is not set
# CONFIG_E1000 is not set
# CONFIG_E1000E is not set
# CONFIG_E1000E_ENABLED is not set
# CONFIG_IP1000 is not set
# CONFIG_IGB is not set
# CONFIG_NS83820 is not set
# CONFIG_HAMACHI is not set
# CONFIG_YELLOWFIN is not set
# CONFIG_R8169 is not set
# CONFIG_SIS190 is not set
# CONFIG_SKGE is not set
# CONFIG_SKY2 is not set
# CONFIG_SK98LIN is not set
CONFIG_VIA_VELOCITY=y
# CONFIG_TIGON3 is not set
# CONFIG_BNX2 is not set
# CONFIG_QLA3XXX is not set
# CONFIG_ATL1 is not set
# CONFIG_NETDEV_10000 is not set
# CONFIG_TR is not set
#
# Wireless LAN
#
# CONFIG_WLAN_PRE80211 is not set
# CONFIG_WLAN_80211 is not set
#
# USB Network Adapters
#
# CONFIG_USB_CATC is not set
# CONFIG_USB_KAWETH is not set
# CONFIG_USB_PEGASUS is not set
# CONFIG_USB_RTL8150 is not set
# CONFIG_USB_USBNET is not set
# CONFIG_WAN is not set
# CONFIG_FDDI is not set
# CONFIG_HIPPI is not set
CONFIG_PPP=y
# CONFIG_PPP_MULTILINK is not set
CONFIG_PPP_FILTER=y
CONFIG_PPP_ASYNC=y
CONFIG_PPP_SYNC_TTY=y
# CONFIG_PPP_DEFLATE is not set
# CONFIG_PPP_BSDCOMP is not set
CONFIG_PPP_MPPE=y
# CONFIG_PPPOE is not set
# CONFIG_PPPOL2TP is not set
# CONFIG_SLIP is not set
CONFIG_SLHC=y
# CONFIG_NET_FC is not set
# CONFIG_NETCONSOLE is not set
# CONFIG_NETPOLL is not set
# CONFIG_NET_POLL_CONTROLLER is not set
# CONFIG_ISDN is not set
# CONFIG_PHONE is not set
#
# Input device support
#
CONFIG_INPUT=y
# CONFIG_INPUT_FF_MEMLESS is not set
# CONFIG_INPUT_POLLDEV is not set
#
# Userland interfaces
#
CONFIG_INPUT_MOUSEDEV=y
CONFIG_INPUT_MOUSEDEV_PSAUX=y
CONFIG_INPUT_MOUSEDEV_SCREEN_X=1024
CONFIG_INPUT_MOUSEDEV_SCREEN_Y=768
# CONFIG_INPUT_JOYDEV is not set
CONFIG_INPUT_EVDEV=y
# CONFIG_INPUT_EVBUG is not set
#
# Input Device Drivers
#
CONFIG_INPUT_KEYBOARD=y
CONFIG_KEYBOARD_ATKBD=y
# CONFIG_KEYBOARD_SUNKBD is not set
# CONFIG_KEYBOARD_LKKBD is not set
# CONFIG_KEYBOARD_XTKBD is not set
# CONFIG_KEYBOARD_NEWTON is not set
# CONFIG_KEYBOARD_STOWAWAY is not set
# CONFIG_INPUT_MOUSE is not set
# CONFIG_INPUT_JOYSTICK is not set
# CONFIG_INPUT_TABLET is not set
# CONFIG_INPUT_TOUCHSCREEN is not set
# CONFIG_INPUT_MISC is not set
#
# Hardware I/O ports
#
CONFIG_SERIO=y
CONFIG_SERIO_I8042=y
# CONFIG_SERIO_SERPORT is not set
# CONFIG_SERIO_CT82C710 is not set
# CONFIG_SERIO_PCIPS2 is not set
CONFIG_SERIO_LIBPS2=y
# CONFIG_SERIO_RAW is not set
# CONFIG_GAMEPORT is not set
#
# Character devices
#
CONFIG_VT=y
CONFIG_VT_CONSOLE=y
CONFIG_HW_CONSOLE=y
# CONFIG_VT_HW_CONSOLE_BINDING is not set
# CONFIG_SERIAL_NONSTANDARD is not set
# CONFIG_NOZOMI is not set
#
# Serial drivers
#
# CONFIG_SERIAL_8250 is not set
CONFIG_FIX_EARLYCON_MEM=y
#
# Non-8250 serial port support
#
# CONFIG_SERIAL_JSM is not set
CONFIG_UNIX98_PTYS=y
# CONFIG_LEGACY_PTYS is not set
# CONFIG_IPMI_HANDLER is not set
CONFIG_HW_RANDOM=y
# CONFIG_HW_RANDOM_INTEL is not set
# CONFIG_HW_RANDOM_AMD is not set
# CONFIG_HW_RANDOM_GEODE is not set
CONFIG_HW_RANDOM_VIA=y
# CONFIG_NVRAM is not set
# CONFIG_RTC is not set
# CONFIG_GEN_RTC is not set
# CONFIG_R3964 is not set
# CONFIG_APPLICOM is not set
# CONFIG_SONYPI is not set
# CONFIG_MWAVE is not set
# CONFIG_PC8736x_GPIO is not set
# CONFIG_NSC_GPIO is not set
# CONFIG_CS5535_GPIO is not set
# CONFIG_RAW_DRIVER is not set
CONFIG_HPET=y
# CONFIG_HPET_RTC_IRQ is not set
CONFIG_HPET_MMAP=y
CONFIG_HANGCHECK_TIMER=y
# CONFIG_TCG_TPM is not set
# CONFIG_TELCLOCK is not set
CONFIG_DEVPORT=y
CONFIG_I2C=y
CONFIG_I2C_BOARDINFO=y
CONFIG_I2C_CHARDEV=y
#
# I2C Algorithms
#
# CONFIG_I2C_ALGOBIT is not set
# CONFIG_I2C_ALGOPCF is not set
# CONFIG_I2C_ALGOPCA is not set
#
# I2C Hardware Bus support
#
# CONFIG_I2C_ALI1535 is not set
# CONFIG_I2C_ALI1563 is not set
# CONFIG_I2C_ALI15X3 is not set
# CONFIG_I2C_AMD756 is not set
# CONFIG_I2C_AMD8111 is not set
# CONFIG_I2C_I801 is not set
# CONFIG_I2C_I810 is not set
# CONFIG_I2C_PIIX4 is not set
# CONFIG_I2C_NFORCE2 is not set
# CONFIG_I2C_OCORES is not set
# CONFIG_I2C_PARPORT_LIGHT is not set
# CONFIG_I2C_PROSAVAGE is not set
# CONFIG_I2C_SAVAGE4 is not set
# CONFIG_I2C_SIMTEC is not set
# CONFIG_SCx200_ACB is not set
# CONFIG_I2C_SIS5595 is not set
# CONFIG_I2C_SIS630 is not set
# CONFIG_I2C_SIS96X is not set
# CONFIG_I2C_TAOS_EVM is not set
# CONFIG_I2C_TINY_USB is not set
# CONFIG_I2C_VIA is not set
CONFIG_I2C_VIAPRO=y
# CONFIG_I2C_VOODOO3 is not set
#
# Miscellaneous I2C Chip support
#
# CONFIG_DS1682 is not set
CONFIG_SENSORS_EEPROM=y
# CONFIG_SENSORS_PCF8574 is not set
# CONFIG_PCF8575 is not set
# CONFIG_SENSORS_PCA9539 is not set
# CONFIG_SENSORS_PCF8591 is not set
# CONFIG_TPS65010 is not set
# CONFIG_SENSORS_MAX6875 is not set
# CONFIG_SENSORS_TSL2550 is not set
# CONFIG_I2C_DEBUG_CORE is not set
# CONFIG_I2C_DEBUG_ALGO is not set
# CONFIG_I2C_DEBUG_BUS is not set
# CONFIG_I2C_DEBUG_CHIP is not set
#
# SPI support
#
# CONFIG_SPI is not set
# CONFIG_SPI_MASTER is not set
# CONFIG_W1 is not set
CONFIG_POWER_SUPPLY=y
# CONFIG_POWER_SUPPLY_DEBUG is not set
# CONFIG_PDA_POWER is not set
# CONFIG_BATTERY_DS2760 is not set
CONFIG_HWMON=y
CONFIG_HWMON_VID=y
CONFIG_SENSORS_ABITUGURU=y
# CONFIG_SENSORS_ABITUGURU3 is not set
# CONFIG_SENSORS_AD7418 is not set
# CONFIG_SENSORS_ADM1021 is not set
# CONFIG_SENSORS_ADM1025 is not set
# CONFIG_SENSORS_ADM1026 is not set
# CONFIG_SENSORS_ADM1029 is not set
# CONFIG_SENSORS_ADM1031 is not set
# CONFIG_SENSORS_ADM9240 is not set
# CONFIG_SENSORS_ADT7470 is not set
CONFIG_SENSORS_K8TEMP=y
# CONFIG_SENSORS_ASB100 is not set
# CONFIG_SENSORS_ATXP1 is not set
# CONFIG_SENSORS_DS1621 is not set
# CONFIG_SENSORS_I5K_AMB is not set
# CONFIG_SENSORS_F71805F is not set
# CONFIG_SENSORS_F71882FG is not set
# CONFIG_SENSORS_F75375S is not set
# CONFIG_SENSORS_FSCHER is not set
# CONFIG_SENSORS_FSCPOS is not set
# CONFIG_SENSORS_FSCHMD is not set
# CONFIG_SENSORS_GL518SM is not set
# CONFIG_SENSORS_GL520SM is not set
# CONFIG_SENSORS_CORETEMP is not set
# CONFIG_SENSORS_IT87 is not set
# CONFIG_SENSORS_LM63 is not set
# CONFIG_SENSORS_LM75 is not set
# CONFIG_SENSORS_LM77 is not set
# CONFIG_SENSORS_LM78 is not set
# CONFIG_SENSORS_LM80 is not set
# CONFIG_SENSORS_LM83 is not set
# CONFIG_SENSORS_LM85 is not set
# CONFIG_SENSORS_LM87 is not set
# CONFIG_SENSORS_LM90 is not set
# CONFIG_SENSORS_LM92 is not set
# CONFIG_SENSORS_LM93 is not set
# CONFIG_SENSORS_MAX1619 is not set
# CONFIG_SENSORS_MAX6650 is not set
# CONFIG_SENSORS_PC87360 is not set
# CONFIG_SENSORS_PC87427 is not set
# CONFIG_SENSORS_SIS5595 is not set
# CONFIG_SENSORS_DME1737 is not set
# CONFIG_SENSORS_SMSC47M1 is not set
# CONFIG_SENSORS_SMSC47M192 is not set
# CONFIG_SENSORS_SMSC47B397 is not set
# CONFIG_SENSORS_THMC50 is not set
# CONFIG_SENSORS_VIA686A is not set
# CONFIG_SENSORS_VT1211 is not set
# CONFIG_SENSORS_VT8231 is not set
# CONFIG_SENSORS_W83781D is not set
# CONFIG_SENSORS_W83791D is not set
# CONFIG_SENSORS_W83792D is not set
# CONFIG_SENSORS_W83793 is not set
# CONFIG_SENSORS_W83L785TS is not set
CONFIG_SENSORS_W83627HF=y
# CONFIG_SENSORS_W83627EHF is not set
# CONFIG_SENSORS_HDAPS is not set
# CONFIG_SENSORS_APPLESMC is not set
# CONFIG_HWMON_DEBUG_CHIP is not set
CONFIG_WATCHDOG=y
# CONFIG_WATCHDOG_NOWAYOUT is not set
#
# Watchdog Device Drivers
#
# CONFIG_SOFT_WATCHDOG is not set
# CONFIG_ACQUIRE_WDT is not set
# CONFIG_ADVANTECH_WDT is not set
# CONFIG_ALIM1535_WDT is not set
# CONFIG_ALIM7101_WDT is not set
# CONFIG_SC520_WDT is not set
# CONFIG_EUROTECH_WDT is not set
# CONFIG_IB700_WDT is not set
# CONFIG_IBMASR is not set
# CONFIG_WAFER_WDT is not set
# CONFIG_I6300ESB_WDT is not set
# CONFIG_ITCO_WDT is not set
# CONFIG_IT8712F_WDT is not set
# CONFIG_SC1200_WDT is not set
# CONFIG_PC87413_WDT is not set
# CONFIG_60XX_WDT is not set
# CONFIG_SBC8360_WDT is not set
# CONFIG_SBC7240_WDT is not set
# CONFIG_CPU5_WDT is not set
# CONFIG_SMSC37B787_WDT is not set
CONFIG_W83627HF_WDT=y
# CONFIG_W83697HF_WDT is not set
# CONFIG_W83877F_WDT is not set
# CONFIG_W83977F_WDT is not set
# CONFIG_MACHZ_WDT is not set
# CONFIG_SBC_EPX_C3_WATCHDOG is not set
#
# PCI-based Watchdog Cards
#
# CONFIG_PCIPCWATCHDOG is not set
# CONFIG_WDTPCI is not set
#
# USB-based Watchdog Cards
#
# CONFIG_USBPCWATCHDOG is not set
#
# Sonics Silicon Backplane
#
CONFIG_SSB_POSSIBLE=y
# CONFIG_SSB is not set
#
# Multifunction device drivers
#
# CONFIG_MFD_SM501 is not set
#
# Multimedia devices
#
# CONFIG_VIDEO_DEV is not set
# CONFIG_DVB_CORE is not set
# CONFIG_DAB is not set
#
# Graphics support
#
CONFIG_AGP=y
# CONFIG_AGP_ALI is not set
# CONFIG_AGP_ATI is not set
# CONFIG_AGP_AMD is not set
CONFIG_AGP_AMD64=y
# CONFIG_AGP_INTEL is not set
# CONFIG_AGP_NVIDIA is not set
# CONFIG_AGP_SIS is not set
# CONFIG_AGP_SWORKS is not set
# CONFIG_AGP_VIA is not set
# CONFIG_AGP_EFFICEON is not set
CONFIG_DRM=y
# CONFIG_DRM_TDFX is not set
# CONFIG_DRM_R128 is not set
CONFIG_DRM_RADEON=y
# CONFIG_DRM_MGA is not set
# CONFIG_DRM_SIS is not set
# CONFIG_DRM_VIA is not set
# CONFIG_DRM_SAVAGE is not set
# CONFIG_VGASTATE is not set
# CONFIG_VIDEO_OUTPUT_CONTROL is not set
# CONFIG_FB is not set
# CONFIG_BACKLIGHT_LCD_SUPPORT is not set
#
# Display device support
#
# CONFIG_DISPLAY_SUPPORT is not set
#
# Console display driver support
#
CONFIG_VGA_CONSOLE=y
# CONFIG_VGACON_SOFT_SCROLLBACK is not set
# CONFIG_VIDEO_SELECT is not set
CONFIG_DUMMY_CONSOLE=y
#
# Sound
#
CONFIG_SOUND=y
#
# Advanced Linux Sound Architecture
#
CONFIG_SND=y
CONFIG_SND_TIMER=y
CONFIG_SND_PCM=y
CONFIG_SND_RAWMIDI=y
CONFIG_SND_SEQUENCER=y
# CONFIG_SND_SEQ_DUMMY is not set
CONFIG_SND_OSSEMUL=y
CONFIG_SND_MIXER_OSS=y
CONFIG_SND_PCM_OSS=y
CONFIG_SND_PCM_OSS_PLUGINS=y
CONFIG_SND_SEQUENCER_OSS=y
# CONFIG_SND_DYNAMIC_MINORS is not set
# CONFIG_SND_SUPPORT_OLD_API is not set
# CONFIG_SND_VERBOSE_PROCFS is not set
# CONFIG_SND_VERBOSE_PRINTK is not set
# CONFIG_SND_DEBUG is not set
#
# Generic devices
#
CONFIG_SND_MPU401_UART=y
CONFIG_SND_AC97_CODEC=y
# CONFIG_SND_DUMMY is not set
# CONFIG_SND_VIRMIDI is not set
# CONFIG_SND_MTPAV is not set
# CONFIG_SND_SERIAL_U16550 is not set
# CONFIG_SND_MPU401 is not set
#
# PCI devices
#
# CONFIG_SND_AD1889 is not set
# CONFIG_SND_ALS300 is not set
# CONFIG_SND_ALS4000 is not set
# CONFIG_SND_ALI5451 is not set
# CONFIG_SND_ATIIXP is not set
# CONFIG_SND_ATIIXP_MODEM is not set
# CONFIG_SND_AU8810 is not set
# CONFIG_SND_AU8820 is not set
# CONFIG_SND_AU8830 is not set
# CONFIG_SND_AZT3328 is not set
# CONFIG_SND_BT87X is not set
# CONFIG_SND_CA0106 is not set
# CONFIG_SND_CMIPCI is not set
# CONFIG_SND_OXYGEN is not set
# CONFIG_SND_CS4281 is not set
# CONFIG_SND_CS46XX is not set
# CONFIG_SND_CS5530 is not set
# CONFIG_SND_CS5535AUDIO is not set
# CONFIG_SND_DARLA20 is not set
# CONFIG_SND_GINA20 is not set
# CONFIG_SND_LAYLA20 is not set
# CONFIG_SND_DARLA24 is not set
# CONFIG_SND_GINA24 is not set
# CONFIG_SND_LAYLA24 is not set
# CONFIG_SND_MONA is not set
# CONFIG_SND_MIA is not set
# CONFIG_SND_ECHO3G is not set
# CONFIG_SND_INDIGO is not set
# CONFIG_SND_INDIGOIO is not set
# CONFIG_SND_INDIGODJ is not set
# CONFIG_SND_EMU10K1 is not set
# CONFIG_SND_EMU10K1X is not set
# CONFIG_SND_ENS1370 is not set
# CONFIG_SND_ENS1371 is not set
# CONFIG_SND_ES1938 is not set
# CONFIG_SND_ES1968 is not set
# CONFIG_SND_FM801 is not set
# CONFIG_SND_HDA_INTEL is not set
# CONFIG_SND_HDSP is not set
# CONFIG_SND_HDSPM is not set
# CONFIG_SND_HIFIER is not set
# CONFIG_SND_ICE1712 is not set
# CONFIG_SND_ICE1724 is not set
# CONFIG_SND_INTEL8X0 is not set
# CONFIG_SND_INTEL8X0M is not set
# CONFIG_SND_KORG1212 is not set
# CONFIG_SND_MAESTRO3 is not set
# CONFIG_SND_MIXART is not set
# CONFIG_SND_NM256 is not set
# CONFIG_SND_PCXHR is not set
# CONFIG_SND_RIPTIDE is not set
# CONFIG_SND_RME32 is not set
# CONFIG_SND_RME96 is not set
# CONFIG_SND_RME9652 is not set
# CONFIG_SND_SIS7019 is not set
# CONFIG_SND_SONICVIBES is not set
# CONFIG_SND_TRIDENT is not set
CONFIG_SND_VIA82XX=y
# CONFIG_SND_VIA82XX_MODEM is not set
# CONFIG_SND_VIRTUOSO is not set
# CONFIG_SND_VX222 is not set
# CONFIG_SND_YMFPCI is not set
CONFIG_SND_AC97_POWER_SAVE=y
CONFIG_SND_AC97_POWER_SAVE_DEFAULT=0
#
# USB devices
#
# CONFIG_SND_USB_AUDIO is not set
# CONFIG_SND_USB_USX2Y is not set
# CONFIG_SND_USB_CAIAQ is not set
#
# System on Chip audio support
#
# CONFIG_SND_SOC is not set
#
# SoC Audio support for SuperH
#
#
# ALSA SoC audio for Freescale SOCs
#
#
# Open Sound System
#
# CONFIG_SOUND_PRIME is not set
CONFIG_AC97_BUS=y
CONFIG_HID_SUPPORT=y
CONFIG_HID=y
# CONFIG_HID_DEBUG is not set
# CONFIG_HIDRAW is not set
#
# USB Input Devices
#
CONFIG_USB_HID=y
# CONFIG_USB_HIDINPUT_POWERBOOK is not set
# CONFIG_HID_FF is not set
# CONFIG_USB_HIDDEV is not set
CONFIG_USB_SUPPORT=y
CONFIG_USB_ARCH_HAS_HCD=y
CONFIG_USB_ARCH_HAS_OHCI=y
CONFIG_USB_ARCH_HAS_EHCI=y
CONFIG_USB=y
# CONFIG_USB_DEBUG is not set
# CONFIG_USB_ANNOUNCE_NEW_DEVICES is not set
#
# Miscellaneous USB options
#
# CONFIG_USB_DEVICEFS is not set
# CONFIG_USB_DEVICE_CLASS is not set
# CONFIG_USB_DYNAMIC_MINORS is not set
# CONFIG_USB_SUSPEND is not set
# CONFIG_USB_PERSIST is not set
# CONFIG_USB_OTG is not set
#
# USB Host Controller Drivers
#
CONFIG_USB_EHCI_HCD=y
CONFIG_USB_EHCI_ROOT_HUB_TT=y
CONFIG_USB_EHCI_TT_NEWSCHED=y
# CONFIG_USB_ISP116X_HCD is not set
# CONFIG_USB_OHCI_HCD is not set
CONFIG_USB_UHCI_HCD=y
# CONFIG_USB_SL811_HCD is not set
# CONFIG_USB_R8A66597_HCD is not set
#
# USB Device Class drivers
#
# CONFIG_USB_ACM is not set
CONFIG_USB_PRINTER=y
#
# NOTE: USB_STORAGE enables SCSI, and 'SCSI disk support'
#
#
# may also be needed; see USB_STORAGE Help for more information
#
CONFIG_USB_STORAGE=y
# CONFIG_USB_STORAGE_DEBUG is not set
# CONFIG_USB_STORAGE_DATAFAB is not set
# CONFIG_USB_STORAGE_FREECOM is not set
# CONFIG_USB_STORAGE_ISD200 is not set
# CONFIG_USB_STORAGE_DPCM is not set
# CONFIG_USB_STORAGE_USBAT is not set
# CONFIG_USB_STORAGE_SDDR09 is not set
# CONFIG_USB_STORAGE_SDDR55 is not set
# CONFIG_USB_STORAGE_JUMPSHOT is not set
# CONFIG_USB_STORAGE_ALAUDA is not set
# CONFIG_USB_STORAGE_KARMA is not set
# CONFIG_USB_LIBUSUAL is not set
#
# USB Imaging devices
#
# CONFIG_USB_MDC800 is not set
# CONFIG_USB_MICROTEK is not set
# CONFIG_USB_MON is not set
#
# USB port drivers
#
# CONFIG_USB_SERIAL is not set
#
# USB Miscellaneous drivers
#
# CONFIG_USB_EMI62 is not set
# CONFIG_USB_EMI26 is not set
# CONFIG_USB_ADUTUX is not set
# CONFIG_USB_AUERSWALD is not set
# CONFIG_USB_RIO500 is not set
# CONFIG_USB_LEGOTOWER is not set
# CONFIG_USB_LCD is not set
# CONFIG_USB_BERRY_CHARGE is not set
# CONFIG_USB_LED is not set
# CONFIG_USB_CYPRESS_CY7C63 is not set
# CONFIG_USB_CYTHERM is not set
# CONFIG_USB_PHIDGET is not set
# CONFIG_USB_IDMOUSE is not set
# CONFIG_USB_FTDI_ELAN is not set
# CONFIG_USB_APPLEDISPLAY is not set
# CONFIG_USB_SISUSBVGA is not set
# CONFIG_USB_LD is not set
# CONFIG_USB_TRANCEVIBRATOR is not set
# CONFIG_USB_IOWARRIOR is not set
# CONFIG_USB_GADGET is not set
# CONFIG_MMC is not set
# CONFIG_NEW_LEDS is not set
# CONFIG_INFINIBAND is not set
# CONFIG_EDAC is not set
CONFIG_RTC_LIB=y
CONFIG_RTC_CLASS=y
CONFIG_RTC_HCTOSYS=y
CONFIG_RTC_HCTOSYS_DEVICE="rtc0"
# CONFIG_RTC_DEBUG is not set
#
# RTC interfaces
#
# CONFIG_RTC_INTF_SYSFS is not set
# CONFIG_RTC_INTF_PROC is not set
CONFIG_RTC_INTF_DEV=y
CONFIG_RTC_INTF_DEV_UIE_EMUL=y
# CONFIG_RTC_DRV_TEST is not set
#
# I2C RTC drivers
#
# CONFIG_RTC_DRV_DS1307 is not set
# CONFIG_RTC_DRV_DS1374 is not set
# CONFIG_RTC_DRV_DS1672 is not set
# CONFIG_RTC_DRV_MAX6900 is not set
# CONFIG_RTC_DRV_RS5C372 is not set
# CONFIG_RTC_DRV_ISL1208 is not set
# CONFIG_RTC_DRV_X1205 is not set
# CONFIG_RTC_DRV_PCF8563 is not set
# CONFIG_RTC_DRV_PCF8583 is not set
# CONFIG_RTC_DRV_M41T80 is not set
#
# SPI RTC drivers
#
#
# Platform RTC drivers
#
CONFIG_RTC_DRV_CMOS=y
# CONFIG_RTC_DRV_DS1553 is not set
# CONFIG_RTC_DRV_STK17TA8 is not set
# CONFIG_RTC_DRV_DS1742 is not set
# CONFIG_RTC_DRV_M48T86 is not set
# CONFIG_RTC_DRV_M48T59 is not set
# CONFIG_RTC_DRV_V3020 is not set
#
# on-CPU RTC drivers
#
# CONFIG_DMADEVICES is not set
#
# Userspace I/O
#
# CONFIG_UIO is not set
#
# Firmware Drivers
#
# CONFIG_EDD is not set
# CONFIG_DELL_RBU is not set
# CONFIG_DCDBAS is not set
# CONFIG_DMIID is not set
#
# File systems
#
CONFIG_EXT2_FS=y
CONFIG_EXT2_FS_XATTR=y
CONFIG_EXT2_FS_POSIX_ACL=y
CONFIG_EXT2_FS_SECURITY=y
# CONFIG_EXT2_FS_XIP is not set
CONFIG_EXT3_FS=y
CONFIG_EXT3_FS_XATTR=y
CONFIG_EXT3_FS_POSIX_ACL=y
CONFIG_EXT3_FS_SECURITY=y
# CONFIG_EXT4DEV_FS is not set
CONFIG_JBD=y
CONFIG_FS_MBCACHE=y
# CONFIG_REISERFS_FS is not set
# CONFIG_JFS_FS is not set
CONFIG_FS_POSIX_ACL=y
# CONFIG_XFS_FS is not set
# CONFIG_GFS2_FS is not set
# CONFIG_OCFS2_FS is not set
# CONFIG_MINIX_FS is not set
# CONFIG_ROMFS_FS is not set
CONFIG_INOTIFY=y
CONFIG_INOTIFY_USER=y
# CONFIG_QUOTA is not set
CONFIG_DNOTIFY=y
# CONFIG_AUTOFS_FS is not set
# CONFIG_AUTOFS4_FS is not set
# CONFIG_FUSE_FS is not set
#
# CD-ROM/DVD Filesystems
#
CONFIG_ISO9660_FS=y
CONFIG_JOLIET=y
CONFIG_ZISOFS=y
CONFIG_UDF_FS=y
CONFIG_UDF_NLS=y
#
# DOS/FAT/NT Filesystems
#
# CONFIG_MSDOS_FS is not set
# CONFIG_VFAT_FS is not set
# CONFIG_NTFS_FS is not set
#
# Pseudo filesystems
#
CONFIG_PROC_FS=y
CONFIG_PROC_KCORE=y
CONFIG_PROC_SYSCTL=y
CONFIG_SYSFS=y
CONFIG_TMPFS=y
# CONFIG_TMPFS_POSIX_ACL is not set
# CONFIG_HUGETLBFS is not set
# CONFIG_HUGETLB_PAGE is not set
# CONFIG_CONFIGFS_FS is not set
#
# Miscellaneous filesystems
#
# CONFIG_ADFS_FS is not set
# CONFIG_AFFS_FS is not set
# CONFIG_HFS_FS is not set
# CONFIG_HFSPLUS_FS is not set
# CONFIG_BEFS_FS is not set
# CONFIG_BFS_FS is not set
# CONFIG_EFS_FS is not set
# CONFIG_CRAMFS is not set
# CONFIG_VXFS_FS is not set
# CONFIG_HPFS_FS is not set
# CONFIG_QNX4FS_FS is not set
# CONFIG_SYSV_FS is not set
# CONFIG_UFS_FS is not set
CONFIG_NETWORK_FILESYSTEMS=y
# CONFIG_NFS_FS is not set
CONFIG_NFSD=y
CONFIG_NFSD_V3=y
# CONFIG_NFSD_V3_ACL is not set
# CONFIG_NFSD_V4 is not set
CONFIG_NFSD_TCP=y
CONFIG_LOCKD=y
CONFIG_LOCKD_V4=y
CONFIG_EXPORTFS=y
CONFIG_NFS_COMMON=y
CONFIG_SUNRPC=y
# CONFIG_SUNRPC_BIND34 is not set
# CONFIG_RPCSEC_GSS_KRB5 is not set
# CONFIG_RPCSEC_GSS_SPKM3 is not set
# CONFIG_SMB_FS is not set
# CONFIG_CIFS is not set
# CONFIG_NCP_FS is not set
# CONFIG_CODA_FS is not set
# CONFIG_AFS_FS is not set
#
# Partition Types
#
# CONFIG_PARTITION_ADVANCED is not set
CONFIG_MSDOS_PARTITION=y
CONFIG_NLS=y
CONFIG_NLS_DEFAULT="iso8859-1"
# CONFIG_NLS_CODEPAGE_437 is not set
# CONFIG_NLS_CODEPAGE_737 is not set
# CONFIG_NLS_CODEPAGE_775 is not set
# CONFIG_NLS_CODEPAGE_850 is not set
# CONFIG_NLS_CODEPAGE_852 is not set
# CONFIG_NLS_CODEPAGE_855 is not set
# CONFIG_NLS_CODEPAGE_857 is not set
# CONFIG_NLS_CODEPAGE_860 is not set
# CONFIG_NLS_CODEPAGE_861 is not set
# CONFIG_NLS_CODEPAGE_862 is not set
# CONFIG_NLS_CODEPAGE_863 is not set
# CONFIG_NLS_CODEPAGE_864 is not set
# CONFIG_NLS_CODEPAGE_865 is not set
# CONFIG_NLS_CODEPAGE_866 is not set
# CONFIG_NLS_CODEPAGE_869 is not set
# CONFIG_NLS_CODEPAGE_936 is not set
# CONFIG_NLS_CODEPAGE_950 is not set
# CONFIG_NLS_CODEPAGE_932 is not set
# CONFIG_NLS_CODEPAGE_949 is not set
# CONFIG_NLS_CODEPAGE_874 is not set
# CONFIG_NLS_ISO8859_8 is not set
# CONFIG_NLS_CODEPAGE_1250 is not set
# CONFIG_NLS_CODEPAGE_1251 is not set
CONFIG_NLS_ASCII=y
CONFIG_NLS_ISO8859_1=y
# CONFIG_NLS_ISO8859_2 is not set
# CONFIG_NLS_ISO8859_3 is not set
# CONFIG_NLS_ISO8859_4 is not set
# CONFIG_NLS_ISO8859_5 is not set
# CONFIG_NLS_ISO8859_6 is not set
# CONFIG_NLS_ISO8859_7 is not set
# CONFIG_NLS_ISO8859_9 is not set
# CONFIG_NLS_ISO8859_13 is not set
# CONFIG_NLS_ISO8859_14 is not set
# CONFIG_NLS_ISO8859_15 is not set
CONFIG_NLS_KOI8_R=y
# CONFIG_NLS_KOI8_U is not set
CONFIG_NLS_UTF8=y
# CONFIG_DLM is not set
# CONFIG_INSTRUMENTATION is not set
#
# Kernel hacking
#
CONFIG_TRACE_IRQFLAGS_SUPPORT=y
CONFIG_PRINTK_TIME=y
CONFIG_ENABLE_WARN_DEPRECATED=y
# CONFIG_ENABLE_MUST_CHECK is not set
CONFIG_MAGIC_SYSRQ=y
# CONFIG_UNUSED_SYMBOLS is not set
# CONFIG_DEBUG_FS is not set
# CONFIG_HEADERS_CHECK is not set
# CONFIG_DEBUG_SECTION_MISMATCH is not set
CONFIG_DEBUG_KERNEL=y
# CONFIG_DEBUG_SHIRQ is not set
CONFIG_DETECT_SOFTLOCKUP=y
CONFIG_SCHED_DEBUG=y
CONFIG_SCHEDSTATS=y
# CONFIG_TIMER_STATS is not set
# CONFIG_SLUB_DEBUG_ON is not set
CONFIG_DEBUG_PREEMPT=y
# CONFIG_DEBUG_RT_MUTEXES is not set
# CONFIG_RT_MUTEX_TESTER is not set
CONFIG_DEBUG_SPINLOCK=y
CONFIG_DEBUG_MUTEXES=y
CONFIG_DEBUG_LOCK_ALLOC=y
CONFIG_PROVE_LOCKING=y
CONFIG_LOCKDEP=y
# CONFIG_LOCK_STAT is not set
# CONFIG_DEBUG_LOCKDEP is not set
CONFIG_TRACE_IRQFLAGS=y
CONFIG_DEBUG_SPINLOCK_SLEEP=y
# CONFIG_DEBUG_LOCKING_API_SELFTESTS is not set
CONFIG_STACKTRACE=y
# CONFIG_DEBUG_KOBJECT is not set
# CONFIG_DEBUG_HIGHMEM is not set
CONFIG_DEBUG_BUGVERBOSE=y
CONFIG_DEBUG_INFO=y
# CONFIG_DEBUG_VM is not set
# CONFIG_DEBUG_LIST is not set
# CONFIG_DEBUG_SG is not set
CONFIG_FRAME_POINTER=y
CONFIG_FORCED_INLINING=y
# CONFIG_BOOT_PRINTK_DELAY is not set
# CONFIG_BACKTRACE_SELF_TEST is not set
# CONFIG_FAULT_INJECTION is not set
CONFIG_LATENCYTOP=y
# CONFIG_PROVIDE_OHCI1394_DMA_INIT is not set
# CONFIG_SAMPLES is not set
CONFIG_EARLY_PRINTK=y
# CONFIG_DEBUG_STACKOVERFLOW is not set
# CONFIG_DEBUG_STACK_USAGE is not set
# CONFIG_DEBUG_PAGEALLOC is not set
# CONFIG_DEBUG_RODATA is not set
CONFIG_4KSTACKS=y
CONFIG_X86_FIND_SMP_CONFIG=y
CONFIG_X86_MPPARSE=y
CONFIG_DOUBLEFAULT=y
CONFIG_IO_DELAY_TYPE_0X80=0
CONFIG_IO_DELAY_TYPE_0XED=1
CONFIG_IO_DELAY_TYPE_UDELAY=2
CONFIG_IO_DELAY_TYPE_NONE=3
CONFIG_IO_DELAY_0X80=y
# CONFIG_IO_DELAY_0XED is not set
# CONFIG_IO_DELAY_UDELAY is not set
# CONFIG_IO_DELAY_NONE is not set
CONFIG_DEFAULT_IO_DELAY_TYPE=0
CONFIG_CPA_DEBUG=y
#
# Security options
#
# CONFIG_KEYS is not set
# CONFIG_SECURITY is not set
# CONFIG_SECURITY_FILE_CAPABILITIES is not set
CONFIG_CRYPTO=y
CONFIG_CRYPTO_ALGAPI=y
CONFIG_CRYPTO_BLKCIPHER=y
# CONFIG_CRYPTO_SEQIV is not set
CONFIG_CRYPTO_HASH=y
CONFIG_CRYPTO_MANAGER=y
CONFIG_CRYPTO_HMAC=y
# CONFIG_CRYPTO_XCBC is not set
# CONFIG_CRYPTO_NULL is not set
# CONFIG_CRYPTO_MD4 is not set
CONFIG_CRYPTO_MD5=y
CONFIG_CRYPTO_SHA1=y
CONFIG_CRYPTO_SHA256=y
# CONFIG_CRYPTO_SHA512 is not set
# CONFIG_CRYPTO_WP512 is not set
# CONFIG_CRYPTO_TGR192 is not set
# CONFIG_CRYPTO_GF128MUL is not set
CONFIG_CRYPTO_ECB=y
# CONFIG_CRYPTO_CBC is not set
# CONFIG_CRYPTO_PCBC is not set
# CONFIG_CRYPTO_LRW is not set
# CONFIG_CRYPTO_XTS is not set
# CONFIG_CRYPTO_CTR is not set
# CONFIG_CRYPTO_GCM is not set
# CONFIG_CRYPTO_CCM is not set
# CONFIG_CRYPTO_CRYPTD is not set
# CONFIG_CRYPTO_DES is not set
# CONFIG_CRYPTO_FCRYPT is not set
# CONFIG_CRYPTO_BLOWFISH is not set
# CONFIG_CRYPTO_TWOFISH is not set
# CONFIG_CRYPTO_TWOFISH_586 is not set
# CONFIG_CRYPTO_SERPENT is not set
# CONFIG_CRYPTO_AES is not set
# CONFIG_CRYPTO_AES_586 is not set
# CONFIG_CRYPTO_CAST5 is not set
# CONFIG_CRYPTO_CAST6 is not set
# CONFIG_CRYPTO_TEA is not set
CONFIG_CRYPTO_ARC4=y
# CONFIG_CRYPTO_KHAZAD is not set
# CONFIG_CRYPTO_ANUBIS is not set
# CONFIG_CRYPTO_SEED is not set
# CONFIG_CRYPTO_SALSA20 is not set
# CONFIG_CRYPTO_SALSA20_586 is not set
# CONFIG_CRYPTO_DEFLATE is not set
# CONFIG_CRYPTO_MICHAEL_MIC is not set
# CONFIG_CRYPTO_CRC32C is not set
# CONFIG_CRYPTO_CAMELLIA is not set
# CONFIG_CRYPTO_AUTHENC is not set
# CONFIG_CRYPTO_LZO is not set
# CONFIG_CRYPTO_HW is not set
CONFIG_HAVE_KVM=y
# CONFIG_VIRTUALIZATION is not set
#
# Library routines
#
CONFIG_BITREVERSE=y
CONFIG_CRC_CCITT=y
# CONFIG_CRC16 is not set
CONFIG_CRC_ITU_T=y
CONFIG_CRC32=y
# CONFIG_CRC7 is not set
# CONFIG_LIBCRC32C is not set
CONFIG_ZLIB_INFLATE=y
CONFIG_PLIST=y
CONFIG_HAS_IOMEM=y
CONFIG_HAS_IOPORT=y
CONFIG_HAS_DMA=y
--
To unsubscribe from this list: send the line "unsubscribe linux-kernel" in
the body of a message to majordomo@vger.kernel.org
More majordomo info at  
http://vger.kernel.org/majordomo-info.html
Please read the FAQ at  
http://www.tux.org/lkml/