Date: Mon, 26 Aug 2002 10:38:33 -0700 (PDT)
From: Andre Hedrick <>
Subject: Re: ATA err with 2.4.20-ac1
Sender: linux-kernel-owner@vger.kernel.org
Precedence: bulk
List-ID: <linux-kernel.vger.kernel.org>
X-Mailing-List: linux-kernel@vger.kernel.org
X-Lkml-Link: https://lkml.org/lkml/2002/8/26/133

No biggie, the driver just barfed the command and all is cool.
On Mon, 26 Aug 2002, Grega Fajdiga wrote:
> Good day,
> 
> I get these errors with 2.4.20-ac1:
> 
> hdb: task_no_data_intr: status=0x51 { DriveReady SeekComplete Error }
> hdb: task_no_data_intr: error=0x04 { DriveStatusError }
> 
> Relevant part of the config
> 
> # CONFIG_PARIDE is not set
> # ATA/IDE/MFM/RLL support
> CONFIG_IDE=y
> # IDE, ATA and ATAPI Block devices
> CONFIG_BLK_DEV_IDE=y
> # CONFIG_BLK_DEV_HD_IDE is not set
> CONFIG_BLK_DEV_IDEDISK=y
> CONFIG_IDEDISK_MULTI_MODE=y
> # CONFIG_IDEDISK_STROKE is not set
> # CONFIG_BLK_DEV_IDEDISK_VENDOR is not set
> # CONFIG_BLK_DEV_IDEDISK_FUJITSU is not set
> # CONFIG_BLK_DEV_IDEDISK_IBM is not set
> # CONFIG_BLK_DEV_IDEDISK_MAXTOR is not set
> # CONFIG_BLK_DEV_IDEDISK_QUANTUM is not set
> # CONFIG_BLK_DEV_IDEDISK_SEAGATE is not set
> # CONFIG_BLK_DEV_IDEDISK_WD is not set
> # CONFIG_BLK_DEV_IDECS is not set
> CONFIG_BLK_DEV_IDECD=y
> # CONFIG_BLK_DEV_IDECD_BAILOUT is not set
> # CONFIG_BLK_DEV_IDETAPE is not set
> # CONFIG_BLK_DEV_IDEFLOPPY is not set
> # CONFIG_BLK_DEV_IDESCSI is not set
> CONFIG_IDE_TASK_IOCTL=y
> CONFIG_IDE_TASKFILE_IO=y
> CONFIG_BLK_DEV_IDEPCI=y
> CONFIG_IDEPCI_SHARE_IRQ=y
> CONFIG_BLK_DEV_IDEDMA_PCI=y
> # CONFIG_BLK_DEV_IDEDMA_FORCED is not set
> CONFIG_IDEDMA_PCI_AUTO=y
> # CONFIG_IDEDMA_ONLYDISK is not set
> CONFIG_BLK_DEV_IDEDMA=y
> # CONFIG_IDEDMA_PCI_WIP is not set
> # CONFIG_IDEDMA_NEW_DRIVE_LISTINGS is not set
> # CONFIG_AMD74XX_OVERRIDE is not set
> # CONFIG_IDE_CHIPSETS is not set
> CONFIG_IDEDMA_AUTO=y
> # CONFIG_IDEDMA_IVB is not set
> CONFIG_BLK_DEV_IDE_MODES=y
> 
> If there is anything else I can provide, please tell.
> 
> Regards,
> Grega
> -
> To unsubscribe from this list: send the line "unsubscribe linux-kernel" in
> the body of a message to majordomo@vger.kernel.org
> More majordomo info at  
http://vger.kernel.org/majordomo-info.html
> Please read the FAQ at  
http://www.tux.org/lkml/
> 
Andre Hedrick
LAD Storage Consulting Group
-
To unsubscribe from this list: send the line "unsubscribe linux-kernel" in
the body of a message to majordomo@vger.kernel.org
More majordomo info at  
http://vger.kernel.org/majordomo-info.html
Please read the FAQ at  
http://www.tux.org/lkml/