Date: Sun, 27 Jan 2008 08:49:29 -0500
From: "Felipe Balbi" <>
Subject: T61P sound issue
Sender: linux-kernel-owner@vger.kernel.org
Precedence: bulk
List-ID: <linux-kernel.vger.kernel.org>
X-Mailing-List: linux-kernel@vger.kernel.org
X-Lkml-Link: https://lkml.org/lkml/2008/1/27/128

Hi all,
Could anyone make T61P's ICH8 sound controller to work properly?
Here's lspci |grep -i audio:
Intel Corporation 82801H (ICH8 Family) HD Audio Controller (rev 03)
Running linux-2.6.24 stable. If there's a know bug, I could try to dig
more on it and get more info.
Attached is my .config and dmesg output
-- 
Best Regards,
Felipe Balbi
felipebalbi@users.sourceforge.net
[unhandled content-type:application/octet-stream]Linux version 2.6.24 (underline@gandalf) (gcc version 4.2.3 20080114 (prerelease) (Debian 4.2.2-7)) #6 SMP Sun Jan 27 01:16:52 EST 2008
Command line: root=/dev/mapper/gandalf-root ro vga=791 
BIOS-provided physical RAM map:
 BIOS-e820: 0000000000000000 - 000000000009d800 (usable)
 BIOS-e820: 000000000009d800 - 00000000000a0000 (reserved)
 BIOS-e820: 00000000000d2000 - 00000000000d4000 (reserved)
 BIOS-e820: 00000000000e0000 - 0000000000100000 (reserved)
 BIOS-e820: 0000000000100000 - 00000000bfeb0000 (usable)
 BIOS-e820: 00000000bfeb0000 - 00000000bfecc000 (ACPI data)
 BIOS-e820: 00000000bfecc000 - 00000000bff00000 (ACPI NVS)
 BIOS-e820: 00000000bff00000 - 00000000c0000000 (reserved)
 BIOS-e820: 00000000f0000000 - 00000000f4000000 (reserved)
 BIOS-e820: 00000000fec00000 - 00000000fec10000 (reserved)
 BIOS-e820: 00000000fed00000 - 00000000fed00400 (reserved)
 BIOS-e820: 00000000fed14000 - 00000000fed1a000 (reserved)
 BIOS-e820: 00000000fed1c000 - 00000000fed90000 (reserved)
 BIOS-e820: 00000000fee00000 - 00000000fee01000 (reserved)
 BIOS-e820: 00000000ff000000 - 0000000100000000 (reserved)
 BIOS-e820: 0000000100000000 - 000000013c000000 (usable)
Entering add_active_range(0, 0, 157) 0 entries of 3200 used
Entering add_active_range(0, 256, 786096) 1 entries of 3200 used
Entering add_active_range(0, 1048576, 1294336) 2 entries of 3200 used
end_pfn_map = 1294336
DMI present.
ACPI: RSDP 000F68D0, 0024 (r2 LENOVO)
ACPI: XSDT BFEBB8FD, 0094 (r1 LENOVO TP-7L        1210  LTP        0)
ACPI: FACP BFEBBA00, 00F4 (r3 LENOVO TP-7L        1210 LNVO        1)
ACPI Warning (tbfadt-0442): Optional field "Gpe1Block" has zero address or length: 000000000000102C/0 [20070126]
ACPI: DSDT BFEBBE0C, FD64 (r1 LENOVO TP-7L        1210 MSFT  3000000)
ACPI: FACS BFEE4000, 0040
ACPI: SSDT BFEBBBB4, 0258 (r1 LENOVO TP-7L        1210 MSFT  3000000)
ACPI: ECDT BFECBB70, 0052 (r1 LENOVO TP-7L        1210 LNVO        1)
ACPI: TCPA BFECBBC2, 0032 (r2 LENOVO TP-7L        1210 LNVO        1)
ACPI: APIC BFECBBF4, 0068 (r1 LENOVO TP-7L        1210 LNVO        1)
ACPI: MCFG BFECBC5C, 003C (r1 LENOVO TP-7L        1210 LNVO        1)
ACPI: HPET BFECBC98, 0038 (r1 LENOVO TP-7L        1210 LNVO        1)
ACPI: SLIC BFECBDF0, 0176 (r1 LENOVO TP-7L        1210  LTP        0)
ACPI: BOOT BFECBF66, 0028 (r1 LENOVO TP-7L        1210  LTP        1)
ACPI: ASF! BFECBF8E, 0072 (r16 LENOVO TP-7L        1210 PTL         1)
ACPI: SSDT BFEE26D9, 025F (r1 LENOVO TP-7L        1210 INTL 20050513)
ACPI: SSDT BFEE2938, 00A6 (r1 LENOVO TP-7L        1210 INTL 20050513)
ACPI: SSDT BFEE29DE, 04F7 (r1 LENOVO TP-7L        1210 INTL 20050513)
ACPI: SSDT BFEE2ED5, 01D8 (r1 LENOVO TP-7L        1210 INTL 20050513)
ACPI: DMI detected: Lenovo ThinkPad T61
ACPI: Added _OSI(Linux)
No NUMA configuration found
Faking a node at 0000000000000000-000000013c000000
Entering add_active_range(0, 0, 157) 0 entries of 3200 used
Entering add_active_range(0, 256, 786096) 1 entries of 3200 used
Entering add_active_range(0, 1048576, 1294336) 2 entries of 3200 used
Bootmem setup node 0 0000000000000000-000000013c000000
Zone PFN ranges:
  DMA             0 ->     4096
  DMA32        4096 ->  1048576
  Normal    1048576 ->  1294336
Movable zone start PFN for each node
early_node_map[3] active PFN ranges
    0:        0 ->      157
    0:      256 ->   786096
    0:  1048576 ->  1294336
On node 0 totalpages: 1031757
  DMA zone: 56 pages used for memmap
  DMA zone: 1475 pages reserved
  DMA zone: 2466 pages, LIFO batch:0
  DMA32 zone: 14280 pages used for memmap
  DMA32 zone: 767720 pages, LIFO batch:31
  Normal zone: 3360 pages used for memmap
  Normal zone: 242400 pages, LIFO batch:31
  Movable zone: 0 pages used for memmap
ACPI: PM-Timer IO Port: 0x1008
ACPI: Local APIC address 0xfee00000
ACPI: LAPIC (acpi_id[0x00] lapic_id[0x00] enabled)
Processor #0 (Bootup-CPU)
ACPI: LAPIC (acpi_id[0x01] lapic_id[0x01] enabled)
Processor #1
ACPI: LAPIC_NMI (acpi_id[0x00] high edge lint[0x1])
ACPI: LAPIC_NMI (acpi_id[0x01] high edge lint[0x1])
ACPI: IOAPIC (id[0x01] address[0xfec00000] gsi_base[0])
IOAPIC[0]: apic_id 1, address 0xfec00000, GSI 0-23
ACPI: INT_SRC_OVR (bus 0 bus_irq 0 global_irq 2 dfl dfl)
ACPI: INT_SRC_OVR (bus 0 bus_irq 9 global_irq 9 high level)
ACPI: IRQ0 used by override.
ACPI: IRQ2 used by override.
ACPI: IRQ9 used by override.
Setting APIC routing to flat
ACPI: HPET id: 0x8086a201 base: 0xfed00000
Using ACPI (MADT) for SMP configuration information
swsusp: Registered nosave memory region: 000000000009d000 - 000000000009e000
swsusp: Registered nosave memory region: 000000000009e000 - 00000000000a0000
swsusp: Registered nosave memory region: 00000000000a0000 - 00000000000d2000
swsusp: Registered nosave memory region: 00000000000d2000 - 00000000000d4000
swsusp: Registered nosave memory region: 00000000000d4000 - 00000000000e0000
swsusp: Registered nosave memory region: 00000000000e0000 - 0000000000100000
swsusp: Registered nosave memory region: 00000000bfeb0000 - 00000000bfecc000
swsusp: Registered nosave memory region: 00000000bfecc000 - 00000000bff00000
swsusp: Registered nosave memory region: 00000000bff00000 - 00000000c0000000
swsusp: Registered nosave memory region: 00000000c0000000 - 00000000f0000000
swsusp: Registered nosave memory region: 00000000f0000000 - 00000000f4000000
swsusp: Registered nosave memory region: 00000000f4000000 - 00000000fec00000
swsusp: Registered nosave memory region: 00000000fec00000 - 00000000fec10000
swsusp: Registered nosave memory region: 00000000fec10000 - 00000000fed00000
swsusp: Registered nosave memory region: 00000000fed00000 - 00000000fed14000
swsusp: Registered nosave memory region: 00000000fed14000 - 00000000fed1a000
swsusp: Registered nosave memory region: 00000000fed1a000 - 00000000fed1c000
swsusp: Registered nosave memory region: 00000000fed1c000 - 00000000fed90000
swsusp: Registered nosave memory region: 00000000fed90000 - 00000000fee00000
swsusp: Registered nosave memory region: 00000000fee00000 - 00000000fee01000
swsusp: Registered nosave memory region: 00000000fee01000 - 00000000ff000000
swsusp: Registered nosave memory region: 00000000ff000000 - 0000000100000000
Allocating PCI resources starting at c4000000 (gap: c0000000:30000000)
SMP: Allowing 2 CPUs, 0 hotplug CPUs
PERCPU: Allocating 33376 bytes of per cpu data
Built 1 zonelists in Node order, mobility grouping on.  Total pages: 1012586
Policy zone: Normal
Kernel command line: root=/dev/mapper/gandalf-root ro vga=791 
Initializing CPU#0
PID hash table entries: 4096 (order: 12, 32768 bytes)
Extended CMOS year: 2000
hpet clockevent registered
TSC calibrated against HPET
Marking TSC unstable due to TSCs unsynchronized
time.c: Detected 2194.502 MHz processor.
Console: colour dummy device 80x25
console [tty0] enabled
Checking aperture...
Calgary: detecting Calgary via BIOS EBDA area
Calgary: Unable to locate Rio Grande table in EBDA - bailing!
PCI-DMA: Using software bounce buffering for IO (SWIOTLB)
Placing software IO TLB between 0x103b000 - 0x503b000
Memory: 3978328k/5177344k available (3118k kernel code, 148700k reserved, 1663k data, 348k init)
Calibrating delay using timer specific routine.. 4395.81 BogoMIPS (lpj=8791622)
Security Framework initialized
SELinux:  Disabled at boot.
Capability LSM initialized
Dentry cache hash table entries: 524288 (order: 10, 4194304 bytes)
Inode-cache hash table entries: 262144 (order: 9, 2097152 bytes)
Mount-cache hash table entries: 256
CPU: L1 I cache: 32K, L1 D cache: 32K
CPU: L2 cache: 4096K
CPU 0/0 -> Node 0
using mwait in idle threads.
CPU: Physical Processor ID: 0
CPU: Processor Core ID: 0
CPU0: Thermal monitoring enabled (TM2)
SMP alternatives: switching to UP code
ACPI: Core revision 20070126
Using local APIC timer interrupts.
APIC timer calibration result 12468780
Detected 12.468 MHz APIC timer.
SMP alternatives: switching to SMP code
Booting processor 1/2 APIC 0x1
Initializing CPU#1
Calibrating delay using timer specific routine.. 4389.16 BogoMIPS (lpj=8778327)
CPU: L1 I cache: 32K, L1 D cache: 32K
CPU: L2 cache: 4096K
CPU 1/1 -> Node 0
CPU: Physical Processor ID: 0
CPU: Processor Core ID: 1
CPU1: Thermal monitoring enabled (TM2)
Intel(R) Core(TM)2 Duo CPU     T7500  @ 2.20GHz stepping 0b
Brought up 2 CPUs
CPU0 attaching sched-domain:
 domain 0: span 00000003
  groups: 00000001 00000002
  domain 1: span 00000003
   groups: 00000003
CPU1 attaching sched-domain:
 domain 0: span 00000003
  groups: 00000002 00000001
  domain 1: span 00000003
   groups: 00000003
net_namespace: 120 bytes
NET: Registered protocol family 16
ACPI: bus type pci registered
PCI: Using MMCONFIG at f0000000 - f3ffffff
ACPI: EC: EC description table is found, configuring boot EC
ACPI: EC: non-query interrupt received, switching to interrupt mode
ACPI: Interpreter enabled
ACPI: (supports S0 S3 S4 S5)
ACPI: Using IOAPIC for interrupt routing
ACPI: EC: GPE = 0x12, I/O: command/status = 0x66, data = 0x62
ACPI: EC: driver started in poll mode
ACPI: PCI Root Bridge [PCI0] (0000:00)
PCI quirk: region 1000-107f claimed by ICH6 ACPI/GPIO/TCO
PCI quirk: region 1180-11bf claimed by ICH6 GPIO
PCI: Transparent bridge - 0000:00:1e.0
ACPI: PCI Interrupt Routing Table [\_SB_.PCI0._PRT]
ACPI: PCI Interrupt Routing Table [\_SB_.PCI0.AGP_._PRT]
ACPI: PCI Interrupt Routing Table [\_SB_.PCI0.EXP0._PRT]
ACPI: PCI Interrupt Routing Table [\_SB_.PCI0.EXP1._PRT]
ACPI: PCI Interrupt Routing Table [\_SB_.PCI0.EXP2._PRT]
ACPI: PCI Interrupt Routing Table [\_SB_.PCI0.EXP3._PRT]
ACPI: PCI Interrupt Routing Table [\_SB_.PCI0.EXP4._PRT]
ACPI: PCI Interrupt Routing Table [\_SB_.PCI0.PCI1._PRT]
ACPI: PCI Interrupt Link [LNKA] (IRQs 3 4 5 6 7 9 *10 11)
ACPI: PCI Interrupt Link [LNKB] (IRQs 3 4 5 6 7 9 10 *11)
ACPI: PCI Interrupt Link [LNKC] (IRQs 3 4 5 6 7 9 10 *11)
ACPI: PCI Interrupt Link [LNKD] (IRQs 3 4 5 6 7 9 10 *11)
ACPI: PCI Interrupt Link [LNKE] (IRQs 3 4 5 6 7 9 10 *11)
ACPI: PCI Interrupt Link [LNKF] (IRQs 3 4 5 6 7 9 10 *11)
ACPI: PCI Interrupt Link [LNKG] (IRQs 3 4 5 6 7 9 10 *11)
ACPI: PCI Interrupt Link [LNKH] (IRQs 3 4 5 6 7 9 10 *11)
ACPI: EC: non-query interrupt received, switching to interrupt mode
ACPI: Power Resource [PUBS] (on)
Linux Plug and Play Support v0.97 (c) Adam Belay
pnp: PnP ACPI init
ACPI: bus type pnp registered
pnpacpi: exceeded the max number of mem resources: 12
pnp 00:00: Plug and Play ACPI device, IDs PNP0c01 (active)
pnp 00:01: Plug and Play ACPI device, IDs PNP0a08 PNP0a03 (active)
pnp 00:02: Plug and Play ACPI device, IDs PNP0c02 (active)
pnp 00:03: Plug and Play ACPI device, IDs PNP0103 (active)
pnp 00:04: Plug and Play ACPI device, IDs PNP0200 (active)
pnp 00:05: Plug and Play ACPI device, IDs PNP0800 (active)
pnp 00:06: Plug and Play ACPI device, IDs PNP0c04 (active)
pnp 00:07: Plug and Play ACPI device, IDs PNP0b00 (active)
pnp 00:08: Plug and Play ACPI device, IDs PNP0303 (active)
pnp 00:09: Plug and Play ACPI device, IDs IBM0057 PNP0f13 (active)
pnp 00:0a: Plug and Play ACPI device, IDs ATM1200 PNP0c31 (active)
pnp: PnP ACPI: found 11 devices
ACPI: ACPI bus type pnp unregistered
SCSI subsystem initialized
libata version 3.00 loaded.
usbcore: registered new interface driver usbfs
usbcore: registered new interface driver hub
usbcore: registered new device driver usb
PCI: Using ACPI for IRQ routing
PCI: If a device doesn't work, try "pci=routeirq".  If it helps, post a report
NET: Registered protocol family 8
NET: Registered protocol family 20
PCI-GART: No AMD northbridge found.
hpet0: at MMIO 0xfed00000, IRQs 2, 8, 0
hpet0: 3 64-bit timers, 14318180 Hz
Time: hpet clocksource has been installed.
Switched to high resolution mode on CPU 0
Switched to high resolution mode on CPU 1
pnp: the driver 'system' has been registered
system 00:00: iomem range 0x0-0x9ffff could not be reserved
system 00:00: iomem range 0xc0000-0xc3fff has been reserved
system 00:00: iomem range 0xc4000-0xc7fff has been reserved
system 00:00: iomem range 0xc8000-0xcbfff has been reserved
system 00:00: iomem range 0xcc000-0xcffff has been reserved
system 00:00: iomem range 0xd0000-0xd3fff could not be reserved
system 00:00: iomem range 0x0-0x0 could not be reserved
system 00:00: iomem range 0x0-0x0 could not be reserved
system 00:00: iomem range 0x0-0x0 could not be reserved
system 00:00: iomem range 0xe0000-0xe3fff could not be reserved
system 00:00: iomem range 0xe4000-0xe7fff could not be reserved
system 00:00: iomem range 0xe8000-0xebfff could not be reserved
system 00:00: driver attached
system 00:02: ioport range 0x164e-0x164f has been reserved
system 00:02: ioport range 0x1000-0x107f has been reserved
system 00:02: ioport range 0x1180-0x11bf has been reserved
system 00:02: ioport range 0x800-0x80f has been reserved
system 00:02: ioport range 0x15e0-0x15ef has been reserved
system 00:02: ioport range 0x1600-0x165f could not be reserved
system 00:02: iomem range 0xf0000000-0xf3ffffff could not be reserved
system 00:02: iomem range 0xfed1c000-0xfed1ffff could not be reserved
system 00:02: iomem range 0xfed14000-0xfed17fff could not be reserved
system 00:02: iomem range 0xfed18000-0xfed18fff could not be reserved
system 00:02: iomem range 0xfed19000-0xfed19fff could not be reserved
system 00:02: iomem range 0xfed45000-0xfed4bfff could not be reserved
system 00:02: driver attached
PCI: Failed to allocate mem resource #6:20000@f0000000 for 0000:01:00.0
PCI: Bridge: 0000:00:01.0
  IO window: 2000-2fff
  MEM window: d4000000-d6ffffff
  PREFETCH window: e0000000-efffffff
PCI: Bridge: 0000:00:1c.0
  IO window: 3000-3fff
  MEM window: fc000000-fdffffff
  PREFETCH window: f8000000-f80fffff
PCI: Bridge: 0000:00:1c.1
  IO window: 4000-4fff
  MEM window: dc100000-df2fffff
  PREFETCH window: dfd00000-dfdfffff
PCI: Bridge: 0000:00:1c.2
  IO window: 5000-5fff
  MEM window: d8000000-d9ffffff
  PREFETCH window: dfa00000-dfafffff
PCI: Bridge: 0000:00:1c.3
  IO window: 6000-6fff
  MEM window: d0000000-d1ffffff
  PREFETCH window: df700000-df7fffff
PCI: Bridge: 0000:00:1c.4
  IO window: 7000-7fff
  MEM window: cc000000-cdffffff
  PREFETCH window: df400000-df4fffff
PCI: Bus 22, cardbus bridge: 0000:15:00.0
  IO window: 00008000-000080ff
  IO window: 00008400-000084ff
  PREFETCH window: f4000000-f7ffffff
  MEM window: c4000000-c7ffffff
PCI: Bridge: 0000:00:1e.0
  IO window: 8000-bfff
  MEM window: f8100000-fbffffff
  PREFETCH window: f4000000-f7ffffff
ACPI: PCI Interrupt 0000:00:01.0[A] -> GSI 16 (level, low) -> IRQ 16
PCI: Setting latency timer of device 0000:00:01.0 to 64
ACPI: PCI Interrupt 0000:00:1c.0[A] -> GSI 20 (level, low) -> IRQ 20
PCI: Setting latency timer of device 0000:00:1c.0 to 64
ACPI: PCI Interrupt 0000:00:1c.1[B] -> GSI 21 (level, low) -> IRQ 21
PCI: Setting latency timer of device 0000:00:1c.1 to 64
ACPI: PCI Interrupt 0000:00:1c.2[C] -> GSI 22 (level, low) -> IRQ 22
PCI: Setting latency timer of device 0000:00:1c.2 to 64
ACPI: PCI Interrupt 0000:00:1c.3[D] -> GSI 23 (level, low) -> IRQ 23
PCI: Setting latency timer of device 0000:00:1c.3 to 64
ACPI: PCI Interrupt 0000:00:1c.4[A] -> GSI 20 (level, low) -> IRQ 20
PCI: Setting latency timer of device 0000:00:1c.4 to 64
PCI: Enabling device 0000:00:1e.0 (0005 -> 0007)
PCI: Setting latency timer of device 0000:00:1e.0 to 64
ACPI: PCI Interrupt 0000:15:00.0[A] -> GSI 16 (level, low) -> IRQ 16
PCI: Setting latency timer of device 0000:15:00.0 to 64
NET: Registered protocol family 2
IP route cache hash table entries: 131072 (order: 8, 1048576 bytes)
TCP established hash table entries: 524288 (order: 11, 8388608 bytes)
TCP bind hash table entries: 65536 (order: 8, 1048576 bytes)
TCP: Hash tables configured (established 524288 bind 65536)
TCP reno registered
checking if image is initramfs... it is
Freeing initrd memory: 5788k freed
Simple Boot Flag at 0x35 set to 0x1
audit: initializing netlink socket (disabled)
audit(1201463248.724:1): initialized
VFS: Disk quotas dquot_6.5.1
Dquot-cache hash table entries: 512 (order 0, 4096 bytes)
io scheduler noop registered
io scheduler anticipatory registered
io scheduler deadline registered
io scheduler cfq registered (default)
Boot video device is 0000:01:00.0
PCI: Setting latency timer of device 0000:00:01.0 to 64
assign_interrupt_mode Found MSI capability
Allocate Port Service[0000:00:01.0:pcie00]
Allocate Port Service[0000:00:01.0:pcie02]
Allocate Port Service[0000:00:01.0:pcie03]
PCI: Setting latency timer of device 0000:00:1c.0 to 64
assign_interrupt_mode Found MSI capability
Allocate Port Service[0000:00:1c.0:pcie00]
Allocate Port Service[0000:00:1c.0:pcie02]
Allocate Port Service[0000:00:1c.0:pcie03]
PCI: Setting latency timer of device 0000:00:1c.1 to 64
assign_interrupt_mode Found MSI capability
Allocate Port Service[0000:00:1c.1:pcie00]
Allocate Port Service[0000:00:1c.1:pcie02]
Allocate Port Service[0000:00:1c.1:pcie03]
PCI: Setting latency timer of device 0000:00:1c.2 to 64
assign_interrupt_mode Found MSI capability
Allocate Port Service[0000:00:1c.2:pcie00]
Allocate Port Service[0000:00:1c.2:pcie02]
Allocate Port Service[0000:00:1c.2:pcie03]
PCI: Setting latency timer of device 0000:00:1c.3 to 64
assign_interrupt_mode Found MSI capability
Allocate Port Service[0000:00:1c.3:pcie00]
Allocate Port Service[0000:00:1c.3:pcie02]
Allocate Port Service[0000:00:1c.3:pcie03]
PCI: Setting latency timer of device 0000:00:1c.4 to 64
assign_interrupt_mode Found MSI capability
Allocate Port Service[0000:00:1c.4:pcie00]
Allocate Port Service[0000:00:1c.4:pcie02]
Allocate Port Service[0000:00:1c.4:pcie03]
vesafb: framebuffer at 0xd5000000, mapped to 0xffffc20005100000, using 3072k, total 14336k
vesafb: mode is 1024x768x16, linelength=2048, pages=1
vesafb: scrolling: redraw
vesafb: Truecolor: size=0:5:6:5, shift=0:11:5:0
Console: switching to colour frame buffer device 128x48
fb0: VESA VGA frame buffer device
Real Time Clock Driver v1.12ac
hpet_resources: 0xfed00000 is busy
Non-volatile memory driver v1.2
Linux agpgart interface v0.102
Serial: 8250/16550 driver $Revision: 1.90 $ 4 ports, IRQ sharing enabled
pnp: the driver 'serial' has been registered
floppy0: no floppy controllers found
RAMDISK driver initialized: 16 RAM disks of 65536K size 1024 blocksize
loop: module loaded
thinkpad_acpi: ThinkPad ACPI Extras v0.17
thinkpad_acpi: 
http://ibm-acpi.sf.net/
thinkpad_acpi: ThinkPad BIOS 7LET51WW (1.21 ), EC 7KHT22WW-1.06
thinkpad_acpi: Lenovo ThinkPad T61p
thinkpad_acpi: radio switch found; radios are enabled
thinkpad_acpi: standard ACPI backlight interface available, not loading native one...
input: ThinkPad Extra Buttons as /class/input/input0
Intel(R) PRO/1000 Network Driver - version 7.3.20-k2-NAPI
Copyright (c) 1999-2006 Intel Corporation.
ACPI: PCI Interrupt 0000:00:19.0[A] -> GSI 20 (level, low) -> IRQ 20
PCI: Setting latency timer of device 0000:00:19.0 to 64
e1000: 0000:00:19.0: e1000_probe: (PCI Express:2.5Gb/s:Width x1) 00:1e:37:88:45:a7
e1000: eth0: e1000_probe: Intel(R) PRO/1000 Network Connection
Uniform Multi-Platform E-IDE driver Revision: 7.00alpha2
ide: Assuming 33MHz system bus speed for PIO modes; override with idebus=xx
ICH8M: IDE controller (0x8086:0x2850 rev 0x03) at  PCI slot 0000:00:1f.1
ACPI: PCI Interrupt 0000:00:1f.1[C] -> GSI 16 (level, low) -> IRQ 16
ICH8M: not 100% native mode: will probe irqs later
    ide0: BM-DMA at 0x1830-0x1837, BIOS settings: hda:DMA, hdb:pio
ICH8M: IDE port disabled
Probing IDE interface ide0...
hda: MATSHITADVD-RAM UJ-852, ATAPI CD/DVD-ROM drive
hda: host max PIO4 wanted PIO255(auto-tune) selected PIO4
hda: UDMA/33 mode selected
ide0 at 0x1f0-0x1f7,0x3f6 on irq 14
Driver 'sd' needs updating - please use bus_type methods
Driver 'sr' needs updating - please use bus_type methods
SCSI Media Changer driver v0.25 
Driver 'ch' needs updating - please use bus_type methods
ahci 0000:00:1f.2: version 3.0
ACPI: PCI Interrupt 0000:00:1f.2[B] -> GSI 16 (level, low) -> IRQ 16
ahci 0000:00:1f.2: nr_ports (3) and implemented port map (0x1) don't match, using nr_ports
ahci 0000:00:1f.2: forcing PORTS_IMPL to 0x7
ahci 0000:00:1f.2: AHCI 0001.0100 32 slots 3 ports 1.5 Gbps 0x7 impl SATA mode
ahci 0000:00:1f.2: flags: 64bit ncq sntf pm led clo pio slum part 
PCI: Setting latency timer of device 0000:00:1f.2 to 64
scsi0 : ahci
scsi1 : ahci
scsi2 : ahci
ata1: SATA max UDMA/133 abar m2048@0xfe226000 port 0xfe226100 irq 1273
ata2: SATA max UDMA/133 abar m2048@0xfe226000 port 0xfe226180 irq 1273
ata3: SATA max UDMA/133 abar m2048@0xfe226000 port 0xfe226200 irq 1273
ata1: SATA link up 1.5 Gbps (SStatus 113 SControl 300)
ata1.00: ATA-8: HITACHI HTS722016K9SA00, DCDZC75A, max UDMA/133
ata1.00: 312581808 sectors, multi 16: LBA48 NCQ (depth 31/32)
ata1.00: configured for UDMA/133
ata2: SATA link down (SStatus 0 SControl 0)
ata3: SATA link down (SStatus 0 SControl 0)
scsi 0:0:0:0: Direct-Access     ATA      HITACHI HTS72201 DCDZ PQ: 0 ANSI: 5
sd 0:0:0:0: [sda] 312581808 512-byte hardware sectors (160042 MB)
sd 0:0:0:0: [sda] Write Protect is off
sd 0:0:0:0: [sda] Mode Sense: 00 3a 00 00
sd 0:0:0:0: [sda] Write cache: enabled, read cache: enabled, doesn't support DPO or FUA
sd 0:0:0:0: [sda] 312581808 512-byte hardware sectors (160042 MB)
sd 0:0:0:0: [sda] Write Protect is off
sd 0:0:0:0: [sda] Mode Sense: 00 3a 00 00
sd 0:0:0:0: [sda] Write cache: enabled, read cache: enabled, doesn't support DPO or FUA
 sda: sda1 sda2 < sda5 >
sd 0:0:0:0: [sda] Attached SCSI disk
sd 0:0:0:0: Attached scsi generic sg0 type 0
ACPI: PCI Interrupt 0000:15:00.1[B] -> GSI 17 (level, low) -> IRQ 17
PCI: Setting latency timer of device 0000:15:00.1 to 64
ohci1394: fw-host0: OHCI-1394 1.1 (PCI): IRQ=[17]  MMIO=[f8101000-f81017ff]  Max Packet=[2048]  IR/IT contexts=[4/4]
eth1394: eth1: IPv4 over IEEE 1394 (fw-host0)
usbcore: registered new interface driver libusual
pnp: the driver 'i8042 kbd' has been registered
i8042 kbd 00:08: driver attached
pnp: the driver 'i8042 aux' has been registered
i8042 aux 00:09: driver attached
PNP: PS/2 Controller [PNP0303:KBD,PNP0f13:MOU] at 0x60,0x64 irq 1,12
serio: i8042 KBD port at 0x60,0x64 irq 1
serio: i8042 AUX port at 0x60,0x64 irq 12
mice: PS/2 mouse device common for all mice
i2c /dev entries driver
device-mapper: ioctl: 4.12.0-ioctl (2007-10-02) initialised: dm-devel@redhat.com
sdhci: Secure Digital Host Controller Interface driver
sdhci: Copyright(c) Pierre Ossman
sdhci: SDHCI controller found at 0000:15:00.2 [1180:0822] (rev 21)
sdhci [sdhci_probe()]: found 1 slot(s)
ACPI: PCI Interrupt 0000:15:00.2[C] -> GSI 18 (level, low) -> IRQ 18
sdhci [sdhci_probe_slot()]: slot 0 at 0xf8101800, irq 18
input: AT Translated Set 2 keyboard as /class/input/input1
sdhci:slot0: Will use DMA mode even though HW doesn't fully claim to support it.
PCI: Setting latency timer of device 0000:15:00.2 to 64
sdhci: ============== REGISTER DUMP ==============
sdhci: Sys addr: 0x00000000 | Version:  0x00000400
sdhci: Blk size: 0x00000000 | Blk cnt:  0x00000000
sdhci: Argument: 0x00000000 | Trn mode: 0x00000000
sdhci: Present:  0x01f20000 | Host ctl: 0x00000000
sdhci: Power:    0x00000000 | Blk gap:  0x00000000
sdhci: Wake-up:  0x00000000 | Clock:    0x00000000
sdhci: Timeout:  0x00000000 | Int stat: 0x00000000
sdhci: Int enab: 0x00ff00fb | Sig enab: 0x00ff00fb
sdhci: AC12 err: 0x00000000 | Slot int: 0x00000000
sdhci: Caps:     0x01e021a1 | Max curr: 0x00000040
sdhci: ===========================================
mmc0: clock 0Hz busmode 1 powermode 0 cs 0 Vdd 0 width 0 timing 0
mmc0: SDHCI at 0xf8101800 irq 18 DMA
mmc0: clock 0Hz busmode 1 powermode 1 cs 0 Vdd 21 width 0 timing 0
mmc0: clock 128906Hz busmode 1 powermode 2 cs 0 Vdd 21 width 0 timing 0
mmc0: clock 128906Hz busmode 1 powermode 2 cs 1 Vdd 21 width 0 timing 0
mmc0: starting CMD0 arg 00000000 flags 000000c0
mmc0: req done (CMD0): -123: 00000000 00000000 00000000 00000000
mmc0: clock 128906Hz busmode 1 powermode 2 cs 0 Vdd 21 width 0 timing 0
mmc0: starting CMD8 arg 000001aa flags 000002f5
mmc0: req done (CMD8): -123: 00000000 00000000 00000000 00000000
mmc0: starting CMD5 arg 00000000 flags 000002e1
mmc0: req failed (CMD5): -123, retrying...
mmc0: req failed (CMD5): -123, retrying...
mmc0: req failed (CMD5): -123, retrying...
mmc0: req done (CMD5): -123: 00000000 00000000 00000000 00000000
mmc0: starting CMD55 arg 00000000 flags 000000f5
mmc0: req done (CMD55): -123: 00000000 00000000 00000000 00000000
mmc0: starting CMD55 arg 00000000 flags 000000f5
mmc0: req done (CMD55): -123: 00000000 00000000 00000000 00000000
mmc0: starting CMD55 arg 00000000 flags 000000f5
mmc0: req done (CMD55): -123: 00000000 00000000 00000000 00000000
mmc0: starting CMD55 arg 00000000 flags 000000f5
mmc0: req done (CMD55): -123: 00000000 00000000 00000000 00000000
mmc0: starting CMD1 arg 00000000 flags 000000e1
mmc0: req done (CMD1): -123: 00000000 00000000 00000000 00000000
mmc0: clock 0Hz busmode 1 powermode 0 cs 0 Vdd 0 width 0 timing 0
Advanced Linux Sound Architecture Driver Version 1.0.15 (Tue Nov 20 19:16:42 2007 UTC).
ACPI: PCI Interrupt 0000:00:1b.0[B] -> GSI 17 (level, low) -> IRQ 17
hda_intel: probe_mask set to 0x1 for device 17aa:20ac
PCI: Setting latency timer of device 0000:00:1b.0 to 64
ALSA sound/pci/hda/hda_intel.c:727: codec_mask = 0x3
ALSA sound/pci/hda/hda_codec.c:2165: hda_codec: model 'thinkpad' is selected for config 17aa:0 (Lenovo Thinkpad)
ASoC version 0.13.1
ALSA device list:
  #0: HDA Intel at 0xfe220000 irq 17
TCP bic registered
NET: Registered protocol family 1
NET: Registered protocol family 17
ieee80211: 802.11 data/management/control stack, git-1.1.13
ieee80211: Copyright (C) 2004-2005 Intel Corporation <jketreno@linux.intel.com>
ieee80211_crypt: registered algorithm 'NULL'
drivers/rtc/hctosys.c: unable to open rtc device (rtc0)
Freeing unused kernel memory: 348k freed
ieee1394: Host added: ID:BUS[0-00:1023]  GUID[00061b032a1d5da4]
ACPI: SSDT BFEE1D72, 02C4 (r1  PmRef  Cpu0Ist      100 INTL 20050513)
ACPI: SSDT BFEE20BB, 061E (r1  PmRef  Cpu0Cst      100 INTL 20050513)
Monitor-Mwait will be used to enter C-1 state
Monitor-Mwait will be used to enter C-2 state
Monitor-Mwait will be used to enter C-3 state
ACPI: CPU0 (power states: C1[C1] C2[C2] C3[C3])
ACPI: Processor [CPU0] (supports 8 throttling states)
ACPI: SSDT BFEE1CAA, 00C8 (r1  PmRef  Cpu1Ist      100 INTL 20050513)
ACPI: SSDT BFEE2036, 0085 (r1  PmRef  Cpu1Cst      100 INTL 20050513)
ACPI: CPU1 (power states: C1[C1] C2[C2] C3[C3])
ACPI: Processor [CPU1] (supports 8 throttling states)
ACPI: Thermal Zone [THM0] (32 C)
ACPI: Thermal Zone [THM1] (30 C)
udev: renamed network interface eth1 to eth0
udev: renamed network interface eth0_rename to eth1
USB Universal Host Controller Interface driver v3.0
ACPI: PCI Interrupt 0000:00:1a.0[A] -> GSI 20 (level, low) -> IRQ 20
PCI: Setting latency timer of device 0000:00:1a.0 to 64
uhci_hcd 0000:00:1a.0: UHCI Host Controller
uhci_hcd 0000:00:1a.0: new USB bus registered, assigned bus number 1
uhci_hcd 0000:00:1a.0: irq 20, io base 0x00001860
usb usb1: configuration #1 chosen from 1 choice
hub 1-0:1.0: USB hub found
hub 1-0:1.0: 2 ports detected
hda: ATAPI 24X DVD-ROM DVD-R-RAM CD-R/RW drive, 2048kB Cache
Uniform CD-ROM driver Revision: 3.20
ACPI: PCI Interrupt 0000:00:1a.1[B] -> GSI 21 (level, low) -> IRQ 21
PCI: Setting latency timer of device 0000:00:1a.1 to 64
uhci_hcd 0000:00:1a.1: UHCI Host Controller
uhci_hcd 0000:00:1a.1: new USB bus registered, assigned bus number 2
uhci_hcd 0000:00:1a.1: irq 21, io base 0x00001880
usb usb2: configuration #1 chosen from 1 choice
hub 2-0:1.0: USB hub found
hub 2-0:1.0: 2 ports detected
ACPI: PCI Interrupt 0000:00:1d.0[A] -> GSI 16 (level, low) -> IRQ 16
PCI: Setting latency timer of device 0000:00:1d.0 to 64
uhci_hcd 0000:00:1d.0: UHCI Host Controller
uhci_hcd 0000:00:1d.0: new USB bus registered, assigned bus number 3
uhci_hcd 0000:00:1d.0: irq 16, io base 0x000018a0
usb 1-1: new full speed USB device using uhci_hcd and address 2
usb usb3: configuration #1 chosen from 1 choice
hub 3-0:1.0: USB hub found
hub 3-0:1.0: 2 ports detected
usb 1-1: configuration #1 chosen from 1 choice
ACPI: PCI Interrupt 0000:00:1d.1[B] -> GSI 17 (level, low) -> IRQ 17
PCI: Setting latency timer of device 0000:00:1d.1 to 64
uhci_hcd 0000:00:1d.1: UHCI Host Controller
uhci_hcd 0000:00:1d.1: new USB bus registered, assigned bus number 4
uhci_hcd 0000:00:1d.1: irq 17, io base 0x000018c0
usb usb4: configuration #1 chosen from 1 choice
hub 4-0:1.0: USB hub found
hub 4-0:1.0: 2 ports detected
Clocksource tsc unstable (delta = -188000056 ns)
ACPI: PCI Interrupt 0000:00:1d.2[C] -> GSI 18 (level, low) -> IRQ 18
PCI: Setting latency timer of device 0000:00:1d.2 to 64
uhci_hcd 0000:00:1d.2: UHCI Host Controller
uhci_hcd 0000:00:1d.2: new USB bus registered, assigned bus number 5
uhci_hcd 0000:00:1d.2: irq 18, io base 0x000018e0
usb usb5: configuration #1 chosen from 1 choice
hub 5-0:1.0: USB hub found
hub 5-0:1.0: 2 ports detected
ACPI: PCI Interrupt 0000:00:1a.7[C] -> GSI 22 (level, low) -> IRQ 22
PCI: Setting latency timer of device 0000:00:1a.7 to 64
ehci_hcd 0000:00:1a.7: EHCI Host Controller
ehci_hcd 0000:00:1a.7: new USB bus registered, assigned bus number 6
PCI: cache line size of 32 is not supported by device 0000:00:1a.7
ehci_hcd 0000:00:1a.7: irq 22, io mem 0xfe226c00
usb 1-2: new full speed USB device using uhci_hcd and address 3
ehci_hcd 0000:00:1a.7: USB 2.0 started, EHCI 1.00, driver 10 Dec 2004
usb usb6: configuration #1 chosen from 1 choice
hub 6-0:1.0: USB hub found
hub 6-0:1.0: 4 ports detected
usb 1-1: USB disconnect, address 2
ACPI: PCI Interrupt 0000:00:1d.7[D] -> GSI 19 (level, low) -> IRQ 19
PCI: Setting latency timer of device 0000:00:1d.7 to 64
ehci_hcd 0000:00:1d.7: EHCI Host Controller
ehci_hcd 0000:00:1d.7: new USB bus registered, assigned bus number 7
ehci_hcd 0000:00:1d.7: debug port 1
PCI: cache line size of 32 is not supported by device 0000:00:1d.7
ehci_hcd 0000:00:1d.7: irq 19, io mem 0xfe227000
ehci_hcd 0000:00:1d.7: USB 2.0 started, EHCI 1.00, driver 10 Dec 2004
usb usb7: configuration #1 chosen from 1 choice
hub 7-0:1.0: USB hub found
hub 7-0:1.0: 6 ports detected
usb 1-1: new full speed USB device using uhci_hcd and address 4
usb 1-1: configuration #1 chosen from 1 choice
usb 1-2: new full speed USB device using uhci_hcd and address 5
usb 1-2: configuration #1 chosen from 1 choice
Attempting manual resume
swsusp: Marking nosave pages: 000000000009d000 - 0000000000100000
swsusp: Marking nosave pages: 00000000bfeb0000 - 0000000100000000
swsusp: Basic memory bitmaps created
swsusp: Basic memory bitmaps freed
kjournald starting.  Commit interval 5 seconds
EXT3-fs: mounted filesystem with ordered data mode.
input: Power Button (FF) as /class/input/input2
ACPI: Power Button (FF) [PWRF]
input: Lid Switch as /class/input/input3
ACPI: Lid Switch [LID]
input: Sleep Button (CM) as /class/input/input4
ACPI: Sleep Button (CM) [SLPB]
ACPI: AC Adapter [AC] (off-line)
Bluetooth: Core ver 2.11
NET: Registered protocol family 31
Bluetooth: HCI device and connection manager initialized
Bluetooth: HCI socket layer initialized
ACPI: Battery Slot [BAT0] (battery present)
Bluetooth: HCI USB driver ver 2.9
usbcore: registered new interface driver hci_usb
iwl4965: Intel(R) Wireless WiFi Link 4965AGN driver for Linux, 1.1.17kds
iwl4965: Copyright(c) 2003-2007 Intel Corporation
ACPI: PCI Interrupt 0000:03:00.0[A] -> GSI 17 (level, low) -> IRQ 17
PCI: Setting latency timer of device 0000:03:00.0 to 64
iwl4965: Detected Intel Wireless WiFi Link 4965AGN
iTCO_wdt: Intel TCO WatchDog Timer Driver v1.02 (26-Jul-2007)
iTCO_wdt: Found a ICH8M-E TCO device (Version=2, TCOBASE=0x1060)
iTCO_wdt: initialized. heartbeat=30 sec (nowayout=0)
input: PC Speaker as /class/input/input5
ACPI: PCI Interrupt 0000:00:1f.3[A] -> GSI 23 (level, low) -> IRQ 23
Yenta: CardBus bridge found at 0000:15:00.0 [17aa:20c6]
Yenta: ISA IRQ mask 0x04b8, PCI irq 16
Socket status: 30000006
pcmcia: parent PCI bridge I/O window: 0x8000 - 0xbfff
pcmcia: parent PCI bridge Memory window: 0xf8100000 - 0xfbffffff
iwl4965: Tunable channels: 13 802.11bg, 19 802.11a channels
pcmcia: parent PCI bridge Memory window: 0xf4000000 - 0xf7ffffff
phy0: Selected rate control algorithm 'iwl-4965-rs'
Synaptics Touchpad, model: 1, fw: 6.2, id: 0x81a0b1, caps: 0xa04793/0x300000
serio: Synaptics pass-through port at isa0060/serio1/input0
input: SynPS/2 Synaptics TouchPad as /class/input/input6
EXT3 FS on dm-1, internal journal
kjournald starting.  Commit interval 5 seconds
EXT3 FS on sda1, internal journal
EXT3-fs: mounted filesystem with ordered data mode.
Adding 6377464k swap on /dev/mapper/gandalf-swap_1.  Priority:-1 extents:1 across:6377464k
IBM TrackPoint firmware: 0x0e, buttons: 3/3
input: TPPS/2 IBM TrackPoint as /class/input/input7
Bluetooth: L2CAP ver 2.9
Bluetooth: L2CAP socket layer initialized
Bluetooth: RFCOMM socket layer initialized
Bluetooth: RFCOMM TTY layer initialized
Bluetooth: RFCOMM ver 1.8
hda: drive_cmd: status=0x51 { DriveReady SeekComplete Error }
hda: drive_cmd: error=0x04 { AbortedCommand }
ide: failed opcode was: 0xef
NET: Registered protocol family 10
lo: Disabled Privacy Extensions
ADDRCONF(NETDEV_UP): eth1: link is not ready
ADDRCONF(NETDEV_UP): wlan0: link is not ready
wlan0: Initial auth_alg=0
wlan0: authenticate with AP 00:1c:10:0c:79:94
wlan0: RX authentication from 00:1c:10:0c:79:94 (alg=0 transaction=2 status=0)
wlan0: authenticated
wlan0: associate with AP 00:1c:10:0c:79:94
wlan0: RX AssocResp from 00:1c:10:0c:79:94 (capab=0x11 status=0 aid=3)
wlan0: associated
ADDRCONF(NETDEV_CHANGE): wlan0: link becomes ready
wlan0: no IPv6 routers present
hda: drive_cmd: status=0x51 { DriveReady SeekComplete Error }
hda: drive_cmd: error=0x04 { AbortedCommand }
ide: failed opcode was: 0xef
Monitor-Mwait will be used to enter C-3 state
irq 19: nobody cared (try booting with the "irqpoll" option)
Pid: 4154, comm: firefox-bin Not tainted 2.6.24 #6
Call Trace:
 <IRQ>  [<ffffffff80263b5f>] __report_bad_irq+0x30/0x72
 [<ffffffff80263dcb>] note_interrupt+0x22a/0x26b
 [<ffffffff8026463a>] handle_fasteoi_irq+0xa9/0xd0
 [<ffffffff8020e6cf>] do_IRQ+0x6c/0xd5
 [<ffffffff8020c411>] ret_from_intr+0x0/0xa
 [<ffffffff8021c1a4>] lapic_next_event+0x0/0xa
 [<ffffffff8023a692>] __do_softirq+0x5a/0xce
 [<ffffffff8024f060>] tick_program_event+0x31/0x4d
 [<ffffffff8020d08c>] call_softirq+0x1c/0x28
 [<ffffffff8020e4e0>] do_softirq+0x2c/0x7d
 [<ffffffff8023a5f3>] irq_exit+0x3f/0x84
 [<ffffffff8021c55c>] smp_apic_timer_interrupt+0x3f/0x53
 [<ffffffff8020cb36>] apic_timer_interrupt+0x66/0x70
 <EOI> 
handlers:
[<ffffffff803fa647>] (usb_hcd_irq+0x0/0x52)
Disabling IRQ #19