Date: Mon, 3 Sep 2001 11:40:39 -0700 (PDT)
From: "Lawrence W. Leung" <>
Subject: bug in page_alloc.C, linux 2.4.9
Sender: linux-kernel-owner@vger.kernel.org
Precedence: bulk
List-ID: <linux-kernel.vger.kernel.org>
X-Mailing-List: linux-kernel@vger.kernel.org
X-Lkml-Link: https://lkml.org/lkml/2001/9/3/93

Hi,
I'm running Mandrake 8.0 with kernel 2.4.9 and this bug has hit me twice.
All the info is attached.
Anyone know if there is a fix already?
Thanks
--------------
-Larry
Sep  2 11:03:00 wedge kernel: kernel BUG at page_alloc.c:204!
Sep  2 11:03:00 wedge kernel: invalid operand: 0000
Sep  2 11:03:00 wedge kernel: CPU:    0
Sep  2 11:03:00 wedge kernel: EIP:    0010:[rmqueue+590/640]
Sep  2 11:03:00 wedge kernel: EIP:    0010:[<c012c23a>]
Sep  2 11:03:00 wedge kernel: EFLAGS: 00010282
Sep  2 11:03:00 wedge kernel: eax: 00000020   ebx: 00000002   ecx: 0000002e   edx: 00000001
Sep  2 11:03:00 wedge kernel: esi: c108b310   edi: c02519c4   ebp: 00000001   esp: c0b97efc
Sep  2 11:03:00 wedge kernel: ds: 0018   es: 0018   ss: 0018
Sep  2 11:03:00 wedge kernel: Process crond (pid: 7541, stackpage=c0b97000)
Sep  2 11:03:00 wedge kernel: Stack: c02136e6 c02137ba 000000cc c0251994 c0251b00 00000002 00000001 000010c0 
Sep  2 11:03:00 wedge kernel:        00000286 c02519c4 00000001 c0251994 c012c2ec 00000000 c0251b08 00000001 
Sep  2 11:03:00 wedge kernel:        c0b97fbc c012c3d1 c0251afc 00000001 00000002 00000000 000000f0 0804fa6b 
Sep  2 11:03:00 wedge kernel: Call Trace: [__alloc_pages_limit+128/152] [__alloc_pages+181/624] [_alloc_pages+22/24] [__get_free_pages+10/24] [do_fork+64/1848] 
Sep  2 11:03:00 wedge kernel: Call Trace: [<c012c2ec>] [<c012c3d1>] [<c012c31a>] [<c012c596>] [<c01140e0>] 
Sep  2 11:03:00 wedge kernel:    [sys_pipe+21/88] [sys_vfork+22/28] [system_call+51/64] 
Sep  2 11:03:00 wedge kernel:    [<c010b695>] [<c0105906>] [<c0106d13>] 
Sep  2 11:03:00 wedge kernel: 
Sep  2 11:03:00 wedge kernel: Code: 0f 0b 83 c4 0c 90 89 f0 eb 1d 47 83 44 24 18 0c 83 ff 09 0f 
Sep  2 11:03:46 wedge su(pam_unix)[7545]: session opened for user root by (uid=0)
Sep  2 11:03:50 wedge su(pam_unix)[7545]: session closed for user root
Sep  2 11:04:00 wedge CROND[7572]: (root) CMD (   /usr/share/msec/promisc_check.sh) 
Sep  2 11:05:00 wedge CROND[7586]: (root) CMD (   /usr/share/msec/promisc_check.sh) 
Sep  2 11:06:00 wedge CROND[7594]: (root) CMD (   /usr/share/msec/promisc_check.sh) 
Sep  2 11:07:00 wedge CROND[7601]: (root) CMD (   /usr/share/msec/promisc_check.sh) 
Sep  2 11:08:00 wedge CROND[7606]: (root) CMD (   /usr/share/msec/promisc_check.sh) 
Sep  2 11:09:01 wedge CROND[7611]: (root) CMD (   /usr/share/msec/promisc_check.sh) 
Sep  2 11:10:00 wedge CROND[7619]: (root) CMD (   /usr/share/msec/promisc_check.sh) 
Sep  2 11:10:00 wedge CROND[7620]: (root) CMD (   /sbin/rmmod -as) 
Sep  2 11:11:00 wedge CROND[7626]: (root) CMD (   /usr/share/msec/promisc_check.sh) 
Sep  2 11:12:00 wedge CROND[7632]: (root) CMD (   /usr/share/msec/promisc_check.sh) 
Sep  2 11:13:00 wedge CROND[7639]: (root) CMD (   /usr/share/msec/promisc_check.sh) 
Sep  2 11:14:00 wedge CROND[7644]: (root) CMD (   /usr/share/msec/promisc_check.sh) 
Sep  2 11:15:00 wedge CROND[7650]: (root) CMD (   /usr/share/msec/promisc_check.sh) 
Sep  2 11:16:01 wedge CROND[7658]: (root) CMD (   /usr/share/msec/promisc_check.sh) 
Sep  2 11:17:00 wedge CROND[7663]: (root) CMD (   /usr/share/msec/promisc_check.sh) 
Sep  2 11:18:00 wedge CROND[7671]: (root) CMD (   /usr/share/msec/promisc_check.sh) 
Sep  2 11:19:00 wedge CROND[7676]: (root) CMD (   /usr/share/msec/promisc_check.sh) 
Sep  2 11:20:00 wedge CROND[7686]: (root) CMD (   /usr/share/msec/promisc_check.sh) 
Sep  2 11:20:00 wedge CROND[7687]: (root) CMD (   /sbin/rmmod -as)
Sep  2 11:20:11 wedge kernel: kernel BUG at page_alloc.c:73!
Sep  2 11:20:11 wedge kernel: invalid operand: 0000
Sep  2 11:20:11 wedge kernel: CPU:    0
Sep  2 11:20:11 wedge kernel: EIP:    0010:[__free_pages_ok+34/780]
Sep  2 11:20:11 wedge kernel: EIP:    0010:[<c012bd02>]
Sep  2 11:20:11 wedge kernel: EFLAGS: 00010286
Sep  2 11:20:11 wedge kernel: eax: 0000001f   ebx: c108b310   ecx: 0000002e   edx: 00000001
Sep  2 11:20:11 wedge kernel: esi: c108b338   edi: 020c0005   ebp: 00000000   esp: c12dbed8
Sep  2 11:20:11 wedge kernel: ds: 0018   es: 0018   ss: 0018
Sep  2 11:20:11 wedge kernel: Process kswapd (pid: 4, stackpage=c12db000)
Sep  2 11:20:11 wedge kernel: Stack: c02136e6 c02137ba 00000049 c108b310 c108b338 020c0005 c6634bf4 c108b310 
Sep  2 11:20:11 wedge kernel:        412fd000 020c0005 c6634bf4 c012a521 c012c5e3 c012a5c5 c6634bf4 412fd000 
Sep  2 11:20:11 wedge kernel:        00000014 41325000 00000000 c012a749 c2635300 c05f4f60 412fd000 c6634bf4 
Sep  2 11:20:11 wedge kernel: Call Trace: [try_to_swap_out+113/452] [__free_pages+27/28] [try_to_swap_out+277/452] [swap_out_pmd+213/240] [swap_out_vma+149/216] 
Sep  2 11:20:11 wedge kernel: Call Trace: [<c012a521>] [<c012c5e3>] [<c012a5c5>] [<c012a749>] [<c012a7f9>] 
Sep  2 11:20:11 wedge kernel:    [swap_out_mm+80/124] [swap_out+172/200] [do_try_to_free_pages+35/172] [kswapd+105/172] [kernel_thread+40/56] 
Sep  2 11:20:11 wedge kernel:    [<c012a88c>] [<c012a964>] [<c012b75f>] [<c012b851>] [<c0105518>] 
Sep  2 11:20:11 wedge kernel: 
Sep  2 11:20:11 wedge kernel: Code: 0f 0b 83 c4 0c 83 7b 08 00 74 16 6a 4b 68 ba 37 21 c0 68 e6 
Sep  2 11:27:25 wedge syslogd 1.4-0: restart.
Sep  2 11:27:25 wedge syslog: syslogd startup succeeded
Sep  2 11:27:26 wedge kernel: klogd 1.4-0, log source = /proc/kmsg started.
Sep  2 11:27:26 wedge kernel: Inspecting /boot/System.map-2.4.9
Sep  2 11:27:26 wedge syslog: klogd startup succeeded
Sep  2 11:27:26 wedge atd: atd startup succeeded
Sep  2 11:27:26 wedge kernel: Loaded 14070 symbols from /boot/System.map-2.4.9.
Sep  2 11:27:26 wedge kernel: Symbols match kernel version 2.4.9.
Sep  2 11:27:26 wedge kernel: Loaded 233 symbols from 16 modules.
Sep  2 11:27:26 wedge kernel: Linux version 2.4.9 (root@wedge.larryleung.com) (gcc version 2.95.3 19991030 (prerelease)) #8 SMP Fri Aug 31 11:09:28 PDT 2001
Sep  2 11:27:26 wedge kernel: BIOS-provided physical RAM map:
Sep  2 11:27:26 wedge kernel:  BIOS-e820: 0000000000000000 - 000000000009fc00 (usable)
Sep  2 11:27:26 wedge kernel:  BIOS-e820: 000000000009fc00 - 00000000000a0000 (reserved)
Sep  2 11:27:26 wedge kernel:  BIOS-e820: 00000000000f0000 - 0000000000100000 (reserved)
Sep  2 11:27:26 wedge kernel:  BIOS-e820: 0000000000100000 - 0000000008000000 (usable)
Sep  2 11:27:26 wedge kernel:  BIOS-e820: 00000000ffff0000 - 0000000100000000 (reserved)
Sep  2 11:27:26 wedge kernel: Scan SMP from c0000000 for 1024 bytes.
Sep  2 11:27:26 wedge kernel: Scan SMP from c009fc00 for 1024 bytes.
Sep  2 11:27:26 wedge kernel: Scan SMP from c00f0000 for 65536 bytes.
Sep  2 11:27:26 wedge kernel: Scan SMP from c009fc00 for 4096 bytes.
Sep  2 11:27:26 wedge kernel: On node 0 totalpages: 32768
Sep  2 11:27:26 wedge kernel: zone(0): 4096 pages.
Sep  2 11:27:26 wedge kernel: zone(1): 28672 pages.
Sep  2 11:27:26 wedge kernel: zone(2): 0 pages.
Sep  2 11:27:26 wedge kernel: mapped APIC to ffffe000 (01222000)
Sep  2 11:27:26 wedge kernel: Kernel command line: BOOT_IMAGE=linux ro root=306 hdb=ide-scsi quiet
Sep  2 11:27:26 wedge kernel: ide_setup: hdb=ide-scsi
Sep  2 11:27:26 wedge kernel: Initializing CPU#0
Sep  2 11:27:26 wedge kernel: Detected 400.915 MHz processor.
Sep  2 11:27:26 wedge kernel: Console: colour dummy device 80x25
Sep  2 11:27:26 wedge kernel: Calibrating delay loop... 799.53 BogoMIPS
Sep  2 11:27:26 wedge kernel: Memory: 126520k/131072k available (1049k kernel code, 4164k reserved, 371k data, 212k init, 0k highmem)
Sep  2 11:27:26 wedge kernel: Dentry-cache hash table entries: 16384 (order: 5, 131072 bytes)
Sep  2 11:27:26 wedge kernel: Inode-cache hash table entries: 8192 (order: 4, 65536 bytes)
Sep  2 11:27:26 wedge kernel: Mount-cache hash table entries: 2048 (order: 2, 16384 bytes)
Sep  2 11:27:26 wedge kernel: Buffer-cache hash table entries: 8192 (order: 3, 32768 bytes)
Sep  2 11:27:26 wedge kernel: Page-cache hash table entries: 32768 (order: 5, 131072 bytes)
Sep  2 11:27:26 wedge kernel: CPU: L1 I Cache: 32K (32 bytes/line), D cache 32K (32 bytes/line)
Sep  2 11:27:26 wedge kernel: Checking 'hlt' instruction... OK.
Sep  2 11:27:26 wedge kernel: POSIX conformance testing by UNIFIX
Sep  2 11:27:26 wedge kernel: mtrr: v1.40 (20010327) Richard Gooch (rgooch@atnf.csiro.au)
Sep  2 11:27:26 wedge kernel: mtrr: detected mtrr type: AMD K6
Sep  2 11:27:26 wedge kernel: CPU: L1 I Cache: 32K (32 bytes/line), D cache 32K (32 bytes/line)
Sep  2 11:27:26 wedge kernel: CPU0: AMD-K6(tm) 3D processor stepping 0c
Sep  2 11:27:26 wedge kernel: per-CPU timeslice cutoff: 183.03 usecs.
Sep  2 11:27:26 wedge kernel: SMP motherboard not detected. Using dummy APIC emulation.
Sep  2 11:27:26 wedge kernel: Setting commenced=1, go go go
Sep  2 11:27:26 wedge kernel: PCI: PCI BIOS revision 2.10 entry at 0xfb4d0, last bus=1
Sep  2 11:27:26 wedge kernel: PCI: Using configuration type 1
Sep  2 11:27:26 wedge kernel: PCI: Probing PCI hardware
Sep  2 11:27:26 wedge kernel: PCI: Using IRQ router VIA [1106/0596] at 00:07.0
Sep  2 11:27:26 wedge kernel: Activating ISA DMA hang workarounds.
Sep  2 11:27:26 wedge kernel: Linux NET4.0 for Linux 2.4
Sep  2 11:27:26 wedge kernel: Based upon Swansea University Computer Society NET3.039
Sep  2 11:27:26 wedge kernel: Starting kswapd v1.8
Sep  2 11:27:26 wedge kernel: VFS: Diskquotas version dquot_6.4.0 initialized
Sep  2 11:27:26 wedge kernel: vesafb: framebuffer at 0xe3000000, mapped to 0xc8800000, size 8192k
Sep  2 11:27:26 wedge kernel: vesafb: mode is 800x600x16, linelength=1600, pages=7
Sep  2 11:27:26 wedge kernel: vesafb: protected mode interface info at c000:4795
Sep  2 11:27:26 wedge kernel: vesafb: scrolling: redraw
Sep  2 11:27:26 wedge kernel: vesafb: directcolor: size=0:5:6:5, shift=0:11:5:0
Sep  2 11:27:26 wedge kernel: Console: switching to colour frame buffer device 100x37
Sep  2 11:27:26 wedge kernel: fb0: VESA VGA frame buffer device
Sep  2 11:27:26 wedge kernel: pty: 256 Unix98 ptys configured
Sep  2 11:27:26 wedge kernel: Serial driver version 5.05c (2001-07-08) with MANY_PORTS SHARE_IRQ SERIAL_PCI enabled
Sep  2 11:27:26 wedge kernel: ttyS00 at 0x03f8 (irq = 4) is a 16550A
Sep  2 11:27:26 wedge kernel: ttyS01 at 0x02f8 (irq = 3) is a 16550A
Sep  2 11:27:26 wedge kernel: Real Time Clock Driver v1.10d
Sep  2 11:27:26 wedge kernel: block: 128 slots per queue, batch=16
Sep  2 11:27:26 wedge kernel: Uniform Multi-Platform E-IDE driver Revision: 6.31
Sep  2 11:27:26 wedge kernel: ide: Assuming 33MHz system bus speed for PIO modes; override with idebus=xx
Sep  2 11:27:26 wedge kernel: VP_IDE: IDE controller on PCI bus 00 dev 39
Sep  2 11:27:26 wedge kernel: VP_IDE: chipset revision 6
Sep  2 11:27:26 wedge kernel: VP_IDE: not 100%% native mode: will probe irqs later
Sep  2 11:27:26 wedge kernel: VP_IDE: VIA vt82c596a (rev 06) IDE UDMA33 controller on pci00:07.1
Sep  2 11:27:26 wedge kernel:     ide0: BM-DMA at 0xd000-0xd007, BIOS settings: hda:DMA, hdb:DMA
Sep  2 11:27:26 wedge kernel:     ide1: BM-DMA at 0xd008-0xd00f, BIOS settings: hdc:DMA, hdd:DMA
Sep  2 11:27:26 wedge kernel: hda: Maxtor 91024U4, ATA DISK drive
Sep  2 11:27:26 wedge kernel: hdb: PLEXTOR CD-R PX-W8432T, ATAPI CD/DVD-ROM drive
Sep  2 11:27:26 wedge kernel: hdc: QUANTUM FIREBALLP AS20.5, ATA DISK drive
Sep  2 11:27:26 wedge kernel: hdd: CD-ROM 45X, ATAPI CD/DVD-ROM drive
Sep  2 11:27:26 wedge kernel: ide0 at 0x1f0-0x1f7,0x3f6 on irq 14
Sep  2 11:27:26 wedge kernel: ide1 at 0x170-0x177,0x376 on irq 15
Sep  2 11:27:26 wedge kernel: hda: 19999728 sectors (10240 MB) w/2048KiB Cache, CHS=1244/255/63, UDMA(33)
Sep  2 11:27:26 wedge kernel: hdc: 40157056 sectors (20560 MB) w/1902KiB Cache, CHS=39838/16/63, UDMA(33)
Sep  2 11:27:26 wedge kernel: hdd: ATAPI 32X CD-ROM drive, 128kB Cache, UDMA(33)
Sep  2 11:27:26 wedge kernel: Uniform CD-ROM driver Revision: 3.12
Sep  2 11:27:26 wedge kernel: Partition check:
Sep  2 11:27:26 wedge kernel:  hda: hda1 hda2 < hda5 hda6 hda7 hda8 hda9 >
Sep  2 11:27:26 wedge kernel:  hdc: [PTBL] [2499/255/63] hdc1 hdc2 < hdc5 hdc6 hdc7 hdc8 >
Sep  2 11:27:26 wedge kernel: Floppy drive(s): fd0 is 1.44M
Sep  2 11:27:26 wedge kernel: FDC 0 is a post-1991 82077
Sep  2 11:27:26 wedge kernel: Linux agpgart interface v0.99 (c) Jeff Hartmann
Sep  2 11:27:26 wedge kernel: agpgart: Maximum main memory to use for agp memory: 96M
Sep  2 11:27:26 wedge kernel: agpgart: Detected Via MVP3 chipset
Sep  2 11:27:26 wedge kernel: agpgart: AGP aperture is 16M @ 0xe2000000
Sep  2 11:27:26 wedge kernel: mice: PS/2 mouse device common for all mice
Sep  2 11:27:26 wedge kernel: NET4: Linux TCP/IP 1.0 for NET4.0
Sep  2 11:27:26 wedge kernel: IP Protocols: ICMP, UDP, TCP, IGMP
Sep  2 11:27:26 wedge kernel: IP: routing cache hash table of 1024 buckets, 8Kbytes
Sep  2 11:27:26 wedge kernel: TCP: Hash tables configured (established 8192 bind 8192)
Sep  2 11:27:26 wedge kernel: NET4: Unix domain sockets 1.0/SMP for Linux NET4.0.
Sep  2 11:27:26 wedge kernel: VFS: Mounted root (ext2 filesystem) readonly.
Sep  2 11:27:26 wedge kernel: Freeing unused kernel memory: 212k freed
Sep  2 11:27:26 wedge kernel: Adding Swap: 144544k swap-space (priority -1)
Sep  2 11:27:26 wedge kernel: Adding Swap: 297160k swap-space (priority -2)
Sep  2 11:27:26 wedge kernel: SCSI subsystem driver Revision: 1.00
Sep  2 11:27:26 wedge kernel: scsi0 : SCSI host adapter emulation for IDE ATAPI devices
Sep  2 11:27:26 wedge kernel:   Vendor: PLEXTOR   Model: CD-R   PX-W8432T  Rev: 1.03
Sep  2 11:27:26 wedge kernel:   Type:   CD-ROM                             ANSI SCSI revision: 02
Sep  2 11:27:26 wedge kernel: Linux video capture interface: v1.00
Sep  2 11:27:26 wedge kernel: i2c-core.o: i2c core module
Sep  2 11:27:26 wedge kernel: i2c-algo-bit.o: i2c bit algorithm module
Sep  2 11:27:26 wedge kernel: bttv: driver version 0.7.72 loaded
Sep  2 11:27:26 wedge kernel: bttv: using 2 buffers with 2080k (4160k total) for capture
Sep  2 11:27:26 wedge kernel: bttv: Bt8xx card found (0).
Sep  2 11:27:26 wedge kernel: PCI: Found IRQ 9 for device 00:0b.0
Sep  2 11:27:26 wedge kernel: PCI: Sharing IRQ 9 with 00:0b.1
Sep  2 11:27:26 wedge kernel: bttv0: Bt878 (rev 2) at 00:0b.0, irq: 9, latency: 64, memory: 0xe5001000
Sep  2 11:27:26 wedge kernel: bttv0: subsystem: 0070:13eb  =>  Hauppauge WinTV  =>  card=10
Sep  2 11:27:26 wedge kernel: bttv0: model: BT878(Hauppauge new (bt878)) [autodetected]
Sep  2 11:27:26 wedge kernel: bttv0: Hauppauge msp34xx: reset line init
Sep  2 11:27:26 wedge kernel: i2c-core.o: adapter bt848 #0 registered as adapter 0.
Sep  2 11:27:26 wedge kernel: bttv0: Hauppauge eeprom: model=61001, tuner=Philips FI1236 MK2 (2), radio=no
Sep  2 11:27:26 wedge kernel: bttv0: i2c: checking for MSP34xx @ 0x80... not found
Sep  2 11:27:26 wedge kernel: bttv0: i2c: checking for TDA9875 @ 0xb0... not found
Sep  2 11:27:26 wedge kernel: bttv0: i2c: checking for TDA7432 @ 0x8a... not found
Sep  2 11:27:26 wedge kernel: tvaudio: TV audio decoder + audio/video mux driver
Sep  2 11:27:26 wedge kernel: tvaudio: known chips: tda9840,tda9873h,tda9850,tda9855,tea6300,tea6420,tda8425,pic16c54 (PV951)
Sep  2 11:27:26 wedge kernel: i2c-core.o: driver generic i2c audio driver registered.
Sep  2 11:27:26 wedge kernel: i2c-core.o: driver i2c TV tuner driver registered.
Sep  2 11:27:26 wedge kernel: tuner: chip found @ 0xc2
Sep  2 11:27:26 wedge kernel: bttv0: i2c attach [Philips NTSC]
Sep  2 11:27:26 wedge kernel: i2c-core.o: client [Philips NTSC] registered to adapter [bt848 #0](pos. 0).
Sep  2 11:27:26 wedge kernel: ip_conntrack (1024 buckets, 8192 max)
Sep  2 11:27:26 wedge kernel: ip_tables: (c)2000 Netfilter core team
Sep  2 11:27:26 wedge kernel: PCI: Found IRQ 5 for device 00:09.0
Sep  2 11:27:26 wedge kernel: 3c59x: Donald Becker and others. www.scyld.com/network/vortex.html
Sep  2 11:27:26 wedge kernel: 00:09.0: 3Com PCI 3c905B Cyclone 100baseTx at 0xd800. Vers LK1.1.16
Sep  2 11:27:26 wedge kernel: ne2k-pci.c:v1.02 10/19/2000 D. Becker/P. Gortmaker
Sep  2 11:27:26 wedge kernel:   
http://www.scyld.com/network/ne2k-pci.html
Sep  2 11:27:26 wedge kernel: PCI: Found IRQ 9 for device 00:0a.0
Sep  2 11:27:26 wedge kernel: PCI: Sharing IRQ 9 with 00:0c.0
Sep  2 11:27:26 wedge kernel: eth1: RealTek RTL-8029 found at 0xdc00, IRQ 9, 00:40:05:43:4B:F4.
Sep  2 11:27:27 wedge named[1026]: starting BIND 9.1.1 -u named
Sep  2 11:27:27 wedge named[1026]: using 1 CPU
Sep  2 11:27:27 wedge named: named startup succeeded
Sep  2 11:27:27 wedge named[1028]: loading configuration from '/etc/named.conf'
Sep  2 11:27:27 wedge named[1028]: the default for the 'auth-nxdomain' option is now 'no'
Sep  2 11:27:27 wedge named[1028]: no IPv6 interfaces found
Sep  2 11:27:27 wedge named[1028]: listening on IPv4 interface lo, 127.0.0.1#53
Sep  2 11:27:27 wedge named[1028]: listening on IPv4 interface eth0, 10.0.1.1#53
Sep  2 11:27:27 wedge named[1028]: listening on IPv4 interface eth1, 24.11.139.39#53
Sep  2 11:27:27 wedge named[1028]: command channel listening on 127.0.0.1#953
Sep  2 11:27:27 wedge named[1028]: dns_master_load: named.local:1: no TTL specified
Sep  2 11:27:27 wedge named[1028]: dns_zone_load: zone 0.0.127.in-addr.arpa/IN: loading master file named.local: no ttl
Sep  2 11:27:27 wedge named[1028]: running
Sep  2 11:27:27 wedge sshd: Starting sshd: 
Sep  2 11:27:27 wedge sshd: sshd startup succeeded
Sep  2 11:27:27 wedge sshd: ^[[60G
Sep  2 11:26:04 wedge rc.sysinit: §hide§ §hide§ Finding module dependencies:   §end§ Finding module dependencies:   §end§ §hide§ Finding module dependencies:   §end§ Finding module dependencies:  succeeded 
Sep  2 11:26:04 wedge : Loading module: scsi_hostadapter 
Sep  2 11:26:04 wedge : Loading module: bttv 
Sep  2 11:26:35 wedge rc.sysinit: Mounting proc filesystem succeeded 
Sep  2 11:26:35 wedge rc.sysinit: Setting default font succeeded 
Sep  2 11:26:35 wedge rc.sysinit: Booting Aurora... succeeded 
Sep  2 11:26:35 wedge rc.sysinit: §hide§ 
Sep  2 11:26:35 wedge date: Sun Sep  2 11:24:34 PDT 2001 
Sep  2 11:26:35 wedge rc.sysinit: §hide§ 