Date: Tue, 12 Apr 2005 20:45:25 +0000
From: "J.A. Magallon" <>
Subject: What does 'WrongLevel' mean in RAID0 ?
Sender: linux-kernel-owner@vger.kernel.org
Precedence: bulk
List-ID: <linux-kernel.vger.kernel.org>
X-Mailing-List: linux-kernel@vger.kernel.org
X-Lkml-Link: https://lkml.org/lkml/2005/4/12/388

Hi all...
I have a RAID0 setup on top of three IDE drives.
mdadm monitor sends me mesages with:
DeviceDisappeared
/dev/md0
Wrong-Level
The RAID seems to be working well. Any pointer on what does this mean ?
PD: I know it is a bit strange raid, see:
annwn:~# cat /proc/partitions
major minor  #blocks  name
   3     0  245117376 hda
   3     1  245111706 hda1
  22     0  117220824 hdc
  22     1  117218241 hdc1
  22    64  117220824 hdd
  22    65  117218241 hdd1
annwn:~# mdadm -D /dev/md0
/dev/md0:
        Version : 00.90.01
  Creation Time : Mon Sep 13 17:57:08 2004
     Raid Level : raid0
     Array Size : 479547968 (457.33 GiB 491.06 GB)
   Raid Devices : 3
  Total Devices : 3
Preferred Minor : 0
    Persistence : Superblock is persistent
    Update Time : Mon Sep 13 17:57:08 2004
          State : clean
 Active Devices : 3
Working Devices : 3
 Failed Devices : 0
  Spare Devices : 0
     Chunk Size : 64K
           UUID : c7c5ec26:ae5a99f9:49fec7a1:7e0dcc69
         Events : 0.12
    Number   Major   Minor   RaidDevice State
       0       3        1        0      active sync   /dev/hda1
       1      22        1        1      active sync   /dev/hdc1
       2      22       65        2      active sync   /dev/hdd1
--
J.A. Magallon <jamagallon()able!es>     \               Software is like sex:
werewolf!able!es                         \         It's better when it's free
Mandrakelinux release 10.2 (Limited Edition 2005) for i586
Linux 2.6.11-jam14 (gcc 3.4.3 (Mandrakelinux 10.2 3.4.3-7mdk)) #3
-
To unsubscribe from this list: send the line "unsubscribe linux-kernel" in
the body of a message to majordomo@vger.kernel.org
More majordomo info at  
http://vger.kernel.org/majordomo-info.html
Please read the FAQ at  
http://www.tux.org/lkml/