Date: Sat, 23 Oct 2004 12:26:38 +0200 (CEST)
From: Sergei Haller <>
Subject: Re: lost memory on a 4GB amd64
Sender: linux-kernel-owner@vger.kernel.org
Precedence: bulk
List-ID: <linux-kernel.vger.kernel.org>
X-Mailing-List: linux-kernel@vger.kernel.org
X-Lkml-Link: https://lkml.org/lkml/2004/10/23/97

On Fri, 22 Oct 2004, Andi Kleen (AK) wrote:
AK> > I've cc'ed Andi Kleen (x86_64 supremo) who might have some insights, but I'm 
AK> > guessing he'll say "Bios problem - tough luck". I might be wrong ;)
AK> 
AK> Is there a full boot log of the system? 
yes. attached two files: 
  dmesg-2.6.9-smp-NUMA   (crashing one)
  dmesg-2.6.9-smp-noNUMA (working one)
        Sergei
-- 
--------------------------------------------------------------------  -?)
         eMail:       Sergei.Haller@math.uni-giessen.de               /\\
-------------------------------------------------------------------- _\_V
Be careful of reading health books, you might die of a misprint.
                -- Mark TwainBootdata ok (command line is BOOT_IMAGE=linux-2.6.9-smp-NUMA ro root=801 devfs=mount splash=silent)
Linux version 2.6.9-smp-NUMA (sergei@fang.maths.usyd.edu.au) (gcc version 3.3.2 (Mandrake Linux 10.0 3.3.2-6.1mdk)) #3 SMP Thu Oct 21 19:12:55 EST 2004
BIOS-provided physical RAM map:
 BIOS-e820: 0000000000000000 - 000000000009fc00 (usable)
 BIOS-e820: 000000000009fc00 - 00000000000a0000 (reserved)
 BIOS-e820: 00000000000e0000 - 0000000000100000 (reserved)
 BIOS-e820: 0000000000100000 - 00000000bfff0000 (usable)
 BIOS-e820: 00000000bfff0000 - 00000000bffff000 (ACPI data)
 BIOS-e820: 00000000bffff000 - 00000000c0000000 (ACPI NVS)
 BIOS-e820: 00000000ff780000 - 0000000100000000 (reserved)
 BIOS-e820: 0000000100000000 - 0000000140000000 (usable)
Scanning NUMA topology in Northbridge 24
Number of nodes 2 (10010)
Node 0 MemBase 0000000000000000 Limit 000000013fffffff
Skipping disabled node 1
Using node hash shift of 24
Bootmem setup node 0 0000000000000000-000000013fffffff
No mptable found.
On node 0 totalpages: 1310719
  DMA zone: 4096 pages, LIFO batch:1
  Normal zone: 1306623 pages, LIFO batch:16
  HighMem zone: 0 pages, LIFO batch:1
ACPI: RSDP (v002 ACPIAM                                ) @ 0x00000000000f68a0
ACPI: XSDT (v001 A M I  OEMXSDT  0x06000428 MSFT 0x00000097) @ 0x00000000bfff0100
ACPI: FADT (v001 A M I  OEMFACP  0x06000428 MSFT 0x00000097) @ 0x00000000bfff0281
ACPI: MADT (v001 A M I  OEMAPIC  0x06000428 MSFT 0x00000097) @ 0x00000000bfff0380
ACPI: OEMB (v001 A M I  OEMBIOS  0x06000428 MSFT 0x00000097) @ 0x00000000bffff040
ACPI: HPET (v001 A M I  OEMHPET  0x06000428 MSFT 0x00000097) @ 0x00000000bfff3330
ACPI: ASF! (v001 AMIASF AMDSTRET 0x00000001 INTL 0x02002026) @ 0x00000000bfff3370
ACPI: DSDT (v001  0AAAA 0AAAA000 0x00000000 INTL 0x02002026) @ 0x0000000000000000
ACPI: Local APIC address 0xfee00000
ACPI: LAPIC (acpi_id[0x01] lapic_id[0x00] enabled)
Processor #0 15:5 APIC version 16
ACPI: LAPIC (acpi_id[0x02] lapic_id[0x01] enabled)
Processor #1 15:5 APIC version 16
ACPI: IOAPIC (id[0x02] address[0xfec00000] gsi_base[0])
IOAPIC[0]: apic_id 2, version 17, address 0xfec00000, GSI 0-23
ACPI: INT_SRC_OVR (bus 0 bus_irq 0 global_irq 2 dfl dfl)
ACPI: INT_SRC_OVR (bus 0 bus_irq 0 global_irq 2 dfl dfl)
ACPI: IRQ0 used by override.
ACPI: IRQ2 used by override.
ACPI: IRQ9 used by override.
ACPI: HPET id: 0x102282a0 base: 0xfec01000
Using ACPI (MADT) for SMP configuration information
Checking aperture...
CPU 0: aperture @ f0000000 size 128 MB
CPU 1: aperture @ f0000000 size 128 MB
Built 2 zonelists
Kernel command line: BOOT_IMAGE=linux-2.6.9-smp-NUMA ro root=801 devfs=mount splash=silent console=tty0
Initializing CPU#0
PID hash table entries: 4096 (order: 12, 131072 bytes)
time.c: Using 14.318180 MHz HPET timer.
time.c: Detected 1992.117 MHz processor.
Console: colour dummy device 80x25
Dentry cache hash table entries: 1048576 (order: 11, 8388608 bytes)
Inode-cache hash table entries: 524288 (order: 10, 4194304 bytes)
Memory: 4102924k/5242880k available (3784k kernel code, 0k reserved, 1550k data, 212k init)
Calibrating delay loop... 3940.35 BogoMIPS (lpj=1970176)
Mount-cache hash table entries: 256 (order: 0, 4096 bytes)
CPU: L1 I Cache: 64K (64 bytes/line), D cache 64K (64 bytes/line)
CPU: L2 Cache: 1024K (64 bytes/line)
Using local APIC NMI watchdog using perfctr0
CPU: L1 I Cache: 64K (64 bytes/line), D cache 64K (64 bytes/line)
CPU: L2 Cache: 1024K (64 bytes/line)
CPU0: AMD Opteron(tm) Processor 246 stepping 0a
per-CPU timeslice cutoff: 1023.83 usecs.
task migration cache decay timeout: 2 msecs.
Booting processor 1/1 rip 6000 rsp 1013ffa5f58
Initializing CPU#1
Calibrating delay loop... 3981.31 BogoMIPS (lpj=1990656)
CPU: L1 I Cache: 64K (64 bytes/line), D cache 64K (64 bytes/line)
CPU: L2 Cache: 1024K (64 bytes/line)
AMD Opteron(tm) Processor 246 stepping 0a
Total of 2 processors activated (7921.66 BogoMIPS).
Using local APIC timer interrupts.
Detected 12.450 MHz APIC timer.
checking TSC synchronization across 2 CPUs: passed.
time.c: Using HPET based timekeeping.
Brought up 2 CPUs
NET: Registered protocol family 16
PCI: Using configuration type 1
mtrr: v2.0 (20020519)
ACPI: Subsystem revision 20040816
ACPI: Interpreter enabled
ACPI: Using IOAPIC for interrupt routing
ACPI: PCI Root Bridge [PCI0] (00:00)
PCI: Probing PCI hardware (bus 00)
ACPI: PCI Interrupt Routing Table [\_SB_.PCI0._PRT]
ACPI: PCI Interrupt Routing Table [\_SB_.PCI0.PCI1._PRT]
ACPI: PCI Interrupt Routing Table [\_SB_.PCI0.P0P2._PRT]
ACPI: PCI Interrupt Link [LNKA] (IRQs 3 4 5 6 7 9 10 *11 12 14 15)
ACPI: PCI Interrupt Link [LNKB] (IRQs 3 4 5 6 7 *9 10 11 12 14 15)
ACPI: PCI Interrupt Link [LNKC] (IRQs 3 4 *5 6 7 9 10 11 12 14 15)
ACPI: PCI Interrupt Link [LNKD] (IRQs 3 4 5 6 7 9 *10 11 12 14 15)
SCSI subsystem initialized
usbcore: registered new driver usbfs
usbcore: registered new driver hub
PCI: Using ACPI for IRQ routing
ACPI: PCI interrupt 0000:00:07.2[D] -> GSI 19 (level, low) -> IRQ 19
ACPI: PCI interrupt 0000:00:07.5[B] -> GSI 17 (level, low) -> IRQ 17
ACPI: PCI interrupt 0000:02:00.0[A] -> GSI 16 (level, low) -> IRQ 16
ACPI: PCI interrupt 0000:01:00.0[D] -> GSI 19 (level, low) -> IRQ 19
ACPI: PCI interrupt 0000:01:00.1[D] -> GSI 19 (level, low) -> IRQ 19
ACPI: PCI interrupt 0000:01:03.0[A] -> GSI 18 (level, low) -> IRQ 18
ACPI: PCI interrupt 0000:01:05.0[A] -> GSI 19 (level, low) -> IRQ 19
ACPI: PCI interrupt 0000:01:0a.0[A] -> GSI 17 (level, low) -> IRQ 17
ACPI: PCI interrupt 0000:01:0b.0[A] -> GSI 17 (level, low) -> IRQ 17
ACPI: PCI interrupt 0000:01:0b.1[B] -> GSI 18 (level, low) -> IRQ 18
ACPI: PCI interrupt 0000:01:0b.2[C] -> GSI 19 (level, low) -> IRQ 19
agpgart: Detected AMD 8151 AGP Bridge rev B2
agpgart: Maximum main memory to use for agp memory: 4938M
agpgart: AGP aperture is 128M @ 0xf0000000
PCI-DMA: Reserving 64MB of IOMMU area in the AGP aperture
IA32 emulation $Id: sys_ia32.c,v 1.32 2002/03/24 13:02:28 ak Exp $
VFS: Disk quotas dquot_6.5.1
Dquot-cache hash table entries: 512 (order 0, 4096 bytes)
devfs: 2004-01-31 Richard Gooch (rgooch@atnf.csiro.au)
devfs: boot_options: 0x1
Installing knfsd (copyright (C) 1996 okir@monad.swb.de).
NTFS driver 2.1.20 [Flags: R/O].
SGI XFS with ACLs, large block/inode numbers, no debug enabled
SGI XFS Quota Management subsystem
Initializing Cryptographic API
PCI: Via IRQ fixup for 0000:01:0b.0, from 9 to 1
PCI: Via IRQ fixup for 0000:01:0b.1, from 5 to 2
vesafb: framebuffer at 0xe8000000, mapped to 0xffffff0000100000, size 6144k
vesafb: mode is 1024x768x32, linelength=4096, pages=1
vesafb: scrolling: redraw
vesafb: Truecolor: size=8:8:8:8, shift=24:16:8:0
Console: switching to colour frame buffer device 128x48
fb0: VESA VGA frame buffer device
vga16fb: initializing
vga16fb: mapped to 0x00000100000a0000
fb1: VGA16 VGA frame buffer device
ACPI: Power Button (FF) [PWRF]
ACPI: Processor [CPU1] (supports C1, 8 throttling states)
ACPI: Processor [CPU2] (supports C1)
Non-volatile memory driver v1.2
hw_random: AMD768 system management I/O registers at 0x5000.
hw_random hardware driver 1.0.0 loaded
Linux agpgart interface v0.100 (c) Dave Jones
serio: i8042 AUX port at 0x60,0x64 irq 12
serio: i8042 KBD port at 0x60,0x64 irq 1
Serial: 8250/16550 driver $Revision: 1.90 $ 8 ports, IRQ sharing enabled
ttyS0 at I/O 0x3f8 (irq = 4) is a 16550A
ttyS1 at I/O 0x2f8 (irq = 3) is a 16550A
RAMDISK driver initialized: 16 RAM disks of 32000K size 1024 blocksize
Intel(R) PRO/1000 Network Driver - version 5.3.19-k2
Copyright (c) 1999-2004 Intel Corporation.
ACPI: PCI interrupt 0000:01:03.0[A] -> GSI 18 (level, low) -> IRQ 18
e1000: eth0: e1000_probe: Intel(R) PRO/1000 Network Connection
Uniform Multi-Platform E-IDE driver Revision: 7.00alpha2
ide: Assuming 33MHz system bus speed for PIO modes; override with idebus=xx
AMD8111: IDE controller at PCI slot 0000:00:07.1
AMD8111: chipset revision 3
AMD8111: not 100% native mode: will probe irqs later
AMD8111: 0000:00:07.1 (rev 03) UDMA133 controller
    ide0: BM-DMA at 0xffa0-0xffa7, BIOS settings: hda:pio, hdb:pio
    ide1: BM-DMA at 0xffa8-0xffaf, BIOS settings: hdc:DMA, hdd:pio
Probing IDE interface ide0...
Probing IDE interface ide1...
hdc: SONY DVD RW DRU-700A, ATAPI CD/DVD-ROM drive
Using anticipatory io scheduler
ide1 at 0x170-0x177,0x376 on irq 15
libata version 1.02 loaded.
sata_sil version 0.54
ACPI: PCI interrupt 0000:01:05.0[A] -> GSI 19 (level, low) -> IRQ 19
ata1: SATA max UDMA/100 cmd 0xFFFFFF0000004C80 ctl 0xFFFFFF0000004C8A bmdma 0xFFFFFF0000004C00 irq 19
ata2: SATA max UDMA/100 cmd 0xFFFFFF0000004CC0 ctl 0xFFFFFF0000004CCA bmdma 0xFFFFFF0000004C08 irq 19
ata3: SATA max UDMA/100 cmd 0xFFFFFF0000004E80 ctl 0xFFFFFF0000004E8A bmdma 0xFFFFFF0000004E00 irq 19
ata4: SATA max UDMA/100 cmd 0xFFFFFF0000004EC0 ctl 0xFFFFFF0000004ECA bmdma 0xFFFFFF0000004E08 irq 19
ata1: dev 0 cfg 49:2f00 82:346b 83:7f21 84:4003 85:3469 86:3c01 87:4003 88:203f
ata1: dev 0 ATA, max UDMA/100, 234441648 sectors: lba48
ata1: dev 0 configured for UDMA/100
scsi0 : sata_sil
ata2: dev 0 cfg 49:2f00 82:346b 83:7f21 84:4003 85:3469 86:3c01 87:4003 88:203f
ata2: dev 0 ATA, max UDMA/100, 234441648 sectors: lba48
ata2: dev 0 configured for UDMA/100
scsi1 : sata_sil
ata3: no device found (phy stat 00000000)
scsi2 : sata_sil
ata4: no device found (phy stat 00000000)
scsi3 : sata_sil
  Vendor: ATA       Model: WDC WD1200JD-00G  Rev: 02.0
  Type:   Direct-Access                      ANSI SCSI revision: 05
  Vendor: ATA       Model: WDC WD1200JD-00G  Rev: 02.0
  Type:   Direct-Access                      ANSI SCSI revision: 05
st: Version 20040403, fixed bufsize 32768, s/g segs 256
osst :I: Tape driver with OnStream support version 0.99.1
osst :I: $Id: osst.c,v 1.70 2003/12/23 14:22:12 wriede Exp $
SCSI device sda: 234441648 512-byte hdwr sectors (120034 MB)
SCSI device sda: drive cache: write back
 /dev/scsi/host0/bus0/target0/lun0: p1 p2 p3
Attached scsi disk sda at scsi0, channel 0, id 0, lun 0
SCSI device sdb: 234441648 512-byte hdwr sectors (120034 MB)
SCSI device sdb: drive cache: write back
 /dev/scsi/host1/bus0/target0/lun0: p1 p2
Attached scsi disk sdb at scsi1, channel 0, id 0, lun 0
ACPI: PCI interrupt 0000:01:0b.2[C] -> GSI 19 (level, low) -> IRQ 19
ehci_hcd 0000:01:0b.2: VIA Technologies, Inc. USB 2.0
ehci_hcd 0000:01:0b.2: irq 19, pci mem ffffff0000020800
ehci_hcd 0000:01:0b.2: new USB bus registered, assigned bus number 1
ehci_hcd 0000:01:0b.2: USB 2.0 enabled, EHCI 1.00, driver 2004-May-10
hub 1-0:1.0: USB hub found
hub 1-0:1.0: 4 ports detected
ohci_hcd: 2004 Feb 02 USB 1.1 'Open' Host Controller (OHCI) Driver (PCI)
ACPI: PCI interrupt 0000:01:00.0[D] -> GSI 19 (level, low) -> IRQ 19
ohci_hcd 0000:01:00.0: Advanced Micro Devices [AMD] AMD-8111 USB
ohci_hcd 0000:01:00.0: irq 19, pci mem ffffff0000022000
ohci_hcd 0000:01:00.0: new USB bus registered, assigned bus number 2
hub 2-0:1.0: USB hub found
hub 2-0:1.0: 3 ports detected
ACPI: PCI interrupt 0000:01:00.1[D] -> GSI 19 (level, low) -> IRQ 19
ohci_hcd 0000:01:00.1: Advanced Micro Devices [AMD] AMD-8111 USB (#2)
ohci_hcd 0000:01:00.1: irq 19, pci mem ffffff0000024000
ohci_hcd 0000:01:00.1: new USB bus registered, assigned bus number 3
hub 3-0:1.0: USB hub found
hub 3-0:1.0: 3 ports detected
USB Universal Host Controller Interface driver v2.2
ACPI: PCI interrupt 0000:01:0b.0[A] -> GSI 17 (level, low) -> IRQ 17
uhci_hcd 0000:01:0b.0: VIA Technologies, Inc. VT82xxxxx UHCI USB 1.1 Controller
uhci_hcd 0000:01:0b.0: irq 17, io base 000000000000a400
uhci_hcd 0000:01:0b.0: new USB bus registered, assigned bus number 4
hub 4-0:1.0: USB hub found
hub 4-0:1.0: 2 ports detected
ACPI: PCI interrupt 0000:01:0b.1[B] -> GSI 18 (level, low) -> IRQ 18
uhci_hcd 0000:01:0b.1: VIA Technologies, Inc. VT82xxxxx UHCI USB 1.1 Controller (#2)
uhci_hcd 0000:01:0b.1: irq 18, io base 000000000000a800
uhci_hcd 0000:01:0b.1: new USB bus registered, assigned bus number 5
hub 5-0:1.0: USB hub found
hub 5-0:1.0: 2 ports detected
usbcore: registered new driver hiddev
usbcore: registered new driver usbhid
drivers/usb/input/hid-core.c: v2.0:USB HID core driver
mice: PS/2 mouse device common for all mice
input: AT Translated Set 2 keyboard on isa0060/serio0
input: ImExPS/2 Generic Explorer Mouse on isa0060/serio1
Advanced Linux Sound Architecture Driver Version 1.0.6 (Sun Aug 15 07:17:53 2004 UTC).
ACPI: PCI interrupt 0000:00:07.5[B] -> GSI 17 (level, low) -> IRQ 17
intel8x0_measure_ac97_clock: measured 49951 usecs
intel8x0: clocking to 48000
ALSA device list:
  #0: AMD AMD8111 at 0xc800, irq 17
oprofile: using NMI interrupt.
NET: Registered protocol family 2
IP: routing cache hash table of 32768 buckets, 512Kbytes
TCP: Hash tables configured (established 262144 bind 65536)
NET: Registered protocol family 1
ACPI: (supports S0 S1 S4 S5)
ACPI wakeup devices: 
PCI1 USB0 USB1 PS2K PS2M UAR1 UAR2 SMBC AC97 MODM PWRB 
EXT3-fs: mounted filesystem with ordered data mode.
kjournald starting.  Commit interval 5 seconds
VFS: Mounted root (ext3 filesystem) readonly.
Mounted devfs on /dev
Freeing unused kernel memory: 212k freed
Real Time Clock Driver v1.12
EXT3 FS on sda1, internal journal
Adding 10008484k swap on /dev/sda2.  Priority:-1 extents:1
Adding 10008452k swap on /dev/sdb1.  Priority:-2 extents:1
kjournald starting.  Commit interval 5 seconds
EXT3 FS on sda3, internal journal
EXT3-fs: mounted filesystem with ordered data mode.
kjournald starting.  Commit interval 5 seconds
EXT3 FS on sdb2, internal journal
EXT3-fs: mounted filesystem with ordered data mode.
ieee1394: Initialized config rom entry `ip1394'
ohci1394: $Rev: 1223 $ Ben Collins <bcollins@debian.org>
ACPI: PCI interrupt 0000:01:0a.0[A] -> GSI 17 (level, low) -> IRQ 17
ohci1394: fw-host0: OHCI-1394 1.0 (PCI): IRQ=[17]  MMIO=[fc9ff000-fc9ff7ff]  Max Packet=[2048]
ieee1394: Host added: ID:BUS[0-00:1023]  GUID[00e0810000301c03]
ip_tables: (C) 2000-2002 Netfilter core team
ip_conntrack version 2.1 (8192 buckets, 65536 max) - 424 bytes per conntrack
inserting floppy driver for 2.6.9-smp-NUMA
Floppy drive(s): fd0 is 1.44M
FDC 0 is a post-1991 82077
hdc: ATAPI 40X DVD-ROM DVD-R CD-R/RW drive, 2048kB Cache, UDMA(33)
Uniform CD-ROM driver Revision: 3.20
ide-floppy driver 0.99.newide
NET: Registered protocol family 17
e1000: eth0: e1000_watchdog: NIC Link is Up 100 Mbps Full Duplex
Bootdata ok (command line is BOOT_IMAGE=linux-2.6.9-smp-noNUMA ro root=801 devfs=mount splash=silent)
Linux version 2.6.9-smp-noNUMA (sergei@fang.maths.usyd.edu.au) (gcc version 3.3.2 (Mandrake Linux 10.0 3.3.2-6.1mdk)) #2 SMP Wed Oct 20 23:19:56 EST 2004
BIOS-provided physical RAM map:
 BIOS-e820: 0000000000000000 - 000000000009fc00 (usable)
 BIOS-e820: 000000000009fc00 - 00000000000a0000 (reserved)
 BIOS-e820: 00000000000e0000 - 0000000000100000 (reserved)
 BIOS-e820: 0000000000100000 - 00000000bfff0000 (usable)
 BIOS-e820: 00000000bfff0000 - 00000000bffff000 (ACPI data)
 BIOS-e820: 00000000bffff000 - 00000000c0000000 (ACPI NVS)
 BIOS-e820: 00000000ff780000 - 0000000100000000 (reserved)
 BIOS-e820: 0000000100000000 - 0000000140000000 (usable)
No mptable found.
On node 0 totalpages: 1310720
  DMA zone: 4096 pages, LIFO batch:1
  Normal zone: 1306624 pages, LIFO batch:16
  HighMem zone: 0 pages, LIFO batch:1
ACPI: RSDP (v002 ACPIAM                                ) @ 0x00000000000f68a0
ACPI: XSDT (v001 A M I  OEMXSDT  0x06000428 MSFT 0x00000097) @ 0x00000000bfff0100
ACPI: FADT (v001 A M I  OEMFACP  0x06000428 MSFT 0x00000097) @ 0x00000000bfff0281
ACPI: MADT (v001 A M I  OEMAPIC  0x06000428 MSFT 0x00000097) @ 0x00000000bfff0380
ACPI: OEMB (v001 A M I  OEMBIOS  0x06000428 MSFT 0x00000097) @ 0x00000000bffff040
ACPI: HPET (v001 A M I  OEMHPET  0x06000428 MSFT 0x00000097) @ 0x00000000bfff3330
ACPI: ASF! (v001 AMIASF AMDSTRET 0x00000001 INTL 0x02002026) @ 0x00000000bfff3370
ACPI: DSDT (v001  0AAAA 0AAAA000 0x00000000 INTL 0x02002026) @ 0x0000000000000000
ACPI: Local APIC address 0xfee00000
ACPI: LAPIC (acpi_id[0x01] lapic_id[0x00] enabled)
Processor #0 15:5 APIC version 16
ACPI: LAPIC (acpi_id[0x02] lapic_id[0x01] enabled)
Processor #1 15:5 APIC version 16
ACPI: IOAPIC (id[0x02] address[0xfec00000] gsi_base[0])
IOAPIC[0]: apic_id 2, version 17, address 0xfec00000, GSI 0-23
ACPI: INT_SRC_OVR (bus 0 bus_irq 0 global_irq 2 dfl dfl)
ACPI: INT_SRC_OVR (bus 0 bus_irq 0 global_irq 2 dfl dfl)
ACPI: IRQ0 used by override.
ACPI: IRQ2 used by override.
ACPI: IRQ9 used by override.
ACPI: HPET id: 0x102282a0 base: 0xfec01000
Using ACPI (MADT) for SMP configuration information
Checking aperture...
CPU 0: aperture @ f0000000 size 128 MB
CPU 1: aperture @ f0000000 size 128 MB
Built 1 zonelists
Kernel command line: BOOT_IMAGE=linux-2.6.9-smp-noNUMA ro root=801 devfs=mount splash=silent console=tty0
Initializing CPU#0
PID hash table entries: 4096 (order: 12, 131072 bytes)
time.c: Using 14.318180 MHz HPET timer.
time.c: Detected 1992.304 MHz processor.
Console: colour dummy device 80x25
Dentry cache hash table entries: 1048576 (order: 11, 8388608 bytes)
Inode-cache hash table entries: 524288 (order: 10, 4194304 bytes)
Memory: 4103084k/5242880k available (3765k kernel code, 90508k reserved, 1549k data, 208k init)
Calibrating delay loop... 3940.35 BogoMIPS (lpj=1970176)
Mount-cache hash table entries: 256 (order: 0, 4096 bytes)
CPU: L1 I Cache: 64K (64 bytes/line), D cache 64K (64 bytes/line)
CPU: L2 Cache: 1024K (64 bytes/line)
Using local APIC NMI watchdog using perfctr0
CPU: L1 I Cache: 64K (64 bytes/line), D cache 64K (64 bytes/line)
CPU: L2 Cache: 1024K (64 bytes/line)
CPU0: AMD Opteron(tm) Processor 246 stepping 0a
per-CPU timeslice cutoff: 1023.83 usecs.
task migration cache decay timeout: 2 msecs.
Booting processor 1/1 rip 6000 rsp 100bff25f58
Initializing CPU#1
Calibrating delay loop... 3981.31 BogoMIPS (lpj=1990656)
CPU: L1 I Cache: 64K (64 bytes/line), D cache 64K (64 bytes/line)
CPU: L2 Cache: 1024K (64 bytes/line)
AMD Opteron(tm) Processor 246 stepping 0a
Total of 2 processors activated (7921.66 BogoMIPS).
Using local APIC timer interrupts.
Detected 12.451 MHz APIC timer.
checking TSC synchronization across 2 CPUs: passed.
time.c: Using HPET based timekeeping.
Brought up 2 CPUs
NET: Registered protocol family 16
PCI: Using configuration type 1
mtrr: v2.0 (20020519)
ACPI: Subsystem revision 20040816
ACPI: Interpreter enabled
ACPI: Using IOAPIC for interrupt routing
ACPI: PCI Root Bridge [PCI0] (00:00)
PCI: Probing PCI hardware (bus 00)
ACPI: PCI Interrupt Routing Table [\_SB_.PCI0._PRT]
ACPI: PCI Interrupt Routing Table [\_SB_.PCI0.PCI1._PRT]
ACPI: PCI Interrupt Routing Table [\_SB_.PCI0.P0P2._PRT]
ACPI: PCI Interrupt Link [LNKA] (IRQs 3 4 5 6 7 9 10 *11 12 14 15)
ACPI: PCI Interrupt Link [LNKB] (IRQs 3 4 5 6 7 *9 10 11 12 14 15)
ACPI: PCI Interrupt Link [LNKC] (IRQs 3 4 *5 6 7 9 10 11 12 14 15)
ACPI: PCI Interrupt Link [LNKD] (IRQs 3 4 5 6 7 9 *10 11 12 14 15)
SCSI subsystem initialized
usbcore: registered new driver usbfs
usbcore: registered new driver hub
PCI: Using ACPI for IRQ routing
ACPI: PCI interrupt 0000:00:07.2[D] -> GSI 19 (level, low) -> IRQ 19
ACPI: PCI interrupt 0000:00:07.5[B] -> GSI 17 (level, low) -> IRQ 17
ACPI: PCI interrupt 0000:02:00.0[A] -> GSI 16 (level, low) -> IRQ 16
ACPI: PCI interrupt 0000:01:00.0[D] -> GSI 19 (level, low) -> IRQ 19
ACPI: PCI interrupt 0000:01:00.1[D] -> GSI 19 (level, low) -> IRQ 19
ACPI: PCI interrupt 0000:01:03.0[A] -> GSI 18 (level, low) -> IRQ 18
ACPI: PCI interrupt 0000:01:05.0[A] -> GSI 19 (level, low) -> IRQ 19
ACPI: PCI interrupt 0000:01:0a.0[A] -> GSI 17 (level, low) -> IRQ 17
ACPI: PCI interrupt 0000:01:0b.0[A] -> GSI 17 (level, low) -> IRQ 17
ACPI: PCI interrupt 0000:01:0b.1[B] -> GSI 18 (level, low) -> IRQ 18
ACPI: PCI interrupt 0000:01:0b.2[C] -> GSI 19 (level, low) -> IRQ 19
agpgart: Detected AMD 8151 AGP Bridge rev B2
agpgart: Maximum main memory to use for agp memory: 4938M
agpgart: AGP aperture is 128M @ 0xf0000000
PCI-DMA: Reserving 64MB of IOMMU area in the AGP aperture
IA32 emulation $Id: sys_ia32.c,v 1.32 2002/03/24 13:02:28 ak Exp $
VFS: Disk quotas dquot_6.5.1
Dquot-cache hash table entries: 512 (order 0, 4096 bytes)
devfs: 2004-01-31 Richard Gooch (rgooch@atnf.csiro.au)
devfs: boot_options: 0x1
Installing knfsd (copyright (C) 1996 okir@monad.swb.de).
NTFS driver 2.1.20 [Flags: R/O].
SGI XFS with ACLs, large block/inode numbers, no debug enabled
SGI XFS Quota Management subsystem
Initializing Cryptographic API
PCI: Via IRQ fixup for 0000:01:0b.0, from 9 to 1
PCI: Via IRQ fixup for 0000:01:0b.1, from 5 to 2
vesafb: framebuffer at 0xe8000000, mapped to 0xffffff0000100000, size 6144k
vesafb: mode is 1024x768x32, linelength=4096, pages=1
vesafb: scrolling: redraw
vesafb: Truecolor: size=8:8:8:8, shift=24:16:8:0
Console: switching to colour frame buffer device 128x48
fb0: VESA VGA frame buffer device
vga16fb: initializing
vga16fb: mapped to 0x00000100000a0000
fb1: VGA16 VGA frame buffer device
ACPI: Power Button (FF) [PWRF]
ACPI: Processor [CPU1] (supports C1, 8 throttling states)
ACPI: Processor [CPU2] (supports C1)
Non-volatile memory driver v1.2
hw_random: AMD768 system management I/O registers at 0x5000.
hw_random hardware driver 1.0.0 loaded
Linux agpgart interface v0.100 (c) Dave Jones
serio: i8042 AUX port at 0x60,0x64 irq 12
serio: i8042 KBD port at 0x60,0x64 irq 1
Serial: 8250/16550 driver $Revision: 1.90 $ 8 ports, IRQ sharing enabled
ttyS0 at I/O 0x3f8 (irq = 4) is a 16550A
ttyS1 at I/O 0x2f8 (irq = 3) is a 16550A
RAMDISK driver initialized: 16 RAM disks of 32000K size 1024 blocksize
Intel(R) PRO/1000 Network Driver - version 5.3.19-k2
Copyright (c) 1999-2004 Intel Corporation.
ACPI: PCI interrupt 0000:01:03.0[A] -> GSI 18 (level, low) -> IRQ 18
e1000: eth0: e1000_probe: Intel(R) PRO/1000 Network Connection
Uniform Multi-Platform E-IDE driver Revision: 7.00alpha2
ide: Assuming 33MHz system bus speed for PIO modes; override with idebus=xx
AMD8111: IDE controller at PCI slot 0000:00:07.1
AMD8111: chipset revision 3
AMD8111: not 100% native mode: will probe irqs later
AMD8111: 0000:00:07.1 (rev 03) UDMA133 controller
    ide0: BM-DMA at 0xffa0-0xffa7, BIOS settings: hda:pio, hdb:pio
    ide1: BM-DMA at 0xffa8-0xffaf, BIOS settings: hdc:DMA, hdd:pio
Probing IDE interface ide0...
Probing IDE interface ide1...
hdc: SONY DVD RW DRU-700A, ATAPI CD/DVD-ROM drive
Using anticipatory io scheduler
ide1 at 0x170-0x177,0x376 on irq 15
libata version 1.02 loaded.
sata_sil version 0.54
ACPI: PCI interrupt 0000:01:05.0[A] -> GSI 19 (level, low) -> IRQ 19
ata1: SATA max UDMA/100 cmd 0xFFFFFF0000004C80 ctl 0xFFFFFF0000004C8A bmdma 0xFFFFFF0000004C00 irq 19
ata2: SATA max UDMA/100 cmd 0xFFFFFF0000004CC0 ctl 0xFFFFFF0000004CCA bmdma 0xFFFFFF0000004C08 irq 19
ata3: SATA max UDMA/100 cmd 0xFFFFFF0000004E80 ctl 0xFFFFFF0000004E8A bmdma 0xFFFFFF0000004E00 irq 19
ata4: SATA max UDMA/100 cmd 0xFFFFFF0000004EC0 ctl 0xFFFFFF0000004ECA bmdma 0xFFFFFF0000004E08 irq 19
ata1: dev 0 cfg 49:2f00 82:346b 83:7f21 84:4003 85:3469 86:3c01 87:4003 88:203f
ata1: dev 0 ATA, max UDMA/100, 234441648 sectors: lba48
ata1: dev 0 configured for UDMA/100
scsi0 : sata_sil
ata2: dev 0 cfg 49:2f00 82:346b 83:7f21 84:4003 85:3469 86:3c01 87:4003 88:203f
ata2: dev 0 ATA, max UDMA/100, 234441648 sectors: lba48
ata2: dev 0 configured for UDMA/100
scsi1 : sata_sil
ata3: no device found (phy stat 00000000)
scsi2 : sata_sil
ata4: no device found (phy stat 00000000)
scsi3 : sata_sil
  Vendor: ATA       Model: WDC WD1200JD-00G  Rev: 02.0
  Type:   Direct-Access                      ANSI SCSI revision: 05
  Vendor: ATA       Model: WDC WD1200JD-00G  Rev: 02.0
  Type:   Direct-Access                      ANSI SCSI revision: 05
st: Version 20040403, fixed bufsize 32768, s/g segs 256
osst :I: Tape driver with OnStream support version 0.99.1
osst :I: $Id: osst.c,v 1.70 2003/12/23 14:22:12 wriede Exp $
SCSI device sda: 234441648 512-byte hdwr sectors (120034 MB)
SCSI device sda: drive cache: write back
 /dev/scsi/host0/bus0/target0/lun0: p1 p2 p3
Attached scsi disk sda at scsi0, channel 0, id 0, lun 0
SCSI device sdb: 234441648 512-byte hdwr sectors (120034 MB)
SCSI device sdb: drive cache: write back
 /dev/scsi/host1/bus0/target0/lun0: p1 p2
Attached scsi disk sdb at scsi1, channel 0, id 0, lun 0
ACPI: PCI interrupt 0000:01:0b.2[C] -> GSI 19 (level, low) -> IRQ 19
ehci_hcd 0000:01:0b.2: VIA Technologies, Inc. USB 2.0
ehci_hcd 0000:01:0b.2: irq 19, pci mem ffffff0000020800
ehci_hcd 0000:01:0b.2: new USB bus registered, assigned bus number 1
ehci_hcd 0000:01:0b.2: USB 2.0 enabled, EHCI 1.00, driver 2004-May-10
hub 1-0:1.0: USB hub found
hub 1-0:1.0: 4 ports detected
ohci_hcd: 2004 Feb 02 USB 1.1 'Open' Host Controller (OHCI) Driver (PCI)
ACPI: PCI interrupt 0000:01:00.0[D] -> GSI 19 (level, low) -> IRQ 19
ohci_hcd 0000:01:00.0: Advanced Micro Devices [AMD] AMD-8111 USB
ohci_hcd 0000:01:00.0: irq 19, pci mem ffffff0000022000
ohci_hcd 0000:01:00.0: new USB bus registered, assigned bus number 2
hub 2-0:1.0: USB hub found
hub 2-0:1.0: 3 ports detected
ACPI: PCI interrupt 0000:01:00.1[D] -> GSI 19 (level, low) -> IRQ 19
ohci_hcd 0000:01:00.1: Advanced Micro Devices [AMD] AMD-8111 USB (#2)
ohci_hcd 0000:01:00.1: irq 19, pci mem ffffff0000024000
ohci_hcd 0000:01:00.1: new USB bus registered, assigned bus number 3
hub 3-0:1.0: USB hub found
hub 3-0:1.0: 3 ports detected
USB Universal Host Controller Interface driver v2.2
ACPI: PCI interrupt 0000:01:0b.0[A] -> GSI 17 (level, low) -> IRQ 17
uhci_hcd 0000:01:0b.0: VIA Technologies, Inc. VT82xxxxx UHCI USB 1.1 Controller
uhci_hcd 0000:01:0b.0: irq 17, io base 000000000000a400
uhci_hcd 0000:01:0b.0: new USB bus registered, assigned bus number 4
hub 4-0:1.0: USB hub found
hub 4-0:1.0: 2 ports detected
ACPI: PCI interrupt 0000:01:0b.1[B] -> GSI 18 (level, low) -> IRQ 18
uhci_hcd 0000:01:0b.1: VIA Technologies, Inc. VT82xxxxx UHCI USB 1.1 Controller (#2)
uhci_hcd 0000:01:0b.1: irq 18, io base 000000000000a800
uhci_hcd 0000:01:0b.1: new USB bus registered, assigned bus number 5
hub 5-0:1.0: USB hub found
hub 5-0:1.0: 2 ports detected
usbcore: registered new driver hiddev
usbcore: registered new driver usbhid
drivers/usb/input/hid-core.c: v2.0:USB HID core driver
mice: PS/2 mouse device common for all mice
input: AT Translated Set 2 keyboard on isa0060/serio0
input: ImExPS/2 Generic Explorer Mouse on isa0060/serio1
Advanced Linux Sound Architecture Driver Version 1.0.6 (Sun Aug 15 07:17:53 2004 UTC).
ACPI: PCI interrupt 0000:00:07.5[B] -> GSI 17 (level, low) -> IRQ 17
intel8x0_measure_ac97_clock: measured 49948 usecs
intel8x0: clocking to 48000
ALSA device list:
  #0: AMD AMD8111 at 0xc800, irq 17
oprofile: using NMI interrupt.
NET: Registered protocol family 2
IP: routing cache hash table of 32768 buckets, 512Kbytes
TCP: Hash tables configured (established 262144 bind 65536)
NET: Registered protocol family 1
ACPI: (supports S0 S1 S4 S5)
ACPI wakeup devices: 
PCI1 USB0 USB1 PS2K PS2M UAR1 UAR2 SMBC AC97 MODM PWRB 
EXT3-fs: mounted filesystem with ordered data mode.
kjournald starting.  Commit interval 5 seconds
VFS: Mounted root (ext3 filesystem) readonly.
Mounted devfs on /dev
Freeing unused kernel memory: 208k freed
Real Time Clock Driver v1.12
EXT3 FS on sda1, internal journal
Adding 10008484k swap on /dev/sda2.  Priority:-1 extents:1
Adding 10008452k swap on /dev/sdb1.  Priority:-2 extents:1
kjournald starting.  Commit interval 5 seconds
EXT3 FS on sda3, internal journal
EXT3-fs: mounted filesystem with ordered data mode.
kjournald starting.  Commit interval 5 seconds
EXT3 FS on sdb2, internal journal
EXT3-fs: mounted filesystem with ordered data mode.
ieee1394: Initialized config rom entry `ip1394'
ohci1394: $Rev: 1223 $ Ben Collins <bcollins@debian.org>
ACPI: PCI interrupt 0000:01:0a.0[A] -> GSI 17 (level, low) -> IRQ 17
ohci1394: fw-host0: OHCI-1394 1.0 (PCI): IRQ=[17]  MMIO=[fc9ff000-fc9ff7ff]  Max Packet=[2048]
ieee1394: Host added: ID:BUS[0-00:1023]  GUID[00e0810000301c03]
ip_tables: (C) 2000-2002 Netfilter core team
ip_conntrack version 2.1 (8192 buckets, 65536 max) - 424 bytes per conntrack
ip_tables: (C) 2000-2002 Netfilter core team
ip_conntrack version 2.1 (8192 buckets, 65536 max) - 424 bytes per conntrack
inserting floppy driver for 2.6.9-smp-noNUMA
Floppy drive(s): fd0 is 1.44M
FDC 0 is a post-1991 82077
hdc: ATAPI 40X DVD-ROM DVD-R CD-R/RW drive, 2048kB Cache, UDMA(33)
Uniform CD-ROM driver Revision: 3.20
ide-floppy driver 0.99.newide
NET: Registered protocol family 17
e1000: eth0: e1000_watchdog: NIC Link is Up 100 Mbps Full Duplex
Attached scsi generic sg0 at scsi0, channel 0, id 0, lun 0,  type 0
Attached scsi generic sg1 at scsi1, channel 0, id 0, lun 0,  type 0