Date: Tue, 1 Feb 2000 18:39:07 +0800 (PHT)
From: <>
Subject: gfp called by non-running (1) task from c012ee46
Sender: linux-kernel-owner@vger.kernel.org
Precedence: bulk
List-ID: <linux-kernel.vger.kernel.org>
X-Mailing-List: linux-kernel@vger.kernel.org
X-Lkml-Link: https://lkml.org/lkml/2000/2/1/69

I'm running squid on 2.2.15pre5 and i got this message from the console
gfp called by non-running (1) task from c012ee46!
and my machine hung solid (no net, keyboard interaction), in cwhich i have
to hard boot my machine....
what follows is some information....
Output of "grep c012e /boot/System.map"
c012e104 T sys_dup
c012e2f8 t setfl
c012e368 T sys_fcntl
c012e714 t send_sigio
c012e7f8 T kill_fasync
c012e848 t file_ioctl
c012e940 T sys_ioctl
c012eac8 t fillonedir
c012eb38 T old_readdir
c012ebf0 t filldir
c012ec78 T sys_getdents
c012ed64 t free_wait
c012edd8 T __pollwait
c012ee70 t max_select_fd
c012ef10 T do_select
dmesg's output
Linux version 2.2.15pre5 (root@proxy) (gcc version 2.95.2 19991024 (release)) #16 Mon Jan 31 20:01:33 PHT 2000
Detected 300687181 Hz processor.
Console: colour VGA+ 80x25
Calibrating delay loop... 299.83 BogoMIPS
Memory: 322728k/327616k available (928k kernel code, 412k reserved, 3488k data, 60k init)
Dentry hash table entries: 65536 (order 7, 512k)
Buffer cache hash table entries: 524288 (order 9, 2048k)
Page cache hash table entries: 131072 (order 7, 512k)
VFS: Diskquotas version dquot_6.4.0 initialized
CPU: Intel Celeron (Mendocino) stepping 00
Checking 386/387 coupling... OK, FPU using exception 16 error reporting.
Checking 'hlt' instruction... OK.
POSIX conformance testing by UNIFIX
mtrr: v1.35a (19990819) Richard Gooch (rgooch@atnf.csiro.au)
PCI: PCI BIOS revision 2.10 entry at 0xfb2e0
PCI: Using configuration type 1
PCI: Probing PCI hardware
Linux NET4.0 for Linux 2.2
Based upon Swansea University Computer Society NET3.039
NET4: Unix domain sockets 1.0 for Linux NET4.0.
NET4: Linux TCP/IP 1.0 for NET4.0
IP Protocols: ICMP, UDP, TCP
TCP: Hash tables configured (ehash 524288 bhash 65536)
Initializing RT netlink socket
Starting kswapd v 1.5 
Serial driver version 4.27 with MANY_PORTS MULTIPORT SHARE_IRQ enabled
ttyS00 at 0x03f8 (irq = 4) is a 16550A
ttyS01 at 0x02f8 (irq = 3) is a 16550A
pty: 256 Unix98 ptys configured
apm: BIOS version 1.2 Flags 0x07 (Driver version 1.9)
Real Time Clock Driver v1.09
RAM disk driver initialized:  16 RAM disks of 4096K size
PIIX4: IDE controller on PCI bus 00 dev 39
PIIX4: not 100% native mode: will probe irqs later
    ide0: BM-DMA at 0xf000-0xf007, BIOS settings: hda:DMA, hdb:DMA
    ide1: BM-DMA at 0xf008-0xf00f, BIOS settings: hdc:DMA, hdd:DMA
hda: QUANTUM FIREBALL ST2.5A, ATA DISK drive
hdb: Maxtor 91728D8, ATA DISK drive
hdc: Maxtor 91152D8, ATA DISK drive
hdd: ST51080A, ATA DISK drive
ide0 at 0x1f0-0x1f7,0x3f6 on irq 14
ide1 at 0x170-0x177,0x376 on irq 15
hda: QUANTUM FIREBALL ST2.5A, 2445MB w/81kB Cache, CHS=1024/128/63, UDMA
hdb: Maxtor 91728D8, 16479MB w/512kB Cache, CHS=33483/16/63, (U)DMA
hdc: Maxtor 91152D8, 10991MB w/256kB Cache, CHS=22332/16/63, (U)DMA
hdd: ST51080A, 1033MB w/128kB Cache, CHS=2100/16/63
Floppy drive(s): fd0 is 1.44M
FDC 0 is a post-1991 82077
md driver 0.36.6 MAX_MD_DEV=4, MAX_REAL=8
Partition check:
 hda: hda1 hda2 < hda5 >
 hdb: hdb1 hdb2 hdb3 hdb4
 hdc: hdc1 hdc2
 hdd: [PTBL] [525/64/63] hdd1
VFS: Mounted root (ext2 filesystem) readonly.
Freeing unused kernel memory: 60k freed
Adding Swap: 145112k swap-space (priority -1)
3c59x.c:v0.99H 11/17/98 Donald Becker 
http://cesdis.gsfc.nasa.gov/linux/drivers/vortex.html
eth0: 3Com 3c905 Boomerang 100baseTx at 0xe400,  00:60:08:90:1b:29, IRQ 12
  8K word-wide RAM 3:5 Rx:Tx split, autoselect/MII interface.
  MII transceiver found at address 24, status 786f.
  Enabling bus-master transmits and whole-frame receives.
ne2k-pci.c:vpre-1.00e 5/27/99 D. Becker/P. Gortmaker 
http://cesdis.gsfc.nasa.gov/linux/drivers/ne2k-pci.html
ne2k-pci.c: PCI NE2000 clone 'RealTek RTL-8029' at I/O 0xe800, IRQ 10.
eth1: RealTek RTL-8029 found at 0xe800, IRQ 10, 00:20:18:2D:24:1F.
modules loaded
Module                  Size  Used by
ne2k-pci                4204   1  (autoclean)
8390                    6200   0  (autoclean) [ne2k-pci]
3c59x                  18564   1  (autoclean)
-
To unsubscribe from this list: send the line "unsubscribe linux-kernel" in
the body of a message to majordomo@vger.rutgers.edu
Please read the FAQ at 
http://www.tux.org/lkml/