Date: Wed, 9 May 2007 17:43:23 -0400 (EDT)
From: Gerhard Mack <>
Subject: Re: [2.6.21.1] SATA freeze
Sender: linux-kernel-owner@vger.kernel.org
Precedence: bulk
List-ID: <linux-kernel.vger.kernel.org>
X-Mailing-List: linux-kernel@vger.kernel.org
X-Lkml-Link: https://lkml.org/lkml/2007/5/9/422

On Wed, 9 May 2007, Jeff Garzik wrote:
> Gerhard Mack wrote:
> > May  9 14:51:35 mgerhard kernel: ata1.00: exception Emask 0x0 SAct 0x0 SErr
> > 0x1800000 action 0x2 frozen
> > May  9 14:51:35 mgerhard kernel: ata1.00: cmd
> > 35/00:00:80:6d:c8/00:04:09:00:00/e0 tag 0 cdb 0x0 data 524288 out
> > May  9 14:51:35 mgerhard kernel:          res
> > 40/00:c8:68:65:c8/84:00:09:00:00/e0 Emask 0x4 (timeout)
> > May  9 14:51:42 mgerhard kernel: ata1: port is slow to respond, please be
> > patient (Status 0xd0)
> > 
> > Anything I can do to figgure out what's causing this?
> 
> Provide full lspci, dmesg, kernel config?
> 
Done.
	Gerhard
--
Gerhard Mack
gmack@innerfire.net
<>< As a computer I find your faith in technology amusing.00:00.0 RAM memory: nVidia Corporation C51 Host Bridge (rev a2)
00:00.1 RAM memory: nVidia Corporation C51 Memory Controller 0 (rev a2)
00:00.2 RAM memory: nVidia Corporation C51 Memory Controller 1 (rev a2)
00:00.3 RAM memory: nVidia Corporation C51 Memory Controller 5 (rev a2)
00:00.4 RAM memory: nVidia Corporation C51 Memory Controller 4 (rev a2)
00:00.5 RAM memory: nVidia Corporation C51 Host Bridge (rev a2)
00:00.6 RAM memory: nVidia Corporation C51 Memory Controller 3 (rev a2)
00:00.7 RAM memory: nVidia Corporation C51 Memory Controller 2 (rev a2)
00:02.0 PCI bridge: nVidia Corporation C51 PCI Express Bridge (rev a1)
00:03.0 PCI bridge: nVidia Corporation C51 PCI Express Bridge (rev a1)
00:04.0 PCI bridge: nVidia Corporation C51 PCI Express Bridge (rev a1)
00:05.0 VGA compatible controller: nVidia Corporation C51PV [GeForce 6150] (rev a2)
00:09.0 RAM memory: nVidia Corporation MCP51 Host Bridge (rev a2)
00:0a.0 ISA bridge: nVidia Corporation MCP51 LPC Bridge (rev a3)
00:0a.1 SMBus: nVidia Corporation MCP51 SMBus (rev a3)
00:0a.2 RAM memory: nVidia Corporation MCP51 Memory Controller 0 (rev a3)
00:0b.0 USB Controller: nVidia Corporation MCP51 USB Controller (rev a3)
00:0b.1 USB Controller: nVidia Corporation MCP51 USB Controller (rev a3)
00:0d.0 IDE interface: nVidia Corporation MCP51 IDE (rev a1)
00:0e.0 IDE interface: nVidia Corporation MCP51 Serial ATA Controller (rev a1)
00:0f.0 IDE interface: nVidia Corporation MCP51 Serial ATA Controller (rev a1)
00:10.0 PCI bridge: nVidia Corporation MCP51 PCI Bridge (rev a2)
00:10.1 Audio device: nVidia Corporation MCP51 High Definition Audio (rev a2)
00:14.0 Bridge: nVidia Corporation MCP51 Ethernet Controller (rev a3)
00:18.0 Host bridge: Advanced Micro Devices [AMD] K8 [Athlon64/Opteron] HyperTransport Technology Configuration
00:18.1 Host bridge: Advanced Micro Devices [AMD] K8 [Athlon64/Opteron] Address Map
00:18.2 Host bridge: Advanced Micro Devices [AMD] K8 [Athlon64/Opteron] DRAM Controller
00:18.3 Host bridge: Advanced Micro Devices [AMD] K8 [Athlon64/Opteron] Miscellaneous Control
04:05.0 FireWire (IEEE 1394): Texas Instruments TSB43AB22/A IEEE-1394a-2000 Controller (PHY/Link)
Linux version 2.6.21.1 (root@mgerhard) (gcc version 4.1.2 20061115 (prerelease) (Debian 4.1.1-21)) #1 SMP PREEMPT Wed May 2 20:08:35 EDT 2007
Command line: root=/dev/sda3 ro 
BIOS-provided physical RAM map:
 BIOS-e820: 0000000000000000 - 000000000009f000 (usable)
 BIOS-e820: 000000000009f000 - 00000000000a0000 (reserved)
 BIOS-e820: 00000000000f0000 - 0000000000100000 (reserved)
 BIOS-e820: 0000000000100000 - 000000003def0000 (usable)
 BIOS-e820: 000000003def0000 - 000000003def3000 (ACPI NVS)
 BIOS-e820: 000000003def3000 - 000000003df00000 (ACPI data)
 BIOS-e820: 000000003e000000 - 0000000040000000 (reserved)
 BIOS-e820: 00000000e0000000 - 00000000f0000000 (reserved)
 BIOS-e820: 00000000fec00000 - 0000000100000000 (reserved)
Entering add_active_range(0, 0, 159) 0 entries of 256 used
Entering add_active_range(0, 256, 253680) 1 entries of 256 used
end_pfn_map = 1048576
DMI 2.4 present.
ACPI: RSDP 000F7560, 0024 (r2 Nvidia)
ACPI: XSDT 3DEF30C0, 004C (r1 Nvidia ASUSACPI 42302E31 AWRD        0)
ACPI: FACP 3DEFB3C0, 00F4 (r3 Nvidia ASUSACPI 42302E31 AWRD        0)
ACPI: DSDT 3DEF3240, 8102 (r1 NVIDIA ASUSACPI     1000 MSFT  100000E)
ACPI: FACS 3DEF0000, 0040
ACPI: SSDT 3DEFB5C0, 0206 (r1 PTLTD  POWERNOW        1  LTP        1)
ACPI: HPET 3DEFB840, 0038 (r1 Nvidia ASUSACPI 42302E31 AWRD       98)
ACPI: MCFG 3DEFB8C0, 003C (r1 Nvidia ASUSACPI 42302E31 AWRD        0)
ACPI: APIC 3DEFB500, 007C (r1 Nvidia ASUSACPI 42302E31 AWRD        0)
Entering add_active_range(0, 0, 159) 0 entries of 256 used
Entering add_active_range(0, 256, 253680) 1 entries of 256 used
Zone PFN ranges:
  DMA             0 ->     4096
  DMA32        4096 ->  1048576
  Normal    1048576 ->  1048576
early_node_map[2] active PFN ranges
    0:        0 ->      159
    0:      256 ->   253680
On node 0 totalpages: 253583
  DMA zone: 56 pages used for memmap
  DMA zone: 1799 pages reserved
  DMA zone: 2144 pages, LIFO batch:0
  DMA32 zone: 3412 pages used for memmap
  DMA32 zone: 246172 pages, LIFO batch:31
  Normal zone: 0 pages used for memmap
ACPI: PM-Timer IO Port: 0x4008
ACPI: Local APIC address 0xfee00000
ACPI: LAPIC (acpi_id[0x00] lapic_id[0x00] enabled)
Processor #0 (Bootup-CPU)
ACPI: LAPIC (acpi_id[0x01] lapic_id[0x01] enabled)
Processor #1
ACPI: LAPIC_NMI (acpi_id[0x00] high edge lint[0x1])
ACPI: LAPIC_NMI (acpi_id[0x01] high edge lint[0x1])
ACPI: IOAPIC (id[0x02] address[0xfec00000] gsi_base[0])
IOAPIC[0]: apic_id 2, address 0xfec00000, GSI 0-23
ACPI: INT_SRC_OVR (bus 0 bus_irq 0 global_irq 2 dfl dfl)
ACPI: INT_SRC_OVR (bus 0 bus_irq 9 global_irq 9 high level)
ACPI: INT_SRC_OVR (bus 0 bus_irq 14 global_irq 14 high edge)
ACPI: INT_SRC_OVR (bus 0 bus_irq 15 global_irq 15 high edge)
ACPI: IRQ0 used by override.
ACPI: IRQ2 used by override.
ACPI: IRQ9 used by override.
ACPI: IRQ14 used by override.
ACPI: IRQ15 used by override.
Setting APIC routing to flat
ACPI: HPET id: 0x10de8201 base: 0xfefff000
Using ACPI (MADT) for SMP configuration information
Nosave address range: 000000000009f000 - 00000000000a0000
Nosave address range: 00000000000a0000 - 00000000000f0000
Nosave address range: 00000000000f0000 - 0000000000100000
Allocating PCI resources starting at 50000000 (gap: 40000000:a0000000)
PERCPU: Allocating 33600 bytes of per cpu data
Built 1 zonelists.  Total pages: 248316
Kernel command line: root=/dev/sda3 ro 
Initializing CPU#0
PID hash table entries: 4096 (order: 12, 32768 bytes)
Extended CMOS year: 2000
time.c: Detected 2204.596 MHz processor.
Console: colour VGA+ 80x25
Dentry cache hash table entries: 131072 (order: 8, 1048576 bytes)
Inode-cache hash table entries: 65536 (order: 7, 524288 bytes)
Checking aperture...
CPU 0: aperture @ f094000000 size 32 MB
Aperture too small (32 MB)
No AGP bridge found
Memory: 991332k/1014720k available (3881k kernel code, 22760k reserved, 2458k data, 256k init)
Calibrating delay using timer specific routine.. 4412.06 BogoMIPS (lpj=2206030)
Security Framework v1.0.0 initialized
Capability LSM initialized
Failure registering Root Plug module with the kernel
Failure registering Root Plug  module with primary security module.
Mount-cache hash table entries: 256
CPU: L1 I Cache: 64K (64 bytes/line), D cache 64K (64 bytes/line)
CPU: L2 Cache: 512K (64 bytes/line)
CPU: Physical Processor ID: 0
CPU: Processor Core ID: 0
Freeing SMP alternatives: 36k freed
ACPI: Core revision 20070126
Using local APIC timer interrupts.
result 12526116
Detected 12.526 MHz APIC timer.
Booting processor 1/2 APIC 0x1
Initializing CPU#1
Calibrating delay using timer specific routine.. 4409.30 BogoMIPS (lpj=2204651)
CPU: L1 I Cache: 64K (64 bytes/line), D cache 64K (64 bytes/line)
CPU: L2 Cache: 512K (64 bytes/line)
CPU: Physical Processor ID: 0
CPU: Processor Core ID: 1
AMD Athlon(tm) 64 X2 Dual Core Processor 4200+ stepping 02
Brought up 2 CPUs
migration_cost=370
NET: Registered protocol family 16
ACPI: bus type pci registered
PCI: Using MMCONFIG at e0000000 - efffffff
PCI: No mmconfig possible on device 00:18
ACPI: Interpreter enabled
ACPI: Using IOAPIC for interrupt routing
ACPI: PCI Root Bridge [PCI0] (0000:00)
PCI: Probing PCI hardware (bus 00)
Boot video device is 0000:00:05.0
PCI: Transparent bridge - 0000:00:10.0
ACPI: PCI Interrupt Routing Table [\_SB_.PCI0._PRT]
ACPI: PCI Interrupt Routing Table [\_SB_.PCI0.HUB0._PRT]
ACPI: PCI Interrupt Link [LNK1] (IRQs 5 7 9 10 11 14 15) *0, disabled.
ACPI: PCI Interrupt Link [LNK2] (IRQs 5 7 9 10 11 14 15) *0, disabled.
ACPI: PCI Interrupt Link [LNK3] (IRQs 5 7 9 10 11 14 15) *0, disabled.
ACPI: PCI Interrupt Link [LNK4] (IRQs 5 7 9 10 11 14 15) *0, disabled.
ACPI: PCI Interrupt Link [LNK5] (IRQs 5 7 9 10 11 14 15) *0, disabled.
ACPI: PCI Interrupt Link [LNK6] (IRQs 5 7 9 10 11 14 15) *0, disabled.
ACPI: PCI Interrupt Link [LNK7] (IRQs *5 7 9 10 11 14 15)
ACPI: PCI Interrupt Link [LNK8] (IRQs 5 7 9 10 11 14 15) *0, disabled.
ACPI: PCI Interrupt Link [LUBA] (IRQs 5 7 9 10 11 14 15) *0, disabled.
ACPI: PCI Interrupt Link [LUBB] (IRQs 5 7 9 10 11 14 15) *0, disabled.
ACPI: PCI Interrupt Link [LMAC] (IRQs 5 7 9 10 *11 14 15)
ACPI: PCI Interrupt Link [LACI] (IRQs 5 7 9 10 11 14 15) *0, disabled.
ACPI: PCI Interrupt Link [LAZA] (IRQs 5 *7 9 10 11 14 15)
ACPI: PCI Interrupt Link [LPMU] (IRQs 5 7 9 10 11 14 15) *0, disabled.
ACPI: PCI Interrupt Link [LMCI] (IRQs 5 7 9 10 11 14 15) *0, disabled.
ACPI: PCI Interrupt Link [LSMB] (IRQs 5 7 9 10 11 14 15) *0, disabled.
ACPI: PCI Interrupt Link [LUB2] (IRQs 5 7 9 10 11 14 15) *0, disabled.
ACPI: PCI Interrupt Link [LIDE] (IRQs 5 7 9 10 11 14 15) *0, disabled.
ACPI: PCI Interrupt Link [LSID] (IRQs *5 7 9 10 11 14 15)
ACPI: PCI Interrupt Link [LFID] (IRQs 5 7 9 10 *11 14 15)
ACPI: PCI Interrupt Link [APC1] (IRQs 16) *0, disabled.
ACPI: PCI Interrupt Link [APC2] (IRQs 17) *0, disabled.
ACPI: PCI Interrupt Link [APC3] (IRQs 18) *0, disabled.
ACPI: PCI Interrupt Link [APC4] (IRQs 19) *0, disabled.
ACPI: PCI Interrupt Link [APC5] (IRQs 16) *0, disabled.
ACPI: PCI Interrupt Link [APC6] (IRQs 16) *0, disabled.
ACPI: PCI Interrupt Link [APC7] (IRQs 16) *0
ACPI: PCI Interrupt Link [APC8] (IRQs 16) *0, disabled.
ACPI: PCI Interrupt Link [APCF] (IRQs 20 21 22 23) *0, disabled.
ACPI: PCI Interrupt Link [APCG] (IRQs 20 21 22 23) *0, disabled.
ACPI: PCI Interrupt Link [APCH] (IRQs 20 21 22 23) *0
ACPI: PCI Interrupt Link [APCJ] (IRQs 20 21 22 23) *0, disabled.
ACPI: PCI Interrupt Link [APMU] (IRQs 20 21 22 23) *0, disabled.
ACPI: PCI Interrupt Link [AAZA] (IRQs 20 21 22 23) *0
ACPI: PCI Interrupt Link [APCK] (IRQs 20 21 22 23) *0, disabled.
ACPI: PCI Interrupt Link [APCS] (IRQs 20 21 22 23) *0, disabled.
ACPI: PCI Interrupt Link [APCL] (IRQs 20 21 22 23) *0, disabled.
ACPI: PCI Interrupt Link [APCM] (IRQs 20 21 22 23) *0, disabled.
ACPI: PCI Interrupt Link [APCZ] (IRQs 20 21 22 23) *0, disabled.
ACPI: PCI Interrupt Link [APSI] (IRQs 20 21 22 23) *0
ACPI: PCI Interrupt Link [APSJ] (IRQs 20 21 22 23) *0
Linux Plug and Play Support v0.97 (c) Adam Belay
pnp: PnP ACPI init
pnp: PnP ACPI: found 12 devices
SCSI subsystem initialized
libata version 2.20 loaded.
usbcore: registered new interface driver usbfs
usbcore: registered new interface driver hub
usbcore: registered new device driver usb
PCI: Using ACPI for IRQ routing
PCI: If a device doesn't work, try "pci=routeirq".  If it helps, post a report
NetLabel: Initializing
NetLabel:  domain hash size = 128
NetLabel:  protocols = UNLABELED CIPSOv4
NetLabel:  unlabeled traffic allowed by default
hpet0: at MMIO 0xfefff000, IRQs 2, 8, 31
hpet0: 3 32-bit timers, 25000000 Hz
pnp: 00:01: ioport range 0x4000-0x407f has been reserved
pnp: 00:01: ioport range 0x4080-0x40ff has been reserved
pnp: 00:01: ioport range 0x4400-0x447f has been reserved
pnp: 00:01: ioport range 0x4480-0x44ff has been reserved
pnp: 00:01: ioport range 0x4800-0x487f has been reserved
pnp: 00:01: ioport range 0x4880-0x48ff has been reserved
pnp: 00:01: ioport range 0x2000-0x207f has been reserved
pnp: 00:01: ioport range 0x2080-0x20ff has been reserved
pnp: 00:01: iomem range 0x3e000000-0x3fffffff could not be reserved
pnp: 00:0a: iomem range 0xe0000000-0xefffffff could not be reserved
pnp: 00:0b: iomem range 0xcec00-0xcffff has been reserved
pnp: 00:0b: iomem range 0xf0000-0xf7fff could not be reserved
pnp: 00:0b: iomem range 0xf8000-0xfbfff could not be reserved
pnp: 00:0b: iomem range 0xfc000-0xfffff could not be reserved
Time: hpet clocksource has been installed.
ACPI: PCI Interrupt Link [APC4] enabled at IRQ 19
ACPI: PCI Interrupt 0000:04:05.0[A] -> Link [APC4] -> GSI 19 (level, low) -> IRQ 19
ohci1394: fw-host0: OHCI-1394 1.1 (PCI): IRQ=[19]  MMIO=[fdbff000-fdbff7ff]  Max Packet=[2048]  IR/IT contexts=[4/8]
PCI: Bridge: 0000:00:02.0
  IO window: a000-afff
  MEM window: fd800000-fd8fffff
  PREFETCH window: fd700000-fd7fffff
PCI: Bridge: 0000:00:03.0
  IO window: 8000-8fff
  MEM window: fde00000-fdefffff
  PREFETCH window: fdd00000-fddfffff
PCI: Bridge: 0000:00:04.0
  IO window: b000-bfff
  MEM window: fdc00000-fdcfffff
  PREFETCH window: fd900000-fd9fffff
PCI: Bridge: 0000:00:10.0
  IO window: 9000-9fff
  MEM window: fdb00000-fdbfffff
  PREFETCH window: fda00000-fdafffff
PCI: Setting latency timer of device 0000:00:02.0 to 64
PCI: Setting latency timer of device 0000:00:03.0 to 64
PCI: Setting latency timer of device 0000:00:04.0 to 64
PCI: Setting latency timer of device 0000:00:10.0 to 64
NET: Registered protocol family 2
IP route cache hash table entries: 32768 (order: 6, 262144 bytes)
TCP established hash table entries: 131072 (order: 9, 3145728 bytes)
TCP bind hash table entries: 65536 (order: 8, 1048576 bytes)
TCP: Hash tables configured (established 131072 bind 65536)
TCP reno registered
VFS: Disk quotas dquot_6.5.1
Dquot-cache hash table entries: 512 (order 0, 4096 bytes)
fuse init (API version 7.8)
io scheduler noop registered
io scheduler anticipatory registered (default)
io scheduler deadline registered
io scheduler cfq registered
PCI: Setting latency timer of device 0000:00:02.0 to 64
assign_interrupt_mode Found MSI capability
Allocate Port Service[0000:00:02.0:pcie00]
Allocate Port Service[0000:00:02.0:pcie03]
PCI: Setting latency timer of device 0000:00:03.0 to 64
assign_interrupt_mode Found MSI capability
Allocate Port Service[0000:00:03.0:pcie00]
Allocate Port Service[0000:00:03.0:pcie03]
PCI: Setting latency timer of device 0000:00:04.0 to 64
assign_interrupt_mode Found MSI capability
Allocate Port Service[0000:00:04.0:pcie00]
Allocate Port Service[0000:00:04.0:pcie03]
input: Power Button (FF) as /class/input/input0
ACPI: Power Button (FF) [PWRF]
input: Power Button (CM) as /class/input/input1
ACPI: Power Button (CM) [PWRB]
ACPI: Fan [FAN] (on)
ACPI: Thermal Zone [THRM] (40 C)
Real Time Clock Driver v1.12ac
hpet_resources: 0xfefff000 is busy
Non-volatile memory driver v1.2
Linux agpgart interface v0.102 (c) Dave Jones
[drm] Initialized drm 1.1.0 20060810
Hangcheck: starting hangcheck timer 0.9.0 (tick is 180 seconds, margin is 60 seconds).
Hangcheck: Using get_cycles().
Serial: 8250/16550 driver $Revision: 1.90 $ 2 ports, IRQ sharing enabled
Floppy drive(s): fd0 is 1.44M
FDC 0 is a post-1991 82077
loop: loaded (max 8 devices)
forcedeth.c: Reverse Engineered nForce ethernet driver. Version 0.60.
ACPI: PCI Interrupt Link [APCH] enabled at IRQ 23
ACPI: PCI Interrupt 0000:00:14.0[A] -> Link [APCH] -> GSI 23 (level, low) -> IRQ 23
PCI: Setting latency timer of device 0000:00:14.0 to 64
forcedeth: using HIGHDMA
eth0: forcedeth.c: subsystem: 01043:816a bound to 0000:00:14.0
PPP generic driver version 2.4.2
NET: Registered protocol family 24
Linux video capture interface: v2.00
SCSI Media Changer driver v0.25 
sata_nv 0000:00:0e.0: version 3.3
ACPI: PCI Interrupt Link [APSI] enabled at IRQ 22
ACPI: PCI Interrupt 0000:00:0e.0[A] -> Link [APSI] -> GSI 22 (level, low) -> IRQ 22
PCI: Setting latency timer of device 0000:00:0e.0 to 64
ata1: SATA max UDMA/133 cmd 0x00000000000109f0 ctl 0x0000000000010bf2 bmdma 0x000000000001e000 irq 22
ata2: SATA max UDMA/133 cmd 0x0000000000010970 ctl 0x0000000000010b72 bmdma 0x000000000001e008 irq 22
scsi0 : sata_nv
ata1: SATA link up 3.0 Gbps (SStatus 123 SControl 300)
ata1.00: ATA-7: WDC WD2500JS-60NCB1, 10.02E02, max UDMA/100
ata1.00: 488397168 sectors, multi 1: LBA48 NCQ (depth 0/32)
ata1.00: configured for UDMA/100
scsi1 : sata_nv
ieee1394: Host added: ID:BUS[0-00:1023]  GUID[0011d8000101f761]
ata2: SATA link down (SStatus 0 SControl 300)
ATA: abnormal status 0x7F on port 0x0000000000010977
scsi 0:0:0:0: Direct-Access     ATA      WDC WD2500JS-60N 10.0 PQ: 0 ANSI: 5
SCSI device sda: 488397168 512-byte hdwr sectors (250059 MB)
sda: Write Protect is off
sda: Mode Sense: 00 3a 00 00
SCSI device sda: write cache: enabled, read cache: enabled, doesn't support DPO or FUA
SCSI device sda: 488397168 512-byte hdwr sectors (250059 MB)
sda: Write Protect is off
sda: Mode Sense: 00 3a 00 00
SCSI device sda: write cache: enabled, read cache: enabled, doesn't support DPO or FUA
 sda: sda1 sda2 sda3
sd 0:0:0:0: Attached scsi disk sda
sd 0:0:0:0: Attached scsi generic sg0 type 0
ACPI: PCI Interrupt Link [APSJ] enabled at IRQ 21
ACPI: PCI Interrupt 0000:00:0f.0[A] -> Link [APSJ] -> GSI 21 (level, low) -> IRQ 21
PCI: Setting latency timer of device 0000:00:0f.0 to 64
ata3: SATA max UDMA/133 cmd 0x00000000000109e0 ctl 0x0000000000010be2 bmdma 0x000000000001cc00 irq 21
ata4: SATA max UDMA/133 cmd 0x0000000000010960 ctl 0x0000000000010b62 bmdma 0x000000000001cc08 irq 21
scsi2 : sata_nv
ata3: SATA link down (SStatus 0 SControl 300)
ATA: abnormal status 0x7F on port 0x00000000000109e7
scsi3 : sata_nv
ata4: SATA link down (SStatus 0 SControl 300)
ATA: abnormal status 0x7F on port 0x0000000000010967
pata_amd 0000:00:0d.0: version 0.2.8
PCI: Setting latency timer of device 0000:00:0d.0 to 64
ata5: PATA max UDMA/133 cmd 0x00000000000101f0 ctl 0x00000000000103f6 bmdma 0x000000000001f400 irq 14
ata6: PATA max UDMA/133 cmd 0x0000000000010170 ctl 0x0000000000010376 bmdma 0x000000000001f408 irq 15
scsi4 : pata_amd
ata5.00: ATAPI, max UDMA/33
ata5.00: configured for UDMA/33
scsi5 : pata_amd
ATA: abnormal status 0x7F on port 0x0000000000010177
scsi 4:0:0:0: CD-ROM            HL-DT-ST DVDRAM GSA-4167B DL11 PQ: 0 ANSI: 5
sr0: scsi3-mmc drive: 62x/62x writer dvd-ram cd/rw xa/form2 cdda tray
Uniform CD-ROM driver Revision: 3.20
sr 4:0:0:0: Attached scsi CD-ROM sr0
sr 4:0:0:0: Attached scsi generic sg1 type 5
video1394: Installed video1394 module
ieee1394: raw1394: /dev/raw1394 device initialized
ACPI: PCI Interrupt Link [APCL] enabled at IRQ 20
ACPI: PCI Interrupt 0000:00:0b.1[B] -> Link [APCL] -> GSI 20 (level, low) -> IRQ 20
PCI: Setting latency timer of device 0000:00:0b.1 to 64
ehci_hcd 0000:00:0b.1: EHCI Host Controller
ehci_hcd 0000:00:0b.1: new USB bus registered, assigned bus number 1
ehci_hcd 0000:00:0b.1: debug port 1
PCI: cache line size of 64 is not supported by device 0000:00:0b.1
ehci_hcd 0000:00:0b.1: irq 20, io mem 0xfe02e000
ehci_hcd 0000:00:0b.1: USB 2.0 started, EHCI 1.00, driver 10 Dec 2004
usb usb1: configuration #1 chosen from 1 choice
hub 1-0:1.0: USB hub found
hub 1-0:1.0: 8 ports detected
ohci_hcd: 2006 August 04 USB 1.1 'Open' Host Controller (OHCI) Driver
ACPI: PCI Interrupt Link [APCF] enabled at IRQ 23
ACPI: PCI Interrupt 0000:00:0b.0[A] -> Link [APCF] -> GSI 23 (level, low) -> IRQ 23
PCI: Setting latency timer of device 0000:00:0b.0 to 64
ohci_hcd 0000:00:0b.0: OHCI Host Controller
ohci_hcd 0000:00:0b.0: new USB bus registered, assigned bus number 2
ohci_hcd 0000:00:0b.0: irq 23, io mem 0xfe02f000
usb usb2: configuration #1 chosen from 1 choice
hub 2-0:1.0: USB hub found
hub 2-0:1.0: 8 ports detected
Initializing USB Mass Storage driver...
usb 1-6: new high speed USB device using ehci_hcd and address 3
usb 1-6: configuration #1 chosen from 1 choice
usb 2-4: new low speed USB device using ohci_hcd and address 2
usb 2-4: configuration #1 chosen from 1 choice
scsi6 : SCSI emulation for USB Mass Storage devices
usb-storage: device found at 3
usb-storage: waiting for device to settle before scanning
usbcore: registered new interface driver usb-storage
USB Mass Storage support registered.
usbcore: registered new interface driver hiddev
input: Logitech USB-PS/2 Optical Mouse as /class/input/input2
input: USB HID v1.10 Mouse [Logitech USB-PS/2 Optical Mouse] on usb-0000:00:0b.0-4
usbcore: registered new interface driver usbhid
drivers/usb/input/hid-core.c: v2.6:USB HID core driver
usbcore: registered new interface driver catc
drivers/usb/net/catc.c: v2.8 CATC EL1210A NetMate USB Ethernet driver
usbcore: registered new interface driver kaweth
pegasus: v0.6.14 (2006/09/27), Pegasus/Pegasus II USB Ethernet driver
usbcore: registered new interface driver pegasus
drivers/usb/net/rtl8150.c: rtl8150 based usb-ethernet driver v0.6.2 (2004/08/27)
usbcore: registered new interface driver rtl8150
usbcore: registered new interface driver asix
usbcore: registered new interface driver cdc_ether
usbcore: registered new interface driver net1080
usbcore: registered new interface driver zaurus
PNP: PS/2 Controller [PNP0303:PS2K] at 0x60,0x64 irq 1
PNP: PS/2 controller doesn't have AUX irq; using default 12
serio: i8042 KBD port at 0x60,0x64 irq 1
mice: PS/2 mouse device common for all mice
input: PC Speaker as /class/input/input3
rtc_cmos 00:05: rtc core: registered rtc_cmos as rtc0
rtc_cmos: probe of 00:05 failed with error -16
i2c /dev entries driver
i2c_adapter i2c-0: nForce2 SMBus adapter at 0x4c00
i2c_adapter i2c-1: nForce2 SMBus adapter at 0x4c40
input: AT Translated Set 2 keyboard as /class/input/input4
it87: Found IT8716F chip at 0x290, revision 0
it87: in3 is VCC (+5V)
it87: in7 is VCCH (+5V Stand-By)
it87-isa 9191-0290: Detected broken BIOS defaults, disabling PWM interface
Advanced Linux Sound Architecture Driver Version 1.0.14rc3 (Wed Mar 14 07:25:50 2007 UTC).
ACPI: PCI Interrupt Link [AAZA] enabled at IRQ 22
ACPI: PCI Interrupt 0000:00:10.1[B] -> Link [AAZA] -> GSI 22 (level, low) -> IRQ 22
PCI: Setting latency timer of device 0000:00:10.1 to 64
ALSA device list:
  #0: HDA NVidia at 0xfe024000 irq 22
netem: version 1.2
u32 classifier
    Performance counters on
    OLD policer on 
nf_conntrack version 0.5.0 (3963 buckets, 31704 max)
ip_tables: (C) 2000-2006 Netfilter Core Team
ClusterIP Version 0.8 loaded successfully
arp_tables: (C) 2002 David S. Miller
TCP cubic registered
Initializing XFRM netlink socket
NET: Registered protocol family 1
NET: Registered protocol family 10
IPv6 over IPv4 tunneling driver
NET: Registered protocol family 17
NET: Registered protocol family 15
powernow-k8: Found 2 AMD Athlon(tm) 64 X2 Dual Core Processor 4200+ processors (version 2.00.00)
powernow-k8:    0 : fid 0xe (2200 MHz), vid 0x8
powernow-k8:    1 : fid 0xc (2000 MHz), vid 0xa
powernow-k8:    2 : fid 0xa (1800 MHz), vid 0xc
powernow-k8:    3 : fid 0x2 (1000 MHz), vid 0x12
drivers/rtc/hctosys.c: unable to open rtc device (rtc0)
BIOS EDD facility v0.16 2004-Jun-25, 1 devices found
ReiserFS: sda3: found reiserfs format "3.6" with standard journal
ReiserFS: sda3: using ordered data mode
ReiserFS: sda3: journal params: device sda3, size 8192, journal first block 18, max trans len 1024, max batch 900, max commit age 30, max trans age 30
ReiserFS: sda3: checking transaction log (sda3)
ReiserFS: sda3: Using r5 hash to sort names
VFS: Mounted root (reiserfs filesystem) readonly.
Freeing unused kernel memory: 256k freed
Adding 1004052k swap on /dev/sda2.  Priority:-1 extents:1 across:1004052k
usb-storage: device scan complete
scsi 6:0:0:0: Direct-Access     Generic  USB SD Reader    1.00 PQ: 0 ANSI: 0
scsi 6:0:0:1: Direct-Access     Generic  USB CF Reader    1.01 PQ: 0 ANSI: 0
scsi 6:0:0:2: Direct-Access     Generic  USB SM Reader    1.02 PQ: 0 ANSI: 0
scsi 6:0:0:3: Direct-Access     Generic  USB MS Reader    1.03 PQ: 0 ANSI: 0
sd 6:0:0:0: Attached scsi removable disk sdb
sd 6:0:0:0: Attached scsi generic sg2 type 0
sd 6:0:0:1: Attached scsi removable disk sdc
sd 6:0:0:1: Attached scsi generic sg3 type 0
sd 6:0:0:2: Attached scsi removable disk sdd
sd 6:0:0:2: Attached scsi generic sg4 type 0
sd 6:0:0:3: Attached scsi removable disk sde
sd 6:0:0:3: Attached scsi generic sg5 type 0
ReiserFS: sda1: found reiserfs format "3.6" with standard journal
ReiserFS: sda1: using ordered data mode
ReiserFS: sda1: journal params: device sda1, size 8192, journal first block 18, max trans len 1024, max batch 900, max commit age 30, max trans age 30
ReiserFS: sda1: checking transaction log (sda1)
ReiserFS: sda1: Using r5 hash to sort names
eth0: no IPv6 routers present
May  7 21:28:25 mgerhard kernel: usb 2-3: new full speed USB device using ohci_hcd and address 3
May  7 21:28:26 mgerhard kernel: usb 2-3: configuration #1 chosen from 1 choice
May  7 21:28:26 mgerhard kernel: cdc_acm 2-3:1.0: ttyACM0: USB ACM device
May  7 21:28:26 mgerhard kernel: usbcore: registered new interface driver cdc_acm
May  7 21:28:26 mgerhard kernel: drivers/usb/class/cdc-acm.c: v0.25:USB Abstract Control Model driver for USB modems and ISDN adapters
May  7 21:28:30 mgerhard kernel: usb 1-6: usbfs: interface 0 claimed by usb-storage while 'python' sets config #1
May  7 21:28:30 mgerhard kernel: usb 2-3: usbfs: interface 0 claimed by cdc_acm while 'python' sets config #1
May  7 23:19:10 mgerhard kernel: usb 2-3: USB disconnect, address 3
May  9 09:22:06 mgerhard kernel: ata1.00: exception Emask 0x0 SAct 0x0 SErr 0x400000 action 0x2
May  9 09:22:06 mgerhard kernel: ata1.00: (BMDMA stat 0x25)
May  9 09:22:06 mgerhard kernel: ata1.00: cmd 35/00:00:f0:fb:02/00:04:06:00:00/e0 tag 0 cdb 0x0 data 524288 out
May  9 09:22:06 mgerhard kernel:          res 51/84:30:c0:ff:02/84:00:06:00:00/e0 Emask 0x10 (ATA bus error)
May  9 09:22:06 mgerhard kernel: ata1: soft resetting port
May  9 09:22:06 mgerhard kernel: ata1: SATA link up 3.0 Gbps (SStatus 123 SControl 300)
May  9 09:22:06 mgerhard kernel: ata1.00: configured for UDMA/100
May  9 09:22:06 mgerhard kernel: ata1: EH complete
May  9 09:22:06 mgerhard kernel: SCSI device sda: 488397168 512-byte hdwr sectors (250059 MB)
May  9 09:22:06 mgerhard kernel: sda: Write Protect is off
May  9 09:22:06 mgerhard kernel: sda: Mode Sense: 00 3a 00 00
May  9 09:22:06 mgerhard kernel: SCSI device sda: write cache: enabled, read cache: enabled, doesn't support DPO or FUA
May  9 09:22:11 mgerhard kernel: ata1.00: exception Emask 0x0 SAct 0x0 SErr 0x400000 action 0x2
May  9 09:22:11 mgerhard kernel: ata1.00: (BMDMA stat 0x25)
May  9 09:22:11 mgerhard kernel: ata1.00: cmd 35/00:00:38:95:0d/00:04:06:00:00/e0 tag 0 cdb 0x0 data 524288 out
May  9 09:22:11 mgerhard kernel:          res 51/84:c0:78:95:0d/84:03:06:00:00/e0 Emask 0x10 (ATA bus error)
May  9 09:22:12 mgerhard kernel: ata1: soft resetting port
May  9 09:22:12 mgerhard kernel: ata1: SATA link up 3.0 Gbps (SStatus 123 SControl 300)
May  9 09:22:12 mgerhard kernel: ata1.00: configured for UDMA/100
May  9 09:22:12 mgerhard kernel: ata1: EH complete
May  9 09:22:12 mgerhard kernel: SCSI device sda: 488397168 512-byte hdwr sectors (250059 MB)
May  9 09:22:12 mgerhard kernel: sda: Write Protect is off
May  9 09:22:12 mgerhard kernel: sda: Mode Sense: 00 3a 00 00
May  9 09:22:12 mgerhard kernel: SCSI device sda: write cache: enabled, read cache: enabled, doesn't support DPO or FUA
May  9 13:09:58 mgerhard kernel: ata1.00: exception Emask 0x0 SAct 0x0 SErr 0x400000 action 0x2
May  9 13:09:58 mgerhard kernel: ata1.00: (BMDMA stat 0x25)
May  9 13:09:58 mgerhard kernel: ata1.00: cmd 35/00:00:e8:f9:23/00:04:00:00:00/e0 tag 0 cdb 0x0 data 524288 out
May  9 13:09:58 mgerhard kernel:          res 51/84:10:d8:fd:23/84:00:00:00:00/e0 Emask 0x10 (ATA bus error)
May  9 13:09:58 mgerhard kernel: ata1: soft resetting port
May  9 13:09:58 mgerhard kernel: ata1: SATA link up 3.0 Gbps (SStatus 123 SControl 300)
May  9 13:09:58 mgerhard kernel: ata1.00: configured for UDMA/100
May  9 13:09:58 mgerhard kernel: ata1: EH complete
May  9 13:09:58 mgerhard kernel: SCSI device sda: 488397168 512-byte hdwr sectors (250059 MB)
May  9 13:09:58 mgerhard kernel: sda: Write Protect is off
May  9 13:09:58 mgerhard kernel: sda: Mode Sense: 00 3a 00 00
May  9 13:09:58 mgerhard kernel: SCSI device sda: write cache: enabled, read cache: enabled, doesn't support DPO or FUA
May  9 13:10:03 mgerhard kernel: ata1.00: exception Emask 0x0 SAct 0x0 SErr 0x400000 action 0x2
May  9 13:10:04 mgerhard kernel: ata1.00: (BMDMA stat 0x25)
May  9 13:10:04 mgerhard kernel: ata1.00: cmd 35/00:00:18:f5:17/00:04:13:00:00/e0 tag 0 cdb 0x0 data 524288 out
May  9 13:10:04 mgerhard kernel:          res 51/84:70:a8:f7:17/84:01:13:00:00/e0 Emask 0x10 (ATA bus error)
May  9 13:10:04 mgerhard kernel: ata1: soft resetting port
May  9 13:10:04 mgerhard kernel: ata1: SATA link up 3.0 Gbps (SStatus 123 SControl 300)
May  9 13:10:04 mgerhard kernel: ata1.00: configured for UDMA/100
May  9 13:10:04 mgerhard kernel: ata1: EH complete
May  9 13:10:04 mgerhard kernel: SCSI device sda: 488397168 512-byte hdwr sectors (250059 MB)
May  9 13:10:04 mgerhard kernel: sda: Write Protect is off
May  9 13:10:04 mgerhard kernel: sda: Mode Sense: 00 3a 00 00
May  9 13:10:04 mgerhard kernel: ata1.00: exception Emask 0x0 SAct 0x0 SErr 0x400000 action 0x2
May  9 13:10:04 mgerhard kernel: ata1.00: (BMDMA stat 0x25)
May  9 13:10:04 mgerhard kernel: ata1.00: cmd 35/00:00:40:00:18/00:04:13:00:00/e0 tag 0 cdb 0x0 data 524288 out
May  9 13:10:04 mgerhard kernel:          res 51/84:a0:a0:00:18/84:03:13:00:00/e0 Emask 0x10 (ATA bus error)
May  9 13:10:04 mgerhard kernel: ata1: soft resetting port
May  9 13:10:04 mgerhard kernel: ata1: SATA link up 3.0 Gbps (SStatus 123 SControl 300)
May  9 13:10:04 mgerhard kernel: ata1.00: configured for UDMA/100
May  9 13:10:04 mgerhard kernel: ata1: EH complete
May  9 13:10:04 mgerhard kernel: SCSI device sda: write cache: enabled, read cache: enabled, doesn't support DPO or FUA
May  9 13:10:04 mgerhard kernel: SCSI device sda: 488397168 512-byte hdwr sectors (250059 MB)
May  9 13:10:04 mgerhard kernel: sda: Write Protect is off
May  9 13:10:04 mgerhard kernel: sda: Mode Sense: 00 3a 00 00
May  9 13:10:04 mgerhard kernel: SCSI device sda: write cache: enabled, read cache: enabled, doesn't support DPO or FUA
May  9 14:13:22 mgerhard kernel: ata1.00: exception Emask 0x0 SAct 0x0 SErr 0x1800000 action 0x2 frozen
May  9 14:13:22 mgerhard kernel: ata1.00: cmd 35/00:00:78:12:69/00:04:03:00:00/e0 tag 0 cdb 0x0 data 524288 out
May  9 14:13:22 mgerhard kernel:          res 40/00:a0:a0:00:18/84:03:13:00:00/e0 Emask 0x4 (timeout)
May  9 14:13:29 mgerhard kernel: ata1: port is slow to respond, please be patient (Status 0xd0)
May  9 14:13:52 mgerhard kernel: ata1: port failed to respond (30 secs, Status 0xd0)
May  9 14:13:52 mgerhard kernel: ata1: soft resetting port
May  9 14:13:52 mgerhard kernel: ata1: SATA link up 3.0 Gbps (SStatus 123 SControl 300)
May  9 14:13:52 mgerhard kernel: ata1.00: configured for UDMA/100
May  9 14:13:52 mgerhard kernel: ata1: EH complete
May  9 14:13:52 mgerhard kernel: SCSI device sda: 488397168 512-byte hdwr sectors (250059 MB)
May  9 14:13:52 mgerhard kernel: sda: Write Protect is off
May  9 14:13:52 mgerhard kernel: sda: Mode Sense: 00 3a 00 00
May  9 14:13:52 mgerhard kernel: SCSI device sda: write cache: enabled, read cache: enabled, doesn't support DPO or FUA
May  9 14:14:24 mgerhard kernel: ata1.00: exception Emask 0x0 SAct 0x0 SErr 0x400000 action 0x2 frozen
May  9 14:14:24 mgerhard kernel: ata1.00: cmd 35/00:08:c8:c2:2f/00:02:08:00:00/e0 tag 0 cdb 0x0 data 266240 out
May  9 14:14:24 mgerhard kernel:          res 40/00:a0:a0:00:18/84:03:13:00:00/e0 Emask 0x4 (timeout)
May  9 14:14:31 mgerhard kernel: ata1: port is slow to respond, please be patient (Status 0xd0)
May  9 14:14:54 mgerhard kernel: ata1: port failed to respond (30 secs, Status 0xd0)
May  9 14:14:54 mgerhard kernel: ata1: soft resetting port
May  9 14:14:54 mgerhard kernel: ata1: SATA link up 3.0 Gbps (SStatus 123 SControl 300)
May  9 14:14:54 mgerhard kernel: ata1.00: configured for UDMA/100
May  9 14:14:54 mgerhard kernel: ata1: EH complete
May  9 14:14:54 mgerhard kernel: SCSI device sda: 488397168 512-byte hdwr sectors (250059 MB)
May  9 14:14:54 mgerhard kernel: sda: Write Protect is off
May  9 14:14:54 mgerhard kernel: sda: Mode Sense: 00 3a 00 00
May  9 14:14:54 mgerhard kernel: SCSI device sda: write cache: enabled, read cache: enabled, doesn't support DPO or FUA
May  9 14:14:59 mgerhard kernel: ata1.00: exception Emask 0x0 SAct 0x0 SErr 0x400000 action 0x2
May  9 14:14:59 mgerhard kernel: ata1.00: (BMDMA stat 0x25)
May  9 14:14:59 mgerhard kernel: ata1.00: cmd 35/00:00:10:69:3b/00:04:08:00:00/e0 tag 0 cdb 0x0 data 524288 out
May  9 14:14:59 mgerhard kernel:          res 51/84:01:0f:6b:3b/84:02:08:00:00/e0 Emask 0x10 (ATA bus error)
May  9 14:15:00 mgerhard kernel: ata1: soft resetting port
May  9 14:15:00 mgerhard kernel: ata1: SATA link up 3.0 Gbps (SStatus 123 SControl 300)
May  9 14:15:00 mgerhard kernel: ata1.00: configured for UDMA/100
May  9 14:15:00 mgerhard kernel: ata1: EH complete
May  9 14:15:00 mgerhard kernel: ata1.00: limiting speed to UDMA/66:PIO4
May  9 14:15:00 mgerhard kernel: ata1.00: exception Emask 0x0 SAct 0x0 SErr 0x400000 action 0x2
May  9 14:15:00 mgerhard kernel: ata1.00: (BMDMA stat 0x25)
May  9 14:15:00 mgerhard kernel: ata1.00: cmd 35/00:00:10:69:3b/00:04:08:00:00/e0 tag 0 cdb 0x0 data 524288 out
May  9 14:15:00 mgerhard kernel:          res 51/84:10:00:6d:3b/84:00:08:00:00/e0 Emask 0x10 (ATA bus error)
May  9 14:15:00 mgerhard kernel: ata1: soft resetting port
May  9 14:15:00 mgerhard kernel: ata1: SATA link up 3.0 Gbps (SStatus 123 SControl 300)
May  9 14:15:00 mgerhard kernel: ata1.00: configured for UDMA/66
May  9 14:15:00 mgerhard kernel: ata1: EH complete
May  9 14:15:00 mgerhard kernel: ata1.00: exception Emask 0x0 SAct 0x0 SErr 0x400000 action 0x2
May  9 14:15:00 mgerhard kernel: ata1.00: (BMDMA stat 0x25)
May  9 14:15:00 mgerhard kernel: ata1.00: cmd 35/00:40:10:6d:3b/00:03:08:00:00/e0 tag 0 cdb 0x0 data 425984 out
May  9 14:15:00 mgerhard kernel:          res 51/84:d0:80:6e:3b/84:01:08:00:00/e0 Emask 0x10 (ATA bus error)
May  9 14:15:01 mgerhard kernel: ata1: soft resetting port
May  9 14:15:01 mgerhard kernel: ata1: SATA link up 3.0 Gbps (SStatus 123 SControl 300)
May  9 14:15:01 mgerhard kernel: ata1.00: configured for UDMA/66
May  9 14:15:01 mgerhard kernel: ata1: EH complete
May  9 14:15:01 mgerhard kernel: SCSI device sda: 488397168 512-byte hdwr sectors (250059 MB)
May  9 14:15:01 mgerhard kernel: sda: Write Protect is off
May  9 14:15:01 mgerhard kernel: sda: Mode Sense: 00 3a 00 00
May  9 14:15:01 mgerhard kernel: ata1.00: exception Emask 0x0 SAct 0x0 SErr 0x400000 action 0x2
May  9 14:15:01 mgerhard kernel: ata1.00: (BMDMA stat 0x25)
May  9 14:15:01 mgerhard kernel: ata1.00: cmd 35/00:00:18:db:41/00:04:06:00:00/e0 tag 0 cdb 0x0 data 524288 out
May  9 14:15:01 mgerhard kernel:          res 51/84:61:b7:dd:41/84:01:06:00:00/e0 Emask 0x10 (ATA bus error)
May  9 14:15:01 mgerhard kernel: ata1: soft resetting port
May  9 14:15:01 mgerhard kernel: ata1: SATA link up 3.0 Gbps (SStatus 123 SControl 300)
May  9 14:15:01 mgerhard kernel: ata1.00: configured for UDMA/66
May  9 14:15:01 mgerhard kernel: ata1: EH complete
May  9 14:15:31 mgerhard kernel: ata1.00: exception Emask 0x0 SAct 0x0 SErr 0x1800000 action 0x2 frozen
May  9 14:15:31 mgerhard kernel: ata1.00: cmd 35/00:00:18:db:41/00:04:06:00:00/e0 tag 0 cdb 0x0 data 524288 out
May  9 14:15:31 mgerhard kernel:          res 40/00:61:b7:dd:41/84:01:06:00:00/e0 Emask 0x4 (timeout)
May  9 14:15:38 mgerhard kernel: ata1: port is slow to respond, please be patient (Status 0xd0)
May  9 14:16:01 mgerhard kernel: ata1: port failed to respond (30 secs, Status 0xd0)
May  9 14:16:01 mgerhard kernel: ata1: soft resetting port
May  9 14:16:02 mgerhard kernel: ata1: SATA link up 3.0 Gbps (SStatus 123 SControl 300)
May  9 14:16:02 mgerhard kernel: ata1.00: configured for UDMA/66
May  9 14:16:02 mgerhard kernel: ata1: EH complete
May  9 14:16:02 mgerhard kernel: SCSI device sda: write cache: enabled, read cache: enabled, doesn't support DPO or FUA
May  9 14:16:02 mgerhard kernel: SCSI device sda: 488397168 512-byte hdwr sectors (250059 MB)
May  9 14:16:02 mgerhard kernel: sda: Write Protect is off
May  9 14:16:02 mgerhard kernel: sda: Mode Sense: 00 3a 00 00
May  9 14:16:02 mgerhard kernel: SCSI device sda: write cache: enabled, read cache: enabled, doesn't support DPO or FUA
May  9 14:33:27 mgerhard kernel: ata1.00: exception Emask 0x0 SAct 0x0 SErr 0x400000 action 0x2
May  9 14:33:27 mgerhard kernel: ata1.00: (BMDMA stat 0x25)
May  9 14:33:27 mgerhard kernel: ata1.00: cmd 35/00:d8:10:e2:1f/00:03:0b:00:00/e0 tag 0 cdb 0x0 data 503808 out
May  9 14:33:27 mgerhard kernel:          res 51/84:78:70:e5:1f/84:00:0b:00:00/e0 Emask 0x10 (ATA bus error)
May  9 14:33:27 mgerhard kernel: ata1: soft resetting port
May  9 14:33:27 mgerhard kernel: ata1: SATA link up 3.0 Gbps (SStatus 123 SControl 300)
May  9 14:33:27 mgerhard kernel: ata1.00: configured for UDMA/66
May  9 14:33:27 mgerhard kernel: ata1: EH complete
May  9 14:33:27 mgerhard kernel: SCSI device sda: 488397168 512-byte hdwr sectors (250059 MB)
May  9 14:33:57 mgerhard kernel: ata1.00: exception Emask 0x0 SAct 0x0 SErr 0x1800000 action 0x2 frozen
May  9 14:33:57 mgerhard kernel: ata1.00: cmd 35/00:00:18:17:69/00:04:03:00:00/e0 tag 0 cdb 0x0 data 524288 out
May  9 14:33:57 mgerhard kernel:          res 40/00:78:70:e5:1f/84:00:0b:00:00/e0 Emask 0x4 (timeout)
May  9 14:34:05 mgerhard kernel: ata1: port is slow to respond, please be patient (Status 0xd0)
May  9 14:34:28 mgerhard kernel: ata1: port failed to respond (30 secs, Status 0xd0)
May  9 14:34:28 mgerhard kernel: ata1: soft resetting port
May  9 14:34:28 mgerhard kernel: ata1: SATA link up 3.0 Gbps (SStatus 123 SControl 300)
May  9 14:34:28 mgerhard kernel: ata1.00: configured for UDMA/66
May  9 14:34:28 mgerhard kernel: ata1: EH complete
May  9 14:34:28 mgerhard kernel: sda: Write Protect is off
May  9 14:34:28 mgerhard kernel: sda: Mode Sense: 00 3a 00 00
May  9 14:34:28 mgerhard kernel: SCSI device sda: write cache: enabled, read cache: enabled, doesn't support DPO or FUA
May  9 14:34:28 mgerhard kernel: SCSI device sda: 488397168 512-byte hdwr sectors (250059 MB)
May  9 14:34:28 mgerhard kernel: sda: Write Protect is off
May  9 14:34:28 mgerhard kernel: sda: Mode Sense: 00 3a 00 00
May  9 14:34:28 mgerhard kernel: SCSI device sda: write cache: enabled, read cache: enabled, doesn't support DPO or FUA
May  9 14:38:14 mgerhard kernel: ata1.00: exception Emask 0x0 SAct 0x0 SErr 0x400000 action 0x2
May  9 14:38:14 mgerhard kernel: ata1.00: (BMDMA stat 0x25)
May  9 14:38:14 mgerhard kernel: ata1.00: cmd 35/00:80:68:34:c8/00:03:09:00:00/e0 tag 0 cdb 0x0 data 458752 out
May  9 14:38:14 mgerhard kernel:          res 51/84:40:a8:37:c8/84:00:09:00:00/e0 Emask 0x10 (ATA bus error)
May  9 14:38:14 mgerhard kernel: ata1: soft resetting port
May  9 14:38:14 mgerhard kernel: ata1: SATA link up 3.0 Gbps (SStatus 123 SControl 300)
May  9 14:38:14 mgerhard kernel: ata1.00: configured for UDMA/66
May  9 14:38:14 mgerhard kernel: ata1: EH complete
May  9 14:38:44 mgerhard kernel: ata1.00: limiting speed to UDMA/33:PIO4
May  9 14:38:44 mgerhard kernel: ata1.00: exception Emask 0x0 SAct 0x0 SErr 0x1800000 action 0x2 frozen
May  9 14:38:44 mgerhard kernel: ata1.00: cmd 35/00:80:68:34:c8/00:03:09:00:00/e0 tag 0 cdb 0x0 data 458752 out
May  9 14:38:44 mgerhard kernel:          res 40/00:40:a8:37:c8/84:00:09:00:00/e0 Emask 0x4 (timeout)
May  9 14:38:52 mgerhard kernel: ata1: port is slow to respond, please be patient (Status 0xd0)
May  9 14:39:15 mgerhard kernel: ata1: port failed to respond (30 secs, Status 0xd0)
May  9 14:39:15 mgerhard kernel: ata1: soft resetting port
May  9 14:39:15 mgerhard kernel: ata1: SATA link up 3.0 Gbps (SStatus 123 SControl 300)
May  9 14:39:15 mgerhard kernel: ata1.00: configured for UDMA/33
May  9 14:39:15 mgerhard kernel: ata1: EH complete
May  9 14:39:15 mgerhard kernel: SCSI device sda: 488397168 512-byte hdwr sectors (250059 MB)
May  9 14:39:15 mgerhard kernel: sda: Write Protect is off
May  9 14:39:15 mgerhard kernel: sda: Mode Sense: 00 3a 00 00
May  9 14:39:15 mgerhard kernel: SCSI device sda: write cache: enabled, read cache: enabled, doesn't support DPO or FUA
May  9 14:39:15 mgerhard kernel: SCSI device sda: 488397168 512-byte hdwr sectors (250059 MB)
May  9 14:39:15 mgerhard kernel: sda: Write Protect is off
May  9 14:39:15 mgerhard kernel: sda: Mode Sense: 00 3a 00 00
May  9 14:39:15 mgerhard kernel: SCSI device sda: write cache: enabled, read cache: enabled, doesn't support DPO or FUA
May  9 14:39:50 mgerhard kernel: ata1.00: exception Emask 0x0 SAct 0x0 SErr 0x1800000 action 0x2 frozen
May  9 14:39:50 mgerhard kernel: ata1.00: cmd 35/00:00:a0:42:c8/00:04:09:00:00/e0 tag 0 cdb 0x0 data 524288 out
May  9 14:39:50 mgerhard kernel:          res 40/00:40:a8:37:c8/84:00:09:00:00/e0 Emask 0x4 (timeout)
May  9 14:43:07 mgerhard kernel: klogd 1.4.1#20, log source = /proc/kmsg started.
May  9 14:43:07 mgerhard kernel: Linux version 2.6.21.1 (root@mgerhard) (gcc version 4.1.2 20061115 (prerelease) (Debian 4.1.1-21)) #1 SMP PREEMPT Wed May 2 20:08:35 EDT 2007
May  9 14:43:07 mgerhard kernel: Command line: root=/dev/sda3 ro 
May  9 14:43:07 mgerhard kernel: BIOS-provided physical RAM map:
May  9 14:43:07 mgerhard kernel:  BIOS-e820: 0000000000000000 - 000000000009f000 (usable)
May  9 14:43:07 mgerhard kernel:  BIOS-e820: 000000000009f000 - 00000000000a0000 (reserved)
May  9 14:43:07 mgerhard kernel:  BIOS-e820: 00000000000f0000 - 0000000000100000 (reserved)
May  9 14:43:07 mgerhard kernel:  BIOS-e820: 0000000000100000 - 000000003def0000 (usable)
May  9 14:43:07 mgerhard kernel:  BIOS-e820: 000000003def0000 - 000000003def3000 (ACPI NVS)
May  9 14:43:07 mgerhard kernel:  BIOS-e820: 000000003def3000 - 000000003df00000 (ACPI data)
May  9 14:43:07 mgerhard kernel:  BIOS-e820: 000000003e000000 - 0000000040000000 (reserved)
May  9 14:43:07 mgerhard kernel:  BIOS-e820: 00000000e0000000 - 00000000f0000000 (reserved)
May  9 14:43:07 mgerhard kernel:  BIOS-e820: 00000000fec00000 - 0000000100000000 (reserved)
May  9 14:43:07 mgerhard kernel: Entering add_active_range(0, 0, 159) 0 entries of 256 used
May  9 14:43:07 mgerhard kernel: Entering add_active_range(0, 256, 253680) 1 entries of 256 used
May  9 14:43:07 mgerhard kernel: end_pfn_map = 1048576
May  9 14:43:07 mgerhard kernel: DMI 2.4 present.
May  9 14:43:07 mgerhard kernel: ACPI: RSDP 000F7560, 0024 (r2 Nvidia)
May  9 14:43:07 mgerhard kernel: ACPI: XSDT 3DEF30C0, 004C (r1 Nvidia ASUSACPI 42302E31 AWRD        0)
May  9 14:43:07 mgerhard kernel: ACPI: FACP 3DEFB3C0, 00F4 (r3 Nvidia ASUSACPI 42302E31 AWRD        0)
May  9 14:43:07 mgerhard kernel: ACPI: DSDT 3DEF3240, 8102 (r1 NVIDIA ASUSACPI     1000 MSFT  100000E)
May  9 14:43:07 mgerhard kernel: ACPI: FACS 3DEF0000, 0040
May  9 14:43:07 mgerhard kernel: ACPI: SSDT 3DEFB5C0, 0206 (r1 PTLTD  POWERNOW        1  LTP        1)
May  9 14:43:07 mgerhard kernel: ACPI: HPET 3DEFB840, 0038 (r1 Nvidia ASUSACPI 42302E31 AWRD       98)
May  9 14:43:07 mgerhard kernel: ACPI: MCFG 3DEFB8C0, 003C (r1 Nvidia ASUSACPI 42302E31 AWRD        0)
May  9 14:43:07 mgerhard kernel: ACPI: APIC 3DEFB500, 007C (r1 Nvidia ASUSACPI 42302E31 AWRD        0)
May  9 14:43:07 mgerhard kernel: Entering add_active_range(0, 0, 159) 0 entries of 256 used
May  9 14:43:07 mgerhard kernel: Entering add_active_range(0, 256, 253680) 1 entries of 256 used
May  9 14:43:07 mgerhard kernel: Zone PFN ranges:
May  9 14:43:07 mgerhard kernel:   DMA             0 ->     4096
May  9 14:43:07 mgerhard kernel:   DMA32        4096 ->  1048576
May  9 14:43:07 mgerhard kernel:   Normal    1048576 ->  1048576
May  9 14:43:07 mgerhard kernel: early_node_map[2] active PFN ranges
May  9 14:43:07 mgerhard kernel:     0:        0 ->      159
May  9 14:43:07 mgerhard kernel:     0:      256 ->   253680
May  9 14:43:07 mgerhard kernel: On node 0 totalpages: 253583
May  9 14:43:07 mgerhard kernel:   DMA zone: 56 pages used for memmap
May  9 14:43:07 mgerhard kernel:   DMA zone: 1799 pages reserved
May  9 14:43:07 mgerhard kernel:   DMA zone: 2144 pages, LIFO batch:0
May  9 14:43:07 mgerhard kernel:   DMA32 zone: 3412 pages used for memmap
May  9 14:43:07 mgerhard kernel:   DMA32 zone: 246172 pages, LIFO batch:31
May  9 14:43:07 mgerhard kernel:   Normal zone: 0 pages used for memmap
May  9 14:43:07 mgerhard kernel: ACPI: PM-Timer IO Port: 0x4008
May  9 14:43:07 mgerhard kernel: ACPI: Local APIC address 0xfee00000
May  9 14:43:07 mgerhard kernel: ACPI: LAPIC (acpi_id[0x00] lapic_id[0x00] enabled)
May  9 14:43:07 mgerhard kernel: Processor #0 (Bootup-CPU)
May  9 14:43:07 mgerhard kernel: ACPI: LAPIC (acpi_id[0x01] lapic_id[0x01] enabled)
May  9 14:43:07 mgerhard kernel: Processor #1
May  9 14:43:07 mgerhard kernel: ACPI: LAPIC_NMI (acpi_id[0x00] high edge lint[0x1])
May  9 14:43:07 mgerhard kernel: ACPI: LAPIC_NMI (acpi_id[0x01] high edge lint[0x1])
May  9 14:43:07 mgerhard kernel: ACPI: IOAPIC (id[0x02] address[0xfec00000] gsi_base[0])
May  9 14:43:07 mgerhard kernel: IOAPIC[0]: apic_id 2, address 0xfec00000, GSI 0-23
May  9 14:43:07 mgerhard kernel: ACPI: INT_SRC_OVR (bus 0 bus_irq 0 global_irq 2 dfl dfl)
May  9 14:43:07 mgerhard kernel: ACPI: INT_SRC_OVR (bus 0 bus_irq 9 global_irq 9 high level)
May  9 14:43:07 mgerhard kernel: ACPI: INT_SRC_OVR (bus 0 bus_irq 14 global_irq 14 high edge)
May  9 14:43:07 mgerhard kernel: ACPI: INT_SRC_OVR (bus 0 bus_irq 15 global_irq 15 high edge)
May  9 14:43:07 mgerhard kernel: ACPI: IRQ0 used by override.
May  9 14:43:07 mgerhard kernel: ACPI: IRQ2 used by override.
May  9 14:43:07 mgerhard kernel: ACPI: IRQ9 used by override.
May  9 14:43:07 mgerhard kernel: ACPI: IRQ14 used by override.
May  9 14:43:07 mgerhard kernel: ACPI: IRQ15 used by override.
May  9 14:43:07 mgerhard kernel: Setting APIC routing to flat
May  9 14:43:07 mgerhard kernel: ACPI: HPET id: 0x10de8201 base: 0xfefff000
May  9 14:43:07 mgerhard kernel: Using ACPI (MADT) for SMP configuration information
May  9 14:43:07 mgerhard kernel: Nosave address range: 000000000009f000 - 00000000000a0000
May  9 14:43:07 mgerhard kernel: Nosave address range: 00000000000a0000 - 00000000000f0000
May  9 14:43:07 mgerhard kernel: Nosave address range: 00000000000f0000 - 0000000000100000
May  9 14:43:07 mgerhard kernel: Allocating PCI resources starting at 50000000 (gap: 40000000:a0000000)
May  9 14:43:07 mgerhard kernel: PERCPU: Allocating 33600 bytes of per cpu data
May  9 14:43:07 mgerhard kernel: Built 1 zonelists.  Total pages: 248316
May  9 14:43:07 mgerhard kernel: Kernel command line: root=/dev/sda3 ro 
May  9 14:43:07 mgerhard kernel: Initializing CPU#0
May  9 14:43:07 mgerhard kernel: PID hash table entries: 4096 (order: 12, 32768 bytes)
May  9 14:43:07 mgerhard kernel: Extended CMOS year: 2000
May  9 14:43:07 mgerhard kernel: time.c: Detected 2204.598 MHz processor.
May  9 14:43:07 mgerhard kernel: Console: colour VGA+ 80x25
May  9 14:43:07 mgerhard kernel: Dentry cache hash table entries: 131072 (order: 8, 1048576 bytes)
May  9 14:43:07 mgerhard kernel: Inode-cache hash table entries: 65536 (order: 7, 524288 bytes)
May  9 14:43:07 mgerhard kernel: Checking aperture...
May  9 14:43:07 mgerhard kernel: CPU 0: aperture @ f29c000000 size 32 MB
May  9 14:43:07 mgerhard kernel: Aperture too small (32 MB)
May  9 14:43:07 mgerhard kernel: No AGP bridge found
May  9 14:43:07 mgerhard kernel: Memory: 991332k/1014720k available (3881k kernel code, 22760k reserved, 2458k data, 256k init)
May  9 14:43:07 mgerhard kernel: Calibrating delay using timer specific routine.. 4412.07 BogoMIPS (lpj=2206035)
May  9 14:43:07 mgerhard kernel: Security Framework v1.0.0 initialized
May  9 14:43:07 mgerhard kernel: Capability LSM initialized
May  9 14:43:07 mgerhard kernel: Failure registering Root Plug module with the kernel
May  9 14:43:07 mgerhard kernel: Failure registering Root Plug  module with primary security module.
May  9 14:43:07 mgerhard kernel: Mount-cache hash table entries: 256
May  9 14:43:07 mgerhard kernel: CPU: L1 I Cache: 64K (64 bytes/line), D cache 64K (64 bytes/line)
May  9 14:43:07 mgerhard kernel: CPU: L2 Cache: 512K (64 bytes/line)
May  9 14:43:07 mgerhard kernel: CPU: Physical Processor ID: 0
May  9 14:43:07 mgerhard kernel: CPU: Processor Core ID: 0
May  9 14:43:07 mgerhard kernel: Freeing SMP alternatives: 36k freed
May  9 14:43:07 mgerhard kernel: ACPI: Core revision 20070126
May  9 14:43:07 mgerhard kernel: Using local APIC timer interrupts.
May  9 14:43:07 mgerhard kernel: result 12526124
May  9 14:43:07 mgerhard kernel: Detected 12.526 MHz APIC timer.
May  9 14:43:07 mgerhard kernel: Booting processor 1/2 APIC 0x1
May  9 14:43:07 mgerhard kernel: Initializing CPU#1
May  9 14:43:07 mgerhard kernel: Calibrating delay using timer specific routine.. 4409.16 BogoMIPS (lpj=2204584)
May  9 14:43:07 mgerhard kernel: CPU: L1 I Cache: 64K (64 bytes/line), D cache 64K (64 bytes/line)
May  9 14:43:07 mgerhard kernel: CPU: L2 Cache: 512K (64 bytes/line)
May  9 14:43:07 mgerhard kernel: CPU: Physical Processor ID: 0
May  9 14:43:07 mgerhard kernel: CPU: Processor Core ID: 1
May  9 14:43:07 mgerhard kernel: AMD Athlon(tm) 64 X2 Dual Core Processor 4200+ stepping 02
May  9 14:43:07 mgerhard kernel: Brought up 2 CPUs
May  9 14:43:07 mgerhard kernel: migration_cost=370
May  9 14:43:07 mgerhard kernel: NET: Registered protocol family 16
May  9 14:43:07 mgerhard kernel: ACPI: bus type pci registered
May  9 14:43:07 mgerhard kernel: PCI: Using MMCONFIG at e0000000 - efffffff
May  9 14:43:07 mgerhard kernel: PCI: No mmconfig possible on device 00:18
May  9 14:43:07 mgerhard kernel: ACPI: Interpreter enabled
May  9 14:43:07 mgerhard kernel: ACPI: Using IOAPIC for interrupt routing
May  9 14:43:07 mgerhard kernel: ACPI: PCI Root Bridge [PCI0] (0000:00)
May  9 14:43:07 mgerhard kernel: PCI: Probing PCI hardware (bus 00)
May  9 14:43:07 mgerhard kernel: Boot video device is 0000:00:05.0
May  9 14:43:07 mgerhard kernel: PCI: Transparent bridge - 0000:00:10.0
May  9 14:43:07 mgerhard kernel: ACPI: PCI Interrupt Routing Table [\_SB_.PCI0._PRT]
May  9 14:43:07 mgerhard kernel: ACPI: PCI Interrupt Routing Table [\_SB_.PCI0.HUB0._PRT]
May  9 14:43:07 mgerhard kernel: ACPI: PCI Interrupt Link [LNK1] (IRQs 5 7 9 10 11 14 15) *0, disabled.
May  9 14:43:07 mgerhard kernel: ACPI: PCI Interrupt Link [LNK2] (IRQs 5 7 9 10 11 14 15) *0, disabled.
May  9 14:43:07 mgerhard kernel: ACPI: PCI Interrupt Link [LNK3] (IRQs 5 7 9 10 11 14 15) *0, disabled.
May  9 14:43:07 mgerhard kernel: ACPI: PCI Interrupt Link [LNK4] (IRQs 5 7 9 10 11 14 15) *0, disabled.
May  9 14:43:07 mgerhard kernel: ACPI: PCI Interrupt Link [LNK5] (IRQs 5 7 9 10 11 14 15) *0, disabled.
May  9 14:43:07 mgerhard kernel: ACPI: PCI Interrupt Link [LNK6] (IRQs 5 7 9 10 11 14 15) *0, disabled.
May  9 14:43:07 mgerhard kernel: ACPI: PCI Interrupt Link [LNK7] (IRQs *5 7 9 10 11 14 15)
May  9 14:43:07 mgerhard kernel: ACPI: PCI Interrupt Link [LNK8] (IRQs 5 7 9 10 11 14 15) *0, disabled.
May  9 14:43:07 mgerhard kernel: ACPI: PCI Interrupt Link [LUBA] (IRQs 5 7 9 10 11 14 15) *0, disabled.
May  9 14:43:07 mgerhard kernel: ACPI: PCI Interrupt Link [LUBB] (IRQs 5 7 9 10 11 14 15) *0, disabled.
May  9 14:43:07 mgerhard kernel: ACPI: PCI Interrupt Link [LMAC] (IRQs 5 7 9 10 *11 14 15)
May  9 14:43:07 mgerhard kernel: ACPI: PCI Interrupt Link [LACI] (IRQs 5 7 9 10 11 14 15) *0, disabled.
May  9 14:43:07 mgerhard kernel: ACPI: PCI Interrupt Link [LAZA] (IRQs 5 *7 9 10 11 14 15)
May  9 14:43:07 mgerhard kernel: ACPI: PCI Interrupt Link [LPMU] (IRQs 5 7 9 10 11 14 15) *0, disabled.
May  9 14:43:07 mgerhard kernel: ACPI: PCI Interrupt Link [LMCI] (IRQs 5 7 9 10 11 14 15) *0, disabled.
May  9 14:43:07 mgerhard kernel: ACPI: PCI Interrupt Link [LSMB] (IRQs 5 7 9 10 11 14 15) *0, disabled.
May  9 14:43:07 mgerhard kernel: ACPI: PCI Interrupt Link [LUB2] (IRQs 5 7 9 10 11 14 15) *0, disabled.
May  9 14:43:07 mgerhard kernel: ACPI: PCI Interrupt Link [LIDE] (IRQs 5 7 9 10 11 14 15) *0, disabled.
May  9 14:43:07 mgerhard kernel: ACPI: PCI Interrupt Link [LSID] (IRQs *5 7 9 10 11 14 15)
May  9 14:43:07 mgerhard kernel: ACPI: PCI Interrupt Link [LFID] (IRQs 5 7 9 10 *11 14 15)
May  9 14:43:07 mgerhard kernel: ACPI: PCI Interrupt Link [APC1] (IRQs 16) *0, disabled.
May  9 14:43:07 mgerhard kernel: ACPI: PCI Interrupt Link [APC2] (IRQs 17) *0, disabled.
May  9 14:43:07 mgerhard kernel: ACPI: PCI Interrupt Link [APC3] (IRQs 18) *0, disabled.
May  9 14:43:07 mgerhard kernel: ACPI: PCI Interrupt Link [APC4] (IRQs 19) *0, disabled.
May  9 14:43:07 mgerhard kernel: ACPI: PCI Interrupt Link [APC5] (IRQs 16) *0, disabled.
May  9 14:43:07 mgerhard kernel: ACPI: PCI Interrupt Link [APC6] (IRQs 16) *0, disabled.
May  9 14:43:07 mgerhard kernel: ACPI: PCI Interrupt Link [APC7] (IRQs 16) *0
May  9 14:43:07 mgerhard kernel: ACPI: PCI Interrupt Link [APC8] (IRQs 16) *0, disabled.
May  9 14:43:07 mgerhard kernel: ACPI: PCI Interrupt Link [APCF] (IRQs 20 21 22 23) *0, disabled.
May  9 14:43:07 mgerhard kernel: ACPI: PCI Interrupt Link [APCG] (IRQs 20 21 22 23) *0, disabled.
May  9 14:43:07 mgerhard kernel: ACPI: PCI Interrupt Link [APCH] (IRQs 20 21 22 23) *0
May  9 14:43:07 mgerhard kernel: ACPI: PCI Interrupt Link [APCJ] (IRQs 20 21 22 23) *0, disabled.
May  9 14:43:07 mgerhard kernel: ACPI: PCI Interrupt Link [APMU] (IRQs 20 21 22 23) *0, disabled.
May  9 14:43:07 mgerhard kernel: ACPI: PCI Interrupt Link [AAZA] (IRQs 20 21 22 23) *0
May  9 14:43:07 mgerhard kernel: ACPI: PCI Interrupt Link [APCK] (IRQs 20 21 22 23) *0, disabled.
May  9 14:43:07 mgerhard kernel: ACPI: PCI Interrupt Link [APCS] (IRQs 20 21 22 23) *0, disabled.
May  9 14:43:07 mgerhard kernel: ACPI: PCI Interrupt Link [APCL] (IRQs 20 21 22 23) *0, disabled.
May  9 14:43:07 mgerhard kernel: ACPI: PCI Interrupt Link [APCM] (IRQs 20 21 22 23) *0, disabled.
May  9 14:43:07 mgerhard kernel: ACPI: PCI Interrupt Link [APCZ] (IRQs 20 21 22 23) *0, disabled.
May  9 14:43:07 mgerhard kernel: ACPI: PCI Interrupt Link [APSI] (IRQs 20 21 22 23) *0
May  9 14:43:07 mgerhard kernel: ACPI: PCI Interrupt Link [APSJ] (IRQs 20 21 22 23) *0
May  9 14:43:07 mgerhard kernel: Linux Plug and Play Support v0.97 (c) Adam Belay
May  9 14:43:07 mgerhard kernel: pnp: PnP ACPI init
May  9 14:43:07 mgerhard kernel: pnp: PnP ACPI: found 12 devices
May  9 14:43:07 mgerhard kernel: SCSI subsystem initialized
May  9 14:43:07 mgerhard kernel: libata version 2.20 loaded.
May  9 14:43:07 mgerhard kernel: usbcore: registered new interface driver usbfs
May  9 14:43:07 mgerhard kernel: usbcore: registered new interface driver hub
May  9 14:43:07 mgerhard kernel: usbcore: registered new device driver usb
May  9 14:43:07 mgerhard kernel: PCI: Using ACPI for IRQ routing
May  9 14:43:07 mgerhard kernel: PCI: If a device doesn't work, try "pci=routeirq".  If it helps, post a report
May  9 14:43:07 mgerhard kernel: NetLabel: Initializing
May  9 14:43:07 mgerhard kernel: NetLabel:  domain hash size = 128
May  9 14:43:07 mgerhard kernel: NetLabel:  protocols = UNLABELED CIPSOv4
May  9 14:43:07 mgerhard kernel: NetLabel:  unlabeled traffic allowed by default
May  9 14:43:07 mgerhard kernel: hpet0: at MMIO 0xfefff000, IRQs 2, 8, 31
May  9 14:43:07 mgerhard kernel: hpet0: 3 32-bit timers, 25000000 Hz
May  9 14:43:07 mgerhard kernel: pnp: 00:01: ioport range 0x4000-0x407f has been reserved
May  9 14:43:07 mgerhard kernel: pnp: 00:01: ioport range 0x4080-0x40ff has been reserved
May  9 14:43:07 mgerhard kernel: pnp: 00:01: ioport range 0x4400-0x447f has been reserved
May  9 14:43:07 mgerhard kernel: pnp: 00:01: ioport range 0x4480-0x44ff has been reserved
May  9 14:43:07 mgerhard kernel: pnp: 00:01: ioport range 0x4800-0x487f has been reserved
May  9 14:43:07 mgerhard kernel: pnp: 00:01: ioport range 0x4880-0x48ff has been reserved
May  9 14:43:07 mgerhard kernel: pnp: 00:01: ioport range 0x2000-0x207f has been reserved
May  9 14:43:07 mgerhard kernel: pnp: 00:01: ioport range 0x2080-0x20ff has been reserved
May  9 14:43:07 mgerhard kernel: pnp: 00:01: iomem range 0x3e000000-0x3fffffff could not be reserved
May  9 14:43:07 mgerhard kernel: pnp: 00:0a: iomem range 0xe0000000-0xefffffff could not be reserved
May  9 14:43:07 mgerhard kernel: pnp: 00:0b: iomem range 0xcec00-0xcffff has been reserved
May  9 14:43:07 mgerhard kernel: pnp: 00:0b: iomem range 0xf0000-0xf7fff could not be reserved
May  9 14:43:07 mgerhard kernel: pnp: 00:0b: iomem range 0xf8000-0xfbfff could not be reserved
May  9 14:43:07 mgerhard kernel: pnp: 00:0b: iomem range 0xfc000-0xfffff could not be reserved
May  9 14:43:07 mgerhard kernel: Time: hpet clocksource has been installed.
May  9 14:43:07 mgerhard kernel: ACPI: PCI Interrupt Link [APC4] enabled at IRQ 19
May  9 14:43:07 mgerhard kernel: ACPI: PCI Interrupt 0000:04:05.0[A] -> Link [APC4] -> GSI 19 (level, low) -> IRQ 19
May  9 14:43:07 mgerhard kernel: ohci1394: fw-host0: OHCI-1394 1.1 (PCI): IRQ=[19]  MMIO=[fdbff000-fdbff7ff]  Max Packet=[2048]  IR/IT contexts=[4/8]
May  9 14:43:07 mgerhard kernel: PCI: Bridge: 0000:00:02.0
May  9 14:43:07 mgerhard kernel:   IO window: a000-afff
May  9 14:43:07 mgerhard kernel:   MEM window: fd800000-fd8fffff
May  9 14:43:07 mgerhard kernel:   PREFETCH window: fd700000-fd7fffff
May  9 14:43:07 mgerhard kernel: PCI: Bridge: 0000:00:03.0
May  9 14:43:07 mgerhard kernel:   IO window: 8000-8fff
May  9 14:43:07 mgerhard kernel:   MEM window: fde00000-fdefffff
May  9 14:43:07 mgerhard kernel:   PREFETCH window: fdd00000-fddfffff
May  9 14:43:07 mgerhard kernel: PCI: Bridge: 0000:00:04.0
May  9 14:43:07 mgerhard kernel:   IO window: b000-bfff
May  9 14:43:07 mgerhard kernel:   MEM window: fdc00000-fdcfffff
May  9 14:43:07 mgerhard kernel:   PREFETCH window: fd900000-fd9fffff
May  9 14:43:07 mgerhard kernel: PCI: Bridge: 0000:00:10.0
May  9 14:43:07 mgerhard kernel:   IO window: 9000-9fff
May  9 14:43:07 mgerhard kernel:   MEM window: fdb00000-fdbfffff
May  9 14:43:07 mgerhard kernel:   PREFETCH window: fda00000-fdafffff
May  9 14:43:07 mgerhard kernel: PCI: Setting latency timer of device 0000:00:02.0 to 64
May  9 14:43:07 mgerhard kernel: PCI: Setting latency timer of device 0000:00:03.0 to 64
May  9 14:43:07 mgerhard kernel: PCI: Setting latency timer of device 0000:00:04.0 to 64
May  9 14:43:07 mgerhard kernel: PCI: Setting latency timer of device 0000:00:10.0 to 64
May  9 14:43:07 mgerhard kernel: NET: Registered protocol family 2
May  9 14:43:07 mgerhard kernel: IP route cache hash table entries: 32768 (order: 6, 262144 bytes)
May  9 14:43:07 mgerhard kernel: TCP established hash table entries: 131072 (order: 9, 3145728 bytes)
May  9 14:43:07 mgerhard kernel: TCP bind hash table entries: 65536 (order: 8, 1048576 bytes)
May  9 14:43:07 mgerhard kernel: TCP: Hash tables configured (established 131072 bind 65536)
May  9 14:43:07 mgerhard kernel: TCP reno registered
May  9 14:43:07 mgerhard kernel: VFS: Disk quotas dquot_6.5.1
May  9 14:43:07 mgerhard kernel: Dquot-cache hash table entries: 512 (order 0, 4096 bytes)
May  9 14:43:07 mgerhard kernel: fuse init (API version 7.8)
May  9 14:43:07 mgerhard kernel: io scheduler noop registered
May  9 14:43:07 mgerhard kernel: io scheduler anticipatory registered (default)
May  9 14:43:07 mgerhard kernel: io scheduler deadline registered
May  9 14:43:07 mgerhard kernel: io scheduler cfq registered
May  9 14:43:07 mgerhard kernel: PCI: Setting latency timer of device 0000:00:02.0 to 64
May  9 14:43:07 mgerhard kernel: assign_interrupt_mode Found MSI capability
May  9 14:43:07 mgerhard kernel: Allocate Port Service[0000:00:02.0:pcie00]
May  9 14:43:07 mgerhard kernel: Allocate Port Service[0000:00:02.0:pcie03]
May  9 14:43:07 mgerhard kernel: PCI: Setting latency timer of device 0000:00:03.0 to 64
May  9 14:43:07 mgerhard kernel: assign_interrupt_mode Found MSI capability
May  9 14:43:07 mgerhard kernel: Allocate Port Service[0000:00:03.0:pcie00]
May  9 14:43:07 mgerhard kernel: Allocate Port Service[0000:00:03.0:pcie03]
May  9 14:43:07 mgerhard kernel: PCI: Setting latency timer of device 0000:00:04.0 to 64
May  9 14:43:07 mgerhard kernel: assign_interrupt_mode Found MSI capability
May  9 14:43:07 mgerhard kernel: Allocate Port Service[0000:00:04.0:pcie00]
May  9 14:43:07 mgerhard kernel: Allocate Port Service[0000:00:04.0:pcie03]
May  9 14:43:07 mgerhard kernel: input: Power Button (FF) as /class/input/input0
May  9 14:43:07 mgerhard kernel: ACPI: Power Button (FF) [PWRF]
May  9 14:43:07 mgerhard kernel: input: Power Button (CM) as /class/input/input1
May  9 14:43:07 mgerhard kernel: ACPI: Power Button (CM) [PWRB]
May  9 14:43:07 mgerhard kernel: ACPI: Fan [FAN] (on)
May  9 14:43:07 mgerhard kernel: ACPI: Thermal Zone [THRM] (40 C)
May  9 14:43:07 mgerhard kernel: Real Time Clock Driver v1.12ac
May  9 14:43:07 mgerhard kernel: hpet_resources: 0xfefff000 is busy
May  9 14:43:07 mgerhard kernel: Non-volatile memory driver v1.2
May  9 14:43:07 mgerhard kernel: Linux agpgart interface v0.102 (c) Dave Jones
May  9 14:43:07 mgerhard kernel: [drm] Initialized drm 1.1.0 20060810
May  9 14:43:07 mgerhard kernel: Hangcheck: starting hangcheck timer 0.9.0 (tick is 180 seconds, margin is 60 seconds).
May  9 14:43:07 mgerhard kernel: Hangcheck: Using get_cycles().
May  9 14:43:07 mgerhard kernel: Serial: 8250/16550 driver $Revision: 1.90 $ 2 ports, IRQ sharing enabled
May  9 14:43:07 mgerhard kernel: Floppy drive(s): fd0 is 1.44M
May  9 14:43:07 mgerhard kernel: FDC 0 is a post-1991 82077
May  9 14:43:07 mgerhard kernel: loop: loaded (max 8 devices)
May  9 14:43:07 mgerhard kernel: forcedeth.c: Reverse Engineered nForce ethernet driver. Version 0.60.
May  9 14:43:07 mgerhard kernel: ACPI: PCI Interrupt Link [APCH] enabled at IRQ 23
May  9 14:43:07 mgerhard kernel: ACPI: PCI Interrupt 0000:00:14.0[A] -> Link [APCH] -> GSI 23 (level, low) -> IRQ 23
May  9 14:43:07 mgerhard kernel: PCI: Setting latency timer of device 0000:00:14.0 to 64
May  9 14:43:07 mgerhard kernel: forcedeth: using HIGHDMA
May  9 14:43:07 mgerhard kernel: eth0: forcedeth.c: subsystem: 01043:816a bound to 0000:00:14.0
May  9 14:43:07 mgerhard kernel: PPP generic driver version 2.4.2
May  9 14:43:07 mgerhard kernel: NET: Registered protocol family 24
May  9 14:43:07 mgerhard kernel: Linux video capture interface: v2.00
May  9 14:43:07 mgerhard kernel: SCSI Media Changer driver v0.25 
May  9 14:43:07 mgerhard kernel: sata_nv 0000:00:0e.0: version 3.3
May  9 14:43:07 mgerhard kernel: ACPI: PCI Interrupt Link [APSI] enabled at IRQ 22
May  9 14:43:07 mgerhard kernel: ACPI: PCI Interrupt 0000:00:0e.0[A] -> Link [APSI] -> GSI 22 (level, low) -> IRQ 22
May  9 14:43:07 mgerhard kernel: PCI: Setting latency timer of device 0000:00:0e.0 to 64
May  9 14:43:07 mgerhard kernel: ata1: SATA max UDMA/133 cmd 0x00000000000109f0 ctl 0x0000000000010bf2 bmdma 0x000000000001e000 irq 22
May  9 14:43:07 mgerhard kernel: ata2: SATA max UDMA/133 cmd 0x0000000000010970 ctl 0x0000000000010b72 bmdma 0x000000000001e008 irq 22
May  9 14:43:07 mgerhard kernel: scsi0 : sata_nv
May  9 14:43:07 mgerhard kernel: ata1: SATA link up 3.0 Gbps (SStatus 123 SControl 300)
May  9 14:43:07 mgerhard kernel: ata1.00: ATA-7: WDC WD2500JS-60NCB1, 10.02E02, max UDMA/100
May  9 14:43:07 mgerhard kernel: ata1.00: 488397168 sectors, multi 1: LBA48 NCQ (depth 0/32)
May  9 14:43:07 mgerhard kernel: ata1.00: configured for UDMA/100
May  9 14:43:07 mgerhard kernel: scsi1 : sata_nv
May  9 14:43:07 mgerhard kernel: ieee1394: Host added: ID:BUS[0-00:1023]  GUID[0011d8000101f761]
May  9 14:43:07 mgerhard kernel: ata2: SATA link down (SStatus 0 SControl 300)
May  9 14:43:07 mgerhard kernel: ATA: abnormal status 0x7F on port 0x0000000000010977
May  9 14:43:07 mgerhard kernel: scsi 0:0:0:0: Direct-Access     ATA      WDC WD2500JS-60N 10.0 PQ: 0 ANSI: 5
May  9 14:43:07 mgerhard kernel: SCSI device sda: 488397168 512-byte hdwr sectors (250059 MB)
May  9 14:43:07 mgerhard kernel: sda: Write Protect is off
May  9 14:43:07 mgerhard kernel: sda: Mode Sense: 00 3a 00 00
May  9 14:43:07 mgerhard kernel: SCSI device sda: write cache: enabled, read cache: enabled, doesn't support DPO or FUA
May  9 14:43:07 mgerhard kernel: SCSI device sda: 488397168 512-byte hdwr sectors (250059 MB)
May  9 14:43:07 mgerhard kernel: sda: Write Protect is off
May  9 14:43:07 mgerhard kernel: sda: Mode Sense: 00 3a 00 00
May  9 14:43:07 mgerhard kernel: SCSI device sda: write cache: enabled, read cache: enabled, doesn't support DPO or FUA
May  9 14:43:07 mgerhard kernel:  sda: sda1 sda2 sda3
May  9 14:43:07 mgerhard kernel: sd 0:0:0:0: Attached scsi disk sda
May  9 14:43:07 mgerhard kernel: sd 0:0:0:0: Attached scsi generic sg0 type 0
May  9 14:43:07 mgerhard kernel: ACPI: PCI Interrupt Link [APSJ] enabled at IRQ 21
May  9 14:43:07 mgerhard kernel: ACPI: PCI Interrupt 0000:00:0f.0[A] -> Link [APSJ] -> GSI 21 (level, low) -> IRQ 21
May  9 14:43:07 mgerhard kernel: PCI: Setting latency timer of device 0000:00:0f.0 to 64
May  9 14:43:07 mgerhard kernel: ata3: SATA max UDMA/133 cmd 0x00000000000109e0 ctl 0x0000000000010be2 bmdma 0x000000000001cc00 irq 21
May  9 14:43:07 mgerhard kernel: ata4: SATA max UDMA/133 cmd 0x0000000000010960 ctl 0x0000000000010b62 bmdma 0x000000000001cc08 irq 21
May  9 14:43:07 mgerhard kernel: scsi2 : sata_nv
May  9 14:43:07 mgerhard kernel: ata3: SATA link down (SStatus 0 SControl 300)
May  9 14:43:07 mgerhard kernel: ATA: abnormal status 0x7F on port 0x00000000000109e7
May  9 14:43:07 mgerhard kernel: scsi3 : sata_nv
May  9 14:43:07 mgerhard kernel: ata4: SATA link down (SStatus 0 SControl 300)
May  9 14:43:07 mgerhard kernel: ATA: abnormal status 0x7F on port 0x0000000000010967
May  9 14:43:07 mgerhard kernel: pata_amd 0000:00:0d.0: version 0.2.8
May  9 14:43:07 mgerhard kernel: PCI: Setting latency timer of device 0000:00:0d.0 to 64
May  9 14:43:07 mgerhard kernel: ata5: PATA max UDMA/133 cmd 0x00000000000101f0 ctl 0x00000000000103f6 bmdma 0x000000000001f400 irq 14
May  9 14:43:07 mgerhard kernel: ata6: PATA max UDMA/133 cmd 0x0000000000010170 ctl 0x0000000000010376 bmdma 0x000000000001f408 irq 15
May  9 14:43:07 mgerhard kernel: scsi4 : pata_amd
May  9 14:43:07 mgerhard kernel: ata5.00: ATAPI, max UDMA/33
May  9 14:43:07 mgerhard kernel: ata5.00: configured for UDMA/33
May  9 14:43:07 mgerhard kernel: scsi5 : pata_amd
May  9 14:43:07 mgerhard kernel: ATA: abnormal status 0x7F on port 0x0000000000010177
May  9 14:43:07 mgerhard kernel: scsi 4:0:0:0: CD-ROM            HL-DT-ST DVDRAM GSA-4167B DL11 PQ: 0 ANSI: 5
May  9 14:43:07 mgerhard kernel: sr0: scsi3-mmc drive: 62x/62x writer dvd-ram cd/rw xa/form2 cdda tray
May  9 14:43:07 mgerhard kernel: Uniform CD-ROM driver Revision: 3.20
May  9 14:43:07 mgerhard kernel: sr 4:0:0:0: Attached scsi CD-ROM sr0
May  9 14:43:07 mgerhard kernel: sr 4:0:0:0: Attached scsi generic sg1 type 5
May  9 14:43:07 mgerhard kernel: video1394: Installed video1394 module
May  9 14:43:07 mgerhard kernel: ieee1394: raw1394: /dev/raw1394 device initialized
May  9 14:43:07 mgerhard kernel: ACPI: PCI Interrupt Link [APCL] enabled at IRQ 20
May  9 14:43:07 mgerhard kernel: ACPI: PCI Interrupt 0000:00:0b.1[B] -> Link [APCL] -> GSI 20 (level, low) -> IRQ 20
May  9 14:43:07 mgerhard kernel: PCI: Setting latency timer of device 0000:00:0b.1 to 64
May  9 14:43:07 mgerhard kernel: ehci_hcd 0000:00:0b.1: EHCI Host Controller
May  9 14:43:07 mgerhard kernel: ehci_hcd 0000:00:0b.1: new USB bus registered, assigned bus number 1
May  9 14:43:07 mgerhard kernel: ehci_hcd 0000:00:0b.1: debug port 1
May  9 14:43:07 mgerhard kernel: PCI: cache line size of 64 is not supported by device 0000:00:0b.1
May  9 14:43:07 mgerhard kernel: ehci_hcd 0000:00:0b.1: irq 20, io mem 0xfe02e000
May  9 14:43:07 mgerhard kernel: ehci_hcd 0000:00:0b.1: USB 2.0 started, EHCI 1.00, driver 10 Dec 2004
May  9 14:43:07 mgerhard kernel: usb usb1: configuration #1 chosen from 1 choice
May  9 14:43:07 mgerhard kernel: hub 1-0:1.0: USB hub found
May  9 14:43:07 mgerhard kernel: hub 1-0:1.0: 8 ports detected
May  9 14:43:07 mgerhard kernel: ohci_hcd: 2006 August 04 USB 1.1 'Open' Host Controller (OHCI) Driver
May  9 14:43:07 mgerhard kernel: ACPI: PCI Interrupt Link [APCF] enabled at IRQ 23
May  9 14:43:07 mgerhard kernel: ACPI: PCI Interrupt 0000:00:0b.0[A] -> Link [APCF] -> GSI 23 (level, low) -> IRQ 23
May  9 14:43:07 mgerhard kernel: PCI: Setting latency timer of device 0000:00:0b.0 to 64
May  9 14:43:07 mgerhard kernel: ohci_hcd 0000:00:0b.0: OHCI Host Controller
May  9 14:43:07 mgerhard kernel: ohci_hcd 0000:00:0b.0: new USB bus registered, assigned bus number 2
May  9 14:43:07 mgerhard kernel: ohci_hcd 0000:00:0b.0: irq 23, io mem 0xfe02f000
May  9 14:43:07 mgerhard kernel: usb usb2: configuration #1 chosen from 1 choice
May  9 14:43:07 mgerhard kernel: hub 2-0:1.0: USB hub found
May  9 14:43:07 mgerhard kernel: hub 2-0:1.0: 8 ports detected
May  9 14:43:07 mgerhard kernel: Initializing USB Mass Storage driver...
May  9 14:43:07 mgerhard kernel: usb 1-6: new high speed USB device using ehci_hcd and address 3
May  9 14:43:07 mgerhard kernel: usb 1-6: configuration #1 chosen from 1 choice
May  9 14:43:07 mgerhard kernel: usb 2-4: new low speed USB device using ohci_hcd and address 2
May  9 14:43:07 mgerhard kernel: usb 2-4: configuration #1 chosen from 1 choice
May  9 14:43:07 mgerhard kernel: scsi6 : SCSI emulation for USB Mass Storage devices
May  9 14:43:07 mgerhard kernel: usb-storage: device found at 3
May  9 14:43:07 mgerhard kernel: usb-storage: waiting for device to settle before scanning
May  9 14:43:07 mgerhard kernel: usbcore: registered new interface driver usb-storage
May  9 14:43:07 mgerhard kernel: USB Mass Storage support registered.
May  9 14:43:07 mgerhard kernel: usbcore: registered new interface driver hiddev
May  9 14:43:07 mgerhard kernel: input: Logitech USB-PS/2 Optical Mouse as /class/input/input2
May  9 14:43:07 mgerhard kernel: input: USB HID v1.10 Mouse [Logitech USB-PS/2 Optical Mouse] on usb-0000:00:0b.0-4
May  9 14:43:07 mgerhard kernel: usbcore: registered new interface driver usbhid
May  9 14:43:07 mgerhard kernel: drivers/usb/input/hid-core.c: v2.6:USB HID core driver
May  9 14:43:07 mgerhard kernel: usbcore: registered new interface driver catc
May  9 14:43:07 mgerhard kernel: drivers/usb/net/catc.c: v2.8 CATC EL1210A NetMate USB Ethernet driver
May  9 14:43:07 mgerhard kernel: usbcore: registered new interface driver kaweth
May  9 14:43:07 mgerhard kernel: pegasus: v0.6.14 (2006/09/27), Pegasus/Pegasus II USB Ethernet driver
May  9 14:43:07 mgerhard kernel: usbcore: registered new interface driver pegasus
May  9 14:43:07 mgerhard kernel: drivers/usb/net/rtl8150.c: rtl8150 based usb-ethernet driver v0.6.2 (2004/08/27)
May  9 14:43:07 mgerhard kernel: usbcore: registered new interface driver rtl8150
May  9 14:43:07 mgerhard kernel: usbcore: registered new interface driver asix
May  9 14:43:07 mgerhard kernel: usbcore: registered new interface driver cdc_ether
May  9 14:43:07 mgerhard kernel: usbcore: registered new interface driver net1080
May  9 14:43:07 mgerhard kernel: usbcore: registered new interface driver zaurus
May  9 14:43:07 mgerhard kernel: PNP: PS/2 Controller [PNP0303:PS2K] at 0x60,0x64 irq 1
May  9 14:43:07 mgerhard kernel: PNP: PS/2 controller doesn't have AUX irq; using default 12
May  9 14:43:07 mgerhard kernel: serio: i8042 KBD port at 0x60,0x64 irq 1
May  9 14:43:07 mgerhard kernel: mice: PS/2 mouse device common for all mice
May  9 14:43:07 mgerhard kernel: input: PC Speaker as /class/input/input3
May  9 14:43:07 mgerhard kernel: rtc_cmos 00:05: rtc core: registered rtc_cmos as rtc0
May  9 14:43:07 mgerhard kernel: rtc_cmos: probe of 00:05 failed with error -16
May  9 14:43:07 mgerhard kernel: i2c /dev entries driver
May  9 14:43:07 mgerhard kernel: i2c_adapter i2c-0: nForce2 SMBus adapter at 0x4c00
May  9 14:43:07 mgerhard kernel: i2c_adapter i2c-1: nForce2 SMBus adapter at 0x4c40
May  9 14:43:07 mgerhard kernel: input: AT Translated Set 2 keyboard as /class/input/input4
May  9 14:43:07 mgerhard kernel: it87: Found IT8716F chip at 0x290, revision 0
May  9 14:43:07 mgerhard kernel: it87: in3 is VCC (+5V)
May  9 14:43:07 mgerhard kernel: it87: in7 is VCCH (+5V Stand-By)
May  9 14:43:07 mgerhard kernel: it87-isa 9191-0290: Detected broken BIOS defaults, disabling PWM interface
May  9 14:43:07 mgerhard kernel: Advanced Linux Sound Architecture Driver Version 1.0.14rc3 (Wed Mar 14 07:25:50 2007 UTC).
May  9 14:43:07 mgerhard kernel: ACPI: PCI Interrupt Link [AAZA] enabled at IRQ 22
May  9 14:43:07 mgerhard kernel: ACPI: PCI Interrupt 0000:00:10.1[B] -> Link [AAZA] -> GSI 22 (level, low) -> IRQ 22
May  9 14:43:07 mgerhard kernel: PCI: Setting latency timer of device 0000:00:10.1 to 64
May  9 14:43:07 mgerhard kernel: ALSA device list:
May  9 14:43:07 mgerhard kernel:   #0: HDA NVidia at 0xfe024000 irq 22
May  9 14:43:07 mgerhard kernel: netem: version 1.2
May  9 14:43:07 mgerhard kernel: u32 classifier
May  9 14:43:07 mgerhard kernel:     Performance counters on
May  9 14:43:07 mgerhard kernel:     OLD policer on 
May  9 14:43:07 mgerhard kernel: nf_conntrack version 0.5.0 (3963 buckets, 31704 max)
May  9 14:43:07 mgerhard kernel: ip_tables: (C) 2000-2006 Netfilter Core Team
May  9 14:43:07 mgerhard kernel: ClusterIP Version 0.8 loaded successfully
May  9 14:43:07 mgerhard kernel: arp_tables: (C) 2002 David S. Miller
May  9 14:43:07 mgerhard kernel: TCP cubic registered
May  9 14:43:07 mgerhard kernel: Initializing XFRM netlink socket
May  9 14:43:07 mgerhard kernel: NET: Registered protocol family 1
May  9 14:43:07 mgerhard kernel: NET: Registered protocol family 10
May  9 14:43:07 mgerhard kernel: IPv6 over IPv4 tunneling driver
May  9 14:43:07 mgerhard kernel: NET: Registered protocol family 17
May  9 14:43:07 mgerhard kernel: NET: Registered protocol family 15
May  9 14:43:07 mgerhard kernel: powernow-k8: Found 2 AMD Athlon(tm) 64 X2 Dual Core Processor 4200+ processors (version 2.00.00)
May  9 14:43:07 mgerhard kernel: powernow-k8:    0 : fid 0xe (2200 MHz), vid 0x8
May  9 14:43:07 mgerhard kernel: powernow-k8:    1 : fid 0xc (2000 MHz), vid 0xa
May  9 14:43:07 mgerhard kernel: powernow-k8:    2 : fid 0xa (1800 MHz), vid 0xc
May  9 14:43:07 mgerhard kernel: powernow-k8:    3 : fid 0x2 (1000 MHz), vid 0x12
May  9 14:43:07 mgerhard kernel: drivers/rtc/hctosys.c: unable to open rtc device (rtc0)
May  9 14:43:07 mgerhard kernel: BIOS EDD facility v0.16 2004-Jun-25, 1 devices found
May  9 14:43:07 mgerhard kernel: ReiserFS: sda3: found reiserfs format "3.6" with standard journal
May  9 14:43:07 mgerhard kernel: ReiserFS: sda3: using ordered data mode
May  9 14:43:07 mgerhard kernel: ReiserFS: sda3: journal params: device sda3, size 8192, journal first block 18, max trans len 1024, max batch 900, max commit age 30, max trans age 30
May  9 14:43:07 mgerhard kernel: ReiserFS: sda3: checking transaction log (sda3)
May  9 14:43:07 mgerhard kernel: usb-storage: device scan complete
May  9 14:43:07 mgerhard kernel: scsi 6:0:0:0: Direct-Access     Generic  USB SD Reader    1.00 PQ: 0 ANSI: 0
May  9 14:43:07 mgerhard kernel: scsi 6:0:0:1: Direct-Access     Generic  USB CF Reader    1.01 PQ: 0 ANSI: 0
May  9 14:43:07 mgerhard kernel: scsi 6:0:0:2: Direct-Access     Generic  USB SM Reader    1.02 PQ: 0 ANSI: 0
May  9 14:43:07 mgerhard kernel: scsi 6:0:0:3: Direct-Access     Generic  USB MS Reader    1.03 PQ: 0 ANSI: 0
May  9 14:43:07 mgerhard kernel: sd 6:0:0:0: Attached scsi removable disk sdb
May  9 14:43:07 mgerhard kernel: sd 6:0:0:0: Attached scsi generic sg2 type 0
May  9 14:43:07 mgerhard kernel: sd 6:0:0:1: Attached scsi removable disk sdc
May  9 14:43:07 mgerhard kernel: sd 6:0:0:1: Attached scsi generic sg3 type 0
May  9 14:43:07 mgerhard kernel: sd 6:0:0:2: Attached scsi removable disk sdd
May  9 14:43:07 mgerhard kernel: sd 6:0:0:2: Attached scsi generic sg4 type 0
May  9 14:43:07 mgerhard kernel: sd 6:0:0:3: Attached scsi removable disk sde
May  9 14:43:07 mgerhard kernel: sd 6:0:0:3: Attached scsi generic sg5 type 0
May  9 14:43:07 mgerhard kernel: ReiserFS: sda3: replayed 422 transactions in 12 seconds
May  9 14:43:07 mgerhard kernel: ReiserFS: sda3: Using r5 hash to sort names
May  9 14:43:07 mgerhard kernel: VFS: Mounted root (reiserfs filesystem) readonly.
May  9 14:43:07 mgerhard kernel: Freeing unused kernel memory: 256k freed
May  9 14:43:07 mgerhard kernel: Adding 1004052k swap on /dev/sda2.  Priority:-1 extents:1 across:1004052k
May  9 14:43:07 mgerhard kernel: ReiserFS: sda3: Removing [100264 667528 0x0 SD]..done
May  9 14:43:07 mgerhard kernel: ReiserFS: sda3: Removing [100264 667523 0x0 SD]..done
May  9 14:43:07 mgerhard kernel: ReiserFS: sda3: Removing [100264 667509 0x0 SD]..done
May  9 14:43:07 mgerhard kernel: ReiserFS: sda3: Removing [100264 481967 0x0 SD]..done
May  9 14:43:07 mgerhard kernel: ReiserFS: sda3: Removing [68241 134111 0x0 SD]..done
May  9 14:43:07 mgerhard kernel: ReiserFS: sda3: Removing [342214 79436 0x0 SD]..done
May  9 14:43:07 mgerhard kernel: ReiserFS: sda3: Removing [68241 76140 0x0 SD]..done
May  9 14:43:07 mgerhard kernel: ReiserFS: sda3: There were 7 uncompleted unlinks/truncates. Completed
May  9 14:43:07 mgerhard kernel: ata1.00: exception Emask 0x0 SAct 0x0 SErr 0x400000 action 0x2
May  9 14:43:07 mgerhard kernel: ata1.00: (BMDMA stat 0x25)
May  9 14:43:07 mgerhard kernel: ata1.00: cmd 35/00:58:20:4d:23/00:01:00:00:00/e0 tag 0 cdb 0x0 data 176128 out
May  9 14:43:07 mgerhard kernel:          res 51/84:28:50:4d:23/84:01:00:00:00/e0 Emask 0x10 (ATA bus error)
May  9 14:43:07 mgerhard kernel: ata1: soft resetting port
May  9 14:43:07 mgerhard kernel: ata1: SATA link up 3.0 Gbps (SStatus 123 SControl 300)
May  9 14:43:07 mgerhard kernel: ata1.00: configured for UDMA/100
May  9 14:43:07 mgerhard kernel: ata1: EH complete
May  9 14:43:07 mgerhard kernel: SCSI device sda: 488397168 512-byte hdwr sectors (250059 MB)
May  9 14:43:07 mgerhard kernel: sda: Write Protect is off
May  9 14:43:07 mgerhard kernel: sda: Mode Sense: 00 3a 00 00
May  9 14:43:07 mgerhard kernel: SCSI device sda: write cache: enabled, read cache: enabled, doesn't support DPO or FUA
May  9 14:43:07 mgerhard kernel: ReiserFS: sda1: found reiserfs format "3.6" with standard journal
May  9 14:43:07 mgerhard kernel: ReiserFS: sda1: using ordered data mode
May  9 14:43:07 mgerhard kernel: ReiserFS: sda1: journal params: device sda1, size 8192, journal first block 18, max trans len 1024, max batch 900, max commit age 30, max trans age 30
May  9 14:43:07 mgerhard kernel: ReiserFS: sda1: checking transaction log (sda1)
May  9 14:43:07 mgerhard kernel: ReiserFS: sda1: Using r5 hash to sort names
May  9 14:43:07 mgerhard kernel: eth0: no IPv6 routers present
May  9 14:43:17 mgerhard kernel: nvidia: module license 'NVIDIA' taints kernel.
May  9 14:43:17 mgerhard kernel: ACPI: PCI Interrupt Link [APC7] enabled at IRQ 16
May  9 14:43:17 mgerhard kernel: ACPI: PCI Interrupt 0000:00:05.0[A] -> Link [APC7] -> GSI 16 (level, low) -> IRQ 16
May  9 14:43:17 mgerhard kernel: PCI: Setting latency timer of device 0000:00:05.0 to 64
May  9 14:43:17 mgerhard kernel: NVRM: loading NVIDIA UNIX x86_64 Kernel Module  1.0-9746  Fri Dec 15 10:19:35 PST 2006
May  9 14:44:37 mgerhard kernel: ata1.00: exception Emask 0x0 SAct 0x0 SErr 0x400000 action 0x2
May  9 14:44:37 mgerhard kernel: ata1.00: (BMDMA stat 0x25)
May  9 14:44:37 mgerhard kernel: ata1.00: cmd 35/00:00:b0:53:c8/00:04:09:00:00/e0 tag 0 cdb 0x0 data 524288 out
May  9 14:44:37 mgerhard kernel:          res 51/84:60:50:56:c8/84:01:09:00:00/e0 Emask 0x10 (ATA bus error)
May  9 14:44:37 mgerhard kernel: ata1: soft resetting port
May  9 14:44:37 mgerhard kernel: ata1: SATA link up 3.0 Gbps (SStatus 123 SControl 300)
May  9 14:44:37 mgerhard kernel: ata1.00: configured for UDMA/100
May  9 14:44:37 mgerhard kernel: ata1: EH complete
May  9 14:44:37 mgerhard kernel: SCSI device sda: 488397168 512-byte hdwr sectors (250059 MB)
May  9 14:44:37 mgerhard kernel: sda: Write Protect is off
May  9 14:44:37 mgerhard kernel: sda: Mode Sense: 00 3a 00 00
May  9 14:44:37 mgerhard kernel: SCSI device sda: write cache: enabled, read cache: enabled, doesn't support DPO or FUA
May  9 14:45:38 mgerhard kernel: ata1.00: exception Emask 0x0 SAct 0x0 SErr 0x400000 action 0x2 frozen
May  9 14:45:38 mgerhard kernel: ata1.00: cmd 35/00:98:b8:92:23/00:02:00:00:00/e0 tag 0 cdb 0x0 data 339968 out
May  9 14:45:38 mgerhard kernel:          res 40/00:60:50:56:c8/84:01:09:00:00/e0 Emask 0x4 (timeout)
May  9 14:45:38 mgerhard kernel: ata1: port is slow to respond, please be patient (Status 0xd0)
May  9 14:45:38 mgerhard kernel: ata1: port failed to respond (30 secs, Status 0xd0)
May  9 14:45:38 mgerhard kernel: ata1: soft resetting port
May  9 14:45:38 mgerhard kernel: ata1: SATA link up 3.0 Gbps (SStatus 123 SControl 300)
May  9 14:45:38 mgerhard kernel: ata1.00: configured for UDMA/100
May  9 14:45:38 mgerhard kernel: ata1: EH complete
May  9 14:45:38 mgerhard kernel: SCSI device sda: 488397168 512-byte hdwr sectors (250059 MB)
May  9 14:45:38 mgerhard kernel: sda: Write Protect is off
May  9 14:45:38 mgerhard kernel: sda: Mode Sense: 00 3a 00 00
May  9 14:45:38 mgerhard kernel: SCSI device sda: write cache: enabled, read cache: enabled, doesn't support DPO or FUA
May  9 14:47:43 mgerhard kernel: ata1.00: limiting speed to UDMA/66:PIO4
May  9 14:47:43 mgerhard kernel: ata1.00: exception Emask 0x0 SAct 0x0 SErr 0x400000 action 0x2
May  9 14:47:43 mgerhard kernel: ata1.00: (BMDMA stat 0x25)
May  9 14:47:43 mgerhard kernel: ata1.00: cmd 35/00:28:b8:99:1e/00:01:0b:00:00/e0 tag 0 cdb 0x0 data 151552 out
May  9 14:47:43 mgerhard kernel:          res 51/84:d8:08:9a:1e/84:00:0b:00:00/e0 Emask 0x10 (ATA bus error)
May  9 14:47:44 mgerhard kernel: ata1: soft resetting port
May  9 14:47:44 mgerhard kernel: ata1: SATA link up 3.0 Gbps (SStatus 123 SControl 300)
May  9 14:47:44 mgerhard kernel: ata1.00: configured for UDMA/66
May  9 14:47:44 mgerhard kernel: ata1: EH complete
May  9 14:47:44 mgerhard kernel: SCSI device sda: 488397168 512-byte hdwr sectors (250059 MB)
May  9 14:47:44 mgerhard kernel: sda: Write Protect is off
May  9 14:47:44 mgerhard kernel: sda: Mode Sense: 00 3a 00 00
May  9 14:47:44 mgerhard kernel: SCSI device sda: write cache: enabled, read cache: enabled, doesn't support DPO or FUA
May  9 14:47:44 mgerhard kernel: ata1.00: exception Emask 0x0 SAct 0x0 SErr 0x400000 action 0x2
May  9 14:47:44 mgerhard kernel: ata1.00: (BMDMA stat 0x25)
May  9 14:47:44 mgerhard kernel: ata1.00: cmd 35/00:00:d8:39:c8/00:04:09:00:00/e0 tag 0 cdb 0x0 data 524288 out
May  9 14:47:44 mgerhard kernel:          res 51/84:30:a8:3b:c8/84:02:09:00:00/e0 Emask 0x10 (ATA bus error)
May  9 14:47:44 mgerhard kernel: ata1: soft resetting port
May  9 14:47:44 mgerhard kernel: ata1: SATA link up 3.0 Gbps (SStatus 123 SControl 300)
May  9 14:47:44 mgerhard kernel: ata1.00: configured for UDMA/66
May  9 14:47:44 mgerhard kernel: ata1: EH complete
May  9 14:47:44 mgerhard kernel: ata1.00: exception Emask 0x0 SAct 0x0 SErr 0x400000 action 0x2
May  9 14:47:44 mgerhard kernel: ata1.00: (BMDMA stat 0x25)
May  9 14:47:44 mgerhard kernel: ata1.00: cmd 35/00:00:d8:3d:c8/00:04:09:00:00/e0 tag 0 cdb 0x0 data 524288 out
May  9 14:47:44 mgerhard kernel:          res 51/84:20:b8:3e:c8/84:03:09:00:00/e0 Emask 0x10 (ATA bus error)
May  9 14:47:44 mgerhard kernel: ata1: soft resetting port
May  9 14:47:45 mgerhard kernel: ata1: SATA link up 3.0 Gbps (SStatus 123 SControl 300)
May  9 14:47:45 mgerhard kernel: ata1.00: configured for UDMA/66
May  9 14:47:45 mgerhard kernel: ata1: EH complete
May  9 14:47:45 mgerhard kernel: SCSI device sda: 488397168 512-byte hdwr sectors (250059 MB)
May  9 14:47:45 mgerhard kernel: sda: Write Protect is off
May  9 14:47:45 mgerhard kernel: sda: Mode Sense: 00 3a 00 00
May  9 14:47:45 mgerhard kernel: SCSI device sda: write cache: enabled, read cache: enabled, doesn't support DPO or FUA
May  9 14:47:45 mgerhard kernel: SCSI device sda: 488397168 512-byte hdwr sectors (250059 MB)
May  9 14:47:45 mgerhard kernel: sda: Write Protect is off
May  9 14:47:45 mgerhard kernel: sda: Mode Sense: 00 3a 00 00
May  9 14:47:45 mgerhard kernel: SCSI device sda: write cache: enabled, read cache: enabled, doesn't support DPO or FUA
May  9 14:47:45 mgerhard kernel: ata1.00: exception Emask 0x0 SAct 0x0 SErr 0x400000 action 0x2
May  9 14:47:45 mgerhard kernel: ata1.00: (BMDMA stat 0x25)
May  9 14:47:45 mgerhard kernel: ata1.00: cmd 35/00:00:d8:41:c8/00:04:09:00:00/e0 tag 0 cdb 0x0 data 524288 out
May  9 14:47:45 mgerhard kernel:          res 51/84:70:68:43:c8/84:02:09:00:00/e0 Emask 0x10 (ATA bus error)
May  9 14:47:45 mgerhard kernel: ata1: soft resetting port
May  9 14:47:45 mgerhard kernel: ata1: SATA link up 3.0 Gbps (SStatus 123 SControl 300)
May  9 14:47:45 mgerhard kernel: ata1.00: configured for UDMA/66
May  9 14:47:45 mgerhard kernel: ata1: EH complete
May  9 14:47:45 mgerhard kernel: ata1.00: limiting speed to UDMA/33:PIO4
May  9 14:47:45 mgerhard kernel: ata1.00: exception Emask 0x0 SAct 0x0 SErr 0x400000 action 0x2
May  9 14:47:45 mgerhard kernel: ata1.00: (BMDMA stat 0x25)
May  9 14:47:45 mgerhard kernel: ata1.00: cmd 35/00:00:d8:41:c8/00:04:09:00:00/e0 tag 0 cdb 0x0 data 524288 out
May  9 14:47:45 mgerhard kernel:          res 51/84:10:c8:45:c8/84:00:09:00:00/e0 Emask 0x10 (ATA bus error)
May  9 14:47:45 mgerhard kernel: ata1: soft resetting port
May  9 14:47:46 mgerhard kernel: ata1: SATA link up 3.0 Gbps (SStatus 123 SControl 300)
May  9 14:47:46 mgerhard kernel: ata1.00: configured for UDMA/33
May  9 14:47:46 mgerhard kernel: ata1: EH complete
May  9 14:48:16 mgerhard kernel: ata1.00: exception Emask 0x0 SAct 0x0 SErr 0x1800000 action 0x2 frozen
May  9 14:48:16 mgerhard kernel: ata1.00: cmd 35/00:00:d8:41:c8/00:04:09:00:00/e0 tag 0 cdb 0x0 data 524288 out
May  9 14:48:16 mgerhard kernel:          res 40/00:10:c8:45:c8/84:00:09:00:00/e0 Emask 0x4 (timeout)
May  9 14:48:23 mgerhard kernel: ata1: port is slow to respond, please be patient (Status 0xd0)
May  9 14:48:46 mgerhard kernel: ata1: port failed to respond (30 secs, Status 0xd0)
May  9 14:48:46 mgerhard kernel: ata1: soft resetting port
May  9 14:48:46 mgerhard kernel: ata1: SATA link up 3.0 Gbps (SStatus 123 SControl 300)
May  9 14:48:46 mgerhard kernel: ata1.00: configured for UDMA/33
May  9 14:48:46 mgerhard kernel: ata1: EH complete
May  9 14:48:46 mgerhard kernel: SCSI device sda: 488397168 512-byte hdwr sectors (250059 MB)
May  9 14:48:46 mgerhard kernel: sda: Write Protect is off
May  9 14:48:46 mgerhard kernel: sda: Mode Sense: 00 3a 00 00
May  9 14:48:46 mgerhard kernel: SCSI device sda: write cache: enabled, read cache: enabled, doesn't support DPO or FUA
May  9 14:48:46 mgerhard kernel: SCSI device sda: 488397168 512-byte hdwr sectors (250059 MB)
May  9 14:48:46 mgerhard kernel: sda: Write Protect is off
May  9 14:48:46 mgerhard kernel: sda: Mode Sense: 00 3a 00 00
May  9 14:48:46 mgerhard kernel: SCSI device sda: write cache: enabled, read cache: enabled, doesn't support DPO or FUA
May  9 14:49:08 mgerhard kernel: ata1.00: exception Emask 0x0 SAct 0x0 SErr 0x400000 action 0x2
May  9 14:49:08 mgerhard kernel: ata1.00: (BMDMA stat 0x25)
May  9 14:49:08 mgerhard kernel: ata1.00: cmd 35/00:88:a8:63:c8/00:02:09:00:00/e0 tag 0 cdb 0x0 data 331776 out
May  9 14:49:08 mgerhard kernel:          res 51/84:38:f8:64:c8/84:01:09:00:00/e0 Emask 0x10 (ATA bus error)
May  9 14:49:08 mgerhard kernel: ata1: soft resetting port
May  9 14:49:08 mgerhard kernel: ata1: SATA link up 3.0 Gbps (SStatus 123 SControl 300)
May  9 14:49:08 mgerhard kernel: ata1.00: configured for UDMA/33
May  9 14:49:08 mgerhard kernel: ata1: EH complete
May  9 14:49:08 mgerhard kernel: ata1.00: exception Emask 0x0 SAct 0x0 SErr 0x400000 action 0x2
May  9 14:49:08 mgerhard kernel: ata1.00: (BMDMA stat 0x25)
May  9 14:49:08 mgerhard kernel: ata1.00: cmd 35/00:88:a8:63:c8/00:02:09:00:00/e0 tag 0 cdb 0x0 data 331776 out
May  9 14:49:08 mgerhard kernel:          res 51/84:38:f8:64:c8/84:01:09:00:00/e0 Emask 0x10 (ATA bus error)
May  9 14:49:09 mgerhard kernel: ata1: soft resetting port
May  9 14:49:09 mgerhard kernel: ata1: SATA link up 3.0 Gbps (SStatus 123 SControl 300)
May  9 14:49:09 mgerhard kernel: ata1.00: configured for UDMA/33
May  9 14:49:09 mgerhard kernel: ata1: EH complete
May  9 14:49:09 mgerhard kernel: ata1.00: exception Emask 0x0 SAct 0x0 SErr 0x400000 action 0x2
May  9 14:49:09 mgerhard kernel: ata1.00: (BMDMA stat 0x25)
May  9 14:49:09 mgerhard kernel: ata1.00: cmd 35/00:88:a8:63:c8/00:02:09:00:00/e0 tag 0 cdb 0x0 data 331776 out
May  9 14:49:09 mgerhard kernel:          res 51/84:c8:68:65:c8/84:00:09:00:00/e0 Emask 0x10 (ATA bus error)
May  9 14:49:09 mgerhard kernel: ata1: soft resetting port
May  9 14:49:09 mgerhard kernel: ata1: SATA link up 3.0 Gbps (SStatus 123 SControl 300)
May  9 14:49:09 mgerhard kernel: ata1.00: configured for UDMA/33
May  9 14:49:09 mgerhard kernel: ata1: EH complete
May  9 14:49:09 mgerhard kernel: SCSI device sda: 488397168 512-byte hdwr sectors (250059 MB)
May  9 14:49:09 mgerhard kernel: sda: Write Protect is off
May  9 14:49:09 mgerhard kernel: sda: Mode Sense: 00 3a 00 00
May  9 14:49:09 mgerhard kernel: SCSI device sda: write cache: enabled, read cache: enabled, doesn't support DPO or FUA
May  9 14:49:09 mgerhard kernel: SCSI device sda: 488397168 512-byte hdwr sectors (250059 MB)
May  9 14:50:10 mgerhard kernel: ata1.00: exception Emask 0x0 SAct 0x0 SErr 0x1800000 action 0x2 frozen
May  9 14:50:10 mgerhard kernel: ata1.00: cmd 35/00:38:58:be:23/00:02:00:00:00/e0 tag 0 cdb 0x0 data 290816 out
May  9 14:50:10 mgerhard kernel:          res 40/00:c8:68:65:c8/84:00:09:00:00/e0 Emask 0x4 (timeout)
May  9 14:50:10 mgerhard kernel: ata1: port is slow to respond, please be patient (Status 0xd0)
May  9 14:50:10 mgerhard kernel: ata1: port failed to respond (30 secs, Status 0xd0)
May  9 14:50:10 mgerhard kernel: ata1: soft resetting port
May  9 14:50:10 mgerhard kernel: ata1: SATA link up 3.0 Gbps (SStatus 123 SControl 300)
May  9 14:50:10 mgerhard kernel: ata1.00: configured for UDMA/33
May  9 14:50:10 mgerhard kernel: ata1: EH complete
May  9 14:50:10 mgerhard kernel: sda: Write Protect is off
May  9 14:50:10 mgerhard kernel: sda: Mode Sense: 00 3a 00 00
May  9 14:50:10 mgerhard kernel: SCSI device sda: write cache: enabled, read cache: enabled, doesn't support DPO or FUA
May  9 14:50:10 mgerhard kernel: SCSI device sda: 488397168 512-byte hdwr sectors (250059 MB)
May  9 14:50:10 mgerhard kernel: sda: Write Protect is off
May  9 14:50:10 mgerhard kernel: sda: Mode Sense: 00 3a 00 00
May  9 14:50:10 mgerhard kernel: SCSI device sda: write cache: enabled, read cache: enabled, doesn't support DPO or FUA
May  9 14:51:35 mgerhard kernel: ata1.00: exception Emask 0x0 SAct 0x0 SErr 0x1800000 action 0x2 frozen
May  9 14:51:35 mgerhard kernel: ata1.00: cmd 35/00:00:80:6d:c8/00:04:09:00:00/e0 tag 0 cdb 0x0 data 524288 out
May  9 14:51:35 mgerhard kernel:          res 40/00:c8:68:65:c8/84:00:09:00:00/e0 Emask 0x4 (timeout)
May  9 14:51:42 mgerhard kernel: ata1: port is slow to respond, please be patient (Status 0xd0)
May  9 14:52:05 mgerhard kernel: ata1: port failed to respond (30 secs, Status 0xd0)
May  9 14:52:05 mgerhard kernel: ata1: soft resetting port
May  9 14:52:05 mgerhard kernel: ata1: SATA link up 3.0 Gbps (SStatus 123 SControl 300)
May  9 14:52:05 mgerhard kernel: ata1.00: configured for UDMA/33
May  9 14:52:05 mgerhard kernel: ata1: EH complete
May  9 14:52:05 mgerhard kernel: SCSI device sda: 488397168 512-byte hdwr sectors (250059 MB)
May  9 14:52:05 mgerhard kernel: sda: Write Protect is off
May  9 14:52:05 mgerhard kernel: sda: Mode Sense: 00 3a 00 00
May  9 14:52:05 mgerhard kernel: SCSI device sda: write cache: enabled, read cache: enabled, doesn't support DPO or FUA
May  9 14:52:09 mgerhard kernel: ata1.00: exception Emask 0x0 SAct 0x0 SErr 0x400000 action 0x2
May  9 14:52:09 mgerhard kernel: ata1.00: (BMDMA stat 0x25)
May  9 14:52:09 mgerhard kernel: ata1.00: cmd 35/00:00:30:77:c8/00:04:09:00:00/e0 tag 0 cdb 0x0 data 524288 out
May  9 14:52:09 mgerhard kernel:          res 51/84:40:f0:77:c8/84:03:09:00:00/e0 Emask 0x10 (ATA bus error)
May  9 14:52:09 mgerhard kernel: ata1: soft resetting port
May  9 14:52:09 mgerhard kernel: ata1: SATA link up 3.0 Gbps (SStatus 123 SControl 300)
May  9 14:52:09 mgerhard kernel: ata1.00: configured for UDMA/33
May  9 14:52:09 mgerhard kernel: ata1: EH complete
May  9 14:52:09 mgerhard kernel: SCSI device sda: 488397168 512-byte hdwr sectors (250059 MB)
May  9 14:52:09 mgerhard kernel: sda: Write Protect is off
May  9 14:52:09 mgerhard kernel: sda: Mode Sense: 00 3a 00 00
May  9 14:52:09 mgerhard kernel: SCSI device sda: write cache: enabled, read cache: enabled, doesn't support DPO or FUA
May  9 14:52:09 mgerhard kernel: ata1.00: exception Emask 0x0 SAct 0x0 SErr 0x400000 action 0x2
May  9 14:52:09 mgerhard kernel: ata1.00: (BMDMA stat 0x25)
May  9 14:52:09 mgerhard kernel: ata1.00: cmd 35/00:e8:30:7f:c8/00:01:09:00:00/e0 tag 0 cdb 0x0 data 249856 out
May  9 14:52:09 mgerhard kernel:          res 51/84:08:10:80:c8/84:01:09:00:00/e0 Emask 0x10 (ATA bus error)
May  9 14:52:09 mgerhard kernel: ata1: soft resetting port
May  9 14:52:09 mgerhard kernel: ata1: SATA link up 3.0 Gbps (SStatus 123 SControl 300)
May  9 14:52:09 mgerhard kernel: ata1.00: configured for UDMA/33
May  9 14:52:09 mgerhard kernel: ata1: EH complete
May  9 14:52:09 mgerhard kernel: SCSI device sda: 488397168 512-byte hdwr sectors (250059 MB)
May  9 14:52:09 mgerhard kernel: sda: Write Protect is off
May  9 14:52:09 mgerhard kernel: sda: Mode Sense: 00 3a 00 00
May  9 14:52:09 mgerhard kernel: SCSI device sda: write cache: enabled, read cache: enabled, doesn't support DPO or FUA
May  9 14:52:10 mgerhard kernel: ata1.00: exception Emask 0x0 SAct 0x0 SErr 0x400000 action 0x2
May  9 14:52:10 mgerhard kernel: ata1.00: (BMDMA stat 0x25)
May  9 14:52:10 mgerhard kernel: ata1.00: cmd 35/00:28:d8:bc:1f/00:02:0b:00:00/e0 tag 0 cdb 0x0 data 282624 out
May  9 14:52:10 mgerhard kernel:          res 51/84:08:f8:bc:1f/84:02:0b:00:00/e0 Emask 0x10 (ATA bus error)
May  9 14:52:11 mgerhard kernel: ata1: soft resetting port
May  9 14:52:11 mgerhard kernel: ata1: SATA link up 3.0 Gbps (SStatus 123 SControl 300)
May  9 14:52:11 mgerhard kernel: ata1.00: configured for UDMA/33
May  9 14:52:11 mgerhard kernel: ata1: EH complete
May  9 14:52:11 mgerhard kernel: SCSI device sda: 488397168 512-byte hdwr sectors (250059 MB)
May  9 14:52:11 mgerhard kernel: sda: Write Protect is off
May  9 14:52:11 mgerhard kernel: sda: Mode Sense: 00 3a 00 00
May  9 14:52:11 mgerhard kernel: SCSI device sda: write cache: enabled, read cache: enabled, doesn't support DPO or FUA
May  9 14:52:41 mgerhard kernel: ata1.00: exception Emask 0x0 SAct 0x0 SErr 0x1800000 action 0x2 frozen
May  9 14:52:41 mgerhard kernel: ata1.00: cmd 35/00:38:10:d2:23/00:02:00:00:00/e0 tag 0 cdb 0x0 data 290816 out
May  9 14:52:41 mgerhard kernel:          res 40/00:08:f8:bc:1f/84:02:0b:00:00/e0 Emask 0x4 (timeout)
May  9 14:52:48 mgerhard kernel: ata1: port is slow to respond, please be patient (Status 0xd0)
May  9 14:53:11 mgerhard kernel: ata1: port failed to respond (30 secs, Status 0xd0)
May  9 14:53:11 mgerhard kernel: ata1: soft resetting port
May  9 14:53:11 mgerhard kernel: ata1: SATA link up 3.0 Gbps (SStatus 123 SControl 300)
May  9 14:53:11 mgerhard kernel: ata1.00: configured for UDMA/33
May  9 14:53:11 mgerhard kernel: ata1: EH complete
May  9 14:53:11 mgerhard kernel: SCSI device sda: 488397168 512-byte hdwr sectors (250059 MB)
May  9 14:53:11 mgerhard kernel: sda: Write Protect is off
May  9 14:53:11 mgerhard kernel: sda: Mode Sense: 00 3a 00 00
May  9 14:53:11 mgerhard kernel: SCSI device sda: write cache: enabled, read cache: enabled, doesn't support DPO or FUA
May  9 14:57:33 mgerhard kernel: ata1.00: exception Emask 0x0 SAct 0x0 SErr 0x400000 action 0x2 frozen
May  9 14:57:33 mgerhard kernel: ata1.00: cmd 35/00:28:30:90:1b/00:02:0b:00:00/e0 tag 0 cdb 0x0 data 282624 out
May  9 14:57:33 mgerhard kernel:          res 40/00:08:f8:bc:1f/84:02:0b:00:00/e0 Emask 0x4 (timeout)
May  9 14:57:40 mgerhard kernel: ata1: port is slow to respond, please be patient (Status 0xd0)
May  9 14:58:04 mgerhard kernel: ata1: port failed to respond (30 secs, Status 0xd0)
May  9 14:58:04 mgerhard kernel: ata1: soft resetting port
May  9 14:58:04 mgerhard kernel: ata1: SATA link up 3.0 Gbps (SStatus 123 SControl 300)
May  9 14:58:04 mgerhard kernel: ata1.00: configured for UDMA/33
May  9 14:58:04 mgerhard kernel: ata1: EH complete
May  9 14:58:04 mgerhard kernel: SCSI device sda: 488397168 512-byte hdwr sectors (250059 MB)
May  9 14:58:04 mgerhard kernel: sda: Write Protect is off
May  9 14:58:04 mgerhard kernel: sda: Mode Sense: 00 3a 00 00
May  9 14:58:04 mgerhard kernel: SCSI device sda: write cache: enabled, read cache: enabled, doesn't support DPO or FUA
May  9 14:58:45 mgerhard kernel: ata1.00: exception Emask 0x0 SAct 0x0 SErr 0x400000 action 0x2
May  9 14:58:45 mgerhard kernel: ata1.00: (BMDMA stat 0x25)
May  9 14:58:45 mgerhard kernel: ata1.00: cmd 35/00:b0:18:04:f0/00:03:0c:00:00/e0 tag 0 cdb 0x0 data 483328 out
May  9 14:58:45 mgerhard kernel:          res 51/84:90:38:07:f0/84:00:0c:00:00/e0 Emask 0x10 (ATA bus error)
May  9 14:58:46 mgerhard kernel: ata1: soft resetting port
May  9 14:58:46 mgerhard kernel: ata1: SATA link up 3.0 Gbps (SStatus 123 SControl 300)
May  9 14:58:46 mgerhard kernel: ata1.00: configured for UDMA/33
May  9 14:58:46 mgerhard kernel: ata1: EH complete
May  9 14:58:46 mgerhard kernel: SCSI device sda: 488397168 512-byte hdwr sectors (250059 MB)
May  9 14:58:46 mgerhard kernel: sda: Write Protect is off
May  9 14:58:46 mgerhard kernel: sda: Mode Sense: 00 3a 00 00
May  9 14:58:46 mgerhard kernel: SCSI device sda: write cache: enabled, read cache: enabled, doesn't support DPO or FUA
May  9 14:58:46 mgerhard kernel: ata1.00: exception Emask 0x0 SAct 0x0 SErr 0x400000 action 0x2
May  9 14:58:46 mgerhard kernel: ata1.00: (BMDMA stat 0x25)
May  9 14:58:46 mgerhard kernel: ata1.00: cmd 35/00:00:a0:84:f0/00:04:0c:00:00/e0 tag 0 cdb 0x0 data 524288 out
May  9 14:58:46 mgerhard kernel:          res 51/84:c0:e0:84:f0/84:03:0c:00:00/e0 Emask 0x10 (ATA bus error)
May  9 14:58:46 mgerhard kernel: ata1: soft resetting port
May  9 14:58:46 mgerhard kernel: ata1: SATA link up 3.0 Gbps (SStatus 123 SControl 300)
May  9 14:58:46 mgerhard kernel: ata1.00: configured for UDMA/33
May  9 14:58:46 mgerhard kernel: ata1: EH complete
May  9 14:58:46 mgerhard kernel: SCSI device sda: 488397168 512-byte hdwr sectors (250059 MB)
May  9 14:58:46 mgerhard kernel: sda: Write Protect is off
May  9 14:58:46 mgerhard kernel: sda: Mode Sense: 00 3a 00 00
May  9 14:58:46 mgerhard kernel: SCSI device sda: write cache: enabled, read cache: enabled, doesn't support DPO or FUA
May  9 14:58:46 mgerhard kernel: ata1.00: exception Emask 0x0 SAct 0x0 SErr 0x400000 action 0x2
May  9 14:58:46 mgerhard kernel: ata1.00: (BMDMA stat 0x25)
May  9 14:58:46 mgerhard kernel: ata1.00: cmd 35/00:00:a0:90:f0/00:04:0c:00:00/e0 tag 0 cdb 0x0 data 524288 out
May  9 14:58:46 mgerhard kernel:          res 51/84:40:60:92:f0/84:02:0c:00:00/e0 Emask 0x10 (ATA bus error)
May  9 14:58:47 mgerhard kernel: ata1: soft resetting port
May  9 14:58:47 mgerhard kernel: ata1: SATA link up 3.0 Gbps (SStatus 123 SControl 300)
May  9 14:58:47 mgerhard kernel: ata1.00: configured for UDMA/33
May  9 14:58:47 mgerhard kernel: ata1: EH complete
May  9 14:58:47 mgerhard kernel: ata1.00: exception Emask 0x0 SAct 0x0 SErr 0x400000 action 0x2
May  9 14:58:47 mgerhard kernel: ata1.00: (BMDMA stat 0x25)
