Date: Fri, 13 Jun 2003 21:14:05 +0200
From: "Udo A. Steinberg" <>
Subject: Re: linux-2.4.21 released
Sender: linux-kernel-owner@vger.kernel.org
Precedence: bulk
List-ID: <linux-kernel.vger.kernel.org>
X-Mailing-List: linux-kernel@vger.kernel.org
X-Lkml-Link: https://lkml.org/lkml/2003/6/13/198

On Fri, 13 Jun 2003 07:53:33 -0700 Marcelo Tosatti (MT) wrote:
MT> final:
MT> 
MT> - 2.4.21-rc8 was released as 2.4.21 with no changes.
Hi Marcelo,
I just tried 2.4.21. It reports -2412k data, which doesn't look right.
Regards,
-Udo.
Linux version 2.4.21 (root@Hell) (gcc version 3.3) #1 Fri Jun 13 21:06:00 CEST 2003
BIOS-provided physical RAM map:
 BIOS-e820: 0000000000000000 - 000000000009fc00 (usable)
 BIOS-e820: 000000000009fc00 - 00000000000a0000 (reserved)
 BIOS-e820: 00000000000f0000 - 0000000000100000 (reserved)
 BIOS-e820: 0000000000100000 - 000000002fff0000 (usable)
 BIOS-e820: 000000002fff0000 - 000000002fff8000 (ACPI data)
 BIOS-e820: 000000002fff8000 - 0000000030000000 (ACPI NVS)
 BIOS-e820: 00000000ffff0000 - 0000000100000000 (reserved)
767MB LOWMEM available.
On node 0 totalpages: 196592
zone(0): 4096 pages.
zone(1): 192496 pages.
zone(2): 0 pages.
Kernel command line: auto BOOT_IMAGE=Linux ro root=805 parport=auto nmi_watchdog=2
Local APIC disabled by BIOS -- reenabling.
Found and enabled local APIC!
Initializing CPU#0
Detected 704.950 MHz processor.
Console: colour VGA+ 80x25
Calibrating delay loop... 1405.74 BogoMIPS
Memory: 774608k/786368k available (1939k kernel code, 11372k reserved, -2412k data, 284k init, 0k highmem)
[unhandled content-type:application/pgp-signature]