Date: Thu, 26 Aug 2004 10:47:29 +0530
From: "Pankaj Agarwal" <>
Subject: Re: Help Root Raid
Sender: linux-kernel-owner@vger.kernel.org
Precedence: bulk
List-ID: <linux-kernel.vger.kernel.org>
X-Mailing-List: linux-kernel@vger.kernel.org
X-Lkml-Link: https://lkml.org/lkml/2004/8/26/18

Hi Ender,
Thanks for looking into it and for your help. I am hereby enclosing the
output of dmesg along with this mail. hdc(samsung ide) is the one i want to
retrieve data from.
thanks and regards,
Pankaj Agarwal
----- Original Message -----
From: "David Martínez Moreno" <ender@debian.org>
To: "Pankaj Agarwal" <pankaj@pnpexports.com>
Cc: <linux-kernel@vger.kernel.org>; <ender@debian.org>
Sent: Thursday, August 26, 2004 5:00 AM
Subject: Re: Help Root Raid
-----BEGIN PGP SIGNED MESSAGE-----
Hash: SHA1
El Sábado, 21 de Agosto de 2004 18:37, Pankaj Agarwal escribió:
> Hi Ender,
>
> this isn't the case...however i tried by changing the 83 to FD but it
> doesn't worked.
>
> its already enabled and the kernel is reading these partitions as
well....i
> guess because of these messages during bootup and shutdown....
>
> Part of BOOTUP message ...
> "
> autodetecting Raid Arrays
> autorun...
> ...autorun DONE
> "
>
> Part of shutdown message ....
> "
> md recovery thread got woken
> md recovery thread finished
> mdrecoveryd(7) flushing signals
> Stopping all md devices.
> "
> Hope it helps you in helping me further.
Hello, Pankaj. Could you please send us a copy of your dmesg output? That is
the first thing you must do in order to diagnose problems.
Thanks,
Ender.
- --
Network engineer
Debian Developer
-----BEGIN PGP SIGNATURE-----
Version: GnuPG v1.2.5 (GNU/Linux)
iD8DBQFBLSEfWs/EhA1iABsRAnHKAJwPuiNFYCncG6mfpGfkZcbg6Ug2OwCdFVS9
hNfF9qkIkYyZsXIvfOibUWA=
=l9uK
-----END PGP SIGNATURE-----
Linux version 2.2.14-12smp (root@porky.devel.redhat.com) (gcc version egcs-2.91.66 19990314/Linux (egcs-1.1.2 release)) #1 SMP Tue Apr 25 12:58:06 EDT 2000
mapped APIC to ffffe000 (00295000)
Detected 500979898 Hz processor.
Console: colour VGA+ 80x25
Calibrating delay loop... 499.71 BogoMIPS
Memory: 256428k/261056k available (1120k kernel code, 424k reserved, 3008k data, 76k init, 0k bigmem)
Dentry hash table entries: 262144 (order 9, 2048k)
Buffer cache hash table entries: 262144 (order 8, 1024k)
Page cache hash table entries: 65536 (order 6, 256k)
VFS: Diskquotas version dquot_6.4.0 initialized
Checking 386/387 coupling... OK, FPU using exception 16 error reporting.
Checking 'hlt' instruction... OK.
POSIX conformance testing by UNIFIX
mtrr: v1.35a (19990819) Richard Gooch (rgooch@atnf.csiro.au)
per-CPU timeslice cutoff: 25.04 usecs.
CPU0: Intel Celeron (Mendocino) stepping 05
SMP motherboard not detected. Using dummy APIC emulation.
PCI: PCI BIOS revision 2.10 entry at 0xfb0f0
PCI: Using configuration type 1
PCI: Probing PCI hardware
Linux NET4.0 for Linux 2.2
Based upon Swansea University Computer Society NET3.039
NET4: Unix domain sockets 1.0 for Linux NET4.0.
NET4: Linux TCP/IP 1.0 for NET4.0
IP Protocols: ICMP, UDP, TCP, IGMP
TCP: Hash tables configured (ehash 262144 bhash 65536)
Initializing RT netlink socket
Starting kswapd v 1.5 
Detected PS/2 Mouse Port.
Serial driver version 4.27 with MANY_PORTS MULTIPORT SHARE_IRQ enabled
ttyS00 at 0x03f8 (irq = 4) is a 16550A
ttyS01 at 0x02f8 (irq = 3) is a 16550A
pty: 256 Unix98 ptys configured
Real Time Clock Driver v1.09
RAM disk driver initialized:  16 RAM disks of 4096K size
PCI_IDE: unknown IDE controller on PCI bus 00 device f9, VID=8086, DID=2421
PCI_IDE: not 100% native mode: will probe irqs later
    ide0: BM-DMA at 0xf000-0xf007, BIOS settings: hda:DMA, hdb:DMA
    ide1: BM-DMA at 0xf008-0xf00f, BIOS settings: hdc:DMA, hdd:pio
hda: ST34321A, ATA DISK drive
hdb: SAMSUNG CD-ROM SC-152C, ATAPI CDROM drive
hdc: SAMSUNG WA32163A, ATA DISK drive
ide0 at 0x1f0-0x1f7,0x3f6 on irq 14
ide1 at 0x170-0x177,0x376 on irq 15
hda: ST34321A, 4103MB w/128kB Cache, CHS=523/255/63
hdc: SAMSUNG WA32163A, 2062MB w/128kB Cache, CHS=4190/16/63
hdb: ATAPI 52X CD-ROM drive, 128kB Cache
Uniform CDROM driver Revision: 2.56
Floppy drive(s): fd0 is 1.44M
FDC 0 is a post-1991 82077
md driver 0.90.0 MAX_MD_DEVS=256, MAX_REAL=12
raid5: measuring checksumming speed
raid5: MMX detected, trying high-speed MMX checksum routines
   pII_mmx   :  1122.426 MB/sec
   p5_mmx    :  1171.956 MB/sec
   8regs     :   860.298 MB/sec
   32regs    :   505.587 MB/sec
using fastest function: p5_mmx (1171.956 MB/sec)
scsi : 0 hosts.
scsi : detected total.
md.c: sizeof(mdp_super_t) = 4096
Partition check:
 hda:hda: set_multmode: status=0x51 { DriveReady SeekComplete Error }
hda: set_multmode: error=0x04 { DriveStatusError }
 hda1 hda2 < hda5 hda6 >
 hdc: hdc1 hdc2 < hdc5 hdc6 hdc7 hdc8 hdc9 >
autodetecting RAID arrays
autorun ...
... autorun DONE.
VFS: Mounted root (ext2 filesystem) readonly.
Freeing unused kernel memory: 76k freed
Adding Swap: 514040k swap-space (priority -1)