Date: Mon, 28 Dec 1998 20:02:12 -0500 (EST)
From: Gregory Maxwell <>
Subject: Re: SMP + Buslogic problem in 2.1.105->2.1.132-ac2
Sender: linux-kernel-owner@vger.kernel.org
Precedence: bulk
List-ID: <linux-kernel.vger.kernel.org>
X-Mailing-List: linux-kernel@vger.kernel.org
X-Lkml-Link: https://lkml.org/lkml/1998/12/28/133

On Sun, 27 Dec 1998, Leonard N. Zubkoff wrote:
> Please send me the startup messages from the BusLogic driver and the SCSI
> subsystem.  Unfortunately, I do not have a similar enough configuration to
> attempt to reproduce this problem.  Determining the precise kernel version at
> which this problem began would be a good strategy.  Also, some versions of
> BT-956C firmware had a condition where the host adapter could lock up.
> 
> 		Leonard
Here are all my startup messages. :)
I'll be happy to help in any way possible, esp since this box is mostly
useless without sound.
Linux version 2.1.132 (root@limelight.home.z.ml.org) (gcc version 2.7.2.3) #1 SMP Sun Dec 27 02:17:41 EST 1998
Intel MultiProcessor Specification v1.4
    Virtual Wire compatibility mode.
OEM ID: OEM00000 Product ID: PROD00000000 APIC at: 0xFEE00000
Processor #0 Pentium(tm) APIC version 17
Processor #1 Pentium(tm) APIC version 17
I/O APIC #2 Version 17 at 0xFEC00000.
Processors: 2
mapped APIC to ffffe000 (fee00000)
mapped IOAPIC to ffffd000 (fec00000)
Console: colour VGA+ 80x25
Detected 165.949 MHz processor.
Calibrating delay loop... 330.96 BogoMIPS
Memory: 63352k/65536k available (744k kernel code, 412k reserved, 980k data, 48k init)
VFS: Diskquotas version dquot_6.4.0 initialized
Checking 386/387 coupling... OK, FPU using exception 16 error reporting.
Checking 'hlt' instruction... OK.
Intel Pentium with F0 0F bug - workaround enabled.
POSIX conformance testing by UNIFIX
CPU0: Intel Pentium MMX stepping 03
calibrating APIC timer ... 
..... CPU clock speed is 165.8882 MHz.
..... APIC bus clock speed is 66.3548 MHz.
Booting processor 1 eip 2000
Calibrating delay loop... 330.96 BogoMIPS
OK.
CPU1: Intel Pentium MMX stepping 03
Total of 2 processors activated (661.91 BogoMIPS).
enabling symmetric IO mode... ...done.
ENABLING IO-APIC IRQs
init IO_APIC IRQs
 IO-APIC pin 0, 20, 21, 22, 23 not connected.
number of MP IRQ sources: 21.
number of IO-APIC registers: 24.
testing the IO APIC.......................
.... register #00: 02000000
.......    : physical APIC id: 02
.... register #01: 00170011
.......     : max redirection entries: 0017
.......     : IO APIC version: 0011
.... register #02: 00000000
.......     : arbitration: 00
.... IRQ redirection table:
 NR Log Phy Mask Trig IRR Pol Stat Dest Deli Vect:   
 00 000 00  1    0    0   0   0    0    0    00
 01 000 00  0    0    0   0   0    1    1    59
 02 0FF 0F  0    0    0   0   0    1    1    51
 03 000 00  0    0    0   0   0    1    1    61
 04 000 00  0    0    0   0   0    1    1    69
 05 000 00  0    0    0   0   0    1    1    71
 06 000 00  0    0    0   0   0    1    1    79
 07 000 00  0    0    0   0   0    1    1    81
 08 000 00  0    0    0   0   0    1    1    89
 09 000 00  0    0    0   0   0    1    1    91
 0a 000 00  0    0    0   0   0    1    1    99
 0b 000 00  0    0    0   0   0    1    1    A1
 0c 000 00  0    0    0   0   0    1    1    A9
 0d 000 00  1    0    0   0   0    0    0    00
 0e 000 00  0    0    0   0   0    1    1    B1
 0f 000 00  0    0    0   0   0    1    1    B9
 10 0FF 0F  1    1    0   1   0    1    1    C1
 11 0FF 0F  1    1    0   1   0    1    1    C9
 12 0FF 0F  1    1    0   1   0    1    1    D1
 13 0FF 0F  1    1    0   1   0    1    1    D9
 14 000 00  1    0    0   0   0    0    0    00
 15 000 00  1    0    0   0   0    0    0    00
 16 000 00  1    0    0   0   0    0    0    00
 17 000 00  1    0    0   0   0    0    0    00
IRQ to pin mappings:
IRQ0 -> 2
IRQ1 -> 1
IRQ3 -> 3
IRQ4 -> 4
IRQ5 -> 5
IRQ6 -> 6
IRQ7 -> 7
IRQ8 -> 8
IRQ9 -> 9
IRQ10 -> 10
IRQ11 -> 11
IRQ12 -> 12
IRQ13 -> 13
IRQ14 -> 14
IRQ15 -> 15
IRQ16 -> 16
IRQ17 -> 17
IRQ18 -> 18
IRQ19 -> 19
.................................... done.
PCI: PCI BIOS revision 2.10 entry at 0xfb3b0
PCI: Using configuration type 1
PCI: Probing PCI hardware
PCI->APIC IRQ transform: (B0,I17,P0) -> 19
PCI->APIC IRQ transform: (B0,I18,P0) -> 18
PCI->APIC IRQ transform: (B0,I19,P0) -> 17
PCI->APIC IRQ transform: (B0,I20,P0) -> 16
Swansea University Computer Society NET3.039 for Linux 2.1
NET3: Unix domain sockets 0.16 for Linux NET3.038.
Swansea University Computer Society TCP/IP for NET3.037
IP Protocols: ICMP, UDP, TCP
Starting kswapd v 1.5 
Serial driver version 4.27 with no serial options enabled
ttyS00 at 0x03f8 (irq = 4) is a 16550A
ttyS01 at 0x02f8 (irq = 3) is a 16550A
pty: 256 Unix98 ptys configured
Real Time Clock Driver v1.09
md driver 0.36.6 MAX_MD_DEV=4, MAX_REAL=8
scsi: ***** BusLogic SCSI Driver Version 2.1.15 of 17 August 1998 *****
scsi: Copyright 1995-1998 by Leonard N. Zubkoff <lnz@dandelion.com>
scsi0: Configuring BusLogic Model BT-956C PCI Wide SCSI Host Adapter
scsi0:   Firmware Version: 4.28A, I/O Address: 0x6100, IRQ Channel: 19/Level
scsi0:   PCI Bus: 0, Device: 17, Address: Unassigned, Host Adapter SCSI ID: 7
scsi0:   Parity Checking: Enabled, Extended Translation: Enabled
scsi0:   Synchronous Negotiation: Fast, Wide Negotiation: Enabled
scsi0:   Disconnect/Reconnect: Enabled, Tagged Queuing: Enabled
scsi0:   Scatter/Gather Limit: 128 of 8192 segments, Mailboxes: 211
scsi0:   Driver Queue Depth: 211, Host Adapter Queue Depth: 100
scsi0:   Tagged Queue Depth: Automatic, Untagged Queue Depth: 3
scsi0:   Error Recovery Strategy: Default, SCSI Bus Reset: Enabled
scsi0:   SCSI Bus Termination: Both Enabled
scsi0: *** BusLogic BT-956C Initialized Successfully ***
scsi0 : BusLogic BT-956C
scsi : 1 host.
  Vendor: MICROP    Model: 3243-19   1128RV  Rev: 28RV
  Type:   Direct-Access                      ANSI SCSI revision: 02
Detected scsi disk sda at scsi0, channel 0, id 2, lun 0
scsi0: Target 2: Queue Depth 28, Wide Synchronous at 20.0 MB/sec, offset 14
scsi : detected 1 SCSI disk total.
SCSI device sda: hdwr sector= 512 bytes. Sectors= 8388315 [4095 MB] [4.1 GB]
Partition check:
 sda: sda1 sda2 < sda5 sda6 sda7 >
VFS: Mounted root (ext2 filesystem) readonly.
Freeing unused kernel memory: 48k freed
scsi0: Tagged Queuing now active for Target 2
Adding Swap: 72256k swap-space (priority -1)
Soundblaster audio driver Copyright (C) by Hannu Savolainen 1993-1996
SB 4.5 detected OK (220)
YM3812 and OPL-3 driver Copyright (C) by Hannu Savolainen, Rob Hooft 1993-1996
3c59x.c:v0.99E 5/12/98 Donald Becker 
http://cesdis.gsfc.nasa.gov/linux/drivers/vortex.html
eth0: 3Com 3c905 Boomerang 100baseTx at 0x6200, 00:10:4b:28:2d:01, IRQ 18
  8K word-wide RAM 3:5 Rx:Tx split, autoselect/NWay Autonegotiation interface.
  MII transceiver found at address 24, status 786b.
  Enabling bus-master transmits and whole-frame receives.
eth1: 3Com 3c905B Cyclone 100baseTx at 0x6300, 00:10:5a:12:19:09, IRQ 17
  8K byte-wide RAM 5:3 Rx:Tx split, autoselect/NWay Autonegotiation interface.
  Enabling bus-master transmits and whole-frame receives.
-
To unsubscribe from this list: send the line "unsubscribe linux-kernel" in
the body of a message to majordomo@vger.rutgers.edu
Please read the FAQ at 
http://www.tux.org/lkml/