Date: Thu, 21 Oct 2004 10:12:56 +0100 (WEST)
From: "Rui Nuno Capela" <>
Subject: Re: [patch] Real-Time Preemption, -RT-2.6.9-rc4-mm1-U8
Sender: linux-kernel-owner@vger.kernel.org
Precedence: bulk
List-ID: <linux-kernel.vger.kernel.org>
X-Mailing-List: linux-kernel@vger.kernel.org
X-Lkml-Link: https://lkml.org/lkml/2004/10/21/99

Ingo Molnar wrote:
>
> i have released the -U8 Real-Time Preemption patch:
>
> 
http://redhat.com/~mingo/realtime-preempt/realtime-preempt-2.6.9-rc4-mm1-U8
>
Hi,
   I'm posting this time about to report my current status of my two
boxes, regarding the realtime-preempt-2.6.9-rc4-mm1-U8 patch. So it
seems that now the positions have been somewhat reversed. Respective
config.gz are attached.
a) Desktop P4 2.80C@3.3Ghz SMP/HT (SuSE 9.1 Pro)
   config-2.6.9-rc4-mm1-RT-U8.0smp.gz
   This is apparently but surprinsingly OK, as everything seems to work
flawlessly, besides some quirks on the onboard NIC (sk98lin) that only
shows up initially but stabilizes later on. Indeed, U8 is the first
SMP+PREEMPT_REALTIME encarnation that runs at all and is fairly
workable on this machine. This is a relief.
b) Laptop P4 2.533Ghz UP (Mandrake 10.1c)
   config-2.6.9-rc4-mm1-RT-U8.1.gz
   This box was known to work without major issues until U4. With U8 it's
a real pain. Once trivial operations turns out fatal now. Running jackd
-R, which has been a flagship before, now freezes the whole system in
no time. (I'll take some netconsole capture sessions later)
   One of the signs that there's real trouble in here can be seen on the
following complete dmesg output (which was even a miracle to be
captured at all). This shows the complete bootstrap and init sequences
and at the end one fatal crash while plugging an USB flash memory stick
(usb-storage). This has been already reported earlier yesterday, but I
just want to make it here, as the evidence-at-hand.
   After this precise occurence, the system becomes very flaky, unreliable
and often ends up freezing to death.
Hope this helps (me)
Bye now.
--
Linux version 2.6.9-rc4-mm1-RT-U8.1 (root@lambda) (gcc version 3.4.1
(Mandrakelinux (Alpha 3.4.1-3mdk)) #1 Thu Oct 21 09:08:18 WEST 2004
BIOS-provided physical RAM map:
 BIOS-e820: 0000000000000000 - 000000000009f800 (usable)
 BIOS-e820: 000000000009f800 - 00000000000a0000 (reserved)
 BIOS-e820: 00000000000dc000 - 0000000000100000 (reserved)
 BIOS-e820: 0000000000100000 - 000000001f770000 (usable)
 BIOS-e820: 000000001f770000 - 000000001f77f000 (ACPI data)
 BIOS-e820: 000000001f77f000 - 000000001f780000 (ACPI NVS)
 BIOS-e820: 000000001f780000 - 000000001f800000 (reserved)
 BIOS-e820: 000000002f780000 - 000000002f800000 (reserved)
 BIOS-e820: 00000000fff80000 - 0000000100000000 (reserved)
503MB LOWMEM available.
On node 0 totalpages: 128880
  DMA zone: 4096 pages, LIFO batch:1
  Normal zone: 124784 pages, LIFO batch:16
  HighMem zone: 0 pages, LIFO batch:1
DMI 2.3 present.
ACPI: RSDP (v000 PTLTD                                 ) @ 0x000f6c70
ACPI: RSDT (v001 PTLTD    RSDT   0x06040000  LTP 0x00000000) @ 0x1f7783fd
ACPI: FADT (v001 ATI    Salmon   0x06040000 ATI  0x000f4240) @ 0x1f77ef64
ACPI: BOOT (v001 PTLTD  $SBFTBL$ 0x06040000  LTP 0x00000001) @ 0x1f77efd8
ACPI: DSDT (v001    ATI MS2_1535 0x06040000 MSFT 0x0100000e) @ 0x00000000
Built 1 zonelists
No local APIC present or hardware disabled
Initializing CPU#0
Kernel command line: BOOT_IMAGE=linux-RT-U8.1 ro root=305 devfs=nomount
acpi=on
PID hash table entries: 2048 (order: 11, 32768 bytes)
Detected 2525.698 MHz processor.
Using tsc for high-res timesource
Console: colour VGA+ 80x25
Dentry cache hash table entries: 65536 (order: 6, 262144 bytes)
Inode-cache hash table entries: 32768 (order: 5, 131072 bytes)
Memory: 507728k/515520k available (1791k kernel code, 7300k reserved, 591k
data, 152k init, 0k highmem)
Checking if this processor honours the WP bit even in supervisor mode... Ok.
Calibrating delay loop... 4931.58 BogoMIPS (lpj=2465792)
Security Scaffold v1.0.0 initialized
Mount-cache hash table entries: 512 (order: 0, 4096 bytes)
CPU: After generic identify, caps: bfebf9ff 00000000 00000000 00000000
CPU: After vendor identify, caps:  bfebf9ff 00000000 00000000 00000000
CPU: Trace cache: 12K uops, L1 D cache: 8K
CPU: L2 cache: 512K
CPU: After all inits, caps:        bfebf9ff 00000000 00000000 00000080
CPU: Intel(R) Pentium(R) 4 CPU 2.53GHz stepping 07
Enabling fast FPU save and restore... done.
Enabling unmasked SIMD FPU exception support... done.
Checking 'hlt' instruction... OK.
ACPI: IRQ9 SCI: Edge set to Level Trigger.
ksoftirqd started up.
NET: Registered protocol family 16
PCI: PCI BIOS revision 2.10 entry at 0xfd88b, last bus=2
PCI: Using configuration type 1
mtrr: v2.0 (20020519)
ACPI: Subsystem revision 20040816
ACPI: Interpreter enabled
ACPI: Using PIC for interrupt routing
ACPI: PCI Root Bridge [PCI0] (00:00)
PCI: Probing PCI hardware (bus 00)
ACPI: PCI Interrupt Routing Table [\_SB_.PCI0._PRT]
ACPI: PCI Interrupt Routing Table [\_SB_.PCI0.AGPB._PRT]
ACPI: PCI Interrupt Link [LNK0] (IRQs 7 10) *0, disabled.
ACPI: PCI Interrupt Link [LNK1] (IRQs 7 *10)
ACPI: PCI Interrupt Link [LNK2] (IRQs 7 10) *0, disabled.
ACPI: PCI Interrupt Link [LNK3] (IRQs 7 10) *0, disabled.
ACPI: PCI Interrupt Link [LNK4] (IRQs 7 *10)
ACPI: PCI Interrupt Link [LNK5] (IRQs 7 *11)
ACPI: PCI Interrupt Link [LNK6] (IRQs 7 10) *0, disabled.
ACPI: PCI Interrupt Link [LNK7] (IRQs *5)
ACPI: PCI Interrupt Link [LNK8] (IRQs 7 *10)
ACPI: Embedded Controller [EC0] (gpe 24)
SCSI subsystem initialized
PCI: Using ACPI for IRQ routing
** PCI interrupts are no longer routed automatically.  If this
** causes a device to stop working, it is probably because the
** driver failed to call pci_enable_device().  As a temporary
** workaround, the "pci=routeirq" argument restores the old
** behavior.  If this argument makes the device work again,
** please email the output of "lspci" to bjorn.helgaas@hp.com
** so I can fix the driver.
Simple Boot Flag at 0x37 set to 0x1
devfs: 2004-01-31 Richard Gooch (rgooch@atnf.csiro.au)
devfs: boot_options: 0x0
Activating ISA DMA hang workarounds.
Real Time Clock Driver v1.12
ACPI: PS/2 Keyboard Controller [KBC0] at I/O 0x60, 0x64, irq 1
ACPI: PS/2 Mouse Controller [MSE0] at irq 12
serio: i8042 AUX port at 0x60,0x64 irq 12
serio: i8042 KBD port at 0x60,0x64 irq 1
Serial: 8250/16550 driver $Revision: 1.90 $ 8 ports, IRQ sharing disabled
ttyS1 at I/O 0x2f8 (irq = 3) is a 16550A
PCI: Enabling device 0000:00:08.0 (0000 -> 0003)
ACPI: PCI Interrupt Link [LNK6] enabled at IRQ 10
PCI: setting IRQ 10 as level-triggered
ACPI: PCI interrupt 0000:00:08.0[A] -> GSI 10 (level, low) -> IRQ 10
ttyS0 at I/O 0x1428 (irq = 10) is a 8250
ttyS2 at I/O 0x1440 (irq = 10) is a 8250
ttyS3 at I/O 0x1450 (irq = 10) is a 8250
ttyS4 at I/O 0x1460 (irq = 10) is a 8250
ttyS5 at I/O 0x1470 (irq = 10) is a 8250
io scheduler noop registered
io scheduler anticipatory registered
io scheduler deadline registered
io scheduler cfq registered
ACPI: Floppy Controller [FDC] at I/O 0x3f0-0x3f5, 0x3f7 irq 6 dma channel 2
elevator: using anticipatory as default io scheduler
Floppy drive(s): fd0 is 1.44M
FDC 0 is a post-1991 82077
Uniform Multi-Platform E-IDE driver Revision: 7.00alpha2
ide: Assuming 33MHz system bus speed for PIO modes; override with idebus=xx
ALI15X3: IDE controller at PCI slot 0000:00:10.0
ACPI: PCI interrupt 0000:00:10.0[A]: no GSI
ALI15X3: chipset revision 196
ALI15X3: not 100% native mode: will probe irqs later
    ide0: BM-DMA at 0x2000-0x2007, BIOS settings: hda:DMA, hdb:pio
    ide1: BM-DMA at 0x2008-0x200f, BIOS settings: hdc:pio, hdd:pio
Probing IDE interface ide0...
hda: IC25N040ATCS04-0, ATA DISK drive
ide0 at 0x1f0-0x1f7,0x3f6 on irq 14
Probing IDE interface ide1...
hdc: HL-DT-STCD-RW/DVD DRIVE GCC-4240N, ATAPI CD/DVD-ROM drive
ide1 at 0x170-0x177,0x376 on irq 15
Probing IDE interface ide2...
ide2: Wait for ready failed before probe !
Probing IDE interface ide3...
ide3: Wait for ready failed before probe !
Probing IDE interface ide4...
ide4: Wait for ready failed before probe !
Probing IDE interface ide5...
ide5: Wait for ready failed before probe !
hda: max request size: 128KiB
hda: 78140160 sectors (40007 MB) w/1768KiB Cache, CHS=65535/16/63, UDMA(100)
hda: cache flushes not supported
 /dev/ide/host0/bus0/target0/lun0: p1 p2 < p5 p6 p7 >
hdc: ATAPI 24X DVD-ROM CD-R/RW drive, 2048kB Cache, DMA
Uniform CD-ROM driver Revision: 3.20
mice: PS/2 mouse device common for all mice
input: AT Translated Set 2 keyboard on isa0060/serio0
Synaptics Touchpad, model: 1
 Firmware: 5.8
 Sensor: 35
 new absolute packet format
 Touchpad has extended capability bits
 -> multifinger detection
 -> palm detection
input: SynPS/2 Synaptics TouchPad on isa0060/serio1
NET: Registered protocol family 2
IP: routing cache hash table of 128 buckets, 20Kbytes
TCP: Hash tables configured (established 1024 bind 1638)
NET: Registered protocol family 1
NET: Registered protocol family 17
EXT3-fs: mounted filesystem with ordered data mode.
VFS: Mounted root (ext3 filesystem) readonly.
Freeing unused kernel memory: 152k freed
kjournald starting.  Commit interval 5 seconds
ACPI: AC Adapter [ACAD] (on-line)
ACPI: Battery Slot [BAT1] (battery present)
ACPI: Power Button (FF) [PWRF]
ACPI: Lid Switch [LID]
ACPI: Processor [CPU0] (supports C1 C2)
ACPI: Thermal Zone [THRM] (52 C)
usbcore: registered new driver usbfs
usbcore: registered new driver hub
ohci_hcd: 2004 Feb 02 USB 1.1 'Open' Host Controller (OHCI) Driver (PCI)
ACPI: PCI Interrupt Link [LNK8] enabled at IRQ 10
ACPI: PCI interrupt 0000:00:02.0[A] -> GSI 10 (level, low) -> IRQ 10
ohci_hcd 0000:00:02.0: OHCI Host Controller
ohci_hcd 0000:00:02.0: irq 10, pci mem 0xd4000000
ohci_hcd 0000:00:02.0: new USB bus registered, assigned bus number 1
hub 1-0:1.0: USB hub found
hub 1-0:1.0: 3 ports detected
ACPI: PCI Interrupt Link [LNK4] enabled at IRQ 10
ACPI: PCI interrupt 0000:00:0f.0[A] -> GSI 10 (level, low) -> IRQ 10
ohci_hcd 0000:00:0f.0: OHCI Host Controller
ohci_hcd 0000:00:0f.0: irq 10, pci mem 0xd4009000
ohci_hcd 0000:00:0f.0: new USB bus registered, assigned bus number 2
hub 2-0:1.0: USB hub found
hub 2-0:1.0: 3 ports detected
usb usb2: string descriptor 0 read error: -113
usb usb2: string descriptor 0 read error: -113
usb usb2: string descriptor 0 read error: -113
usb usb1: string descriptor 0 read error: -113
usb usb1: string descriptor 0 read error: -113
usb usb1: string descriptor 0 read error: -113
usb usb2: string descriptor 0 read error: -113
usb usb2: string descriptor 0 read error: -113
usb usb2: string descriptor 0 read error: -113
usb usb1: string descriptor 0 read error: -113
usb usb1: string descriptor 0 read error: -113
usb usb1: string descriptor 0 read error: -113
EXT3 FS on hda5, internal journal
Adding 506008k swap on /dev/hda6.  Priority:-1 extents:1
kjournald starting.  Commit interval 5 seconds
EXT3 FS on hda7, internal journal
EXT3-fs: mounted filesystem with ordered data mode.
subfs 0.9
loop: loaded (max 8 devices)
natsemi dp8381x driver, version 1.07+LK1.0.17, Sep 27, 2002
  originally by Donald Becker <becker@scyld.com>
  
http://www.scyld.com/network/natsemi.html
  2.4.x kernel port by Jeff Garzik, Tjeerd Mulder
ACPI: PCI Interrupt Link [LNK1] enabled at IRQ 10
ACPI: PCI interrupt 0000:00:12.0[A] -> GSI 10 (level, low) -> IRQ 10
natsemi eth0: NatSemi DP8381[56] at 0xd400a000 (0000:00:12.0),
00:0b:cd:85:0f:54, IRQ 10, port TP.
Linux Kernel Card Services
  options:  [pci] [cardbus] [pm]
PCI: Enabling device 0000:00:0a.0 (0005 -> 0007)
ACPI: PCI Interrupt Link [LNK5] enabled at IRQ 11
PCI: setting IRQ 11 as level-triggered
ACPI: PCI interrupt 0000:00:0a.0[A] -> GSI 11 (level, low) -> IRQ 11
Yenta: CardBus bridge found at 0000:00:0a.0 [103c:0850]
Yenta: ISA IRQ mask 0x00b8, PCI irq 11
Socket status: 30000007
cs: IO port probe 0x0c00-0x0cff: clean.
cs: IO port probe 0x0100-0x04ff: excluding 0x408-0x40f 0x480-0x48f
0x4d0-0x4d7
cs: IO port probe 0x0a00-0x0aff: clean.
prism2_cs: Ignoring new-style parameters in presence of obsolete ones
prism2cs_init: prism2_cs.o: 0.2.1-pre22 Loaded
prism2cs_init: dev_info is: prism2_cs
PCI: Enabling device 0000:00:06.0 (0005 -> 0007)
ACPI: PCI Interrupt Link [LNK7] enabled at IRQ 5
PCI: setting IRQ 5 as level-triggered
ACPI: PCI interrupt 0000:00:06.0[A] -> GSI 5 (level, low) -> IRQ 5
usbcore: registered new driver snd-usb-usx2y
Realtime LSM initialized (group 81, mlock=1)
mtrr: no more MTRRs available
ohci_hcd 0000:00:0f.0: wakeup
usb 2-1: new full speed USB device using address 2
Initializing USB Mass Storage driver...
scsi0 : SCSI emulation for USB Mass Storage devices
usbcore: registered new driver usb-storage
USB Mass Storage support registered.
usb-storage: device found at 2
usb-storage: waiting for device to settle before scanning
------------[ cut here ]------------
kernel BUG at lib/rwsem-generic.c:598!
invalid operand: 0000 [#1]
PREEMPT
Modules linked in: usb_storage realtime commoncap snd_seq_oss
snd_seq_midi_event snd_seq snd_pcm_oss snd_mixer_oss snd_usb_usx2y
snd_usb_lib snd_rawmidi snd_seq_device snd_hwdep snd_ali5451
snd_ac97_codec snd_pcm snd_timer snd_page_alloc snd soundcore prism2_cs
p80211 ds yenta_socket pcmcia_core natsemi crc32 loop subfs evdev ohci_hcd
usbcore thermal processor fan button battery ac
CPU:    0
EIP:    0060:[<c01b7e24>]    Not tainted VLI
EFLAGS: 00010202   (2.6.9-rc4-mm1-RT-U8.1)
EIP is at up_write+0x1d4/0x202
eax: d4dce000   ebx: 00000292   ecx: d4e18980   edx: d52da030
esi: d4e69e24   edi: d5803400   ebp: d4dcfd6c   esp: d4dcfd4c
ds: 007b   es: 007b   ss: 0068   preempt: 00000001
Process usb-stor (pid: 6630, threadinfo=d4dce000 task=d4dcd8f0)
Stack: d4dcd8f0 d4dcfd78 c02bea7a 00000001 d4dcd8f0 00000292 d4e18980
d5803400
       d4dcfd84 e018e139 d4e18980 d4dcfd84 00000292 d58034b8 d4dcfdac
c022ed0c
       d4e18980 c022ef10 c023166d 00000000 d4e189d4 d4e18980 dcf21000
d5803400
Call Trace:
 [<c0104eb0>] show_stack+0x80/0x96 (28)
 [<c010504b>] show_registers+0x165/0x1de (56)
 [<c010525d>] die+0xf6/0x191 (64)
 [<c0105797>] do_invalid_op+0x10b/0x10d (188)
 [<c0104b0d>] error_code+0x2d/0x38 (100)
 [<e018e139>] queuecommand+0x70/0x7c [usb_storage] (24)
 [<c022ed0c>] scsi_dispatch_cmd+0x168/0x218 (40)
 [<c02342e1>] scsi_request_fn+0x1ee/0x42b (52)
 [<c0205606>] blk_insert_request+0xcd/0xfb (44)
 [<c0232f43>] scsi_insert_special_req+0x3b/0x3f (28)
 [<c0233175>] scsi_wait_req+0x61/0x94 (60)
 [<c0235290>] scsi_probe_lun+0x8e/0x240 (68)
 [<c0235883>] scsi_probe_and_add_lun+0xb0/0x1be (48)
 [<c0236009>] scsi_scan_target+0xa4/0x123 (60)
 [<c0236115>] scsi_scan_channel+0x8d/0xa4 (48)
 [<c02361a5>] scsi_scan_host_selected+0x79/0xd4 (44)
 [<c0236231>] scsi_scan_host+0x31/0x33 (28)
 [<e0190cbd>] usb_stor_scan_thread+0x144/0x155 [usb_storage] (96)
 [<c0102305>] kernel_thread_helper+0x5/0xb (723714068)
preempt count: 00000002
. 2-level deep critical section nesting:
.. entry 1: die+0x3a/0x191 / (do_invalid_op+0x10b/0x10d)
.. entry 2: print_traces+0x16/0x4a / (show_stack+0x80/0x96)
Code: e8 af f9 ff ff 89 f8 e8 fd af f5 ff e9 35 ff ff ff 0f 0b a5 00 e3 e8
2c c0 e9 da fe ff ff 0f 0b a4 00 e3 e8 2c c0 e9 c4 fe ff ff <0f> 0b 56 02
6f 75 2d c0 e9 3c fe ff ff e8 a8 5b 10 00 e9 22 ff
-- 
rncbc aka Rui Nuno Capela
rncbc@rncbc.org[unhandled content-type:application/x-gzip-compressed][unhandled content-type:application/x-gzip-compressed]