Date: Fri, 31 Oct 2003 01:40:21 +0100
From: Nico Schottelius <>
Subject: APM not available, ACPI does not find battery
Sender: linux-kernel-owner@vger.kernel.org
Precedence: bulk
List-ID: <linux-kernel.vger.kernel.org>
X-Mailing-List: linux-kernel@vger.kernel.org
X-Lkml-Link: https://lkml.org/lkml/2003/10/30/187

Hello!
What todo when I don't have an APM bios and the acpi directories
ac_adapter and battery are empty?
And howto use the 'email' and 'web' buttons?
Greetings,
Nico
Please CC replies to me.
Linux scice 2.6.0-test9 #1 Wed Oct 29 13:28:17 CET 2003 i686 GNU/Linux
[unhandled content-type:application/octet-stream]Linux version 2.6.0-test9 (root@scice) (gcc version 3.3.2 (Debian)) #1 Wed Oct 29 13:28:17 CET 2003
BIOS-provided physical RAM map:
 BIOS-e820: 0000000000000000 - 0000000000095c00 (usable)
 BIOS-e820: 0000000000095c00 - 00000000000a0000 (reserved)
 BIOS-e820: 00000000000f0000 - 0000000000100000 (reserved)
 BIOS-e820: 0000000000100000 - 000000000eff0000 (usable)
 BIOS-e820: 000000000eff0000 - 000000000eff8000 (ACPI data)
 BIOS-e820: 000000000eff8000 - 000000000f000000 (ACPI NVS)
 BIOS-e820: 00000000fffc0000 - 0000000100000000 (reserved)
239MB LOWMEM available.
On node 0 totalpages: 61424
  DMA zone: 4096 pages, LIFO batch:1
  Normal zone: 57328 pages, LIFO batch:13
  HighMem zone: 0 pages, LIFO batch:1
DMI 2.3 present.
ACPI: RSDP (v000 AMI                                       ) @ 0x000fad50
ACPI: RSDT (v001 AMIINT AMIINT09 0x00000011 MSFT 0x00000097) @ 0x0eff0000
ACPI: FADT (v001 AMIINT AMIINT09 0x00000011 MSFT 0x00000097) @ 0x0eff0030
ACPI: DSDT (v001 TM5600    TMx86 0x00001000 MSFT 0x0100000d) @ 0x00000000
Building zonelist for node : 0
Kernel command line: video="sis:accel,xres:1024,yres:768,bpp:16"
No local APIC present or hardware disabled
Initializing CPU#0
PID hash table entries: 1024 (order 10: 8192 bytes)
Detected 598.888 MHz processor.
Console: colour VGA+ 80x25
Memory: 238892k/245696k available (2434k kernel code, 6068k reserved, 663k data, 328k init, 0k highmem)
Calibrating delay loop... 1101.82 BogoMIPS
Security Scaffold v1.0.0 initialized
Dentry cache hash table entries: 32768 (order: 5, 131072 bytes)
Inode-cache hash table entries: 16384 (order: 4, 65536 bytes)
Mount-cache hash table entries: 512 (order: 0, 4096 bytes)
CPU:     After generic identify, caps: 0084893f 0081813f 00000000 00000000
CPU:     After vendor identify, caps: 0084893f 0081813f 0000000e 00000000
CPU: L1 I Cache: 64K (64 bytes/line), D cache 64K (32 bytes/line)
CPU: L2 Cache: 512K (128 bytes/line)
CPU: Processor revision 1.3.2.1, 600 MHz
CPU: Code Morphing Software revision 4.2.7-8-278
CPU: 20011004 02:04 official release 4.2.7#7
CPU serial number disabled.
CPU:     After all inits, caps: 0080893f 0081813f 0000000e 00000000
CPU: Transmeta(tm) Crusoe(tm) Processor TM5600 stepping 03
Checking 'hlt' instruction... OK.
POSIX conformance testing by UNIFIX
NET: Registered protocol family 16
PCI: PCI BIOS revision 2.10 entry at 0xfda61, last bus=0
PCI: Using configuration type 1
mtrr: v2.0 (20020519)
ACPI: Subsystem revision 20031002
ACPI: IRQ 4 was Edge Triggered, setting to Level Triggerd
ACPI: Interpreter enabled
ACPI: Using PIC for interrupt routing
ACPI: PCI Root Bridge [PCI0] (00:00)
PCI: Probing PCI hardware (bus 00)
ACPI: PCI Interrupt Routing Table [\_SB_.PCI0._PRT]
ACPI: Power Resource [URP1] (off)
ACPI: Power Resource [URP2] (off)
ACPI: Power Resource [FDDP] (off)
ACPI: Power Resource [LPTP] (off)
ACPI: PCI Interrupt Link [LNKA] (IRQs 3 4 5 6 7 9 10 11 12 14 15)
ACPI: PCI Interrupt Link [LNKB] (IRQs 3 4 5 6 7 10 *11 12 14 15)
ACPI: PCI Interrupt Link [LNKC] (IRQs 3 4 *5 6 7 10 12 14 15)
ACPI: PCI Interrupt Link [LNKD] (IRQs 3 4 6 7 *9 10 11 12 14 15)
ACPI: PCI Interrupt Link [LNKE] (IRQs 3 4 5 6 7 10 11 14 15)
ACPI: PCI Interrupt Link [LNKF] (IRQs 3 4 5 6 7 9 10 11 12 14 15)
ACPI: PCI Interrupt Link [LNKG] (IRQs 3 4 5 6 7 *9 10 11 12 14 15)
ACPI: PCI Interrupt Link [LNKH] (IRQs 3 4 *5 6 7 14 15)
ACPI: PCI Interrupt Link [LNKP] (IRQs 3 4 5 6 7 *10 11 12 14 15)
ACPI: PCI Interrupt Link [LNKC] enabled at IRQ 5
ACPI: PCI Interrupt Link [LNKH] enabled at IRQ 5
ACPI: PCI Interrupt Link [LNKG] enabled at IRQ 9
ACPI: PCI Interrupt Link [LNKB] enabled at IRQ 11
ACPI: PCI Interrupt Link [LNKD] enabled at IRQ 9
ACPI: No IRQ known for interrupt pin A of device 0000:00:10.0
ACPI: PCI Interrupt Link [LNKP] enabled at IRQ 10
PCI: Using ACPI for IRQ routing
PCI: if you experience problems, try using option 'pci=noacpi' or even 'acpi=off'
sisfb: Video ROM found and mapped to c00c0000
sisfb: Framebuffer at 0xd0000000, mapped to 0xcf80a000, size 16384k
sisfb: MMIO at 0xeffc0000, mapped to 0xd080b000, size 256k
sisfb: Memory heap starting at 8192K
sisfb: Using MMIO queue mode
sisfb: SiS301LV bridge detected (revision 0xd1)
sisfb: Default mode is 800x600x8 (60Hz)
sisfb: Added MTRRs
sisfb: Installed SISFB_GET_INFO ioctl (80046ef8)
sisfb: 2D acceleration is enabled, scrolling mode ypan
fb0: SIS 315PRO frame buffer device, Version 1.6.01
ikconfig 0.7 with /proc/config*
VFS: Disk quotas dquot_6.5.1
devfs: v1.22 (20021013) Richard Gooch (rgooch@atnf.csiro.au)
devfs: boot_options: 0x1
SGI XFS for Linux with ACLs, no debug enabled
SGI XFS Quota Management subsystem
Initializing Cryptographic API
sisfb: Change mode to 800x600x8-60Hz
Console: switching to colour frame buffer device 100x37
pty: 256 Unix98 ptys configured
Linux agpgart interface v0.100 (c) Dave Jones
RAMDISK driver initialized: 16 RAM disks of 4096K size 1024 blocksize
loop: loaded (max 8 devices)
8139too Fast Ethernet driver 0.9.26
eth0: RealTek RTL8139 at 0xd084ce00, 00:0a:e6:ba:f6:c2, IRQ 5
eth0:  Identified 8139 chip type 'RTL-8100B/8139D'
HDLC support module revision 1.16
Cronyx Ltd, Synchronous PPP and CISCO HDLC (c) 1994
Linux port (c) 1998 Building Number Three Ltd & Jan "Yenya" Kasprzak.
Uniform Multi-Platform E-IDE driver Revision: 7.00alpha2
ide: Assuming 33MHz system bus speed for PIO modes; override with idebus=xx
hda: FUJITSU MHS2030AT, ATA DISK drive
hdc: QSI CD-RW/DVD-ROM SBW-242, ATAPI CD/DVD-ROM drive
Using anticipatory io scheduler
ide0 at 0x1f0-0x1f7,0x3f6 on irq 14
ide1 at 0x170-0x177,0x376 on irq 15
hda: max request size: 128KiB
hda: 58605120 sectors (30005 MB) w/2048KiB Cache, CHS=58140/16/63
 /dev/ide/host0/bus0/target0/lun0: p1 p2
hdc: ATAPI 24X DVD-ROM CD-R/RW drive, 2048kB Cache
Uniform CD-ROM driver Revision: 3.12
Console: switching to colour frame buffer device 100x37
mice: PS/2 mouse device common for all mice
i8042.c: Detected active multiplexing controller, rev 1.1.
serio: i8042 AUX0 port at 0x60,0x64 irq 12
serio: i8042 AUX1 port at 0x60,0x64 irq 12
serio: i8042 AUX2 port at 0x60,0x64 irq 12
Synaptics Touchpad, model: 1
 Firmware: 5.8
 Sensor: 29
 new absolute packet format
 Touchpad has extended capability bits
 -> 4 multi-buttons, i.e. besides standard buttons
 -> multifinger detection
 -> palm detection
input: SynPS/2 Synaptics TouchPad on isa0060/serio4
serio: i8042 AUX3 port at 0x60,0x64 irq 12
input: AT Translated Set 2 keyboard on isa0060/serio0
serio: i8042 KBD port at 0x60,0x64 irq 1
NET: Registered protocol family 2
IP: routing cache hash table of 2048 buckets, 16Kbytes
TCP: Hash tables configured (established 16384 bind 32768)
Initializing IPsec netlink socket
NET: Registered protocol family 1
NET: Registered protocol family 17
NET: Registered protocol family 15
BIOS EDD facility v0.10 2003-Oct-11, 1 devices found
Please report your BIOS at 
http://domsch.com/linux/edd30/results.html
ACPI: (supports S0 S1 S3 S4 S5)
found reiserfs format "3.6" with standard journal
Reiserfs journal params: device hda2, size 8192, journal first block 18, max trans len 1024, max batch 900, max commit age 30, max trans age 30
reiserfs: checking transaction log (hda2) for (hda2)
reiserfs: replayed 3 transactions in 0 seconds
Using r5 hash to sort names
VFS: Mounted root (reiserfs filesystem) readonly.
Mounted devfs on /dev
Freeing unused kernel memory: 328k freed
Adding 248968k swap on /dev/discs/disc0/part1.  Priority:-1 extents:1
drivers/usb/core/usb.c: registered new driver usbfs
drivers/usb/core/usb.c: registered new driver hub
drivers/usb/host/uhci-hcd.c: USB Universal Host Controller Interface driver v2.1
uhci_hcd 0000:00:0a.0: UHCI Host Controller
uhci_hcd 0000:00:0a.0: irq 11, io base 0000de80
uhci_hcd 0000:00:0a.0: new USB bus registered, assigned bus number 1
hub 1-0:1.0: USB hub found
hub 1-0:1.0: 2 ports detected
uhci_hcd 0000:00:0a.1: UHCI Host Controller
uhci_hcd 0000:00:0a.1: irq 5, io base 0000df00
uhci_hcd 0000:00:0a.1: new USB bus registered, assigned bus number 2
hub 2-0:1.0: USB hub found
hub 2-0:1.0: 2 ports detected
ohci_hcd: 2003 Oct 13 USB 1.1 'Open' Host Controller (OHCI) Driver (PCI)
ohci_hcd: block sizes: ed 64 td 64
ohci_hcd 0000:00:14.0: OHCI Host Controller
ohci_hcd 0000:00:14.0: irq 10, pci mem d0922000
ohci_hcd 0000:00:14.0: new USB bus registered, assigned bus number 3
hub 3-0:1.0: USB hub found
hub 3-0:1.0: 2 ports detected
ehci_hcd 0000:00:0a.2: EHCI Host Controller
ehci_hcd 0000:00:0a.2: irq 9, pci mem d0924f00
ehci_hcd 0000:00:0a.2: new USB bus registered, assigned bus number 4
ehci_hcd 0000:00:0a.2: USB 2.0 enabled, EHCI 0.95, driver 2003-Jun-13
hub 4-0:1.0: USB hub found
hub 4-0:1.0: 4 ports detected
drivers/usb/core/usb.c: registered new driver usbkbd
drivers/usb/input/usbkbd.c: :USB HID Boot Protocol keyboard driver
hub 3-0:1.0: new USB device on port 1, assigned address 2
eth0: link up, 100Mbps, full-duplex, lpa 0x45E1
NET: Registered protocol family 10
Disabled Privacy Extensions on device c03cfb80(lo)
IPv6 over IPv4 tunneling driver
Disabled Privacy Extensions on device ce8b3c00(sit0)
eth0: no IPv6 routers present
eth0: link down
eth0: link up, 100Mbps, full-duplex, lpa 0x45E1
eth0: link down
eth0: link up, 100Mbps, full-duplex, lpa 0x45E1
eth0: link down
eth0: link up, 100Mbps, full-duplex, lpa 0x45E1
eth0: link down
eth0: link up, 100Mbps, full-duplex, lpa 0x41E1
eth0: link down
eth0: link up, 100Mbps, full-duplex, lpa 0x41E1
eth0: link down
eth0: link up, 100Mbps, full-duplex, lpa 0x41E1
ACPI: Power Button (FF) [PWRF]
ACPI: Lid Switch [LID0]
ACPI: Processor [CPU1] (supports C1, 8 throttling states)
IA-32 Microcode Update Driver: v1.13 <tigran@veritas.com>
cpufreq: No CPUs supporting ACPI performance management found.
[drm] Initialized sis 1.1.0 20030826 on minor 0
eth0: link down
eth0: link up, 10Mbps, half-duplex, lpa 0x0000
spurious 8259A interrupt: IRQ7.
atkbd.c: Unknown key pressed (translated set 2, code 0x11d, data 0x11, on isa0060/serio0).
atkbd.c: Unknown key released (translated set 2, code 0x11d, data 0x91, on isa0060/serio0).
hda: status timeout: status=0xd0 { Busy }
hda: no DRQ after issuing WRITE
ide0: reset: success
hda: status timeout: status=0xd0 { Busy }
hda: no DRQ after issuing WRITE
ide0: reset: success
hda: status timeout: status=0xd0 { Busy }
hda: no DRQ after issuing WRITE
ide0: reset: success