Date: Wed, 26 Apr 2006 17:28:49 +0200 (CEST)
From: Németh Márton <>
Subject: Linux 2.6.16.9 + oops in block_write_full_page()
Sender: linux-kernel-owner@vger.kernel.org
Precedence: bulk
List-ID: <linux-kernel.vger.kernel.org>
X-Mailing-List: linux-kernel@vger.kernel.org
X-Lkml-Link: https://lkml.org/lkml/2006/4/26/128

[1.] One line summary of the problem:
Oops after some days of uptime.
[2.] Full description of the problem/report:
After some days of uptime, an oops appeared in dmesg. I was
able to log in to this linux box through ssh (using IP over
eth0). If I tried to execute a sync command, it was not
returned.
The other thing I recognise was that in 'top' program the line:
Cpu(s):  x% us,  x% sy,  x% ni, x% id,  x% wa,  x% hi,  x% si
the 'wa' was at 90...100%.
After rebooting the system it has now 8 hours of uptime
without oops.
I include the information after reboot except the dmesg log
which is original at point 6.
[3.] Keywords (i.e., modules, networking, kernel):
[4.] Kernel version (from /proc/version):
Linux version 2.6.16.9 (nmarci@nagyi) (gcc version 3.3.5
(Debian 1:3.3.5-13)) #2 Sat Apr 22 16:42:31 CEST 2006
[5.] Most recent kernel version which did not have the bug:
[6.] Output of Oops.. message (if applicable) with symbolic
information
     resolved (see Documentation/oops-tracing.txt)
Linux version 2.6.16.9 (nmarci@nagyi) (gcc version 3.3.5
(Debian 1:3.3.5-13)) #2 Sat Apr 22 16:42:31 CEST 2006
BIOS-provided physical RAM map:
 BIOS-e820: 0000000000000000 - 000000000009f800 (usable)
 BIOS-e820: 000000000009f800 - 00000000000a0000 (reserved)
 BIOS-e820: 00000000000ea800 - 0000000000100000 (reserved)
 BIOS-e820: 0000000000100000 - 000000000fff0000 (usable)
 BIOS-e820: 000000000fff0000 - 000000000ffffc00 (ACPI data)
 BIOS-e820: 000000000ffffc00 - 0000000010000000 (ACPI NVS)
 BIOS-e820: 00000000fff80000 - 0000000100000000 (reserved)
255MB LOWMEM available.
On node 0 totalpages: 65520
  DMA zone: 4096 pages, LIFO batch:0
  DMA32 zone: 0 pages, LIFO batch:0
  Normal zone: 61424 pages, LIFO batch:15
  HighMem zone: 0 pages, LIFO batch:0
DMI 2.2 present.
ACPI: RSDP (v000 PTLTD                                 ) @
0x000f6f10
ACPI: RSDT (v001 PTLTD    RSDT   0x00000001  LTP 0x00000000)
@ 0x0fffb7df
ACPI: FADT (v001 HP     HolmesHZ 0x00000001 PTL  0x00000001)
@ 0x0fffb80b
ACPI: BOOT (v001 PTLTD  $SBFTBL$ 0x00000001  LTP 0x00000001)
@ 0x0ffffbd9
ACPI: DSDT (v001     HP HolmesHZ 0x00000001 MSFT 0x01000007)
@ 0x00000000
ACPI: PM-Timer IO Port: 0x8008
Allocating PCI resources starting at 20000000 (gap:
10000000:eff80000)
Built 1 zonelists
Kernel command line: auto BOOT_IMAGE=linux-2.6.16.9 ro root=301
Local APIC disabled by BIOS -- you can enable it with "lapic"
mapped APIC to ffffd000 (01202000)
Enabling fast FPU save and restore... done.
Enabling unmasked SIMD FPU exception support... done.
Initializing CPU#0
PID hash table entries: 1024 (order: 10, 16384 bytes)
Detected 601.448 MHz processor.
Using pmtmr for high-res timesource
Console: colour VGA+ 80x25
Dentry cache hash table entries: 65536 (order: 6, 262144 bytes)
Inode-cache hash table entries: 32768 (order: 5, 131072 bytes)
Memory: 256460k/262080k available (1701k kernel code, 5080k
reserved, 571k data, 160k init, 0k highmem)
Checking if this processor honours the WP bit even in
supervisor mode... Ok.
Calibrating delay using timer specific routine.. 1204.45
BogoMIPS (lpj=2408911)
Mount-cache hash table entries: 512
CPU: After generic identify, caps: 0383f9ff 00000000
00000000 00000000 00000000 00000000 00000000
CPU: After vendor identify, caps: 0383f9ff 00000000 00000000
00000000 00000000 00000000 00000000
CPU: L1 I cache: 16K, L1 D cache: 16K
CPU: L2 cache: 256K
CPU: After all inits, caps: 0383f9ff 00000000 00000000
00000040 00000000 00000000 00000000
Intel machine check architecture supported.
Intel machine check reporting enabled on CPU#0.
CPU: Intel Pentium III (Coppermine) stepping 03
Checking 'hlt' instruction... OK.
NET: Registered protocol family 16
ACPI: bus type pci registered
PCI: PCI BIOS revision 2.10 entry at 0xfd9a3, last bus=1
PCI: Using configuration type 1
ACPI: Subsystem revision 20060127
ACPI: Interpreter enabled
ACPI: Using PIC for interrupt routing
ACPI: PCI Root Bridge [PCI0] (0000:00)
PCI: Probing PCI hardware (bus 00)
PCI quirk: region 8000-803f claimed by PIIX4 ACPI
PCI quirk: region 1040-104f claimed by PIIX4 SMB
Boot video device is 0000:01:00.0
ACPI: PCI Interrupt Routing Table [\_SB_.PCI0._PRT]
ACPI: PCI Interrupt Link [LNKA] (IRQs 3 4 5 6 7 *9 10 11 14 15)
ACPI: PCI Interrupt Link [LNKB] (IRQs 3 4 5 6 7 9 10 11 14
15) *0, disabled.
ACPI: PCI Interrupt Link [LNKC] (IRQs 3 4 5 6 7 9 10 11 14
15) *0, disabled.
ACPI: PCI Interrupt Link [LNKD] (IRQs 3 4 6 7 9 10 11 14 15)
*0, disabled.
Linux Plug and Play Support v0.97 (c) Adam Belay
pnp: PnP ACPI init
pnp: PnP ACPI: found 12 devices
PnPBIOS: Disabled by ACPI PNP
PCI: Using ACPI for IRQ routing
PCI: If a device doesn't work, try "pci=routeirq".  If it
helps, post a report
PCI: Ignore bogus resource 6 [0:0] of 0000:01:00.0
PCI: Bridge: 0000:00:01.0
  IO window: disabled.
  MEM window: f4200000-f4ffffff
  PREFETCH window: f5000000-f5ffffff
Simple Boot Flag value 0xff read from CMOS RAM was invalid
Simple Boot Flag at 0x3b set to 0x1
VFS: Disk quotas dquot_6.5.1
Dquot-cache hash table entries: 1024 (order 0, 4096 bytes)
Initializing Cryptographic API
io scheduler noop registered
io scheduler anticipatory registered
io scheduler deadline registered (default)
io scheduler cfq registered
Limiting direct PCI/PCI transfers.
isapnp: Scanning for PnP cards...
isapnp: No Plug & Play device found
PNP: PS/2 Controller [PNP0303:KBC] at 0x60,0x64 irq 1
PNP: PS/2 controller doesn't have AUX irq; using default 12
serio: i8042 AUX port at 0x60,0x64 irq 12
serio: i8042 KBD port at 0x60,0x64 irq 1
Uniform Multi-Platform E-IDE driver Revision: 7.00alpha2
ide: Assuming 33MHz system bus speed for PIO modes; override
with idebus=xx
PIIX4: IDE controller at PCI slot 0000:00:04.1
PIIX4: chipset revision 1
PIIX4: not 100% native mode: will probe irqs later
    ide0: BM-DMA at 0x1000-0x1007, BIOS settings: hda:DMA,
hdb:pio
    ide1: BM-DMA at 0x1008-0x100f, BIOS settings: hdc:DMA,
hdd:pio
Probing IDE interface ide0...
hda: Maxtor 90871U2, ATA DISK drive
ide0 at 0x1f0-0x1f7,0x3f6 on irq 14
Probing IDE interface ide1...
hdc: LTN485S, ATAPI CD/DVD-ROM drive
ide1 at 0x170-0x177,0x376 on irq 15
hda: max request size: 128KiB
hda: 16514064 sectors (8455 MB) w/512KiB Cache,
CHS=16383/16/63, UDMA(33)
hda: cache flushes not supported
 hda: hda1 hda2
mice: PS/2 mouse device common for all mice
NET: Registered protocol family 2
IP route cache hash table entries: 4096 (order: 2, 16384 bytes)
TCP established hash table entries: 16384 (order: 4, 65536
bytes)
TCP bind hash table entries: 16384 (order: 4, 65536 bytes)
TCP: Hash tables configured (established 16384 bind 16384)
TCP reno registered
TCP bic registered
NET: Registered protocol family 1
NET: Registered protocol family 17
Using IPI Shortcut mode
ACPI wakeup devices: 
PCI0 COMA  USB 
ACPI: (supports S0 S1 S4 S5)
ReiserFS: hda1: found reiserfs format "3.6" with standard
journal
ReiserFS: hda1: using ordered data mode
ReiserFS: hda1: journal params: device hda1, size 8192,
journal first block 18, max trans len 1024, max batch 900,
max commit age 30, max trans age 30
ReiserFS: hda1: checking transaction log (hda1)
ReiserFS: hda1: Using r5 hash to sort names
VFS: Mounted root (reiserfs filesystem) readonly.
Freeing unused kernel memory: 160k freed
Adding 1420324k swap on /dev/hda2.  Priority:-1 extents:1
across:1420324k
Real Time Clock Driver v1.12ac
8139too Fast Ethernet driver 0.9.27
PCI: Enabling device 0000:00:10.0 (0100 -> 0103)
ACPI: PCI Interrupt Link [LNKC] enabled at IRQ 11
PCI: setting IRQ 11 as level-triggered
ACPI: PCI Interrupt 0000:00:10.0[A] -> Link [LNKC] -> GSI 11
(level, low) -> IRQ 11
eth0: RealTek RTL8139 at 0xd096a000, 00:e0:7d:ed:92:c1, IRQ 11
eth0:  Identified 8139 chip type 'RTL-8100B/8139D'
eth0: link up, 100Mbps, full-duplex, lpa 0x45E1
ne2k-pci.c:v1.03 9/22/2003 D. Becker/P. Gortmaker
  
http://www.scyld.com/network/ne2k-pci.html
PCI: Enabling device 0000:00:12.0 (0100 -> 0101)
ACPI: PCI Interrupt Link [LNKB] enabled at IRQ 10
PCI: setting IRQ 10 as level-triggered
ACPI: PCI Interrupt 0000:00:12.0[A] -> Link [LNKB] -> GSI 10
(level, low) -> IRQ 10
eth1: KTI ET32P2 found at 0x1060, IRQ 10, 00:40:F6:14:A6:D7.
CSLIP: code copyright 1989 Regents of the University of
California
PPP generic driver version 2.4.2
NET: Registered protocol family 10
IPv6 over IPv4 tunneling driver
ip_tables: (C) 2000-2006 Netfilter Core Team
ip_conntrack version 2.4 (2047 buckets, 16376 max) - 212
bytes per conntrack
PPP BSD Compression module registered
PPP Deflate Compression module registered
parport: PnPBIOS parport detected.
parport0: PC-style at 0x378 (0x778), irq 7, dma 1
[PCSPP,TRISTATE,COMPAT,ECP,DMA]
lp0: using parport0 (interrupt-driven).
eth1: no IPv6 routers present
eth0: no IPv6 routers present
Unable to handle kernel NULL pointer dereference at virtual
address 00000a81
 printing eip:
c0157143
*pde = 00000000
Oops: 0000 [#1]
Modules linked in: parport_pc lp parport ppp_deflate
zlib_deflate zlib_inflate bsd_comp ip_nat_ftp
ip_conntrack_ftp ipt_MASQUERADE iptable_nat ip_nat
ip_conntrack xt_tcpudp iptable_filter ip_tables x_tables
ppp_async crc_ccitt ipv6 ppp_generic slhc ne2k_pci 8390
8139too mii crc32 rtc
CPU:    0
EIP:    0060:[<c0157143>]    Not tainted VLI
EFLAGS: 00010293   (2.6.16.9 #2) 
EIP is at __block_write_full_page+0x1c3/0x300
eax: 00001000   ebx: 00000a81   ecx: c110cf60   edx: c110cf60
esi: 00000a82   edi: c3ece724   ebp: 001a1456   esp: c8fc5d2c
ds: 007b   es: 007b   ss: 0068
Process pdflush (pid: 16615, threadinfo=c8fc4000 task=c1300030)
Stack: <0>c11d0d60 00000000 00000a85 c8fc5dd0 00000000
00000000 00000001 c110cf60 
       0000000e c127fce4 c015880c c127fce4 c110cf60 c015ba30
c8fc5f24 c110cf60 
       00000009 0000000e c8fc5f24 c015bbc0 c110cf60 c015ba30
c8fc5f24 c0178513 
Call Trace:
 [<c015880c>] block_write_full_page+0xcc/0xd0
 [<c015ba30>] blkdev_get_block+0x0/0x60
 [<c015bbc0>] blkdev_writepage+0x20/0x30
 [<c015ba30>] blkdev_get_block+0x0/0x60
 [<c0178513>] mpage_writepages+0x283/0x400
 [<c015bba0>] blkdev_writepage+0x0/0x30
 [<c015cb3d>] generic_writepages+0x1d/0x21
 [<c013defe>] do_writepages+0x2e/0x60
 [<c0176ad6>] __sync_single_inode+0x56/0x200
 [<c0176d08>] __writeback_single_inode+0x88/0x1a0
 [<c01b8175>] journal_end_sync+0x55/0xa0
 [<c01a4805>] reiserfs_sync_fs+0x65/0x70
 [<c0176fd6>] sync_sb_inodes+0x1b6/0x2b0
 [<c017717c>] writeback_inodes+0xac/0xb0
 [<c013dcb6>] wb_kupdate+0xc6/0x140
 [<c013e660>] pdflush+0x0/0x40
 [<c013e594>] __pdflush+0xa4/0x170
 [<c013e693>] pdflush+0x33/0x40
 [<c013dbf0>] wb_kupdate+0x0/0x140
 [<c013e660>] pdflush+0x0/0x40
 [<c012b4aa>] kthread+0xba/0xc0
 [<c012b3f0>] kthread+0x0/0xc0
 [<c01013b5>] kernel_thread_helper+0x5/0x10
Code: eb d4 8d b6 00 00 00 00 0f ba 2b 02 19 c0 85 c0 74 c4
8b 4c 24 30 8b 74 24 38 89 4c 24 04 89 34 24 e8 e2 6f fe ff
e9 d7 fe ff ff <8b> 03 a8 20 0f 85 b3 fe ff ff 8b 03 a8 02
0f 84 a9 fe ff ff 89 
[7.] A small shell script or example program which triggers the
     problem (if possible)
[8.] Environment
[8.1.] Software (add the output of the ver_linux script here)
If some fields are empty or look unusual you may have an old
version.
Compare to the current minimal requirements in
Documentation/Changes.
Linux nagyi 2.6.16.9 #2 Sat Apr 22 16:42:31 CEST 2006 i686
GNU/Linux
Gnu C                  3.3.5
Gnu make               3.80
binutils               2.15
util-linux             2.12p
mount                  2.12p
module-init-tools      3.2-pre1
e2fsprogs              1.37
reiserfsprogs          3.6.19
reiser4progs           line
PPP                    2.4.3
Linux C Library        2.3.2
Dynamic linker (ldd)   2.3.2
Procps                 3.2.1
Net-tools              1.60
Console-tools          0.2.3
Sh-utils               5.2.1
Modules Loaded         parport_pc lp parport ppp_deflate
zlib_deflate zlib_inflate bsd_comp ip_nat_ftp
ip_conntrack_ftp ipt_MASQUERADE iptable_nat ip_nat
ip_conntrack xt_tcpudp iptable_filter ip_tables x_tables
ppp_async crc_ccitt ipv6 ppp_generic slhc ne2k_pci 8390
8139too mii crc32 rtc
[8.2.] Processor information (from /proc/cpuinfo):
processor       : 0
vendor_id       : GenuineIntel
cpu family      : 6
model           : 8
model name      : Pentium III (Coppermine)
stepping        : 3
cpu MHz         : 601.453
cache size      : 256 KB
fdiv_bug        : no
hlt_bug         : no
f00f_bug        : no
coma_bug        : no
fpu             : yes
fpu_exception   : yes
cpuid level     : 2
wp              : yes
flags           : fpu vme de pse tsc msr pae mce cx8 sep
mtrr pge mca cmov pat pse36 mmx fxsr sse
bogomips        : 1204.44
[8.3.] Module information (from /proc/modules):
parport_pc 32708 1 - Live 0xd0a34000
lp 9668 0 - Live 0xd09cb000
parport 32840 2 parport_pc,lp, Live 0xd0a1e000
ppp_deflate 5248 0 - Live 0xd09d4000
zlib_deflate 20632 1 ppp_deflate, Live 0xd0a17000
zlib_inflate 16768 1 ppp_deflate, Live 0xd09d7000
bsd_comp 5760 0 - Live 0xd09c3000
ip_nat_ftp 3072 0 - Live 0xd09c1000
ip_conntrack_ftp 6512 1 ip_nat_ftp, Live 0xd099c000
ipt_MASQUERADE 2944 12 - Live 0xd09bf000
iptable_nat 6916 1 - Live 0xd0987000
ip_nat 14892 3 ip_nat_ftp,ipt_MASQUERADE,iptable_nat, Live
0xd09ab000
ip_conntrack 43276 5
ip_nat_ftp,ip_conntrack_ftp,ipt_MASQUERADE,iptable_nat,ip_nat,
Live 0xd09b3000
xt_tcpudp 3712 2 - Live 0xd099f000
iptable_filter 2560 1 - Live 0xd0968000
ip_tables 11224 2 iptable_nat,iptable_filter, Live 0xd09a1000
x_tables 9988 4
ipt_MASQUERADE,iptable_nat,xt_tcpudp,ip_tables, Live 0xd098d000
ppp_async 8960 1 - Live 0xd0991000
crc_ccitt 2048 1 ppp_async, Live 0xd097e000
ipv6 225664 20 - Live 0xd09de000
ppp_generic 21908 7 ppp_deflate,bsd_comp,ppp_async, Live
0xd0995000
slhc 6400 1 ppp_generic, Live 0xd098a000
ne2k_pci 9184 0 - Live 0xd0977000
8390 8192 1 ne2k_pci, Live 0xd097b000
8139too 22272 0 - Live 0xd0980000
mii 5120 1 8139too, Live 0xd0974000
crc32 4224 2 8390,8139too, Live 0xd0971000
rtc 10292 0 - Live 0xd096d000
[8.4.] Loaded driver and hardware information
(/proc/ioports, /proc/iomem)
# cat /proc/ioports
0000-001f : dma1
0020-0021 : pic1
0040-0043 : timer0
0050-0053 : timer1
0060-006f : keyboard
0070-0077 : rtc
0080-008f : dma page reg
00a0-00a1 : pic2
00c0-00df : dma2
00f0-00ff : fpu
0170-0177 : ide1
01f0-01f7 : ide0
0376-0376 : ide1
0378-037a : parport0
03c0-03df : vga+
03f6-03f6 : ide0
0778-077a : parport0
0cf8-0cff : PCI conf1
1000-100f : 0000:00:04.1
  1000-1007 : ide0
  1008-100f : ide1
1020-103f : 0000:00:04.2
1040-104f : 0000:00:04.3
  1040-104f : motherboard
1060-107f : 0000:00:12.0
  1060-107f : ne2k-pci
1400-14ff : 0000:00:10.0
  1400-14ff : 8139too
8000-803f : 0000:00:04.3
  8000-803f : motherboard
    8000-8003 : PM1a_EVT_BLK
    8004-8005 : PM1a_CNT_BLK
    8008-800b : PM_TMR
    800c-800f : GPE0_BLK
# cat /proc/iomem
00000000-0009f7ff : System RAM
0009f800-0009ffff : reserved
000a0000-000bffff : Video RAM area
000c0000-000c7fff : Video ROM
000f0000-000fffff : System ROM
00100000-0ffeffff : System RAM
  00100000-002a9602 : Kernel code
  002a9603-00338473 : Kernel data
0fff0000-0ffffbff : ACPI Tables
0ffffc00-0fffffff : ACPI Non-volatile Storage
f4000000-f40fffff : 0000:00:06.0
f4100000-f4100fff : 0000:00:06.0
f4101000-f41010ff : 0000:00:10.0
  f4101000-f41010ff : 8139too
f4200000-f4ffffff : PCI Bus #01
  f4200000-f4203fff : 0000:01:00.0
  f4800000-f4ffffff : 0000:01:00.0
f5000000-f5ffffff : PCI Bus #01
  f5000000-f5ffffff : 0000:01:00.0
f8000000-fbffffff : 0000:00:00.0
fff80000-ffffffff : reserved
[8.5.] PCI information ('lspci -vvv' as root)
0000:00:00.0 Host bridge: Intel Corp. 440BX/ZX/DX -
82443BX/ZX/DX Host bridge (rev 03)
	Control: I/O- Mem+ BusMaster+ SpecCycle- MemWINV- VGASnoop-
ParErr- Stepping- SERR+ FastB2B-
	Status: Cap+ 66MHz- UDF- FastB2B- ParErr- DEVSEL=medium
>TAbort- <TAbort- <MAbort+ >SERR- <PERR-
	Latency: 64
	Region 0: Memory at f8000000 (32-bit, prefetchable) [size=64M]
	Capabilities: [a0] AGP version 1.0
		Status: RQ=32 Iso- ArqSz=0 Cal=0 SBA+ ITACoh- GART64-
HTrans- 64bit- FW- AGP3- Rate=x1,x2
		Command: RQ=1 ArqSz=0 Cal=0 SBA- AGP- GART64- 64bit- FW-
Rate=<none>
0000:00:01.0 PCI bridge: Intel Corp. 440BX/ZX/DX -
82443BX/ZX/DX AGP bridge (rev 03) (prog-if 00 [Normal decode])
	Control: I/O+ Mem+ BusMaster+ SpecCycle+ MemWINV+ VGASnoop-
ParErr- Stepping- SERR+ FastB2B-
	Status: Cap- 66MHz+ UDF- FastB2B- ParErr- DEVSEL=medium
>TAbort- <TAbort- <MAbort- >SERR- <PERR-
	Latency: 128
	Bus: primary=00, secondary=01, subordinate=01, sec-latency=64
	I/O behind bridge: 0000f000-00000fff
	Memory behind bridge: f4200000-f4ffffff
	Prefetchable memory behind bridge: f5000000-f5ffffff
	BridgeCtl: Parity- SERR- NoISA+ VGA+ MAbort- >Reset- FastB2B+
0000:00:04.0 ISA bridge: Intel Corp. 82371AB/EB/MB PIIX4 ISA
(rev 02)
	Control: I/O+ Mem+ BusMaster+ SpecCycle+ MemWINV- VGASnoop-
ParErr- Stepping- SERR- FastB2B-
	Status: Cap- 66MHz- UDF- FastB2B+ ParErr- DEVSEL=medium
>TAbort- <TAbort- <MAbort- >SERR- <PERR-
	Latency: 0
0000:00:04.1 IDE interface: Intel Corp. 82371AB/EB/MB PIIX4
IDE (rev 01) (prog-if 80 [Master])
	Control: I/O+ Mem- BusMaster+ SpecCycle- MemWINV- VGASnoop-
ParErr- Stepping- SERR- FastB2B-
	Status: Cap- 66MHz- UDF- FastB2B+ ParErr- DEVSEL=medium
>TAbort- <TAbort- <MAbort- >SERR- <PERR-
	Latency: 64
	Region 4: I/O ports at 1000 [size=16]
0000:00:04.2 USB Controller: Intel Corp. 82371AB/EB/MB PIIX4
USB (rev 01) (prog-if 00 [UHCI])
	Control: I/O- Mem- BusMaster- SpecCycle- MemWINV- VGASnoop-
ParErr- Stepping- SERR- FastB2B-
	Status: Cap- 66MHz- UDF- FastB2B+ ParErr- DEVSEL=medium
>TAbort- <TAbort- <MAbort- >SERR- <PERR-
	Interrupt: pin D routed to IRQ 255
	Region 4: I/O ports at 1020 [disabled] [size=32]
0000:00:04.3 Bridge: Intel Corp. 82371AB/EB/MB PIIX4 ACPI
(rev 02)
	Control: I/O+ Mem+ BusMaster- SpecCycle- MemWINV- VGASnoop-
ParErr- Stepping- SERR- FastB2B-
	Status: Cap- 66MHz- UDF- FastB2B+ ParErr- DEVSEL=medium
>TAbort- <TAbort- <MAbort- >SERR- <PERR-
	Interrupt: pin ? routed to IRQ 9
0000:00:06.0 Multimedia audio controller: Cirrus Logic CS
4614/22/24 [CrystalClear SoundFusion Audio Accelerator] (rev 01)
	Subsystem: Cirrus Logic Crystal SoundFusion PCI Audio
Accelerator
	Control: I/O- Mem- BusMaster- SpecCycle- MemWINV- VGASnoop-
ParErr- Stepping- SERR+ FastB2B-
	Status: Cap+ 66MHz- UDF- FastB2B- ParErr- DEVSEL=medium
>TAbort- <TAbort- <MAbort- >SERR- <PERR-
	Interrupt: pin A routed to IRQ 255
	Region 0: Memory at f4100000 (32-bit, non-prefetchable)
[disabled] [size=4K]
	Region 1: Memory at f4000000 (32-bit, non-prefetchable)
[disabled] [size=1M]
	Capabilities: [40] Power Management version 2
		Flags: PMEClk+ DSI+ D1+ D2+ AuxCurrent=0mA
PME(D0+,D1+,D2+,D3hot+,D3cold-)
		Status: D0 PME-Enable- DSel=0 DScale=0 PME-
0000:00:10.0 Ethernet controller: Realtek Semiconductor Co.,
Ltd. RTL-8139/8139C/8139C+ (rev 10)
	Subsystem: Realtek Semiconductor Co., Ltd. RT8139
	Control: I/O+ Mem+ BusMaster+ SpecCycle- MemWINV- VGASnoop-
ParErr- Stepping- SERR+ FastB2B-
	Status: Cap+ 66MHz- UDF- FastB2B+ ParErr- DEVSEL=medium
>TAbort- <TAbort- <MAbort- >SERR- <PERR-
	Latency: 64 (8000ns min, 16000ns max)
	Interrupt: pin A routed to IRQ 11
	Region 0: I/O ports at 1400 [size=256]
	Region 1: Memory at f4101000 (32-bit, non-prefetchable)
[size=256]
	Capabilities: [50] Power Management version 2
		Flags: PMEClk- DSI- D1+ D2+ AuxCurrent=0mA
PME(D0-,D1+,D2+,D3hot+,D3cold-)
		Status: D0 PME-Enable- DSel=0 DScale=0 PME-
0000:00:12.0 Ethernet controller: KTI ET32P2
	Control: I/O+ Mem- BusMaster- SpecCycle- MemWINV- VGASnoop-
ParErr- Stepping- SERR+ FastB2B-
	Status: Cap- 66MHz- UDF- FastB2B+ ParErr- DEVSEL=medium
>TAbort- <TAbort- <MAbort- >SERR- <PERR-
	Interrupt: pin A routed to IRQ 10
	Region 0: I/O ports at 1060 [size=32]
0000:01:00.0 VGA compatible controller: Matrox Graphics,
Inc. MGA G200 AGP (rev 03) (prog-if 00 [VGA])
	Subsystem: Matrox Graphics, Inc. MGA-G200 AGP
	Control: I/O+ Mem+ BusMaster+ SpecCycle- MemWINV- VGASnoop-
ParErr- Stepping- SERR- FastB2B-
	Status: Cap+ 66MHz- UDF- FastB2B+ ParErr- DEVSEL=medium
>TAbort- <TAbort- <MAbort- >SERR- <PERR-
	Latency: 128 (4000ns min, 8000ns max), Cache Line Size:
0x08 (32 bytes)
	Interrupt: pin A routed to IRQ 9
	Region 0: Memory at f5000000 (32-bit, prefetchable) [size=16M]
	Region 1: Memory at f4200000 (32-bit, non-prefetchable)
[size=16K]
	Region 2: Memory at f4800000 (32-bit, non-prefetchable)
[size=8M]
	Capabilities: [dc] Power Management version 1
		Flags: PMEClk- DSI+ D1- D2- AuxCurrent=0mA
PME(D0-,D1-,D2-,D3hot-,D3cold-)
		Status: D0 PME-Enable- DSel=0 DScale=0 PME-
	Capabilities: [f0] AGP version 1.0
		Status: RQ=32 Iso- ArqSz=0 Cal=0 SBA+ ITACoh- GART64-
HTrans- 64bit- FW- AGP3- Rate=x1,x2
		Command: RQ=32 ArqSz=0 Cal=0 SBA+ AGP+ GART64- 64bit- FW-
Rate=x2
[8.6.] SCSI information (from /proc/scsi/scsi)
[8.7.] Other information that might be relevant to the problem
       (please look in /proc and include all information
that you
       think to be relevant):
# cat /proc/meminfo
MemTotal:       256772 kB
MemFree:          3732 kB
Buffers:         53936 kB
Cached:         156016 kB
SwapCached:          0 kB
Active:         150032 kB
Inactive:        84812 kB
HighTotal:           0 kB
HighFree:            0 kB
LowTotal:       256772 kB
LowFree:          3732 kB
SwapTotal:     1420324 kB
SwapFree:      1420324 kB
Dirty:               0 kB
Writeback:           0 kB
Mapped:          32632 kB
Slab:            14972 kB
CommitLimit:   1548708 kB
Committed_AS:   100352 kB
PageTables:        544 kB
VmallocTotal:   777940 kB
VmallocUsed:      2180 kB
VmallocChunk:   775648 kB
# fdisk -l
Disk /dev/hda: 8455 MB, 8455200768 bytes
15 heads, 63 sectors/track, 17475 cylinders
Units = cylinders of 945 * 512 = 483840 bytes
   Device Boot      Start         End      Blocks   Id  System
/dev/hda1               1       14469     6836571   83  Linux
/dev/hda2           14470       17475     1420335   82 
Linux swap / Solaris
[X.] Other notes, patches, fixes, workarounds:
_______________________________________________________________________________
Digitális képből papírkép már 25 Ft-tól! Ingyenes budapesti házhozszállítás! >>>
http://www.xlab.hu/index.php?zoneid=levelvegi
[unhandled content-type:application/octet-stream]