Date: Wed, 13 Feb 2008 23:38:57 +0200
From: Linas Å½virblis <>
Subject: PROBLEM: 2.6.25-rc1-git2 freezes when accessing external USB hard disk (ehci-hcd)
Sender: linux-kernel-owner@vger.kernel.org
Precedence: bulk
List-ID: <linux-kernel.vger.kernel.org>
X-Mailing-List: linux-kernel@vger.kernel.org
X-Lkml-Link: https://lkml.org/lkml/2008/2/13/566

-----BEGIN PGP SIGNED MESSAGE-----
Hash: SHA1
Hello,
I am experiencing a complete system freeze when trying to access
external hard disk connected via SATA to USB adapter. The disk is LUKS
encrypted, so all operations I describe below were performed via mapper
device.
I am not sure this is 100% reproducible, as the disk was mounted for
more than 12 hour before the freeze happened. I recall browsing it, and
opening some files.
Freeze 1: Happened when I tried to search the disk. No traces of
anything suspicious in the logs.
Freeze 2: Happened when I tried to fsck the disk. This time I found a
"WARNING: at drivers/usb/host/ehci-hcd.c:287" in the system log.
On both occasion the freeze was almost instant, and the system did not
respond even to magic SysRq key combinations. Did not try to reproduce
this more.
This does not happen with 2.6.24.2 or earlier kernels.
I am not subscribed, so please keep me CC'ed.
Regards,
Linas
-----BEGIN PGP SIGNATURE-----
Version: GnuPG v1.4.6 (GNU/Linux)
iD8DBQFHs2NlztOe9mov/y4RAuMEAJ9ElbkSPZRUhRwP9HYQ1LUZxW9SNwCcCQFJ
8VLH1CklExEwpI/qEtEdWec=
=4lq8
-----END PGP SIGNATURE-----
processor       : 0
vendor_id       : AuthenticAMD
cpu family      : 15
model           : 72
model name      : AMD Turion(tm) 64 X2 Mobile Technology TL-60
stepping        : 2
cpu MHz         : 2000.000
cache size      : 512 KB
physical id     : 0
siblings        : 2
core id         : 0
cpu cores       : 2
fpu             : yes
fpu_exception   : yes
cpuid level     : 1
wp              : yes
flags           : fpu vme de pse tsc msr pae mce cx8 apic sep mtrr pge mca cmov pat pse36 clflush mmx fxsr sse sse2 ht syscall nx mmxext fxsr_opt rdtscp lm 3dnowext 3dnow rep_good pni cx16 lahf_lm cmp_legacy svm extapic cr8_legacy
bogomips        : 3993.11
TLB size        : 1024 4K pages
clflush size    : 64
cache_alignment : 64
address sizes   : 40 bits physical, 48 bits virtual
power management: ts fid vid ttp tm stc
processor       : 1
vendor_id       : AuthenticAMD
cpu family      : 15
model           : 72
model name      : AMD Turion(tm) 64 X2 Mobile Technology TL-60
stepping        : 2
cpu MHz         : 2000.000
cache size      : 512 KB
physical id     : 0
siblings        : 2
core id         : 1
cpu cores       : 2
fpu             : yes
fpu_exception   : yes
cpuid level     : 1
wp              : yes
flags           : fpu vme de pse tsc msr pae mce cx8 apic sep mtrr pge mca cmov pat pse36 clflush mmx fxsr sse sse2 ht syscall nx mmxext fxsr_opt rdtscp lm 3dnowext 3dnow rep_good pni cx16 lahf_lm cmp_legacy svm extapic cr8_legacy
bogomips        : 3993.11
TLB size        : 1024 4K pages
clflush size    : 64
cache_alignment : 64
address sizes   : 40 bits physical, 48 bits virtual
power management: ts fid vid ttp tm stc
00:13.2 USB Controller: ATI Technologies Inc IXP SB400 USB2 Host Controller (rev 80) (prog-if 20 [EHCI])
        Subsystem: Hewlett-Packard Company Unknown device 30b0
        Control: I/O+ Mem+ BusMaster+ SpecCycle- MemWINV+ VGASnoop- ParErr- Stepping- SERR- FastB2B- DisINTx-
        Status: Cap+ 66MHz+ UDF- FastB2B+ ParErr- DEVSEL=medium >TAbort- <TAbort- <MAbort- >SERR- <PERR- INTx-
        Latency: 64, Cache Line Size: 64 bytes
        Interrupt: pin A routed to IRQ 19
        Region 0: Memory at d4403000 (32-bit, non-prefetchable) [size=4K]
        Capabilities: [dc] Power Management version 2
                Flags: PMEClk- DSI- D1+ D2+ AuxCurrent=0mA PME(D0+,D1+,D2+,D3hot+,D3cold-)
                Status: D0 PME-Enable- DSel=0 DScale=0 PME+
                Bridge: PM- B3+
        Kernel driver in use: ehci_hcd
        Kernel modules: ehci-hcd
Feb 13 22:04:16 compaq syslog-ng[6750]: syslog-ng starting up; version='2.0.7'
Feb 13 22:04:16 compaq kernel: Linux version 2.6.25-rc1-git2.666.0 (root@compaq) (gcc version 4.2.3 (Debian 4.2.3-1)) #1 SMP Tue Feb 12 22:45:52 EET 2008
Feb 13 22:04:16 compaq kernel: Command line: root=/dev/mapper/lvm-root ro vga=0x31A 2
Feb 13 22:04:16 compaq kernel: BIOS-provided physical RAM map:
Feb 13 22:04:16 compaq kernel: BIOS-e820: 0000000000000000 - 000000000009fc00 (usable)
Feb 13 22:04:16 compaq kernel: BIOS-e820: 000000000009fc00 - 00000000000a0000 (reserved)
Feb 13 22:04:16 compaq kernel: BIOS-e820: 00000000000e0000 - 0000000000100000 (reserved)
Feb 13 22:04:16 compaq kernel: BIOS-e820: 0000000000100000 - 0000000077fd0000 (usable)
Feb 13 22:04:16 compaq kernel: BIOS-e820: 0000000077fd0000 - 0000000077fe5600 (reserved)
Feb 13 22:04:16 compaq kernel: BIOS-e820: 0000000077fe5600 - 0000000077ff8000 (ACPI NVS)
Feb 13 22:04:16 compaq kernel: BIOS-e820: 0000000077ff8000 - 0000000080000000 (reserved)
Feb 13 22:04:16 compaq kernel: BIOS-e820: 00000000e0000000 - 00000000f0000000 (reserved)
Feb 13 22:04:16 compaq kernel: BIOS-e820: 00000000fec00000 - 00000000fec02000 (reserved)
Feb 13 22:04:16 compaq kernel: BIOS-e820: 00000000ffbc0000 - 00000000ffcc0000 (reserved)
Feb 13 22:04:16 compaq kernel: BIOS-e820: 00000000fff00000 - 0000000100000000 (reserved)
Feb 13 22:04:16 compaq kernel: end_pfn_map = 1048576
Feb 13 22:04:16 compaq kernel: DMI 2.4 present.
Feb 13 22:04:16 compaq kernel: ACPI: RSDP 000F7A90, 0024 (r2 HP    )
Feb 13 22:04:16 compaq kernel: ACPI: XSDT 77FE57B8, 005C (r1 HPQOEM SLIC-MPC        1 HP          1)
Feb 13 22:04:16 compaq kernel: ACPI: FACP 77FE5684, 00F4 (r4 HP     0944            3 HP          1)
Feb 13 22:04:16 compaq kernel: ACPI: DSDT 77FE5A60, F6D3 (r1 HP        SB400    10000 MSFT  100000E)
Feb 13 22:04:16 compaq kernel: ACPI: FACS 77FF7E80, 0040
Feb 13 22:04:16 compaq kernel: ACPI: SLIC 77FE5814, 0176 (r1 HPQOEM SLIC-MPC        1 HP          1)
Feb 13 22:04:16 compaq kernel: ACPI: APIC 77FE598C, 0062 (r1 HP     0944            1 HP          1)
Feb 13 22:04:16 compaq kernel: ACPI: MCFG 77FE59F0, 003C (r1 HP     0944            1 HP          1)
Feb 13 22:04:16 compaq kernel: ACPI: TCPA 77FE5A2C, 0032 (r2 HP     0944            1 HP          1)
Feb 13 22:04:16 compaq kernel: ACPI: SSDT 77FF5133, 0059 (r1 HP       HPQNLP        1 MSFT  100000E)
Feb 13 22:04:16 compaq kernel: ACPI: SSDT 77FF518C, 0206 (r1 HP     PSSTBLID        1 HP          1)
Feb 13 22:04:16 compaq kernel: ACPI: DMI detected: Hewlett-Packard
Feb 13 22:04:16 compaq kernel: early res: 0 [0-fff] BIOS data page
Feb 13 22:04:16 compaq kernel: early res: 1 [6000-7fff] SMP_TRAMPOLINE
Feb 13 22:04:16 compaq kernel: early res: 2 [200000-66b417] TEXT DATA BSS
Feb 13 22:04:16 compaq kernel: early res: 3 [37b8d000-37fef992] RAMDISK
Feb 13 22:04:16 compaq kernel: early res: 4 [9fc00-a0bff] EBDA
Feb 13 22:04:16 compaq kernel: early res: 5 [8000-bfff] PGTABLE
Feb 13 22:04:16 compaq kernel: No mptable found.
Feb 13 22:04:16 compaq kernel: Zone PFN ranges:
Feb 13 22:04:16 compaq kernel: DMA             0 ->     4096
Feb 13 22:04:16 compaq kernel: DMA32        4096 ->  1048576
Feb 13 22:04:16 compaq kernel: Normal    1048576 ->  1048576
Feb 13 22:04:16 compaq kernel: Movable zone start PFN for each node
Feb 13 22:04:16 compaq kernel: early_node_map[2] active PFN ranges
Feb 13 22:04:16 compaq kernel: 0:        0 ->      159
Feb 13 22:04:16 compaq kernel: 0:      256 ->   491472
Feb 13 22:04:16 compaq kernel: ATI board detected. Disabling timer routing over 8254.
Feb 13 22:04:16 compaq kernel: Detected use of extended apic ids on hypertransport bus
Feb 13 22:04:16 compaq kernel: ACPI: PM-Timer IO Port: 0x8008
Feb 13 22:04:16 compaq kernel: ACPI: LAPIC (acpi_id[0x01] lapic_id[0x00] enabled)
Feb 13 22:04:16 compaq kernel: Processor #0 (Bootup-CPU)
Feb 13 22:04:16 compaq kernel: ACPI: LAPIC (acpi_id[0x02] lapic_id[0x01] enabled)
Feb 13 22:04:16 compaq kernel: Processor #1
Feb 13 22:04:16 compaq kernel: ACPI: LAPIC_NMI (acpi_id[0x01] high edge lint[0x1])
Feb 13 22:04:16 compaq kernel: ACPI: IOAPIC (id[0x02] address[0xfec00000] gsi_base[0])
Feb 13 22:04:16 compaq kernel: IOAPIC[0]: apic_id 2, address 0xfec00000, GSI 0-23
Feb 13 22:04:16 compaq kernel: ACPI: INT_SRC_OVR (bus 0 bus_irq 0 global_irq 2 dfl dfl)
Feb 13 22:04:16 compaq kernel: ACPI: INT_SRC_OVR (bus 0 bus_irq 9 global_irq 21 low level)
Feb 13 22:04:16 compaq kernel: Setting APIC routing to flat
Feb 13 22:04:16 compaq kernel: Using ACPI (MADT) for SMP configuration information
Feb 13 22:04:16 compaq kernel: PM: Registered nosave memory: 000000000009f000 - 00000000000a0000
Feb 13 22:04:16 compaq kernel: PM: Registered nosave memory: 00000000000a0000 - 00000000000e0000
Feb 13 22:04:16 compaq kernel: PM: Registered nosave memory: 00000000000e0000 - 0000000000100000
Feb 13 22:04:16 compaq kernel: Allocating PCI resources starting at 88000000 (gap: 80000000:60000000)
Feb 13 22:04:16 compaq kernel: SMP: Allowing 2 CPUs, 0 hotplug CPUs
Feb 13 22:04:16 compaq kernel: PERCPU: Allocating 35784 bytes of per cpu data
Feb 13 22:04:16 compaq kernel: Built 1 zonelists in Zone order, mobility grouping on.  Total pages: 483517
Feb 13 22:04:16 compaq kernel: Kernel command line: root=/dev/mapper/lvm-root ro vga=0x31A 2
Feb 13 22:04:16 compaq kernel: Initializing CPU#0
Feb 13 22:04:16 compaq kernel: PID hash table entries: 4096 (order: 12, 32768 bytes)
Feb 13 22:04:16 compaq kernel: Extended CMOS year: 2000
Feb 13 22:04:16 compaq kernel: TSC calibrated against PM_TIMER
Feb 13 22:04:16 compaq kernel: Marking TSC unstable due to TSCs unsynchronized
Feb 13 22:04:16 compaq kernel: time.c: Detected 1995.018 MHz processor.
Feb 13 22:04:16 compaq kernel: Console: colour dummy device 80x25
Feb 13 22:04:16 compaq kernel: console [tty0] enabled
Feb 13 22:04:16 compaq kernel: Dentry cache hash table entries: 262144 (order: 9, 2097152 bytes)
Feb 13 22:04:16 compaq kernel: Inode-cache hash table entries: 131072 (order: 8, 1048576 bytes)
Feb 13 22:04:16 compaq kernel: Checking aperture...
Feb 13 22:04:16 compaq kernel: Node 0: aperture @ be0000000 size 32 MB
Feb 13 22:04:16 compaq kernel: No AGP bridge found
Feb 13 22:04:16 compaq kernel: Memory: 1923776k/1965888k available (2532k kernel code, 41040k reserved, 1211k data, 264k init)
Feb 13 22:04:16 compaq kernel: SLUB: Genslabs=11, HWalign=64, Order=0-1, MinObjects=4, CPUs=2, Nodes=1
Feb 13 22:04:16 compaq kernel: Calibrating delay using timer specific routine.. 3993.28 BogoMIPS (lpj=19966435)
Feb 13 22:04:16 compaq kernel: Security Framework initialized
Feb 13 22:04:16 compaq kernel: SELinux:  Disabled at boot.
Feb 13 22:04:16 compaq kernel: Capability LSM initialized
Feb 13 22:04:16 compaq kernel: Mount-cache hash table entries: 256
Feb 13 22:04:16 compaq kernel: CPU: L1 I Cache: 64K (64 bytes/line), D cache 64K (64 bytes/line)
Feb 13 22:04:16 compaq kernel: CPU: L2 Cache: 512K (64 bytes/line)
Feb 13 22:04:16 compaq kernel: CPU: Physical Processor ID: 0
Feb 13 22:04:16 compaq kernel: CPU: Processor Core ID: 0
Feb 13 22:04:16 compaq kernel: Unpacking initramfs... done
Feb 13 22:04:16 compaq kernel: Freeing initrd memory: 4490k freed
Feb 13 22:04:16 compaq kernel: ACPI: Core revision 20070126
Feb 13 22:04:16 compaq kernel: ACPI: Checking initramfs for custom DSDT
Feb 13 22:04:16 compaq kernel: Using local APIC timer interrupts.
Feb 13 22:04:16 compaq kernel: Detected 12.468 MHz APIC timer.
Feb 13 22:04:16 compaq kernel: Booting processor 1/2 APIC 0x1
Feb 13 22:04:16 compaq kernel: Initializing CPU#1
Feb 13 22:04:16 compaq kernel: Calibrating delay using timer specific routine.. 3990.10 BogoMIPS (lpj=19950515)
Feb 13 22:04:16 compaq kernel: CPU: L1 I Cache: 64K (64 bytes/line), D cache 64K (64 bytes/line)
Feb 13 22:04:16 compaq kernel: CPU: L2 Cache: 512K (64 bytes/line)
Feb 13 22:04:16 compaq kernel: CPU: Physical Processor ID: 0
Feb 13 22:04:16 compaq kernel: CPU: Processor Core ID: 1
Feb 13 22:04:16 compaq kernel: AMD Turion(tm) 64 X2 Mobile Technology TL-60 stepping 02
Feb 13 22:04:16 compaq kernel: AMD C1E detected late. Force timer broadcast.
Feb 13 22:04:16 compaq kernel: Brought up 2 CPUs
Feb 13 22:04:16 compaq kernel: net_namespace: 880 bytes
Feb 13 22:04:16 compaq kernel: Booting paravirtualized kernel on bare hardware
Feb 13 22:04:16 compaq kernel: NET: Registered protocol family 16
Feb 13 22:04:16 compaq kernel: ACPI: bus type pci registered
Feb 13 22:04:16 compaq kernel: PCI: Using MMCONFIG at e0000000 - efffffff
Feb 13 22:04:16 compaq kernel: PCI: Using configuration type 1
Feb 13 22:04:16 compaq kernel: ACPI: EC: non-query interrupt received, switching to interrupt mode
Feb 13 22:04:16 compaq kernel: ACPI: Interpreter enabled
Feb 13 22:04:16 compaq kernel: ACPI: (supports S0 S3 S4 S5)
Feb 13 22:04:16 compaq kernel: ACPI: Using IOAPIC for interrupt routing
Feb 13 22:04:16 compaq kernel: ACPI: EC: GPE = 0x11, I/O: command/status = 0x66, data = 0x62
Feb 13 22:04:16 compaq kernel: ACPI: EC: driver started in interrupt mode
Feb 13 22:04:16 compaq kernel: ACPI: PCI Root Bridge [C079] (0000:00)
Feb 13 22:04:16 compaq kernel: PCI: Transparent bridge - 0000:00:14.4
Feb 13 22:04:16 compaq kernel: ACPI: PCI Interrupt Link [C12B] (IRQs 10 11) *0, disabled.
Feb 13 22:04:16 compaq kernel: ACPI: PCI Interrupt Link [C12C] (IRQs 10 11) *0, disabled.
Feb 13 22:04:16 compaq kernel: ACPI: PCI Interrupt Link [C12D] (IRQs 10 11) *0, disabled.
Feb 13 22:04:16 compaq kernel: ACPI: PCI Interrupt Link [C12E] (IRQs 10 11) *0, disabled.
Feb 13 22:04:16 compaq kernel: ACPI: PCI Interrupt Link [C12F] (IRQs 10 11) *0, disabled.
Feb 13 22:04:16 compaq kernel: ACPI: PCI Interrupt Link [C130] (IRQs 9) *0, disabled.
Feb 13 22:04:16 compaq kernel: ACPI: PCI Interrupt Link [C131] (IRQs 10 11) *0, disabled.
Feb 13 22:04:16 compaq kernel: ACPI: PCI Interrupt Link [C132] (IRQs 10 11) *5
Feb 13 22:04:16 compaq kernel: ACPI: Power Resource [C22D] (off)
Feb 13 22:04:16 compaq kernel: ACPI: Power Resource [C204] (off)
Feb 13 22:04:16 compaq kernel: ACPI: Power Resource [C221] (on)
Feb 13 22:04:16 compaq kernel: ACPI: Power Resource [C360] (off)
Feb 13 22:04:16 compaq kernel: ACPI: Power Resource [C361] (off)
Feb 13 22:04:16 compaq kernel: ACPI: Power Resource [C362] (off)
Feb 13 22:04:16 compaq kernel: ACPI: Power Resource [C363] (off)
Feb 13 22:04:16 compaq kernel: Linux Plug and Play Support v0.97 (c) Adam Belay
Feb 13 22:04:16 compaq kernel: pnp: PnP ACPI init
Feb 13 22:04:16 compaq kernel: ACPI: bus type pnp registered
Feb 13 22:04:16 compaq kernel: pnp: PnP ACPI: found 13 devices
Feb 13 22:04:16 compaq kernel: ACPI: ACPI bus type pnp unregistered
Feb 13 22:04:16 compaq kernel: SCSI subsystem initialized
Feb 13 22:04:16 compaq kernel: PCI: Using ACPI for IRQ routing
Feb 13 22:04:16 compaq kernel: PCI: If a device doesn't work, try "pci=routeirq".  If it helps, post a report
Feb 13 22:04:16 compaq kernel: ACPI: RTC can wake from S4
Feb 13 22:04:16 compaq kernel: system 00:00: iomem range 0x0-0x9ffff could not be reserved
Feb 13 22:04:16 compaq kernel: system 00:00: iomem range 0xe0000-0xfffff could not be reserved
Feb 13 22:04:16 compaq kernel: system 00:00: iomem range 0x100000-0x77ffffff could not be reserved
Feb 13 22:04:16 compaq kernel: system 00:0a: ioport range 0x40b-0x40b has been reserved
Feb 13 22:04:16 compaq kernel: system 00:0a: ioport range 0x4d0-0x4d1 has been reserved
Feb 13 22:04:16 compaq kernel: system 00:0a: ioport range 0x4d6-0x4d6 has been reserved
Feb 13 22:04:16 compaq kernel: system 00:0a: ioport range 0x500-0x51f has been reserved
Feb 13 22:04:16 compaq kernel: system 00:0a: ioport range 0xc00-0xc01 has been reserved
Feb 13 22:04:16 compaq kernel: system 00:0a: ioport range 0xc14-0xc14 has been reserved
Feb 13 22:04:16 compaq kernel: system 00:0a: ioport range 0xc50-0xc51 has been reserved
Feb 13 22:04:16 compaq kernel: system 00:0a: ioport range 0xc52-0xc52 has been reserved
Feb 13 22:04:16 compaq kernel: system 00:0a: ioport range 0xc6c-0xc6c has been reserved
Feb 13 22:04:16 compaq kernel: system 00:0a: ioport range 0xc6f-0xc6f has been reserved
Feb 13 22:04:16 compaq kernel: system 00:0a: ioport range 0xcd4-0xcdf has been reserved
Feb 13 22:04:16 compaq kernel: system 00:0a: iomem range 0xffb00000-0xffbfffff could not be reserved
Feb 13 22:04:16 compaq kernel: system 00:0a: iomem range 0xfff00000-0xffffffff could not be reserved
Feb 13 22:04:16 compaq kernel: system 00:0b: ioport range 0x8000-0x802f has been reserved
Feb 13 22:04:16 compaq kernel: system 00:0b: ioport range 0x8100-0x811f has been reserved
Feb 13 22:04:16 compaq kernel: system 00:0b: iomem range 0xe0000000-0xefffffff could not be reserved
Feb 13 22:04:16 compaq kernel: system 00:0b: iomem range 0xfec00000-0xfec00fff could not be reserved
Feb 13 22:04:16 compaq kernel: system 00:0c: iomem range 0x78000000-0x7fffffff could not be reserved
Feb 13 22:04:16 compaq kernel: system 00:0c: iomem range 0xfee00000-0xfee00fff could not be reserved
Feb 13 22:04:16 compaq kernel: PCI: Bridge: 0000:00:01.0
Feb 13 22:04:16 compaq kernel: IO window: 6000-6fff
Feb 13 22:04:16 compaq kernel: MEM window: 0xd4300000-0xd43fffff
Feb 13 22:04:16 compaq kernel: PREFETCH window: 0x00000000c0000000-0x00000000c7ffffff
Feb 13 22:04:16 compaq kernel: PCI: Bridge: 0000:00:04.0
Feb 13 22:04:16 compaq kernel: IO window: 4000-5fff
Feb 13 22:04:16 compaq kernel: MEM window: 0xd0000000-0xd3ffffff
Feb 13 22:04:16 compaq kernel: PREFETCH window: disabled.
Feb 13 22:04:16 compaq kernel: PCI: Bridge: 0000:00:05.0
Feb 13 22:04:16 compaq kernel: IO window: 2000-3fff
Feb 13 22:04:16 compaq kernel: MEM window: 0xcc000000-0xcfffffff
Feb 13 22:04:16 compaq kernel: PREFETCH window: disabled.
Feb 13 22:04:16 compaq kernel: PCI: Bridge: 0000:00:06.0
Feb 13 22:04:16 compaq kernel: IO window: disabled.
Feb 13 22:04:16 compaq kernel: MEM window: 0xc8000000-0xc80fffff
Feb 13 22:04:16 compaq kernel: PREFETCH window: disabled.
Feb 13 22:04:16 compaq kernel: PCI: Bus 3, cardbus bridge: 0000:02:04.0
Feb 13 22:04:16 compaq kernel: IO window: 0x00001000-0x000010ff
Feb 13 22:04:16 compaq kernel: IO window: 0x00001400-0x000014ff
Feb 13 22:04:16 compaq kernel: PREFETCH window: 0x8c000000-0x8fffffff
Feb 13 22:04:16 compaq kernel: MEM window: 0x90000000-0x93ffffff
Feb 13 22:04:16 compaq kernel: PCI: Bridge: 0000:00:14.4
Feb 13 22:04:16 compaq kernel: IO window: disabled.
Feb 13 22:04:16 compaq kernel: MEM window: 0xd4000000-0xd42fffff
Feb 13 22:04:16 compaq kernel: PREFETCH window: disabled.
Feb 13 22:04:16 compaq kernel: ACPI: PCI Interrupt 0000:02:04.0[A] -> GSI 20 (level, low) -> IRQ 20
Feb 13 22:04:16 compaq kernel: NET: Registered protocol family 2
Feb 13 22:04:16 compaq kernel: Time: acpi_pm clocksource has been installed.
Feb 13 22:04:16 compaq kernel: Clockevents: could not switch to one-shot mode: lapic is not functional.
Feb 13 22:04:16 compaq kernel: Clockevents: could not switch to one-shot mode: lapic is not functional.
Feb 13 22:04:16 compaq kernel: Could not switch to high resolution mode on CPU 1
Feb 13 22:04:16 compaq kernel: Could not switch to high resolution mode on CPU 0
Feb 13 22:04:16 compaq kernel: IP route cache hash table entries: 65536 (order: 7, 524288 bytes)
Feb 13 22:04:16 compaq kernel: TCP established hash table entries: 262144 (order: 10, 4194304 bytes)
Feb 13 22:04:16 compaq kernel: TCP bind hash table entries: 65536 (order: 8, 1048576 bytes)
Feb 13 22:04:16 compaq kernel: TCP: Hash tables configured (established 262144 bind 65536)
Feb 13 22:04:16 compaq kernel: TCP reno registered
Feb 13 22:04:16 compaq kernel: audit: initializing netlink socket (disabled)
Feb 13 22:04:16 compaq kernel: type=2000 audit(1202932626.930:1): initialized
Feb 13 22:04:16 compaq kernel: VFS: Disk quotas dquot_6.5.1
Feb 13 22:04:16 compaq kernel: Dquot-cache hash table entries: 512 (order 0, 4096 bytes)
Feb 13 22:04:16 compaq kernel: Block layer SCSI generic (bsg) driver version 0.4 loaded (major 254)
Feb 13 22:04:16 compaq kernel: io scheduler noop registered
Feb 13 22:04:16 compaq kernel: io scheduler cfq registered (default)
Feb 13 22:04:16 compaq kernel: pci 0000:00:00.0: MSI quirk detected; MSI disabled
Feb 13 22:04:16 compaq kernel: assign_interrupt_mode Found MSI capability
Feb 13 22:04:16 compaq kernel: assign_interrupt_mode Found MSI capability
Feb 13 22:04:16 compaq kernel: assign_interrupt_mode Found MSI capability
Feb 13 22:04:16 compaq kernel: vesafb: framebuffer at 0xc0000000, mapped to 0xffffc20010100000, using 5120k, total 16384k
Feb 13 22:04:16 compaq kernel: vesafb: mode is 1280x1024x16, linelength=2560, pages=5
Feb 13 22:04:16 compaq kernel: vesafb: scrolling: redraw
Feb 13 22:04:16 compaq kernel: vesafb: Truecolor: size=0:5:6:5, shift=0:11:5:0
Feb 13 22:04:16 compaq kernel: Console: switching to colour frame buffer device 160x64
Feb 13 22:04:16 compaq kernel: fb0: VESA VGA frame buffer device
Feb 13 22:04:16 compaq kernel: Linux agpgart interface v0.103
Feb 13 22:04:16 compaq kernel: ACPI: PCI Interrupt 0000:00:12.0[A] -> GSI 16 (level, low) -> IRQ 16
Feb 13 22:04:16 compaq kernel: scsi0 : sata_sil
Feb 13 22:04:16 compaq kernel: scsi1 : sata_sil
Feb 13 22:04:16 compaq kernel: ata1: SATA max UDMA/100 mmio m512@0xd4409000 tf 0xd4409080 irq 16
Feb 13 22:04:16 compaq kernel: ata2: SATA max UDMA/100 mmio m512@0xd4409000 tf 0xd44090c0 irq 16
Feb 13 22:04:16 compaq kernel: Clockevents: could not switch to one-shot mode:<6>Clockevents: could not switch to one-shot mode: lapic is not functional.
Feb 13 22:04:16 compaq kernel: Could not switch to high resolution mode on CPU 1
Feb 13 22:04:16 compaq kernel: lapic is not functional.
Feb 13 22:04:16 compaq kernel: Could not switch to high resolution mode on CPU 0
Feb 13 22:04:16 compaq kernel: ata1: SATA link up 1.5 Gbps (SStatus 113 SControl 300)
Feb 13 22:04:16 compaq kernel: ata1.00: ATA-7: FUJITSU MHV2080BH PL, 892C, max UDMA/100
Feb 13 22:04:16 compaq kernel: ata1.00: 156301488 sectors, multi 16: LBA48 
Feb 13 22:04:16 compaq kernel: ata1.00: configured for UDMA/100
Feb 13 22:04:16 compaq kernel: ata2: SATA link down (SStatus 0 SControl 300)
Feb 13 22:04:16 compaq kernel: scsi 0:0:0:0: Direct-Access     ATA      FUJITSU MHV2080B 892C PQ: 0 ANSI: 5
Feb 13 22:04:16 compaq kernel: ACPI: PCI Interrupt 0000:00:14.1[A] -> GSI 16 (level, low) -> IRQ 16
Feb 13 22:04:16 compaq kernel: scsi2 : pata_atiixp
Feb 13 22:04:16 compaq kernel: scsi3 : pata_atiixp
Feb 13 22:04:16 compaq kernel: ata3: PATA max UDMA/100 cmd 0x1f0 ctl 0x3f6 bmdma 0x7040 irq 14
Feb 13 22:04:16 compaq kernel: ata4: PATA max UDMA/100 cmd 0x170 ctl 0x376 bmdma 0x7048 irq 15
Feb 13 22:04:16 compaq kernel: ata3.00: ATAPI: HL-DT-ST DVDRAM GSA-T10N, PC05, max MWDMA2
Feb 13 22:04:16 compaq kernel: ata3.00: configured for MWDMA2
Feb 13 22:04:16 compaq kernel: scsi 2:0:0:0: CD-ROM            HL-DT-ST DVDRAM GSA-T10N  PC05 PQ: 0 ANSI: 5
Feb 13 22:04:16 compaq kernel: PNP: PS/2 Controller [PNP0303:C21E,PNP0f13:C21F] at 0x60,0x64 irq 1,12
Feb 13 22:04:16 compaq kernel: i8042.c: Detected active multiplexing controller, rev 1.1.
Feb 13 22:04:16 compaq kernel: serio: i8042 KBD port at 0x60,0x64 irq 1
Feb 13 22:04:16 compaq kernel: serio: i8042 AUX0 port at 0x60,0x64 irq 12
Feb 13 22:04:16 compaq kernel: serio: i8042 AUX1 port at 0x60,0x64 irq 12
Feb 13 22:04:16 compaq kernel: serio: i8042 AUX2 port at 0x60,0x64 irq 12
Feb 13 22:04:16 compaq kernel: serio: i8042 AUX3 port at 0x60,0x64 irq 12
Feb 13 22:04:16 compaq kernel: mice: PS/2 mouse device common for all mice
Feb 13 22:04:16 compaq kernel: device-mapper: uevent: version 1.0.3
Feb 13 22:04:16 compaq kernel: device-mapper: ioctl: 4.13.0-ioctl (2007-10-18) initialised: dm-devel@redhat.com
Feb 13 22:04:16 compaq kernel: cpuidle: using governor ladder
Feb 13 22:04:16 compaq kernel: cpuidle: using governor menu
Feb 13 22:04:16 compaq kernel: TCP cubic registered
Feb 13 22:04:16 compaq kernel: NET: Registered protocol family 1
Feb 13 22:04:16 compaq kernel: NET: Registered protocol family 17
Feb 13 22:04:16 compaq kernel: Freeing unused kernel memory: 264k freed
Feb 13 22:04:16 compaq kernel: input: AT Translated Set 2 keyboard as /devices/platform/i8042/serio0/input/input0
Feb 13 22:04:16 compaq kernel: ACPI: Transitioning device [C364] to D3
Feb 13 22:04:16 compaq kernel: ACPI: PNP0C0B:00 is registered as cooling_device0
Feb 13 22:04:16 compaq kernel: ACPI: Fan [C364] (off)
Feb 13 22:04:16 compaq kernel: ACPI: Transitioning device [C365] to D3
Feb 13 22:04:16 compaq kernel: ACPI: PNP0C0B:01 is registered as cooling_device1
Feb 13 22:04:16 compaq kernel: ACPI: Fan [C365] (off)
Feb 13 22:04:16 compaq kernel: ACPI: Transitioning device [C366] to D3
Feb 13 22:04:16 compaq kernel: ACPI: PNP0C0B:02 is registered as cooling_device2
Feb 13 22:04:16 compaq kernel: ACPI: Fan [C366] (off)
Feb 13 22:04:16 compaq kernel: ACPI: Transitioning device [C367] to D3
Feb 13 22:04:16 compaq kernel: ACPI: PNP0C0B:03 is registered as cooling_device3
Feb 13 22:04:16 compaq kernel: ACPI: Fan [C367] (off)
Feb 13 22:04:16 compaq kernel: ACPI: ACPI0007:00 is registered as cooling_device4
Feb 13 22:04:16 compaq kernel: ACPI: Processor [C000] (supports 8 throttling states)
Feb 13 22:04:16 compaq kernel: ACPI: ACPI0007:01 is registered as cooling_device5
Feb 13 22:04:16 compaq kernel: ACPI: Processor [C001] (supports 8 throttling states)
Feb 13 22:04:16 compaq kernel: ACPI: LNXTHERM:01 is registered as thermal_zone0
Feb 13 22:04:16 compaq kernel: ACPI: Thermal Zone [TZ1] (43 C)
Feb 13 22:04:16 compaq kernel: ACPI: LNXTHERM:02 is registered as thermal_zone1
Feb 13 22:04:16 compaq kernel: ACPI: Thermal Zone [TZ2] (39 C)
Feb 13 22:04:16 compaq kernel: ACPI: LNXTHERM:03 is registered as thermal_zone2
Feb 13 22:04:16 compaq kernel: ACPI: Thermal Zone [TZ3] (24 C)
Feb 13 22:04:16 compaq kernel: Driver 'sd' needs updating - please use bus_type methods
Feb 13 22:04:16 compaq kernel: sd 0:0:0:0: [sda] 156301488 512-byte hardware sectors (80026 MB)
Feb 13 22:04:16 compaq kernel: sd 0:0:0:0: [sda] Write Protect is off
Feb 13 22:04:16 compaq kernel: Driver 'sr' needs updating - please use bus_type methods
Feb 13 22:04:16 compaq kernel: sd 0:0:0:0: [sda] Write cache: enabled, read cache: enabled, doesn't support DPO or FUA
Feb 13 22:04:16 compaq kernel: sd 0:0:0:0: [sda] 156301488 512-byte hardware sectors (80026 MB)
Feb 13 22:04:16 compaq kernel: sd 0:0:0:0: [sda] Write Protect is off
Feb 13 22:04:16 compaq kernel: sd 0:0:0:0: [sda] Write cache: enabled, read cache: enabled, doesn't support DPO or FUA
Feb 13 22:04:16 compaq kernel: sda: sda1 sda2
Feb 13 22:04:16 compaq kernel: sd 0:0:0:0: [sda] Attached SCSI disk
Feb 13 22:04:16 compaq kernel: sr0: scsi3-mmc drive: 24x/24x writer dvd-ram cd/rw xa/form2 cdda tray
Feb 13 22:04:16 compaq kernel: Uniform CD-ROM driver Revision: 3.20
Feb 13 22:04:16 compaq kernel: usbcore: registered new interface driver usbfs
Feb 13 22:04:16 compaq kernel: usbcore: registered new interface driver hub
Feb 13 22:04:16 compaq kernel: sd 0:0:0:0: Attached scsi generic sg0 type 0
Feb 13 22:04:16 compaq kernel: sr 2:0:0:0: Attached scsi generic sg1 type 5
Feb 13 22:04:16 compaq kernel: usbcore: registered new device driver usb
Feb 13 22:04:16 compaq kernel: ACPI: PCI Interrupt 0000:00:13.0[A] -> GSI 19 (level, low) -> IRQ 19
Feb 13 22:04:16 compaq kernel: ohci_hcd 0000:00:13.0: OHCI Host Controller
Feb 13 22:04:16 compaq kernel: ohci_hcd 0000:00:13.0: new USB bus registered, assigned bus number 1
Feb 13 22:04:16 compaq kernel: ohci_hcd 0000:00:13.0: irq 19, io mem 0xd4401000
Feb 13 22:04:16 compaq kernel: usb usb1: configuration #1 chosen from 1 choice
Feb 13 22:04:16 compaq kernel: hub 1-0:1.0: USB hub found
Feb 13 22:04:16 compaq kernel: hub 1-0:1.0: 4 ports detected
Feb 13 22:04:16 compaq kernel: usb usb1: New USB device found, idVendor=1d6b, idProduct=0001
Feb 13 22:04:16 compaq kernel: usb usb1: New USB device strings: Mfr=3, Product=2, SerialNumber=1
Feb 13 22:04:16 compaq kernel: usb usb1: Product: OHCI Host Controller
Feb 13 22:04:16 compaq kernel: usb usb1: Manufacturer: Linux 2.6.25-rc1-git2.666.0 ohci_hcd
Feb 13 22:04:16 compaq kernel: usb usb1: SerialNumber: 0000:00:13.0
Feb 13 22:04:16 compaq kernel: ACPI: PCI Interrupt 0000:00:13.2[A] -> GSI 19 (level, low) -> IRQ 19
Feb 13 22:04:16 compaq kernel: ehci_hcd 0000:00:13.2: EHCI Host Controller
Feb 13 22:04:16 compaq kernel: ehci_hcd 0000:00:13.2: new USB bus registered, assigned bus number 2
Feb 13 22:04:16 compaq kernel: ehci_hcd 0000:00:13.2: irq 19, io mem 0xd4403000
Feb 13 22:04:16 compaq kernel: usb 1-3: new full speed USB device using ohci_hcd and address 2
Feb 13 22:04:16 compaq kernel: ehci_hcd 0000:00:13.2: USB 2.0 started, EHCI 1.00, driver 10 Dec 2004
Feb 13 22:04:16 compaq kernel: usb usb2: configuration #1 chosen from 1 choice
Feb 13 22:04:16 compaq kernel: hub 2-0:1.0: USB hub found
Feb 13 22:04:16 compaq kernel: hub 2-0:1.0: 8 ports detected
Feb 13 22:04:16 compaq kernel: usb usb2: New USB device found, idVendor=1d6b, idProduct=0002
Feb 13 22:04:16 compaq kernel: usb usb2: New USB device strings: Mfr=3, Product=2, SerialNumber=1
Feb 13 22:04:16 compaq kernel: usb usb2: Product: EHCI Host Controller
Feb 13 22:04:16 compaq kernel: usb usb2: Manufacturer: Linux 2.6.25-rc1-git2.666.0 ehci_hcd
Feb 13 22:04:16 compaq kernel: usb usb2: SerialNumber: 0000:00:13.2
Feb 13 22:04:16 compaq kernel: tg3.c:v3.87 (December 20, 2007)
Feb 13 22:04:16 compaq kernel: ACPI: PCI Interrupt 0000:02:01.0[A] -> GSI 23 (level, low) -> IRQ 23
Feb 13 22:04:16 compaq kernel: eth0: Tigon3 [partno(BCM95788A50) rev 3003 PHY(5705)] (PCI:33MHz:32-bit) 10/100/1000Base-T Ethernet 00:17:a4:d9:af:f8
Feb 13 22:04:16 compaq kernel: eth0: RXcsums[1] LinkChgREG[0] MIirq[0] ASF[0] WireSpeed[0] TSOcap[1]
Feb 13 22:04:16 compaq kernel: eth0: dma_rwctrl[763f0000] dma_mask[32-bit]
Feb 13 22:04:16 compaq kernel: ACPI: PCI Interrupt 0000:02:04.1[A] -> GSI 20 (level, low) -> IRQ 20
Feb 13 22:04:16 compaq kernel: ACPI: PCI Interrupt 0000:00:13.1[A] -> GSI 19 (level, low) -> IRQ 19
Feb 13 22:04:16 compaq kernel: ohci_hcd 0000:00:13.1: OHCI Host Controller
Feb 13 22:04:16 compaq kernel: ohci_hcd 0000:00:13.1: new USB bus registered, assigned bus number 3
Feb 13 22:04:16 compaq kernel: ohci_hcd 0000:00:13.1: irq 19, io mem 0xd4402000
Feb 13 22:04:16 compaq kernel: ohci1394: fw-host0: OHCI-1394 1.1 (PCI): IRQ=[20]  MMIO=[d4011000-d40117ff]  Max Packet=[2048]  IR/IT contexts=[4/8]
Feb 13 22:04:16 compaq kernel: usb usb3: configuration #1 chosen from 1 choice
Feb 13 22:04:16 compaq kernel: hub 3-0:1.0: USB hub found
Feb 13 22:04:16 compaq kernel: hub 3-0:1.0: 4 ports detected
Feb 13 22:04:16 compaq kernel: usb usb3: New USB device found, idVendor=1d6b, idProduct=0001
Feb 13 22:04:16 compaq kernel: usb usb3: New USB device strings: Mfr=3, Product=2, SerialNumber=1
Feb 13 22:04:16 compaq kernel: usb usb3: Product: OHCI Host Controller
Feb 13 22:04:16 compaq kernel: usb usb3: Manufacturer: Linux 2.6.25-rc1-git2.666.0 ohci_hcd
Feb 13 22:04:16 compaq kernel: usb usb3: SerialNumber: 0000:00:13.1
Feb 13 22:04:16 compaq kernel: usb 2-5: new high speed USB device using ehci_hcd and address 3
Feb 13 22:04:16 compaq kernel: usb 2-5: configuration #1 chosen from 1 choice
Feb 13 22:04:16 compaq kernel: usb 2-5: New USB device found, idVendor=152d, idProduct=2338
Feb 13 22:04:16 compaq kernel: usb 2-5: New USB device strings: Mfr=1, Product=2, SerialNumber=5
Feb 13 22:04:16 compaq kernel: usb 2-5: Product: USB to ATA/ATAPI Bridge
Feb 13 22:04:16 compaq kernel: usb 2-5: Manufacturer: JMicron
Feb 13 22:04:16 compaq kernel: usb 2-5: SerialNumber: 307541707171
Feb 13 22:04:16 compaq kernel: Initializing USB Mass Storage driver...
Feb 13 22:04:16 compaq kernel: PM: Starting manual resume from disk
Feb 13 22:04:16 compaq kernel: kjournald starting.  Commit interval 5 seconds
Feb 13 22:04:16 compaq kernel: EXT3-fs: mounted filesystem with journal data mode.
Feb 13 22:04:16 compaq kernel: usb 3-1: new full speed USB device using ohci_hcd and address 2
Feb 13 22:04:16 compaq kernel: usb 3-1: configuration #1 chosen from 1 choice
Feb 13 22:04:16 compaq kernel: usb 3-1: New USB device found, idVendor=08ff, idProduct=2580
Feb 13 22:04:16 compaq kernel: usb 3-1: New USB device strings: Mfr=0, Product=1, SerialNumber=0
Feb 13 22:04:16 compaq kernel: usb 3-1: Product: Fingerprint Sensor
Feb 13 22:04:16 compaq kernel: usb 3-3: new low speed USB device using ohci_hcd and address 3
Feb 13 22:04:16 compaq kernel: usb 3-3: configuration #1 chosen from 1 choice
Feb 13 22:04:16 compaq kernel: usb 3-3: New USB device found, idVendor=04f2, idProduct=0116
Feb 13 22:04:16 compaq kernel: usb 3-3: New USB device strings: Mfr=1, Product=2, SerialNumber=0
Feb 13 22:04:16 compaq kernel: usb 3-3: Product: USB Keyboard
Feb 13 22:04:16 compaq kernel: usb 3-3: Manufacturer: CHICONY
Feb 13 22:04:16 compaq kernel: usb 3-4: new low speed USB device using ohci_hcd and address 4
Feb 13 22:04:16 compaq kernel: usb 3-4: configuration #1 chosen from 1 choice
Feb 13 22:04:16 compaq kernel: usb 3-4: New USB device found, idVendor=046d, idProduct=c016
Feb 13 22:04:16 compaq kernel: usb 3-4: New USB device strings: Mfr=1, Product=2, SerialNumber=0
Feb 13 22:04:16 compaq kernel: usb 3-4: Product: Optical USB Mouse
Feb 13 22:04:16 compaq kernel: usb 3-4: Manufacturer: Logitech
Feb 13 22:04:16 compaq kernel: scsi4 : SCSI emulation for USB Mass Storage devices
Feb 13 22:04:16 compaq kernel: usbcore: registered new interface driver usb-storage
Feb 13 22:04:16 compaq kernel: USB Mass Storage support registered.
Feb 13 22:04:16 compaq kernel: input: Power Button (FF) as /devices/virtual/input/input1
Feb 13 22:04:16 compaq kernel: ACPI: Power Button (FF) [PWRF]
Feb 13 22:04:16 compaq kernel: ACPI: AC Adapter [C1C3] (on-line)
Feb 13 22:04:16 compaq kernel: input: Sleep Button (CM) as /devices/virtual/input/input2
Feb 13 22:04:16 compaq kernel: ACPI: Sleep Button (CM) [C266]
Feb 13 22:04:16 compaq kernel: input: Lid Switch as /devices/virtual/input/input3
Feb 13 22:04:16 compaq kernel: ACPI: Lid Switch [C267]
Feb 13 22:04:16 compaq kernel: ACPI: Battery Slot [C1C5] (battery present)
Feb 13 22:04:16 compaq kernel: ACPI: WMI: Mapper loaded
Feb 13 22:04:16 compaq kernel: ACPI: Battery Slot [C1C4] (battery absent)
Feb 13 22:04:16 compaq kernel: Yenta: CardBus bridge found at 0000:02:04.0 [103c:30b0]
Feb 13 22:04:16 compaq kernel: Yenta: Enabling burst memory read transactions
Feb 13 22:04:16 compaq kernel: Yenta: Using INTVAL to route CSC interrupts to PCI
Feb 13 22:04:16 compaq kernel: Yenta: Routing CardBus interrupts to PCI
Feb 13 22:04:16 compaq kernel: Yenta TI: socket 0000:02:04.0, mfunc 0x01a11002, devctl 0x64
Feb 13 22:04:16 compaq kernel: input: PC Speaker as /devices/platform/pcspkr/input/input4
Feb 13 22:04:16 compaq kernel: Yenta: ISA IRQ mask 0x0ef8, PCI irq 20
Feb 13 22:04:16 compaq kernel: Socket status: 30000006
Feb 13 22:04:16 compaq kernel: Yenta: Raising subordinate bus# of parent bus (#02) from #03 to #06
Feb 13 22:04:16 compaq kernel: pcmcia: parent PCI bridge Memory window: 0xd4000000 - 0xd42fffff
Feb 13 22:04:16 compaq kernel: ACPI: PCI Interrupt 0000:02:04.2[A] -> GSI 20 (level, low) -> IRQ 20
Feb 13 22:04:16 compaq kernel: Real Time Clock Driver v1.12ac
Feb 13 22:04:16 compaq kernel: ACPI: PCI Interrupt 0000:30:00.0[A] -> GSI 18 (level, low) -> IRQ 18
Feb 13 22:04:16 compaq kernel: Synaptics Touchpad, model: 1, fw: 6.2, id: 0x2580b1, caps: 0xa04793/0x300000
Feb 13 22:04:16 compaq kernel: serio: Synaptics pass-through port at isa0060/serio4/input0
Feb 13 22:04:16 compaq kernel: input: SynPS/2 Synaptics TouchPad as /devices/platform/i8042/serio4/input/input5
Feb 13 22:04:16 compaq kernel: ssb: Sonics Silicon Backplane found on PCI device 0000:30:00.0
Feb 13 22:04:16 compaq kernel: piix4_smbus 0000:00:14.0: Found 0000:00:14.0 device
Feb 13 22:04:16 compaq kernel: tpm_inf_pnp 00:03: Found C206 with ID IFX0102
Feb 13 22:04:16 compaq kernel: tpm_inf_pnp 00:03: TPM found: config base 0x520, data base 0x530, chip version 0x000b, vendor id 0x15d1 (Infineon), product id 0x000b (SLB 9635 TT 1.2)
Feb 13 22:04:16 compaq kernel: usbcore: registered new interface driver hiddev
Feb 13 22:04:16 compaq kernel: input: CHICONY USB Keyboard as /devices/pci0000:00/0000:00:13.1/usb3/3-3/3-3:1.0/input/input6
Feb 13 22:04:16 compaq kernel: sdhci: Secure Digital Host Controller Interface driver
Feb 13 22:04:16 compaq kernel: sdhci: Copyright(c) Pierre Ossman
Feb 13 22:04:16 compaq kernel: sdhci: SDHCI controller found at 0000:02:04.3 [104c:803c] (rev 0)
Feb 13 22:04:16 compaq kernel: ACPI: PCI Interrupt 0000:02:04.3[A] -> GSI 20 (level, low) -> IRQ 20
Feb 13 22:04:16 compaq kernel: mmc0: SDHCI at 0xd4019000 irq 20 PIO
Feb 13 22:04:16 compaq kernel: input,hidraw0: USB HID v1.10 Keyboard [CHICONY USB Keyboard] on usb-0000:00:13.1-3
Feb 13 22:04:16 compaq kernel: input: Logitech Optical USB Mouse as /devices/pci0000:00/0000:00:13.1/usb3/3-4/3-4:1.0/input/input7
Feb 13 22:04:16 compaq kernel: input,hidraw1: USB HID v1.10 Mouse [Logitech Optical USB Mouse] on usb-0000:00:13.1-4
Feb 13 22:04:16 compaq kernel: usbcore: registered new interface driver usbhid
Feb 13 22:04:16 compaq kernel: drivers/hid/usbhid/hid-core.c: v2.6:USB HID core driver
Feb 13 22:04:16 compaq kernel: ACPI: PCI Interrupt 0000:00:14.2[A] -> GSI 16 (level, low) -> IRQ 16
Feb 13 22:04:16 compaq kernel: b43-phy0: Broadcom 4311 WLAN found
Feb 13 22:04:16 compaq kernel: scsi 4:0:0:0: Direct-Access     SAMSUNG  HD501LJ          0-10 PQ: 0 ANSI: 2 CCS
Feb 13 22:04:16 compaq kernel: sd 4:0:0:0: [sdb] 976773168 512-byte hardware sectors (500108 MB)
Feb 13 22:04:16 compaq kernel: sd 4:0:0:0: [sdb] Write Protect is off
Feb 13 22:04:16 compaq kernel: sd 4:0:0:0: [sdb] 976773168 512-byte hardware sectors (500108 MB)
Feb 13 22:04:16 compaq kernel: sd 4:0:0:0: [sdb] Write Protect is off
Feb 13 22:04:16 compaq kernel: sdb: sdb1
Feb 13 22:04:16 compaq kernel: sd 4:0:0:0: [sdb] Attached SCSI disk
Feb 13 22:04:16 compaq kernel: sd 4:0:0:0: Attached scsi generic sg2 type 0
Feb 13 22:04:16 compaq kernel: EXT3 FS on dm-0, internal journal
Feb 13 22:04:16 compaq kernel: powernow-k8: Found 1 AMD Turion(tm) 64 X2 Mobile Technology TL-60 processors (2 cpu cores) (version 2.20.00)
Feb 13 22:04:16 compaq kernel: powernow-k8:    0 : fid 0xc (2000 MHz), vid 0x13
Feb 13 22:04:16 compaq kernel: powernow-k8:    1 : fid 0xa (1800 MHz), vid 0x15
Feb 13 22:04:16 compaq kernel: powernow-k8:    2 : fid 0x8 (1600 MHz), vid 0x17
Feb 13 22:04:16 compaq kernel: powernow-k8:    3 : fid 0x0 (800 MHz), vid 0x1e
Feb 13 22:04:16 compaq kernel: i2c /dev entries driver
Feb 13 22:04:16 compaq kernel: Clocksource tsc unstable (delta = -88563140 ns)
Feb 13 22:04:16 compaq kernel: loop: module loaded
Feb 13 22:04:16 compaq kernel: fuse init (API version 7.9)
Feb 13 22:04:16 compaq kernel: kjournald starting.  Commit interval 5 seconds
Feb 13 22:04:16 compaq kernel: EXT3 FS on sda1, internal journal
Feb 13 22:04:16 compaq kernel: EXT3-fs: mounted filesystem with journal data mode.
Feb 13 22:04:16 compaq kernel: kjournald starting.  Commit interval 5 seconds
Feb 13 22:04:16 compaq kernel: EXT3 FS on dm-2, internal journal
Feb 13 22:04:16 compaq kernel: EXT3-fs: mounted filesystem with journal data mode.
Feb 13 22:04:16 compaq kernel: Adding 1048568k swap on /dev/mapper/lvm-swap.  Priority:-1 extents:1 across:1048568k
Feb 13 22:04:16 compaq kernel: tg3: eth0: Link is up at 100 Mbps, full duplex.
Feb 13 22:04:16 compaq kernel: tg3: eth0: Flow control is on for TX and on for RX.
Feb 13 22:04:54 compaq TDDL[7222]: TrouSerS ioctl: (25) Inappropriate ioctl for device
Feb 13 22:04:54 compaq TDDL[7222]: TrouSerS Falling back to Read/Write device support.
Feb 13 22:04:55 compaq TCSD[7223]: TrouSerS trousers 0.3.1: TCSD up and running.
Feb 13 22:04:55 compaq kernel: warning: `ntpd' uses 32-bit capabilities (legacy support in use)
Feb 13 22:04:56 compaq dhcdbd: Started up.
Feb 13 22:04:58 compaq kernel: Bluetooth: Core ver 2.11
Feb 13 22:04:58 compaq kernel: NET: Registered protocol family 31
Feb 13 22:04:58 compaq kernel: Bluetooth: HCI device and connection manager initialized
Feb 13 22:04:58 compaq kernel: Bluetooth: HCI socket layer initialized
Feb 13 22:04:59 compaq kernel: Bluetooth: L2CAP ver 2.9
Feb 13 22:04:59 compaq kernel: Bluetooth: L2CAP socket layer initialized
Feb 13 22:04:59 compaq kernel: Bluetooth: RFCOMM socket layer initialized
Feb 13 22:04:59 compaq kernel: Bluetooth: RFCOMM TTY layer initialized
Feb 13 22:04:59 compaq kernel: Bluetooth: RFCOMM ver 1.8
Feb 13 22:04:59 compaq kernel: input: b43-phy0 as /devices/virtual/input/input8
Feb 13 22:04:59 compaq pcscd: pcscdaemon.c:513:main() pcsc-lite 1.4.99 daemon ready.
Feb 13 22:05:00 compaq kernel: b43-phy0 warning: You are using an old firmware image. Support for old firmware will be removed in July 2008.
Feb 13 22:05:00 compaq kernel: b43-phy0 warning: You must go to 
http://linuxwireless.org/en/users/Drivers/b43#devicefirmware
 and download the latest firmware (version 4).
Feb 13 22:05:01 compaq kernel: b43-phy0: Radio hardware status changed to DISABLED
Feb 13 22:05:02 compaq kernel: b43-phy0: Radio turned on by software
Feb 13 22:05:02 compaq kernel: b43-phy0: The hardware RF-kill button still turns the radio physically off. Press the button to turn it on.
Feb 13 22:05:02 compaq kernel: ip_tables: (C) 2000-2006 Netfilter Core Team
Feb 13 22:05:03 compaq kernel: nf_conntrack version 0.5.0 (16384 buckets, 65536 max)
Feb 13 22:05:47 compaq kernel: [drm] Initialized drm 1.1.0 20060810
Feb 13 22:05:47 compaq kernel: ACPI: PCI Interrupt 0000:01:05.0[A] -> GSI 17 (level, low) -> IRQ 17
Feb 13 22:05:47 compaq kernel: [drm] Initialized radeon 1.28.0 20060524 on minor 0
Feb 13 22:05:49 compaq kernel: [drm] Setting GART location based on new memory map
Feb 13 22:05:49 compaq kernel: [drm] Loading R300 Microcode
Feb 13 22:05:49 compaq kernel: [drm] writeback test succeeded in 1 usecs
Feb 13 22:08:15 compaq kernel: ------------[ cut here ]------------
Feb 13 22:08:15 compaq kernel: WARNING: at drivers/usb/host/ehci-hcd.c:287 ehci_iaa_watchdog+0x8e/0xa0 [ehci_hcd]()
Feb 13 22:08:15 compaq kernel: Modules linked in: sha256_generic chainiv aes_x86_64 aes_generic cbc radeon drm nf_conntrack_ipv4 xt_state nf_conntrack iptable_filter ip_tables x_tables binfmt_misc rfkill_input rfcomm l2cap bluetooth cpufreq_stats fuse dm_crypt loop eeprom lm90 i2c_dev kvm_amd kvm cpufreq_conservative cpufreq_powersave powernow_k8 arc4 ecb crypto_blkcipher cryptomgr crypto_algapi b43 rfkill mac80211 snd_hda_intel cfg80211 snd_pcm_oss snd_mixer_oss rng_core snd_pcm snd_timer sdhci input_polldev pcmcia usbhid serio_raw k8temp tpm_infineon tpm snd mmc_core hid hwmon tpm_bios i2c_piix4 ssb soundcore container evdev rtc psmouse pcspkr i2c_core snd_page_alloc tifm_7xx1 tifm_core yenta_socket rsrc_nonstatic pcmcia_core wmi battery ac button dm_mirror dm_snapshot usb_storage ohci1394 tg3 ieee1394 ehci_hcd ohci_hcd sg usbcore sr_mod cdrom sd_mod thermal processor fan
Feb 13 22:08:15 compaq kernel: Pid: 0, comm: swapper Not tainted 2.6.25-rc1-git2.666.0 #1
Feb 13 22:08:15 compaq kernel: 
Feb 13 22:08:15 compaq kernel: Call Trace:
Feb 13 22:08:15 compaq kernel: <IRQ>  [<ffffffff80237124>] warn_on_slowpath+0x64/0x90
Feb 13 22:08:15 compaq kernel: [<ffffffff8806ca20>] :ehci_hcd:ehci_iaa_watchdog+0x0/0xa0
Feb 13 22:08:15 compaq kernel: [<ffffffff80274385>] handle_fasteoi_irq+0xb5/0x100
Feb 13 22:08:15 compaq kernel: [<ffffffff80210091>] do_IRQ+0x81/0x100
Feb 13 22:08:15 compaq kernel: [<ffffffff8020c9ad>] ret_from_intr+0x0/0x19
Feb 13 22:08:15 compaq kernel: [<ffffffff8806ca20>] :ehci_hcd:ehci_iaa_watchdog+0x0/0xa0
Feb 13 22:08:15 compaq kernel: [<ffffffff8806ca24>] :ehci_hcd:ehci_iaa_watchdog+0x4/0xa0
Feb 13 22:08:15 compaq kernel: [<ffffffff8806caae>] :ehci_hcd:ehci_iaa_watchdog+0x8e/0xa0
Feb 13 22:08:15 compaq kernel: [<ffffffff80240da1>] run_timer_softirq+0x1c1/0x230
Feb 13 22:08:15 compaq kernel: [<ffffffff8023ce83>] __do_softirq+0x83/0x100
Feb 13 22:08:15 compaq kernel: [<ffffffff8020d80c>] call_softirq+0x1c/0x30
Feb 13 22:08:15 compaq kernel: [<ffffffff8020fe09>] do_softirq+0x49/0x90
Feb 13 22:08:15 compaq kernel: [<ffffffff8023cdf7>] irq_exit+0x87/0x90
Feb 13 22:08:15 compaq kernel: [<ffffffff802207de>] smp_apic_timer_interrupt+0x7e/0xc0
Feb 13 22:08:15 compaq kernel: [<ffffffff8020b2a0>] default_idle+0x0/0x70
Feb 13 22:08:15 compaq kernel: [<ffffffff8020d232>] apic_timer_interrupt+0x72/0x80
Feb 13 22:08:15 compaq kernel: <EOI>  [<ffffffff802244e2>] native_safe_halt+0x2/0x10
Feb 13 22:08:15 compaq kernel: [<ffffffff8020b2db>] default_idle+0x3b/0x70
Feb 13 22:08:15 compaq kernel: [<ffffffff8020b2a0>] default_idle+0x0/0x70
Feb 13 22:08:15 compaq kernel: [<ffffffff8020b362>] cpu_idle+0x52/0xf0
Feb 13 22:08:15 compaq kernel: 
Feb 13 22:08:15 compaq kernel: ---[ end trace 6ca6a5070838a261 ]---
Gnu C                  4.2.3
Gnu make               3.81
binutils               2.18.0.20080103
util-linux             2.13.1
mount                  2.13.1
module-init-tools      3.3-pre11
e2fsprogs              1.40.6
pcmciautils            014
Linux C Library        2.7
Dynamic linker (ldd)   2.7
Procps                 3.2.7
Net-tools              1.60
Kbd                    1.12
Sh-utils               6.10
udev                   114
wireless-tools         30