Date: Sun, 7 Oct 2001 15:50:56 +0200
From: Alejandro Conty <>
Subject: kernel oops in modprobe
Sender: linux-kernel-owner@vger.kernel.org
Precedence: bulk
List-ID: <linux-kernel.vger.kernel.org>
X-Mailing-List: linux-kernel@vger.kernel.org
X-Lkml-Link: https://lkml.org/lkml/2001/10/7/132

Since I installed kernel 2.4.10 I get a kernel oops after booting if I try to load analog.o with modprobe. But not always, it happens randomly. I load joydev ok, and then when I load analog.o ... oops. The module is loaded and as lsmod says, it is in "(initializing)" state. Of course I can't unload it "busy".
I send attached the full boot log until the crash, as you see the oops is caused by a divide error. I've been reading the analog init function, but didn't find any division.
I think the log gives you all info about my machine, but if you need more ask me.
Cheers
jandro.Oct  7 13:16:28 cm09840 syslogd 1.4-0: restart.
Oct  7 13:16:28 cm09840 syslog: syslogd startup succeeded
Oct  7 13:16:29 cm09840 kernel: klogd 1.4-0, log source = /proc/kmsg started.
Oct  7 13:16:29 cm09840 kernel: Inspecting /boot/System.map
Oct  7 13:16:29 cm09840 syslog: klogd startup succeeded
Oct  7 13:16:29 cm09840 kernel: Symbol table has incorrect version number. 
Oct  7 13:16:29 cm09840 random: Initializing random number generator:  succeeded
Oct  7 13:16:29 cm09840 kernel: Inspecting /System.map
Oct  7 13:16:29 cm09840 kernel: Symbol table has incorrect version number. 
Oct  7 13:16:29 cm09840 kernel: Cannot find map file.
Oct  7 13:16:29 cm09840 netfs: Mounting other filesystems:  succeeded
Oct  7 13:16:29 cm09840 kernel: Loaded 64 symbols from 6 modules.
Oct  7 13:16:29 cm09840 kernel: Linux version 2.4.10 (qword@cm09840.telecable.es) (gcc version 2.95.3 19991030 (prerelease)) #1 Sun Oct 7 00:04:26 CEST 2001
Oct  7 13:16:29 cm09840 kernel: BIOS-provided physical RAM map:
Oct  7 13:16:29 cm09840 kernel:  BIOS-e820: 0000000000000000 - 000000000009e800 (usable)
Oct  7 13:16:29 cm09840 kernel:  BIOS-e820: 000000000009e800 - 00000000000a0000 (reserved)
Oct  7 13:16:29 cm09840 kernel:  BIOS-e820: 00000000000f0000 - 0000000000100000 (reserved)
Oct  7 13:16:29 cm09840 kernel:  BIOS-e820: 0000000000100000 - 000000001ffec000 (usable)
Oct  7 13:16:29 cm09840 kernel:  BIOS-e820: 000000001ffec000 - 000000001ffef000 (ACPI data)
Oct  7 13:16:29 cm09840 kernel:  BIOS-e820: 000000001ffef000 - 000000001ffff000 (reserved)
Oct  7 13:16:29 cm09840 kernel:  BIOS-e820: 000000001ffff000 - 0000000020000000 (ACPI NVS)
Oct  7 13:16:29 cm09840 kernel:  BIOS-e820: 00000000ffff0000 - 0000000100000000 (reserved)
Oct  7 13:16:29 cm09840 kernel: On node 0 totalpages: 131052
Oct  7 13:16:29 cm09840 kernel: zone(0): 4096 pages.
Oct  7 13:16:29 cm09840 kernel: zone(1): 126956 pages.
Oct  7 13:16:29 cm09840 kernel: zone(2): 0 pages.
Oct  7 13:16:29 cm09840 kernel: Kernel command line: BOOT_IMAGE=linux-410 ro root=2102
Oct  7 13:16:29 cm09840 kernel: Initializing CPU#0
Oct  7 13:16:29 cm09840 kernel: Detected 1008.995 MHz processor.
Oct  7 13:16:29 cm09840 kernel: Console: colour VGA+ 80x25
Oct  7 13:16:29 cm09840 kernel: Calibrating delay loop... 2011.95 BogoMIPS
Oct  7 13:16:29 cm09840 kernel: Memory: 513640k/524208k available (1160k kernel code, 10176k reserved, 375k data, 204k init, 0k highmem)
Oct  7 13:16:29 cm09840 kernel: Dentry-cache hash table entries: 65536 (order: 7, 524288 bytes)
Oct  7 13:16:29 cm09840 kernel: Inode-cache hash table entries: 32768 (order: 6, 262144 bytes)
Oct  7 13:16:29 cm09840 kernel: Mount-cache hash table entries: 8192 (order: 4, 65536 bytes)
Oct  7 13:16:29 cm09840 kernel: Buffer-cache hash table entries: 32768 (order: 5, 131072 bytes)
Oct  7 13:16:29 cm09840 kernel: Page-cache hash table entries: 131072 (order: 7, 524288 bytes)
Oct  7 13:16:29 cm09840 kernel: Intel machine check architecture supported.
Oct  7 13:16:29 cm09840 kernel: Intel machine check reporting enabled on CPU#0.
Oct  7 13:16:29 cm09840 kernel: CPU: L1 I Cache: 64K (64 bytes/line), D cache 64K (64 bytes/line)
Oct  7 13:16:29 cm09840 kernel: CPU: L2 Cache: 256K (64 bytes/line)
Oct  7 13:16:29 cm09840 kernel: CPU: AMD Athlon(tm) Processor stepping 02
Oct  7 13:16:29 cm09840 kernel: Enabling fast FPU save and restore... done.
Oct  7 13:16:29 cm09840 kernel: Checking 'hlt' instruction... OK.
Oct  7 13:16:29 cm09840 kernel: POSIX conformance testing by UNIFIX
Oct  7 13:16:29 cm09840 kernel: mtrr: v1.40 (20010327) Richard Gooch (rgooch@atnf.csiro.au)
Oct  7 13:16:29 cm09840 kernel: mtrr: detected mtrr type: Intel
Oct  7 13:16:29 cm09840 kernel: PCI: PCI BIOS revision 2.10 entry at 0xf1150, last bus=1
Oct  7 13:16:29 cm09840 kernel: PCI: Using configuration type 1
Oct  7 13:16:29 cm09840 kernel: PCI: Probing PCI hardware
Oct  7 13:16:29 cm09840 kernel: Unknown bridge resource 0: assuming transparent
Oct  7 13:16:29 cm09840 kernel: PCI: Using IRQ router VIA [1106/0686] at 00:04.0
Oct  7 13:16:29 cm09840 kernel: Linux NET4.0 for Linux 2.4
Oct  7 13:16:29 cm09840 kernel: Based upon Swansea University Computer Society NET3.039
Oct  7 13:16:29 cm09840 kernel: Starting kswapd
Oct  7 13:16:29 cm09840 kernel: pty: 256 Unix98 ptys configured
Oct  7 13:16:29 cm09840 kernel: Serial driver version 5.05c (2001-07-08) with MANY_PORTS SHARE_IRQ SERIAL_PCI enabled
Oct  7 13:16:29 cm09840 kernel: ttyS00 at 0x03f8 (irq = 4) is a 16550A
Oct  7 13:16:29 cm09840 kernel: ttyS01 at 0x02f8 (irq = 3) is a 16550A
Oct  7 13:16:29 cm09840 kernel: block: 128 slots per queue, batch=16
Oct  7 13:16:29 cm09840 kernel: Uniform Multi-Platform E-IDE driver Revision: 6.31
Oct  7 13:16:29 cm09840 kernel: ide: Assuming 33MHz system bus speed for PIO modes; override with idebus=xx
Oct  7 13:16:29 cm09840 kernel: VP_IDE: IDE controller on PCI bus 00 dev 21
Oct  7 13:16:29 cm09840 kernel: VP_IDE: chipset revision 16
Oct  7 13:16:29 cm09840 kernel: VP_IDE: not 100%% native mode: will probe irqs later
Oct  7 13:16:29 cm09840 kernel:     ide0: BM-DMA at 0xd800-0xd807, BIOS settings: hda:DMA, hdb:pio
Oct  7 13:16:29 cm09840 atd: atd startup succeeded
Oct  7 13:16:29 cm09840 kernel:     ide1: BM-DMA at 0xd808-0xd80f, BIOS settings: hdc:pio, hdd:pio
Oct  7 13:16:29 cm09840 kernel: PDC20265: IDE controller on PCI bus 00 dev 88
Oct  7 13:16:29 cm09840 kernel: PCI: Found IRQ 10 for device 00:11.0
Oct  7 13:16:29 cm09840 kernel: PCI: Sharing IRQ 10 with 00:0b.0
Oct  7 13:16:29 cm09840 kernel: PCI: Sharing IRQ 10 with 00:0b.1
Oct  7 13:16:29 cm09840 kernel: PDC20265: chipset revision 2
Oct  7 13:16:29 cm09840 kernel: PDC20265: not 100%% native mode: will probe irqs later
Oct  7 13:16:29 cm09840 kernel:     ide2: BM-DMA at 0x8000-0x8007, BIOS settings: hde:DMA, hdf:pio
Oct  7 13:16:29 cm09840 kernel:     ide3: BM-DMA at 0x8008-0x800f, BIOS settings: hdg:pio, hdh:pio
Oct  7 13:16:29 cm09840 kernel: hda: LG CD-ROM CRD-8521B, ATAPI CD/DVD-ROM drive
Oct  7 13:16:30 cm09840 kernel: hde: ST340823A, ATA DISK drive
Oct  7 13:16:30 cm09840 kernel: ide0 at 0x1f0-0x1f7,0x3f6 on irq 14
Oct  7 13:16:30 cm09840 kernel: ide2 at 0x9400-0x9407,0x9002 on irq 10
Oct  7 13:16:30 cm09840 kernel: hde: 78165360 sectors (40021 MB) w/512KiB Cache, CHS=77545/16/63
Oct  7 13:16:30 cm09840 kernel: hda: ATAPI 52X CD-ROM drive, 128kB Cache
Oct  7 13:16:30 cm09840 kernel: Uniform CD-ROM driver Revision: 3.12
Oct  7 13:16:30 cm09840 kernel: Partition check:
Oct  7 13:16:30 cm09840 kernel:  hde: [PTBL] [4865/255/63] hde1 hde2 hde3 hde4
Oct  7 13:16:30 cm09840 kernel: Floppy drive(s): fd0 is 1.44M
Oct  7 13:16:30 cm09840 kernel: FDC 0 is a post-1991 82077
Oct  7 13:16:30 cm09840 kernel: Linux agpgart interface v0.99 (c) Jeff Hartmann
Oct  7 13:16:30 cm09840 kernel: agpgart: Maximum main memory to use for agp memory: 439M
Oct  7 13:16:30 cm09840 kernel: agpgart: Detected Via Apollo Pro KT133 chipset
Oct  7 13:16:30 cm09840 kernel: agpgart: AGP aperture is 64M @ 0xe4000000
Oct  7 13:16:30 cm09840 kernel: SCSI subsystem driver Revision: 1.00
Oct  7 13:16:30 cm09840 kernel: request_module[scsi_hostadapter]: Root fs not mounted
Oct  7 13:16:30 cm09840 kernel: Linux Kernel Card Services 3.1.22
Oct  7 13:16:30 cm09840 kernel:   options:  [pci] [cardbus] [pm]
Oct  7 13:16:30 cm09840 kernel: usb.c: registered new driver usbdevfs
Oct  7 13:16:30 cm09840 kernel: usb.c: registered new driver hub
Oct  7 13:16:30 cm09840 kernel: PCI: Found IRQ 9 for device 00:04.2
Oct  7 13:16:30 cm09840 kernel: PCI: Sharing IRQ 9 with 00:04.3
Oct  7 13:16:30 cm09840 kernel: PCI: Sharing IRQ 9 with 00:09.0
Oct  7 13:16:30 cm09840 kernel: PCI: Sharing IRQ 9 with 00:0d.0
Oct  7 13:16:30 cm09840 kernel: uhci.c: USB UHCI at I/O 0xd400, IRQ 9
Oct  7 13:16:30 cm09840 kernel: usb.c: new USB bus registered, assigned bus number 1
Oct  7 13:16:30 cm09840 kernel: hub.c: USB hub found
Oct  7 13:16:30 cm09840 kernel: hub.c: 2 ports detected
Oct  7 13:16:30 cm09840 kernel: PCI: Found IRQ 9 for device 00:04.3
Oct  7 13:16:30 cm09840 kernel: PCI: Sharing IRQ 9 with 00:04.2
Oct  7 13:16:30 cm09840 kernel: PCI: Sharing IRQ 9 with 00:09.0
Oct  7 13:16:30 cm09840 kernel: PCI: Sharing IRQ 9 with 00:0d.0
Oct  7 13:16:30 cm09840 kernel: uhci.c: USB UHCI at I/O 0xd000, IRQ 9
Oct  7 13:16:30 cm09840 kernel: usb.c: new USB bus registered, assigned bus number 2
Oct  7 13:16:30 cm09840 kernel: hub.c: USB hub found
Oct  7 13:16:30 cm09840 kernel: hub.c: 2 ports detected
Oct  7 13:16:30 cm09840 kernel: uhci.c: :USB Universal Host Controller Interface driver
Oct  7 13:16:30 cm09840 kernel: mice: PS/2 mouse device common for all mice
Oct  7 13:16:30 cm09840 kernel: NET4: Linux TCP/IP 1.0 for NET4.0
Oct  7 13:16:30 cm09840 kernel: IP Protocols: ICMP, UDP, TCP, IGMP
Oct  7 13:16:30 cm09840 kernel: IP: routing cache hash table of 4096 buckets, 32Kbytes
Oct  7 13:16:30 cm09840 kernel: TCP: Hash tables configured (established 32768 bind 32768)
Oct  7 13:16:30 cm09840 kernel: NET4: Unix domain sockets 1.0/SMP for Linux NET4.0.
Oct  7 13:16:30 cm09840 kernel: ds: no socket drivers loaded!
Oct  7 13:16:30 cm09840 kernel: VFS: Mounted root (ext2 filesystem) readonly.
Oct  7 13:16:30 cm09840 kernel: Freeing unused kernel memory: 204k freed
Oct  7 13:16:30 cm09840 kernel: hub.c: USB new device connect on bus2/2, assigned device number 2
Oct  7 13:16:22 cm09840 rc.sysinit: Mounting proc filesystem:  succeeded 
Oct  7 13:16:30 cm09840 kernel: hub.c: USB hub found
Oct  7 13:16:23 cm09840 sysctl: net.ipv4.ip_forward = 0 
Oct  7 13:16:30 cm09840 kernel: hub.c: 4 ports detected
Oct  7 13:16:23 cm09840 sysctl: net.ipv4.conf.all.rp_filter = 1 
Oct  7 13:16:30 cm09840 kernel: Adding Swap: 128516k swap-space (priority -1)
Oct  7 13:16:23 cm09840 sysctl: net.ipv4.conf.all.log_martians = 1 
Oct  7 13:16:30 cm09840 kernel: es1371: version v0.30 time 00:11:51 Oct  7 2001
Oct  7 13:16:23 cm09840 sysctl: net.ipv4.ip_dynaddr = 1 
Oct  7 13:16:30 cm09840 kernel: PCI: Found IRQ 9 for device 00:09.0
Oct  7 13:16:23 cm09840 sysctl: net.ipv4.icmp_echo_ignore_broadcasts = 1 
Oct  7 13:16:30 cm09840 kernel: PCI: Sharing IRQ 9 with 00:04.2
Oct  7 13:16:23 cm09840 sysctl: net.ipv4.conf.all.accept_source_route = 0 
Oct  7 13:16:30 cm09840 kernel: PCI: Sharing IRQ 9 with 00:04.3
Oct  7 13:16:23 cm09840 sysctl: net.ipv4.icmp_echo_ignore_all = 0 
Oct  7 13:16:30 cm09840 kernel: PCI: Sharing IRQ 9 with 00:0d.0
Oct  7 13:16:23 cm09840 sysctl: net.ipv4.conf.all.accept_redirects = 0 
Oct  7 13:16:30 cm09840 kernel: es1371: found chip, vendor id 0x1274 device id 0x5880 revision 0x02
Oct  7 13:16:23 cm09840 sysctl: error: 'net.ipv4.ip_always_defrag' is an unknown key 
Oct  7 13:16:30 cm09840 kernel: es1371: found es1371 rev 2 at io 0xa400 irq 9
Oct  7 13:16:23 cm09840 sysctl: error: 'kernel.sysrq' is an unknown key 
Oct  7 13:16:30 cm09840 kernel: es1371: features: joystick 0x208
Oct  7 13:16:23 cm09840 sysctl: error: 'net.ipv4.icmp_echoreply_rate' is an unknown key 
Oct  7 13:16:30 cm09840 kernel: ac97_codec: AC97 Audio codec, id: 0x8384:0x7609 (SigmaTel STAC9721/23)
Oct  7 13:16:23 cm09840 sysctl: error: 'net.ipv4.icmp_paramprob_rate' is an unknown key 
Oct  7 13:16:30 cm09840 kernel: ne2k-pci.c:v1.02 10/19/2000 D. Becker/P. Gortmaker
Oct  7 13:16:23 cm09840 sysctl: error: 'net.ipv4.icmp_timeexceed_rate' is an unknown key 
Oct  7 13:16:30 cm09840 kernel:   
http://www.scyld.com/network/ne2k-pci.html
Oct  7 13:16:23 cm09840 sysctl: error: 'net.ipv4.icmp_destunreach_rate' is an unknown key 
Oct  7 13:16:30 cm09840 kernel: PCI: Found IRQ 5 for device 00:0a.0
Oct  7 13:16:23 cm09840 sysctl: error: 'net.ipv4.tcp_syncookies' is an unknown key 
Oct  7 13:16:30 cm09840 kernel: eth0: RealTek RTL-8029 found at 0xa000, IRQ 5, 00:C0:26:24:5F:E9.
Oct  7 13:16:23 cm09840 rc.sysinit: Configuring kernel parameters:  succeeded 
Oct  7 13:16:30 cm09840 kernel: PCI: Found IRQ 9 for device 00:0d.0
Oct  7 13:16:23 cm09840 date: Sun Oct  7 13:16:21 CEST 2001 
Oct  7 13:16:30 cm09840 kernel: PCI: Sharing IRQ 9 with 00:04.2
Oct  7 13:16:23 cm09840 rc.sysinit: Setting clock  (localtime): Sun Oct  7 13:16:21 CEST 2001 succeeded 
Oct  7 13:16:30 cm09840 kernel: PCI: Sharing IRQ 9 with 00:04.3
Oct  7 13:16:23 cm09840 rc.sysinit: Loading default keymap succeeded 
Oct  7 13:16:30 cm09840 kernel: PCI: Sharing IRQ 9 with 00:09.0
Oct  7 13:16:23 cm09840 setsysfont: Format: 3 
Oct  7 13:16:30 cm09840 kernel: eth1: RealTek RTL-8029 found at 0x9800, IRQ 9, 00:C0:26:B6:22:2A.
Oct  7 13:16:23 cm09840 rc.sysinit: Setting default font (lat1u-16):  succeeded 
Oct  7 13:16:23 cm09840 rc.sysinit: Activating swap partitions:  succeeded 
Oct  7 13:16:23 cm09840 rc.sysinit: Setting hostname localhost.localdomain:  succeeded 
Oct  7 13:16:23 cm09840 fsck: /dev/hde2: clean, 102160/1310720 files, 739744/2620603 blocks 
Oct  7 13:16:23 cm09840 rc.sysinit: Checking root filesystem succeeded 
Oct  7 13:16:23 cm09840 rc.sysinit: Remounting root filesystem in read-write mode:  succeeded 
Oct  7 13:16:23 cm09840 rc.sysinit: Finding module dependencies:  succeeded 
Oct  7 13:16:24 cm09840 rc.sysinit: Loading sound module (es1371):  succeeded 
Oct  7 13:16:24 cm09840 aumix-minimal: vol set to 64, 64 
Oct  7 13:16:24 cm09840 rc.sysinit: Loading mixer settings:  succeeded 
Oct  7 13:16:24 cm09840 aumix-minimal: pcm set to 68, 68 
Oct  7 13:16:24 cm09840 aumix-minimal: speaker set to 64, 64 
Oct  7 13:16:24 cm09840 aumix-minimal: line set to 100, 100, R 
Oct  7 13:16:24 cm09840 aumix-minimal: mic set to 100, 100, P 
Oct  7 13:16:24 cm09840 aumix-minimal: cd set to 64, 64, P 
Oct  7 13:16:24 cm09840 aumix-minimal: igain set to 64, 64, P 
Oct  7 13:16:24 cm09840 aumix-minimal: line1 set to 64, 64, P 
Oct  7 13:16:24 cm09840 aumix-minimal: phin set to 64, 64, P 
Oct  7 13:16:24 cm09840 aumix-minimal: phout set to 64, 64 
Oct  7 13:16:24 cm09840 aumix-minimal: video set to 64, 64, P 
Oct  7 13:16:24 cm09840 fsck: /dev/hde4: clean, 32210/3296640 files, 2241541/6590666 blocks 
Oct  7 13:16:24 cm09840 rc.sysinit: Checking filesystems succeeded 
Oct  7 13:16:25 cm09840 rc.sysinit: Mounting local filesystems:  succeeded 
Oct  7 13:16:25 cm09840 rc.sysinit: Enabling swap space:  succeeded 
Oct  7 13:16:26 cm09840 aumix-minimal: vol set to 64, 64 
Oct  7 13:16:26 cm09840 rc.sysinit: Loading mixer settings succeeded 
Oct  7 13:16:26 cm09840 aumix-minimal: pcm set to 68, 68 
Oct  7 13:16:26 cm09840 aumix-minimal: speaker set to 64, 64 
Oct  7 13:16:26 cm09840 aumix-minimal: line set to 100, 100, R 
Oct  7 13:16:26 cm09840 aumix-minimal: mic set to 100, 100, P 
Oct  7 13:16:26 cm09840 aumix-minimal: cd set to 64, 64, P 
Oct  7 13:16:26 cm09840 aumix-minimal: igain set to 64, 64, P 
Oct  7 13:16:26 cm09840 aumix-minimal: line1 set to 64, 64, P 
Oct  7 13:16:26 cm09840 aumix-minimal: phin set to 64, 64, P 
Oct  7 13:16:26 cm09840 aumix-minimal: phout set to 64, 64 
Oct  7 13:16:26 cm09840 aumix-minimal: video set to 64, 64, P 
Oct  7 13:16:26 cm09840 init: Entering runlevel: 3 
Oct  7 13:16:27 cm09840 sysctl: net.ipv4.ip_forward = 0 
Oct  7 13:16:27 cm09840 sysctl: net.ipv4.conf.all.rp_filter = 1 
Oct  7 13:16:27 cm09840 sysctl: net.ipv4.conf.all.log_martians = 1 
Oct  7 13:16:27 cm09840 sysctl: net.ipv4.ip_dynaddr = 1 
Oct  7 13:16:27 cm09840 sysctl: net.ipv4.icmp_echo_ignore_broadcasts = 1 
Oct  7 13:16:27 cm09840 sysctl: net.ipv4.conf.all.accept_source_route = 0 
Oct  7 13:16:27 cm09840 sysctl: net.ipv4.icmp_echo_ignore_all = 0 
Oct  7 13:16:27 cm09840 sysctl: net.ipv4.conf.all.accept_redirects = 0 
Oct  7 13:16:30 cm09840 crond: crond startup succeeded
Oct  7 13:16:27 cm09840 sysctl: error: 'net.ipv4.ip_always_defrag' is an unknown key 
Oct  7 13:16:27 cm09840 sysctl: error: 'kernel.sysrq' is an unknown key 
Oct  7 13:16:27 cm09840 sysctl: error: 'net.ipv4.icmp_echoreply_rate' is an unknown key 
Oct  7 13:16:27 cm09840 sysctl: error: 'net.ipv4.icmp_paramprob_rate' is an unknown key 
Oct  7 13:16:27 cm09840 sysctl: error: 'net.ipv4.icmp_timeexceed_rate' is an unknown key 
Oct  7 13:16:27 cm09840 sysctl: error: 'net.ipv4.icmp_destunreach_rate' is an unknown key 
Oct  7 13:16:27 cm09840 sysctl: error: 'net.ipv4.tcp_syncookies' is an unknown key 
Oct  7 13:16:27 cm09840 network: Setting network parameters:  succeeded 
Oct  7 13:16:27 cm09840 network: Bringing up interface lo:  succeeded 
Oct  7 13:16:27 cm09840 ifup: Determining IP information for eth0... 
Oct  7 13:16:27 cm09840 pumpd[453]: starting at (uptime 0 days, 0:00:15) Sun Oct  7 13:16:27 2001   
Oct  7 13:16:28 cm09840 pumpd[453]: configured interface eth0 
Oct  7 13:16:28 cm09840 ifup:  done. 
Oct  7 13:16:28 cm09840 network: Bringing up interface eth0:  succeeded 
Oct  7 13:16:28 cm09840 network: Bringing up interface eth1:  succeeded 
Oct  7 13:16:31 cm09840 inet: inetd startup succeeded
Oct  7 13:16:31 cm09840 inetd[721]: Online and ready (1 sockets)
Oct  7 13:16:31 cm09840 lpd: lpd startup succeeded
Oct  7 13:16:31 cm09840 keytable: Loading keymap: 
Oct  7 13:16:31 cm09840 keytable: Loading /usr/lib/kbd/keymaps/i386/qwerty/es.kmap.gz
Oct  7 13:16:32 cm09840 keytable: Loading system font: 
Oct  7 13:16:32 cm09840 keytable: Format: 3
Oct  7 13:16:32 cm09840 rc: Starting keytable:  succeeded
Oct  7 13:16:32 cm09840 sshd2: Starting sshd2 in port 1138: 
Oct  7 13:16:32 cm09840 sshd2: sshd2: SSH Secure Shell 2.4.0 (non-commercial version) on i686-pc-linux-gnu
Oct  7 13:16:33 cm09840 sshd2[803]: Listener created on port 1138.
Oct  7 13:16:33 cm09840 sshd2: done.
Oct  7 13:16:33 cm09840 sshd2[804]: Daemon is running.
Oct  7 13:16:33 cm09840 rc: Starting sshd2:  succeeded
Oct  7 13:16:41 cm09840 PAM_pwdb[868]: (login) session opened for user root by (uid=0)
Oct  7 13:17:25 cm09840 kernel: i2c-core.o: i2c core module
Oct  7 13:17:25 cm09840 kernel: i2c-viapro.o version 2.6.0 (20010612)
Oct  7 13:17:25 cm09840 kernel: i2c-core.o: adapter SMBus vt82c596 adapter at e800 registered as adapter 0.
Oct  7 13:17:25 cm09840 kernel: i2c-viapro.o: vt82c596 bus detected and initialized
Oct  7 13:17:25 cm09840 kernel: i2c-proc.o version 2.6.0 (20010228)
Oct  7 13:17:25 cm09840 kernel: w83781d.o version 2.6.0 (20010612)
Oct  7 13:17:25 cm09840 kernel: i2c-core.o: driver W83781D sensor driver registered.
Oct  7 13:17:25 cm09840 kernel: i2c-core.o: client [AS99127F chip] registered to adapter [SMBus vt82c596 adapter at e800](pos. 0).
Oct  7 13:17:25 cm09840 kernel: i2c-core.o: client [AS99127F subclient] registered to adapter [SMBus vt82c596 adapter at e800](pos. 1).
Oct  7 13:17:25 cm09840 kernel: i2c-core.o: client [AS99127F subclient] registered to adapter [SMBus vt82c596 adapter at e800](pos. 2).
Oct  7 13:17:47 cm09840 kernel: input0: Analog 2-axis 4-button joystick at gameport0.0 [TSC timer, -1188 kHz clock, -196969 ns res]
Oct  7 13:18:09 cm09840 kernel: analog.c: 0 out of 0 reads (0%%) on gameport0 failed
Oct  7 13:18:37 cm09840 kernel: i2c-core.o: client [AS99127F chip] unregistered.
Oct  7 13:18:37 cm09840 kernel: i2c-core.o: client [AS99127F subclient] unregistered.
Oct  7 13:18:37 cm09840 kernel: i2c-core.o: client [AS99127F subclient] unregistered.
Oct  7 13:18:37 cm09840 kernel: i2c-core.o: adapter unregistered: SMBus vt82c596 adapter at e800
Oct  7 13:18:51 cm09840 kernel: i2c-core.o: driver unregistered: W83781D sensor driver
Oct  7 13:19:02 cm09840 kernel: i2c-viapro.o version 2.6.0 (20010612)
Oct  7 13:19:02 cm09840 kernel: i2c-core.o: adapter SMBus vt82c596 adapter at e800 registered as adapter 0.
Oct  7 13:19:02 cm09840 kernel: i2c-viapro.o: vt82c596 bus detected and initialized
Oct  7 13:19:02 cm09840 kernel: w83781d.o version 2.6.0 (20010612)
Oct  7 13:19:02 cm09840 kernel: i2c-core.o: driver W83781D sensor driver registered.
Oct  7 13:19:02 cm09840 kernel: i2c-core.o: client [AS99127F chip] registered to adapter [SMBus vt82c596 adapter at e800](pos. 0).
Oct  7 13:19:02 cm09840 kernel: i2c-core.o: client [AS99127F subclient] registered to adapter [SMBus vt82c596 adapter at e800](pos. 1).
Oct  7 13:19:02 cm09840 kernel: i2c-core.o: client [AS99127F subclient] registered to adapter [SMBus vt82c596 adapter at e800](pos. 2).
Oct  7 13:19:02 cm09840 kernel: divide error: 0000
Oct  7 13:19:02 cm09840 kernel: CPU:    0
Oct  7 13:19:02 cm09840 kernel: EIP:    0010:[<e085a36b>]
Oct  7 13:19:02 cm09840 kernel: EFLAGS: 00010297
Oct  7 13:19:02 cm09840 kernel: eax: ffff58cc   ebx: 00000000   ecx: 00000246   edx: ffffffff
Oct  7 13:19:02 cm09840 kernel: esi: df224000   edi: df22e000   ebp: df9e6440   esp: df225ed8
Oct  7 13:19:02 cm09840 kernel: ds: 0018   es: 0018   ss: 0018
Oct  7 13:19:02 cm09840 kernel: Process modprobe (pid: 911, stackpage=df225000)
Oct  7 13:19:02 cm09840 kernel: Stack: df9e6440 e085aae0 df22e88c 00001cc0 e0859067 e085a5c6 df9e6440 e085aae0 
Oct  7 13:19:02 cm09840 kernel:        df22e000 df9e6440 e085aae0 e0859067 00001cc0 df22e000 e0859067 c01882a1 
Oct  7 13:19:02 cm09840 kernel:        df9e6440 e085aae0 e0859000 00000000 e085a7ef e085aae0 c0113dad df224000 
Oct  7 13:19:02 cm09840 kernel: Call Trace: [<e085aae0>] [<e0859067>] [<e085a5c6>] [<e085aae0>] [<e085aae0>] 
Oct  7 13:19:02 cm09840 kernel:    [<e0859067>] [<e0859067>] [<c01882a1>] [<e085aae0>] [<e085a7ef>] [<e085aae0>] 
Oct  7 13:19:02 cm09840 kernel:    [<c0113dad>] [<e0859060>] [<c0106c43>] 
Oct  7 13:19:02 cm09840 kernel: 
Oct  7 13:19:02 cm09840 kernel: Code: f7 bf 58 08 00 00 89 c1 ba d3 4d 62 10 89 d0 f7 e9 89 c8 c1 
Oct  7 13:19:03 cm09840 kernel:  hde: dma_intr: status=0x51 { DriveReady SeekComplete Error }