Date: Tue, 22 Jan 2008 06:03:02 +0000
From: Chris Clayton <>
Subject: Silent crash witk 2-6.24-rc8-git4
Sender: linux-kernel-owner@vger.kernel.org
Precedence: bulk
List-ID: <linux-kernel.vger.kernel.org>
X-Mailing-List: linux-kernel@vger.kernel.org
X-Lkml-Link: https://lkml.org/lkml/2008/1/22/18

Hi,
Firstly, I'm not subscribed, so please cc me into any reply.
I've found that I can cause my laptop (DEll Latitude C610) to crash silently 
(other than blinking LEDs) with stock 2.6.24-rc8{,-git2,-git3,-git4} kernels. 
I suspect the problem is related to the rt61pci driver, so I've cc'd 
linux-wireless.
All I have to do to cause the crash is run the following script on the laptop
#!/bin/sh
for i in `seq 1 100`; do
    echo $i > itercount
    rm -f linux-2.6.23.tar.bz2
    wget 
ftp://192.168.1.10/pub/linux-2.6.23.tar.bz2
done
The crash will occur usually during the first iteration (and often in the 
first 12 megabytes), but never later than the second.
I suspect the rt61pci driver because if I down wlan0 and connect to my network 
via eth0, the laptop never crashes (and I've let it run for 50 or so 
iterations). Similarly, if I build and install -git4 without the in-tree 
rt61pci driver and build and install the out-of-tree rt61 driver from 
serialmonkey.com (20071117 snapshot), the script runs fine, although I admit 
that I stopped it after eight iterations.
My config, the output, from lspci -vv and the contents of syslog from a crash 
are attached. The wireless adapter is a Belkin F5D7010.
Other than maybe a little later on tonight, I won't have much time to give 
this further attention over the next couple of days, but I thought it best to 
give a heads-up now.
Thanks in advance
Chris
-- 
Beer is proof that God loves us and wants us to be happy - Benjamin Franklin
#
# Automatically generated make config: don't edit
# Linux kernel version: 2.6.24-rc8-git4
# Tue Jan 22 04:57:20 2008
#
# CONFIG_64BIT is not set
CONFIG_X86_32=y
# CONFIG_X86_64 is not set
CONFIG_X86=y
CONFIG_GENERIC_TIME=y
CONFIG_GENERIC_CMOS_UPDATE=y
CONFIG_CLOCKSOURCE_WATCHDOG=y
CONFIG_GENERIC_CLOCKEVENTS=y
CONFIG_LOCKDEP_SUPPORT=y
CONFIG_STACKTRACE_SUPPORT=y
CONFIG_SEMAPHORE_SLEEPERS=y
CONFIG_MMU=y
CONFIG_ZONE_DMA=y
CONFIG_QUICKLIST=y
CONFIG_GENERIC_ISA_DMA=y
CONFIG_GENERIC_IOMAP=y
CONFIG_GENERIC_BUG=y
CONFIG_GENERIC_HWEIGHT=y
CONFIG_ARCH_MAY_HAVE_PC_FDC=y
CONFIG_DMI=y
# CONFIG_RWSEM_GENERIC_SPINLOCK is not set
CONFIG_RWSEM_XCHGADD_ALGORITHM=y
# CONFIG_ARCH_HAS_ILOG2_U32 is not set
# CONFIG_ARCH_HAS_ILOG2_U64 is not set
CONFIG_GENERIC_CALIBRATE_DELAY=y
# CONFIG_GENERIC_TIME_VSYSCALL is not set
CONFIG_ARCH_SUPPORTS_OPROFILE=y
# CONFIG_ZONE_DMA32 is not set
CONFIG_ARCH_POPULATES_NODE_MAP=y
# CONFIG_AUDIT_ARCH is not set
CONFIG_GENERIC_HARDIRQS=y
CONFIG_GENERIC_IRQ_PROBE=y
CONFIG_X86_BIOS_REBOOT=y
CONFIG_KTIME_SCALAR=y
CONFIG_DEFCONFIG_LIST="/lib/modules/$UNAME_RELEASE/.config"
#
# General setup
#
CONFIG_EXPERIMENTAL=y
CONFIG_BROKEN_ON_SMP=y
CONFIG_LOCK_KERNEL=y
CONFIG_INIT_ENV_ARG_LIMIT=32
CONFIG_LOCALVERSION=""
# CONFIG_LOCALVERSION_AUTO is not set
CONFIG_SWAP=y
CONFIG_SYSVIPC=y
CONFIG_SYSVIPC_SYSCTL=y
# CONFIG_POSIX_MQUEUE is not set
CONFIG_BSD_PROCESS_ACCT=y
# CONFIG_BSD_PROCESS_ACCT_V3 is not set
# CONFIG_TASKSTATS is not set
# CONFIG_USER_NS is not set
# CONFIG_PID_NS is not set
# CONFIG_AUDIT is not set
# CONFIG_IKCONFIG is not set
CONFIG_LOG_BUF_SHIFT=14
# CONFIG_CGROUPS is not set
CONFIG_FAIR_GROUP_SCHED=y
CONFIG_FAIR_USER_SCHED=y
# CONFIG_FAIR_CGROUP_SCHED is not set
# CONFIG_SYSFS_DEPRECATED is not set
# CONFIG_RELAY is not set
# CONFIG_BLK_DEV_INITRD is not set
# CONFIG_CC_OPTIMIZE_FOR_SIZE is not set
CONFIG_SYSCTL=y
# CONFIG_EMBEDDED is not set
CONFIG_UID16=y
CONFIG_SYSCTL_SYSCALL=y
CONFIG_KALLSYMS=y
# CONFIG_KALLSYMS_ALL is not set
# CONFIG_KALLSYMS_EXTRA_PASS is not set
CONFIG_HOTPLUG=y
CONFIG_PRINTK=y
CONFIG_BUG=y
CONFIG_ELF_CORE=y
CONFIG_BASE_FULL=y
CONFIG_FUTEX=y
CONFIG_ANON_INODES=y
CONFIG_EPOLL=y
CONFIG_SIGNALFD=y
CONFIG_EVENTFD=y
CONFIG_SHMEM=y
CONFIG_VM_EVENT_COUNTERS=y
CONFIG_SLAB=y
# CONFIG_SLUB is not set
# CONFIG_SLOB is not set
CONFIG_SLABINFO=y
CONFIG_RT_MUTEXES=y
# CONFIG_TINY_SHMEM is not set
CONFIG_BASE_SMALL=0
CONFIG_MODULES=y
CONFIG_MODULE_UNLOAD=y
CONFIG_MODULE_FORCE_UNLOAD=y
# CONFIG_MODVERSIONS is not set
# CONFIG_MODULE_SRCVERSION_ALL is not set
CONFIG_KMOD=y
CONFIG_BLOCK=y
# CONFIG_LBD is not set
# CONFIG_BLK_DEV_IO_TRACE is not set
# CONFIG_LSF is not set
# CONFIG_BLK_DEV_BSG is not set
#
# IO Schedulers
#
CONFIG_IOSCHED_NOOP=y
# CONFIG_IOSCHED_AS is not set
# CONFIG_IOSCHED_DEADLINE is not set
CONFIG_IOSCHED_CFQ=y
# CONFIG_DEFAULT_AS is not set
# CONFIG_DEFAULT_DEADLINE is not set
CONFIG_DEFAULT_CFQ=y
# CONFIG_DEFAULT_NOOP is not set
CONFIG_DEFAULT_IOSCHED="cfq"
#
# Processor type and features
#
CONFIG_TICK_ONESHOT=y
CONFIG_NO_HZ=y
# CONFIG_HIGH_RES_TIMERS is not set
CONFIG_GENERIC_CLOCKEVENTS_BUILD=y
# CONFIG_SMP is not set
CONFIG_X86_PC=y
# CONFIG_X86_ELAN is not set
# CONFIG_X86_VOYAGER is not set
# CONFIG_X86_NUMAQ is not set
# CONFIG_X86_SUMMIT is not set
# CONFIG_X86_BIGSMP is not set
# CONFIG_X86_VISWS is not set
# CONFIG_X86_GENERICARCH is not set
# CONFIG_X86_ES7000 is not set
# CONFIG_X86_VSMP is not set
CONFIG_SCHED_NO_NO_OMIT_FRAME_POINTER=y
# CONFIG_PARAVIRT_GUEST is not set
# CONFIG_M386 is not set
# CONFIG_M486 is not set
# CONFIG_M586 is not set
# CONFIG_M586TSC is not set
# CONFIG_M586MMX is not set
# CONFIG_M686 is not set
# CONFIG_MPENTIUMII is not set
CONFIG_MPENTIUMIII=y
# CONFIG_MPENTIUMM is not set
# CONFIG_MPENTIUM4 is not set
# CONFIG_MK6 is not set
# CONFIG_MK7 is not set
# CONFIG_MK8 is not set
# CONFIG_MCRUSOE is not set
# CONFIG_MEFFICEON is not set
# CONFIG_MWINCHIPC6 is not set
# CONFIG_MWINCHIP2 is not set
# CONFIG_MWINCHIP3D is not set
# CONFIG_MGEODEGX1 is not set
# CONFIG_MGEODE_LX is not set
# CONFIG_MCYRIXIII is not set
# CONFIG_MVIAC3_2 is not set
# CONFIG_MVIAC7 is not set
# CONFIG_MPSC is not set
# CONFIG_MCORE2 is not set
# CONFIG_GENERIC_CPU is not set
# CONFIG_X86_GENERIC is not set
CONFIG_X86_CMPXCHG=y
CONFIG_X86_L1_CACHE_SHIFT=5
CONFIG_X86_XADD=y
CONFIG_X86_WP_WORKS_OK=y
CONFIG_X86_INVLPG=y
CONFIG_X86_BSWAP=y
CONFIG_X86_POPAD_OK=y
CONFIG_X86_GOOD_APIC=y
CONFIG_X86_INTEL_USERCOPY=y
CONFIG_X86_USE_PPRO_CHECKSUM=y
CONFIG_X86_TSC=y
CONFIG_X86_CMOV=y
CONFIG_X86_MINIMUM_CPU_FAMILY=4
CONFIG_HPET_TIMER=y
CONFIG_HPET_EMULATE_RTC=y
# CONFIG_PREEMPT_NONE is not set
# CONFIG_PREEMPT_VOLUNTARY is not set
CONFIG_PREEMPT=y
CONFIG_PREEMPT_BKL=y
# CONFIG_X86_UP_APIC is not set
CONFIG_X86_MCE=y
# CONFIG_X86_MCE_NONFATAL is not set
CONFIG_VM86=y
# CONFIG_TOSHIBA is not set
# CONFIG_I8K is not set
# CONFIG_X86_REBOOTFIXUPS is not set
# CONFIG_MICROCODE is not set
CONFIG_X86_MSR=m
CONFIG_X86_CPUID=m
CONFIG_NOHIGHMEM=y
# CONFIG_HIGHMEM4G is not set
# CONFIG_HIGHMEM64G is not set
CONFIG_PAGE_OFFSET=0xC0000000
# CONFIG_X86_PAE is not set
CONFIG_ARCH_FLATMEM_ENABLE=y
CONFIG_ARCH_SPARSEMEM_ENABLE=y
CONFIG_ARCH_SELECT_MEMORY_MODEL=y
CONFIG_SELECT_MEMORY_MODEL=y
CONFIG_FLATMEM_MANUAL=y
# CONFIG_DISCONTIGMEM_MANUAL is not set
# CONFIG_SPARSEMEM_MANUAL is not set
CONFIG_FLATMEM=y
CONFIG_FLAT_NODE_MEM_MAP=y
CONFIG_SPARSEMEM_STATIC=y
# CONFIG_SPARSEMEM_VMEMMAP_ENABLE is not set
CONFIG_SPLIT_PTLOCK_CPUS=4
# CONFIG_RESOURCES_64BIT is not set
CONFIG_ZONE_DMA_FLAG=1
CONFIG_BOUNCE=y
CONFIG_NR_QUICK=1
CONFIG_VIRT_TO_BUS=y
# CONFIG_MATH_EMULATION is not set
CONFIG_MTRR=y
# CONFIG_EFI is not set
CONFIG_SECCOMP=y
# CONFIG_HZ_100 is not set
CONFIG_HZ_250=y
# CONFIG_HZ_300 is not set
# CONFIG_HZ_1000 is not set
CONFIG_HZ=250
# CONFIG_KEXEC is not set
CONFIG_PHYSICAL_START=0x100000
# CONFIG_RELOCATABLE is not set
CONFIG_PHYSICAL_ALIGN=0x100000
# CONFIG_COMPAT_VDSO is not set
#
# Power management options
#
CONFIG_PM=y
# CONFIG_PM_LEGACY is not set
# CONFIG_PM_DEBUG is not set
CONFIG_PM_SLEEP=y
CONFIG_SUSPEND_UP_POSSIBLE=y
CONFIG_SUSPEND=y
CONFIG_HIBERNATION_UP_POSSIBLE=y
# CONFIG_HIBERNATION is not set
CONFIG_ACPI=y
CONFIG_ACPI_SLEEP=y
CONFIG_ACPI_PROCFS=y
CONFIG_ACPI_PROCFS_POWER=y
CONFIG_ACPI_SYSFS_POWER=y
# CONFIG_ACPI_PROC_EVENT is not set
CONFIG_ACPI_AC=y
CONFIG_ACPI_BATTERY=y
CONFIG_ACPI_BUTTON=y
CONFIG_ACPI_FAN=y
# CONFIG_ACPI_DOCK is not set
CONFIG_ACPI_PROCESSOR=y
CONFIG_ACPI_THERMAL=y
# CONFIG_ACPI_ASUS is not set
# CONFIG_ACPI_TOSHIBA is not set
CONFIG_ACPI_BLACKLIST_YEAR=0
# CONFIG_ACPI_DEBUG is not set
CONFIG_ACPI_EC=y
CONFIG_ACPI_POWER=y
CONFIG_ACPI_SYSTEM=y
CONFIG_X86_PM_TIMER=y
# CONFIG_ACPI_CONTAINER is not set
# CONFIG_ACPI_SBS is not set
# CONFIG_APM is not set
#
# CPU Frequency scaling
#
CONFIG_CPU_FREQ=y
CONFIG_CPU_FREQ_TABLE=y
# CONFIG_CPU_FREQ_DEBUG is not set
CONFIG_CPU_FREQ_STAT=y
# CONFIG_CPU_FREQ_STAT_DETAILS is not set
# CONFIG_CPU_FREQ_DEFAULT_GOV_PERFORMANCE is not set
CONFIG_CPU_FREQ_DEFAULT_GOV_USERSPACE=y
# CONFIG_CPU_FREQ_DEFAULT_GOV_ONDEMAND is not set
# CONFIG_CPU_FREQ_DEFAULT_GOV_CONSERVATIVE is not set
# CONFIG_CPU_FREQ_GOV_PERFORMANCE is not set
# CONFIG_CPU_FREQ_GOV_POWERSAVE is not set
CONFIG_CPU_FREQ_GOV_USERSPACE=y
# CONFIG_CPU_FREQ_GOV_ONDEMAND is not set
# CONFIG_CPU_FREQ_GOV_CONSERVATIVE is not set
#
# CPUFreq processor drivers
#
# CONFIG_X86_ACPI_CPUFREQ is not set
# CONFIG_X86_POWERNOW_K6 is not set
# CONFIG_X86_POWERNOW_K7 is not set
# CONFIG_X86_POWERNOW_K8 is not set
# CONFIG_X86_GX_SUSPMOD is not set
# CONFIG_X86_SPEEDSTEP_CENTRINO is not set
# CONFIG_X86_SPEEDSTEP_ICH is not set
CONFIG_X86_SPEEDSTEP_SMI=y
# CONFIG_X86_P4_CLOCKMOD is not set
# CONFIG_X86_CPUFREQ_NFORCE2 is not set
# CONFIG_X86_LONGRUN is not set
# CONFIG_X86_LONGHAUL is not set
# CONFIG_X86_E_POWERSAVER is not set
#
# shared options
#
CONFIG_X86_SPEEDSTEP_LIB=y
# CONFIG_X86_SPEEDSTEP_RELAXED_CAP_CHECK is not set
# CONFIG_CPU_IDLE is not set
#
# Bus options (PCI etc.)
#
CONFIG_PCI=y
# CONFIG_PCI_GOBIOS is not set
# CONFIG_PCI_GOMMCONFIG is not set
# CONFIG_PCI_GODIRECT is not set
CONFIG_PCI_GOANY=y
CONFIG_PCI_BIOS=y
CONFIG_PCI_DIRECT=y
CONFIG_PCI_MMCONFIG=y
CONFIG_PCI_DOMAINS=y
# CONFIG_PCIEPORTBUS is not set
# CONFIG_ARCH_SUPPORTS_MSI is not set
CONFIG_PCI_LEGACY=y
# CONFIG_PCI_DEBUG is not set
CONFIG_ISA_DMA_API=y
CONFIG_ISA=y
# CONFIG_EISA is not set
# CONFIG_MCA is not set
# CONFIG_SCx200 is not set
CONFIG_PCCARD=m
# CONFIG_PCMCIA_DEBUG is not set
CONFIG_PCMCIA=m
CONFIG_PCMCIA_LOAD_CIS=y
CONFIG_PCMCIA_IOCTL=y
CONFIG_CARDBUS=y
#
# PC-card bridges
#
CONFIG_YENTA=m
CONFIG_YENTA_O2=y
CONFIG_YENTA_RICOH=y
CONFIG_YENTA_TI=y
CONFIG_YENTA_ENE_TUNE=y
CONFIG_YENTA_TOSHIBA=y
# CONFIG_PD6729 is not set
# CONFIG_I82092 is not set
# CONFIG_I82365 is not set
# CONFIG_TCIC is not set
CONFIG_PCMCIA_PROBE=y
CONFIG_PCCARD_NONSTATIC=m
# CONFIG_HOTPLUG_PCI is not set
#
# Executable file formats / Emulations
#
CONFIG_BINFMT_ELF=y
CONFIG_BINFMT_AOUT=y
CONFIG_BINFMT_MISC=m
#
# Networking
#
CONFIG_NET=y
#
# Networking options
#
CONFIG_PACKET=m
# CONFIG_PACKET_MMAP is not set
CONFIG_UNIX=y
CONFIG_XFRM=y
CONFIG_XFRM_USER=m
# CONFIG_XFRM_SUB_POLICY is not set
# CONFIG_XFRM_MIGRATE is not set
CONFIG_NET_KEY=y
# CONFIG_NET_KEY_MIGRATE is not set
CONFIG_INET=y
CONFIG_IP_MULTICAST=y
# CONFIG_IP_ADVANCED_ROUTER is not set
CONFIG_IP_FIB_HASH=y
# CONFIG_IP_PNP is not set
# CONFIG_NET_IPIP is not set
# CONFIG_NET_IPGRE is not set
# CONFIG_IP_MROUTE is not set
# CONFIG_ARPD is not set
# CONFIG_SYN_COOKIES is not set
CONFIG_INET_AH=y
CONFIG_INET_ESP=y
CONFIG_INET_IPCOMP=y
CONFIG_INET_XFRM_TUNNEL=y
CONFIG_INET_TUNNEL=y
CONFIG_INET_XFRM_MODE_TRANSPORT=m
CONFIG_INET_XFRM_MODE_TUNNEL=m
CONFIG_INET_XFRM_MODE_BEET=y
# CONFIG_INET_LRO is not set
# CONFIG_INET_DIAG is not set
# CONFIG_TCP_CONG_ADVANCED is not set
CONFIG_TCP_CONG_CUBIC=y
CONFIG_DEFAULT_TCP_CONG="cubic"
# CONFIG_TCP_MD5SIG is not set
# CONFIG_IP_VS is not set
# CONFIG_IPV6 is not set
# CONFIG_INET6_XFRM_TUNNEL is not set
# CONFIG_INET6_TUNNEL is not set
# CONFIG_NETWORK_SECMARK is not set
CONFIG_NETFILTER=y
# CONFIG_NETFILTER_DEBUG is not set
#
# Core Netfilter Configuration
#
# CONFIG_NETFILTER_NETLINK is not set
CONFIG_NF_CONNTRACK_ENABLED=m
CONFIG_NF_CONNTRACK=m
# CONFIG_NF_CT_ACCT is not set
# CONFIG_NF_CONNTRACK_MARK is not set
# CONFIG_NF_CONNTRACK_EVENTS is not set
# CONFIG_NF_CT_PROTO_SCTP is not set
# CONFIG_NF_CT_PROTO_UDPLITE is not set
# CONFIG_NF_CONNTRACK_AMANDA is not set
CONFIG_NF_CONNTRACK_FTP=m
CONFIG_NF_CONNTRACK_H323=m
CONFIG_NF_CONNTRACK_IRC=m
CONFIG_NF_CONNTRACK_NETBIOS_NS=m
# CONFIG_NF_CONNTRACK_PPTP is not set
# CONFIG_NF_CONNTRACK_SANE is not set
CONFIG_NF_CONNTRACK_SIP=m
CONFIG_NF_CONNTRACK_TFTP=m
CONFIG_NETFILTER_XTABLES=m
# CONFIG_NETFILTER_XT_TARGET_CLASSIFY is not set
# CONFIG_NETFILTER_XT_TARGET_MARK is not set
# CONFIG_NETFILTER_XT_TARGET_NFQUEUE is not set
CONFIG_NETFILTER_XT_TARGET_NFLOG=m
# CONFIG_NETFILTER_XT_TARGET_TCPMSS is not set
# CONFIG_NETFILTER_XT_MATCH_COMMENT is not set
# CONFIG_NETFILTER_XT_MATCH_CONNBYTES is not set
# CONFIG_NETFILTER_XT_MATCH_CONNLIMIT is not set
# CONFIG_NETFILTER_XT_MATCH_CONNMARK is not set
CONFIG_NETFILTER_XT_MATCH_CONNTRACK=m
# CONFIG_NETFILTER_XT_MATCH_DCCP is not set
# CONFIG_NETFILTER_XT_MATCH_DSCP is not set
# CONFIG_NETFILTER_XT_MATCH_ESP is not set
CONFIG_NETFILTER_XT_MATCH_HELPER=m
# CONFIG_NETFILTER_XT_MATCH_LENGTH is not set
# CONFIG_NETFILTER_XT_MATCH_LIMIT is not set
# CONFIG_NETFILTER_XT_MATCH_MAC is not set
# CONFIG_NETFILTER_XT_MATCH_MARK is not set
# CONFIG_NETFILTER_XT_MATCH_POLICY is not set
CONFIG_NETFILTER_XT_MATCH_MULTIPORT=m
# CONFIG_NETFILTER_XT_MATCH_PKTTYPE is not set
# CONFIG_NETFILTER_XT_MATCH_QUOTA is not set
# CONFIG_NETFILTER_XT_MATCH_REALM is not set
# CONFIG_NETFILTER_XT_MATCH_SCTP is not set
CONFIG_NETFILTER_XT_MATCH_STATE=m
# CONFIG_NETFILTER_XT_MATCH_STATISTIC is not set
# CONFIG_NETFILTER_XT_MATCH_STRING is not set
# CONFIG_NETFILTER_XT_MATCH_TCPMSS is not set
# CONFIG_NETFILTER_XT_MATCH_TIME is not set
# CONFIG_NETFILTER_XT_MATCH_U32 is not set
# CONFIG_NETFILTER_XT_MATCH_HASHLIMIT is not set
#
# IP: Netfilter Configuration
#
CONFIG_NF_CONNTRACK_IPV4=m
CONFIG_NF_CONNTRACK_PROC_COMPAT=y
# CONFIG_IP_NF_QUEUE is not set
CONFIG_IP_NF_IPTABLES=m
CONFIG_IP_NF_MATCH_IPRANGE=m
# CONFIG_IP_NF_MATCH_TOS is not set
# CONFIG_IP_NF_MATCH_RECENT is not set
# CONFIG_IP_NF_MATCH_ECN is not set
# CONFIG_IP_NF_MATCH_AH is not set
# CONFIG_IP_NF_MATCH_TTL is not set
# CONFIG_IP_NF_MATCH_OWNER is not set
# CONFIG_IP_NF_MATCH_ADDRTYPE is not set
CONFIG_IP_NF_FILTER=m
# CONFIG_IP_NF_TARGET_REJECT is not set
CONFIG_IP_NF_TARGET_LOG=m
# CONFIG_IP_NF_TARGET_ULOG is not set
CONFIG_NF_NAT=m
CONFIG_NF_NAT_NEEDED=y
CONFIG_IP_NF_TARGET_MASQUERADE=m
# CONFIG_IP_NF_TARGET_REDIRECT is not set
# CONFIG_IP_NF_TARGET_NETMAP is not set
# CONFIG_IP_NF_TARGET_SAME is not set
# CONFIG_NF_NAT_SNMP_BASIC is not set
CONFIG_NF_NAT_FTP=m
CONFIG_NF_NAT_IRC=m
CONFIG_NF_NAT_TFTP=m
# CONFIG_NF_NAT_AMANDA is not set
# CONFIG_NF_NAT_PPTP is not set
CONFIG_NF_NAT_H323=m
CONFIG_NF_NAT_SIP=m
# CONFIG_IP_NF_MANGLE is not set
# CONFIG_IP_NF_RAW is not set
# CONFIG_IP_NF_ARPTABLES is not set
# CONFIG_IP_DCCP is not set
# CONFIG_IP_SCTP is not set
# CONFIG_TIPC is not set
# CONFIG_ATM is not set
# CONFIG_BRIDGE is not set
# CONFIG_VLAN_8021Q is not set
# CONFIG_DECNET is not set
# CONFIG_LLC2 is not set
# CONFIG_IPX is not set
# CONFIG_ATALK is not set
# CONFIG_X25 is not set
# CONFIG_LAPB is not set
# CONFIG_ECONET is not set
# CONFIG_WAN_ROUTER is not set
CONFIG_NET_SCHED=y
#
# Queueing/Scheduling
#
CONFIG_NET_SCH_CBQ=m
# CONFIG_NET_SCH_HTB is not set
# CONFIG_NET_SCH_HFSC is not set
CONFIG_NET_SCH_PRIO=m
# CONFIG_NET_SCH_RR is not set
CONFIG_NET_SCH_RED=m
CONFIG_NET_SCH_SFQ=m
CONFIG_NET_SCH_TEQL=m
CONFIG_NET_SCH_TBF=m
CONFIG_NET_SCH_GRED=m
CONFIG_NET_SCH_DSMARK=m
# CONFIG_NET_SCH_NETEM is not set
CONFIG_NET_SCH_INGRESS=m
#
# Classification
#
CONFIG_NET_CLS=y
# CONFIG_NET_CLS_BASIC is not set
CONFIG_NET_CLS_TCINDEX=m
CONFIG_NET_CLS_ROUTE4=m
CONFIG_NET_CLS_ROUTE=y
CONFIG_NET_CLS_FW=m
CONFIG_NET_CLS_U32=m
# CONFIG_CLS_U32_PERF is not set
# CONFIG_CLS_U32_MARK is not set
CONFIG_NET_CLS_RSVP=m
# CONFIG_NET_CLS_RSVP6 is not set
# CONFIG_NET_EMATCH is not set
CONFIG_NET_CLS_ACT=y
CONFIG_NET_ACT_POLICE=y
# CONFIG_NET_ACT_GACT is not set
# CONFIG_NET_ACT_MIRRED is not set
# CONFIG_NET_ACT_IPT is not set
# CONFIG_NET_ACT_NAT is not set
# CONFIG_NET_ACT_PEDIT is not set
# CONFIG_NET_ACT_SIMP is not set
CONFIG_NET_CLS_POLICE=y
# CONFIG_NET_CLS_IND is not set
CONFIG_NET_SCH_FIFO=y
#
# Network testing
#
# CONFIG_NET_PKTGEN is not set
# CONFIG_HAMRADIO is not set
CONFIG_IRDA=m
#
# IrDA protocols
#
# CONFIG_IRLAN is not set
# CONFIG_IRNET is not set
# CONFIG_IRCOMM is not set
# CONFIG_IRDA_ULTRA is not set
#
# IrDA options
#
# CONFIG_IRDA_CACHE_LAST_LSAP is not set
# CONFIG_IRDA_FAST_RR is not set
# CONFIG_IRDA_DEBUG is not set
#
# Infrared-port device drivers
#
#
# SIR device drivers
#
CONFIG_IRTTY_SIR=m
#
# Dongle support
#
# CONFIG_DONGLE is not set
# CONFIG_KINGSUN_DONGLE is not set
# CONFIG_KSDAZZLE_DONGLE is not set
# CONFIG_KS959_DONGLE is not set
#
# Old SIR device drivers
#
CONFIG_IRPORT_SIR=m
#
# Old Serial dongle support
#
# CONFIG_DONGLE_OLD is not set
#
# FIR device drivers
#
# CONFIG_USB_IRDA is not set
CONFIG_SIGMATEL_FIR=m
# CONFIG_NSC_FIR is not set
# CONFIG_WINBOND_FIR is not set
# CONFIG_TOSHIBA_FIR is not set
CONFIG_SMC_IRCC_FIR=m
# CONFIG_ALI_FIR is not set
# CONFIG_VLSI_FIR is not set
# CONFIG_VIA_FIR is not set
# CONFIG_MCS_FIR is not set
# CONFIG_BT is not set
# CONFIG_AF_RXRPC is not set
#
# Wireless
#
CONFIG_CFG80211=m
CONFIG_NL80211=y
CONFIG_WIRELESS_EXT=y
CONFIG_MAC80211=m
CONFIG_MAC80211_RCSIMPLE=y
CONFIG_MAC80211_DEBUGFS=y
# CONFIG_MAC80211_DEBUG is not set
# CONFIG_IEEE80211 is not set
CONFIG_RFKILL=m
# CONFIG_RFKILL_INPUT is not set
# CONFIG_NET_9P is not set
#
# Device Drivers
#
#
# Generic Driver Options
#
CONFIG_UEVENT_HELPER_PATH="/sbin/hotplug"
CONFIG_STANDALONE=y
CONFIG_PREVENT_FIRMWARE_BUILD=y
CONFIG_FW_LOADER=m
# CONFIG_DEBUG_DRIVER is not set
# CONFIG_DEBUG_DEVRES is not set
# CONFIG_SYS_HYPERVISOR is not set
# CONFIG_CONNECTOR is not set
# CONFIG_MTD is not set
CONFIG_PARPORT=m
CONFIG_PARPORT_PC=m
# CONFIG_PARPORT_SERIAL is not set
CONFIG_PARPORT_PC_FIFO=y
# CONFIG_PARPORT_PC_SUPERIO is not set
# CONFIG_PARPORT_PC_PCMCIA is not set
# CONFIG_PARPORT_GSC is not set
# CONFIG_PARPORT_AX88796 is not set
CONFIG_PARPORT_1284=y
CONFIG_PNP=y
# CONFIG_PNP_DEBUG is not set
#
# Protocols
#
CONFIG_ISAPNP=y
# CONFIG_PNPBIOS is not set
CONFIG_PNPACPI=y
CONFIG_BLK_DEV=y
CONFIG_BLK_DEV_FD=m
# CONFIG_BLK_DEV_XD is not set
# CONFIG_PARIDE is not set
# CONFIG_BLK_CPQ_DA is not set
# CONFIG_BLK_CPQ_CISS_DA is not set
# CONFIG_BLK_DEV_DAC960 is not set
# CONFIG_BLK_DEV_UMEM is not set
# CONFIG_BLK_DEV_COW_COMMON is not set
CONFIG_BLK_DEV_LOOP=m
# CONFIG_BLK_DEV_CRYPTOLOOP is not set
# CONFIG_BLK_DEV_NBD is not set
# CONFIG_BLK_DEV_SX8 is not set
# CONFIG_BLK_DEV_UB is not set
# CONFIG_BLK_DEV_RAM is not set
# CONFIG_CDROM_PKTCDVD is not set
# CONFIG_ATA_OVER_ETH is not set
CONFIG_MISC_DEVICES=y
# CONFIG_IBM_ASM is not set
# CONFIG_PHANTOM is not set
CONFIG_EEPROM_93CX6=m
# CONFIG_SGI_IOC4 is not set
# CONFIG_TIFM_CORE is not set
# CONFIG_SONY_LAPTOP is not set
# CONFIG_THINKPAD_ACPI is not set
CONFIG_IDE=y
CONFIG_BLK_DEV_IDE=y
#
# Please see Documentation/ide.txt for help/info on IDE drives
#
# CONFIG_BLK_DEV_IDE_SATA is not set
# CONFIG_BLK_DEV_HD_IDE is not set
CONFIG_BLK_DEV_IDEDISK=y
# CONFIG_IDEDISK_MULTI_MODE is not set
CONFIG_BLK_DEV_IDECS=m
# CONFIG_BLK_DEV_DELKIN is not set
CONFIG_BLK_DEV_IDECD=y
# CONFIG_BLK_DEV_IDETAPE is not set
# CONFIG_BLK_DEV_IDEFLOPPY is not set
CONFIG_BLK_DEV_IDESCSI=y
# CONFIG_BLK_DEV_IDEACPI is not set
# CONFIG_IDE_TASK_IOCTL is not set
CONFIG_IDE_PROC_FS=y
#
# IDE chipset support/bugfixes
#
CONFIG_IDE_GENERIC=y
# CONFIG_BLK_DEV_PLATFORM is not set
# CONFIG_BLK_DEV_CMD640 is not set
# CONFIG_BLK_DEV_IDEPNP is not set
#
# PCI IDE chipsets support
#
CONFIG_BLK_DEV_IDEPCI=y
# CONFIG_IDEPCI_SHARE_IRQ is not set
CONFIG_IDEPCI_PCIBUS_ORDER=y
# CONFIG_BLK_DEV_GENERIC is not set
# CONFIG_BLK_DEV_OPTI621 is not set
# CONFIG_BLK_DEV_RZ1000 is not set
CONFIG_BLK_DEV_IDEDMA_PCI=y
# CONFIG_BLK_DEV_AEC62XX is not set
# CONFIG_BLK_DEV_ALI15X3 is not set
# CONFIG_BLK_DEV_AMD74XX is not set
# CONFIG_BLK_DEV_ATIIXP is not set
# CONFIG_BLK_DEV_CMD64X is not set
# CONFIG_BLK_DEV_TRIFLEX is not set
# CONFIG_BLK_DEV_CY82C693 is not set
# CONFIG_BLK_DEV_CS5520 is not set
# CONFIG_BLK_DEV_CS5530 is not set
# CONFIG_BLK_DEV_CS5535 is not set
# CONFIG_BLK_DEV_HPT34X is not set
# CONFIG_BLK_DEV_HPT366 is not set
# CONFIG_BLK_DEV_JMICRON is not set
# CONFIG_BLK_DEV_SC1200 is not set
CONFIG_BLK_DEV_PIIX=y
# CONFIG_BLK_DEV_IT8213 is not set
# CONFIG_BLK_DEV_IT821X is not set
# CONFIG_BLK_DEV_NS87415 is not set
# CONFIG_BLK_DEV_PDC202XX_OLD is not set
# CONFIG_BLK_DEV_PDC202XX_NEW is not set
# CONFIG_BLK_DEV_SVWKS is not set
# CONFIG_BLK_DEV_SIIMAGE is not set
# CONFIG_BLK_DEV_SIS5513 is not set
# CONFIG_BLK_DEV_SLC90E66 is not set
# CONFIG_BLK_DEV_TRM290 is not set
# CONFIG_BLK_DEV_VIA82CXXX is not set
# CONFIG_BLK_DEV_TC86C001 is not set
# CONFIG_IDE_ARM is not set
#
# Other IDE chipsets support
#
#
# Note: most of these also require special kernel boot parameters
#
# CONFIG_BLK_DEV_4DRIVES is not set
# CONFIG_BLK_DEV_ALI14XX is not set
# CONFIG_BLK_DEV_DTC2278 is not set
# CONFIG_BLK_DEV_HT6560B is not set
# CONFIG_BLK_DEV_QD65XX is not set
# CONFIG_BLK_DEV_UMC8672 is not set
CONFIG_BLK_DEV_IDEDMA=y
CONFIG_IDE_ARCH_OBSOLETE_INIT=y
# CONFIG_BLK_DEV_HD is not set
#
# SCSI device support
#
# CONFIG_RAID_ATTRS is not set
CONFIG_SCSI=y
CONFIG_SCSI_DMA=y
# CONFIG_SCSI_TGT is not set
# CONFIG_SCSI_NETLINK is not set
CONFIG_SCSI_PROC_FS=y
#
# SCSI support type (disk, tape, CD-ROM)
#
CONFIG_BLK_DEV_SD=y
# CONFIG_CHR_DEV_ST is not set
# CONFIG_CHR_DEV_OSST is not set
CONFIG_BLK_DEV_SR=m
# CONFIG_BLK_DEV_SR_VENDOR is not set
CONFIG_CHR_DEV_SG=m
# CONFIG_CHR_DEV_SCH is not set
#
# Some SCSI devices (e.g. CD jukebox) support multiple LUNs
#
# CONFIG_SCSI_MULTI_LUN is not set
# CONFIG_SCSI_CONSTANTS is not set
# CONFIG_SCSI_LOGGING is not set
# CONFIG_SCSI_SCAN_ASYNC is not set
CONFIG_SCSI_WAIT_SCAN=m
#
# SCSI Transports
#
# CONFIG_SCSI_SPI_ATTRS is not set
# CONFIG_SCSI_FC_ATTRS is not set
# CONFIG_SCSI_ISCSI_ATTRS is not set
# CONFIG_SCSI_SAS_LIBSAS is not set
# CONFIG_SCSI_SRP_ATTRS is not set
CONFIG_SCSI_LOWLEVEL=y
# CONFIG_ISCSI_TCP is not set
# CONFIG_BLK_DEV_3W_XXXX_RAID is not set
# CONFIG_SCSI_3W_9XXX is not set
# CONFIG_SCSI_7000FASST is not set
# CONFIG_SCSI_ACARD is not set
# CONFIG_SCSI_AHA152X is not set
# CONFIG_SCSI_AHA1542 is not set
# CONFIG_SCSI_AACRAID is not set
# CONFIG_SCSI_AIC7XXX is not set
# CONFIG_SCSI_AIC7XXX_OLD is not set
# CONFIG_SCSI_AIC79XX is not set
# CONFIG_SCSI_AIC94XX is not set
# CONFIG_SCSI_DPT_I2O is not set
# CONFIG_SCSI_ADVANSYS is not set
# CONFIG_SCSI_IN2000 is not set
# CONFIG_SCSI_ARCMSR is not set
# CONFIG_MEGARAID_NEWGEN is not set
# CONFIG_MEGARAID_LEGACY is not set
# CONFIG_MEGARAID_SAS is not set
# CONFIG_SCSI_HPTIOP is not set
# CONFIG_SCSI_BUSLOGIC is not set
# CONFIG_SCSI_DMX3191D is not set
# CONFIG_SCSI_DTC3280 is not set
# CONFIG_SCSI_EATA is not set
# CONFIG_SCSI_FUTURE_DOMAIN is not set
# CONFIG_SCSI_GDTH is not set
# CONFIG_SCSI_GENERIC_NCR5380 is not set
# CONFIG_SCSI_GENERIC_NCR5380_MMIO is not set
# CONFIG_SCSI_IPS is not set
# CONFIG_SCSI_INITIO is not set
# CONFIG_SCSI_INIA100 is not set
# CONFIG_SCSI_PPA is not set
# CONFIG_SCSI_IMM is not set
# CONFIG_SCSI_NCR53C406A is not set
# CONFIG_SCSI_STEX is not set
# CONFIG_SCSI_SYM53C8XX_2 is not set
# CONFIG_SCSI_PAS16 is not set
# CONFIG_SCSI_PSI240I is not set
# CONFIG_SCSI_QLOGIC_FAS is not set
# CONFIG_SCSI_QLOGIC_1280 is not set
# CONFIG_SCSI_QLA_FC is not set
# CONFIG_SCSI_QLA_ISCSI is not set
# CONFIG_SCSI_LPFC is not set
# CONFIG_SCSI_SEAGATE is not set
# CONFIG_SCSI_SYM53C416 is not set
# CONFIG_SCSI_DC395x is not set
# CONFIG_SCSI_DC390T is not set
# CONFIG_SCSI_T128 is not set
# CONFIG_SCSI_U14_34F is not set
# CONFIG_SCSI_ULTRASTOR is not set
# CONFIG_SCSI_NSP32 is not set
# CONFIG_SCSI_DEBUG is not set
# CONFIG_SCSI_SRP is not set
# CONFIG_SCSI_LOWLEVEL_PCMCIA is not set
# CONFIG_ATA is not set
# CONFIG_MD is not set
# CONFIG_FUSION is not set
#
# IEEE 1394 (FireWire) support
#
# CONFIG_FIREWIRE is not set
# CONFIG_IEEE1394 is not set
CONFIG_I2O=m
CONFIG_I2O_LCT_NOTIFY_ON_CHANGES=y
# CONFIG_I2O_EXT_ADAPTEC is not set
# CONFIG_I2O_CONFIG is not set
# CONFIG_I2O_BUS is not set
CONFIG_I2O_BLOCK=m
CONFIG_I2O_SCSI=m
CONFIG_I2O_PROC=m
# CONFIG_MACINTOSH_DRIVERS is not set
CONFIG_NETDEVICES=y
# CONFIG_NETDEVICES_MULTIQUEUE is not set
# CONFIG_IFB is not set
CONFIG_DUMMY=m
# CONFIG_BONDING is not set
# CONFIG_MACVLAN is not set
# CONFIG_EQUALIZER is not set
# CONFIG_TUN is not set
# CONFIG_VETH is not set
# CONFIG_NET_SB1000 is not set
# CONFIG_ARCNET is not set
# CONFIG_PHYLIB is not set
CONFIG_NET_ETHERNET=y
CONFIG_MII=y
# CONFIG_HAPPYMEAL is not set
# CONFIG_SUNGEM is not set
# CONFIG_CASSINI is not set
CONFIG_NET_VENDOR_3COM=y
# CONFIG_EL1 is not set
# CONFIG_EL2 is not set
# CONFIG_ELPLUS is not set
# CONFIG_EL16 is not set
# CONFIG_EL3 is not set
# CONFIG_3C515 is not set
CONFIG_VORTEX=m
# CONFIG_TYPHOON is not set
# CONFIG_LANCE is not set
# CONFIG_NET_VENDOR_SMC is not set
# CONFIG_NET_VENDOR_RACAL is not set
# CONFIG_NET_TULIP is not set
# CONFIG_AT1700 is not set
# CONFIG_DEPCA is not set
# CONFIG_HP100 is not set
# CONFIG_NET_ISA is not set
# CONFIG_IBM_NEW_EMAC_ZMII is not set
# CONFIG_IBM_NEW_EMAC_RGMII is not set
# CONFIG_IBM_NEW_EMAC_TAH is not set
# CONFIG_IBM_NEW_EMAC_EMAC4 is not set
CONFIG_NET_PCI=y
# CONFIG_PCNET32 is not set
# CONFIG_AMD8111_ETH is not set
# CONFIG_ADAPTEC_STARFIRE is not set
# CONFIG_AC3200 is not set
# CONFIG_APRICOT is not set
# CONFIG_B44 is not set
# CONFIG_FORCEDETH is not set
# CONFIG_CS89x0 is not set
# CONFIG_EEPRO100 is not set
CONFIG_E100=m
# CONFIG_FEALNX is not set
# CONFIG_NATSEMI is not set
# CONFIG_NE2K_PCI is not set
# CONFIG_8139CP is not set
# CONFIG_8139TOO is not set
# CONFIG_SIS900 is not set
# CONFIG_EPIC100 is not set
# CONFIG_SUNDANCE is not set
# CONFIG_TLAN is not set
# CONFIG_VIA_RHINE is not set
# CONFIG_SC92031 is not set
# CONFIG_NET_POCKET is not set
# CONFIG_NETDEV_1000 is not set
# CONFIG_NETDEV_10000 is not set
# CONFIG_TR is not set
#
# Wireless LAN
#
# CONFIG_WLAN_PRE80211 is not set
CONFIG_WLAN_80211=y
# CONFIG_PCMCIA_RAYCS is not set
# CONFIG_IPW2100 is not set
# CONFIG_IPW2200 is not set
# CONFIG_LIBERTAS is not set
# CONFIG_AIRO is not set
# CONFIG_HERMES is not set
# CONFIG_ATMEL is not set
# CONFIG_AIRO_CS is not set
# CONFIG_PCMCIA_WL3501 is not set
# CONFIG_PRISM54 is not set
# CONFIG_USB_ZD1201 is not set
# CONFIG_RTL8187 is not set
# CONFIG_ADM8211 is not set
# CONFIG_P54_COMMON is not set
# CONFIG_IWLWIFI is not set
# CONFIG_HOSTAP is not set
# CONFIG_B43 is not set
# CONFIG_B43LEGACY is not set
CONFIG_RT2X00=m
CONFIG_RT2X00_LIB=m
CONFIG_RT2X00_LIB_PCI=m
CONFIG_RT2X00_LIB_FIRMWARE=y
# CONFIG_RT2400PCI is not set
# CONFIG_RT2500PCI is not set
CONFIG_RT61PCI=m
# CONFIG_RT61PCI_RFKILL is not set
# CONFIG_RT2500USB is not set
# CONFIG_RT73USB is not set
CONFIG_RT2X00_LIB_DEBUGFS=y
CONFIG_RT2X00_DEBUG=y
#
# USB Network Adapters
#
# CONFIG_USB_CATC is not set
# CONFIG_USB_KAWETH is not set
# CONFIG_USB_PEGASUS is not set
# CONFIG_USB_RTL8150 is not set
# CONFIG_USB_USBNET is not set
# CONFIG_NET_PCMCIA is not set
# CONFIG_WAN is not set
# CONFIG_FDDI is not set
# CONFIG_HIPPI is not set
# CONFIG_PLIP is not set
CONFIG_PPP=m
# CONFIG_PPP_MULTILINK is not set
# CONFIG_PPP_FILTER is not set
CONFIG_PPP_ASYNC=m
# CONFIG_PPP_SYNC_TTY is not set
CONFIG_PPP_DEFLATE=m
# CONFIG_PPP_BSDCOMP is not set
# CONFIG_PPP_MPPE is not set
# CONFIG_PPPOE is not set
# CONFIG_PPPOL2TP is not set
# CONFIG_SLIP is not set
CONFIG_SLHC=m
# CONFIG_NET_FC is not set
# CONFIG_SHAPER is not set
# CONFIG_NETCONSOLE is not set
# CONFIG_NETPOLL is not set
# CONFIG_NET_POLL_CONTROLLER is not set
# CONFIG_ISDN is not set
# CONFIG_PHONE is not set
#
# Input device support
#
CONFIG_INPUT=y
# CONFIG_INPUT_FF_MEMLESS is not set
# CONFIG_INPUT_POLLDEV is not set
#
# Userland interfaces
#
CONFIG_INPUT_MOUSEDEV=y
CONFIG_INPUT_MOUSEDEV_PSAUX=y
CONFIG_INPUT_MOUSEDEV_SCREEN_X=1024
CONFIG_INPUT_MOUSEDEV_SCREEN_Y=768
CONFIG_INPUT_JOYDEV=m
# CONFIG_INPUT_EVDEV is not set
# CONFIG_INPUT_EVBUG is not set
#
# Input Device Drivers
#
CONFIG_INPUT_KEYBOARD=y
CONFIG_KEYBOARD_ATKBD=y
# CONFIG_KEYBOARD_SUNKBD is not set
# CONFIG_KEYBOARD_LKKBD is not set
# CONFIG_KEYBOARD_XTKBD is not set
# CONFIG_KEYBOARD_NEWTON is not set
# CONFIG_KEYBOARD_STOWAWAY is not set
CONFIG_INPUT_MOUSE=y
CONFIG_MOUSE_PS2=y
CONFIG_MOUSE_PS2_ALPS=y
CONFIG_MOUSE_PS2_LOGIPS2PP=y
CONFIG_MOUSE_PS2_SYNAPTICS=y
CONFIG_MOUSE_PS2_LIFEBOOK=y
CONFIG_MOUSE_PS2_TRACKPOINT=y
# CONFIG_MOUSE_PS2_TOUCHKIT is not set
# CONFIG_MOUSE_SERIAL is not set
# CONFIG_MOUSE_APPLETOUCH is not set
# CONFIG_MOUSE_INPORT is not set
# CONFIG_MOUSE_LOGIBM is not set
# CONFIG_MOUSE_PC110PAD is not set
# CONFIG_MOUSE_VSXXXAA is not set
# CONFIG_INPUT_JOYSTICK is not set
# CONFIG_INPUT_TABLET is not set
# CONFIG_INPUT_TOUCHSCREEN is not set
CONFIG_INPUT_MISC=y
CONFIG_INPUT_PCSPKR=y
# CONFIG_INPUT_WISTRON_BTNS is not set
# CONFIG_INPUT_ATLAS_BTNS is not set
# CONFIG_INPUT_ATI_REMOTE is not set
# CONFIG_INPUT_ATI_REMOTE2 is not set
# CONFIG_INPUT_KEYSPAN_REMOTE is not set
# CONFIG_INPUT_POWERMATE is not set
# CONFIG_INPUT_YEALINK is not set
# CONFIG_INPUT_UINPUT is not set
#
# Hardware I/O ports
#
CONFIG_SERIO=y
CONFIG_SERIO_I8042=y
# CONFIG_SERIO_SERPORT is not set
# CONFIG_SERIO_CT82C710 is not set
# CONFIG_SERIO_PARKBD is not set
# CONFIG_SERIO_PCIPS2 is not set
CONFIG_SERIO_LIBPS2=y
# CONFIG_SERIO_RAW is not set
# CONFIG_GAMEPORT is not set
#
# Character devices
#
CONFIG_VT=y
CONFIG_VT_CONSOLE=y
CONFIG_HW_CONSOLE=y
# CONFIG_VT_HW_CONSOLE_BINDING is not set
# CONFIG_SERIAL_NONSTANDARD is not set
#
# Serial drivers
#
CONFIG_SERIAL_8250=y
# CONFIG_SERIAL_8250_CONSOLE is not set
CONFIG_FIX_EARLYCON_MEM=y
CONFIG_SERIAL_8250_PCI=y
CONFIG_SERIAL_8250_PNP=y
# CONFIG_SERIAL_8250_CS is not set
CONFIG_SERIAL_8250_NR_UARTS=4
CONFIG_SERIAL_8250_RUNTIME_UARTS=4
# CONFIG_SERIAL_8250_EXTENDED is not set
#
# Non-8250 serial port support
#
CONFIG_SERIAL_CORE=y
# CONFIG_SERIAL_JSM is not set
CONFIG_UNIX98_PTYS=y
CONFIG_LEGACY_PTYS=y
CONFIG_LEGACY_PTY_COUNT=128
CONFIG_PRINTER=m
# CONFIG_LP_CONSOLE is not set
# CONFIG_PPDEV is not set
# CONFIG_IPMI_HANDLER is not set
# CONFIG_HW_RANDOM is not set
# CONFIG_NVRAM is not set
CONFIG_RTC=y
# CONFIG_DTLK is not set
# CONFIG_R3964 is not set
# CONFIG_APPLICOM is not set
# CONFIG_SONYPI is not set
#
# PCMCIA character devices
#
# CONFIG_SYNCLINK_CS is not set
# CONFIG_CARDMAN_4000 is not set
# CONFIG_CARDMAN_4040 is not set
# CONFIG_MWAVE is not set
# CONFIG_PC8736x_GPIO is not set
# CONFIG_NSC_GPIO is not set
# CONFIG_CS5535_GPIO is not set
# CONFIG_RAW_DRIVER is not set
# CONFIG_HPET is not set
# CONFIG_HANGCHECK_TIMER is not set
# CONFIG_TCG_TPM is not set
# CONFIG_TELCLOCK is not set
CONFIG_DEVPORT=y
CONFIG_I2C=y
CONFIG_I2C_BOARDINFO=y
CONFIG_I2C_CHARDEV=m
#
# I2C Algorithms
#
CONFIG_I2C_ALGOBIT=y
# CONFIG_I2C_ALGOPCF is not set
# CONFIG_I2C_ALGOPCA is not set
#
# I2C Hardware Bus support
#
# CONFIG_I2C_ALI1535 is not set
# CONFIG_I2C_ALI1563 is not set
# CONFIG_I2C_ALI15X3 is not set
# CONFIG_I2C_AMD756 is not set
# CONFIG_I2C_AMD8111 is not set
# CONFIG_I2C_ELEKTOR is not set
CONFIG_I2C_I801=m
# CONFIG_I2C_I810 is not set
# CONFIG_I2C_PIIX4 is not set
# CONFIG_I2C_NFORCE2 is not set
# CONFIG_I2C_OCORES is not set
# CONFIG_I2C_PARPORT is not set
# CONFIG_I2C_PARPORT_LIGHT is not set
# CONFIG_I2C_PROSAVAGE is not set
# CONFIG_I2C_SAVAGE4 is not set
# CONFIG_I2C_SIMTEC is not set
# CONFIG_SCx200_ACB is not set
# CONFIG_I2C_SIS5595 is not set
# CONFIG_I2C_SIS630 is not set
# CONFIG_I2C_SIS96X is not set
# CONFIG_I2C_TAOS_EVM is not set
# CONFIG_I2C_STUB is not set
# CONFIG_I2C_TINY_USB is not set
# CONFIG_I2C_VIA is not set
# CONFIG_I2C_VIAPRO is not set
# CONFIG_I2C_VOODOO3 is not set
# CONFIG_I2C_PCA_ISA is not set
#
# Miscellaneous I2C Chip support
#
# CONFIG_SENSORS_DS1337 is not set
# CONFIG_SENSORS_DS1374 is not set
# CONFIG_DS1682 is not set
# CONFIG_SENSORS_EEPROM is not set
# CONFIG_SENSORS_PCF8574 is not set
# CONFIG_SENSORS_PCA9539 is not set
# CONFIG_SENSORS_PCF8591 is not set
# CONFIG_SENSORS_MAX6875 is not set
# CONFIG_SENSORS_TSL2550 is not set
# CONFIG_I2C_DEBUG_CORE is not set
# CONFIG_I2C_DEBUG_ALGO is not set
# CONFIG_I2C_DEBUG_BUS is not set
# CONFIG_I2C_DEBUG_CHIP is not set
#
# SPI support
#
# CONFIG_SPI is not set
# CONFIG_SPI_MASTER is not set
# CONFIG_W1 is not set
CONFIG_POWER_SUPPLY=y
# CONFIG_POWER_SUPPLY_DEBUG is not set
# CONFIG_PDA_POWER is not set
# CONFIG_BATTERY_DS2760 is not set
# CONFIG_HWMON is not set
# CONFIG_WATCHDOG is not set
#
# Sonics Silicon Backplane
#
CONFIG_SSB_POSSIBLE=y
# CONFIG_SSB is not set
#
# Multifunction device drivers
#
# CONFIG_MFD_SM501 is not set
#
# Multimedia devices
#
# CONFIG_VIDEO_DEV is not set
CONFIG_DVB_CORE=m
# CONFIG_DVB_CORE_ATTACH is not set
# CONFIG_DVB_CAPTURE_DRIVERS is not set
CONFIG_DAB=y
# CONFIG_USB_DABUSB is not set
#
# Graphics support
#
CONFIG_AGP=y
# CONFIG_AGP_ALI is not set
# CONFIG_AGP_ATI is not set
# CONFIG_AGP_AMD is not set
# CONFIG_AGP_AMD64 is not set
CONFIG_AGP_INTEL=y
# CONFIG_AGP_NVIDIA is not set
# CONFIG_AGP_SIS is not set
# CONFIG_AGP_SWORKS is not set
# CONFIG_AGP_VIA is not set
# CONFIG_AGP_EFFICEON is not set
CONFIG_DRM=y
# CONFIG_DRM_TDFX is not set
# CONFIG_DRM_R128 is not set
CONFIG_DRM_RADEON=m
# CONFIG_DRM_I810 is not set
# CONFIG_DRM_I830 is not set
# CONFIG_DRM_I915 is not set
# CONFIG_DRM_MGA is not set
# CONFIG_DRM_SIS is not set
# CONFIG_DRM_VIA is not set
# CONFIG_DRM_SAVAGE is not set
# CONFIG_VGASTATE is not set
CONFIG_VIDEO_OUTPUT_CONTROL=m
# CONFIG_FB is not set
# CONFIG_BACKLIGHT_LCD_SUPPORT is not set
#
# Display device support
#
# CONFIG_DISPLAY_SUPPORT is not set
#
# Console display driver support
#
CONFIG_VGA_CONSOLE=y
# CONFIG_VGACON_SOFT_SCROLLBACK is not set
# CONFIG_VIDEO_SELECT is not set
# CONFIG_MDA_CONSOLE is not set
CONFIG_DUMMY_CONSOLE=y
#
# Sound
#
CONFIG_SOUND=y
#
# Advanced Linux Sound Architecture
#
CONFIG_SND=y
CONFIG_SND_TIMER=y
CONFIG_SND_PCM=y
CONFIG_SND_RAWMIDI=m
CONFIG_SND_SEQUENCER=m
# CONFIG_SND_SEQ_DUMMY is not set
CONFIG_SND_OSSEMUL=y
CONFIG_SND_MIXER_OSS=m
CONFIG_SND_PCM_OSS=m
# CONFIG_SND_PCM_OSS_PLUGINS is not set
CONFIG_SND_SEQUENCER_OSS=y
CONFIG_SND_RTCTIMER=m
CONFIG_SND_SEQ_RTCTIMER_DEFAULT=y
# CONFIG_SND_DYNAMIC_MINORS is not set
CONFIG_SND_SUPPORT_OLD_API=y
# CONFIG_SND_VERBOSE_PROCFS is not set
# CONFIG_SND_VERBOSE_PRINTK is not set
# CONFIG_SND_DEBUG is not set
#
# Generic devices
#
CONFIG_SND_MPU401_UART=m
CONFIG_SND_AC97_CODEC=y
# CONFIG_SND_DUMMY is not set
# CONFIG_SND_VIRMIDI is not set
# CONFIG_SND_MTPAV is not set
# CONFIG_SND_MTS64 is not set
# CONFIG_SND_SERIAL_U16550 is not set
CONFIG_SND_MPU401=m
# CONFIG_SND_PORTMAN2X4 is not set
#
# ISA devices
#
# CONFIG_SND_ADLIB is not set
# CONFIG_SND_AD1816A is not set
# CONFIG_SND_AD1848 is not set
# CONFIG_SND_ALS100 is not set
# CONFIG_SND_AZT2320 is not set
# CONFIG_SND_CMI8330 is not set
# CONFIG_SND_CS4231 is not set
# CONFIG_SND_CS4232 is not set
# CONFIG_SND_CS4236 is not set
# CONFIG_SND_DT019X is not set
# CONFIG_SND_ES968 is not set
# CONFIG_SND_ES1688 is not set
# CONFIG_SND_ES18XX is not set
# CONFIG_SND_SC6000 is not set
# CONFIG_SND_GUSCLASSIC is not set
# CONFIG_SND_GUSEXTREME is not set
# CONFIG_SND_GUSMAX is not set
# CONFIG_SND_INTERWAVE is not set
# CONFIG_SND_INTERWAVE_STB is not set
# CONFIG_SND_OPL3SA2 is not set
# CONFIG_SND_OPTI92X_AD1848 is not set
# CONFIG_SND_OPTI92X_CS4231 is not set
# CONFIG_SND_OPTI93X is not set
# CONFIG_SND_MIRO is not set
# CONFIG_SND_SB8 is not set
# CONFIG_SND_SB16 is not set
# CONFIG_SND_SBAWE is not set
# CONFIG_SND_SGALAXY is not set
# CONFIG_SND_SSCAPE is not set
# CONFIG_SND_WAVEFRONT is not set
#
# PCI devices
#
# CONFIG_SND_AD1889 is not set
# CONFIG_SND_ALS300 is not set
# CONFIG_SND_ALS4000 is not set
# CONFIG_SND_ALI5451 is not set
# CONFIG_SND_ATIIXP is not set
# CONFIG_SND_ATIIXP_MODEM is not set
# CONFIG_SND_AU8810 is not set
# CONFIG_SND_AU8820 is not set
# CONFIG_SND_AU8830 is not set
# CONFIG_SND_AZT3328 is not set
# CONFIG_SND_BT87X is not set
# CONFIG_SND_CA0106 is not set
# CONFIG_SND_CMIPCI is not set
# CONFIG_SND_CS4281 is not set
# CONFIG_SND_CS46XX is not set
# CONFIG_SND_CS5530 is not set
# CONFIG_SND_CS5535AUDIO is not set
# CONFIG_SND_DARLA20 is not set
# CONFIG_SND_GINA20 is not set
# CONFIG_SND_LAYLA20 is not set
# CONFIG_SND_DARLA24 is not set
# CONFIG_SND_GINA24 is not set
# CONFIG_SND_LAYLA24 is not set
# CONFIG_SND_MONA is not set
# CONFIG_SND_MIA is not set
# CONFIG_SND_ECHO3G is not set
# CONFIG_SND_INDIGO is not set
# CONFIG_SND_INDIGOIO is not set
# CONFIG_SND_INDIGODJ is not set
# CONFIG_SND_EMU10K1 is not set
# CONFIG_SND_EMU10K1X is not set
# CONFIG_SND_ENS1370 is not set
# CONFIG_SND_ENS1371 is not set
# CONFIG_SND_ES1938 is not set
# CONFIG_SND_ES1968 is not set
# CONFIG_SND_FM801 is not set
# CONFIG_SND_HDA_INTEL is not set
# CONFIG_SND_HDSP is not set
# CONFIG_SND_HDSPM is not set
# CONFIG_SND_ICE1712 is not set
# CONFIG_SND_ICE1724 is not set
CONFIG_SND_INTEL8X0=y
# CONFIG_SND_INTEL8X0M is not set
# CONFIG_SND_KORG1212 is not set
# CONFIG_SND_MAESTRO3 is not set
# CONFIG_SND_MIXART is not set
# CONFIG_SND_NM256 is not set
# CONFIG_SND_PCXHR is not set
# CONFIG_SND_RIPTIDE is not set
# CONFIG_SND_RME32 is not set
# CONFIG_SND_RME96 is not set
# CONFIG_SND_RME9652 is not set
# CONFIG_SND_SONICVIBES is not set
# CONFIG_SND_TRIDENT is not set
# CONFIG_SND_VIA82XX is not set
# CONFIG_SND_VIA82XX_MODEM is not set
# CONFIG_SND_VX222 is not set
# CONFIG_SND_YMFPCI is not set
CONFIG_SND_AC97_POWER_SAVE=y
CONFIG_SND_AC97_POWER_SAVE_DEFAULT=0
#
# USB devices
#
# CONFIG_SND_USB_AUDIO is not set
# CONFIG_SND_USB_USX2Y is not set
# CONFIG_SND_USB_CAIAQ is not set
#
# PCMCIA devices
#
# CONFIG_SND_VXPOCKET is not set
# CONFIG_SND_PDAUDIOCF is not set
#
# System on Chip audio support
#
# CONFIG_SND_SOC is not set
#
# SoC Audio support for SuperH
#
#
# Open Sound System
#
# CONFIG_SOUND_PRIME is not set
CONFIG_AC97_BUS=y
CONFIG_HID_SUPPORT=y
CONFIG_HID=y
# CONFIG_HID_DEBUG is not set
# CONFIG_HIDRAW is not set
#
# USB Input Devices
#
CONFIG_USB_HID=m
# CONFIG_USB_HIDINPUT_POWERBOOK is not set
# CONFIG_HID_FF is not set
# CONFIG_USB_HIDDEV is not set
#
# USB HID Boot Protocol drivers
#
# CONFIG_USB_KBD is not set
# CONFIG_USB_MOUSE is not set
CONFIG_USB_SUPPORT=y
CONFIG_USB_ARCH_HAS_HCD=y
CONFIG_USB_ARCH_HAS_OHCI=y
CONFIG_USB_ARCH_HAS_EHCI=y
CONFIG_USB=m
# CONFIG_USB_DEBUG is not set
#
# Miscellaneous USB options
#
CONFIG_USB_DEVICEFS=y
# CONFIG_USB_DEVICE_CLASS is not set
# CONFIG_USB_DYNAMIC_MINORS is not set
CONFIG_USB_SUSPEND=y
# CONFIG_USB_PERSIST is not set
# CONFIG_USB_OTG is not set
#
# USB Host Controller Drivers
#
CONFIG_USB_EHCI_HCD=m
# CONFIG_USB_EHCI_SPLIT_ISO is not set
# CONFIG_USB_EHCI_ROOT_HUB_TT is not set
# CONFIG_USB_EHCI_TT_NEWSCHED is not set
# CONFIG_USB_ISP116X_HCD is not set
# CONFIG_USB_OHCI_HCD is not set
CONFIG_USB_UHCI_HCD=m
# CONFIG_USB_SL811_HCD is not set
# CONFIG_USB_R8A66597_HCD is not set
#
# USB Device Class drivers
#
# CONFIG_USB_ACM is not set
# CONFIG_USB_PRINTER is not set
#
# NOTE: USB_STORAGE enables SCSI, and 'SCSI disk support'
#
#
# may also be needed; see USB_STORAGE Help for more information
#
CONFIG_USB_STORAGE=m
# CONFIG_USB_STORAGE_DEBUG is not set
# CONFIG_USB_STORAGE_DATAFAB is not set
# CONFIG_USB_STORAGE_FREECOM is not set
# CONFIG_USB_STORAGE_ISD200 is not set
# CONFIG_USB_STORAGE_DPCM is not set
# CONFIG_USB_STORAGE_USBAT is not set
# CONFIG_USB_STORAGE_SDDR09 is not set
# CONFIG_USB_STORAGE_SDDR55 is not set
# CONFIG_USB_STORAGE_JUMPSHOT is not set
# CONFIG_USB_STORAGE_ALAUDA is not set
# CONFIG_USB_STORAGE_KARMA is not set
# CONFIG_USB_LIBUSUAL is not set
#
# USB Imaging devices
#
# CONFIG_USB_MDC800 is not set
# CONFIG_USB_MICROTEK is not set
# CONFIG_USB_MON is not set
#
# USB port drivers
#
# CONFIG_USB_USS720 is not set
#
# USB Serial Converter support
#
CONFIG_USB_SERIAL=m
CONFIG_USB_SERIAL_GENERIC=y
# CONFIG_USB_SERIAL_AIRCABLE is not set
# CONFIG_USB_SERIAL_AIRPRIME is not set
# CONFIG_USB_SERIAL_ARK3116 is not set
# CONFIG_USB_SERIAL_BELKIN is not set
# CONFIG_USB_SERIAL_CH341 is not set
# CONFIG_USB_SERIAL_WHITEHEAT is not set
# CONFIG_USB_SERIAL_DIGI_ACCELEPORT is not set
# CONFIG_USB_SERIAL_CP2101 is not set
# CONFIG_USB_SERIAL_CYPRESS_M8 is not set
# CONFIG_USB_SERIAL_EMPEG is not set
# CONFIG_USB_SERIAL_FTDI_SIO is not set
# CONFIG_USB_SERIAL_FUNSOFT is not set
# CONFIG_USB_SERIAL_VISOR is not set
# CONFIG_USB_SERIAL_IPAQ is not set
# CONFIG_USB_SERIAL_IR is not set
# CONFIG_USB_SERIAL_EDGEPORT is not set
# CONFIG_USB_SERIAL_EDGEPORT_TI is not set
# CONFIG_USB_SERIAL_GARMIN is not set
# CONFIG_USB_SERIAL_IPW is not set
# CONFIG_USB_SERIAL_KEYSPAN_PDA is not set
# CONFIG_USB_SERIAL_KEYSPAN is not set
# CONFIG_USB_SERIAL_KLSI is not set
# CONFIG_USB_SERIAL_KOBIL_SCT is not set
# CONFIG_USB_SERIAL_MCT_U232 is not set
# CONFIG_USB_SERIAL_MOS7720 is not set
# CONFIG_USB_SERIAL_MOS7840 is not set
# CONFIG_USB_SERIAL_NAVMAN is not set
# CONFIG_USB_SERIAL_PL2303 is not set
# CONFIG_USB_SERIAL_OTI6858 is not set
# CONFIG_USB_SERIAL_HP4X is not set
# CONFIG_USB_SERIAL_SAFE is not set
# CONFIG_USB_SERIAL_SIERRAWIRELESS is not set
# CONFIG_USB_SERIAL_TI is not set
# CONFIG_USB_SERIAL_CYBERJACK is not set
# CONFIG_USB_SERIAL_XIRCOM is not set
# CONFIG_USB_SERIAL_OPTION is not set
# CONFIG_USB_SERIAL_OMNINET is not set
# CONFIG_USB_SERIAL_DEBUG is not set
#
# USB Miscellaneous drivers
#
# CONFIG_USB_EMI62 is not set
# CONFIG_USB_EMI26 is not set
# CONFIG_USB_ADUTUX is not set
# CONFIG_USB_AUERSWALD is not set
# CONFIG_USB_RIO500 is not set
# CONFIG_USB_LEGOTOWER is not set
# CONFIG_USB_LCD is not set
# CONFIG_USB_BERRY_CHARGE is not set
# CONFIG_USB_LED is not set
# CONFIG_USB_CYPRESS_CY7C63 is not set
# CONFIG_USB_CYTHERM is not set
# CONFIG_USB_PHIDGET is not set
# CONFIG_USB_IDMOUSE is not set
# CONFIG_USB_FTDI_ELAN is not set
# CONFIG_USB_APPLEDISPLAY is not set
# CONFIG_USB_SISUSBVGA is not set
# CONFIG_USB_LD is not set
# CONFIG_USB_TRANCEVIBRATOR is not set
# CONFIG_USB_IOWARRIOR is not set
# CONFIG_USB_TEST is not set
#
# USB DSL modem support
#
#
# USB Gadget Support
#
# CONFIG_USB_GADGET is not set
# CONFIG_MMC is not set
# CONFIG_NEW_LEDS is not set
# CONFIG_INFINIBAND is not set
# CONFIG_EDAC is not set
# CONFIG_RTC_CLASS is not set
# CONFIG_DMADEVICES is not set
# CONFIG_AUXDISPLAY is not set
# CONFIG_VIRTUALIZATION is not set
#
# Userspace I/O
#
# CONFIG_UIO is not set
#
# Firmware Drivers
#
# CONFIG_EDD is not set
# CONFIG_DELL_RBU is not set
# CONFIG_DCDBAS is not set
CONFIG_DMIID=y
#
# File systems
#
CONFIG_EXT2_FS=m
# CONFIG_EXT2_FS_XATTR is not set
# CONFIG_EXT2_FS_XIP is not set
CONFIG_EXT3_FS=y
CONFIG_EXT3_FS_XATTR=y
# CONFIG_EXT3_FS_POSIX_ACL is not set
# CONFIG_EXT3_FS_SECURITY is not set
# CONFIG_EXT4DEV_FS is not set
CONFIG_JBD=y
CONFIG_JBD_DEBUG=y
CONFIG_FS_MBCACHE=y
# CONFIG_REISERFS_FS is not set
# CONFIG_JFS_FS is not set
# CONFIG_FS_POSIX_ACL is not set
# CONFIG_XFS_FS is not set
# CONFIG_GFS2_FS is not set
# CONFIG_OCFS2_FS is not set
# CONFIG_MINIX_FS is not set
# CONFIG_ROMFS_FS is not set
# CONFIG_INOTIFY is not set
# CONFIG_QUOTA is not set
CONFIG_DNOTIFY=y
# CONFIG_AUTOFS_FS is not set
# CONFIG_AUTOFS4_FS is not set
CONFIG_FUSE_FS=m
#
# CD-ROM/DVD Filesystems
#
CONFIG_ISO9660_FS=m
CONFIG_JOLIET=y
# CONFIG_ZISOFS is not set
CONFIG_UDF_FS=m
CONFIG_UDF_NLS=y
#
# DOS/FAT/NT Filesystems
#
CONFIG_FAT_FS=y
CONFIG_MSDOS_FS=m
CONFIG_VFAT_FS=y
CONFIG_FAT_DEFAULT_CODEPAGE=437
CONFIG_FAT_DEFAULT_IOCHARSET="iso8859-1"
CONFIG_NTFS_FS=m
# CONFIG_NTFS_DEBUG is not set
# CONFIG_NTFS_RW is not set
#
# Pseudo filesystems
#
CONFIG_PROC_FS=y
CONFIG_PROC_KCORE=y
CONFIG_PROC_SYSCTL=y
CONFIG_SYSFS=y
CONFIG_TMPFS=y
# CONFIG_TMPFS_POSIX_ACL is not set
# CONFIG_HUGETLBFS is not set
# CONFIG_HUGETLB_PAGE is not set
CONFIG_CONFIGFS_FS=m
#
# Miscellaneous filesystems
#
# CONFIG_ADFS_FS is not set
# CONFIG_AFFS_FS is not set
# CONFIG_HFS_FS is not set
# CONFIG_HFSPLUS_FS is not set
# CONFIG_BEFS_FS is not set
# CONFIG_BFS_FS is not set
# CONFIG_EFS_FS is not set
# CONFIG_CRAMFS is not set
# CONFIG_VXFS_FS is not set
# CONFIG_HPFS_FS is not set
# CONFIG_QNX4FS_FS is not set
# CONFIG_SYSV_FS is not set
# CONFIG_UFS_FS is not set
CONFIG_NETWORK_FILESYSTEMS=y
# CONFIG_NFS_FS is not set
# CONFIG_NFSD is not set
CONFIG_SMB_FS=m
# CONFIG_SMB_NLS_DEFAULT is not set
CONFIG_CIFS=m
# CONFIG_CIFS_STATS is not set
# CONFIG_CIFS_WEAK_PW_HASH is not set
# CONFIG_CIFS_XATTR is not set
# CONFIG_CIFS_DEBUG2 is not set
# CONFIG_CIFS_EXPERIMENTAL is not set
# CONFIG_NCP_FS is not set
# CONFIG_CODA_FS is not set
# CONFIG_AFS_FS is not set
#
# Partition Types
#
CONFIG_PARTITION_ADVANCED=y
# CONFIG_ACORN_PARTITION is not set
# CONFIG_OSF_PARTITION is not set
# CONFIG_AMIGA_PARTITION is not set
# CONFIG_ATARI_PARTITION is not set
# CONFIG_MAC_PARTITION is not set
CONFIG_MSDOS_PARTITION=y
# CONFIG_BSD_DISKLABEL is not set
# CONFIG_MINIX_SUBPARTITION is not set
# CONFIG_SOLARIS_X86_PARTITION is not set
# CONFIG_UNIXWARE_DISKLABEL is not set
# CONFIG_LDM_PARTITION is not set
# CONFIG_SGI_PARTITION is not set
# CONFIG_ULTRIX_PARTITION is not set
# CONFIG_SUN_PARTITION is not set
# CONFIG_KARMA_PARTITION is not set
# CONFIG_EFI_PARTITION is not set
# CONFIG_SYSV68_PARTITION is not set
CONFIG_NLS=y
CONFIG_NLS_DEFAULT="iso8859-1"
CONFIG_NLS_CODEPAGE_437=y
# CONFIG_NLS_CODEPAGE_737 is not set
# CONFIG_NLS_CODEPAGE_775 is not set
CONFIG_NLS_CODEPAGE_850=m
# CONFIG_NLS_CODEPAGE_852 is not set
# CONFIG_NLS_CODEPAGE_855 is not set
# CONFIG_NLS_CODEPAGE_857 is not set
# CONFIG_NLS_CODEPAGE_860 is not set
# CONFIG_NLS_CODEPAGE_861 is not set
# CONFIG_NLS_CODEPAGE_862 is not set
# CONFIG_NLS_CODEPAGE_863 is not set
# CONFIG_NLS_CODEPAGE_864 is not set
# CONFIG_NLS_CODEPAGE_865 is not set
# CONFIG_NLS_CODEPAGE_866 is not set
# CONFIG_NLS_CODEPAGE_869 is not set
# CONFIG_NLS_CODEPAGE_936 is not set
# CONFIG_NLS_CODEPAGE_950 is not set
# CONFIG_NLS_CODEPAGE_932 is not set
# CONFIG_NLS_CODEPAGE_949 is not set
# CONFIG_NLS_CODEPAGE_874 is not set
# CONFIG_NLS_ISO8859_8 is not set
# CONFIG_NLS_CODEPAGE_1250 is not set
# CONFIG_NLS_CODEPAGE_1251 is not set
# CONFIG_NLS_ASCII is not set
CONFIG_NLS_ISO8859_1=y
# CONFIG_NLS_ISO8859_2 is not set
# CONFIG_NLS_ISO8859_3 is not set
# CONFIG_NLS_ISO8859_4 is not set
# CONFIG_NLS_ISO8859_5 is not set
# CONFIG_NLS_ISO8859_6 is not set
# CONFIG_NLS_ISO8859_7 is not set
# CONFIG_NLS_ISO8859_9 is not set
# CONFIG_NLS_ISO8859_13 is not set
# CONFIG_NLS_ISO8859_14 is not set
CONFIG_NLS_ISO8859_15=m
# CONFIG_NLS_KOI8_R is not set
# CONFIG_NLS_KOI8_U is not set
CONFIG_NLS_UTF8=m
# CONFIG_DLM is not set
CONFIG_INSTRUMENTATION=y
# CONFIG_PROFILING is not set
# CONFIG_KPROBES is not set
# CONFIG_MARKERS is not set
#
# Kernel hacking
#
CONFIG_TRACE_IRQFLAGS_SUPPORT=y
# CONFIG_PRINTK_TIME is not set
CONFIG_ENABLE_WARN_DEPRECATED=y
CONFIG_ENABLE_MUST_CHECK=y
CONFIG_MAGIC_SYSRQ=y
CONFIG_UNUSED_SYMBOLS=y
CONFIG_DEBUG_FS=y
# CONFIG_HEADERS_CHECK is not set
CONFIG_DEBUG_KERNEL=y
# CONFIG_DEBUG_SHIRQ is not set
CONFIG_DETECT_SOFTLOCKUP=y
CONFIG_SCHED_DEBUG=y
# CONFIG_SCHEDSTATS is not set
# CONFIG_TIMER_STATS is not set
# CONFIG_DEBUG_SLAB is not set
# CONFIG_DEBUG_PREEMPT is not set
# CONFIG_DEBUG_RT_MUTEXES is not set
# CONFIG_RT_MUTEX_TESTER is not set
# CONFIG_DEBUG_SPINLOCK is not set
# CONFIG_DEBUG_MUTEXES is not set
# CONFIG_DEBUG_LOCK_ALLOC is not set
# CONFIG_PROVE_LOCKING is not set
# CONFIG_LOCK_STAT is not set
# CONFIG_DEBUG_SPINLOCK_SLEEP is not set
# CONFIG_DEBUG_LOCKING_API_SELFTESTS is not set
# CONFIG_DEBUG_KOBJECT is not set
CONFIG_DEBUG_BUGVERBOSE=y
# CONFIG_DEBUG_INFO is not set
# CONFIG_DEBUG_VM is not set
# CONFIG_DEBUG_LIST is not set
# CONFIG_DEBUG_SG is not set
# CONFIG_FRAME_POINTER is not set
CONFIG_FORCED_INLINING=y
# CONFIG_BOOT_PRINTK_DELAY is not set
# CONFIG_RCU_TORTURE_TEST is not set
# CONFIG_FAULT_INJECTION is not set
# CONFIG_SAMPLES is not set
CONFIG_EARLY_PRINTK=y
# CONFIG_DEBUG_STACKOVERFLOW is not set
# CONFIG_DEBUG_STACK_USAGE is not set
# CONFIG_DEBUG_PAGEALLOC is not set
# CONFIG_DEBUG_RODATA is not set
CONFIG_4KSTACKS=y
CONFIG_DOUBLEFAULT=y
#
# Security options
#
# CONFIG_KEYS is not set
# CONFIG_SECURITY is not set
# CONFIG_SECURITY_FILE_CAPABILITIES is not set
CONFIG_CRYPTO=y
CONFIG_CRYPTO_ALGAPI=y
CONFIG_CRYPTO_BLKCIPHER=y
CONFIG_CRYPTO_HASH=y
CONFIG_CRYPTO_MANAGER=y
CONFIG_CRYPTO_HMAC=y
# CONFIG_CRYPTO_XCBC is not set
# CONFIG_CRYPTO_NULL is not set
# CONFIG_CRYPTO_MD4 is not set
CONFIG_CRYPTO_MD5=y
CONFIG_CRYPTO_SHA1=y
# CONFIG_CRYPTO_SHA256 is not set
# CONFIG_CRYPTO_SHA512 is not set
# CONFIG_CRYPTO_WP512 is not set
# CONFIG_CRYPTO_TGR192 is not set
# CONFIG_CRYPTO_GF128MUL is not set
CONFIG_CRYPTO_ECB=m
CONFIG_CRYPTO_CBC=y
CONFIG_CRYPTO_PCBC=m
# CONFIG_CRYPTO_LRW is not set
# CONFIG_CRYPTO_XTS is not set
# CONFIG_CRYPTO_CRYPTD is not set
CONFIG_CRYPTO_DES=y
# CONFIG_CRYPTO_FCRYPT is not set
# CONFIG_CRYPTO_BLOWFISH is not set
# CONFIG_CRYPTO_TWOFISH is not set
# CONFIG_CRYPTO_TWOFISH_586 is not set
# CONFIG_CRYPTO_SERPENT is not set
CONFIG_CRYPTO_AES=m
# CONFIG_CRYPTO_AES_586 is not set
# CONFIG_CRYPTO_CAST5 is not set
# CONFIG_CRYPTO_CAST6 is not set
# CONFIG_CRYPTO_TEA is not set
CONFIG_CRYPTO_ARC4=m
# CONFIG_CRYPTO_KHAZAD is not set
# CONFIG_CRYPTO_ANUBIS is not set
# CONFIG_CRYPTO_SEED is not set
CONFIG_CRYPTO_DEFLATE=y
CONFIG_CRYPTO_MICHAEL_MIC=m
# CONFIG_CRYPTO_CRC32C is not set
# CONFIG_CRYPTO_CAMELLIA is not set
# CONFIG_CRYPTO_TEST is not set
# CONFIG_CRYPTO_AUTHENC is not set
# CONFIG_CRYPTO_HW is not set
#
# Library routines
#
CONFIG_BITREVERSE=y
CONFIG_CRC_CCITT=m
# CONFIG_CRC16 is not set
CONFIG_CRC_ITU_T=m
CONFIG_CRC32=y
# CONFIG_CRC7 is not set
# CONFIG_LIBCRC32C is not set
CONFIG_ZLIB_INFLATE=y
CONFIG_ZLIB_DEFLATE=y
CONFIG_PLIST=y
CONFIG_HAS_IOMEM=y
CONFIG_HAS_IOPORT=y
CONFIG_HAS_DMA=y
Jan 22 05:14:51 laptop syslogd 1.4.1: restart.
Jan 22 05:14:51 laptop kernel: klogd 1.4.1, log source = /proc/kmsg started.
Jan 22 05:14:51 laptop kernel: Inspecting /boot/System.map-2.6.24-rc8-git4
Jan 22 05:14:53 laptop kernel: Loaded 27325 symbols from /boot/System.map-2.6.24-rc8-git4.
Jan 22 05:14:53 laptop kernel: Symbols match kernel version 2.6.24.
Jan 22 05:14:53 laptop kernel: No module symbols loaded - kernel modules not enabled. 
Jan 22 05:14:53 laptop kernel: one.
Jan 22 05:14:53 laptop kernel: Enabling unmasked SIMD FPU exception support... done.
Jan 22 05:14:53 laptop kernel: Initializing CPU#0
Jan 22 05:14:53 laptop kernel: CPU 0 irqstacks, hard=c042f000 soft=c042e000
Jan 22 05:14:53 laptop kernel: PID hash table entries: 2048 (order: 11, 8192 bytes)
Jan 22 05:14:53 laptop kernel: Detected 996.805 MHz processor.
Jan 22 05:14:53 laptop kernel: Console: colour VGA+ 80x25
Jan 22 05:14:53 laptop kernel: console [tty0] enabled
Jan 22 05:14:54 laptop kernel: Dentry cache hash table entries: 65536 (order: 6, 262144 bytes)
Jan 22 05:14:55 laptop xfs[1432]: ignoring font path element /usr/X11R6/lib/X11/fonts/Speedo/ (unreadable) 
Jan 22 05:14:56 laptop kernel: Inode-cache hash table entries: 32768 (order: 5, 131072 bytes)
Jan 22 05:14:59 laptop xfs[1432]: ignoring font path element /usr/X11R6/lib/X11/fonts/CID/ (unreadable) 
Jan 22 05:15:00 laptop kernel: Memory: 515780k/524168k available (2216k kernel code, 7884k reserved, 863k data, 160k init, 0k highmem)
Jan 22 05:15:02 laptop kernel: virtual kernel memory layout:
Jan 22 05:15:02 laptop kernel:     fixmap  : 0xffff6000 - 0xfffff000   (  36 kB)
Jan 22 05:15:03 laptop xfs[1432]: ignoring font path element /usr/X11R6/lib/X11/fonts/local/ (unreadable) 
Jan 22 05:15:03 laptop kernel:     vmalloc : 0xe0800000 - 0xffff4000   ( 503 MB)
Jan 22 05:15:04 laptop xfs[1432]: ignoring font path element /usr/X11R6/lib/X11/fonts/encodings/ (unreadable) 
Jan 22 05:15:04 laptop kernel:     lowmem  : 0xc0000000 - 0xdffe2000   ( 511 MB)
Jan 22 05:15:04 laptop xfs[1432]: ignoring font path element /usr/X11R6/lib/X11/fonts/encodings/large/ (unreadable) 
Jan 22 05:15:04 laptop kernel:       .init : 0xc0403000 - 0xc042b000   ( 160 kB)
Jan 22 05:15:05 laptop xfs[1432]: ignoring font path element /usr/X11R6/lib/X11/fonts/util/ (unreadable) 
Jan 22 05:15:06 laptop kernel:       .data : 0xc032a315 - 0xc0401fc0   ( 863 kB)
Jan 22 05:15:07 laptop xfs[1432]: ignoring font path element /usr/share/fonts/libwmf/ (unreadable) 
Jan 22 05:15:07 laptop kernel:       .text : 0xc0100000 - 0xc032a315   (2216 kB)
Jan 22 05:15:07 laptop xfs[1432]: ignoring font path element /usr/share/fonts/xawtv/ (unreadable) 
Jan 22 05:15:08 laptop kernel: Checking if this processor honours the WP bit even in supervisor mode... Ok.
Jan 22 05:15:08 laptop xfs[1432]: ignoring font path element /usr/share/fonts/enscript/ (unreadable) 
Jan 22 05:15:08 laptop kernel: Calibrating delay using timer specific routine.. 1995.03 BogoMIPS (lpj=3990062)
Jan 22 05:15:09 laptop xfs[1432]: ignoring font path element /usr/share/fonts/mplayer/ (unreadable) 
Jan 22 05:15:09 laptop kernel: Mount-cache hash table entries: 512
Jan 22 05:15:09 laptop xfs[1432]: ignoring font path element /usr/share/fonts/cups/ (unreadable) 
Jan 22 05:15:10 laptop kernel: CPU: After generic identify, caps: 0383f9ff 00000000 00000000 00000000 00000000 00000000 00000000 00000000
Jan 22 05:15:10 laptop kernel: CPU: L1 I cache: 16K, L1 D cache: 16K
Jan 22 05:15:11 laptop kernel: CPU: L2 cache: 512K
Jan 22 05:15:11 laptop kernel: CPU: After all inits, caps: 0383f9ff 00000000 00000000 00000040 00000000 00000000 00000000 00000000
Jan 22 05:15:11 laptop kernel: Intel machine check architecture supported.
Jan 22 05:15:11 laptop kernel: Intel machine check reporting enabled on CPU#0.
Jan 22 05:15:12 laptop kernel: Compat vDSO mapped to ffffe000.
Jan 22 05:15:12 laptop kernel: CPU: Intel Mobile Intel(R) Pentium(R) III CPU - M  1000MHz stepping 04
Jan 22 05:15:12 laptop kernel: Checking 'hlt' instruction... OK.
Jan 22 05:15:13 laptop kernel: Freeing SMP alternatives: 0k freed
Jan 22 05:15:14 laptop kernel: ACPI: Core revision 20070126
Jan 22 05:15:14 laptop kernel: ACPI: setting ELCR to 0200 (from 0800)
Jan 22 05:15:15 laptop kernel: net_namespace: 64 bytes
Jan 22 05:15:16 laptop kernel: NET: Registered protocol family 16
Jan 22 05:15:17 laptop kernel: ACPI: bus type pci registered
Jan 22 05:15:17 laptop kernel: PCI: PCI BIOS revision 2.10 entry at 0xfbfee, last bus=2
Jan 22 05:15:18 laptop kernel: PCI: Using configuration type 1
Jan 22 05:15:18 laptop kernel: Setting up standard PCI resources
Jan 22 05:15:19 laptop kernel: ACPI: EC: Look up EC in DSDT
Jan 22 05:15:19 laptop kernel: ACPI: Interpreter enabled
Jan 22 05:15:19 laptop kdm_greet[1543]: Can't open default user face
Jan 22 05:15:19 laptop kdm_greet[1543]: Can't open default user face
Jan 22 05:15:20 laptop kernel: ACPI: (supports S0 S1 S3 S5)
Jan 22 05:15:22 laptop kernel: ACPI: Using PIC for interrupt routing
Jan 22 05:15:22 laptop kernel: ACPI: PCI Root Bridge [PCI0] (0000:00)
Jan 22 05:15:22 laptop kernel: PCI quirk: region 0800-087f claimed by ICH4 ACPI/GPIO/TCO
Jan 22 05:15:23 laptop kernel: PCI quirk: region 0880-08bf claimed by ICH4 GPIO
Jan 22 05:15:23 laptop kernel: PCI: Transparent bridge - 0000:00:1e.0
Jan 22 05:15:24 laptop kernel: ACPI: PCI Interrupt Routing Table [\_SB_.PCI0._PRT]
Jan 22 05:15:25 laptop kernel: ACPI: PCI Interrupt Routing Table [\_SB_.PCI0.AGP_._PRT]
Jan 22 05:15:26 laptop kernel: ACPI: PCI Interrupt Routing Table [\_SB_.PCI0.PCIE._PRT]
Jan 22 05:15:26 laptop kernel: ACPI: PCI Interrupt Link [LNKA] (IRQs 9 10 *11)
Jan 22 05:15:26 laptop kernel: ACPI: PCI Interrupt Link [LNKB] (IRQs 5 7) *11
Jan 22 05:15:27 laptop kernel: ACPI: PCI Interrupt Link [LNKC] (IRQs 9 10 *11)
Jan 22 05:15:27 laptop kernel: ACPI: PCI Interrupt Link [LNKD] (IRQs 5 7 9 10 *11)
Jan 22 05:15:27 laptop kernel: ACPI: Power Resource [PADA] (on)
Jan 22 05:15:27 laptop kernel: Linux Plug and Play Support v0.97 (c) Adam Belay
Jan 22 05:15:27 laptop kernel: pnp: PnP ACPI init
Jan 22 05:15:27 laptop kernel: ACPI: bus type pnp registered
Jan 22 05:15:27 laptop kernel: pnp: PnP ACPI: found 18 devices
Jan 22 05:15:27 laptop kernel: ACPI: ACPI bus type pnp unregistered
Jan 22 05:15:27 laptop kernel: SCSI subsystem initialized
Jan 22 05:15:27 laptop kernel: PCI: Using ACPI for IRQ routing
Jan 22 05:15:27 laptop kernel: PCI: Routing PCI interrupts for all devices because "pci=routeirq" specified
Jan 22 05:15:27 laptop kernel: ACPI: PCI Interrupt Link [LNKA] enabled at IRQ 11
Jan 22 05:15:27 laptop kernel: PCI: setting IRQ 11 as level-triggered
Jan 22 05:15:27 laptop kernel: ACPI: PCI Interrupt 0000:00:1d.0[A] -> Link [LNKA] -> GSI 11 (level, low) -> IRQ 11
Jan 22 05:15:27 laptop kernel: ACPI: PCI Interrupt 0000:00:1f.1[A] -> Link [LNKA] -> GSI 11 (level, low) -> IRQ 11
Jan 22 05:15:27 laptop kernel: ACPI: PCI Interrupt Link [LNKB] enabled at IRQ 5
Jan 22 05:15:27 laptop kernel: PCI: setting IRQ 5 as level-triggered
Jan 22 05:15:27 laptop kernel: ACPI: PCI Interrupt 0000:00:1f.5[B] -> Link [LNKB] -> GSI 5 (level, low) -> IRQ 5
Jan 22 05:15:27 laptop kernel: ACPI: PCI Interrupt 0000:00:1f.6[B] -> Link [LNKB] -> GSI 5 (level, low) -> IRQ 5
Jan 22 05:15:27 laptop kernel: ACPI: PCI Interrupt 0000:01:00.0[A] -> Link [LNKA] -> GSI 11 (level, low) -> IRQ 11
Jan 22 05:15:27 laptop kernel: ACPI: PCI Interrupt Link [LNKC] enabled at IRQ 11
Jan 22 05:15:27 laptop kernel: ACPI: PCI Interrupt 0000:02:00.0[A] -> Link [LNKC] -> GSI 11 (level, low) -> IRQ 11
Jan 22 05:15:27 laptop kernel: ACPI: PCI Interrupt Link [LNKD] enabled at IRQ 11
Jan 22 05:15:27 laptop kernel: ACPI: PCI Interrupt 0000:02:01.0[A] -> Link [LNKD] -> GSI 11 (level, low) -> IRQ 11
Jan 22 05:15:27 laptop kernel: ACPI: PCI Interrupt 0000:02:01.1[A] -> Link [LNKD] -> GSI 11 (level, low) -> IRQ 11
Jan 22 05:15:27 laptop kernel: Time: tsc clocksource has been installed.
Jan 22 05:15:27 laptop kernel: system 00:00: iomem range 0x0-0x9fbff could not be reserved
Jan 22 05:15:27 laptop kernel: system 00:00: iomem range 0x9fc00-0x9ffff could not be reserved
Jan 22 05:15:27 laptop kernel: system 00:00: iomem range 0xc0000-0xcffff could not be reserved
Jan 22 05:15:27 laptop kernel: system 00:00: iomem range 0xe0000-0xfffff could not be reserved
Jan 22 05:15:27 laptop kernel: system 00:00: iomem range 0x100000-0x1ffeffff could not be reserved
Jan 22 05:15:27 laptop kernel: system 00:00: iomem range 0x1fff0000-0x1fffffff could not be reserved
Jan 22 05:15:27 laptop kernel: system 00:00: iomem range 0xfeda0000-0xfedfffff could not be reserved
Jan 22 05:15:28 laptop kernel: system 00:00: iomem range 0xfff80000-0xffffffff could not be reserved
Jan 22 05:15:28 laptop kernel: system 00:02: ioport range 0x4d0-0x4d1 has been reserved
Jan 22 05:15:28 laptop kernel: system 00:02: ioport range 0x800-0x805 has been reserved
Jan 22 05:15:28 laptop kernel: system 00:02: ioport range 0x808-0x80f has been reserved
Jan 22 05:15:28 laptop kernel: system 00:03: ioport range 0x806-0x807 has been reserved
Jan 22 05:15:28 laptop kernel: system 00:03: ioport range 0x810-0x85f has been reserved
Jan 22 05:15:28 laptop kernel: system 00:03: ioport range 0x860-0x87f has been reserved
Jan 22 05:15:28 laptop kernel: system 00:03: ioport range 0x880-0x8bf has been reserved
Jan 22 05:15:28 laptop kernel: system 00:03: ioport range 0x8c0-0x8df has been reserved
Jan 22 05:15:28 laptop kernel: system 00:03: ioport range 0x8e0-0x8ff has been reserved
Jan 22 05:15:28 laptop kernel: system 00:04: ioport range 0xf000-0xf0fe has been reserved
Jan 22 05:15:28 laptop kernel: system 00:04: ioport range 0xf100-0xf1fe has been reserved
Jan 22 05:15:28 laptop kernel: system 00:04: ioport range 0xf200-0xf2fe has been reserved
Jan 22 05:15:28 laptop kernel: system 00:04: ioport range 0xf400-0xf4fe has been reserved
Jan 22 05:15:28 laptop kernel: system 00:04: ioport range 0xf500-0xf5fe has been reserved
Jan 22 05:15:28 laptop kernel: system 00:04: ioport range 0xf600-0xf6fe has been reserved
Jan 22 05:15:28 laptop kernel: system 00:04: ioport range 0xf800-0xf8fe has been reserved
Jan 22 05:15:28 laptop kernel: system 00:04: ioport range 0xf900-0xf9fe has been reserved
Jan 22 05:15:28 laptop kernel: system 00:04: ioport range 0xfa00-0xfafe has been reserved
Jan 22 05:15:28 laptop kernel: system 00:04: ioport range 0xfc00-0xfcfe has been reserved
Jan 22 05:15:28 laptop kernel: system 00:04: ioport range 0xfd00-0xfdfe has been reserved
Jan 22 05:15:28 laptop kernel: system 00:04: ioport range 0xfe00-0xfefe has been reserved
Jan 22 05:15:28 laptop kernel: system 00:04: iomem range 0xfa000000-0xfbffffff has been reserved
Jan 22 05:15:28 laptop kernel: system 00:09: ioport range 0x900-0x91f has been reserved
Jan 22 05:15:28 laptop kernel: system 00:09: ioport range 0x3f0-0x3f1 has been reserved
Jan 22 05:15:28 laptop kernel: system 00:10: ioport range 0xbf40-0xbf5f has been reserved
Jan 22 05:15:28 laptop kernel: system 00:10: ioport range 0xbf20-0xbf3f has been reserved
Jan 22 05:15:28 laptop kernel: system 00:11: iomem range 0xfebffc00-0xfebfffff has been reserved
Jan 22 05:15:28 laptop kernel: PCI: Bridge: 0000:00:01.0
Jan 22 05:15:28 laptop kernel:   IO window: c000-cfff
Jan 22 05:15:28 laptop kernel:   MEM window: fc000000-fdffffff
Jan 22 05:15:28 laptop kernel:   PREFETCH window: e0000000-e7ffffff
Jan 22 05:15:28 laptop kernel: PCI: Bus 3, cardbus bridge: 0000:02:01.0
Jan 22 05:15:28 laptop kernel:   IO window: 0000e000-0000e0ff
Jan 22 05:15:28 laptop kernel:   IO window: 0000e400-0000e4ff
Jan 22 05:15:28 laptop kernel:   PREFETCH window: f4000000-f7ffffff
Jan 22 05:15:28 laptop kernel:   MEM window: 34000000-37ffffff
Jan 22 05:15:28 laptop kernel: PCI: Bus 7, cardbus bridge: 0000:02:01.1
Jan 22 05:15:28 laptop kernel:   IO window: 0000e800-0000e8ff
Jan 22 05:15:28 laptop kernel:   IO window: 00001000-000010ff
Jan 22 05:15:28 laptop kernel:   PREFETCH window: 38000000-3bffffff
Jan 22 05:15:28 laptop kernel:   MEM window: 3c000000-3fffffff
Jan 22 05:15:28 laptop kernel: PCI: Bridge: 0000:00:1e.0
Jan 22 05:15:28 laptop kernel:   IO window: e000-ffff
Jan 22 05:15:28 laptop kernel:   MEM window: f4000000-fbffffff
Jan 22 05:15:28 laptop kernel:   PREFETCH window: disabled.
Jan 22 05:15:28 laptop kernel: PCI: Setting latency timer of device 0000:00:1e.0 to 64
Jan 22 05:15:28 laptop kernel: PCI: Enabling device 0000:02:01.0 (0000 -> 0003)
Jan 22 05:15:28 laptop kernel: ACPI: PCI Interrupt 0000:02:01.0[A] -> Link [LNKD] -> GSI 11 (level, low) -> IRQ 11
Jan 22 05:15:28 laptop kernel: PCI: Enabling device 0000:02:01.1 (0000 -> 0003)
Jan 22 05:15:28 laptop kernel: ACPI: PCI Interrupt 0000:02:01.1[A] -> Link [LNKD] -> GSI 11 (level, low) -> IRQ 11
Jan 22 05:15:28 laptop kernel: NET: Registered protocol family 2
Jan 22 05:15:28 laptop kernel: IP route cache hash table entries: 4096 (order: 2, 16384 bytes)
Jan 22 05:15:28 laptop kernel: TCP established hash table entries: 16384 (order: 5, 131072 bytes)
Jan 22 05:15:28 laptop kernel: TCP bind hash table entries: 16384 (order: 4, 65536 bytes)
Jan 22 05:15:28 laptop kernel: TCP: Hash tables configured (established 16384 bind 16384)
Jan 22 05:15:28 laptop kernel: TCP reno registered
Jan 22 05:15:28 laptop kernel: io scheduler noop registered
Jan 22 05:15:28 laptop kernel: io scheduler cfq registered (default)
Jan 22 05:15:28 laptop kernel: Boot video device is 0000:01:00.0
Jan 22 05:15:28 laptop kernel: ACPI: AC Adapter [AC] (on-line)
Jan 22 05:15:28 laptop kernel: ACPI: Battery Slot [BAT0] (battery present)
Jan 22 05:15:28 laptop kernel: ACPI: Battery Slot [BAT1] (battery absent)
Jan 22 05:15:28 laptop kernel: input: Lid Switch as /devices/virtual/input/input0
Jan 22 05:15:28 laptop kernel: ACPI: Lid Switch [LID]
Jan 22 05:15:28 laptop kernel: input: Power Button (CM) as /devices/virtual/input/input1
Jan 22 05:15:28 laptop kernel: ACPI: Power Button (CM) [PBTN]
Jan 22 05:15:28 laptop kernel: input: Sleep Button (CM) as /devices/virtual/input/input2
Jan 22 05:15:28 laptop kernel: ACPI: Sleep Button (CM) [SBTN]
Jan 22 05:15:28 laptop kernel: ACPI: CPU0 (power states: C1[C1] C2[C2] C3[C3])
Jan 22 05:15:28 laptop kernel: ACPI: Thermal Zone [THM] (45 C)
Jan 22 05:15:28 laptop kernel: isapnp: Scanning for PnP cards...
Jan 22 05:15:28 laptop kernel: Switched to NOHz mode on CPU #0
Jan 22 05:15:28 laptop kernel: isapnp: No Plug & Play device found
Jan 22 05:15:28 laptop kernel: Real Time Clock Driver v1.12ac
Jan 22 05:15:28 laptop kernel: Linux agpgart interface v0.102
Jan 22 05:15:28 laptop kernel: agpgart: Detected an Intel 830M Chipset.
Jan 22 05:15:28 laptop kernel: agpgart: AGP aperture is 256M @ 0xd0000000
Jan 22 05:15:28 laptop kernel: [drm] Initialized drm 1.1.0 20060810
Jan 22 05:15:28 laptop kernel: Serial: 8250/16550 driver $Revision: 1.90 $ 4 ports, IRQ sharing disabled
Jan 22 05:15:28 laptop kernel: serial8250: ttyS0 at I/O 0x3f8 (irq = 4) is a 16550A
Jan 22 05:15:28 laptop kernel: serial8250: ttyS1 at I/O 0x2f8 (irq = 3) is a 16550A
Jan 22 05:15:28 laptop kernel: 00:0d: ttyS0 at I/O 0x3f8 (irq = 4) is a 16550A
Jan 22 05:15:28 laptop kernel: ACPI: PCI Interrupt 0000:00:1f.6[B] -> Link [LNKB] -> GSI 5 (level, low) -> IRQ 5
Jan 22 05:15:28 laptop kernel: ACPI: PCI interrupt for device 0000:00:1f.6 disabled
Jan 22 05:15:28 laptop kernel: Uniform Multi-Platform E-IDE driver Revision: 7.00alpha2
Jan 22 05:15:28 laptop kernel: ide: Assuming 33MHz system bus speed for PIO modes; override with idebus=xx
Jan 22 05:15:28 laptop kernel: ICH3M: IDE controller (0x8086:0x248a rev 0x02) at  PCI slot 0000:00:1f.1
Jan 22 05:15:28 laptop kernel: PCI: Enabling device 0000:00:1f.1 (0005 -> 0007)
Jan 22 05:15:28 laptop kernel: ACPI: PCI Interrupt 0000:00:1f.1[A] -> Link [LNKA] -> GSI 11 (level, low) -> IRQ 11
Jan 22 05:15:28 laptop kernel: ICH3M: not 100%% native mode: will probe irqs later
Jan 22 05:15:28 laptop kernel:     ide0: BM-DMA at 0xbfa0-0xbfa7, BIOS settings: hda:DMA, hdb:pio
Jan 22 05:15:28 laptop kernel:     ide1: BM-DMA at 0xbfa8-0xbfaf, BIOS settings: hdc:DMA, hdd:pio
Jan 22 05:15:28 laptop kernel: Probing IDE interface ide0...
Jan 22 05:15:28 laptop kernel: Marking TSC unstable due to: possible TSC halt in C2.
Jan 22 05:15:28 laptop kernel: Time: acpi_pm clocksource has been installed.
Jan 22 05:15:28 laptop kernel: Clocksource tsc unstable (delta = -466937561 ns)
Jan 22 05:15:28 laptop kernel: hda: HTS424040M9AT00, ATA DISK drive
Jan 22 05:15:28 laptop kernel: hda: host max PIO4 wanted PIO255(auto-tune) selected PIO4
Jan 22 05:15:28 laptop kernel: hda: UDMA/100 mode selected
Jan 22 05:15:28 laptop kernel: ide0 at 0x1f0-0x1f7,0x3f6 on irq 14
Jan 22 05:15:28 laptop kernel: Probing IDE interface ide1...
Jan 22 05:15:28 laptop kernel: hdc: TEAC CD-ROM CD-224E, ATAPI CD/DVD-ROM drive
Jan 22 05:15:28 laptop kernel: hdc: host max PIO4 wanted PIO255(auto-tune) selected PIO4
Jan 22 05:15:28 laptop kernel: hdc: UDMA/33 mode selected
Jan 22 05:15:28 laptop kernel: ide1 at 0x170-0x177,0x376 on irq 15
Jan 22 05:15:28 laptop kernel: hda: max request size: 512KiB
Jan 22 05:15:28 laptop kernel: hda: 78140160 sectors (40007 MB) w/1739KiB Cache, CHS=16383/255/63
Jan 22 05:15:28 laptop kernel: hda: cache flushes supported
Jan 22 05:15:28 laptop kernel:  hda: hda1 hda2 hda3 hda4 < hda5 >
Jan 22 05:15:28 laptop kernel: hdc: ATAPI 24X CD-ROM drive, 128kB Cache
Jan 22 05:15:28 laptop kernel: Uniform CD-ROM driver Revision: 3.20
Jan 22 05:15:28 laptop kernel: Driver 'sd' needs updating - please use bus_type methods
Jan 22 05:15:28 laptop kernel: PNP: PS/2 Controller [PNP0303:KBC,PNP0f13:PS2M] at 0x60,0x64 irq 1,12
Jan 22 05:15:28 laptop kernel: serio: i8042 KBD port at 0x60,0x64 irq 1
Jan 22 05:15:28 laptop kernel: serio: i8042 AUX port at 0x60,0x64 irq 12
Jan 22 05:15:28 laptop kernel: mice: PS/2 mouse device common for all mice
Jan 22 05:15:28 laptop kernel: input: AT Translated Set 2 keyboard as /devices/platform/i8042/serio0/input/input3
Jan 22 05:15:28 laptop kernel: input: PC Speaker as /devices/platform/pcspkr/input/input4
Jan 22 05:15:28 laptop kernel: Synaptics Touchpad, model: 1, fw: 5.7, id: 0x9b48b1, caps: 0x804793/0x0
Jan 22 05:15:28 laptop kernel: serio: Synaptics pass-through port at isa0060/serio1/input0
Jan 22 05:15:28 laptop kernel: input: SynPS/2 Synaptics TouchPad as /devices/platform/i8042/serio1/input/input5
Jan 22 05:15:28 laptop kernel: Advanced Linux Sound Architecture Driver Version 1.0.15 (Tue Nov 20 19:16:42 2007 UTC).
Jan 22 05:15:28 laptop kernel: ACPI: PCI Interrupt 0000:00:1f.5[B] -> Link [LNKB] -> GSI 5 (level, low) -> IRQ 5
Jan 22 05:15:28 laptop kernel: PCI: Setting latency timer of device 0000:00:1f.5 to 64
Jan 22 05:15:28 laptop kernel: intel8x0_measure_ac97_clock: measured 55417 usecs
Jan 22 05:15:28 laptop kernel: intel8x0: clocking to 48000
Jan 22 05:15:28 laptop kernel: ALSA device list:
Jan 22 05:15:28 laptop kernel:   #0: Intel 82801CA-ICH3 with CS4205 at irq 5
Jan 22 05:15:28 laptop kernel: TCP cubic registered
Jan 22 05:15:28 laptop kernel: NET: Registered protocol family 1
Jan 22 05:15:28 laptop kernel: NET: Registered protocol family 15
Jan 22 05:15:28 laptop kernel: Using IPI Shortcut mode
Jan 22 05:15:28 laptop kernel: IBM TrackPoint firmware: 0x0b, buttons: 2/3
Jan 22 05:15:28 laptop kernel: input: TPPS/2 IBM TrackPoint as /devices/platform/i8042/serio1/serio2/input/input6
Jan 22 05:15:28 laptop kernel: kjournald starting.  Commit interval 5 seconds
Jan 22 05:15:28 laptop kernel: EXT3-fs: mounted filesystem with ordered data mode.
Jan 22 05:15:28 laptop kernel: VFS: Mounted root (ext3 filesystem) readonly.
Jan 22 05:15:28 laptop kernel: Freeing unused kernel memory: 160k freed
Jan 22 05:15:28 laptop kernel: EXT3 FS on hda2, internal journal
Jan 22 05:15:28 laptop kernel: NET: Registered protocol family 23
Jan 22 05:15:28 laptop kernel: found SMC SuperIO Chip (devid=0x0e rev=01 base=0x002e): LPC47N252
Jan 22 05:15:28 laptop kernel: smsc_ircc_present: can't get sir_base of 0x2f8
Jan 22 05:15:28 laptop kernel: usbcore: registered new interface driver usbfs
Jan 22 05:15:28 laptop kernel: usbcore: registered new interface driver hub
Jan 22 05:15:28 laptop kernel: usbcore: registered new device driver usb
Jan 22 05:15:28 laptop kernel: USB Universal Host Controller Interface driver v3.0
Jan 22 05:15:28 laptop kernel: ACPI: PCI Interrupt 0000:00:1d.0[A] -> Link [LNKA] -> GSI 11 (level, low) -> IRQ 11
Jan 22 05:15:28 laptop kernel: PCI: Setting latency timer of device 0000:00:1d.0 to 64
Jan 22 05:15:28 laptop kernel: uhci_hcd 0000:00:1d.0: UHCI Host Controller
Jan 22 05:15:28 laptop kernel: uhci_hcd 0000:00:1d.0: new USB bus registered, assigned bus number 1
Jan 22 05:15:28 laptop kernel: uhci_hcd 0000:00:1d.0: irq 11, io base 0x0000bf80
Jan 22 05:15:28 laptop kernel: usb usb1: configuration #1 chosen from 1 choice
Jan 22 05:15:28 laptop kernel: hub 1-0:1.0: USB hub found
Jan 22 05:15:28 laptop kernel: hub 1-0:1.0: 2 ports detected
Jan 22 05:15:28 laptop kernel: parport_pc 00:0f: reported by Plug and Play ACPI
Jan 22 05:15:28 laptop kernel: parport0: PC-style at 0x378 (0x778), irq 7, dma 1 [PCSPP,TRISTATE,COMPAT,ECP,DMA]
Jan 22 05:15:28 laptop kernel: Yenta: CardBus bridge found at 0000:02:01.0 [1028:00e3]
Jan 22 05:15:28 laptop kernel: Yenta: Using CSCINT to route CSC interrupts to PCI
Jan 22 05:15:28 laptop kernel: Yenta: Routing CardBus interrupts to PCI
Jan 22 05:15:28 laptop kernel: Yenta TI: socket 0000:02:01.0, mfunc 0x01261222, devctl 0x64
Jan 22 05:15:28 laptop kernel: Yenta: ISA IRQ mask 0x0418, PCI irq 11
Jan 22 05:15:28 laptop kernel: Socket status: 30000006
Jan 22 05:15:28 laptop kernel: pcmcia: parent PCI bridge I/O window: 0xe000 - 0xffff
Jan 22 05:15:28 laptop kernel: cs: IO port probe 0xe000-0xffff: clean.
Jan 22 05:15:28 laptop kernel: pcmcia: parent PCI bridge Memory window: 0xf4000000 - 0xfbffffff
Jan 22 05:15:29 laptop kernel: Yenta: CardBus bridge found at 0000:02:01.1 [1028:00e3]
Jan 22 05:15:29 laptop kernel: Yenta: Using CSCINT to route CSC interrupts to PCI
Jan 22 05:15:29 laptop kernel: Yenta: Routing CardBus interrupts to PCI
Jan 22 05:15:29 laptop kernel: Yenta TI: socket 0000:02:01.1, mfunc 0x01261222, devctl 0x64
Jan 22 05:15:29 laptop kernel: usb 1-1: new full speed USB device using uhci_hcd and address 2
Jan 22 05:15:29 laptop kernel: usb 1-1: configuration #1 chosen from 1 choice
Jan 22 05:15:29 laptop kernel: hub 1-1:1.0: USB hub found
Jan 22 05:15:29 laptop kernel: hub 1-1:1.0: 4 ports detected
Jan 22 05:15:29 laptop kernel: Yenta: ISA IRQ mask 0x0418, PCI irq 11
Jan 22 05:15:29 laptop kernel: Socket status: 30000020
Jan 22 05:15:29 laptop kernel: pcmcia: parent PCI bridge I/O window: 0xe000 - 0xffff
Jan 22 05:15:29 laptop kernel: cs: IO port probe 0xe000-0xffff: clean.
Jan 22 05:15:29 laptop kernel: pcmcia: parent PCI bridge Memory window: 0xf4000000 - 0xfbffffff
Jan 22 05:15:29 laptop kernel: ACPI: PCI Interrupt 0000:02:00.0[A] -> Link [LNKC] -> GSI 11 (level, low) -> IRQ 11
Jan 22 05:15:29 laptop kernel: 3c59x: Donald Becker and others.
Jan 22 05:15:29 laptop kernel: 0000:02:00.0: 3Com PCI 3c905C Tornado at e085cc00.
Jan 22 05:15:29 laptop kernel: usb 1-1.3: new low speed USB device using uhci_hcd and address 3
Jan 22 05:15:29 laptop kernel: usb 1-1.3: configuration #1 chosen from 1 choice
Jan 22 05:15:29 laptop kernel: input: Logitech Optical USB Mouse as /devices/pci0000:00/0000:00:1d.0/usb1/1-1/1-1.3/1-1.3:1.0/input/input7
Jan 22 05:15:29 laptop kernel: input: USB HID v1.10 Mouse [Logitech Optical USB Mouse] on usb-0000:00:1d.0-1.3
Jan 22 05:15:29 laptop kernel: usbcore: registered new interface driver usbhid
Jan 22 05:15:29 laptop kernel: drivers/hid/usbhid/hid-core.c: v2.6:USB HID core driver
Jan 22 05:15:29 laptop kernel: pccard: CardBus card inserted into slot 1
Jan 22 05:15:29 laptop kernel: cs: IO port probe 0xc00-0xcff: clean.
Jan 22 05:15:29 laptop kernel: cs: IO port probe 0x800-0x8ff: clean.
Jan 22 05:15:29 laptop kernel: cs: IO port probe 0x100-0x4ff: excluding 0x280-0x287
Jan 22 05:15:29 laptop kernel: cs: IO port probe 0xa00-0xaff: clean.
Jan 22 05:15:29 laptop kernel: cs: IO port probe 0xc00-0xcff: clean.
Jan 22 05:15:29 laptop kernel: cs: IO port probe 0x800-0x8ff: clean.
Jan 22 05:15:29 laptop kernel: cs: IO port probe 0x100-0x4ff: excluding 0x280-0x287
Jan 22 05:15:29 laptop kernel: cs: IO port probe 0xa00-0xaff: clean.
Jan 22 05:15:29 laptop kernel: PCI: Enabling device 0000:07:00.0 (0000 -> 0002)
Jan 22 05:15:29 laptop kernel: ACPI: PCI Interrupt 0000:07:00.0[A] -> Link [LNKD] -> GSI 11 (level, low) -> IRQ 11
Jan 22 05:15:29 laptop kernel: PCI: Setting latency timer of device 0000:07:00.0 to 64
Jan 22 05:15:29 laptop kernel: phy0 -> rt61pci_validate_eeprom: EEPROM recovery - NIC: 0xff80
Jan 22 05:15:29 laptop kernel: phy0 -> rt61pci_validate_eeprom: EEPROM recovery - Led: 0xe0ff
Jan 22 05:15:29 laptop kernel: phy0 -> rt2x00_set_chip: Info - Chipset detected - rt: 0301, rf: 0003, rev: 0002561c.
Jan 22 05:15:29 laptop kernel: phy0: Selected rate control algorithm 'simple'
Jan 22 05:15:29 laptop kernel: phy0 -> rt2x00lib_request_firmware: Info - Loading firmware file 'rt2561s.bin'.
Jan 22 05:15:29 laptop kernel: phy0 -> rt2x00lib_request_firmware: Info - Firmware detected - version: 0.8.
Jan 22 05:15:29 laptop kernel: phy0 -> rt61pci_init_bbp: Debug - Start initialization from EEPROM...
Jan 22 05:15:29 laptop kernel: phy0 -> rt61pci_init_bbp: Debug - ...End initialization from EEPROM.
Jan 22 05:15:29 laptop kernel: phy0 -> rt2x00mac_conf_tx: Info - Configured TX ring 0 - CWmin: 4, CWmax: 10, Aifs: 2.
Jan 22 05:15:29 laptop kernel: phy0 -> rt2x00mac_conf_tx: Info - Configured TX ring 1 - CWmin: 4, CWmax: 10, Aifs: 2.
Jan 22 05:15:29 laptop kernel: phy0 -> rt2x00mac_conf_tx: Info - Configured TX ring 2 - CWmin: 4, CWmax: 10, Aifs: 2.
Jan 22 05:15:29 laptop kernel: phy0 -> rt2x00mac_conf_tx: Info - Configured TX ring 3 - CWmin: 4, CWmax: 10, Aifs: 2.
Jan 22 05:15:29 laptop kernel: phy0 -> rt2x00mac_conf_tx: Info - Configured TX ring 4 - CWmin: 4, CWmax: 10, Aifs: 2.
Jan 22 05:15:29 laptop kernel: Adding 979956k swap on /dev/hda3.  Priority:-1 extents:1 across:979956k
Jan 22 05:15:29 laptop kernel: wlan0: Initial auth_alg=0
Jan 22 05:15:29 laptop kernel: wlan0: authenticate with AP XX:XX:XX:XX:XX:XX
Jan 22 05:15:29 laptop kernel: wlan0: RX authentication from XX:XX:XX:XX:XX:XX (alg=0 transaction=2 status=0)
Jan 22 05:15:29 laptop kernel: wlan0: authenticated
Jan 22 05:15:29 laptop kernel: wlan0: associate with AP XX:XX:XX:XX:XX:XX
Jan 22 05:15:29 laptop kernel: wlan0: RX AssocResp from XX:XX:XX:XX:XX:XX (capab=0x1 status=0 aid=1)
Jan 22 05:15:29 laptop kernel: wlan0: associated
Jan 22 05:15:29 laptop kernel: ip_tables: (C) 2000-2006 Netfilter Core Team
Jan 22 05:15:29 laptop kernel: nf_conntrack version 0.5.0 (8192 buckets, 32768 max)
Jan 22 05:15:29 laptop kernel: NET: Unregistered protocol family 23
Jan 22 05:15:29 laptop kernel: parport_pc 00:0f: disabled
Jan 22 05:15:29 laptop kernel: ACPI: PCI interrupt for device 0000:02:00.0 disabled
Jan 22 05:15:29 laptop kernel: ACPI: PCI Interrupt 0000:01:00.0[A] -> Link [LNKA] -> GSI 11 (level, low) -> IRQ 11
Jan 22 05:15:29 laptop kernel: [drm] Initialized radeon 1.28.0 20060524 on minor 0
Jan 22 05:15:29 laptop kernel: agpgart: Found an AGP 2.0 compliant device at 0000:00:00.0.
Jan 22 05:15:29 laptop kernel: agpgart: Putting AGP V2 device at 0000:00:00.0 into 2x mode
Jan 22 05:15:29 laptop kernel: agpgart: Putting AGP V2 device at 0000:01:00.0 into 2x mode
Jan 22 05:15:29 laptop kernel: [drm] Setting GART location based on old memory map
Jan 22 05:15:29 laptop kernel: [drm] writeback test succeeded in 1 usecs
Jan 22 05:20:57 laptop syslogd 1.4.1: restart.
00:00.0 Host bridge: Intel Corporation 82830 830 Chipset Host Bridge (rev 04)
	Control: I/O- Mem+ BusMaster+ SpecCycle- MemWINV- VGASnoop- ParErr- Stepping- SERR+ FastB2B-
	Status: Cap+ 66MHz- UDF- FastB2B- ParErr- DEVSEL=fast >TAbort- <TAbort- <MAbort+ >SERR- <PERR-
	Latency: 0
	Region 0: Memory at d0000000 (32-bit, prefetchable) [size=256M]
	Capabilities: [40] Vendor Specific Information
	Capabilities: [a0] AGP version 2.0
		Status: RQ=32 Iso- ArqSz=0 Cal=0 SBA+ ITACoh- GART64- HTrans- 64bit- FW+ AGP3- Rate=x1,x2,x4
		Command: RQ=1 ArqSz=0 Cal=0 SBA+ AGP+ GART64- 64bit- FW- Rate=x2
00:01.0 PCI bridge: Intel Corporation 82830 830 Chipset AGP Bridge (rev 04) (prog-if 00 [Normal decode])
	Control: I/O+ Mem+ BusMaster+ SpecCycle- MemWINV- VGASnoop- ParErr- Stepping- SERR+ FastB2B-
	Status: Cap- 66MHz+ UDF- FastB2B- ParErr- DEVSEL=fast >TAbort- <TAbort- <MAbort- >SERR- <PERR-
	Latency: 32
	Bus: primary=00, secondary=01, subordinate=01, sec-latency=32
	I/O behind bridge: 0000c000-0000cfff
	Memory behind bridge: fc000000-fdffffff
	Prefetchable memory behind bridge: e0000000-e7ffffff
	Secondary status: 66MHz+ FastB2B+ ParErr- DEVSEL=medium >TAbort- <TAbort- <MAbort+ <SERR- <PERR-
	BridgeCtl: Parity- SERR- NoISA+ VGA+ MAbort- >Reset- FastB2B-
00:1d.0 USB Controller: Intel Corporation 82801CA/CAM USB Controller #1 (rev 02) (prog-if 00 [UHCI])
	Subsystem: Intel Corporation Latitude C640
	Control: I/O+ Mem- BusMaster+ SpecCycle- MemWINV- VGASnoop- ParErr- Stepping- SERR- FastB2B-
	Status: Cap- 66MHz- UDF- FastB2B+ ParErr- DEVSEL=medium >TAbort- <TAbort- <MAbort- >SERR- <PERR-
	Latency: 0
	Interrupt: pin A routed to IRQ 11
	Region 4: I/O ports at bf80 [size=32]
00:1e.0 PCI bridge: Intel Corporation 82801 Mobile PCI Bridge (rev 42) (prog-if 00 [Normal decode])
	Control: I/O+ Mem+ BusMaster+ SpecCycle- MemWINV- VGASnoop- ParErr- Stepping- SERR+ FastB2B-
	Status: Cap- 66MHz- UDF- FastB2B+ ParErr- DEVSEL=fast >TAbort- <TAbort- <MAbort- >SERR- <PERR-
	Latency: 0
	Bus: primary=00, secondary=02, subordinate=10, sec-latency=32
	I/O behind bridge: 0000e000-0000ffff
	Memory behind bridge: f4000000-fbffffff
	Secondary status: 66MHz- FastB2B+ ParErr- DEVSEL=medium >TAbort- <TAbort- <MAbort+ <SERR- <PERR-
	BridgeCtl: Parity- SERR+ NoISA+ VGA- MAbort- >Reset- FastB2B-
00:1f.0 ISA bridge: Intel Corporation 82801CAM ISA Bridge (LPC) (rev 02)
	Control: I/O+ Mem+ BusMaster+ SpecCycle+ MemWINV- VGASnoop- ParErr- Stepping- SERR+ FastB2B-
	Status: Cap- 66MHz- UDF- FastB2B+ ParErr- DEVSEL=medium >TAbort- <TAbort- <MAbort- >SERR- <PERR-
	Latency: 0
00:1f.1 IDE interface: Intel Corporation 82801CAM IDE U100 Controller (rev 02) (prog-if 8a [Master SecP PriP])
	Subsystem: Intel Corporation Latitude C640
	Control: I/O+ Mem+ BusMaster+ SpecCycle- MemWINV- VGASnoop- ParErr- Stepping- SERR- FastB2B-
	Status: Cap- 66MHz- UDF- FastB2B+ ParErr- DEVSEL=medium >TAbort- <TAbort- <MAbort- >SERR- <PERR-
	Latency: 0
	Interrupt: pin A routed to IRQ 11
	Region 0: I/O ports at 01f0 [size=8]
	Region 1: I/O ports at 03f4 [size=1]
	Region 2: I/O ports at 0170 [size=8]
	Region 3: I/O ports at 0374 [size=1]
	Region 4: I/O ports at bfa0 [size=16]
	Region 5: Memory at 30000000 (32-bit, non-prefetchable) [size=1K]
00:1f.5 Multimedia audio controller: Intel Corporation 82801CA/CAM AC'97 Audio Controller (rev 02)
	Subsystem: Cirrus Logic Crystal WMD Audio Codec
	Control: I/O+ Mem- BusMaster+ SpecCycle- MemWINV- VGASnoop- ParErr- Stepping- SERR- FastB2B-
	Status: Cap- 66MHz- UDF- FastB2B+ ParErr- DEVSEL=medium >TAbort- <TAbort- <MAbort- >SERR- <PERR-
	Latency: 0
	Interrupt: pin B routed to IRQ 5
	Region 0: I/O ports at d800 [size=256]
	Region 1: I/O ports at dc80 [size=64]
00:1f.6 Modem: Intel Corporation 82801CA/CAM AC'97 Modem Controller (rev 02) (prog-if 00 [Generic])
	Subsystem: PCTel Inc Dell Inspiron 2100 internal modem
	Control: I/O+ Mem- BusMaster- SpecCycle- MemWINV- VGASnoop- ParErr- Stepping- SERR- FastB2B-
	Status: Cap- 66MHz- UDF- FastB2B+ ParErr- DEVSEL=medium >TAbort- <TAbort- <MAbort- >SERR- <PERR-
	Interrupt: pin B routed to IRQ 5
	Region 0: I/O ports at d400 [size=256]
	Region 1: I/O ports at dc00 [size=128]
01:00.0 VGA compatible controller: ATI Technologies Inc Radeon Mobility M6 LY (prog-if 00 [VGA])
	Subsystem: Dell Unknown device 00e3
	Control: I/O+ Mem+ BusMaster+ SpecCycle- MemWINV- VGASnoop+ ParErr- Stepping+ SERR+ FastB2B-
	Status: Cap+ 66MHz+ UDF- FastB2B+ ParErr- DEVSEL=medium >TAbort- <TAbort- <MAbort- >SERR- <PERR-
	Latency: 32 (2000ns min), Cache Line Size: 32 bytes
	Interrupt: pin A routed to IRQ 11
	Region 0: Memory at e0000000 (32-bit, prefetchable) [size=128M]
	Region 1: I/O ports at c000 [size=256]
	Region 2: Memory at fcff0000 (32-bit, non-prefetchable) [size=64K]
	[virtual] Expansion ROM at fc000000 [disabled] [size=128K]
	Capabilities: [58] AGP version 2.0
		Status: RQ=48 Iso- ArqSz=0 Cal=0 SBA+ ITACoh- GART64- HTrans- 64bit- FW- AGP3- Rate=x1,x2,x4
		Command: RQ=32 ArqSz=0 Cal=0 SBA+ AGP+ GART64- 64bit- FW- Rate=x2
	Capabilities: [50] Power Management version 2
		Flags: PMEClk- DSI- D1+ D2+ AuxCurrent=0mA PME(D0-,D1-,D2-,D3hot-,D3cold-)
		Status: D0 PME-Enable- DSel=0 DScale=0 PME-
02:00.0 Ethernet controller: 3Com Corporation 3c905C-TX/TX-M [Tornado] (rev 78)
	Subsystem: Dell Unknown device 00e3
	Control: I/O+ Mem+ BusMaster- SpecCycle- MemWINV+ VGASnoop- ParErr- Stepping- SERR+ FastB2B-
	Status: Cap+ 66MHz- UDF- FastB2B- ParErr- DEVSEL=medium >TAbort- <TAbort- <MAbort- >SERR- <PERR-
	Interrupt: pin A routed to IRQ 11
	Region 0: I/O ports at ec80 [size=128]
	Region 1: Memory at f8fffc00 (32-bit, non-prefetchable) [size=128]
	Expansion ROM at f8000000 [disabled] [size=128K]
	Capabilities: [dc] Power Management version 2
		Flags: PMEClk- DSI- D1+ D2+ AuxCurrent=0mA PME(D0+,D1+,D2+,D3hot+,D3cold+)
		Status: D0 PME-Enable- DSel=0 DScale=2 PME-
02:01.0 CardBus bridge: Texas Instruments PCI1420 PC card Cardbus Controller
	Subsystem: Dell Unknown device 00e3
	Control: I/O+ Mem+ BusMaster+ SpecCycle- MemWINV- VGASnoop- ParErr- Stepping- SERR- FastB2B-
	Status: Cap+ 66MHz- UDF- FastB2B- ParErr- DEVSEL=medium >TAbort- <TAbort- <MAbort- >SERR- <PERR-
	Latency: 168, Cache Line Size: 32 bytes
	Interrupt: pin A routed to IRQ 11
	Region 0: Memory at f8020000 (32-bit, non-prefetchable) [size=4K]
	Bus: primary=02, secondary=03, subordinate=06, sec-latency=176
	Memory window 0: f4000000-f7fff000 (prefetchable)
	Memory window 1: 34000000-37fff000
	I/O window 0: 0000e000-0000e0ff
	I/O window 1: 0000e400-0000e4ff
	BridgeCtl: Parity- SERR- ISA- VGA- MAbort- >Reset+ 16bInt+ PostWrite+
	16-bit legacy interface ports at 0001
02:01.1 CardBus bridge: Texas Instruments PCI1420 PC card Cardbus Controller
	Subsystem: Dell Unknown device 00e3
	Control: I/O+ Mem+ BusMaster+ SpecCycle- MemWINV- VGASnoop- ParErr- Stepping- SERR- FastB2B-
	Status: Cap+ 66MHz- UDF- FastB2B- ParErr- DEVSEL=medium >TAbort- <TAbort- <MAbort- >SERR- <PERR-
	Latency: 168, Cache Line Size: 32 bytes
	Interrupt: pin A routed to IRQ 11
	Region 0: Memory at f8021000 (32-bit, non-prefetchable) [size=4K]
	Bus: primary=02, secondary=07, subordinate=0a, sec-latency=176
	Memory window 0: 38000000-3bfff000 (prefetchable)
	Memory window 1: 3c000000-3ffff000
	I/O window 0: 0000e800-0000e8ff
	I/O window 1: 00001000-000010ff
	BridgeCtl: Parity- SERR- ISA- VGA- MAbort- >Reset- 16bInt- PostWrite+
	16-bit legacy interface ports at 0001
07:00.0 Network controller: RaLink RT2561/RT61 802.11g PCI
	Subsystem: Belkin Unknown device 701e
	Control: I/O- Mem+ BusMaster+ SpecCycle- MemWINV+ VGASnoop- ParErr- Stepping- SERR- FastB2B-
	Status: Cap+ 66MHz- UDF- FastB2B- ParErr- DEVSEL=slow >TAbort- <TAbort- <MAbort- >SERR- <PERR-
	Latency: 64, Cache Line Size: 32 bytes
	Interrupt: pin A routed to IRQ 11
	Region 0: Memory at 3c000000 (32-bit, non-prefetchable) [size=32K]
	Capabilities: [40] Power Management version 2
		Flags: PMEClk- DSI- D1- D2- AuxCurrent=0mA PME(D0-,D1-,D2-,D3hot-,D3cold-)
		Status: D0 PME-Enable- DSel=0 DScale=0 PME-