Date: 09 Jan 2001 09:14:10 -0500
From: Doug McNaught <>
Subject: Re: [PATCH] cramfs is ro only, so honour this in inode->mode
Sender: linux-kernel-owner@vger.kernel.org
Precedence: bulk
List-ID: <linux-kernel.vger.kernel.org>
X-Mailing-List: linux-kernel@vger.kernel.org
X-Lkml-Link: https://lkml.org/lkml/2001/1/9/318

"Albert D. Cahalan" <acahalan@cs.uml.edu> writes:
> Shane Nay writes:
> 
> > but the bits are useless in the "normal interpretation" of it,
> ...
> > But then you pull out the write bits,
> 
> If you need to steal a bit, grab one that won't hurt.
> Take the owner's read bit. (owner may read own files)
Er,
bash-2.03$ cd /tmp
bash-2.03$ cat >foo
This is a test.
bash-2.03$ chmod u-r foo
bash-2.03$ cat foo
cat: foo: Permission denied
bash-2.03$ ls -l foo
--w-r--r--    1 doug     doug           16 Jan  9 09:16 foo
bash-2.03$ 
This is Linux 2.4.0.
-Doug
-
To unsubscribe from this list: send the line "unsubscribe linux-kernel" in
the body of a message to majordomo@vger.kernel.org
Please read the FAQ at 
http://www.tux.org/lkml/