Date: Fri, 15 Dec 2000 15:31:49 +0100 (CET)
From: Patrizio Bruno <>
Subject: Re: system freeze on 2.4.0-test10 or greater
Sender: linux-kernel-owner@vger.kernel.org
Precedence: bulk
List-ID: <linux-kernel.vger.kernel.org>
X-Mailing-List: linux-kernel@vger.kernel.org
X-Lkml-Link: https://lkml.org/lkml/2000/12/15/18

> My machine randomly freeze, apparently without a reason and i cannot
> reproduce the problem.
> 
> P.
In my previous mail I forgot my machine specs
---------------------------------------------------------
Patrizio Bruno
DADA spa / Ed-IT Development Staff
Borgo degli Albizi 37/r
50122 Firenze
Italy
tel +39 05520351
fax +39 0552478143
PGP PublicKey available at: 
http://www.keyserver.net/en/
---------------------------------------------------------
Linux version 2.4.0-test12 (root@dadafly) (gcc version 2.95.2 19991024 (release)) #23 Thu Dec 14 20:04:12 CET 2000
BIOS-provided physical RAM map:
 BIOS-e820: 000000000009fc00 @ 0000000000000000 (usable)
 BIOS-e820: 0000000000000400 @ 000000000009fc00 (reserved)
 BIOS-e820: 0000000000010000 @ 00000000000f0000 (reserved)
 BIOS-e820: 0000000000010000 @ 00000000ffff0000 (reserved)
 BIOS-e820: 000000000ff00000 @ 0000000000100000 (usable)
On node 0 totalpages: 65536
zone(0): 4096 pages.
zone(1): 61440 pages.
zone(2): 0 pages.
Kernel command line: BOOT_IMAGE=linuz ro root=303 ramdisk=0 devfs=mount
Initializing CPU#0
Detected 467.183 MHz processor.
Console: colour VGA+ 80x60
Calibrating delay loop... 930.61 BogoMIPS
Memory: 256092k/262144k available (881k kernel code, 5664k reserved, 52k data, 164k init, 0k highmem)
Dentry-cache hash table entries: 32768 (order: 6, 262144 bytes)
Buffer-cache hash table entries: 16384 (order: 4, 65536 bytes)
Page-cache hash table entries: 65536 (order: 6, 262144 bytes)
Inode-cache hash table entries: 16384 (order: 5, 131072 bytes)
CPU: Before vendor init, caps: 0183f9ff 00000000 00000000, vendor = 0
CPU: L1 I cache: 16K, L1 D cache: 16K
CPU: L2 cache: 128K
Intel machine check architecture supported.
Intel machine check reporting enabled on CPU#0.
CPU: After vendor init, caps: 0183f9ff 00000000 00000000 00000000
CPU: After generic, caps: 0183f9ff 00000000 00000000 00000000
CPU: Common caps: 0183f9ff 00000000 00000000 00000000
CPU: Intel Celeron (Mendocino) stepping 05
Checking 'hlt' instruction... OK.
POSIX conformance testing by UNIFIX
mtrr: v1.37 (20001109) Richard Gooch (rgooch@atnf.csiro.au)
mtrr: detected mtrr type: Intel
PCI: PCI BIOS revision 2.10 entry at 0xfb2c0, last bus=1
PCI: Using configuration type 1
PCI: Probing PCI hardware
PCI: Using IRQ router VIA [1106/0596] at 00:07.0
Activating ISA DMA hang workarounds.
Linux NET4.0 for Linux 2.4
Based upon Swansea University Computer Society NET3.039
Starting kswapd v1.8
pty: 256 Unix98 ptys configured
Uniform Multi-Platform E-IDE driver Revision: 6.31
ide: Assuming 33MHz system bus speed for PIO modes; override with idebus=xx
VP_IDE: IDE controller on PCI bus 00 dev 39
VP_IDE: chipset revision 6
VP_IDE: not 100% native mode: will probe irqs later
VP_IDE: VIA vt82c596a IDE UDMA33 controller on pci0:7.1
    ide0: BM-DMA at 0xd000-0xd007, BIOS settings: hda:DMA, hdb:pio
    ide1: BM-DMA at 0xd008-0xd00f, BIOS settings: hdc:DMA, hdd:pio
hda: ST38421A, ATA DISK drive
ide: Assuming 33MHz system bus speed for PIO modes; override with idebus=xx
hdc: Pioneer DVD-ROM ATAPIModel DVD-113 0113, ATAPI CDROM drive
ide0 at 0x1f0-0x1f7,0x3f6 on irq 14
ide1 at 0x170-0x177,0x376 on irq 15
hda: 16498944 sectors (8447 MB) w/256KiB Cache, CHS=1027/255/63, UDMA(33)
Partition check:
 /dev/ide/host0/bus0/target0/lun0: p1 < p5 > p2 p3 p4
KBDLOCK: initializing Keyboard locking
NET4: Linux TCP/IP 1.0 for NET4.0
IP Protocols: ICMP, UDP, TCP
IP: routing cache hash table of 2048 buckets, 16Kbytes
TCP: Hash tables configured (established 16384 bind 16384)
NET4: Unix domain sockets 1.0/SMP for Linux NET4.0.
devfs: v0.102 (20000622) Richard Gooch (rgooch@atnf.csiro.au)
devfs: boot_options: 0x0
VFS: Mounted root (ext2 filesystem) readonly.
Mounted devfs on /dev
Freeing unused kernel memory: 164k freed
Adding Swap: 130748k swap-space (priority -1)
au88xx: Loading...
PCI: Found IRQ 5 for device 00:0b.0
au88xx: Found vortex PCI device:
au88xx: id=0x0002
au88xx: bar0=0xef000000
au88xx: irq=5
au88xx: Add device, audio=3, mixer=0, midi=2
Serial driver version 5.02 (2000-08-09) with MANY_PORTS SHARE_IRQ SERIAL_PCI enabled
ttyS00 at 0x03f8 (irq = 4) is a 16550A
ttyS01 at 0x02f8 (irq = 3) is a 16550A
IA-32 Microcode Update Driver: v1.08 <tigran@veritas.com>
apm: BIOS version 1.2 Flags 0x07 (Driver version 1.14)
nbd: registered device at major 43
loop: enabling 8 loop devices
inserting floppy driver for 2.4.0-test12
Floppy drive(s): fd0 is 1.44M
FDC 0 is a post-1991 82077
usb.c: registered new driver usbdevfs
usb.c: registered new driver hub
usb-uhci.c: $Revision: 1.251 $ time 12:33:13 Dec 14 2000
usb-uhci.c: High bandwidth mode enabled
usb-uhci.c: USB UHCI at I/O 0xd400, IRQ 10
usb-uhci.c: Detected 2 ports
usb.c: new USB bus registered, assigned bus number 1
hub.c: USB hub found
hub.c: 2 ports detected
parport0: PC-style at 0x378 [PCSPP]
hdc: ATAPI DVD-ROM drive, 512kB Cache, UDMA(33)
Uniform CD-ROM driver Revision: 3.11
Linux agpgart interface v0.99 (c) Jeff Hartmann
agpgart: Maximum main memory to use for agp memory: 204M
agpgart: Detected Via Apollo Pro chipset
agpgart: AGP aperture is 128M @ 0xe0000000
[drm] AGP 0.99 on VIA Apollo Pro @ 0xe0000000 128MB
[drm] Initialized r128 1.0.0 20000928 on minor 63
Real Time Clock Driver v1.10d
3c59x.c:LK1.1.11 13 Nov 2000  Donald Becker and others. 
http://www.scyld.com/network/vortex.html
 $Revision: 1.102.2.46 $
See Documentation/networking/vortex.txt
eth0: 3Com PCI 3c905B Cyclone 100baseTx at 0xd800, PCI: Found IRQ 9 for device 00:0a.0
 00:50:04:46:f8:e0, IRQ 9
  8K byte-wide RAM 5:3 Rx:Tx split, autoselect/Autonegotiate interface.
  MII transceiver found at address 24, status 782d.
  Enabling bus-master transmits and whole-frame receives.
eth0: using NWAY autonegotiation
Module                  Size  Used by
ramfs                   2304   0  (unused)
3c59x                  22160   1 
rtc                     5248   0  (unused)
r128                   67696   0  (unused)
agpgart                12944   1 
ide-cd                 24880   0 
cdrom                  26816   0  [ide-cd]
parport_pc             13360   0  (unused)
parport                13600   0  [parport_pc]
usb-uhci               21744   0  (unused)
usbcore                46608   0  [usb-uhci]
floppy                 45360   0 
loop                    7552   0  (unused)
nbd                    15088   0  (unused)
ide-floppy              9504   0 
lockd                  48112   0  (unused)
sunrpc                 58272   0  [lockd]
apm                     8464   0  (unused)
cpuid                   1056   0  (unused)
microcode               3248   0  (unused)
msr                     1232   0  (unused)
serial                 41104   0  (unused)
au8830                140880   0 
/dev/ide/host0/bus0/target0/lun0/part3 on / type ext2 (rw)
/dev/ide/host0/bus0/target0/lun0/part4 on /usr type ext2 (rw)
none on /proc type proc (rw)
none on /dev/pts type devpts (rw)
Reading specs from /usr/local/lib/gcc-lib/i686-pc-linux-gnu/2.95.2/specs
gcc version 2.95.2 19991024 (release)
libc: glibc 2.1.3
processor	: 0
vendor_id	: GenuineIntel
cpu family	: 6
model		: 6
model name	: Celeron (Mendocino)
stepping	: 5
cpu MHz		: 467.183
cache size	: 128 KB
fdiv_bug	: no
hlt_bug		: no
f00f_bug	: no
coma_bug	: no
fpu		: yes
fpu_exception	: yes
cpuid level	: 2
wp		: yes
flags		: fpu vme de pse tsc msr pae mce cx8 sep mtrr pge mca cmov pat pse36 mmx fxsr
bogomips	: 930.61
        total:    used:    free:  shared: buffers:  cached:
Mem:  262406144 260169728  2236416        0  8880128 209403904
Swap: 133885952   139264 133746688
MemTotal:       256256 kB
MemFree:          2184 kB
MemShared:           0 kB
Buffers:          8672 kB
Cached:         204496 kB
Active:          35904 kB
Inact_dirty:    166080 kB
Inact_clean:     11184 kB
Inact_target:       24 kB
HighTotal:           0 kB
HighFree:            0 kB
LowTotal:       256256 kB
LowFree:          2184 kB
SwapTotal:      130748 kB
SwapFree:       130612 kB
XFREE 4.0.1
00:00.0 Host bridge: VIA Technologies, Inc. VT82C691 [Apollo PRO] (rev 06)
00:01.0 PCI bridge: VIA Technologies, Inc. VT82C598 [Apollo MVP3 AGP]
00:07.0 ISA bridge: VIA Technologies, Inc. VT82C596 ISA [Apollo PRO] (rev 07)
00:07.1 IDE interface: VIA Technologies, Inc. VT82C586 IDE [Apollo] (rev 06)
00:07.2 USB Controller: VIA Technologies, Inc. VT82C586B USB (rev 02)
00:07.3 Host bridge: VIA Technologies, Inc.: Unknown device 3050
00:0a.0 Ethernet controller: 3Com Corporation 3c905B 100BaseTX [Cyclone] (rev 64)
00:0b.0 Multimedia audio controller: Aureal Semiconductor Vortex 2 (rev fe)
01:00.0 VGA compatible controller: ATI Technologies Inc Rage 128 RF