Date: Sun, 26 Oct 2003 18:54:56 +0100
From: Simone Piunno <>
Subject: [Oops]: 2.6.0-test8 - sleeping function called from invalid context
Sender: linux-kernel-owner@vger.kernel.org
Precedence: bulk
List-ID: <linux-kernel.vger.kernel.org>
X-Mailing-List: linux-kernel@vger.kernel.org
X-Lkml-Link: https://lkml.org/lkml/2003/10/26/103

Linux version 2.6.0-test8 (pioppo@abulafia.casa) (gcc version 3.3.1 (Mandrake 
Linux 9.2 3.3.1-2mdk)) #1 Wed Oct 22 20:47:10 CEST 2003
Video mode to be used for restore is f00
BIOS-provided physical RAM map:
 BIOS-e820: 0000000000000000 - 00000000000a0000 (usable)
 BIOS-e820: 00000000000f0000 - 0000000000100000 (reserved)
 BIOS-e820: 0000000000100000 - 000000000bffc000 (usable)
 BIOS-e820: 000000000bffc000 - 000000000bfff000 (ACPI data)
 BIOS-e820: 000000000bfff000 - 000000000c000000 (ACPI NVS)
 BIOS-e820: 00000000ffff0000 - 0000000100000000 (reserved)
191MB LOWMEM available.
On node 0 totalpages: 49148
  DMA zone: 4096 pages, LIFO batch:1
  Normal zone: 45052 pages, LIFO batch:10
  HighMem zone: 0 pages, LIFO batch:1
DMI 2.0 present.
ACPI: RSDP (v000 ASUS                                      ) @ 0x000f7f20
ACPI: RSDT (v001 ASUS   P5A      0x00000000  0x00000000) @ 0x0bffc000
ACPI: FADT (v001 ASUS   P5A      0x00000000  0x00000000) @ 0x0bffc080
ACPI: BOOT (v001 ASUS   P5A      0x00000000  0x00000000) @ 0x0bffc040
ACPI: DSDT (v001   ASUS P5A      0x00001000 MSFT 0x01000001) @ 0x00000000
Building zonelist for node : 0
Kernel command line: auto BOOT_IMAGE=260test8 ro root=1606 devfs=mount 
acpi=force
Initializing CPU#0
PID hash table entries: 1024 (order 10: 8192 bytes)
Detected 350.840 MHz processor.
Console: colour VGA+ 80x25
Debug: sleeping function called from invalid context at 
include/asm/semaphore.h:119
in_atomic():1, irqs_disabled():1
Call Trace:
 [<c011a14b>] __might_sleep+0x8b/0xc0
 [<c011cbaa>] acquire_console_sem+0x2a/0x60
 [<c011ce50>] register_console+0xf0/0x1c0
 [<c035814d>] con_init+0x1ad/0x1e0
 [<c0105000>] rest_init+0x0/0x60
 [<c0357742>] console_init+0x22/0x40
 [<c0348662>] start_kernel+0xa2/0x140
 [<c0348480>] unknown_bootoption+0x0/0x100
Memory: 191128k/196592k available (1782k kernel code, 4824k reserved, 545k 
data, 368k init, 0k highmem)
Debug: sleeping function called from invalid context at mm/slab.c:1857
in_atomic():1, irqs_disabled():0
Call Trace:
 [<c011a14b>] __might_sleep+0x8b/0xc0
 [<c013c4e1>] kmem_cache_alloc+0x41/0x60
 [<c0105000>] rest_init+0x0/0x60
 [<c013b64c>] kmem_cache_create+0x4c/0x4c0
 [<c010aedc>] do_IRQ+0xfc/0x120
 [<c0105000>] rest_init+0x0/0x60
 [<c03519d5>] kmem_cache_init+0x1d5/0x260
 [<c0116513>] zap_low_mappings+0x13/0x40
 [<c0348675>] start_kernel+0xb5/0x140
Calibrating delay loop... 694.27 BogoMIPS
-- 
Adde parvum parvo magnus acervus erit -- Ovidio
-
To unsubscribe from this list: send the line "unsubscribe linux-kernel" in
the body of a message to majordomo@vger.kernel.org
More majordomo info at  
http://vger.kernel.org/majordomo-info.html
Please read the FAQ at  
http://www.tux.org/lkml/