Date: Sun, 7 Feb 1999 22:30:45 +0000 (UCT)
From: "" <>
Subject: scsi eata
Sender: linux-kernel-owner@vger.kernel.org
Precedence: bulk
List-ID: <linux-kernel.vger.kernel.org>
X-Mailing-List: linux-kernel@vger.kernel.org
X-Lkml-Link: https://lkml.org/lkml/1999/2/8/113

	Hi !
I have a DPT 2044 SCSI card. Until recently I used the
eata_dma driver, without any problem. In recent kernels, I found a
warning, that this driver is obsolate, so I begin to use the other 
available driver eata. 
	Generally it works fine, but it hangs my system if
1./ I use cdrecord
2./ 
$ scsiinfo -a /dev/sdb	(that's the scsi ZIP)
It does not give much info. It seems to me to me, the pids it gives
are too large to make any sense. I am not a SCSI expert anyway.
	So I returned to the eata_dma driver and everithig works fine.
I can write CD-s and print the features of my ZIP drive.
	Some weeks ago I reported this error, but incorrectly thought
this bug was in the kernel code. I was wrong. With the eata_dma driver
both 2.0.xx and 2.2.x works without a problem.
	The only problem with this driver is in Configure.help
"EATA-DMA [Obsolete] (DPT, NEC, AT&T, SNI, AST, Olivetti, Alphatronix)
support
CONFIG_SCSI_EATA_DMA"
	If you have some useful info, please mail me.
I am not on the list.
######################
Jan 27 17:08:12 cica kernel:  
Jan 27 17:08:12 cica kernel: ***********
Jan 27 17:08:12 cica kernel: klogd 1.3-3, log source = /proc/kmsg started.
Jan 27 17:08:12 cica kernel: Cannot find map file.
Jan 27 17:08:12 cica kernel: No module symbols loaded.
Jan 27 17:08:12 cica kernel: Linux version 2.2.0 (root@cica.matav.hu) (gcc version egcs-2.90.29 980515 (egcs-1.0.3 release)) #9 Tue Jan 26 20:26:25 UCT 1999 
Jan 27 17:08:12 cica kernel: Detected 200456816 Hz processor. 
Jan 27 17:08:12 cica kernel: Console: colour VGA+ 80x25 
Jan 27 17:08:12 cica kernel: Calibrating delay loop... 399.77 BogoMIPS 
Jan 27 17:08:12 cica kernel: Memory: 47412k/49152k available (636k kernel code, 412k reserved, 660k data, 32k init) 
Jan 27 17:08:12 cica kernel: CPU: Intel Pentium MMX stepping 03 
Jan 27 17:08:12 cica kernel: Checking 386/387 coupling... OK, FPU using exception 16 error reporting. 
Jan 27 17:08:12 cica kernel: Checking 'hlt' instruction... OK. 
Jan 27 17:08:12 cica kernel: Intel Pentium with F0 0F bug - workaround enabled. 
Jan 27 17:08:12 cica kernel: POSIX conformance testing by UNIFIX 
Jan 27 17:08:12 cica kernel: PCI: PCI BIOS revision 2.10 entry at 0xfb410 
Jan 27 17:08:12 cica kernel: PCI: Using configuration type 1 
Jan 27 17:08:12 cica kernel: PCI: Probing PCI hardware 
Jan 27 17:08:12 cica kernel: Linux NET4.0 for Linux 2.2 
Jan 27 17:08:12 cica kernel: Based upon Swansea University Computer Society NET3.039 
Jan 27 17:08:12 cica kernel: NET4: Unix domain sockets 1.0 for Linux NET4.0. 
Jan 27 17:08:12 cica kernel: NET4: Linux TCP/IP 1.0 for NET4.0 
Jan 27 17:08:12 cica kernel: IP Protocols: ICMP, UDP, TCP 
Jan 27 17:08:12 cica kernel: Initializing RT netlink socket 
Jan 27 17:08:12 cica kernel: Starting kswapd v 1.5  
Jan 27 17:08:12 cica kernel: Serial driver version 4.27 with no serial options enabled 
Jan 27 17:08:12 cica kernel: ttyS00 at 0x03f8 (irq = 4) is a 16550A 
Jan 27 17:08:12 cica kernel: ttyS01 at 0x02f8 (irq = 3) is a 16550A 
Jan 27 17:08:12 cica kernel: EATA/DMA 2.0x: Copyright (C) 1994-1998 Dario Ballabio. 
Jan 27 17:08:12 cica kernel: EATA config options -> tc:y, lc:y, mq:16, eh:y, rs:y, et:n. 
Jan 27 17:08:12 cica kernel: EATA0: 2.0C, PCI 0x6510, IRQ 10, BMST, SG 122, MB 64. 
Jan 27 17:08:12 cica kernel: EATA0: wide SCSI support enabled, max_id 16, max_lun 8. 
Jan 27 17:08:12 cica kernel: EATA0: SCSI channel 0 enabled, host target ID 7. 
Jan 27 17:08:12 cica kernel: scsi0 : EATA/DMA 2.0x rev. 4.33.00  
Jan 27 17:08:12 cica kernel: scsi : 1 host. 
Jan 27 17:08:12 cica kernel:   Vendor: IBM       Model: DCAS-34330W       Rev: S65A 
Jan 27 17:08:12 cica kernel:   Type:   Direct-Access                      ANSI SCSI revision: 02 
Jan 27 17:08:12 cica kernel: Detected scsi disk sda at scsi0, channel 0, id 4, lun 0 
Jan 27 17:08:12 cica kernel:   Vendor: IOMEGA    Model: ZIP 100           Rev: E.08 
Jan 27 17:08:12 cica kernel:   Type:   Direct-Access                      ANSI SCSI revision: 02 
Jan 27 17:08:12 cica kernel: Detected scsi removable disk sdb at scsi0, channel 0, id 5, lun 0 
Jan 27 17:08:12 cica kernel:   Vendor: MATSHITA  Model: CD-R   CW-7502    Rev: 4.10 
Jan 27 17:08:12 cica kernel:   Type:   CD-ROM                             ANSI SCSI revision: 02 
Jan 27 17:08:12 cica kernel: EATA0: scsi0, channel 0, id 4, lun 0, cmds/lun 16, sorted, tagged. 
Jan 27 17:08:12 cica kernel: EATA0: scsi0, channel 0, id 5, lun 0, cmds/lun 16, sorted. 
Jan 27 17:08:12 cica kernel: EATA0: scsi0, channel 0, id 6, lun 0, cmds/lun 16, sorted. 
Jan 27 17:08:12 cica kernel: scsi : detected 2 SCSI disks total. 
Jan 27 17:08:12 cica kernel: SCSI device sda: hdwr sector= 512 bytes. Sectors= 8466688 [4134 MB] [4.1 GB] 
Jan 27 17:08:12 cica kernel: SCSI device sdb: hdwr sector= 512 bytes. Sectors= 196608 [96 MB] [0.1 GB] 
Jan 27 17:08:12 cica kernel: sdb: Write Protect is off 
Jan 27 17:08:12 cica kernel: ne2k-pci.c:v0.99L 2/7/98 D. Becker/P. Gortmaker 
http://cesdis.gsfc.nasa.gov/linux/drivers/ne2k-pci.html
 
Jan 27 17:08:12 cica kernel: ne2k-pci.c: PCI NE2000 clone 'RealTek RTL-8029' at I/O 0x6600, IRQ 15. 
Jan 27 17:08:12 cica kernel: eth0: PCI NE2000 found at 0x6600, IRQ 15, 00:00:B4:56:38:00. 
Jan 27 17:08:12 cica kernel: Partition check: 
Jan 27 17:08:12 cica kernel:  sda: sda1 sda2 sda3 sda4 < sda5 sda6 sda7 sda8 sda9 sda10 sda11 sda12 > 
Jan 27 17:08:12 cica kernel:  sdb: unknown partition table 
Jan 27 17:08:12 cica kernel: VFS: Mounted root (ext2 filesystem) readonly. 
Jan 27 17:08:12 cica kernel: Freeing unused kernel memory: 32k freed 
Jan 27 17:08:12 cica kernel: Adding Swap: 83076k swap-space (priority -1) 
Jan 27 17:20:40 cica kernel: EATA0: reset, enter, target 0.6:0, pid 1969. 
Jan 27 17:23:56 cica kernel:  
Holluby Istvan Budapest
(holluby@mail.matav.hu)
-
To unsubscribe from this list: send the line "unsubscribe linux-kernel" in
the body of a message to majordomo@vger.rutgers.edu
Please read the FAQ at 
http://www.tux.org/lkml/