Date: Thu, 30 Mar 2000 09:59:24 +0200
From: Ha Quoc- Viet <>
Subject: Re: The 2.3.x Job List (Updated)
Sender: linux-kernel-owner@vger.kernel.org
Precedence: bulk
List-ID: <linux-kernel.vger.kernel.org>
X-Mailing-List: linux-kernel@vger.kernel.org
X-Lkml-Link: https://lkml.org/lkml/2000/3/30/16

Manfred Spraul wrote:
> 
> Ha Quoc- Viet wrote:
> >
> > 2.3.51 will recover from any access to the tape, after outputing to
> > the terminal a few lines about wrong sector/data, and plain io error.
> >
> Ok, this means that you see another problem:
> I _only_ got dma timeouts: no error messages, no io errors,...
> 
> It's possible that the bug is SMP related, but I assume that the
> different timing causes the problems: we use a different interrupt
> controller, some instructions are far slower because we must synchronize
> both cpus.
> [IIRC I read that the interrupt latency went up by a factor of 3, but
> that was a development kernel, perhaps with debugging enabled]
> 
> Did you already post the complete bug description with the  io error
> codes to the mailing list?
ok, you will find included 4 excerpt from my syslog that trace my
 attempts at reading an OnStream DI-30 (ide-tape)
on a dual celeron 366, no overclocking. hardware is Asus P2B-D (440BX).
- 2.2.14 compiled in single CPU mode (but 2 physical CPUs), no nonus
patch.
  this is the kernel that ships on debian's floppies.
- 2.2.14 compiled in SMP mode, with nonus patch.
- 2.2.15pre14 SMP + nonus patch.
- 2.3.51 SMP, no nothing, plain archive version.
it's not there, but 2.3.99pre3 works fine now.
Tell me what you think 
VietMar 26 09:14:47 rogue syslogd 1.3-3#33: restart.
Mar 26 09:14:47 rogue kernel: klogd 1.3-3#33, log source = /proc/kmsg started.
Mar 26 09:14:47 rogue kernel: Inspecting /boot/System.map-2.2.14
Mar 26 09:14:47 rogue kernel: Loaded 9263 symbols from /boot/System.map-2.2.14.
Mar 26 09:14:47 rogue kernel: Symbols match kernel version 2.2.14.
Mar 26 09:14:47 rogue kernel: Loaded 139 symbols from 15 modules.
Mar 26 09:14:47 rogue kernel: Linux version 2.2.14 (herbert@gondor) (gcc version 2.95.2 19991103 (Debian GNU/Linux)) #1 Sun Jan 16 13:48:57 EST 2000
Mar 26 09:14:47 rogue kernel: Detected 367506692 Hz processor.
Mar 26 09:14:47 rogue kernel: Console: colour VGA+ 132x44
Mar 26 09:14:47 rogue kernel: Calibrating delay loop... 367.00 BogoMIPS
Mar 26 09:14:47 rogue kernel: Memory: 127100k/131008k available (1628k kernel code, 416k reserved, 1724k data, 140k init)
Mar 26 09:14:47 rogue kernel: Dentry hash table entries: 16384 (order 5, 128k)
Mar 26 09:14:47 rogue kernel: Buffer cache hash table entries: 131072 (order 7, 512k)
Mar 26 09:14:47 rogue kernel: Page cache hash table entries: 32768 (order 5, 128k)
Mar 26 09:14:47 rogue kernel: CPU: Intel Celeron (Mendocino) stepping 05
Mar 26 09:14:47 rogue kernel: Checking 386/387 coupling... OK, FPU using exception 16 error reporting.
Mar 26 09:14:47 rogue kernel: Checking 'hlt' instruction... OK.
Mar 26 09:14:47 rogue kernel: Checking for popad bug... OK.
Mar 26 09:14:47 rogue kernel: POSIX conformance testing by UNIFIX
Mar 26 09:14:47 rogue kernel: mtrr: v1.35a (19990819) Richard Gooch (rgooch@atnf.csiro.au)
Mar 26 09:14:47 rogue kernel: PCI: PCI BIOS revision 2.10 entry at 0xf0730
Mar 26 09:14:47 rogue kernel: PCI: Using configuration type 1
Mar 26 09:14:47 rogue kernel: PCI: Probing PCI hardware
Mar 26 09:14:47 rogue kernel: Linux NET4.0 for Linux 2.2
Mar 26 09:14:47 rogue kernel: Based upon Swansea University Computer Society NET3.039
Mar 26 09:14:47 rogue kernel: NET4: Linux TCP/IP 1.0 for NET4.0
Mar 26 09:14:47 rogue kernel: IP Protocols: ICMP, UDP, TCP, IGMP
Mar 26 09:14:47 rogue kernel: TCP: Hash tables configured (ehash 131072 bhash 65536)
Mar 26 09:14:47 rogue kernel: Starting kswapd v 1.5 
Mar 26 09:14:47 rogue kernel: Detected PS/2 Mouse Port.
Mar 26 09:14:47 rogue kernel: pty: 256 Unix98 ptys configured
Mar 26 09:14:47 rogue kernel: apm: BIOS version 1.2 Flags 0x03 (Driver version 1.9)
Mar 26 09:14:47 rogue kernel: apm: disabled on user request.
Mar 26 09:14:47 rogue kernel: Real Time Clock Driver v1.09
Mar 26 09:14:47 rogue kernel: RAM disk driver initialized:  16 RAM disks of 4096K size
Mar 26 09:14:47 rogue kernel: loop: registered device at major 7
Mar 26 09:14:47 rogue kernel: PIIX4: IDE controller on PCI bus 00 dev 21
Mar 26 09:14:47 rogue kernel: PIIX4: not 100% native mode: will probe irqs later
Mar 26 09:14:47 rogue kernel:     ide0: BM-DMA at 0xb800-0xb807, BIOS settings: hda:DMA, hdb:DMA
Mar 26 09:14:47 rogue kernel:     ide1: BM-DMA at 0xb808-0xb80f, BIOS settings: hdc:DMA, hdd:DMA
Mar 26 09:14:47 rogue kernel: hda: ST38641A, ATA DISK drive
Mar 26 09:14:47 rogue kernel: hdb: MATSHITA CR-583, ATAPI CDROM drive
Mar 26 09:14:47 rogue kernel: hdc: QUANTUM FIREBALL_TM2550A, ATA DISK drive
Mar 26 09:14:47 rogue kernel: hdd: OnStream DI-30, ATAPI TAPE drive
Mar 26 09:14:47 rogue kernel: ide0 at 0x1f0-0x1f7,0x3f6 on irq 14
Mar 26 09:14:47 rogue kernel: ide1 at 0x170-0x177,0x376 on irq 15
Mar 26 09:14:47 rogue kernel: hda: ST38641A, 8207MB w/128kB Cache, CHS=1046/255/63
Mar 26 09:14:47 rogue kernel: hdc: QUANTUM FIREBALL_TM2550A, 2445MB w/76kB Cache, CHS=4969/16/63
Mar 26 09:14:47 rogue kernel: hdb: ATAPI 8X CD-ROM drive, 128kB Cache
Mar 26 09:14:47 rogue kernel: Uniform CDROM driver Revision: 2.56
Mar 26 09:14:47 rogue kernel: Floppy drive(s): fd0 is 1.44M
Mar 26 09:14:47 rogue kernel: FDC 0 is a post-1991 82077
Mar 26 09:14:47 rogue kernel: md driver 0.36.6 MAX_MD_DEV=4, MAX_REAL=8
Mar 26 09:14:47 rogue kernel: (scsi0) <Adaptec AHA-294X Ultra SCSI host adapter> found at PCI 12/0
Mar 26 09:14:47 rogue kernel: (scsi0) Wide Channel, SCSI ID=7, 16/255 SCBs
Mar 26 09:14:47 rogue kernel: (scsi0) Downloading sequencer code... 413 instructions downloaded
Mar 26 09:14:47 rogue kernel: scsi: <fdomain> Detection failed (no card)
Mar 26 09:14:47 rogue kernel: NCR53c406a: no available ports found
Mar 26 09:14:47 rogue kernel: sym53c416.c: Version 1.0.0
Mar 26 09:14:47 rogue kernel: Failed initialization of WD-7000 SCSI card!
Mar 26 09:14:47 rogue kernel: IBM MCA SCSI: No Microchannel-bus support present -> Aborting.
Mar 26 09:14:47 rogue kernel: DC390: 0 adapters found
Mar 26 09:14:47 rogue kernel: megaraid: v1.05 (October 27, 1999)
Mar 26 09:14:47 rogue kernel: aec671x_detect: 
Mar 26 09:14:47 rogue kernel: scsi0 : Adaptec AHA274x/284x/294x (EISA/VLB/PCI-Fast SCSI) 5.1.21/3.2.4
Mar 26 09:14:47 rogue kernel:        <Adaptec AHA-294X Ultra SCSI host adapter>
Mar 26 09:14:47 rogue kernel: scsi : 1 host.
Mar 26 09:14:47 rogue kernel: (scsi0:0:1:0) Synchronous at 20.0 Mbyte/sec, offset 15.
Mar 26 09:14:47 rogue kernel:   Vendor: TOSHIBA   Model: DVD-ROM SD-M1201  Rev: 1R04
Mar 26 09:14:47 rogue kernel:   Type:   CD-ROM                             ANSI SCSI revision: 02
Mar 26 09:14:47 rogue kernel: Detected scsi CD-ROM sr0 at scsi0, channel 0, id 1, lun 0
Mar 26 09:14:47 rogue kernel: scsi : detected 1 SCSI cdrom total.
Mar 26 09:14:47 rogue kernel: sr0: scsi3-mmc drive: 32x/32x cd/rw xa/form2 cdda tray
Mar 26 09:14:47 rogue kernel: Partition check:
Mar 26 09:14:47 rogue kernel:  hda:hda: set_multmode: status=0x51 { DriveReady SeekComplete Error }
Mar 26 09:14:47 rogue kernel: hda: set_multmode: error=0x04 { DriveStatusError }
Mar 26 09:14:47 rogue kernel:  hda1 hda2 hda3 hda4
Mar 26 09:14:47 rogue kernel:  hdc: [PTBL] [621/128/63] hdc1
Mar 26 09:14:47 rogue kernel: VFS: Mounted root (ext2 filesystem) readonly.
Mar 26 09:14:47 rogue kernel: Freeing unused kernel memory: 140k freed
Mar 26 09:14:47 rogue kernel: NET4: Unix domain sockets 1.0 for Linux NET4.0.
Mar 26 09:14:47 rogue kernel: Adding Swap: 128516k swap-space (priority -1)
Mar 26 09:14:47 rogue kernel: ide-tape: Although the recommended polling period is 50 jiffies
Mar 26 09:14:47 rogue kernel: ide-tape: we will use 40 jiffies
Mar 26 09:14:47 rogue kernel: ide-tape: hdd <-> ht0, 990KBps, 2048*1kB buffer, 100kB pipeline, 400ms tDSC
Mar 26 09:14:47 rogue kernel: raid0 personality registered
Mar 26 09:14:47 rogue kernel: Linux video capture interface: v1.00
Mar 26 09:14:47 rogue kernel: i2c: initialized
Mar 26 09:14:47 rogue kernel: bttv0: Brooktree Bt878 (rev 17) bus: 0, devfn: 72, irq: 9, memory: 0xe3000000.
Mar 26 09:14:47 rogue kernel: PCI: Increasing latency timer of device 00:48 to 64
Mar 26 09:14:47 rogue kernel: bttv: 1 Bt8xx card(s) found.
Mar 26 09:14:47 rogue kernel: bttv0: Hauppauge eeprom: tuner=Philips FI1216MF MK2 (3)
Mar 26 09:14:47 rogue kernel: bttv0: fader chip: TEA6300
Mar 26 09:14:47 rogue kernel: bttv0: model: BT878(Hauppauge new)
Mar 26 09:14:47 rogue kernel: js: Joystick driver v1.2.15 (c) 1999 Vojtech Pavlik <vojtech@suse.cz>
Mar 26 09:14:47 rogue kernel: js0: Analog 3-axis 4-button joystick at 0x201 [PIT timer, 1192 kHz clock, 4194 ns res]
Mar 26 09:14:47 rogue kernel: msp3400: daemon started
Mar 26 09:14:47 rogue kernel: msp3400: init: chip=MSP3415D-B3, has NICAM support
Mar 26 09:14:47 rogue kernel: 3c59x.c:v0.99H 11/17/98 Donald Becker 
http://cesdis.gsfc.nasa.gov/linux/drivers/vortex.html
Mar 26 09:14:47 rogue kernel: eth0: 3Com 3c905B Cyclone 100baseTx at 0xb000,  00:50:04:61:93:1c, IRQ 9
Mar 26 09:14:47 rogue kernel:   8K byte-wide RAM 5:3 Rx:Tx split, autoselect/Autonegotiate interface.
Mar 26 09:14:47 rogue kernel:   MII transceiver found at address 24, status 7849.
Mar 26 09:14:47 rogue kernel:   MII transceiver found at address 0, status 7849.
Mar 26 09:14:47 rogue kernel:   Enabling bus-master transmits and whole-frame receives.
Mar 26 09:14:47 rogue kernel: eth0: Overriding PCI latency timer (CFLT) setting of 0, new value is 32.
Mar 26 09:14:47 rogue kernel: CSLIP: code copyright 1989 Regents of the University of California
Mar 26 09:14:47 rogue kernel: PPP: version 2.3.7 (demand dialling)
Mar 26 09:14:47 rogue kernel: PPP line discipline registered.
Mar 26 09:14:47 rogue kernel: Serial driver version 4.27 with no serial options enabled
Mar 26 09:14:47 rogue kernel: ttyS00 at 0x03f8 (irq = 4) is a 16550A
Mar 26 09:14:47 rogue kernel: ttyS01 at 0x02f8 (irq = 3) is a 16550A
Mar 26 09:14:47 rogue kernel: ttyS02 at 0x03e8 (irq = 4) is a 16550A
Mar 26 09:14:47 rogue automount[175]: starting automounter version 3.1.4, path = /mnt, maptype = file, mapname = /etc/auto.mnt
Mar 26 09:14:47 rogue automount[175]: Map argc = 1
Mar 26 09:14:47 rogue automount[175]: Map argv[0] = /etc/auto.mnt
Mar 26 09:14:48 rogue automount[175]: using kernel protocol version 3
Mar 26 09:14:55 rogue /usr/sbin/cron[268]: (CRON) INFO (pidfile fd = 3)
Mar 26 09:14:55 rogue /usr/sbin/cron[269]: (CRON) STARTUP (fork ok)
Mar 26 09:19:03 rogue kernel: ide-tape: The tape wants to send us more data than expected - discarding data
Mar 26 09:19:03 rogue last message repeated 177 times
Mar 26 09:20:01 rogue /USR/SBIN/CRON[284]: (root) CMD ( test -f /etc/ipac.conf && test -f /usr/sbin/fetchipac && test -f /var/run/ip-accounting-rules && /usr/sbin/fetchipac)
Mar 26 09:20:03 rogue kernel: hdd: lost interrupt
Mar 26 09:20:03 rogue kernel: ide-tape: The tape wants to send us more data than expected - discarding data
Mar 26 09:21:03 rogue kernel: hdd: lost interrupt
Mar 26 09:21:03 rogue kernel: ide-tape: The tape wants to send us more data than expected - discarding data
Mar 26 09:22:03 rogue kernel: hdd: lost interrupt
Mar 26 09:22:03 rogue kernel: ide-tape: The tape wants to send us more data than expected - discarding data
Mar 26 09:23:03 rogue kernel: hdd: lost interrupt
Mar 26 09:23:03 rogue kernel: ide-tape: The tape wants to send us more data than expected - discarding data
Mar 26 09:24:03 rogue kernel: hdd: lost interrupt
Mar 26 09:24:03 rogue kernel: ide-tape: The tape wants to send us more data than expected - discarding data
Mar 26 09:25:03 rogue kernel: hdd: lost interrupt
Mar 26 09:25:03 rogue kernel: ide-tape: The tape wants to send us more data than expected - discarding data
Mar 26 11:10:38 rogue syslogd 1.3-3#33: restart.
Mar 26 11:10:38 rogue kernel: klogd 1.3-3#33, log source = /proc/kmsg started.
Mar 26 11:10:38 rogue kernel: Inspecting /boot/System.map-2.2.14
Mar 26 11:10:38 rogue kernel: Loaded 7795 symbols from /boot/System.map-2.2.14.
Mar 26 11:10:38 rogue kernel: Symbols match kernel version 2.2.14.
Mar 26 11:10:38 rogue kernel: Loaded 123 symbols from 10 modules.
Mar 26 11:10:38 rogue kernel: Linux version 2.2.14 (root@rogue) (gcc version 2.95.2 20000220 (Debian GNU/Linux)) #3 SMP Sun Mar 26 10:49:27 CEST 2000
Mar 26 11:10:38 rogue kernel: Intel MultiProcessor Specification v1.4
Mar 26 11:10:38 rogue kernel:     Virtual Wire compatibility mode.
Mar 26 11:10:38 rogue kernel: OEM ID: OEM00000 Product ID: PROD00000000 APIC at: 0xFEE00000
Mar 26 11:10:38 rogue kernel: Processor #1 Pentium(tm) Pro APIC version 17
Mar 26 11:10:38 rogue kernel: Processor #0 Pentium(tm) Pro APIC version 17
Mar 26 11:10:38 rogue kernel: I/O APIC #2 Version 17 at 0xFEC00000.
Mar 26 11:10:38 rogue kernel: Processors: 2
Mar 26 11:10:38 rogue kernel: mapped APIC to ffffe000 (fee00000)
Mar 26 11:10:38 rogue kernel: mapped IOAPIC to ffffd000 (fec00000)
Mar 26 11:10:38 rogue kernel: Detected 367503170 Hz processor.
Mar 26 11:10:38 rogue kernel: Console: colour VGA+ 132x44
Mar 26 11:10:38 rogue kernel: Calibrating delay loop... 367.00 BogoMIPS
Mar 26 11:10:38 rogue kernel: Memory: 127732k/131008k available (1164k kernel code, 424k reserved, 1628k data, 60k init)
Mar 26 11:10:38 rogue kernel: Dentry hash table entries: 16384 (order 5, 128k)
Mar 26 11:10:38 rogue kernel: Buffer cache hash table entries: 131072 (order 7, 512k)
Mar 26 11:10:38 rogue kernel: Page cache hash table entries: 32768 (order 5, 128k)
Mar 26 11:10:38 rogue kernel: Checking 386/387 coupling... OK, FPU using exception 16 error reporting.
Mar 26 11:10:38 rogue kernel: Checking 'hlt' instruction... OK.
Mar 26 11:10:38 rogue kernel: POSIX conformance testing by UNIFIX
Mar 26 11:10:38 rogue kernel: mtrr: v1.35a (19990819) Richard Gooch (rgooch@atnf.csiro.au)
Mar 26 11:10:38 rogue kernel: per-CPU timeslice cutoff: 25.03 usecs.
Mar 26 11:10:38 rogue kernel: CPU1: Intel Celeron (Mendocino) stepping 05
Mar 26 11:10:38 rogue kernel: calibrating APIC timer ... 
Mar 26 11:10:38 rogue kernel: ..... CPU clock speed is 367.5114 MHz.
Mar 26 11:10:38 rogue kernel: ..... system bus clock speed is 66.8200 MHz.
Mar 26 11:10:38 rogue kernel: Booting processor 0 eip 2000
Mar 26 11:10:38 rogue kernel: Calibrating delay loop... 367.00 BogoMIPS
Mar 26 11:10:38 rogue kernel: OK.
Mar 26 11:10:38 rogue kernel: CPU0: Intel Celeron (Mendocino) stepping 05
Mar 26 11:10:38 rogue kernel: Total of 2 processors activated (734.00 BogoMIPS).
Mar 26 11:10:38 rogue kernel: enabling symmetric IO mode... ...done.
Mar 26 11:10:38 rogue kernel: ENABLING IO-APIC IRQs
Mar 26 11:10:38 rogue kernel: init IO_APIC IRQs
Mar 26 11:10:38 rogue kernel:  IO-APIC (apicid-pin) 2-0, 2-9, 2-10, 2-13, 2-17, 2-20, 2-21, 2-22, 2-23 not connected.
Mar 26 11:10:38 rogue kernel: number of MP IRQ sources: 18.
Mar 26 11:10:38 rogue kernel: number of IO-APIC #2 registers: 24.
Mar 26 11:10:38 rogue kernel: testing the IO APIC.......................
Mar 26 11:10:38 rogue kernel: 
Mar 26 11:10:38 rogue kernel: IO APIC #2......
Mar 26 11:10:38 rogue kernel: .... register #00: 02000000
Mar 26 11:10:38 rogue kernel: .......    : physical APIC id: 02
Mar 26 11:10:38 rogue kernel: .... register #01: 00170011
Mar 26 11:10:38 rogue kernel: .......     : max redirection entries: 0017
Mar 26 11:10:38 rogue kernel: .......     : IO APIC version: 0011
Mar 26 11:10:38 rogue kernel: .... register #02: 00000000
Mar 26 11:10:38 rogue kernel: .......     : arbitration: 00
Mar 26 11:10:38 rogue kernel: .... IRQ redirection table:
Mar 26 11:10:38 rogue kernel:  NR Log Phy Mask Trig IRR Pol Stat Dest Deli Vect:   
Mar 26 11:10:38 rogue kernel:  00 000 00  1    0    0   0   0    0    0    00
Mar 26 11:10:38 rogue kernel:  01 000 00  0    0    0   0   0    1    1    59
Mar 26 11:10:38 rogue kernel:  02 0FF 0F  0    0    0   0   0    1    1    51
Mar 26 11:10:38 rogue kernel:  03 000 00  0    0    0   0   0    1    1    61
Mar 26 11:10:38 rogue kernel:  04 000 00  0    0    0   0   0    1    1    69
Mar 26 11:10:38 rogue kernel:  05 000 00  0    0    0   0   0    1    1    71
Mar 26 11:10:38 rogue kernel:  06 000 00  0    0    0   0   0    1    1    79
Mar 26 11:10:38 rogue kernel:  07 000 00  0    0    0   0   0    1    1    81
Mar 26 11:10:38 rogue kernel:  08 000 00  0    0    0   0   0    1    1    89
Mar 26 11:10:38 rogue kernel:  09 000 00  1    0    0   0   0    0    0    00
Mar 26 11:10:38 rogue kernel:  0a 000 00  1    0    0   0   0    0    0    00
Mar 26 11:10:38 rogue kernel:  0b 000 00  0    0    0   0   0    1    1    91
Mar 26 11:10:38 rogue kernel:  0c 000 00  0    0    0   0   0    1    1    99
Mar 26 11:10:38 rogue kernel:  0d 000 00  1    0    0   0   0    0    0    00
Mar 26 11:10:38 rogue kernel:  0e 000 00  0    0    0   0   0    1    1    A1
Mar 26 11:10:38 rogue kernel:  0f 000 00  0    0    0   0   0    1    1    A9
Mar 26 11:10:38 rogue kernel:  10 0FF 0F  1    1    0   1   0    1    1    B1
Mar 26 11:10:38 rogue kernel:  11 000 00  1    0    0   0   0    0    0    00
Mar 26 11:10:38 rogue kernel:  12 0FF 0F  1    1    0   1   0    1    1    B9
Mar 26 11:10:38 rogue kernel:  13 0FF 0F  1    1    0   1   0    1    1    C1
Mar 26 11:10:38 rogue kernel:  14 000 00  1    0    0   0   0    0    0    00
Mar 26 11:10:38 rogue kernel:  15 000 00  1    0    0   0   0    0    0    00
Mar 26 11:10:38 rogue kernel:  16 000 00  1    0    0   0   0    0    0    00
Mar 26 11:10:38 rogue kernel:  17 000 00  1    0    0   0   0    0    0    00
Mar 26 11:10:38 rogue kernel: IRQ to pin mappings:
Mar 26 11:10:38 rogue kernel: IRQ0 -> 2
Mar 26 11:10:38 rogue kernel: IRQ1 -> 1
Mar 26 11:10:38 rogue kernel: IRQ3 -> 3
Mar 26 11:10:38 rogue kernel: IRQ4 -> 4
Mar 26 11:10:38 rogue kernel: IRQ5 -> 5
Mar 26 11:10:38 rogue kernel: IRQ6 -> 6
Mar 26 11:10:38 rogue kernel: IRQ7 -> 7
Mar 26 11:10:38 rogue kernel: IRQ8 -> 8
Mar 26 11:10:38 rogue kernel: IRQ11 -> 11
Mar 26 11:10:38 rogue kernel: IRQ12 -> 12
Mar 26 11:10:38 rogue kernel: IRQ14 -> 14
Mar 26 11:10:38 rogue kernel: IRQ15 -> 15
Mar 26 11:10:38 rogue kernel: IRQ16 -> 16
Mar 26 11:10:38 rogue kernel: IRQ18 -> 18
Mar 26 11:10:38 rogue kernel: IRQ19 -> 19
Mar 26 11:10:38 rogue kernel: .................................... done.
Mar 26 11:10:38 rogue kernel: PCI: PCI BIOS revision 2.10 entry at 0xf0730
Mar 26 11:10:38 rogue kernel: PCI: Using configuration type 1
Mar 26 11:10:38 rogue kernel: PCI: Probing PCI hardware
Mar 26 11:10:38 rogue kernel: PCI->APIC IRQ transform: (B0,I4,P3) -> 19
Mar 26 11:10:38 rogue kernel: PCI->APIC IRQ transform: (B0,I9,P0) -> 19
Mar 26 11:10:38 rogue kernel: PCI->APIC IRQ transform: (B0,I9,P0) -> 19
Mar 26 11:10:38 rogue kernel: PCI->APIC IRQ transform: (B0,I10,P0) -> 18
Mar 26 11:10:38 rogue kernel: PCI->APIC IRQ transform: (B0,I12,P0) -> 16
Mar 26 11:10:38 rogue kernel: Linux NET4.0 for Linux 2.2
Mar 26 11:10:38 rogue kernel: Based upon Swansea University Computer Society NET3.039
Mar 26 11:10:38 rogue kernel: NET4: Unix domain sockets 1.0 for Linux NET4.0.
Mar 26 11:10:38 rogue kernel: NET4: Linux TCP/IP 1.0 for NET4.0
Mar 26 11:10:38 rogue kernel: IP Protocols: ICMP, UDP, TCP
Mar 26 11:10:38 rogue kernel: TCP: Hash tables configured (ehash 131072 bhash 65536)
Mar 26 11:10:38 rogue kernel: Starting kswapd v 1.5 
Mar 26 11:10:38 rogue kernel: Detected PS/2 Mouse Port.
Mar 26 11:10:38 rogue kernel: pty: 256 Unix98 ptys configured
Mar 26 11:10:38 rogue kernel: apm: BIOS version 1.2 Flags 0x03 (Driver version 1.9)
Mar 26 11:10:38 rogue kernel: apm: disabled - APM is not SMP safe.
Mar 26 11:10:38 rogue kernel: Real Time Clock Driver v1.09
Mar 26 11:10:38 rogue kernel: Sound initialization started
Mar 26 11:10:38 rogue kernel: Sound initialization complete
Mar 26 11:10:38 rogue kernel: js: Joystick driver v1.2.15 (c) 1999 Vojtech Pavlik <vojtech@suse.cz>
Mar 26 11:10:38 rogue kernel: js0: Analog 3-axis 4-button joystick at 0x201 [TSC timer, 367 MHz clock, 1927 ns res]
Mar 26 11:10:38 rogue kernel: Linux video capture interface: v1.00
Mar 26 11:10:38 rogue kernel: RAM disk driver initialized:  16 RAM disks of 4096K size
Mar 26 11:10:38 rogue kernel: loop: registered device at major 7
Mar 26 11:10:38 rogue kernel: Couldn't register Twofish encryption
Mar 26 11:10:38 rogue kernel: PIIX4: IDE controller on PCI bus 00 dev 21
Mar 26 11:10:38 rogue kernel: PIIX4: not 100% native mode: will probe irqs later
Mar 26 11:10:38 rogue kernel:     ide0: BM-DMA at 0xb800-0xb807, BIOS settings: hda:DMA, hdb:DMA
Mar 26 11:10:38 rogue kernel:     ide1: BM-DMA at 0xb808-0xb80f, BIOS settings: hdc:DMA, hdd:DMA
Mar 26 11:10:38 rogue kernel: hda: ST38641A, ATA DISK drive
Mar 26 11:10:38 rogue kernel: hdb: MATSHITA CR-583, ATAPI CDROM drive
Mar 26 11:10:38 rogue kernel: hdc: QUANTUM FIREBALL_TM2550A, ATA DISK drive
Mar 26 11:10:38 rogue kernel: hdd: OnStream DI-30, ATAPI TAPE drive
Mar 26 11:10:38 rogue kernel: ide0 at 0x1f0-0x1f7,0x3f6 on irq 14
Mar 26 11:10:38 rogue kernel: ide1 at 0x170-0x177,0x376 on irq 15
Mar 26 11:10:38 rogue kernel: hda: ST38641A, 8207MB w/128kB Cache, CHS=1046/255/63, UDMA
Mar 26 11:10:38 rogue kernel: hdc: QUANTUM FIREBALL_TM2550A, 2445MB w/76kB Cache, CHS=4969/16/63
Mar 26 11:10:38 rogue kernel: Floppy drive(s): fd0 is 1.44M
Mar 26 11:10:38 rogue kernel: FDC 0 is a post-1991 82077
Mar 26 11:10:38 rogue kernel: md driver 0.36.6 MAX_MD_DEV=4, MAX_REAL=8
Mar 26 11:10:38 rogue kernel: linear personality registered
Mar 26 11:10:38 rogue kernel: (scsi0) <Adaptec AHA-294X Ultra SCSI host adapter> found at PCI 12/0
Mar 26 11:10:38 rogue kernel: (scsi0) Wide Channel, SCSI ID=7, 16/255 SCBs
Mar 26 11:10:38 rogue kernel: (scsi0) Downloading sequencer code... 413 instructions downloaded
Mar 26 11:10:38 rogue kernel: scsi0 : Adaptec AHA274x/284x/294x (EISA/VLB/PCI-Fast SCSI) 5.1.21/3.2.4
Mar 26 11:10:38 rogue kernel:        <Adaptec AHA-294X Ultra SCSI host adapter>
Mar 26 11:10:38 rogue kernel: scsi : 1 host.
Mar 26 11:10:38 rogue kernel: (scsi0:0:1:0) Synchronous at 20.0 Mbyte/sec, offset 15.
Mar 26 11:10:38 rogue kernel:   Vendor: TOSHIBA   Model: DVD-ROM SD-M1201  Rev: 1R04
Mar 26 11:10:38 rogue kernel:   Type:   CD-ROM                             ANSI SCSI revision: 02
Mar 26 11:10:38 rogue kernel: scsi : detected total.
Mar 26 11:10:38 rogue kernel: Partition check:
Mar 26 11:10:38 rogue kernel:  hda:hda: set_multmode: status=0x51 { DriveReady SeekComplete Error }
Mar 26 11:10:38 rogue kernel: hda: set_multmode: error=0x04 { DriveStatusError }
Mar 26 11:10:38 rogue kernel:  hda1 hda2 hda3 hda4
Mar 26 11:10:38 rogue kernel:  hdc: [PTBL] [621/128/63] hdc1
Mar 26 11:10:38 rogue kernel: Registered serpent (7)
Mar 26 11:10:38 rogue kernel: Registered serpent-cbc (65543)
Mar 26 11:10:38 rogue kernel: Registered rc5 (17)
Mar 26 11:10:38 rogue kernel: Registered rc5-cbc (65553)
Mar 26 11:10:38 rogue kernel: Registered rc6 (11)
Mar 26 11:10:38 rogue kernel: Registered rc6-cbc (65547)
Mar 26 11:10:38 rogue kernel: Registered mars (8)
Mar 26 11:10:38 rogue kernel: Registered mars-cbc (65544)
Mar 26 11:10:38 rogue kernel: Registered dfc (15)
Mar 26 11:10:38 rogue kernel: Registered dfc-cbc (65551)
Mar 26 11:10:38 rogue kernel: Registered blowfish (4)
Mar 26 11:10:38 rogue kernel: Registered blowfish-cbc (65540)
Mar 26 11:10:38 rogue kernel: Registered idea (6)
Mar 26 11:10:38 rogue kernel: Registered idea-cbc (65542)
Mar 26 11:10:38 rogue kernel: Registered des (2)
Mar 26 11:10:38 rogue kernel: Registered des-cbc (65538)
Mar 26 11:10:38 rogue kernel: VFS: Mounted root (ext2 filesystem) readonly.
Mar 26 11:10:38 rogue kernel: Freeing unused kernel memory: 60k freed
Mar 26 11:10:38 rogue kernel: Adding Swap: 128516k swap-space (priority -1)
Mar 26 11:10:38 rogue kernel: ide-tape: Although the recommended polling period is 100 jiffies
Mar 26 11:10:38 rogue kernel: ide-tape: we will use 40 jiffies
Mar 26 11:10:38 rogue kernel: ide-tape: hdd <-> ht0, 990KBps, 2048*1kB buffer, 100kB pipeline, 400ms tDSC, DMA
Mar 26 11:10:38 rogue kernel: raid0 personality registered
Mar 26 11:10:38 rogue kernel: i2c: initialized
Mar 26 11:10:38 rogue kernel: bttv0: Brooktree Bt878 (rev 17) bus: 0, devfn: 72, irq: 19, memory: 0xe3000000.
Mar 26 11:10:38 rogue kernel: PCI: Increasing latency timer of device 00:48 to 64
Mar 26 11:10:38 rogue kernel: bttv: 1 Bt8xx card(s) found.
Mar 26 11:10:38 rogue kernel: bttv0: Hauppauge eeprom: tuner=Philips FI1216MF MK2 (3)
Mar 26 11:10:38 rogue kernel: bttv0: fader chip: TEA6300
Mar 26 11:10:38 rogue kernel: bttv0: model: BT878(Hauppauge new)
Mar 26 11:10:38 rogue kernel: 3c59x.c:v0.99H 11/17/98 Donald Becker 
http://cesdis.gsfc.nasa.gov/linux/drivers/vortex.html
Mar 26 11:10:38 rogue kernel: eth0: 3Com 3c905B Cyclone 100baseTx at 0xb000,  00:50:04:61:93:1c, IRQ 18
Mar 26 11:10:38 rogue kernel:   8K byte-wide RAM 5:3 Rx:Tx split, autoselect/Autonegotiate interface.
Mar 26 11:10:38 rogue kernel:   MII transceiver found at address 24, status 7849.
Mar 26 11:10:38 rogue kernel:   MII transceiver found at address 0, status 7849.
Mar 26 11:10:38 rogue kernel:   Enabling bus-master transmits and whole-frame receives.
Mar 26 11:10:38 rogue kernel: eth0: Overriding PCI latency timer (CFLT) setting of 0, new value is 32.
Mar 26 11:10:38 rogue kernel: CSLIP: code copyright 1989 Regents of the University of California
Mar 26 11:10:38 rogue kernel: PPP: version 2.3.7 (demand dialling)
Mar 26 11:10:38 rogue kernel: PPP line discipline registered.
Mar 26 11:10:38 rogue kernel: Serial driver version 4.27 with SHARE_IRQ DETECT_IRQ enabled
Mar 26 11:10:38 rogue kernel: ttyS00 at 0x03f8 (irq = 4) is a 16550A
Mar 26 11:10:38 rogue kernel: ttyS01 at 0x02f8 (irq = 3) is a 16550A
Mar 26 11:10:38 rogue kernel: ttyS02 at 0x03e8 (irq = 11) is a 16550A
Mar 26 11:10:38 rogue automount[173]: starting automounter version 3.1.4, path = /mnt, maptype = file, mapname = /etc/auto.mnt
Mar 26 11:10:38 rogue automount[173]: Map argc = 1
Mar 26 11:10:38 rogue automount[173]: Map argv[0] = /etc/auto.mnt
Mar 26 11:10:38 rogue automount[173]: using kernel protocol version 3
Mar 26 11:10:39 rogue /usr/sbin/cron[210]: (CRON) INFO (pidfile fd = 3)
Mar 26 11:10:40 rogue /usr/sbin/cron[211]: (CRON) STARTUP (fork ok)
Mar 26 11:14:47 rogue kernel: hdd: timeout waiting for DMA
Mar 26 11:14:47 rogue kernel: hdd: irq timeout: status=0xd8 { Busy }
Mar 26 11:14:47 rogue kernel: hdd: DMA disabled
Mar 26 11:14:47 rogue kernel: hdd: ATAPI reset complete
Mar 26 11:14:47 rogue kernel: ide-tape: The tape wants to send us more data than expected - discarding data
Mar 26 11:14:48 rogue last message repeated 521 times
Mar 26 11:15:48 rogue kernel: hdd: lost interrupt
Mar 26 11:15:48 rogue kernel: ide-tape: The tape wants to send us more data than expected - discarding data
Mar 26 11:16:26 rogue init: Switching to runlevel: 0
Mar 26 11:16:32 rogue automount[173]: shutting down, path = /mnt
Mar 26 11:16:33 rogue kernel: Kernel logging (proc) stopped.
Mar 26 11:16:33 rogue kernel: Kernel log daemon terminating.
Mar 26 11:16:33 rogue exiting on signal 15
Mar 26 11:20:25 rogue syslogd 1.3-3#33: restart.
Mar 26 11:45:18 rogue syslogd 1.3-3#33: restart.
Mar 26 11:45:18 rogue kernel: klogd 1.3-3#33, log source = /proc/kmsg started.
Mar 26 11:45:19 rogue kernel: Inspecting /boot/System.map-2.2.15pre14
Mar 26 11:45:19 rogue kernel: Loaded 7867 symbols from /boot/System.map-2.2.15pre14.
Mar 26 11:45:19 rogue kernel: Symbols match kernel version 2.2.15.
Mar 26 11:45:19 rogue kernel: Loaded 127 symbols from 11 modules.
Mar 26 11:45:19 rogue kernel: Linux version 2.2.15pre14 (root@rogue) (gcc version 2.95.2 20000220 (Debian GNU/Linux)) #4 SMP Sun Mar 26 11:30:09 CEST 2000
Mar 26 11:45:19 rogue kernel: Intel MultiProcessor Specification v1.4
Mar 26 11:45:19 rogue kernel:     Virtual Wire compatibility mode.
Mar 26 11:45:19 rogue kernel: OEM ID: OEM00000 Product ID: PROD00000000 APIC at: 0xFEE00000
Mar 26 11:45:19 rogue kernel: Processor #1 Pentium(tm) Pro APIC version 17
Mar 26 11:45:19 rogue kernel: Processor #0 Pentium(tm) Pro APIC version 17
Mar 26 11:45:19 rogue kernel: I/O APIC #2 Version 17 at 0xFEC00000.
Mar 26 11:45:19 rogue kernel: Processors: 2
Mar 26 11:45:19 rogue kernel: mapped APIC to ffffe000 (fee00000)
Mar 26 11:45:19 rogue kernel: mapped IOAPIC to ffffd000 (fec00000)
Mar 26 11:45:19 rogue kernel: Detected 367507793 Hz processor.
Mar 26 11:45:19 rogue kernel: Console: colour VGA+ 132x44
Mar 26 11:45:19 rogue kernel: Calibrating delay loop... 734.00 BogoMIPS
Mar 26 11:45:19 rogue kernel: Memory: 127684k/131008k available (1212k kernel code, 424k reserved, 1628k data, 60k init)
Mar 26 11:45:19 rogue kernel: Dentry hash table entries: 16384 (order 5, 128k)
Mar 26 11:45:19 rogue kernel: Buffer cache hash table entries: 131072 (order 7, 512k)
Mar 26 11:45:19 rogue kernel: Page cache hash table entries: 32768 (order 5, 128k)
Mar 26 11:45:19 rogue kernel: Checking 386/387 coupling... OK, FPU using exception 16 error reporting.
Mar 26 11:45:19 rogue kernel: Checking 'hlt' instruction... OK.
Mar 26 11:45:19 rogue kernel: POSIX conformance testing by UNIFIX
Mar 26 11:45:19 rogue kernel: mtrr: v1.35a (19990819) Richard Gooch (rgooch@atnf.csiro.au)
Mar 26 11:45:19 rogue kernel: per-CPU timeslice cutoff: 25.03 usecs.
Mar 26 11:45:19 rogue kernel: CPU1: Intel Celeron (Mendocino) stepping 05
Mar 26 11:45:19 rogue kernel: calibrating APIC timer ... 
Mar 26 11:45:19 rogue kernel: ..... CPU clock speed is 367.5122 MHz.
Mar 26 11:45:19 rogue kernel: ..... system bus clock speed is 66.8203 MHz.
Mar 26 11:45:19 rogue kernel: Booting processor 0 eip 2000
Mar 26 11:45:19 rogue kernel: Calibrating delay loop... 734.00 BogoMIPS
Mar 26 11:45:19 rogue kernel: OK.
Mar 26 11:45:19 rogue kernel: CPU0: Intel Celeron (Mendocino) stepping 05
Mar 26 11:45:19 rogue kernel: Total of 2 processors activated (1468.01 BogoMIPS).
Mar 26 11:45:19 rogue kernel: enabling symmetric IO mode... ...done.
Mar 26 11:45:19 rogue kernel: ENABLING IO-APIC IRQs
Mar 26 11:45:19 rogue kernel: init IO_APIC IRQs
Mar 26 11:45:19 rogue kernel:  IO-APIC (apicid-pin) 2-0, 2-9, 2-10, 2-13, 2-17, 2-20, 2-21, 2-22, 2-23 not connected.
Mar 26 11:45:19 rogue kernel: number of MP IRQ sources: 18.
Mar 26 11:45:19 rogue kernel: number of IO-APIC #2 registers: 24.
Mar 26 11:45:19 rogue kernel: testing the IO APIC.......................
Mar 26 11:45:19 rogue kernel: 
Mar 26 11:45:19 rogue kernel: IO APIC #2......
Mar 26 11:45:19 rogue kernel: .... register #00: 02000000
Mar 26 11:45:19 rogue kernel: .......    : physical APIC id: 02
Mar 26 11:45:19 rogue kernel: .... register #01: 00170011
Mar 26 11:45:19 rogue kernel: .......     : max redirection entries: 0017
Mar 26 11:45:19 rogue kernel: .......     : IO APIC version: 0011
Mar 26 11:45:19 rogue kernel: .... register #02: 00000000
Mar 26 11:45:19 rogue kernel: .......     : arbitration: 00
Mar 26 11:45:19 rogue kernel: .... IRQ redirection table:
Mar 26 11:45:19 rogue kernel:  NR Log Phy Mask Trig IRR Pol Stat Dest Deli Vect:   
Mar 26 11:45:19 rogue kernel:  00 000 00  1    0    0   0   0    0    0    00
Mar 26 11:45:19 rogue kernel:  01 000 00  0    0    0   0   0    1    1    59
Mar 26 11:45:19 rogue kernel:  02 0FF 0F  0    0    0   0   0    1    1    51
Mar 26 11:45:19 rogue kernel:  03 000 00  0    0    0   0   0    1    1    61
Mar 26 11:45:19 rogue kernel:  04 000 00  0    0    0   0   0    1    1    69
Mar 26 11:45:19 rogue kernel:  05 000 00  0    0    0   0   0    1    1    71
Mar 26 11:45:19 rogue kernel:  06 000 00  0    0    0   0   0    1    1    79
Mar 26 11:45:19 rogue kernel:  07 000 00  0    0    0   0   0    1    1    81
Mar 26 11:45:19 rogue kernel:  08 000 00  0    0    0   0   0    1    1    89
Mar 26 11:45:19 rogue kernel:  09 000 00  1    0    0   0   0    0    0    00
Mar 26 11:45:19 rogue kernel:  0a 000 00  1    0    0   0   0    0    0    00
Mar 26 11:45:19 rogue kernel:  0b 000 00  0    0    0   0   0    1    1    91
Mar 26 11:45:19 rogue kernel:  0c 000 00  0    0    0   0   0    1    1    99
Mar 26 11:45:19 rogue kernel:  0d 000 00  1    0    0   0   0    0    0    00
Mar 26 11:45:19 rogue kernel:  0e 000 00  0    0    0   0   0    1    1    A1
Mar 26 11:45:19 rogue kernel:  0f 000 00  0    0    0   0   0    1    1    A9
Mar 26 11:45:19 rogue kernel:  10 0FF 0F  1    1    0   1   0    1    1    B1
Mar 26 11:45:19 rogue kernel:  11 000 00  1    0    0   0   0    0    0    00
Mar 26 11:45:19 rogue kernel:  12 0FF 0F  1    1    0   1   0    1    1    B9
Mar 26 11:45:19 rogue kernel:  13 0FF 0F  1    1    0   1   0    1    1    C1
Mar 26 11:45:19 rogue kernel:  14 000 00  1    0    0   0   0    0    0    00
Mar 26 11:45:19 rogue kernel:  15 000 00  1    0    0   0   0    0    0    00
Mar 26 11:45:19 rogue kernel:  16 000 00  1    0    0   0   0    0    0    00
Mar 26 11:45:19 rogue kernel:  17 000 00  1    0    0   0   0    0    0    00
Mar 26 11:45:19 rogue kernel: IRQ to pin mappings:
Mar 26 11:45:19 rogue kernel: IRQ0 -> 2
Mar 26 11:45:19 rogue kernel: IRQ1 -> 1
Mar 26 11:45:19 rogue kernel: IRQ3 -> 3
Mar 26 11:45:19 rogue kernel: IRQ4 -> 4
Mar 26 11:45:19 rogue kernel: IRQ5 -> 5
Mar 26 11:45:19 rogue kernel: IRQ6 -> 6
Mar 26 11:45:19 rogue kernel: IRQ7 -> 7
Mar 26 11:45:19 rogue kernel: IRQ8 -> 8
Mar 26 11:45:19 rogue kernel: IRQ11 -> 11
Mar 26 11:45:19 rogue kernel: IRQ12 -> 12
Mar 26 11:45:19 rogue kernel: IRQ14 -> 14
Mar 26 11:45:19 rogue kernel: IRQ15 -> 15
Mar 26 11:45:19 rogue kernel: IRQ16 -> 16
Mar 26 11:45:19 rogue kernel: IRQ18 -> 18
Mar 26 11:45:19 rogue kernel: IRQ19 -> 19
Mar 26 11:45:19 rogue kernel: .................................... done.
Mar 26 11:45:19 rogue kernel: checking TSC synchronization across CPUs: passed.
Mar 26 11:45:19 rogue kernel: PCI: PCI BIOS revision 2.10 entry at 0xf0730
Mar 26 11:45:19 rogue kernel: PCI: Using configuration type 1
Mar 26 11:45:19 rogue kernel: PCI: Probing PCI hardware
Mar 26 11:45:19 rogue kernel: PCI->APIC IRQ transform: (B0,I4,P3) -> 19
Mar 26 11:45:19 rogue kernel: PCI->APIC IRQ transform: (B0,I9,P0) -> 19
Mar 26 11:45:19 rogue kernel: PCI->APIC IRQ transform: (B0,I9,P0) -> 19
Mar 26 11:45:19 rogue kernel: PCI->APIC IRQ transform: (B0,I10,P0) -> 18
Mar 26 11:45:19 rogue kernel: PCI->APIC IRQ transform: (B0,I12,P0) -> 16
Mar 26 11:45:19 rogue kernel: Linux NET4.0 for Linux 2.2
Mar 26 11:45:19 rogue kernel: Based upon Swansea University Computer Society NET3.039
Mar 26 11:45:19 rogue kernel: NET4: Unix domain sockets 1.0 for Linux NET4.0.
Mar 26 11:45:19 rogue kernel: NET4: Linux TCP/IP 1.0 for NET4.0
Mar 26 11:45:19 rogue kernel: IP Protocols: ICMP, UDP, TCP
Mar 26 11:45:19 rogue kernel: TCP: Hash tables configured (ehash 131072 bhash 65536)
Mar 26 11:45:19 rogue kernel: Starting kswapd v 1.5 
Mar 26 11:45:19 rogue kernel: Detected PS/2 Mouse Port.
Mar 26 11:45:19 rogue kernel: pty: 256 Unix98 ptys configured
Mar 26 11:45:19 rogue kernel: apm: BIOS version 1.2 Flags 0x03 (Driver version 1.12)
Mar 26 11:45:19 rogue kernel: apm: disabled - APM is not SMP safe.
Mar 26 11:45:19 rogue kernel: Real Time Clock Driver v1.09
Mar 26 11:45:19 rogue kernel: Sound initialization started
Mar 26 11:45:19 rogue kernel: Sound initialization complete
Mar 26 11:45:19 rogue kernel: js: Joystick driver v1.2.15 (c) 1999 Vojtech Pavlik <vojtech@suse.cz>
Mar 26 11:45:19 rogue kernel: Linux video capture interface: v1.00
Mar 26 11:45:19 rogue kernel: RAM disk driver initialized:  16 RAM disks of 4096K size
Mar 26 11:45:19 rogue kernel: loop: registered device at major 7
Mar 26 11:45:19 rogue kernel: Couldn't register Twofish encryption
Mar 26 11:45:19 rogue kernel: PIIX4: IDE controller on PCI bus 00 dev 21
Mar 26 11:45:19 rogue kernel: PIIX4: not 100% native mode: will probe irqs later
Mar 26 11:45:19 rogue kernel:     ide0: BM-DMA at 0xb800-0xb807, BIOS settings: hda:DMA, hdb:DMA
Mar 26 11:45:19 rogue kernel:     ide1: BM-DMA at 0xb808-0xb80f, BIOS settings: hdc:DMA, hdd:DMA
Mar 26 11:45:19 rogue kernel: hda: ST38641A, ATA DISK drive
Mar 26 11:45:19 rogue kernel: hdb: MATSHITA CR-583, ATAPI CDROM drive
Mar 26 11:45:19 rogue kernel: hdc: QUANTUM FIREBALL_TM2550A, ATA DISK drive
Mar 26 11:45:19 rogue kernel: hdd: OnStream DI-30, ATAPI TAPE drive
Mar 26 11:45:19 rogue kernel: ide0 at 0x1f0-0x1f7,0x3f6 on irq 14
Mar 26 11:45:19 rogue kernel: ide1 at 0x170-0x177,0x376 on irq 15
Mar 26 11:45:19 rogue kernel: hda: ST38641A, 8207MB w/128kB Cache, CHS=1046/255/63, UDMA
Mar 26 11:45:19 rogue kernel: hdc: QUANTUM FIREBALL_TM2550A, 2445MB w/76kB Cache, CHS=4969/16/63
Mar 26 11:45:19 rogue kernel: Floppy drive(s): fd0 is 1.44M
Mar 26 11:45:19 rogue kernel: FDC 0 is a post-1991 82077
Mar 26 11:45:19 rogue kernel: md driver 0.36.6 MAX_MD_DEV=4, MAX_REAL=8
Mar 26 11:45:19 rogue kernel: linear personality registered
Mar 26 11:45:19 rogue kernel: (scsi0) <Adaptec AHA-294X Ultra SCSI host adapter> found at PCI 0/12/0
Mar 26 11:45:19 rogue kernel: (scsi0) Wide Channel, SCSI ID=7, 16/255 SCBs
Mar 26 11:45:19 rogue kernel: (scsi0) Downloading sequencer code... 423 instructions downloaded
Mar 26 11:45:19 rogue kernel: scsi0 : Adaptec AHA274x/284x/294x (EISA/VLB/PCI-Fast SCSI) 5.1.28/3.2.4
Mar 26 11:45:19 rogue kernel:        <Adaptec AHA-294X Ultra SCSI host adapter>
Mar 26 11:45:19 rogue kernel: scsi : 1 host.
Mar 26 11:45:19 rogue kernel: (scsi0:0:1:0) Synchronous at 20.0 Mbyte/sec, offset 15.
Mar 26 11:45:19 rogue kernel:   Vendor: TOSHIBA   Model: DVD-ROM SD-M1201  Rev: 1R04
Mar 26 11:45:19 rogue kernel:   Type:   CD-ROM                             ANSI SCSI revision: 02
Mar 26 11:45:19 rogue kernel: scsi : detected total.
Mar 26 11:45:19 rogue kernel: Partition check:
Mar 26 11:45:19 rogue kernel:  hda:hda: set_multmode: status=0x51 { DriveReady SeekComplete Error }
Mar 26 11:45:19 rogue kernel: hda: set_multmode: error=0x04 { DriveStatusError }
Mar 26 11:45:19 rogue kernel:  hda1 hda2 hda3 hda4
Mar 26 11:45:19 rogue kernel:  hdc: [PTBL] [621/128/63] hdc1
Mar 26 11:45:19 rogue kernel: Registered serpent (7)
Mar 26 11:45:19 rogue kernel: Registered serpent-cbc (65543)
Mar 26 11:45:19 rogue kernel: Registered rc5 (17)
Mar 26 11:45:19 rogue kernel: Registered rc5-cbc (65553)
Mar 26 11:45:19 rogue kernel: Registered rc6 (11)
Mar 26 11:45:19 rogue kernel: Registered rc6-cbc (65547)
Mar 26 11:45:19 rogue kernel: Registered mars (8)
Mar 26 11:45:19 rogue kernel: Registered mars-cbc (65544)
Mar 26 11:45:19 rogue kernel: Registered dfc (15)
Mar 26 11:45:19 rogue kernel: Registered dfc-cbc (65551)
Mar 26 11:45:19 rogue kernel: Registered blowfish (4)
Mar 26 11:45:19 rogue kernel: Registered blowfish-cbc (65540)
Mar 26 11:45:19 rogue kernel: Registered idea (6)
Mar 26 11:45:19 rogue kernel: Registered idea-cbc (65542)
Mar 26 11:45:19 rogue kernel: Registered des (2)
Mar 26 11:45:19 rogue kernel: Registered des-cbc (65538)
Mar 26 11:45:19 rogue kernel: VFS: Mounted root (ext2 filesystem) readonly.
Mar 26 11:45:19 rogue kernel: Freeing unused kernel memory: 60k freed
Mar 26 11:45:19 rogue kernel: Adding Swap: 128516k swap-space (priority -1)
Mar 26 11:45:19 rogue kernel: ide-tape: Although the recommended polling period is 100 jiffies
Mar 26 11:45:19 rogue kernel: ide-tape: we will use 40 jiffies
Mar 26 11:45:19 rogue kernel: ide-tape: hdd <-> ht0, 990KBps, 2048*1kB buffer, 100kB pipeline, 400ms tDSC, DMA
Mar 26 11:45:19 rogue kernel: raid0 personality registered
Mar 26 11:45:19 rogue kernel: i2c: initialized
Mar 26 11:45:19 rogue kernel: bttv0: Brooktree Bt878 (rev 17) bus: 0, devfn: 72, irq: 19, memory: 0xe3000000.
Mar 26 11:45:19 rogue kernel: PCI: Increasing latency timer of device 00:48 to 64
Mar 26 11:45:19 rogue kernel: bttv: 1 Bt8xx card(s) found.
Mar 26 11:45:19 rogue kernel: bttv0: Hauppauge eeprom: tuner=Philips FI1216MF MK2 (3)
Mar 26 11:45:19 rogue kernel: bttv0: fader chip: TEA6300
Mar 26 11:45:19 rogue kernel: bttv0: model: BT878(Hauppauge new)
Mar 26 11:45:19 rogue kernel: js0: Analog 3-axis 4-button joystick at 0x201 [TSC timer, 367 MHz clock, 1923 ns res]
Mar 26 11:45:19 rogue kernel: 3c59x.c:v0.99H 11/17/98 Donald Becker 
http://cesdis.gsfc.nasa.gov/linux/drivers/vortex.html
Mar 26 11:45:19 rogue kernel: eth0: 3Com 3c905B Cyclone 100baseTx at 0xb000,  00:50:04:61:93:1c, IRQ 18
Mar 26 11:45:19 rogue kernel:   8K byte-wide RAM 5:3 Rx:Tx split, autoselect/Autonegotiate interface.
Mar 26 11:45:19 rogue kernel:   MII transceiver found at address 24, status 7849.
Mar 26 11:45:19 rogue kernel:   MII transceiver found at address 0, status 7849.
Mar 26 11:45:19 rogue kernel:   Enabling bus-master transmits and whole-frame receives.
Mar 26 11:45:19 rogue kernel: eth0: Overriding PCI latency timer (CFLT) setting of 0, new value is 32.
Mar 26 11:45:19 rogue kernel: CSLIP: code copyright 1989 Regents of the University of California
Mar 26 11:45:19 rogue kernel: PPP: version 2.3.7 (demand dialling)
Mar 26 11:45:19 rogue kernel: PPP line discipline registered.
Mar 26 11:45:19 rogue kernel: Serial driver version 4.27 with SHARE_IRQ DETECT_IRQ enabled
Mar 26 11:45:19 rogue kernel: ttyS00 at 0x03f8 (irq = 4) is a 16550A
Mar 26 11:45:19 rogue kernel: ttyS01 at 0x02f8 (irq = 3) is a 16550A
Mar 26 11:45:19 rogue kernel: ttyS02 at 0x03e8 (irq = 11) is a 16550A
Mar 26 11:45:19 rogue automount[172]: starting automounter version 3.1.4, path = /mnt, maptype = file, mapname = /etc/auto.mnt
Mar 26 11:45:19 rogue automount[172]: Map argc = 1
Mar 26 11:45:19 rogue automount[172]: Map argv[0] = /etc/auto.mnt
Mar 26 11:45:19 rogue automount[172]: using kernel protocol version 3
Mar 26 11:45:26 rogue /usr/sbin/cron[270]: (CRON) INFO (pidfile fd = 3)
Mar 26 11:45:26 rogue /usr/sbin/cron[271]: (CRON) STARTUP (fork ok)
Mar 26 11:48:31 rogue kernel: hdd: timeout waiting for DMA
Mar 26 11:48:31 rogue kernel: hdd: irq timeout: status=0xd8 { Busy }
Mar 26 11:48:31 rogue kernel: hdd: DMA disabled
Mar 26 11:48:31 rogue kernel: hdd: ATAPI reset complete
Mar 26 11:48:31 rogue kernel: ide-tape: The tape wants to send us more data than expected - discarding data
Mar 26 11:48:32 rogue last message repeated 140 times
Mar 26 11:49:32 rogue kernel: hdd: lost interrupt
Mar 26 11:49:32 rogue kernel: ide-tape: The tape wants to send us more data than expected - discarding data
Mar 26 11:50:01 rogue /USR/SBIN/CRON[299]: (root) CMD ( test -f /etc/ipac.conf && test -f /usr/sbin/fetchipac && test -f /var/run/ip-accounting-rules && /usr/sbin/fetchipac)
Mar 26 11:50:32 rogue kernel: hdd: lost interrupt
Mar 26 11:50:32 rogue kernel: ide-tape: The tape wants to send us more data than expected - discarding data
Mar 26 11:50:56 rogue init: Switching to runlevel: 6
Mar 26 11:51:02 rogue automount[172]: shutting down, path = /mnt
Mar 26 11:51:03 rogue kernel: Kernel logging (proc) stopped.
Mar 26 11:51:03 rogue kernel: Kernel log daemon terminating.
Mar 26 11:51:03 rogue exiting on signal 15
Mar 26 09:30:21 rogue syslogd 1.3-3#33: restart.
Mar 26 09:30:21 rogue kernel: klogd 1.3-3#33, log source = /proc/kmsg started.
Mar 26 09:30:21 rogue kernel: Inspecting /boot/System.map-2.3.51
Mar 26 09:30:22 rogue automount[180]: starting automounter version 3.1.4, path = /mnt, maptype = file, mapname = /etc/auto.mnt
Mar 26 09:30:22 rogue automount[180]: Map argc = 1
Mar 26 09:30:22 rogue automount[180]: Map argv[0] = /etc/auto.mnt
Mar 26 09:30:22 rogue kernel: Loaded 15176 symbols from /boot/System.map-2.3.51.
Mar 26 09:30:22 rogue kernel: Symbols match kernel version 2.3.51.
Mar 26 09:30:22 rogue kernel: Loaded 91 symbols from 8 modules.
Mar 26 09:30:22 rogue kernel: Linux version 2.3.51 (root@rogue) (gcc version 2.95.2 20000220 (Debian GNU/Linux)) #3 SMP Sat Mar 25 08:53:13 CET 2000
Mar 26 09:30:22 rogue kernel: e820: 0009fc00 @ 00000000 (usable)
Mar 26 09:30:22 rogue kernel: e820: 00000400 @ 0009fc00 (reserved)
Mar 26 09:30:22 rogue kernel: e820: 00010000 @ 000f0000 (reserved)
Mar 26 09:30:22 rogue kernel: e820: 07efd000 @ 00100000 (usable)
Mar 26 09:30:22 rogue kernel: e820: 00002000 @ 07ffd000 (ACPI data)
Mar 26 09:30:22 rogue kernel: e820: 00001000 @ 07fff000 (ACPI NVS)
Mar 26 09:30:22 rogue kernel: e820: 00001000 @ fec00000 (reserved)
Mar 26 09:30:22 rogue kernel: e820: 00001000 @ fee00000 (reserved)
Mar 26 09:30:22 rogue kernel: e820: 00010000 @ ffff0000 (reserved)
Mar 26 09:30:22 rogue kernel: Scan SMP from c0000000 for 1024 bytes.
Mar 26 09:30:22 rogue kernel: Scan SMP from c009fc00 for 1024 bytes.
Mar 26 09:30:22 rogue kernel: Scan SMP from c00f0000 for 65536 bytes.
Mar 26 09:30:22 rogue kernel: found SMP MP-table at 000f6e80
Mar 26 09:30:22 rogue kernel: hm, page 000f6000 reserved twice.
Mar 26 09:30:22 rogue kernel: hm, page 000f7000 reserved twice.
Mar 26 09:30:22 rogue kernel: hm, page 000f6000 reserved twice.
Mar 26 09:30:22 rogue kernel: hm, page 000f7000 reserved twice.
Mar 26 09:30:22 rogue kernel: On node 0 totalpages: 32765
Mar 26 09:30:22 rogue kernel: zone(0): 4096 pages.
Mar 26 09:30:22 rogue kernel: zone(1): 28669 pages.
Mar 26 09:30:22 rogue kernel: zone(2): 0 pages.
Mar 26 09:30:22 rogue kernel: Intel MultiProcessor Specification v1.4
Mar 26 09:30:22 rogue kernel:     Virtual Wire compatibility mode.
Mar 26 09:30:22 rogue kernel: OEM ID: OEM00000 Product ID: PROD00000000 APIC at: 0xFEE00000
Mar 26 09:30:22 rogue kernel: Processor #1 Pentium(tm) Pro APIC version 17
Mar 26 09:30:22 rogue kernel:     Floating point unit present.
Mar 26 09:30:22 rogue kernel:     Machine Exception supported.
Mar 26 09:30:22 rogue kernel:     64 bit compare & exchange supported.
Mar 26 09:30:22 rogue kernel:     Internal APIC present.
Mar 26 09:30:22 rogue kernel:     Bootup CPU
Mar 26 09:30:22 rogue kernel: Processor #0 Pentium(tm) Pro APIC version 17
Mar 26 09:30:22 rogue kernel:     Floating point unit present.
Mar 26 09:30:22 rogue kernel:     Machine Exception supported.
Mar 26 09:30:22 rogue kernel:     64 bit compare & exchange supported.
Mar 26 09:30:22 rogue kernel:     Internal APIC present.
Mar 26 09:30:22 rogue kernel: Bus #0 is PCI   
Mar 26 09:30:22 rogue kernel: Bus #1 is PCI   
Mar 26 09:30:22 rogue kernel: Bus #2 is ISA   
Mar 26 09:30:22 rogue kernel: I/O APIC #2 Version 17 at 0xFEC00000.
Mar 26 09:30:22 rogue kernel: Processors: 2
Mar 26 09:30:22 rogue kernel: mapped APIC to ffffe000 (fee00000)
Mar 26 09:30:22 rogue kernel: mapped IOAPIC to ffffd000 (fec00000)
Mar 26 09:30:22 rogue kernel: Initializing CPU#0
Mar 26 09:30:22 rogue kernel: Detected 367511409 Hz processor.
Mar 26 09:30:22 rogue kernel: Console: colour VGA+ 132x44
Mar 26 09:30:22 rogue kernel: Calibrating delay loop... 366.18 BogoMIPS
Mar 26 09:30:22 rogue kernel: Memory: 125296k/131060k available (1935k kernel code, 5376k reserved, 190k data, 172k init, 0k highmem)
Mar 26 09:30:22 rogue kernel: Buffer-cache hash table entries: 4096 (order: 2, 16384 bytes)
Mar 26 09:30:22 rogue kernel: Page-cache hash table entries: 32768 (order: 5, 131072 bytes)
Mar 26 09:30:22 rogue kernel: Checking 386/387 coupling... OK, FPU using exception 16 error reporting.
Mar 26 09:30:22 rogue kernel: Checking 'hlt' instruction... OK.
Mar 26 09:30:22 rogue kernel: POSIX conformance testing by UNIFIX
Mar 26 09:30:22 rogue kernel: mtrr: v1.36 (20000221) Richard Gooch (rgooch@atnf.csiro.au)
Mar 26 09:30:22 rogue kernel: CPU0: Intel Celeron (Mendocino) stepping 05
Mar 26 09:30:22 rogue kernel: per-CPU timeslice cutoff: 357.14 usecs.
Mar 26 09:30:22 rogue kernel: Getting VERSION: 40011
Mar 26 09:30:22 rogue kernel: Getting VERSION: 40011
Mar 26 09:30:22 rogue kernel: Getting LVT0: 8700
Mar 26 09:30:22 rogue kernel: Getting LVT1: 400
Mar 26 09:30:22 rogue kernel: enabled ExtINT on CPU#0
Mar 26 09:30:22 rogue kernel: ESR value before enabling vector: 00000000
Mar 26 09:30:22 rogue kernel: ESR value after enabling vector: 00000000
Mar 26 09:30:22 rogue kernel: CPU present map: 3
Mar 26 09:30:22 rogue kernel: Booting processor 1 eip 2000
Mar 26 09:30:22 rogue kernel: Setting warm reset code and vector.
Mar 26 09:30:22 rogue kernel: 1.
Mar 26 09:30:22 rogue kernel: 2.
Mar 26 09:30:22 rogue kernel: 3.
Mar 26 09:30:22 rogue kernel: Asserting INIT.
Mar 26 09:30:22 rogue kernel: Deasserting INIT.
Mar 26 09:30:22 rogue kernel: #startup loops: 2.
Mar 26 09:30:22 rogue kernel: Sending STARTUP #1.
Mar 26 09:30:22 rogue kernel: After apic_write.
Mar 26 09:30:22 rogue kernel: Startup point 1.
Mar 26 09:30:22 rogue kernel: Waiting for send to finish...
Mar 26 09:30:22 rogue kernel: Initializing CPU#1
Mar 26 09:30:22 rogue kernel: +CPU#1 (phys ID: 0) waiting for CALLOUT
Mar 26 09:30:22 rogue kernel: Sending STARTUP #2.
Mar 26 09:30:22 rogue kernel: After apic_write.
Mar 26 09:30:22 rogue kernel: Startup point 1.
Mar 26 09:30:22 rogue kernel: Waiting for send to finish...
Mar 26 09:30:22 rogue kernel: +After Startup.
Mar 26 09:30:22 rogue kernel: Before Callout 1.
Mar 26 09:30:22 rogue kernel: After Callout 1.
Mar 26 09:30:22 rogue kernel: CALLIN, before setup_local_APIC().
Mar 26 09:30:22 rogue kernel: masked ExtINT on CPU#1
Mar 26 09:30:22 rogue kernel: ESR value before enabling vector: 00000000
Mar 26 09:30:22 rogue kernel: ESR value after enabling vector: 00000000
Mar 26 09:30:22 rogue kernel: Calibrating delay loop... 367.00 BogoMIPS
Mar 26 09:30:22 rogue kernel: Stack at about c126ffbc
Mar 26 09:30:22 rogue kernel: OK.
Mar 26 09:30:22 rogue kernel: CPU1: Intel Celeron (Mendocino) stepping 05
Mar 26 09:30:22 rogue kernel: CPU has booted.
Mar 26 09:30:22 rogue kernel: Before bogomips.
Mar 26 09:30:22 rogue kernel: Total of 2 processors activated (733.18 BogoMIPS).
Mar 26 09:30:22 rogue kernel: Before bogocount - setting activated=1.
Mar 26 09:30:22 rogue kernel: Boot done.
Mar 26 09:30:22 rogue kernel: ENABLING IO-APIC IRQs
Mar 26 09:30:22 rogue kernel: ...changing IO-APIC physical APIC ID to 2 ... ok.
Mar 26 09:30:22 rogue kernel: init IO_APIC IRQs
Mar 26 09:30:22 rogue kernel:  IO-APIC (apicid-pin) 2-0, 2-9, 2-10, 2-13, 2-17, 2-20, 2-21, 2-22, 2-23 not connected.
Mar 26 09:30:22 rogue kernel: ..TIMER: vector=81 pin1=2 pin2=0
Mar 26 09:30:22 rogue kernel: activating NMI Watchdog ... done.
Mar 26 09:30:22 rogue kernel: number of MP IRQ sources: 18.
Mar 26 09:30:22 rogue kernel: number of IO-APIC #2 registers: 24.
Mar 26 09:30:22 rogue kernel: testing the IO APIC.......................
Mar 26 09:30:22 rogue kernel: 
Mar 26 09:30:22 rogue kernel: IO APIC #2......
Mar 26 09:30:22 rogue kernel: .... register #00: 02000000
Mar 26 09:30:22 rogue kernel: .......    : physical APIC id: 02
Mar 26 09:30:22 rogue kernel: .... register #01: 00170011
Mar 26 09:30:22 rogue kernel: .......     : max redirection entries: 0017
Mar 26 09:30:22 rogue kernel: .......     : IO APIC version: 0011
Mar 26 09:30:22 rogue kernel: .... register #02: 00000000
Mar 26 09:30:22 rogue kernel: .......     : arbitration: 00
Mar 26 09:30:22 rogue kernel: .... IRQ redirection table:
Mar 26 09:30:22 rogue kernel:  NR Log Phy Mask Trig IRR Pol Stat Dest Deli Vect:   
Mar 26 09:30:22 rogue kernel:  00 000 00  1    0    0   0   0    0    0    00
Mar 26 09:30:22 rogue kernel:  01 0FF 0F  0    0    0   0   0    1    1    59
Mar 26 09:30:22 rogue kernel:  02 0FF 0F  0    0    0   0   0    1    1    51
Mar 26 09:30:22 rogue kernel:  03 0FF 0F  0    0    0   0   0    1    1    61
Mar 26 09:30:22 rogue kernel:  04 0FF 0F  0    0    0   0   0    1    1    69
Mar 26 09:30:22 rogue kernel:  05 0FF 0F  0    0    0   0   0    1    1    71
Mar 26 09:30:22 rogue kernel:  06 0FF 0F  0    0    0   0   0    1    1    79
Mar 26 09:30:22 rogue kernel:  07 0FF 0F  0    0    0   0   0    1    1    81
Mar 26 09:30:22 rogue kernel:  08 0FF 0F  0    0    0   0   0    1    1    89
Mar 26 09:30:22 rogue kernel:  09 000 00  1    0    0   0   0    0    0    00
Mar 26 09:30:22 rogue kernel:  0a 000 00  1    0    0   0   0    0    0    00
Mar 26 09:30:22 rogue kernel:  0b 0FF 0F  0    0    0   0   0    1    1    91
Mar 26 09:30:22 rogue kernel:  0c 0FF 0F  0    0    0   0   0    1    1    99
Mar 26 09:30:22 rogue kernel:  0d 000 00  1    0    0   0   0    0    0    00
Mar 26 09:30:22 rogue kernel:  0e 0FF 0F  0    0    0   0   0    1    1    A1
Mar 26 09:30:22 rogue kernel:  0f 0FF 0F  0    0    0   0   0    1    1    A9
Mar 26 09:30:22 rogue kernel:  10 0FF 0F  1    1    0   1   0    1    1    B1
Mar 26 09:30:22 rogue kernel:  11 000 00  1    0    0   0   0    0    0    00
Mar 26 09:30:22 rogue kernel:  12 0FF 0F  1    1    0   1   0    1    1    B9
Mar 26 09:30:22 rogue kernel:  13 0FF 0F  1    1    0   1   0    1    1    C1
Mar 26 09:30:22 rogue kernel:  14 000 00  1    0    0   0   0    0    0    00
Mar 26 09:30:22 rogue kernel:  15 000 00  1    0    0   0   0    0    0    00
Mar 26 09:30:22 rogue kernel:  16 000 00  1    0    0   0   0    0    0    00
Mar 26 09:30:22 rogue kernel:  17 000 00  1    0    0   0   0    0    0    00
Mar 26 09:30:22 rogue kernel: IRQ to pin mappings:
Mar 26 09:30:22 rogue kernel: IRQ0 -> 2
Mar 26 09:30:22 rogue kernel: IRQ1 -> 1
Mar 26 09:30:22 rogue kernel: IRQ3 -> 3
Mar 26 09:30:22 rogue kernel: IRQ4 -> 4
Mar 26 09:30:22 rogue kernel: IRQ5 -> 5
Mar 26 09:30:22 rogue kernel: IRQ6 -> 6
Mar 26 09:30:22 rogue kernel: IRQ7 -> 7
Mar 26 09:30:22 rogue kernel: IRQ8 -> 8
Mar 26 09:30:22 rogue kernel: IRQ11 -> 11
Mar 26 09:30:22 rogue kernel: IRQ12 -> 12
Mar 26 09:30:22 rogue kernel: IRQ14 -> 14
Mar 26 09:30:22 rogue kernel: IRQ15 -> 15
Mar 26 09:30:22 rogue kernel: IRQ16 -> 16
Mar 26 09:30:22 rogue kernel: IRQ18 -> 18
Mar 26 09:30:22 rogue kernel: IRQ19 -> 19
Mar 26 09:30:22 rogue kernel: .................................... done.
Mar 26 09:30:22 rogue kernel: calibrating APIC timer ... 
Mar 26 09:30:22 rogue kernel: ..... CPU clock speed is 367.4468 MHz.
Mar 26 09:30:22 rogue kernel: ..... host bus clock speed is 66.8083 MHz.
Mar 26 09:30:22 rogue kernel: cpu: 0, clocks: 668083, slice: 222694
Mar 26 09:30:22 rogue kernel: CPU0<C0:668080,C:445376,D:10,S:222694,C:668083>
Mar 26 09:30:22 rogue kernel: cpu: 1, clocks: 668083, slice: 222694
Mar 26 09:30:22 rogue kernel: CPU1<C0:668080,C:222688,D:4,S:222694,C:668083>
Mar 26 09:30:22 rogue kernel: checking TSC synchronization across CPUs: passed.
Mar 26 09:30:22 rogue kernel: Setting commenced=1, go go go
Mar 26 09:30:22 rogue kernel: PCI: PCI BIOS revision 2.10 entry at 0xf0730
Mar 26 09:30:22 rogue kernel: PCI: Using configuration type 1
Mar 26 09:30:22 rogue kernel: PCI: Probing PCI hardware
Mar 26 09:30:22 rogue kernel: PCI: Interrupt Routing Table found at 0xc00f0d20 [router type 8086/122e]
Mar 26 09:30:22 rogue kernel: PCI->APIC IRQ transform: (B0,I4,P3) -> 19
Mar 26 09:30:22 rogue kernel: PCI->APIC IRQ transform: (B0,I9,P0) -> 19
Mar 26 09:30:22 rogue kernel: PCI->APIC IRQ transform: (B0,I9,P0) -> 19
Mar 26 09:30:22 rogue kernel: PCI->APIC IRQ transform: (B0,I10,P0) -> 18
Mar 26 09:30:22 rogue kernel: PCI->APIC IRQ transform: (B0,I12,P0) -> 16
Mar 26 09:30:22 rogue kernel: Limiting direct PCI/PCI transfers.
Mar 26 09:30:22 rogue kernel: usb.c: registered new driver hub
Mar 26 09:30:22 rogue kernel: Linux NET4.0 for Linux 2.3
Mar 26 09:30:22 rogue kernel: Based upon Swansea University Computer Society NET3.039
Mar 26 09:30:22 rogue kernel: NET4: Unix domain sockets 1.0/SMP for Linux NET4.0.
Mar 26 09:30:22 rogue kernel: NET4: Linux TCP/IP 1.0 for NET4.0
Mar 26 09:30:22 rogue kernel: IP Protocols: ICMP, UDP, TCP
Mar 26 09:30:22 rogue kernel: IP: routing cache hash table of 256 buckets, 4Kbytes
Mar 26 09:30:22 rogue kernel: TCP: Hash tables configured (established 4096 bind 5461)
Mar 26 09:30:22 rogue kernel: ACPI: "ASUS" found at 0x000f80a0
Mar 26 09:30:22 rogue kernel: apm: BIOS version 1.2 Flags 0x03 (Driver version 1.13)
Mar 26 09:30:22 rogue kernel: apm: disabled - APM is not SMP safe.
Mar 26 09:30:22 rogue kernel: Starting kswapd v1.6
Mar 26 09:30:22 rogue kernel: i2c-core.o: i2c core module
Mar 26 09:30:22 rogue kernel: i2c-dev.o: i2c /dev entries driver module
Mar 26 09:30:22 rogue kernel: i2c-core.o: driver i2c-dev dummy driver registered.
Mar 26 09:30:22 rogue kernel: i2c-algo-bit.o: i2c bit algorithm module
Mar 26 09:30:22 rogue kernel: pty: 256 Unix98 ptys configured
Mar 26 09:30:22 rogue kernel: js: Joystick driver v1.2.15 (c) 1999 Vojtech Pavlik <vojtech@suse.cz>
Mar 26 09:30:22 rogue kernel: js0: Analog 3-axis 4-button joystick at 0x201 [TSC timer, 366 MHz clock, 1933 ns res]
Mar 26 09:30:22 rogue kernel: Linux video capture interface: v1.00
Mar 26 09:30:22 rogue kernel: loop: registered device at major 7
Mar 26 09:30:22 rogue kernel: loop: enabling 8 loop devices
Mar 26 09:30:22 rogue kernel: Uniform Multi-Platform E-IDE driver Revision: 6.30
Mar 26 09:30:22 rogue kernel: ide: Assuming 40MHz system bus speed for PIO modes; override with idebus=xx
Mar 26 09:30:22 rogue kernel: PIIX4: IDE controller on PCI bus 00 dev 21
Mar 26 09:30:22 rogue kernel: PIIX4: not 100% native mode: will probe irqs later
Mar 26 09:30:22 rogue kernel:     ide0: BM-DMA at 0xb800-0xb807, BIOS settings: hda:DMA, hdb:DMA
Mar 26 09:30:22 rogue kernel:     ide1: BM-DMA at 0xb808-0xb80f, BIOS settings: hdc:DMA, hdd:DMA
Mar 26 09:30:22 rogue kernel: hda: ST38641A, ATA DISK drive
Mar 26 09:30:22 rogue kernel: hdb: MATSHITA CR-583, ATAPI CDROM drive
Mar 26 09:30:22 rogue kernel: hdc: QUANTUM FIREBALL_TM2550A, ATA DISK drive
Mar 26 09:30:22 rogue kernel: hdd: OnStream DI-30, ATAPI TAPE drive
Mar 26 09:30:22 rogue kernel: ide0 at 0x1f0-0x1f7,0x3f6 on irq 14
Mar 26 09:30:22 rogue kernel: ide1 at 0x170-0x177,0x376 on irq 15
Mar 26 09:30:22 rogue kernel: hda: ST38641A, 8207MB w/128kB Cache, CHS=1046/255/63, UDMA(33)
Mar 26 09:30:22 rogue kernel: hdc: QUANTUM FIREBALL_TM2550A, 2445MB w/76kB Cache, CHS=4969/16/63, DMA
Mar 26 09:30:22 rogue kernel: hdb: ATAPI 8X CD-ROM drive, 128kB Cache, DMA
Mar 26 09:30:22 rogue kernel: Uniform CD-ROM driver Revision: 3.07
Mar 26 09:30:22 rogue kernel: ide-tape: hdd <-> ht0: OnStream DI-30 rev 1.05
Mar 26 09:30:22 rogue kernel: ide-tape: hdd <-> ht0: 990KBps, 64*32kB buffer, 10208kB pipeline, 60ms tDSC, DMA
Mar 26 09:30:22 rogue kernel: Partition check:
Mar 26 09:30:22 rogue kernel:  hda: hda1 hda2 hda3 hda4
Mar 26 09:30:22 rogue kernel:  hdc: [PTBL] [621/128/63] hdc1
Mar 26 09:30:22 rogue kernel: Floppy drive(s): fd0 is 1.44M
Mar 26 09:30:22 rogue kernel: FDC 0 is a post-1991 82077
Mar 26 09:30:22 rogue kernel: md driver 0.90.0 MAX_MD_DEVS=256, MAX_REAL=12
Mar 26 09:30:22 rogue kernel: md.c: sizeof(mdp_super_t) = 4096
Mar 26 09:30:22 rogue kernel: (scsi0) <Adaptec AHA-294X Ultra SCSI host adapter> found at PCI 0/12/0
Mar 26 09:30:22 rogue kernel: (scsi0) Wide Channel, SCSI ID=7, 16/255 SCBs
Mar 26 09:30:22 rogue kernel: (scsi0) Downloading sequencer code... 422 instructions downloaded
Mar 26 09:30:22 rogue kernel: scsi0 : Adaptec AHA274x/284x/294x (EISA/VLB/PCI-Fast SCSI) 5.2.0/3.2.4
Mar 26 09:30:22 rogue kernel:        <Adaptec AHA-294X Ultra SCSI host adapter>
Mar 26 09:30:22 rogue kernel: scsi : 1 host.
Mar 26 09:30:22 rogue kernel: (scsi0:0:1:0) Synchronous at 20.0 Mbyte/sec, offset 15.
Mar 26 09:30:22 rogue kernel:   Vendor: TOSHIBA   Model: DVD-ROM SD-M1201  Rev: 1R04
Mar 26 09:30:22 rogue kernel:   Type:   CD-ROM                             ANSI SCSI revision: 02
Mar 26 09:30:22 rogue kernel: Detected scsi CD-ROM sr0 at scsi0, channel 0, id 1, lun 0
Mar 26 09:30:22 rogue kernel: (scsi0:0:12:0) Synchronous at 40.0 Mbyte/sec, offset 8.
Mar 26 09:30:22 rogue kernel:   Vendor: OEM       Model: DCRS04U           Rev: 0101
Mar 26 09:30:22 rogue kernel:   Type:   Direct-Access                      ANSI SCSI revision: 02
Mar 26 09:30:22 rogue kernel: Detected scsi disk sda at scsi0, channel 0, id 12, lun 0
Mar 26 09:30:22 rogue kernel: (scsi0:0:13:0) Synchronous at 40.0 Mbyte/sec, offset 8.
Mar 26 09:30:22 rogue kernel:   Vendor: IBMAS400  Model: DFHSS4W           Rev: 5353
Mar 26 09:30:22 rogue kernel:   Type:   Direct-Access                      ANSI SCSI revision: 02
Mar 26 09:30:22 rogue kernel: Detected scsi disk sdb at scsi0, channel 0, id 13, lun 0
Mar 26 09:30:22 rogue kernel: (scsi0:0:14:0) Synchronous at 40.0 Mbyte/sec, offset 8.
Mar 26 09:30:22 rogue kernel:   Vendor: IBMAS400  Model: DFHSS4W           Rev: 5353
Mar 26 09:30:22 rogue kernel:   Type:   Direct-Access                      ANSI SCSI revision: 02
Mar 26 09:30:22 rogue kernel: Detected scsi disk sdc at scsi0, channel 0, id 14, lun 0
Mar 26 09:30:22 rogue kernel: (scsi0:0:15:0) Synchronous at 40.0 Mbyte/sec, offset 8.
Mar 26 09:30:22 rogue kernel:   Vendor: IBMAS400  Model: DFHSS4W           Rev: 5353
Mar 26 09:30:22 rogue kernel:   Type:   Direct-Access                      ANSI SCSI revision: 02
Mar 26 09:30:22 rogue kernel: Detected scsi disk sdd at scsi0, channel 0, id 15, lun 0
Mar 26 09:30:22 rogue kernel: scsi : detected 1 SCSI cdrom 4 SCSI disks total.
Mar 26 09:30:22 rogue kernel: sr0: scsi3-mmc drive: 32x/32x cd/rw xa/form2 cdda tray
Mar 26 09:30:22 rogue kernel: SCSI device sda: hdwr sector= 512 bytes. Sectors= 8888543 [4340 MB] [4.3 GB]
Mar 26 09:30:22 rogue kernel:  sda: sda1
Mar 26 09:30:22 rogue kernel: SCSI device sdb: hdwr sector= 512 bytes. Sectors= 8813870 [4303 MB] [4.3 GB]
Mar 26 09:30:22 rogue kernel:  sdb: sdb1
Mar 26 09:30:22 rogue kernel: SCSI device sdc: hdwr sector= 512 bytes. Sectors= 8813870 [4303 MB] [4.3 GB]
Mar 26 09:30:22 rogue kernel:  sdc: sdc1
Mar 26 09:30:22 rogue kernel: SCSI device sdd: hdwr sector= 512 bytes. Sectors= 8813870 [4303 MB] [4.3 GB]
Mar 26 09:30:22 rogue kernel:  sdd: sdd1
Mar 26 09:30:22 rogue kernel: PPP generic driver version 2.4.0
Mar 26 09:30:22 rogue kernel: Linux agpgart interface v0.99 (c) Jeff Hartmann
Mar 26 09:30:22 rogue kernel: agpgart: Maximum main memory to use for agp memory: 94M
Mar 26 09:30:22 rogue kernel: agpgart: Detected Intel 440BX chipset
Mar 26 09:30:22 rogue kernel: agpgart: AGP aperture is 64M @ 0xe4000000
Mar 26 09:30:22 rogue kernel: Soundblaster audio driver Copyright (C) by Hannu Savolainen 1993-1996
Mar 26 09:30:22 rogue kernel: sb_card: I/O, IRQ, and DMA are mandatory
Mar 26 09:30:22 rogue kernel: SoftOSS driver Copyright (C) by Hannu Savolainen 1993-1997
Mar 26 09:30:22 rogue kernel: Linux PCMCIA Card Services 3.1.11
Mar 26 09:30:22 rogue kernel:   options:  [pci] [cardbus] [pm]
Mar 26 09:30:22 rogue kernel: Databook TCIC-2 PCMCIA probe: not found.
Mar 26 09:30:22 rogue kernel: ds: no socket drivers loaded!
Mar 26 09:30:22 rogue kernel: VFS: Mounted root (ext2 filesystem) readonly.
Mar 26 09:30:22 rogue kernel: Freeing unused kernel memory: 172k freed
Mar 26 09:30:22 rogue kernel: Adding Swap: 128516k swap-space (priority -1)
Mar 26 09:30:22 rogue kernel: raid0 personality registered
Mar 26 09:30:22 rogue kernel: bttv: driver version 0.7.21 loaded
Mar 26 09:30:22 rogue kernel: bttv: using 2 buffers with 2080k (4160k total) for capture
Mar 26 09:30:22 rogue kernel: bttv0: Brooktree Bt878 (rev 17) bus: 0, devfn: 72, irq: 19, memory: 0xe3000000.
Mar 26 09:30:22 rogue kernel: PCI: Increasing latency timer of device 00:09.0 to 64
Mar 26 09:30:22 rogue kernel: bttv: 1 Bt8xx card(s) found.
Mar 26 09:30:22 rogue kernel: i2c-dev.o: Registered 'bt848 #0' as minor 0
Mar 26 09:30:22 rogue kernel: i2c-core.o: adapter bt848 #0 registered as adapter 0.
Mar 26 09:30:22 rogue kernel: bttv0: i2c: checking for eeprom @ 0xa0... found
Mar 26 09:30:22 rogue kernel: bttv0: id: WinTV (0x0070), vendor: Hauppauge Computer Works Inc (0x13eb)
Mar 26 09:30:22 rogue kernel: bttv0:   => card=10 (Hauppauge new (bt878))
Mar 26 09:30:22 rogue kernel: bttv0: model: BT878(Hauppauge new (bt878))
Mar 26 09:30:22 rogue kernel: bttv0: Hauppauge eeprom: tuner=Philips FI1216MF MK2 (3)
Mar 26 09:30:22 rogue kernel: bttv0: Hauppauge msp34xx: reset line init
Mar 26 09:30:22 rogue kernel: bttv0: i2c: checking for MSP34xx @ 0x80... found
Mar 26 09:30:22 rogue kernel: i2c-core.o: adapter unregistered: bt848 #0
Mar 26 09:30:22 rogue kernel: i2c-dev.o: Registered 'bt848 #0' as minor 0
Mar 26 09:30:22 rogue kernel: i2c-core.o: adapter bt848 #0 registered as adapter 0.
Mar 26 09:30:22 rogue kernel: bttv0: i2c: checking for MSP34xx @ 0x80... found
Mar 26 09:30:22 rogue kernel: i2c-core.o: driver i2c msp3400 driver registered.
Mar 26 09:30:22 rogue kernel: msp3400: init: chip=MSP3415D-B3, has NICAM support
Mar 26 09:30:22 rogue kernel: msp3400: daemon started
Mar 26 09:30:22 rogue kernel: bttv0: i2c attach [MSP3415D-B3]
Mar 26 09:30:22 rogue kernel: i2c-core.o: client [MSP3415D-B3] registered to adapter [bt848 #0](pos. 0).
Mar 26 09:30:22 rogue kernel: bttv0: i2c: checking for TDA8425 @ 0x82... not found
Mar 26 09:30:22 rogue kernel: bttv0: i2c: checking for TDA985x @ 0xb6... not found
Mar 26 09:30:22 rogue kernel: i2c-core.o: driver i2c TV tuner driver registered.
Mar 26 09:30:22 rogue kernel: tuner: chip found @ 0x61
Mar 26 09:30:22 rogue kernel: bttv0: i2c attach [Philips SECAM]
Mar 26 09:30:22 rogue kernel: i2c-core.o: client [Philips SECAM] registered to adapter [bt848 #0](pos. 1).
Mar 26 09:30:22 rogue kernel: 3c59x.c:v0.99H+lk1.0 Feb 9, 2000 The Linux Kernel Team 
http://cesdis.gsfc.nasa.gov/linux/drivers/vortex.html
Mar 26 09:30:22 rogue kernel: eth0: 3Com 3c905B Cyclone 100baseTx at 0xb000,  00:50:04:61:93:1c, IRQ 18
Mar 26 09:30:22 rogue kernel:   8K byte-wide RAM 5:3 Rx:Tx split, autoselect/Autonegotiate interface.
Mar 26 09:30:22 rogue kernel:   MII transceiver found at address 24, status 786d.
Mar 26 09:30:22 rogue kernel:   MII transceiver found at address 0, status 786d.
Mar 26 09:30:22 rogue kernel:   Enabling bus-master transmits and whole-frame receives.
Mar 26 09:30:22 rogue kernel: eth0: Overriding PCI latency timer (CFLT) setting of 0, new value is 32.
Mar 26 09:30:22 rogue kernel: Serial driver version 4.92 (2000-1-27) with MANY_PORTS SHARE_IRQ SERIAL_PCI enabled
Mar 26 09:30:22 rogue kernel: ttyS00 at 0x03f8 (irq = 4) is a 16550A
Mar 26 09:30:22 rogue kernel: ttyS01 at 0x02f8 (irq = 3) is a 16550A
Mar 26 09:30:22 rogue kernel: ttyS02 at 0x03e8 (irq = 4) is a 16550A
Mar 26 09:30:22 rogue automount[180]: using kernel protocol version 3
Mar 26 09:30:23 rogue /usr/sbin/cron[211]: (CRON) INFO (pidfile fd = 3)
Mar 26 09:30:23 rogue /usr/sbin/cron[212]: (CRON) STARTUP (fork ok)
Mar 26 09:38:01 rogue /USR/SBIN/CRON[262]: (mail) CMD (  if [ -x /usr/sbin/exim -a -f /etc/exim.conf ]; then /usr/sbin/exim -q >/dev/null 2>&1; fi)
Mar 26 09:40:01 rogue /USR/SBIN/CRON[279]: (root) CMD ( test -f /etc/ipac.conf && test -f /usr/sbin/fetchipac && test -f /var/run/ip-accounting-rules && /usr/sbin/fetchipac)
Mar 26 09:46:51 rogue automount[180]: attempting to mount entry /mnt/pub
Mar 26 09:46:51 rogue automount[321]: lookup(file): looking up pub
Mar 26 09:46:51 rogue automount[321]: lookup(file): pub -> -fstype=ext2^I^I:/dev/sda1
Mar 26 09:46:51 rogue automount[321]: expanded entry: -fstype=ext2^I^I:/dev/sda1
Mar 26 09:46:51 rogue automount[321]: parse(sun): gathered options: fstype=ext2
Mar 26 09:46:51 rogue automount[321]: parse(sun): core of entry: /dev/sda1
Mar 26 09:46:51 rogue automount[321]: do_mount /dev/sda1 /mnt/pub type ext2 options (null) using module ext2
Mar 26 09:46:51 rogue automount[321]: mount(ext2): calling mkdir /mnt/pub
Mar 26 09:46:51 rogue automount[321]: mount(ext2): calling fsck.ext2 -p /dev/sda1
Mar 26 09:46:51 rogue automount[321]: >> /dev/sda1: clean, 17099/1112064 files, 4243275/4441941 blocks
Mar 26 09:46:51 rogue automount[321]: mount(ext2): calling mount -t ext2 /dev/sda1 /mnt/pub
Mar 26 09:46:58 rogue automount[321]: mount(ext2): mounted /dev/sda1 type ext2 on /mnt/pub
Mar 26 09:47:32 rogue modprobe: modprobe: Can't locate module char-major-10-3
Mar 26 09:47:32 rogue modprobe: modprobe: Can't locate module char-major-10-2
Mar 26 09:47:32 rogue modprobe: modprobe: Can't locate module char-major-10-4
Mar 26 09:47:32 rogue modprobe: modprobe: Can't locate module char-major-10-0
Mar 26 09:47:32 rogue modprobe: modprobe: Can't locate module char-major-10-32
Mar 26 09:50:01 rogue /USR/SBIN/CRON[380]: (root) CMD ( test -f /etc/ipac.conf && test -f /usr/sbin/fetchipac && test -f /var/run/ip-accounting-rules && /usr/sbin/fetchipac)
Mar 26 09:50:38 rogue /usr/sbin/gpm[412]: oops() invoked from gpn.c(239)
Mar 26 09:50:38 rogue /usr/sbin/gpm[412]: /var/run/gpm.pid: No such file or directory
Mar 26 09:52:07 rogue automount[425]: running expiration on path /mnt
Mar 26 09:52:07 rogue automount[425]: expired /mnt/pub
Mar 26 09:52:09 rogue automount[180]: attempting to mount entry /mnt/pub
Mar 26 09:52:09 rogue automount[430]: lookup(file): looking up pub
Mar 26 09:52:09 rogue automount[430]: lookup(file): pub -> -fstype=ext2^I^I:/dev/sda1
Mar 26 09:52:09 rogue automount[430]: expanded entry: -fstype=ext2^I^I:/dev/sda1
Mar 26 09:52:09 rogue automount[430]: parse(sun): gathered options: fstype=ext2
Mar 26 09:52:09 rogue automount[430]: parse(sun): core of entry: /dev/sda1
Mar 26 09:52:09 rogue automount[430]: do_mount /dev/sda1 /mnt/pub type ext2 options (null) using module ext2
Mar 26 09:52:09 rogue automount[430]: mount(ext2): calling mkdir /mnt/pub
Mar 26 09:52:09 rogue automount[430]: mount(ext2): calling fsck.ext2 -p /dev/sda1
Mar 26 09:52:09 rogue automount[430]: >> /dev/sda1: clean, 17099/1112064 files, 4243275/4441941 blocks
Mar 26 09:52:09 rogue automount[430]: mount(ext2): calling mount -t ext2 /dev/sda1 /mnt/pub
Mar 26 09:52:17 rogue automount[430]: mount(ext2): mounted /dev/sda1 type ext2 on /mnt/pub
Mar 26 09:58:22 rogue automount[548]: running expiration on path /mnt
Mar 26 09:58:22 rogue automount[548]: expired /mnt/pub
Mar 26 10:00:01 rogue /USR/SBIN/CRON[551]: (root) CMD ( test -f /etc/ipac.conf && test -f /usr/sbin/fetchipac && test -f /var/run/ip-accounting-rules && /usr/sbin/fetchipac)
Mar 26 10:07:42 rogue kernel: Device lo is down.
Mar 26 10:08:01 rogue /USR/SBIN/CRON[657]: (mail) CMD (  if [ -x /usr/sbin/exim -a -f /etc/exim.conf ]; then /usr/sbin/exim -q >/dev/null 2>&1; fi)
Mar 26 10:08:17 rogue automount[180]: attempting to mount entry /mnt/pub
Mar 26 10:08:17 rogue automount[660]: lookup(file): looking up pub
Mar 26 10:08:17 rogue automount[660]: lookup(file): pub -> -fstype=ext2^I^I:/dev/sda1
Mar 26 10:08:17 rogue automount[660]: expanded entry: -fstype=ext2^I^I:/dev/sda1
Mar 26 10:08:17 rogue automount[660]: parse(sun): gathered options: fstype=ext2
Mar 26 10:08:17 rogue automount[660]: parse(sun): core of entry: /dev/sda1
Mar 26 10:08:17 rogue automount[660]: do_mount /dev/sda1 /mnt/pub type ext2 options (null) using module ext2
Mar 26 10:08:17 rogue automount[660]: mount(ext2): calling mkdir /mnt/pub
Mar 26 10:08:17 rogue automount[660]: mount(ext2): calling fsck.ext2 -p /dev/sda1
Mar 26 10:08:17 rogue automount[660]: >> /dev/sda1: clean, 17099/1112064 files, 4243275/4441941 blocks
Mar 26 10:08:17 rogue automount[660]: mount(ext2): calling mount -t ext2 /dev/sda1 /mnt/pub
Mar 26 10:08:24 rogue automount[660]: mount(ext2): mounted /dev/sda1 type ext2 on /mnt/pub
Mar 26 10:10:01 rogue /USR/SBIN/CRON[674]: (root) CMD ( test -f /etc/ipac.conf && test -f /usr/sbin/fetchipac && test -f /var/run/ip-accounting-rules && /usr/sbin/fetchipac)
Mar 26 10:20:01 rogue /USR/SBIN/CRON[1159]: (root) CMD ( test -f /etc/ipac.conf && test -f /usr/sbin/fetchipac && test -f /var/run/ip-accounting-rules && /usr/sbin/fetchipac)
Mar 26 10:28:43 rogue automount[180]: attempting to mount entry /mnt/dos
Mar 26 10:28:43 rogue automount[3303]: lookup(file): looking up dos
Mar 26 10:28:43 rogue automount[3303]: lookup(file): dos -> -fstype=vfat^I^I:/dev/hda1
Mar 26 10:28:43 rogue automount[3303]: expanded entry: -fstype=vfat^I^I:/dev/hda1
Mar 26 10:28:43 rogue automount[3303]: parse(sun): gathered options: fstype=vfat
Mar 26 10:28:43 rogue automount[3303]: parse(sun): core of entry: /dev/hda1
Mar 26 10:28:43 rogue automount[3303]: do_mount /dev/hda1 /mnt/dos type vfat options (null) using module generic
Mar 26 10:28:43 rogue automount[3303]: mount(generic): calling mkdir /mnt/dos
Mar 26 10:28:43 rogue automount[3303]: mount(generic): calling mount -t vfat /dev/hda1 /mnt/dos
Mar 26 10:28:43 rogue automount[3303]: mount(generic): mounted /dev/hda1 type vfat on /mnt/dos
Mar 26 10:30:01 rogue /USR/SBIN/CRON[3355]: (root) CMD ( test -f /etc/ipac.conf && test -f /usr/sbin/fetchipac && test -f /var/run/ip-accounting-rules && /usr/sbin/fetchipac)
Mar 26 10:33:59 rogue kernel: ide-tape: Reached idetape_chrdev_open
Mar 26 10:33:59 rogue kernel: hdd : bad access: block=5, count=1
Mar 26 10:33:59 rogue kernel: ide-tape: ht0: invalid header identification string
Mar 26 10:33:59 rogue kernel: hdd : bad access: block=6, count=1
Mar 26 10:33:59 rogue kernel: ide-tape: ht0: invalid header identification string
Mar 26 10:33:59 rogue kernel: hdd : bad access: block=7, count=1
Mar 26 10:33:59 rogue kernel: ide-tape: ht0: invalid header identification string
Mar 26 10:33:59 rogue kernel: hdd : bad access: block=8, count=1
Mar 26 10:33:59 rogue kernel: ide-tape: ht0: invalid header identification string
Mar 26 10:33:59 rogue kernel: hdd : bad access: block=9, count=1
Mar 26 10:33:59 rogue kernel: ide-tape: ht0: invalid header identification string
Mar 26 10:33:59 rogue kernel: hdd : bad access: block=2990, count=1
Mar 26 10:33:59 rogue kernel: ide-tape: ht0: invalid header identification string
Mar 26 10:33:59 rogue kernel: hdd : bad access: block=2991, count=1
Mar 26 10:33:59 rogue kernel: ide-tape: ht0: invalid header identification string
Mar 26 10:33:59 rogue kernel: hdd : bad access: block=2992, count=1
Mar 26 10:33:59 rogue kernel: ide-tape: ht0: invalid header identification string
Mar 26 10:33:59 rogue kernel: hdd : bad access: block=2993, count=1
Mar 26 10:33:59 rogue kernel: ide-tape: ht0: invalid header identification string
Mar 26 10:33:59 rogue kernel: hdd : bad access: block=2994, count=1
Mar 26 10:33:59 rogue kernel: ide-tape: ht0: invalid header identification string
Mar 26 10:33:59 rogue kernel: ide-tape: ht0: failed to find valid ADRL header
Mar 26 10:33:59 rogue kernel: hdd : bad access: block=2994, count=0
Mar 26 10:35:01 rogue kernel: ide-tape: Reached idetape_chrdev_open
Mar 26 10:35:01 rogue kernel: hdd : bad access: block=5, count=1
Mar 26 10:35:01 rogue kernel: ide-tape: ht0: invalid header identification string
Mar 26 10:35:01 rogue kernel: hdd : bad access: block=6, count=1
Mar 26 10:35:01 rogue kernel: ide-tape: ht0: invalid header identification string
Mar 26 10:35:01 rogue kernel: hdd : bad access: block=7, count=1
Mar 26 10:35:01 rogue kernel: ide-tape: ht0: invalid header identification string
Mar 26 10:35:01 rogue kernel: hdd : bad access: block=8, count=1
Mar 26 10:35:01 rogue kernel: ide-tape: ht0: invalid header identification string
Mar 26 10:35:01 rogue kernel: hdd : bad access: block=9, count=1
Mar 26 10:35:01 rogue kernel: ide-tape: ht0: invalid header identification string
Mar 26 10:35:01 rogue kernel: hdd : bad access: block=2990, count=1
Mar 26 10:35:01 rogue kernel: ide-tape: ht0: invalid header identification string
Mar 26 10:35:01 rogue kernel: hdd : bad access: block=2991, count=1
Mar 26 10:35:01 rogue kernel: ide-tape: ht0: invalid header identification string
Mar 26 10:35:01 rogue kernel: hdd : bad access: block=2992, count=1
Mar 26 10:35:01 rogue kernel: ide-tape: ht0: invalid header identification string
Mar 26 10:35:01 rogue kernel: hdd : bad access: block=2993, count=1
Mar 26 10:35:01 rogue kernel: ide-tape: ht0: invalid header identification string
Mar 26 10:35:01 rogue kernel: hdd : bad access: block=2994, count=1
Mar 26 10:35:01 rogue kernel: ide-tape: ht0: invalid header identification string
Mar 26 10:35:01 rogue kernel: ide-tape: ht0: failed to find valid ADRL header
Mar 26 10:35:01 rogue kernel: hdd : bad access: block=2994, count=0
Mar 26 10:38:01 rogue /USR/SBIN/CRON[6968]: (mail) CMD (  if [ -x /usr/sbin/exim -a -f /etc/exim.conf ]; then /usr/sbin/exim -q >/dev/null 2>&1; fi)
Mar 26 10:39:37 rogue automount[6978]: running expiration on path /mnt
Mar 26 10:39:37 rogue automount[6978]: expired /mnt/dos
Mar 26 10:40:01 rogue /USR/SBIN/CRON[6983]: (root) CMD ( test -f /etc/ipac.conf && test -f /usr/sbin/fetchipac && test -f /var/run/ip-accounting-rules && /usr/sbin/fetchipac)
Mar 26 10:50:01 rogue /USR/SBIN/CRON[8383]: (root) CMD ( test -f /etc/ipac.conf && test -f /usr/sbin/fetchipac && test -f /var/run/ip-accounting-rules && /usr/sbin/fetchipac)
Mar 26 11:00:01 rogue /USR/SBIN/CRON[11504]: (root) CMD ( test -f /etc/ipac.conf && test -f /usr/sbin/fetchipac && test -f /var/run/ip-accounting-rules && /usr/sbin/fetchipac)
Mar 26 11:08:01 rogue /USR/SBIN/CRON[13402]: (mail) CMD (  if [ -x /usr/sbin/exim -a -f /etc/exim.conf ]; then /usr/sbin/exim -q >/dev/null 2>&1; fi)
Mar 26 11:09:06 rogue init: Switching to runlevel: 6
Mar 26 11:09:13 rogue automount[180]: shutting down, path = /mnt
Mar 26 11:09:15 rogue kernel: Kernel logging (proc) stopped.
Mar 26 11:09:15 rogue exiting on signal 15