Date: Mon, 05 Mar 2007 14:32:07 -0800
From: "Kok, Auke" <>
Subject: OOPS with 2.6.21rc2-git (ata: conflict with ide0/1)
Sender: linux-kernel-owner@vger.kernel.org
Precedence: bulk
List-ID: <linux-kernel.vger.kernel.org>
X-Mailing-List: linux-kernel@vger.kernel.org
X-Lkml-Link: https://lkml.org/lkml/2007/3/5/379

Attached dmesg. config.gz. here's the OOPS part.
ata_piix 0000:00:1f.2: version 2.10
ata_piix 0000:00:1f.2: MAP [ P0 P2 P1 P3 ]
ACPI: PCI Interrupt 0000:00:1f.2[B] -> GSI 19 (level, low) -> IRQ 19
ata: 0x1F0 IDE port busy
ata: conflict with ide0
BUG: at drivers/pci/pci.c:846 pcim_pin_device()
  [<c023838c>] pcim_pin_device+0x4c/0x60
  [<c0371af6>] ata_pci_init_one+0x2d6/0x380
  [<c023b968>] pci_get_device+0x18/0x20
  [<c0378651>] piix_check_450nx_errata+0x31/0x110
  [<c0238b90>] pci_intx+0x20/0x90
  [<c0378a97>] piix_init_one+0x117/0x200
  [<c023afca>] pci_call_probe+0xa/0x10
  [<c023b01e>] __pci_device_probe+0x4e/0x60
  [<c023b056>] pci_device_probe+0x26/0x60
  [<c0295a94>] really_probe+0xb4/0x170
  [<c023afa8>] pci_match_device+0xa8/0xc0
  [<c0295c28>] driver_probe_device+0xc8/0xd0
  [<c0465521>] klist_next+0x61/0xc0
  [<c0295d30>] __driver_attach+0x80/0x90
  [<c0294d0a>] bus_for_each_dev+0x3a/0x60
  [<c0295d56>] driver_attach+0x16/0x20
  [<c0295cb0>] __driver_attach+0x0/0x90
  [<c029532f>] bus_add_driver+0x5f/0x110
  [<c023b3d2>] __pci_register_driver+0x82/0xc0
  [<c05c0b91>] piix_init+0x11/0x20
  [<c059ab11>] do_initcalls+0x41/0x130
  [<c0158acc>] register_irq_proc+0x9c/0xc0
  [<c01b4462>] proc_mkdir_mode+0x42/0x60
  [<c059ac30>] init+0x0/0xa0
  [<c059ac7c>] init+0x4c/0xa0
  [<c0104e7f>] kernel_thread_helper+0x7/0x18
  =======================
ata: 0x170 IDE port busy
ata: conflict with ide1
ata_piix: probe of 0000:00:1f.2 failed with error -16
ata_piix 0000:00:1f.5: MAP [ P0 P2 P1 P3 ]
ACPI: PCI Interrupt 0000:00:1f.5[B] -> GSI 19 (level, low) -> IRQ 19
PCI: Setting latency timer of device 0000:00:1f.5 to 64
ata1: SATA max UDMA/133 cmd 0x0001d000 ctl 0x0001cc02 bmdma 0x0001c480 irq 19
ata2: SATA max UDMA/133 cmd 0x0001c880 ctl 0x0001c802 bmdma 0x0001c488 irq 19
scsi2 : ata_piix
ATA: abnormal status 0x7F on port 0x0001d007
scsi3 : ata_piix
ATA: abnormal status 0x7F on port 0x0001c887
Cheers,
Auke
[unhandled content-type:application/x-tgz]Linux version 2.6.21-rc2-g0a0c153f-dirty (ahkok@ahkok-c2d) (gcc version 3.4.6) #24 SMP PREEMPT Mon Mar 5 22:14:44 UTC 2007
BIOS-provided physical RAM map:
sanitize start
sanitize end
copy_e820_map() start: 0000000000000000 size: 000000000009fc00 end: 000000000009fc00 type: 1
copy_e820_map() type is E820_RAM
copy_e820_map() start: 000000000009fc00 size: 0000000000000400 end: 00000000000a0000 type: 2
copy_e820_map() start: 00000000000e0000 size: 0000000000020000 end: 0000000000100000 type: 2
copy_e820_map() start: 0000000000100000 size: 000000003f530000 end: 000000003f630000 type: 1
copy_e820_map() type is E820_RAM
copy_e820_map() start: 000000003f630000 size: 0000000000010000 end: 000000003f640000 type: 3
copy_e820_map() start: 000000003f640000 size: 00000000000c0000 end: 000000003f700000 type: 4
copy_e820_map() start: 000000003f700000 size: 0000000000900000 end: 0000000040000000 type: 2
copy_e820_map() start: 00000000ffb00000 size: 0000000000500000 end: 0000000100000000 type: 2
 BIOS-e820: 0000000000000000 - 000000000009fc00 (usable)
 BIOS-e820: 000000000009fc00 - 00000000000a0000 (reserved)
 BIOS-e820: 00000000000e0000 - 0000000000100000 (reserved)
 BIOS-e820: 0000000000100000 - 000000003f630000 (usable)
 BIOS-e820: 000000003f630000 - 000000003f640000 (ACPI data)
 BIOS-e820: 000000003f640000 - 000000003f700000 (ACPI NVS)
 BIOS-e820: 000000003f700000 - 0000000040000000 (reserved)
 BIOS-e820: 00000000ffb00000 - 0000000100000000 (reserved)
118MB HIGHMEM available.
896MB LOWMEM available.
found SMP MP-table at 000ff780
Entering add_active_range(0, 0, 259632) 0 entries of 256 used
Zone PFN ranges:
  DMA             0 ->     4096
  Normal       4096 ->   229376
  HighMem    229376 ->   259632
early_node_map[1] active PFN ranges
    0:        0 ->   259632
On node 0 totalpages: 259632
  DMA zone: 32 pages used for memmap
  DMA zone: 0 pages reserved
  DMA zone: 4064 pages, LIFO batch:0
  Normal zone: 1760 pages used for memmap
  Normal zone: 223520 pages, LIFO batch:31
  HighMem zone: 236 pages used for memmap
  HighMem zone: 30020 pages, LIFO batch:7
DMI 2.3 present.
ACPI: RSDP 000F96A0, 0014 (r0 ACPIAM)
ACPI: RSDT 3F630000, 0038 (r1 A M I  OEMRSDT   7000614 MSFT       97)
ACPI: FACP 3F630200, 0084 (r2 A M I  OEMFACP   7000614 MSFT       97)
ACPI: DSDT 3F630900, 77B3 (r1 VVCBI8 VVCBI850       50 INTL  2002026)
ACPI: FACS 3F640000, 0040
ACPI: APIC 3F630300, 006C (r1 A M I  OEMAPIC   7000614 MSFT       97)
ACPI: MCFG 3F630400, 003C (r1 A M I  OEMMCFG   7000614 MSFT       97)
ACPI: OEMB 3F640040, 00B3 (r1 A M I  OEMBIOS   7000614 MSFT       97)
ACPI: ASF! 3F6380C0, 0099 (r32 INTEL  LAKEPORT        1 INTL  2002026)
ACPI: PM-Timer IO Port: 0x408
ACPI: Local APIC address 0xfee00000
ACPI: LAPIC (acpi_id[0x01] lapic_id[0x00] enabled)
Processor #0 6:15 APIC version 20
ACPI: LAPIC (acpi_id[0x02] lapic_id[0x01] enabled)
Processor #1 6:15 APIC version 20
ACPI: LAPIC (acpi_id[0x03] lapic_id[0x82] disabled)
ACPI: LAPIC (acpi_id[0x04] lapic_id[0x83] disabled)
ACPI: IOAPIC (id[0x02] address[0xfec00000] gsi_base[0])
IOAPIC[0]: apic_id 2, version 32, address 0xfec00000, GSI 0-23
ACPI: INT_SRC_OVR (bus 0 bus_irq 0 global_irq 2 dfl dfl)
ACPI: INT_SRC_OVR (bus 0 bus_irq 9 global_irq 9 high level)
ACPI: IRQ0 used by override.
ACPI: IRQ2 used by override.
ACPI: IRQ9 used by override.
Enabling APIC mode:  Flat.  Using 1 I/O APICs
Using ACPI (MADT) for SMP configuration information
Allocating PCI resources starting at 50000000 (gap: 40000000:bfb00000)
Detected 2394.043 MHz processor.
Built 1 zonelists.  Total pages: 257604
Kernel command line: root=/dev/hdb5 ro
mapped APIC to ffffd000 (fee00000)
mapped IOAPIC to ffffc000 (fec00000)
Enabling fast FPU save and restore... done.
Enabling unmasked SIMD FPU exception support... done.
Initializing CPU#0
PID hash table entries: 4096 (order: 12, 16384 bytes)
Console: colour VGA+ 80x25
Dentry cache hash table entries: 131072 (order: 7, 524288 bytes)
Inode-cache hash table entries: 65536 (order: 6, 262144 bytes)
Memory: 1023576k/1038528k available (3490k kernel code, 14336k reserved, 1193k data, 312k init, 121024k highmem)
virtual kernel memory layout:
    fixmap  : 0xfff4f000 - 0xfffff000   ( 704 kB)
    pkmap   : 0xff800000 - 0xffc00000   (4096 kB)
    vmalloc : 0xf8800000 - 0xff7fe000   ( 111 MB)
    lowmem  : 0xc0000000 - 0xf8000000   ( 896 MB)
      .init : 0xc059a000 - 0xc05e8000   ( 312 kB)
      .data : 0xc0468842 - 0xc0592dac   (1193 kB)
      .text : 0xc0100000 - 0xc0468842   (3490 kB)
Checking if this processor honours the WP bit even in supervisor mode... Ok.
Calibrating delay using timer specific routine.. 4789.89 BogoMIPS (lpj=2394948)
Mount-cache hash table entries: 512
CPU: After generic identify, caps: bfebfbff 20100000 00000000 00000000 0000e3bd 00000000 00000001
monitor/mwait feature present.
using mwait in idle threads.
CPU: L1 I cache: 32K, L1 D cache: 32K
CPU: L2 cache: 4096K
CPU: Physical Processor ID: 0
CPU: Processor Core ID: 0
CPU: After all inits, caps: bfebfbff 20100000 00000000 00003940 0000e3bd 00000000 00000001
Intel machine check architecture supported.
Intel machine check reporting enabled on CPU#0.
Compat vDSO mapped to ffffe000.
Checking 'hlt' instruction... OK.
SMP alternatives: switching to UP code
ACPI: Core revision 20070126
CPU0: Intel(R) Core(TM)2 CPU         E6600  @ 2.40GHz stepping 05
SMP alternatives: switching to SMP code
Booting processor 1/1 eip 3000
Initializing CPU#1
Calibrating delay using timer specific routine.. 4787.33 BogoMIPS (lpj=2393665)
CPU: After generic identify, caps: bfebfbff 20100000 00000000 00000000 0000e3bd 00000000 00000001
monitor/mwait feature present.
CPU: L1 I cache: 32K, L1 D cache: 32K
CPU: L2 cache: 4096K
CPU: Physical Processor ID: 0
CPU: Processor Core ID: 1
CPU: After all inits, caps: bfebfbff 20100000 00000000 00003940 0000e3bd 00000000 00000001
Intel machine check architecture supported.
Intel machine check reporting enabled on CPU#1.
CPU1: Intel(R) Core(TM)2 CPU         E6600  @ 2.40GHz stepping 05
Total of 2 processors activated (9577.22 BogoMIPS).
ENABLING IO-APIC IRQs
..TIMER: vector=0x31 apic1=0 pin1=2 apic2=-1 pin2=-1
checking TSC synchronization [CPU#0 -> CPU#1]: passed.
Brought up 2 CPUs
migration_cost=42
NET: Registered protocol family 16
No dock devices found.
ACPI: bus type pci registered
PCI: BIOS Bug: MCFG area at e0000000 is not E820-reserved
PCI: Not using MMCONFIG.
PCI: PCI BIOS revision 3.00 entry at 0xf0031, last bus=10
PCI: Using configuration type 1
Setting up standard PCI resources
ACPI Error (psargs-0355): [\_SB_.PCI0.SBRG.GP6R] Namespace lookup failure, AE_NOT_FOUND
ACPI Error (psparse-0537): Method parse/execution failed [\_SB_.PCI0.IDE1.CHN1._INI] (Node c1905734), AE_NOT_FOUND
ACPI: Interpreter enabled
ACPI: (supports S0 S1 S3 S4 S5)
ACPI: Using IOAPIC for interrupt routing
ACPI: PCI Root Bridge [PCI0] (0000:00)
PCI: Probing PCI hardware (bus 00)
Boot video device is 0000:00:02.0
PCI quirk: region 0400-047f claimed by ICH6 ACPI/GPIO/TCO
PCI quirk: region 0500-053f claimed by ICH6 GPIO
PCI: Firmware left 0000:0a:00.0 e100 interrupts enabled, disabling
PCI: Transparent bridge - 0000:00:1e.0
ACPI: PCI Interrupt Routing Table [\_SB_.PCI0._PRT]
ACPI: PCI Interrupt Routing Table [\_SB_.PCI0.PCI1._PRT]
ACPI: PCI Interrupt Routing Table [\_SB_.PCI0.PEX1._PRT]
ACPI: PCI Interrupt Routing Table [\_SB_.PCI0.PEX2._PRT]
ACPI: PCI Interrupt Routing Table [\_SB_.PCI0.PEX3._PRT]
ACPI: PCI Interrupt Routing Table [\_SB_.PCI0.PEX4._PRT]
ACPI: PCI Interrupt Routing Table [\_SB_.PCI0.PEX5._PRT]
ACPI: PCI Interrupt Routing Table [\_SB_.PCI0.PEGP._PRT]
ACPI: PCI Interrupt Routing Table [\_SB_.PCI0.PEG1._PRT]
ACPI: PCI Interrupt Link [LNKA] (IRQs 3 4 5 6 7 *10 11 12 14 15)
ACPI: PCI Interrupt Link [LNKB] (IRQs 3 4 5 6 7 10 *11 12 14 15)
ACPI: PCI Interrupt Link [LNKC] (IRQs *3 4 5 6 7 10 11 12 14 15)
ACPI: PCI Interrupt Link [LNKD] (IRQs 3 4 *5 6 7 10 11 12 14 15)
ACPI: PCI Interrupt Link [LNKE] (IRQs 3 4 5 6 7 *10 11 12 14 15)
ACPI: PCI Interrupt Link [LNKF] (IRQs 3 4 5 6 7 10 *11 12 14 15)
ACPI: PCI Interrupt Link [LNKG] (IRQs 3 4 *5 6 7 10 11 12 14 15)
ACPI: PCI Interrupt Link [LNKH] (IRQs 3 4 *5 6 7 10 11 12 14 15)
ACPI: Power Resource [URP1] (off)
ACPI: Power Resource [FDDP] (off)
ACPI: Power Resource [LPTP] (off)
Linux Plug and Play Support v0.97 (c) Adam Belay
pnp: PnP ACPI init
pnp: PnP ACPI: found 13 devices
SCSI subsystem initialized
libata version 2.20 loaded.
usbcore: registered new interface driver usbfs
usbcore: registered new interface driver hub
usbcore: registered new device driver usb
PCI: Using ACPI for IRQ routing
PCI: If a device doesn't work, try "pci=routeirq".  If it helps, post a report
pnp: 00:0b: ioport range 0x400-0x47f has been reserved
pnp: 00:0b: ioport range 0x680-0x6ff has been reserved
pnp: 00:0b: ioport range 0x500-0x53f has been reserved
pnp: 00:0b: iomem range 0xfec00000-0xfec00fff has been reserved
pnp: 00:0b: iomem range 0xfee00000-0xfee00fff has been reserved
pnp: 00:0b: iomem range 0x0-0x9ffff could not be reserved
pnp: 00:0b: iomem range 0xc0000-0xdffff could not be reserved
pnp: 00:0c: iomem range 0xfeafc000-0xfeafcfff has been reserved
PCI: Ignore bogus resource 6 [0:0] of 0000:00:02.0
PCI: Bridge: 0000:02:00.0
  IO window: 9000-9fff
  MEM window: fdd00000-fdefffff
  PREFETCH window: bf500000-bf5fffff
PCI: Bridge: 0000:02:01.0
  IO window: a000-afff
  MEM window: fdf00000-fe0fffff
  PREFETCH window: bf600000-bf6fffff
PCI: Bridge: 0000:01:00.0
  IO window: 9000-afff
  MEM window: fdd00000-fe1fffff
  PREFETCH window: bf500000-bf7fffff
PCI: Bridge: 0000:00:01.0
  IO window: 9000-afff
  MEM window: fdd00000-fe2fffff
  PREFETCH window: bf500000-bf8fffff
PCI: Bridge: 0000:00:1c.0
  IO window: disabled.
  MEM window: fe700000-fe7fffff
  PREFETCH window: bfd00000-bfdfffff
PCI: Bridge: 0000:00:1c.1
  IO window: disabled.
  MEM window: fe600000-fe6fffff
  PREFETCH window: bfc00000-bfcfffff
PCI: Bridge: 0000:00:1c.2
  IO window: disabled.
  MEM window: fe500000-fe5fffff
  PREFETCH window: bfb00000-bfbfffff
PCI: Bridge: 0000:00:1c.3
  IO window: disabled.
  MEM window: fe400000-fe4fffff
  PREFETCH window: bfa00000-bfafffff
PCI: Bridge: 0000:00:1c.4
  IO window: disabled.
  MEM window: fe300000-fe3fffff
  PREFETCH window: bf900000-bf9fffff
PCI: Bridge: 0000:00:1e.0
  IO window: b000-bfff
  MEM window: fe800000-fe8fffff
  PREFETCH window: bfe00000-bfefffff
ACPI: PCI Interrupt 0000:00:01.0[A] -> GSI 16 (level, low) -> IRQ 16
PCI: Setting latency timer of device 0000:00:01.0 to 64
PCI: Setting latency timer of device 0000:01:00.0 to 64
PCI: Setting latency timer of device 0000:02:00.0 to 64
PCI: Setting latency timer of device 0000:02:01.0 to 64
ACPI: PCI Interrupt 0000:00:1c.0[A] -> GSI 17 (level, low) -> IRQ 17
PCI: Setting latency timer of device 0000:00:1c.0 to 64
ACPI: PCI Interrupt 0000:00:1c.1[B] -> GSI 16 (level, low) -> IRQ 16
PCI: Setting latency timer of device 0000:00:1c.1 to 64
ACPI: PCI Interrupt 0000:00:1c.2[C] -> GSI 18 (level, low) -> IRQ 18
PCI: Setting latency timer of device 0000:00:1c.2 to 64
ACPI: PCI Interrupt 0000:00:1c.3[D] -> GSI 19 (level, low) -> IRQ 19
PCI: Setting latency timer of device 0000:00:1c.3 to 64
ACPI: PCI Interrupt 0000:00:1c.4[A] -> GSI 17 (level, low) -> IRQ 17
PCI: Setting latency timer of device 0000:00:1c.4 to 64
PCI: Setting latency timer of device 0000:00:1e.0 to 64
NET: Registered protocol family 2
IP route cache hash table entries: 32768 (order: 5, 131072 bytes)
TCP established hash table entries: 131072 (order: 9, 2097152 bytes)
TCP bind hash table entries: 65536 (order: 7, 786432 bytes)
TCP: Hash tables configured (established 131072 bind 65536)
TCP reno registered
Machine check exception polling timer started.
apm: BIOS version 1.2 Flags 0x03 (Driver version 1.16ac)
apm: disabled - APM is not SMP safe.
audit: initializing netlink socket (disabled)
audit(1173133393.445:1): initialized
highmem bounce pool size: 64 pages
VFS: Disk quotas dquot_6.5.1
Dquot-cache hash table entries: 1024 (order 0, 4096 bytes)
io scheduler noop registered
io scheduler cfq registered (default)
PCI: Setting latency timer of device 0000:00:01.0 to 64
assign_interrupt_mode Found MSI capability
Allocate Port Service[0000:00:01.0:pcie00]
PCI: Setting latency timer of device 0000:00:1c.0 to 64
assign_interrupt_mode Found MSI capability
Allocate Port Service[0000:00:1c.0:pcie00]
Allocate Port Service[0000:00:1c.0:pcie02]
PCI: Setting latency timer of device 0000:00:1c.1 to 64
assign_interrupt_mode Found MSI capability
Allocate Port Service[0000:00:1c.1:pcie00]
Allocate Port Service[0000:00:1c.1:pcie02]
PCI: Setting latency timer of device 0000:00:1c.2 to 64
assign_interrupt_mode Found MSI capability
Allocate Port Service[0000:00:1c.2:pcie00]
Allocate Port Service[0000:00:1c.2:pcie02]
PCI: Setting latency timer of device 0000:00:1c.3 to 64
assign_interrupt_mode Found MSI capability
Allocate Port Service[0000:00:1c.3:pcie00]
Allocate Port Service[0000:00:1c.3:pcie02]
PCI: Setting latency timer of device 0000:00:1c.4 to 64
assign_interrupt_mode Found MSI capability
Allocate Port Service[0000:00:1c.4:pcie00]
Allocate Port Service[0000:00:1c.4:pcie02]
PCI: Setting latency timer of device 0000:01:00.0 to 64
Allocate Port Service[0000:01:00.0:pcie10]
PCI: Setting latency timer of device 0000:02:00.0 to 64
assign_interrupt_mode Found MSI capability
Allocate Port Service[0000:02:00.0:pcie20]
PCI: Setting latency timer of device 0000:02:01.0 to 64
assign_interrupt_mode Found MSI capability
Allocate Port Service[0000:02:01.0:pcie20]
input: Power Button (FF) as /class/input/input0
ACPI: Power Button (FF) [PWRF]
input: Sleep Button (CM) as /class/input/input1
ACPI: Sleep Button (CM) [SPBT]
ACPI: Video Device [GRFX] (multi-head: no  rom: yes  post: yes)
ACPI Exception (processor_core-0783): AE_NOT_FOUND, Processor Device is not present [20070126]
ACPI Exception (processor_core-0783): AE_NOT_FOUND, Processor Device is not present [20070126]
ibm_acpi: ec object not found
isapnp: Scanning for PnP cards...
isapnp: No Plug & Play device found
Real Time Clock Driver v1.12ac
Serial: 8250/16550 driver $Revision: 1.90 $ 4 ports, IRQ sharing disabled
serial8250: ttyS0 at I/O 0x3f8 (irq = 4) is a 16550A
00:08: ttyS0 at I/O 0x3f8 (irq = 4) is a 16550A
ACPI: PCI Interrupt 0000:00:03.3[B] -> GSI 17 (level, low) -> IRQ 17
0000:00:03.3: ttyS1 at I/O 0xe000 (irq = 17) is a 16550A
Floppy drive(s): fd0 is 1.44M
FDC 0 is a National Semiconductor PC87306
RAMDISK driver initialized: 16 RAM disks of 4096K size 1024 blocksize
Compaq SMART2 Driver (v 2.6.0)
HP CISS Driver (v 3.6.14)
Uniform Multi-Platform E-IDE driver Revision: 7.00alpha2
ide: Assuming 33MHz system bus speed for PIO modes; override with idebus=xx
Probing IDE interface ide0...
hda: PLEXTOR DVDR PX-755A, ATAPI CD/DVD-ROM drive
hdb: HDT722516DLA380, ATA DISK drive
Probing IDE interface ide1...
hdc: HDT722516DLA380, ATA DISK drive
ide0 at 0x1f0-0x1f7,0x3f6 on irq 14
ide1 at 0x170-0x177,0x376 on irq 15
hdb: max request size: 512KiB
hdb: 321672960 sectors (164696 MB) w/7674KiB Cache, CHS=20023/255/63
hdb: cache flushes supported
 hdb: hdb1 hdb2 hdb3 < hdb5 hdb6 hdb7 hdb8 hdb9 >
hdc: max request size: 512KiB
hdc: 321672960 sectors (164696 MB) w/7674KiB Cache, CHS=20023/255/63
hdc: cache flushes supported
 hdc: hdc1
hda: ATAPI 40X DVD-ROM DVD-R CD-R/RW drive, 2048kB Cache
Uniform CD-ROM driver Revision: 3.20
ide-floppy driver 0.99.newide
Adaptec aacraid driver (1.1-5[2423]-mh3)
NCR53c406a: no available ports found
3ware Storage Controller device driver for Linux v1.26.02.002.
3ware 9000 Storage Controller device driver for Linux v2.26.02.008.
ata_piix 0000:00:1f.2: version 2.10
ata_piix 0000:00:1f.2: MAP [ P0 P2 P1 P3 ]
ACPI: PCI Interrupt 0000:00:1f.2[B] -> GSI 19 (level, low) -> IRQ 19
ata: 0x1F0 IDE port busy
ata: conflict with ide0
BUG: at drivers/pci/pci.c:846 pcim_pin_device()
 [<c023838c>] pcim_pin_device+0x4c/0x60
 [<c0371af6>] ata_pci_init_one+0x2d6/0x380
 [<c023b968>] pci_get_device+0x18/0x20
 [<c0378651>] piix_check_450nx_errata+0x31/0x110
 [<c0238b90>] pci_intx+0x20/0x90
 [<c0378a97>] piix_init_one+0x117/0x200
 [<c023afca>] pci_call_probe+0xa/0x10
 [<c023b01e>] __pci_device_probe+0x4e/0x60
 [<c023b056>] pci_device_probe+0x26/0x60
 [<c0295a94>] really_probe+0xb4/0x170
 [<c023afa8>] pci_match_device+0xa8/0xc0
 [<c0295c28>] driver_probe_device+0xc8/0xd0
 [<c0465521>] klist_next+0x61/0xc0
 [<c0295d30>] __driver_attach+0x80/0x90
 [<c0294d0a>] bus_for_each_dev+0x3a/0x60
 [<c0295d56>] driver_attach+0x16/0x20
 [<c0295cb0>] __driver_attach+0x0/0x90
 [<c029532f>] bus_add_driver+0x5f/0x110
 [<c023b3d2>] __pci_register_driver+0x82/0xc0
 [<c05c0b91>] piix_init+0x11/0x20
 [<c059ab11>] do_initcalls+0x41/0x130
 [<c0158acc>] register_irq_proc+0x9c/0xc0
 [<c01b4462>] proc_mkdir_mode+0x42/0x60
 [<c059ac30>] init+0x0/0xa0
 [<c059ac7c>] init+0x4c/0xa0
 [<c0104e7f>] kernel_thread_helper+0x7/0x18
 =======================
ata: 0x170 IDE port busy
ata: conflict with ide1
ata_piix: probe of 0000:00:1f.2 failed with error -16
ata_piix 0000:00:1f.5: MAP [ P0 P2 P1 P3 ]
ACPI: PCI Interrupt 0000:00:1f.5[B] -> GSI 19 (level, low) -> IRQ 19
PCI: Setting latency timer of device 0000:00:1f.5 to 64
ata1: SATA max UDMA/133 cmd 0x0001d000 ctl 0x0001cc02 bmdma 0x0001c480 irq 19
ata2: SATA max UDMA/133 cmd 0x0001c880 ctl 0x0001c802 bmdma 0x0001c488 irq 19
scsi2 : ata_piix
ATA: abnormal status 0x7F on port 0x0001d007
scsi3 : ata_piix
ATA: abnormal status 0x7F on port 0x0001c887
usbmon: debugfs is not available
Initializing USB Mass Storage driver...
usbcore: registered new interface driver usb-storage
USB Mass Storage support registered.
usbcore: registered new interface driver usbhid
drivers/usb/input/hid-core.c: v2.6:USB HID core driver
PNP: PS/2 Controller [PNP0303:PS2K,PNP0f12:PS2M] at 0x60,0x64 irq 1,12
serio: i8042 KBD port at 0x60,0x64 irq 1
serio: i8042 AUX port at 0x60,0x64 irq 12
mice: PS/2 mouse device common for all mice
input: AT Translated Set 2 keyboard as /class/input/input2
device-mapper: ioctl: 4.11.0-ioctl (2006-10-12) initialised: dm-devel@redhat.com
TCP cubic registered
NET: Registered protocol family 1
NET: Registered protocol family 17
Using IPI No-Shortcut mode
Time: tsc clocksource has been installed.
logips2pp: Detected unknown logitech mouse model 1
input: ImPS/2 Logitech Wheel Mouse as /class/input/input3
md: Autodetecting RAID arrays.
md: autorun ...
md: ... autorun DONE.
EXT3-fs: INFO: recovery required on readonly filesystem.
EXT3-fs: write access will be enabled during recovery.
kjournald starting.  Commit interval 5 seconds
EXT3-fs: recovery complete.
EXT3-fs: mounted filesystem with ordered data mode.
VFS: Mounted root (ext3 filesystem) readonly.
Freeing unused kernel memory: 312k freed
EXT3 FS on hdb5, internal journal
Unable to find swap-space signature
kjournald starting.  Commit interval 5 seconds
EXT3 FS on hdb1, internal journal
EXT3-fs: mounted filesystem with ordered data mode.
kjournald starting.  Commit interval 5 seconds
EXT3 FS on hdb6, internal journal
EXT3-fs: mounted filesystem with ordered data mode.
e100: Intel(R) PRO/100 Network Driver, 3.5.17-k2-NAPI
e100: Copyright(c) 1999-2006 Intel Corporation
ACPI: PCI Interrupt 0000:0a:00.0[A] -> GSI 21 (level, low) -> IRQ 20
e100: eth0: e100_probe: addr 0xfe8ff000, irq 20, MAC addr 00:02:B3:A7:55:E5
ACPI: PCI Interrupt 0000:00:1a.7[C] -> GSI 18 (level, low) -> IRQ 18
PCI: Setting latency timer of device 0000:00:1a.7 to 64
ehci_hcd 0000:00:1a.7: EHCI Host Controller
ehci_hcd 0000:00:1a.7: new USB bus registered, assigned bus number 1
ehci_hcd 0000:00:1a.7: debug port 1
PCI: cache line size of 32 is not supported by device 0000:00:1a.7
ehci_hcd 0000:00:1a.7: irq 18, io mem 0xfeafe400
ehci_hcd 0000:00:1a.7: USB 2.0 started, EHCI 1.00, driver 10 Dec 2004
usb usb1: configuration #1 chosen from 1 choice
hub 1-0:1.0: USB hub found
hub 1-0:1.0: 4 ports detected
ACPI: PCI Interrupt 0000:00:1d.7[A] -> GSI 23 (level, low) -> IRQ 21
PCI: Setting latency timer of device 0000:00:1d.7 to 64
ehci_hcd 0000:00:1d.7: EHCI Host Controller
ehci_hcd 0000:00:1d.7: new USB bus registered, assigned bus number 2
ehci_hcd 0000:00:1d.7: debug port 1
PCI: cache line size of 32 is not supported by device 0000:00:1d.7
ehci_hcd 0000:00:1d.7: irq 21, io mem 0xfeafe000
ehci_hcd 0000:00:1d.7: USB 2.0 started, EHCI 1.00, driver 10 Dec 2004
usb usb2: configuration #1 chosen from 1 choice
hub 2-0:1.0: USB hub found
hub 2-0:1.0: 6 ports detected
ACPI: PCI Interrupt 0000:00:1b.0[A] -> GSI 22 (level, low) -> IRQ 22
PCI: Setting latency timer of device 0000:00:1b.0 to 64
hda_codec: Unknown model for AD1988, trying auto-probe from BIOS...
Linux agpgart interface v0.102 (c) Dave Jones
agpgart: Detected an Intel 965G Chipset.
agpgart: Unknown page table size, assuming 512KB
agpgart: Detected 7676K stolen memory.
agpgart: AGP aperture is 256M @ 0xd0000000
tun: Universal TUN/TAP device driver, 1.6
tun: (C) 1999-2004 Max Krasnyansky <maxk@qualcomm.com>