Date: Wed, 05 Jan 2005 21:30:30 -0800
From: "C.Y.M" <>
Subject: ACPI-1138 Error starting with 2.6.10-bk3
Sender: linux-kernel-owner@vger.kernel.org
Precedence: bulk
List-ID: <linux-kernel.vger.kernel.org>
X-Mailing-List: linux-kernel@vger.kernel.org
X-Lkml-Link: https://lkml.org/lkml/2005/1/6/10

I have been getting the following ACPI errors since 2.6.10-bk3.  Is there some new configuration I 
need to enable?
Jan  5 09:00:14 nofear kernel: Linux version 2.6.10-bk8.010505.1 (root@nofear) (gcc version 3.3.5 
(Debian 1:3.3.5-5)) #1 Wed Jan 5 08:50:21 PST 2005
Jan  5 09:00:14 nofear kernel: BIOS-provided physical RAM map:
Jan  5 09:00:14 nofear kernel:  BIOS-e820: 0000000000000000 - 000000000009fc00 (usable)
Jan  5 09:00:14 nofear kernel:  BIOS-e820: 000000000009fc00 - 00000000000a0000 (reserved)
Jan  5 09:00:14 nofear kernel:  BIOS-e820: 00000000000f0000 - 0000000000100000 (reserved)
Jan  5 09:00:14 nofear kernel:  BIOS-e820: 0000000000100000 - 000000001fff0000 (usable)
Jan  5 09:00:14 nofear kernel:  BIOS-e820: 000000001fff0000 - 000000001fff3000 (ACPI NVS)
Jan  5 09:00:14 nofear kernel:  BIOS-e820: 000000001fff3000 - 0000000020000000 (ACPI data)
Jan  5 09:00:14 nofear kernel:  BIOS-e820: 00000000ffff0000 - 0000000100000000 (reserved)
Jan  5 09:00:14 nofear kernel: 511MB LOWMEM available.
Jan  5 09:00:14 nofear kernel: On node 0 totalpages: 131056
Jan  5 09:00:14 nofear kernel:   DMA zone: 4096 pages, LIFO batch:1
Jan  5 09:00:14 nofear kernel:   Normal zone: 126960 pages, LIFO batch:16
Jan  5 09:00:14 nofear kernel:   HighMem zone: 0 pages, LIFO batch:1
Jan  5 09:00:14 nofear kernel: DMI 2.2 present.
Jan  5 09:00:14 nofear kernel: __iounmap: bad address c00f0000
Jan  5 09:00:14 nofear kernel: ACPI: RSDP (v000 VIA694                                ) @ 0x000f64a0
Jan  5 09:00:14 nofear kernel: ACPI: RSDT (v001 VIA694 AWRDACPI 0x42302e31 AWRD 0x00000000) @ 0x1fff3000
Jan  5 09:00:14 nofear kernel: ACPI: FADT (v001 VIA694 AWRDACPI 0x42302e31 AWRD 0x00000000) @ 0x1fff3040
Jan  5 09:00:14 nofear kernel: ACPI: DSDT (v001 VIA694 AWRDACPI 0x00001000 MSFT 0x0100000c) @ 0x00000000
Jan  5 09:00:14 nofear kernel: ACPI: PM-Timer IO Port: 0x4008
Jan  5 09:00:14 nofear kernel:     ACPI-1138: *** Error: Method execution failed [\STRC] (Node 
c14d8e20), AE_AML_BUFFER_LIMIT
Jan  5 09:00:14 nofear kernel:     ACPI-1138: *** Error: Method execution failed [\_SB_.PCI0._INI] 
(Node c14d7b40), AE_AML_BUFFER_LIMIT
-
To unsubscribe from this list: send the line "unsubscribe linux-kernel" in
the body of a message to majordomo@vger.kernel.org
More majordomo info at  
http://vger.kernel.org/majordomo-info.html
Please read the FAQ at  
http://www.tux.org/lkml/