Date: Wed, 7 Feb 2001 02:27:57 +0000 (/etc/localtime)
From: Alexander Zvyagin <>
Subject: Problems with Linux 2.4.1
Sender: linux-kernel-owner@vger.kernel.org
Precedence: bulk
List-ID: <linux-kernel.vger.kernel.org>
X-Mailing-List: linux-kernel@vger.kernel.org
X-Lkml-Link: https://lkml.org/lkml/2001/2/6/122

Hello,
I have several problems with my computer (running RedHat 6.2) under Linux
2.4.1 kernel. (See attached files for more information).
Here is a short summary:
1) Audio card (based on SiS chipset) does not work due to incorrect
   initialization of PCI resources. It seems that this is not a problem of
   audio driver, but may be I am wrong.
   The kernel prints this message:
PCI: Cannot allocate resource region 0 of device 00:01.4
  got res[1000:10ff] for resource 0 of Silicon Integrated Systems [SiS]
SiS PCI Audio Accelerator
2) Frame-buffer mode does not work with my video card SiS630.
   But ok, frame-buffer mode is EXPERIMENTAL in linux.
   Computer boots, but screen is blank. All messages are fine. 
3) Kernel prints (working with DVD-ROM)
   hdc: packet command error: status=0x51 { DriveReady SeekComplete Error}
   I tried CONFIG_IDEDISK_MULTI_MODE to set NO and YES
   but nothing helped. Well, this is a minor problem, because the device
   works regardless of that message.
4) Sometimes computer hangs up. It does not happen too often
   (it happend 2 times), but I am curious why? There is no OOPS, and log
   files do not have any error messages... And I can not reproduce this
   bug.
I spend already several days in attempts to configure all my hardware
(mainly audio card) under linux properly. Any help is greatly appreciated.
P.S. Please CC your answer to me because I am not member of your mail
list.
Thank you,
Alexander.
Linux version 2.4.1 (root@az.private) (gcc version egcs-2.91.66 19990314/Linux (egcs-1.1.2 release)) #1 Sat Feb 3 15:42:40 MSK 2001
BIOS-provided physical RAM map:
 BIOS-e820: 000000000009fc00 @ 0000000000000000 (usable)
 BIOS-e820: 0000000000000400 @ 000000000009fc00 (reserved)
 BIOS-e820: 0000000000020000 @ 00000000000e0000 (reserved)
 BIOS-e820: 00000000036f0000 @ 0000000000100000 (usable)
 BIOS-e820: 000000000000ffc0 @ 00000000037f0000 (ACPI data)
 BIOS-e820: 0000000000000040 @ 00000000037fffc0 (ACPI NVS)
 BIOS-e820: 0000000000040000 @ 00000000fffc0000 (reserved)
Scan SMP from c0000000 for 1024 bytes.
Scan SMP from c009fc00 for 1024 bytes.
Scan SMP from c00f0000 for 65536 bytes.
Scan SMP from c009fc00 for 4096 bytes.
On node 0 totalpages: 14320
zone(0): 4096 pages.
zone(1): 10224 pages.
zone(2): 0 pages.
mapped APIC to ffffe000 (010ef000)
Kernel command line: BOOT_IMAGE=l ro root=303 pci=biosirq
Initializing CPU#0
Detected 797.467 MHz processor.
Console: colour VGA+ 80x50
Calibrating delay loop... 1592.52 BogoMIPS
Memory: 54068k/57280k available (1056k kernel code, 2824k reserved, 377k data, 204k init, 0k highmem)
Dentry-cache hash table entries: 8192 (order: 4, 65536 bytes)
Buffer-cache hash table entries: 1024 (order: 0, 4096 bytes)
Page-cache hash table entries: 16384 (order: 4, 65536 bytes)
Inode-cache hash table entries: 4096 (order: 3, 32768 bytes)
CPU: Before vendor init, caps: 0383f9ff 00000000 00000000, vendor = 0
CPU: L1 I cache: 16K, L1 D cache: 16K
CPU: L2 cache: 256K
Intel machine check architecture supported.
Intel machine check reporting enabled on CPU#0.
CPU: After vendor init, caps: 0383f9ff 00000000 00000000 00000000
CPU: After generic, caps: 0383f9ff 00000000 00000000 00000000
CPU: Common caps: 0383f9ff 00000000 00000000 00000000
CPU: Intel Pentium III (Coppermine) stepping 06
Enabling fast FPU save and restore... done.
Enabling unmasked SIMD FPU exception support... done.
Checking 'hlt' instruction... OK.
POSIX conformance testing by UNIFIX
mtrr: v1.37 (20001109) Richard Gooch (rgooch@atnf.csiro.au)
mtrr: detected mtrr type: Intel
PCI: PCI BIOS revision 2.10 entry at 0xeb440, last bus=1
PCI: Using configuration type 1
PCI: Probing PCI hardware
PCI: Using IRQ router SIS [1039/0008] at 00:01.0
PCI: Cannot allocate resource region 0 of device 00:01.4
  got res[1000:10ff] for resource 0 of Silicon Integrated Systems [SiS] SiS PCI Audio Accelerator
  got res[10000000:10000fff] for resource 0 of Texas Instruments PCI1420
  got res[10001000:10001fff] for resource 0 of Texas Instruments PCI1420 (#2)
isapnp: Scanning for Pnp cards...
isapnp: No Plug & Play device found
Linux NET4.0 for Linux 2.4
Based upon Swansea University Computer Society NET3.039
DMI 2.3 present.
46 structures occupying 1508 bytes.
DMI table at 0x000ED932.
BIOS Vendor: Insydesw
BIOS Version: Version 5.08
BIOS Release: 10/28/2000
System Vendor: CLEVO Co.       .
Product Name: LP200.
Version      .
Serial Number       .
Board Vendor: CLEVO Co.       .
Board Name: LP200.
Board Version:      .
apm: BIOS version 1.2 Flags 0x03 (Driver version 1.14)
Starting kswapd v1.8
parport0: PC-style at 0x378 [PCSPP(,...)]
pty: 256 Unix98 ptys configured
lp0: using parport0 (polling).
block: queued sectors max/low 35832kB/11944kB, 128 slots per queue
Uniform Multi-Platform E-IDE driver Revision: 6.31
ide: Assuming 33MHz system bus speed for PIO modes; override with idebus=xx
SIS5513: IDE controller on PCI bus 00 dev 01
PCI: No IRQ known for interrupt pin A of device 00:00.1.
SIS5513: chipset revision 208
SIS5513: not 100% native mode: will probe irqs later
SiS630
    ide0: BM-DMA at 0x1100-0x1107, BIOS settings: hda:DMA, hdb:pio
    ide1: BM-DMA at 0x1108-0x110f, BIOS settings: hdc:DMA, hdd:pio
hda: QUANTUM FIREBALLlct15 20, ATA DISK drive
hdc: TORiSAN DVD-ROM DRD-U824, ATAPI CD/DVD-ROM drive
ide0 at 0x1f0-0x1f7,0x3f6 on irq 14
ide1 at 0x170-0x177,0x376 on irq 15
hda: 39876480 sectors (20417 MB) w/418KiB Cache, CHS=2482/255/63, UDMA(66)
hdc: ATAPI DVD-ROM drive, 256kB Cache, UDMA(33)
Uniform CD-ROM driver Revision: 3.12
Partition check:
 hda: hda1 hda2 hda3 hda4
Floppy drive(s): fd0 is 1.44M
FDC 0 is a post-1991 82077
udf: registering filesystem
Serial driver version 5.02 (2000-08-09) with MANY_PORTS SHARE_IRQ SERIAL_PCI ISAPNP enabled
ttyS00 at 0x03f8 (irq = 4) is a 16550A
ttyS01 at 0x02f8 (irq = 3) is a 16550A
sis900.c: v1.07.07  11/29/2000
PCI: Found IRQ 11 for device 00:01.1
PCI: The same IRQ used for device 00:0d.0
eth0: SiS 900 PCI Fast Ethernet at 0x3000, IRQ 11, 00:90:f5:00:47:86.
eth0: SiS 900 Internal MII PHY transceiver found at address 1.
eth0: Using SiS 900 Internal MII PHY as default
Trident 4DWave/SiS 7018/ALi 5451 PCI Audio, version 0.14.6, 15:44:04 Feb  3 2001
PCI: Found IRQ 5 for device 00:01.4
PCI: The same IRQ used for device 00:01.6
PCI: The same IRQ used for device 00:0c.1
trident: SiS 7018 PCI Audio found at IO 0x1000, IRQ 5
ac97_codec: AC97  codec, id: 0x0000:0x0000 (Unknown)
ac97_codec: AC97  codec, id: 0x0000:0x0000 (Unknown)
NET4: Linux TCP/IP 1.0 for NET4.0
IP Protocols: ICMP, UDP, TCP
IP: routing cache hash table of 512 buckets, 4Kbytes
TCP: Hash tables configured (established 4096 bind 4096)
NET4: Unix domain sockets 1.0/SMP for Linux NET4.0.
ACPI: APM is already active, exiting
VFS: Mounted root (ext2 filesystem) readonly.
Freeing unused kernel memory: 204k freed
Adding Swap: 200804k swap-space (priority -1)
00:00.0 Host bridge: Silicon Integrated Systems [SiS] 630 Host (rev 11)
00:00.1 IDE interface: Silicon Integrated Systems [SiS] 5513 [IDE] (rev d0)
00:01.0 ISA bridge: Silicon Integrated Systems [SiS] 85C503/5513
00:01.1 Ethernet controller: Silicon Integrated Systems [SiS] SiS900 10/100 Ethernet (rev 80)
00:01.2 USB Controller: Silicon Integrated Systems [SiS] 7001 (rev 07)
00:01.3 USB Controller: Silicon Integrated Systems [SiS] 7001 (rev 07)
00:01.4 Multimedia audio controller: Silicon Integrated Systems [SiS]: Unknown device 7018 (rev 01)
00:01.6 Modem: Silicon Integrated Systems [SiS]: Unknown device 7013 (rev a0)
00:02.0 PCI bridge: Silicon Integrated Systems [SiS] 5591/5592 AGP
00:0c.0 CardBus bridge: Texas Instruments: Unknown device ac51
00:0c.1 CardBus bridge: Texas Instruments: Unknown device ac51
00:0d.0 FireWire (IEEE 1394): Texas Instruments: Unknown device 8020
01:00.0 VGA compatible controller: Silicon Integrated Systems [SiS]: Unknown device 6300 (rev 11)
           CPU0       
  0:     221157          XT-PIC  timer
  1:       7809          XT-PIC  keyboard
  2:          0          XT-PIC  cascade
  5:          0          XT-PIC  SiS 7018 PCI Audio
 12:       5720          XT-PIC  PS/2 Mouse
 14:      54450          XT-PIC  ide0
 15:          3          XT-PIC  ide1
NMI:          0 
ERR:          0
0000-001f : dma1
0020-003f : pic1
0040-005f : timer
0060-006f : keyboard
0080-008f : dma page reg
00a0-00bf : pic2
00c0-00df : dma2
00f0-00ff : fpu
0170-0177 : ide1
01f0-01f7 : ide0
02f8-02ff : serial(auto)
0376-0376 : ide1
0378-037a : parport0
03c0-03df : vga+
03f6-03f6 : ide0
03f8-03ff : serial(auto)
0cf8-0cff : PCI conf1
1000-10ff : Silicon Integrated Systems [SiS] SiS PCI Audio Accelerator
  1000-10ff : SiS 7018 PCI Audio
1100-110f : Silicon Integrated Systems [SiS] 5513 [IDE]
  1100-1107 : ide0
  1108-110f : ide1
3000-30ff : Silicon Integrated Systems [SiS] SiS900 10/100 Ethernet
  3000-30ff : eth0
3200-32ff : PCI device 1039:7013 (Silicon Integrated Systems [SiS])
3300-337f : PCI device 1039:7013 (Silicon Integrated Systems [SiS])
a000-afff : PCI Bus #01
  a000-a07f : Silicon Integrated Systems [SiS] SiS630 GUI Accelerator+3D