Date: Sun, 25 Sep 2005 18:00:37 -0400
From: Paul Blazejowski <>
Subject: Re: 2.6.14-rc2-mm1
Sender: linux-kernel-owner@vger.kernel.org
Precedence: bulk
List-ID: <linux-kernel.vger.kernel.org>
X-Mailing-List: linux-kernel@vger.kernel.org
X-Lkml-Link: https://lkml.org/lkml/2005/9/25/108

Folks,
Upon quick testing the latest mm kernel it appears there's some kind of
race condition when using dual core cpu esp when using XORG and USB
(although PS2 has same issue) kebyboard rate being too fast.
The same behaviour happens on vanilla 2.6.13 kernel. Reporting this also
to XORG list in hopes to help debug this issue.
The platform is nForce4 SLI from ASUS (A8N-SLI Premium) with dual core
X2 Athlon 3800+ processor.
XORG version is 6.8.2 under Slackware 10.2.
uname -a reports: Linux blaze 2.6.14-rc2-mm1 #1 SMP Sun Sep 25 17:03:22
EDT 2005 i686 AMD Athlon(tm) 64 X2 Dual Core Processor 3800+
AuthenticAMD GNU/Linux
kernel config, dmesg output and lspci -vvv will be attached below.
I have confirmed this with another fellow who is using the same setup
and is having the same issue. Also worth noting is that the SATA
performance is very poor, the hdparm results give ~33mb/s where on
nforce2 previously the rates would be in ~58mb/s range. In comparison
SCSI rates are in ~52mb/s range. This both happens on sata_nv and
sata_sil controllers on this mainboard.
One of the workarounds for me is to turn the keyboard rate in
gnome-keybaord tools which helps. Also when browsing websites the USB
mouse has problems with scrolling and the window painting seems very
slow, like when typing www. in url bar can take up to 10 seconds before
the bar shows previously entered urls. Playing mp3 makes the music
skip very badly. I had not tried to use UP kernel but from the
reports i've read the issue is gone when using X. As noted here
http://lists.freedesktop.org/archives/xorg/2005-September/010148.html
I can help debugging this and if more info is needed please CC the
responses.
Best Regards,
Paul B.
[unhandled content-type:application/x-gunzip]Linux version 2.6.14-rc2-mm1 (root@blaze) (gcc version 3.3.6) #1 SMP Sun Sep 25 17:03:22 EDT 2005
BIOS-provided physical RAM map:
 BIOS-e820: 0000000000000000 - 000000000009f400 (usable)
 BIOS-e820: 000000000009f400 - 00000000000a0000 (reserved)
 BIOS-e820: 00000000000f0000 - 0000000000100000 (reserved)
 BIOS-e820: 0000000000100000 - 000000001fff0000 (usable)
 BIOS-e820: 000000001fff0000 - 000000001fff3000 (ACPI NVS)
 BIOS-e820: 000000001fff3000 - 0000000020000000 (ACPI data)
 BIOS-e820: 00000000e0000000 - 00000000f0000000 (reserved)
 BIOS-e820: 00000000fec00000 - 0000000100000000 (reserved)
0MB HIGHMEM available.
511MB LOWMEM available.
found SMP MP-table at 000f5a30
On node 0 totalpages: 131056
  DMA zone: 4096 pages, LIFO batch:2
  DMA32 zone: 0 pages, LIFO batch:2
  Normal zone: 126960 pages, LIFO batch:64
  HighMem zone: 0 pages, LIFO batch:2
DMI 2.3 present.
ACPI: RSDP (v000 Nvidia                                ) @ 0x000f7dc0
ACPI: RSDT (v001 Nvidia AWRDACPI 0x42302e31 AWRD 0x00000000) @ 0x1fff3040
ACPI: FADT (v001 Nvidia AWRDACPI 0x42302e31 AWRD 0x00000000) @ 0x1fff30c0
ACPI: SRAT (v001 AMD    HAMMER   0x00000001 AMD  0x00000001) @ 0x1fff9900
ACPI: MCFG (v001 Nvidia AWRDACPI 0x42302e31 AWRD 0x00000000) @ 0x1fff9a00
ACPI: MADT (v001 Nvidia AWRDACPI 0x42302e31 AWRD 0x00000000) @ 0x1fff9840
ACPI: DSDT (v001 NVIDIA AWRDACPI 0x00001000 MSFT 0x0100000e) @ 0x00000000
ACPI: Local APIC address 0xfee00000
ACPI: LAPIC (acpi_id[0x00] lapic_id[0x00] enabled)
Processor #0 15:3 APIC version 16
ACPI: LAPIC (acpi_id[0x01] lapic_id[0x01] enabled)
Processor #1 15:3 APIC version 16
ACPI: LAPIC_NMI (acpi_id[0x00] high edge lint[0x1])
ACPI: LAPIC_NMI (acpi_id[0x01] high edge lint[0x1])
ACPI: IOAPIC (id[0x02] address[0xfec00000] gsi_base[0])
IOAPIC[0]: apic_id 2, version 17, address 0xfec00000, GSI 0-23
ACPI: INT_SRC_OVR (bus 0 bus_irq 0 global_irq 2 dfl dfl)
ACPI: BIOS IRQ0 pin2 override ignored.
ACPI: INT_SRC_OVR (bus 0 bus_irq 9 global_irq 9 high level)
ACPI: INT_SRC_OVR (bus 0 bus_irq 14 global_irq 14 high edge)
ACPI: INT_SRC_OVR (bus 0 bus_irq 15 global_irq 15 high edge)
ACPI: IRQ9 used by override.
ACPI: IRQ14 used by override.
ACPI: IRQ15 used by override.
Enabling APIC mode:  Flat.  Using 1 I/O APICs
Using ACPI (MADT) for SMP configuration information
Allocating PCI resources starting at 30000000 (gap: 20000000:c0000000)
Built 1 zonelists
mapped APIC to ffffd000 (fee00000)
mapped IOAPIC to ffffc000 (fec00000)
Initializing CPU#0
Kernel command line: root=/dev/sda1 ro vmalloc=256M console=ttyS0,57600n8 console=tty0 rootflags=quota elevator=cfq vga=795
CPU 0 irqstacks, hard=c043e000 soft=c043c000
PID hash table entries: 2048 (order: 11, 32768 bytes)
Detected 2352.758 MHz processor.
Using tsc for high-res timesource
Console: colour dummy device 80x25
Dentry cache hash table entries: 131072 (order: 7, 524288 bytes)
Inode-cache hash table entries: 65536 (order: 6, 262144 bytes)
Memory: 515152k/524224k available (2390k kernel code, 8560k reserved, 662k data, 232k init, 0k highmem)
Checking if this processor honours the WP bit even in supervisor mode... Ok.
Calibrating delay using timer specific routine.. 4708.36 BogoMIPS (lpj=2354180)
Mount-cache hash table entries: 512
CPU: After generic identify, caps: 178bfbff e3d3fbff 00000000 00000000 00000001 00000000 00000003
CPU: After vendor identify, caps: 178bfbff e3d3fbff 00000000 00000000 00000001 00000000 00000003
CPU: L1 I Cache: 64K (64 bytes/line), D cache 64K (64 bytes/line)
CPU: L2 Cache: 512K (64 bytes/line)
CPU 0(2) -> Core 0
CPU: After all inits, caps: 178bfbff e3d3fbff 00000000 00000010 00000001 00000000 00000003
Intel machine check architecture supported.
Intel machine check reporting enabled on CPU#0.
mtrr: v2.0 (20020519)
Enabling fast FPU save and restore... <7>spurious 8259A interrupt: IRQ7.
done.
Enabling unmasked SIMD FPU exception support... done.
Checking 'hlt' instruction... OK.
CPU0: AMD Athlon(tm) 64 X2 Dual Core Processor 3800+ stepping 02
Booting processor 1/1 eip 2000
CPU 1 irqstacks, hard=c043f000 soft=c043d000
Initializing CPU#1
Calibrating delay using timer specific routine.. 4704.69 BogoMIPS (lpj=2352349)
CPU: After generic identify, caps: 178bfbff e3d3fbff 00000000 00000000 00000001 00000000 00000003
CPU: After vendor identify, caps: 178bfbff e3d3fbff 00000000 00000000 00000001 00000000 00000003
CPU: L1 I Cache: 64K (64 bytes/line), D cache 64K (64 bytes/line)
CPU: L2 Cache: 512K (64 bytes/line)
CPU 1(2) -> Core 1
CPU: After all inits, caps: 178bfbff e3d3fbff 00000000 00000010 00000001 00000000 00000003
Intel machine check architecture supported.
Intel machine check reporting enabled on CPU#1.
CPU1: AMD Athlon(tm) 64 X2 Dual Core Processor 3800+ stepping 02
Total of 2 processors activated (9413.05 BogoMIPS).
ENABLING IO-APIC IRQs
..TIMER: vector=0x31 pin1=0 pin2=-1
checking TSC synchronization across 2 CPUs: 
CPU#0 had 0 usecs TSC skew, fixed it up.
CPU#1 had 0 usecs TSC skew, fixed it up.
Brought up 2 CPUs
NET: Registered protocol family 16
ACPI: bus type pci registered
PCI: PCI BIOS revision 3.00 entry at 0xf2740, last bus=5
PCI: Using MMCONFIG
ACPI: Subsystem revision 20050902
ACPI: Interpreter enabled
ACPI: Using IOAPIC for interrupt routing
ACPI: PCI Root Bridge [PCI0] (0000:00)
PCI: Probing PCI hardware (bus 00)
PCI: Transparent bridge - 0000:00:09.0
Boot video device is 0000:01:00.0
ACPI: PCI Interrupt Routing Table [\_SB_.PCI0._PRT]
ACPI: PCI Interrupt Routing Table [\_SB_.PCI0.HUB0._PRT]
ACPI: PCI Interrupt Link [LNK1] (IRQs *3 4 5 7 9 10 11 12 14 15)
ACPI: PCI Interrupt Link [LNK2] (IRQs 3 4 5 7 9 10 *11 12 14 15)
ACPI: PCI Interrupt Link [LNK3] (IRQs 3 4 5 7 9 10 *11 12 14 15)
ACPI: PCI Interrupt Link [LNK4] (IRQs *3 4 5 7 9 10 11 12 14 15)
ACPI: PCI Interrupt Link [LNK5] (IRQs 3 4 5 7 9 10 11 12 14 15) *0, disabled.
ACPI: PCI Interrupt Link [LUBA] (IRQs 3 4 5 7 9 10 *11 12 14 15)
ACPI: PCI Interrupt Link [LUBB] (IRQs 3 4 5 7 9 10 11 12 14 15) *0, disabled.
ACPI: PCI Interrupt Link [LMAC] (IRQs 3 4 *5 7 9 10 11 12 14 15)
ACPI: PCI Interrupt Link [LACI] (IRQs 3 4 5 7 9 10 11 *12 14 15)
ACPI: PCI Interrupt Link [LMCI] (IRQs 3 4 5 7 9 10 11 12 14 15) *0, disabled.
ACPI: PCI Interrupt Link [LSMB] (IRQs 3 4 *5 7 9 10 11 12 14 15)
ACPI: PCI Interrupt Link [LUB2] (IRQs 3 4 5 7 9 10 11 *12 14 15)
ACPI: PCI Interrupt Link [LIDE] (IRQs 3 4 5 7 9 10 11 12 14 15) *0, disabled.
ACPI: PCI Interrupt Link [LSID] (IRQs 3 4 5 7 9 10 *11 12 14 15)
ACPI: PCI Interrupt Link [LFID] (IRQs 3 4 *5 7 9 10 11 12 14 15)
ACPI: PCI Interrupt Link [LPCA] (IRQs 3 4 5 7 9 10 11 12 14 15) *0, disabled.
ACPI: PCI Interrupt Link [APC1] (IRQs 16) *0, disabled.
ACPI: PCI Interrupt Link [APC2] (IRQs 17) *0, disabled.
ACPI: PCI Interrupt Link [APC3] (IRQs 18) *0, disabled.
ACPI: PCI Interrupt Link [APC4] (IRQs 19) *0, disabled.
ACPI: PCI Interrupt Link [APC5] (IRQs *16), disabled.
ACPI: PCI Interrupt Link [APCF] (IRQs 20 21 22 23) *0, disabled.
ACPI: PCI Interrupt Link [APCG] (IRQs 20 21 22 23) *0, disabled.
ACPI: PCI Interrupt Link [APCH] (IRQs 20 21 22 23) *0, disabled.
ACPI: PCI Interrupt Link [APCJ] (IRQs 20 21 22 23) *0, disabled.
ACPI: PCI Interrupt Link [APCK] (IRQs 20 21 22 23) *0, disabled.
ACPI: PCI Interrupt Link [APCS] (IRQs 20 21 22 23) *0, disabled.
ACPI: PCI Interrupt Link [APCL] (IRQs 20 21 22 23) *0, disabled.
ACPI: PCI Interrupt Link [APCZ] (IRQs 20 21 22 23) *0, disabled.
ACPI: PCI Interrupt Link [APSI] (IRQs 20 21 22 23) *0, disabled.
ACPI: PCI Interrupt Link [APSJ] (IRQs 20 21 22 23) *0, disabled.
ACPI: PCI Interrupt Link [APCP] (IRQs 20 21 22 23) *0, disabled.
Linux Plug and Play Support v0.97 (c) Adam Belay
pnp: PnP ACPI init
pnp: PnP ACPI: found 14 devices
SCSI subsystem initialized
PCI: Using ACPI for IRQ routing
PCI: If a device doesn't work, try "pci=routeirq".  If it helps, post a report
pnp: 00:01: ioport range 0x4000-0x407f could not be reserved
pnp: 00:01: ioport range 0x4080-0x40ff has been reserved
pnp: 00:01: ioport range 0x4400-0x447f has been reserved
pnp: 00:01: ioport range 0x4480-0x44ff could not be reserved
pnp: 00:01: ioport range 0x4800-0x487f has been reserved
pnp: 00:01: ioport range 0x4880-0x48ff has been reserved
PCI: Bridge: 0000:00:09.0
  IO window: 8000-afff
  MEM window: d0000000-d1ffffff
  PREFETCH window: 30000000-300fffff
PCI: Bridge: 0000:00:0b.0
  IO window: disabled.
  MEM window: disabled.
  PREFETCH window: disabled.
PCI: Bridge: 0000:00:0c.0
  IO window: disabled.
  MEM window: disabled.
  PREFETCH window: disabled.
PCI: Bridge: 0000:00:0d.0
  IO window: disabled.
  MEM window: disabled.
  PREFETCH window: disabled.
PCI: Bridge: 0000:00:0e.0
  IO window: disabled.
  MEM window: c8000000-cfffffff
  PREFETCH window: c0000000-c7ffffff
PCI: Setting latency timer of device 0000:00:09.0 to 64
PCI: Setting latency timer of device 0000:00:0b.0 to 64
PCI: Setting latency timer of device 0000:00:0c.0 to 64
PCI: Setting latency timer of device 0000:00:0d.0 to 64
PCI: Setting latency timer of device 0000:00:0e.0 to 64
Total HugeTLB memory allocated, 0
VFS: Disk quotas dquot_6.5.1
Dquot-cache hash table entries: 1024 (order 0, 4096 bytes)
SGI XFS with ACLs, realtime, large block numbers, no debug enabled
SGI XFS Quota Management subsystem
Initializing Cryptographic API
vesafb: framebuffer at 0xc0000000, mapped to 0xe0880000, using 10240k, total 131072k
vesafb: mode is 1280x1024x32, linelength=5120, pages=0
vesafb: protected mode interface info at c000:d620
vesafb: scrolling: redraw
vesafb: Truecolor: size=8:8:8:8, shift=24:16:8:0
vesafb: Mode is VGA compatible
Console: switching to colour frame buffer device 160x64
fb0: VESA VGA frame buffer device
ACPI: Power Button (FF) [PWRF]
ACPI: Power Button (CM) [PWRB]
ACPI: Fan [FAN] (on)
ACPI: CPU0 (power states: C1[C1])
ACPI: CPU1 (power states: C1[C1])
ACPI: Thermal Zone [THRM] (40 C)
PNP: No PS/2 controller found. Probing ports directly.
serio: i8042 AUX port at 0x60,0x64 irq 12
serio: i8042 KBD port at 0x60,0x64 irq 1
Serial: 8250/16550 driver $Revision: 1.90 $ 4 ports, IRQ sharing enabled
ttyS0 at I/O 0x3f8 (irq = 4) is a 16550A
ttyS0 at I/O 0x3f8 (irq = 4) is a 16550A
mice: PS/2 mouse device common for all mice
io scheduler noop registered
io scheduler anticipatory registered
io scheduler deadline registered
io scheduler cfq registered (default)
RAMDISK driver initialized: 16 RAM disks of 8192K size 1024 blocksize
Uniform Multi-Platform E-IDE driver Revision: 7.00alpha2
ide: Assuming 33MHz system bus speed for PIO modes; override with idebus=xx
NFORCE-CK804: IDE controller at PCI slot 0000:00:06.0
NFORCE-CK804: chipset revision 242
NFORCE-CK804: not 100% native mode: will probe irqs later
NFORCE-CK804: 0000:00:06.0 (rev f2) UDMA133 controller
    ide0: BM-DMA at 0xf000-0xf007, BIOS settings: hda:DMA, hdb:DMA
    ide1: BM-DMA at 0xf008-0xf00f, BIOS settings: hdc:DMA, hdd:DMA
Probing IDE interface ide0...
hda: PLEXTOR DVDR PX-716A, ATAPI CD/DVD-ROM drive
ide0 at 0x1f0-0x1f7,0x3f6 on irq 14
Probing IDE interface ide1...
Probing IDE interface ide1...
ACPI: PCI Interrupt Link [APC3] enabled at IRQ 18
ACPI: PCI Interrupt 0000:05:08.0[A] -> Link [APC3] -> GSI 18 (level, low) -> IRQ 16
scsi0 : Adaptec AIC7XXX EISA/VLB/PCI SCSI HBA DRIVER, Rev 7.0
        <Adaptec 29160 Ultra160 SCSI adapter>
        aic7892: Ultra160 Wide Channel A, SCSI Id=7, 32/253 SCBs
  Vendor: PLEXTOR   Model: CD-R   PX-W1210S  Rev: 1.06
  Type:   CD-ROM                             ANSI SCSI revision: 02
 target0:0:4: Beginning Domain Validation
 target0:0:4: Domain Validation skipping write tests
 target0:0:4: FAST-20 SCSI 20.0 MB/s ST (50 ns, offset 16)
 target0:0:4: Ending Domain Validation
  Vendor: IBM       Model: IC35L036UWD210-0  Rev: S5CQ
  Type:   Direct-Access                      ANSI SCSI revision: 03
scsi0:A:6:0: Tagged Queuing enabled.  Depth 32
 target0:0:6: Beginning Domain Validation
 target0:0:6: wide asynchronous.
 target0:0:6: FAST-80 WIDE SCSI 160.0 MB/s DT (12.5 ns, offset 63)
 target0:0:6: Ending Domain Validation
SCSI device sda: 71687340 512-byte hdwr sectors (36704 MB)
SCSI device sda: drive cache: write back
SCSI device sda: 71687340 512-byte hdwr sectors (36704 MB)
SCSI device sda: drive cache: write back
 sda: sda1 sda2 sda3 sda4 < sda5 sda6 sda7 >
Attached scsi disk sda at scsi0, channel 0, id 6, lun 0
device-mapper: 4.4.0-ioctl (2005-01-12) initialised: dm-devel@redhat.com
NET: Registered protocol family 2
IP route cache hash table entries: 8192 (order: 3, 32768 bytes)
TCP established hash table entries: 32768 (order: 6, 262144 bytes)
TCP bind hash table entries: 32768 (order: 6, 262144 bytes)
TCP: Hash tables configured (established 32768 bind 32768)
TCP reno registered
TCP bic registered
NET: Registered protocol family 1
NET: Registered protocol family 17
Starting balanced_irq
Using IPI Shortcut mode
BIOS EDD facility v0.16 2004-Jun-25, 2 devices found
XFS mounting filesystem sda1
Ending clean XFS mount for filesystem: sda1
VFS: Mounted root (xfs filesystem) readonly.
Freeing unused kernel memory: 232k freed
Adding 506008k swap on /dev/sda7.  Priority:-1 extents:1 across:506008k
Linux agpgart interface v0.101 (c) Dave Jones
XFS mounting filesystem sda2
Ending clean XFS mount for filesystem: sda2
XFS mounting filesystem sda3
Ending clean XFS mount for filesystem: sda3
XFS mounting filesystem sda5
Ending clean XFS mount for filesystem: sda5
XFS mounting filesystem sda6
Ending clean XFS mount for filesystem: sda6
forcedeth.c: Reverse Engineered nForce ethernet driver. Version 0.41.
ACPI: PCI Interrupt Link [APCH] enabled at IRQ 23
ACPI: PCI Interrupt 0000:00:0a.0[A] -> Link [APCH] -> GSI 23 (level, low) -> IRQ 17
PCI: Setting latency timer of device 0000:00:0a.0 to 64
eth0: forcedeth.c: subsystem: 01043:8141 bound to 0000:00:0a.0
eth0: no link during initialization.
eth0: link up.
ACPI: PCI Interrupt Link [APC2] enabled at IRQ 17
ACPI: PCI Interrupt 0000:05:0c.0[A] -> Link [APC2] -> GSI 17 (level, low) -> IRQ 18
ACPI: PCI Interrupt 0000:05:0c.0[A] -> Link [APC2] -> GSI 17 (level, low) -> IRQ 18
eth1: Yukon Gigabit Ethernet 10/100/1000Base-T Adapter
      PrefPort:A  RlmtMode:Check Link State
ieee1394: Initialized config rom entry `ip1394'
ohci1394: $Rev: 1299 $ Ben Collins <bcollins@debian.org>
ACPI: PCI Interrupt 0000:05:07.2[B] -> Link [APC3] -> GSI 18 (level, low) -> IRQ 16
ohci1394: fw-host0: OHCI-1394 1.1 (PCI): IRQ=[16]  MMIO=[d100f000-d100f7ff]  Max Packet=[2048]
ACPI: PCI Interrupt Link [APC1] enabled at IRQ 16
ACPI: PCI Interrupt 0000:05:0b.0[A] -> Link [APC1] -> GSI 16 (level, low) -> IRQ 19
ohci1394: fw-host1: OHCI-1394 1.1 (PCI): IRQ=[19]  MMIO=[d100d000-d100d7ff]  Max Packet=[2048]
gameport: EMU10K1 is pci0000:05:07.1/gameport0, io 0x8400, speed 1193kHz
ACPI: PCI Interrupt 0000:05:07.0[A] -> Link [APC2] -> GSI 17 (level, low) -> IRQ 18
Installing spdif_bug patch: Audigy 2 Platinum [SB0240P]
libata version 1.12 loaded.
sata_nv version 0.8
ACPI: PCI Interrupt Link [APSI] enabled at IRQ 22
ACPI: PCI Interrupt 0000:00:07.0[A] -> Link [APSI] -> GSI 22 (level, low) -> IRQ 20
PCI: Setting latency timer of device 0000:00:07.0 to 64
ata1: SATA max UDMA/133 cmd 0x9F0 ctl 0xBF2 bmdma 0xD800 irq 20
ata2: SATA max UDMA/133 cmd 0x970 ctl 0xB72 bmdma 0xD808 irq 20
ata1: no device found (phy stat 00000000)
scsi1 : sata_nv
ata2: no device found (phy stat 00000000)
scsi2 : sata_nv
ACPI: PCI Interrupt Link [APSJ] enabled at IRQ 21
ACPI: PCI Interrupt 0000:00:08.0[A] -> Link [APSJ] -> GSI 21 (level, low) -> IRQ 21
PCI: Setting latency timer of device 0000:00:08.0 to 64
ata3: SATA max UDMA/133 cmd 0x9E0 ctl 0xBE2 bmdma 0xC400 irq 21
ata4: SATA max UDMA/133 cmd 0x960 ctl 0xB62 bmdma 0xC408 irq 21
ieee1394: Host added: ID:BUS[0-00:1023]  GUID[00023c0091065c55]
ata3: dev 0 cfg 49:2f00 82:346b 83:7f61 84:4003 85:3469 86:3c41 87:4003 88:407f
ata3: dev 0 ATA-6, max UDMA/133, 390721968 sectors: LBA48
nv_sata: Primary device added
nv_sata: Primary device removed
nv_sata: Secondary device added
nv_sata: Secondary device removed
ata3: dev 0 configured for UDMA/133
scsi3 : sata_nv
ieee1394: Host added: ID:BUS[1-00:1023]  GUID[0011d800004f6359]
ata4: no device found (phy stat 00000000)
scsi4 : sata_nv
  Vendor: ATA       Model: WDC WD2000JD-00H  Rev: 08.0
  Type:   Direct-Access                      ANSI SCSI revision: 05
SCSI device sdb: 390721968 512-byte hdwr sectors (200050 MB)
SCSI device sdb: drive cache: write back
SCSI device sdb: 390721968 512-byte hdwr sectors (200050 MB)
SCSI device sdb: drive cache: write back
 sdb:<4>nv_sata: Primary device added
nv_sata: Primary device removed
nv_sata: Secondary device added
nv_sata: Secondary device removed
 sdb1 sdb2
Attached scsi disk sdb at scsi3, channel 0, id 0, lun 0
PCI: Enabling device 0000:00:04.0 (0000 -> 0003)
ACPI: PCI Interrupt Link [APCJ] enabled at IRQ 20
ACPI: PCI Interrupt 0000:00:04.0[A] -> Link [APCJ] -> GSI 20 (level, low) -> IRQ 22
PCI: Setting latency timer of device 0000:00:04.0 to 64
intel8x0_measure_ac97_clock: measured 51749 usecs
intel8x0: clocking to 46867
usbcore: registered new driver usbfs
usbcore: registered new driver hub
ACPI: PCI Interrupt Link [APCL] enabled at IRQ 23
ACPI: PCI Interrupt 0000:00:02.1[B] -> Link [APCL] -> GSI 23 (level, low) -> IRQ 17
PCI: Setting latency timer of device 0000:00:02.1 to 64
ehci_hcd 0000:00:02.1: EHCI Host Controller
ehci_hcd 0000:00:02.1: debug port 1
ehci_hcd 0000:00:02.1: new USB bus registered, assigned bus number 1
ehci_hcd 0000:00:02.1: irq 17, io mem 0xfeb00000
PCI: cache line size of 64 is not supported by device 0000:00:02.1
ehci_hcd 0000:00:02.1: park 0
ehci_hcd 0000:00:02.1: USB 2.0 initialized, EHCI 1.00, driver 10 Dec 2004
hub 1-0:1.0: USB hub found
hub 1-0:1.0: 10 ports detected
ohci_hcd: 2005 April 22 USB 1.1 'Open' Host Controller (OHCI) Driver (PCI)
ACPI: PCI Interrupt Link [APCF] enabled at IRQ 22
ACPI: PCI Interrupt 0000:00:02.0[A] -> Link [APCF] -> GSI 22 (level, low) -> IRQ 20
PCI: Setting latency timer of device 0000:00:02.0 to 64
ohci_hcd 0000:00:02.0: OHCI Host Controller
ohci_hcd 0000:00:02.0: new USB bus registered, assigned bus number 2
ohci_hcd 0000:00:02.0: irq 20, io mem 0xd2004000
hub 2-0:1.0: USB hub found
hub 2-0:1.0: 10 ports detected
usb 1-2: new high speed USB device using ehci_hcd and address 2
hub 1-2:1.0: USB hub found
hub 1-2:1.0: 4 ports detected
i2c_adapter i2c-0: nForce2 SMBus adapter at 0x4c00
i2c_adapter i2c-1: nForce2 SMBus adapter at 0x4c40
ohci_hcd 0000:00:02.0: wakeup
usb 2-3: new full speed USB device using ohci_hcd and address 2
hub 2-3:1.0: USB hub found
hub 2-3:1.0: 3 ports detected
usb 2-4: new low speed USB device using ohci_hcd and address 3
usb 2-3.1: new low speed USB device using ohci_hcd and address 4
usbcore: registered new driver hiddev
input: USB HID v1.10 Mouse [Microsoft Microsoft 5-Button Mouse with IntelliEye(TM)] on usb-0000:00:02.0-4
input: USB HID v1.10 Keyboard [Microsoft Natural Keyboard Pro] on usb-0000:00:02.0-3.1
input: USB HID v1.10 Device [Microsoft Natural Keyboard Pro] on usb-0000:00:02.0-3.1
usbcore: registered new driver usbhid
drivers/usb/input/hid-core.c: v2.6:USB HID core driver
Real Time Clock Driver v1.12
Floppy drive(s): fd0 is 1.44M
FDC 0 is a post-1991 82077
parport: PnPBIOS parport detected.
parport0: PC-style at 0x378 (0x778), irq 7, dma 3 [PCSPP,TRISTATE,COMPAT,ECP,DMA]
gameport: NS558 PnP Gameport is pnp00:0b/gameport0, io 0x201, speed 903kHz
USB Universal Host Controller Interface driver v2.3
NET: Registered protocol family 10
IPv6 over IPv4 tunneling driver
00:00.0 Memory controller: nVidia Corporation CK804 Memory Controller (rev a3)
	Control: I/O- Mem+ BusMaster+ SpecCycle- MemWINV- VGASnoop- ParErr- Stepping- SERR- FastB2B-
	Status: Cap+ 66Mhz+ UDF- FastB2B+ ParErr- DEVSEL=fast >TAbort- <TAbort- <MAbort- >SERR- <PERR-
	Latency: 0
	Capabilities: [44] #08 [01e0]
	Capabilities: [e0] #08 [a801]
00:01.0 ISA bridge: nVidia Corporation CK804 ISA Bridge (rev a3)
	Subsystem: ASUSTeK Computer Inc. K8N4-E Mainboard
	Control: I/O+ Mem+ BusMaster+ SpecCycle+ MemWINV- VGASnoop- ParErr- Stepping- SERR- FastB2B-
	Status: Cap- 66Mhz+ UDF- FastB2B+ ParErr- DEVSEL=fast >TAbort- <TAbort- <MAbort- >SERR- <PERR-
	Latency: 0
00:01.1 SMBus: nVidia Corporation CK804 SMBus (rev a2)
	Subsystem: ASUSTeK Computer Inc. K8N4-E Mainboard
	Control: I/O+ Mem- BusMaster- SpecCycle- MemWINV- VGASnoop- ParErr- Stepping- SERR- FastB2B-
	Status: Cap+ 66Mhz+ UDF- FastB2B+ ParErr- DEVSEL=fast >TAbort- <TAbort- <MAbort- >SERR- <PERR-
	Interrupt: pin A routed to IRQ 5
	Region 0: I/O ports at e400 [size=32]
	Region 4: I/O ports at 4c00 [size=64]
	Region 5: I/O ports at 4c40 [size=64]
	Capabilities: [44] Power Management version 2
		Flags: PMEClk- DSI- D1- D2- AuxCurrent=0mA PME(D0-,D1-,D2-,D3hot+,D3cold+)
		Status: D0 PME-Enable- DSel=0 DScale=0 PME-
00:02.0 USB Controller: nVidia Corporation CK804 USB Controller (rev a2) (prog-if 10 [OHCI])
	Subsystem: ASUSTeK Computer Inc. K8N4-E Mainboard
	Control: I/O+ Mem+ BusMaster+ SpecCycle- MemWINV- VGASnoop- ParErr- Stepping- SERR- FastB2B-
	Status: Cap+ 66Mhz+ UDF- FastB2B+ ParErr- DEVSEL=fast >TAbort- <TAbort- <MAbort- >SERR- <PERR-
	Latency: 0 (750ns min, 250ns max)
	Interrupt: pin A routed to IRQ 20
	Region 0: Memory at d2004000 (32-bit, non-prefetchable) [size=4K]
	Capabilities: [44] Power Management version 2
		Flags: PMEClk- DSI- D1+ D2+ AuxCurrent=0mA PME(D0+,D1+,D2+,D3hot+,D3cold+)
		Status: D0 PME-Enable- DSel=0 DScale=0 PME-
00:02.1 USB Controller: nVidia Corporation CK804 USB Controller (rev a3) (prog-if 20 [EHCI])
	Subsystem: ASUSTeK Computer Inc. K8N4-E Mainboard
	Control: I/O- Mem+ BusMaster+ SpecCycle- MemWINV- VGASnoop- ParErr- Stepping- SERR- FastB2B-
	Status: Cap+ 66Mhz+ UDF- FastB2B+ ParErr- DEVSEL=fast >TAbort- <TAbort- <MAbort- >SERR- <PERR-
	Latency: 0 (750ns min, 250ns max)
	Interrupt: pin B routed to IRQ 17
	Region 0: Memory at feb00000 (32-bit, non-prefetchable) [size=256]
	Capabilities: [44] #0a [2098]
	Capabilities: [80] Power Management version 2
		Flags: PMEClk- DSI- D1+ D2+ AuxCurrent=0mA PME(D0+,D1+,D2+,D3hot+,D3cold+)
		Status: D0 PME-Enable- DSel=0 DScale=0 PME-
00:04.0 Multimedia audio controller: nVidia Corporation CK804 AC'97 Audio Controller (rev a2)
	Subsystem: ASUSTeK Computer Inc. K8N4-E Mainboard
	Control: I/O+ Mem+ BusMaster+ SpecCycle- MemWINV- VGASnoop- ParErr- Stepping- SERR- FastB2B-
	Status: Cap+ 66Mhz+ UDF- FastB2B+ ParErr- DEVSEL=fast >TAbort- <TAbort- <MAbort- >SERR- <PERR-
	Latency: 0 (500ns min, 1250ns max)
	Interrupt: pin A routed to IRQ 22
	Region 0: I/O ports at dc00 [size=256]
	Region 1: I/O ports at 1000 [size=256]
	Region 2: Memory at d2003000 (32-bit, non-prefetchable) [size=4K]
	Capabilities: [44] Power Management version 2
		Flags: PMEClk- DSI- D1+ D2+ AuxCurrent=0mA PME(D0-,D1-,D2-,D3hot-,D3cold-)
		Status: D0 PME-Enable- DSel=0 DScale=0 PME-
00:06.0 IDE interface: nVidia Corporation CK804 IDE (rev f2) (prog-if 8a [Master SecP PriP])
	Subsystem: ASUSTeK Computer Inc. K8N4-E Mainboard
	Control: I/O+ Mem- BusMaster+ SpecCycle- MemWINV- VGASnoop- ParErr- Stepping- SERR- FastB2B-
	Status: Cap+ 66Mhz+ UDF- FastB2B+ ParErr- DEVSEL=fast >TAbort- <TAbort- <MAbort- >SERR- <PERR-
	Latency: 0 (750ns min, 250ns max)
	Region 4: I/O ports at f000 [size=16]
	Capabilities: [44] Power Management version 2
		Flags: PMEClk- DSI- D1- D2- AuxCurrent=0mA PME(D0-,D1-,D2-,D3hot-,D3cold-)
		Status: D0 PME-Enable- DSel=0 DScale=0 PME-
00:07.0 IDE interface: nVidia Corporation CK804 Serial ATA Controller (rev f3) (prog-if 85 [Master SecO PriO])
	Subsystem: ASUSTeK Computer Inc.: Unknown device 815a
	Control: I/O+ Mem+ BusMaster+ SpecCycle- MemWINV- VGASnoop- ParErr- Stepping- SERR- FastB2B-
	Status: Cap+ 66Mhz+ UDF- FastB2B+ ParErr- DEVSEL=fast >TAbort- <TAbort- <MAbort- >SERR- <PERR-
	Latency: 0 (750ns min, 250ns max)
	Interrupt: pin A routed to IRQ 20
	Region 0: I/O ports at 09f0 [size=8]
	Region 1: I/O ports at 0bf0 [size=4]
	Region 2: I/O ports at 0970 [size=8]
	Region 3: I/O ports at 0b70 [size=4]
	Region 4: I/O ports at d800 [size=16]
	Region 5: Memory at d2002000 (32-bit, non-prefetchable) [size=4K]
	Capabilities: [44] Power Management version 2
		Flags: PMEClk- DSI- D1- D2- AuxCurrent=0mA PME(D0-,D1-,D2-,D3hot-,D3cold-)
		Status: D0 PME-Enable- DSel=0 DScale=0 PME-
00:08.0 IDE interface: nVidia Corporation CK804 Serial ATA Controller (rev f3) (prog-if 85 [Master SecO PriO])
	Subsystem: ASUSTeK Computer Inc. K8N4-E Mainboard
	Control: I/O+ Mem+ BusMaster+ SpecCycle- MemWINV- VGASnoop- ParErr- Stepping- SERR- FastB2B-
	Status: Cap+ 66Mhz+ UDF- FastB2B+ ParErr- DEVSEL=fast >TAbort- <TAbort- <MAbort- >SERR- <PERR-
	Latency: 0 (750ns min, 250ns max)
	Interrupt: pin A routed to IRQ 21
	Region 0: I/O ports at 09e0 [size=8]
	Region 1: I/O ports at 0be0 [size=4]
	Region 2: I/O ports at 0960 [size=8]
	Region 3: I/O ports at 0b60 [size=4]
	Region 4: I/O ports at c400 [size=16]
	Region 5: Memory at d2001000 (32-bit, non-prefetchable) [size=4K]
	Capabilities: [44] Power Management version 2
		Flags: PMEClk- DSI- D1- D2- AuxCurrent=0mA PME(D0-,D1-,D2-,D3hot-,D3cold-)
		Status: D0 PME-Enable- DSel=0 DScale=0 PME-
00:09.0 PCI bridge: nVidia Corporation CK804 PCI Bridge (rev a2) (prog-if 01 [Subtractive decode])
	Control: I/O+ Mem+ BusMaster+ SpecCycle- MemWINV- VGASnoop- ParErr- Stepping- SERR+ FastB2B-
	Status: Cap- 66Mhz+ UDF- FastB2B+ ParErr- DEVSEL=fast >TAbort- <TAbort- <MAbort- >SERR- <PERR-
	Latency: 0
	Bus: primary=00, secondary=05, subordinate=05, sec-latency=128
	I/O behind bridge: 00008000-0000afff
	Memory behind bridge: d0000000-d1ffffff
	Prefetchable memory behind bridge: 30000000-300fffff
	BridgeCtl: Parity- SERR+ NoISA- VGA- MAbort- >Reset- FastB2B-
00:0a.0 Bridge: nVidia Corporation CK804 Ethernet Controller (rev a3)
	Subsystem: ASUSTeK Computer Inc. K8N4-E Mainboard
	Control: I/O+ Mem+ BusMaster+ SpecCycle- MemWINV- VGASnoop- ParErr- Stepping- SERR- FastB2B-
	Status: Cap+ 66Mhz+ UDF- FastB2B+ ParErr- DEVSEL=fast >TAbort- <TAbort- <MAbort- >SERR- <PERR-
	Latency: 0 (250ns min, 5000ns max)
	Interrupt: pin A routed to IRQ 17
	Region 0: Memory at d2000000 (32-bit, non-prefetchable) [size=4K]
	Region 1: I/O ports at b000 [size=8]
	Capabilities: [44] Power Management version 2
		Flags: PMEClk- DSI- D1+ D2+ AuxCurrent=0mA PME(D0+,D1+,D2+,D3hot+,D3cold+)
		Status: D0 PME-Enable+ DSel=0 DScale=0 PME-
00:0b.0 PCI bridge: nVidia Corporation CK804 PCIE Bridge (rev a3) (prog-if 00 [Normal decode])
	Control: I/O+ Mem+ BusMaster+ SpecCycle- MemWINV- VGASnoop- ParErr- Stepping- SERR+ FastB2B-
	Status: Cap+ 66Mhz- UDF- FastB2B- ParErr- DEVSEL=fast >TAbort- <TAbort- <MAbort- >SERR- <PERR-
	Latency: 0, cache line size 08
	Bus: primary=00, secondary=04, subordinate=04, sec-latency=0
	I/O behind bridge: 0000f000-00000fff
	Memory behind bridge: fff00000-000fffff
	Prefetchable memory behind bridge: 00000000fff00000-0000000000000000
	BridgeCtl: Parity- SERR+ NoISA- VGA- MAbort- >Reset- FastB2B-
	Capabilities: [40] Power Management version 2
		Flags: PMEClk- DSI- D1- D2- AuxCurrent=0mA PME(D0+,D1+,D2+,D3hot+,D3cold+)
		Status: D0 PME-Enable- DSel=0 DScale=0 PME-
	Capabilities: [48] Message Signalled Interrupts: 64bit+ Queue=0/1 Enable-
		Address: 0000000000000000  Data: 0000
	Capabilities: [58] #08 [a800]
	Capabilities: [80] #10 [0141]
00:0c.0 PCI bridge: nVidia Corporation CK804 PCIE Bridge (rev a3) (prog-if 00 [Normal decode])
	Control: I/O+ Mem+ BusMaster+ SpecCycle- MemWINV- VGASnoop- ParErr- Stepping- SERR+ FastB2B-
	Status: Cap+ 66Mhz- UDF- FastB2B- ParErr- DEVSEL=fast >TAbort- <TAbort- <MAbort- >SERR- <PERR-
	Latency: 0, cache line size 08
	Bus: primary=00, secondary=03, subordinate=03, sec-latency=0
	I/O behind bridge: 0000f000-00000fff
	Memory behind bridge: fff00000-000fffff
	Prefetchable memory behind bridge: 00000000fff00000-0000000000000000
	BridgeCtl: Parity- SERR+ NoISA- VGA- MAbort- >Reset- FastB2B-
	Capabilities: [40] Power Management version 2
		Flags: PMEClk- DSI- D1- D2- AuxCurrent=0mA PME(D0+,D1+,D2+,D3hot+,D3cold+)
		Status: D0 PME-Enable- DSel=0 DScale=0 PME-
	Capabilities: [48] Message Signalled Interrupts: 64bit+ Queue=0/1 Enable-
		Address: 0000000000000000  Data: 0000
	Capabilities: [58] #08 [a800]
	Capabilities: [80] #10 [0141]
00:0d.0 PCI bridge: nVidia Corporation CK804 PCIE Bridge (rev a3) (prog-if 00 [Normal decode])
	Control: I/O+ Mem+ BusMaster+ SpecCycle- MemWINV- VGASnoop- ParErr- Stepping- SERR+ FastB2B-
	Status: Cap+ 66Mhz- UDF- FastB2B- ParErr- DEVSEL=fast >TAbort- <TAbort- <MAbort- >SERR- <PERR-
	Latency: 0, cache line size 08
	Bus: primary=00, secondary=02, subordinate=02, sec-latency=0
	I/O behind bridge: 0000f000-00000fff
	Memory behind bridge: fff00000-000fffff
	Prefetchable memory behind bridge: 00000000fff00000-0000000000000000
	BridgeCtl: Parity- SERR+ NoISA- VGA- MAbort- >Reset- FastB2B-
	Capabilities: [40] Power Management version 2
		Flags: PMEClk- DSI- D1- D2- AuxCurrent=0mA PME(D0+,D1+,D2+,D3hot+,D3cold+)
		Status: D0 PME-Enable- DSel=0 DScale=0 PME-
	Capabilities: [48] Message Signalled Interrupts: 64bit+ Queue=0/1 Enable-
		Address: 0000000000000000  Data: 0000
	Capabilities: [58] #08 [a800]
	Capabilities: [80] #10 [0141]
00:0e.0 PCI bridge: nVidia Corporation CK804 PCIE Bridge (rev a3) (prog-if 00 [Normal decode])
	Control: I/O+ Mem+ BusMaster+ SpecCycle- MemWINV- VGASnoop- ParErr- Stepping- SERR+ FastB2B-
	Status: Cap+ 66Mhz- UDF- FastB2B- ParErr- DEVSEL=fast >TAbort- <TAbort- <MAbort- >SERR- <PERR-
	Latency: 0, cache line size 08
	Bus: primary=00, secondary=01, subordinate=01, sec-latency=0
	I/O behind bridge: 0000f000-00000fff
	Memory behind bridge: c8000000-cfffffff
	Prefetchable memory behind bridge: 00000000c0000000-00000000c7f00000
	BridgeCtl: Parity- SERR+ NoISA- VGA+ MAbort- >Reset- FastB2B-
	Capabilities: [40] Power Management version 2
		Flags: PMEClk- DSI- D1- D2- AuxCurrent=0mA PME(D0+,D1+,D2+,D3hot+,D3cold+)
		Status: D0 PME-Enable- DSel=0 DScale=0 PME-
	Capabilities: [48] Message Signalled Interrupts: 64bit+ Queue=0/1 Enable-
		Address: 0000000000000000  Data: 0000
	Capabilities: [58] #08 [a800]
	Capabilities: [80] #10 [0141]
01:00.0 VGA compatible controller: nVidia Corporation NV43 [GeForce 6600 GT] (rev a2) (prog-if 00 [VGA])
	Control: I/O+ Mem+ BusMaster+ SpecCycle- MemWINV- VGASnoop- ParErr- Stepping- SERR- FastB2B-
	Status: Cap+ 66Mhz- UDF- FastB2B- ParErr- DEVSEL=fast >TAbort- <TAbort- <MAbort- >SERR- <PERR-
	Latency: 0, cache line size 08
	Interrupt: pin A routed to IRQ 11
	Region 0: Memory at c8000000 (32-bit, non-prefetchable) [size=64M]
	Region 1: Memory at c0000000 (64-bit, prefetchable) [size=128M]
	Region 3: Memory at cc000000 (64-bit, non-prefetchable) [size=16M]
	Expansion ROM at cd000000 [disabled] [size=128K]
	Capabilities: [60] Power Management version 2
		Flags: PMEClk- DSI- D1- D2- AuxCurrent=0mA PME(D0-,D1-,D2-,D3hot-,D3cold-)
		Status: D0 PME-Enable- DSel=0 DScale=0 PME-
	Capabilities: [68] Message Signalled Interrupts: 64bit+ Queue=0/0 Enable-
		Address: 0000000000000000  Data: 0000
	Capabilities: [78] #10 [0001]
05:07.0 Multimedia audio controller: Creative Labs SB Audigy (rev 04)
	Subsystem: Creative Labs: Unknown device 1002
	Control: I/O+ Mem- BusMaster+ SpecCycle- MemWINV- VGASnoop- ParErr- Stepping- SERR- FastB2B-
	Status: Cap+ 66Mhz- UDF- FastB2B+ ParErr- DEVSEL=medium >TAbort- <TAbort- <MAbort- >SERR- <PERR-
	Latency: 32 (500ns min, 5000ns max)
	Interrupt: pin A routed to IRQ 18
	Region 0: I/O ports at 8000 [size=64]
	Capabilities: [dc] Power Management version 2
		Flags: PMEClk- DSI+ D1+ D2+ AuxCurrent=0mA PME(D0-,D1-,D2-,D3hot-,D3cold-)
		Status: D0 PME-Enable- DSel=0 DScale=0 PME-
05:07.1 Input device controller: Creative Labs SB Audigy MIDI/Game port (rev 04)
	Subsystem: Creative Labs: Unknown device 0060
	Control: I/O+ Mem- BusMaster+ SpecCycle- MemWINV- VGASnoop- ParErr- Stepping- SERR- FastB2B-
	Status: Cap+ 66Mhz- UDF- FastB2B+ ParErr- DEVSEL=medium >TAbort- <TAbort- <MAbort- >SERR- <PERR-
	Latency: 32
	Region 0: I/O ports at 8400 [size=8]
	Capabilities: [dc] Power Management version 2
		Flags: PMEClk- DSI+ D1+ D2+ AuxCurrent=0mA PME(D0-,D1-,D2-,D3hot-,D3cold-)
		Status: D0 PME-Enable- DSel=0 DScale=0 PME-
05:07.2 FireWire (IEEE 1394): Creative Labs SB Audigy FireWire Port (rev 04) (prog-if 10 [OHCI])
	Subsystem: Creative Labs SB Audigy FireWire Port
	Control: I/O- Mem+ BusMaster+ SpecCycle- MemWINV- VGASnoop- ParErr- Stepping- SERR- FastB2B-
	Status: Cap+ 66Mhz- UDF- FastB2B- ParErr- DEVSEL=medium >TAbort- <TAbort- <MAbort- >SERR- <PERR-
	Latency: 32 (500ns min, 1000ns max), cache line size 08
	Interrupt: pin B routed to IRQ 16
	Region 0: Memory at d100f000 (32-bit, non-prefetchable) [size=2K]
	Region 1: Memory at d1000000 (32-bit, non-prefetchable) [size=16K]
	Capabilities: [44] Power Management version 2
		Flags: PMEClk- DSI- D1+ D2+ AuxCurrent=0mA PME(D0+,D1+,D2+,D3hot+,D3cold-)
		Status: D0 PME-Enable- DSel=0 DScale=0 PME+
05:08.0 SCSI storage controller: Adaptec AIC-7892A U160/m (rev 02)
	Subsystem: Adaptec 29160 Ultra160 SCSI Controller
	Control: I/O- Mem+ BusMaster+ SpecCycle- MemWINV- VGASnoop- ParErr- Stepping- SERR- FastB2B-
	Status: Cap+ 66Mhz+ UDF- FastB2B+ ParErr- DEVSEL=medium >TAbort- <TAbort- <MAbort- >SERR- <PERR-
	Latency: 32 (10000ns min, 6250ns max), cache line size 08
	Interrupt: pin A routed to IRQ 16
	BIST result: 00
	Region 0: I/O ports at 8800 [disabled] [size=256]
	Region 1: Memory at d100e000 (64-bit, non-prefetchable) [size=4K]
	Expansion ROM at 30080000 [disabled] [size=128K]
	Capabilities: [dc] Power Management version 2
		Flags: PMEClk- DSI- D1- D2- AuxCurrent=0mA PME(D0-,D1-,D2-,D3hot-,D3cold-)
		Status: D0 PME-Enable- DSel=0 DScale=0 PME-
05:0a.0 RAID bus controller: Silicon Image, Inc. SiI 3114 [SATALink/SATARaid] Serial ATA Controller (rev 02)
	Subsystem: ASUSTeK Computer Inc.: Unknown device 8167
	Control: I/O+ Mem+ BusMaster+ SpecCycle- MemWINV- VGASnoop- ParErr- Stepping- SERR- FastB2B-
	Status: Cap+ 66Mhz+ UDF- FastB2B+ ParErr- DEVSEL=medium >TAbort- <TAbort- <MAbort- >SERR- <PERR-
	Latency: 32, cache line size 08
	Interrupt: pin A routed to IRQ 3
	Region 0: I/O ports at 8c00 [size=8]
	Region 1: I/O ports at 9000 [size=4]
	Region 2: I/O ports at 9400 [size=8]
	Region 3: I/O ports at 9800 [size=4]
	Region 4: I/O ports at 9c00 [size=16]
	Region 5: Memory at d100c000 (32-bit, non-prefetchable) [size=1K]
	Expansion ROM at 30000000 [disabled] [size=512K]
	Capabilities: [60] Power Management version 2
		Flags: PMEClk- DSI+ D1+ D2+ AuxCurrent=0mA PME(D0-,D1-,D2-,D3hot-,D3cold-)
		Status: D0 PME-Enable- DSel=0 DScale=2 PME-
05:0b.0 FireWire (IEEE 1394): Texas Instruments TSB43AB22/A IEEE-1394a-2000 Controller (PHY/Link) (prog-if 10 [OHCI])
	Subsystem: ASUSTeK Computer Inc. K8N4-E Mainboard
	Control: I/O- Mem+ BusMaster+ SpecCycle- MemWINV- VGASnoop- ParErr- Stepping- SERR- FastB2B-
	Status: Cap+ 66Mhz- UDF- FastB2B- ParErr- DEVSEL=medium >TAbort- <TAbort- <MAbort- >SERR- <PERR-
	Latency: 32 (500ns min, 1000ns max), cache line size 08
	Interrupt: pin A routed to IRQ 19
	Region 0: Memory at d100d000 (32-bit, non-prefetchable) [size=2K]
	Region 1: Memory at d1004000 (32-bit, non-prefetchable) [size=16K]
	Capabilities: [44] Power Management version 2
		Flags: PMEClk- DSI- D1+ D2+ AuxCurrent=0mA PME(D0+,D1+,D2+,D3hot+,D3cold-)
		Status: D0 PME-Enable- DSel=0 DScale=0 PME+
05:0c.0 Ethernet controller: Marvell Technology Group Ltd. 88E8001 Gigabit Ethernet Controller (rev 13)
	Subsystem: ASUSTeK Computer Inc. Marvell 88E8001 Gigabit Ethernet Controller (Asus)
	Control: I/O+ Mem+ BusMaster+ SpecCycle- MemWINV- VGASnoop- ParErr- Stepping- SERR- FastB2B-
	Status: Cap+ 66Mhz+ UDF- FastB2B+ ParErr- DEVSEL=medium >TAbort- <TAbort- <MAbort- >SERR- <PERR-
	Latency: 32 (5750ns min, 7750ns max), cache line size 08
	Interrupt: pin A routed to IRQ 18
	Region 0: Memory at d1008000 (32-bit, non-prefetchable) [size=16K]
	Region 1: I/O ports at a000 [size=256]
	Expansion ROM at 300a0000 [disabled] [size=128K]
	Capabilities: [48] Power Management version 2
		Flags: PMEClk- DSI- D1+ D2+ AuxCurrent=0mA PME(D0+,D1+,D2+,D3hot+,D3cold+)
		Status: D0 PME-Enable- DSel=0 DScale=1 PME-
	Capabilities: [50] Vital Product Data
[unhandled content-type:application/pgp-signature]