Date: Wed, 12 Jan 2000 00:43:41 -0500 (EST)
From: "Christopher W. Fisher" <>
Subject: follow up to previous mail on 2.3.39 oopsen
Sender: linux-kernel-owner@vger.kernel.org
Precedence: bulk
List-ID: <linux-kernel.vger.kernel.org>
X-Mailing-List: linux-kernel@vger.kernel.org
X-Lkml-Link: https://lkml.org/lkml/2000/1/12/120

hi;
Here is the rest of any documentation i could provide on this system to
assist in finding the error.
the attachement, has a detailed listing of the system's device info and
configuration.
thanks
chrisf
chrisf@shadow.net
00:00.0 Host bridge: OPTi Inc. 82C557 [Viper-M] (rev 11)
	Control: I/O+ Mem+ BusMaster+ SpecCycle- MemWINV- VGASnoop- ParErr- Stepping- SERR- FastB2B-
	Status: Cap- 66Mhz- UDF- FastB2B+ ParErr- DEVSEL=medium >TAbort- <TAbort- <MAbort- >SERR- <PERR-
	Latency: 0 set
00:01.0 ISA bridge: OPTi Inc. 82C558 [Viper-M ISA+IDE] (rev 11)
	Control: I/O+ Mem+ BusMaster+ SpecCycle- MemWINV- VGASnoop- ParErr- Stepping- SERR- FastB2B-
	Status: Cap- 66Mhz- UDF- FastB2B- ParErr- DEVSEL=medium >TAbort- <TAbort- <MAbort- >SERR- <PERR+
	Latency: 0 set
00:02.0 VGA compatible controller: Trident Microsystems TGUI 9660/9680/9682 (rev d3)
	Control: I/O- Mem- BusMaster- SpecCycle- MemWINV- VGASnoop- ParErr- Stepping- SERR- FastB2B-
	Status: Cap- 66Mhz- UDF- FastB2B+ ParErr- DEVSEL=medium >TAbort- <TAbort- <MAbort- >SERR- <PERR-
	Interrupt: pin A routed to IRQ 0
	Expansion ROM at 000c0000
00:0b.0 VGA compatible controller: S3 Inc. 86C325 [ViRGE] (rev 06)
	Control: I/O+ Mem+ BusMaster+ SpecCycle- MemWINV- VGASnoop- ParErr- Stepping- SERR- FastB2B-
	Status: Cap- 66Mhz- UDF- FastB2B- ParErr- DEVSEL=medium >TAbort- <TAbort- <MAbort- >SERR- <PERR-
	Latency: 4 min, 255 max, 208 set
	Interrupt: pin A routed to IRQ 9
	Region 0: Memory at 20000000 (32-bit, non-prefetchable)
00:14.0 IDE interface: OPTi Inc. 82C621 (rev 11) (prog-if 8a)
	Control: I/O+ Mem- BusMaster+ SpecCycle- MemWINV- VGASnoop- ParErr- Stepping- SERR- FastB2B-
	Status: Cap- 66Mhz- UDF- FastB2B+ ParErr- DEVSEL=medium >TAbort- <TAbort- <MAbort- >SERR- <PERR-
	Latency: 0 set
	Region 4: I/O ports at 80000000
Linux version 2.2.14 (root@binturong.shadow.net) (gcc version egcs-2.91.66 19990314/Linux (egcs-1.1.2 release)) #1 Tue Jan 4 20:49:37 EST 2000
Detected 149408672 Hz processor.
Console: colour VGA+ 80x25
Calibrating delay loop... 59.60 BogoMIPS
Memory: 29800k/32768k available (1356k kernel code, 416k reserved, 836k data, 48k init)
Dentry hash table entries: 4096 (order 3, 32k)
Buffer cache hash table entries: 32768 (order 5, 128k)
Page cache hash table entries: 8192 (order 3, 32k)
VFS: Diskquotas version dquot_6.4.0 initialized
CPU: Intel Pentium 75 - 200 stepping 0c
Checking 386/387 coupling... OK, FPU using exception 16 error reporting.
Checking 'hlt' instruction... OK.
Intel Pentium with F0 0F bug - workaround enabled.
POSIX conformance testing by UNIFIX
PCI: PCI BIOS revision 2.00 entry at 0xfdadc
PCI: Using configuration type 1
PCI: Probing PCI hardware
Linux NET4.0 for Linux 2.2
Based upon Swansea University Computer Society NET3.039
NET4: Unix domain sockets 1.0 for Linux NET4.0.
NET4: Linux TCP/IP 1.0 for NET4.0
IP Protocols: ICMP, UDP, TCP, IGMP
TCP: Hash tables configured (ehash 32768 bhash 32768)
IPv4 over IPv4 tunneling driver
early initialization of device tunl0 is deferred
GRE over IPv4 tunneling driver
early initialization of device gre0 is deferred
Linux IP multicast router 0.06 plus PIM-SM
IPv6 v0.8 for NET4.0
IPv6 over IPv4 tunneling driver
early initialization of device sit0 is deferred
Initializing RT netlink socket
Starting kswapd v 1.5 
parport0: PC-style at 0x3bc [SPP]
parport0: no IEEE-1284 device present.
Detected PS/2 Mouse Port.
Serial driver version 4.27 with HUB-6 MANY_PORTS MULTIPORT SHARE_IRQ DETECT_IRQ enabled
ttyS00 at 0x03f8 (irq = 4) is a 16550A
ttyS01 at 0x02f8 (irq = 3) is a 16550A
pty: 256 Unix98 ptys configured
lp0: using parport0 (polling).
Software Watchdog Timer: 0.05, timer margin: 60 sec
apm: BIOS not found.
Real Time Clock Driver v1.09
Non-volatile memory driver v1.0
Sound initialization started
<Sound Blaster 16 (4.13)> at 0x220 irq 5 dma 1,5
<Sound Blaster 16> at 0x330 irq 5 dma 0
<Yamaha OPL3> at 0x388
<SoundBlaster EMU8000 (RAM512k)>
Sound initialization complete
RAM disk driver initialized:  16 RAM disks of 4096K size
loop: registered device at major 7
OPTI621: IDE controller on PCI bus 00 dev a0
OPTI621: not 100% native mode: will probe irqs later
    ide0: BM-DMA at 0x80000000-0x80000007, BIOS settings: hda:pio, hdb:pio
    ide1: BM-DMA at 0x80000008-0x8000000f, BIOS settings: hdc:pio, hdd:pio
hda: IBM-DJAA-31700, ATA DISK drive
hdb: Maxtor 71000 A, ATA DISK drive
hdc: CD-56E, ATAPI CDROM drive
ide0 at 0x1f0-0x1f7,0x3f6 on irq 14
ide1 at 0x170-0x177,0x376 on irq 15
hda: IBM-DJAA-31700, 1628MB w/96kB Cache, CHS=827/64/63
hdb: Maxtor 71000 A, 958MB w/64kB Cache, CHS=973/32/63
hdc: ATAPI 6X CD-ROM drive, 128kB Cache
Uniform CDROM driver Revision: 2.56
Floppy drive(s): fd0 is 1.44M
FDC 0 is a post-1991 82077
scsi0 : SCSI host adapter emulation for IDE ATAPI devices
scsi : 1 host.
scsi : detected total.
PPP: version 2.3.7 (demand dialling)
TCP compression code copyright 1989 Regents of the University of California
PPP line discipline registered.
Partition check:
 hda: hda1 hda2
 hdb: hdb1 hdb2 hdb3
RAMDISK: Compressed image found at block 0
VFS: Mounted root (ext2 filesystem).
VFS: Mounted root (ext2 filesystem) readonly.
change_root: old root has d_count=1
Trying to unmount old root ... okay
Freeing unused kernel memory: 48k freed
Adding Swap: 66492k swap-space (priority -1)
Adding Swap: 66492k swap-space (priority -2)
registered device ppp0
PPP BSD Compression module registered
PPP Deflate Compression module registered
Linux 2.2.14 (root@binturong.shadow.net) (gcc egcs-2.91.66) #1 1CPU [binturong]
Memory:      Total        Used        Free      Shared     Buffers      Cached
Mem:         30032       18748       11284       12744        2340        9072
Swap:       132984           0      132984
Bootup: Wed Jan 12 00:36:07 2000    Load average: 0.09 0.09 0.03 1/27 530
user  :       0:00:12.03   7.2%  page in :     7005  disk 1:      284r      42w
nice  :       0:00:00.00   0.0%  page out:     2606  disk 2:      806r     826w
system:       0:00:11.69   7.0%  swap in :        2
idle  :       0:02:22.88  85.8%  swap out:        0
uptime:       0:02:46.59         context :     6136
irq  0:     16660 timer                 irq  6:         3                      
irq  1:       442 keyboard              irq  8:         1 rtc                  
irq  2:         0 cascade [4]           irq 12:        51 PS/2 Mouse           
irq  3:      1117 serial                irq 13:         1 fpu                  
irq  4:         2                       irq 14:     23764 ide0                 
irq  5:         1 soundblaster          irq 15:         8 ide1                 
Kernel Command Line:
  BOOT_IMAGE=linux ro root=342
Modules:
 40  ppp_deflate      4  bsd_comp       
Character Devices:                      Block Devices:
  1 mem               7 vcs               1 ramdisk         
  2 pty              10 misc              2 fd              
  3 ttyp             14 sound             3 ide0            
  4 ttyS             36 netlink           7 loop            
  5 cua             128 ptm              22 ide1            
  6 lp              136 pts              43 nbd             
File Systems:
ext2                minix               umsdos              msdos               
vfat                [proc]              iso9660             [devpts]            