Date: Sun, 21 May 2006 11:03:33 +0200
From: Haar JÃ¡nos <>
Subject: Re: swapper: page allocation failure.
Sender: linux-kernel-owner@vger.kernel.org
Precedence: bulk
List-ID: <linux-kernel.vger.kernel.org>
X-Mailing-List: linux-kernel@vger.kernel.org
X-Lkml-Link: https://lkml.org/lkml/2006/5/21/27

----- Original Message ----- 
From: "Chris Wedgwood" <cw@f00f.org>
To: "Haar J?nos" <djani22@netcenter.hu>
Cc: <linux-kernel@vger.kernel.org>
Sent: Sunday, May 21, 2006 10:47 AM
Subject: Re: swapper: page allocation failure.
> On Sun, May 21, 2006 at 10:37:00AM +0200, Haar J?nos wrote:
>
> >              total       used       free     shared    buffers
cached
> > Mem:       2073048     893360    1179688          0     829092
19820
> > Low:        893464     868352      25112          0          0
0
> > High:      1179584      25008    1154576          0          0
0
> > -/+ buffers/cache:      44448    2028600
> > Swap:            0          0          0
>
> looks bad for lowmem
>
> what does /proc/meminfo say?
[root@st-0001 vm]# cat /proc/meminfo
MemTotal:      2073048 kB
MemFree:       1179376 kB
Buffers:        829764 kB
Cached:          19896 kB
SwapCached:          0 kB
Active:          15604 kB
Inactive:       837636 kB
HighTotal:     1179584 kB
HighFree:      1154736 kB
LowTotal:       893464 kB
LowFree:         24640 kB
SwapTotal:           0 kB
SwapFree:            0 kB
Dirty:           21352 kB
Writeback:           0 kB
Mapped:           7000 kB
Slab:            22612 kB
CommitLimit:   1036524 kB
Committed_AS:    10968 kB
PageTables:        284 kB
VmallocTotal:   114680 kB
VmallocUsed:       308 kB
VmallocChunk:   114036 kB
>
> what about the output from "slabtop -sc" ?
Not installed.
Wich package or where can i find the source? (i use redhat 9.0)
Cheers,
Janos
-
To unsubscribe from this list: send the line "unsubscribe linux-kernel" in
the body of a message to majordomo@vger.kernel.org
More majordomo info at  
http://vger.kernel.org/majordomo-info.html
Please read the FAQ at  
http://www.tux.org/lkml/