Date: Mon, 17 Mar 2003 10:21:53 +0800
From: Alex Lau 劉俊賢 <>
Subject: Does SX6000 work?
Sender: linux-kernel-owner@vger.kernel.org
Precedence: bulk
List-ID: <linux-kernel.vger.kernel.org>
X-Mailing-List: linux-kernel@vger.kernel.org
X-Lkml-Link: https://lkml.org/lkml/2003/3/16/125

Hi all, having problem with this little sx6000. My mistake of not
research long enought for this card. Below is my I2O dmesg. Attachment
is the full version. It looks ok but when I make filesystem (
ext3,xfs,reiserfs all ) it give me i2o/iop0:Headware fail or
signal not being handle. Does any one get this card to work at all?
How can I fix it? ( any suggestion will be fine )
what is that Promise driver ( the one that provide from their web )
for?
Thanks alot.
Alex
I2O Core - (C) Copyright 1999 Red Hat Software
I2O: Event thread created as pid 13
Linux I2O PCI support (c) 1999 Red Hat Software.
i2o: Checking for PCI I2O controllers...
i2o: I2O controller on bus 2 at 33.
i2o: PCI I2O controller at 0xFC000000 size=4194304
I2O: Promise workarounds activated.
I2O: MTRR workaround for Intel i960 processor
i2o/iop0: Installed at IRQ16
i2o: 1 I2O controller found and installed.
Activating I2O controllers...
This may take a few minutes if there are many devices
i2o/iop0: Reset rejected, trying to clear
i2o/iop0: LCT has 8 entries.
i2o/iop0: Configuration dialog desired.
I2O configuration manager v 0.04.
  (C) Copyright 1999 Red Hat Software
I2O Block Storage OSM v0.9
   (c) Copyright 1999-2001 Red Hat Software.
i2o_block: Checking for Boot device...
i2o_block: Checking for I2O Block devices...
i2ob: Installing tid 11 device at unit 0
i2o/hda: Max segments 28, queue depth 8, byte limit 49152.
i2o/hda: Type 85: 351905MB, 512 byte sectors.
i2o/hda: Maximum sectors/read set to 96.
 i2o/hda: i2o/hda1 < i2o/hda5 i2o/hda6 i2o/hda7 i2o/hda8 i2o/hda9
i2o/hda10 i2o/hda11 i2o/hda12 i2o/hda13 i2o/hda14 i
2o/hda15 >
I2O LAN OSM (C) 1999 University of Helsinki.
i2o_scsi.c: Version 0.0.1
  chain_pool: 2048 bytes @ c1692800
  (512 byte buffers X 4 can_queue X 1 i2o controllers)
fef0000 - 000000001feff000 (ACPI data)
 BIOS-e820: 000000001feff000 - 000000001ff00000 (ACPI NVS)
 BIOS-e820: 000000001ff00000 - 000000001ff80000 (usable)
 BIOS-e820: 000000001ff80000 - 0000000020000000 (reserved)
 BIOS-e820: 00000000fec00000 - 00000000fec04000 (reserved)
 BIOS-e820: 00000000fee00000 - 00000000fee01000 (reserved)
 BIOS-e820: 00000000fff80000 - 0000000100000000 (reserved)
0MB HIGHMEM available.
511MB LOWMEM available.
found SMP MP-table at 000f7170
hm, page 000f7000 reserved twice.
hm, page 000f8000 reserved twice.
hm, page 0009f000 reserved twice.
hm, page 000a0000 reserved twice.
On node 0 totalpages: 130944
zone(0): 4096 pages.
zone(1): 126848 pages.
zone(2): 0 pages.
Intel MultiProcessor Specification v1.4
    Virtual Wire compatibility mode.
OEM ID: TYAN     Product ID: PAULANER     APIC at: 0xFEE00000
Processor #1 Pentium(tm) Pro APIC version 16
Processor #0 Pentium(tm) Pro APIC version 16
I/O APIC #2 Version 17 at 0xFEC00000.
Processors: 2
Kernel command line: auto BOOT_IMAGE=Linux2.4.20XFS ro root=301
Initializing CPU#0
Detected 1800.112 MHz processor.
Console: colour VGA+ 80x25
Calibrating delay loop... 3591.37 BogoMIPS
Memory: 512640k/523776k available (2680k kernel code, 10680k reserved, 1181k data, 144k init, 0k highmem)
Dentry cache hash table entries: 65536 (order: 7, 524288 bytes)
Inode cache hash table entries: 32768 (order: 6, 262144 bytes)
Mount-cache hash table entries: 8192 (order: 4, 65536 bytes)
Buffer-cache hash table entries: 32768 (order: 5, 131072 bytes)
Page-cache hash table entries: 131072 (order: 7, 524288 bytes)
CPU: L1 I Cache: 64K (64 bytes/line), D cache 64K (64 bytes/line)
CPU: L2 Cache: 256K (64 bytes/line)
Intel machine check architecture supported.
Intel machine check reporting enabled on CPU#0.
CPU:     After generic, caps: 0383fbff c1cbfbff 00000000 00000000
CPU:             Common caps: 0383fbff c1cbfbff 00000000 00000000
Enabling fast FPU save and restore... done.
Enabling unmasked SIMD FPU exception support... done.
Checking 'hlt' instruction... OK.
POSIX conformance testing by UNIFIX
mtrr: v1.40 (20010327) Richard Gooch (rgooch@atnf.csiro.au)
mtrr: detected mtrr type: Intel
CPU: L1 I Cache: 64K (64 bytes/line), D cache 64K (64 bytes/line)
CPU: L2 Cache: 256K (64 bytes/line)
Intel machine check reporting enabled on CPU#0.
CPU:     After generic, caps: 0383fbff c1cbfbff 00000000 00000000
CPU:             Common caps: 0383fbff c1cbfbff 00000000 00000000
CPU0: AMD Athlon(tm) MP 2200+ stepping 01
per-CPU timeslice cutoff: 731.09 usecs.
masked ExtINT on CPU#0
ESR value before enabling vector: 00000000
ESR value after enabling vector: 00000000
Booting processor 1/0 eip 2000
Initializing CPU#1
masked ExtINT on CPU#1
ESR value before enabling vector: 00000000
ESR value after enabling vector: 00000000
Calibrating delay loop... 3591.37 BogoMIPS
CPU: L1 I Cache: 64K (64 bytes/line), D cache 64K (64 bytes/line)
CPU: L2 Cache: 256K (64 bytes/line)
Intel machine check reporting enabled on CPU#1.
CPU:     After generic, caps: 0383fbff c1cbfbff 00000000 00000000
CPU:             Common caps: 0383fbff c1cbfbff 00000000 00000000
CPU1: AMD Athlon(tm) Processor stepping 01
Total of 2 processors activated (7182.74 BogoMIPS).
ENABLING IO-APIC IRQs
Setting 2 in the phys_id_present_map
...changing IO-APIC physical APIC ID to 2 ... ok.
init IO_APIC IRQs
 IO-APIC (apicid-pin) 2-0, 2-5, 2-10, 2-11, 2-17, 2-20, 2-21, 2-22, 2-23 not connected.
..TIMER: vector=0x31 pin1=2 pin2=0
number of MP IRQ sources: 17.
number of IO-APIC #2 registers: 24.
testing the IO APIC.......................
IO APIC #2......
.... register #00: 02000000
.......    : physical APIC id: 02
.... register #01: 00170011
.......     : max redirection entries: 0017
.......     : PRQ implemented: 0
.......     : IO APIC version: 0011
.... register #02: 00000000
.......     : arbitration: 00
.... IRQ redirection table:
 NR Log Phy Mask Trig IRR Pol Stat Dest Deli Vect:   
 00 000 00  1    0    0   0   0    0    0    00
 01 003 03  0    0    0   0   0    1    1    39
 02 003 03  0    0    0   0   0    1    1    31
 03 003 03  0    0    0   0   0    1    1    41
 04 003 03  0    0    0   0   0    1    1    49
 05 000 00  1    0    0   0   0    0    0    00
 06 003 03  0    0    0   0   0    1    1    51
 07 003 03  0    0    0   0   0    1    1    59
 08 003 03  0    0    0   0   0    1    1    61
 09 003 03  0    0    0   0   0    1    1    69
 0a 000 00  1    0    0   0   0    0    0    00
 0b 000 00  1    0    0   0   0    0    0    00
 0c 003 03  0    0    0   0   0    1    1    71
 0d 003 03  0    0    0   0   0    1    1    79
 0e 003 03  0    0    0   0   0    1    1    81
 0f 003 03  0    0    0   0   0    1    1    89
 10 003 03  1    1    0   1   0    1    1    91
 11 000 00  1    0    0   0   0    0    0    00
 12 003 03  1    1    0   1   0    1    1    99
 13 003 03  1    1    0   1   0    1    1    A1
 14 000 00  1    0    0   0   0    0    0    00
 15 000 00  1    0    0   0   0    0    0    00
 16 000 00  1    0    0   0   0    0    0    00
 17 000 00  1    0    0   0   0    0    0    00
IRQ to pin mappings:
IRQ0 -> 0:2
IRQ1 -> 0:1
IRQ3 -> 0:3
IRQ4 -> 0:4
IRQ6 -> 0:6
IRQ7 -> 0:7
IRQ8 -> 0:8
IRQ9 -> 0:9
IRQ12 -> 0:12
IRQ13 -> 0:13
IRQ14 -> 0:14
IRQ15 -> 0:15
IRQ16 -> 0:16
IRQ18 -> 0:18
IRQ19 -> 0:19
.................................... done.
Using local APIC timer interrupts.
calibrating APIC timer ...
..... CPU clock speed is 1800.0392 MHz.
..... host bus clock speed is 266.6724 MHz.
cpu: 0, clocks: 2666724, slice: 888908
CPU0<T0:2666720,T1:1777808,D:4,S:888908,C:2666724>
cpu: 1, clocks: 2666724, slice: 888908
CPU1<T0:2666720,T1:888896,D:8,S:888908,C:2666724>
checking TSC synchronization across CPUs: passed.
Waiting on wait_init_idle (map = 0x2)
All processors have done init_idle
mtrr: your CPUs had inconsistent fixed MTRR settings
mtrr: probably your BIOS does not setup all CPUs
PCI: PCI BIOS revision 2.10 entry at 0xfd7d0, last bus=3
PCI: Using configuration type 1
PCI: Probing PCI hardware
PCI->APIC IRQ transform: (B1,I5,P0) -> 18
PCI->APIC IRQ transform: (B2,I0,P3) -> 19
PCI->APIC IRQ transform: (B2,I4,P0) -> 16
PCI->APIC IRQ transform: (B2,I6,P0) -> 18
PCI: using PPB(B2,I4,P0) to get irq 16
PCI->APIC IRQ transform: (B3,I0,P0) -> 16
PCI: using PPB(B2,I4,P1) to get irq 16
PCI->APIC IRQ transform: (B3,I1,P1) -> 16
PCI: using PPB(B2,I4,P2) to get irq 16
PCI->APIC IRQ transform: (B3,I2,P2) -> 16
PCI: Cannot allocate resource region 0 of device 03:00.0
PCI: Cannot allocate resource region 1 of device 03:00.0
PCI: Cannot allocate resource region 2 of device 03:00.0
PCI: Cannot allocate resource region 3 of device 03:00.0
PCI: Cannot allocate resource region 4 of device 03:00.0
PCI: Cannot allocate resource region 5 of device 03:00.0
PCI: Cannot allocate resource region 0 of device 03:01.0
PCI: Cannot allocate resource region 1 of device 03:01.0
PCI: Cannot allocate resource region 2 of device 03:01.0
PCI: Cannot allocate resource region 3 of device 03:01.0
PCI: Cannot allocate resource region 4 of device 03:01.0
PCI: Cannot allocate resource region 5 of device 03:01.0
PCI: Cannot allocate resource region 0 of device 03:02.0
PCI: Cannot allocate resource region 1 of device 03:02.0
PCI: Cannot allocate resource region 2 of device 03:02.0
PCI: Cannot allocate resource region 3 of device 03:02.0
PCI: Cannot allocate resource region 4 of device 03:02.0
PCI: Cannot allocate resource region 5 of device 03:02.0
PCI: Failed to allocate resource 0(0-7) for 03:00.0
PCI: Failed to allocate resource 1(0-3) for 03:00.0
PCI: Failed to allocate resource 2(0-7) for 03:00.0
PCI: Failed to allocate resource 3(0-3) for 03:00.0
PCI: Failed to allocate resource 4(0-f) for 03:00.0
PCI: Failed to allocate resource 5(0-3fff) for 03:00.0
PCI: Failed to allocate resource 0(0-7) for 03:01.0
PCI: Failed to allocate resource 1(0-3) for 03:01.0
PCI: Failed to allocate resource 2(0-7) for 03:01.0
PCI: Failed to allocate resource 3(0-3) for 03:01.0
PCI: Failed to allocate resource 4(0-f) for 03:01.0
PCI: Failed to allocate resource 5(0-3fff) for 03:01.0
PCI: Failed to allocate resource 0(0-7) for 03:02.0
PCI: Failed to allocate resource 1(0-3) for 03:02.0
PCI: Failed to allocate resource 2(0-7) for 03:02.0
PCI: Failed to allocate resource 3(0-3) for 03:02.0
PCI: Failed to allocate resource 4(0-f) for 03:02.0
PCI: Failed to allocate resource 5(0-3fff) for 03:02.0
BIOS failed to enable PCI standards compliance, fixing this error.
isapnp: Scanning for PnP cards...
isapnp: No Plug & Play device found
Linux NET4.0 for Linux 2.4
Based upon Swansea University Computer Society NET3.039
Initializing RT netlink socket
Starting kswapd
VFS: Disk quotas vdquot_6.5.1
Journalled Block Device driver loaded
Installing knfsd (copyright (C) 1996 okir@monad.swb.de).
udf: registering filesystem
SGI XFS snapshot 2.4.20-2002-11-29_01:21_UTC with ACLs, quota, no debug enabled
pty: 256 Unix98 ptys configured
Serial driver version 5.05c (2001-07-08) with MANY_PORTS SHARE_IRQ SERIAL_PCI ISAPNP enabled
ttyS00 at 0x03f8 (irq = 4) is a 16550A
ttyS01 at 0x02f8 (irq = 3) is a 16550A
Real Time Clock Driver v1.10e
Uniform Multi-Platform E-IDE driver Revision: 6.31
ide: Assuming 33MHz system bus speed for PIO modes; override with idebus=xx
AMD7441: IDE controller on PCI bus 00 dev 39
AMD7441: chipset revision 4
AMD7441: not 100% native mode: will probe irqs later
AMD7441: disabling single-word DMA support (revision < C4)
    ide0: BM-DMA at 0xf000-0xf007, BIOS settings: hda:DMA, hdb:pio
    ide1: BM-DMA at 0xf008-0xf00f, BIOS settings: hdc:DMA, hdd:pio
PDC20276: IDE controller on PCI bus 03 dev 00
PCI: Device 03:00.0 not available because of resource collisions
PCI: Device 03:00.0 not available because of resource collisions
PDC20276: (ide_setup_pci_device:) Could not enable device.
PDC20276: IDE controller on PCI bus 03 dev 08
PCI: Device 03:01.0 not available because of resource collisions
PCI: Device 03:01.0 not available because of resource collisions
PDC20276: (ide_setup_pci_device:) Could not enable device.
PDC20276: IDE controller on PCI bus 03 dev 10
PCI: Device 03:02.0 not available because of resource collisions
PCI: Device 03:02.0 not available because of resource collisions
PDC20276: (ide_setup_pci_device:) Could not enable device.
hda: QUANTUM FIREBALLP AS20.5, ATA DISK drive
hdc: _NEC DVD+RW ND-1000A, ATAPI CD/DVD-ROM drive
ide0 at 0x1f0-0x1f7,0x3f6 on irq 14
ide1 at 0x170-0x177,0x376 on irq 15
blk: queue c0545144, I/O limit 4095Mb (mask 0xffffffff)
hda: 40132503 sectors (20548 MB) w/1902KiB Cache, CHS=39813/16/63, UDMA(100)
hdc: ATAPI 40X DVD-ROM CD-R/RW drive, 2048kB Cache, UDMA(33)
Uniform CD-ROM driver Revision: 3.12
Partition check:
 hda: [PTBL] [2498/255/63] hda1 hda2 < hda5 hda6 hda7 hda8 >
Floppy drive(s): fd0 is 1.44M
FDC 0 is a post-1991 82077
pcnet32.c:v1.27b 01.10.2002 tsbogend@alpha.franken.de
eepro100.c:v1.09j-t 9/29/99 Donald Becker 
http://www.scyld.com/network/eepro100.html
eepro100.c: $Revision: 1.36 $ 2000/11/17 Modified by Andrey V. Savochkin <saw@saw.sw.com.sg> and others
eth0: Intel Corp. 82557/8/9 [Ethernet Pro 100], 00:02:B3:63:5C:87, IRQ 18.
  Board assembly 751767-004, Physical connectors present: RJ45
  Primary interface chip i82555 PHY #1.
    Secondary interface chip i82555.
  General self-test: passed.
  Serial sub-system self-test: passed.
  Internal registers self-test: passed.
  ROM checksum self-test: passed (0x3258698e).
Linux agpgart interface v0.99 (c) Jeff Hartmann
agpgart: Maximum main memory to use for agp memory: 439M
agpgart: Detected AMD 760MP chipset
agpgart: AGP aperture is 64M @ 0xf8000000
[drm] AGP 0.99 on AMD Irongate @ 0xf8000000 64MB
[drm] Initialized radeon 1.1.1 20010405 on minor 0
SCSI subsystem driver Revision: 1.00
scsi0 : SCSI host adapter emulation for IDE ATAPI devices
usb.c: registered new driver usbdevfs
usb.c: registered new driver hub
uhci.c: USB Universal Host Controller Interface driver v1.1
I2O Core - (C) Copyright 1999 Red Hat Software
I2O: Event thread created as pid 13
Linux I2O PCI support (c) 1999 Red Hat Software.
i2o: Checking for PCI I2O controllers...
i2o: I2O controller on bus 2 at 33.
i2o: PCI I2O controller at 0xFC000000 size=4194304
I2O: Promise workarounds activated.
I2O: MTRR workaround for Intel i960 processor
i2o/iop0: Installed at IRQ16
i2o: 1 I2O controller found and installed.
Activating I2O controllers...
This may take a few minutes if there are many devices
i2o/iop0: Reset rejected, trying to clear
i2o/iop0: LCT has 8 entries.
i2o/iop0: Configuration dialog desired.
I2O configuration manager v 0.04.
  (C) Copyright 1999 Red Hat Software
I2O Block Storage OSM v0.9
   (c) Copyright 1999-2001 Red Hat Software.
i2o_block: Checking for Boot device...
i2o_block: Checking for I2O Block devices...
i2ob: Installing tid 11 device at unit 0
i2o/hda: Max segments 28, queue depth 8, byte limit 49152.
i2o/hda: Type 85: 351905MB, 512 byte sectors.
i2o/hda: Maximum sectors/read set to 96.
 i2o/hda: i2o/hda1 < i2o/hda5 i2o/hda6 i2o/hda7 i2o/hda8 i2o/hda9 i2o/hda10 i2o/hda11 i2o/hda12 i2o/hda13 i2o/hda14 i2o/hda15 >
I2O LAN OSM (C) 1999 University of Helsinki.
i2o_scsi.c: Version 0.0.1
  chain_pool: 2048 bytes @ c1692800
  (512 byte buffers X 4 can_queue X 1 i2o controllers)
NET4: Linux TCP/IP 1.0 for NET4.0
IP Protocols: ICMP, UDP, TCP, IGMP
IP: routing cache hash table of 4096 buckets, 32Kbytes
TCP: Hash tables configured (established 32768 bind 32768)
NET4: Unix domain sockets 1.0/SMP for Linux NET4.0.
You didn't specify the type of your ufs filesystem
mount -t ufs -o ufstype=sun|sunx86|44bsd|old|hp|nextstep|netxstep-cd|openstep ...
>>>WARNING<<< Wrong ufstype may corrupt your filesystem, default is ufstype=old
ufs_read_super: bad magic number
UDF-fs DEBUG lowlevel.c:65:udf_get_last_session: CDROMMULTISESSION not supported: rc=-5
UDF-fs DEBUG super.c:1421:udf_read_super: Multi-session=0
UDF-fs DEBUG super.c:410:udf_vrs: Starting at sector 16 (2048 byte sectors)
UDF-fs: No VRS found
read_super_block: can't find a reiserfs filesystem on (dev 03:01, block 32, size 2048)
read_super_block: can't find a reiserfs filesystem on (dev 03:01, block 4, size 2048)
XFS mounting filesystem ide0(3,1)
Ending clean XFS mount for filesystem: ide0(3,1)
VFS: Mounted root (xfs filesystem) readonly.
Freeing unused kernel memory: 144k freed
Adding Swap: 995988k swap-space (priority -1)
usb-ohci.c: USB OHCI at membase 0xe0cba000, IRQ 19
usb-ohci.c: usb-02:00.0, Advanced Micro Devices [AMD] AMD-768 [Opus] USB
usb.c: new USB bus registered, assigned bus number 1
hub.c: USB hub found
hub.c: 4 ports detected
usb.c: registered new driver keyboard
usbkbd.c: :USB HID Boot Protocol keyboard driver
loop: loaded (max 8 devices)
SCSI Media Changer driver v0.20 for Linux 2.4.20
XFS mounting filesystem ide0(3,5)
Ending clean XFS mount for filesystem: ide0(3,5)
XFS mounting filesystem ide0(3,6)
Ending clean XFS mount for filesystem: ide0(3,6)
XFS mounting filesystem ide0(3,7)
Ending clean XFS mount for filesystem: ide0(3,7)
XFS mounting filesystem i2o_block(80,5)
Ending clean XFS mount for filesystem: i2o_block(80,5)
reiserfs: checking transaction log (device 50:06) ...
Using r5 hash to sort names
ReiserFS version 3.6.25
read_super_block: can't find a reiserfs filesystem on (dev 50:07, block 64, size 1024)
read_super_block: can't find a reiserfs filesystem on (dev 50:07, block 8, size 1024)