Date: Tue, 13 Jan 2009 15:17:06 -0800
From: "Brandeburg, Jesse" <>
Subject: 2.6.29-rc1: i915 lockdep warning
Sender: linux-kernel-owner@vger.kernel.org
Precedence: bulk
List-ID: <linux-kernel.vger.kernel.org>
X-Mailing-List: linux-kernel@vger.kernel.org
X-Lkml-Link: https://lkml.org/lkml/2009/1/13/479

[drm] Initialized i915 1.6.0 20080730 on minor 0
=======================================================
[ INFO: possible circular locking dependency detected ]
2.6.29-rc1 #1
-------------------------------------------------------
Xorg/2810 is trying to acquire lock:
 (&mm->mmap_sem){----}, at: [<c047d508>] might_fault+0x40/0x7c
but task is already holding lock:
 (&dev->struct_mutex){--..}, at: [<f7fd1aac>] i915_gem_execbuffer+0x124/0xa48 [i915]
which lock already depends on the new lock.
the existing dependency chain (in reverse order) is:
-> #2 (&dev->struct_mutex){--..}:
       [<c04493d2>] __lock_acquire+0xfd7/0x1305
       [<f7fa9e53>] drm_vm_open+0x22/0x32 [drm]
       [<f7fa9e53>] drm_vm_open+0x22/0x32 [drm]
       [<c0449749>] lock_acquire+0x49/0x61
       [<f7fa9e53>] drm_vm_open+0x22/0x32 [drm]
       [<c066fa32>] mutex_lock_nested+0xeb/0x260
       [<f7fa9e53>] drm_vm_open+0x22/0x32 [drm]
       [<f7fa9e53>] drm_vm_open+0x22/0x32 [drm]
       [<f7fa9e53>] drm_vm_open+0x22/0x32 [drm]
       [<c04291bb>] dup_mm+0x26c/0x32a
       [<c0429c42>] copy_process+0x99f/0xfff
       [<c042a3b3>] do_fork+0x111/0x29c
       [<c045ca0d>] audit_filter_syscall+0xda/0xe7
       [<c043376a>] sys_rt_sigaction+0x66/0x79
       [<c04017be>] sys_clone+0x22/0x26
       [<c0402d51>] sysenter_do_call+0x12/0x31
       [<ffffffff>] 0xffffffff
-> #1 (&mm->mmap_sem/1){--..}:
       [<c04493d2>] __lock_acquire+0xfd7/0x1305
       [<c0429000>] dup_mm+0xb1/0x32a
       [<c0429000>] dup_mm+0xb1/0x32a
       [<c0449749>] lock_acquire+0x49/0x61
       [<c0429000>] dup_mm+0xb1/0x32a
       [<c043dd03>] down_write_nested+0x30/0x4a
       [<c0429000>] dup_mm+0xb1/0x32a
       [<c0429000>] dup_mm+0xb1/0x32a
       [<c0670e04>] _spin_unlock_irq+0x20/0x23
       [<c0447c80>] trace_hardirqs_on_caller+0x106/0x126
       [<c0429c42>] copy_process+0x99f/0xfff
       [<c04418ec>] getnstimeofday+0x51/0xd9
       [<c042a3b3>] do_fork+0x111/0x29c
       [<c044456a>] tick_program_event+0x1f/0x23
       [<c043dc02>] hrtimer_interrupt+0x100/0x110
       [<c0402e74>] restore_nocheck_notrace+0x0/0xe
       [<c04017be>] sys_clone+0x22/0x26
       [<c0402d51>] sysenter_do_call+0x12/0x31
       [<ffffffff>] 0xffffffff
-> #0 (&mm->mmap_sem){----}:
       [<c04490f5>] __lock_acquire+0xcfa/0x1305
       [<c0447adc>] mark_held_locks+0x50/0x66
       [<c0670e3b>] _spin_unlock_irqrestore+0x34/0x39
       [<c0447adc>] mark_held_locks+0x50/0x66
       [<c0449749>] lock_acquire+0x49/0x61
       [<c047d508>] might_fault+0x40/0x7c
       [<c047d525>] might_fault+0x5d/0x7c
       [<c047d508>] might_fault+0x40/0x7c
       [<c05105df>] copy_to_user+0x29/0xf8
       [<f7fd230c>] i915_gem_execbuffer+0x984/0xa48 [i915]
       [<c047d508>] might_fault+0x40/0x7c
       [<f7fa553e>] drm_ioctl+0x1a9/0x221 [drm]
       [<f7fd1988>] i915_gem_execbuffer+0x0/0xa48 [i915]
       [<c049cf82>] vfs_ioctl+0x49/0x5f
       [<c049d4e0>] do_vfs_ioctl+0x476/0x4b1
       [<c045c95e>] audit_filter_syscall+0x2b/0xe7
       [<c045ca0d>] audit_filter_syscall+0xda/0xe7
       [<c049d55c>] sys_ioctl+0x41/0x58
       [<c0402d51>] sysenter_do_call+0x12/0x31
       [<ffffffff>] 0xffffffff
other info that might help us debug this:
1 lock held by Xorg/2810:
 #0:  (&dev->struct_mutex){--..}, at: [<f7fd1aac>] i915_gem_execbuffer+0x124/0xa48 [i915]
stack backtrace:
Pid: 2810, comm: Xorg Not tainted 2.6.29-rc1 #1
Call Trace:
 [<c04480c9>] print_circular_bug_tail+0xa6/0xb0
 [<c04490f5>] __lock_acquire+0xcfa/0x1305
 [<c0447adc>] mark_held_locks+0x50/0x66
 [<c0670e3b>] _spin_unlock_irqrestore+0x34/0x39
 [<c0447adc>] mark_held_locks+0x50/0x66
 [<c0449749>] lock_acquire+0x49/0x61
 [<c047d508>] might_fault+0x40/0x7c
 [<c047d525>] might_fault+0x5d/0x7c
 [<c047d508>] might_fault+0x40/0x7c
 [<c05105df>] copy_to_user+0x29/0xf8
 [<f7fd230c>] i915_gem_execbuffer+0x984/0xa48 [i915]
 [<c047d508>] might_fault+0x40/0x7c
 [<f7fa553e>] drm_ioctl+0x1a9/0x221 [drm]
 [<f7fd1988>] i915_gem_execbuffer+0x0/0xa48 [i915]
 [<c049cf82>] vfs_ioctl+0x49/0x5f
 [<c049d4e0>] do_vfs_ioctl+0x476/0x4b1
 [<c045c95e>] audit_filter_syscall+0x2b/0xe7
 [<c045ca0d>] audit_filter_syscall+0xda/0xe7
 [<c049d55c>] sys_ioctl+0x41/0x58
 [<c0402d51>] sysenter_do_call+0x12/0x31
full dmesg and .config follows:
Linux version 2.6.29-rc1 (root@jbrandeb-ich9b.jf.intel.com) (gcc version 4.3.2 20081105 (Red Hat 4.3.2-7) (GCC) ) #1 SMP Tue Jan 13 14:46:36 PST 2009
KERNEL supported cpus:
  Intel GenuineIntel
  AMD AuthenticAMD
  NSC Geode by NSC
  Cyrix CyrixInstead
  Centaur CentaurHauls
  Transmeta GenuineTMx86
  Transmeta TransmetaCPU
  UMC UMC UMC UMC
BIOS-provided physical RAM map:
 BIOS-e820: 0000000000000000 - 000000000009e000 (usable)
 BIOS-e820: 000000000009e000 - 00000000000a0000 (reserved)
 BIOS-e820: 00000000000e0000 - 0000000000100000 (reserved)
 BIOS-e820: 0000000000100000 - 000000007e411000 (usable)
 BIOS-e820: 000000007e411000 - 000000007e413000 (reserved)
 BIOS-e820: 000000007e413000 - 000000007e4cc000 (usable)
 BIOS-e820: 000000007e4cc000 - 000000007e59a000 (ACPI NVS)
 BIOS-e820: 000000007e59a000 - 000000007e59d000 (ACPI data)
 BIOS-e820: 000000007e59d000 - 000000007e5ea000 (ACPI NVS)
 BIOS-e820: 000000007e5ea000 - 000000007e5f2000 (ACPI data)
 BIOS-e820: 000000007e5f2000 - 000000007e5f3000 (usable)
 BIOS-e820: 000000007e5f3000 - 000000007e5ff000 (ACPI data)
 BIOS-e820: 000000007e5ff000 - 000000007e600000 (usable)
 BIOS-e820: 000000007e600000 - 000000007f000000 (reserved)
 BIOS-e820: 00000000f0000000 - 00000000f8000000 (reserved)
 BIOS-e820: 00000000fff00000 - 0000000100000000 (reserved)
PCI: Unknown option `msi'
DMI 2.4 present.
last_pfn = 0x7e600 max_arch_pfn = 0x100000
kernel direct mapping tables up to 373fe000 @ 100000-1e1000
RAMDISK: 37cd9000 - 37fef37d
Allocated new RAMDISK: 00ccc000 - 00fe237d
Move RAMDISK from 0000000037cd9000 - 0000000037fef37c to 00ccc000 - 00fe237c
ACPI: RSDP 000FE020, 0014 (r0 INTEL )
ACPI: RSDT 7E5FD038, 0068 (r1 INTEL  DG33TL        1F1       1000013)
ACPI: FACP 7E5FC000, 0074 (r1 INTEL  DG33TL        1F1 MSFT  1000013)
FADT: X_PM1a_EVT_BLK.bit_width (16) does not match PM1_EVT_LEN (4)
ACPI: DSDT 7E5F8000, 3DB9 (r1 INTEL  DG33TL        1F1 MSFT  1000013)
ACPI: FACS 7E59D000, 0040
ACPI: APIC 7E5F7000, 0078 (r1 INTEL  DG33TL        1F1 MSFT  1000013)
ACPI: WDDT 7E5F6000, 0040 (r1 INTEL  DG33TL        1F1 MSFT  1000013)
ACPI: MCFG 7E5F5000, 003C (r1 INTEL  DG33TL        1F1 MSFT  1000013)
ACPI: ASF! 7E5F4000, 00A6 (r32 INTEL  DG33TL        1F1 MSFT  1000013)
ACPI: HPET 7E5F3000, 0038 (r1 INTEL  DG33TL        1F1 MSFT  1000013)
ACPI: ASPT 7E5F1000, 002C (r1 INTEL  DG33TL        1F1 MSFT  1000013)
ACPI: WDTT 7E5F0000, 02CC (r1 INTEL  DG33TL        1F1 MSFT  1000013)
ACPI: SSDT 7E5EF000, 0204 (r1 INTEL     CpuPm      1F1 MSFT  1000013)
ACPI: SSDT 7E5EE000, 023B (r1 INTEL   Cpu0Ist      1F1 MSFT  1000013)
ACPI: SSDT 7E5ED000, 023B (r1 INTEL   Cpu1Ist      1F1 MSFT  1000013)
ACPI: SSDT 7E5EC000, 023B (r1 INTEL   Cpu2Ist      1F1 MSFT  1000013)
ACPI: SSDT 7E5EB000, 023B (r1 INTEL   Cpu3Ist      1F1 MSFT  1000013)
ACPI: SSDT 7E5EA000, 01CF (r1 INTEL   Cpu0Cst      1F1 MSFT  1000013)
ACPI: SSDT 7E59C000, 01CF (r1 INTEL   Cpu1Cst      1F1 MSFT  1000013)
ACPI: SSDT 7E59B000, 01CF (r1 INTEL   Cpu2Cst      1F1 MSFT  1000013)
ACPI: SSDT 7E59A000, 01CF (r1 INTEL   Cpu3Cst      1F1 MSFT  1000013)
ACPI: Local APIC address 0xfee00000
1138MB HIGHMEM available.
883MB LOWMEM available.
  mapped low ram: 0 - 373fe000
  low ram: 00000000 - 373fe000
  bootmap 00007000 - 0000de80
(9 early reservations) ==> bootmem [0000000000 - 00373fe000]
  #0 [0000000000 - 0000001000]   BIOS data page ==> [0000000000 - 0000001000]
  #1 [0000001000 - 0000002000]    EX TRAMPOLINE ==> [0000001000 - 0000002000]
  #2 [0000006000 - 0000007000]       TRAMPOLINE ==> [0000006000 - 0000007000]
  #3 [0000400000 - 0000cb6cc8]    TEXT DATA BSS ==> [0000400000 - 0000cb6cc8]
  #4 [0000cb7000 - 0000ccc000]    INIT_PG_TABLE ==> [0000cb7000 - 0000ccc000]
  #5 [000009e000 - 0000100000]    BIOS reserved ==> [000009e000 - 0000100000]
  #6 [0000100000 - 00001c9000]          PGTABLE ==> [0000100000 - 00001c9000]
  #7 [0000ccc000 - 0000fe237d]      NEW RAMDISK ==> [0000ccc000 - 0000fe237d]
  #8 [0000007000 - 000000e000]          BOOTMAP ==> [0000007000 - 000000e000]
found SMP MP-table at [c00fe200] 000fe200
Zone PFN ranges:
  DMA      0x00000000 -> 0x00001000
  Normal   0x00001000 -> 0x000373fe
  HighMem  0x000373fe -> 0x0007e600
Movable zone start PFN for each node
early_node_map[5] active PFN ranges
    0: 0x00000000 -> 0x0000009e
    0: 0x00000100 -> 0x0007e411
    0: 0x0007e413 -> 0x0007e4cc
    0: 0x0007e5f2 -> 0x0007e5f3
    0: 0x0007e5ff -> 0x0007e600
On node 0 totalpages: 517226
free_area_init_node: node 0, pgdat c07cce80, node_mem_map c1001000
  DMA zone: 52 pages used for memmap
  DMA zone: 0 pages reserved
  DMA zone: 3946 pages, LIFO batch:0
  Normal zone: 2821 pages used for memmap
  Normal zone: 219385 pages, LIFO batch:31
  HighMem zone: 3699 pages used for memmap
  HighMem zone: 287323 pages, LIFO batch:31
ACPI: PM-Timer IO Port: 0x408
ACPI: Local APIC address 0xfee00000
ACPI: LAPIC (acpi_id[0x01] lapic_id[0x00] enabled)
ACPI: LAPIC (acpi_id[0x03] lapic_id[0x02] enabled)
ACPI: LAPIC (acpi_id[0x02] lapic_id[0x01] enabled)
ACPI: LAPIC (acpi_id[0x04] lapic_id[0x03] enabled)
ACPI: LAPIC_NMI (acpi_id[0x01] dfl dfl lint[0x1])
ACPI: LAPIC_NMI (acpi_id[0x02] dfl dfl lint[0x1])
ACPI: IOAPIC (id[0x02] address[0xfec00000] gsi_base[0])
IOAPIC[0]: apic_id 2, version 32, address 0xfec00000, GSI 0-23
ACPI: INT_SRC_OVR (bus 0 bus_irq 0 global_irq 2 dfl dfl)
ACPI: INT_SRC_OVR (bus 0 bus_irq 9 global_irq 9 high level)
ACPI: IRQ0 used by override.
ACPI: IRQ2 used by override.
ACPI: IRQ9 used by override.
Enabling APIC mode:  Flat.  Using 1 I/O APICs
Using ACPI (MADT) for SMP configuration information
ACPI: HPET id: 0x8086a301 base: 0xfed00000
SMP: Allowing 4 CPUs, 0 hotplug CPUs
PM: Registered nosave memory: 000000000009e000 - 00000000000a0000
PM: Registered nosave memory: 00000000000a0000 - 00000000000e0000
PM: Registered nosave memory: 00000000000e0000 - 0000000000100000
Allocating PCI resources starting at 80000000 (gap: 7f000000:71000000)
NR_CPUS:32 nr_cpumask_bits:32 nr_cpu_ids:4 nr_node_ids:1
PERCPU: Allocating 40960 bytes of per cpu data
Built 1 zonelists in Zone order, mobility grouping on.  Total pages: 510654
Kernel command line: ro root=/dev/md0 pci=nommconf panic=10 pci=msi
Enabling fast FPU save and restore... done.
Enabling unmasked SIMD FPU exception support... done.
Initializing CPU#0
CPU 0 irqstacks, hard=c0883000 soft=c0863000
PID hash table entries: 4096 (order: 12, 16384 bytes)
TSC: PIT calibration matches PMTIMER. 1 loops
Detected 2653.281 MHz processor.
Console: colour VGA+ 80x25
console [tty0] enabled
Lock dependency validator: Copyright (c) 2006 Red Hat, Inc., Ingo Molnar
... MAX_LOCKDEP_SUBCLASSES:  8
... MAX_LOCK_DEPTH:          48
... MAX_LOCKDEP_KEYS:        8191
... CLASSHASH_SIZE:          4096
... MAX_LOCKDEP_ENTRIES:     8192
... MAX_LOCKDEP_CHAINS:      16384
... CHAINHASH_SIZE:          8192
 memory used by lock dependency info: 2335 kB
 per task-struct memory footprint: 1152 bytes
Dentry cache hash table entries: 131072 (order: 7, 524288 bytes)
Inode-cache hash table entries: 65536 (order: 6, 262144 bytes)
Memory: 2027540k/2070528k available (2515k kernel code, 40448k reserved, 1616k data, 328k init, 1164088k highmem)
virtual kernel memory layout:
    fixmap  : 0xffc59000 - 0xfffff000   (3736 kB)
    pkmap   : 0xff400000 - 0xff800000   (4096 kB)
    vmalloc : 0xf7bfe000 - 0xff3fe000   ( 120 MB)
    lowmem  : 0xc0000000 - 0xf73fe000   ( 883 MB)
      .init : 0xc080e000 - 0xc0860000   ( 328 kB)
      .data : 0xc0674dd1 - 0xc0808f80   (1616 kB)
      .text : 0xc0400000 - 0xc0674dd1   (2515 kB)
Checking if this processor honours the WP bit even in supervisor mode...Ok.
SLUB: Genslabs=12, HWalign=64, Order=0-3, MinObjects=0, CPUs=4, Nodes=1
hpet clockevent registered
HPET: 4 timers in total, 0 timers will be used for per-cpu timer
Calibrating delay loop (skipped), value calculated using timer frequency.. 5306.56 BogoMIPS (lpj=2653281)
Security Framework initialized
SELinux:  Initializing.
SELinux:  Starting in permissive mode
Mount-cache hash table entries: 512
CPU: L1 I cache: 32K, L1 D cache: 32K
CPU: L2 cache: 4096K
[ds] using core 2 configuration
CPU: Physical Processor ID: 0
CPU: Processor Core ID: 0
Intel machine check architecture supported.
Intel machine check reporting enabled on CPU#0.
using mwait in idle threads.
Checking 'hlt' instruction... OK.
ACPI: Core revision 20081204
..TIMER: vector=0x30 apic1=0 pin1=2 apic2=-1 pin2=-1
CPU0: Intel(R) Core(TM)2 Quad CPU    Q6700  @ 2.66GHz stepping 0b
APIC calibration not consistent with PM Timer: 103ms instead of 100ms
APIC delta adjusted to PM-Timer: 1658331 (1724645)
lockdep: fixing up alternatives.
CPU 1 irqstacks, hard=c0884000 soft=c0864000
Booting processor 1 APIC 0x2 ip 0x6000
Initializing CPU#1
Calibrating delay using timer specific routine.. 5306.63 BogoMIPS (lpj=2653316)
CPU: L1 I cache: 32K, L1 D cache: 32K
CPU: L2 cache: 4096K
[ds] using core 2 configuration
CPU: Physical Processor ID: 0
CPU: Processor Core ID: 2
Intel machine check architecture supported.
Intel machine check reporting enabled on CPU#1.
CPU1: Intel(R) Core(TM)2 Quad CPU    Q6700  @ 2.66GHz stepping 0b
checking TSC synchronization [CPU#0 -> CPU#1]: passed.
lockdep: fixing up alternatives.
CPU 2 irqstacks, hard=c0885000 soft=c0865000
Booting processor 2 APIC 0x1 ip 0x6000
Initializing CPU#2
Calibrating delay using timer specific routine.. 5306.54 BogoMIPS (lpj=2653272)
CPU: L1 I cache: 32K, L1 D cache: 32K
CPU: L2 cache: 4096K
[ds] using core 2 configuration
CPU: Physical Processor ID: 0
CPU: Processor Core ID: 1
Intel machine check architecture supported.
Intel machine check reporting enabled on CPU#2.
CPU2: Intel(R) Core(TM)2 Quad CPU    Q6700  @ 2.66GHz stepping 0b
checking TSC synchronization [CPU#0 -> CPU#2]: passed.
lockdep: fixing up alternatives.
CPU 3 irqstacks, hard=c0886000 soft=c0866000
Booting processor 3 APIC 0x3 ip 0x6000
Initializing CPU#3
Calibrating delay using timer specific routine.. 5306.62 BogoMIPS (lpj=2653312)
CPU: L1 I cache: 32K, L1 D cache: 32K
CPU: L2 cache: 4096K
[ds] using core 2 configuration
CPU: Physical Processor ID: 0
CPU: Processor Core ID: 3
Intel machine check architecture supported.
Intel machine check reporting enabled on CPU#3.
CPU3: Intel(R) Core(TM)2 Quad CPU    Q6700  @ 2.66GHz stepping 0b
checking TSC synchronization [CPU#0 -> CPU#3]: passed.
Brought up 4 CPUs
Total of 4 processors activated (21226.36 BogoMIPS).
CPU0 attaching sched-domain:
 domain 0: span 0,2 level MC
  groups: 0 2
  domain 1: span 0-3 level CPU
   groups: 0,2 1,3
CPU1 attaching sched-domain:
 domain 0: span 1,3 level MC
  groups: 1 3
  domain 1: span 0-3 level CPU
   groups: 1,3 0,2
CPU2 attaching sched-domain:
 domain 0: span 0,2 level MC
  groups: 2 0
  domain 1: span 0-3 level CPU
   groups: 0,2 1,3
CPU3 attaching sched-domain:
 domain 0: span 1,3 level MC
  groups: 3 1
  domain 1: span 0-3 level CPU
   groups: 1,3 0,2
khelper used greatest stack depth: 2860 bytes left
net_namespace: 1144 bytes
NET: Registered protocol family 16
ACPI: bus type pci registered
dca service started, version 1.4
PCI: Using configuration type 1 for base access
bio: create slab <bio-0> at 0
ACPI: EC: Look up EC in DSDT
ACPI: Interpreter enabled
ACPI: (supports S0 S1 S3 S4 S5)
ACPI: Using IOAPIC for interrupt routing
ACPI: No dock devices found.
ACPI: PCI Root Bridge [PCI0] (0000:00)
pci 0000:00:01.0: PME# supported from D0 D3hot D3cold
pci 0000:00:01.0: PME# disabled
pci 0000:00:02.0: reg 10 32bit mmio: [0x90400000-0x9047ffff]
pci 0000:00:02.0: reg 14 io port: [0x3430-0x3437]
pci 0000:00:02.0: reg 18 32bit mmio: [0x80000000-0x8fffffff]
pci 0000:00:02.0: reg 1c 32bit mmio: [0x90200000-0x902fffff]
pci 0000:00:03.0: reg 10 64bit mmio: [0x904a6100-0x904a610f]
pci 0000:00:03.0: PME# supported from D0 D3hot D3cold
pci 0000:00:03.0: PME# disabled
pci 0000:00:19.0: reg 10 32bit mmio: [0x90480000-0x9049ffff]
pci 0000:00:19.0: reg 14 32bit mmio: [0x904a4000-0x904a4fff]
pci 0000:00:19.0: reg 18 io port: [0x3400-0x341f]
pci 0000:00:19.0: PME# supported from D0 D3hot D3cold
pci 0000:00:19.0: PME# disabled
pci 0000:00:1a.0: reg 20 io port: [0x30e0-0x30ff]
pci 0000:00:1a.1: reg 20 io port: [0x30c0-0x30df]
pci 0000:00:1a.2: reg 20 io port: [0x30a0-0x30bf]
pci 0000:00:1a.7: reg 10 32bit mmio: [0x904a5c00-0x904a5fff]
pci 0000:00:1a.7: PME# supported from D0 D3hot D3cold
pci 0000:00:1a.7: PME# disabled
pci 0000:00:1b.0: reg 10 64bit mmio: [0x904a0000-0x904a3fff]
pci 0000:00:1b.0: PME# supported from D0 D3hot D3cold
pci 0000:00:1b.0: PME# disabled
pci 0000:00:1c.0: PME# supported from D0 D3hot D3cold
pci 0000:00:1c.0: PME# disabled
pci 0000:00:1c.1: PME# supported from D0 D3hot D3cold
pci 0000:00:1c.1: PME# disabled
pci 0000:00:1c.2: PME# supported from D0 D3hot D3cold
pci 0000:00:1c.2: PME# disabled
pci 0000:00:1c.3: PME# supported from D0 D3hot D3cold
pci 0000:00:1c.3: PME# disabled
pci 0000:00:1c.4: PME# supported from D0 D3hot D3cold
pci 0000:00:1c.4: PME# disabled
pci 0000:00:1d.0: reg 20 io port: [0x3080-0x309f]
pci 0000:00:1d.1: reg 20 io port: [0x3060-0x307f]
pci 0000:00:1d.2: reg 20 io port: [0x3040-0x305f]
pci 0000:00:1d.7: reg 10 32bit mmio: [0x904a5800-0x904a5bff]
pci 0000:00:1d.7: PME# supported from D0 D3hot D3cold
pci 0000:00:1d.7: PME# disabled
pci 0000:00:1f.0: quirk: region 0400-047f claimed by ICH6 ACPI/GPIO/TCO
pci 0000:00:1f.0: quirk: region 0500-053f claimed by ICH6 GPIO
pci 0000:00:1f.0: ICH7 LPC Generic IO decode 1 PIO at 0680 (mask 007f)
pci 0000:00:1f.0: ICH7 LPC Generic IO decode 2 PIO at 0810 (mask 007f)
pci 0000:00:1f.2: reg 10 io port: [0x3428-0x342f]
pci 0000:00:1f.2: reg 14 io port: [0x343c-0x343f]
pci 0000:00:1f.2: reg 18 io port: [0x3420-0x3427]
pci 0000:00:1f.2: reg 1c io port: [0x3438-0x343b]
pci 0000:00:1f.2: reg 20 io port: [0x3020-0x303f]
pci 0000:00:1f.2: reg 24 32bit mmio: [0x904a5000-0x904a57ff]
pci 0000:00:1f.2: PME# supported from D3hot
pci 0000:00:1f.2: PME# disabled
pci 0000:00:1f.3: reg 10 64bit mmio: [0x904a6000-0x904a60ff]
pci 0000:00:1f.3: reg 20 io port: [0x3000-0x301f]
pci 0000:01:00.0: reg 10 32bit mmio: [0x90340000-0x9035ffff]
pci 0000:01:00.0: reg 14 32bit mmio: [0x90300000-0x9033ffff]
pci 0000:01:00.0: reg 18 io port: [0x2000-0x201f]
pci 0000:01:00.0: reg 1c 32bit mmio: [0x90360000-0x90363fff]
pci 0000:01:00.0: PME# supported from D0 D3hot
pci 0000:01:00.0: PME# disabled
pci 0000:00:01.0: bridge io port: [0x2000-0x2fff]
pci 0000:00:01.0: bridge 32bit mmio: [0x90300000-0x903fffff]
pci 0000:04:00.0: reg 10 io port: [0x1018-0x101f]
pci 0000:04:00.0: reg 14 io port: [0x1024-0x1027]
pci 0000:04:00.0: reg 18 io port: [0x1010-0x1017]
pci 0000:04:00.0: reg 1c io port: [0x1020-0x1023]
pci 0000:04:00.0: reg 20 io port: [0x1000-0x100f]
pci 0000:04:00.0: reg 24 32bit mmio: [0x90100000-0x901001ff]
pci 0000:04:00.0: supports D1
pci 0000:04:00.0: PME# supported from D0 D1 D3hot
pci 0000:04:00.0: PME# disabled
pci 0000:04:00.0: disabling ASPM on pre-1.1 PCIe device.  You can enable it with 'pcie_aspm=force'
pci 0000:00:1c.2: bridge io port: [0x1000-0x1fff]
pci 0000:00:1c.2: bridge 32bit mmio: [0x90100000-0x901fffff]
pci 0000:07:03.0: reg 10 32bit mmio: [0x90000000-0x90000fff]
pci 0000:07:03.0: supports D1 D2
pci 0000:07:03.0: PME# supported from D0 D1 D2 D3hot
pci 0000:07:03.0: PME# disabled
pci 0000:00:1e.0: transparent bridge
pci 0000:00:1e.0: bridge 32bit mmio: [0x90000000-0x900fffff]
pci_bus 0000:00: on NUMA node 0
ACPI: PCI Interrupt Routing Table [\_SB_.PCI0._PRT]
ACPI: PCI Interrupt Routing Table [\_SB_.PCI0.P32_._PRT]
ACPI: PCI Interrupt Routing Table [\_SB_.PCI0.PEX0._PRT]
ACPI: PCI Interrupt Routing Table [\_SB_.PCI0.PEX1._PRT]
ACPI: PCI Interrupt Routing Table [\_SB_.PCI0.PEX2._PRT]
ACPI: PCI Interrupt Routing Table [\_SB_.PCI0.PEX3._PRT]
ACPI: PCI Interrupt Routing Table [\_SB_.PCI0.PEX4._PRT]
ACPI: PCI Interrupt Link [LNKA] (IRQs 3 4 5 7 9 10 *11 12)
ACPI: PCI Interrupt Link [LNKB] (IRQs 3 4 5 7 *9 10 11 12)
ACPI: PCI Interrupt Link [LNKC] (IRQs 3 4 5 7 9 *10 11 12)
ACPI: PCI Interrupt Link [LNKD] (IRQs 3 4 5 7 9 10 *11 12)
ACPI: PCI Interrupt Link [LNKE] (IRQs 3 4 5 7 *9 10 11 12)
ACPI: PCI Interrupt Link [LNKF] (IRQs 3 4 5 7 9 10 *11 12)
ACPI: PCI Interrupt Link [LNKG] (IRQs 3 4 5 7 9 *10 11 12)
ACPI: PCI Interrupt Link [LNKH] (IRQs 3 4 5 7 9 10 *11 12)
SCSI subsystem initialized
libata version 3.00 loaded.
usbcore: registered new interface driver usbfs
usbcore: registered new interface driver hub
usbcore: registered new device driver usb
PCI: Using ACPI for IRQ routing
NetLabel: Initializing
NetLabel:  domain hash size = 128
NetLabel:  protocols = UNLABELED CIPSOv4
NetLabel:  unlabeled traffic allowed by default
hpet0: at MMIO 0xfed00000, IRQs 2, 8, 0, 0
hpet0: 4 comparators, 64-bit 14.318180 MHz counter
pnp: PnP ACPI init
ACPI: bus type pnp registered
pnp: PnP ACPI: found 11 devices
ACPI: ACPI bus type pnp unregistered
system 00:01: iomem range 0xf0000000-0xf7ffffff has been reserved
system 00:01: iomem range 0xfeb00000-0xfeb03fff has been reserved
system 00:01: iomem range 0xfed13000-0xfed13fff has been reserved
system 00:01: iomem range 0xfed14000-0xfed17fff has been reserved
system 00:01: iomem range 0xfed18000-0xfed18fff has been reserved
system 00:01: iomem range 0xfed19000-0xfed19fff has been reserved
system 00:01: iomem range 0xfed1c000-0xfed1ffff has been reserved
system 00:01: iomem range 0xfed20000-0xfed3ffff has been reserved
system 00:01: iomem range 0xfed45000-0xfed99fff has been reserved
system 00:01: iomem range 0xc0000-0xdffff could not be reserved
system 00:01: iomem range 0xe0000-0xfffff could not be reserved
system 00:01: iomem range 0xffc00000-0xffffffff could not be reserved
system 00:06: ioport range 0x500-0x53f has been reserved
system 00:06: ioport range 0x400-0x47f has been reserved
system 00:06: ioport range 0x680-0x6ff has been reserved
pci 0000:00:01.0: PCI bridge, secondary bus 0000:01
pci 0000:00:01.0:   IO window: 0x2000-0x2fff
pci 0000:00:01.0:   MEM window: 0x90300000-0x903fffff
pci 0000:00:01.0:   PREFETCH window: disabled
pci 0000:00:1c.0: PCI bridge, secondary bus 0000:02
pci 0000:00:1c.0:   IO window: disabled
pci 0000:00:1c.0:   MEM window: disabled
pci 0000:00:1c.0:   PREFETCH window: disabled
pci 0000:00:1c.1: PCI bridge, secondary bus 0000:03
pci 0000:00:1c.1:   IO window: disabled
pci 0000:00:1c.1:   MEM window: disabled
pci 0000:00:1c.1:   PREFETCH window: disabled
pci 0000:00:1c.2: PCI bridge, secondary bus 0000:04
pci 0000:00:1c.2:   IO window: 0x1000-0x1fff
pci 0000:00:1c.2:   MEM window: 0x90100000-0x901fffff
pci 0000:00:1c.2:   PREFETCH window: disabled
pci 0000:00:1c.3: PCI bridge, secondary bus 0000:05
pci 0000:00:1c.3:   IO window: disabled
pci 0000:00:1c.3:   MEM window: disabled
pci 0000:00:1c.3:   PREFETCH window: disabled
pci 0000:00:1c.4: PCI bridge, secondary bus 0000:06
pci 0000:00:1c.4:   IO window: disabled
pci 0000:00:1c.4:   MEM window: disabled
pci 0000:00:1c.4:   PREFETCH window: disabled
pci 0000:00:1e.0: PCI bridge, secondary bus 0000:07
pci 0000:00:1e.0:   IO window: disabled
pci 0000:00:1e.0:   MEM window: 0x90000000-0x900fffff
pci 0000:00:1e.0:   PREFETCH window: disabled
pci 0000:00:01.0: PCI INT A -> GSI 16 (level, low) -> IRQ 16
pci 0000:00:01.0: setting latency timer to 64
pci 0000:00:1c.0: PCI INT A -> GSI 17 (level, low) -> IRQ 17
pci 0000:00:1c.0: setting latency timer to 64
pci 0000:00:1c.1: PCI INT B -> GSI 20 (level, low) -> IRQ 20
pci 0000:00:1c.1: setting latency timer to 64
pci 0000:00:1c.2: PCI INT C -> GSI 18 (level, low) -> IRQ 18
pci 0000:00:1c.2: setting latency timer to 64
pci 0000:00:1c.3: PCI INT D -> GSI 19 (level, low) -> IRQ 19
pci 0000:00:1c.3: setting latency timer to 64
pci 0000:00:1c.4: PCI INT A -> GSI 17 (level, low) -> IRQ 17
pci 0000:00:1c.4: setting latency timer to 64
pci 0000:00:1e.0: setting latency timer to 64
pci_bus 0000:00: resource 0 io:  [0x00-0xffff]
pci_bus 0000:00: resource 1 mem: [0x000000-0xffffffff]
pci_bus 0000:01: resource 0 io:  [0x2000-0x2fff]
pci_bus 0000:01: resource 1 mem: [0x90300000-0x903fffff]
pci_bus 0000:01: resource 2 mem: [0x0-0x0]
pci_bus 0000:01: resource 3 mem: [0x0-0x0]
pci_bus 0000:02: resource 0 mem: [0x0-0x0]
pci_bus 0000:02: resource 1 mem: [0x0-0x0]
pci_bus 0000:02: resource 2 mem: [0x0-0x0]
pci_bus 0000:02: resource 3 mem: [0x0-0x0]
pci_bus 0000:03: resource 0 mem: [0x0-0x0]
pci_bus 0000:03: resource 1 mem: [0x0-0x0]
pci_bus 0000:03: resource 2 mem: [0x0-0x0]
pci_bus 0000:03: resource 3 mem: [0x0-0x0]
pci_bus 0000:04: resource 0 io:  [0x1000-0x1fff]
pci_bus 0000:04: resource 1 mem: [0x90100000-0x901fffff]
pci_bus 0000:04: resource 2 mem: [0x0-0x0]
pci_bus 0000:04: resource 3 mem: [0x0-0x0]
pci_bus 0000:05: resource 0 mem: [0x0-0x0]
pci_bus 0000:05: resource 1 mem: [0x0-0x0]
pci_bus 0000:05: resource 2 mem: [0x0-0x0]
pci_bus 0000:05: resource 3 mem: [0x0-0x0]
pci_bus 0000:06: resource 0 mem: [0x0-0x0]
pci_bus 0000:06: resource 1 mem: [0x0-0x0]
pci_bus 0000:06: resource 2 mem: [0x0-0x0]
pci_bus 0000:06: resource 3 mem: [0x0-0x0]
pci_bus 0000:07: resource 0 mem: [0x0-0x0]
pci_bus 0000:07: resource 1 mem: [0x90000000-0x900fffff]
pci_bus 0000:07: resource 2 mem: [0x0-0x0]
pci_bus 0000:07: resource 3 io:  [0x00-0xffff]
pci_bus 0000:07: resource 4 mem: [0x000000-0xffffffff]
NET: Registered protocol family 2
IP route cache hash table entries: 32768 (order: 5, 131072 bytes)
TCP established hash table entries: 131072 (order: 8, 1048576 bytes)
TCP bind hash table entries: 65536 (order: 9, 2097152 bytes)
TCP: Hash tables configured (established 131072 bind 65536)
TCP reno registered
NET: Registered protocol family 1
checking if image is initramfs... it is
Switched to high resolution mode on CPU 1
Switched to high resolution mode on CPU 2
Switched to high resolution mode on CPU 3
Switched to high resolution mode on CPU 0
debug: unmapping init memory c0ccc000..c0fe3000
apm: BIOS version 1.2 Flags 0x03 (Driver version 1.16ac)
apm: disabled - APM is not SMP safe.
audit: initializing netlink socket (disabled)
type=2000 audit(1231887759.530:1): initialized
highmem bounce pool size: 64 pages
HugeTLB registered 4 MB page size, pre-allocated 0 pages
VFS: Disk quotas dquot_6.5.2
Dquot-cache hash table entries: 1024 (order 0, 4096 bytes)
msgmni has been set to 1688
SELinux:  Registering netfilter hooks
alg: No test for stdrng (krng)
io scheduler noop registered
io scheduler anticipatory registered
io scheduler deadline registered
io scheduler cfq registered (default)
pci 0000:00:02.0: Boot video device
pcieport-driver 0000:00:01.0: setting latency timer to 64
pcieport-driver 0000:00:01.0: irq 24 for MSI/MSI-X
pcieport-driver 0000:00:1c.0: setting latency timer to 64
pcieport-driver 0000:00:1c.0: irq 25 for MSI/MSI-X
pcieport-driver 0000:00:1c.1: setting latency timer to 64
pcieport-driver 0000:00:1c.1: irq 26 for MSI/MSI-X
pcieport-driver 0000:00:1c.2: setting latency timer to 64
pcieport-driver 0000:00:1c.2: irq 27 for MSI/MSI-X
pcieport-driver 0000:00:1c.3: setting latency timer to 64
pcieport-driver 0000:00:1c.3: irq 28 for MSI/MSI-X
pcieport-driver 0000:00:1c.4: setting latency timer to 64
pcieport-driver 0000:00:1c.4: irq 29 for MSI/MSI-X
pci_hotplug: PCI Hot Plug PCI Core version: 0.5
Monitor-Mwait will be used to enter C-1 state
processor ACPI_CPU:00: registered as cooling_device0
ACPI: Processor [CPU0] (supports 8 throttling states)
processor ACPI_CPU:01: registered as cooling_device1
ACPI: Processor [CPU1] (supports 8 throttling states)
processor ACPI_CPU:02: registered as cooling_device2
ACPI: Processor [CPU2] (supports 8 throttling states)
processor ACPI_CPU:03: registered as cooling_device3
ACPI: Processor [CPU3] (supports 8 throttling states)
isapnp: Scanning for PnP cards...
isapnp: No Plug & Play device found
Real Time Clock Driver v1.12b
Non-volatile memory driver v1.3
Linux agpgart interface v0.103
agpgart-intel 0000:00:00.0: Intel G33 Chipset
agpgart-intel 0000:00:00.0: detected 7164K stolen memory
agpgart-intel 0000:00:00.0: AGP aperture is 256M @ 0x80000000
Serial: 8250/16550 driver, 4 ports, IRQ sharing enabled
serial8250: ttyS0 at I/O 0x3f8 (irq = 4) is a 16550A
serial8250: ttyS1 at I/O 0x2f8 (irq = 3) is a NS16550A
00:08: ttyS0 at I/O 0x3f8 (irq = 4) is a 16550A
brd: module loaded
ahci 0000:00:1f.2: version 3.0
ahci 0000:00:1f.2: PCI INT A -> GSI 21 (level, low) -> IRQ 21
ahci 0000:00:1f.2: irq 30 for MSI/MSI-X
ahci 0000:00:1f.2: AHCI 0001.0200 32 slots 6 ports 3 Gbps 0x3f impl SATA mode
ahci 0000:00:1f.2: flags: 64bit ncq sntf led clo pmp pio slum part ems
ahci 0000:00:1f.2: setting latency timer to 64
scsi0 : ahci
scsi1 : ahci
scsi2 : ahci
scsi3 : ahci
scsi4 : ahci
scsi5 : ahci
ata1: SATA max UDMA/133 abar m2048@0x904a5000 port 0x904a5100 irq 30
ata2: SATA max UDMA/133 abar m2048@0x904a5000 port 0x904a5180 irq 30
ata3: SATA max UDMA/133 abar m2048@0x904a5000 port 0x904a5200 irq 30
ata4: SATA max UDMA/133 abar m2048@0x904a5000 port 0x904a5280 irq 30
ata5: SATA max UDMA/133 abar m2048@0x904a5000 port 0x904a5300 irq 30
ata6: SATA max UDMA/133 irq_stat 0x00000040, connection status changed irq 30
ata1: SATA link up 3.0 Gbps (SStatus 123 SControl 300)
ata1.00: ATA-7: Hitachi HDT725025VLA380, V5DOA7EA, max UDMA/133
ata1.00: 488397168 sectors, multi 0: LBA48 NCQ (depth 31/32)
ata1.00: configured for UDMA/133
scsi 0:0:0:0: Direct-Access     ATA      Hitachi HDT72502 V5DO PQ: 0 ANSI: 5
ata2: SATA link up 3.0 Gbps (SStatus 123 SControl 300)
ata2.00: ATA-7: Hitachi HDT725025VLA380, V5DOA7EA, max UDMA/133
ata2.00: 488397168 sectors, multi 0: LBA48 NCQ (depth 31/32)
ata2.00: configured for UDMA/133
scsi 1:0:0:0: Direct-Access     ATA      Hitachi HDT72502 V5DO PQ: 0 ANSI: 5
ata3: SATA link down (SStatus 0 SControl 300)
ata4: SATA link down (SStatus 0 SControl 300)
ata5: SATA link down (SStatus 0 SControl 300)
ata6: SATA link up 1.5 Gbps (SStatus 113 SControl 300)
ata6.00: ATAPI: LITE-ON DVDRW LH-20A1S, 9L05, max UDMA/100, ATAPI AN
ata6.00: configured for UDMA/100
scsi 5:0:0:0: CD-ROM            LITE-ON  DVDRW LH-20A1S   9L05 PQ: 0 ANSI: 5
PNP: No PS/2 controller found. Probing ports directly.
serio: i8042 KBD port at 0x60,0x64 irq 1
serio: i8042 AUX port at 0x60,0x64 irq 12
mice: PS/2 mouse device common for all mice
usbcore: registered new interface driver hiddev
usbcore: registered new interface driver usbhid
usbhid: v2.6:USB HID core driver
TCP cubic registered
Initializing XFRM netlink socket
NET: Registered protocol family 17
Using IPI No-Shortcut mode
registered taskstats version 1
debug: unmapping init memory c080e000..c0860000
Write protecting the kernel text: 2516k
Write protecting the kernel read-only data: 1188k
ehci_hcd: USB 2.0 'Enhanced' Host Controller (EHCI) Driver
ehci_hcd 0000:00:1a.7: PCI INT C -> GSI 17 (level, low) -> IRQ 17
ehci_hcd 0000:00:1a.7: setting latency timer to 64
ehci_hcd 0000:00:1a.7: EHCI Host Controller
ehci_hcd 0000:00:1a.7: new USB bus registered, assigned bus number 1
ehci_hcd 0000:00:1a.7: debug port 1
ehci_hcd 0000:00:1a.7: cache line size of 32 is not supported
ehci_hcd 0000:00:1a.7: irq 17, io mem 0x904a5c00
ehci_hcd 0000:00:1a.7: USB 2.0 started, EHCI 1.00
usb usb1: configuration #1 chosen from 1 choice
hub 1-0:1.0: USB hub found
hub 1-0:1.0: 6 ports detected
ehci_hcd 0000:00:1d.7: PCI INT A -> GSI 23 (level, low) -> IRQ 23
ehci_hcd 0000:00:1d.7: setting latency timer to 64
ehci_hcd 0000:00:1d.7: EHCI Host Controller
ehci_hcd 0000:00:1d.7: new USB bus registered, assigned bus number 2
ehci_hcd 0000:00:1d.7: debug port 1
ehci_hcd 0000:00:1d.7: cache line size of 32 is not supported
ehci_hcd 0000:00:1d.7: irq 23, io mem 0x904a5800
ehci_hcd 0000:00:1d.7: USB 2.0 started, EHCI 1.00
usb usb2: configuration #1 chosen from 1 choice
hub 2-0:1.0: USB hub found
hub 2-0:1.0: 6 ports detected
modprobe used greatest stack depth: 2468 bytes left
ohci_hcd: USB 1.1 'Open' Host Controller (OHCI) Driver
uhci_hcd: USB Universal Host Controller Interface driver
uhci_hcd 0000:00:1a.0: PCI INT A -> GSI 18 (level, low) -> IRQ 18
uhci_hcd 0000:00:1a.0: setting latency timer to 64
uhci_hcd 0000:00:1a.0: UHCI Host Controller
uhci_hcd 0000:00:1a.0: new USB bus registered, assigned bus number 3
uhci_hcd 0000:00:1a.0: irq 18, io base 0x000030e0
usb usb3: configuration #1 chosen from 1 choice
hub 3-0:1.0: USB hub found
hub 3-0:1.0: 2 ports detected
uhci_hcd 0000:00:1a.1: PCI INT B -> GSI 21 (level, low) -> IRQ 21
uhci_hcd 0000:00:1a.1: setting latency timer to 64
uhci_hcd 0000:00:1a.1: UHCI Host Controller
uhci_hcd 0000:00:1a.1: new USB bus registered, assigned bus number 4
uhci_hcd 0000:00:1a.1: irq 21, io base 0x000030c0
usb usb4: configuration #1 chosen from 1 choice
hub 4-0:1.0: USB hub found
hub 4-0:1.0: 2 ports detected
uhci_hcd 0000:00:1a.2: PCI INT C -> GSI 17 (level, low) -> IRQ 17
uhci_hcd 0000:00:1a.2: setting latency timer to 64
uhci_hcd 0000:00:1a.2: UHCI Host Controller
uhci_hcd 0000:00:1a.2: new USB bus registered, assigned bus number 5
uhci_hcd 0000:00:1a.2: irq 17, io base 0x000030a0
usb usb5: configuration #1 chosen from 1 choice
hub 5-0:1.0: USB hub found
hub 5-0:1.0: 2 ports detected
uhci_hcd 0000:00:1d.0: PCI INT A -> GSI 23 (level, low) -> IRQ 23
uhci_hcd 0000:00:1d.0: setting latency timer to 64
uhci_hcd 0000:00:1d.0: UHCI Host Controller
uhci_hcd 0000:00:1d.0: new USB bus registered, assigned bus number 6
uhci_hcd 0000:00:1d.0: irq 23, io base 0x00003080
usb usb6: configuration #1 chosen from 1 choice
hub 6-0:1.0: USB hub found
hub 6-0:1.0: 2 ports detected
uhci_hcd 0000:00:1d.1: PCI INT B -> GSI 19 (level, low) -> IRQ 19
uhci_hcd 0000:00:1d.1: setting latency timer to 64
uhci_hcd 0000:00:1d.1: UHCI Host Controller
uhci_hcd 0000:00:1d.1: new USB bus registered, assigned bus number 7
uhci_hcd 0000:00:1d.1: irq 19, io base 0x00003060
usb usb7: configuration #1 chosen from 1 choice
hub 7-0:1.0: USB hub found
hub 7-0:1.0: 2 ports detected
uhci_hcd 0000:00:1d.2: PCI INT C -> GSI 18 (level, low) -> IRQ 18
uhci_hcd 0000:00:1d.2: setting latency timer to 64
uhci_hcd 0000:00:1d.2: UHCI Host Controller
uhci_hcd 0000:00:1d.2: new USB bus registered, assigned bus number 8
uhci_hcd 0000:00:1d.2: irq 18, io base 0x00003040
usb usb8: configuration #1 chosen from 1 choice
hub 8-0:1.0: USB hub found
hub 8-0:1.0: 2 ports detected
md: raid0 personality registered for level 0
xor: automatically using best checksumming function: pIII_sse
   pIII_sse  :  9844.000 MB/sec
xor: using function: pIII_sse (9844.000 MB/sec)
async_tx: api initialized (async)
raid6: int32x1   1085 MB/s
raid6: int32x2   1105 MB/s
raid6: int32x4    800 MB/s
raid6: int32x8    722 MB/s
raid6: mmxx1     3359 MB/s
raid6: mmxx2     3761 MB/s
raid6: sse1x1    2234 MB/s
raid6: sse1x2    2832 MB/s
raid6: sse2x1    4000 MB/s
raid6: sse2x2    4351 MB/s
raid6: using algorithm sse2x2 (4351 MB/s)
md: raid6 personality registered for level 6
md: raid5 personality registered for level 5
md: raid4 personality registered for level 4
Driver 'sd' needs updating - please use bus_type methods
sd 0:0:0:0: [sda] 488397168 512-byte hardware sectors: (250 GB/232 GiB)
sd 0:0:0:0: [sda] Write Protect is off
sd 0:0:0:0: [sda] Mode Sense: 00 3a 00 00
sd 0:0:0:0: [sda] Write cache: enabled, read cache: enabled, doesn't support DPO or FUA
sd 0:0:0:0: [sda] 488397168 512-byte hardware sectors: (250 GB/232 GiB)
sd 0:0:0:0: [sda] Write Protect is off
sd 0:0:0:0: [sda] Mode Sense: 00 3a 00 00
sd 0:0:0:0: [sda] Write cache: enabled, read cache: enabled, doesn't support DPO or FUA
 sda: sda1 sda2 sda3
sd 0:0:0:0: [sda] Attached SCSI disk
sd 1:0:0:0: [sdb] 488397168 512-byte hardware sectors: (250 GB/232 GiB)
sd 1:0:0:0: [sdb] Write Protect is off
sd 1:0:0:0: [sdb] Mode Sense: 00 3a 00 00
sd 1:0:0:0: [sdb] Write cache: enabled, read cache: enabled, doesn't support DPO or FUA
sd 1:0:0:0: [sdb] 488397168 512-byte hardware sectors: (250 GB/232 GiB)
sd 1:0:0:0: [sdb] Write Protect is off
sd 1:0:0:0: [sdb] Mode Sense: 00 3a 00 00
sd 1:0:0:0: [sdb] Write cache: enabled, read cache: enabled, doesn't support DPO or FUA
 sdb: sdb1 sdb2 sdb3
sd 1:0:0:0: [sdb] Attached SCSI disk
modprobe used greatest stack depth: 2292 bytes left
Initializing USB Mass Storage driver...
usbcore: registered new interface driver usb-storage
USB Mass Storage support registered.
usb 5-2: new low speed USB device using uhci_hcd and address 2
usb 5-2: configuration #1 chosen from 1 choice
input: Belkin Components KVM USB Keyboard/Mouse as /class/input/input0
generic-usb 0003:050D:0108.0001: input: USB HID v1.10 Keyboard [Belkin Components KVM USB Keyboard/Mouse] on usb-0000:00:1a.2-2/input0
input: Belkin Components KVM USB Keyboard/Mouse as /class/input/input1
generic-usb 0003:050D:0108.0002: input: USB HID v1.10 Mouse [Belkin Components KVM USB Keyboard/Mouse] on usb-0000:00:1a.2-2/input1
md: md0 stopped.
md: bind<sdb2>
md: bind<sda2>
md0: setting max_sectors to 512, segment boundary to 131071
raid0: looking at sda2
raid0:   comparing sda2(81923328)<6> with sda2(81923328)
raid0:   END
raid0:   ==> UNIQUE
raid0: 1 zones
raid0: looking at sdb2
raid0:   comparing sdb2(81923328)<6> with sda2(81923328)
raid0:   EQUAL
raid0: FINAL 1 zones
raid0: done.
raid0 : md_size is 327693312 sectors.
raid0 : conf->spacing is 327693312 sectors.
raid0 : nb_zone is 1.
raid0 : Allocating 4 bytes for hash.
mdadm used greatest stack depth: 2244 bytes left
 md0: unknown partition table
kjournald starting.  Commit interval 5 seconds
EXT3-fs: mounted filesystem with ordered data mode.
SELinux:  Disabled at runtime.
SELinux:  Unregistering netfilter hooks
type=1404 audit(1231887772.337:2): selinux=0 auid=4294967295 ses=4294967295
mount used greatest stack depth: 1848 bytes left
udevd version 127 started
udevd used greatest stack depth: 1832 bytes left
input: Power Button (FF) as /class/input/input2
ACPI: Power Button (FF) [PWRF]
input: Sleep Button (CM) as /class/input/input3
sd 0:0:0:0: Attached scsi generic sg0 type 0
sd 1:0:0:0: Attached scsi generic sg1 type 0
scsi 5:0:0:0: Attached scsi generic sg2 type 5
ACPI: Sleep Button (CM) [SLPB]
input: PC Speaker as /class/input/input4
iTCO_vendor_support: vendor-support=0
ixgbe: Intel(R) 10 Gigabit PCI Express Network Driver - version 1.3.30-k2
ixgbe: Copyright (c) 1999-2007 Intel Corporation.
ixgbe 0000:01:00.0: PCI INT A -> GSI 16 (level, low) -> IRQ 16
ixgbe 0000:01:00.0: pci_enable_pcie_error_reporting failed 0xfffffffb
ixgbe 0000:01:00.0: setting latency timer to 64
e1000e: Intel(R) PRO/1000 Network Driver - 0.3.3.3-k6
e1000e: Copyright (c) 1999-2008 Intel Corporation.
e1000e 0000:00:19.0: PCI INT A -> GSI 20 (level, low) -> IRQ 20
e1000e 0000:00:19.0: setting latency timer to 64
0000:00:19.0: 0000:00:19.0: Write-protect NVM Disabled
e1000e 0000:00:19.0: irq 31 for MSI/MSI-X
Driver 'sr' needs updating - please use bus_type methods
iTCO_wdt: Intel TCO WatchDog Timer Driver v1.04
iTCO_wdt: Found a ICH9R TCO device (Version=2, TCOBASE=0x0460)
iTCO_wdt: initialized. heartbeat=30 sec (nowayout=0)
sr0: scsi3-mmc drive: 48x/48x writer dvd-ram cd/rw xa/form2 cdda tray
Uniform CD-ROM driver Revision: 3.20
sr 5:0:0:0: Attached scsi CD-ROM sr0
ixgbe 0000:01:00.0: irq 32 for MSI/MSI-X
ixgbe 0000:01:00.0: irq 33 for MSI/MSI-X
ixgbe 0000:01:00.0: irq 34 for MSI/MSI-X
ixgbe 0000:01:00.0: irq 35 for MSI/MSI-X
ixgbe 0000:01:00.0: irq 36 for MSI/MSI-X
ixgbe 0000:01:00.0: irq 37 for MSI/MSI-X
ixgbe 0000:01:00.0: irq 38 for MSI/MSI-X
ixgbe 0000:01:00.0: irq 39 for MSI/MSI-X
ixgbe 0000:01:00.0: irq 40 for MSI/MSI-X
ixgbe: 0000:01:00.0: ixgbe_init_interrupt_scheme: Multiqueue Enabled: Rx Queue count = 4, Tx Queue count = 4
ixgbe 0000:01:00.0: (PCI Express:2.5Gb/s:Width x8) 00:1b:21:0b:7a:64
ixgbe 0000:01:00.0: MAC: 1, PHY: 2, PBA No: d99083-006
firewire_ohci 0000:07:03.0: PCI INT A -> GSI 19 (level, low) -> IRQ 19
firewire_ohci: Added fw-ohci device 0000:07:03.0, OHCI version 1.0
0000:00:19.0: eth0: (PCI Express:2.5GB/s:Width x1) 00:19:d1:a4:1b:3a
0000:00:19.0: eth0: Intel(R) PRO/1000 Network Connection
0000:00:19.0: eth0: MAC: 6, PHY: 6, PBA No: 1122ff-0ff
i801_smbus 0000:00:1f.3: PCI INT B -> GSI 18 (level, low) -> IRQ 18
ixgbe 0000:01:00.0: Intel(R) 10 Gigabit Network Connection
udev: renamed network interface eth1 to eth9
md: md1 stopped.
firewire_core: created device fw0: GUID 0090270001d0dc3b, S400
md: bind<sdb1>
md: bind<sda3>
md: raid1 personality registered for level 1
raid1: raid set md1 active with 2 out of 2 mirrors
 md1: unknown partition table
device-mapper: ioctl: 4.14.0-ioctl (2008-04-23) initialised: dm-devel@redhat.com
device-mapper: multipath: version 1.0.5 loaded
EXT3 FS on md0, internal journal
kjournald starting.  Commit interval 5 seconds
EXT3 FS on sda1, internal journal
EXT3-fs: mounted filesystem with ordered data mode.
kjournald starting.  Commit interval 5 seconds
EXT3 FS on md1, internal journal
EXT3-fs: mounted filesystem with ordered data mode.
Adding 4096564k swap on /dev/sdb3.  Priority:-1 extents:1 across:4096564k
platform microcode: firmware: requesting intel-ucode/06-0f-0b
platform microcode: firmware: requesting intel-ucode/06-0f-0b
platform microcode: firmware: requesting intel-ucode/06-0f-0b
platform microcode: firmware: requesting intel-ucode/06-0f-0b
Microcode Update Driver: v2.00 <tigran@aivazian.fsnet.co.uk>, Peter Oruba
Microcode Update Driver: v2.00 removed.
NET: Registered protocol family 10
lo: Disabled Privacy Extensions
ip used greatest stack depth: 1704 bytes left
e1000e 0000:00:19.0: irq 31 for MSI/MSI-X
e1000e 0000:00:19.0: irq 31 for MSI/MSI-X
ADDRCONF(NETDEV_UP): eth0: link is not ready
e1000e: eth0 NIC Link is Up 1000 Mbps Full Duplex, Flow Control: RX/TX
ADDRCONF(NETDEV_CHANGE): eth0: link becomes ready
eth0: no IPv6 routers present
RPC: Registered udp transport module.
RPC: Registered tcp transport module.
fuse init (API version 7.11)
Bluetooth: Core ver 2.14
NET: Registered protocol family 31
Bluetooth: HCI device and connection manager initialized
Bluetooth: HCI socket layer initialized
Bluetooth: L2CAP ver 2.11
Bluetooth: L2CAP socket layer initialized
Bluetooth: BNEP (Ethernet Emulation) ver 1.3
Bluetooth: BNEP filters: protocol multicast
Bridge firewalling registered
Bluetooth: SCO (Voice Link) ver 0.6
Bluetooth: SCO socket layer initialized
[drm] Initialized drm 1.1.0 20060810
pci 0000:00:02.0: PCI INT A -> GSI 16 (level, low) -> IRQ 16
pci 0000:00:02.0: setting latency timer to 64
pci 0000:00:02.0: irq 41 for MSI/MSI-X
[drm] Initialized i915 1.6.0 20080730 on minor 0
=======================================================
[ INFO: possible circular locking dependency detected ]
2.6.29-rc1 #1
-------------------------------------------------------
Xorg/2810 is trying to acquire lock:
 (&mm->mmap_sem){----}, at: [<c047d508>] might_fault+0x40/0x7c
but task is already holding lock:
 (&dev->struct_mutex){--..}, at: [<f7fd1aac>] i915_gem_execbuffer+0x124/0xa48 [i915]
which lock already depends on the new lock.
the existing dependency chain (in reverse order) is:
-> #2 (&dev->struct_mutex){--..}:
       [<c04493d2>] __lock_acquire+0xfd7/0x1305
       [<f7fa9e53>] drm_vm_open+0x22/0x32 [drm]
       [<f7fa9e53>] drm_vm_open+0x22/0x32 [drm]
       [<c0449749>] lock_acquire+0x49/0x61
       [<f7fa9e53>] drm_vm_open+0x22/0x32 [drm]
       [<c066fa32>] mutex_lock_nested+0xeb/0x260
       [<f7fa9e53>] drm_vm_open+0x22/0x32 [drm]
       [<f7fa9e53>] drm_vm_open+0x22/0x32 [drm]
       [<f7fa9e53>] drm_vm_open+0x22/0x32 [drm]
       [<c04291bb>] dup_mm+0x26c/0x32a
       [<c0429c42>] copy_process+0x99f/0xfff
       [<c042a3b3>] do_fork+0x111/0x29c
       [<c045ca0d>] audit_filter_syscall+0xda/0xe7
       [<c043376a>] sys_rt_sigaction+0x66/0x79
       [<c04017be>] sys_clone+0x22/0x26
       [<c0402d51>] sysenter_do_call+0x12/0x31
       [<ffffffff>] 0xffffffff
-> #1 (&mm->mmap_sem/1){--..}:
       [<c04493d2>] __lock_acquire+0xfd7/0x1305
       [<c0429000>] dup_mm+0xb1/0x32a
       [<c0429000>] dup_mm+0xb1/0x32a
       [<c0449749>] lock_acquire+0x49/0x61
       [<c0429000>] dup_mm+0xb1/0x32a
       [<c043dd03>] down_write_nested+0x30/0x4a
       [<c0429000>] dup_mm+0xb1/0x32a
       [<c0429000>] dup_mm+0xb1/0x32a
       [<c0670e04>] _spin_unlock_irq+0x20/0x23
       [<c0447c80>] trace_hardirqs_on_caller+0x106/0x126
       [<c0429c42>] copy_process+0x99f/0xfff
       [<c04418ec>] getnstimeofday+0x51/0xd9
       [<c042a3b3>] do_fork+0x111/0x29c
       [<c044456a>] tick_program_event+0x1f/0x23
       [<c043dc02>] hrtimer_interrupt+0x100/0x110
       [<c0402e74>] restore_nocheck_notrace+0x0/0xe
       [<c04017be>] sys_clone+0x22/0x26
       [<c0402d51>] sysenter_do_call+0x12/0x31
       [<ffffffff>] 0xffffffff
-> #0 (&mm->mmap_sem){----}:
       [<c04490f5>] __lock_acquire+0xcfa/0x1305
       [<c0447adc>] mark_held_locks+0x50/0x66
       [<c0670e3b>] _spin_unlock_irqrestore+0x34/0x39
       [<c0447adc>] mark_held_locks+0x50/0x66
       [<c0449749>] lock_acquire+0x49/0x61
       [<c047d508>] might_fault+0x40/0x7c
       [<c047d525>] might_fault+0x5d/0x7c
       [<c047d508>] might_fault+0x40/0x7c
       [<c05105df>] copy_to_user+0x29/0xf8
       [<f7fd230c>] i915_gem_execbuffer+0x984/0xa48 [i915]
       [<c047d508>] might_fault+0x40/0x7c
       [<f7fa553e>] drm_ioctl+0x1a9/0x221 [drm]
       [<f7fd1988>] i915_gem_execbuffer+0x0/0xa48 [i915]
       [<c049cf82>] vfs_ioctl+0x49/0x5f
       [<c049d4e0>] do_vfs_ioctl+0x476/0x4b1
       [<c045c95e>] audit_filter_syscall+0x2b/0xe7
       [<c045ca0d>] audit_filter_syscall+0xda/0xe7
       [<c049d55c>] sys_ioctl+0x41/0x58
       [<c0402d51>] sysenter_do_call+0x12/0x31
       [<ffffffff>] 0xffffffff
other info that might help us debug this:
1 lock held by Xorg/2810:
 #0:  (&dev->struct_mutex){--..}, at: [<f7fd1aac>] i915_gem_execbuffer+0x124/0xa48 [i915]
stack backtrace:
Pid: 2810, comm: Xorg Not tainted 2.6.29-rc1 #1
Call Trace:
 [<c04480c9>] print_circular_bug_tail+0xa6/0xb0
 [<c04490f5>] __lock_acquire+0xcfa/0x1305
 [<c0447adc>] mark_held_locks+0x50/0x66
 [<c0670e3b>] _spin_unlock_irqrestore+0x34/0x39
 [<c0447adc>] mark_held_locks+0x50/0x66
 [<c0449749>] lock_acquire+0x49/0x61
 [<c047d508>] might_fault+0x40/0x7c
 [<c047d525>] might_fault+0x5d/0x7c
 [<c047d508>] might_fault+0x40/0x7c
 [<c05105df>] copy_to_user+0x29/0xf8
 [<f7fd230c>] i915_gem_execbuffer+0x984/0xa48 [i915]
 [<c047d508>] might_fault+0x40/0x7c
 [<f7fa553e>] drm_ioctl+0x1a9/0x221 [drm]
 [<f7fd1988>] i915_gem_execbuffer+0x0/0xa48 [i915]
 [<c049cf82>] vfs_ioctl+0x49/0x5f
 [<c049d4e0>] do_vfs_ioctl+0x476/0x4b1
 [<c045c95e>] audit_filter_syscall+0x2b/0xe7
 [<c045ca0d>] audit_filter_syscall+0xda/0xe7
 [<c049d55c>] sys_ioctl+0x41/0x58
 [<c0402d51>] sysenter_do_call+0x12/0x31
#
# Automatically generated make config: don't edit
# Linux kernel version: 2.6.29-rc1
# Tue Jan 13 13:32:33 2009
#
# CONFIG_64BIT is not set
CONFIG_X86_32=y
# CONFIG_X86_64 is not set
CONFIG_X86=y
CONFIG_ARCH_DEFCONFIG="arch/x86/configs/i386_defconfig"
CONFIG_GENERIC_TIME=y
CONFIG_GENERIC_CMOS_UPDATE=y
CONFIG_CLOCKSOURCE_WATCHDOG=y
CONFIG_GENERIC_CLOCKEVENTS=y
CONFIG_GENERIC_CLOCKEVENTS_BROADCAST=y
CONFIG_LOCKDEP_SUPPORT=y
CONFIG_STACKTRACE_SUPPORT=y
CONFIG_HAVE_LATENCYTOP_SUPPORT=y
CONFIG_FAST_CMPXCHG_LOCAL=y
CONFIG_MMU=y
CONFIG_ZONE_DMA=y
CONFIG_GENERIC_ISA_DMA=y
CONFIG_GENERIC_IOMAP=y
CONFIG_GENERIC_BUG=y
CONFIG_GENERIC_HWEIGHT=y
CONFIG_ARCH_MAY_HAVE_PC_FDC=y
# CONFIG_RWSEM_GENERIC_SPINLOCK is not set
CONFIG_RWSEM_XCHGADD_ALGORITHM=y
CONFIG_ARCH_HAS_CPU_IDLE_WAIT=y
CONFIG_GENERIC_CALIBRATE_DELAY=y
# CONFIG_GENERIC_TIME_VSYSCALL is not set
CONFIG_ARCH_HAS_CPU_RELAX=y
CONFIG_ARCH_HAS_DEFAULT_IDLE=y
CONFIG_ARCH_HAS_CACHE_LINE_SIZE=y
CONFIG_HAVE_SETUP_PER_CPU_AREA=y
# CONFIG_HAVE_CPUMASK_OF_CPU_MAP is not set
CONFIG_ARCH_HIBERNATION_POSSIBLE=y
CONFIG_ARCH_SUSPEND_POSSIBLE=y
# CONFIG_ZONE_DMA32 is not set
CONFIG_ARCH_POPULATES_NODE_MAP=y
# CONFIG_AUDIT_ARCH is not set
CONFIG_ARCH_SUPPORTS_OPTIMIZED_INLINING=y
CONFIG_GENERIC_HARDIRQS=y
CONFIG_GENERIC_IRQ_PROBE=y
CONFIG_GENERIC_PENDING_IRQ=y
CONFIG_X86_SMP=y
CONFIG_USE_GENERIC_SMP_HELPERS=y
CONFIG_X86_32_SMP=y
CONFIG_X86_HT=y
CONFIG_X86_BIOS_REBOOT=y
CONFIG_X86_TRAMPOLINE=y
CONFIG_KTIME_SCALAR=y
CONFIG_DEFCONFIG_LIST="/lib/modules/$UNAME_RELEASE/.config"
#
# General setup
#
CONFIG_EXPERIMENTAL=y
CONFIG_LOCK_KERNEL=y
CONFIG_INIT_ENV_ARG_LIMIT=32
CONFIG_LOCALVERSION=""
# CONFIG_LOCALVERSION_AUTO is not set
CONFIG_SWAP=y
CONFIG_SYSVIPC=y
CONFIG_SYSVIPC_SYSCTL=y
CONFIG_POSIX_MQUEUE=y
CONFIG_BSD_PROCESS_ACCT=y
# CONFIG_BSD_PROCESS_ACCT_V3 is not set
CONFIG_TASKSTATS=y
CONFIG_TASK_DELAY_ACCT=y
CONFIG_TASK_XACCT=y
CONFIG_TASK_IO_ACCOUNTING=y
CONFIG_AUDIT=y
CONFIG_AUDITSYSCALL=y
CONFIG_AUDIT_TREE=y
# CONFIG_IKCONFIG is not set
CONFIG_LOG_BUF_SHIFT=17
CONFIG_HAVE_UNSTABLE_SCHED_CLOCK=y
CONFIG_GROUP_SCHED=y
CONFIG_FAIR_GROUP_SCHED=y
# CONFIG_RT_GROUP_SCHED is not set
CONFIG_USER_SCHED=y
# CONFIG_CGROUP_SCHED is not set
#
# Control Group support
#
# CONFIG_CGROUPS is not set
CONFIG_SYSFS_DEPRECATED=y
CONFIG_SYSFS_DEPRECATED_V2=y
CONFIG_RELAY=y
CONFIG_NAMESPACES=y
# CONFIG_UTS_NS is not set
# CONFIG_IPC_NS is not set
# CONFIG_USER_NS is not set
# CONFIG_PID_NS is not set
CONFIG_BLK_DEV_INITRD=y
CONFIG_INITRAMFS_SOURCE=""
CONFIG_CC_OPTIMIZE_FOR_SIZE=y
CONFIG_SYSCTL=y
# CONFIG_EMBEDDED is not set
CONFIG_UID16=y
CONFIG_SYSCTL_SYSCALL=y
CONFIG_KALLSYMS=y
CONFIG_KALLSYMS_ALL=y
CONFIG_KALLSYMS_STRIP_GENERATED=y
CONFIG_KALLSYMS_EXTRA_PASS=y
CONFIG_HOTPLUG=y
CONFIG_PRINTK=y
CONFIG_BUG=y
CONFIG_ELF_CORE=y
CONFIG_PCSPKR_PLATFORM=y
CONFIG_COMPAT_BRK=y
CONFIG_BASE_FULL=y
CONFIG_FUTEX=y
CONFIG_ANON_INODES=y
CONFIG_EPOLL=y
CONFIG_SIGNALFD=y
CONFIG_TIMERFD=y
CONFIG_EVENTFD=y
CONFIG_SHMEM=y
CONFIG_AIO=y
CONFIG_VM_EVENT_COUNTERS=y
CONFIG_PCI_QUIRKS=y
CONFIG_SLUB_DEBUG=y
# CONFIG_SLAB is not set
CONFIG_SLUB=y
# CONFIG_SLOB is not set
CONFIG_PROFILING=y
CONFIG_TRACEPOINTS=y
CONFIG_MARKERS=y
CONFIG_OPROFILE=m
# CONFIG_OPROFILE_IBS is not set
CONFIG_HAVE_OPROFILE=y
CONFIG_KPROBES=y
CONFIG_HAVE_EFFICIENT_UNALIGNED_ACCESS=y
CONFIG_KRETPROBES=y
CONFIG_HAVE_IOREMAP_PROT=y
CONFIG_HAVE_KPROBES=y
CONFIG_HAVE_KRETPROBES=y
CONFIG_HAVE_ARCH_TRACEHOOK=y
CONFIG_HAVE_GENERIC_DMA_COHERENT=y
CONFIG_SLABINFO=y
CONFIG_RT_MUTEXES=y
CONFIG_BASE_SMALL=0
CONFIG_MODULES=y
# CONFIG_MODULE_FORCE_LOAD is not set
CONFIG_MODULE_UNLOAD=y
# CONFIG_MODULE_FORCE_UNLOAD is not set
# CONFIG_MODVERSIONS is not set
# CONFIG_MODULE_SRCVERSION_ALL is not set
CONFIG_STOP_MACHINE=y
CONFIG_BLOCK=y
CONFIG_LBD=y
CONFIG_BLK_DEV_IO_TRACE=y
# CONFIG_BLK_DEV_BSG is not set
# CONFIG_BLK_DEV_INTEGRITY is not set
#
# IO Schedulers
#
CONFIG_IOSCHED_NOOP=y
CONFIG_IOSCHED_AS=y
CONFIG_IOSCHED_DEADLINE=y
CONFIG_IOSCHED_CFQ=y
# CONFIG_DEFAULT_AS is not set
# CONFIG_DEFAULT_DEADLINE is not set
CONFIG_DEFAULT_CFQ=y
# CONFIG_DEFAULT_NOOP is not set
CONFIG_DEFAULT_IOSCHED="cfq"
CONFIG_PREEMPT_NOTIFIERS=y
CONFIG_CLASSIC_RCU=y
# CONFIG_TREE_RCU is not set
# CONFIG_PREEMPT_RCU is not set
# CONFIG_TREE_RCU_TRACE is not set
# CONFIG_PREEMPT_RCU_TRACE is not set
CONFIG_FREEZER=y
#
# Processor type and features
#
CONFIG_TICK_ONESHOT=y
CONFIG_NO_HZ=y
CONFIG_HIGH_RES_TIMERS=y
CONFIG_GENERIC_CLOCKEVENTS_BUILD=y
CONFIG_SMP=y
# CONFIG_SPARSE_IRQ is not set
CONFIG_X86_FIND_SMP_CONFIG=y
CONFIG_X86_MPPARSE=y
CONFIG_X86_PC=y
# CONFIG_X86_ELAN is not set
# CONFIG_X86_VOYAGER is not set
# CONFIG_X86_GENERICARCH is not set
# CONFIG_X86_VSMP is not set
# CONFIG_X86_RDC321X is not set
CONFIG_SCHED_OMIT_FRAME_POINTER=y
# CONFIG_PARAVIRT_GUEST is not set
# CONFIG_MEMTEST is not set
# CONFIG_M386 is not set
# CONFIG_M486 is not set
# CONFIG_M586 is not set
# CONFIG_M586TSC is not set
# CONFIG_M586MMX is not set
CONFIG_M686=y
# CONFIG_MPENTIUMII is not set
# CONFIG_MPENTIUMIII is not set
# CONFIG_MPENTIUMM is not set
# CONFIG_MPENTIUM4 is not set
# CONFIG_MK6 is not set
# CONFIG_MK7 is not set
# CONFIG_MK8 is not set
# CONFIG_MCRUSOE is not set
# CONFIG_MEFFICEON is not set
# CONFIG_MWINCHIPC6 is not set
# CONFIG_MWINCHIP3D is not set
# CONFIG_MGEODEGX1 is not set
# CONFIG_MGEODE_LX is not set
# CONFIG_MCYRIXIII is not set
# CONFIG_MVIAC3_2 is not set
# CONFIG_MVIAC7 is not set
# CONFIG_MPSC is not set
# CONFIG_MCORE2 is not set
# CONFIG_GENERIC_CPU is not set
CONFIG_X86_GENERIC=y
CONFIG_X86_CPU=y
CONFIG_X86_CMPXCHG=y
CONFIG_X86_L1_CACHE_SHIFT=7
CONFIG_X86_XADD=y
CONFIG_X86_PPRO_FENCE=y
CONFIG_X86_WP_WORKS_OK=y
CONFIG_X86_INVLPG=y
CONFIG_X86_BSWAP=y
CONFIG_X86_POPAD_OK=y
CONFIG_X86_INTEL_USERCOPY=y
CONFIG_X86_USE_PPRO_CHECKSUM=y
CONFIG_X86_TSC=y
CONFIG_X86_CMOV=y
CONFIG_X86_MINIMUM_CPU_FAMILY=4
CONFIG_X86_DEBUGCTLMSR=y
CONFIG_CPU_SUP_INTEL=y
CONFIG_CPU_SUP_CYRIX_32=y
CONFIG_CPU_SUP_AMD=y
CONFIG_CPU_SUP_CENTAUR_32=y
CONFIG_CPU_SUP_TRANSMETA_32=y
CONFIG_CPU_SUP_UMC_32=y
CONFIG_X86_DS=y
CONFIG_X86_PTRACE_BTS=y
CONFIG_HPET_TIMER=y
CONFIG_HPET_EMULATE_RTC=y
CONFIG_DMI=y
# CONFIG_IOMMU_HELPER is not set
# CONFIG_IOMMU_API is not set
CONFIG_NR_CPUS=32
CONFIG_SCHED_SMT=y
CONFIG_SCHED_MC=y
# CONFIG_PREEMPT_NONE is not set
CONFIG_PREEMPT_VOLUNTARY=y
# CONFIG_PREEMPT is not set
CONFIG_X86_LOCAL_APIC=y
CONFIG_X86_IO_APIC=y
# CONFIG_X86_REROUTE_FOR_BROKEN_BOOT_IRQS is not set
CONFIG_X86_MCE=y
# CONFIG_X86_MCE_NONFATAL is not set
CONFIG_X86_MCE_P4THERMAL=y
CONFIG_VM86=y
CONFIG_TOSHIBA=m
CONFIG_I8K=m
# CONFIG_X86_REBOOTFIXUPS is not set
CONFIG_MICROCODE=m
CONFIG_MICROCODE_INTEL=y
# CONFIG_MICROCODE_AMD is not set
CONFIG_MICROCODE_OLD_INTERFACE=y
CONFIG_X86_MSR=m
CONFIG_X86_CPUID=m
# CONFIG_NOHIGHMEM is not set
CONFIG_HIGHMEM4G=y
# CONFIG_HIGHMEM64G is not set
CONFIG_PAGE_OFFSET=0xC0000000
CONFIG_HIGHMEM=y
# CONFIG_ARCH_PHYS_ADDR_T_64BIT is not set
CONFIG_ARCH_FLATMEM_ENABLE=y
CONFIG_ARCH_SPARSEMEM_ENABLE=y
CONFIG_ARCH_SELECT_MEMORY_MODEL=y
CONFIG_SELECT_MEMORY_MODEL=y
CONFIG_FLATMEM_MANUAL=y
# CONFIG_DISCONTIGMEM_MANUAL is not set
# CONFIG_SPARSEMEM_MANUAL is not set
CONFIG_FLATMEM=y
CONFIG_FLAT_NODE_MEM_MAP=y
CONFIG_SPARSEMEM_STATIC=y
CONFIG_PAGEFLAGS_EXTENDED=y
CONFIG_SPLIT_PTLOCK_CPUS=4
# CONFIG_PHYS_ADDR_T_64BIT is not set
CONFIG_ZONE_DMA_FLAG=1
CONFIG_BOUNCE=y
CONFIG_VIRT_TO_BUS=y
CONFIG_UNEVICTABLE_LRU=y
CONFIG_MMU_NOTIFIER=y
CONFIG_HIGHPTE=y
# CONFIG_X86_CHECK_BIOS_CORRUPTION is not set
CONFIG_X86_RESERVE_LOW_64K=y
# CONFIG_MATH_EMULATION is not set
CONFIG_MTRR=y
# CONFIG_MTRR_SANITIZER is not set
# CONFIG_X86_PAT is not set
CONFIG_EFI=y
CONFIG_SECCOMP=y
# CONFIG_HZ_100 is not set
# CONFIG_HZ_250 is not set
# CONFIG_HZ_300 is not set
CONFIG_HZ_1000=y
CONFIG_HZ=1000
CONFIG_SCHED_HRTICK=y
CONFIG_KEXEC=y
CONFIG_CRASH_DUMP=y
# CONFIG_KEXEC_JUMP is not set
CONFIG_PHYSICAL_START=0x1000000
CONFIG_RELOCATABLE=y
CONFIG_PHYSICAL_ALIGN=0x400000
CONFIG_HOTPLUG_CPU=y
# CONFIG_COMPAT_VDSO is not set
# CONFIG_CMDLINE_BOOL is not set
CONFIG_ARCH_ENABLE_MEMORY_HOTPLUG=y
#
# Power management and ACPI options
#
CONFIG_PM=y
CONFIG_PM_DEBUG=y
# CONFIG_PM_VERBOSE is not set
CONFIG_CAN_PM_TRACE=y
# CONFIG_PM_TRACE_RTC is not set
CONFIG_PM_SLEEP_SMP=y
CONFIG_PM_SLEEP=y
CONFIG_SUSPEND=y
CONFIG_SUSPEND_FREEZER=y
CONFIG_HIBERNATION=y
CONFIG_PM_STD_PARTITION=""
CONFIG_ACPI=y
CONFIG_ACPI_SLEEP=y
CONFIG_ACPI_PROCFS=y
CONFIG_ACPI_PROCFS_POWER=y
CONFIG_ACPI_SYSFS_POWER=y
CONFIG_ACPI_PROC_EVENT=y
CONFIG_ACPI_AC=m
CONFIG_ACPI_BATTERY=m
CONFIG_ACPI_BUTTON=m
CONFIG_ACPI_VIDEO=m
CONFIG_ACPI_FAN=y
CONFIG_ACPI_DOCK=y
CONFIG_ACPI_PROCESSOR=y
CONFIG_ACPI_HOTPLUG_CPU=y
CONFIG_ACPI_THERMAL=y
# CONFIG_ACPI_CUSTOM_DSDT is not set
CONFIG_ACPI_BLACKLIST_YEAR=1999
# CONFIG_ACPI_DEBUG is not set
CONFIG_ACPI_PCI_SLOT=m
CONFIG_ACPI_SYSTEM=y
CONFIG_X86_PM_TIMER=y
CONFIG_ACPI_CONTAINER=y
CONFIG_ACPI_SBS=m
CONFIG_X86_APM_BOOT=y
CONFIG_APM=y
# CONFIG_APM_IGNORE_USER_SUSPEND is not set
# CONFIG_APM_DO_ENABLE is not set
CONFIG_APM_CPU_IDLE=y
# CONFIG_APM_DISPLAY_BLANK is not set
# CONFIG_APM_ALLOW_INTS is not set
#
# CPU Frequency scaling
#
CONFIG_CPU_FREQ=y
CONFIG_CPU_FREQ_TABLE=y
CONFIG_CPU_FREQ_DEBUG=y
CONFIG_CPU_FREQ_STAT=m
CONFIG_CPU_FREQ_STAT_DETAILS=y
# CONFIG_CPU_FREQ_DEFAULT_GOV_PERFORMANCE is not set
# CONFIG_CPU_FREQ_DEFAULT_GOV_POWERSAVE is not set
CONFIG_CPU_FREQ_DEFAULT_GOV_USERSPACE=y
# CONFIG_CPU_FREQ_DEFAULT_GOV_ONDEMAND is not set
# CONFIG_CPU_FREQ_DEFAULT_GOV_CONSERVATIVE is not set
CONFIG_CPU_FREQ_GOV_PERFORMANCE=y
CONFIG_CPU_FREQ_GOV_POWERSAVE=m
CONFIG_CPU_FREQ_GOV_USERSPACE=y
CONFIG_CPU_FREQ_GOV_ONDEMAND=m
CONFIG_CPU_FREQ_GOV_CONSERVATIVE=m
#
# CPUFreq processor drivers
#
CONFIG_X86_ACPI_CPUFREQ=m
# CONFIG_X86_POWERNOW_K6 is not set
CONFIG_X86_POWERNOW_K7=y
CONFIG_X86_POWERNOW_K7_ACPI=y
CONFIG_X86_POWERNOW_K8=y
CONFIG_X86_POWERNOW_K8_ACPI=y
# CONFIG_X86_GX_SUSPMOD is not set
# CONFIG_X86_SPEEDSTEP_CENTRINO is not set
CONFIG_X86_SPEEDSTEP_ICH=y
CONFIG_X86_SPEEDSTEP_SMI=y
CONFIG_X86_P4_CLOCKMOD=m
# CONFIG_X86_CPUFREQ_NFORCE2 is not set
CONFIG_X86_LONGRUN=y
# CONFIG_X86_LONGHAUL is not set
CONFIG_X86_E_POWERSAVER=y
#
# shared options
#
# CONFIG_X86_ACPI_CPUFREQ_PROC_INTF is not set
CONFIG_X86_SPEEDSTEP_LIB=y
# CONFIG_X86_SPEEDSTEP_RELAXED_CAP_CHECK is not set
# CONFIG_CPU_IDLE is not set
#
# Bus options (PCI etc.)
#
CONFIG_PCI=y
# CONFIG_PCI_GOBIOS is not set
# CONFIG_PCI_GOMMCONFIG is not set
# CONFIG_PCI_GODIRECT is not set
# CONFIG_PCI_GOOLPC is not set
CONFIG_PCI_GOANY=y
CONFIG_PCI_BIOS=y
CONFIG_PCI_DIRECT=y
CONFIG_PCI_MMCONFIG=y
CONFIG_PCI_DOMAINS=y
CONFIG_PCIEPORTBUS=y
CONFIG_HOTPLUG_PCI_PCIE=m
CONFIG_PCIEAER=y
CONFIG_PCIEASPM=y
# CONFIG_PCIEASPM_DEBUG is not set
CONFIG_ARCH_SUPPORTS_MSI=y
CONFIG_PCI_MSI=y
CONFIG_PCI_LEGACY=y
# CONFIG_PCI_DEBUG is not set
# CONFIG_PCI_STUB is not set
CONFIG_HT_IRQ=y
CONFIG_ISA_DMA_API=y
CONFIG_ISA=y
# CONFIG_EISA is not set
# CONFIG_MCA is not set
# CONFIG_SCx200 is not set
# CONFIG_OLPC is not set
CONFIG_K8_NB=y
CONFIG_PCCARD=y
# CONFIG_PCMCIA_DEBUG is not set
CONFIG_PCMCIA=y
CONFIG_PCMCIA_LOAD_CIS=y
CONFIG_PCMCIA_IOCTL=y
CONFIG_CARDBUS=y
#
# PC-card bridges
#
CONFIG_YENTA=y
CONFIG_YENTA_O2=y
CONFIG_YENTA_RICOH=y
CONFIG_YENTA_TI=y
CONFIG_YENTA_ENE_TUNE=y
CONFIG_YENTA_TOSHIBA=y
CONFIG_PD6729=m
CONFIG_I82092=m
CONFIG_I82365=m
# CONFIG_TCIC is not set
CONFIG_PCMCIA_PROBE=y
CONFIG_PCCARD_NONSTATIC=y
CONFIG_HOTPLUG_PCI=y
CONFIG_HOTPLUG_PCI_FAKE=m
CONFIG_HOTPLUG_PCI_COMPAQ=m
# CONFIG_HOTPLUG_PCI_COMPAQ_NVRAM is not set
CONFIG_HOTPLUG_PCI_IBM=m
CONFIG_HOTPLUG_PCI_ACPI=m
CONFIG_HOTPLUG_PCI_ACPI_IBM=m
# CONFIG_HOTPLUG_PCI_CPCI is not set
# CONFIG_HOTPLUG_PCI_SHPC is not set
#
# Executable file formats / Emulations
#
CONFIG_BINFMT_ELF=y
# CONFIG_CORE_DUMP_DEFAULT_ELF_HEADERS is not set
CONFIG_HAVE_AOUT=y
# CONFIG_BINFMT_AOUT is not set
CONFIG_BINFMT_MISC=y
CONFIG_HAVE_ATOMIC_IOMAP=y
CONFIG_NET=y
#
# Networking options
#
# CONFIG_NET_NS is not set
CONFIG_COMPAT_NET_DEV_OPS=y
CONFIG_PACKET=y
CONFIG_PACKET_MMAP=y
CONFIG_UNIX=y
CONFIG_XFRM=y
CONFIG_XFRM_USER=y
CONFIG_XFRM_SUB_POLICY=y
CONFIG_XFRM_MIGRATE=y
# CONFIG_XFRM_STATISTICS is not set
CONFIG_XFRM_IPCOMP=m
CONFIG_NET_KEY=m
CONFIG_NET_KEY_MIGRATE=y
CONFIG_INET=y
CONFIG_IP_MULTICAST=y
CONFIG_IP_ADVANCED_ROUTER=y
CONFIG_ASK_IP_FIB_HASH=y
# CONFIG_IP_FIB_TRIE is not set
CONFIG_IP_FIB_HASH=y
CONFIG_IP_MULTIPLE_TABLES=y
CONFIG_IP_ROUTE_MULTIPATH=y
CONFIG_IP_ROUTE_VERBOSE=y
# CONFIG_IP_PNP is not set
CONFIG_NET_IPIP=m
CONFIG_NET_IPGRE=m
CONFIG_NET_IPGRE_BROADCAST=y
CONFIG_IP_MROUTE=y
CONFIG_IP_PIMSM_V1=y
CONFIG_IP_PIMSM_V2=y
# CONFIG_ARPD is not set
CONFIG_SYN_COOKIES=y
CONFIG_INET_AH=m
CONFIG_INET_ESP=m
CONFIG_INET_IPCOMP=m
CONFIG_INET_XFRM_TUNNEL=m
CONFIG_INET_TUNNEL=m
CONFIG_INET_XFRM_MODE_TRANSPORT=m
CONFIG_INET_XFRM_MODE_TUNNEL=m
CONFIG_INET_XFRM_MODE_BEET=m
CONFIG_INET_LRO=y
CONFIG_INET_DIAG=m
CONFIG_INET_TCP_DIAG=m
CONFIG_TCP_CONG_ADVANCED=y
CONFIG_TCP_CONG_BIC=m
CONFIG_TCP_CONG_CUBIC=y
CONFIG_TCP_CONG_WESTWOOD=m
CONFIG_TCP_CONG_HTCP=m
CONFIG_TCP_CONG_HSTCP=m
CONFIG_TCP_CONG_HYBLA=m
CONFIG_TCP_CONG_VEGAS=m
CONFIG_TCP_CONG_SCALABLE=m
CONFIG_TCP_CONG_LP=m
CONFIG_TCP_CONG_VENO=m
CONFIG_TCP_CONG_YEAH=m
CONFIG_TCP_CONG_ILLINOIS=m
# CONFIG_DEFAULT_BIC is not set
CONFIG_DEFAULT_CUBIC=y
# CONFIG_DEFAULT_HTCP is not set
# CONFIG_DEFAULT_VEGAS is not set
# CONFIG_DEFAULT_WESTWOOD is not set
# CONFIG_DEFAULT_RENO is not set
CONFIG_DEFAULT_TCP_CONG="cubic"
CONFIG_TCP_MD5SIG=y
CONFIG_IPV6=m
CONFIG_IPV6_PRIVACY=y
CONFIG_IPV6_ROUTER_PREF=y
CONFIG_IPV6_ROUTE_INFO=y
CONFIG_IPV6_OPTIMISTIC_DAD=y
CONFIG_INET6_AH=m
CONFIG_INET6_ESP=m
CONFIG_INET6_IPCOMP=m
CONFIG_IPV6_MIP6=m
CONFIG_INET6_XFRM_TUNNEL=m
CONFIG_INET6_TUNNEL=m
CONFIG_INET6_XFRM_MODE_TRANSPORT=m
CONFIG_INET6_XFRM_MODE_TUNNEL=m
CONFIG_INET6_XFRM_MODE_BEET=m
CONFIG_INET6_XFRM_MODE_ROUTEOPTIMIZATION=m
CONFIG_IPV6_SIT=m
CONFIG_IPV6_NDISC_NODETYPE=y
CONFIG_IPV6_TUNNEL=m
CONFIG_IPV6_MULTIPLE_TABLES=y
CONFIG_IPV6_SUBTREES=y
# CONFIG_IPV6_MROUTE is not set
CONFIG_NETLABEL=y
CONFIG_NETWORK_SECMARK=y
CONFIG_NETFILTER=y
# CONFIG_NETFILTER_DEBUG is not set
CONFIG_NETFILTER_ADVANCED=y
CONFIG_BRIDGE_NETFILTER=y
#
# Core Netfilter Configuration
#
CONFIG_NETFILTER_NETLINK=m
CONFIG_NETFILTER_NETLINK_QUEUE=m
CONFIG_NETFILTER_NETLINK_LOG=m
CONFIG_NF_CONNTRACK=m
CONFIG_NF_CT_ACCT=y
CONFIG_NF_CONNTRACK_MARK=y
CONFIG_NF_CONNTRACK_SECMARK=y
CONFIG_NF_CONNTRACK_EVENTS=y
CONFIG_NF_CT_PROTO_DCCP=m
CONFIG_NF_CT_PROTO_GRE=m
CONFIG_NF_CT_PROTO_SCTP=m
CONFIG_NF_CT_PROTO_UDPLITE=m
CONFIG_NF_CONNTRACK_AMANDA=m
CONFIG_NF_CONNTRACK_FTP=m
CONFIG_NF_CONNTRACK_H323=m
CONFIG_NF_CONNTRACK_IRC=m
CONFIG_NF_CONNTRACK_NETBIOS_NS=m
CONFIG_NF_CONNTRACK_PPTP=m
CONFIG_NF_CONNTRACK_SANE=m
CONFIG_NF_CONNTRACK_SIP=m
CONFIG_NF_CONNTRACK_TFTP=m
CONFIG_NF_CT_NETLINK=m
CONFIG_NETFILTER_TPROXY=m
CONFIG_NETFILTER_XTABLES=m
CONFIG_NETFILTER_XT_TARGET_CLASSIFY=m
CONFIG_NETFILTER_XT_TARGET_CONNMARK=m
CONFIG_NETFILTER_XT_TARGET_CONNSECMARK=m
CONFIG_NETFILTER_XT_TARGET_DSCP=m
CONFIG_NETFILTER_XT_TARGET_MARK=m
CONFIG_NETFILTER_XT_TARGET_NFLOG=m
CONFIG_NETFILTER_XT_TARGET_NFQUEUE=m
CONFIG_NETFILTER_XT_TARGET_NOTRACK=m
# CONFIG_NETFILTER_XT_TARGET_RATEEST is not set
CONFIG_NETFILTER_XT_TARGET_TPROXY=m
CONFIG_NETFILTER_XT_TARGET_TRACE=m
CONFIG_NETFILTER_XT_TARGET_SECMARK=m
CONFIG_NETFILTER_XT_TARGET_TCPMSS=m
# CONFIG_NETFILTER_XT_TARGET_TCPOPTSTRIP is not set
CONFIG_NETFILTER_XT_MATCH_COMMENT=m
CONFIG_NETFILTER_XT_MATCH_CONNBYTES=m
CONFIG_NETFILTER_XT_MATCH_CONNLIMIT=m
CONFIG_NETFILTER_XT_MATCH_CONNMARK=m
CONFIG_NETFILTER_XT_MATCH_CONNTRACK=m
CONFIG_NETFILTER_XT_MATCH_DCCP=m
CONFIG_NETFILTER_XT_MATCH_DSCP=m
CONFIG_NETFILTER_XT_MATCH_ESP=m
CONFIG_NETFILTER_XT_MATCH_HASHLIMIT=m
CONFIG_NETFILTER_XT_MATCH_HELPER=m
# CONFIG_NETFILTER_XT_MATCH_IPRANGE is not set
CONFIG_NETFILTER_XT_MATCH_LENGTH=m
CONFIG_NETFILTER_XT_MATCH_LIMIT=m
CONFIG_NETFILTER_XT_MATCH_MAC=m
CONFIG_NETFILTER_XT_MATCH_MARK=m
CONFIG_NETFILTER_XT_MATCH_MULTIPORT=m
# CONFIG_NETFILTER_XT_MATCH_OWNER is not set
CONFIG_NETFILTER_XT_MATCH_POLICY=m
CONFIG_NETFILTER_XT_MATCH_PHYSDEV=m
CONFIG_NETFILTER_XT_MATCH_PKTTYPE=m
CONFIG_NETFILTER_XT_MATCH_QUOTA=m
# CONFIG_NETFILTER_XT_MATCH_RATEEST is not set
CONFIG_NETFILTER_XT_MATCH_REALM=m
CONFIG_NETFILTER_XT_MATCH_RECENT=m
# CONFIG_NETFILTER_XT_MATCH_RECENT_PROC_COMPAT is not set
CONFIG_NETFILTER_XT_MATCH_SCTP=m
# CONFIG_NETFILTER_XT_MATCH_SOCKET is not set
CONFIG_NETFILTER_XT_MATCH_STATE=m
CONFIG_NETFILTER_XT_MATCH_STATISTIC=m
CONFIG_NETFILTER_XT_MATCH_STRING=m
CONFIG_NETFILTER_XT_MATCH_TCPMSS=m
CONFIG_NETFILTER_XT_MATCH_TIME=m
CONFIG_NETFILTER_XT_MATCH_U32=m
CONFIG_IP_VS=m
# CONFIG_IP_VS_IPV6 is not set
# CONFIG_IP_VS_DEBUG is not set
CONFIG_IP_VS_TAB_BITS=12
#
# IPVS transport protocol load balancing support
#
CONFIG_IP_VS_PROTO_TCP=y
CONFIG_IP_VS_PROTO_UDP=y
CONFIG_IP_VS_PROTO_AH_ESP=y
CONFIG_IP_VS_PROTO_ESP=y
CONFIG_IP_VS_PROTO_AH=y
#
# IPVS scheduler
#
CONFIG_IP_VS_RR=m
CONFIG_IP_VS_WRR=m
CONFIG_IP_VS_LC=m
CONFIG_IP_VS_WLC=m
CONFIG_IP_VS_LBLC=m
CONFIG_IP_VS_LBLCR=m
CONFIG_IP_VS_DH=m
CONFIG_IP_VS_SH=m
CONFIG_IP_VS_SED=m
CONFIG_IP_VS_NQ=m
#
# IPVS application helper
#
CONFIG_IP_VS_FTP=m
#
# IP: Netfilter Configuration
#
CONFIG_NF_DEFRAG_IPV4=m
CONFIG_NF_CONNTRACK_IPV4=m
# CONFIG_NF_CONNTRACK_PROC_COMPAT is not set
CONFIG_IP_NF_QUEUE=m
CONFIG_IP_NF_IPTABLES=m
CONFIG_IP_NF_MATCH_ADDRTYPE=m
CONFIG_IP_NF_MATCH_AH=m
CONFIG_IP_NF_MATCH_ECN=m
CONFIG_IP_NF_MATCH_TTL=m
CONFIG_IP_NF_FILTER=m
CONFIG_IP_NF_TARGET_REJECT=m
CONFIG_IP_NF_TARGET_LOG=m
CONFIG_IP_NF_TARGET_ULOG=m
CONFIG_NF_NAT=m
CONFIG_NF_NAT_NEEDED=y
CONFIG_IP_NF_TARGET_MASQUERADE=m
CONFIG_IP_NF_TARGET_NETMAP=m
CONFIG_IP_NF_TARGET_REDIRECT=m
CONFIG_NF_NAT_SNMP_BASIC=m
CONFIG_NF_NAT_PROTO_DCCP=m
CONFIG_NF_NAT_PROTO_GRE=m
CONFIG_NF_NAT_PROTO_UDPLITE=m
CONFIG_NF_NAT_PROTO_SCTP=m
CONFIG_NF_NAT_FTP=m
CONFIG_NF_NAT_IRC=m
CONFIG_NF_NAT_TFTP=m
CONFIG_NF_NAT_AMANDA=m
CONFIG_NF_NAT_PPTP=m
CONFIG_NF_NAT_H323=m
CONFIG_NF_NAT_SIP=m
CONFIG_IP_NF_MANGLE=m
CONFIG_IP_NF_TARGET_CLUSTERIP=m
CONFIG_IP_NF_TARGET_ECN=m
CONFIG_IP_NF_TARGET_TTL=m
CONFIG_IP_NF_RAW=m
# CONFIG_IP_NF_SECURITY is not set
CONFIG_IP_NF_ARPTABLES=m
CONFIG_IP_NF_ARPFILTER=m
CONFIG_IP_NF_ARP_MANGLE=m
#
# IPv6: Netfilter Configuration
#
CONFIG_NF_CONNTRACK_IPV6=m
CONFIG_IP6_NF_QUEUE=m
CONFIG_IP6_NF_IPTABLES=m
CONFIG_IP6_NF_MATCH_AH=m
CONFIG_IP6_NF_MATCH_EUI64=m
CONFIG_IP6_NF_MATCH_FRAG=m
CONFIG_IP6_NF_MATCH_OPTS=m
CONFIG_IP6_NF_MATCH_HL=m
CONFIG_IP6_NF_MATCH_IPV6HEADER=m
CONFIG_IP6_NF_MATCH_MH=m
CONFIG_IP6_NF_MATCH_RT=m
CONFIG_IP6_NF_TARGET_LOG=m
CONFIG_IP6_NF_FILTER=m
CONFIG_IP6_NF_TARGET_REJECT=m
CONFIG_IP6_NF_MANGLE=m
CONFIG_IP6_NF_TARGET_HL=m
CONFIG_IP6_NF_RAW=m
# CONFIG_IP6_NF_SECURITY is not set
#
# DECnet: Netfilter Configuration
#
# CONFIG_DECNET_NF_GRABULATOR is not set
CONFIG_BRIDGE_NF_EBTABLES=m
CONFIG_BRIDGE_EBT_BROUTE=m
CONFIG_BRIDGE_EBT_T_FILTER=m
CONFIG_BRIDGE_EBT_T_NAT=m
CONFIG_BRIDGE_EBT_802_3=m
CONFIG_BRIDGE_EBT_AMONG=m
CONFIG_BRIDGE_EBT_ARP=m
CONFIG_BRIDGE_EBT_IP=m
# CONFIG_BRIDGE_EBT_IP6 is not set
CONFIG_BRIDGE_EBT_LIMIT=m
CONFIG_BRIDGE_EBT_MARK=m
CONFIG_BRIDGE_EBT_PKTTYPE=m
CONFIG_BRIDGE_EBT_STP=m
CONFIG_BRIDGE_EBT_VLAN=m
CONFIG_BRIDGE_EBT_ARPREPLY=m
CONFIG_BRIDGE_EBT_DNAT=m
CONFIG_BRIDGE_EBT_MARK_T=m
CONFIG_BRIDGE_EBT_REDIRECT=m
CONFIG_BRIDGE_EBT_SNAT=m
CONFIG_BRIDGE_EBT_LOG=m
CONFIG_BRIDGE_EBT_ULOG=m
# CONFIG_BRIDGE_EBT_NFLOG is not set
CONFIG_IP_DCCP=m
CONFIG_INET_DCCP_DIAG=m
#
# DCCP CCIDs Configuration (EXPERIMENTAL)
#
# CONFIG_IP_DCCP_CCID2_DEBUG is not set
CONFIG_IP_DCCP_CCID3=y
# CONFIG_IP_DCCP_CCID3_DEBUG is not set
CONFIG_IP_DCCP_CCID3_RTO=100
CONFIG_IP_DCCP_TFRC_LIB=y
#
# DCCP Kernel Hacking
#
# CONFIG_IP_DCCP_DEBUG is not set
CONFIG_NET_DCCPPROBE=m
CONFIG_IP_SCTP=m
# CONFIG_SCTP_DBG_MSG is not set
# CONFIG_SCTP_DBG_OBJCNT is not set
# CONFIG_SCTP_HMAC_NONE is not set
# CONFIG_SCTP_HMAC_SHA1 is not set
CONFIG_SCTP_HMAC_MD5=y
CONFIG_TIPC=m
# CONFIG_TIPC_ADVANCED is not set
# CONFIG_TIPC_DEBUG is not set
CONFIG_ATM=m
CONFIG_ATM_CLIP=m
# CONFIG_ATM_CLIP_NO_ICMP is not set
CONFIG_ATM_LANE=m
# CONFIG_ATM_MPOA is not set
CONFIG_ATM_BR2684=m
# CONFIG_ATM_BR2684_IPFILTER is not set
CONFIG_STP=m
CONFIG_BRIDGE=m
# CONFIG_NET_DSA is not set
CONFIG_VLAN_8021Q=m
# CONFIG_VLAN_8021Q_GVRP is not set
CONFIG_DECNET=m
CONFIG_DECNET_ROUTER=y
CONFIG_LLC=m
# CONFIG_LLC2 is not set
CONFIG_IPX=m
# CONFIG_IPX_INTERN is not set
CONFIG_ATALK=m
CONFIG_DEV_APPLETALK=m
# CONFIG_LTPC is not set
# CONFIG_COPS is not set
CONFIG_IPDDP=m
CONFIG_IPDDP_ENCAP=y
CONFIG_IPDDP_DECAP=y
# CONFIG_X25 is not set
# CONFIG_LAPB is not set
# CONFIG_ECONET is not set
CONFIG_WAN_ROUTER=m
CONFIG_NET_SCHED=y
#
# Queueing/Scheduling
#
CONFIG_NET_SCH_CBQ=m
CONFIG_NET_SCH_HTB=m
CONFIG_NET_SCH_HFSC=m
CONFIG_NET_SCH_ATM=m
CONFIG_NET_SCH_PRIO=m
# CONFIG_NET_SCH_MULTIQ is not set
CONFIG_NET_SCH_RED=m
CONFIG_NET_SCH_SFQ=m
CONFIG_NET_SCH_TEQL=m
CONFIG_NET_SCH_TBF=m
CONFIG_NET_SCH_GRED=m
CONFIG_NET_SCH_DSMARK=m
CONFIG_NET_SCH_NETEM=m
# CONFIG_NET_SCH_DRR is not set
CONFIG_NET_SCH_INGRESS=m
#
# Classification
#
CONFIG_NET_CLS=y
CONFIG_NET_CLS_BASIC=m
CONFIG_NET_CLS_TCINDEX=m
CONFIG_NET_CLS_ROUTE4=m
CONFIG_NET_CLS_ROUTE=y
CONFIG_NET_CLS_FW=m
CONFIG_NET_CLS_U32=m
CONFIG_CLS_U32_PERF=y
CONFIG_CLS_U32_MARK=y
CONFIG_NET_CLS_RSVP=m
CONFIG_NET_CLS_RSVP6=m
# CONFIG_NET_CLS_FLOW is not set
CONFIG_NET_EMATCH=y
CONFIG_NET_EMATCH_STACK=32
CONFIG_NET_EMATCH_CMP=m
CONFIG_NET_EMATCH_NBYTE=m
CONFIG_NET_EMATCH_U32=m
CONFIG_NET_EMATCH_META=m
CONFIG_NET_EMATCH_TEXT=m
CONFIG_NET_CLS_ACT=y
CONFIG_NET_ACT_POLICE=y
CONFIG_NET_ACT_GACT=m
CONFIG_GACT_PROB=y
CONFIG_NET_ACT_MIRRED=m
CONFIG_NET_ACT_IPT=m
CONFIG_NET_ACT_NAT=m
CONFIG_NET_ACT_PEDIT=m
CONFIG_NET_ACT_SIMP=m
# CONFIG_NET_ACT_SKBEDIT is not set
CONFIG_NET_CLS_IND=y
CONFIG_NET_SCH_FIFO=y
# CONFIG_DCB is not set
#
# Network testing
#
CONFIG_NET_PKTGEN=m
# CONFIG_NET_TCPPROBE is not set
CONFIG_HAMRADIO=y
#
# Packet Radio protocols
#
CONFIG_AX25=m
CONFIG_AX25_DAMA_SLAVE=y
CONFIG_NETROM=m
CONFIG_ROSE=m
#
# AX.25 network device drivers
#
CONFIG_MKISS=m
CONFIG_6PACK=m
CONFIG_BPQETHER=m
CONFIG_SCC=m
# CONFIG_SCC_DELAY is not set
CONFIG_SCC_TRXECHO=y
CONFIG_BAYCOM_SER_FDX=m
CONFIG_BAYCOM_SER_HDX=m
CONFIG_YAM=m
# CONFIG_CAN is not set
CONFIG_IRDA=m
#
# IrDA protocols
#
CONFIG_IRLAN=m
CONFIG_IRCOMM=m
# CONFIG_IRDA_ULTRA is not set
#
# IrDA options
#
CONFIG_IRDA_CACHE_LAST_LSAP=y
CONFIG_IRDA_FAST_RR=y
# CONFIG_IRDA_DEBUG is not set
#
# Infrared-port device drivers
#
#
# SIR device drivers
#
CONFIG_IRTTY_SIR=m
#
# Dongle support
#
CONFIG_DONGLE=y
CONFIG_ESI_DONGLE=m
CONFIG_ACTISYS_DONGLE=m
CONFIG_TEKRAM_DONGLE=m
CONFIG_TOIM3232_DONGLE=m
CONFIG_LITELINK_DONGLE=m
CONFIG_MA600_DONGLE=m
CONFIG_GIRBIL_DONGLE=m
CONFIG_MCP2120_DONGLE=m
CONFIG_OLD_BELKIN_DONGLE=m
CONFIG_ACT200L_DONGLE=m
CONFIG_KINGSUN_DONGLE=m
# CONFIG_KSDAZZLE_DONGLE is not set
# CONFIG_KS959_DONGLE is not set
#
# FIR device drivers
#
CONFIG_USB_IRDA=m
CONFIG_SIGMATEL_FIR=m
CONFIG_NSC_FIR=m
CONFIG_WINBOND_FIR=m
CONFIG_TOSHIBA_FIR=m
CONFIG_SMC_IRCC_FIR=m
CONFIG_ALI_FIR=m
CONFIG_VLSI_FIR=m
CONFIG_VIA_FIR=m
CONFIG_MCS_FIR=m
CONFIG_BT=m
CONFIG_BT_L2CAP=m
CONFIG_BT_SCO=m
CONFIG_BT_RFCOMM=m
CONFIG_BT_RFCOMM_TTY=y
CONFIG_BT_BNEP=m
CONFIG_BT_BNEP_MC_FILTER=y
CONFIG_BT_BNEP_PROTO_FILTER=y
CONFIG_BT_HIDP=m
#
# Bluetooth device drivers
#
# CONFIG_BT_HCIBTUSB is not set
CONFIG_BT_HCIUART=m
CONFIG_BT_HCIUART_H4=y
CONFIG_BT_HCIUART_BCSP=y
# CONFIG_BT_HCIUART_LL is not set
CONFIG_BT_HCIBCM203X=m
CONFIG_BT_HCIBPA10X=m
CONFIG_BT_HCIBFUSB=m
CONFIG_BT_HCIDTL1=m
CONFIG_BT_HCIBT3C=m
CONFIG_BT_HCIBLUECARD=m
CONFIG_BT_HCIBTUART=m
CONFIG_BT_HCIVHCI=m
# CONFIG_AF_RXRPC is not set
# CONFIG_PHONET is not set
CONFIG_FIB_RULES=y
CONFIG_WIRELESS=y
CONFIG_CFG80211=m
# CONFIG_CFG80211_REG_DEBUG is not set
# CONFIG_NL80211 is not set
CONFIG_WIRELESS_OLD_REGULATORY=y
CONFIG_WIRELESS_EXT=y
CONFIG_WIRELESS_EXT_SYSFS=y
CONFIG_LIB80211=m
CONFIG_LIB80211_CRYPT_WEP=m
CONFIG_LIB80211_CRYPT_CCMP=m
CONFIG_LIB80211_CRYPT_TKIP=m
CONFIG_MAC80211=m
#
# Rate control algorithm selection
#
CONFIG_MAC80211_RC_MINSTREL=y
# CONFIG_MAC80211_RC_DEFAULT_PID is not set
CONFIG_MAC80211_RC_DEFAULT_MINSTREL=y
CONFIG_MAC80211_RC_DEFAULT="minstrel"
# CONFIG_MAC80211_MESH is not set
CONFIG_MAC80211_LEDS=y
# CONFIG_MAC80211_DEBUGFS is not set
# CONFIG_MAC80211_DEBUG_MENU is not set
# CONFIG_WIMAX is not set
CONFIG_RFKILL=m
CONFIG_RFKILL_INPUT=m
CONFIG_RFKILL_LEDS=y
CONFIG_NET_9P=m
# CONFIG_NET_9P_DEBUG is not set
#
# Device Drivers
#
#
# Generic Driver Options
#
CONFIG_UEVENT_HELPER_PATH="/sbin/hotplug"
CONFIG_STANDALONE=y
CONFIG_PREVENT_FIRMWARE_BUILD=y
CONFIG_FW_LOADER=y
CONFIG_FIRMWARE_IN_KERNEL=y
CONFIG_EXTRA_FIRMWARE=""
# CONFIG_DEBUG_DRIVER is not set
CONFIG_DEBUG_DEVRES=y
# CONFIG_SYS_HYPERVISOR is not set
CONFIG_CONNECTOR=y
CONFIG_PROC_EVENTS=y
CONFIG_MTD=m
# CONFIG_MTD_DEBUG is not set
CONFIG_MTD_CONCAT=m
CONFIG_MTD_PARTITIONS=y
# CONFIG_MTD_TESTS is not set
CONFIG_MTD_REDBOOT_PARTS=m
CONFIG_MTD_REDBOOT_DIRECTORY_BLOCK=-1
# CONFIG_MTD_REDBOOT_PARTS_UNALLOCATED is not set
# CONFIG_MTD_REDBOOT_PARTS_READONLY is not set
# CONFIG_MTD_AR7_PARTS is not set
#
# User Modules And Translation Layers
#
CONFIG_MTD_CHAR=m
CONFIG_MTD_BLKDEVS=m
CONFIG_MTD_BLOCK=m
CONFIG_MTD_BLOCK_RO=m
CONFIG_FTL=m
CONFIG_NFTL=m
CONFIG_NFTL_RW=y
CONFIG_INFTL=m
CONFIG_RFD_FTL=m
CONFIG_SSFDC=m
# CONFIG_MTD_OOPS is not set
#
# RAM/ROM/Flash chip drivers
#
CONFIG_MTD_CFI=m
CONFIG_MTD_JEDECPROBE=m
CONFIG_MTD_GEN_PROBE=m
# CONFIG_MTD_CFI_ADV_OPTIONS is not set
CONFIG_MTD_MAP_BANK_WIDTH_1=y
CONFIG_MTD_MAP_BANK_WIDTH_2=y
CONFIG_MTD_MAP_BANK_WIDTH_4=y
# CONFIG_MTD_MAP_BANK_WIDTH_8 is not set
# CONFIG_MTD_MAP_BANK_WIDTH_16 is not set
# CONFIG_MTD_MAP_BANK_WIDTH_32 is not set
CONFIG_MTD_CFI_I1=y
CONFIG_MTD_CFI_I2=y
# CONFIG_MTD_CFI_I4 is not set
# CONFIG_MTD_CFI_I8 is not set
CONFIG_MTD_CFI_INTELEXT=m
CONFIG_MTD_CFI_AMDSTD=m
CONFIG_MTD_CFI_STAA=m
CONFIG_MTD_CFI_UTIL=m
CONFIG_MTD_RAM=m
CONFIG_MTD_ROM=m
CONFIG_MTD_ABSENT=m
#
# Mapping drivers for chip access
#
CONFIG_MTD_COMPLEX_MAPPINGS=y
# CONFIG_MTD_PHYSMAP is not set
CONFIG_MTD_SC520CDP=m
CONFIG_MTD_NETSC520=m
CONFIG_MTD_TS5500=m
# CONFIG_MTD_SBC_GXX is not set
# CONFIG_MTD_AMD76XROM is not set
# CONFIG_MTD_ICHXROM is not set
CONFIG_MTD_ESB2ROM=m
CONFIG_MTD_CK804XROM=m
CONFIG_MTD_SCB2_FLASH=m
# CONFIG_MTD_NETtel is not set
# CONFIG_MTD_DILNETPC is not set
# CONFIG_MTD_L440GX is not set
CONFIG_MTD_PCI=m
# CONFIG_MTD_INTEL_VR_NOR is not set
# CONFIG_MTD_PLATRAM is not set
#
# Self-contained MTD device drivers
#
CONFIG_MTD_PMC551=m
# CONFIG_MTD_PMC551_BUGFIX is not set
# CONFIG_MTD_PMC551_DEBUG is not set
# CONFIG_MTD_SLRAM is not set
# CONFIG_MTD_PHRAM is not set
CONFIG_MTD_MTDRAM=m
CONFIG_MTDRAM_TOTAL_SIZE=4096
CONFIG_MTDRAM_ERASE_SIZE=128
CONFIG_MTD_BLOCK2MTD=m
#
# Disk-On-Chip Device Drivers
#
# CONFIG_MTD_DOC2000 is not set
# CONFIG_MTD_DOC2001 is not set
# CONFIG_MTD_DOC2001PLUS is not set
CONFIG_MTD_NAND=m
# CONFIG_MTD_NAND_VERIFY_WRITE is not set
CONFIG_MTD_NAND_ECC_SMC=y
# CONFIG_MTD_NAND_MUSEUM_IDS is not set
CONFIG_MTD_NAND_IDS=m
CONFIG_MTD_NAND_DISKONCHIP=m
# CONFIG_MTD_NAND_DISKONCHIP_PROBE_ADVANCED is not set
CONFIG_MTD_NAND_DISKONCHIP_PROBE_ADDRESS=0
# CONFIG_MTD_NAND_DISKONCHIP_BBTWRITE is not set
CONFIG_MTD_NAND_CAFE=m
CONFIG_MTD_NAND_CS553X=m
CONFIG_MTD_NAND_NANDSIM=m
# CONFIG_MTD_NAND_PLATFORM is not set
# CONFIG_MTD_ALAUDA is not set
# CONFIG_MTD_ONENAND is not set
#
# LPDDR flash memory drivers
#
# CONFIG_MTD_LPDDR is not set
# CONFIG_MTD_QINFO_PROBE is not set
#
# UBI - Unsorted block images
#
CONFIG_MTD_UBI=m
CONFIG_MTD_UBI_WL_THRESHOLD=4096
CONFIG_MTD_UBI_BEB_RESERVE=1
# CONFIG_MTD_UBI_GLUEBI is not set
#
# UBI debugging options
#
# CONFIG_MTD_UBI_DEBUG is not set
# CONFIG_PARPORT is not set
CONFIG_PNP=y
CONFIG_PNP_DEBUG_MESSAGES=y
#
# Protocols
#
CONFIG_ISAPNP=y
# CONFIG_PNPBIOS is not set
CONFIG_PNPACPI=y
CONFIG_BLK_DEV=y
CONFIG_BLK_DEV_FD=m
# CONFIG_BLK_DEV_XD is not set
# CONFIG_BLK_CPQ_DA is not set
# CONFIG_BLK_CPQ_CISS_DA is not set
# CONFIG_BLK_DEV_DAC960 is not set
# CONFIG_BLK_DEV_UMEM is not set
# CONFIG_BLK_DEV_COW_COMMON is not set
CONFIG_BLK_DEV_LOOP=m
CONFIG_BLK_DEV_CRYPTOLOOP=m
CONFIG_BLK_DEV_NBD=m
# CONFIG_BLK_DEV_SX8 is not set
# CONFIG_BLK_DEV_UB is not set
CONFIG_BLK_DEV_RAM=y
CONFIG_BLK_DEV_RAM_COUNT=16
CONFIG_BLK_DEV_RAM_SIZE=16384
# CONFIG_BLK_DEV_XIP is not set
CONFIG_CDROM_PKTCDVD=m
CONFIG_CDROM_PKTCDVD_BUFFERS=8
# CONFIG_CDROM_PKTCDVD_WCACHE is not set
# CONFIG_ATA_OVER_ETH is not set
# CONFIG_BLK_DEV_HD is not set
CONFIG_MISC_DEVICES=y
# CONFIG_IBM_ASM is not set
# CONFIG_PHANTOM is not set
CONFIG_EEPROM_93CX6=m
# CONFIG_SGI_IOC4 is not set
CONFIG_TIFM_CORE=m
# CONFIG_TIFM_7XX1 is not set
# CONFIG_ICS932S401 is not set
# CONFIG_ENCLOSURE_SERVICES is not set
# CONFIG_HP_ILO is not set
# CONFIG_DELL_LAPTOP is not set
# CONFIG_C2PORT is not set
CONFIG_HAVE_IDE=y
# CONFIG_IDE is not set
#
# SCSI device support
#
CONFIG_RAID_ATTRS=m
CONFIG_SCSI=y
CONFIG_SCSI_DMA=y
CONFIG_SCSI_TGT=m
CONFIG_SCSI_NETLINK=y
CONFIG_SCSI_PROC_FS=y
#
# SCSI support type (disk, tape, CD-ROM)
#
CONFIG_BLK_DEV_SD=m
CONFIG_CHR_DEV_ST=m
CONFIG_CHR_DEV_OSST=m
CONFIG_BLK_DEV_SR=m
CONFIG_BLK_DEV_SR_VENDOR=y
CONFIG_CHR_DEV_SG=m
CONFIG_CHR_DEV_SCH=m
#
# Some SCSI devices (e.g. CD jukebox) support multiple LUNs
#
CONFIG_SCSI_MULTI_LUN=y
CONFIG_SCSI_CONSTANTS=y
CONFIG_SCSI_LOGGING=y
CONFIG_SCSI_SCAN_ASYNC=y
CONFIG_SCSI_WAIT_SCAN=m
#
# SCSI Transports
#
CONFIG_SCSI_SPI_ATTRS=m
CONFIG_SCSI_FC_ATTRS=m
# CONFIG_SCSI_FC_TGT_ATTRS is not set
CONFIG_SCSI_ISCSI_ATTRS=m
CONFIG_SCSI_SAS_ATTRS=m
CONFIG_SCSI_SAS_LIBSAS=m
CONFIG_SCSI_SAS_ATA=y
# CONFIG_SCSI_SAS_HOST_SMP is not set
# CONFIG_SCSI_SAS_LIBSAS_DEBUG is not set
CONFIG_SCSI_SRP_ATTRS=m
# CONFIG_SCSI_SRP_TGT_ATTRS is not set
CONFIG_SCSI_LOWLEVEL=y
CONFIG_ISCSI_TCP=m
# CONFIG_SCSI_CXGB3_ISCSI is not set
CONFIG_BLK_DEV_3W_XXXX_RAID=m
CONFIG_SCSI_3W_9XXX=m
# CONFIG_SCSI_7000FASST is not set
CONFIG_SCSI_ACARD=m
CONFIG_SCSI_AHA152X=m
CONFIG_SCSI_AHA1542=m
CONFIG_SCSI_AACRAID=m
CONFIG_SCSI_AIC7XXX=m
CONFIG_AIC7XXX_CMDS_PER_DEVICE=4
CONFIG_AIC7XXX_RESET_DELAY_MS=15000
# CONFIG_AIC7XXX_DEBUG_ENABLE is not set
CONFIG_AIC7XXX_DEBUG_MASK=0
# CONFIG_AIC7XXX_REG_PRETTY_PRINT is not set
CONFIG_SCSI_AIC7XXX_OLD=m
CONFIG_SCSI_AIC79XX=m
CONFIG_AIC79XX_CMDS_PER_DEVICE=4
CONFIG_AIC79XX_RESET_DELAY_MS=15000
# CONFIG_AIC79XX_DEBUG_ENABLE is not set
CONFIG_AIC79XX_DEBUG_MASK=0
# CONFIG_AIC79XX_REG_PRETTY_PRINT is not set
CONFIG_SCSI_AIC94XX=m
# CONFIG_AIC94XX_DEBUG is not set
# CONFIG_SCSI_DPT_I2O is not set
CONFIG_SCSI_ADVANSYS=m
# CONFIG_SCSI_IN2000 is not set
CONFIG_SCSI_ARCMSR=m
# CONFIG_SCSI_ARCMSR_AER is not set
CONFIG_MEGARAID_NEWGEN=y
CONFIG_MEGARAID_MM=m
CONFIG_MEGARAID_MAILBOX=m
CONFIG_MEGARAID_LEGACY=m
CONFIG_MEGARAID_SAS=m
CONFIG_SCSI_HPTIOP=m
CONFIG_SCSI_BUSLOGIC=m
# CONFIG_SCSI_FLASHPOINT is not set
# CONFIG_LIBFC is not set
# CONFIG_FCOE is not set
# CONFIG_SCSI_DMX3191D is not set
# CONFIG_SCSI_DTC3280 is not set
# CONFIG_SCSI_EATA is not set
CONFIG_SCSI_FUTURE_DOMAIN=m
CONFIG_SCSI_GDTH=m
# CONFIG_SCSI_GENERIC_NCR5380 is not set
# CONFIG_SCSI_GENERIC_NCR5380_MMIO is not set
CONFIG_SCSI_IPS=m
CONFIG_SCSI_INITIO=m
CONFIG_SCSI_INIA100=m
# CONFIG_SCSI_MVSAS is not set
# CONFIG_SCSI_NCR53C406A is not set
CONFIG_SCSI_STEX=m
CONFIG_SCSI_SYM53C8XX_2=m
CONFIG_SCSI_SYM53C8XX_DMA_ADDRESSING_MODE=1
CONFIG_SCSI_SYM53C8XX_DEFAULT_TAGS=16
CONFIG_SCSI_SYM53C8XX_MAX_TAGS=64
CONFIG_SCSI_SYM53C8XX_MMIO=y
# CONFIG_SCSI_IPR is not set
# CONFIG_SCSI_PAS16 is not set
# CONFIG_SCSI_QLOGIC_FAS is not set
CONFIG_SCSI_QLOGIC_1280=m
CONFIG_SCSI_QLA_FC=m
CONFIG_SCSI_QLA_ISCSI=m
CONFIG_SCSI_LPFC=m
# CONFIG_SCSI_LPFC_DEBUG_FS is not set
# CONFIG_SCSI_SYM53C416 is not set
CONFIG_SCSI_DC395x=m
CONFIG_SCSI_DC390T=m
# CONFIG_SCSI_T128 is not set
# CONFIG_SCSI_U14_34F is not set
# CONFIG_SCSI_ULTRASTOR is not set
# CONFIG_SCSI_NSP32 is not set
# CONFIG_SCSI_DEBUG is not set
CONFIG_SCSI_SRP=m
CONFIG_SCSI_LOWLEVEL_PCMCIA=y
CONFIG_PCMCIA_AHA152X=m
CONFIG_PCMCIA_FDOMAIN=m
CONFIG_PCMCIA_NINJA_SCSI=m
CONFIG_PCMCIA_QLOGIC=m
CONFIG_PCMCIA_SYM53C500=m
# CONFIG_SCSI_DH is not set
CONFIG_ATA=y
# CONFIG_ATA_NONSTANDARD is not set
CONFIG_ATA_ACPI=y
CONFIG_SATA_PMP=y
CONFIG_SATA_AHCI=y
# CONFIG_SATA_SIL24 is not set
CONFIG_ATA_SFF=y
# CONFIG_SATA_SVW is not set
CONFIG_ATA_PIIX=m
# CONFIG_SATA_MV is not set
# CONFIG_SATA_NV is not set
# CONFIG_PDC_ADMA is not set
# CONFIG_SATA_QSTOR is not set
# CONFIG_SATA_PROMISE is not set
# CONFIG_SATA_SX4 is not set
# CONFIG_SATA_SIL is not set
# CONFIG_SATA_SIS is not set
# CONFIG_SATA_ULI is not set
# CONFIG_SATA_VIA is not set
# CONFIG_SATA_VITESSE is not set
# CONFIG_SATA_INIC162X is not set
# CONFIG_PATA_ACPI is not set
# CONFIG_PATA_ALI is not set
# CONFIG_PATA_AMD is not set
# CONFIG_PATA_ARTOP is not set
# CONFIG_PATA_ATIIXP is not set
# CONFIG_PATA_CMD640_PCI is not set
# CONFIG_PATA_CMD64X is not set
# CONFIG_PATA_CS5520 is not set
# CONFIG_PATA_CS5530 is not set
# CONFIG_PATA_CS5535 is not set
# CONFIG_PATA_CS5536 is not set
# CONFIG_PATA_CYPRESS is not set
# CONFIG_PATA_EFAR is not set
# CONFIG_ATA_GENERIC is not set
# CONFIG_PATA_HPT366 is not set
# CONFIG_PATA_HPT37X is not set
# CONFIG_PATA_HPT3X2N is not set
# CONFIG_PATA_HPT3X3 is not set
# CONFIG_PATA_ISAPNP is not set
# CONFIG_PATA_IT821X is not set
# CONFIG_PATA_IT8213 is not set
# CONFIG_PATA_JMICRON is not set
# CONFIG_PATA_LEGACY is not set
# CONFIG_PATA_TRIFLEX is not set
# CONFIG_PATA_MARVELL is not set
# CONFIG_PATA_MPIIX is not set
# CONFIG_PATA_OLDPIIX is not set
# CONFIG_PATA_NETCELL is not set
# CONFIG_PATA_NINJA32 is not set
# CONFIG_PATA_NS87410 is not set
# CONFIG_PATA_NS87415 is not set
# CONFIG_PATA_OPTI is not set
# CONFIG_PATA_OPTIDMA is not set
# CONFIG_PATA_PCMCIA is not set
# CONFIG_PATA_PDC_OLD is not set
# CONFIG_PATA_QDI is not set
# CONFIG_PATA_RADISYS is not set
# CONFIG_PATA_RZ1000 is not set
# CONFIG_PATA_SC1200 is not set
# CONFIG_PATA_SERVERWORKS is not set
# CONFIG_PATA_PDC2027X is not set
# CONFIG_PATA_SIL680 is not set
# CONFIG_PATA_SIS is not set
# CONFIG_PATA_VIA is not set
# CONFIG_PATA_WINBOND is not set
# CONFIG_PATA_WINBOND_VLB is not set
# CONFIG_PATA_SCH is not set
CONFIG_MD=y
CONFIG_BLK_DEV_MD=y
CONFIG_MD_AUTODETECT=y
CONFIG_MD_LINEAR=m
CONFIG_MD_RAID0=m
CONFIG_MD_RAID1=m
CONFIG_MD_RAID10=m
CONFIG_MD_RAID456=m
CONFIG_MD_RAID5_RESHAPE=y
CONFIG_MD_MULTIPATH=m
CONFIG_MD_FAULTY=m
CONFIG_BLK_DEV_DM=m
CONFIG_DM_DEBUG=y
CONFIG_DM_CRYPT=m
CONFIG_DM_SNAPSHOT=m
CONFIG_DM_MIRROR=m
CONFIG_DM_ZERO=m
CONFIG_DM_MULTIPATH=m
# CONFIG_DM_DELAY is not set
# CONFIG_DM_UEVENT is not set
# CONFIG_FUSION is not set
#
# IEEE 1394 (FireWire) support
#
#
# Enable only one of the two stacks, unless you know what you are doing
#
CONFIG_FIREWIRE=m
CONFIG_FIREWIRE_OHCI=m
CONFIG_FIREWIRE_OHCI_DEBUG=y
CONFIG_FIREWIRE_SBP2=m
# CONFIG_IEEE1394 is not set
# CONFIG_I2O is not set
# CONFIG_MACINTOSH_DRIVERS is not set
CONFIG_NETDEVICES=y
CONFIG_IFB=m
CONFIG_DUMMY=m
CONFIG_BONDING=m
CONFIG_MACVLAN=m
# CONFIG_EQUALIZER is not set
# CONFIG_TUN is not set
# CONFIG_VETH is not set
# CONFIG_NET_SB1000 is not set
# CONFIG_ARCNET is not set
CONFIG_PHYLIB=m
#
# MII PHY device drivers
#
# CONFIG_MARVELL_PHY is not set
# CONFIG_DAVICOM_PHY is not set
# CONFIG_QSEMI_PHY is not set
# CONFIG_LXT_PHY is not set
# CONFIG_CICADA_PHY is not set
# CONFIG_VITESSE_PHY is not set
# CONFIG_SMSC_PHY is not set
# CONFIG_BROADCOM_PHY is not set
# CONFIG_ICPLUS_PHY is not set
# CONFIG_REALTEK_PHY is not set
# CONFIG_NATIONAL_PHY is not set
# CONFIG_STE10XP is not set
# CONFIG_LSI_ET1011C_PHY is not set
# CONFIG_MDIO_BITBANG is not set
CONFIG_NET_ETHERNET=y
CONFIG_MII=m
# CONFIG_HAPPYMEAL is not set
# CONFIG_SUNGEM is not set
# CONFIG_CASSINI is not set
# CONFIG_NET_VENDOR_3COM is not set
# CONFIG_LANCE is not set
# CONFIG_NET_VENDOR_SMC is not set
# CONFIG_NET_VENDOR_RACAL is not set
# CONFIG_NET_TULIP is not set
# CONFIG_AT1700 is not set
# CONFIG_DEPCA is not set
# CONFIG_HP100 is not set
# CONFIG_NET_ISA is not set
# CONFIG_IBM_NEW_EMAC_ZMII is not set
# CONFIG_IBM_NEW_EMAC_RGMII is not set
# CONFIG_IBM_NEW_EMAC_TAH is not set
# CONFIG_IBM_NEW_EMAC_EMAC4 is not set
# CONFIG_IBM_NEW_EMAC_NO_FLOW_CTRL is not set
# CONFIG_IBM_NEW_EMAC_MAL_CLR_ICINTSTAT is not set
# CONFIG_IBM_NEW_EMAC_MAL_COMMON_ERR is not set
CONFIG_NET_PCI=y
# CONFIG_PCNET32 is not set
# CONFIG_AMD8111_ETH is not set
# CONFIG_ADAPTEC_STARFIRE is not set
# CONFIG_AC3200 is not set
# CONFIG_APRICOT is not set
# CONFIG_B44 is not set
# CONFIG_FORCEDETH is not set
# CONFIG_CS89x0 is not set
CONFIG_E100=m
# CONFIG_FEALNX is not set
# CONFIG_NATSEMI is not set
# CONFIG_NE2K_PCI is not set
# CONFIG_8139CP is not set
# CONFIG_8139TOO is not set
# CONFIG_R6040 is not set
# CONFIG_SIS900 is not set
# CONFIG_EPIC100 is not set
# CONFIG_SMSC9420 is not set
# CONFIG_SUNDANCE is not set
# CONFIG_TLAN is not set
# CONFIG_VIA_RHINE is not set
# CONFIG_SC92031 is not set
# CONFIG_ATL2 is not set
CONFIG_NETDEV_1000=y
# CONFIG_ACENIC is not set
# CONFIG_DL2K is not set
CONFIG_E1000=m
CONFIG_E1000E=m
# CONFIG_IP1000 is not set
CONFIG_IGB=m
# CONFIG_IGB_LRO is not set
CONFIG_IGB_DCA=y
# CONFIG_NS83820 is not set
# CONFIG_HAMACHI is not set
# CONFIG_YELLOWFIN is not set
# CONFIG_R8169 is not set
# CONFIG_SIS190 is not set
# CONFIG_SKGE is not set
# CONFIG_SKY2 is not set
# CONFIG_VIA_VELOCITY is not set
# CONFIG_TIGON3 is not set
# CONFIG_BNX2 is not set
# CONFIG_QLA3XXX is not set
# CONFIG_ATL1 is not set
# CONFIG_ATL1E is not set
# CONFIG_JME is not set
CONFIG_NETDEV_10000=y
CONFIG_CHELSIO_T1=m
CONFIG_CHELSIO_T1_1G=y
CONFIG_CHELSIO_T3_DEPENDS=y
CONFIG_CHELSIO_T3=m
# CONFIG_ENIC is not set
CONFIG_IXGBE=m
CONFIG_IXGBE_DCA=y
CONFIG_IXGB=m
CONFIG_S2IO=m
CONFIG_MYRI10GE=m
CONFIG_MYRI10GE_DCA=y
CONFIG_NETXEN_NIC=m
# CONFIG_NIU is not set
# CONFIG_MLX4_EN is not set
# CONFIG_MLX4_CORE is not set
# CONFIG_TEHUTI is not set
# CONFIG_BNX2X is not set
# CONFIG_QLGE is not set
# CONFIG_SFC is not set
# CONFIG_TR is not set
#
# Wireless LAN
#
CONFIG_WLAN_PRE80211=y
# CONFIG_STRIP is not set
# CONFIG_ARLAN is not set
# CONFIG_WAVELAN is not set
CONFIG_PCMCIA_WAVELAN=m
CONFIG_PCMCIA_NETWAVE=m
CONFIG_WLAN_80211=y
# CONFIG_PCMCIA_RAYCS is not set
# CONFIG_LIBERTAS is not set
# CONFIG_LIBERTAS_THINFIRM is not set
CONFIG_AIRO=m
CONFIG_HERMES=m
CONFIG_HERMES_CACHE_FW_ON_INIT=y
CONFIG_PLX_HERMES=m
CONFIG_TMD_HERMES=m
CONFIG_NORTEL_HERMES=m
CONFIG_PCI_HERMES=m
CONFIG_PCMCIA_HERMES=m
CONFIG_PCMCIA_SPECTRUM=m
CONFIG_ATMEL=m
CONFIG_PCI_ATMEL=m
CONFIG_PCMCIA_ATMEL=m
CONFIG_AIRO_CS=m
CONFIG_PCMCIA_WL3501=m
CONFIG_PRISM54=m
CONFIG_USB_ZD1201=m
# CONFIG_USB_NET_RNDIS_WLAN is not set
# CONFIG_RTL8180 is not set
CONFIG_RTL8187=m
CONFIG_ADM8211=m
# CONFIG_MAC80211_HWSIM is not set
CONFIG_P54_COMMON=m
CONFIG_P54_USB=m
CONFIG_P54_PCI=m
# CONFIG_ATH5K is not set
# CONFIG_ATH9K is not set
CONFIG_IPW2100=m
CONFIG_IPW2100_MONITOR=y
# CONFIG_IPW2100_DEBUG is not set
CONFIG_IPW2200=m
CONFIG_IPW2200_MONITOR=y
CONFIG_IPW2200_RADIOTAP=y
CONFIG_IPW2200_PROMISCUOUS=y
CONFIG_IPW2200_QOS=y
# CONFIG_IPW2200_DEBUG is not set
CONFIG_LIBIPW=m
# CONFIG_LIBIPW_DEBUG is not set
# CONFIG_IWLCORE is not set
# CONFIG_IWLWIFI_LEDS is not set
# CONFIG_IWLAGN is not set
# CONFIG_IWL3945 is not set
CONFIG_HOSTAP=m
CONFIG_HOSTAP_FIRMWARE=y
CONFIG_HOSTAP_FIRMWARE_NVRAM=y
CONFIG_HOSTAP_PLX=m
CONFIG_HOSTAP_PCI=m
CONFIG_HOSTAP_CS=m
CONFIG_B43=m
CONFIG_B43_PCI_AUTOSELECT=y
CONFIG_B43_PCICORE_AUTOSELECT=y
CONFIG_B43_PCMCIA=y
CONFIG_B43_PIO=y
CONFIG_B43_LEDS=y
CONFIG_B43_RFKILL=y
CONFIG_B43_DEBUG=y
# CONFIG_B43_FORCE_PIO is not set
CONFIG_B43LEGACY=m
CONFIG_B43LEGACY_PCI_AUTOSELECT=y
CONFIG_B43LEGACY_PCICORE_AUTOSELECT=y
CONFIG_B43LEGACY_LEDS=y
CONFIG_B43LEGACY_RFKILL=y
CONFIG_B43LEGACY_DEBUG=y
CONFIG_B43LEGACY_DMA=y
CONFIG_B43LEGACY_PIO=y
CONFIG_B43LEGACY_DMA_AND_PIO_MODE=y
# CONFIG_B43LEGACY_DMA_MODE is not set
# CONFIG_B43LEGACY_PIO_MODE is not set
# CONFIG_ZD1211RW is not set
CONFIG_RT2X00=m
CONFIG_RT2400PCI=m
CONFIG_RT2500PCI=m
CONFIG_RT61PCI=m
CONFIG_RT2500USB=m
CONFIG_RT73USB=m
CONFIG_RT2X00_LIB_PCI=m
CONFIG_RT2X00_LIB_USB=m
CONFIG_RT2X00_LIB=m
CONFIG_RT2X00_LIB_FIRMWARE=y
CONFIG_RT2X00_LIB_CRYPTO=y
CONFIG_RT2X00_LIB_RFKILL=y
CONFIG_RT2X00_LIB_LEDS=y
# CONFIG_RT2X00_DEBUG is not set
#
# Enable WiMAX (Networking options) to see the WiMAX drivers
#
#
# USB Network Adapters
#
CONFIG_USB_CATC=m
CONFIG_USB_KAWETH=m
CONFIG_USB_PEGASUS=m
CONFIG_USB_RTL8150=m
CONFIG_USB_USBNET=m
CONFIG_USB_NET_AX8817X=m
CONFIG_USB_NET_CDCETHER=m
CONFIG_USB_NET_DM9601=m
# CONFIG_USB_NET_SMSC95XX is not set
CONFIG_USB_NET_GL620A=m
CONFIG_USB_NET_NET1080=m
CONFIG_USB_NET_PLUSB=m
CONFIG_USB_NET_MCS7830=m
CONFIG_USB_NET_RNDIS_HOST=m
CONFIG_USB_NET_CDC_SUBSET=m
CONFIG_USB_ALI_M5632=y
CONFIG_USB_AN2720=y
CONFIG_USB_BELKIN=y
CONFIG_USB_ARMLINUX=y
CONFIG_USB_EPSON2888=y
CONFIG_USB_KC2190=y
CONFIG_USB_NET_ZAURUS=m
# CONFIG_USB_HSO is not set
# CONFIG_NET_PCMCIA is not set
# CONFIG_WAN is not set
# CONFIG_ATM_DRIVERS is not set
# CONFIG_FDDI is not set
# CONFIG_HIPPI is not set
# CONFIG_PPP is not set
# CONFIG_SLIP is not set
# CONFIG_NET_FC is not set
CONFIG_NETCONSOLE=m
# CONFIG_NETCONSOLE_DYNAMIC is not set
CONFIG_NETPOLL=y
CONFIG_NETPOLL_TRAP=y
CONFIG_NET_POLL_CONTROLLER=y
# CONFIG_ISDN is not set
# CONFIG_PHONE is not set
#
# Input device support
#
CONFIG_INPUT=y
CONFIG_INPUT_FF_MEMLESS=y
CONFIG_INPUT_POLLDEV=m
#
# Userland interfaces
#
CONFIG_INPUT_MOUSEDEV=y
# CONFIG_INPUT_MOUSEDEV_PSAUX is not set
CONFIG_INPUT_MOUSEDEV_SCREEN_X=1024
CONFIG_INPUT_MOUSEDEV_SCREEN_Y=768
CONFIG_INPUT_JOYDEV=m
CONFIG_INPUT_EVDEV=y
# CONFIG_INPUT_EVBUG is not set
#
# Input Device Drivers
#
CONFIG_INPUT_KEYBOARD=y
CONFIG_KEYBOARD_ATKBD=y
# CONFIG_KEYBOARD_SUNKBD is not set
# CONFIG_KEYBOARD_LKKBD is not set
# CONFIG_KEYBOARD_XTKBD is not set
# CONFIG_KEYBOARD_NEWTON is not set
# CONFIG_KEYBOARD_STOWAWAY is not set
CONFIG_INPUT_MOUSE=y
CONFIG_MOUSE_PS2=y
CONFIG_MOUSE_PS2_ALPS=y
CONFIG_MOUSE_PS2_LOGIPS2PP=y
CONFIG_MOUSE_PS2_SYNAPTICS=y
CONFIG_MOUSE_PS2_LIFEBOOK=y
CONFIG_MOUSE_PS2_TRACKPOINT=y
# CONFIG_MOUSE_PS2_ELANTECH is not set
# CONFIG_MOUSE_PS2_TOUCHKIT is not set
CONFIG_MOUSE_SERIAL=m
CONFIG_MOUSE_APPLETOUCH=m
# CONFIG_MOUSE_BCM5974 is not set
# CONFIG_MOUSE_INPORT is not set
# CONFIG_MOUSE_LOGIBM is not set
# CONFIG_MOUSE_PC110PAD is not set
CONFIG_MOUSE_VSXXXAA=m
CONFIG_INPUT_JOYSTICK=y
CONFIG_JOYSTICK_ANALOG=m
CONFIG_JOYSTICK_A3D=m
CONFIG_JOYSTICK_ADI=m
CONFIG_JOYSTICK_COBRA=m
CONFIG_JOYSTICK_GF2K=m
CONFIG_JOYSTICK_GRIP=m
CONFIG_JOYSTICK_GRIP_MP=m
CONFIG_JOYSTICK_GUILLEMOT=m
CONFIG_JOYSTICK_INTERACT=m
CONFIG_JOYSTICK_SIDEWINDER=m
CONFIG_JOYSTICK_TMDC=m
CONFIG_JOYSTICK_IFORCE=m
CONFIG_JOYSTICK_IFORCE_USB=y
CONFIG_JOYSTICK_IFORCE_232=y
CONFIG_JOYSTICK_WARRIOR=m
CONFIG_JOYSTICK_MAGELLAN=m
CONFIG_JOYSTICK_SPACEORB=m
CONFIG_JOYSTICK_SPACEBALL=m
CONFIG_JOYSTICK_STINGER=m
CONFIG_JOYSTICK_TWIDJOY=m
# CONFIG_JOYSTICK_ZHENHUA is not set
CONFIG_JOYSTICK_JOYDUMP=m
CONFIG_JOYSTICK_XPAD=m
CONFIG_JOYSTICK_XPAD_FF=y
CONFIG_JOYSTICK_XPAD_LEDS=y
CONFIG_INPUT_TABLET=y
CONFIG_TABLET_USB_ACECAD=m
CONFIG_TABLET_USB_AIPTEK=m
CONFIG_TABLET_USB_GTCO=m
CONFIG_TABLET_USB_KBTAB=m
CONFIG_TABLET_USB_WACOM=m
CONFIG_INPUT_TOUCHSCREEN=y
CONFIG_TOUCHSCREEN_FUJITSU=m
CONFIG_TOUCHSCREEN_GUNZE=m
CONFIG_TOUCHSCREEN_ELO=m
# CONFIG_TOUCHSCREEN_WACOM_W8001 is not set
CONFIG_TOUCHSCREEN_MTOUCH=m
# CONFIG_TOUCHSCREEN_INEXIO is not set
CONFIG_TOUCHSCREEN_MK712=m
# CONFIG_TOUCHSCREEN_HTCPEN is not set
CONFIG_TOUCHSCREEN_PENMOUNT=m
CONFIG_TOUCHSCREEN_TOUCHRIGHT=m
CONFIG_TOUCHSCREEN_TOUCHWIN=m
CONFIG_TOUCHSCREEN_USB_COMPOSITE=m
CONFIG_TOUCHSCREEN_USB_EGALAX=y
CONFIG_TOUCHSCREEN_USB_PANJIT=y
CONFIG_TOUCHSCREEN_USB_3M=y
CONFIG_TOUCHSCREEN_USB_ITM=y
CONFIG_TOUCHSCREEN_USB_ETURBO=y
CONFIG_TOUCHSCREEN_USB_GUNZE=y
CONFIG_TOUCHSCREEN_USB_DMC_TSC10=y
CONFIG_TOUCHSCREEN_USB_IRTOUCH=y
CONFIG_TOUCHSCREEN_USB_IDEALTEK=y
CONFIG_TOUCHSCREEN_USB_GENERAL_TOUCH=y
CONFIG_TOUCHSCREEN_USB_GOTOP=y
# CONFIG_TOUCHSCREEN_TOUCHIT213 is not set
# CONFIG_TOUCHSCREEN_TSC2007 is not set
CONFIG_INPUT_MISC=y
CONFIG_INPUT_PCSPKR=m
# CONFIG_INPUT_APANEL is not set
CONFIG_INPUT_WISTRON_BTNS=m
CONFIG_INPUT_ATLAS_BTNS=m
CONFIG_INPUT_ATI_REMOTE=m
CONFIG_INPUT_ATI_REMOTE2=m
CONFIG_INPUT_KEYSPAN_REMOTE=m
CONFIG_INPUT_POWERMATE=m
CONFIG_INPUT_YEALINK=m
# CONFIG_INPUT_CM109 is not set
CONFIG_INPUT_UINPUT=m
#
# Hardware I/O ports
#
CONFIG_SERIO=y
CONFIG_SERIO_I8042=y
CONFIG_SERIO_SERPORT=y
# CONFIG_SERIO_CT82C710 is not set
# CONFIG_SERIO_PCIPS2 is not set
CONFIG_SERIO_LIBPS2=y
CONFIG_SERIO_RAW=m
CONFIG_GAMEPORT=m
CONFIG_GAMEPORT_NS558=m
CONFIG_GAMEPORT_L4=m
CONFIG_GAMEPORT_EMU10K1=m
CONFIG_GAMEPORT_FM801=m
#
# Character devices
#
CONFIG_VT=y
CONFIG_CONSOLE_TRANSLATIONS=y
CONFIG_VT_CONSOLE=y
CONFIG_HW_CONSOLE=y
CONFIG_VT_HW_CONSOLE_BINDING=y
CONFIG_DEVKMEM=y
CONFIG_SERIAL_NONSTANDARD=y
# CONFIG_COMPUTONE is not set
CONFIG_ROCKETPORT=m
CONFIG_CYCLADES=m
# CONFIG_CYZ_INTR is not set
# CONFIG_DIGIEPCA is not set
# CONFIG_MOXA_INTELLIO is not set
# CONFIG_MOXA_SMARTIO is not set
# CONFIG_ISI is not set
CONFIG_SYNCLINK=m
CONFIG_SYNCLINKMP=m
CONFIG_SYNCLINK_GT=m
CONFIG_N_HDLC=m
# CONFIG_RISCOM8 is not set
# CONFIG_SPECIALIX is not set
# CONFIG_SX is not set
# CONFIG_RIO is not set
# CONFIG_STALDRV is not set
# CONFIG_NOZOMI is not set
#
# Serial drivers
#
CONFIG_SERIAL_8250=y
CONFIG_SERIAL_8250_CONSOLE=y
CONFIG_FIX_EARLYCON_MEM=y
CONFIG_SERIAL_8250_PCI=y
CONFIG_SERIAL_8250_PNP=y
CONFIG_SERIAL_8250_CS=m
CONFIG_SERIAL_8250_NR_UARTS=32
CONFIG_SERIAL_8250_RUNTIME_UARTS=4
CONFIG_SERIAL_8250_EXTENDED=y
CONFIG_SERIAL_8250_MANY_PORTS=y
# CONFIG_SERIAL_8250_FOURPORT is not set
# CONFIG_SERIAL_8250_ACCENT is not set
# CONFIG_SERIAL_8250_BOCA is not set
# CONFIG_SERIAL_8250_EXAR_ST16C554 is not set
# CONFIG_SERIAL_8250_HUB6 is not set
CONFIG_SERIAL_8250_SHARE_IRQ=y
CONFIG_SERIAL_8250_DETECT_IRQ=y
CONFIG_SERIAL_8250_RSA=y
#
# Non-8250 serial port support
#
CONFIG_SERIAL_CORE=y
CONFIG_SERIAL_CORE_CONSOLE=y
CONFIG_CONSOLE_POLL=y
CONFIG_SERIAL_JSM=m
CONFIG_UNIX98_PTYS=y
# CONFIG_DEVPTS_MULTIPLE_INSTANCES is not set
# CONFIG_LEGACY_PTYS is not set
CONFIG_HVC_DRIVER=y
CONFIG_IPMI_HANDLER=m
# CONFIG_IPMI_PANIC_EVENT is not set
CONFIG_IPMI_DEVICE_INTERFACE=m
CONFIG_IPMI_SI=m
CONFIG_IPMI_WATCHDOG=m
CONFIG_IPMI_POWEROFF=m
CONFIG_HW_RANDOM=y
CONFIG_HW_RANDOM_INTEL=m
CONFIG_HW_RANDOM_AMD=m
CONFIG_HW_RANDOM_GEODE=m
CONFIG_HW_RANDOM_VIA=m
CONFIG_NVRAM=y
CONFIG_RTC=y
CONFIG_DTLK=m
CONFIG_R3964=m
# CONFIG_APPLICOM is not set
CONFIG_SONYPI=m
#
# PCMCIA character devices
#
# CONFIG_SYNCLINK_CS is not set
CONFIG_CARDMAN_4000=m
CONFIG_CARDMAN_4040=m
# CONFIG_IPWIRELESS is not set
CONFIG_MWAVE=m
CONFIG_PC8736x_GPIO=m
CONFIG_NSC_GPIO=m
CONFIG_CS5535_GPIO=m
# CONFIG_RAW_DRIVER is not set
CONFIG_HPET=y
# CONFIG_HPET_MMAP is not set
CONFIG_HANGCHECK_TIMER=m
CONFIG_TCG_TPM=m
CONFIG_TCG_TIS=m
CONFIG_TCG_NSC=m
CONFIG_TCG_ATMEL=m
CONFIG_TCG_INFINEON=m
# CONFIG_TELCLOCK is not set
CONFIG_DEVPORT=y
CONFIG_I2C=m
CONFIG_I2C_BOARDINFO=y
CONFIG_I2C_CHARDEV=m
CONFIG_I2C_HELPER_AUTO=y
CONFIG_I2C_ALGOBIT=m
CONFIG_I2C_ALGOPCA=m
#
# I2C Hardware Bus support
#
#
# PC SMBus host controller drivers
#
CONFIG_I2C_ALI1535=m
CONFIG_I2C_ALI1563=m
CONFIG_I2C_ALI15X3=m
CONFIG_I2C_AMD756=m
CONFIG_I2C_AMD756_S4882=m
CONFIG_I2C_AMD8111=m
CONFIG_I2C_I801=m
# CONFIG_I2C_ISCH is not set
CONFIG_I2C_PIIX4=m
CONFIG_I2C_NFORCE2=m
# CONFIG_I2C_NFORCE2_S4985 is not set
CONFIG_I2C_SIS5595=m
CONFIG_I2C_SIS630=m
CONFIG_I2C_SIS96X=m
CONFIG_I2C_VIA=m
CONFIG_I2C_VIAPRO=m
#
# I2C system bus drivers (mostly embedded / system-on-chip)
#
# CONFIG_I2C_OCORES is not set
CONFIG_I2C_SIMTEC=m
#
# External I2C/SMBus adapter drivers
#
CONFIG_I2C_PARPORT_LIGHT=m
# CONFIG_I2C_TAOS_EVM is not set
# CONFIG_I2C_TINY_USB is not set
#
# Graphics adapter I2C/DDC channel drivers
#
CONFIG_I2C_VOODOO3=m
#
# Other I2C/SMBus bus drivers
#
CONFIG_I2C_PCA_ISA=m
# CONFIG_I2C_PCA_PLATFORM is not set
CONFIG_I2C_STUB=m
# CONFIG_SCx200_ACB is not set
#
# Miscellaneous I2C Chip support
#
# CONFIG_DS1682 is not set
# CONFIG_AT24 is not set
CONFIG_SENSORS_EEPROM=m
CONFIG_SENSORS_PCF8574=m
# CONFIG_PCF8575 is not set
# CONFIG_SENSORS_PCA9539 is not set
CONFIG_SENSORS_PCF8591=m
CONFIG_SENSORS_MAX6875=m
CONFIG_SENSORS_TSL2550=m
# CONFIG_I2C_DEBUG_CORE is not set
# CONFIG_I2C_DEBUG_ALGO is not set
# CONFIG_I2C_DEBUG_BUS is not set
# CONFIG_I2C_DEBUG_CHIP is not set
# CONFIG_SPI is not set
CONFIG_ARCH_WANT_OPTIONAL_GPIOLIB=y
# CONFIG_GPIOLIB is not set
# CONFIG_W1 is not set
CONFIG_POWER_SUPPLY=y
# CONFIG_POWER_SUPPLY_DEBUG is not set
# CONFIG_PDA_POWER is not set
# CONFIG_BATTERY_DS2760 is not set
# CONFIG_BATTERY_BQ27x00 is not set
# CONFIG_HWMON is not set
CONFIG_THERMAL=y
CONFIG_WATCHDOG=y
# CONFIG_WATCHDOG_NOWAYOUT is not set
#
# Watchdog Device Drivers
#
CONFIG_SOFT_WATCHDOG=m
# CONFIG_ACQUIRE_WDT is not set
# CONFIG_ADVANTECH_WDT is not set
CONFIG_ALIM1535_WDT=m
CONFIG_ALIM7101_WDT=m
# CONFIG_SC520_WDT is not set
# CONFIG_EUROTECH_WDT is not set
# CONFIG_IB700_WDT is not set
CONFIG_IBMASR=m
# CONFIG_WAFER_WDT is not set
CONFIG_I6300ESB_WDT=m
CONFIG_ITCO_WDT=m
CONFIG_ITCO_VENDOR_SUPPORT=y
# CONFIG_IT8712F_WDT is not set
# CONFIG_IT87_WDT is not set
# CONFIG_HP_WATCHDOG is not set
# CONFIG_SC1200_WDT is not set
# CONFIG_PC87413_WDT is not set
# CONFIG_60XX_WDT is not set
# CONFIG_SBC8360_WDT is not set
# CONFIG_SBC7240_WDT is not set
# CONFIG_CPU5_WDT is not set
# CONFIG_SMSC_SCH311X_WDT is not set
# CONFIG_SMSC37B787_WDT is not set
CONFIG_W83627HF_WDT=m
CONFIG_W83697HF_WDT=m
# CONFIG_W83697UG_WDT is not set
CONFIG_W83877F_WDT=m
CONFIG_W83977F_WDT=m
CONFIG_MACHZ_WDT=m
# CONFIG_SBC_EPX_C3_WATCHDOG is not set
#
# ISA-based Watchdog Cards
#
# CONFIG_PCWATCHDOG is not set
# CONFIG_MIXCOMWD is not set
# CONFIG_WDT is not set
#
# PCI-based Watchdog Cards
#
CONFIG_PCIPCWATCHDOG=m
CONFIG_WDTPCI=m
CONFIG_WDT_501_PCI=y
#
# USB-based Watchdog Cards
#
CONFIG_USBPCWATCHDOG=m
CONFIG_SSB_POSSIBLE=y
#
# Sonics Silicon Backplane
#
CONFIG_SSB=m
CONFIG_SSB_SPROM=y
CONFIG_SSB_BLOCKIO=y
CONFIG_SSB_PCIHOST_POSSIBLE=y
CONFIG_SSB_PCIHOST=y
CONFIG_SSB_B43_PCI_BRIDGE=y
CONFIG_SSB_PCMCIAHOST_POSSIBLE=y
CONFIG_SSB_PCMCIAHOST=y
# CONFIG_SSB_DEBUG is not set
CONFIG_SSB_DRIVER_PCICORE_POSSIBLE=y
CONFIG_SSB_DRIVER_PCICORE=y
#
# Multifunction device drivers
#
# CONFIG_MFD_CORE is not set
CONFIG_MFD_SM501=m
# CONFIG_HTC_PASIC3 is not set
# CONFIG_MFD_TMIO is not set
# CONFIG_MFD_WM8400 is not set
# CONFIG_MFD_WM8350_I2C is not set
# CONFIG_MFD_PCF50633 is not set
# CONFIG_REGULATOR is not set
#
# Multimedia devices
#
#
# Multimedia core support
#
CONFIG_VIDEO_DEV=m
CONFIG_VIDEO_V4L2_COMMON=m
CONFIG_VIDEO_ALLOW_V4L1=y
CONFIG_VIDEO_V4L1_COMPAT=y
CONFIG_DVB_CORE=m
CONFIG_VIDEO_MEDIA=m
#
# Multimedia drivers
#
CONFIG_VIDEO_SAA7146=m
CONFIG_VIDEO_SAA7146_VV=m
# CONFIG_MEDIA_ATTACH is not set
CONFIG_MEDIA_TUNER=m
# CONFIG_MEDIA_TUNER_CUSTOMIZE is not set
CONFIG_MEDIA_TUNER_SIMPLE=m
CONFIG_MEDIA_TUNER_TDA8290=m
CONFIG_MEDIA_TUNER_TDA827X=m
CONFIG_MEDIA_TUNER_TDA18271=m
CONFIG_MEDIA_TUNER_TDA9887=m
CONFIG_MEDIA_TUNER_TEA5761=m
CONFIG_MEDIA_TUNER_TEA5767=m
CONFIG_MEDIA_TUNER_MT20XX=m
CONFIG_MEDIA_TUNER_MT2060=m
CONFIG_MEDIA_TUNER_MT2266=m
CONFIG_MEDIA_TUNER_QT1010=m
CONFIG_MEDIA_TUNER_XC2028=m
CONFIG_MEDIA_TUNER_XC5000=m
CONFIG_MEDIA_TUNER_MXL5005S=m
CONFIG_VIDEO_V4L2=m
CONFIG_VIDEO_V4L1=m
CONFIG_VIDEOBUF_GEN=m
CONFIG_VIDEOBUF_DMA_SG=m
CONFIG_VIDEOBUF_VMALLOC=m
CONFIG_VIDEOBUF_DVB=m
CONFIG_VIDEO_BTCX=m
CONFIG_VIDEO_IR=m
CONFIG_VIDEO_TVEEPROM=m
CONFIG_VIDEO_TUNER=m
CONFIG_VIDEO_CAPTURE_DRIVERS=y
# CONFIG_VIDEO_ADV_DEBUG is not set
# CONFIG_VIDEO_FIXED_MINOR_RANGES is not set
# CONFIG_VIDEO_HELPER_CHIPS_AUTO is not set
CONFIG_VIDEO_IR_I2C=m
#
# Encoders/decoders and other helper chips
#
#
# Audio decoders
#
CONFIG_VIDEO_TVAUDIO=m
CONFIG_VIDEO_TDA7432=m
CONFIG_VIDEO_TDA9840=m
CONFIG_VIDEO_TDA9875=m
CONFIG_VIDEO_TEA6415C=m
CONFIG_VIDEO_TEA6420=m
CONFIG_VIDEO_MSP3400=m
# CONFIG_VIDEO_CS5345 is not set
CONFIG_VIDEO_CS53L32A=m
CONFIG_VIDEO_M52790=m
CONFIG_VIDEO_TLV320AIC23B=m
CONFIG_VIDEO_WM8775=m
CONFIG_VIDEO_WM8739=m
CONFIG_VIDEO_VP27SMPX=m
#
# Video decoders
#
CONFIG_VIDEO_BT819=m
CONFIG_VIDEO_BT856=m
CONFIG_VIDEO_BT866=m
CONFIG_VIDEO_KS0127=m
CONFIG_VIDEO_OV7670=m
# CONFIG_VIDEO_TCM825X is not set
CONFIG_VIDEO_SAA7110=m
CONFIG_VIDEO_SAA7111=m
CONFIG_VIDEO_SAA7114=m
CONFIG_VIDEO_SAA711X=m
CONFIG_VIDEO_SAA717X=m
CONFIG_VIDEO_SAA7191=m
# CONFIG_VIDEO_TVP514X is not set
CONFIG_VIDEO_TVP5150=m
CONFIG_VIDEO_VPX3220=m
#
# Video and audio decoders
#
CONFIG_VIDEO_CX25840=m
#
# MPEG video encoders
#
CONFIG_VIDEO_CX2341X=m
#
# Video encoders
#
CONFIG_VIDEO_SAA7127=m
CONFIG_VIDEO_SAA7185=m
CONFIG_VIDEO_ADV7170=m
CONFIG_VIDEO_ADV7175=m
#
# Video improvement chips
#
CONFIG_VIDEO_UPD64031A=m
CONFIG_VIDEO_UPD64083=m
# CONFIG_VIDEO_VIVI is not set
CONFIG_VIDEO_BT848=m
CONFIG_VIDEO_BT848_DVB=y
CONFIG_VIDEO_SAA6588=m
# CONFIG_VIDEO_PMS is not set
CONFIG_VIDEO_CPIA=m
CONFIG_VIDEO_CPIA_USB=m
CONFIG_VIDEO_CPIA2=m
CONFIG_VIDEO_SAA5246A=m
CONFIG_VIDEO_SAA5249=m
CONFIG_VIDEO_STRADIS=m
CONFIG_VIDEO_ZORAN=m
CONFIG_VIDEO_ZORAN_DC30=m
CONFIG_VIDEO_ZORAN_ZR36060=m
CONFIG_VIDEO_ZORAN_BUZ=m
CONFIG_VIDEO_ZORAN_DC10=m
CONFIG_VIDEO_ZORAN_LML33=m
CONFIG_VIDEO_ZORAN_LML33R10=m
