Date: Wed, 21 Jan 2009 21:12:49 +0000 (GMT)
From: Hugh Dickins <>
Subject: 2.6.29-rc powerpc G5 Xorg legacy_mem regression
Sender: linux-kernel-owner@vger.kernel.org
Precedence: bulk
List-ID: <linux-kernel.vger.kernel.org>
X-Mailing-List: linux-kernel@vger.kernel.org
X-Lkml-Link: https://lkml.org/lkml/2009/1/21/299

I've a PowerMac G5 here on which the openSUSE 11.1 Xorg dislikes your
d3a54014e2a94bd37b7dee5e76e03f7bc4fab49a PCI: Add legacy_io/mem to all busses
startx fails with xf86MapDomainMem(): mmap() failure,
the relevant lines from an strace being:
open("/sys/class/pci_bus/0000:0a/legacy_mem", O_RDWR) = 6
mmap(NULL, 65536, PROT_READ|PROT_WRITE, MAP_SHARED, 6, 0xa0000) =
     -1 ENXIO (No such device or address)
Whereas if I back out your pci_create_legacy_files(),
it'll happily mmap /dev/mem instead and work with that.
The ENXIO comes from arch/powerpc/kernel/pci-common.c:
pci_mmap_legacy_page_range() finds hose->isa_mem_size 0.
That's as far as I took it: I can see there's code to set up
"Legacy VGA memory" but it looks like that's not coming into play.
dmesg and .config attached: I think you'll get to the point much
quicker than I would.
Though I bet you're busy at the moment: no hurry, I can comment
out the pci_create_legacy_files() from drivers/pci/bus.c for now.
HughDART table allocated at: c00000007f000000
Using PowerMac machine description
Page orders: linear mapping = 24, virtual = 12, io = 12
Found U4 memory controller & host bridge @ 0xf8000000 revision: 0x42
Mapped at 0xd000080080000000
Found a Shasta mac-io controller, rev: 0, mapped at 0xd000080080041000
PowerMac motherboard: PowerMac G5 Dual Core
DART IOMMU initialized for U4 type chipset
console [udbg0] enabled
CPU maps initialized for 1 thread per core
 (thread shift is 0)
Starting Linux PPC64 #3 SMP PREEMPT Wed Jan 21 19:02:27 GMT 2009
-----------------------------------------------------
ppc64_pft_size                = 0x0
physicalMemorySize            = 0x140000000
htab_address                  = 0xc0000001b8000000
htab_hash_mask                = 0xfffff
-----------------------------------------------------
Linux version 2.6.29-rc2 (hugh@thorn) (gcc version 4.3.2 [gcc-4_3-branch revision 141291] (SUSE Linux) ) #3 SMP PREEMPT Wed Jan 21 19:02:27 GMT 2009
[boot]0012 Setup Arch
Found U4-PCIE PCI host bridge.  Firmware bus number: 0->255
PCI host bridge /pci@0,f0000000  ranges:
 MEM 0x00000000f1000000..0x00000000f1ffffff -> 0x00000000f1000000 
  IO 0x00000000f0000000..0x00000000f07fffff -> 0x0000000000000000
 MEM 0x0000000090000000..0x00000000afffffff -> 0x0000000090000000 
Can't get bus-range for /ht@0,f2000000, assume bus 0
Found U3-HT PCI host bridge.  Firmware bus number: 0->239
PCI host bridge /ht@0,f2000000 (primary) ranges:
SMU: Driver 0.7 (c) 2005 Benjamin Herrenschmidt, IBM Corp.
nvram: Checking bank 0...
nvram: gen0=438, gen1=439
nvram: Active bank is: 1
nvram: OF partition at 0x410
nvram: XP partition at 0x1020
nvram: NR partition at 0x1120
Top of RAM: 0x1c0000000, Total RAM: 0x140000000
Memory hole size: 2048MB
Zone PFN ranges:
  DMA      0x00000000 -> 0x001c0000
  Normal   0x001c0000 -> 0x001c0000
Movable zone start PFN for each node
early_node_map[2] active PFN ranges
    0: 0x00000000 -> 0x00080000
    0: 0x00100000 -> 0x001c0000
On node 0 totalpages: 1310720
free_area_init_node: node 0, pgdat c000000000596080, node_mem_map c0000000015b9000
  DMA zone: 25088 pages used for memmap
  DMA zone: 0 pages reserved
  DMA zone: 1285632 pages, LIFO batch:31
[boot]0015 Setup Done
Built 1 zonelists in Zone order, mobility grouping on.  Total pages: 1285632
Kernel command line: root=/dev/sda11 
Preemptible RCU implementation.
mpic: Setting up MPIC " MPIC 1   " version 1.2 at f8040000, max 4 CPUs
mpic: ISU size: 124, shift: 7, mask: 7f
mpic: Initializing for 124 sources
mpic: Setting up HT PICs workarounds for U3/U4
mpic:   - HT:07.0 [0x90] vendor 106b device 0053 has 86 irqs
PID hash table entries: 4096 (order: 12, 32768 bytes)
time_init: decrementer frequency = 33.333333 MHz
time_init: processor frequency   = 2500.000000 MHz
clocksource: timebase mult[7800001] shift[22] registered
clockevent: decrementer mult[888] shift[16] cpu[0]
Console: colour dummy device 80x25
console handover: boot [udbg0] -> real [tty0]
Dentry cache hash table entries: 1048576 (order: 11, 8388608 bytes)
Inode-cache hash table entries: 524288 (order: 10, 4194304 bytes)
allocated 73400320 bytes of page_cgroup
please try cgroup_disable=memory option if you don't want
Memory: 4902904k/5242880k available (5584k kernel code, 2436392k reserved, 736k data, 360k bss, 244k init)
SLUB: Genslabs=12, HWalign=128, Order=0-3, MinObjects=0, CPUs=4, Nodes=1
Calibrating delay loop... 66.56 BogoMIPS (lpj=133120)
Mount-cache hash table entries: 256
device-tree: Duplicate name in /ht@0,f2000000/pci@8/mac-io@7/i2c@18000, renamed to "i2c-bus@0#1"
Initializing cgroup subsys memory
PowerMac SMP probe found 4 cpus
KeyWest i2c @0xf8001003 irq 16 /u4@0,f8000000/i2c@f8001000
 channel 1 bus /u4@0,f8000000/i2c@f8001000/i2c-bus@1
KeyWest i2c @0x80018000 irq 27 /ht@0,f2000000/pci@8/mac-io@7/i2c@18000
 channel 0 bus /ht@0,f2000000/pci@8/mac-io@7/i2c@18000/i2c-bus@0
 channel 0 bus /ht@0,f2000000/pci@8/mac-io@7/i2c@18000/i2c-bus@0
SMU i2c /smu@0,0/smu-i2c-control@0
 channel b bus /smu@0,0/smu-i2c-control@0/i2c-bus@b
 channel e bus /smu@0,0/smu-i2c-control@0/i2c-bus@e
Processor timebase sync using platform function
mpic: requesting IPIs ... 
Processor 1 found.
clockevent: decrementer mult[888] shift[16] cpu[1]
Processor 2 found.
clockevent: decrementer mult[888] shift[16] cpu[2]
Processor 3 found.
clockevent: decrementer mult[888] shift[16] cpu[3]
Brought up 4 CPUs
CPU0 attaching sched-domain:
 domain 0: span 0-3 level CPU
  groups: 0 1 2 3
CPU1 attaching sched-domain:
 domain 0: span 0-3 level CPU
  groups: 1 2 3 0
CPU2 attaching sched-domain:
 domain 0: span 0-3 level CPU
  groups: 2 3 0 1
CPU3 attaching sched-domain:
 domain 0: span 0-3 level CPU
  groups: 3 0 1 2
net_namespace: 968 bytes
NET: Registered protocol family 16
PCI: Probing PCI hardware
PCI: PHB IO resource    = 0000000000010000-000000000080ffff [100]
PCI: PHB MEM resource 0 = 00000000f1000000-00000000f1ffffff [200]
PCI: PHB MEM resource 1 = 0000000090000000-00000000afffffff [200]
PCI: PHB MEM offset     = 0000000000000000
PCI: PHB IO  offset     = 00010000
pci 0000:00:0b.0: PME# supported from D0 D3hot D3cold
pci 0000:00:0b.0: PME# disabled
IOMMU table initialized, virtual merging disabled
PCI: Fixup bus devices 0 (PHB)
PCI: Try to map irq for 0000:00:0b.0...
pci 0000:0a:00.0: reg 10 32bit mmio: [0xa1000000-0xa1ffffff]
pci 0000:0a:00.0: reg 14 64bit mmio: [0x90000000-0x9fffffff]
pci 0000:0a:00.0: reg 1c 64bit mmio: [0xa0000000-0xa0ffffff]
pci 0000:0a:00.0: reg 30 32bit mmio: [0xa2000000-0xa201ffff]
PCI:0000:0a:00.0 Resource 0 00000000a1000000-00000000a1ffffff [20200] fixup...
PCI:0000:0a:00.0            00000000a1000000-00000000a1ffffff
PCI:0000:0a:00.0 Resource 1 0000000090000000-000000009fffffff [2120c] fixup...
PCI:0000:0a:00.0            0000000090000000-000000009fffffff
PCI:0000:0a:00.0 Resource 3 00000000a0000000-00000000a0ffffff [20204] fixup...
PCI:0000:0a:00.0            00000000a0000000-00000000a0ffffff
PCI:0000:0a:00.0 Resource 6 00000000a2000000-00000000a201ffff [27200] fixup...
PCI:0000:0a:00.0            00000000a2000000-00000000a201ffff
pci 0000:00:0b.0: bridge io port: [0x00-0xffff]
pci 0000:00:0b.0: bridge 64bit mmio pref: [0x000000-0x0fffff]
PCI:0000:00:0b.0 Bus rsrc 0 0000000000000000-000000000000ffff [101] fixup...
PCI:0000:00:0b.0            0000000000010000-000000000001ffff
PCI:0000:00:0b.0 Bus rsrc 2 0000000000000000-00000000000fffff [1201] fixup...
PCI:0000:00:0b.0            (unassigned)
PCI: Fixup bus devices 10 (0000:00:0b.0)
PCI: Try to map irq for 0000:0a:00.0...
 Got one, spec 2 cells (0x00000003 0x00000001...) on /u4@0,f8000000/mpic@f8040000
 Mapped to linux irq 17
PCI: PHB IO resource    = 0000000000812000-0000000000c11fff [100]
PCI: PHB MEM resource 0 = 00000000fa000000-00000000ffffffff [200]
PCI: PHB MEM resource 1 = 0000000080000000-000000008fffffff [200]
PCI: PHB MEM resource 2 = 00000000b0000000-00000000efffffff [200]
PCI: PHB MEM offset     = 0000000000000000
PCI: PHB IO  offset     = 00812000
PCI: Fixup bus devices 0 (PHB)
PCI: Try to map irq for 0001:00:00.0...
PCI: Try to map irq for 0001:00:01.0...
PCI: Try to map irq for 0001:00:02.0...
PCI: Try to map irq for 0001:00:03.0...
PCI: Try to map irq for 0001:00:04.0...
PCI: Try to map irq for 0001:00:05.0...
PCI: Try to map irq for 0001:00:06.0...
PCI: Try to map irq for 0001:00:07.0...
PCI: Try to map irq for 0001:00:08.0...
PCI: Try to map irq for 0001:00:09.0...
PCI: Fixup bus devices 4 (0001:00:01.0)
pci 0001:05:04.0: reg 10 64bit mmio: [0xfa530000-0xfa53ffff]
pci 0001:05:04.0: reg 18 64bit mmio: [0xfa520000-0xfa52ffff]
PCI:0001:05:04.0 Resource 0 00000000fa530000-00000000fa53ffff [20204] fixup...
PCI:0001:05:04.0            00000000fa530000-00000000fa53ffff
PCI:0001:05:04.0 Resource 2 00000000fa520000-00000000fa52ffff [20204] fixup...
PCI:0001:05:04.0            00000000fa520000-00000000fa52ffff
pci 0001:05:04.0: PME# supported from D3hot D3cold
pci 0001:05:04.0: PME# disabled
pci 0001:05:04.1: reg 10 64bit mmio: [0xfa510000-0xfa51ffff]
pci 0001:05:04.1: reg 18 64bit mmio: [0xfa500000-0xfa50ffff]
PCI:0001:05:04.1 Resource 0 00000000fa510000-00000000fa51ffff [20204] fixup...
PCI:0001:05:04.1            00000000fa510000-00000000fa51ffff
PCI:0001:05:04.1 Resource 2 00000000fa500000-00000000fa50ffff [20204] fixup...
PCI:0001:05:04.1            00000000fa500000-00000000fa50ffff
pci 0001:05:04.1: PME# supported from D3hot D3cold
pci 0001:05:04.1: PME# disabled
pci 0001:00:02.0: bridge 32bit mmio: [0xfa500000-0xfa5fffff]
PCI:0001:00:02.0 Bus rsrc 1 00000000fa500000-00000000fa5fffff [200] fixup...
PCI:0001:00:02.0            00000000fa500000-00000000fa5fffff
PCI: Fixup bus devices 5 (0001:00:02.0)
PCI: Try to map irq for 0001:05:04.0...
 Got one, spec 2 cells (0x00000042 0x00360003...) on /u4@0,f8000000/mpic@f8040000
 Mapped to linux irq 66
PCI: Try to map irq for 0001:05:04.1...
 Got one, spec 2 cells (0x00000043 0x00370003...) on /u4@0,f8000000/mpic@f8040000
 Mapped to linux irq 67
PCI: Fixup bus devices 6 (0001:00:03.0)
PCI: Fixup bus devices 7 (0001:00:04.0)
PCI: Fixup bus devices 8 (0001:00:05.0)
PCI: Fixup bus devices 9 (0001:00:06.0)
pci 0001:00:07.0: bridge 32bit mmio: [0xfa000000-0xfa3fffff]
pci 0001:00:07.0: bridge 32bit mmio pref: [0x000000-0x0fffff]
PCI:0001:00:07.0 Bus rsrc 1 00000000fa000000-00000000fa3fffff [200] fixup...
PCI:0001:00:07.0            00000000fa000000-00000000fa3fffff
PCI:0001:00:07.0 Bus rsrc 2 0000000000000000-00000000000fffff [1200] fixup...
PCI:0001:00:07.0            (unassigned)
PCI: Fixup bus devices 2 (0001:00:07.0)
pci 0001:01:07.0: reg 10 32bit mmio: [0x80000000-0x8007ffff]
PCI:0001:01:07.0 Resource 0 0000000080000000-000000008007ffff [20200] fixup...
PCI:0001:01:07.0            0000000080000000-000000008007ffff
pci 0001:01:0b.0: reg 10 32bit mmio: [0x80082000-0x80082fff]
PCI:0001:01:0b.0 Resource 0 0000000080082000-0000000080082fff [20200] fixup...
PCI:0001:01:0b.0            0000000080082000-0000000080082fff
pci 0001:01:0b.0: supports D1 D2
pci 0001:01:0b.0: PME# supported from D0 D1 D2 D3hot D3cold
pci 0001:01:0b.0: PME# disabled
pci 0001:01:0b.1: reg 10 32bit mmio: [0x80081000-0x80081fff]
PCI:0001:01:0b.1 Resource 0 0000000080081000-0000000080081fff [20200] fixup...
PCI:0001:01:0b.1            0000000080081000-0000000080081fff
pci 0001:01:0b.1: supports D1 D2
pci 0001:01:0b.1: PME# supported from D0 D1 D2 D3hot D3cold
pci 0001:01:0b.1: PME# disabled
pci 0001:01:0b.2: reg 10 32bit mmio: [0x80080000-0x800800ff]
PCI:0001:01:0b.2 Resource 0 0000000080080000-00000000800800ff [20200] fixup...
PCI:0001:01:0b.2            0000000080080000-00000000800800ff
pci 0001:01:0b.2: supports D1 D2
pci 0001:01:0b.2: PME# supported from D0 D1 D2 D3hot D3cold
pci 0001:01:0b.2: PME# disabled
pci 0001:00:08.0: bridge 32bit mmio: [0x80000000-0x800fffff]
pci 0001:00:08.0: bridge 32bit mmio pref: [0x000000-0x0fffff]
PCI:0001:00:08.0 Bus rsrc 1 0000000080000000-00000000800fffff [200] fixup...
PCI:0001:00:08.0            0000000080000000-00000000800fffff
PCI:0001:00:08.0 Bus rsrc 2 0000000000000000-00000000000fffff [1200] fixup...
PCI:0001:00:08.0            (unassigned)
PCI: Fixup bus devices 1 (0001:00:08.0)
PCI: Try to map irq for 0001:01:07.0...
PCI: Try to map irq for 0001:01:0b.0...
 Got one, spec 2 cells (0x00000046 0x003a0003...) on /u4@0,f8000000/mpic@f8040000
 Mapped to linux irq 70
PCI: Try to map irq for 0001:01:0b.1...
 Got one, spec 2 cells (0x00000046 0x003a0003...) on /u4@0,f8000000/mpic@f8040000
 Mapped to linux irq 70
PCI: Try to map irq for 0001:01:0b.2...
 Got one, spec 2 cells (0x00000046 0x003a0003...) on /u4@0,f8000000/mpic@f8040000
 Mapped to linux irq 70
pci 0001:03:0c.0: reg 10 io port: [0x00-0x07]
pci 0001:03:0c.0: reg 14 io port: [0x00-0x03]
pci 0001:03:0c.0: reg 18 io port: [0x00-0x07]
pci 0001:03:0c.0: reg 1c io port: [0x00-0x03]
pci 0001:03:0c.0: reg 20 io port: [0x00-0x0f]
pci 0001:03:0c.0: reg 24 32bit mmio: [0xfa402000-0xfa403fff]
PCI:0001:03:0c.0 Resource 0 0000000000000000-0000000000000007 [20101] is unassigned
PCI:0001:03:0c.0 Resource 1 0000000000000000-0000000000000003 [20101] is unassigned
PCI:0001:03:0c.0 Resource 2 0000000000000000-0000000000000007 [20101] is unassigned
PCI:0001:03:0c.0 Resource 3 0000000000000000-0000000000000003 [20101] is unassigned
PCI:0001:03:0c.0 Resource 4 0000000000000000-000000000000000f [20101] is unassigned
PCI:0001:03:0c.0 Resource 5 00000000fa402000-00000000fa403fff [20200] fixup...
PCI:0001:03:0c.0            00000000fa402000-00000000fa403fff
pci 0001:03:0d.0: reg 10 32bit mmio: [0xfa404000-0xfa407fff]
PCI:0001:03:0d.0 Resource 0 00000000fa404000-00000000fa407fff [20200] fixup...
PCI:0001:03:0d.0            00000000fa404000-00000000fa407fff
pci 0001:03:0e.0: reg 10 32bit mmio: [0xfa400000-0xfa400fff]
PCI:0001:03:0e.0 Resource 0 00000000fa400000-00000000fa400fff [20200] fixup...
PCI:0001:03:0e.0            00000000fa400000-00000000fa400fff
pci 0001:03:0e.0: supports D1 D2
pci 0001:03:0e.0: PME# supported from D0 D1 D2 D3hot
pci 0001:03:0e.0: PME# disabled
pci 0001:00:09.0: bridge 32bit mmio: [0xfa400000-0xfa4fffff]
pci 0001:00:09.0: bridge 32bit mmio pref: [0x000000-0x0fffff]
PCI:0001:00:09.0 Bus rsrc 1 00000000fa400000-00000000fa4fffff [200] fixup...
PCI:0001:00:09.0            00000000fa400000-00000000fa4fffff
PCI:0001:00:09.0 Bus rsrc 2 0000000000000000-00000000000fffff [1200] fixup...
PCI:0001:00:09.0            (unassigned)
PCI: Fixup bus devices 3 (0001:00:09.0)
PCI: Try to map irq for 0001:03:0c.0...
 Got one, spec 2 cells (0x0000000a 0x00000003...) on /u4@0,f8000000/mpic@f8040000
 Mapped to linux irq 18
PCI: Try to map irq for 0001:03:0d.0...
 Got one, spec 2 cells (0x00000026 0x001c0003...) on /u4@0,f8000000/mpic@f8040000
 Mapped to linux irq 38
PCI: Try to map irq for 0001:03:0e.0...
 Got one, spec 2 cells (0x00000027 0x001d0003...) on /u4@0,f8000000/mpic@f8040000
 Mapped to linux irq 39
PCI: Allocating bus resources for 0000:00...
PCI: PHB (bus 0) bridge rsrc 0: 0000000000010000-000000000080ffff [0x100], parent c000000000579328 (PCI IO)
PCI: PHB (bus 0) bridge rsrc 1: 00000000f1000000-00000000f1ffffff [0x200], parent c0000000005792f0 (PCI mem)
PCI: PHB (bus 0) bridge rsrc 2: 0000000090000000-00000000afffffff [0x200], parent c0000000005792f0 (PCI mem)
PCI: Allocating bus resources for 0000:0a...
PCI: 0000:00:0b.0 (bus 10) bridge rsrc 0: 0000000000010000-000000000001ffff [0x101], parent c0000000006a3088 (/pci@0,f0000000)
PCI: Allocating bus resources for 0001:00...
PCI: PHB (bus 0) bridge rsrc 0: 0000000000812000-0000000000c11fff [0x100], parent c000000000579328 (PCI IO)
PCI: PHB (bus 0) bridge rsrc 1: 00000000fa000000-00000000ffffffff [0x200], parent c0000000005792f0 (PCI mem)
PCI: PHB (bus 0) bridge rsrc 2: 0000000080000000-000000008fffffff [0x200], parent c0000000005792f0 (PCI mem)
PCI: PHB (bus 0) bridge rsrc 3: 00000000b0000000-00000000efffffff [0x200], parent c0000000005792f0 (PCI mem)
PCI: Allocating bus resources for 0001:04...
PCI: Allocating bus resources for 0001:05...
PCI: 0001:00:02.0 (bus 5) bridge rsrc 1: 00000000fa500000-00000000fa5fffff [0x200], parent c0000000006a32c0 (/ht@0,f2000000)
PCI: Allocating bus resources for 0001:06...
PCI: Allocating bus resources for 0001:07...
PCI: Allocating bus resources for 0001:08...
PCI: Allocating bus resources for 0001:09...
PCI: Allocating bus resources for 0001:02...
PCI: 0001:00:07.0 (bus 2) bridge rsrc 1: 00000000fa000000-00000000fa3fffff [0x200], parent c0000000006a32c0 (/ht@0,f2000000)
PCI: Allocating bus resources for 0001:01...
PCI: 0001:00:08.0 (bus 1) bridge rsrc 1: 0000000080000000-00000000800fffff [0x200], parent c0000000006a32f8 (/ht@0,f2000000)
PCI: Allocating bus resources for 0001:03...
PCI: 0001:00:09.0 (bus 3) bridge rsrc 1: 00000000fa400000-00000000fa4fffff [0x200], parent c0000000006a32c0 (/ht@0,f2000000)
PCI: Allocating 0000:0a:00.0: Resource 0: 00000000a1000000..00000000a1ffffff [20200]
PCI: Cannot allocate resource region 0 of device 0000:0a:00.0, will remap
PCI: Allocating 0000:0a:00.0: Resource 1: 0000000090000000..000000009fffffff [2120c]
PCI: Cannot allocate resource region 1 of device 0000:0a:00.0, will remap
PCI: Allocating 0000:0a:00.0: Resource 3: 00000000a0000000..00000000a0ffffff [20204]
PCI: Cannot allocate resource region 3 of device 0000:0a:00.0, will remap
PCI: Allocating 0001:05:04.0: Resource 0: 00000000fa530000..00000000fa53ffff [20204]
PCI: Allocating 0001:05:04.0: Resource 2: 00000000fa520000..00000000fa52ffff [20204]
PCI: Allocating 0001:05:04.1: Resource 0: 00000000fa510000..00000000fa51ffff [20204]
PCI: Allocating 0001:05:04.1: Resource 2: 00000000fa500000..00000000fa50ffff [20204]
PCI: Allocating 0001:01:07.0: Resource 0: 0000000080000000..000000008007ffff [20200]
PCI: Allocating 0001:03:0c.0: Resource 5: 00000000fa402000..00000000fa403fff [20200]
PCI: Allocating 0001:01:0b.0: Resource 0: 0000000080082000..0000000080082fff [20200]
PCI: Allocating 0001:01:0b.1: Resource 0: 0000000080081000..0000000080081fff [20200]
PCI: Allocating 0001:01:0b.2: Resource 0: 0000000080080000..00000000800800ff [20200]
PCI: Allocating 0001:03:0d.0: Resource 0: 00000000fa404000..00000000fa407fff [20200]
PCI: Allocating 0001:03:0e.0: Resource 0: 00000000fa400000..00000000fa400fff [20200]
Reserving legacy ranges for domain 0000
Candidate legacy IO: [0x10000-0x10fff]
PCI 0000:00 Cannot reserve Legacy IO [0x10000-0x10fff]
hose mem offset: 0000000000000000
hose mem res: [0xf1000000-0xf1ffffff]
hose mem res: [0x90000000-0xafffffff]
Reserving legacy ranges for domain 0001
Candidate legacy IO: [0x812000-0x812fff]
hose mem offset: 0000000000000000
hose mem res: [0xfa000000-0xffffffff]
hose mem res: [0x80000000-0x8fffffff]
hose mem res: [0xb0000000-0xefffffff]
PCI: Assigning unassigned resouces...
pci 0000:00:0b.0: PCI bridge, secondary bus 0000:0a
pci 0000:00:0b.0:   IO window: 0x00-0xffff
pci 0000:00:0b.0:   MEM window: 0xa8000000-0xa9ffffff
pci 0000:00:0b.0:   PREFETCH window: 0x00000090000000-0x000000a7ffffff
pci 0001:00:01.0: PCI bridge, secondary bus 0001:04
pci 0001:00:01.0:   IO window: disabled
pci 0001:00:01.0:   MEM window: disabled
pci 0001:00:01.0:   PREFETCH window: disabled
pci 0001:00:02.0: PCI bridge, secondary bus 0001:05
pci 0001:00:02.0:   IO window: disabled
pci 0001:00:02.0:   MEM window: 0xfa500000-0xfa5fffff
pci 0001:00:02.0:   PREFETCH window: disabled
pci 0001:00:03.0: PCI bridge, secondary bus 0001:06
pci 0001:00:03.0:   IO window: disabled
pci 0001:00:03.0:   MEM window: disabled
pci 0001:00:03.0:   PREFETCH window: disabled
pci 0001:00:04.0: PCI bridge, secondary bus 0001:07
pci 0001:00:04.0:   IO window: disabled
pci 0001:00:04.0:   MEM window: disabled
pci 0001:00:04.0:   PREFETCH window: disabled
pci 0001:00:05.0: PCI bridge, secondary bus 0001:08
pci 0001:00:05.0:   IO window: disabled
pci 0001:00:05.0:   MEM window: disabled
pci 0001:00:05.0:   PREFETCH window: disabled
pci 0001:00:06.0: PCI bridge, secondary bus 0001:09
pci 0001:00:06.0:   IO window: disabled
pci 0001:00:06.0:   MEM window: disabled
pci 0001:00:06.0:   PREFETCH window: disabled
pci 0001:00:07.0: PCI bridge, secondary bus 0001:02
pci 0001:00:07.0:   IO window: disabled
pci 0001:00:07.0:   MEM window: 0xfa000000-0xfa3fffff
pci 0001:00:07.0:   PREFETCH window: disabled
pci 0001:00:08.0: PCI bridge, secondary bus 0001:01
pci 0001:00:08.0:   IO window: disabled
pci 0001:00:08.0:   MEM window: 0x80000000-0x800fffff
pci 0001:00:08.0:   PREFETCH window: disabled
pci 0001:00:09.0: PCI bridge, secondary bus 0001:03
pci 0001:00:09.0:   IO window: disabled
pci 0001:00:09.0:   MEM window: 0xfa400000-0xfa4fffff
pci 0001:00:09.0:   PREFETCH window: disabled
pci_bus 0000:00: resource 0 io:  [0x10000-0x80ffff]
pci_bus 0000:00: resource 1 mem: [0xf1000000-0xf1ffffff]
pci_bus 0000:00: resource 2 mem: [0x90000000-0xafffffff]
pci_bus 0000:0a: resource 0 io:  [0x10000-0x1ffff]
pci_bus 0000:0a: resource 1 mem: [0xa8000000-0xa9ffffff]
pci_bus 0000:0a: resource 2 mem: [0x90000000-0xa7ffffff]
pci_bus 0000:0a: resource 3 mem: [0x0-0x0]
pci_bus 0001:00: resource 0 io:  [0x812000-0xc11fff]
pci_bus 0001:00: resource 1 mem: [0xfa000000-0xffffffff]
pci_bus 0001:00: resource 2 mem: [0x80000000-0x8fffffff]
pci_bus 0001:00: resource 3 mem: [0xb0000000-0xefffffff]
pci_bus 0001:04: resource 0 mem: [0x0-0x0]
pci_bus 0001:04: resource 1 mem: [0x0-0x0]
pci_bus 0001:04: resource 2 mem: [0x0-0x0]
pci_bus 0001:04: resource 3 mem: [0x0-0x0]
pci_bus 0001:05: resource 0 mem: [0x0-0x0]
pci_bus 0001:05: resource 1 mem: [0xfa500000-0xfa5fffff]
pci_bus 0001:05: resource 2 mem: [0x0-0x0]
pci_bus 0001:05: resource 3 mem: [0x0-0x0]
pci_bus 0001:06: resource 0 mem: [0x0-0x0]
pci_bus 0001:06: resource 1 mem: [0x0-0x0]
pci_bus 0001:06: resource 2 mem: [0x0-0x0]
pci_bus 0001:06: resource 3 mem: [0x0-0x0]
pci_bus 0001:07: resource 0 mem: [0x0-0x0]
pci_bus 0001:07: resource 1 mem: [0x0-0x0]
pci_bus 0001:07: resource 2 mem: [0x0-0x0]
pci_bus 0001:07: resource 3 mem: [0x0-0x0]
pci_bus 0001:08: resource 0 mem: [0x0-0x0]
pci_bus 0001:08: resource 1 mem: [0x0-0x0]
pci_bus 0001:08: resource 2 mem: [0x0-0x0]
pci_bus 0001:08: resource 3 mem: [0x0-0x0]
pci_bus 0001:09: resource 0 mem: [0x0-0x0]
pci_bus 0001:09: resource 1 mem: [0x0-0x0]
pci_bus 0001:09: resource 2 mem: [0x0-0x0]
pci_bus 0001:09: resource 3 mem: [0x0-0x0]
pci_bus 0001:02: resource 0 mem: [0x0-0x0]
pci_bus 0001:02: resource 1 mem: [0xfa000000-0xfa3fffff]
pci_bus 0001:02: resource 2 mem: [0x0-0xfffff]
pci_bus 0001:02: resource 3 mem: [0x0-0x0]
pci_bus 0001:01: resource 0 mem: [0x0-0x0]
pci_bus 0001:01: resource 1 mem: [0x80000000-0x800fffff]
pci_bus 0001:01: resource 2 mem: [0x0-0xfffff]
pci_bus 0001:01: resource 3 mem: [0x0-0x0]
pci_bus 0001:03: resource 0 mem: [0x0-0x0]
pci_bus 0001:03: resource 1 mem: [0xfa400000-0xfa4fffff]
pci_bus 0001:03: resource 2 mem: [0x0-0xfffff]
pci_bus 0001:03: resource 3 mem: [0x0-0x0]
PCI: Probing PCI hardware done
Registering pmac pic with sysfs...
bio: create slab <bio-0> at 0
SCSI subsystem initialized
libata version 3.00 loaded.
usbcore: registered new interface driver usbfs
usbcore: registered new interface driver hub
usbcore: registered new device driver usb
NET: Registered protocol family 2
IP route cache hash table entries: 262144 (order: 9, 2097152 bytes)
TCP established hash table entries: 524288 (order: 11, 8388608 bytes)
TCP bind hash table entries: 65536 (order: 8, 1048576 bytes)
TCP: Hash tables configured (established 524288 bind 65536)
TCP reno registered
NET: Registered protocol family 1
nvram_init: Could not find nvram partition for nvram buffered error logging.
Registering G5 CPU frequency driver
Frequency method: SCOM, Voltage method: GPIO
Low: 1250 Mhz, High: 2500 Mhz, Cur: 2500 MHz
HugeTLB registered 16 MB page size, pre-allocated 0 pages
msgmni has been set to 9577
alg: No test for stdrng (krng)
io scheduler noop registered
io scheduler anticipatory registered (default)
io scheduler deadline registered
io scheduler cfq registered
Using unsupported 1280x1024 NVDA,Display-A at 90020000, depth=8, pitch=1536
Console: switching to colour frame buffer device 160x64
fb0: Open Firmware frame buffer device on /pci@0,f0000000/NVDA,Parent@0/NVDA,Display-A@0
Generic RTC Driver v1.07
Linux agpgart interface v0.103
pmac_zilog: 0.6 (Benjamin Herrenschmidt <benh@kernel.crashing.org>)
ttyPZ0 at MMIO 0x80013020 (irq = 23) is a Z85c30 ESCC - Serial port
ttyPZ1 at MMIO 0x80013000 (irq = 24) is a Z85c30 ESCC - Serial port
loop: module loaded
tg3.c:v3.97 (December 10, 2008)
tg3 0001:05:04.0: PME# disabled
tg3 0001:05:04.0: firmware: using built-in firmware tigon/tg3_tso.bin
eth0: Tigon3 [partno(BCM95780) rev 8003] (PCIX:133MHz:64-bit) MAC address 00:16:cb:38:d8:c2
eth0: attached PHY is 5780 (10/100/1000Base-T Ethernet) (WireSpeed[1])
eth0: RXcsums[1] LinkChgREG[0] MIirq[0] ASF[0] TSOcap[1]
eth0: dma_rwctrl[76144000] dma_mask[40-bit]
tg3 0001:05:04.1: PME# disabled
tg3 0001:05:04.1: firmware: using built-in firmware tigon/tg3_tso.bin
eth1: Tigon3 [partno(BCM95780) rev 8003] (PCIX:133MHz:64-bit) MAC address 00:16:cb:38:d8:c3
eth1: attached PHY is 5780 (10/100/1000Base-T Ethernet) (WireSpeed[1])
eth1: RXcsums[1] LinkChgREG[0] MIirq[0] ASF[0] TSOcap[1]
eth1: dma_rwctrl[76144000] dma_mask[40-bit]
MacIO PCI driver attached to Shasta chipset
windfarm: initializing for dual-core desktop G5
Uniform Multi-Platform E-IDE driver
ide-pmac 0001:03:0d.0: enabling device (0004 -> 0006)
ide-pmac: Found Apple Shasta ATA-6 controller (PCI), bus ID 3, irq 38
Probing IDE interface ide0...
hda: HL-DT-ST DVD-RW GWA-4165B, ATAPI CD/DVD-ROM drive
hda: host max PIO4 wanted PIO255(auto-tune) selected PIO4
hda: UDMA/66 mode selected
ide0 at 0xd00008008247a000-0xd00008008247a070,0xd00008008247a160 on irq 38
ide-gd driver 1.18
ide-cd driver 5.00
ide-cd: hda: ATAPI 32X DVD-ROM DVD-R CD-R/RW drive, 2048kB Cache
Uniform CD-ROM driver Revision: 3.20
Driver 'sd' needs updating - please use bus_type methods
sata_svw 0001:03:0c.0: version 2.3
scsi0 : sata_svw
scsi1 : sata_svw
scsi2 : sata_svw
scsi3 : sata_svw
ata1: SATA max UDMA/133 mmio m8192@0xfa402000 port 0xfa402000 irq 18
ata2: SATA max UDMA/133 mmio m8192@0xfa402000 port 0xfa402100 irq 18
ata3: SATA max UDMA/133 mmio m8192@0xfa402000 port 0xfa402200 irq 18
ata4: SATA max UDMA/133 mmio m8192@0xfa402000 port 0xfa402300 irq 18
ata1: SATA link up 1.5 Gbps (SStatus 113 SControl 300)
ata1.00: ATA-7: WDC WD2500JS-41MVB1, 10.02E01, max UDMA/133
ata1.00: 488397168 sectors, multi 16: LBA48 
ata1.00: configured for UDMA/133
scsi 0:0:0:0: Direct-Access     ATA      WDC WD2500JS-41M 10.0 PQ: 0 ANSI: 5
sd 0:0:0:0: [sda] 488397168 512-byte hardware sectors: (250 GB/232 GiB)
sd 0:0:0:0: [sda] Write Protect is off
sd 0:0:0:0: [sda] Mode Sense: 00 3a 00 00
sd 0:0:0:0: [sda] Write cache: enabled, read cache: enabled, doesn't support DPO or FUA
sd 0:0:0:0: [sda] 488397168 512-byte hardware sectors: (250 GB/232 GiB)
sd 0:0:0:0: [sda] Write Protect is off
sd 0:0:0:0: [sda] Mode Sense: 00 3a 00 00
sd 0:0:0:0: [sda] Write cache: enabled, read cache: enabled, doesn't support DPO or FUA
 sda: [mac] sda1 sda2 sda3 sda4 sda5 sda6 sda7 sda8 sda9 sda10 sda11 sda12 sda13 sda14 sda15
sd 0:0:0:0: [sda] Attached SCSI disk
sd 0:0:0:0: Attached scsi generic sg0 type 0
ata2: SATA link down (SStatus 4 SControl 300)
ata3: SATA link down (SStatus 0 SControl 0)
ata4: SATA link down (SStatus 0 SControl 0)
ehci_hcd: USB 2.0 'Enhanced' Host Controller (EHCI) Driver
ehci_hcd 0001:01:0b.2: enabling device (0004 -> 0006)
ehci_hcd 0001:01:0b.2: EHCI Host Controller
ehci_hcd 0001:01:0b.2: new USB bus registered, assigned bus number 1
ehci_hcd 0001:01:0b.2: Enabling legacy PCI PM
ehci_hcd 0001:01:0b.2: irq 70, io mem 0x80080000
ehci_hcd 0001:01:0b.2: USB 2.0 started, EHCI 1.00
usb usb1: configuration #1 chosen from 1 choice
hub 1-0:1.0: USB hub found
hub 1-0:1.0: 5 ports detected
ohci_hcd: USB 1.1 'Open' Host Controller (OHCI) Driver
ohci_hcd 0001:01:0b.0: enabling device (0000 -> 0002)
ohci_hcd 0001:01:0b.0: OHCI Host Controller
ohci_hcd 0001:01:0b.0: new USB bus registered, assigned bus number 2
ohci_hcd 0001:01:0b.0: irq 70, io mem 0x80082000
usb usb2: configuration #1 chosen from 1 choice
hub 2-0:1.0: USB hub found
hub 2-0:1.0: 3 ports detected
ohci_hcd 0001:01:0b.1: enabling device (0000 -> 0002)
ohci_hcd 0001:01:0b.1: OHCI Host Controller
ohci_hcd 0001:01:0b.1: new USB bus registered, assigned bus number 3
ohci_hcd 0001:01:0b.1: irq 70, io mem 0x80081000
usb usb3: configuration #1 chosen from 1 choice
hub 3-0:1.0: USB hub found
hub 3-0:1.0: 2 ports detected
mice: PS/2 mouse device common for all mice
PowerMac i2c bus smu 14 registered
wf_sat: creating sat at address b0
wf_sat: creating sat at address b2
PowerMac i2c bus smu 11 registered
PowerMac i2c bus mac-io 0 registered
PowerMac i2c bus mac-io 0 registered
found max6690, loc=BACKSIDE addr=0x98
found max6690, loc=TUNNEL addr=0x9c
PowerMac i2c bus u4 1 registered
usbcore: registered new interface driver usbhid
usbhid: v2.6:USB HID core driver
oprofile: using ppc64/970MP performance monitoring.
TCP cubic registered
Initializing XFRM netlink socket
NET: Registered protocol family 17
NET: Registered protocol family 15
kjournald starting.  Commit interval 5 seconds
EXT3-fs: mounted filesystem with ordered data mode.
VFS: Mounted root (ext3 filesystem) readonly on device 8:11.
Freeing unused kernel memory: 244k freed
windfarm: CPUs control loops started.
usb 2-2: configuration #1 chosen from 1 choice
hub 2-2:1.0: USB hub found
hub 2-2:1.0: 3 ports detected
usb 2-2.1: configuration #1 chosen from 1 choice
input: Mitsumi Electric Apple Optical USB Mouse as /devices/pci0001:00/0001:00:08.0/0001:01:0b.0/usb2/2-2/2-2.1/2-2.1:1.0/input/input0
apple 0003:05AC:0304.0001: input: USB HID v1.10 Mouse [Mitsumi Electric Apple Optical USB Mouse] on usb-0001:01:0b.0-2.1/input0
sat 0 partition c8: c8 6 2 7f ff 2 ff 1 fb bf 0 59 0 20 0 0 0 7 89 37 0 a0 0 0
usb 2-2.3: configuration #1 chosen from 1 choice
input: Mitsumi Electric Apple Extended USB Keyboard as /devices/pci0001:00/0001:00:08.0/0001:01:0b.0/usb2/2-2/2-2.3/2-2.3:1.0/input/input1
generic-usb 0003:05AC:020B.0002: input: USB HID v1.10 Keyboard [Mitsumi Electric Apple Extended USB Keyboard] on usb-0001:01:0b.0-2.3/input0
input: Mitsumi Electric Apple Extended USB Keyboard as /devices/pci0001:00/0001:00:08.0/0001:01:0b.0/usb2/2-2/2-2.3/2-2.3:1.1/input/input2
generic-usb 0003:05AC:020B.0003: input: USB HID v1.10 Device [Mitsumi Electric Apple Extended USB Keyboard] on usb-0001:01:0b.0-2.3/input1
udevd version 128 started
sat 0 partition c4: c4 4 1 7f a0 12 20 5f ff 55 a 13 7b 12 0 0
sat 0 partition c9: c9 6 2 7f ff 2 ff 1 fb bf 0 59 0 20 0 0 0 7 89 37 0 a0 0 0
sat 0 partition c5: c5 4 1 7f a0 12 20 5f ff 55 29 14 7b 12 0 0
swap_cgroup: uses 8192 bytes of vmalloc for pointer array space and 4194304 bytes to hold mem_cgroup pointers on swap
swap_cgroup can be disabled by noswapaccount boot option.
Adding 2097144k swap on /dev/sda10.  Priority:-1 extents:1 across:2097144k 
EXT3 FS on sda11, internal journal
sat 1 partition c8: c8 6 2 7f ff 2 ff 1 fb bf 0 59 0 20 0 0 0 7 89 37 0 a0 0 0
sat 1 partition c4: c4 4 1 7f a0 12 20 5f ff 55 7b 12 7b 12 0 0
sat 1 partition c9: c9 6 2 7f ff 2 ff 1 fb bf 0 59 0 20 0 0 0 7 89 37 0 a0 0 0
kjournald starting.  Commit interval 60 seconds
EXT3 FS on sda12, internal journal
EXT3-fs: mounted filesystem with ordered data mode.
sat 1 partition c5: c5 4 1 7f a0 12 20 5f ff 55 9a 13 7b 12 0 0
windfarm: Backside control loop started.
windfarm: Slots control loop started.
windfarm: Drive bay control loop started.
tg3 0001:05:04.0: PME# disabled
tg3: eth0: Link is up at 100 Mbps, full duplex.
tg3: eth0: Flow control is on for TX and on for RX.
PCI: Non-PCI map for f0000000, prot: 32b
#
# Automatically generated make config: don't edit
# Linux kernel version: 2.6.29-rc2
# Sat Jan 17 10:57:14 2009
#
CONFIG_PPC64=y
#
# Processor support
#
CONFIG_POWER4_ONLY=y
CONFIG_POWER4=y
# CONFIG_TUNE_CELL is not set
CONFIG_PPC_FPU=y
CONFIG_ALTIVEC=y
# CONFIG_VSX is not set
CONFIG_PPC_STD_MMU=y
CONFIG_PPC_STD_MMU_64=y
CONFIG_PPC_MM_SLICES=y
CONFIG_VIRT_CPU_ACCOUNTING=y
CONFIG_SMP=y
CONFIG_NR_CPUS=4
CONFIG_64BIT=y
CONFIG_WORD_SIZE=64
CONFIG_ARCH_PHYS_ADDR_T_64BIT=y
CONFIG_MMU=y
CONFIG_GENERIC_CMOS_UPDATE=y
CONFIG_GENERIC_TIME=y
CONFIG_GENERIC_TIME_VSYSCALL=y
CONFIG_GENERIC_CLOCKEVENTS=y
CONFIG_GENERIC_HARDIRQS=y
CONFIG_HAVE_SETUP_PER_CPU_AREA=y
CONFIG_IRQ_PER_CPU=y
CONFIG_STACKTRACE_SUPPORT=y
CONFIG_HAVE_LATENCYTOP_SUPPORT=y
CONFIG_TRACE_IRQFLAGS_SUPPORT=y
CONFIG_LOCKDEP_SUPPORT=y
CONFIG_RWSEM_XCHGADD_ALGORITHM=y
CONFIG_GENERIC_LOCKBREAK=y
CONFIG_ARCH_HAS_ILOG2_U32=y
CONFIG_ARCH_HAS_ILOG2_U64=y
CONFIG_GENERIC_HWEIGHT=y
CONFIG_GENERIC_CALIBRATE_DELAY=y
CONFIG_GENERIC_FIND_NEXT_BIT=y
CONFIG_ARCH_NO_VIRT_TO_BUS=y
CONFIG_PPC=y
CONFIG_EARLY_PRINTK=y
CONFIG_COMPAT=y
CONFIG_SYSVIPC_COMPAT=y
CONFIG_SCHED_OMIT_FRAME_POINTER=y
CONFIG_ARCH_MAY_HAVE_PC_FDC=y
CONFIG_PPC_OF=y
CONFIG_OF=y
# CONFIG_PPC_UDBG_16550 is not set
CONFIG_GENERIC_TBSYNC=y
CONFIG_AUDIT_ARCH=y
CONFIG_GENERIC_BUG=y
# CONFIG_DEFAULT_UIMAGE is not set
CONFIG_HIBERNATE_64=y
CONFIG_ARCH_HIBERNATION_POSSIBLE=y
# CONFIG_PPC_DCR_NATIVE is not set
# CONFIG_PPC_DCR_MMIO is not set
# CONFIG_PPC_OF_PLATFORM_PCI is not set
CONFIG_DEFCONFIG_LIST="/lib/modules/$UNAME_RELEASE/.config"
#
# General setup
#
CONFIG_EXPERIMENTAL=y
CONFIG_LOCK_KERNEL=y
CONFIG_INIT_ENV_ARG_LIMIT=32
CONFIG_LOCALVERSION=""
# CONFIG_LOCALVERSION_AUTO is not set
CONFIG_SWAP=y
CONFIG_SYSVIPC=y
CONFIG_SYSVIPC_SYSCTL=y
# CONFIG_POSIX_MQUEUE is not set
# CONFIG_BSD_PROCESS_ACCT is not set
# CONFIG_TASKSTATS is not set
# CONFIG_AUDIT is not set
CONFIG_IKCONFIG=y
CONFIG_IKCONFIG_PROC=y
CONFIG_LOG_BUF_SHIFT=16
# CONFIG_GROUP_SCHED is not set
CONFIG_CGROUPS=y
# CONFIG_CGROUP_DEBUG is not set
# CONFIG_CGROUP_NS is not set
# CONFIG_CGROUP_FREEZER is not set
# CONFIG_CGROUP_DEVICE is not set
# CONFIG_CPUSETS is not set
# CONFIG_CGROUP_CPUACCT is not set
CONFIG_RESOURCE_COUNTERS=y
CONFIG_CGROUP_MEM_RES_CTLR=y
CONFIG_CGROUP_MEM_RES_CTLR_SWAP=y
CONFIG_MM_OWNER=y
# CONFIG_SYSFS_DEPRECATED_V2 is not set
# CONFIG_RELAY is not set
CONFIG_NAMESPACES=y
# CONFIG_UTS_NS is not set
# CONFIG_IPC_NS is not set
# CONFIG_USER_NS is not set
# CONFIG_PID_NS is not set
# CONFIG_BLK_DEV_INITRD is not set
CONFIG_CC_OPTIMIZE_FOR_SIZE=y
CONFIG_SYSCTL=y
# CONFIG_EMBEDDED is not set
CONFIG_SYSCTL_SYSCALL=y
CONFIG_KALLSYMS=y
CONFIG_KALLSYMS_ALL=y
CONFIG_KALLSYMS_STRIP_GENERATED=y
# CONFIG_KALLSYMS_EXTRA_PASS is not set
CONFIG_HOTPLUG=y
CONFIG_PRINTK=y
CONFIG_BUG=y
CONFIG_ELF_CORE=y
# CONFIG_COMPAT_BRK is not set
CONFIG_BASE_FULL=y
CONFIG_FUTEX=y
CONFIG_ANON_INODES=y
CONFIG_EPOLL=y
CONFIG_SIGNALFD=y
CONFIG_TIMERFD=y
CONFIG_EVENTFD=y
CONFIG_SHMEM=y
CONFIG_AIO=y
CONFIG_VM_EVENT_COUNTERS=y
CONFIG_PCI_QUIRKS=y
CONFIG_SLUB_DEBUG=y
# CONFIG_SLAB is not set
CONFIG_SLUB=y
# CONFIG_SLOB is not set
CONFIG_PROFILING=y
CONFIG_TRACEPOINTS=y
# CONFIG_MARKERS is not set
CONFIG_OPROFILE=y
CONFIG_HAVE_OPROFILE=y
# CONFIG_KPROBES is not set
CONFIG_HAVE_EFFICIENT_UNALIGNED_ACCESS=y
CONFIG_HAVE_SYSCALL_WRAPPERS=y
CONFIG_HAVE_IOREMAP_PROT=y
CONFIG_HAVE_KPROBES=y
CONFIG_HAVE_KRETPROBES=y
CONFIG_HAVE_ARCH_TRACEHOOK=y
CONFIG_HAVE_DMA_ATTRS=y
CONFIG_USE_GENERIC_SMP_HELPERS=y
# CONFIG_HAVE_GENERIC_DMA_COHERENT is not set
CONFIG_SLABINFO=y
CONFIG_RT_MUTEXES=y
CONFIG_BASE_SMALL=0
CONFIG_MODULES=y
# CONFIG_MODULE_FORCE_LOAD is not set
CONFIG_MODULE_UNLOAD=y
CONFIG_MODULE_FORCE_UNLOAD=y
# CONFIG_MODVERSIONS is not set
# CONFIG_MODULE_SRCVERSION_ALL is not set
CONFIG_STOP_MACHINE=y
CONFIG_BLOCK=y
# CONFIG_BLK_DEV_IO_TRACE is not set
# CONFIG_BLK_DEV_BSG is not set
# CONFIG_BLK_DEV_INTEGRITY is not set
CONFIG_BLOCK_COMPAT=y
#
# IO Schedulers
#
CONFIG_IOSCHED_NOOP=y
CONFIG_IOSCHED_AS=y
CONFIG_IOSCHED_DEADLINE=y
CONFIG_IOSCHED_CFQ=y
CONFIG_DEFAULT_AS=y
# CONFIG_DEFAULT_DEADLINE is not set
# CONFIG_DEFAULT_CFQ is not set
# CONFIG_DEFAULT_NOOP is not set
CONFIG_DEFAULT_IOSCHED="anticipatory"
# CONFIG_CLASSIC_RCU is not set
# CONFIG_TREE_RCU is not set
CONFIG_PREEMPT_RCU=y
# CONFIG_RCU_TRACE is not set
# CONFIG_TREE_RCU_TRACE is not set
# CONFIG_PREEMPT_RCU_TRACE is not set
# CONFIG_FREEZER is not set
#
# Platform support
#
CONFIG_PPC_MULTIPLATFORM=y
# CONFIG_PPC_PSERIES is not set
# CONFIG_PPC_ISERIES is not set
CONFIG_PPC_PMAC=y
CONFIG_PPC_PMAC64=y
# CONFIG_PPC_MAPLE is not set
# CONFIG_PPC_PASEMI is not set
# CONFIG_PPC_PS3 is not set
# CONFIG_PPC_CELL is not set
# CONFIG_PPC_CELL_NATIVE is not set
# CONFIG_PPC_IBM_CELL_BLADE is not set
# CONFIG_PPC_CELLEB is not set
# CONFIG_PPC_CELL_QPACE is not set
# CONFIG_PQ2ADS is not set
CONFIG_PPC_NATIVE=y
# CONFIG_IPIC is not set
CONFIG_MPIC=y
# CONFIG_MPIC_WEIRD is not set
# CONFIG_PPC_I8259 is not set
CONFIG_U3_DART=y
# CONFIG_PPC_RTAS is not set
# CONFIG_MMIO_NVRAM is not set
CONFIG_MPIC_U3_HT_IRQS=y
# CONFIG_PPC_MPC106 is not set
CONFIG_PPC_970_NAP=y
# CONFIG_PPC_INDIRECT_IO is not set
# CONFIG_GENERIC_IOMAP is not set
CONFIG_CPU_FREQ=y
CONFIG_CPU_FREQ_TABLE=y
# CONFIG_CPU_FREQ_DEBUG is not set
CONFIG_CPU_FREQ_STAT=y
CONFIG_CPU_FREQ_STAT_DETAILS=y
CONFIG_CPU_FREQ_DEFAULT_GOV_PERFORMANCE=y
# CONFIG_CPU_FREQ_DEFAULT_GOV_POWERSAVE is not set
# CONFIG_CPU_FREQ_DEFAULT_GOV_USERSPACE is not set
# CONFIG_CPU_FREQ_DEFAULT_GOV_ONDEMAND is not set
# CONFIG_CPU_FREQ_DEFAULT_GOV_CONSERVATIVE is not set
CONFIG_CPU_FREQ_GOV_PERFORMANCE=y
CONFIG_CPU_FREQ_GOV_POWERSAVE=y
CONFIG_CPU_FREQ_GOV_USERSPACE=y
CONFIG_CPU_FREQ_GOV_ONDEMAND=y
# CONFIG_CPU_FREQ_GOV_CONSERVATIVE is not set
#
# CPU Frequency drivers
#
CONFIG_CPU_FREQ_PMAC64=y
# CONFIG_FSL_ULI1575 is not set
# CONFIG_SIMPLE_GPIO is not set
#
# Kernel options
#
# CONFIG_NO_HZ is not set
# CONFIG_HIGH_RES_TIMERS is not set
CONFIG_GENERIC_CLOCKEVENTS_BUILD=y
# CONFIG_HZ_100 is not set
CONFIG_HZ_250=y
# CONFIG_HZ_300 is not set
# CONFIG_HZ_1000 is not set
CONFIG_HZ=250
# CONFIG_SCHED_HRTICK is not set
# CONFIG_PREEMPT_NONE is not set
# CONFIG_PREEMPT_VOLUNTARY is not set
CONFIG_PREEMPT=y
CONFIG_BINFMT_ELF=y
CONFIG_COMPAT_BINFMT_ELF=y
# CONFIG_CORE_DUMP_DEFAULT_ELF_HEADERS is not set
# CONFIG_HAVE_AOUT is not set
# CONFIG_BINFMT_MISC is not set
CONFIG_HUGETLB_PAGE_SIZE_VARIABLE=y
# CONFIG_IOMMU_VMERGE is not set
CONFIG_IOMMU_HELPER=y
# CONFIG_HOTPLUG_CPU is not set
CONFIG_ARCH_ENABLE_MEMORY_HOTPLUG=y
CONFIG_ARCH_HAS_WALK_MEMORY=y
CONFIG_ARCH_ENABLE_MEMORY_HOTREMOVE=y
# CONFIG_KEXEC is not set
# CONFIG_CRASH_DUMP is not set
CONFIG_IRQ_ALL_CPUS=y
# CONFIG_NUMA is not set
CONFIG_ARCH_SELECT_MEMORY_MODEL=y
CONFIG_ARCH_FLATMEM_ENABLE=y
CONFIG_ARCH_SPARSEMEM_ENABLE=y
CONFIG_ARCH_POPULATES_NODE_MAP=y
CONFIG_SELECT_MEMORY_MODEL=y
CONFIG_FLATMEM_MANUAL=y
# CONFIG_DISCONTIGMEM_MANUAL is not set
# CONFIG_SPARSEMEM_MANUAL is not set
CONFIG_FLATMEM=y
CONFIG_FLAT_NODE_MEM_MAP=y
CONFIG_SPARSEMEM_VMEMMAP_ENABLE=y
CONFIG_PAGEFLAGS_EXTENDED=y
CONFIG_SPLIT_PTLOCK_CPUS=4
CONFIG_MIGRATION=y
CONFIG_PHYS_ADDR_T_64BIT=y
CONFIG_ZONE_DMA_FLAG=1
CONFIG_BOUNCE=y
CONFIG_UNEVICTABLE_LRU=y
# CONFIG_PPC_HAS_HASH_64K is not set
CONFIG_PPC_4K_PAGES=y
# CONFIG_PPC_16K_PAGES is not set
# CONFIG_PPC_64K_PAGES is not set
CONFIG_FORCE_MAX_ZONEORDER=13
CONFIG_SCHED_SMT=y
CONFIG_PROC_DEVICETREE=y
# CONFIG_CMDLINE_BOOL is not set
CONFIG_EXTRA_TARGETS=""
# CONFIG_PM is not set
CONFIG_SECCOMP=y
CONFIG_ISA_DMA_API=y
#
# Bus options
#
CONFIG_ZONE_DMA=y
CONFIG_GENERIC_ISA_DMA=y
# CONFIG_PPC_INDIRECT_PCI is not set
CONFIG_PCI=y
CONFIG_PCI_DOMAINS=y
CONFIG_PCI_SYSCALL=y
# CONFIG_PCIEPORTBUS is not set
CONFIG_ARCH_SUPPORTS_MSI=y
# CONFIG_PCI_MSI is not set
# CONFIG_PCI_LEGACY is not set
# CONFIG_PCI_DEBUG is not set
# CONFIG_PCI_STUB is not set
# CONFIG_PCCARD is not set
# CONFIG_HOTPLUG_PCI is not set
# CONFIG_HAS_RAPIDIO is not set
# CONFIG_RELOCATABLE is not set
CONFIG_PAGE_OFFSET=0xc000000000000000
CONFIG_KERNEL_START=0xc000000000000000
CONFIG_PHYSICAL_START=0x00000000
CONFIG_NET=y
#
# Networking options
#
# CONFIG_NET_NS is not set
CONFIG_COMPAT_NET_DEV_OPS=y
CONFIG_PACKET=y
CONFIG_PACKET_MMAP=y
CONFIG_UNIX=y
CONFIG_XFRM=y
CONFIG_XFRM_USER=y
# CONFIG_XFRM_SUB_POLICY is not set
# CONFIG_XFRM_MIGRATE is not set
# CONFIG_XFRM_STATISTICS is not set
CONFIG_XFRM_IPCOMP=y
CONFIG_NET_KEY=y
# CONFIG_NET_KEY_MIGRATE is not set
CONFIG_INET=y
# CONFIG_IP_MULTICAST is not set
# CONFIG_IP_ADVANCED_ROUTER is not set
CONFIG_IP_FIB_HASH=y
# CONFIG_IP_PNP is not set
# CONFIG_NET_IPIP is not set
# CONFIG_NET_IPGRE is not set
# CONFIG_ARPD is not set
# CONFIG_SYN_COOKIES is not set
CONFIG_INET_AH=y
CONFIG_INET_ESP=y
CONFIG_INET_IPCOMP=y
CONFIG_INET_XFRM_TUNNEL=y
CONFIG_INET_TUNNEL=y
# CONFIG_INET_XFRM_MODE_TRANSPORT is not set
# CONFIG_INET_XFRM_MODE_TUNNEL is not set
# CONFIG_INET_XFRM_MODE_BEET is not set
# CONFIG_INET_LRO is not set
CONFIG_INET_DIAG=y
CONFIG_INET_TCP_DIAG=y
# CONFIG_TCP_CONG_ADVANCED is not set
CONFIG_TCP_CONG_CUBIC=y
CONFIG_DEFAULT_TCP_CONG="cubic"
# CONFIG_TCP_MD5SIG is not set
# CONFIG_IPV6 is not set
# CONFIG_NETWORK_SECMARK is not set
# CONFIG_NETFILTER is not set
# CONFIG_IP_DCCP is not set
# CONFIG_IP_SCTP is not set
# CONFIG_TIPC is not set
# CONFIG_ATM is not set
# CONFIG_BRIDGE is not set
# CONFIG_NET_DSA is not set
# CONFIG_VLAN_8021Q is not set
# CONFIG_DECNET is not set
# CONFIG_LLC2 is not set
# CONFIG_IPX is not set
# CONFIG_ATALK is not set
# CONFIG_X25 is not set
# CONFIG_LAPB is not set
# CONFIG_ECONET is not set
# CONFIG_WAN_ROUTER is not set
# CONFIG_NET_SCHED is not set
# CONFIG_DCB is not set
#
# Network testing
#
# CONFIG_NET_PKTGEN is not set
# CONFIG_HAMRADIO is not set
# CONFIG_CAN is not set
# CONFIG_IRDA is not set
# CONFIG_BT is not set
# CONFIG_AF_RXRPC is not set
# CONFIG_PHONET is not set
# CONFIG_WIRELESS is not set
# CONFIG_WIMAX is not set
# CONFIG_RFKILL is not set
# CONFIG_NET_9P is not set
#
# Device Drivers
#
#
# Generic Driver Options
#
CONFIG_UEVENT_HELPER_PATH="\"\""
CONFIG_STANDALONE=y
CONFIG_PREVENT_FIRMWARE_BUILD=y
CONFIG_FW_LOADER=y
CONFIG_FIRMWARE_IN_KERNEL=y
CONFIG_EXTRA_FIRMWARE=""
# CONFIG_DEBUG_DRIVER is not set
# CONFIG_DEBUG_DEVRES is not set
# CONFIG_SYS_HYPERVISOR is not set
# CONFIG_CONNECTOR is not set
# CONFIG_MTD is not set
CONFIG_OF_DEVICE=y
CONFIG_OF_I2C=y
# CONFIG_PARPORT is not set
CONFIG_BLK_DEV=y
# CONFIG_BLK_DEV_FD is not set
# CONFIG_BLK_CPQ_CISS_DA is not set
# CONFIG_BLK_DEV_DAC960 is not set
# CONFIG_BLK_DEV_UMEM is not set
# CONFIG_BLK_DEV_COW_COMMON is not set
CONFIG_BLK_DEV_LOOP=y
# CONFIG_BLK_DEV_CRYPTOLOOP is not set
# CONFIG_BLK_DEV_NBD is not set
# CONFIG_BLK_DEV_SX8 is not set
# CONFIG_BLK_DEV_UB is not set
# CONFIG_BLK_DEV_RAM is not set
# CONFIG_CDROM_PKTCDVD is not set
# CONFIG_ATA_OVER_ETH is not set
# CONFIG_BLK_DEV_HD is not set
CONFIG_MISC_DEVICES=y
# CONFIG_PHANTOM is not set
# CONFIG_EEPROM_93CX6 is not set
# CONFIG_SGI_IOC4 is not set
# CONFIG_TIFM_CORE is not set
# CONFIG_ICS932S401 is not set
# CONFIG_ENCLOSURE_SERVICES is not set
# CONFIG_HP_ILO is not set
# CONFIG_C2PORT is not set
CONFIG_HAVE_IDE=y
CONFIG_IDE=y
#
# Please see Documentation/ide/ide.txt for help/info on IDE drives
#
CONFIG_IDE_TIMINGS=y
CONFIG_IDE_ATAPI=y
# CONFIG_BLK_DEV_IDE_SATA is not set
CONFIG_IDE_GD=y
CONFIG_IDE_GD_ATA=y
# CONFIG_IDE_GD_ATAPI is not set
CONFIG_BLK_DEV_IDECD=y
CONFIG_BLK_DEV_IDECD_VERBOSE_ERRORS=y
# CONFIG_BLK_DEV_IDETAPE is not set
# CONFIG_IDE_TASK_IOCTL is not set
CONFIG_IDE_PROC_FS=y
#
# IDE chipset support/bugfixes
#
# CONFIG_BLK_DEV_PLATFORM is not set
CONFIG_BLK_DEV_IDEDMA_SFF=y
#
# PCI IDE chipsets support
#
CONFIG_BLK_DEV_IDEPCI=y
CONFIG_IDEPCI_PCIBUS_ORDER=y
# CONFIG_BLK_DEV_OFFBOARD is not set
CONFIG_BLK_DEV_GENERIC=y
# CONFIG_BLK_DEV_OPTI621 is not set
CONFIG_BLK_DEV_IDEDMA_PCI=y
# CONFIG_BLK_DEV_AEC62XX is not set
# CONFIG_BLK_DEV_ALI15X3 is not set
# CONFIG_BLK_DEV_AMD74XX is not set
# CONFIG_BLK_DEV_CMD64X is not set
# CONFIG_BLK_DEV_TRIFLEX is not set
# CONFIG_BLK_DEV_CS5520 is not set
# CONFIG_BLK_DEV_CS5530 is not set
# CONFIG_BLK_DEV_HPT366 is not set
# CONFIG_BLK_DEV_JMICRON is not set
# CONFIG_BLK_DEV_SC1200 is not set
# CONFIG_BLK_DEV_PIIX is not set
# CONFIG_BLK_DEV_IT8172 is not set
# CONFIG_BLK_DEV_IT8213 is not set
# CONFIG_BLK_DEV_IT821X is not set
# CONFIG_BLK_DEV_NS87415 is not set
# CONFIG_BLK_DEV_PDC202XX_OLD is not set
# CONFIG_BLK_DEV_PDC202XX_NEW is not set
# CONFIG_BLK_DEV_SVWKS is not set
# CONFIG_BLK_DEV_SIIMAGE is not set
# CONFIG_BLK_DEV_SL82C105 is not set
# CONFIG_BLK_DEV_SLC90E66 is not set
# CONFIG_BLK_DEV_TRM290 is not set
# CONFIG_BLK_DEV_VIA82CXXX is not set
# CONFIG_BLK_DEV_TC86C001 is not set
CONFIG_BLK_DEV_IDE_PMAC=y
CONFIG_BLK_DEV_IDE_PMAC_ATA100FIRST=y
CONFIG_BLK_DEV_IDEDMA=y
#
# SCSI device support
#
# CONFIG_RAID_ATTRS is not set
CONFIG_SCSI=y
CONFIG_SCSI_DMA=y
# CONFIG_SCSI_TGT is not set
# CONFIG_SCSI_NETLINK is not set
CONFIG_SCSI_PROC_FS=y
#
# SCSI support type (disk, tape, CD-ROM)
#
CONFIG_BLK_DEV_SD=y
# CONFIG_CHR_DEV_ST is not set
# CONFIG_CHR_DEV_OSST is not set
# CONFIG_BLK_DEV_SR is not set
CONFIG_CHR_DEV_SG=y
# CONFIG_CHR_DEV_SCH is not set
#
# Some SCSI devices (e.g. CD jukebox) support multiple LUNs
#
# CONFIG_SCSI_MULTI_LUN is not set
# CONFIG_SCSI_CONSTANTS is not set
# CONFIG_SCSI_LOGGING is not set
# CONFIG_SCSI_SCAN_ASYNC is not set
CONFIG_SCSI_WAIT_SCAN=m
#
# SCSI Transports
#
# CONFIG_SCSI_SPI_ATTRS is not set
# CONFIG_SCSI_FC_ATTRS is not set
# CONFIG_SCSI_ISCSI_ATTRS is not set
# CONFIG_SCSI_SAS_LIBSAS is not set
# CONFIG_SCSI_SRP_ATTRS is not set
CONFIG_SCSI_LOWLEVEL=y
# CONFIG_ISCSI_TCP is not set
# CONFIG_BLK_DEV_3W_XXXX_RAID is not set
# CONFIG_SCSI_3W_9XXX is not set
# CONFIG_SCSI_ACARD is not set
# CONFIG_SCSI_AACRAID is not set
# CONFIG_SCSI_AIC7XXX is not set
# CONFIG_SCSI_AIC7XXX_OLD is not set
# CONFIG_SCSI_AIC79XX is not set
# CONFIG_SCSI_AIC94XX is not set
# CONFIG_SCSI_ARCMSR is not set
# CONFIG_MEGARAID_NEWGEN is not set
# CONFIG_MEGARAID_LEGACY is not set
# CONFIG_MEGARAID_SAS is not set
# CONFIG_SCSI_HPTIOP is not set
# CONFIG_LIBFC is not set
# CONFIG_FCOE is not set
# CONFIG_SCSI_DMX3191D is not set
# CONFIG_SCSI_EATA is not set
# CONFIG_SCSI_FUTURE_DOMAIN is not set
# CONFIG_SCSI_GDTH is not set
# CONFIG_SCSI_IPS is not set
# CONFIG_SCSI_INITIO is not set
# CONFIG_SCSI_INIA100 is not set
# CONFIG_SCSI_MVSAS is not set
# CONFIG_SCSI_STEX is not set
# CONFIG_SCSI_SYM53C8XX_2 is not set
# CONFIG_SCSI_IPR is not set
# CONFIG_SCSI_QLOGIC_1280 is not set
# CONFIG_SCSI_QLA_FC is not set
# CONFIG_SCSI_QLA_ISCSI is not set
# CONFIG_SCSI_LPFC is not set
# CONFIG_SCSI_DC395x is not set
# CONFIG_SCSI_DC390T is not set
# CONFIG_SCSI_DEBUG is not set
# CONFIG_SCSI_SRP is not set
# CONFIG_SCSI_DH is not set
CONFIG_ATA=y
# CONFIG_ATA_NONSTANDARD is not set
# CONFIG_SATA_PMP is not set
# CONFIG_SATA_AHCI is not set
# CONFIG_SATA_SIL24 is not set
CONFIG_ATA_SFF=y
CONFIG_SATA_SVW=y
# CONFIG_ATA_PIIX is not set
# CONFIG_SATA_MV is not set
# CONFIG_SATA_NV is not set
# CONFIG_PDC_ADMA is not set
# CONFIG_SATA_QSTOR is not set
# CONFIG_SATA_PROMISE is not set
# CONFIG_SATA_SX4 is not set
# CONFIG_SATA_SIL is not set
# CONFIG_SATA_SIS is not set
# CONFIG_SATA_ULI is not set
# CONFIG_SATA_VIA is not set
# CONFIG_SATA_VITESSE is not set
# CONFIG_SATA_INIC162X is not set
# CONFIG_PATA_ALI is not set
# CONFIG_PATA_AMD is not set
# CONFIG_PATA_ARTOP is not set
# CONFIG_PATA_ATIIXP is not set
# CONFIG_PATA_CMD640_PCI is not set
# CONFIG_PATA_CMD64X is not set
# CONFIG_PATA_CS5520 is not set
# CONFIG_PATA_CS5530 is not set
# CONFIG_PATA_CYPRESS is not set
# CONFIG_PATA_EFAR is not set
# CONFIG_ATA_GENERIC is not set
# CONFIG_PATA_HPT366 is not set
# CONFIG_PATA_HPT37X is not set
# CONFIG_PATA_HPT3X2N is not set
# CONFIG_PATA_HPT3X3 is not set
# CONFIG_PATA_IT821X is not set
# CONFIG_PATA_IT8213 is not set
# CONFIG_PATA_JMICRON is not set
# CONFIG_PATA_TRIFLEX is not set
# CONFIG_PATA_MARVELL is not set
# CONFIG_PATA_MPIIX is not set
# CONFIG_PATA_OLDPIIX is not set
# CONFIG_PATA_NETCELL is not set
# CONFIG_PATA_NINJA32 is not set
# CONFIG_PATA_NS87410 is not set
# CONFIG_PATA_NS87415 is not set
# CONFIG_PATA_OPTI is not set
# CONFIG_PATA_OPTIDMA is not set
# CONFIG_PATA_PDC_OLD is not set
# CONFIG_PATA_RADISYS is not set
# CONFIG_PATA_RZ1000 is not set
# CONFIG_PATA_SC1200 is not set
# CONFIG_PATA_SERVERWORKS is not set
# CONFIG_PATA_PDC2027X is not set
# CONFIG_PATA_SIL680 is not set
# CONFIG_PATA_SIS is not set
# CONFIG_PATA_VIA is not set
# CONFIG_PATA_WINBOND is not set
# CONFIG_PATA_PLATFORM is not set
# CONFIG_PATA_SCH is not set
# CONFIG_MD is not set
# CONFIG_FUSION is not set
#
# IEEE 1394 (FireWire) support
#
#
# Enable only one of the two stacks, unless you know what you are doing
#
# CONFIG_FIREWIRE is not set
# CONFIG_IEEE1394 is not set
# CONFIG_I2O is not set
CONFIG_MACINTOSH_DRIVERS=y
# CONFIG_ADB_PMU is not set
CONFIG_PMAC_SMU=y
# CONFIG_MAC_EMUMOUSEBTN is not set
CONFIG_THERM_PM72=y
CONFIG_WINDFARM=y
# CONFIG_WINDFARM_PM81 is not set
# CONFIG_WINDFARM_PM91 is not set
CONFIG_WINDFARM_PM112=y
# CONFIG_WINDFARM_PM121 is not set
# CONFIG_PMAC_RACKMETER is not set
CONFIG_NETDEVICES=y
# CONFIG_DUMMY is not set
# CONFIG_BONDING is not set
# CONFIG_MACVLAN is not set
# CONFIG_EQUALIZER is not set
# CONFIG_TUN is not set
# CONFIG_VETH is not set
# CONFIG_ARCNET is not set
CONFIG_PHYLIB=y
#
# MII PHY device drivers
#
# CONFIG_MARVELL_PHY is not set
# CONFIG_DAVICOM_PHY is not set
# CONFIG_QSEMI_PHY is not set
# CONFIG_LXT_PHY is not set
# CONFIG_CICADA_PHY is not set
# CONFIG_VITESSE_PHY is not set
# CONFIG_SMSC_PHY is not set
CONFIG_BROADCOM_PHY=y
# CONFIG_ICPLUS_PHY is not set
# CONFIG_REALTEK_PHY is not set
# CONFIG_NATIONAL_PHY is not set
# CONFIG_STE10XP is not set
# CONFIG_LSI_ET1011C_PHY is not set
# CONFIG_FIXED_PHY is not set
# CONFIG_MDIO_BITBANG is not set
CONFIG_NET_ETHERNET=y
CONFIG_MII=y
# CONFIG_HAPPYMEAL is not set
# CONFIG_SUNGEM is not set
# CONFIG_CASSINI is not set
# CONFIG_NET_VENDOR_3COM is not set
# CONFIG_NET_TULIP is not set
# CONFIG_HP100 is not set
# CONFIG_IBM_NEW_EMAC_ZMII is not set
# CONFIG_IBM_NEW_EMAC_RGMII is not set
# CONFIG_IBM_NEW_EMAC_TAH is not set
# CONFIG_IBM_NEW_EMAC_EMAC4 is not set
# CONFIG_IBM_NEW_EMAC_NO_FLOW_CTRL is not set
# CONFIG_IBM_NEW_EMAC_MAL_CLR_ICINTSTAT is not set
# CONFIG_IBM_NEW_EMAC_MAL_COMMON_ERR is not set
# CONFIG_NET_PCI is not set
# CONFIG_B44 is not set
# CONFIG_ATL2 is not set
CONFIG_NETDEV_1000=y
# CONFIG_ACENIC is not set
# CONFIG_DL2K is not set
# CONFIG_E1000 is not set
# CONFIG_E1000E is not set
# CONFIG_IP1000 is not set
# CONFIG_IGB is not set
# CONFIG_NS83820 is not set
# CONFIG_HAMACHI is not set
# CONFIG_YELLOWFIN is not set
# CONFIG_R8169 is not set
# CONFIG_SIS190 is not set
# CONFIG_SKGE is not set
# CONFIG_SKY2 is not set
# CONFIG_VIA_VELOCITY is not set
CONFIG_TIGON3=y
# CONFIG_BNX2 is not set
# CONFIG_QLA3XXX is not set
# CONFIG_ATL1 is not set
# CONFIG_ATL1E is not set
# CONFIG_JME is not set
# CONFIG_NETDEV_10000 is not set
# CONFIG_TR is not set
#
# Wireless LAN
#
# CONFIG_WLAN_PRE80211 is not set
# CONFIG_WLAN_80211 is not set
# CONFIG_IWLWIFI_LEDS is not set
#
# Enable WiMAX (Networking options) to see the WiMAX drivers
#
#
# USB Network Adapters
#
# CONFIG_USB_CATC is not set
# CONFIG_USB_KAWETH is not set
# CONFIG_USB_PEGASUS is not set
# CONFIG_USB_RTL8150 is not set
# CONFIG_USB_USBNET is not set
# CONFIG_WAN is not set
# CONFIG_FDDI is not set
# CONFIG_HIPPI is not set
# CONFIG_PPP is not set
# CONFIG_SLIP is not set
# CONFIG_NET_FC is not set
# CONFIG_NETCONSOLE is not set
# CONFIG_NETPOLL is not set
# CONFIG_NET_POLL_CONTROLLER is not set
# CONFIG_ISDN is not set
# CONFIG_PHONE is not set
#
# Input device support
#
CONFIG_INPUT=y
# CONFIG_INPUT_FF_MEMLESS is not set
# CONFIG_INPUT_POLLDEV is not set
#
# Userland interfaces
#
CONFIG_INPUT_MOUSEDEV=y
# CONFIG_INPUT_MOUSEDEV_PSAUX is not set
CONFIG_INPUT_MOUSEDEV_SCREEN_X=1024
CONFIG_INPUT_MOUSEDEV_SCREEN_Y=768
# CONFIG_INPUT_JOYDEV is not set
CONFIG_INPUT_EVDEV=y
# CONFIG_INPUT_EVBUG is not set
#
# Input Device Drivers
#
CONFIG_INPUT_KEYBOARD=y
CONFIG_KEYBOARD_ATKBD=y
# CONFIG_KEYBOARD_SUNKBD is not set
# CONFIG_KEYBOARD_LKKBD is not set
# CONFIG_KEYBOARD_XTKBD is not set
# CONFIG_KEYBOARD_NEWTON is not set
# CONFIG_KEYBOARD_STOWAWAY is not set
CONFIG_INPUT_MOUSE=y
CONFIG_MOUSE_PS2=y
CONFIG_MOUSE_PS2_ALPS=y
CONFIG_MOUSE_PS2_LOGIPS2PP=y
CONFIG_MOUSE_PS2_SYNAPTICS=y
CONFIG_MOUSE_PS2_LIFEBOOK=y
CONFIG_MOUSE_PS2_TRACKPOINT=y
# CONFIG_MOUSE_PS2_ELANTECH is not set
# CONFIG_MOUSE_PS2_TOUCHKIT is not set
# CONFIG_MOUSE_SERIAL is not set
# CONFIG_MOUSE_APPLETOUCH is not set
# CONFIG_MOUSE_BCM5974 is not set
# CONFIG_MOUSE_VSXXXAA is not set
# CONFIG_INPUT_JOYSTICK is not set
# CONFIG_INPUT_TABLET is not set
# CONFIG_INPUT_TOUCHSCREEN is not set
# CONFIG_INPUT_MISC is not set
#
# Hardware I/O ports
#
CONFIG_SERIO=y
# CONFIG_SERIO_I8042 is not set
# CONFIG_SERIO_SERPORT is not set
# CONFIG_SERIO_PCIPS2 is not set
CONFIG_SERIO_LIBPS2=y
# CONFIG_SERIO_RAW is not set
# CONFIG_SERIO_XILINX_XPS_PS2 is not set
# CONFIG_GAMEPORT is not set
#
# Character devices
#
CONFIG_VT=y
CONFIG_CONSOLE_TRANSLATIONS=y
CONFIG_VT_CONSOLE=y
CONFIG_HW_CONSOLE=y
# CONFIG_VT_HW_CONSOLE_BINDING is not set
CONFIG_DEVKMEM=y
# CONFIG_SERIAL_NONSTANDARD is not set
# CONFIG_NOZOMI is not set
#
# Serial drivers
#
# CONFIG_SERIAL_8250 is not set
#
# Non-8250 serial port support
#
CONFIG_SERIAL_CORE=y
CONFIG_SERIAL_CORE_CONSOLE=y
CONFIG_SERIAL_PMACZILOG=y
# CONFIG_SERIAL_PMACZILOG_TTYS is not set
CONFIG_SERIAL_PMACZILOG_CONSOLE=y
# CONFIG_SERIAL_JSM is not set
CONFIG_UNIX98_PTYS=y
# CONFIG_DEVPTS_MULTIPLE_INSTANCES is not set
CONFIG_LEGACY_PTYS=y
CONFIG_LEGACY_PTY_COUNT=64
# CONFIG_HVC_UDBG is not set
# CONFIG_IPMI_HANDLER is not set
# CONFIG_HW_RANDOM is not set
CONFIG_GEN_RTC=y
# CONFIG_GEN_RTC_X is not set
# CONFIG_R3964 is not set
# CONFIG_APPLICOM is not set
# CONFIG_RAW_DRIVER is not set
# CONFIG_HANGCHECK_TIMER is not set
# CONFIG_TCG_TPM is not set
CONFIG_DEVPORT=y
CONFIG_I2C=y
CONFIG_I2C_BOARDINFO=y
# CONFIG_I2C_CHARDEV is not set
CONFIG_I2C_HELPER_AUTO=y
#
# I2C Hardware Bus support
#
#
# PC SMBus host controller drivers
#
# CONFIG_I2C_ALI1535 is not set
# CONFIG_I2C_ALI1563 is not set
# CONFIG_I2C_ALI15X3 is not set
# CONFIG_I2C_AMD756 is not set
# CONFIG_I2C_AMD8111 is not set
# CONFIG_I2C_I801 is not set
# CONFIG_I2C_ISCH is not set
# CONFIG_I2C_PIIX4 is not set
# CONFIG_I2C_NFORCE2 is not set
# CONFIG_I2C_SIS5595 is not set
# CONFIG_I2C_SIS630 is not set
# CONFIG_I2C_SIS96X is not set
# CONFIG_I2C_VIA is not set
# CONFIG_I2C_VIAPRO is not set
#
# Mac SMBus host controller drivers
#
CONFIG_I2C_POWERMAC=y
#
# I2C system bus drivers (mostly embedded / system-on-chip)
#
# CONFIG_I2C_OCORES is not set
# CONFIG_I2C_SIMTEC is not set
#
# External I2C/SMBus adapter drivers
#
# CONFIG_I2C_PARPORT_LIGHT is not set
# CONFIG_I2C_TAOS_EVM is not set
# CONFIG_I2C_TINY_USB is not set
#
# Graphics adapter I2C/DDC channel drivers
#
# CONFIG_I2C_VOODOO3 is not set
#
# Other I2C/SMBus bus drivers
#
# CONFIG_I2C_PCA_PLATFORM is not set
# CONFIG_I2C_STUB is not set
#
# Miscellaneous I2C Chip support
#
# CONFIG_DS1682 is not set
# CONFIG_AT24 is not set
# CONFIG_SENSORS_EEPROM is not set
# CONFIG_SENSORS_PCF8574 is not set
# CONFIG_PCF8575 is not set
# CONFIG_SENSORS_PCA9539 is not set
# CONFIG_SENSORS_PCF8591 is not set
# CONFIG_SENSORS_MAX6875 is not set
# CONFIG_SENSORS_TSL2550 is not set
# CONFIG_I2C_DEBUG_CORE is not set
# CONFIG_I2C_DEBUG_ALGO is not set
# CONFIG_I2C_DEBUG_BUS is not set
# CONFIG_I2C_DEBUG_CHIP is not set
# CONFIG_SPI is not set
CONFIG_ARCH_WANT_OPTIONAL_GPIOLIB=y
# CONFIG_GPIOLIB is not set
# CONFIG_W1 is not set
# CONFIG_POWER_SUPPLY is not set
# CONFIG_HWMON is not set
CONFIG_THERMAL=y
# CONFIG_WATCHDOG is not set
CONFIG_SSB_POSSIBLE=y
#
# Sonics Silicon Backplane
#
# CONFIG_SSB is not set
#
# Multifunction device drivers
#
# CONFIG_MFD_CORE is not set
# CONFIG_MFD_SM501 is not set
# CONFIG_HTC_PASIC3 is not set
# CONFIG_TWL4030_CORE is not set
# CONFIG_MFD_TMIO is not set
# CONFIG_PMIC_DA903X is not set
# CONFIG_MFD_WM8400 is not set
# CONFIG_MFD_WM8350_I2C is not set
# CONFIG_MFD_PCF50633 is not set
# CONFIG_REGULATOR is not set
#
# Multimedia devices
#
#
# Multimedia core support
#
# CONFIG_VIDEO_DEV is not set
# CONFIG_DVB_CORE is not set
# CONFIG_VIDEO_MEDIA is not set
#
# Multimedia drivers
#
# CONFIG_DAB is not set
#
# Graphics support
#
CONFIG_AGP=y
CONFIG_AGP_UNINORTH=y
# CONFIG_DRM is not set
# CONFIG_VGASTATE is not set
# CONFIG_VIDEO_OUTPUT_CONTROL is not set
CONFIG_FB=y
CONFIG_FIRMWARE_EDID=y
# CONFIG_FB_DDC is not set
# CONFIG_FB_BOOT_VESA_SUPPORT is not set
CONFIG_FB_CFB_FILLRECT=y
CONFIG_FB_CFB_COPYAREA=y
CONFIG_FB_CFB_IMAGEBLIT=y
# CONFIG_FB_CFB_REV_PIXELS_IN_BYTE is not set
# CONFIG_FB_SYS_FILLRECT is not set
# CONFIG_FB_SYS_COPYAREA is not set
# CONFIG_FB_SYS_IMAGEBLIT is not set
# CONFIG_FB_FOREIGN_ENDIAN is not set
# CONFIG_FB_SYS_FOPS is not set
# CONFIG_FB_SVGALIB is not set
CONFIG_FB_MACMODES=y
# CONFIG_FB_BACKLIGHT is not set
CONFIG_FB_MODE_HELPERS=y
CONFIG_FB_TILEBLITTING=y
#
# Frame buffer hardware drivers
#
# CONFIG_FB_CIRRUS is not set
# CONFIG_FB_PM2 is not set
# CONFIG_FB_CYBER2000 is not set
CONFIG_FB_OF=y
# CONFIG_FB_ASILIANT is not set
# CONFIG_FB_IMSTT is not set
# CONFIG_FB_VGA16 is not set
# CONFIG_FB_S1D13XXX is not set
# CONFIG_FB_NVIDIA is not set
# CONFIG_FB_RIVA is not set
# CONFIG_FB_MATROX is not set
# CONFIG_FB_RADEON is not set
# CONFIG_FB_ATY128 is not set
# CONFIG_FB_ATY is not set
# CONFIG_FB_S3 is not set
# CONFIG_FB_SAVAGE is not set
# CONFIG_FB_SIS is not set
# CONFIG_FB_VIA is not set
# CONFIG_FB_NEOMAGIC is not set
# CONFIG_FB_KYRO is not set
# CONFIG_FB_3DFX is not set
# CONFIG_FB_VOODOO1 is not set
# CONFIG_FB_VT8623 is not set
# CONFIG_FB_TRIDENT is not set
# CONFIG_FB_ARK is not set
# CONFIG_FB_PM3 is not set
# CONFIG_FB_CARMINE is not set
# CONFIG_FB_IBM_GXT4500 is not set
# CONFIG_FB_VIRTUAL is not set
# CONFIG_FB_METRONOME is not set
# CONFIG_FB_MB862XX is not set
CONFIG_BACKLIGHT_LCD_SUPPORT=y
# CONFIG_LCD_CLASS_DEVICE is not set
CONFIG_BACKLIGHT_CLASS_DEVICE=y
# CONFIG_BACKLIGHT_GENERIC is not set
#
# Display device support
#
# CONFIG_DISPLAY_SUPPORT is not set
#
# Console display driver support
#
# CONFIG_VGA_CONSOLE is not set
CONFIG_DUMMY_CONSOLE=y
CONFIG_FRAMEBUFFER_CONSOLE=y
# CONFIG_FRAMEBUFFER_CONSOLE_DETECT_PRIMARY is not set
# CONFIG_FRAMEBUFFER_CONSOLE_ROTATION is not set
# CONFIG_FONTS is not set
CONFIG_FONT_8x8=y
CONFIG_FONT_8x16=y
CONFIG_LOGO=y
# CONFIG_LOGO_LINUX_MONO is not set
CONFIG_LOGO_LINUX_VGA16=y
# CONFIG_LOGO_LINUX_CLUT224 is not set
# CONFIG_SOUND is not set
CONFIG_HID_SUPPORT=y
CONFIG_HID=y
# CONFIG_HID_DEBUG is not set
# CONFIG_HIDRAW is not set
#
# USB Input Devices
#
CONFIG_USB_HID=y
# CONFIG_HID_PID is not set
# CONFIG_USB_HIDDEV is not set
#
# Special HID drivers
#
# CONFIG_HID_COMPAT is not set
CONFIG_HID_A4TECH=y
CONFIG_HID_APPLE=y
CONFIG_HID_BELKIN=y
CONFIG_HID_CHERRY=y
CONFIG_HID_CHICONY=y
CONFIG_HID_CYPRESS=y
CONFIG_HID_EZKEY=y
CONFIG_HID_GYRATION=y
CONFIG_HID_LOGITECH=y
# CONFIG_LOGITECH_FF is not set
# CONFIG_LOGIRUMBLEPAD2_FF is not set
CONFIG_HID_MICROSOFT=y
CONFIG_HID_MONTEREY=y
CONFIG_HID_NTRIG=y
CONFIG_HID_PANTHERLORD=y
# CONFIG_PANTHERLORD_FF is not set
CONFIG_HID_PETALYNX=y
CONFIG_HID_SAMSUNG=y
CONFIG_HID_SONY=y
CONFIG_HID_SUNPLUS=y
# CONFIG_GREENASIA_FF is not set
CONFIG_HID_TOPSEED=y
# CONFIG_THRUSTMASTER_FF is not set
# CONFIG_ZEROPLUS_FF is not set
CONFIG_USB_SUPPORT=y
CONFIG_USB_ARCH_HAS_HCD=y
CONFIG_USB_ARCH_HAS_OHCI=y
CONFIG_USB_ARCH_HAS_EHCI=y
CONFIG_USB=y
# CONFIG_USB_DEBUG is not set
# CONFIG_USB_ANNOUNCE_NEW_DEVICES is not set
#
# Miscellaneous USB options
#
CONFIG_USB_DEVICEFS=y
# CONFIG_USB_DEVICE_CLASS is not set
# CONFIG_USB_DYNAMIC_MINORS is not set
# CONFIG_USB_OTG is not set
# CONFIG_USB_MON is not set
# CONFIG_USB_WUSB is not set
# CONFIG_USB_WUSB_CBAF is not set
#
# USB Host Controller Drivers
#
# CONFIG_USB_C67X00_HCD is not set
CONFIG_USB_EHCI_HCD=y
CONFIG_USB_EHCI_ROOT_HUB_TT=y
# CONFIG_USB_EHCI_TT_NEWSCHED is not set
CONFIG_USB_EHCI_HCD_PPC_OF=y
# CONFIG_USB_OXU210HP_HCD is not set
# CONFIG_USB_ISP116X_HCD is not set
# CONFIG_USB_ISP1760_HCD is not set
CONFIG_USB_OHCI_HCD=y
# CONFIG_USB_OHCI_HCD_PPC_OF is not set
# CONFIG_USB_OHCI_BIG_ENDIAN_DESC is not set
# CONFIG_USB_OHCI_BIG_ENDIAN_MMIO is not set
CONFIG_USB_OHCI_LITTLE_ENDIAN=y
# CONFIG_USB_UHCI_HCD is not set
# CONFIG_USB_SL811_HCD is not set
# CONFIG_USB_R8A66597_HCD is not set
# CONFIG_USB_WHCI_HCD is not set
# CONFIG_USB_HWA_HCD is not set
#
# USB Device Class drivers
#
# CONFIG_USB_ACM is not set
# CONFIG_USB_PRINTER is not set
# CONFIG_USB_WDM is not set
# CONFIG_USB_TMC is not set
#
# NOTE: USB_STORAGE depends on SCSI but BLK_DEV_SD may also be needed;
#
#
# see USB_STORAGE Help for more information
#
# CONFIG_USB_STORAGE is not set
# CONFIG_USB_LIBUSUAL is not set
#
# USB Imaging devices
#
# CONFIG_USB_MDC800 is not set
# CONFIG_USB_MICROTEK is not set
#
# USB port drivers
#
# CONFIG_USB_SERIAL is not set
#
# USB Miscellaneous drivers
#
# CONFIG_USB_EMI62 is not set
# CONFIG_USB_EMI26 is not set
# CONFIG_USB_ADUTUX is not set
# CONFIG_USB_SEVSEG is not set
# CONFIG_USB_RIO500 is not set
# CONFIG_USB_LEGOTOWER is not set
# CONFIG_USB_LCD is not set
# CONFIG_USB_BERRY_CHARGE is not set
# CONFIG_USB_LED is not set
# CONFIG_USB_CYPRESS_CY7C63 is not set
# CONFIG_USB_CYTHERM is not set
# CONFIG_USB_PHIDGET is not set
# CONFIG_USB_IDMOUSE is not set
# CONFIG_USB_FTDI_ELAN is not set
# CONFIG_USB_APPLEDISPLAY is not set
# CONFIG_USB_SISUSBVGA is not set
# CONFIG_USB_LD is not set
# CONFIG_USB_TRANCEVIBRATOR is not set
# CONFIG_USB_IOWARRIOR is not set
# CONFIG_USB_TEST is not set
# CONFIG_USB_ISIGHTFW is not set
# CONFIG_USB_VST is not set
# CONFIG_USB_GADGET is not set
#
# OTG and related infrastructure
#
# CONFIG_UWB is not set
# CONFIG_MMC is not set
# CONFIG_MEMSTICK is not set
# CONFIG_NEW_LEDS is not set
# CONFIG_ACCESSIBILITY is not set
# CONFIG_INFINIBAND is not set
# CONFIG_EDAC is not set
# CONFIG_RTC_CLASS is not set
# CONFIG_DMADEVICES is not set
# CONFIG_UIO is not set
# CONFIG_STAGING is not set
#
# File systems
#
CONFIG_EXT2_FS=y
# CONFIG_EXT2_FS_XATTR is not set
# CONFIG_EXT2_FS_XIP is not set
CONFIG_EXT3_FS=y
CONFIG_EXT3_FS_XATTR=y
CONFIG_EXT3_FS_POSIX_ACL=y
CONFIG_EXT3_FS_SECURITY=y
CONFIG_EXT4_FS=y
# CONFIG_EXT4DEV_COMPAT is not set
CONFIG_EXT4_FS_XATTR=y
CONFIG_EXT4_FS_POSIX_ACL=y
CONFIG_EXT4_FS_SECURITY=y
CONFIG_JBD=y
# CONFIG_JBD_DEBUG is not set
CONFIG_JBD2=y
# CONFIG_JBD2_DEBUG is not set
CONFIG_FS_MBCACHE=y
CONFIG_REISERFS_FS=m
# CONFIG_REISERFS_CHECK is not set
# CONFIG_REISERFS_PROC_INFO is not set
# CONFIG_REISERFS_FS_XATTR is not set
# CONFIG_JFS_FS is not set
CONFIG_FS_POSIX_ACL=y
CONFIG_FILE_LOCKING=y
# CONFIG_XFS_FS is not set
# CONFIG_GFS2_FS is not set
# CONFIG_OCFS2_FS is not set
# CONFIG_BTRFS_FS is not set
CONFIG_DNOTIFY=y
CONFIG_INOTIFY=y
CONFIG_INOTIFY_USER=y
# CONFIG_QUOTA is not set
# CONFIG_AUTOFS_FS is not set
# CONFIG_AUTOFS4_FS is not set
# CONFIG_FUSE_FS is not set
#
# CD-ROM/DVD Filesystems
#
CONFIG_ISO9660_FS=y
CONFIG_JOLIET=y
CONFIG_ZISOFS=y
CONFIG_UDF_FS=y
CONFIG_UDF_NLS=y
#
# DOS/FAT/NT Filesystems
#
CONFIG_FAT_FS=m
CONFIG_MSDOS_FS=m
CONFIG_VFAT_FS=m
CONFIG_FAT_DEFAULT_CODEPAGE=437
CONFIG_FAT_DEFAULT_IOCHARSET="iso8859-1"
# CONFIG_NTFS_FS is not set
#
# Pseudo filesystems
#
CONFIG_PROC_FS=y
CONFIG_PROC_KCORE=y
CONFIG_PROC_SYSCTL=y
CONFIG_PROC_PAGE_MONITOR=y
CONFIG_SYSFS=y
CONFIG_TMPFS=y
# CONFIG_TMPFS_POSIX_ACL is not set
CONFIG_HUGETLBFS=y
CONFIG_HUGETLB_PAGE=y
# CONFIG_CONFIGFS_FS is not set
CONFIG_MISC_FILESYSTEMS=y
# CONFIG_ADFS_FS is not set
# CONFIG_AFFS_FS is not set
CONFIG_HFS_FS=m
CONFIG_HFSPLUS_FS=m
# CONFIG_BEFS_FS is not set
# CONFIG_BFS_FS is not set
# CONFIG_EFS_FS is not set
# CONFIG_CRAMFS is not set
# CONFIG_SQUASHFS is not set
# CONFIG_VXFS_FS is not set
# CONFIG_MINIX_FS is not set
# CONFIG_OMFS_FS is not set
# CONFIG_HPFS_FS is not set
# CONFIG_QNX4FS_FS is not set
# CONFIG_ROMFS_FS is not set
# CONFIG_SYSV_FS is not set
# CONFIG_UFS_FS is not set
# CONFIG_NETWORK_FILESYSTEMS is not set
#
# Partition Types
#
CONFIG_PARTITION_ADVANCED=y
# CONFIG_ACORN_PARTITION is not set
# CONFIG_OSF_PARTITION is not set
# CONFIG_AMIGA_PARTITION is not set
# CONFIG_ATARI_PARTITION is not set
CONFIG_MAC_PARTITION=y
CONFIG_MSDOS_PARTITION=y
# CONFIG_BSD_DISKLABEL is not set
# CONFIG_MINIX_SUBPARTITION is not set
# CONFIG_SOLARIS_X86_PARTITION is not set
# CONFIG_UNIXWARE_DISKLABEL is not set
# CONFIG_LDM_PARTITION is not set
# CONFIG_SGI_PARTITION is not set
# CONFIG_ULTRIX_PARTITION is not set
# CONFIG_SUN_PARTITION is not set
# CONFIG_KARMA_PARTITION is not set
# CONFIG_EFI_PARTITION is not set
# CONFIG_SYSV68_PARTITION is not set
CONFIG_NLS=y
CONFIG_NLS_DEFAULT="utf8"
CONFIG_NLS_CODEPAGE_437=m
# CONFIG_NLS_CODEPAGE_737 is not set
# CONFIG_NLS_CODEPAGE_775 is not set
# CONFIG_NLS_CODEPAGE_850 is not set
# CONFIG_NLS_CODEPAGE_852 is not set
# CONFIG_NLS_CODEPAGE_855 is not set
# CONFIG_NLS_CODEPAGE_857 is not set
# CONFIG_NLS_CODEPAGE_860 is not set
# CONFIG_NLS_CODEPAGE_861 is not set
# CONFIG_NLS_CODEPAGE_862 is not set
# CONFIG_NLS_CODEPAGE_863 is not set
# CONFIG_NLS_CODEPAGE_864 is not set
# CONFIG_NLS_CODEPAGE_865 is not set
# CONFIG_NLS_CODEPAGE_866 is not set
# CONFIG_NLS_CODEPAGE_869 is not set
# CONFIG_NLS_CODEPAGE_936 is not set
# CONFIG_NLS_CODEPAGE_950 is not set
# CONFIG_NLS_CODEPAGE_932 is not set
# CONFIG_NLS_CODEPAGE_949 is not set
# CONFIG_NLS_CODEPAGE_874 is not set
# CONFIG_NLS_ISO8859_8 is not set
# CONFIG_NLS_CODEPAGE_1250 is not set
# CONFIG_NLS_CODEPAGE_1251 is not set
# CONFIG_NLS_ASCII is not set
CONFIG_NLS_ISO8859_1=m
# CONFIG_NLS_ISO8859_2 is not set
# CONFIG_NLS_ISO8859_3 is not set
# CONFIG_NLS_ISO8859_4 is not set
# CONFIG_NLS_ISO8859_5 is not set
# CONFIG_NLS_ISO8859_6 is not set
# CONFIG_NLS_ISO8859_7 is not set
# CONFIG_NLS_ISO8859_9 is not set
# CONFIG_NLS_ISO8859_13 is not set
# CONFIG_NLS_ISO8859_14 is not set
# CONFIG_NLS_ISO8859_15 is not set
# CONFIG_NLS_KOI8_R is not set
# CONFIG_NLS_KOI8_U is not set
CONFIG_NLS_UTF8=m
# CONFIG_DLM is not set
#
# Library routines
#
CONFIG_BITREVERSE=y
CONFIG_GENERIC_FIND_LAST_BIT=y
# CONFIG_CRC_CCITT is not set
CONFIG_CRC16=y
CONFIG_CRC_T10DIF=y
CONFIG_CRC_ITU_T=y
CONFIG_CRC32=y
# CONFIG_CRC7 is not set
# CONFIG_LIBCRC32C is not set
CONFIG_ZLIB_INFLATE=y
CONFIG_ZLIB_DEFLATE=y
CONFIG_PLIST=y
CONFIG_HAS_IOMEM=y
CONFIG_HAS_IOPORT=y
CONFIG_HAS_DMA=y
CONFIG_HAVE_LMB=y
#
# Kernel hacking
#
# CONFIG_PRINTK_TIME is not set
# CONFIG_ENABLE_WARN_DEPRECATED is not set
# CONFIG_ENABLE_MUST_CHECK is not set
CONFIG_FRAME_WARN=2048
CONFIG_MAGIC_SYSRQ=y
# CONFIG_UNUSED_SYMBOLS is not set
CONFIG_DEBUG_FS=y
# CONFIG_HEADERS_CHECK is not set
CONFIG_DEBUG_KERNEL=y
# CONFIG_DEBUG_SHIRQ is not set
# CONFIG_DETECT_SOFTLOCKUP is not set
CONFIG_SCHED_DEBUG=y
CONFIG_SCHEDSTATS=y
# CONFIG_TIMER_STATS is not set
# CONFIG_DEBUG_OBJECTS is not set
# CONFIG_SLUB_DEBUG_ON is not set
CONFIG_SLUB_STATS=y
CONFIG_DEBUG_PREEMPT=y
# CONFIG_DEBUG_RT_MUTEXES is not set
# CONFIG_RT_MUTEX_TESTER is not set
# CONFIG_DEBUG_SPINLOCK is not set
# CONFIG_DEBUG_MUTEXES is not set
# CONFIG_DEBUG_LOCK_ALLOC is not set
# CONFIG_PROVE_LOCKING is not set
# CONFIG_LOCK_STAT is not set
# CONFIG_DEBUG_SPINLOCK_SLEEP is not set
# CONFIG_DEBUG_LOCKING_API_SELFTESTS is not set
CONFIG_STACKTRACE=y
# CONFIG_DEBUG_KOBJECT is not set
CONFIG_DEBUG_BUGVERBOSE=y
# CONFIG_DEBUG_INFO is not set
CONFIG_DEBUG_VM=y
# CONFIG_DEBUG_WRITECOUNT is not set
CONFIG_DEBUG_MEMORY_INIT=y
# CONFIG_DEBUG_LIST is not set
# CONFIG_DEBUG_SG is not set
# CONFIG_DEBUG_NOTIFIERS is not set
# CONFIG_BOOT_PRINTK_DELAY is not set
# CONFIG_RCU_TORTURE_TEST is not set
# CONFIG_BACKTRACE_SELF_TEST is not set
# CONFIG_DEBUG_BLOCK_EXT_DEVT is not set
# CONFIG_FAULT_INJECTION is not set
# CONFIG_LATENCYTOP is not set
CONFIG_SYSCTL_SYSCALL_CHECK=y
CONFIG_NOP_TRACER=y
CONFIG_HAVE_FUNCTION_TRACER=y
CONFIG_HAVE_DYNAMIC_FTRACE=y
CONFIG_HAVE_FTRACE_MCOUNT_RECORD=y
CONFIG_RING_BUFFER=y
CONFIG_TRACING=y
#
# Tracers
#
# CONFIG_FUNCTION_TRACER is not set
# CONFIG_IRQSOFF_TRACER is not set
# CONFIG_PREEMPT_TRACER is not set
# CONFIG_SCHED_TRACER is not set
# CONFIG_CONTEXT_SWITCH_TRACER is not set
# CONFIG_BOOT_TRACER is not set
# CONFIG_TRACE_BRANCH_PROFILING is not set
# CONFIG_STACK_TRACER is not set
# CONFIG_FTRACE_STARTUP_TEST is not set
# CONFIG_DYNAMIC_PRINTK_DEBUG is not set
# CONFIG_SAMPLES is not set
CONFIG_HAVE_ARCH_KGDB=y
# CONFIG_KGDB is not set
CONFIG_PRINT_STACK_DEPTH=64
CONFIG_DEBUG_STACKOVERFLOW=y
# CONFIG_DEBUG_STACK_USAGE is not set
# CONFIG_DEBUG_PAGEALLOC is not set
# CONFIG_CODE_PATCHING_SELFTEST is not set
# CONFIG_FTR_FIXUP_SELFTEST is not set
# CONFIG_MSI_BITMAP_SELFTEST is not set
# CONFIG_XMON is not set
CONFIG_IRQSTACKS=y
# CONFIG_VIRQ_DEBUG is not set
CONFIG_BOOTX_TEXT=y
# CONFIG_PPC_EARLY_DEBUG is not set
#
# Security options
#
# CONFIG_KEYS is not set
# CONFIG_SECURITY is not set
# CONFIG_SECURITYFS is not set
# CONFIG_SECURITY_FILE_CAPABILITIES is not set
CONFIG_CRYPTO=y
#
# Crypto core or helper
#
# CONFIG_CRYPTO_FIPS is not set
CONFIG_CRYPTO_ALGAPI=y
CONFIG_CRYPTO_ALGAPI2=y
CONFIG_CRYPTO_AEAD=y
CONFIG_CRYPTO_AEAD2=y
CONFIG_CRYPTO_BLKCIPHER=y
CONFIG_CRYPTO_BLKCIPHER2=y
CONFIG_CRYPTO_HASH=y
CONFIG_CRYPTO_HASH2=y
CONFIG_CRYPTO_RNG2=y
CONFIG_CRYPTO_MANAGER=y
CONFIG_CRYPTO_MANAGER2=y
# CONFIG_CRYPTO_GF128MUL is not set
# CONFIG_CRYPTO_NULL is not set
# CONFIG_CRYPTO_CRYPTD is not set
CONFIG_CRYPTO_AUTHENC=y
# CONFIG_CRYPTO_TEST is not set
#
# Authenticated Encryption with Associated Data
#
# CONFIG_CRYPTO_CCM is not set
# CONFIG_CRYPTO_GCM is not set
# CONFIG_CRYPTO_SEQIV is not set
#
# Block modes
#
CONFIG_CRYPTO_CBC=y
# CONFIG_CRYPTO_CTR is not set
# CONFIG_CRYPTO_CTS is not set
# CONFIG_CRYPTO_ECB is not set
# CONFIG_CRYPTO_LRW is not set
# CONFIG_CRYPTO_PCBC is not set
# CONFIG_CRYPTO_XTS is not set
#
# Hash modes
#
CONFIG_CRYPTO_HMAC=y
# CONFIG_CRYPTO_XCBC is not set
#
# Digest
#
# CONFIG_CRYPTO_CRC32C is not set
# CONFIG_CRYPTO_MD4 is not set
CONFIG_CRYPTO_MD5=y
# CONFIG_CRYPTO_MICHAEL_MIC is not set
# CONFIG_CRYPTO_RMD128 is not set
# CONFIG_CRYPTO_RMD160 is not set
# CONFIG_CRYPTO_RMD256 is not set
# CONFIG_CRYPTO_RMD320 is not set
CONFIG_CRYPTO_SHA1=y
# CONFIG_CRYPTO_SHA256 is not set
# CONFIG_CRYPTO_SHA512 is not set
# CONFIG_CRYPTO_TGR192 is not set
# CONFIG_CRYPTO_WP512 is not set
#
# Ciphers
#
# CONFIG_CRYPTO_AES is not set
# CONFIG_CRYPTO_ANUBIS is not set
# CONFIG_CRYPTO_ARC4 is not set
# CONFIG_CRYPTO_BLOWFISH is not set
# CONFIG_CRYPTO_CAMELLIA is not set
# CONFIG_CRYPTO_CAST5 is not set
# CONFIG_CRYPTO_CAST6 is not set
CONFIG_CRYPTO_DES=y
# CONFIG_CRYPTO_FCRYPT is not set
# CONFIG_CRYPTO_KHAZAD is not set
# CONFIG_CRYPTO_SALSA20 is not set
# CONFIG_CRYPTO_SEED is not set
# CONFIG_CRYPTO_SERPENT is not set
# CONFIG_CRYPTO_TEA is not set
# CONFIG_CRYPTO_TWOFISH is not set
#
# Compression
#
CONFIG_CRYPTO_DEFLATE=y
# CONFIG_CRYPTO_LZO is not set
#
# Random Number Generation
#
# CONFIG_CRYPTO_ANSI_CPRNG is not set
# CONFIG_CRYPTO_HW is not set
# CONFIG_PPC_CLOCK is not set
# CONFIG_VIRTUALIZATION is not set