Date: Tue, 27 Jan 2009 16:02:00 -0600
From: "Zephaniah E. Hull" <>
Subject: 2.6.28.2 scheduling while atomic, then lockup.
Sender: linux-kernel-owner@vger.kernel.org
Precedence: bulk
List-ID: <linux-kernel.vger.kernel.org>
X-Mailing-List: linux-kernel@vger.kernel.org
X-Lkml-Link: https://lkml.org/lkml/2009/1/27/354

Please note that I am not subscribed to LKML, please keep me in the CC
list, even if the thread takes a right turn and starts talking about
what color socks Linus is wearing.
On 2.6.28.2 starting on bootup, I am getting spammed to death with the
following BUG, and then after a little while the system freezes solid:
Jan 27 14:50:01 fearless kernel: [   41.046319] BUG: scheduling while atomic: swapper/0/0x10000103
Jan 27 14:50:01 fearless kernel: [   41.046395] Modules linked in: nls_iso8859_1 nls_cp437 vfat fat ide_cd_mod cdrom ata_piix pata_acpi ata_generic ohci1394 ieee1394 piix ide_pci_generic tg3 sg libphy loop aes_x86_64 aes_generic sha256_generic dm_mirror dm_region_hash dm_log dm_snapshot fuse
Jan 27 14:50:01 fearless kernel: [   41.047645] CPU 1:
Jan 27 14:50:01 fearless kernel: [   41.047743] Modules linked in: nls_iso8859_1 nls_cp437 vfat fat ide_cd_mod cdrom ata_piix pata_acpi ata_generic ohci1394 ieee1394 piix ide_pci_generic tg3 sg libphy loop aes_x86_64 aes_generic sha256_generic dm_mirror dm_region_hash dm_log dm_snapshot fuse
Jan 27 14:50:01 fearless kernel: [   41.048982] Pid: 0, comm: swapper Not tainted 2.6.28.2-f1 #2
Jan 27 14:50:01 fearless kernel: [   41.049042] RIP: 0010:[<ffffffff804160df>]  [<ffffffff804160df>] acpi_idle_enter_simple+0x1e8/0x25c
Jan 27 14:50:01 fearless kernel: [   41.049164] RSP: 0018:ffff88013f1dfea8  EFLAGS: 00000283
Jan 27 14:50:01 fearless kernel: [   41.049225] RAX: ffff88013f1dffd8 RBX: ffff88013f1dfee8 RCX: 000000098e9bcd7c
Jan 27 14:50:01 fearless kernel: [   41.049295] RDX: 0000000000000000 RSI: 000000098e8c6876 RDI: 000000098e8c8bd4
Jan 27 14:50:01 fearless kernel: [   41.049357] RBP: ffff88013f1dfee8 R08: 0000000000000000 R09: 00000000fffc0c76
Jan 27 14:50:01 fearless kernel: [   41.049419] R10: 0000000000000000 R11: 0000000000000000 R12: ffffffff8025fc61
Jan 27 14:50:01 fearless kernel: [   41.049482] R13: ffff88013f1dfe28 R14: 0000000000000000 R15: 00000000ffffffff
Jan 27 14:50:01 fearless kernel: [   41.049544] FS:  0000000000000000(0000) GS:ffff88013fc03d80(0000) knlGS:0000000000000000
Jan 27 14:50:01 fearless kernel: [   41.049618] CS:  0010 DS: 0018 ES: 0018 CR0: 000000008005003b
Jan 27 14:50:01 fearless kernel: [   41.049678] CR2: 00007f1e26836ae0 CR3: 0000000000201000 CR4: 00000000000006e0
Jan 27 14:50:01 fearless kernel: [   41.049740] DR0: 0000000000000000 DR1: 0000000000000000 DR2: 0000000000000000
Jan 27 14:50:01 fearless kernel: [   41.049803] DR3: 0000000000000000 DR6: 00000000ffff0ff0 DR7: 0000000000000400
Jan 27 14:50:01 fearless kernel: [   41.049865] Call Trace:
Jan 27 14:50:01 fearless kernel: [   41.049923]  [<ffffffff804160d5>] ? acpi_idle_enter_simple+0x1de/0x25c
Jan 27 14:50:01 fearless kernel: [   41.049988]  [<ffffffff8050abbd>] cpuidle_idle_call+0xad/0x110
Jan 27 14:50:01 fearless kernel: [   41.050051]  [<ffffffff8020ab03>] cpu_idle+0x63/0xd0
Jan 27 14:50:01 fearless kernel: [   41.050113]  [<ffffffff8060c67a>] start_secondary+0x18d/0x2b3
If I boot with idle=mwait in the command line, it instead gives:
Jan 27 14:50:01 fearless kernel: [   41.046319] BUG: scheduling while atomic: swapper/0/0x10000103
Jan 27 14:50:01 fearless kernel: [   41.046395] Modules linked in: nls_iso8859_1 nls_cp437 vfat fat ide_cd_mod cdrom ata_piix pata_acpi ata_generic ohci1394 ieee1394 piix ide_pci_generic tg3 sg libphy loop aes_x86_64 aes_generic sha256_generic dm_mirror dm_region_hash dm_log dm_snapshot fuse
Jan 27 14:50:01 fearless kernel: [   41.047645] CPU 1:
Jan 27 14:50:01 fearless kernel: [   41.047743] Modules linked in: nls_iso8859_1 nls_cp437 vfat fat ide_cd_mod cdrom ata_piix pata_acpi ata_generic ohci1394 ieee1394 piix ide_pci_generic tg3 sg libphy loop aes_x86_64 aes_generic sha256_generic dm_mirror dm_region_hash dm_log dm_snapshot fuse
Jan 27 14:50:01 fearless kernel: [   41.048982] Pid: 0, comm: swapper Not tainted 2.6.28.2-f1 #2
Jan 27 14:50:01 fearless kernel: [   41.049042] RIP: 0010:[<ffffffff804160df>]  [<ffffffff804160df>] acpi_idle_enter_simple+0x1e8/0x25c
Jan 27 14:50:01 fearless kernel: [   41.049164] RSP: 0018:ffff88013f1dfea8  EFLAGS: 00000283
Jan 27 14:50:01 fearless kernel: [   41.049225] RAX: ffff88013f1dffd8 RBX: ffff88013f1dfee8 RCX: 000000098e9bcd7c
Jan 27 14:50:01 fearless kernel: [   41.049295] RDX: 0000000000000000 RSI: 000000098e8c6876 RDI: 000000098e8c8bd4
Jan 27 14:50:01 fearless kernel: [   41.049357] RBP: ffff88013f1dfee8 R08: 0000000000000000 R09: 00000000fffc0c76
Jan 27 14:50:01 fearless kernel: [   41.049419] R10: 0000000000000000 R11: 0000000000000000 R12: ffffffff8025fc61
Jan 27 14:50:01 fearless kernel: [   41.049482] R13: ffff88013f1dfe28 R14: 0000000000000000 R15: 00000000ffffffff
Jan 27 14:50:01 fearless kernel: [   41.049544] FS:  0000000000000000(0000) GS:ffff88013fc03d80(0000) knlGS:0000000000000000
Jan 27 14:50:01 fearless kernel: [   41.049618] CS:  0010 DS: 0018 ES: 0018 CR0: 000000008005003b
Jan 27 14:50:01 fearless kernel: [   41.049678] CR2: 00007f1e26836ae0 CR3: 0000000000201000 CR4: 00000000000006e0
Jan 27 14:50:01 fearless kernel: [   41.049740] DR0: 0000000000000000 DR1: 0000000000000000 DR2: 0000000000000000
Jan 27 14:50:01 fearless kernel: [   41.049803] DR3: 0000000000000000 DR6: 00000000ffff0ff0 DR7: 0000000000000400
Jan 27 14:50:01 fearless kernel: [   41.049865] Call Trace:
Jan 27 14:50:01 fearless kernel: [   41.049923]  [<ffffffff804160d5>] ? acpi_idle_enter_simple+0x1de/0x25c
Jan 27 14:50:01 fearless kernel: [   41.049988]  [<ffffffff8050abbd>] cpuidle_idle_call+0xad/0x110
Jan 27 14:50:01 fearless kernel: [   41.050051]  [<ffffffff8020ab03>] cpu_idle+0x63/0xd0
Jan 27 14:50:01 fearless kernel: [   41.050113]  [<ffffffff8060c67a>] start_secondary+0x18d/0x2b3
After a little while, anywhere from a minute to half an hour, the system
just locks solidly, since I am in X I do not know if there are any
messages printed, however the LEDs are not blinking, all LEDs are
unresponsive, and sysrq from a PS/2 keyboard does not work.
Attached is the .config, and the dmesg output from a boot with this
kernel.
Thank you,
Zephaniah E. Hull.
#
# Automatically generated make config: don't edit
# Linux kernel version: 2.6.28.2-f1
# Tue Jan 27 12:45:43 2009
#
CONFIG_64BIT=y
# CONFIG_X86_32 is not set
CONFIG_X86_64=y
CONFIG_X86=y
CONFIG_ARCH_DEFCONFIG="arch/x86/configs/x86_64_defconfig"
CONFIG_GENERIC_TIME=y
CONFIG_GENERIC_CMOS_UPDATE=y
CONFIG_CLOCKSOURCE_WATCHDOG=y
CONFIG_GENERIC_CLOCKEVENTS=y
CONFIG_GENERIC_CLOCKEVENTS_BROADCAST=y
CONFIG_LOCKDEP_SUPPORT=y
CONFIG_STACKTRACE_SUPPORT=y
CONFIG_HAVE_LATENCYTOP_SUPPORT=y
CONFIG_FAST_CMPXCHG_LOCAL=y
CONFIG_MMU=y
CONFIG_ZONE_DMA=y
CONFIG_GENERIC_ISA_DMA=y
CONFIG_GENERIC_IOMAP=y
CONFIG_GENERIC_BUG=y
CONFIG_GENERIC_HWEIGHT=y
CONFIG_ARCH_MAY_HAVE_PC_FDC=y
CONFIG_RWSEM_GENERIC_SPINLOCK=y
# CONFIG_RWSEM_XCHGADD_ALGORITHM is not set
CONFIG_ARCH_HAS_CPU_IDLE_WAIT=y
CONFIG_GENERIC_CALIBRATE_DELAY=y
CONFIG_GENERIC_TIME_VSYSCALL=y
CONFIG_ARCH_HAS_CPU_RELAX=y
CONFIG_ARCH_HAS_DEFAULT_IDLE=y
CONFIG_ARCH_HAS_CACHE_LINE_SIZE=y
CONFIG_HAVE_SETUP_PER_CPU_AREA=y
CONFIG_HAVE_CPUMASK_OF_CPU_MAP=y
CONFIG_ARCH_HIBERNATION_POSSIBLE=y
CONFIG_ARCH_SUSPEND_POSSIBLE=y
CONFIG_ZONE_DMA32=y
CONFIG_ARCH_POPULATES_NODE_MAP=y
CONFIG_AUDIT_ARCH=y
CONFIG_ARCH_SUPPORTS_OPTIMIZED_INLINING=y
CONFIG_GENERIC_HARDIRQS=y
CONFIG_GENERIC_IRQ_PROBE=y
CONFIG_GENERIC_PENDING_IRQ=y
CONFIG_X86_SMP=y
CONFIG_USE_GENERIC_SMP_HELPERS=y
CONFIG_X86_64_SMP=y
CONFIG_X86_HT=y
CONFIG_X86_BIOS_REBOOT=y
CONFIG_X86_TRAMPOLINE=y
# CONFIG_KTIME_SCALAR is not set
CONFIG_DEFCONFIG_LIST="/lib/modules/$UNAME_RELEASE/.config"
#
# General setup
#
CONFIG_EXPERIMENTAL=y
CONFIG_LOCK_KERNEL=y
CONFIG_INIT_ENV_ARG_LIMIT=32
CONFIG_LOCALVERSION=""
# CONFIG_LOCALVERSION_AUTO is not set
CONFIG_SWAP=y
CONFIG_SYSVIPC=y
CONFIG_SYSVIPC_SYSCTL=y
CONFIG_POSIX_MQUEUE=y
CONFIG_BSD_PROCESS_ACCT=y
CONFIG_BSD_PROCESS_ACCT_V3=y
# CONFIG_TASKSTATS is not set
CONFIG_AUDIT=y
# CONFIG_AUDITSYSCALL is not set
CONFIG_IKCONFIG=y
CONFIG_IKCONFIG_PROC=y
CONFIG_LOG_BUF_SHIFT=17
# CONFIG_CGROUPS is not set
CONFIG_HAVE_UNSTABLE_SCHED_CLOCK=y
CONFIG_GROUP_SCHED=y
CONFIG_FAIR_GROUP_SCHED=y
# CONFIG_RT_GROUP_SCHED is not set
CONFIG_USER_SCHED=y
# CONFIG_CGROUP_SCHED is not set
CONFIG_SYSFS_DEPRECATED=y
CONFIG_SYSFS_DEPRECATED_V2=y
CONFIG_RELAY=y
# CONFIG_NAMESPACES is not set
CONFIG_BLK_DEV_INITRD=y
CONFIG_INITRAMFS_SOURCE=""
# CONFIG_CC_OPTIMIZE_FOR_SIZE is not set
CONFIG_SYSCTL=y
CONFIG_EMBEDDED=y
CONFIG_UID16=y
CONFIG_SYSCTL_SYSCALL=y
CONFIG_KALLSYMS=y
CONFIG_KALLSYMS_ALL=y
# CONFIG_KALLSYMS_EXTRA_PASS is not set
CONFIG_HOTPLUG=y
CONFIG_PRINTK=y
CONFIG_BUG=y
CONFIG_ELF_CORE=y
CONFIG_PCSPKR_PLATFORM=y
# CONFIG_COMPAT_BRK is not set
CONFIG_BASE_FULL=y
CONFIG_FUTEX=y
CONFIG_ANON_INODES=y
CONFIG_EPOLL=y
CONFIG_SIGNALFD=y
CONFIG_TIMERFD=y
CONFIG_EVENTFD=y
CONFIG_SHMEM=y
CONFIG_AIO=y
CONFIG_VM_EVENT_COUNTERS=y
CONFIG_PCI_QUIRKS=y
CONFIG_SLUB_DEBUG=y
# CONFIG_SLAB is not set
CONFIG_SLUB=y
# CONFIG_SLOB is not set
# CONFIG_PROFILING is not set
CONFIG_TRACEPOINTS=y
CONFIG_MARKERS=y
CONFIG_HAVE_OPROFILE=y
# CONFIG_KPROBES is not set
CONFIG_HAVE_EFFICIENT_UNALIGNED_ACCESS=y
CONFIG_HAVE_IOREMAP_PROT=y
CONFIG_HAVE_KPROBES=y
CONFIG_HAVE_KRETPROBES=y
CONFIG_HAVE_ARCH_TRACEHOOK=y
# CONFIG_HAVE_GENERIC_DMA_COHERENT is not set
CONFIG_SLABINFO=y
CONFIG_RT_MUTEXES=y
# CONFIG_TINY_SHMEM is not set
CONFIG_BASE_SMALL=0
CONFIG_MODULES=y
# CONFIG_MODULE_FORCE_LOAD is not set
CONFIG_MODULE_UNLOAD=y
# CONFIG_MODULE_FORCE_UNLOAD is not set
CONFIG_MODVERSIONS=y
CONFIG_MODULE_SRCVERSION_ALL=y
CONFIG_KMOD=y
CONFIG_STOP_MACHINE=y
CONFIG_BLOCK=y
CONFIG_BLK_DEV_IO_TRACE=y
CONFIG_BLK_DEV_BSG=y
CONFIG_BLK_DEV_INTEGRITY=y
CONFIG_BLOCK_COMPAT=y
#
# IO Schedulers
#
CONFIG_IOSCHED_NOOP=y
CONFIG_IOSCHED_AS=y
CONFIG_IOSCHED_DEADLINE=y
CONFIG_IOSCHED_CFQ=y
# CONFIG_DEFAULT_AS is not set
# CONFIG_DEFAULT_DEADLINE is not set
CONFIG_DEFAULT_CFQ=y
# CONFIG_DEFAULT_NOOP is not set
CONFIG_DEFAULT_IOSCHED="cfq"
CONFIG_PREEMPT_NOTIFIERS=y
CONFIG_CLASSIC_RCU=y
CONFIG_FREEZER=y
#
# Processor type and features
#
CONFIG_TICK_ONESHOT=y
CONFIG_NO_HZ=y
CONFIG_HIGH_RES_TIMERS=y
CONFIG_GENERIC_CLOCKEVENTS_BUILD=y
CONFIG_SMP=y
CONFIG_X86_FIND_SMP_CONFIG=y
CONFIG_X86_MPPARSE=y
CONFIG_X86_PC=y
# CONFIG_X86_ELAN is not set
# CONFIG_X86_VOYAGER is not set
# CONFIG_X86_GENERICARCH is not set
# CONFIG_X86_VSMP is not set
# CONFIG_PARAVIRT_GUEST is not set
# CONFIG_MEMTEST is not set
# CONFIG_M386 is not set
# CONFIG_M486 is not set
# CONFIG_M586 is not set
# CONFIG_M586TSC is not set
# CONFIG_M586MMX is not set
# CONFIG_M686 is not set
# CONFIG_MPENTIUMII is not set
# CONFIG_MPENTIUMIII is not set
# CONFIG_MPENTIUMM is not set
# CONFIG_MPENTIUM4 is not set
# CONFIG_MK6 is not set
# CONFIG_MK7 is not set
# CONFIG_MK8 is not set
# CONFIG_MCRUSOE is not set
# CONFIG_MEFFICEON is not set
# CONFIG_MWINCHIPC6 is not set
# CONFIG_MWINCHIP3D is not set
# CONFIG_MGEODEGX1 is not set
# CONFIG_MGEODE_LX is not set
# CONFIG_MCYRIXIII is not set
# CONFIG_MVIAC3_2 is not set
# CONFIG_MVIAC7 is not set
# CONFIG_MPSC is not set
CONFIG_MCORE2=y
# CONFIG_GENERIC_CPU is not set
CONFIG_X86_CPU=y
CONFIG_X86_L1_CACHE_BYTES=64
CONFIG_X86_INTERNODE_CACHE_BYTES=64
CONFIG_X86_CMPXCHG=y
CONFIG_X86_L1_CACHE_SHIFT=6
CONFIG_X86_WP_WORKS_OK=y
CONFIG_X86_INTEL_USERCOPY=y
CONFIG_X86_USE_PPRO_CHECKSUM=y
CONFIG_X86_P6_NOP=y
CONFIG_X86_TSC=y
CONFIG_X86_CMPXCHG64=y
CONFIG_X86_CMOV=y
CONFIG_X86_MINIMUM_CPU_FAMILY=64
CONFIG_X86_DEBUGCTLMSR=y
CONFIG_PROCESSOR_SELECT=y
CONFIG_CPU_SUP_INTEL=y
CONFIG_CPU_SUP_AMD=y
# CONFIG_CPU_SUP_CENTAUR_64 is not set
# CONFIG_X86_DS is not set
CONFIG_HPET_TIMER=y
CONFIG_DMI=y
CONFIG_GART_IOMMU=y
# CONFIG_CALGARY_IOMMU is not set
# CONFIG_AMD_IOMMU is not set
CONFIG_SWIOTLB=y
CONFIG_IOMMU_HELPER=y
CONFIG_NR_CPUS=4
CONFIG_SCHED_SMT=y
CONFIG_SCHED_MC=y
# CONFIG_PREEMPT_NONE is not set
# CONFIG_PREEMPT_VOLUNTARY is not set
CONFIG_PREEMPT=y
# CONFIG_PREEMPT_RCU is not set
CONFIG_X86_LOCAL_APIC=y
CONFIG_X86_IO_APIC=y
CONFIG_X86_MCE=y
CONFIG_X86_MCE_INTEL=y
# CONFIG_X86_MCE_AMD is not set
# CONFIG_I8K is not set
CONFIG_MICROCODE=m
CONFIG_MICROCODE_INTEL=y
# CONFIG_MICROCODE_AMD is not set
CONFIG_MICROCODE_OLD_INTERFACE=y
CONFIG_X86_MSR=m
CONFIG_X86_CPUID=m
CONFIG_ARCH_PHYS_ADDR_T_64BIT=y
CONFIG_NUMA=y
# CONFIG_K8_NUMA is not set
CONFIG_X86_64_ACPI_NUMA=y
CONFIG_NODES_SPAN_OTHER_NODES=y
# CONFIG_NUMA_EMU is not set
CONFIG_NODES_SHIFT=6
CONFIG_ARCH_SPARSEMEM_DEFAULT=y
CONFIG_ARCH_SPARSEMEM_ENABLE=y
CONFIG_ARCH_SELECT_MEMORY_MODEL=y
CONFIG_SELECT_MEMORY_MODEL=y
# CONFIG_FLATMEM_MANUAL is not set
# CONFIG_DISCONTIGMEM_MANUAL is not set
CONFIG_SPARSEMEM_MANUAL=y
CONFIG_SPARSEMEM=y
CONFIG_NEED_MULTIPLE_NODES=y
CONFIG_HAVE_MEMORY_PRESENT=y
CONFIG_SPARSEMEM_EXTREME=y
CONFIG_SPARSEMEM_VMEMMAP_ENABLE=y
CONFIG_SPARSEMEM_VMEMMAP=y
#
# Memory hotplug is currently incompatible with Software Suspend
#
CONFIG_PAGEFLAGS_EXTENDED=y
CONFIG_SPLIT_PTLOCK_CPUS=4
CONFIG_MIGRATION=y
CONFIG_RESOURCES_64BIT=y
CONFIG_PHYS_ADDR_T_64BIT=y
CONFIG_ZONE_DMA_FLAG=1
CONFIG_BOUNCE=y
CONFIG_VIRT_TO_BUS=y
CONFIG_UNEVICTABLE_LRU=y
CONFIG_MMU_NOTIFIER=y
# CONFIG_X86_CHECK_BIOS_CORRUPTION is not set
CONFIG_X86_RESERVE_LOW_64K=y
CONFIG_MTRR=y
CONFIG_MTRR_SANITIZER=y
CONFIG_MTRR_SANITIZER_ENABLE_DEFAULT=0
CONFIG_MTRR_SANITIZER_SPARE_REG_NR_DEFAULT=1
CONFIG_X86_PAT=y
# CONFIG_EFI is not set
CONFIG_SECCOMP=y
# CONFIG_HZ_100 is not set
# CONFIG_HZ_250 is not set
# CONFIG_HZ_300 is not set
CONFIG_HZ_1000=y
CONFIG_HZ=1000
CONFIG_SCHED_HRTICK=y
# CONFIG_KEXEC is not set
# CONFIG_CRASH_DUMP is not set
CONFIG_PHYSICAL_START=0x200000
CONFIG_RELOCATABLE=y
CONFIG_PHYSICAL_ALIGN=0x200000
CONFIG_HOTPLUG_CPU=y
CONFIG_COMPAT_VDSO=y
# CONFIG_CMDLINE_BOOL is not set
CONFIG_ARCH_ENABLE_MEMORY_HOTPLUG=y
CONFIG_HAVE_ARCH_EARLY_PFN_TO_NID=y
#
# Power management and ACPI options
#
CONFIG_ARCH_HIBERNATION_HEADER=y
CONFIG_PM=y
CONFIG_PM_DEBUG=y
# CONFIG_PM_VERBOSE is not set
CONFIG_CAN_PM_TRACE=y
# CONFIG_PM_TRACE_RTC is not set
CONFIG_PM_SLEEP_SMP=y
CONFIG_PM_SLEEP=y
CONFIG_SUSPEND=y
# CONFIG_PM_TEST_SUSPEND is not set
CONFIG_SUSPEND_FREEZER=y
CONFIG_HIBERNATION=y
CONFIG_PM_STD_PARTITION=""
CONFIG_ACPI=y
CONFIG_ACPI_SLEEP=y
CONFIG_ACPI_PROCFS=y
CONFIG_ACPI_PROCFS_POWER=y
CONFIG_ACPI_SYSFS_POWER=y
CONFIG_ACPI_PROC_EVENT=y
CONFIG_ACPI_AC=y
CONFIG_ACPI_BATTERY=y
CONFIG_ACPI_BUTTON=y
CONFIG_ACPI_FAN=y
CONFIG_ACPI_DOCK=y
CONFIG_ACPI_PROCESSOR=y
CONFIG_ACPI_HOTPLUG_CPU=y
CONFIG_ACPI_THERMAL=y
CONFIG_ACPI_NUMA=y
CONFIG_ACPI_WMI=y
# CONFIG_ACPI_ASUS is not set
# CONFIG_ACPI_TOSHIBA is not set
# CONFIG_ACPI_CUSTOM_DSDT is not set
CONFIG_ACPI_BLACKLIST_YEAR=0
# CONFIG_ACPI_DEBUG is not set
CONFIG_ACPI_PCI_SLOT=y
CONFIG_ACPI_SYSTEM=y
CONFIG_X86_PM_TIMER=y
CONFIG_ACPI_CONTAINER=y
CONFIG_ACPI_SBS=m
#
# CPU Frequency scaling
#
CONFIG_CPU_FREQ=y
CONFIG_CPU_FREQ_TABLE=y
# CONFIG_CPU_FREQ_DEBUG is not set
CONFIG_CPU_FREQ_STAT=m
CONFIG_CPU_FREQ_STAT_DETAILS=y
# CONFIG_CPU_FREQ_DEFAULT_GOV_PERFORMANCE is not set
# CONFIG_CPU_FREQ_DEFAULT_GOV_POWERSAVE is not set
# CONFIG_CPU_FREQ_DEFAULT_GOV_USERSPACE is not set
CONFIG_CPU_FREQ_DEFAULT_GOV_ONDEMAND=y
# CONFIG_CPU_FREQ_DEFAULT_GOV_CONSERVATIVE is not set
CONFIG_CPU_FREQ_GOV_PERFORMANCE=y
CONFIG_CPU_FREQ_GOV_POWERSAVE=y
CONFIG_CPU_FREQ_GOV_USERSPACE=y
CONFIG_CPU_FREQ_GOV_ONDEMAND=y
CONFIG_CPU_FREQ_GOV_CONSERVATIVE=y
#
# CPUFreq processor drivers
#
CONFIG_X86_ACPI_CPUFREQ=m
CONFIG_X86_POWERNOW_K8=m
CONFIG_X86_POWERNOW_K8_ACPI=y
CONFIG_X86_SPEEDSTEP_CENTRINO=m
CONFIG_X86_P4_CLOCKMOD=m
#
# shared options
#
CONFIG_X86_ACPI_CPUFREQ_PROC_INTF=y
CONFIG_X86_SPEEDSTEP_LIB=m
CONFIG_CPU_IDLE=y
CONFIG_CPU_IDLE_GOV_LADDER=y
CONFIG_CPU_IDLE_GOV_MENU=y
#
# Memory power savings
#
# CONFIG_I7300_IDLE is not set
#
# Bus options (PCI etc.)
#
CONFIG_PCI=y
CONFIG_PCI_DIRECT=y
CONFIG_PCI_MMCONFIG=y
CONFIG_PCI_DOMAINS=y
CONFIG_DMAR=y
CONFIG_DMAR_GFX_WA=y
CONFIG_DMAR_FLOPPY_WA=y
CONFIG_INTR_REMAP=y
CONFIG_PCIEPORTBUS=y
CONFIG_HOTPLUG_PCI_PCIE=y
CONFIG_PCIEAER=y
CONFIG_PCIEASPM=y
# CONFIG_PCIEASPM_DEBUG is not set
CONFIG_ARCH_SUPPORTS_MSI=y
CONFIG_PCI_MSI=y
CONFIG_PCI_LEGACY=y
# CONFIG_PCI_DEBUG is not set
CONFIG_HT_IRQ=y
CONFIG_ISA_DMA_API=y
CONFIG_K8_NB=y
CONFIG_PCCARD=y
# CONFIG_PCMCIA_DEBUG is not set
CONFIG_PCMCIA=m
CONFIG_PCMCIA_LOAD_CIS=y
CONFIG_PCMCIA_IOCTL=y
CONFIG_CARDBUS=y
#
# PC-card bridges
#
CONFIG_YENTA=m
CONFIG_YENTA_O2=y
CONFIG_YENTA_RICOH=y
CONFIG_YENTA_TI=y
CONFIG_YENTA_ENE_TUNE=y
CONFIG_YENTA_TOSHIBA=y
CONFIG_PD6729=m
CONFIG_I82092=m
CONFIG_PCCARD_NONSTATIC=m
CONFIG_HOTPLUG_PCI=y
# CONFIG_HOTPLUG_PCI_FAKE is not set
CONFIG_HOTPLUG_PCI_ACPI=y
# CONFIG_HOTPLUG_PCI_ACPI_IBM is not set
# CONFIG_HOTPLUG_PCI_CPCI is not set
# CONFIG_HOTPLUG_PCI_SHPC is not set
#
# Executable file formats / Emulations
#
CONFIG_BINFMT_ELF=y
CONFIG_COMPAT_BINFMT_ELF=y
CONFIG_CORE_DUMP_DEFAULT_ELF_HEADERS=y
# CONFIG_HAVE_AOUT is not set
CONFIG_BINFMT_MISC=m
CONFIG_IA32_EMULATION=y
# CONFIG_IA32_AOUT is not set
CONFIG_COMPAT=y
CONFIG_COMPAT_FOR_U64_ALIGNMENT=y
CONFIG_SYSVIPC_COMPAT=y
CONFIG_NET=y
#
# Networking options
#
CONFIG_PACKET=m
CONFIG_PACKET_MMAP=y
CONFIG_UNIX=y
CONFIG_XFRM=y
CONFIG_XFRM_USER=m
# CONFIG_XFRM_SUB_POLICY is not set
# CONFIG_XFRM_MIGRATE is not set
# CONFIG_XFRM_STATISTICS is not set
CONFIG_XFRM_IPCOMP=m
CONFIG_NET_KEY=m
# CONFIG_NET_KEY_MIGRATE is not set
CONFIG_INET=y
CONFIG_IP_MULTICAST=y
CONFIG_IP_ADVANCED_ROUTER=y
CONFIG_ASK_IP_FIB_HASH=y
# CONFIG_IP_FIB_TRIE is not set
CONFIG_IP_FIB_HASH=y
CONFIG_IP_MULTIPLE_TABLES=y
CONFIG_IP_ROUTE_MULTIPATH=y
CONFIG_IP_ROUTE_VERBOSE=y
# CONFIG_IP_PNP is not set
CONFIG_NET_IPIP=m
CONFIG_NET_IPGRE=m
CONFIG_NET_IPGRE_BROADCAST=y
# CONFIG_IP_MROUTE is not set
# CONFIG_ARPD is not set
# CONFIG_SYN_COOKIES is not set
CONFIG_INET_AH=m
CONFIG_INET_ESP=m
CONFIG_INET_IPCOMP=m
CONFIG_INET_XFRM_TUNNEL=m
CONFIG_INET_TUNNEL=m
CONFIG_INET_XFRM_MODE_TRANSPORT=m
CONFIG_INET_XFRM_MODE_TUNNEL=m
CONFIG_INET_XFRM_MODE_BEET=m
CONFIG_INET_LRO=y
CONFIG_INET_DIAG=y
CONFIG_INET_TCP_DIAG=y
# CONFIG_TCP_CONG_ADVANCED is not set
CONFIG_TCP_CONG_CUBIC=y
CONFIG_DEFAULT_TCP_CONG="cubic"
# CONFIG_TCP_MD5SIG is not set
# CONFIG_IPV6 is not set
# CONFIG_NETLABEL is not set
CONFIG_NETWORK_SECMARK=y
CONFIG_NETFILTER=y
# CONFIG_NETFILTER_DEBUG is not set
CONFIG_NETFILTER_ADVANCED=y
#
# Core Netfilter Configuration
#
CONFIG_NETFILTER_NETLINK=m
CONFIG_NETFILTER_NETLINK_QUEUE=m
CONFIG_NETFILTER_NETLINK_LOG=m
CONFIG_NF_CONNTRACK=m
CONFIG_NF_CT_ACCT=y
CONFIG_NF_CONNTRACK_MARK=y
CONFIG_NF_CONNTRACK_SECMARK=y
CONFIG_NF_CONNTRACK_EVENTS=y
# CONFIG_NF_CT_PROTO_DCCP is not set
CONFIG_NF_CT_PROTO_GRE=m
CONFIG_NF_CT_PROTO_SCTP=m
# CONFIG_NF_CT_PROTO_UDPLITE is not set
CONFIG_NF_CONNTRACK_AMANDA=m
CONFIG_NF_CONNTRACK_FTP=m
CONFIG_NF_CONNTRACK_H323=m
CONFIG_NF_CONNTRACK_IRC=m
CONFIG_NF_CONNTRACK_NETBIOS_NS=m
CONFIG_NF_CONNTRACK_PPTP=m
# CONFIG_NF_CONNTRACK_SANE is not set
CONFIG_NF_CONNTRACK_SIP=m
CONFIG_NF_CONNTRACK_TFTP=m
CONFIG_NF_CT_NETLINK=m
CONFIG_NETFILTER_TPROXY=m
CONFIG_NETFILTER_XTABLES=m
CONFIG_NETFILTER_XT_TARGET_CLASSIFY=m
CONFIG_NETFILTER_XT_TARGET_CONNMARK=m
CONFIG_NETFILTER_XT_TARGET_CONNSECMARK=m
CONFIG_NETFILTER_XT_TARGET_DSCP=m
CONFIG_NETFILTER_XT_TARGET_MARK=m
CONFIG_NETFILTER_XT_TARGET_NFLOG=m
CONFIG_NETFILTER_XT_TARGET_NFQUEUE=m
CONFIG_NETFILTER_XT_TARGET_NOTRACK=m
# CONFIG_NETFILTER_XT_TARGET_RATEEST is not set
CONFIG_NETFILTER_XT_TARGET_TPROXY=m
# CONFIG_NETFILTER_XT_TARGET_TRACE is not set
CONFIG_NETFILTER_XT_TARGET_SECMARK=m
CONFIG_NETFILTER_XT_TARGET_TCPMSS=m
# CONFIG_NETFILTER_XT_TARGET_TCPOPTSTRIP is not set
CONFIG_NETFILTER_XT_MATCH_COMMENT=m
CONFIG_NETFILTER_XT_MATCH_CONNBYTES=m
# CONFIG_NETFILTER_XT_MATCH_CONNLIMIT is not set
CONFIG_NETFILTER_XT_MATCH_CONNMARK=m
CONFIG_NETFILTER_XT_MATCH_CONNTRACK=m
CONFIG_NETFILTER_XT_MATCH_DCCP=m
CONFIG_NETFILTER_XT_MATCH_DSCP=m
CONFIG_NETFILTER_XT_MATCH_ESP=m
CONFIG_NETFILTER_XT_MATCH_HASHLIMIT=m
CONFIG_NETFILTER_XT_MATCH_HELPER=m
# CONFIG_NETFILTER_XT_MATCH_IPRANGE is not set
CONFIG_NETFILTER_XT_MATCH_LENGTH=m
CONFIG_NETFILTER_XT_MATCH_LIMIT=m
CONFIG_NETFILTER_XT_MATCH_MAC=m
CONFIG_NETFILTER_XT_MATCH_MARK=m
CONFIG_NETFILTER_XT_MATCH_MULTIPORT=m
# CONFIG_NETFILTER_XT_MATCH_OWNER is not set
CONFIG_NETFILTER_XT_MATCH_POLICY=m
CONFIG_NETFILTER_XT_MATCH_PKTTYPE=m
CONFIG_NETFILTER_XT_MATCH_QUOTA=m
# CONFIG_NETFILTER_XT_MATCH_RATEEST is not set
CONFIG_NETFILTER_XT_MATCH_REALM=m
CONFIG_NETFILTER_XT_MATCH_RECENT=m
# CONFIG_NETFILTER_XT_MATCH_RECENT_PROC_COMPAT is not set
CONFIG_NETFILTER_XT_MATCH_SCTP=m
CONFIG_NETFILTER_XT_MATCH_SOCKET=m
CONFIG_NETFILTER_XT_MATCH_STATE=m
CONFIG_NETFILTER_XT_MATCH_STATISTIC=m
CONFIG_NETFILTER_XT_MATCH_STRING=m
CONFIG_NETFILTER_XT_MATCH_TCPMSS=m
# CONFIG_NETFILTER_XT_MATCH_TIME is not set
# CONFIG_NETFILTER_XT_MATCH_U32 is not set
# CONFIG_IP_VS is not set
#
# IP: Netfilter Configuration
#
CONFIG_NF_DEFRAG_IPV4=m
CONFIG_NF_CONNTRACK_IPV4=m
CONFIG_NF_CONNTRACK_PROC_COMPAT=y
CONFIG_IP_NF_QUEUE=m
CONFIG_IP_NF_IPTABLES=m
CONFIG_IP_NF_MATCH_ADDRTYPE=m
CONFIG_IP_NF_MATCH_AH=m
CONFIG_IP_NF_MATCH_ECN=m
CONFIG_IP_NF_MATCH_TTL=m
CONFIG_IP_NF_FILTER=m
CONFIG_IP_NF_TARGET_REJECT=m
CONFIG_IP_NF_TARGET_LOG=m
CONFIG_IP_NF_TARGET_ULOG=m
CONFIG_NF_NAT=m
CONFIG_NF_NAT_NEEDED=y
CONFIG_IP_NF_TARGET_MASQUERADE=m
CONFIG_IP_NF_TARGET_NETMAP=m
CONFIG_IP_NF_TARGET_REDIRECT=m
CONFIG_NF_NAT_SNMP_BASIC=m
CONFIG_NF_NAT_PROTO_GRE=m
CONFIG_NF_NAT_PROTO_SCTP=m
CONFIG_NF_NAT_FTP=m
CONFIG_NF_NAT_IRC=m
CONFIG_NF_NAT_TFTP=m
CONFIG_NF_NAT_AMANDA=m
CONFIG_NF_NAT_PPTP=m
CONFIG_NF_NAT_H323=m
CONFIG_NF_NAT_SIP=m
CONFIG_IP_NF_MANGLE=m
CONFIG_IP_NF_TARGET_CLUSTERIP=m
CONFIG_IP_NF_TARGET_ECN=m
CONFIG_IP_NF_TARGET_TTL=m
CONFIG_IP_NF_RAW=m
CONFIG_IP_NF_SECURITY=m
CONFIG_IP_NF_ARPTABLES=m
CONFIG_IP_NF_ARPFILTER=m
CONFIG_IP_NF_ARP_MANGLE=m
# CONFIG_IP_DCCP is not set
CONFIG_IP_SCTP=m
# CONFIG_SCTP_DBG_MSG is not set
# CONFIG_SCTP_DBG_OBJCNT is not set
# CONFIG_SCTP_HMAC_NONE is not set
# CONFIG_SCTP_HMAC_SHA1 is not set
CONFIG_SCTP_HMAC_MD5=y
# CONFIG_TIPC is not set
# CONFIG_ATM is not set
# CONFIG_BRIDGE is not set
# CONFIG_NET_DSA is not set
# CONFIG_VLAN_8021Q is not set
# CONFIG_DECNET is not set
CONFIG_LLC=m
CONFIG_LLC2=m
# CONFIG_IPX is not set
# CONFIG_ATALK is not set
# CONFIG_X25 is not set
# CONFIG_LAPB is not set
# CONFIG_ECONET is not set
# CONFIG_WAN_ROUTER is not set
CONFIG_NET_SCHED=y
#
# Queueing/Scheduling
#
CONFIG_NET_SCH_CBQ=m
CONFIG_NET_SCH_HTB=m
CONFIG_NET_SCH_HFSC=m
CONFIG_NET_SCH_PRIO=m
# CONFIG_NET_SCH_MULTIQ is not set
CONFIG_NET_SCH_RED=m
CONFIG_NET_SCH_SFQ=m
CONFIG_NET_SCH_TEQL=m
CONFIG_NET_SCH_TBF=m
CONFIG_NET_SCH_GRED=m
CONFIG_NET_SCH_DSMARK=m
CONFIG_NET_SCH_NETEM=m
CONFIG_NET_SCH_INGRESS=m
#
# Classification
#
CONFIG_NET_CLS=y
CONFIG_NET_CLS_BASIC=m
CONFIG_NET_CLS_TCINDEX=m
CONFIG_NET_CLS_ROUTE4=m
CONFIG_NET_CLS_ROUTE=y
CONFIG_NET_CLS_FW=m
CONFIG_NET_CLS_U32=m
# CONFIG_CLS_U32_PERF is not set
CONFIG_CLS_U32_MARK=y
CONFIG_NET_CLS_RSVP=m
CONFIG_NET_CLS_RSVP6=m
# CONFIG_NET_CLS_FLOW is not set
CONFIG_NET_EMATCH=y
CONFIG_NET_EMATCH_STACK=32
CONFIG_NET_EMATCH_CMP=m
CONFIG_NET_EMATCH_NBYTE=m
CONFIG_NET_EMATCH_U32=m
CONFIG_NET_EMATCH_META=m
CONFIG_NET_EMATCH_TEXT=m
CONFIG_NET_CLS_ACT=y
CONFIG_NET_ACT_POLICE=m
CONFIG_NET_ACT_GACT=m
CONFIG_GACT_PROB=y
CONFIG_NET_ACT_MIRRED=m
CONFIG_NET_ACT_IPT=m
# CONFIG_NET_ACT_NAT is not set
CONFIG_NET_ACT_PEDIT=m
CONFIG_NET_ACT_SIMP=m
CONFIG_NET_ACT_SKBEDIT=m
# CONFIG_NET_CLS_IND is not set
CONFIG_NET_SCH_FIFO=y
#
# Network testing
#
# CONFIG_NET_PKTGEN is not set
# CONFIG_HAMRADIO is not set
# CONFIG_CAN is not set
# CONFIG_IRDA is not set
CONFIG_BT=m
CONFIG_BT_L2CAP=m
CONFIG_BT_SCO=m
CONFIG_BT_RFCOMM=m
CONFIG_BT_RFCOMM_TTY=y
CONFIG_BT_BNEP=m
CONFIG_BT_BNEP_MC_FILTER=y
CONFIG_BT_BNEP_PROTO_FILTER=y
CONFIG_BT_HIDP=m
#
# Bluetooth device drivers
#
CONFIG_BT_HCIBTUSB=m
CONFIG_BT_HCIUART=m
CONFIG_BT_HCIUART_H4=y
CONFIG_BT_HCIUART_BCSP=y
CONFIG_BT_HCIUART_LL=y
CONFIG_BT_HCIBCM203X=m
CONFIG_BT_HCIBPA10X=m
CONFIG_BT_HCIBFUSB=m
CONFIG_BT_HCIDTL1=m
CONFIG_BT_HCIBT3C=m
CONFIG_BT_HCIBLUECARD=m
CONFIG_BT_HCIBTUART=m
CONFIG_BT_HCIVHCI=m
CONFIG_AF_RXRPC=m
# CONFIG_AF_RXRPC_DEBUG is not set
# CONFIG_RXKAD is not set
# CONFIG_PHONET is not set
CONFIG_FIB_RULES=y
CONFIG_WIRELESS=y
CONFIG_CFG80211=m
CONFIG_NL80211=y
CONFIG_WIRELESS_OLD_REGULATORY=y
CONFIG_WIRELESS_EXT=y
CONFIG_WIRELESS_EXT_SYSFS=y
CONFIG_MAC80211=m
#
# Rate control algorithm selection
#
CONFIG_MAC80211_RC_PID=y
# CONFIG_MAC80211_RC_MINSTREL is not set
CONFIG_MAC80211_RC_DEFAULT_PID=y
# CONFIG_MAC80211_RC_DEFAULT_MINSTREL is not set
CONFIG_MAC80211_RC_DEFAULT="pid"
# CONFIG_MAC80211_MESH is not set
CONFIG_MAC80211_LEDS=y
CONFIG_MAC80211_DEBUGFS=y
# CONFIG_MAC80211_DEBUG_MENU is not set
CONFIG_IEEE80211=m
# CONFIG_IEEE80211_DEBUG is not set
CONFIG_IEEE80211_CRYPT_WEP=m
CONFIG_IEEE80211_CRYPT_CCMP=m
CONFIG_IEEE80211_CRYPT_TKIP=m
CONFIG_RFKILL=y
CONFIG_RFKILL_INPUT=y
CONFIG_RFKILL_LEDS=y
# CONFIG_NET_9P is not set
#
# Device Drivers
#
#
# Generic Driver Options
#
CONFIG_UEVENT_HELPER_PATH="/sbin/hotplug"
CONFIG_STANDALONE=y
CONFIG_PREVENT_FIRMWARE_BUILD=y
CONFIG_FW_LOADER=y
CONFIG_FIRMWARE_IN_KERNEL=y
CONFIG_EXTRA_FIRMWARE=""
# CONFIG_DEBUG_DRIVER is not set
# CONFIG_DEBUG_DEVRES is not set
# CONFIG_SYS_HYPERVISOR is not set
CONFIG_CONNECTOR=m
# CONFIG_MTD is not set
# CONFIG_PARPORT is not set
CONFIG_PNP=y
CONFIG_PNP_DEBUG_MESSAGES=y
#
# Protocols
#
CONFIG_PNPACPI=y
CONFIG_BLK_DEV=y
# CONFIG_BLK_DEV_FD is not set
# CONFIG_BLK_CPQ_DA is not set
# CONFIG_BLK_CPQ_CISS_DA is not set
# CONFIG_BLK_DEV_DAC960 is not set
# CONFIG_BLK_DEV_UMEM is not set
# CONFIG_BLK_DEV_COW_COMMON is not set
CONFIG_BLK_DEV_LOOP=m
CONFIG_BLK_DEV_CRYPTOLOOP=m
CONFIG_BLK_DEV_NBD=m
# CONFIG_BLK_DEV_SX8 is not set
# CONFIG_BLK_DEV_UB is not set
CONFIG_BLK_DEV_RAM=y
CONFIG_BLK_DEV_RAM_COUNT=16
CONFIG_BLK_DEV_RAM_SIZE=65536
# CONFIG_BLK_DEV_XIP is not set
CONFIG_CDROM_PKTCDVD=m
CONFIG_CDROM_PKTCDVD_BUFFERS=8
# CONFIG_CDROM_PKTCDVD_WCACHE is not set
CONFIG_ATA_OVER_ETH=m
# CONFIG_BLK_DEV_HD is not set
CONFIG_MISC_DEVICES=y
# CONFIG_IBM_ASM is not set
# CONFIG_PHANTOM is not set
CONFIG_EEPROM_93CX6=m
# CONFIG_SGI_IOC4 is not set
# CONFIG_TIFM_CORE is not set
# CONFIG_ACER_WMI is not set
# CONFIG_ASUS_LAPTOP is not set
# CONFIG_FUJITSU_LAPTOP is not set
CONFIG_HP_WMI=y
# CONFIG_ICS932S401 is not set
# CONFIG_MSI_LAPTOP is not set
# CONFIG_PANASONIC_LAPTOP is not set
# CONFIG_COMPAL_LAPTOP is not set
# CONFIG_SONY_LAPTOP is not set
# CONFIG_THINKPAD_ACPI is not set
CONFIG_INTEL_MENLOW=y
# CONFIG_EEEPC_LAPTOP is not set
# CONFIG_ENCLOSURE_SERVICES is not set
# CONFIG_SGI_XP is not set
# CONFIG_HP_ILO is not set
# CONFIG_SGI_GRU is not set
# CONFIG_C2PORT is not set
CONFIG_HAVE_IDE=y
CONFIG_IDE=y
#
# Please see Documentation/ide/ide.txt for help/info on IDE drives
#
CONFIG_IDE_TIMINGS=y
# CONFIG_BLK_DEV_IDE_SATA is not set
CONFIG_IDE_GD=y
CONFIG_IDE_GD_ATA=y
# CONFIG_IDE_GD_ATAPI is not set
# CONFIG_BLK_DEV_IDECS is not set
# CONFIG_BLK_DEV_DELKIN is not set
CONFIG_BLK_DEV_IDECD=m
CONFIG_BLK_DEV_IDECD_VERBOSE_ERRORS=y
# CONFIG_BLK_DEV_IDETAPE is not set
# CONFIG_BLK_DEV_IDESCSI is not set
CONFIG_BLK_DEV_IDEACPI=y
# CONFIG_IDE_TASK_IOCTL is not set
# CONFIG_IDE_PROC_FS is not set
#
# IDE chipset support/bugfixes
#
CONFIG_IDE_GENERIC=m
# CONFIG_BLK_DEV_PLATFORM is not set
# CONFIG_BLK_DEV_CMD640 is not set
# CONFIG_BLK_DEV_IDEPNP is not set
CONFIG_BLK_DEV_IDEDMA_SFF=y
#
# PCI IDE chipsets support
#
CONFIG_BLK_DEV_IDEPCI=y
# CONFIG_IDEPCI_PCIBUS_ORDER is not set
# CONFIG_BLK_DEV_OFFBOARD is not set
CONFIG_BLK_DEV_GENERIC=m
# CONFIG_BLK_DEV_OPTI621 is not set
# CONFIG_BLK_DEV_RZ1000 is not set
CONFIG_BLK_DEV_IDEDMA_PCI=y
# CONFIG_BLK_DEV_AEC62XX is not set
# CONFIG_BLK_DEV_ALI15X3 is not set
CONFIG_BLK_DEV_AMD74XX=m
# CONFIG_BLK_DEV_ATIIXP is not set
# CONFIG_BLK_DEV_CMD64X is not set
# CONFIG_BLK_DEV_TRIFLEX is not set
# CONFIG_BLK_DEV_CS5520 is not set
# CONFIG_BLK_DEV_CS5530 is not set
# CONFIG_BLK_DEV_HPT366 is not set
# CONFIG_BLK_DEV_JMICRON is not set
# CONFIG_BLK_DEV_SC1200 is not set
CONFIG_BLK_DEV_PIIX=m
# CONFIG_BLK_DEV_IT8213 is not set
# CONFIG_BLK_DEV_IT821X is not set
# CONFIG_BLK_DEV_NS87415 is not set
# CONFIG_BLK_DEV_PDC202XX_OLD is not set
# CONFIG_BLK_DEV_PDC202XX_NEW is not set
# CONFIG_BLK_DEV_SVWKS is not set
# CONFIG_BLK_DEV_SIIMAGE is not set
# CONFIG_BLK_DEV_SIS5513 is not set
# CONFIG_BLK_DEV_SLC90E66 is not set
# CONFIG_BLK_DEV_TRM290 is not set
# CONFIG_BLK_DEV_VIA82CXXX is not set
# CONFIG_BLK_DEV_TC86C001 is not set
CONFIG_BLK_DEV_IDEDMA=y
#
# SCSI device support
#
CONFIG_RAID_ATTRS=m
CONFIG_SCSI=y
CONFIG_SCSI_DMA=y
CONFIG_SCSI_TGT=m
# CONFIG_SCSI_NETLINK is not set
CONFIG_SCSI_PROC_FS=y
#
# SCSI support type (disk, tape, CD-ROM)
#
CONFIG_BLK_DEV_SD=y
# CONFIG_CHR_DEV_ST is not set
# CONFIG_CHR_DEV_OSST is not set
CONFIG_BLK_DEV_SR=m
# CONFIG_BLK_DEV_SR_VENDOR is not set
CONFIG_CHR_DEV_SG=m
CONFIG_CHR_DEV_SCH=m
#
# Some SCSI devices (e.g. CD jukebox) support multiple LUNs
#
CONFIG_SCSI_MULTI_LUN=y
CONFIG_SCSI_CONSTANTS=y
CONFIG_SCSI_LOGGING=y
CONFIG_SCSI_SCAN_ASYNC=y
CONFIG_SCSI_WAIT_SCAN=m
#
# SCSI Transports
#
# CONFIG_SCSI_SPI_ATTRS is not set
# CONFIG_SCSI_FC_ATTRS is not set
# CONFIG_SCSI_ISCSI_ATTRS is not set
# CONFIG_SCSI_SAS_ATTRS is not set
# CONFIG_SCSI_SAS_LIBSAS is not set
# CONFIG_SCSI_SRP_ATTRS is not set
CONFIG_SCSI_LOWLEVEL=y
# CONFIG_ISCSI_TCP is not set
# CONFIG_BLK_DEV_3W_XXXX_RAID is not set
# CONFIG_SCSI_3W_9XXX is not set
# CONFIG_SCSI_ACARD is not set
# CONFIG_SCSI_AACRAID is not set
# CONFIG_SCSI_AIC7XXX is not set
# CONFIG_SCSI_AIC7XXX_OLD is not set
# CONFIG_SCSI_AIC79XX is not set
# CONFIG_SCSI_AIC94XX is not set
# CONFIG_SCSI_DPT_I2O is not set
# CONFIG_SCSI_ADVANSYS is not set
# CONFIG_SCSI_ARCMSR is not set
# CONFIG_MEGARAID_NEWGEN is not set
# CONFIG_MEGARAID_LEGACY is not set
# CONFIG_MEGARAID_SAS is not set
# CONFIG_SCSI_HPTIOP is not set
# CONFIG_SCSI_BUSLOGIC is not set
# CONFIG_SCSI_DMX3191D is not set
# CONFIG_SCSI_EATA is not set
# CONFIG_SCSI_FUTURE_DOMAIN is not set
# CONFIG_SCSI_GDTH is not set
# CONFIG_SCSI_IPS is not set
# CONFIG_SCSI_INITIO is not set
# CONFIG_SCSI_INIA100 is not set
# CONFIG_SCSI_MVSAS is not set
# CONFIG_SCSI_STEX is not set
# CONFIG_SCSI_SYM53C8XX_2 is not set
# CONFIG_SCSI_IPR is not set
# CONFIG_SCSI_QLOGIC_1280 is not set
# CONFIG_SCSI_QLA_FC is not set
# CONFIG_SCSI_QLA_ISCSI is not set
# CONFIG_SCSI_LPFC is not set
# CONFIG_SCSI_DC395x is not set
# CONFIG_SCSI_DC390T is not set
# CONFIG_SCSI_DEBUG is not set
# CONFIG_SCSI_SRP is not set
# CONFIG_SCSI_LOWLEVEL_PCMCIA is not set
# CONFIG_SCSI_DH is not set
CONFIG_ATA=y
# CONFIG_ATA_NONSTANDARD is not set
CONFIG_ATA_ACPI=y
CONFIG_SATA_PMP=y
CONFIG_SATA_AHCI=y
# CONFIG_SATA_SIL24 is not set
CONFIG_ATA_SFF=y
CONFIG_SATA_SVW=m
CONFIG_ATA_PIIX=m
# CONFIG_SATA_MV is not set
# CONFIG_SATA_NV is not set
# CONFIG_PDC_ADMA is not set
# CONFIG_SATA_QSTOR is not set
# CONFIG_SATA_PROMISE is not set
# CONFIG_SATA_SX4 is not set
# CONFIG_SATA_SIL is not set
# CONFIG_SATA_SIS is not set
# CONFIG_SATA_ULI is not set
# CONFIG_SATA_VIA is not set
# CONFIG_SATA_VITESSE is not set
# CONFIG_SATA_INIC162X is not set
CONFIG_PATA_ACPI=m
# CONFIG_PATA_ALI is not set
CONFIG_PATA_AMD=m
# CONFIG_PATA_ARTOP is not set
# CONFIG_PATA_ATIIXP is not set
# CONFIG_PATA_CMD640_PCI is not set
# CONFIG_PATA_CMD64X is not set
# CONFIG_PATA_CS5520 is not set
# CONFIG_PATA_CS5530 is not set
# CONFIG_PATA_CYPRESS is not set
# CONFIG_PATA_EFAR is not set
CONFIG_ATA_GENERIC=m
# CONFIG_PATA_HPT366 is not set
# CONFIG_PATA_HPT37X is not set
# CONFIG_PATA_HPT3X2N is not set
# CONFIG_PATA_HPT3X3 is not set
# CONFIG_PATA_IT821X is not set
# CONFIG_PATA_IT8213 is not set
# CONFIG_PATA_JMICRON is not set
# CONFIG_PATA_TRIFLEX is not set
# CONFIG_PATA_MARVELL is not set
CONFIG_PATA_MPIIX=m
CONFIG_PATA_OLDPIIX=m
# CONFIG_PATA_NETCELL is not set
# CONFIG_PATA_NINJA32 is not set
# CONFIG_PATA_NS87410 is not set
# CONFIG_PATA_NS87415 is not set
# CONFIG_PATA_OPTI is not set
# CONFIG_PATA_OPTIDMA is not set
# CONFIG_PATA_PCMCIA is not set
# CONFIG_PATA_PDC_OLD is not set
# CONFIG_PATA_RADISYS is not set
# CONFIG_PATA_RZ1000 is not set
# CONFIG_PATA_SC1200 is not set
# CONFIG_PATA_SERVERWORKS is not set
# CONFIG_PATA_PDC2027X is not set
# CONFIG_PATA_SIL680 is not set
# CONFIG_PATA_SIS is not set
# CONFIG_PATA_VIA is not set
# CONFIG_PATA_WINBOND is not set
# CONFIG_PATA_PLATFORM is not set
CONFIG_PATA_SCH=y
CONFIG_MD=y
CONFIG_BLK_DEV_MD=m
CONFIG_MD_LINEAR=m
CONFIG_MD_RAID0=m
CONFIG_MD_RAID1=m
CONFIG_MD_RAID10=m
CONFIG_MD_RAID456=m
CONFIG_MD_RAID5_RESHAPE=y
CONFIG_MD_MULTIPATH=m
CONFIG_MD_FAULTY=m
CONFIG_BLK_DEV_DM=y
# CONFIG_DM_DEBUG is not set
CONFIG_DM_CRYPT=y
CONFIG_DM_SNAPSHOT=m
CONFIG_DM_MIRROR=m
CONFIG_DM_ZERO=m
CONFIG_DM_MULTIPATH=m
# CONFIG_DM_DELAY is not set
# CONFIG_DM_UEVENT is not set
# CONFIG_FUSION is not set
#
# IEEE 1394 (FireWire) support
#
#
# Enable only one of the two stacks, unless you know what you are doing
#
# CONFIG_FIREWIRE is not set
CONFIG_IEEE1394=m
CONFIG_IEEE1394_OHCI1394=m
CONFIG_IEEE1394_PCILYNX=m
CONFIG_IEEE1394_SBP2=m
# CONFIG_IEEE1394_SBP2_PHYS_DMA is not set
CONFIG_IEEE1394_ETH1394_ROM_ENTRY=y
CONFIG_IEEE1394_ETH1394=m
CONFIG_IEEE1394_RAWIO=m
CONFIG_IEEE1394_VIDEO1394=m
CONFIG_IEEE1394_DV1394=m
# CONFIG_IEEE1394_VERBOSEDEBUG is not set
# CONFIG_I2O is not set
# CONFIG_MACINTOSH_DRIVERS is not set
CONFIG_NETDEVICES=y
# CONFIG_IFB is not set
# CONFIG_DUMMY is not set
CONFIG_BONDING=m
# CONFIG_MACVLAN is not set
CONFIG_EQUALIZER=m
CONFIG_TUN=m
# CONFIG_VETH is not set
# CONFIG_NET_SB1000 is not set
# CONFIG_ARCNET is not set
CONFIG_PHYLIB=m
#
# MII PHY device drivers
#
CONFIG_MARVELL_PHY=m
CONFIG_DAVICOM_PHY=m
CONFIG_QSEMI_PHY=m
CONFIG_LXT_PHY=m
CONFIG_CICADA_PHY=m
CONFIG_VITESSE_PHY=m
CONFIG_SMSC_PHY=m
CONFIG_BROADCOM_PHY=m
CONFIG_ICPLUS_PHY=m
# CONFIG_REALTEK_PHY is not set
CONFIG_MDIO_BITBANG=m
CONFIG_NET_ETHERNET=y
CONFIG_MII=m
# CONFIG_HAPPYMEAL is not set
# CONFIG_SUNGEM is not set
# CONFIG_CASSINI is not set
# CONFIG_NET_VENDOR_3COM is not set
# CONFIG_ENC28J60 is not set
CONFIG_NET_TULIP=y
CONFIG_DE2104X=m
CONFIG_TULIP=m
# CONFIG_TULIP_MWI is not set
# CONFIG_TULIP_MMIO is not set
# CONFIG_TULIP_NAPI is not set
CONFIG_DE4X5=m
CONFIG_WINBOND_840=m
CONFIG_DM9102=m
CONFIG_ULI526X=m
# CONFIG_PCMCIA_XIRCOM is not set
CONFIG_HP100=m
# CONFIG_IBM_NEW_EMAC_ZMII is not set
# CONFIG_IBM_NEW_EMAC_RGMII is not set
# CONFIG_IBM_NEW_EMAC_TAH is not set
# CONFIG_IBM_NEW_EMAC_EMAC4 is not set
# CONFIG_IBM_NEW_EMAC_NO_FLOW_CTRL is not set
# CONFIG_IBM_NEW_EMAC_MAL_CLR_ICINTSTAT is not set
# CONFIG_IBM_NEW_EMAC_MAL_COMMON_ERR is not set
CONFIG_NET_PCI=y
CONFIG_PCNET32=m
CONFIG_AMD8111_ETH=m
# CONFIG_ADAPTEC_STARFIRE is not set
CONFIG_B44=m
CONFIG_B44_PCI_AUTOSELECT=y
CONFIG_B44_PCICORE_AUTOSELECT=y
CONFIG_B44_PCI=y
# CONFIG_FORCEDETH is not set
# CONFIG_EEPRO100 is not set
CONFIG_E100=m
# CONFIG_FEALNX is not set
# CONFIG_NATSEMI is not set
# CONFIG_NE2K_PCI is not set
# CONFIG_8139CP is not set
# CONFIG_8139TOO is not set
# CONFIG_R6040 is not set
# CONFIG_SIS900 is not set
# CONFIG_EPIC100 is not set
# CONFIG_SUNDANCE is not set
# CONFIG_TLAN is not set
# CONFIG_VIA_RHINE is not set
# CONFIG_SC92031 is not set
# CONFIG_ATL2 is not set
CONFIG_NETDEV_1000=y
# CONFIG_ACENIC is not set
# CONFIG_DL2K is not set
CONFIG_E1000=m
CONFIG_E1000E=m
# CONFIG_IP1000 is not set
# CONFIG_IGB is not set
# CONFIG_NS83820 is not set
# CONFIG_HAMACHI is not set
# CONFIG_YELLOWFIN is not set
# CONFIG_R8169 is not set
# CONFIG_SIS190 is not set
# CONFIG_SKGE is not set
# CONFIG_SKY2 is not set
# CONFIG_VIA_VELOCITY is not set
CONFIG_TIGON3=m
# CONFIG_BNX2 is not set
# CONFIG_QLA3XXX is not set
# CONFIG_ATL1 is not set
# CONFIG_ATL1E is not set
# CONFIG_JME is not set
# CONFIG_NETDEV_10000 is not set
# CONFIG_TR is not set
#
# Wireless LAN
#
# CONFIG_WLAN_PRE80211 is not set
CONFIG_WLAN_80211=y
CONFIG_PCMCIA_RAYCS=m
CONFIG_IPW2100=m
CONFIG_IPW2100_MONITOR=y
# CONFIG_IPW2100_DEBUG is not set
CONFIG_IPW2200=m
CONFIG_IPW2200_MONITOR=y
CONFIG_IPW2200_RADIOTAP=y
CONFIG_IPW2200_PROMISCUOUS=y
CONFIG_IPW2200_QOS=y
# CONFIG_IPW2200_DEBUG is not set
CONFIG_LIBERTAS=m
CONFIG_LIBERTAS_USB=m
CONFIG_LIBERTAS_CS=m
# CONFIG_LIBERTAS_DEBUG is not set
# CONFIG_LIBERTAS_THINFIRM is not set
CONFIG_AIRO=m
CONFIG_HERMES=m
CONFIG_PLX_HERMES=m
CONFIG_TMD_HERMES=m
CONFIG_NORTEL_HERMES=m
CONFIG_PCI_HERMES=m
CONFIG_PCMCIA_HERMES=m
CONFIG_PCMCIA_SPECTRUM=m
CONFIG_ATMEL=m
CONFIG_PCI_ATMEL=m
CONFIG_PCMCIA_ATMEL=m
CONFIG_AIRO_CS=m
CONFIG_PCMCIA_WL3501=m
CONFIG_PRISM54=m
CONFIG_USB_ZD1201=m
CONFIG_USB_NET_RNDIS_WLAN=m
# CONFIG_RTL8180 is not set
CONFIG_RTL8187=m
CONFIG_ADM8211=m
# CONFIG_MAC80211_HWSIM is not set
CONFIG_P54_COMMON=m
CONFIG_P54_USB=m
CONFIG_P54_PCI=m
# CONFIG_ATH5K is not set
# CONFIG_ATH9K is not set
CONFIG_IWLWIFI=m
CONFIG_IWLCORE=m
CONFIG_IWLWIFI_LEDS=y
CONFIG_IWLWIFI_RFKILL=y
# CONFIG_IWLWIFI_DEBUG is not set
CONFIG_IWLAGN=m
CONFIG_IWLAGN_SPECTRUM_MEASUREMENT=y
CONFIG_IWLAGN_LEDS=y
CONFIG_IWL4965=y
CONFIG_IWL5000=y
CONFIG_IWL3945=m
CONFIG_IWL3945_RFKILL=y
CONFIG_IWL3945_SPECTRUM_MEASUREMENT=y
CONFIG_IWL3945_LEDS=y
CONFIG_IWL3945_DEBUG=y
CONFIG_HOSTAP=m
CONFIG_HOSTAP_FIRMWARE=y
CONFIG_HOSTAP_FIRMWARE_NVRAM=y
CONFIG_HOSTAP_PLX=m
CONFIG_HOSTAP_PCI=m
CONFIG_HOSTAP_CS=m
CONFIG_B43=m
CONFIG_B43_PCI_AUTOSELECT=y
CONFIG_B43_PCICORE_AUTOSELECT=y
CONFIG_B43_PCMCIA=y
CONFIG_B43_PIO=y
CONFIG_B43_LEDS=y
CONFIG_B43_RFKILL=y
CONFIG_B43_DEBUG=y
# CONFIG_B43_FORCE_PIO is not set
CONFIG_B43LEGACY=m
CONFIG_B43LEGACY_PCI_AUTOSELECT=y
CONFIG_B43LEGACY_PCICORE_AUTOSELECT=y
CONFIG_B43LEGACY_LEDS=y
CONFIG_B43LEGACY_RFKILL=y
CONFIG_B43LEGACY_DEBUG=y
CONFIG_B43LEGACY_DMA=y
CONFIG_B43LEGACY_PIO=y
CONFIG_B43LEGACY_DMA_AND_PIO_MODE=y
# CONFIG_B43LEGACY_DMA_MODE is not set
# CONFIG_B43LEGACY_PIO_MODE is not set
CONFIG_ZD1211RW=m
# CONFIG_ZD1211RW_DEBUG is not set
CONFIG_RT2X00=m
CONFIG_RT2400PCI=m
CONFIG_RT2500PCI=m
CONFIG_RT61PCI=m
CONFIG_RT2500USB=m
CONFIG_RT73USB=m
CONFIG_RT2X00_LIB_PCI=m
CONFIG_RT2X00_LIB_USB=m
CONFIG_RT2X00_LIB=m
CONFIG_RT2X00_LIB_FIRMWARE=y
CONFIG_RT2X00_LIB_CRYPTO=y
CONFIG_RT2X00_LIB_RFKILL=y
CONFIG_RT2X00_LIB_LEDS=y
CONFIG_RT2X00_LIB_DEBUGFS=y
CONFIG_RT2X00_DEBUG=y
#
# USB Network Adapters
#
CONFIG_USB_CATC=m
CONFIG_USB_KAWETH=m
CONFIG_USB_PEGASUS=m
CONFIG_USB_RTL8150=m
CONFIG_USB_USBNET=m
CONFIG_USB_NET_AX8817X=m
CONFIG_USB_NET_CDCETHER=m
CONFIG_USB_NET_DM9601=m
CONFIG_USB_NET_SMSC95XX=m
CONFIG_USB_NET_GL620A=m
CONFIG_USB_NET_NET1080=m
CONFIG_USB_NET_PLUSB=m
CONFIG_USB_NET_MCS7830=m
CONFIG_USB_NET_RNDIS_HOST=m
CONFIG_USB_NET_CDC_SUBSET=m
CONFIG_USB_ALI_M5632=y
CONFIG_USB_AN2720=y
CONFIG_USB_BELKIN=y
CONFIG_USB_ARMLINUX=y
CONFIG_USB_EPSON2888=y
CONFIG_USB_KC2190=y
# CONFIG_USB_NET_ZAURUS is not set
CONFIG_USB_HSO=m
CONFIG_NET_PCMCIA=y
CONFIG_PCMCIA_3C589=m
CONFIG_PCMCIA_3C574=m
CONFIG_PCMCIA_FMVJ18X=m
CONFIG_PCMCIA_PCNET=m
CONFIG_PCMCIA_NMCLAN=m
CONFIG_PCMCIA_SMC91C92=m
CONFIG_PCMCIA_XIRC2PS=m
CONFIG_PCMCIA_AXNET=m
# CONFIG_WAN is not set
# CONFIG_FDDI is not set
# CONFIG_HIPPI is not set
CONFIG_PPP=m
CONFIG_PPP_MULTILINK=y
CONFIG_PPP_FILTER=y
CONFIG_PPP_ASYNC=m
CONFIG_PPP_SYNC_TTY=m
CONFIG_PPP_DEFLATE=m
CONFIG_PPP_BSDCOMP=m
CONFIG_PPP_MPPE=m
CONFIG_PPPOE=m
# CONFIG_PPPOL2TP is not set
# CONFIG_SLIP is not set
CONFIG_SLHC=m
# CONFIG_NET_FC is not set
# CONFIG_NETCONSOLE is not set
# CONFIG_NETPOLL is not set
# CONFIG_NET_POLL_CONTROLLER is not set
# CONFIG_ISDN is not set
# CONFIG_PHONE is not set
#
# Input device support
#
CONFIG_INPUT=y
CONFIG_INPUT_FF_MEMLESS=m
CONFIG_INPUT_POLLDEV=m
#
# Userland interfaces
#
CONFIG_INPUT_MOUSEDEV=y
CONFIG_INPUT_MOUSEDEV_PSAUX=y
CONFIG_INPUT_MOUSEDEV_SCREEN_X=1024
CONFIG_INPUT_MOUSEDEV_SCREEN_Y=768
CONFIG_INPUT_JOYDEV=m
CONFIG_INPUT_EVDEV=y
CONFIG_INPUT_EVBUG=m
#
# Input Device Drivers
#
CONFIG_INPUT_KEYBOARD=y
CONFIG_KEYBOARD_ATKBD=y
CONFIG_KEYBOARD_SUNKBD=m
CONFIG_KEYBOARD_LKKBD=m
CONFIG_KEYBOARD_XTKBD=m
CONFIG_KEYBOARD_NEWTON=m
CONFIG_KEYBOARD_STOWAWAY=m
CONFIG_INPUT_MOUSE=y
CONFIG_MOUSE_PS2=y
CONFIG_MOUSE_PS2_ALPS=y
CONFIG_MOUSE_PS2_LOGIPS2PP=y
CONFIG_MOUSE_PS2_SYNAPTICS=y
CONFIG_MOUSE_PS2_LIFEBOOK=y
CONFIG_MOUSE_PS2_TRACKPOINT=y
# CONFIG_MOUSE_PS2_ELANTECH is not set
# CONFIG_MOUSE_PS2_TOUCHKIT is not set
CONFIG_MOUSE_SERIAL=m
CONFIG_MOUSE_APPLETOUCH=m
# CONFIG_MOUSE_BCM5974 is not set
CONFIG_MOUSE_VSXXXAA=m
CONFIG_INPUT_JOYSTICK=y
CONFIG_JOYSTICK_ANALOG=m
CONFIG_JOYSTICK_A3D=m
CONFIG_JOYSTICK_ADI=m
CONFIG_JOYSTICK_COBRA=m
CONFIG_JOYSTICK_GF2K=m
CONFIG_JOYSTICK_GRIP=m
CONFIG_JOYSTICK_GRIP_MP=m
CONFIG_JOYSTICK_GUILLEMOT=m
CONFIG_JOYSTICK_INTERACT=m
CONFIG_JOYSTICK_SIDEWINDER=m
CONFIG_JOYSTICK_TMDC=m
CONFIG_JOYSTICK_IFORCE=m
CONFIG_JOYSTICK_IFORCE_USB=y
CONFIG_JOYSTICK_IFORCE_232=y
CONFIG_JOYSTICK_WARRIOR=m
CONFIG_JOYSTICK_MAGELLAN=m
CONFIG_JOYSTICK_SPACEORB=m
CONFIG_JOYSTICK_SPACEBALL=m
CONFIG_JOYSTICK_STINGER=m
CONFIG_JOYSTICK_TWIDJOY=m
# CONFIG_JOYSTICK_ZHENHUA is not set
CONFIG_JOYSTICK_JOYDUMP=m
CONFIG_JOYSTICK_XPAD=m
# CONFIG_JOYSTICK_XPAD_FF is not set
# CONFIG_JOYSTICK_XPAD_LEDS is not set
CONFIG_INPUT_TABLET=y
CONFIG_TABLET_USB_ACECAD=m
CONFIG_TABLET_USB_AIPTEK=m
CONFIG_TABLET_USB_GTCO=m
CONFIG_TABLET_USB_KBTAB=m
CONFIG_TABLET_USB_WACOM=m
CONFIG_INPUT_TOUCHSCREEN=y
CONFIG_TOUCHSCREEN_ADS7846=m
CONFIG_TOUCHSCREEN_FUJITSU=m
CONFIG_TOUCHSCREEN_GUNZE=m
CONFIG_TOUCHSCREEN_ELO=m
CONFIG_TOUCHSCREEN_MTOUCH=m
# CONFIG_TOUCHSCREEN_INEXIO is not set
CONFIG_TOUCHSCREEN_MK712=m
CONFIG_TOUCHSCREEN_PENMOUNT=m
CONFIG_TOUCHSCREEN_TOUCHRIGHT=m
CONFIG_TOUCHSCREEN_TOUCHWIN=m
# CONFIG_TOUCHSCREEN_WM97XX is not set
CONFIG_TOUCHSCREEN_USB_COMPOSITE=m
CONFIG_TOUCHSCREEN_USB_EGALAX=y
CONFIG_TOUCHSCREEN_USB_PANJIT=y
CONFIG_TOUCHSCREEN_USB_3M=y
CONFIG_TOUCHSCREEN_USB_ITM=y
CONFIG_TOUCHSCREEN_USB_ETURBO=y
CONFIG_TOUCHSCREEN_USB_GUNZE=y
CONFIG_TOUCHSCREEN_USB_DMC_TSC10=y
CONFIG_TOUCHSCREEN_USB_IRTOUCH=y
CONFIG_TOUCHSCREEN_USB_IDEALTEK=y
CONFIG_TOUCHSCREEN_USB_GENERAL_TOUCH=y
CONFIG_TOUCHSCREEN_USB_GOTOP=y
# CONFIG_TOUCHSCREEN_TOUCHIT213 is not set
CONFIG_INPUT_MISC=y
CONFIG_INPUT_PCSPKR=m
# CONFIG_INPUT_APANEL is not set
CONFIG_INPUT_ATLAS_BTNS=m
CONFIG_INPUT_ATI_REMOTE=m
CONFIG_INPUT_ATI_REMOTE2=m
CONFIG_INPUT_KEYSPAN_REMOTE=m
CONFIG_INPUT_POWERMATE=m
CONFIG_INPUT_YEALINK=m
# CONFIG_INPUT_CM109 is not set
CONFIG_INPUT_UINPUT=m
#
# Hardware I/O ports
#
CONFIG_SERIO=y
CONFIG_SERIO_I8042=y
CONFIG_SERIO_SERPORT=m
CONFIG_SERIO_CT82C710=m
CONFIG_SERIO_PCIPS2=m
CONFIG_SERIO_LIBPS2=y
CONFIG_SERIO_RAW=m
CONFIG_GAMEPORT=m
CONFIG_GAMEPORT_NS558=m
CONFIG_GAMEPORT_L4=m
CONFIG_GAMEPORT_EMU10K1=m
CONFIG_GAMEPORT_FM801=m
#
# Character devices
#
CONFIG_VT=y
CONFIG_CONSOLE_TRANSLATIONS=y
CONFIG_VT_CONSOLE=y
CONFIG_HW_CONSOLE=y
CONFIG_VT_HW_CONSOLE_BINDING=y
# CONFIG_DEVKMEM is not set
# CONFIG_SERIAL_NONSTANDARD is not set
# CONFIG_NOZOMI is not set
#
# Serial drivers
#
CONFIG_SERIAL_8250=y
# CONFIG_SERIAL_8250_CONSOLE is not set
CONFIG_FIX_EARLYCON_MEM=y
CONFIG_SERIAL_8250_PCI=y
CONFIG_SERIAL_8250_PNP=y
CONFIG_SERIAL_8250_CS=m
CONFIG_SERIAL_8250_NR_UARTS=48
CONFIG_SERIAL_8250_RUNTIME_UARTS=4
CONFIG_SERIAL_8250_EXTENDED=y
CONFIG_SERIAL_8250_MANY_PORTS=y
CONFIG_SERIAL_8250_SHARE_IRQ=y
# CONFIG_SERIAL_8250_DETECT_IRQ is not set
CONFIG_SERIAL_8250_RSA=y
#
# Non-8250 serial port support
#
CONFIG_SERIAL_CORE=y
CONFIG_SERIAL_JSM=m
CONFIG_UNIX98_PTYS=y
CONFIG_LEGACY_PTYS=y
CONFIG_LEGACY_PTY_COUNT=256
CONFIG_IPMI_HANDLER=m
# CONFIG_IPMI_PANIC_EVENT is not set
CONFIG_IPMI_DEVICE_INTERFACE=m
CONFIG_IPMI_SI=m
CONFIG_IPMI_WATCHDOG=m
CONFIG_IPMI_POWEROFF=m
CONFIG_HW_RANDOM=y
CONFIG_HW_RANDOM_INTEL=m
CONFIG_HW_RANDOM_AMD=m
CONFIG_NVRAM=m
# CONFIG_R3964 is not set
# CONFIG_APPLICOM is not set
#
# PCMCIA character devices
#
# CONFIG_SYNCLINK_CS is not set
# CONFIG_CARDMAN_4000 is not set
# CONFIG_CARDMAN_4040 is not set
# CONFIG_IPWIRELESS is not set
CONFIG_MWAVE=m
# CONFIG_PC8736x_GPIO is not set
# CONFIG_RAW_DRIVER is not set
CONFIG_HPET=y
CONFIG_HPET_MMAP=y
CONFIG_HANGCHECK_TIMER=m
CONFIG_TCG_TPM=m
CONFIG_TCG_TIS=m
CONFIG_TCG_NSC=m
CONFIG_TCG_ATMEL=m
CONFIG_TCG_INFINEON=m
# CONFIG_TELCLOCK is not set
CONFIG_DEVPORT=y
CONFIG_I2C=y
CONFIG_I2C_BOARDINFO=y
CONFIG_I2C_CHARDEV=m
CONFIG_I2C_HELPER_AUTO=y
CONFIG_I2C_ALGOBIT=m
#
# I2C Hardware Bus support
#
#
# PC SMBus host controller drivers
#
# CONFIG_I2C_ALI1535 is not set
# CONFIG_I2C_ALI1563 is not set
# CONFIG_I2C_ALI15X3 is not set
# CONFIG_I2C_AMD756 is not set
# CONFIG_I2C_AMD8111 is not set
# CONFIG_I2C_I801 is not set
CONFIG_I2C_ISCH=m
CONFIG_I2C_PIIX4=y
# CONFIG_I2C_NFORCE2 is not set
# CONFIG_I2C_SIS5595 is not set
# CONFIG_I2C_SIS630 is not set
# CONFIG_I2C_SIS96X is not set
# CONFIG_I2C_VIA is not set
# CONFIG_I2C_VIAPRO is not set
#
# I2C system bus drivers (mostly embedded / system-on-chip)
#
# CONFIG_I2C_OCORES is not set
# CONFIG_I2C_SIMTEC is not set
#
# External I2C/SMBus adapter drivers
#
# CONFIG_I2C_PARPORT_LIGHT is not set
# CONFIG_I2C_TAOS_EVM is not set
# CONFIG_I2C_TINY_USB is not set
#
# Graphics adapter I2C/DDC channel drivers
#
# CONFIG_I2C_VOODOO3 is not set
#
# Other I2C/SMBus bus drivers
#
# CONFIG_I2C_PCA_PLATFORM is not set
# CONFIG_I2C_STUB is not set
#
# Miscellaneous I2C Chip support
#
# CONFIG_DS1682 is not set
CONFIG_AT24=m
CONFIG_SENSORS_EEPROM=y
# CONFIG_SENSORS_PCF8574 is not set
# CONFIG_PCF8575 is not set
# CONFIG_SENSORS_PCA9539 is not set
# CONFIG_SENSORS_PCF8591 is not set
# CONFIG_SENSORS_MAX6875 is not set
# CONFIG_SENSORS_TSL2550 is not set
# CONFIG_I2C_DEBUG_CORE is not set
# CONFIG_I2C_DEBUG_ALGO is not set
# CONFIG_I2C_DEBUG_BUS is not set
# CONFIG_I2C_DEBUG_CHIP is not set
CONFIG_SPI=y
# CONFIG_SPI_DEBUG is not set
CONFIG_SPI_MASTER=y
#
# SPI Master Controller Drivers
#
CONFIG_SPI_BITBANG=m
#
# SPI Protocol Masters
#
CONFIG_SPI_AT25=m
CONFIG_SPI_SPIDEV=m
# CONFIG_SPI_TLE62X0 is not set
CONFIG_ARCH_WANT_OPTIONAL_GPIOLIB=y
# CONFIG_GPIOLIB is not set
# CONFIG_W1 is not set
CONFIG_POWER_SUPPLY=y
# CONFIG_POWER_SUPPLY_DEBUG is not set
# CONFIG_PDA_POWER is not set
# CONFIG_BATTERY_DS2760 is not set
CONFIG_BATTERY_BQ27x00=m
CONFIG_HWMON=y
CONFIG_HWMON_VID=m
# CONFIG_SENSORS_ABITUGURU is not set
# CONFIG_SENSORS_ABITUGURU3 is not set
# CONFIG_SENSORS_AD7414 is not set
# CONFIG_SENSORS_AD7418 is not set
# CONFIG_SENSORS_ADCXX is not set
# CONFIG_SENSORS_ADM1021 is not set
# CONFIG_SENSORS_ADM1025 is not set
# CONFIG_SENSORS_ADM1026 is not set
# CONFIG_SENSORS_ADM1029 is not set
# CONFIG_SENSORS_ADM1031 is not set
# CONFIG_SENSORS_ADM9240 is not set
# CONFIG_SENSORS_ADT7462 is not set
# CONFIG_SENSORS_ADT7470 is not set
# CONFIG_SENSORS_ADT7473 is not set
CONFIG_SENSORS_K8TEMP=m
# CONFIG_SENSORS_ASB100 is not set
# CONFIG_SENSORS_ATXP1 is not set
# CONFIG_SENSORS_DS1621 is not set
# CONFIG_SENSORS_I5K_AMB is not set
# CONFIG_SENSORS_F71805F is not set
# CONFIG_SENSORS_F71882FG is not set
# CONFIG_SENSORS_F75375S is not set
# CONFIG_SENSORS_FSCHER is not set
# CONFIG_SENSORS_FSCPOS is not set
# CONFIG_SENSORS_FSCHMD is not set
# CONFIG_SENSORS_GL518SM is not set
# CONFIG_SENSORS_GL520SM is not set
CONFIG_SENSORS_CORETEMP=y
# CONFIG_SENSORS_IBMAEM is not set
# CONFIG_SENSORS_IBMPEX is not set
# CONFIG_SENSORS_IT87 is not set
# CONFIG_SENSORS_LM63 is not set
# CONFIG_SENSORS_LM70 is not set
# CONFIG_SENSORS_LM75 is not set
# CONFIG_SENSORS_LM77 is not set
# CONFIG_SENSORS_LM78 is not set
# CONFIG_SENSORS_LM80 is not set
# CONFIG_SENSORS_LM83 is not set
# CONFIG_SENSORS_LM85 is not set
# CONFIG_SENSORS_LM87 is not set
# CONFIG_SENSORS_LM90 is not set
# CONFIG_SENSORS_LM92 is not set
# CONFIG_SENSORS_LM93 is not set
# CONFIG_SENSORS_MAX1111 is not set
# CONFIG_SENSORS_MAX1619 is not set
# CONFIG_SENSORS_MAX6650 is not set
# CONFIG_SENSORS_PC87360 is not set
# CONFIG_SENSORS_PC87427 is not set
# CONFIG_SENSORS_SIS5595 is not set
CONFIG_SENSORS_DME1737=m
CONFIG_SENSORS_SMSC47M1=m
CONFIG_SENSORS_SMSC47M192=m
CONFIG_SENSORS_SMSC47B397=m
# CONFIG_SENSORS_ADS7828 is not set
# CONFIG_SENSORS_THMC50 is not set
# CONFIG_SENSORS_VIA686A is not set
# CONFIG_SENSORS_VT1211 is not set
# CONFIG_SENSORS_VT8231 is not set
# CONFIG_SENSORS_W83781D is not set
# CONFIG_SENSORS_W83791D is not set
# CONFIG_SENSORS_W83792D is not set
# CONFIG_SENSORS_W83793 is not set
# CONFIG_SENSORS_W83L785TS is not set
# CONFIG_SENSORS_W83L786NG is not set
# CONFIG_SENSORS_W83627HF is not set
# CONFIG_SENSORS_W83627EHF is not set
# CONFIG_SENSORS_HDAPS is not set
# CONFIG_SENSORS_LIS3LV02D is not set
# CONFIG_SENSORS_APPLESMC is not set
# CONFIG_HWMON_DEBUG_CHIP is not set
CONFIG_THERMAL=y
CONFIG_THERMAL_HWMON=y
# CONFIG_WATCHDOG is not set
CONFIG_SSB_POSSIBLE=y
#
# Sonics Silicon Backplane
#
CONFIG_SSB=m
CONFIG_SSB_SPROM=y
CONFIG_SSB_BLOCKIO=y
CONFIG_SSB_PCIHOST_POSSIBLE=y
CONFIG_SSB_PCIHOST=y
CONFIG_SSB_B43_PCI_BRIDGE=y
CONFIG_SSB_PCMCIAHOST_POSSIBLE=y
CONFIG_SSB_PCMCIAHOST=y
# CONFIG_SSB_SILENT is not set
CONFIG_SSB_DEBUG=y
CONFIG_SSB_DRIVER_PCICORE_POSSIBLE=y
CONFIG_SSB_DRIVER_PCICORE=y
#
# Multifunction device drivers
#
# CONFIG_MFD_CORE is not set
# CONFIG_MFD_SM501 is not set
# CONFIG_HTC_PASIC3 is not set
# CONFIG_MFD_TMIO is not set
# CONFIG_PMIC_DA903X is not set
# CONFIG_MFD_WM8400 is not set
# CONFIG_MFD_WM8350_I2C is not set
# CONFIG_REGULATOR is not set
#
# Multimedia devices
#
#
# Multimedia core support
#
# CONFIG_VIDEO_DEV is not set
# CONFIG_DVB_CORE is not set
# CONFIG_VIDEO_MEDIA is not set
#
# Multimedia drivers
#
# CONFIG_DAB is not set
#
# Graphics support
#
CONFIG_AGP=y
CONFIG_AGP_AMD64=y
CONFIG_AGP_INTEL=m
CONFIG_AGP_SIS=m
CONFIG_AGP_VIA=m
CONFIG_DRM=m
CONFIG_DRM_TDFX=m
CONFIG_DRM_R128=m
CONFIG_DRM_RADEON=m
CONFIG_DRM_I810=m
CONFIG_DRM_I830=m
CONFIG_DRM_I915=m
CONFIG_DRM_MGA=m
CONFIG_DRM_SIS=m
CONFIG_DRM_VIA=m
CONFIG_DRM_SAVAGE=m
CONFIG_VGASTATE=m
# CONFIG_VIDEO_OUTPUT_CONTROL is not set
CONFIG_FB=y
CONFIG_FIRMWARE_EDID=y
CONFIG_FB_DDC=m
CONFIG_FB_BOOT_VESA_SUPPORT=y
CONFIG_FB_CFB_FILLRECT=m
CONFIG_FB_CFB_COPYAREA=m
CONFIG_FB_CFB_IMAGEBLIT=m
# CONFIG_FB_CFB_REV_PIXELS_IN_BYTE is not set
# CONFIG_FB_SYS_FILLRECT is not set
# CONFIG_FB_SYS_COPYAREA is not set
# CONFIG_FB_SYS_IMAGEBLIT is not set
# CONFIG_FB_FOREIGN_ENDIAN is not set
# CONFIG_FB_SYS_FOPS is not set
# CONFIG_FB_SVGALIB is not set
# CONFIG_FB_MACMODES is not set
CONFIG_FB_BACKLIGHT=y
CONFIG_FB_MODE_HELPERS=y
CONFIG_FB_TILEBLITTING=y
#
# Frame buffer hardware drivers
#
# CONFIG_FB_CIRRUS is not set
# CONFIG_FB_PM2 is not set
# CONFIG_FB_CYBER2000 is not set
# CONFIG_FB_ARC is not set
# CONFIG_FB_ASILIANT is not set
# CONFIG_FB_IMSTT is not set
CONFIG_FB_VGA16=m
# CONFIG_FB_UVESA is not set
# CONFIG_FB_VESA is not set
# CONFIG_FB_N411 is not set
# CONFIG_FB_HGA is not set
# CONFIG_FB_S1D13XXX is not set
# CONFIG_FB_NVIDIA is not set
# CONFIG_FB_RIVA is not set
# CONFIG_FB_LE80578 is not set
CONFIG_FB_INTEL=m
# CONFIG_FB_INTEL_DEBUG is not set
CONFIG_FB_INTEL_I2C=y
# CONFIG_FB_MATROX is not set
CONFIG_FB_RADEON=m
CONFIG_FB_RADEON_I2C=y
CONFIG_FB_RADEON_BACKLIGHT=y
# CONFIG_FB_RADEON_DEBUG is not set
CONFIG_FB_ATY128=m
CONFIG_FB_ATY128_BACKLIGHT=y
CONFIG_FB_ATY=m
CONFIG_FB_ATY_CT=y
CONFIG_FB_ATY_GENERIC_LCD=y
CONFIG_FB_ATY_GX=y
CONFIG_FB_ATY_BACKLIGHT=y
# CONFIG_FB_S3 is not set
# CONFIG_FB_SAVAGE is not set
# CONFIG_FB_SIS is not set
# CONFIG_FB_VIA is not set
# CONFIG_FB_NEOMAGIC is not set
# CONFIG_FB_KYRO is not set
# CONFIG_FB_3DFX is not set
# CONFIG_FB_VOODOO1 is not set
# CONFIG_FB_VT8623 is not set
# CONFIG_FB_TRIDENT is not set
# CONFIG_FB_ARK is not set
# CONFIG_FB_PM3 is not set
# CONFIG_FB_CARMINE is not set
# CONFIG_FB_GEODE is not set
# CONFIG_FB_VIRTUAL is not set
# CONFIG_FB_METRONOME is not set
# CONFIG_FB_MB862XX is not set
CONFIG_BACKLIGHT_LCD_SUPPORT=y
# CONFIG_LCD_CLASS_DEVICE is not set
CONFIG_BACKLIGHT_CLASS_DEVICE=y
# CONFIG_BACKLIGHT_CORGI is not set
# CONFIG_BACKLIGHT_PROGEAR is not set
# CONFIG_BACKLIGHT_MBP_NVIDIA is not set
# CONFIG_BACKLIGHT_SAHARA is not set
#
# Display device support
#
CONFIG_DISPLAY_SUPPORT=m
#
# Display hardware drivers
#
#
# Console display driver support
#
CONFIG_VGA_CONSOLE=y
# CONFIG_VGACON_SOFT_SCROLLBACK is not set
CONFIG_DUMMY_CONSOLE=y
CONFIG_FRAMEBUFFER_CONSOLE=m
# CONFIG_FRAMEBUFFER_CONSOLE_DETECT_PRIMARY is not set
# CONFIG_FRAMEBUFFER_CONSOLE_ROTATION is not set
# CONFIG_FONTS is not set
CONFIG_FONT_8x8=y
CONFIG_FONT_8x16=y
CONFIG_LOGO=y
CONFIG_LOGO_LINUX_MONO=y
CONFIG_LOGO_LINUX_VGA16=y
CONFIG_LOGO_LINUX_CLUT224=y
CONFIG_SOUND=y
CONFIG_SOUND_OSS_CORE=y
CONFIG_SND=y
CONFIG_SND_TIMER=y
CONFIG_SND_PCM=y
CONFIG_SND_HWDEP=y
CONFIG_SND_RAWMIDI=m
CONFIG_SND_SEQUENCER=m
CONFIG_SND_SEQ_DUMMY=m
CONFIG_SND_OSSEMUL=y
CONFIG_SND_MIXER_OSS=m
CONFIG_SND_PCM_OSS=y
CONFIG_SND_PCM_OSS_PLUGINS=y
CONFIG_SND_SEQUENCER_OSS=y
CONFIG_SND_DYNAMIC_MINORS=y
CONFIG_SND_SUPPORT_OLD_API=y
CONFIG_SND_VERBOSE_PROCFS=y
# CONFIG_SND_VERBOSE_PRINTK is not set
# CONFIG_SND_DEBUG is not set
CONFIG_SND_VMASTER=y
CONFIG_SND_MPU401_UART=m
CONFIG_SND_OPL3_LIB=m
CONFIG_SND_VX_LIB=m
CONFIG_SND_AC97_CODEC=y
CONFIG_SND_DRIVERS=y
# CONFIG_SND_PCSP is not set
# CONFIG_SND_DUMMY is not set
# CONFIG_SND_VIRMIDI is not set
# CONFIG_SND_MTPAV is not set
# CONFIG_SND_SERIAL_U16550 is not set
# CONFIG_SND_MPU401 is not set
CONFIG_SND_AC97_POWER_SAVE=y
CONFIG_SND_AC97_POWER_SAVE_DEFAULT=0
CONFIG_SND_SB_COMMON=m
CONFIG_SND_SB16_DSP=m
CONFIG_SND_PCI=y
CONFIG_SND_AD1889=m
CONFIG_SND_ALS300=m
CONFIG_SND_ALS4000=m
CONFIG_SND_ALI5451=m
CONFIG_SND_ATIIXP=y
CONFIG_SND_ATIIXP_MODEM=y
CONFIG_SND_AU8810=m
CONFIG_SND_AU8820=m
CONFIG_SND_AU8830=m
# CONFIG_SND_AW2 is not set
CONFIG_SND_AZT3328=m
CONFIG_SND_BT87X=m
# CONFIG_SND_BT87X_OVERCLOCK is not set
CONFIG_SND_CA0106=m
CONFIG_SND_CMIPCI=m
# CONFIG_SND_OXYGEN is not set
CONFIG_SND_CS4281=m
CONFIG_SND_CS46XX=m
CONFIG_SND_CS46XX_NEW_DSP=y
CONFIG_SND_CS5530=m
CONFIG_SND_DARLA20=m
CONFIG_SND_GINA20=m
CONFIG_SND_LAYLA20=m
CONFIG_SND_DARLA24=m
CONFIG_SND_GINA24=m
CONFIG_SND_LAYLA24=m
CONFIG_SND_MONA=m
CONFIG_SND_MIA=m
CONFIG_SND_ECHO3G=m
CONFIG_SND_INDIGO=m
CONFIG_SND_INDIGOIO=m
CONFIG_SND_INDIGODJ=m
CONFIG_SND_EMU10K1=m
CONFIG_SND_EMU10K1X=m
CONFIG_SND_ENS1370=m
CONFIG_SND_ENS1371=m
CONFIG_SND_ES1938=m
CONFIG_SND_ES1968=m
CONFIG_SND_FM801=m
CONFIG_SND_HDA_INTEL=y
CONFIG_SND_HDA_HWDEP=y
CONFIG_SND_HDA_INPUT_BEEP=y
CONFIG_SND_HDA_CODEC_REALTEK=y
CONFIG_SND_HDA_CODEC_ANALOG=y
CONFIG_SND_HDA_CODEC_SIGMATEL=y
CONFIG_SND_HDA_CODEC_VIA=y
CONFIG_SND_HDA_CODEC_ATIHDMI=y
CONFIG_SND_HDA_CODEC_NVHDMI=y
CONFIG_SND_HDA_CODEC_CONEXANT=y
CONFIG_SND_HDA_CODEC_CMEDIA=y
CONFIG_SND_HDA_CODEC_SI3054=y
CONFIG_SND_HDA_GENERIC=y
# CONFIG_SND_HDA_POWER_SAVE is not set
CONFIG_SND_HDSP=m
CONFIG_SND_HDSPM=m
# CONFIG_SND_HIFIER is not set
CONFIG_SND_ICE1712=m
CONFIG_SND_ICE1724=m
CONFIG_SND_INTEL8X0=y
CONFIG_SND_INTEL8X0M=y
CONFIG_SND_KORG1212=m
CONFIG_SND_MAESTRO3=m
CONFIG_SND_MIXART=m
CONFIG_SND_NM256=m
CONFIG_SND_PCXHR=m
CONFIG_SND_RIPTIDE=m
CONFIG_SND_RME32=m
CONFIG_SND_RME96=m
CONFIG_SND_RME9652=m
CONFIG_SND_SONICVIBES=m
CONFIG_SND_TRIDENT=m
CONFIG_SND_VIA82XX=m
CONFIG_SND_VIA82XX_MODEM=m
# CONFIG_SND_VIRTUOSO is not set
CONFIG_SND_VX222=m
CONFIG_SND_YMFPCI=m
# CONFIG_SND_SPI is not set
CONFIG_SND_USB=y
CONFIG_SND_USB_AUDIO=m
CONFIG_SND_USB_USX2Y=m
CONFIG_SND_USB_CAIAQ=m
CONFIG_SND_USB_CAIAQ_INPUT=y
CONFIG_SND_USB_US122L=m
# CONFIG_SND_PCMCIA is not set
# CONFIG_SND_SOC is not set
# CONFIG_SOUND_PRIME is not set
CONFIG_AC97_BUS=y
CONFIG_HID_SUPPORT=y
CONFIG_HID=y
# CONFIG_HID_DEBUG is not set
# CONFIG_HIDRAW is not set
#
# USB Input Devices
#
CONFIG_USB_HID=y
# CONFIG_HID_PID is not set
CONFIG_USB_HIDDEV=y
#
# Special HID drivers
#
CONFIG_HID_COMPAT=y
CONFIG_HID_A4TECH=y
CONFIG_HID_APPLE=y
CONFIG_HID_BELKIN=y
CONFIG_HID_BRIGHT=y
CONFIG_HID_CHERRY=y
CONFIG_HID_CHICONY=y
CONFIG_HID_CYPRESS=y
CONFIG_HID_DELL=y
CONFIG_HID_EZKEY=y
CONFIG_HID_GYRATION=y
CONFIG_HID_LOGITECH=y
# CONFIG_LOGITECH_FF is not set
# CONFIG_LOGIRUMBLEPAD2_FF is not set
CONFIG_HID_MICROSOFT=y
CONFIG_HID_MONTEREY=y
CONFIG_HID_PANTHERLORD=y
# CONFIG_PANTHERLORD_FF is not set
CONFIG_HID_PETALYNX=y
CONFIG_HID_SAMSUNG=y
CONFIG_HID_SONY=y
CONFIG_HID_SUNPLUS=y
# CONFIG_THRUSTMASTER_FF is not set
# CONFIG_ZEROPLUS_FF is not set
CONFIG_USB_SUPPORT=y
CONFIG_USB_ARCH_HAS_HCD=y
CONFIG_USB_ARCH_HAS_OHCI=y
CONFIG_USB_ARCH_HAS_EHCI=y
CONFIG_USB=y
CONFIG_USB_DEBUG=y
CONFIG_USB_ANNOUNCE_NEW_DEVICES=y
#
# Miscellaneous USB options
#
CONFIG_USB_DEVICEFS=y
# CONFIG_USB_DEVICE_CLASS is not set
# CONFIG_USB_DYNAMIC_MINORS is not set
CONFIG_USB_SUSPEND=y
# CONFIG_USB_OTG is not set
# CONFIG_USB_OTG_WHITELIST is not set
# CONFIG_USB_OTG_BLACKLIST_HUB is not set
CONFIG_USB_MON=y
# CONFIG_USB_WUSB is not set
# CONFIG_USB_WUSB_CBAF is not set
#
# USB Host Controller Drivers
#
# CONFIG_USB_C67X00_HCD is not set
CONFIG_USB_EHCI_HCD=y
CONFIG_USB_EHCI_ROOT_HUB_TT=y
CONFIG_USB_EHCI_TT_NEWSCHED=y
# CONFIG_USB_ISP116X_HCD is not set
# CONFIG_USB_ISP1760_HCD is not set
CONFIG_USB_OHCI_HCD=y
# CONFIG_USB_OHCI_BIG_ENDIAN_DESC is not set
# CONFIG_USB_OHCI_BIG_ENDIAN_MMIO is not set
CONFIG_USB_OHCI_LITTLE_ENDIAN=y
CONFIG_USB_UHCI_HCD=y
# CONFIG_USB_U132_HCD is not set
# CONFIG_USB_SL811_HCD is not set
# CONFIG_USB_R8A66597_HCD is not set
# CONFIG_USB_WHCI_HCD is not set
# CONFIG_USB_HWA_HCD is not set
# CONFIG_USB_GADGET_MUSB_HDRC is not set
#
# USB Device Class drivers
#
CONFIG_USB_ACM=m
CONFIG_USB_PRINTER=m
# CONFIG_USB_WDM is not set
# CONFIG_USB_TMC is not set
#
# NOTE: USB_STORAGE depends on SCSI but BLK_DEV_SD may also be needed;
#
#
# see USB_STORAGE Help for more information
#
CONFIG_USB_STORAGE=y
# CONFIG_USB_STORAGE_DEBUG is not set
CONFIG_USB_STORAGE_DATAFAB=y
CONFIG_USB_STORAGE_FREECOM=y
CONFIG_USB_STORAGE_ISD200=y
CONFIG_USB_STORAGE_DPCM=y
CONFIG_USB_STORAGE_USBAT=y
CONFIG_USB_STORAGE_SDDR09=y
CONFIG_USB_STORAGE_SDDR55=y
CONFIG_USB_STORAGE_JUMPSHOT=y
CONFIG_USB_STORAGE_ALAUDA=y
CONFIG_USB_STORAGE_ONETOUCH=y
CONFIG_USB_STORAGE_KARMA=y
CONFIG_USB_STORAGE_CYPRESS_ATACB=y
CONFIG_USB_LIBUSUAL=y
#
# USB Imaging devices
#
CONFIG_USB_MDC800=m
CONFIG_USB_MICROTEK=m
#
# USB port drivers
#
CONFIG_USB_SERIAL=m
CONFIG_USB_EZUSB=y
CONFIG_USB_SERIAL_GENERIC=y
CONFIG_USB_SERIAL_AIRCABLE=m
CONFIG_USB_SERIAL_ARK3116=m
CONFIG_USB_SERIAL_BELKIN=m
CONFIG_USB_SERIAL_CH341=m
CONFIG_USB_SERIAL_WHITEHEAT=m
CONFIG_USB_SERIAL_DIGI_ACCELEPORT=m
CONFIG_USB_SERIAL_CP2101=m
CONFIG_USB_SERIAL_CYPRESS_M8=m
CONFIG_USB_SERIAL_EMPEG=m
CONFIG_USB_SERIAL_FTDI_SIO=m
CONFIG_USB_SERIAL_FUNSOFT=m
CONFIG_USB_SERIAL_VISOR=m
CONFIG_USB_SERIAL_IPAQ=m
CONFIG_USB_SERIAL_IR=m
CONFIG_USB_SERIAL_EDGEPORT=m
CONFIG_USB_SERIAL_EDGEPORT_TI=m
CONFIG_USB_SERIAL_GARMIN=m
CONFIG_USB_SERIAL_IPW=m
# CONFIG_USB_SERIAL_IUU is not set
CONFIG_USB_SERIAL_KEYSPAN_PDA=m
# CONFIG_USB_SERIAL_KEYSPAN is not set
CONFIG_USB_SERIAL_KLSI=m
CONFIG_USB_SERIAL_KOBIL_SCT=m
CONFIG_USB_SERIAL_MCT_U232=m
CONFIG_USB_SERIAL_MOS7720=m
CONFIG_USB_SERIAL_MOS7840=m
CONFIG_USB_SERIAL_MOTOROLA=m
CONFIG_USB_SERIAL_NAVMAN=m
CONFIG_USB_SERIAL_PL2303=m
CONFIG_USB_SERIAL_OTI6858=m
CONFIG_USB_SERIAL_SPCP8X5=m
CONFIG_USB_SERIAL_HP4X=m
CONFIG_USB_SERIAL_SAFE=m
# CONFIG_USB_SERIAL_SAFE_PADDED is not set
CONFIG_USB_SERIAL_SIERRAWIRELESS=m
CONFIG_USB_SERIAL_TI=m
CONFIG_USB_SERIAL_CYBERJACK=m
CONFIG_USB_SERIAL_XIRCOM=m
CONFIG_USB_SERIAL_OPTION=m
CONFIG_USB_SERIAL_OMNINET=m
CONFIG_USB_SERIAL_DEBUG=m
#
# USB Miscellaneous drivers
#
CONFIG_USB_EMI62=m
CONFIG_USB_EMI26=m
CONFIG_USB_ADUTUX=m
# CONFIG_USB_SEVSEG is not set
CONFIG_USB_RIO500=m
CONFIG_USB_LEGOTOWER=m
CONFIG_USB_LCD=m
CONFIG_USB_BERRY_CHARGE=m
CONFIG_USB_LED=m
CONFIG_USB_CYPRESS_CY7C63=m
CONFIG_USB_CYTHERM=m
CONFIG_USB_PHIDGET=m
CONFIG_USB_PHIDGETKIT=m
CONFIG_USB_PHIDGETMOTORCONTROL=m
CONFIG_USB_PHIDGETSERVO=m
CONFIG_USB_IDMOUSE=m
CONFIG_USB_FTDI_ELAN=m
CONFIG_USB_APPLEDISPLAY=m
CONFIG_USB_SISUSBVGA=m
# CONFIG_USB_SISUSBVGA_CON is not set
CONFIG_USB_LD=m
CONFIG_USB_TRANCEVIBRATOR=m
CONFIG_USB_IOWARRIOR=m
# CONFIG_USB_TEST is not set
# CONFIG_USB_ISIGHTFW is not set
# CONFIG_USB_VST is not set
CONFIG_USB_GADGET=m
# CONFIG_USB_GADGET_DEBUG is not set
# CONFIG_USB_GADGET_DEBUG_FILES is not set
# CONFIG_USB_GADGET_DEBUG_FS is not set
CONFIG_USB_GADGET_VBUS_DRAW=2
CONFIG_USB_GADGET_SELECTED=y
# CONFIG_USB_GADGET_AT91 is not set
# CONFIG_USB_GADGET_ATMEL_USBA is not set
# CONFIG_USB_GADGET_FSL_USB2 is not set
# CONFIG_USB_GADGET_LH7A40X is not set
# CONFIG_USB_GADGET_OMAP is not set
# CONFIG_USB_GADGET_PXA25X is not set
# CONFIG_USB_GADGET_PXA27X is not set
# CONFIG_USB_GADGET_S3C2410 is not set
# CONFIG_USB_GADGET_M66592 is not set
# CONFIG_USB_GADGET_AMD5536UDC is not set
# CONFIG_USB_GADGET_FSL_QE is not set
CONFIG_USB_GADGET_NET2280=y
CONFIG_USB_NET2280=m
# CONFIG_USB_GADGET_GOKU is not set
# CONFIG_USB_GADGET_DUMMY_HCD is not set
CONFIG_USB_GADGET_DUALSPEED=y
CONFIG_USB_ZERO=m
CONFIG_USB_ETH=m
CONFIG_USB_ETH_RNDIS=y
CONFIG_USB_GADGETFS=m
CONFIG_USB_FILE_STORAGE=m
# CONFIG_USB_FILE_STORAGE_TEST is not set
CONFIG_USB_G_SERIAL=m
CONFIG_USB_MIDI_GADGET=m
# CONFIG_USB_G_PRINTER is not set
# CONFIG_USB_CDC_COMPOSITE is not set
# CONFIG_UWB is not set
# CONFIG_MMC is not set
# CONFIG_MEMSTICK is not set
CONFIG_NEW_LEDS=y
CONFIG_LEDS_CLASS=y
#
# LED drivers
#
# CONFIG_LEDS_PCA9532 is not set
CONFIG_LEDS_HP_DISK=y
# CONFIG_LEDS_CLEVO_MAIL is not set
# CONFIG_LEDS_PCA955X is not set
#
# LED Triggers
#
CONFIG_LEDS_TRIGGERS=y
CONFIG_LEDS_TRIGGER_TIMER=y
CONFIG_LEDS_TRIGGER_IDE_DISK=y
CONFIG_LEDS_TRIGGER_HEARTBEAT=y
# CONFIG_LEDS_TRIGGER_BACKLIGHT is not set
# CONFIG_LEDS_TRIGGER_DEFAULT_ON is not set
# CONFIG_ACCESSIBILITY is not set
# CONFIG_INFINIBAND is not set
# CONFIG_EDAC is not set
CONFIG_RTC_LIB=y
CONFIG_RTC_CLASS=y
CONFIG_RTC_HCTOSYS=y
CONFIG_RTC_HCTOSYS_DEVICE="rtc0"
# CONFIG_RTC_DEBUG is not set
#
# RTC interfaces
#
CONFIG_RTC_INTF_SYSFS=y
CONFIG_RTC_INTF_PROC=y
CONFIG_RTC_INTF_DEV=y
CONFIG_RTC_INTF_DEV_UIE_EMUL=y
CONFIG_RTC_DRV_TEST=m
#
# I2C RTC drivers
#
CONFIG_RTC_DRV_DS1307=m
# CONFIG_RTC_DRV_DS1374 is not set
CONFIG_RTC_DRV_DS1672=m
CONFIG_RTC_DRV_MAX6900=m
CONFIG_RTC_DRV_RS5C372=m
CONFIG_RTC_DRV_ISL1208=m
CONFIG_RTC_DRV_X1205=m
CONFIG_RTC_DRV_PCF8563=m
CONFIG_RTC_DRV_PCF8583=m
# CONFIG_RTC_DRV_M41T80 is not set
# CONFIG_RTC_DRV_S35390A is not set
# CONFIG_RTC_DRV_FM3130 is not set
# CONFIG_RTC_DRV_RX8581 is not set
#
# SPI RTC drivers
#
# CONFIG_RTC_DRV_M41T94 is not set
# CONFIG_RTC_DRV_DS1305 is not set
# CONFIG_RTC_DRV_DS1390 is not set
CONFIG_RTC_DRV_MAX6902=m
# CONFIG_RTC_DRV_R9701 is not set
CONFIG_RTC_DRV_RS5C348=m
# CONFIG_RTC_DRV_DS3234 is not set
#
# Platform RTC drivers
#
# CONFIG_RTC_DRV_CMOS is not set
# CONFIG_RTC_DRV_DS1286 is not set
# CONFIG_RTC_DRV_DS1511 is not set
CONFIG_RTC_DRV_DS1553=m
CONFIG_RTC_DRV_DS1742=m
# CONFIG_RTC_DRV_STK17TA8 is not set
CONFIG_RTC_DRV_M48T86=m
# CONFIG_RTC_DRV_M48T35 is not set
# CONFIG_RTC_DRV_M48T59 is not set
# CONFIG_RTC_DRV_BQ4802 is not set
CONFIG_RTC_DRV_V3020=m
#
# on-CPU RTC drivers
#
# CONFIG_DMADEVICES is not set
# CONFIG_UIO is not set
# CONFIG_STAGING is not set
#
# Firmware Drivers
#
# CONFIG_EDD is not set
CONFIG_FIRMWARE_MEMMAP=y
# CONFIG_DELL_RBU is not set
# CONFIG_DCDBAS is not set
CONFIG_DMIID=y
# CONFIG_ISCSI_IBFT_FIND is not set
#
# File systems
#
CONFIG_EXT2_FS=m
CONFIG_EXT2_FS_XATTR=y
CONFIG_EXT2_FS_POSIX_ACL=y
CONFIG_EXT2_FS_SECURITY=y
# CONFIG_EXT2_FS_XIP is not set
CONFIG_EXT3_FS=y
CONFIG_EXT3_FS_XATTR=y
CONFIG_EXT3_FS_POSIX_ACL=y
CONFIG_EXT3_FS_SECURITY=y
CONFIG_EXT4_FS=y
# CONFIG_EXT4DEV_COMPAT is not set
CONFIG_EXT4_FS_XATTR=y
CONFIG_EXT4_FS_POSIX_ACL=y
CONFIG_EXT4_FS_SECURITY=y
CONFIG_JBD=y
# CONFIG_JBD_DEBUG is not set
CONFIG_JBD2=y
# CONFIG_JBD2_DEBUG is not set
CONFIG_FS_MBCACHE=y
# CONFIG_REISERFS_FS is not set
# CONFIG_JFS_FS is not set
CONFIG_FS_POSIX_ACL=y
CONFIG_FILE_LOCKING=y
# CONFIG_XFS_FS is not set
# CONFIG_GFS2_FS is not set
# CONFIG_OCFS2_FS is not set
CONFIG_DNOTIFY=y
CONFIG_INOTIFY=y
CONFIG_INOTIFY_USER=y
# CONFIG_QUOTA is not set
# CONFIG_AUTOFS_FS is not set
# CONFIG_AUTOFS4_FS is not set
CONFIG_FUSE_FS=m
#
# CD-ROM/DVD Filesystems
#
CONFIG_ISO9660_FS=m
CONFIG_JOLIET=y
CONFIG_ZISOFS=y
CONFIG_UDF_FS=m
CONFIG_UDF_NLS=y
#
# DOS/FAT/NT Filesystems
#
CONFIG_FAT_FS=m
CONFIG_MSDOS_FS=m
CONFIG_VFAT_FS=m
CONFIG_FAT_DEFAULT_CODEPAGE=437
CONFIG_FAT_DEFAULT_IOCHARSET="iso8859-1"
CONFIG_NTFS_FS=m
# CONFIG_NTFS_DEBUG is not set
# CONFIG_NTFS_RW is not set
#
# Pseudo filesystems
#
CONFIG_PROC_FS=y
CONFIG_PROC_KCORE=y
CONFIG_PROC_SYSCTL=y
CONFIG_PROC_PAGE_MONITOR=y
CONFIG_SYSFS=y
CONFIG_TMPFS=y
# CONFIG_TMPFS_POSIX_ACL is not set
# CONFIG_HUGETLBFS is not set
# CONFIG_HUGETLB_PAGE is not set
CONFIG_CONFIGFS_FS=y
#
# Miscellaneous filesystems
#
# CONFIG_ADFS_FS is not set
# CONFIG_AFFS_FS is not set
CONFIG_ECRYPT_FS=m
# CONFIG_HFS_FS is not set
# CONFIG_HFSPLUS_FS is not set
# CONFIG_BEFS_FS is not set
# CONFIG_BFS_FS is not set
# CONFIG_EFS_FS is not set
CONFIG_CRAMFS=y
# CONFIG_VXFS_FS is not set
CONFIG_MINIX_FS=m
# CONFIG_OMFS_FS is not set
# CONFIG_HPFS_FS is not set
# CONFIG_QNX4FS_FS is not set
CONFIG_ROMFS_FS=m
# CONFIG_SYSV_FS is not set
CONFIG_UFS_FS=m
# CONFIG_UFS_FS_WRITE is not set
# CONFIG_UFS_DEBUG is not set
CONFIG_NETWORK_FILESYSTEMS=y
CONFIG_NFS_FS=m
CONFIG_NFS_V3=y
# CONFIG_NFS_V3_ACL is not set
CONFIG_NFS_V4=y
# CONFIG_NFSD is not set
CONFIG_LOCKD=m
CONFIG_LOCKD_V4=y
CONFIG_NFS_COMMON=y
CONFIG_SUNRPC=m
CONFIG_SUNRPC_GSS=m
# CONFIG_SUNRPC_REGISTER_V4 is not set
CONFIG_RPCSEC_GSS_KRB5=m
# CONFIG_RPCSEC_GSS_SPKM3 is not set
CONFIG_SMB_FS=m
# CONFIG_SMB_NLS_DEFAULT is not set
CONFIG_CIFS=m
# CONFIG_CIFS_STATS is not set
CONFIG_CIFS_WEAK_PW_HASH=y
# CONFIG_CIFS_UPCALL is not set
# CONFIG_CIFS_XATTR is not set
# CONFIG_CIFS_DEBUG2 is not set
CONFIG_CIFS_EXPERIMENTAL=y
# CONFIG_CIFS_DFS_UPCALL is not set
# CONFIG_NCP_FS is not set
# CONFIG_CODA_FS is not set
# CONFIG_AFS_FS is not set
#
# Partition Types
#
CONFIG_PARTITION_ADVANCED=y
# CONFIG_ACORN_PARTITION is not set
# CONFIG_OSF_PARTITION is not set
# CONFIG_AMIGA_PARTITION is not set
# CONFIG_ATARI_PARTITION is not set
CONFIG_MAC_PARTITION=y
CONFIG_MSDOS_PARTITION=y
CONFIG_BSD_DISKLABEL=y
CONFIG_MINIX_SUBPARTITION=y
CONFIG_SOLARIS_X86_PARTITION=y
CONFIG_UNIXWARE_DISKLABEL=y
CONFIG_LDM_PARTITION=y
# CONFIG_LDM_DEBUG is not set
# CONFIG_SGI_PARTITION is not set
# CONFIG_ULTRIX_PARTITION is not set
CONFIG_SUN_PARTITION=y
# CONFIG_KARMA_PARTITION is not set
CONFIG_EFI_PARTITION=y
# CONFIG_SYSV68_PARTITION is not set
CONFIG_NLS=y
CONFIG_NLS_DEFAULT="cp437"
CONFIG_NLS_CODEPAGE_437=m
CONFIG_NLS_CODEPAGE_737=m
CONFIG_NLS_CODEPAGE_775=m
CONFIG_NLS_CODEPAGE_850=m
CONFIG_NLS_CODEPAGE_852=m
CONFIG_NLS_CODEPAGE_855=m
CONFIG_NLS_CODEPAGE_857=m
CONFIG_NLS_CODEPAGE_860=m
CONFIG_NLS_CODEPAGE_861=m
CONFIG_NLS_CODEPAGE_862=m
CONFIG_NLS_CODEPAGE_863=m
CONFIG_NLS_CODEPAGE_864=m
CONFIG_NLS_CODEPAGE_865=m
CONFIG_NLS_CODEPAGE_866=m
CONFIG_NLS_CODEPAGE_869=m
CONFIG_NLS_CODEPAGE_936=m
CONFIG_NLS_CODEPAGE_950=m
CONFIG_NLS_CODEPAGE_932=m
CONFIG_NLS_CODEPAGE_949=m
CONFIG_NLS_CODEPAGE_874=m
CONFIG_NLS_ISO8859_8=m
CONFIG_NLS_CODEPAGE_1250=m
CONFIG_NLS_CODEPAGE_1251=m
CONFIG_NLS_ASCII=m
CONFIG_NLS_ISO8859_1=m
CONFIG_NLS_ISO8859_2=m
CONFIG_NLS_ISO8859_3=m
CONFIG_NLS_ISO8859_4=m
CONFIG_NLS_ISO8859_5=m
CONFIG_NLS_ISO8859_6=m
CONFIG_NLS_ISO8859_7=m
CONFIG_NLS_ISO8859_9=m
CONFIG_NLS_ISO8859_13=m
CONFIG_NLS_ISO8859_14=m
CONFIG_NLS_ISO8859_15=m
CONFIG_NLS_KOI8_R=m
CONFIG_NLS_KOI8_U=m
CONFIG_NLS_UTF8=m
# CONFIG_DLM is not set
#
# Kernel hacking
#
CONFIG_TRACE_IRQFLAGS_SUPPORT=y
CONFIG_PRINTK_TIME=y
CONFIG_ENABLE_WARN_DEPRECATED=y
# CONFIG_ENABLE_MUST_CHECK is not set
CONFIG_FRAME_WARN=2048
CONFIG_MAGIC_SYSRQ=y
CONFIG_UNUSED_SYMBOLS=y
CONFIG_DEBUG_FS=y
# CONFIG_HEADERS_CHECK is not set
CONFIG_DEBUG_KERNEL=y
# CONFIG_DEBUG_SHIRQ is not set
# CONFIG_DETECT_SOFTLOCKUP is not set
CONFIG_SCHED_DEBUG=y
# CONFIG_SCHEDSTATS is not set
CONFIG_TIMER_STATS=y
# CONFIG_DEBUG_OBJECTS is not set
# CONFIG_SLUB_DEBUG_ON is not set
# CONFIG_SLUB_STATS is not set
CONFIG_DEBUG_PREEMPT=y
# CONFIG_DEBUG_RT_MUTEXES is not set
# CONFIG_RT_MUTEX_TESTER is not set
# CONFIG_DEBUG_SPINLOCK is not set
# CONFIG_DEBUG_MUTEXES is not set
# CONFIG_DEBUG_LOCK_ALLOC is not set
# CONFIG_PROVE_LOCKING is not set
# CONFIG_LOCK_STAT is not set
# CONFIG_DEBUG_SPINLOCK_SLEEP is not set
# CONFIG_DEBUG_LOCKING_API_SELFTESTS is not set
CONFIG_STACKTRACE=y
# CONFIG_DEBUG_KOBJECT is not set
CONFIG_DEBUG_BUGVERBOSE=y
CONFIG_DEBUG_INFO=y
# CONFIG_DEBUG_VM is not set
# CONFIG_DEBUG_VIRTUAL is not set
# CONFIG_DEBUG_WRITECOUNT is not set
# CONFIG_DEBUG_MEMORY_INIT is not set
# CONFIG_DEBUG_LIST is not set
# CONFIG_DEBUG_SG is not set
CONFIG_FRAME_POINTER=y
# CONFIG_BOOT_PRINTK_DELAY is not set
# CONFIG_RCU_TORTURE_TEST is not set
# CONFIG_RCU_CPU_STALL_DETECTOR is not set
# CONFIG_BACKTRACE_SELF_TEST is not set
# CONFIG_DEBUG_BLOCK_EXT_DEVT is not set
# CONFIG_FAULT_INJECTION is not set
# CONFIG_LATENCYTOP is not set
# CONFIG_SYSCTL_SYSCALL_CHECK is not set
CONFIG_NOP_TRACER=y
CONFIG_HAVE_FUNCTION_TRACER=y
CONFIG_HAVE_DYNAMIC_FTRACE=y
CONFIG_HAVE_FTRACE_MCOUNT_RECORD=y
CONFIG_RING_BUFFER=y
CONFIG_TRACING=y
#
# Tracers
#
CONFIG_FUNCTION_TRACER=y
# CONFIG_IRQSOFF_TRACER is not set
# CONFIG_PREEMPT_TRACER is not set
CONFIG_SYSPROF_TRACER=y
# CONFIG_SCHED_TRACER is not set
CONFIG_CONTEXT_SWITCH_TRACER=y
CONFIG_BOOT_TRACER=y
# CONFIG_STACK_TRACER is not set
CONFIG_DYNAMIC_FTRACE=y
CONFIG_FTRACE_MCOUNT_RECORD=y
# CONFIG_PROVIDE_OHCI1394_DMA_INIT is not set
CONFIG_DYNAMIC_PRINTK_DEBUG=y
# CONFIG_SAMPLES is not set
CONFIG_HAVE_ARCH_KGDB=y
# CONFIG_KGDB is not set
CONFIG_STRICT_DEVMEM=y
CONFIG_X86_VERBOSE_BOOTUP=y
CONFIG_EARLY_PRINTK=y
# CONFIG_EARLY_PRINTK_DBGP is not set
# CONFIG_DEBUG_STACKOVERFLOW is not set
# CONFIG_DEBUG_STACK_USAGE is not set
# CONFIG_DEBUG_PAGEALLOC is not set
# CONFIG_DEBUG_PER_CPU_MAPS is not set
# CONFIG_X86_PTDUMP is not set
# CONFIG_DEBUG_RODATA is not set
# CONFIG_DIRECT_GBPAGES is not set
# CONFIG_DEBUG_NX_TEST is not set
# CONFIG_IOMMU_DEBUG is not set
# CONFIG_MMIOTRACE is not set
CONFIG_IO_DELAY_TYPE_0X80=0
CONFIG_IO_DELAY_TYPE_0XED=1
CONFIG_IO_DELAY_TYPE_UDELAY=2
CONFIG_IO_DELAY_TYPE_NONE=3
CONFIG_IO_DELAY_0X80=y
# CONFIG_IO_DELAY_0XED is not set
# CONFIG_IO_DELAY_UDELAY is not set
# CONFIG_IO_DELAY_NONE is not set
CONFIG_DEFAULT_IO_DELAY_TYPE=0
# CONFIG_DEBUG_BOOT_PARAMS is not set
# CONFIG_CPA_DEBUG is not set
# CONFIG_OPTIMIZE_INLINING is not set
#
# Security options
#
CONFIG_KEYS=y
# CONFIG_KEYS_DEBUG_PROC_KEYS is not set
CONFIG_SECURITY=y
CONFIG_SECURITYFS=y
CONFIG_SECURITY_NETWORK=y
# CONFIG_SECURITY_NETWORK_XFRM is not set
# CONFIG_SECURITY_FILE_CAPABILITIES is not set
# CONFIG_SECURITY_ROOTPLUG is not set
CONFIG_SECURITY_DEFAULT_MMAP_MIN_ADDR=0
# CONFIG_SECURITY_SELINUX is not set
CONFIG_XOR_BLOCKS=m
CONFIG_ASYNC_CORE=m
CONFIG_ASYNC_MEMCPY=m
CONFIG_ASYNC_XOR=m
CONFIG_CRYPTO=y
#
# Crypto core or helper
#
CONFIG_CRYPTO_FIPS=y
CONFIG_CRYPTO_ALGAPI=y
CONFIG_CRYPTO_ALGAPI2=y
CONFIG_CRYPTO_AEAD=m
CONFIG_CRYPTO_AEAD2=y
CONFIG_CRYPTO_BLKCIPHER=y
CONFIG_CRYPTO_BLKCIPHER2=y
CONFIG_CRYPTO_HASH=y
CONFIG_CRYPTO_HASH2=y
CONFIG_CRYPTO_RNG=m
CONFIG_CRYPTO_RNG2=y
CONFIG_CRYPTO_MANAGER=y
CONFIG_CRYPTO_MANAGER2=y
CONFIG_CRYPTO_GF128MUL=m
CONFIG_CRYPTO_NULL=m
CONFIG_CRYPTO_CRYPTD=m
CONFIG_CRYPTO_AUTHENC=m
CONFIG_CRYPTO_TEST=m
#
# Authenticated Encryption with Associated Data
#
CONFIG_CRYPTO_CCM=m
CONFIG_CRYPTO_GCM=m
CONFIG_CRYPTO_SEQIV=m
#
# Block modes
#
CONFIG_CRYPTO_CBC=y
CONFIG_CRYPTO_CTR=m
CONFIG_CRYPTO_CTS=m
CONFIG_CRYPTO_ECB=m
CONFIG_CRYPTO_LRW=m
CONFIG_CRYPTO_PCBC=m
CONFIG_CRYPTO_XTS=m
#
# Hash modes
#
CONFIG_CRYPTO_HMAC=y
CONFIG_CRYPTO_XCBC=m
#
# Digest
#
CONFIG_CRYPTO_CRC32C=m
CONFIG_CRYPTO_CRC32C_INTEL=y
CONFIG_CRYPTO_MD4=m
CONFIG_CRYPTO_MD5=y
CONFIG_CRYPTO_MICHAEL_MIC=m
CONFIG_CRYPTO_RMD128=m
CONFIG_CRYPTO_RMD160=m
CONFIG_CRYPTO_RMD256=m
CONFIG_CRYPTO_RMD320=m
CONFIG_CRYPTO_SHA1=m
CONFIG_CRYPTO_SHA256=m
CONFIG_CRYPTO_SHA512=m
CONFIG_CRYPTO_TGR192=m
CONFIG_CRYPTO_WP512=m
#
# Ciphers
#
CONFIG_CRYPTO_AES=m
CONFIG_CRYPTO_AES_X86_64=m
CONFIG_CRYPTO_ANUBIS=m
CONFIG_CRYPTO_ARC4=m
CONFIG_CRYPTO_BLOWFISH=m
CONFIG_CRYPTO_CAMELLIA=m
CONFIG_CRYPTO_CAST5=m
CONFIG_CRYPTO_CAST6=m
CONFIG_CRYPTO_DES=m
CONFIG_CRYPTO_FCRYPT=m
CONFIG_CRYPTO_KHAZAD=m
CONFIG_CRYPTO_SALSA20=m
CONFIG_CRYPTO_SALSA20_X86_64=m
CONFIG_CRYPTO_SEED=m
CONFIG_CRYPTO_SERPENT=m
CONFIG_CRYPTO_TEA=m
CONFIG_CRYPTO_TWOFISH=m
CONFIG_CRYPTO_TWOFISH_COMMON=m
CONFIG_CRYPTO_TWOFISH_X86_64=m
#
# Compression
#
CONFIG_CRYPTO_DEFLATE=m
CONFIG_CRYPTO_LZO=m
#
# Random Number Generation
#
CONFIG_CRYPTO_ANSI_CPRNG=m
CONFIG_CRYPTO_HW=y
# CONFIG_CRYPTO_DEV_HIFN_795X is not set
CONFIG_HAVE_KVM=y
CONFIG_VIRTUALIZATION=y
CONFIG_KVM=m
CONFIG_KVM_INTEL=m
CONFIG_KVM_AMD=m
# CONFIG_KVM_TRACE is not set
# CONFIG_VIRTIO_PCI is not set
# CONFIG_VIRTIO_BALLOON is not set
#
# Library routines
#
CONFIG_BITREVERSE=y
CONFIG_GENERIC_FIND_FIRST_BIT=y
CONFIG_GENERIC_FIND_NEXT_BIT=y
CONFIG_CRC_CCITT=m
CONFIG_CRC16=y
CONFIG_CRC_T10DIF=y
CONFIG_CRC_ITU_T=m
CONFIG_CRC32=y
CONFIG_CRC7=m
CONFIG_LIBCRC32C=m
CONFIG_ZLIB_INFLATE=y
CONFIG_ZLIB_DEFLATE=m
CONFIG_LZO_COMPRESS=m
CONFIG_LZO_DECOMPRESS=m
CONFIG_TEXTSEARCH=y
CONFIG_TEXTSEARCH_KMP=m
CONFIG_TEXTSEARCH_BM=m
CONFIG_TEXTSEARCH_FSM=m
CONFIG_PLIST=y
CONFIG_HAS_IOMEM=y
CONFIG_HAS_IOPORT=y
CONFIG_HAS_DMA=y
Jan 27 14:50:00 fearless kernel: Inspecting /boot/System.map-2.6.28.2-f1
Jan 27 14:50:00 fearless kernel: Cannot find map file.
Jan 27 14:50:01 fearless kernel: Loaded 50503 symbols from 52 modules.
Jan 27 14:50:01 fearless kernel: [    0.000000] BIOS EBDA/lowmem at: 0009fc00/0009fc00
Jan 27 14:50:01 fearless kernel: [    0.000000] Linux version 2.6.28.2-f1 (root@fearless) (gcc version 4.3.2 (Ubuntu 4.3.2-1ubuntu11) ) #2 SMP PREEMPT Tue Jan 27 12:46:20 CST 2009
Jan 27 14:50:01 fearless kernel: [    0.000000] Command line: root=/dev/mapper/fearless-root ro
Jan 27 14:50:01 fearless kernel: [    0.000000] KERNEL supported cpus:
Jan 27 14:50:01 fearless kernel: [    0.000000]   Intel GenuineIntel
Jan 27 14:50:01 fearless kernel: [    0.000000]   AMD AuthenticAMD
Jan 27 14:50:01 fearless kernel: [    0.000000] BIOS-provided physical RAM map:
Jan 27 14:50:01 fearless kernel: [    0.000000]  BIOS-e820: 0000000000000000 - 000000000009fc00 (usable)
Jan 27 14:50:01 fearless kernel: [    0.000000]  BIOS-e820: 000000000009fc00 - 00000000000a0000 (reserved)
Jan 27 14:50:01 fearless kernel: [    0.000000]  BIOS-e820: 00000000000e0000 - 0000000000100000 (reserved)
Jan 27 14:50:01 fearless kernel: [    0.000000]  BIOS-e820: 0000000000100000 - 00000000bf7b0000 (usable)
Jan 27 14:50:01 fearless kernel: [    0.000000]  BIOS-e820: 00000000bf7b0000 - 00000000bf7c5400 (reserved)
Jan 27 14:50:01 fearless kernel: [    0.000000]  BIOS-e820: 00000000bf7c5400 - 00000000bf7e7fb8 (ACPI NVS)
Jan 27 14:50:01 fearless kernel: [    0.000000]  BIOS-e820: 00000000bf7e7fb8 - 00000000c0000000 (reserved)
Jan 27 14:50:01 fearless kernel: [    0.000000]  BIOS-e820: 00000000fec00000 - 00000000fec01000 (reserved)
Jan 27 14:50:01 fearless kernel: [    0.000000]  BIOS-e820: 00000000fed20000 - 00000000fed9a000 (reserved)
Jan 27 14:50:01 fearless kernel: [    0.000000]  BIOS-e820: 00000000feda0000 - 00000000fedc0000 (reserved)
Jan 27 14:50:01 fearless kernel: [    0.000000]  BIOS-e820: 00000000fee00000 - 00000000fee01000 (reserved)
Jan 27 14:50:01 fearless kernel: [    0.000000]  BIOS-e820: 00000000ffb00000 - 00000000ffc00000 (reserved)
Jan 27 14:50:01 fearless kernel: [    0.000000]  BIOS-e820: 00000000fff00000 - 0000000100000000 (reserved)
Jan 27 14:50:01 fearless kernel: [    0.000000]  BIOS-e820: 0000000100000000 - 0000000140000000 (usable)
Jan 27 14:50:01 fearless kernel: [    0.000000] DMI 2.4 present.
Jan 27 14:50:01 fearless kernel: [    0.000000] last_pfn = 0x140000 max_arch_pfn = 0x3ffffffff
Jan 27 14:50:01 fearless kernel: [    0.000000] x86 PAT enabled: cpu 0, old 0x7040600070406, new 0x7010600070106
Jan 27 14:50:01 fearless kernel: [    0.000000] last_pfn = 0xbf7b0 max_arch_pfn = 0x3ffffffff
Jan 27 14:50:01 fearless kernel: [    0.000000] init_memory_mapping: 0000000000000000-00000000bf7b0000
Jan 27 14:50:01 fearless kernel: [    0.000000]  0000000000 - 00bf600000 page 2M
Jan 27 14:50:01 fearless kernel: [    0.000000]  00bf600000 - 00bf7b0000 page 4k
Jan 27 14:50:01 fearless kernel: [    0.000000] kernel direct mapping tables up to bf7b0000 @ 8000-d000
Jan 27 14:50:01 fearless kernel: [    0.000000] last_map_addr: bf7b0000 end: bf7b0000
Jan 27 14:50:01 fearless kernel: [    0.000000] init_memory_mapping: 0000000100000000-0000000140000000
Jan 27 14:50:01 fearless kernel: [    0.000000]  0100000000 - 0140000000 page 2M
Jan 27 14:50:01 fearless kernel: [    0.000000] kernel direct mapping tables up to 140000000 @ b000-11000
Jan 27 14:50:01 fearless kernel: [    0.000000] last_map_addr: 140000000 end: 140000000
Jan 27 14:50:01 fearless kernel: [    0.000000] RAMDISK: 36f6c000 - 37fef875
Jan 27 14:50:01 fearless kernel: [    0.000000] ACPI: RSDP 000F7150, 0024 (r2 HP    )
Jan 27 14:50:01 fearless kernel: [    0.000000] ACPI: XSDT BF7C81CC, 0084 (r1 HPQOEM SLIC-MPC        1 HP          1)
Jan 27 14:50:01 fearless kernel: [    0.000000] ACPI: FACP BF7C8084, 00F4 (r4 HP     30C0            3 HP          1)
Jan 27 14:50:01 fearless kernel: [    0.000000] ACPI: DSDT BF7C84D8, 1313E (r1 HP       nc75xx    10000 MSFT  3000001)
Jan 27 14:50:01 fearless kernel: [    0.000000] ACPI: FACS BF7E7D80, 0040
Jan 27 14:50:01 fearless kernel: [    0.000000] ACPI: SLIC BF7C8250, 0176 (r1 HPQOEM SLIC-MPC        1 HP          1)
Jan 27 14:50:01 fearless kernel: [    0.000000] ACPI: HPET BF7C83C8, 0038 (r1 HP     30C0            1 HP          1)
Jan 27 14:50:01 fearless kernel: [    0.000000] ACPI: APIC BF7C8400, 0068 (r1 HP     30C0            1 HP          1)
Jan 27 14:50:01 fearless kernel: [    0.000000] ACPI: MCFG BF7C8468, 003C (r1 HP     30C0            1 HP          1)
Jan 27 14:50:01 fearless kernel: [    0.000000] ACPI: TCPA BF7C84A4, 0032 (r2 HP     30C0            1 HP          1)
Jan 27 14:50:01 fearless kernel: [    0.000000] ACPI: SSDT BF7DB616, 0059 (r1 HP       HPQNLP        1 MSFT  3000001)
Jan 27 14:50:01 fearless kernel: [    0.000000] ACPI: SSDT BF7DB66F, 0328 (r1 HP       HPQSAT        1 MSFT  3000001)
Jan 27 14:50:01 fearless kernel: [    0.000000] ACPI: SSDT BF7DB997, 017D (r1 HP       HPQMRM        1 MSFT  3000001)
Jan 27 14:50:01 fearless kernel: [    0.000000] ACPI: SSDT BF7DC498, 025F (r1 HP      Cpu0Tst     3000 INTL 20060317)
Jan 27 14:50:01 fearless kernel: [    0.000000] ACPI: SSDT BF7DC6F7, 00A6 (r1 HP      Cpu1Tst     3000 INTL 20060317)
Jan 27 14:50:01 fearless kernel: [    0.000000] ACPI: SSDT BF7DC79D, 04D7 (r1 HP        CpuPm     3000 INTL 20060317)
Jan 27 14:50:01 fearless kernel: [    0.000000] ACPI: Local APIC address 0xfee00000
Jan 27 14:50:01 fearless kernel: [    0.000000] No NUMA configuration found
Jan 27 14:50:01 fearless kernel: [    0.000000] Faking a node at 0000000000000000-0000000140000000
Jan 27 14:50:01 fearless kernel: [    0.000000] Bootmem setup node 0 0000000000000000-0000000140000000
Jan 27 14:50:01 fearless kernel: [    0.000000]   NODE_DATA [0000000000001000 - 0000000000004fff]
Jan 27 14:50:01 fearless kernel: [    0.000000]   bootmap [000000000000c000 -  0000000000033fff] pages 28
Jan 27 14:50:01 fearless kernel: [    0.000000] (7 early reservations) ==> bootmem [0000000000 - 0140000000]
Jan 27 14:50:01 fearless kernel: [    0.000000]   #0 [0000000000 - 0000001000]   BIOS data page ==> [0000000000 - 0000001000]
Jan 27 14:50:01 fearless kernel: [    0.000000]   #1 [0000006000 - 0000008000]       TRAMPOLINE ==> [0000006000 - 0000008000]
Jan 27 14:50:01 fearless kernel: [    0.000000]   #2 [0000200000 - 00009e75f0]    TEXT DATA BSS ==> [0000200000 - 00009e75f0]
Jan 27 14:50:01 fearless kernel: [    0.000000]   #3 [0036f6c000 - 0037fef875]          RAMDISK ==> [0036f6c000 - 0037fef875]
Jan 27 14:50:01 fearless kernel: [    0.000000]   #4 [000009fc00 - 0000100000]    BIOS reserved ==> [000009fc00 - 0000100000]
Jan 27 14:50:01 fearless kernel: [    0.000000]   #5 [0000008000 - 000000b000]          PGTABLE ==> [0000008000 - 000000b000]
Jan 27 14:50:01 fearless kernel: [    0.000000]   #6 [000000b000 - 000000c000]          PGTABLE ==> [000000b000 - 000000c000]
Jan 27 14:50:01 fearless kernel: [    0.000000]  [ffffe20000000000-ffffe200045fffff] PMD -> [ffff880028200000-ffff88002b9fffff] on node 0
Jan 27 14:50:01 fearless kernel: [    0.000000] Zone PFN ranges:
Jan 27 14:50:01 fearless kernel: [    0.000000]   DMA      0x00000000 -> 0x00001000
Jan 27 14:50:01 fearless kernel: [    0.000000]   DMA32    0x00001000 -> 0x00100000
Jan 27 14:50:01 fearless kernel: [    0.000000]   Normal   0x00100000 -> 0x00140000
Jan 27 14:50:01 fearless kernel: [    0.000000] Movable zone start PFN for each node
Jan 27 14:50:01 fearless kernel: [    0.000000] early_node_map[3] active PFN ranges
Jan 27 14:50:01 fearless kernel: [    0.000000]     0: 0x00000000 -> 0x0000009f
Jan 27 14:50:01 fearless kernel: [    0.000000]     0: 0x00000100 -> 0x000bf7b0
Jan 27 14:50:01 fearless kernel: [    0.000000]     0: 0x00100000 -> 0x00140000
Jan 27 14:50:01 fearless kernel: [    0.000000] On node 0 totalpages: 1046351
Jan 27 14:50:01 fearless kernel: [    0.000000]   DMA zone: 56 pages used for memmap
Jan 27 14:50:01 fearless kernel: [    0.000000]   DMA zone: 2126 pages reserved
Jan 27 14:50:01 fearless kernel: [    0.000000]   DMA zone: 1817 pages, LIFO batch:0
Jan 27 14:50:01 fearless kernel: [    0.000000]   DMA32 zone: 14280 pages used for memmap
Jan 27 14:50:01 fearless kernel: [    0.000000]   DMA32 zone: 765928 pages, LIFO batch:31
Jan 27 14:50:01 fearless kernel: [    0.000000]   Normal zone: 3584 pages used for memmap
Jan 27 14:50:01 fearless kernel: [    0.000000]   Normal zone: 258560 pages, LIFO batch:31
Jan 27 14:50:01 fearless kernel: [    0.000000]   Movable zone: 0 pages used for memmap
Jan 27 14:50:01 fearless kernel: [    0.000000] ACPI: PM-Timer IO Port: 0x1008
Jan 27 14:50:01 fearless kernel: [    0.000000] ACPI: Local APIC address 0xfee00000
Jan 27 14:50:01 fearless kernel: [    0.000000] ACPI: LAPIC (acpi_id[0x01] lapic_id[0x00] enabled)
Jan 27 14:50:01 fearless kernel: [    0.000000] ACPI: LAPIC (acpi_id[0x02] lapic_id[0x01] enabled)
Jan 27 14:50:01 fearless kernel: [    0.000000] ACPI: LAPIC_NMI (acpi_id[0x01] high edge lint[0x1])
Jan 27 14:50:01 fearless kernel: [    0.000000] ACPI: LAPIC_NMI (acpi_id[0x02] high edge lint[0x1])
Jan 27 14:50:01 fearless kernel: [    0.000000] ACPI: IOAPIC (id[0x01] address[0xfec00000] gsi_base[0])
Jan 27 14:50:01 fearless kernel: [    0.000000] IOAPIC[0]: apic_id 1, version 0, address 0xfec00000, GSI 0-23
Jan 27 14:50:01 fearless kernel: [    0.000000] ACPI: INT_SRC_OVR (bus 0 bus_irq 0 global_irq 2 dfl dfl)
Jan 27 14:50:01 fearless kernel: [    0.000000] ACPI: INT_SRC_OVR (bus 0 bus_irq 9 global_irq 9 high level)
Jan 27 14:50:01 fearless kernel: [    0.000000] ACPI: IRQ0 used by override.
Jan 27 14:50:01 fearless kernel: [    0.000000] ACPI: IRQ2 used by override.
Jan 27 14:50:01 fearless kernel: [    0.000000] ACPI: IRQ9 used by override.
Jan 27 14:50:01 fearless kernel: [    0.000000] ACPI: HPET id: 0x8086a201 base: 0xfed00000
Jan 27 14:50:01 fearless kernel: [    0.000000] Using ACPI (MADT) for SMP configuration information
Jan 27 14:50:01 fearless kernel: [    0.000000] SMP: Allowing 2 CPUs, 0 hotplug CPUs
Jan 27 14:50:01 fearless kernel: [    0.000000] PM: Registered nosave memory: 000000000009f000 - 00000000000a0000
Jan 27 14:50:01 fearless kernel: [    0.000000] PM: Registered nosave memory: 00000000000a0000 - 00000000000e0000
Jan 27 14:50:01 fearless kernel: [    0.000000] PM: Registered nosave memory: 00000000000e0000 - 0000000000100000
Jan 27 14:50:01 fearless kernel: [    0.000000] PM: Registered nosave memory: 00000000bf7b0000 - 00000000bf7c5000
Jan 27 14:50:01 fearless kernel: [    0.000000] PM: Registered nosave memory: 00000000bf7c5000 - 00000000bf7c6000
Jan 27 14:50:01 fearless kernel: [    0.000000] PM: Registered nosave memory: 00000000bf7c6000 - 00000000bf7e7000
Jan 27 14:50:01 fearless kernel: [    0.000000] PM: Registered nosave memory: 00000000bf7e7000 - 00000000bf7e8000
Jan 27 14:50:01 fearless kernel: [    0.000000] PM: Registered nosave memory: 00000000bf7e8000 - 00000000c0000000
Jan 27 14:50:01 fearless kernel: [    0.000000] PM: Registered nosave memory: 00000000c0000000 - 00000000fec00000
Jan 27 14:50:01 fearless kernel: [    0.000000] PM: Registered nosave memory: 00000000fec00000 - 00000000fec01000
Jan 27 14:50:01 fearless kernel: [    0.000000] PM: Registered nosave memory: 00000000fec01000 - 00000000fed20000
Jan 27 14:50:01 fearless kernel: [    0.000000] PM: Registered nosave memory: 00000000fed20000 - 00000000fed9a000
Jan 27 14:50:01 fearless kernel: [    0.000000] PM: Registered nosave memory: 00000000fed9a000 - 00000000feda0000
Jan 27 14:50:01 fearless kernel: [    0.000000] PM: Registered nosave memory: 00000000feda0000 - 00000000fedc0000
Jan 27 14:50:01 fearless kernel: [    0.000000] PM: Registered nosave memory: 00000000fedc0000 - 00000000fee00000
Jan 27 14:50:01 fearless kernel: [    0.000000] PM: Registered nosave memory: 00000000fee00000 - 00000000fee01000
Jan 27 14:50:01 fearless kernel: [    0.000000] PM: Registered nosave memory: 00000000fee01000 - 00000000ffb00000
Jan 27 14:50:01 fearless kernel: [    0.000000] PM: Registered nosave memory: 00000000ffb00000 - 00000000ffc00000
Jan 27 14:50:01 fearless kernel: [    0.000000] PM: Registered nosave memory: 00000000ffc00000 - 00000000fff00000
Jan 27 14:50:01 fearless kernel: [    0.000000] PM: Registered nosave memory: 00000000fff00000 - 0000000100000000
Jan 27 14:50:01 fearless kernel: [    0.000000] Allocating PCI resources starting at c4000000 (gap: c0000000:3ec00000)
Jan 27 14:50:01 fearless kernel: [    0.000000] PERCPU: Allocating 49152 bytes of per cpu data
Jan 27 14:50:01 fearless kernel: [    0.000000] per cpu data for cpu0 on node0 at 0000000028022000
Jan 27 14:50:01 fearless kernel: [    0.000000] per cpu data for cpu1 on node0 at 000000002802e000
Jan 27 14:50:01 fearless kernel: [    0.000000] NR_CPUS: 4, nr_cpu_ids: 2, nr_node_ids 1
Jan 27 14:50:01 fearless kernel: [    0.000000] Built 1 zonelists in Node order, mobility grouping on.  Total pages: 1026305
Jan 27 14:50:01 fearless kernel: [    0.000000] Policy zone: Normal
Jan 27 14:50:01 fearless kernel: [    0.000000] Kernel command line: root=/dev/mapper/fearless-root ro
Jan 27 14:50:01 fearless kernel: [    0.000000] Initializing CPU#0
Jan 27 14:50:01 fearless kernel: [    0.000000] PID hash table entries: 4096 (order: 12, 32768 bytes)
Jan 27 14:50:01 fearless kernel: [    0.000000] Extended CMOS year: 2000
Jan 27 14:50:01 fearless kernel: [    0.000000] Fast TSC calibration using PIT
Jan 27 14:50:01 fearless kernel: [    0.000000] Detected 1795.391 MHz processor.
Jan 27 14:50:01 fearless kernel: [    0.000999] Console: colour VGA+ 80x25
Jan 27 14:50:01 fearless kernel: [    0.000999] console [tty0] enabled
Jan 27 14:50:01 fearless kernel: [    0.000999] Checking aperture...
Jan 27 14:50:01 fearless kernel: [    0.000999] No AGP bridge found
Jan 27 14:50:01 fearless kernel: [    0.000999] PCI-DMA: Using software bounce buffering for IO (SWIOTLB)
Jan 27 14:50:01 fearless kernel: [    0.000999] Placing software IO TLB between 0x20000000 - 0x24000000
Jan 27 14:50:01 fearless kernel: [    0.000999] Memory: 4036756k/5242880k available (4186k kernel code, 1057476k absent, 148648k reserved, 2588k data, 496k init)
Jan 27 14:50:01 fearless kernel: [    0.000999] SLUB: Genslabs=13, HWalign=64, Order=0-3, MinObjects=0, CPUs=2, Nodes=1
Jan 27 14:50:01 fearless kernel: [    0.000999] hpet clockevent registered
Jan 27 14:50:01 fearless kernel: [    0.000999] HPET: 3 timers in total, 0 timers will be used for per-cpu timer
Jan 27 14:50:01 fearless kernel: [    0.000999] Calibrating delay loop (skipped), value calculated using timer frequency.. 3590.78 BogoMIPS (lpj=1795391)
Jan 27 14:50:01 fearless kernel: [    0.000999] Security Framework initialized
Jan 27 14:50:01 fearless kernel: [    0.000999] Dentry cache hash table entries: 524288 (order: 10, 4194304 bytes)
Jan 27 14:50:01 fearless kernel: [    0.003322] Inode-cache hash table entries: 262144 (order: 9, 2097152 bytes)
Jan 27 14:50:01 fearless kernel: [    0.004467] Mount-cache hash table entries: 256
Jan 27 14:50:01 fearless kernel: [    0.004695] CPU: L1 I cache: 32K, L1 D cache: 32K
Jan 27 14:50:01 fearless kernel: [    0.004799] CPU: L2 cache: 2048K
Jan 27 14:50:01 fearless kernel: [    0.004857] CPU 0/0x0 -> Node 0
Jan 27 14:50:01 fearless kernel: [    0.004914] CPU: Physical Processor ID: 0
Jan 27 14:50:01 fearless kernel: [    0.004972] CPU: Processor Core ID: 0
Jan 27 14:50:01 fearless kernel: [    0.005010] CPU0: Thermal monitoring handled by SMI
Jan 27 14:50:01 fearless kernel: [    0.005012] using mwait in idle threads.
Jan 27 14:50:01 fearless kernel: [    0.005088] ACPI: Core revision 20080926
Jan 27 14:50:01 fearless kernel: [    0.029001] ftrace: converting mcount calls to 0f 1f 44 00 00
Jan 27 14:50:01 fearless kernel: [    0.029067] ftrace: allocating 15469 entries in 122 pages
Jan 27 14:50:01 fearless kernel: [    0.030048] Setting APIC routing to flat
Jan 27 14:50:01 fearless kernel: [    0.030475] ..TIMER: vector=0x30 apic1=0 pin1=2 apic2=-1 pin2=-1
Jan 27 14:50:01 fearless kernel: [    0.040791] CPU0: Intel(R) Core(TM)2 Duo CPU     T7100  @ 1.80GHz stepping 0d
Jan 27 14:50:01 fearless kernel: [    0.040993] Booting processor 1 APIC 0x1 ip 0x6000
Jan 27 14:50:01 fearless kernel: [    0.000999] Initializing CPU#1
Jan 27 14:50:01 fearless kernel: [    0.000999] Calibrating delay using timer specific routine.. 3590.82 BogoMIPS (lpj=1795414)
Jan 27 14:50:01 fearless kernel: [    0.000999] CPU: L1 I cache: 32K, L1 D cache: 32K
Jan 27 14:50:01 fearless kernel: [    0.000999] CPU: L2 cache: 2048K
Jan 27 14:50:01 fearless kernel: [    0.000999] CPU 1/0x1 -> Node 0
Jan 27 14:50:01 fearless kernel: [    0.000999] CPU: Physical Processor ID: 0
Jan 27 14:50:01 fearless kernel: [    0.000999] CPU: Processor Core ID: 1
Jan 27 14:50:01 fearless kernel: [    0.000999] CPU1: Thermal monitoring enabled (TM2)
Jan 27 14:50:01 fearless kernel: [    0.000999] x86 PAT enabled: cpu 1, old 0x7040600070406, new 0x7010600070106
Jan 27 14:50:01 fearless kernel: [    0.112258] CPU1: Intel(R) Core(TM)2 Duo CPU     T7100  @ 1.80GHz stepping 0d
Jan 27 14:50:01 fearless kernel: [    0.112964] checking TSC synchronization [CPU#0 -> CPU#1]: passed.
Jan 27 14:50:01 fearless kernel: [    0.113002] Brought up 2 CPUs
Jan 27 14:50:01 fearless kernel: [    0.113061] Total of 2 processors activated (7181.61 BogoMIPS).
Jan 27 14:50:01 fearless kernel: [    0.113177] CPU0 attaching sched-domain:
Jan 27 14:50:01 fearless kernel: [    0.113180]  domain 0: span 0-1 level MC
Jan 27 14:50:01 fearless kernel: [    0.113182]   groups: 0 1
Jan 27 14:50:01 fearless kernel: [    0.113187]   domain 1: span 0-1 level NODE
Jan 27 14:50:01 fearless kernel: [    0.113189]    groups: 0-1
Jan 27 14:50:01 fearless kernel: [    0.113194] CPU1 attaching sched-domain:
Jan 27 14:50:01 fearless kernel: [    0.113195]  domain 0: span 0-1 level MC
Jan 27 14:50:01 fearless kernel: [    0.113197]   groups: 1 0
Jan 27 14:50:01 fearless kernel: [    0.113201]   domain 1: span 0-1 level NODE
Jan 27 14:50:01 fearless kernel: [    0.113203]    groups: 0-1
Jan 27 14:50:01 fearless kernel: [    0.113247] net_namespace: 952 bytes
Jan 27 14:50:01 fearless kernel: [    0.113247] NET: Registered protocol family 16
Jan 27 14:50:01 fearless kernel: [    0.114012] ACPI FADT declares the system doesn't support PCIe ASPM, so disable it
Jan 27 14:50:01 fearless kernel: [    0.114077] ACPI: bus type pci registered
Jan 27 14:50:01 fearless kernel: [    0.114146] PCI: MCFG configuration 0: base f8000000 segment 0 buses 0 - 63
Jan 27 14:50:01 fearless kernel: [    0.114146] PCI: Not using MMCONFIG.
Jan 27 14:50:01 fearless kernel: [    0.114146] PCI: Using configuration type 1 for base access
Jan 27 14:50:01 fearless kernel: [    0.121022] ACPI: EC: Look up EC in DSDT
Jan 27 14:50:01 fearless kernel: [    0.124000] ACPI: EC: non-query interrupt received, switching to interrupt mode
Jan 27 14:50:01 fearless kernel: [    0.190201] ACPI: Interpreter enabled
Jan 27 14:50:01 fearless kernel: [    0.190263] ACPI: (supports S0 S3 S4 S5)
Jan 27 14:50:01 fearless kernel: [    0.190313] ACPI: Using IOAPIC for interrupt routing
Jan 27 14:50:01 fearless kernel: [    0.190313] PCI: MCFG configuration 0: base f8000000 segment 0 buses 0 - 63
Jan 27 14:50:01 fearless kernel: [    0.200986] PCI: MCFG area at f8000000 reserved in ACPI motherboard resources
Jan 27 14:50:01 fearless kernel: [    0.204512] PCI: Using MMCONFIG at f8000000 - fbffffff
Jan 27 14:50:01 fearless kernel: [    0.222021] ACPI: EC: GPE = 0x16, I/O: command/status = 0x66, data = 0x62
Jan 27 14:50:01 fearless kernel: [    0.222085] ACPI: EC: driver started in interrupt mode
Jan 27 14:50:01 fearless kernel: [    0.222218] ACPI: No dock devices found.
Jan 27 14:50:01 fearless kernel: [    0.222290] ACPI: PCI Root Bridge [C003] (0000:00)
Jan 27 14:50:01 fearless kernel: [    0.223039] pci 0000:00:02.0: reg 10 64bit mmio: [0xe0700000-0xe07fffff]
Jan 27 14:50:01 fearless kernel: [    0.223047] pci 0000:00:02.0: reg 18 64bit mmio: [0xd0000000-0xdfffffff]
Jan 27 14:50:01 fearless kernel: [    0.223052] pci 0000:00:02.0: reg 20 io port: [0x3000-0x3007]
Jan 27 14:50:01 fearless kernel: [    0.223087] pci 0000:00:02.1: reg 10 64bit mmio: [0xe0800000-0xe08fffff]
Jan 27 14:50:01 fearless kernel: [    0.223201] pci 0000:00:1a.0: reg 20 io port: [0x3020-0x303f]
Jan 27 14:50:01 fearless kernel: [    0.223268] pci 0000:00:1a.1: reg 20 io port: [0x3040-0x305f]
Jan 27 14:50:01 fearless kernel: [    0.223341] pci 0000:00:1a.7: reg 10 32bit mmio: [0xe0900000-0xe09003ff]
Jan 27 14:50:01 fearless kernel: [    0.223392] pci 0000:00:1a.7: PME# supported from D0 D3hot D3cold
Jan 27 14:50:01 fearless kernel: [    0.223458] pci 0000:00:1a.7: PME# disabled
Jan 27 14:50:01 fearless kernel: [    0.223574] pci 0000:00:1b.0: reg 10 64bit mmio: [0xe0904000-0xe0907fff]
Jan 27 14:50:01 fearless kernel: [    0.223617] pci 0000:00:1b.0: PME# supported from D0 D3hot D3cold
Jan 27 14:50:01 fearless kernel: [    0.223971] pci 0000:00:1b.0: PME# disabled
Jan 27 14:50:01 fearless kernel: [    0.224099] pci 0000:00:1c.0: PME# supported from D0 D3hot D3cold
Jan 27 14:50:01 fearless kernel: [    0.224164] pci 0000:00:1c.0: PME# disabled
Jan 27 14:50:01 fearless kernel: [    0.224295] pci 0000:00:1c.1: PME# supported from D0 D3hot D3cold
Jan 27 14:50:01 fearless kernel: [    0.224359] pci 0000:00:1c.1: PME# disabled
Jan 27 14:50:01 fearless kernel: [    0.224491] pci 0000:00:1c.2: PME# supported from D0 D3hot D3cold
Jan 27 14:50:01 fearless kernel: [    0.224555] pci 0000:00:1c.2: PME# disabled
Jan 27 14:50:01 fearless kernel: [    0.224689] pci 0000:00:1c.4: PME# supported from D0 D3hot D3cold
Jan 27 14:50:01 fearless kernel: [    0.224753] pci 0000:00:1c.4: PME# disabled
Jan 27 14:50:01 fearless kernel: [    0.224878] pci 0000:00:1d.0: reg 20 io port: [0x3060-0x307f]
Jan 27 14:50:01 fearless kernel: [    0.225000] pci 0000:00:1d.1: reg 20 io port: [0x3080-0x309f]
Jan 27 14:50:01 fearless kernel: [    0.225066] pci 0000:00:1d.2: reg 20 io port: [0x30a0-0x30bf]
Jan 27 14:50:01 fearless kernel: [    0.225141] pci 0000:00:1d.7: reg 10 32bit mmio: [0xe0908000-0xe09083ff]
Jan 27 14:50:01 fearless kernel: [    0.225191] pci 0000:00:1d.7: PME# supported from D0 D3hot D3cold
Jan 27 14:50:01 fearless kernel: [    0.225256] pci 0000:00:1d.7: PME# disabled
Jan 27 14:50:01 fearless kernel: [    0.225483] pci 0000:00:1f.0: quirk: region 1000-107f claimed by ICH6 ACPI/GPIO/TCO
Jan 27 14:50:01 fearless kernel: [    0.225558] pci 0000:00:1f.0: quirk: region 1100-113f claimed by ICH6 GPIO
Jan 27 14:50:01 fearless kernel: [    0.225657] pci 0000:00:1f.1: reg 10 io port: [0x00-0x07]
Jan 27 14:50:01 fearless kernel: [    0.225665] pci 0000:00:1f.1: reg 14 io port: [0x00-0x03]
Jan 27 14:50:01 fearless kernel: [    0.225673] pci 0000:00:1f.1: reg 18 io port: [0x00-0x07]
Jan 27 14:50:01 fearless kernel: [    0.225681] pci 0000:00:1f.1: reg 1c io port: [0x00-0x03]
Jan 27 14:50:01 fearless kernel: [    0.225689] pci 0000:00:1f.1: reg 20 io port: [0x30c0-0x30cf]
Jan 27 14:50:01 fearless kernel: [    0.225766] pci 0000:00:1f.2: reg 10 io port: [0x13f0-0x13f7]
Jan 27 14:50:01 fearless kernel: [    0.225774] pci 0000:00:1f.2: reg 14 io port: [0x15f4-0x15f7]
Jan 27 14:50:01 fearless kernel: [    0.225782] pci 0000:00:1f.2: reg 18 io port: [0x1370-0x1377]
Jan 27 14:50:01 fearless kernel: [    0.225790] pci 0000:00:1f.2: reg 1c io port: [0x1574-0x1577]
Jan 27 14:50:01 fearless kernel: [    0.225798] pci 0000:00:1f.2: reg 20 io port: [0x3100-0x311f]
Jan 27 14:50:01 fearless kernel: [    0.225807] pci 0000:00:1f.2: reg 24 32bit mmio: [0xe0909000-0xe09097ff]
Jan 27 14:50:01 fearless kernel: [    0.225829] pci 0000:00:1f.2: PME# supported from D3hot
Jan 27 14:50:01 fearless kernel: [    0.225892] pci 0000:00:1f.2: PME# disabled
Jan 27 14:50:01 fearless kernel: [    0.226232] pci 0000:10:00.0: reg 10 32bit mmio: [0xe0200000-0xe0200fff]
Jan 27 14:50:01 fearless kernel: [    0.226400] pci 0000:10:00.0: PME# supported from D0 D3hot D3cold
Jan 27 14:50:01 fearless kernel: [    0.226472] pci 0000:10:00.0: PME# disabled
Jan 27 14:50:01 fearless kernel: [    0.226642] pci 0000:00:1c.1: bridge 32bit mmio: [0xe0200000-0xe02fffff]
Jan 27 14:50:01 fearless kernel: [    0.226779] pci 0000:18:00.0: reg 10 64bit mmio: [0xe0100000-0xe010ffff]
Jan 27 14:50:01 fearless kernel: [    0.226839] pci 0000:18:00.0: PME# supported from D3hot D3cold
Jan 27 14:50:01 fearless kernel: [    0.226943] pci 0000:18:00.0: PME# disabled
Jan 27 14:50:01 fearless kernel: [    0.227047] pci 0000:00:1c.2: bridge 32bit mmio: [0xe0100000-0xe01fffff]
Jan 27 14:50:01 fearless kernel: [    0.227131] pci 0000:28:00.0: reg 10 io port: [0x2000-0x2007]
Jan 27 14:50:01 fearless kernel: [    0.227143] pci 0000:28:00.0: reg 14 io port: [0x2008-0x200b]
Jan 27 14:50:01 fearless kernel: [    0.227155] pci 0000:28:00.0: reg 18 io port: [0x2010-0x2017]
Jan 27 14:50:01 fearless kernel: [    0.227167] pci 0000:28:00.0: reg 1c io port: [0x2018-0x201b]
Jan 27 14:50:01 fearless kernel: [    0.227178] pci 0000:28:00.0: reg 20 io port: [0x2020-0x202f]
Jan 27 14:50:01 fearless kernel: [    0.227190] pci 0000:28:00.0: reg 24 32bit mmio: [0xe0000000-0xe0001fff]
Jan 27 14:50:01 fearless kernel: [    0.227218] pci 0000:28:00.0: PME# supported from D3hot
Jan 27 14:50:01 fearless kernel: [    0.227283] pci 0000:28:00.0: PME# disabled
Jan 27 14:50:01 fearless kernel: [    0.227411] pci 0000:00:1c.4: bridge io port: [0x2000-0x2fff]
Jan 27 14:50:01 fearless kernel: [    0.227416] pci 0000:00:1c.4: bridge 32bit mmio: [0xe0000000-0xe00fffff]
Jan 27 14:50:01 fearless kernel: [    0.227484] pci 0000:02:04.0: reg 10 32bit mmio: [0xe0300000-0xe0300fff]
Jan 27 14:50:01 fearless kernel: [    0.227499] pci 0000:02:04.0: supports D1 D2
Jan 27 14:50:01 fearless kernel: [    0.227501] pci 0000:02:04.0: PME# supported from D0 D1 D2 D3hot D3cold
Jan 27 14:50:01 fearless kernel: [    0.227567] pci 0000:02:04.0: PME# disabled
Jan 27 14:50:01 fearless kernel: [    0.227678] pci 0000:02:04.1: reg 10 32bit mmio: [0xe0301000-0xe03017ff]
Jan 27 14:50:01 fearless kernel: [    0.227741] pci 0000:02:04.1: supports D1 D2
Jan 27 14:50:01 fearless kernel: [    0.227742] pci 0000:02:04.1: PME# supported from D0 D1 D2 D3hot D3cold
Jan 27 14:50:01 fearless kernel: [    0.227809] pci 0000:02:04.1: PME# disabled
Jan 27 14:50:01 fearless kernel: [    0.227985] pci 0000:00:1e.0: transparent bridge
Jan 27 14:50:01 fearless kernel: [    0.228051] pci 0000:00:1e.0: bridge 32bit mmio: [0xe0300000-0xe06fffff]
Jan 27 14:50:01 fearless kernel: [    0.228123] ACPI: PCI Interrupt Routing Table [\_SB_.C003._PRT]
Jan 27 14:50:01 fearless kernel: [    0.228622] ACPI: PCI Interrupt Routing Table [\_SB_.C003.C0B0._PRT]
