Date: Mon, 22 Dec 2008 12:14:08 +0400
From: Brad Campbell <>
Subject: BUG() in 2.6.28-rc8-git2 under heavy load
Sender: linux-kernel-owner@vger.kernel.org
Precedence: bulk
List-ID: <linux-kernel.vger.kernel.org>
X-Mailing-List: linux-kernel@vger.kernel.org
X-Lkml-Link: https://lkml.org/lkml/2008/12/22/23

I got a number of BUG()s in my kernel log during a RAID expansion. I did not notice any ill effects, 
the system recovered well and has been ok since. I've not had the opportunity to reboot as yet, but 
I thought them worth reporting.
I'm really unsure as to the relevant details on this one, so I've attached everything just in case.
I'm also seeing *loads* of [158921.049256] eth0: too many iterations (6) in nv_nic_irq.
That's a bonus, as with 2.6.26 it was just locking up and requiring an down/up cycle to bring the 
port back. So improvements there anyway.
[26328.103651] BUG: unable to handle kernel paging request at 000000001f4cd9db
[26328.104869] IP: [<ffffffff80298d6c>] generic_fillattr+0xc/0xa0
[26328.106049] PGD d7886067 PUD 9559067 PMD 0
[26328.107239] Oops: 0002 [#1] SMP
[26328.108396] last sysfs file: /sys/devices/platform/it87.656/temp1_input
[26328.109581] CPU 0
[26328.110712] Modules linked in: xt_iprange xt_length xt_CLASSIFY sch_sfq sch_htb iptable_mangle 
xt_TCPMSS ipt_REJECT xt_state ipt_MASQUERADE ipt_REDIRECT xt_tcpudp ip
table_filter iptable_nat nf_nat nf_conntrack_ipv4 nf_conntrack nf_defrag_ipv4 ip_tables x_tables 
adt7475 it87 hwmon_vid k8temp powernow_k8 cdc_acm i2c_nforce2 usbhid r8
169 mii sata_sil24 forcedeth ehci_hcd sata_nv ohci_hcd usbcore sata_mv
[26328.113358] Pid: 4766, comm: ping Tainted: G        W  2.6.28-rc8-git2 #14
[26328.113358] RIP: 0010:[<ffffffff80298d6c>]  [<ffffffff80298d6c>] generic_fillattr+0xc/0xa0
[26328.113358] RSP: 0018:ffff8800c90ddec0  EFLAGS: 00010246
[26328.113358] RAX: 000000001f4cda50 RBX: ffff8800bc2fb0c0 RCX: ffff88011f901800
[26328.113358] RDX: ffff8800c90ddef8 RSI: ffff8800c90ddef8 RDI: ffff88011f4cda50
[26328.123346] RBP: 00000000fffffff7 R08: fefefefefefefeff R09: 2f2f2f2f2f2f2f2f
[26328.123346] R10: 0000000000000000 R11: 0000000000000246 R12: ffff8800c90ddef8
[26328.123346] R13: 0000000000000001 R14: 0000000000000000 R15: 00000000ffffffff
[26328.123346] FS:  00007f28c97656d0(0000) GS:ffffffff806c6480(0000) knlGS:0000000000000000
[26328.123346] CS:  0010 DS: 0000 ES: 0000 CR0: 000000008005003b
[26328.123346] CR2: 000000001f4cd9db CR3: 000000007ec02000 CR4: 00000000000006e0
[26328.123346] DR0: 0000000000000000 DR1: 0000000000000000 DR2: 0000000000000000
[26328.123346] DR3: 0000000000000000 DR6: 00000000ffff0ff0 DR7: 0000000000000400
[26328.123346] Process ping (pid: 4766, threadinfo ffff8800c90dc000, task ffff8800d7b4c8e0)
[26328.123346] Stack:
[26328.123346]  ffffffff80298e30 00007f557e615340 ffffffff80299467 00007fff8671d950
[26328.123346]  0000000000000003 00007f557e7208e8 ffffffff802994af 0000000000000000
[26328.123346]  0000000000000000 0000000000000000 0000002000000000 fffffffffffffff2
[26328.123346] Call Trace:
[26328.123346]  [<ffffffff80298e30>] ? vfs_getattr+0x30/0x40
[26328.123346]  [<ffffffff80299467>] ? vfs_fstat+0x37/0x60
[26328.123346]  [<ffffffff802994af>] ? sys_newfstat+0x1f/0x50
[26328.123346]  [<ffffffff80293ba6>] ? do_sys_open+0xc6/0x100
[26328.123346]  [<ffffffff8020b64b>] ? system_call_fastpath+0x16/0x1b
[26328.123346] Code: 00 f0 ff ff 77 0d 8b 42 08 c1 e0 14 0b 42 0c 89 03 31 c0 5b c3 90 90 90 90 90 
90 90 90 90 90 48 8b 87 f8 00 00 00 8b 40 10 89 46 <08> 48 8b 47 40 48 89 06 0f b7 87 b2 00 00 00 66 
89 46 0c 8b 47
[26328.123346] RIP  [<ffffffff80298d6c>] generic_fillattr+0xc/0xa0
[26328.123346]  RSP <ffff8800c90ddec0>
[26328.123346] CR2: 000000001f4cd9db
/proc/cpuinfo
processor	: 0
vendor_id	: AuthenticAMD
cpu family	: 16
model		: 2
model name	: AMD Phenom(tm) 9750 Quad-Core Processor
stepping	: 3
cpu MHz		: 1200.000
cache size	: 512 KB
physical id	: 0
siblings	: 4
core id		: 0
cpu cores	: 4
apicid		: 0
initial apicid	: 0
fpu		: yes
fpu_exception	: yes
cpuid level	: 5
wp		: yes
flags		: fpu vme de pse tsc msr pae mce cx8 apic sep mtrr pge mca cmov pat pse36 clflush mmx fxsr 
sse sse2 ht syscall nx mmxext fxsr_opt pdpe1gb rdtscp lm 3dnowext 3dnow constant_tsc rep_good pni 
monitor cx16 lahf_lm cmp_legacy svm extapic cr8_legacy abm sse4a misalignsse 3dnowprefetch osvw ibs
bogomips	: 4820.48
TLB size	: 1024 4K pages
clflush size	: 64
cache_alignment	: 64
address sizes	: 48 bits physical, 48 bits virtual
power management: ts ttp tm stc 100mhzsteps hwpstate
processor	: 1
vendor_id	: AuthenticAMD
cpu family	: 16
model		: 2
model name	: AMD Phenom(tm) 9750 Quad-Core Processor
stepping	: 3
cpu MHz		: 1200.000
cache size	: 512 KB
physical id	: 0
siblings	: 4
core id		: 1
cpu cores	: 4
apicid		: 1
initial apicid	: 1
fpu		: yes
fpu_exception	: yes
cpuid level	: 5
wp		: yes
flags		: fpu vme de pse tsc msr pae mce cx8 apic sep mtrr pge mca cmov pat pse36 clflush mmx fxsr 
sse sse2 ht syscall nx mmxext fxsr_opt pdpe1gb rdtscp lm 3dnowext 3dnow constant_tsc rep_good pni 
monitor cx16 lahf_lm cmp_legacy svm extapic cr8_legacy abm sse4a misalignsse 3dnowprefetch osvw ibs
bogomips	: 4822.39
TLB size	: 1024 4K pages
clflush size	: 64
cache_alignment	: 64
address sizes	: 48 bits physical, 48 bits virtual
power management: ts ttp tm stc 100mhzsteps hwpstate
processor	: 2
vendor_id	: AuthenticAMD
cpu family	: 16
model		: 2
model name	: AMD Phenom(tm) 9750 Quad-Core Processor
stepping	: 3
cpu MHz		: 1200.000
cache size	: 512 KB
physical id	: 0
siblings	: 4
core id		: 2
cpu cores	: 4
apicid		: 2
initial apicid	: 2
fpu		: yes
fpu_exception	: yes
cpuid level	: 5
wp		: yes
flags		: fpu vme de pse tsc msr pae mce cx8 apic sep mtrr pge mca cmov pat pse36 clflush mmx fxsr 
sse sse2 ht syscall nx mmxext fxsr_opt pdpe1gb rdtscp lm 3dnowext 3dnow constant_tsc rep_good pni 
monitor cx16 lahf_lm cmp_legacy svm extapic cr8_legacy abm sse4a misalignsse 3dnowprefetch osvw ibs
bogomips	: 4822.28
TLB size	: 1024 4K pages
clflush size	: 64
cache_alignment	: 64
address sizes	: 48 bits physical, 48 bits virtual
power management: ts ttp tm stc 100mhzsteps hwpstate
processor	: 3
vendor_id	: AuthenticAMD
cpu family	: 16
model		: 2
model name	: AMD Phenom(tm) 9750 Quad-Core Processor
stepping	: 3
cpu MHz		: 1200.000
cache size	: 512 KB
physical id	: 0
siblings	: 4
core id		: 3
cpu cores	: 4
apicid		: 3
initial apicid	: 3
fpu		: yes
fpu_exception	: yes
cpuid level	: 5
wp		: yes
flags		: fpu vme de pse tsc msr pae mce cx8 apic sep mtrr pge mca cmov pat pse36 clflush mmx fxsr 
sse sse2 ht syscall nx mmxext fxsr_opt pdpe1gb rdtscp lm 3dnowext 3dnow constant_tsc rep_good pni 
monitor cx16 lahf_lm cmp_legacy svm extapic cr8_legacy abm sse4a misalignsse 3dnowprefetch osvw ibs
bogomips	: 4822.28
TLB size	: 1024 4K pages
clflush size	: 64
cache_alignment	: 64
address sizes	: 48 bits physical, 48 bits virtual
power management: ts ttp tm stc 100mhzsteps hwpstate
/proc/interrupts
            CPU0       CPU1       CPU2       CPU3
   0:         23          0         15        920   IO-APIC-edge      timer
   1:          0          0          0        160   IO-APIC-edge      i8042
   4:          0          0          0         69   IO-APIC-edge      serial
   7:          1          0          0          0   IO-APIC-edge
   9:          0          0          0          0   IO-APIC-fasteoi   acpi
  16:         24       2930     438085   96974176   IO-APIC-fasteoi   sata_mv, sata_sil24, sata_mv
  21:         17       1936     111152    1177010   IO-APIC-fasteoi   ehci_hcd:usb2, sata_nv
  22:          3        743      82877    6257900   IO-APIC-fasteoi   sata_nv
  23:          7       1715     156222    7825793   IO-APIC-fasteoi   ohci_hcd:usb1, sata_nv
504:         62      10401    3129508  861590499   PCI-MSI-edge      eth0
505:          9       1606     313953   35994744   PCI-MSI-edge      eth2
NMI:          0          0          0          0   Non-maskable interrupts
LOC:   22892596   23681576   20696481   26747809   Local timer interrupts
RES:   39891910   34931403   52799208    5105684   Rescheduling interrupts
CAL:       1463       1499       1438        193   Function call interrupts
TLB:     258955     257070     239667     161602   TLB shootdowns
TRM:          0          0          0          0   Thermal event interrupts
THR:          0          0          0          0   Threshold APIC interrupts
SPU:          0          0          0          0   Spurious interrupts
ERR:          1
MIS:          0
/proc/ioports
0000-001f : dma1
0020-0021 : pic1
0040-0043 : timer0
0050-0053 : timer1
0060-0060 : keyboard
0064-0064 : keyboard
0070-0077 : rtc
0080-008f : dma page reg
00a0-00a1 : pic2
00c0-00df : dma2
00f0-00ff : fpu
0170-0177 : 0000:00:0c.0
01f0-01f7 : 0000:00:0c.0
0290-0297 : pnp 00:02
   0295-0296 : it87
     0295-0296 : it87
0376-0376 : 0000:00:0c.0
03c0-03df : vga+
03f6-03f6 : 0000:00:0c.0
03f8-03ff : serial
04d0-04d1 : pnp 00:02
0800-087f : pnp 00:02
0960-0967 : 0000:00:0d.1
   0960-0967 : sata_nv
0970-0977 : 0000:00:0d.0
   0970-0977 : sata_nv
09e0-09e7 : 0000:00:0d.1
   09e0-09e7 : sata_nv
09f0-09f7 : 0000:00:0d.0
   09f0-09f7 : sata_nv
0b60-0b63 : 0000:00:0d.1
   0b60-0b63 : sata_nv
0b70-0b73 : 0000:00:0d.0
   0b70-0b73 : sata_nv
0be0-0be3 : 0000:00:0d.1
   0be0-0be3 : sata_nv
0bf0-0bf3 : 0000:00:0d.0
   0bf0-0bf3 : sata_nv
0cf8-0cff : PCI conf1
1000-107f : pnp 00:01
   1000-1003 : ACPI PM1a_EVT_BLK
   1004-1005 : ACPI PM1a_CNT_BLK
   1008-100b : ACPI PM_TMR
   101c-101c : ACPI PM2_CNT_BLK
   1020-1027 : ACPI GPE0_BLK
1080-10ff : pnp 00:01
1400-147f : pnp 00:01
1480-14ff : pnp 00:01
   14a0-14af : ACPI GPE1_BLK
1800-187f : pnp 00:01
1880-18ff : pnp 00:01
1c00-1c3f : 0000:00:09.1
   1c00-1c3f : nForce2_smbus
1c40-1c7f : 0000:00:09.1
   1c40-1c7f : nForce2_smbus
5000-5fff : PCI Bus 0000:09
   5c00-5cff : 0000:09:00.0
6000-6fff : PCI Bus 0000:08
   6000-601f : 0000:08:00.0
   6400-643f : 0000:08:00.0
   6800-6803 : 0000:08:00.0
   6c00-6c07 : 0000:08:00.0
7000-7fff : PCI Bus 0000:07
   7c00-7cff : 0000:07:00.0
     7c00-7cff : r8169
8000-8fff : PCI Bus 0000:06
   8c00-8c7f : 0000:06:00.0
9000-9fff : PCI Bus 0000:02
   9c00-9cff : 0000:02:06.0
a000-afff : PCI Bus 0000:01
   ac00-acff : 0000:01:00.0
b000-b007 : 0000:00:11.0
   b000-b007 : forcedeth
b400-b407 : 0000:00:10.0
   b400-b407 : forcedeth
b800-b80f : 0000:00:0d.2
   b800-b80f : sata_nv
bc00-bc03 : 0000:00:0d.2
   bc00-bc03 : sata_nv
c000-c007 : 0000:00:0d.2
   c000-c007 : sata_nv
c400-c403 : 0000:00:0d.2
   c400-c403 : sata_nv
c800-c807 : 0000:00:0d.2
   c800-c807 : sata_nv
cc00-cc0f : 0000:00:0d.1
   cc00-cc0f : sata_nv
e000-e00f : 0000:00:0d.0
   e000-e00f : sata_nv
f400-f40f : 0000:00:0c.0
/proc/modules
usb_storage 35328 0 - Live 0xffffffffa0162000
libusual 24936 1 usb_storage, Live 0xffffffffa0156000
xt_iprange 3264 1 - Live 0xffffffffa0150000
xt_length 2624 1 - Live 0xffffffffa014a000
xt_CLASSIFY 2304 20 - Live 0xffffffffa0144000
sch_sfq 8064 4 - Live 0xffffffffa013d000
sch_htb 17600 1 - Live 0xffffffffa0133000
iptable_mangle 3904 1 - Live 0xffffffffa012d000
xt_TCPMSS 4224 2 - Live 0xffffffffa0126000
ipt_REJECT 4032 1 - Live 0xffffffffa0120000
xt_state 2944 3 - Live 0xffffffffa011a000
ipt_MASQUERADE 3840 2 - Live 0xffffffffa0114000
ipt_REDIRECT 2560 3 - Live 0xffffffffa010e000
xt_tcpudp 4096 37 - Live 0xffffffffa0108000
iptable_filter 3840 1 - Live 0xffffffffa0102000
iptable_nat 6148 1 - Live 0xffffffffa00fb000
nf_nat 19924 3 ipt_MASQUERADE,ipt_REDIRECT,iptable_nat, Live 0xffffffffa00f1000
nf_conntrack_ipv4 15704 6 iptable_nat,nf_nat, Live 0xffffffffa00e8000
nf_conntrack 61480 5 xt_state,ipt_MASQUERADE,iptable_nat,nf_nat,nf_conntrack_ipv4, Live 
0xffffffffa00d3000
nf_defrag_ipv4 2688 1 nf_conntrack_ipv4, Live 0xffffffffa00cd000
ip_tables 18832 3 iptable_mangle,iptable_filter,iptable_nat, Live 0xffffffffa00c3000
x_tables 19592 11 
xt_iprange,xt_length,xt_CLASSIFY,xt_TCPMSS,ipt_REJECT,xt_state,ipt_MASQUERADE,ipt_REDIRECT,xt_tcpudp,iptable_nat,ip_tables, 
Live 0xffffffffa00b9000
adt7475 20368 0 - Live 0xffffffffa00af000
it87 27288 0 - Live 0xffffffffa00a3000
hwmon_vid 4032 1 it87, Live 0xffffffffa00a0000
k8temp 5632 0 - Live 0xffffffffa005b000
powernow_k8 14468 0 - Live 0xffffffffa009a000
cdc_acm 17824 2 - Live 0xffffffffa0093000
i2c_nforce2 8064 0 - Live 0xffffffffa0009000
usbhid 26880 1 - Live 0xffffffffa008a000
r8169 36548 0 - Live 0xffffffffa007f000
mii 5568 1 r8169, Live 0xffffffffa007b000
sata_sil24 15748 2 - Live 0xffffffffa0072000
forcedeth 58832 0 - Live 0xffffffffa005e000
ehci_hcd 37004 0 - Live 0xffffffffa004f000
sata_nv 26440 11 - Live 0xffffffffa0043000
ohci_hcd 25372 0 - Live 0xffffffffa0037000
usbcore 153872 8 usb_storage,libusual,cdc_acm,usbhid,ehci_hcd,ohci_hcd, Live 0xffffffffa000c000
sata_mv 28364 8 - Live 0xffffffffa0000000
.config
CONFIG_64BIT=y
CONFIG_X86_64=y
CONFIG_X86=y
CONFIG_ARCH_DEFCONFIG="arch/x86/configs/x86_64_defconfig"
CONFIG_GENERIC_TIME=y
CONFIG_GENERIC_CMOS_UPDATE=y
CONFIG_CLOCKSOURCE_WATCHDOG=y
CONFIG_GENERIC_CLOCKEVENTS=y
CONFIG_GENERIC_CLOCKEVENTS_BROADCAST=y
CONFIG_LOCKDEP_SUPPORT=y
CONFIG_STACKTRACE_SUPPORT=y
CONFIG_HAVE_LATENCYTOP_SUPPORT=y
CONFIG_FAST_CMPXCHG_LOCAL=y
CONFIG_MMU=y
CONFIG_ZONE_DMA=y
CONFIG_GENERIC_ISA_DMA=y
CONFIG_GENERIC_IOMAP=y
CONFIG_GENERIC_BUG=y
CONFIG_GENERIC_HWEIGHT=y
CONFIG_ARCH_MAY_HAVE_PC_FDC=y
CONFIG_RWSEM_GENERIC_SPINLOCK=y
CONFIG_ARCH_HAS_CPU_IDLE_WAIT=y
CONFIG_GENERIC_CALIBRATE_DELAY=y
CONFIG_GENERIC_TIME_VSYSCALL=y
CONFIG_ARCH_HAS_CPU_RELAX=y
CONFIG_ARCH_HAS_DEFAULT_IDLE=y
CONFIG_ARCH_HAS_CACHE_LINE_SIZE=y
CONFIG_HAVE_SETUP_PER_CPU_AREA=y
CONFIG_HAVE_CPUMASK_OF_CPU_MAP=y
CONFIG_ARCH_HIBERNATION_POSSIBLE=y
CONFIG_ARCH_SUSPEND_POSSIBLE=y
CONFIG_ZONE_DMA32=y
CONFIG_ARCH_POPULATES_NODE_MAP=y
CONFIG_AUDIT_ARCH=y
CONFIG_ARCH_SUPPORTS_OPTIMIZED_INLINING=y
CONFIG_GENERIC_HARDIRQS=y
CONFIG_GENERIC_IRQ_PROBE=y
CONFIG_GENERIC_PENDING_IRQ=y
CONFIG_X86_SMP=y
CONFIG_USE_GENERIC_SMP_HELPERS=y
CONFIG_X86_64_SMP=y
CONFIG_X86_HT=y
CONFIG_X86_BIOS_REBOOT=y
CONFIG_X86_TRAMPOLINE=y
CONFIG_DEFCONFIG_LIST="/lib/modules/$UNAME_RELEASE/.config"
CONFIG_EXPERIMENTAL=y
CONFIG_LOCK_KERNEL=y
CONFIG_INIT_ENV_ARG_LIMIT=32
CONFIG_LOCALVERSION=""
CONFIG_LOCALVERSION_AUTO=y
CONFIG_SWAP=y
CONFIG_SYSVIPC=y
CONFIG_SYSVIPC_SYSCTL=y
CONFIG_IKCONFIG=y
CONFIG_IKCONFIG_PROC=y
CONFIG_LOG_BUF_SHIFT=20
CONFIG_HAVE_UNSTABLE_SCHED_CLOCK=y
CONFIG_SYSFS_DEPRECATED=y
CONFIG_SYSFS_DEPRECATED_V2=y
CONFIG_NAMESPACES=y
CONFIG_BLK_DEV_INITRD=y
CONFIG_INITRAMFS_SOURCE=""
CONFIG_SYSCTL=y
CONFIG_UID16=y
CONFIG_SYSCTL_SYSCALL=y
CONFIG_KALLSYMS=y
CONFIG_KALLSYMS_ALL=y
CONFIG_KALLSYMS_EXTRA_PASS=y
CONFIG_HOTPLUG=y
CONFIG_PRINTK=y
CONFIG_BUG=y
CONFIG_ELF_CORE=y
CONFIG_PCSPKR_PLATFORM=y
CONFIG_COMPAT_BRK=y
CONFIG_BASE_FULL=y
CONFIG_FUTEX=y
CONFIG_ANON_INODES=y
CONFIG_EPOLL=y
CONFIG_SIGNALFD=y
CONFIG_TIMERFD=y
CONFIG_EVENTFD=y
CONFIG_SHMEM=y
CONFIG_AIO=y
CONFIG_VM_EVENT_COUNTERS=y
CONFIG_PCI_QUIRKS=y
CONFIG_SLUB_DEBUG=y
CONFIG_SLUB=y
CONFIG_HAVE_OPROFILE=y
CONFIG_HAVE_EFFICIENT_UNALIGNED_ACCESS=y
CONFIG_HAVE_IOREMAP_PROT=y
CONFIG_HAVE_KPROBES=y
CONFIG_HAVE_KRETPROBES=y
CONFIG_HAVE_ARCH_TRACEHOOK=y
CONFIG_SLABINFO=y
CONFIG_RT_MUTEXES=y
CONFIG_BASE_SMALL=0
CONFIG_MODULES=y
CONFIG_MODULE_UNLOAD=y
CONFIG_KMOD=y
CONFIG_STOP_MACHINE=y
CONFIG_BLOCK=y
CONFIG_BLK_DEV_INTEGRITY=y
CONFIG_BLOCK_COMPAT=y
CONFIG_IOSCHED_NOOP=y
CONFIG_IOSCHED_AS=y
CONFIG_IOSCHED_DEADLINE=y
CONFIG_IOSCHED_CFQ=y
CONFIG_DEFAULT_CFQ=y
CONFIG_DEFAULT_IOSCHED="cfq"
CONFIG_PREEMPT_NOTIFIERS=y
CONFIG_CLASSIC_RCU=y
CONFIG_TICK_ONESHOT=y
CONFIG_NO_HZ=y
CONFIG_HIGH_RES_TIMERS=y
CONFIG_GENERIC_CLOCKEVENTS_BUILD=y
CONFIG_SMP=y
CONFIG_X86_FIND_SMP_CONFIG=y
CONFIG_X86_MPPARSE=y
CONFIG_X86_PC=y
CONFIG_MK8=y
CONFIG_X86_CPU=y
CONFIG_X86_L1_CACHE_BYTES=64
CONFIG_X86_INTERNODE_CACHE_BYTES=64
CONFIG_X86_CMPXCHG=y
CONFIG_X86_L1_CACHE_SHIFT=6
CONFIG_X86_WP_WORKS_OK=y
CONFIG_X86_INTEL_USERCOPY=y
CONFIG_X86_USE_PPRO_CHECKSUM=y
CONFIG_X86_TSC=y
CONFIG_X86_CMPXCHG64=y
CONFIG_X86_CMOV=y
CONFIG_X86_MINIMUM_CPU_FAMILY=64
CONFIG_X86_DEBUGCTLMSR=y
CONFIG_CPU_SUP_INTEL=y
CONFIG_CPU_SUP_AMD=y
CONFIG_CPU_SUP_CENTAUR_64=y
CONFIG_X86_DS=y
CONFIG_X86_PTRACE_BTS=y
CONFIG_HPET_TIMER=y
CONFIG_HPET_EMULATE_RTC=y
CONFIG_DMI=y
CONFIG_GART_IOMMU=y
CONFIG_AMD_IOMMU=y
CONFIG_SWIOTLB=y
CONFIG_IOMMU_HELPER=y
CONFIG_NR_CPUS=8
CONFIG_SCHED_MC=y
CONFIG_PREEMPT_NONE=y
CONFIG_X86_LOCAL_APIC=y
CONFIG_X86_IO_APIC=y
CONFIG_X86_MCE=y
CONFIG_X86_MCE_AMD=y
CONFIG_ARCH_PHYS_ADDR_T_64BIT=y
CONFIG_ARCH_SPARSEMEM_DEFAULT=y
CONFIG_ARCH_SPARSEMEM_ENABLE=y
CONFIG_ARCH_SELECT_MEMORY_MODEL=y
CONFIG_SELECT_MEMORY_MODEL=y
CONFIG_SPARSEMEM_MANUAL=y
CONFIG_SPARSEMEM=y
CONFIG_HAVE_MEMORY_PRESENT=y
CONFIG_SPARSEMEM_EXTREME=y
CONFIG_SPARSEMEM_VMEMMAP_ENABLE=y
CONFIG_SPARSEMEM_VMEMMAP=y
CONFIG_PAGEFLAGS_EXTENDED=y
CONFIG_SPLIT_PTLOCK_CPUS=4
CONFIG_RESOURCES_64BIT=y
CONFIG_PHYS_ADDR_T_64BIT=y
CONFIG_ZONE_DMA_FLAG=1
CONFIG_BOUNCE=y
CONFIG_VIRT_TO_BUS=y
CONFIG_UNEVICTABLE_LRU=y
CONFIG_MMU_NOTIFIER=y
CONFIG_X86_RESERVE_LOW_64K=y
CONFIG_MTRR=y
CONFIG_MTRR_SANITIZER=y
CONFIG_MTRR_SANITIZER_ENABLE_DEFAULT=0
CONFIG_MTRR_SANITIZER_SPARE_REG_NR_DEFAULT=1
CONFIG_X86_PAT=y
CONFIG_SECCOMP=y
CONFIG_HZ_100=y
CONFIG_HZ=100
CONFIG_SCHED_HRTICK=y
CONFIG_PHYSICAL_START=0x200000
CONFIG_PHYSICAL_ALIGN=0x200000
CONFIG_COMPAT_VDSO=y
CONFIG_ARCH_ENABLE_MEMORY_HOTPLUG=y
CONFIG_PM=y
CONFIG_ACPI=y
CONFIG_ACPI_PROCFS_POWER=y
CONFIG_ACPI_SYSFS_POWER=y
CONFIG_ACPI_PROC_EVENT=y
CONFIG_ACPI_BUTTON=y
CONFIG_ACPI_DOCK=y
CONFIG_ACPI_PROCESSOR=y
CONFIG_ACPI_THERMAL=y
CONFIG_ACPI_BLACKLIST_YEAR=0
CONFIG_ACPI_SYSTEM=y
CONFIG_X86_PM_TIMER=y
CONFIG_CPU_FREQ=y
CONFIG_CPU_FREQ_TABLE=y
CONFIG_CPU_FREQ_STAT=y
CONFIG_CPU_FREQ_STAT_DETAILS=y
CONFIG_CPU_FREQ_DEFAULT_GOV_ONDEMAND=y
CONFIG_CPU_FREQ_GOV_PERFORMANCE=y
CONFIG_CPU_FREQ_GOV_POWERSAVE=y
CONFIG_CPU_FREQ_GOV_USERSPACE=y
CONFIG_CPU_FREQ_GOV_ONDEMAND=y
CONFIG_CPU_FREQ_GOV_CONSERVATIVE=y
CONFIG_X86_ACPI_CPUFREQ=m
CONFIG_X86_POWERNOW_K8=m
CONFIG_X86_POWERNOW_K8_ACPI=y
CONFIG_CPU_IDLE=y
CONFIG_CPU_IDLE_GOV_LADDER=y
CONFIG_CPU_IDLE_GOV_MENU=y
CONFIG_PCI=y
CONFIG_PCI_DIRECT=y
CONFIG_PCI_MMCONFIG=y
CONFIG_PCI_DOMAINS=y
CONFIG_PCIEPORTBUS=y
CONFIG_PCIEAER=y
CONFIG_PCIEASPM=y
CONFIG_ARCH_SUPPORTS_MSI=y
CONFIG_PCI_MSI=y
CONFIG_HT_IRQ=y
CONFIG_ISA_DMA_API=y
CONFIG_K8_NB=y
CONFIG_BINFMT_ELF=y
CONFIG_COMPAT_BINFMT_ELF=y
CONFIG_BINFMT_MISC=m
CONFIG_IA32_EMULATION=y
CONFIG_IA32_AOUT=m
CONFIG_COMPAT=y
CONFIG_COMPAT_FOR_U64_ALIGNMENT=y
CONFIG_SYSVIPC_COMPAT=y
CONFIG_NET=y
CONFIG_PACKET=y
CONFIG_UNIX=y
CONFIG_INET=y
CONFIG_IP_MULTICAST=y
CONFIG_IP_FIB_HASH=y
CONFIG_INET_DIAG=y
CONFIG_INET_TCP_DIAG=y
CONFIG_TCP_CONG_CUBIC=y
CONFIG_DEFAULT_TCP_CONG="cubic"
CONFIG_NETFILTER=y
CONFIG_NETFILTER_ADVANCED=y
CONFIG_NETFILTER_NETLINK=m
CONFIG_NF_CONNTRACK=m
CONFIG_NF_CT_ACCT=y
CONFIG_NF_CONNTRACK_MARK=y
CONFIG_NF_CT_PROTO_DCCP=m
CONFIG_NF_CT_PROTO_GRE=m
CONFIG_NF_CT_PROTO_SCTP=m
CONFIG_NF_CT_PROTO_UDPLITE=m
CONFIG_NF_CONNTRACK_AMANDA=m
CONFIG_NF_CONNTRACK_FTP=m
CONFIG_NF_CONNTRACK_H323=m
CONFIG_NF_CONNTRACK_IRC=m
CONFIG_NF_CONNTRACK_NETBIOS_NS=m
CONFIG_NF_CONNTRACK_PPTP=m
CONFIG_NF_CONNTRACK_SANE=m
CONFIG_NF_CONNTRACK_SIP=m
CONFIG_NF_CONNTRACK_TFTP=m
CONFIG_NF_CT_NETLINK=m
CONFIG_NETFILTER_XTABLES=m
CONFIG_NETFILTER_XT_TARGET_CLASSIFY=m
CONFIG_NETFILTER_XT_TARGET_CONNMARK=m
CONFIG_NETFILTER_XT_TARGET_DSCP=m
CONFIG_NETFILTER_XT_TARGET_MARK=m
CONFIG_NETFILTER_XT_TARGET_NFLOG=m
CONFIG_NETFILTER_XT_TARGET_NFQUEUE=m
CONFIG_NETFILTER_XT_TARGET_NOTRACK=m
CONFIG_NETFILTER_XT_TARGET_RATEEST=m
CONFIG_NETFILTER_XT_TARGET_TRACE=m
CONFIG_NETFILTER_XT_TARGET_TCPMSS=m
CONFIG_NETFILTER_XT_TARGET_TCPOPTSTRIP=m
CONFIG_NETFILTER_XT_MATCH_COMMENT=m
CONFIG_NETFILTER_XT_MATCH_CONNBYTES=m
CONFIG_NETFILTER_XT_MATCH_CONNLIMIT=m
CONFIG_NETFILTER_XT_MATCH_CONNMARK=m
CONFIG_NETFILTER_XT_MATCH_CONNTRACK=m
CONFIG_NETFILTER_XT_MATCH_DCCP=m
CONFIG_NETFILTER_XT_MATCH_DSCP=m
CONFIG_NETFILTER_XT_MATCH_ESP=m
CONFIG_NETFILTER_XT_MATCH_HASHLIMIT=m
CONFIG_NETFILTER_XT_MATCH_HELPER=m
CONFIG_NETFILTER_XT_MATCH_IPRANGE=m
CONFIG_NETFILTER_XT_MATCH_LENGTH=m
CONFIG_NETFILTER_XT_MATCH_LIMIT=m
CONFIG_NETFILTER_XT_MATCH_MAC=m
CONFIG_NETFILTER_XT_MATCH_MARK=m
CONFIG_NETFILTER_XT_MATCH_MULTIPORT=m
CONFIG_NETFILTER_XT_MATCH_OWNER=m
CONFIG_NETFILTER_XT_MATCH_PKTTYPE=m
CONFIG_NETFILTER_XT_MATCH_QUOTA=m
CONFIG_NETFILTER_XT_MATCH_RATEEST=m
CONFIG_NETFILTER_XT_MATCH_REALM=m
CONFIG_NETFILTER_XT_MATCH_RECENT=m
CONFIG_NETFILTER_XT_MATCH_SCTP=m
CONFIG_NETFILTER_XT_MATCH_STATE=m
CONFIG_NETFILTER_XT_MATCH_STATISTIC=m
CONFIG_NETFILTER_XT_MATCH_STRING=m
CONFIG_NETFILTER_XT_MATCH_TCPMSS=m
CONFIG_NETFILTER_XT_MATCH_TIME=m
CONFIG_NETFILTER_XT_MATCH_U32=m
CONFIG_NF_DEFRAG_IPV4=m
CONFIG_NF_CONNTRACK_IPV4=m
CONFIG_NF_CONNTRACK_PROC_COMPAT=y
CONFIG_IP_NF_QUEUE=m
CONFIG_IP_NF_IPTABLES=m
CONFIG_IP_NF_MATCH_ADDRTYPE=m
CONFIG_IP_NF_MATCH_AH=m
CONFIG_IP_NF_MATCH_ECN=m
CONFIG_IP_NF_MATCH_TTL=m
CONFIG_IP_NF_FILTER=m
CONFIG_IP_NF_TARGET_REJECT=m
CONFIG_IP_NF_TARGET_LOG=m
CONFIG_IP_NF_TARGET_ULOG=m
CONFIG_NF_NAT=m
CONFIG_NF_NAT_NEEDED=y
CONFIG_IP_NF_TARGET_MASQUERADE=m
CONFIG_IP_NF_TARGET_NETMAP=m
CONFIG_IP_NF_TARGET_REDIRECT=m
CONFIG_NF_NAT_SNMP_BASIC=m
CONFIG_NF_NAT_PROTO_DCCP=m
CONFIG_NF_NAT_PROTO_GRE=m
CONFIG_NF_NAT_PROTO_UDPLITE=m
CONFIG_NF_NAT_PROTO_SCTP=m
CONFIG_NF_NAT_FTP=m
CONFIG_NF_NAT_IRC=m
CONFIG_NF_NAT_TFTP=m
CONFIG_NF_NAT_AMANDA=m
CONFIG_NF_NAT_PPTP=m
CONFIG_NF_NAT_H323=m
CONFIG_NF_NAT_SIP=m
CONFIG_IP_NF_MANGLE=m
CONFIG_IP_NF_TARGET_CLUSTERIP=m
CONFIG_IP_NF_TARGET_ECN=m
CONFIG_IP_NF_TARGET_TTL=m
CONFIG_IP_NF_RAW=m
CONFIG_IP_NF_ARPTABLES=m
CONFIG_IP_NF_ARPFILTER=m
CONFIG_IP_NF_ARP_MANGLE=m
CONFIG_IP_SCTP=m
CONFIG_SCTP_HMAC_MD5=y
CONFIG_NET_SCHED=y
CONFIG_NET_SCH_CBQ=m
CONFIG_NET_SCH_HTB=m
CONFIG_NET_SCH_HFSC=m
CONFIG_NET_SCH_PRIO=m
CONFIG_NET_SCH_RED=m
CONFIG_NET_SCH_SFQ=m
CONFIG_NET_SCH_TEQL=m
CONFIG_NET_SCH_TBF=m
CONFIG_NET_SCH_GRED=m
CONFIG_NET_SCH_DSMARK=m
CONFIG_NET_SCH_NETEM=m
CONFIG_NET_SCH_INGRESS=m
CONFIG_NET_CLS=y
CONFIG_NET_CLS_BASIC=m
CONFIG_NET_CLS_TCINDEX=m
CONFIG_NET_CLS_ROUTE4=m
CONFIG_NET_CLS_ROUTE=y
CONFIG_NET_CLS_FW=m
CONFIG_NET_CLS_U32=m
CONFIG_NET_CLS_FLOW=m
CONFIG_NET_EMATCH=y
CONFIG_NET_EMATCH_STACK=32
CONFIG_NET_EMATCH_CMP=m
CONFIG_NET_EMATCH_NBYTE=m
CONFIG_NET_EMATCH_U32=m
CONFIG_NET_EMATCH_META=m
CONFIG_NET_EMATCH_TEXT=m
CONFIG_NET_CLS_ACT=y
CONFIG_NET_ACT_POLICE=m
CONFIG_NET_ACT_GACT=m
CONFIG_GACT_PROB=y
CONFIG_NET_ACT_MIRRED=m
CONFIG_NET_ACT_IPT=m
CONFIG_NET_ACT_NAT=m
CONFIG_NET_ACT_PEDIT=m
CONFIG_NET_ACT_SIMP=m
CONFIG_NET_ACT_SKBEDIT=m
CONFIG_NET_SCH_FIFO=y
CONFIG_UEVENT_HELPER_PATH="/sbin/hotplug"
CONFIG_STANDALONE=y
CONFIG_PREVENT_FIRMWARE_BUILD=y
CONFIG_FW_LOADER=y
CONFIG_FIRMWARE_IN_KERNEL=y
CONFIG_EXTRA_FIRMWARE=""
CONFIG_PNP=y
CONFIG_PNP_DEBUG_MESSAGES=y
CONFIG_PNPACPI=y
CONFIG_BLK_DEV=y
CONFIG_BLK_DEV_LOOP=y
CONFIG_HAVE_IDE=y
CONFIG_SCSI=y
CONFIG_SCSI_DMA=y
CONFIG_SCSI_PROC_FS=y
CONFIG_BLK_DEV_SD=y
CONFIG_BLK_DEV_SR=y
CONFIG_CHR_DEV_SG=y
CONFIG_SCSI_WAIT_SCAN=m
CONFIG_ATA=y
CONFIG_ATA_ACPI=y
CONFIG_SATA_PMP=y
CONFIG_SATA_AHCI=m
CONFIG_SATA_SIL24=m
CONFIG_ATA_SFF=y
CONFIG_SATA_MV=m
CONFIG_SATA_NV=m
CONFIG_SATA_PROMISE=m
CONFIG_SATA_SIL=m
CONFIG_MD=y
CONFIG_BLK_DEV_MD=y
CONFIG_MD_LINEAR=y
CONFIG_MD_RAID0=y
CONFIG_MD_RAID1=y
CONFIG_MD_RAID10=y
CONFIG_MD_RAID456=y
CONFIG_MD_RAID5_RESHAPE=y
CONFIG_NETDEVICES=y
CONFIG_DUMMY=m
CONFIG_TUN=y
CONFIG_NET_ETHERNET=y
CONFIG_MII=m
CONFIG_NET_PCI=y
CONFIG_FORCEDETH=m
CONFIG_FORCEDETH_NAPI=y
CONFIG_NETDEV_1000=y
CONFIG_R8169=m
CONFIG_PPP=m
CONFIG_PPP_MULTILINK=y
CONFIG_PPP_FILTER=y
CONFIG_PPP_ASYNC=m
CONFIG_PPP_SYNC_TTY=m
CONFIG_PPP_DEFLATE=m
CONFIG_PPP_BSDCOMP=m
CONFIG_PPP_MPPE=m
CONFIG_PPPOE=m
CONFIG_PPPOL2TP=m
CONFIG_SLHC=m
CONFIG_INPUT=y
CONFIG_INPUT_MOUSEDEV=y
CONFIG_INPUT_MOUSEDEV_SCREEN_X=1024
CONFIG_INPUT_MOUSEDEV_SCREEN_Y=768
CONFIG_INPUT_KEYBOARD=y
CONFIG_KEYBOARD_ATKBD=y
CONFIG_SERIO=y
CONFIG_SERIO_I8042=y
CONFIG_SERIO_LIBPS2=y
CONFIG_VT=y
CONFIG_CONSOLE_TRANSLATIONS=y
CONFIG_VT_CONSOLE=y
CONFIG_HW_CONSOLE=y
CONFIG_SERIAL_8250=y
CONFIG_SERIAL_8250_CONSOLE=y
CONFIG_FIX_EARLYCON_MEM=y
CONFIG_SERIAL_8250_PCI=y
CONFIG_SERIAL_8250_PNP=y
CONFIG_SERIAL_8250_NR_UARTS=4
CONFIG_SERIAL_8250_RUNTIME_UARTS=4
CONFIG_SERIAL_CORE=y
CONFIG_SERIAL_CORE_CONSOLE=y
CONFIG_UNIX98_PTYS=y
CONFIG_LEGACY_PTYS=y
CONFIG_LEGACY_PTY_COUNT=256
CONFIG_RTC=y
CONFIG_HPET=y
CONFIG_HPET_MMAP=y
CONFIG_DEVPORT=y
CONFIG_I2C=y
CONFIG_I2C_BOARDINFO=y
CONFIG_I2C_CHARDEV=y
CONFIG_I2C_HELPER_AUTO=y
CONFIG_I2C_ALGOBIT=y
CONFIG_I2C_NFORCE2=m
CONFIG_ARCH_WANT_OPTIONAL_GPIOLIB=y
CONFIG_POWER_SUPPLY=y
CONFIG_HWMON=y
CONFIG_HWMON_VID=m
CONFIG_SENSORS_ADT7475=m
CONFIG_SENSORS_K8TEMP=m
CONFIG_SENSORS_IT87=m
CONFIG_THERMAL=y
CONFIG_SSB_POSSIBLE=y
CONFIG_AGP=y
CONFIG_AGP_AMD64=y
CONFIG_VGASTATE=y
CONFIG_FB=y
CONFIG_FB_DDC=y
CONFIG_FB_CFB_FILLRECT=y
CONFIG_FB_CFB_COPYAREA=y
CONFIG_FB_CFB_IMAGEBLIT=y
CONFIG_FB_MODE_HELPERS=y
CONFIG_FB_NVIDIA=y
CONFIG_FB_NVIDIA_I2C=y
CONFIG_FB_RADEON=y
CONFIG_FB_RADEON_I2C=y
CONFIG_VGA_CONSOLE=y
CONFIG_DUMMY_CONSOLE=y
CONFIG_FRAMEBUFFER_CONSOLE=y
CONFIG_FONT_8x8=y
CONFIG_FONT_8x16=y
CONFIG_LOGO=y
CONFIG_LOGO_LINUX_MONO=y
CONFIG_LOGO_LINUX_VGA16=y
CONFIG_LOGO_LINUX_CLUT224=y
CONFIG_HID_SUPPORT=y
CONFIG_HID=y
CONFIG_HIDRAW=y
CONFIG_USB_HID=m
CONFIG_USB_HIDDEV=y
CONFIG_HID_COMPAT=y
CONFIG_HID_A4TECH=m
CONFIG_HID_APPLE=m
CONFIG_HID_BELKIN=m
CONFIG_HID_BRIGHT=m
CONFIG_HID_CHERRY=m
CONFIG_HID_CHICONY=m
CONFIG_HID_CYPRESS=m
CONFIG_HID_DELL=m
CONFIG_HID_EZKEY=m
CONFIG_HID_GYRATION=m
CONFIG_HID_LOGITECH=m
CONFIG_HID_MICROSOFT=m
CONFIG_HID_MONTEREY=m
CONFIG_HID_PANTHERLORD=m
CONFIG_HID_PETALYNX=m
CONFIG_HID_SAMSUNG=m
CONFIG_HID_SONY=m
CONFIG_HID_SUNPLUS=m
CONFIG_USB_SUPPORT=y
CONFIG_USB_ARCH_HAS_HCD=y
CONFIG_USB_ARCH_HAS_OHCI=y
CONFIG_USB_ARCH_HAS_EHCI=y
CONFIG_USB=m
CONFIG_USB_DEVICEFS=y
CONFIG_USB_DEVICE_CLASS=y
CONFIG_USB_SUSPEND=y
CONFIG_USB_EHCI_HCD=m
CONFIG_USB_OHCI_HCD=m
CONFIG_USB_OHCI_LITTLE_ENDIAN=y
CONFIG_USB_ACM=m
CONFIG_USB_STORAGE=m
CONFIG_USB_LIBUSUAL=y
CONFIG_USB_SERIAL=m
CONFIG_USB_SERIAL_FTDI_SIO=m
CONFIG_USB_SERIAL_PL2303=m
CONFIG_STAGING_EXCLUDE_BUILD=y
CONFIG_FIRMWARE_MEMMAP=y
CONFIG_DMIID=y
CONFIG_EXT2_FS=y
CONFIG_EXT3_FS=y
CONFIG_EXT3_FS_XATTR=y
CONFIG_EXT4_FS=y
CONFIG_EXT4_FS_XATTR=y
CONFIG_JBD=y
CONFIG_JBD2=y
CONFIG_FS_MBCACHE=y
CONFIG_FILE_LOCKING=y
CONFIG_DNOTIFY=y
CONFIG_INOTIFY=y
CONFIG_INOTIFY_USER=y
CONFIG_ISO9660_FS=m
CONFIG_JOLIET=y
CONFIG_ZISOFS=y
CONFIG_UDF_FS=m
CONFIG_UDF_NLS=y
CONFIG_FAT_FS=m
CONFIG_MSDOS_FS=m
CONFIG_VFAT_FS=m
CONFIG_FAT_DEFAULT_CODEPAGE=437
CONFIG_FAT_DEFAULT_IOCHARSET="iso8859-1"
CONFIG_NTFS_FS=m
CONFIG_PROC_FS=y
CONFIG_PROC_SYSCTL=y
CONFIG_PROC_PAGE_MONITOR=y
CONFIG_SYSFS=y
CONFIG_TMPFS=y
CONFIG_CONFIGFS_FS=m
CONFIG_NETWORK_FILESYSTEMS=y
CONFIG_NFS_FS=y
CONFIG_NFS_V3=y
CONFIG_NFSD=y
CONFIG_NFSD_V3=y
CONFIG_LOCKD=y
CONFIG_LOCKD_V4=y
CONFIG_EXPORTFS=y
CONFIG_NFS_COMMON=y
CONFIG_SUNRPC=y
CONFIG_PARTITION_ADVANCED=y
CONFIG_MSDOS_PARTITION=y
CONFIG_EFI_PARTITION=y
CONFIG_NLS=y
CONFIG_NLS_DEFAULT="iso8859-1"
CONFIG_NLS_CODEPAGE_437=y
CONFIG_NLS_ISO8859_1=y
CONFIG_DLM=m
CONFIG_TRACE_IRQFLAGS_SUPPORT=y
CONFIG_PRINTK_TIME=y
CONFIG_ENABLE_WARN_DEPRECATED=y
CONFIG_ENABLE_MUST_CHECK=y
CONFIG_FRAME_WARN=2048
CONFIG_MAGIC_SYSRQ=y
CONFIG_DEBUG_KERNEL=y
CONFIG_DETECT_SOFTLOCKUP=y
CONFIG_BOOTPARAM_SOFTLOCKUP_PANIC_VALUE=0
CONFIG_SCHED_DEBUG=y
CONFIG_SCHEDSTATS=y
CONFIG_TIMER_STATS=y
CONFIG_DEBUG_BUGVERBOSE=y
CONFIG_DEBUG_MEMORY_INIT=y
CONFIG_SYSCTL_SYSCALL_CHECK=y
CONFIG_HAVE_FUNCTION_TRACER=y
CONFIG_HAVE_DYNAMIC_FTRACE=y
CONFIG_HAVE_FTRACE_MCOUNT_RECORD=y
CONFIG_HAVE_ARCH_KGDB=y
CONFIG_X86_VERBOSE_BOOTUP=y
CONFIG_EARLY_PRINTK=y
CONFIG_IO_DELAY_TYPE_0X80=0
CONFIG_IO_DELAY_TYPE_0XED=1
CONFIG_IO_DELAY_TYPE_UDELAY=2
CONFIG_IO_DELAY_TYPE_NONE=3
CONFIG_IO_DELAY_0X80=y
CONFIG_DEFAULT_IO_DELAY_TYPE=0
CONFIG_XOR_BLOCKS=y
CONFIG_ASYNC_CORE=y
CONFIG_ASYNC_MEMCPY=y
CONFIG_ASYNC_XOR=y
CONFIG_CRYPTO=m
CONFIG_CRYPTO_ALGAPI=m
CONFIG_CRYPTO_ALGAPI2=m
CONFIG_CRYPTO_AEAD2=m
CONFIG_CRYPTO_BLKCIPHER=m
CONFIG_CRYPTO_BLKCIPHER2=m
CONFIG_CRYPTO_HASH=m
CONFIG_CRYPTO_HASH2=m
CONFIG_CRYPTO_RNG2=m
CONFIG_CRYPTO_MANAGER=m
CONFIG_CRYPTO_MANAGER2=m
CONFIG_CRYPTO_ECB=m
CONFIG_CRYPTO_HMAC=m
CONFIG_CRYPTO_MD5=m
CONFIG_CRYPTO_SHA1=m
CONFIG_CRYPTO_ARC4=m
CONFIG_CRYPTO_DES=m
CONFIG_HAVE_KVM=y
CONFIG_VIRTUALIZATION=y
CONFIG_KVM=m
CONFIG_KVM_AMD=m
CONFIG_BITREVERSE=y
CONFIG_GENERIC_FIND_FIRST_BIT=y
CONFIG_GENERIC_FIND_NEXT_BIT=y
CONFIG_CRC_CCITT=m
CONFIG_CRC16=y
CONFIG_CRC_T10DIF=y
CONFIG_CRC_ITU_T=y
CONFIG_CRC32=y
CONFIG_LIBCRC32C=m
CONFIG_ZLIB_INFLATE=m
CONFIG_ZLIB_DEFLATE=m
CONFIG_TEXTSEARCH=y
CONFIG_TEXTSEARCH_KMP=m
CONFIG_TEXTSEARCH_BM=m
CONFIG_TEXTSEARCH_FSM=m
CONFIG_PLIST=y
CONFIG_HAS_IOMEM=y
CONFIG_HAS_IOPORT=y
CONFIG_HAS_DMA=y
Regards,
Brad
-- 
Dolphins are so intelligent that within a few weeks they can
train Americans to stand at the edge of the pool and throw them
fish.
[    0.000000] BIOS EBDA/lowmem at: 0009f000/0009f000
[    0.000000] Linux version 2.6.28-rc8-git2 (brad@srv) (gcc version 4.1.2 20061115 (prerelease) (Debian 4.1.1-21)) #14 SMP Sun Dec 14 17:46:05 GST 2008
[    0.000000] Command line: root=/dev/md1 ro 
[    0.000000] KERNEL supported cpus:
[    0.000000]   Intel GenuineIntel
[    0.000000]   AMD AuthenticAMD
[    0.000000]   Centaur CentaurHauls
[    0.000000] BIOS-provided physical RAM map:
[    0.000000]  BIOS-e820: 0000000000000000 - 000000000009f000 (usable)
[    0.000000]  BIOS-e820: 000000000009f000 - 00000000000a0000 (reserved)
[    0.000000]  BIOS-e820: 00000000000f0000 - 0000000000100000 (reserved)
[    0.000000]  BIOS-e820: 0000000000100000 - 00000000dfeb0000 (usable)
[    0.000000]  BIOS-e820: 00000000dfeb0000 - 00000000dfee3000 (ACPI NVS)
[    0.000000]  BIOS-e820: 00000000dfee3000 - 00000000dfef0000 (ACPI data)
[    0.000000]  BIOS-e820: 00000000dfef0000 - 00000000dff00000 (reserved)
[    0.000000]  BIOS-e820: 00000000f0000000 - 00000000f4000000 (reserved)
[    0.000000]  BIOS-e820: 00000000fec00000 - 0000000100000000 (reserved)
[    0.000000]  BIOS-e820: 0000000100000000 - 0000000120000000 (usable)
[    0.000000] DMI 2.4 present.
[    0.000000] Phoenix BIOS detected: BIOS may corrupt low RAM, working it around.
[    0.000000] last_pfn = 0x120000 max_arch_pfn = 0x3ffffffff
[    0.000000] x86 PAT enabled: cpu 0, old 0x7040600070406, new 0x7010600070106
[    0.000000] ------------[ cut here ]------------
[    0.000000] WARNING: at arch/x86/kernel/cpu/mtrr/generic.c:404 generic_get_mtrr+0x118/0x130()
[    0.000000] mtrr: your BIOS has set up an incorrect mask, fixing it up.
[    0.000000] Modules linked in:
[    0.000000] Pid: 0, comm: swapper Not tainted 2.6.28-rc8-git2 #14
[    0.000000] Call Trace:
[    0.000000]  [<ffffffff8023c4bd>] warn_slowpath+0xcd/0x110
[    0.000000]  [<ffffffff8023d3de>] printk+0x4e/0x60
[    0.000000]  [<ffffffff8021bd40>] post_set+0x20/0x40
[    0.000000]  [<ffffffff8021c348>] generic_get_mtrr+0x118/0x130
[    0.000000]  [<ffffffff806dfaaf>] mtrr_trim_uncached_memory+0xcf/0x3a0
[    0.000000]  [<ffffffff806e9337>] early_gart_iommu_check+0xb7/0x2e0
[    0.000000]  [<ffffffff806db203>] setup_arch+0x303/0x690
[    0.000000]  [<ffffffff806d6a8d>] start_kernel+0x5d/0x380
[    0.000000]  [<ffffffff806d63aa>] x86_64_start_kernel+0xca/0xe0
[    0.000000] ---[ end trace 4eaa2a86a8e2da22 ]---
[    0.000000] last_pfn = 0xdfeb0 max_arch_pfn = 0x3ffffffff
[    0.000000] init_memory_mapping: 0000000000000000-00000000dfeb0000
[    0.000000]  0000000000 - 00dfe00000 page 2M
[    0.000000]  00dfe00000 - 00dfeb0000 page 4k
[    0.000000] kernel direct mapping tables up to dfeb0000 @ 10000-16000
[    0.000000] last_map_addr: dfeb0000 end: dfeb0000
[    0.000000] init_memory_mapping: 0000000100000000-0000000120000000
[    0.000000]  0100000000 - 0120000000 page 2M
[    0.000000] kernel direct mapping tables up to 120000000 @ 14000-1a000
[    0.000000] last_map_addr: 120000000 end: 120000000
[    0.000000] RAMDISK: 37dbb000 - 37fefe98
[    0.000000] ACPI: RSDP 000F7F20, 0024 (r2 Nvidia)
[    0.000000] ACPI: XSDT DFEE3100, 0054 (r1 Nvidia ASUSACPI 42302E31 AWRD        0)
[    0.000000] ACPI: FACP DFEEB480, 00F4 (r3 Nvidia ASUSACPI 42302E31 AWRD        0)
[    0.000000] FADT: X_PM1a_EVT_BLK.bit_width (8) does not match PM1_EVT_LEN (4)
[    0.000000] ACPI: DSDT DFEE3280, 8189 (r1 NVIDIA AWRDACPI     1000 MSFT  3000000)
[    0.000000] ACPI: FACS DFEB0000, 0040
[    0.000000] ACPI: TCPA DFEEB6C0, 0032 (r1    HTC  HTCACPI 42302E31 AWRD        0)
[    0.000000] ACPI: SSDT DFEEB740, 0544 (r1 PTLTD  POWERNOW        1  LTP        1)
[    0.000000] ACPI: HPET DFEEBD00, 0038 (r1 Nvidia ASUSACPI 42302E31 AWRD       98)
[    0.000000] ACPI: MCFG DFEEBD80, 003C (r1 Nvidia ASUSACPI 42302E31 AWRD        0)
[    0.000000] ACPI: APIC DFEEB5C0, 0098 (r1 Nvidia ASUSACPI 42302E31 AWRD        0)
[    0.000000] ACPI: Local APIC address 0xfee00000
[    0.000000] (7 early reservations) ==> bootmem [0000000000 - 0120000000]
[    0.000000]   #0 [0000000000 - 0000001000]   BIOS data page ==> [0000000000 - 0000001000]
[    0.000000]   #1 [0000006000 - 0000008000]       TRAMPOLINE ==> [0000006000 - 0000008000]
[    0.000000]   #2 [0000200000 - 00008966c8]    TEXT DATA BSS ==> [0000200000 - 00008966c8]
[    0.000000]   #3 [0037dbb000 - 0037fefe98]          RAMDISK ==> [0037dbb000 - 0037fefe98]
[    0.000000]   #4 [000009f000 - 0000100000]    BIOS reserved ==> [000009f000 - 0000100000]
[    0.000000]   #5 [0000010000 - 0000014000]          PGTABLE ==> [0000010000 - 0000014000]
[    0.000000]   #6 [0000014000 - 0000015000]          PGTABLE ==> [0000014000 - 0000015000]
[    0.000000] found SMP MP-table at [ffff8800000f6040] 000f6040
[    0.000000]  [ffffe20000000000-ffffe20003ffffff] PMD -> [ffff880028200000-ffff88002c1fffff] on node 0
[    0.000000] Zone PFN ranges:
[    0.000000]   DMA      0x00000010 -> 0x00001000
[    0.000000]   DMA32    0x00001000 -> 0x00100000
[    0.000000]   Normal   0x00100000 -> 0x00120000
[    0.000000] Movable zone start PFN for each node
[    0.000000] early_node_map[3] active PFN ranges
[    0.000000]     0: 0x00000010 -> 0x0000009f
[    0.000000]     0: 0x00000100 -> 0x000dfeb0
[    0.000000]     0: 0x00100000 -> 0x00120000
[    0.000000] On node 0 totalpages: 1048127
[    0.000000]   DMA zone: 56 pages used for memmap
[    0.000000]   DMA zone: 1793 pages reserved
[    0.000000]   DMA zone: 2134 pages, LIFO batch:0
[    0.000000]   DMA32 zone: 14280 pages used for memmap
[    0.000000]   DMA32 zone: 898792 pages, LIFO batch:31
[    0.000000]   Normal zone: 1792 pages used for memmap
[    0.000000]   Normal zone: 129280 pages, LIFO batch:31
[    0.000000]   Movable zone: 0 pages used for memmap
[    0.000000] ACPI: PM-Timer IO Port: 0x1008
[    0.000000] ACPI: Local APIC address 0xfee00000
[    0.000000] ACPI: LAPIC (acpi_id[0x00] lapic_id[0x00] enabled)
[    0.000000] ACPI: LAPIC (acpi_id[0x01] lapic_id[0x01] enabled)
[    0.000000] ACPI: LAPIC (acpi_id[0x02] lapic_id[0x02] enabled)
[    0.000000] ACPI: LAPIC (acpi_id[0x03] lapic_id[0x03] enabled)
[    0.000000] ACPI: LAPIC_NMI (acpi_id[0x00] high edge lint[0x1])
[    0.000000] ACPI: LAPIC_NMI (acpi_id[0x01] high edge lint[0x1])
[    0.000000] ACPI: LAPIC_NMI (acpi_id[0x02] high edge lint[0x1])
[    0.000000] ACPI: LAPIC_NMI (acpi_id[0x03] high edge lint[0x1])
[    0.000000] ACPI: IOAPIC (id[0x04] address[0xfec00000] gsi_base[0])
[    0.000000] IOAPIC[0]: apic_id 4, version 0, address 0xfec00000, GSI 0-23
[    0.000000] ACPI: INT_SRC_OVR (bus 0 bus_irq 0 global_irq 2 dfl dfl)
[    0.000000] ACPI: INT_SRC_OVR (bus 0 bus_irq 9 global_irq 9 high level)
[    0.000000] ACPI: INT_SRC_OVR (bus 0 bus_irq 14 global_irq 14 high edge)
[    0.000000] ACPI: INT_SRC_OVR (bus 0 bus_irq 15 global_irq 15 high edge)
[    0.000000] ACPI: IRQ0 used by override.
[    0.000000] ACPI: IRQ2 used by override.
[    0.000000] ACPI: IRQ9 used by override.
[    0.000000] ACPI: IRQ14 used by override.
[    0.000000] ACPI: IRQ15 used by override.
[    0.000000] ACPI: HPET id: 0x10de8201 base: 0xfefff000
[    0.000000] Using ACPI (MADT) for SMP configuration information
[    0.000000] SMP: Allowing 4 CPUs, 0 hotplug CPUs
[    0.000000] Allocating PCI resources starting at e0000000 (gap: dff00000:10100000)
[    0.000000] PERCPU: Allocating 49152 bytes of per cpu data
[    0.000000] NR_CPUS: 8, nr_cpu_ids: 4, nr_node_ids 1
[    0.000000] Built 1 zonelists in Zone order, mobility grouping on.  Total pages: 1030206
[    0.000000] Kernel command line: root=/dev/md1 ro 
[    0.000000] Initializing CPU#0
[    0.000000] PID hash table entries: 4096 (order: 12, 32768 bytes)
[    0.000000] Extended CMOS year: 2000
[    0.000000] Fast TSC calibration using PIT
[    0.000000] Detected 2410.247 MHz processor.
[    0.010000] spurious 8259A interrupt: IRQ7.
[    0.010000] Console: colour VGA+ 80x25
[    0.010000] console [tty0] enabled
[    0.010000] Dentry cache hash table entries: 524288 (order: 10, 4194304 bytes)
[    0.010000] Inode-cache hash table entries: 262144 (order: 9, 2097152 bytes)
[    0.010000] Checking aperture...
[    0.010000] No AGP bridge found
[    0.010000] Node 0: aperture @ 252000000 size 32 MB
[    0.010000] Aperture beyond 4GB. Ignoring.
[    0.010000] Your BIOS doesn't leave a aperture memory hole
[    0.010000] Please enable the IOMMU option in the BIOS setup
[    0.010000] This costs you 64 MB of RAM
[    0.010000] Mapping aperture over 65536 KB of RAM @ 20000000
[    0.010000] Memory: 4044996k/4718592k available (3203k kernel code, 526084k absent, 146612k reserved, 1583k data, 400k init)
[    0.010000] SLUB: Genslabs=12, HWalign=64, Order=0-3, MinObjects=0, CPUs=4, Nodes=1
[    0.010000] hpet clockevent registered
[    0.010000] HPET: 3 timers in total, 0 timers will be used for per-cpu timer
[    0.010000] Calibrating delay loop (skipped), value calculated using timer frequency.. 4820.48 BogoMIPS (lpj=24102440)
[    0.010000] Mount-cache hash table entries: 256
[    0.010000] CPU: L1 I Cache: 64K (64 bytes/line), D cache 64K (64 bytes/line)
[    0.010000] CPU: L2 Cache: 512K (64 bytes/line)
[    0.010000] tseg: 00dff00000
[    0.010000] CPU: Physical Processor ID: 0
[    0.010000] CPU: Processor Core ID: 0
[    0.010000] using C1E aware idle routine
[    0.010000] Freeing SMP alternatives: 29k freed
[    0.010000] ACPI: Core revision 20080926
[    0.014418] Setting APIC routing to flat
[    0.014956] ..TIMER: vector=0x30 apic1=0 pin1=2 apic2=-1 pin2=-1
[    0.115000] CPU0: AMD Phenom(tm) 9750 Quad-Core Processor stepping 03
[    0.120000] Booting processor 1 APIC 0x1 ip 0x6000
[    0.010000] Initializing CPU#1
[    0.010000] Calibrating delay using timer specific routine.. 4822.39 BogoMIPS (lpj=24111967)
[    0.010000] CPU: L1 I Cache: 64K (64 bytes/line), D cache 64K (64 bytes/line)
[    0.010000] CPU: L2 Cache: 512K (64 bytes/line)
[    0.010000] CPU: Physical Processor ID: 0
[    0.010000] CPU: Processor Core ID: 1
[    0.010000] x86 PAT enabled: cpu 1, old 0x7040600070406, new 0x7010600070106
[    0.270590] CPU1: AMD Phenom(tm) 9750 Quad-Core Processor stepping 03
[    0.271070] checking TSC synchronization [CPU#0 -> CPU#1]: passed.
[    0.280045] Booting processor 2 APIC 0x2 ip 0x6000
[    0.010000] Initializing CPU#2
[    0.010000] Calibrating delay using timer specific routine.. 4822.28 BogoMIPS (lpj=24111406)
[    0.010000] CPU: L1 I Cache: 64K (64 bytes/line), D cache 64K (64 bytes/line)
[    0.010000] CPU: L2 Cache: 512K (64 bytes/line)
[    0.010000] CPU: Physical Processor ID: 0
[    0.010000] CPU: Processor Core ID: 2
[    0.010000] x86 PAT enabled: cpu 2, old 0x7040600070406, new 0x7010600070106
[    0.440624] CPU2: AMD Phenom(tm) 9750 Quad-Core Processor stepping 03
[    0.441107] checking TSC synchronization [CPU#0 -> CPU#2]: passed.
[    0.450043] Booting processor 3 APIC 0x3 ip 0x6000
[    0.010000] Initializing CPU#3
[    0.010000] Calibrating delay using timer specific routine.. 4822.28 BogoMIPS (lpj=24111426)
[    0.010000] CPU: L1 I Cache: 64K (64 bytes/line), D cache 64K (64 bytes/line)
[    0.010000] CPU: L2 Cache: 512K (64 bytes/line)
[    0.010000] CPU: Physical Processor ID: 0
[    0.010000] CPU: Processor Core ID: 3
[    0.010000] x86 PAT enabled: cpu 3, old 0x7040600070406, new 0x7010600070106
[    0.610546] CPU3: AMD Phenom(tm) 9750 Quad-Core Processor stepping 03
[    0.611010] checking TSC synchronization [CPU#0 -> CPU#3]: passed.
[    0.620011] Brought up 4 CPUs
[    0.620062] Total of 4 processors activated (19287.44 BogoMIPS).
[    0.620201] CPU0 attaching sched-domain:
[    0.620203]  domain 0: span 0-3 level CPU
[    0.620205]   groups: 0 1 2 3
[    0.620209] CPU1 attaching sched-domain:
[    0.620210]  domain 0: span 0-3 level CPU
[    0.620212]   groups: 1 2 3 0
[    0.620214] CPU2 attaching sched-domain:
[    0.620216]  domain 0: span 0-3 level CPU
[    0.620217]   groups: 2 3 0 1
[    0.620219] CPU3 attaching sched-domain:
[    0.620220]  domain 0: span 0-3 level CPU
[    0.620222]   groups: 3 0 1 2
[    0.620286] net_namespace: 936 bytes
[    0.620286] xor: automatically using best checksumming function: generic_sse
[    0.670001]    generic_sse:  9524.000 MB/sec
[    0.670053] xor: using function: generic_sse (9524.000 MB/sec)
[    0.670132] NET: Registered protocol family 16
[    0.671591] node 0 link 0: io port [5000, ffff]
[    0.671591] TOM: 00000000e0000000 aka 3584M
[    0.671591] Fam 10h mmconf [f0000000, f00fffff]
[    0.671591] node 0 link 0: mmio [a0000, bffff]
[    0.671591] node 0 link 0: mmio [e0000000, efffffff]
[    0.671591] node 0 link 0: mmio [f4000000, fe02ffff]
[    0.671591] node 0 link 0: mmio [f0000000, f09fffff] ==> [f0100000, f09fffff]
[    0.671591] TOM2: 0000000120000000 aka 4608M
[    0.671591] bus: [00,09] on node 0 link 0
[    0.671591] bus: 00 index 0 io port: [0, ffff]
[    0.671591] bus: 00 index 1 mmio: [a0000, bffff]
[    0.671591] bus: 00 index 2 mmio: [e0000000, efffffff]
[    0.671591] bus: 00 index 3 mmio: [f0a00000, ffffffff]
[    0.671591] bus: 00 index 4 mmio: [f0100000, f09fffff]
[    0.671591] bus: 00 index 5 mmio: [120000000, fcffffffff]
[    0.671591] ACPI: bus type pci registered
[    0.671591] PCI: MCFG configuration 0: base f0000000 segment 0 buses 0 - 63
[    0.671591] PCI: MCFG area at f0000000 reserved in E820
[    0.672131] PCI: Using MMCONFIG at f0000000 - f3ffffff
[    0.672178] PCI: Using configuration type 1 for base access
[    0.672247] ACPI: EC: Look up EC in DSDT
[    0.687612] ACPI: Interpreter enabled
[    0.687668] ACPI: (supports S0 S5)
[    0.687778] ACPI: Using IOAPIC for interrupt routing
[    0.690876] ACPI: No dock devices found.
[    0.690876] ACPI: PCI Root Bridge [PCI0] (0000:00)
[    0.690876] pci 0000:00:04.0: PME# supported from D0 D1 D2 D3hot D3cold
[    0.690876] pci 0000:00:04.0: PME# disabled
[    0.690876] pci 0000:00:09.1: reg 20 io port: [0x1c00-0x1c3f]
[    0.690876] pci 0000:00:09.1: reg 24 io port: [0x1c40-0x1c7f]
[    0.690876] pci 0000:00:09.1: PME# supported from D3hot D3cold
[    0.690876] pci 0000:00:09.1: PME# disabled
[    0.690876] pci 0000:00:0a.0: reg 10 32bit mmio: [0xfe02f000-0xfe02ffff]
[    0.690876] pci 0000:00:0a.0: supports D1 D2
[    0.690876] pci 0000:00:0a.0: PME# supported from D0 D1 D2 D3hot D3cold
[    0.690876] pci 0000:00:0a.0: PME# disabled
[    0.690876] pci 0000:00:0a.1: reg 10 32bit mmio: [0xfe02e000-0xfe02e0ff]
[    0.690876] pci 0000:00:0a.1: supports D1 D2
[    0.690876] pci 0000:00:0a.1: PME# supported from D0 D1 D2 D3hot D3cold
[    0.690876] pci 0000:00:0a.1: PME# disabled
[    0.690877] pci 0000:00:0c.0: reg 20 io port: [0xf400-0xf40f]
[    0.690902] pci 0000:00:0d.0: reg 10 io port: [0x9f0-0x9f7]
[    0.690905] pci 0000:00:0d.0: reg 14 io port: [0xbf0-0xbf3]
[    0.690908] pci 0000:00:0d.0: reg 18 io port: [0x970-0x977]
[    0.690911] pci 0000:00:0d.0: reg 1c io port: [0xb70-0xb73]
[    0.690915] pci 0000:00:0d.0: reg 20 io port: [0xe000-0xe00f]
[    0.690918] pci 0000:00:0d.0: reg 24 32bit mmio: [0xfe02d000-0xfe02dfff]
[    0.690943] pci 0000:00:0d.1: reg 10 io port: [0x9e0-0x9e7]
[    0.690946] pci 0000:00:0d.1: reg 14 io port: [0xbe0-0xbe3]
[    0.690949] pci 0000:00:0d.1: reg 18 io port: [0x960-0x967]
[    0.690953] pci 0000:00:0d.1: reg 1c io port: [0xb60-0xb63]
[    0.690956] pci 0000:00:0d.1: reg 20 io port: [0xcc00-0xcc0f]
[    0.690959] pci 0000:00:0d.1: reg 24 32bit mmio: [0xfe02c000-0xfe02cfff]
[    0.690984] pci 0000:00:0d.2: reg 10 io port: [0xc800-0xc807]
[    0.690987] pci 0000:00:0d.2: reg 14 io port: [0xc400-0xc403]
[    0.690990] pci 0000:00:0d.2: reg 18 io port: [0xc000-0xc007]
[    0.690993] pci 0000:00:0d.2: reg 1c io port: [0xbc00-0xbc03]
[    0.690996] pci 0000:00:0d.2: reg 20 io port: [0xb800-0xb80f]
[    0.690999] pci 0000:00:0d.2: reg 24 32bit mmio: [0xfe02b000-0xfe02bfff]
[    0.691050] pci 0000:00:0e.1: reg 10 32bit mmio: [0xfe020000-0xfe023fff]
[    0.691066] pci 0000:00:0e.1: PME# supported from D3hot D3cold
[    0.691116] pci 0000:00:0e.1: PME# disabled
[    0.691202] pci 0000:00:10.0: reg 10 32bit mmio: [0xfe02a000-0xfe02afff]
[    0.691205] pci 0000:00:10.0: reg 14 io port: [0xb400-0xb407]
[    0.691208] pci 0000:00:10.0: reg 18 32bit mmio: [0xfe029000-0xfe0290ff]
[    0.691211] pci 0000:00:10.0: reg 1c 32bit mmio: [0xfe028000-0xfe02800f]
[    0.700011] pci 0000:00:10.0: supports D1 D2
[    0.700012] pci 0000:00:10.0: PME# supported from D0 D1 D2 D3hot D3cold
[    0.700064] pci 0000:00:10.0: PME# disabled
[    0.700145] pci 0000:00:11.0: reg 10 32bit mmio: [0xfe027000-0xfe027fff]
[    0.700149] pci 0000:00:11.0: reg 14 io port: [0xb000-0xb007]
[    0.700152] pci 0000:00:11.0: reg 18 32bit mmio: [0xfe026000-0xfe0260ff]
[    0.700155] pci 0000:00:11.0: reg 1c 32bit mmio: [0xfe025000-0xfe02500f]
[    0.700166] pci 0000:00:11.0: supports D1 D2
[    0.700167] pci 0000:00:11.0: PME# supported from D0 D1 D2 D3hot D3cold
[    0.700219] pci 0000:00:11.0: PME# disabled
[    0.700299] pci 0000:00:12.0: PME# supported from D0 D1 D2 D3hot D3cold
[    0.700350] pci 0000:00:12.0: PME# disabled
[    0.700430] pci 0000:00:14.0: PME# supported from D0 D1 D2 D3hot D3cold
[    0.700480] pci 0000:00:14.0: PME# disabled
[    0.700561] pci 0000:00:15.0: PME# supported from D0 D1 D2 D3hot D3cold
[    0.700612] pci 0000:00:15.0: PME# disabled
[    0.700690] pci 0000:00:16.0: PME# supported from D0 D1 D2 D3hot D3cold
[    0.700741] pci 0000:00:16.0: PME# disabled
[    0.700820] pci 0000:00:17.0: PME# supported from D0 D1 D2 D3hot D3cold
[    0.700870] pci 0000:00:17.0: PME# disabled
[    0.701009] pci 0000:01:00.0: reg 10 64bit mmio: [0xfde00000-0xfdefffff]
[    0.701013] pci 0000:01:00.0: reg 18 io port: [0xac00-0xacff]
[    0.701025] pci 0000:01:00.0: reg 30 32bit mmio: [0xfdd00000-0xfddfffff]
[    0.701043] pci 0000:01:00.0: disabling ASPM on pre-1.1 PCIe device.  You can enable it with 'pcie_aspm=force'
[    0.701138] pci 0000:00:04.0: bridge io port: [0xa000-0xafff]
[    0.701140] pci 0000:00:04.0: bridge 32bit mmio: [0xfdd00000-0xfdefffff]
[    0.701166] pci 0000:02:06.0: reg 10 32bit mmio: [0xe8000000-0xefffffff]
[    0.701171] pci 0000:02:06.0: reg 14 io port: [0x9c00-0x9cff]
[    0.701175] pci 0000:02:06.0: reg 18 32bit mmio: [0xfdfe0000-0xfdfeffff]
[    0.701188] pci 0000:02:06.0: reg 30 32bit mmio: [0xfdfc0000-0xfdfdffff]
[    0.701195] pci 0000:02:06.0: supports D1 D2
[    0.701219] pci 0000:02:0b.0: reg 10 32bit mmio: [0xfdfff000-0xfdfff7ff]
[    0.701224] pci 0000:02:0b.0: reg 14 32bit mmio: [0xfdff8000-0xfdffbfff]
[    0.701245] pci 0000:02:0b.0: supports D1 D2
[    0.701246] pci 0000:02:0b.0: PME# supported from D0 D1 D2 D3hot
[    0.701297] pci 0000:02:0b.0: PME# disabled
[    0.701360] pci 0000:00:0e.0: transparent bridge
[    0.701411] pci 0000:00:0e.0: bridge io port: [0x9000-0x9fff]
[    0.701418] pci 0000:00:0e.0: bridge 32bit mmio: [0xfdf00000-0xfdffffff]
[    0.701421] pci 0000:00:0e.0: bridge 32bit mmio pref: [0xe8000000-0xefffffff]
[    0.701462] pci 0000:03:00.0: supports D1
[    0.701464] pci 0000:03:00.0: PME# supported from D0 D1 D3hot D3cold
[    0.701515] pci 0000:03:00.0: PME# disabled
[    0.701601] pci 0000:03:00.1: reg 10 64bit mmio: [0xfdcff000-0xfdcff07f]
[    0.701616] pci 0000:03:00.1: supports D1
[    0.701617] pci 0000:03:00.1: PME# supported from D0 D1 D3hot D3cold
[    0.701669] pci 0000:03:00.1: PME# disabled
[    0.701738] pci 0000:03:00.0: disabling ASPM on pre-1.1 PCIe device.  You can enable it with 'pcie_aspm=force'
[    0.701847] pci 0000:00:12.0: bridge 32bit mmio: [0xfdc00000-0xfdcfffff]
[    0.702012] pci 0000:06:00.0: reg 10 64bit mmio: [0xfdbff000-0xfdbff07f]
[    0.702024] pci 0000:06:00.0: reg 18 64bit mmio: [0xfdbf8000-0xfdbfbfff]
[    0.702031] pci 0000:06:00.0: reg 20 io port: [0x8c00-0x8c7f]
[    0.702044] pci 0000:06:00.0: reg 30 32bit mmio: [0xfdb00000-0xfdb7ffff]
[    0.702054] pci 0000:06:00.0: supports D1 D2
[    0.702080] pci 0000:06:00.0: disabling ASPM on pre-1.1 PCIe device.  You can enable it with 'pcie_aspm=force'
[    0.702175] pci 0000:00:14.0: bridge io port: [0x8000-0x8fff]
[    0.702177] pci 0000:00:14.0: bridge 32bit mmio: [0xfdb00000-0xfdbfffff]
[    0.702222] pci 0000:07:00.0: reg 10 io port: [0x7c00-0x7cff]
[    0.702237] pci 0000:07:00.0: reg 18 64bit mmio: [0xfdaff000-0xfdafffff]
[    0.702252] pci 0000:07:00.0: reg 30 32bit mmio: [0xfdac0000-0xfdadffff]
[    0.702261] pci 0000:07:00.0: supports D1 D2
[    0.702262] pci 0000:07:00.0: PME# supported from D1 D2 D3hot D3cold
[    0.702314] pci 0000:07:00.0: PME# disabled
[    0.702385] pci 0000:07:00.0: disabling ASPM on pre-1.1 PCIe device.  You can enable it with 'pcie_aspm=force'
[    0.702479] pci 0000:00:15.0: bridge io port: [0x7000-0x7fff]
[    0.702488] pci 0000:00:15.0: bridge 32bit mmio: [0xfda00000-0xfdafffff]
[    0.702518] pci 0000:08:00.0: reg 10 io port: [0x6c00-0x6c07]
[    0.702523] pci 0000:08:00.0: reg 14 io port: [0x6800-0x6803]
[    0.702529] pci 0000:08:00.0: reg 18 io port: [0x6400-0x643f]
[    0.702538] pci 0000:08:00.0: reg 20 io port: [0x6000-0x601f]
[    0.702543] pci 0000:08:00.0: reg 24 32bit mmio: [0xfd9ff000-0xfd9ff3ff]
[    0.702548] pci 0000:08:00.0: reg 30 32bit mmio: [0xfd980000-0xfd9bffff]
[    0.702556] pci 0000:08:00.0: supports D1
[    0.702557] pci 0000:08:00.0: PME# supported from D0 D1 D3hot
[    0.702607] pci 0000:08:00.0: PME# disabled
[    0.702673] pci 0000:08:00.0: disabling ASPM on pre-1.1 PCIe device.  You can enable it with 'pcie_aspm=force'
[    0.702771] pci 0000:00:16.0: bridge io port: [0x6000-0x6fff]
[    0.702780] pci 0000:00:16.0: bridge 32bit mmio: [0xfd900000-0xfd9fffff]
[    0.702810] pci 0000:09:00.0: reg 10 64bit mmio: [0xfd800000-0xfd8fffff]
[    0.702815] pci 0000:09:00.0: reg 18 io port: [0x5c00-0x5cff]
[    0.702829] pci 0000:09:00.0: reg 30 32bit mmio: [0xfd700000-0xfd7fffff]
[    0.702850] pci 0000:09:00.0: disabling ASPM on pre-1.1 PCIe device.  You can enable it with 'pcie_aspm=force'
[    0.702944] pci 0000:00:17.0: bridge io port: [0x5000-0x5fff]
[    0.702953] pci 0000:00:17.0: bridge 32bit mmio: [0xfd700000-0xfd8fffff]
[    0.702967] bus 00 -> node 0
[    0.702972] ACPI: PCI Interrupt Routing Table [\_SB_.PCI0._PRT]
[    0.703495] ACPI: PCI Interrupt Routing Table [\_SB_.PCI0.HUB0._PRT]
[    0.782574] ACPI: PCI Interrupt Link [LNK1] (IRQs 5 7 9 10 11 14 15) *0, disabled.
[    0.782574] ACPI: PCI Interrupt Link [LNK2] (IRQs 5 7 9 10 11 14 15) *0, disabled.
[    0.782574] ACPI: PCI Interrupt Link [LNK3] (IRQs 5 7 9 10 11 14 15) *0, disabled.
[    0.782574] ACPI: PCI Interrupt Link [LNK4] (IRQs 5 7 9 *10 11 14 15)
[    0.782574] ACPI: PCI Interrupt Link [LNK5] (IRQs 5 7 9 *10 11 14 15)
[    0.790079] ACPI: PCI Interrupt Link [LNK6] (IRQs 5 7 9 10 *11 14 15)
[    0.790543] ACPI: PCI Interrupt Link [LNK7] (IRQs *5 7 9 10 11 14 15)
[    0.791010] ACPI: PCI Interrupt Link [LNK8] (IRQs 5 7 9 10 *11 14 15)
[    0.791474] ACPI: PCI Interrupt Link [LP2P] (IRQs 5 7 9 10 11 14 15) *0, disabled.
[    0.792001] ACPI: PCI Interrupt Link [LUBA] (IRQs 5 *7 9 10 11 14 15)
[    0.792463] ACPI: PCI Interrupt Link [LMAC] (IRQs 5 7 9 10 *11 14 15)
[    0.792925] ACPI: PCI Interrupt Link [LMC1] (IRQs *5 7 9 10 11 14 15)
[    0.793396] ACPI: PCI Interrupt Link [LAZA] (IRQs 5 7 9 *10 11 14 15)
[    0.793856] ACPI: PCI Interrupt Link [LPMU] (IRQs 5 7 9 10 11 14 15) *0, disabled.
[    0.794385] ACPI: PCI Interrupt Link [LSMB] (IRQs 5 7 9 *10 11 14 15)
[    0.794846] ACPI: PCI Interrupt Link [LUB2] (IRQs *5 7 9 10 11 14 15)
[    0.795315] ACPI: PCI Interrupt Link [LIDE] (IRQs 5 7 9 10 11 14 15) *0, disabled.
[    0.795841] ACPI: PCI Interrupt Link [LSID] (IRQs *5 7 9 10 11 14 15)
[    0.796303] ACPI: PCI Interrupt Link [LFID] (IRQs *5 7 9 10 11 14 15)
[    0.796763] ACPI: PCI Interrupt Link [LSA2] (IRQs *5 7 9 10 11 14 15)
[    0.797276] ACPI: PCI Interrupt Link [APC1] (IRQs 16) *0, disabled.
[    0.797678] ACPI: PCI Interrupt Link [APC2] (IRQs 17) *0, disabled.
[    0.798073] ACPI: PCI Interrupt Link [APC3] (IRQs 18) *0, disabled.
[    0.798463] ACPI: PCI Interrupt Link [APC4] (IRQs 19) *0
[    0.798831] ACPI: PCI Interrupt Link [APC5] (IRQs 16) *0
[    0.799201] ACPI: PCI Interrupt Link [APC6] (IRQs 16) *0
[    0.799569] ACPI: PCI Interrupt Link [APC7] (IRQs 16) *0
[    0.799939] ACPI: PCI Interrupt Link [APC8] (IRQs 16) *0
[    0.800308] ACPI: PCI Interrupt Link [APCF] (IRQs 20 21 22 23) *0
[    0.800758] ACPI: PCI Interrupt Link [APCH] (IRQs 20 21 22 23) *0
[    0.801196] ACPI: PCI Interrupt Link [AMC1] (IRQs 20 21 22 23) *0
[    0.801638] ACPI: PCI Interrupt Link [APMU] (IRQs 20 21 22 23) *0, disabled.
[    0.802111] ACPI: PCI Interrupt Link [AAZA] (IRQs 20 21 22 23) *0
[    0.802551] ACPI: PCI Interrupt Link [APCS] (IRQs 20 21 22 23) *0
[    0.802994] ACPI: PCI Interrupt Link [APCL] (IRQs 20 21 22 23) *0
[    0.803437] ACPI: PCI Interrupt Link [APCM] (IRQs 20 21 22 23) *0, disabled.
[    0.803906] ACPI: PCI Interrupt Link [APCZ] (IRQs 20 21 22 23) *0, disabled.
[    0.804381] ACPI: PCI Interrupt Link [APSI] (IRQs 20 21 22 23) *0
[    0.804819] ACPI: PCI Interrupt Link [APSJ] (IRQs 20 21 22 23) *0
[    0.805262] ACPI: PCI Interrupt Link [ASA2] (IRQs 20 21 22 23) *0
[    0.805543] SCSI subsystem initialized
[    0.805543] libata version 3.00 loaded.
[    0.805543] PCI: Using ACPI for IRQ routing
[    0.840179] PCI-DMA: Disabling AGP.
[    0.840286] PCI-DMA: aperture base @ 20000000 size 65536 KB
[    0.840286] PCI-DMA: using GART IOMMU.
[    0.840286] PCI-DMA: Reserving 64MB of IOMMU area in the AGP aperture
[    0.841644] hpet0: at MMIO 0xfefff000, IRQs 2, 8, 31
[    0.841800] hpet0: 3 comparators, 32-bit 25.000000 MHz counter
[    0.870008] Switched to high resolution mode on CPU 0
[    0.871115] Switched to high resolution mode on CPU 3
[    0.871172] Switched to high resolution mode on CPU 1
[    0.871209] Switched to high resolution mode on CPU 2
[    0.890023] pnp: PnP ACPI init
[    0.890085] ACPI: bus type pnp registered
[    0.895774] pnp: PnP ACPI: found 13 devices
[    0.895825] ACPI: ACPI bus type pnp unregistered
[    0.895885] system 00:01: ioport range 0x1000-0x107f has been reserved
[    0.895941] system 00:01: ioport range 0x1080-0x10ff has been reserved
[    0.895991] system 00:01: ioport range 0x1400-0x147f has been reserved
[    0.896050] system 00:01: ioport range 0x1480-0x14ff has been reserved
[    0.896106] system 00:01: ioport range 0x1800-0x187f has been reserved
[    0.896161] system 00:01: ioport range 0x1880-0x18ff has been reserved
[    0.896219] system 00:02: ioport range 0x4d0-0x4d1 has been reserved
[    0.896268] system 00:02: ioport range 0x800-0x87f has been reserved
[    0.896325] system 00:02: ioport range 0x290-0x297 has been reserved
[    0.896381] system 00:0b: iomem range 0xf0000000-0xf3ffffff has been reserved
[    0.896438] system 00:0c: iomem range 0xf0000-0xf3fff could not be reserved
[    0.896488] system 00:0c: iomem range 0xf4000-0xf7fff could not be reserved
[    0.896543] system 00:0c: iomem range 0xf8000-0xfbfff could not be reserved
[    0.896598] system 00:0c: iomem range 0xfc000-0xfffff could not be reserved
[    0.896658] system 00:0c: iomem range 0xfefff000-0xfefff0ff has been reserved
[    0.896714] system 00:0c: iomem range 0xdfeb0000-0xdfefffff could not be reserved
[    0.896780] system 00:0c: iomem range 0xffff0000-0xffffffff has been reserved
[    0.896842] system 00:0c: iomem range 0x0-0x9ffff could not be reserved
[    0.896892] system 00:0c: iomem range 0x100000-0xdfeaffff could not be reserved
[    0.896961] system 00:0c: iomem range 0xfec00000-0xfec00fff has been reserved
[    0.897024] system 00:0c: iomem range 0xfee00000-0xfeefffff has been reserved
[    0.897080] system 00:0c: iomem range 0xfefff000-0xfeffffff could not be reserved
[    0.897146] system 00:0c: iomem range 0xfff80000-0xfff80fff has been reserved
[    0.897206] system 00:0c: iomem range 0xfff90000-0xfffbffff has been reserved
[    0.897262] system 00:0c: iomem range 0xfffed000-0xfffeffff has been reserved
[    0.902325] pci 0000:00:04.0: PCI bridge, secondary bus 0000:01
[    0.902380] pci 0000:00:04.0:   IO window: 0xa000-0xafff
[    0.902434] pci 0000:00:04.0:   MEM window: 0xfdd00000-0xfdefffff
[    0.902490] pci 0000:00:04.0:   PREFETCH window: disabled
[    0.902546] pci 0000:00:0e.0: PCI bridge, secondary bus 0000:02
[    0.902595] pci 0000:00:0e.0:   IO window: 0x9000-0x9fff
[    0.902649] pci 0000:00:0e.0:   MEM window: 0xfdf00000-0xfdffffff
[    0.902709] pci 0000:00:0e.0:   PREFETCH window: 0x000000e8000000-0x000000efffffff
[    0.902784] pci 0000:03:00.0: PCI bridge, secondary bus 0000:04
[    0.902832] pci 0000:03:00.0:   IO window: disabled
[    0.902887] pci 0000:03:00.0:   MEM window: disabled
[    0.902940] pci 0000:03:00.0:   PREFETCH window: disabled
[    0.902997] pci 0000:03:00.1: PCI bridge, secondary bus 0000:05
[    0.903049] pci 0000:03:00.1:   IO window: disabled
[    0.903104] pci 0000:03:00.1:   MEM window: disabled
[    0.903157] pci 0000:03:00.1:   PREFETCH window: disabled
[    0.903213] pci 0000:00:12.0: PCI bridge, secondary bus 0000:03
[    0.903265] pci 0000:00:12.0:   IO window: disabled
[    0.903318] pci 0000:00:12.0:   MEM window: 0xfdc00000-0xfdcfffff
[    0.903372] pci 0000:00:12.0:   PREFETCH window: disabled
[    0.903432] pci 0000:00:14.0: PCI bridge, secondary bus 0000:06
[    0.903481] pci 0000:00:14.0:   IO window: 0x8000-0x8fff
[    0.903534] pci 0000:00:14.0:   MEM window: 0xfdb00000-0xfdbfffff
[    0.903588] pci 0000:00:14.0:   PREFETCH window: disabled
[    0.903648] pci 0000:00:15.0: PCI bridge, secondary bus 0000:07
[    0.903697] pci 0000:00:15.0:   IO window: 0x7000-0x7fff
[    0.903750] pci 0000:00:15.0:   MEM window: 0xfda00000-0xfdafffff
[    0.903801] pci 0000:00:15.0:   PREFETCH window: disabled
[    0.903861] pci 0000:00:16.0: PCI bridge, secondary bus 0000:08
[    0.903909] pci 0000:00:16.0:   IO window: 0x6000-0x6fff
[    0.903963] pci 0000:00:16.0:   MEM window: 0xfd900000-0xfd9fffff
[    0.904017] pci 0000:00:16.0:   PREFETCH window: disabled
[    0.904077] pci 0000:00:17.0: PCI bridge, secondary bus 0000:09
[    0.904126] pci 0000:00:17.0:   IO window: 0x5000-0x5fff
[    0.905581] pci 0000:00:17.0:   MEM window: 0xfd700000-0xfd8fffff
[    0.905636] pci 0000:00:17.0:   PREFETCH window: disabled
[    0.905700] pci 0000:00:04.0: setting latency timer to 64
[    0.905703] pci 0000:00:0e.0: setting latency timer to 64
[    0.905707] pci 0000:00:12.0: setting latency timer to 64
[    0.905715] pci 0000:03:00.0: setting latency timer to 64
[    0.906059] ACPI: PCI Interrupt Link [APC7] enabled at IRQ 16
[    0.906120] pci 0000:03:00.1: PCI INT A -> Link[APC7] -> GSI 16 (level, low) -> IRQ 16
[    0.906188] pci 0000:03:00.1: setting latency timer to 64
[    0.906199] pci 0000:00:14.0: setting latency timer to 64
[    0.906203] pci 0000:00:15.0: setting latency timer to 64
[    0.906206] pci 0000:00:16.0: setting latency timer to 64
[    0.906210] pci 0000:00:17.0: setting latency timer to 64
[    0.906213] bus: 00 index 0 io port: [0x00-0xffff]
[    0.906265] bus: 00 index 1 mmio: [0x000000-0xffffffffffffffff]
[    0.906320] bus: 01 index 0 io port: [0xa000-0xafff]
[    0.906367] bus: 01 index 1 mmio: [0xfdd00000-0xfdefffff]
[    0.906419] bus: 01 index 2 mmio: [0x0-0x0]
[    0.906469] bus: 01 index 3 mmio: [0x0-0x0]
[    0.906519] bus: 02 index 0 io port: [0x9000-0x9fff]
[    0.906566] bus: 02 index 1 mmio: [0xfdf00000-0xfdffffff]
[    0.906618] bus: 02 index 2 mmio: [0xe8000000-0xefffffff]
[    0.906670] bus: 02 index 3 io port: [0x00-0xffff]
[    0.906716] bus: 02 index 4 mmio: [0x000000-0xffffffffffffffff]
[    0.906771] bus: 03 index 0 mmio: [0x0-0x0]
[    0.906816] bus: 03 index 1 mmio: [0xfdc00000-0xfdcfffff]
[    0.906864] bus: 03 index 2 mmio: [0x0-0x0]
[    0.906909] bus: 03 index 3 mmio: [0x0-0x0]
[    0.906954] bus: 04 index 0 mmio: [0x0-0x0]
[    0.907008] bus: 04 index 1 mmio: [0x0-0x0]
[    0.907053] bus: 04 index 2 mmio: [0x0-0x0]
[    0.907105] bus: 04 index 3 mmio: [0x0-0x0]
[    0.907160] bus: 05 index 0 mmio: [0x0-0x0]
[    0.907205] bus: 05 index 1 mmio: [0x0-0x0]
[    0.907255] bus: 05 index 2 mmio: [0x0-0x0]
[    0.907300] bus: 05 index 3 mmio: [0x0-0x0]
[    0.907358] bus: 06 index 0 io port: [0x8000-0x8fff]
[    0.907405] bus: 06 index 1 mmio: [0xfdb00000-0xfdbfffff]
[    0.907457] bus: 06 index 2 mmio: [0x0-0x0]
[    0.907506] bus: 06 index 3 mmio: [0x0-0x0]
[    0.907552] bus: 07 index 0 io port: [0x7000-0x7fff]
[    0.907603] bus: 07 index 1 mmio: [0xfda00000-0xfdafffff]
[    0.907655] bus: 07 index 2 mmio: [0x0-0x0]
[    0.907700] bus: 07 index 3 mmio: [0x0-0x0]
[    0.907752] bus: 08 index 0 io port: [0x6000-0x6fff]
[    0.907803] bus: 08 index 1 mmio: [0xfd900000-0xfd9fffff]
[    0.907855] bus: 08 index 2 mmio: [0x0-0x0]
[    0.907905] bus: 08 index 3 mmio: [0x0-0x0]
[    0.907955] bus: 09 index 0 io port: [0x5000-0x5fff]
[    0.908006] bus: 09 index 1 mmio: [0xfd700000-0xfd8fffff]
[    0.908058] bus: 09 index 2 mmio: [0x0-0x0]
[    0.908103] bus: 09 index 3 mmio: [0x0-0x0]
[    0.908169] NET: Registered protocol family 2
[    1.000068] IP route cache hash table entries: 131072 (order: 8, 1048576 bytes)
[    1.000521] TCP established hash table entries: 262144 (order: 10, 4194304 bytes)
[    1.001947] TCP bind hash table entries: 65536 (order: 8, 1048576 bytes)
[    1.002373] TCP: Hash tables configured (established 262144 bind 65536)
[    1.002429] TCP reno registered
[    1.030097] NET: Registered protocol family 1
[    1.030239] Unpacking initramfs... done
[    1.089658] Freeing initrd memory: 2259k freed
[    1.094554] Installing knfsd (copyright (C) 1996 okir@monad.swb.de).
[    1.094691] msgmni has been set to 7906
[    1.094769] async_tx: api initialized (sync-only)
[    1.094824] io scheduler noop registered
[    1.094874] io scheduler anticipatory registered
[    1.094926] io scheduler deadline registered
[    1.095031] io scheduler cfq registered (default)
[    1.095093] pci 0000:00:00.0: Enabling HT MSI Mapping
[    1.095174] pci 0000:00:04.0: Enabling HT MSI Mapping
[    1.110093] pci 0000:00:0d.0: Enabling HT MSI Mapping
[    1.110157] pci 0000:00:0d.1: Enabling HT MSI Mapping
[    1.110217] pci 0000:00:0d.2: Enabling HT MSI Mapping
[    1.110275] pci 0000:00:0e.0: Enabling HT MSI Mapping
[    1.110335] pci 0000:00:0e.1: Enabling HT MSI Mapping
[    1.110397] pci 0000:00:10.0: Enabling HT MSI Mapping
[    1.110458] pci 0000:00:11.0: Enabling HT MSI Mapping
[    1.110518] pci 0000:00:12.0: Enabling HT MSI Mapping
[    1.110578] pci 0000:00:14.0: Enabling HT MSI Mapping
[    1.110638] pci 0000:00:15.0: Enabling HT MSI Mapping
[    1.110698] pci 0000:00:16.0: Enabling HT MSI Mapping
[    1.110758] pci 0000:00:17.0: Enabling HT MSI Mapping
[    1.110821] pci 0000:02:06.0: Boot video device
[    1.118025] pcieport-driver 0000:00:04.0: setting latency timer to 64
[    1.118043] pcieport-driver 0000:00:04.0: found MSI capability
[    1.118111] pcieport-driver 0000:00:04.0: irq 511 for MSI/MSI-X
[    1.118116] pci_express 0000:00:04.0:pcie00: allocate port service
[    1.118153] pci_express 0000:00:04.0:pcie03: allocate port service
[    1.118207] pcieport-driver 0000:00:12.0: setting latency timer to 64
[    1.118231] pcieport-driver 0000:00:12.0: found MSI capability
[    1.118296] pcieport-driver 0000:00:12.0: irq 510 for MSI/MSI-X
[    1.118302] pci_express 0000:00:12.0:pcie00: allocate port service
[    1.118334] pci_express 0000:00:12.0:pcie03: allocate port service
[    1.118388] pcieport-driver 0000:00:14.0: setting latency timer to 64
[    1.118411] pcieport-driver 0000:00:14.0: found MSI capability
[    1.118477] pcieport-driver 0000:00:14.0: irq 509 for MSI/MSI-X
[    1.118483] pci_express 0000:00:14.0:pcie00: allocate port service
[    1.118512] pci_express 0000:00:14.0:pcie03: allocate port service
[    1.118566] pcieport-driver 0000:00:15.0: setting latency timer to 64
[    1.118589] pcieport-driver 0000:00:15.0: found MSI capability
[    1.118654] pcieport-driver 0000:00:15.0: irq 508 for MSI/MSI-X
[    1.118660] pci_express 0000:00:15.0:pcie00: allocate port service
[    1.118689] pci_express 0000:00:15.0:pcie03: allocate port service
[    1.118742] pcieport-driver 0000:00:16.0: setting latency timer to 64
[    1.118765] pcieport-driver 0000:00:16.0: found MSI capability
[    1.118830] pcieport-driver 0000:00:16.0: irq 507 for MSI/MSI-X
[    1.118836] pci_express 0000:00:16.0:pcie00: allocate port service
[    1.118867] pci_express 0000:00:16.0:pcie03: allocate port service
[    1.118921] pcieport-driver 0000:00:17.0: setting latency timer to 64
[    1.118944] pcieport-driver 0000:00:17.0: found MSI capability
[    1.119009] pcieport-driver 0000:00:17.0: irq 506 for MSI/MSI-X
[    1.119015] pci_express 0000:00:17.0:pcie00: allocate port service
[    1.119045] pci_express 0000:00:17.0:pcie03: allocate port service
[    1.119813] radeonfb: Found Intel x86 BIOS ROM Image
[    1.130040] radeonfb: Retrieved PLL infos from BIOS
[    1.130093] radeonfb: Reference=27.00 MHz (RefDiv=60) Memory=166.00 Mhz, System=143.00 MHz
[    1.130166] radeonfb: PLL min 12000 max 35000
[    1.271220] i2c-adapter i2c-1: unable to read EDID block.
[    1.491194] i2c-adapter i2c-1: unable to read EDID block.
[    1.711194] i2c-adapter i2c-1: unable to read EDID block.
[    1.931194] i2c-adapter i2c-3: unable to read EDID block.
[    2.151195] i2c-adapter i2c-3: unable to read EDID block.
[    2.371204] i2c-adapter i2c-3: unable to read EDID block.
[    2.700027] radeonfb: Monitor 1 type CRT found
[    2.700073] radeonfb: EDID probed
[    2.700124] radeonfb: Monitor 2 type no found
[    3.290116] Console: switching to colour frame buffer device 128x48
[    3.319756] radeonfb (0000:02:06.0): ATI Radeon 5159 "QY"
[    3.320110] input: Power Button (FF) as /class/input/input0
[    3.320224] ACPI: Power Button (FF) [PWRF]
[    3.320373] input: Power Button (CM) as /class/input/input1
[    3.320486] ACPI: Power Button (CM) [PWRB]
[    3.320763] processor ACPI_CPU:00: registered as cooling_device0
[    3.320927] processor ACPI_CPU:01: registered as cooling_device1
[    3.321092] processor ACPI_CPU:02: registered as cooling_device2
[    3.321256] processor ACPI_CPU:03: registered as cooling_device3
[    3.321837] ACPI Warning (nspredef-0858): \_TZ_.THRM._PSL: Return Package type mismatch at index 0 - found [NULL Object Descriptor], expected Reference [20080926]
[    3.322159] ACPI: Expecting a [Reference] package element, found type 0
[    3.322489] thermal LNXTHERM:01: registered as thermal_zone0
[    3.323037] ACPI: Thermal Zone [THRM] (40 C)
[    3.421437] Real Time Clock Driver v1.12ac
[    3.421734] Linux agpgart interface v0.103
[    3.421827] Serial: 8250/16550 driver4 ports, IRQ sharing disabled
[    3.422054] serial8250: ttyS0 at I/O 0x3f8 (irq = 4) is a 16550A
[    3.422732] 00:08: ttyS0 at I/O 0x3f8 (irq = 4) is a 16550A
[    3.423548] loop: module loaded
[    3.423630] tun: Universal TUN/TAP device driver, 1.6
[    3.423732] tun: (C) 1999-2004 Max Krasnyansky <maxk@qualcomm.com>
[    3.423931] Driver 'sd' needs updating - please use bus_type methods
[    3.426898] Driver 'sr' needs updating - please use bus_type methods
[    3.430001] PNP: PS/2 Controller [PNP0303:PS2K] at 0x60,0x64 irq 1
[    3.433085] PNP: PS/2 appears to have AUX port disabled, if this is incorrect please boot with i8042.nopnp
[    3.436523] serio: i8042 KBD port at 0x60,0x64 irq 1
[    3.440093] mice: PS/2 mouse device common for all mice
[    3.443715] i2c /dev entries driver
[    3.447656] md: linear personality registered for level -1
[    3.451516] md: raid0 personality registered for level 0
[    3.455442] md: raid1 personality registered for level 1
[    3.459391] md: raid10 personality registered for level 10
[    3.469271] input: AT Translated Set 2 keyboard as /class/input/input2
[    3.632537] raid6: int64x1   2301 MB/s
[    3.802515] raid6: int64x2   3175 MB/s
[    3.972526] raid6: int64x4   3296 MB/s
[    4.142530] raid6: int64x8   2200 MB/s
[    4.312506] raid6: sse2x1    3319 MB/s
[    4.482506] raid6: sse2x2    5761 MB/s
[    4.652506] raid6: sse2x4    6460 MB/s
[    4.657055] raid6: using algorithm sse2x4 (6460 MB/s)
[    4.661571] md: raid6 personality registered for level 6
[    4.666036] md: raid5 personality registered for level 5
[    4.670470] md: raid4 personality registered for level 4
[    4.674822] cpuidle: using governor ladder
[    4.679186] cpuidle: using governor menu
[    4.683837] TCP cubic registered
[    4.688092] NET: Registered protocol family 17
[    4.692908] RPC: Registered udp transport module.
[    4.702162] RPC: Registered tcp transport module.
[    4.716053] Freeing unused kernel memory: 400k freed
[    4.995643] sata_mv 0000:01:00.0: version 1.24
[    5.000367] ACPI: PCI Interrupt Link [APC5] enabled at IRQ 16
[    5.002532] usbcore: registered new interface driver usbfs
[    5.002555] usbcore: registered new interface driver hub
[    5.002594] usbcore: registered new device driver usb
[    5.003615] ohci_hcd: USB 1.1 'Open' Host Controller (OHCI) Driver
[    5.010827] ehci_hcd: USB 2.0 'Enhanced' Host Controller (EHCI) Driver
[    5.010830] Warning! ehci_hcd should always be loaded before uhci_hcd and ohci_hcd, not after
[    5.021507] sata_sil24 0000:06:00.0: version 1.1
[    5.026256] r8169 Gigabit Ethernet driver 2.3LK-NAPI loaded
[    5.034560] sata_mv 0000:01:00.0: PCI INT A -> Link[APC5] -> GSI 16 (level, low) -> IRQ 16
[    5.034932] ACPI: PCI Interrupt Link [APCF] enabled at IRQ 23
[    5.034947] ohci_hcd 0000:00:0a.0: PCI INT A -> Link[APCF] -> GSI 23 (level, low) -> IRQ 23
[    5.047604] ohci_hcd 0000:00:0a.0: setting latency timer to 64
[    5.047607] ohci_hcd 0000:00:0a.0: OHCI Host Controller
[    5.047738] sata_mv 0000:01:00.0: Gen-IIE 32 slots 4 ports SCSI mode IRQ via INTx
[    5.047742] sata_mv 0000:01:00.0: setting latency timer to 64
[    5.048020] scsi0 : sata_mv
[    5.048126] scsi1 : sata_mv
[    5.048174] scsi2 : sata_mv
[    5.048210] scsi3 : sata_mv
[    5.048242] ata1: SATA max UDMA/133 mmio m1048576@0xfde00000 port 0xfde22000 irq 16
[    5.048244] ata2: SATA max UDMA/133 mmio m1048576@0xfde00000 port 0xfde24000 irq 16
[    5.048246] ata3: SATA max UDMA/133 mmio m1048576@0xfde00000 port 0xfde26000 irq 16
[    5.048248] ata4: SATA max UDMA/133 mmio m1048576@0xfde00000 port 0xfde28000 irq 16
[    5.050036] sata_sil24 0000:06:00.0: PCI INT A -> Link[APC5] -> GSI 16 (level, low) -> IRQ 16
[    5.050137] sata_sil24 0000:06:00.0: setting latency timer to 64
[    5.050268] scsi4 : sata_sil24
[    5.050309] scsi5 : sata_sil24
[    5.050329] ata5: SATA max UDMA/100 host m128@0xfdbff000 port 0xfdbf8000 irq 16
[    5.050331] ata6: SATA max UDMA/100 host m128@0xfdbff000 port 0xfdbfa000 irq 16
[    5.050417] ACPI: PCI Interrupt Link [APC8] enabled at IRQ 16
[    5.050422] r8169 0000:07:00.0: PCI INT A -> Link[APC8] -> GSI 16 (level, low) -> IRQ 16
[    5.050446] r8169 0000:07:00.0: setting latency timer to 64
[    5.050578] r8169 0000:07:00.0: irq 505 for MSI/MSI-X
[    5.050878] eth0: RTL8168b/8111b at 0xffffc2000003a000, 00:0a:cd:15:53:08, XID 38000000 IRQ 505
[    5.132659] ohci_hcd 0000:00:0a.0: new USB bus registered, assigned bus number 1
[    5.137973] ohci_hcd 0000:00:0a.0: irq 23, io mem 0xfe02f000
[    5.202152] usb usb1: configuration #1 chosen from 1 choice
[    5.207315] hub 1-0:1.0: USB hub found
[    5.212280] hub 1-0:1.0: 10 ports detected
[    5.217331] sata_nv 0000:00:0d.0: version 3.5
[    5.217713] ACPI: PCI Interrupt Link [APSI] enabled at IRQ 22
[    5.222826] sata_nv 0000:00:0d.0: PCI INT A -> Link[APSI] -> GSI 22 (level, low) -> IRQ 22
[    5.227978] sata_nv 0000:00:0d.0: Using SWNCQ mode
[    5.233748] sata_nv 0000:00:0d.0: setting latency timer to 64
[    5.235033] scsi6 : sata_nv
[    5.240595] scsi7 : sata_nv
[    5.245814] ata7: SATA max UDMA/133 cmd 0x9f0 ctl 0xbf0 bmdma 0xe000 irq 22
[    5.251039] ata8: SATA max UDMA/133 cmd 0x970 ctl 0xb70 bmdma 0xe008 irq 22
[    5.390035] ata1: SATA link down (SStatus 0 SControl 300)
[    5.590033] usb 1-2: new full speed USB device using ohci_hcd and address 2
[    5.740029] ata2: SATA link down (SStatus 0 SControl 300)
[    5.740171] ata7: SATA link up 1.5 Gbps (SStatus 113 SControl 300)
[    5.761541] ata7.00: ATA-7: MAXTOR STM3250310AS, 3.AAC, max UDMA/133
[    5.767167] ata7.00: 488397168 sectors, multi 1: LBA48 NCQ (depth 31/32)
[    5.811540] ata7.00: configured for UDMA/133
[    5.824372] usb 1-2: configuration #1 chosen from 1 choice
[    5.831299] hub 1-2:1.0: USB hub found
[    5.838280] hub 1-2:1.0: 3 ports detected
[    6.030030] usb 1-3: new low speed USB device using ohci_hcd and address 3
[    6.100034] ata3: SATA link down (SStatus 0 SControl 300)
[    6.300091] ata8: SATA link up 1.5 Gbps (SStatus 113 SControl 300)
[    6.320276] ata8.00: ATA-7: MAXTOR STM3250310AS, 3.AAC, max UDMA/133
[    6.325494] ata8.00: 488397168 sectors, multi 1: LBA48 NCQ (depth 31/32)
[    6.353562] usb 1-3: configuration #1 chosen from 1 choice
[    6.365508] usbcore: registered new interface driver hiddev
[    6.374051] ata8.00: configured for UDMA/133
[    6.379451] scsi 6:0:0:0: Direct-Access     ATA      MAXTOR STM325031 3.AA PQ: 0 ANSI: 5
[    6.384927] sd 6:0:0:0: [sda] 488397168 512-byte hardware sectors: (250 GB/232 GiB)
[    6.390299] sd 6:0:0:0: [sda] Write Protect is off
[    6.395690] sd 6:0:0:0: [sda] Mode Sense: 00 3a 00 00
[    6.395704] sd 6:0:0:0: [sda] Write cache: enabled, read cache: enabled, doesn't support DPO or FUA
[    6.401376] sd 6:0:0:0: [sda] 488397168 512-byte hardware sectors: (250 GB/232 GiB)
[    6.406941] sd 6:0:0:0: [sda] Write Protect is off
[    6.412370] sd 6:0:0:0: [sda] Mode Sense: 00 3a 00 00
[    6.412383] sd 6:0:0:0: [sda] Write cache: enabled, read cache: enabled, doesn't support DPO or FUA
[    6.418008]  sda: sda1 sda2 sda3 sda4
[    6.437250] sd 6:0:0:0: [sda] Attached SCSI disk
[    6.443008] sd 6:0:0:0: Attached scsi generic sg0 type 0
[    6.448761] scsi 7:0:0:0: Direct-Access     ATA      MAXTOR STM325031 3.AA PQ: 0 ANSI: 5
[    6.454528] sd 7:0:0:0: [sdb] 488397168 512-byte hardware sectors: (250 GB/232 GiB)
[    6.460214] sd 7:0:0:0: [sdb] Write Protect is off
[    6.462527] ata4: SATA link down (SStatus 0 SControl 300)
[    6.462952] ACPI: PCI Interrupt Link [APC6] enabled at IRQ 16
[    6.462956] sata_mv 0000:09:00.0: PCI INT A -> Link[APC6] -> GSI 16 (level, low) -> IRQ 16
[    6.482708] sd 7:0:0:0: [sdb] Mode Sense: 00 3a 00 00
[    6.482729] sd 7:0:0:0: [sdb] Write cache: enabled, read cache: enabled, doesn't support DPO or FUA
[    6.482757] sata_mv 0000:09:00.0: Gen-IIE 32 slots 4 ports SCSI mode IRQ via INTx
[    6.482799] sata_mv 0000:09:00.0: setting latency timer to 64
[    6.483145] scsi8 : sata_mv
[    6.483197] scsi9 : sata_mv
[    6.483232] scsi10 : sata_mv
[    6.483270] scsi11 : sata_mv
[    6.483292] ata9: SATA max UDMA/133 mmio m1048576@0xfd800000 port 0xfd822000 irq 16
[    6.483296] ata10: SATA max UDMA/133 mmio m1048576@0xfd800000 port 0xfd824000 irq 16
[    6.483298] ata11: SATA max UDMA/133 mmio m1048576@0xfd800000 port 0xfd826000 irq 16
[    6.483301] ata12: SATA max UDMA/133 mmio m1048576@0xfd800000 port 0xfd828000 irq 16
[    6.539596] sd 7:0:0:0: [sdb] 488397168 512-byte hardware sectors: (250 GB/232 GiB)
[    6.545128] usb 1-4: new low speed USB device using ohci_hcd and address 4
[    6.550637] sd 7:0:0:0: [sdb] Write Protect is off
[    6.556167] sd 7:0:0:0: [sdb] Mode Sense: 00 3a 00 00
[    6.556185] sd 7:0:0:0: [sdb] Write cache: enabled, read cache: enabled, doesn't support DPO or FUA
[    6.561817]  sdb: sdb1 sdb2 sdb3 sdb4
[    6.583507] sd 7:0:0:0: [sdb] Attached SCSI disk
[    6.589230] sd 7:0:0:0: Attached scsi generic sg1 type 0
[    6.595258] ACPI: PCI Interrupt Link [APCL] enabled at IRQ 21
[    6.601207] ehci_hcd 0000:00:0a.1: PCI INT B -> Link[APCL] -> GSI 21 (level, low) -> IRQ 21
[    6.607003] ehci_hcd 0000:00:0a.1: setting latency timer to 64
[    6.607006] ehci_hcd 0000:00:0a.1: EHCI Host Controller
[    6.612790] ehci_hcd 0000:00:0a.1: new USB bus registered, assigned bus number 2
[    6.618613] ehci_hcd 0000:00:0a.1: debug port 1
[    6.624381] ehci_hcd 0000:00:0a.1: cache line size of 64 is not supported
[    6.624398] ehci_hcd 0000:00:0a.1: irq 21, io mem 0xfe02e000
[    6.739608] generic-usb: probe of 0003:051D:0002.0001 failed with error -62
[    6.745690] usbcore: registered new interface driver usbhid
[    6.751464] usbhid: v2.6:USB HID core driver
[    6.752522] ehci_hcd 0000:00:0a.1: USB 2.0 started, EHCI 1.00
[    6.752632] usb usb2: configuration #1 chosen from 1 choice
[    6.752657] hub 2-0:1.0: USB hub found
[    6.752663] hub 2-0:1.0: 10 ports detected
[    6.752781] forcedeth: Reverse Engineered nForce ethernet driver. Version 0.61.
[    6.753166] ACPI: PCI Interrupt Link [APCH] enabled at IRQ 20
[    6.753181] forcedeth 0000:00:10.0: PCI INT A -> Link[APCH] -> GSI 20 (level, low) -> IRQ 20
[    6.753202] forcedeth 0000:00:10.0: setting latency timer to 64
[    6.796108] nv_probe: set workaround bit for reversed mac addr
[    6.860038] ata9: SATA link down (SStatus 0 SControl 300)
[    7.140045] ata5: SATA link down (SStatus 0 SControl 0)
[    7.150026] usb 1-4: device not accepting address 4, error -62
[    7.210027] hub 1-0:1.0: unable to enumerate USB device on port 4
[    7.210037] ata10: SATA link down (SStatus 0 SControl 300)
[    7.220945] usb 1-2: USB disconnect, address 2
[    7.320474] forcedeth 0000:00:10.0: ifname eth0, PHY OUI 0x5043 @ 1, addr 00:18:f3:65:08:4e
[    7.326202] forcedeth 0000:00:10.0: highdma csum vlan pwrctl mgmt timirq gbit lnktim msi desc-v3
[    7.332163] ACPI: PCI Interrupt Link [APSJ] enabled at IRQ 23
[    7.337956] sata_nv 0000:00:0d.1: PCI INT B -> Link[APSJ] -> GSI 23 (level, low) -> IRQ 23
[    7.343534] sata_nv 0000:00:0d.1: Using SWNCQ mode
[    7.349390] sata_nv 0000:00:0d.1: setting latency timer to 64
[    7.349716] scsi12 : sata_nv
[    7.355230] scsi13 : sata_nv
[    7.360756] ata13: SATA max UDMA/133 cmd 0x9e0 ctl 0xbe0 bmdma 0xcc00 irq 23
[    7.366371] ata14: SATA max UDMA/133 cmd 0x960 ctl 0xb60 bmdma 0xcc08 irq 23
[    7.383776] usb 1-3: USB disconnect, address 3
[    7.560038] ata11: SATA link down (SStatus 0 SControl 300)
[    7.860107] ata13: SATA link up 1.5 Gbps (SStatus 113 SControl 300)
[    7.891314] ata13.00: ATA-7: WDC WD7500AAKS-00RBA0, 30.04G30, max UDMA/133
[    7.897334] ata13.00: 1465149168 sectors, multi 1: LBA48 NCQ (depth 31/32)
[    7.910031] ata12: SATA link down (SStatus 0 SControl 300)
[    7.934865] ata13.00: configured for UDMA/133
[    8.280028] usb 1-2: new full speed USB device using ohci_hcd and address 6
[    8.430101] ata14: SATA link up 1.5 Gbps (SStatus 113 SControl 300)
[    8.473071] ata14.00: ATA-7: WDC WD7500AAKS-00RBA0, 30.04G30, max UDMA/133
[    8.478940] ata14.00: 1465149168 sectors, multi 1: LBA48 NCQ (depth 31/32)
[    8.520344] usb 1-2: configuration #1 chosen from 1 choice
[    8.527216] ata14.00: configured for UDMA/133
[    8.532784] scsi 12:0:0:0: Direct-Access     ATA      WDC WD7500AAKS-0 30.0 PQ: 0 ANSI: 5
[    8.538439] sd 12:0:0:0: [sdc] 1465149168 512-byte hardware sectors: (750 GB/698 GiB)
[    8.540060] hub 1-2:1.0: USB hub found
[    8.549646] hub 1-2:1.0: 3 ports detected
[    8.549671] sd 12:0:0:0: [sdc] Write Protect is off
[    8.549673] sd 12:0:0:0: [sdc] Mode Sense: 00 3a 00 00
[    8.549685] sd 12:0:0:0: [sdc] Write cache: enabled, read cache: enabled, doesn't support DPO or FUA
[    8.549724] sd 12:0:0:0: [sdc] 1465149168 512-byte hardware sectors: (750 GB/698 GiB)
[    8.549732] sd 12:0:0:0: [sdc] Write Protect is off
[    8.549733] sd 12:0:0:0: [sdc] Mode Sense: 00 3a 00 00
[    8.549745] sd 12:0:0:0: [sdc] Write cache: enabled, read cache: enabled, doesn't support DPO or FUA
[    8.549748]  sdc: unknown partition table
[    8.589555] sd 12:0:0:0: [sdc] Attached SCSI disk
[    8.595728] sd 12:0:0:0: Attached scsi generic sg2 type 0
[    8.601597] scsi 13:0:0:0: Direct-Access     ATA      WDC WD7500AAKS-0 30.0 PQ: 0 ANSI: 5
[    8.607605] sd 13:0:0:0: [sdd] 1465149168 512-byte hardware sectors: (750 GB/698 GiB)
[    8.613482] sd 13:0:0:0: [sdd] Write Protect is off
[    8.619256] sd 13:0:0:0: [sdd] Mode Sense: 00 3a 00 00
[    8.619275] sd 13:0:0:0: [sdd] Write cache: enabled, read cache: enabled, doesn't support DPO or FUA
[    8.625257] sd 13:0:0:0: [sdd] 1465149168 512-byte hardware sectors: (750 GB/698 GiB)
[    8.631188] sd 13:0:0:0: [sdd] Write Protect is off
[    8.637059] sd 13:0:0:0: [sdd] Mode Sense: 00 3a 00 00
[    8.637072] sd 13:0:0:0: [sdd] Write cache: enabled, read cache: enabled, doesn't support DPO or FUA
[    8.643035]  sdd: unknown partition table
[    8.653158] sd 13:0:0:0: [sdd] Attached SCSI disk
[    8.659143] sd 13:0:0:0: Attached scsi generic sg3 type 0
[    8.665464] ACPI: PCI Interrupt Link [AMC1] enabled at IRQ 22
[    8.671528] forcedeth 0000:00:11.0: PCI INT A -> Link[AMC1] -> GSI 22 (level, low) -> IRQ 22
[    8.677390] forcedeth 0000:00:11.0: setting latency timer to 64
[    8.677437] nv_probe: set workaround bit for reversed mac addr
[    8.960039] usb 1-3: new low speed USB device using ohci_hcd and address 7
[    9.200482] forcedeth 0000:00:11.0: ifname eth1, PHY OUI 0x5043 @ 1, addr 00:18:f3:65:0e:8d
[    9.206578] forcedeth 0000:00:11.0: highdma csum vlan pwrctl mgmt timirq gbit lnktim msi desc-v3
[    9.213237] ACPI: PCI Interrupt Link [ASA2] enabled at IRQ 21
[    9.219385] sata_nv 0000:00:0d.2: PCI INT C -> Link[ASA2] -> GSI 21 (level, low) -> IRQ 21
[    9.225541] sata_nv 0000:00:0d.2: Using SWNCQ mode
[    9.231940] sata_nv 0000:00:0d.2: setting latency timer to 64
[    9.232267] scsi14 : sata_nv
[    9.238378] scsi15 : sata_nv
[    9.240082] ata6: SATA link down (SStatus 0 SControl 0)
[    9.250461] ata15: SATA max UDMA/133 cmd 0xc800 ctl 0xc400 bmdma 0xb800 irq 21
[    9.256513] ata16: SATA max UDMA/133 cmd 0xc000 ctl 0xbc00 bmdma 0xb808 irq 21
[    9.315625] usb 1-3: configuration #1 chosen from 1 choice
[    9.750101] ata15: SATA link up 1.5 Gbps (SStatus 113 SControl 300)
[    9.781949] ata15.00: ATA-7: WDC WD7500AAKS-00RBA0, 30.04G30, max UDMA/133
[    9.788098] ata15.00: 1465149168 sectors, multi 1: LBA48 NCQ (depth 31/32)
[    9.830787] ata15.00: configured for UDMA/133
[   10.160094] scsi 14:0:0:0: Direct-Access     ATA      WDC WD7500AAKS-0 30.0 PQ: 0 ANSI: 5
[   10.166294] sd 14:0:0:0: [sde] 1465149168 512-byte hardware sectors: (750 GB/698 GiB)
[   10.172439] sd 14:0:0:0: [sde] Write Protect is off
[   10.178514] sd 14:0:0:0: [sde] Mode Sense: 00 3a 00 00
[   10.178528] sd 14:0:0:0: [sde] Write cache: enabled, read cache: enabled, doesn't support DPO or FUA
[   10.184710] sd 14:0:0:0: [sde] 1465149168 512-byte hardware sectors: (750 GB/698 GiB)
[   10.190795] sd 14:0:0:0: [sde] Write Protect is off
[   10.196947] sd 14:0:0:0: [sde] Mode Sense: 00 3a 00 00
[   10.196961] sd 14:0:0:0: [sde] Write cache: enabled, read cache: enabled, doesn't support DPO or FUA
[   10.203219]  sde: unknown partition table
[   10.211323] sd 14:0:0:0: [sde] Attached SCSI disk
[   10.217585] sd 14:0:0:0: Attached scsi generic sg4 type 0
[   10.545158] md: md1 stopped.
[   10.734154] md: md3 stopped.
[   10.746691] md: bind<sda2>
[   10.763136] md: bind<sdb2>
[   10.769807] raid1: raid set md3 active with 2 out of 2 mirrors
[   10.779996] md: md4 stopped.
[   10.784936]  md3: unknown partition table
[   10.867170] md: bind<sda3>
[   10.872209] generic-usb 0003:051D:0002.0002: hiddev96,hidraw0: USB HID v1.10 Device [American Power Conversion Back-UPS CS 650 FW:817.v2.I USB FW:v2] on usb-0000:00:0a.0-3/input0
[   10.878307] md: bind<sdb3>
[   10.880100] raid1: raid set md4 active with 2 out of 2 mirrors
[   10.898019] md: md5 stopped.
[   10.903237]  md4: unknown partition table
[   11.033761] md: bind<sda4>
[   11.064974] md: bind<sdb4>
[   11.071692] raid1: raid set md5 active with 2 out of 2 mirrors
[   11.081874] md: md2 stopped.
[   11.086810]  md5: unknown partition table
[   11.183930] md: bind<sdd>
[   11.188849] md: bind<sde>
[   11.193583] md: bind<sdc>
[   11.199752] raid5: device sdc operational as raid disk 0
[   11.204241] raid5: device sde operational as raid disk 2
[   11.208534] raid5: device sdd operational as raid disk 1
[   11.213058] raid5: allocated 3234kB for md2
[   11.217334] raid5: raid level 5 set md2 active with 3 out of 3 devices, algorithm 2
[   11.221672] RAID5 conf printout:
[   11.226083]  --- rd:3 wd:3
[   11.230432]  disk 0, o:1, dev:sdc
[   11.234804]  disk 1, o:1, dev:sdd
[   11.239111]  disk 2, o:1, dev:sde
[   11.243387] usb 1-4: new low speed USB device using ohci_hcd and address 8
[   11.252463] md: md0 stopped.
[   11.256984]  md2: unknown partition table
[   11.476411] usb 1-4: configuration #1 chosen from 1 choice
[   11.516720] md: bind<sdb1>
[   11.524703] md: bind<sda1>
[   11.530894] raid1: raid set md1 active with 2 out of 2 mirrors
[   11.540426]  md1: unknown partition table
[   11.565343] usb 1-2.1: new low speed USB device using ohci_hcd and address 9
[   11.693487] usb 1-2.1: configuration #1 chosen from 1 choice
[   11.707589] input: Mitsumi Electric Apple USB Keyboard as /class/input/input3
[   11.743857] generic-usb 0003:05AC:0201.0003: input,hidraw1: USB HID v1.00 Keyboard [Mitsumi Electric Apple USB Keyboard] on usb-0000:00:0a.0-2.1/input0
[   11.906393] EXT3-fs: INFO: recovery required on readonly filesystem.
[   11.911184] EXT3-fs: write access will be enabled during recovery.
[   14.764031] kjournald starting.  Commit interval 5 seconds
[   14.764040] EXT3-fs: recovery complete.
[   14.785196] EXT3-fs: mounted filesystem with ordered data mode.
[   17.304317] ACPI: I/O resource nForce2_smbus [0x1c00-0x1c3f] conflicts with ACPI region SM00 [0x1c00-0x1c05]
[   17.314321] ACPI: Device needs an ACPI driver
[   17.319463] i2c-adapter i2c-4: nForce2 SMBus adapter at 0x1c00
[   17.324501] i2c-adapter i2c-5: nForce2 SMBus adapter at 0x1c40
[   17.330743] cdc_acm 1-4:1.0: ttyACM0: USB ACM device
[   17.340517] usbcore: registered new interface driver cdc_acm
[   17.345767] cdc_acm: v0.26:USB Abstract Control Model driver for USB modems and ISDN adapters
[   17.831379] Adding 4891704k swap on /dev/md4.  Priority:-1 extents:1 across:4891704k
[   18.229959] EXT3 FS on md1, internal journal
[   19.262746] powernow-k8: Found 1 AMD Phenom(tm) 9750 Quad-Core Processor processors (4 cpu cores) (version 2.20.00)
[   19.273687] powernow-k8:    0 : pstate 0 (2400 MHz)
[   19.279133] powernow-k8:    1 : pstate 1 (1200 MHz)
[   19.307728] it87: Found IT8716F chip at 0x290, revision 0
[   19.313051] it87: in3 is VCC (+5V)
[   19.318299] it87: in7 is VCCH (+5V Stand-By)
[   19.608858] md: md0 stopped.
[   40.895392] ata12: exception Emask 0x10 SAct 0x0 SErr 0x4010000 action 0xe frozen
[   40.900950] ata12: edma_err_cause=00000010 pp_flags=00000000, dev connect
[   40.906496] ata12: SError: { PHYRdyChg DevExch }
[   40.911913] ata12: hard resetting link
[   41.663836] ata12: SATA link down (SStatus 0 SControl 300)
[   41.669537] ata12: EH complete
[   42.155399] ata12: exception Emask 0x10 SAct 0x0 SErr 0x4010000 action 0xe frozen
[   42.161223] ata12: edma_err_cause=00000010 pp_flags=00000000, dev connect
[   42.167073] ata12: SError: { PHYRdyChg DevExch }
[   42.172886] ata12: hard resetting link
[   44.640069] ata12: SATA link down (SStatus 0 SControl 300)
[   44.645927] ata12: exception Emask 0x10 SAct 0x0 SErr 0x0 action 0x6 frozen t4
[   44.651516] ata12: edma_err_cause=00000020 pp_flags=00000000, SError=00190002
[   44.657156] ata12: hard resetting link
[   45.003786] ata12: SATA link down (SStatus 0 SControl 300)
[   45.009503] ata12: EH complete
[   56.297371] kjournald starting.  Commit interval 30 seconds
[   56.328203] EXT3 FS on md5, internal journal
[   56.333871] EXT3-fs: mounted filesystem with ordered data mode.
[   56.367469] kjournald starting.  Commit interval 30 seconds
[   56.400782] EXT3 FS on md2, internal journal
[   56.406218] EXT3-fs: mounted filesystem with ordered data mode.
[   56.449985] kjournald starting.  Commit interval 30 seconds
[   56.467955] EXT3 FS on md3, internal journal
[   56.473397] EXT3-fs: mounted filesystem with ordered data mode.
[   56.961745] forcedeth 0000:00:10.0: irq 504 for MSI/MSI-X
[   62.478620] r8169: eth2: link up
[   62.483328] r8169: eth2: link up
[   62.591716] ip_tables: (C) 2000-2006 Netfilter Core Team
[   62.641538] nf_conntrack version 0.5.0 (16384 buckets, 65536 max)
[   62.646356] CONFIG_NF_CT_ACCT is deprecated and will be removed soon. Please use
[   62.650850] nf_conntrack.acct=1 kernel paramater, acct=1 nf_conntrack module option or
[   62.655375] sysctl net.netfilter.nf_conntrack_acct=1 to enable it.
[   66.396966] warning: `named' uses 32-bit capabilities (legacy support in use)
[   86.307831] ata2: exception Emask 0x10 SAct 0x0 SErr 0x4010000 action 0xe frozen
[   86.309216] ata2: edma_err_cause=00000010 pp_flags=00000000, dev connect
[   86.310602] ata2: SError: { PHYRdyChg DevExch }
[   86.310612] ata2: hard resetting link
[   89.875928] ata1: exception Emask 0x10 SAct 0x0 SErr 0x4010000 action 0xe frozen
[   89.877397] ata1: edma_err_cause=00000010 pp_flags=00000000, dev connect
[   89.878873] ata1: SError: { PHYRdyChg DevExch }
[   89.880279] ata1: hard resetting link
[   91.704516] ata3: exception Emask 0x10 SAct 0x0 SErr 0x4010000 action 0xe frozen
[   91.705942] ata3: edma_err_cause=00000010 pp_flags=00000000, dev connect
[   91.707381] ata3: SError: { PHYRdyChg DevExch }
[   91.708790] ata3: hard resetting link
[   92.260022] ata2: link is slow to respond, please be patient (ready=0)
[   92.863804] ata3: SATA link down (SStatus 0 SControl 300)
[   92.865243] ata3: exception Emask 0x10 SAct 0x0 SErr 0x0 action 0x6 frozen t4
[   92.866701] ata3: edma_err_cause=00000020 pp_flags=00000000, SError=00000000
[   92.868143] ata3: hard resetting link
[   93.793798] ata3: SATA link down (SStatus 0 SControl 300)
[   93.795247] ata3: exception Emask 0x10 SAct 0x0 SErr 0x0 action 0x6 frozen t3
[   93.796738] ata3: edma_err_cause=00000020 pp_flags=00000000, SError=00000000
[   93.798248] ata3: hard resetting link
[   94.143782] ata3: SATA link down (SStatus 0 SControl 300)
[   94.145288] ata3: EH complete
[   94.626548] ata3: exception Emask 0x10 SAct 0x0 SErr 0x4010000 action 0xe frozen
[   94.628144] ata3: edma_err_cause=00000010 pp_flags=00000000, dev connect
[   94.629767] ata3: SError: { PHYRdyChg DevExch }
[   94.631378] ata3: hard resetting link
[   95.830024] ata1: link is slow to respond, please be patient (ready=0)
[   95.930756] ata4: exception Emask 0x10 SAct 0x0 SErr 0x4010000 action 0xe frozen
[   95.932508] ata4: edma_err_cause=00000010 pp_flags=00000000, dev connect
[   95.934296] ata4: SError: { PHYRdyChg DevExch }
[   95.936031] ata4: hard resetting link
[   96.343769] ata2: SRST failed (errno=-16)
[   96.345529] ata2: SATA link up 1.5 Gbps (SStatus 113 SControl 300)
[   96.347325] ata2: link online but device misclassified, retrying
[   96.349128] ata2: hard resetting link
[   97.680049] ata2: SATA link up 1.5 Gbps (SStatus 113 SControl 300)
[   97.720066] ata2.00: ATA-8: MAXTOR STM31000340AS, MX15, max UDMA/133
[   97.721936] ata2.00: 1953525168 sectors, multi 0: LBA48 NCQ (depth 31/32)
[   97.780075] ata2.00: configured for UDMA/133
[   97.781998] ata2: EH complete
[   97.997741] ata9: exception Emask 0x10 SAct 0x0 SErr 0x4010000 action 0xe frozen
[   97.999804] ata9: edma_err_cause=00000010 pp_flags=00000000, dev connect
[   98.001783] ata9: SError: { PHYRdyChg DevExch }
[   98.003737] ata9: hard resetting link
[   99.021363] scsi 1:0:0:0: Direct-Access     ATA      MAXTOR STM310003 MX15 PQ: 0 ANSI: 5
[   99.023518] sd 1:0:0:0: [sdf] 1953525168 512-byte hardware sectors: (1.00 TB/931 GiB)
[   99.025551] sd 1:0:0:0: [sdf] Write Protect is off
[   99.027479] sd 1:0:0:0: [sdf] Mode Sense: 00 3a 00 00
[   99.027511] sd 1:0:0:0: [sdf] Write cache: enabled, read cache: enabled, doesn't support DPO or FUA
[   99.029600] sd 1:0:0:0: [sdf] 1953525168 512-byte hardware sectors: (1.00 TB/931 GiB)
[   99.031663] sd 1:0:0:0: [sdf] Write Protect is off
[   99.033638] sd 1:0:0:0: [sdf] Mode Sense: 00 3a 00 00
[   99.033666] sd 1:0:0:0: [sdf] Write cache: enabled, read cache: enabled, doesn't support DPO or FUA
[   99.035713]  sdf: unknown partition table
[   99.080271] sd 1:0:0:0: [sdf] Attached SCSI disk
[   99.082446] sd 1:0:0:0: Attached scsi generic sg5 type 0
[   99.913772] ata1: SRST failed (errno=-16)
[   99.915841] ata1: SATA link up 1.5 Gbps (SStatus 113 SControl 300)
[   99.917840] ata1: link online but device misclassified, retrying
[   99.919916] ata1: hard resetting link
[  100.573773] ata3: link is slow to respond, please be patient (ready=0)
[  100.706645] ata10: exception Emask 0x10 SAct 0x0 SErr 0x4010000 action 0xe frozen
[  100.708667] ata10: edma_err_cause=00000010 pp_flags=00000000, dev connect
[  100.710670] ata10: SError: { PHYRdyChg DevExch }
[  100.710680] ata10: hard resetting link
[  100.942142] ata1: SATA link up 1.5 Gbps (SStatus 113 SControl 300)
[  101.003815] ata1.00: ATA-8: MAXTOR STM31000340AS, MX15, max UDMA/133
[  101.005776] ata1.00: 1953525168 sectors, multi 0: LBA48 NCQ (depth 31/32)
[  101.063827] ata1.00: configured for UDMA/133
[  101.065786] ata1: EH complete
[  101.067796] scsi 0:0:0:0: Direct-Access     ATA      MAXTOR STM310003 MX15 PQ: 0 ANSI: 5
[  101.069958] sd 0:0:0:0: [sdg] 1953525168 512-byte hardware sectors: (1.00 TB/931 GiB)
[  101.071983] sd 0:0:0:0: [sdg] Write Protect is off
[  101.073934] sd 0:0:0:0: [sdg] Mode Sense: 00 3a 00 00
[  101.074032] sd 0:0:0:0: [sdg] Write cache: enabled, read cache: enabled, doesn't support DPO or FUA
[  101.076137] sd 0:0:0:0: [sdg] 1953525168 512-byte hardware sectors: (1.00 TB/931 GiB)
[  101.078177] sd 0:0:0:0: [sdg] Write Protect is off
[  101.080149] sd 0:0:0:0: [sdg] Mode Sense: 00 3a 00 00
[  101.080176] sd 0:0:0:0: [sdg] Write cache: enabled, read cache: enabled, doesn't support DPO or FUA
[  101.082251]  sdg: unknown partition table
[  101.114740] sd 0:0:0:0: [sdg] Attached SCSI disk
[  101.116927] sd 0:0:0:0: Attached scsi generic sg6 type 0
[  101.883798] ata4: link is slow to respond, please be patient (ready=0)
[  102.614509] ata11: exception Emask 0x10 SAct 0x0 SErr 0x4010000 action 0xe frozen
[  102.616597] ata11: edma_err_cause=00000010 pp_flags=00000000, dev connect
[  102.618693] ata11: SError: { PHYRdyChg DevExch }
[  102.620758] ata11: hard resetting link
[  103.737007] ata12: exception Emask 0x10 SAct 0x0 SErr 0x4010000 action 0xe frozen
[  103.739136] ata12: edma_err_cause=00000010 pp_flags=00000000, dev connect
[  103.741265] ata12: SError: { PHYRdyChg DevExch }
[  103.743352] ata12: hard resetting link
[  103.960021] ata9: link is slow to respond, please be patient (ready=0)
[  104.653771] ata3: SRST failed (errno=-16)
[  104.655844] ata3: SATA link up 1.5 Gbps (SStatus 113 SControl 300)
[  104.657942] ata3: link online but device misclassified, retrying
[  104.660027] ata3: hard resetting link
[  104.905815] ata5: exception Emask 0x10 SAct 0x0 SErr 0x0 action 0xe frozen
[  104.907902] ata5: irq_stat 0x00a00080, device exchanged
[  104.909964] ata5: hard resetting link
[  105.963771] ata4: SRST failed (errno=-16)
[  105.965772] ata4: SATA link up 1.5 Gbps (SStatus 113 SControl 300)
[  105.967795] ata4: link online but device misclassified, retrying
[  105.969779] ata4: hard resetting link
[  106.673774] ata10: link is slow to respond, please be patient (ready=0)
[  107.413786] ata4: SATA link up 1.5 Gbps (SStatus 113 SControl 300)
[  107.453809] ata4.00: ATA-8: MAXTOR STM31000340AS, MX15, max UDMA/133
[  107.455759] ata4.00: 1953525168 sectors, multi 0: LBA48 NCQ (depth 31/32)
[  107.513827] ata4.00: configured for UDMA/133
[  107.515772] ata4: EH complete
[  107.517792] scsi 3:0:0:0: Direct-Access     ATA      MAXTOR STM310003 MX15 PQ: 0 ANSI: 5
[  107.519955] sd 3:0:0:0: [sdh] 1953525168 512-byte hardware sectors: (1.00 TB/931 GiB)
[  107.521990] sd 3:0:0:0: [sdh] Write Protect is off
[  107.523965] sd 3:0:0:0: [sdh] Mode Sense: 00 3a 00 00
[  107.524261] sd 3:0:0:0: [sdh] Write cache: enabled, read cache: enabled, doesn't support DPO or FUA
[  107.526377] sd 3:0:0:0: [sdh] 1953525168 512-byte hardware sectors: (1.00 TB/931 GiB)
[  107.528426] sd 3:0:0:0: [sdh] Write Protect is off
[  107.530416] sd 3:0:0:0: [sdh] Mode Sense: 00 3a 00 00
[  107.530527] sd 3:0:0:0: [sdh] Write cache: enabled, read cache: enabled, doesn't support DPO or FUA
[  107.532623]  sdh: unknown partition table
[  107.565082] sd 3:0:0:0: [sdh] Attached SCSI disk
[  107.567315] sd 3:0:0:0: Attached scsi generic sg7 type 0
[  107.916081] ata6: exception Emask 0x10 SAct 0x0 SErr 0x0 action 0xe frozen
[  107.918168] ata6: irq_stat 0x00a00080, device exchanged
[  107.920235] ata6: hard resetting link
[  108.040025] ata9: SRST failed (errno=-16)
[  108.042038] ata9: SATA link up 1.5 Gbps (SStatus 113 SControl 300)
[  108.044061] ata9: link online but device misclassified, retrying
[  108.046069] ata9: hard resetting link
[  108.453082] ata3: SATA link up 1.5 Gbps (SStatus 113 SControl 300)
[  108.493815] ata3.00: ATA-8: MAXTOR STM31000340AS, MX15, max UDMA/133
[  108.495762] ata3.00: 1953525168 sectors, multi 0: LBA48 NCQ (depth 31/32)
[  108.553838] ata3.00: configured for UDMA/133
[  108.555797] ata3: EH complete
[  108.557835] scsi 2:0:0:0: Direct-Access     ATA      MAXTOR STM310003 MX15 PQ: 0 ANSI: 5
[  108.559972] sd 2:0:0:0: [sdi] 1953525168 512-byte hardware sectors: (1.00 TB/931 GiB)
[  108.561995] sd 2:0:0:0: [sdi] Write Protect is off
[  108.563984] sd 2:0:0:0: [sdi] Mode Sense: 00 3a 00 00
[  108.564086] sd 2:0:0:0: [sdi] Write cache: enabled, read cache: enabled, doesn't support DPO or FUA
[  108.566187] sd 2:0:0:0: [sdi] 1953525168 512-byte hardware sectors: (1.00 TB/931 GiB)
[  108.568206] sd 2:0:0:0: [sdi] Write Protect is off
[  108.570180] sd 2:0:0:0: [sdi] Mode Sense: 00 3a 00 00
[  108.570216] sd 2:0:0:0: [sdi] Write cache: enabled, read cache: enabled, doesn't support DPO or FUA
[  108.572286]  sdi:<4>ata11: link is slow to respond, please be patient (ready=0)
[  108.601394]  unknown partition table
[  108.603476] sd 2:0:0:0: [sdi] Attached SCSI disk
[  108.605653] sd 2:0:0:0: Attached scsi generic sg8 type 0
[  109.500042] ata9: SATA link up 1.5 Gbps (SStatus 113 SControl 300)
[  109.560065] ata9.00: ATA-8: MAXTOR STM31000340AS, MX15, max UDMA/133
[  109.562101] ata9.00: 1953525168 sectors, multi 0: LBA48 NCQ (depth 31/32)
[  109.620081] ata9.00: configured for UDMA/133
[  109.622095] ata9: EH complete
[  109.700019] ata12: link is slow to respond, please be patient (ready=0)
[  110.770019] ata10: SRST failed (errno=-16)
[  110.772069] ata10: SATA link up 1.5 Gbps (SStatus 113 SControl 300)
[  110.774153] ata10: link online but device misclassified, retrying
[  110.776205] ata10: hard resetting link
[  110.953878] scsi 8:0:0:0: Direct-Access     ATA      MAXTOR STM310003 MX15 PQ: 0 ANSI: 5
[  110.956117] sd 8:0:0:0: [sdj] 1953525168 512-byte hardware sectors: (1.00 TB/931 GiB)
[  110.958226] sd 8:0:0:0: [sdj] Write Protect is off
