Date: Sat, 10 Jan 2009 14:07:45 +0100
From: Ingo Molnar <>
Subject: Re: todays git: WARNING: at drivers/ata/libata-sff.c:1017 ata_sff_hsm_move+0x45e/0x750()
Sender: linux-kernel-owner@vger.kernel.org
Precedence: bulk
List-ID: <linux-kernel.vger.kernel.org>
X-Mailing-List: linux-kernel@vger.kernel.org
X-Lkml-Link: https://lkml.org/lkml/2009/1/10/89

* Alan Cox <alan@lxorguk.ukuu.org.uk> wrote:
> >    That's the typical REQUEST SENSE command with 18-byte data length.
> 
> Which means something has become horribly broken in the core libata 
> stack. An 18 byte inquiry would have 18 bytes as the *last* sg element. 
> That would therefore not trigger the WARN_ON. Someone has passed an sg 
> list that isn't properly terminated perhaps ?
> 
> I wonder if the pad code broke this.
note, one of my testboxes in the -tip testing hw pool (an older HP laptop) 
started triggering this too today:
[    3.834413] PM: Adding info for No Bus:8:0
[    3.835116] sd 0:0:0:0: [sda] Attached SCSI disk
[    3.835237] driver: '0:0:0:0': driver_bound: bound to device 'sd'
[    3.835249] bus: 'scsi': really_probe: bound device 0:0:0:0 to driver sd
[    3.835272] device: '0:0:0:0': device_add
[    3.835374] PM: Adding info for No Bus:0:0:0:0
[    4.112738] ata2.00: ATAPI: QSI DVD-ROM SDR-081, EHA8, max UDMA/33
[    4.120617] ata2.00: configured for UDMA/33
[    4.121275] ------------[ cut here ]------------
[    4.121380] WARNING: at drivers/ata/libata-sff.c:1017 ata_sff_hsm_move+0x3d9/0x840()
[    4.121538] Hardware name: HP OmniBook PC         
[    4.121644] Pid: 0, comm: swapper Not tainted 2.6.28-tip-10029-g20e9954-dirty #3
[    4.121798] Call Trace:
[    4.121912]  [<c013d006>] warn_slowpath+0x86/0xa0
[    4.122030]  [<c012c5ee>] ? complete+0x4e/0x60
[    4.122136]  [<c0133270>] ? default_wake_function+0x10/0x20
[    4.122260]  [<c034e9bd>] ? _raw_spin_unlock+0x5d/0xa0
[    4.122368]  [<c012c5ee>] ? complete+0x4e/0x60
[    4.122490]  [<c06513d3>] ? ata_qc_complete_internal+0x13/0x20
[    4.122602]  [<c064f6ed>] ? __ata_qc_complete+0x6d/0xe0
[    4.122710]  [<c065e0a9>] ? ata_sff_qc_fill_rtf+0x19/0x30
[    4.122817]  [<c065fa07>] ? ata_sff_data_xfer32+0x77/0xd0
[    4.122923]  [<c0660739>] ata_sff_hsm_move+0x3d9/0x840
[    4.123029]  [<c034eb06>] ? _raw_spin_lock+0x46/0x170
[    4.123134]  [<c0660ef9>] ata_sff_interrupt+0x129/0x1e0
[    4.123246]  [<c0171dc0>] handle_IRQ_event+0x30/0x70
[    4.123354]  [<c0173b05>] handle_level_irq+0x75/0xe0
[    4.123459]  [<c0173a90>] ? handle_level_irq+0x0/0xe0
[    4.123562]  <IRQ>  [<c0104607>] ? common_interrupt+0x27/0x2c
[    4.123725]  [<c0120120>] ? native_safe_halt+0x0/0x10
[    4.123830]  [<c012012a>] ? native_safe_halt+0xa/0x10
[    4.123942]  [<c010aaf9>] ? default_idle+0x69/0xa0
[    4.124053]  [<c015f792>] ? tick_nohz_restart_sched_tick+0x32/0x1b0
[    4.124167]  [<c011715f>] ? apm_cpu_idle+0xdf/0x260
[    4.124273]  [<c01027d8>] ? cpu_idle+0x78/0x100
[    4.124379]  [<c034e9bd>] ? _raw_spin_unlock+0x5d/0xa0
[    4.124490]  [<c09a92b3>] ? rest_init+0x53/0x60
[    4.124601]  [<c0e4d82a>] ? start_kernel+0x2ba/0x360
[    4.124709]  [<c0e4d260>] ? unknown_bootoption+0x0/0x210
[    4.124820]  [<c0e4d07c>] ? i386_start_kernel+0x7c/0xb0
[    4.124948] ---[ end trace 83f9033b42a87df9 ]---
[    4.126783] scsi 1:0:0:0: CD-ROM            QSI      DVD-ROM SDR-081  EHA8 PQ: 0 ANSI: 5
[    4.126979] device: 'target1:0:0': device_add
[    4.127040] PM: Adding info for No Bus:target1:0:0
[    4.127057] device: '1:0:0:0': device_add
[    4.127191] bus: 'scsi': add device 1:0:0:0
[    4.127235] PM: Adding info for scsi:1:0:0:0
[    4.127994] bus: 'scsi': driver_probe_device: matched device 1:0:0:0 with driver osst
it did manage to boot up and it appears to limp along. Full bootlog below, 
config attached.
 last-known-good: 9e42d0cf5020aaf217433cad1a224745241d212a
 first-known-bad: 9a100a4464917b5ffff3a8ce1c2758088fd9bb32
Which implicates one of these commits:
a3a798c: Merge branch 'release' of git://git.kernel.org/pub/scm/linux/kernel/git/lenb/linux-acpi-2.6
efcb3cf: libata: use WARN_ON_ONCE on hot paths
b2576e1: Merge branch 'linus' into release
0fe40ff: libata: clean up the SFF code for coding style
871af12: libata: Add 32bit PIO support
e427fe0: [libata] ahci: Withdraw IGN_SERR_INTERNAL for SB800 SATA
6ecb6f2: pata_hpt366: reimplement mode programming
b63d395: [libata] pata_hpt3x3: correct _freeze() function declaration
5c18c4d: libata: Add special ata_pio_need_iordy() handling for Compact Flash.
78a7ba4: pata_platform: __pata_platform_remove() shouldn't be in discard section
1564a18: sata_sil24: remove unused sil24_port_multiplier
8522ee2: [libata] ahci: Add SATA GEN3 related messages
2852bcf: ata_piix: save, use saved and restore IOCFG
fc80902: pata_ali: Fix and workaround for FIFO DMA bug
1b2c357: pata_ali: force initialise a few bits
978ff6d: pata_hpt3x3: Workarounds for chipset
ea7e96e: ACPI: remove private acpica headers from driver files
	Ingo
-------------------->
[    0.000000] Linux version 2.6.28-tip-10029-g20e9954-dirty (mingo@mazsi) (gcc version 4.2.2) #3 SMP Sat Jan 10 13:49:31 CET 2009
[    0.000000] KERNEL supported cpus:
[    0.000000]   Intel GenuineIntel
[    0.000000]   AMD AuthenticAMD
[    0.000000]   NSC Geode by NSC
[    0.000000]   Cyrix CyrixInstead
[    0.000000]   Centaur CentaurHauls
[    0.000000]   Transmeta GenuineTMx86
[    0.000000]   Transmeta TransmetaCPU
[    0.000000]   UMC UMC UMC UMC
[    0.000000] PAT WC disabled due to known CPU erratum.
[    0.000000] BIOS-provided physical RAM map:
[    0.000000]  BIOS-e820: 0000000000000000 - 000000000009f800 (usable)
[    0.000000]  BIOS-e820: 000000000009f800 - 00000000000a0000 (reserved)
[    0.000000]  BIOS-e820: 00000000000e8400 - 0000000000100000 (reserved)
[    0.000000]  BIOS-e820: 0000000000100000 - 000000001fff0000 (usable)
[    0.000000]  BIOS-e820: 000000001fff0000 - 000000001ffffc00 (ACPI data)
[    0.000000]  BIOS-e820: 000000001ffffc00 - 0000000020000000 (ACPI NVS)
[    0.000000]  BIOS-e820: 00000000fff80000 - 0000000100000000 (reserved)
[    0.000000] DMI 2.3 present.
[    0.000000] Phoenix BIOS detected: BIOS may corrupt low RAM, working it around.
[    0.000000] last_pfn = 0x1fff0 max_arch_pfn = 0x100000
[    0.000000] kernel direct mapping tables up to 1fff0000 @ 10000-16000
[    0.000000] RAMDISK: 1fd4d000 - 1ffdfef8
[    0.000000] 0MB HIGHMEM available.
[    0.000000] 511MB LOWMEM available.
[    0.000000]   mapped low ram: 0 - 1fff0000
[    0.000000]   low ram: 00000000 - 1fff0000
[    0.000000]   bootmap 00012000 - 00016000
[    0.000000] (9 early reservations) ==> bootmem [0000000000 - 001fff0000]
[    0.000000]   #0 [0000000000 - 0000001000]   BIOS data page ==> [0000000000 - 0000001000]
[    0.000000]   #1 [0000001000 - 0000002000]    EX TRAMPOLINE ==> [0000001000 - 0000002000]
[    0.000000]   #2 [0000006000 - 0000007000]       TRAMPOLINE ==> [0000006000 - 0000007000]
[    0.000000]   #3 [0000100000 - 0001401954]    TEXT DATA BSS ==> [0000100000 - 0001401954]
[    0.000000]   #4 [001fd4d000 - 001ffdfef8]          RAMDISK ==> [001fd4d000 - 001ffdfef8]
[    0.000000]   #5 [0001402000 - 0001409000]    INIT_PG_TABLE ==> [0001402000 - 0001409000]
[    0.000000]   #6 [000009f800 - 0000100000]    BIOS reserved ==> [000009f800 - 0000100000]
[    0.000000]   #7 [0000010000 - 0000012000]          PGTABLE ==> [0000010000 - 0000012000]
[    0.000000]   #8 [0000012000 - 0000016000]          BOOTMAP ==> [0000012000 - 0000016000]
[    0.000000] Zone PFN ranges:
[    0.000000]   DMA      0x00000010 -> 0x00001000
[    0.000000]   Normal   0x00001000 -> 0x0001fff0
[    0.000000]   HighMem  0x0001fff0 -> 0x0001fff0
[    0.000000] Movable zone start PFN for each node
[    0.000000] early_node_map[2] active PFN ranges
[    0.000000]     0: 0x00000010 -> 0x0000009f
[    0.000000]     0: 0x00000100 -> 0x0001fff0
[    0.000000] On node 0 totalpages: 130943
[    0.000000] free_area_init_node: node 0, pgdat c0e1e640, node_mem_map c1409340
[    0.000000]   DMA zone: 52 pages used for memmap
[    0.000000]   DMA zone: 0 pages reserved
[    0.000000]   DMA zone: 3931 pages, LIFO batch:0
[    0.000000]   Normal zone: 1612 pages used for memmap
[    0.000000]   Normal zone: 125348 pages, LIFO batch:31
[    0.000000] SMP: Allowing 1 CPUs, 0 hotplug CPUs
[    0.000000] Local APIC disabled by BIOS -- you can enable it with "lapic"
[    0.000000] PM: Registered nosave memory: 000000000009f000 - 00000000000a0000
[    0.000000] PM: Registered nosave memory: 00000000000a0000 - 00000000000e9000
[    0.000000] PM: Registered nosave memory: 00000000000e9000 - 0000000000100000
[    0.000000] Allocating PCI resources starting at 30000000 (gap: 20000000:dff80000)
[    0.000000] NR_CPUS:8 nr_cpumask_bits:8 nr_cpu_ids:1 nr_node_ids:1
[    0.000000] PERCPU: Allocating 45056 bytes of per cpu data
[    0.000000] Built 1 zonelists in Zone order, mobility grouping on.  Total pages: 129279
[    0.000000] Kernel command line: 
[    0.000000] Enabling fast FPU save and restore... done.
[    0.000000] Enabling unmasked SIMD FPU exception support... done.
[    0.000000] Initializing CPU#0
[    0.000000] CPU 0 irqstacks, hard=c0ef5000 soft=c0eed000
[    0.000000] PID hash table entries: 2048 (order: 11, 8192 bytes)
[    0.000000] TSC: Using PIT calibration value
[    0.000000] Detected 738.822 MHz processor.
[    0.004000] Console: colour VGA+ 80x25
[    0.004000] console [tty0] enabled
[    0.004000] Lock dependency validator: Copyright (c) 2006 Red Hat, Inc., Ingo Molnar
[    0.004000] ... MAX_LOCKDEP_SUBCLASSES:  8
[    0.004000] ... MAX_LOCK_DEPTH:          48
[    0.004000] ... MAX_LOCKDEP_KEYS:        8191
[    0.004000] ... CLASSHASH_SIZE:          4096
[    0.004000] ... MAX_LOCKDEP_ENTRIES:     8192
[    0.004000] ... MAX_LOCKDEP_CHAINS:      16384
[    0.004000] ... CHAINHASH_SIZE:          8192
[    0.004000]  memory used by lock dependency info: 2335 kB
[    0.004000]  per task-struct memory footprint: 1152 bytes
[    0.004000] ------------------------
[    0.004000] | Locking API testsuite:
[    0.004000] ----------------------------------------------------------------------------
[    0.004000]                                  | spin |wlock |rlock |mutex | wsem | rsem |
[    0.004000]   --------------------------------------------------------------------------
[    0.004000]                      A-A deadlock:failed|failed|  ok  |failed|failed|failed|
[    0.004000]                  A-B-B-A deadlock:failed|failed|  ok  |failed|failed|failed|
[    0.004000]              A-B-B-C-C-A deadlock:failed|failed|  ok  |failed|failed|failed|
[    0.004000]              A-B-C-A-B-C deadlock:failed|failed|  ok  |failed|failed|failed|
[    0.004000]          A-B-B-C-C-D-D-A deadlock:failed|failed|  ok  |failed|failed|failed|
[    0.004000]          A-B-C-D-B-D-D-A deadlock:failed|failed|  ok  |failed|failed|failed|
[    0.004000]          A-B-C-D-B-C-D-A deadlock:failed|failed|  ok  |failed|failed|failed|
[    0.004000]                     double unlock:  ok  |  ok  |  ok  |  ok  |  ok  |  ok  |
[    0.004000]                   initialize held:  ok  |  ok  |  ok  |  ok  |  ok  |  ok  |
[    0.004000]                  bad unlock order:  ok  |  ok  |  ok  |  ok  |  ok  |  ok  |
[    0.004000]   --------------------------------------------------------------------------
[    0.004000]               recursive read-lock:             |  ok  |             |failed|
[    0.004000]            recursive read-lock #2:             |  ok  |             |failed|
[    0.004000]             mixed read-write-lock:             |failed|             |failed|
[    0.004000]             mixed write-read-lock:             |failed|             |failed|
[    0.004000]   --------------------------------------------------------------------------
[    0.004000]      hard-irqs-on + irq-safe-A/12:failed|failed|  ok  |
[    0.004000]      soft-irqs-on + irq-safe-A/12:failed|failed|  ok  |
[    0.004000]      hard-irqs-on + irq-safe-A/21:failed|failed|  ok  |
[    0.004000]      soft-irqs-on + irq-safe-A/21:failed|failed|  ok  |
[    0.004000]        sirq-safe-A => hirqs-on/12:failed|failed|  ok  |
[    0.004000]        sirq-safe-A => hirqs-on/21:failed|failed|  ok  |
[    0.004000]          hard-safe-A + irqs-on/12:failed|failed|  ok  |
[    0.004000]          soft-safe-A + irqs-on/12:failed|failed|  ok  |
[    0.004000]          hard-safe-A + irqs-on/21:failed|failed|  ok  |
[    0.004000]          soft-safe-A + irqs-on/21:failed|failed|  ok  |
[    0.004000]     hard-safe-A + unsafe-B #1/123:failed|failed|  ok  |
[    0.004000]     soft-safe-A + unsafe-B #1/123:failed|failed|  ok  |
[    0.004000]     hard-safe-A + unsafe-B #1/132:failed|failed|  ok  |
[    0.004000]     soft-safe-A + unsafe-B #1/132:failed|failed|  ok  |
[    0.004000]     hard-safe-A + unsafe-B #1/213:failed|failed|  ok  |
[    0.004000]     soft-safe-A + unsafe-B #1/213:failed|failed|  ok  |
[    0.004000]     hard-safe-A + unsafe-B #1/231:failed|failed|  ok  |
[    0.004000]     soft-safe-A + unsafe-B #1/231:failed|failed|  ok  |
[    0.004000]     hard-safe-A + unsafe-B #1/312:failed|failed|  ok  |
[    0.004000]     soft-safe-A + unsafe-B #1/312:failed|failed|  ok  |
[    0.004000]     hard-safe-A + unsafe-B #1/321:failed|failed|  ok  |
[    0.004000]     soft-safe-A + unsafe-B #1/321:failed|failed|  ok  |
[    0.004000]     hard-safe-A + unsafe-B #2/123:failed|failed|  ok  |
[    0.004000]     soft-safe-A + unsafe-B #2/123:failed|failed|  ok  |
[    0.004000]     hard-safe-A + unsafe-B #2/132:failed|failed|  ok  |
[    0.004000]     soft-safe-A + unsafe-B #2/132:failed|failed|  ok  |
[    0.004000]     hard-safe-A + unsafe-B #2/213:failed|failed|  ok  |
[    0.004000]     soft-safe-A + unsafe-B #2/213:failed|failed|  ok  |
[    0.004000]     hard-safe-A + unsafe-B #2/231:failed|failed|  ok  |
[    0.004000]     soft-safe-A + unsafe-B #2/231:failed|failed|  ok  |
[    0.004000]     hard-safe-A + unsafe-B #2/312:failed|failed|  ok  |
[    0.004000]     soft-safe-A + unsafe-B #2/312:failed|failed|  ok  |
[    0.004000]     hard-safe-A + unsafe-B #2/321:failed|failed|  ok  |
[    0.004000]     soft-safe-A + unsafe-B #2/321:failed|failed|  ok  |
[    0.004000]       hard-irq lock-inversion/123:failed|failed|  ok  |
[    0.004000]       soft-irq lock-inversion/123:failed|failed|  ok  |
[    0.004000]       hard-irq lock-inversion/132:failed|failed|  ok  |
[    0.004000]       soft-irq lock-inversion/132:failed|failed|  ok  |
[    0.004000]       hard-irq lock-inversion/213:failed|failed|  ok  |
[    0.004000]       soft-irq lock-inversion/213:failed|failed|  ok  |
[    0.004000]       hard-irq lock-inversion/231:failed|failed|  ok  |
[    0.004000]       soft-irq lock-inversion/231:failed|failed|  ok  |
[    0.004000]       hard-irq lock-inversion/312:failed|failed|  ok  |
[    0.004000]       soft-irq lock-inversion/312:failed|failed|  ok  |
[    0.004000]       hard-irq lock-inversion/321:failed|failed|  ok  |
[    0.004000]       soft-irq lock-inversion/321:failed|failed|  ok  |
[    0.004000]       hard-irq read-recursion/123:  ok  |
[    0.004000]       soft-irq read-recursion/123:  ok  |
[    0.004000]       hard-irq read-recursion/132:  ok  |
[    0.004000]       soft-irq read-recursion/132:  ok  |
[    0.004000]       hard-irq read-recursion/213:  ok  |
[    0.004000]       soft-irq read-recursion/213:  ok  |
[    0.004000]       hard-irq read-recursion/231:  ok  |
[    0.004000]       soft-irq read-recursion/231:  ok  |
[    0.004000]       hard-irq read-recursion/312:  ok  |
[    0.004000]       soft-irq read-recursion/312:  ok  |
[    0.004000]       hard-irq read-recursion/321:  ok  |
[    0.004000]       soft-irq read-recursion/321:  ok  |
[    0.004000] --------------------------------------------------------
[    0.004000] 133 out of 218 testcases failed, as expected. |
[    0.004000] ----------------------------------------------------
[    0.004000] Dentry cache hash table entries: 65536 (order: 6, 262144 bytes)
[    0.004000] Inode-cache hash table entries: 32768 (order: 5, 131072 bytes)
[    0.004000] Memory: 494256k/524224k available (9280k kernel code, 29332k reserved, 4301k data, 628k init, 0k highmem)
[    0.004000] virtual kernel memory layout:
[    0.004000]     fixmap  : 0xffee1000 - 0xfffff000   (1144 kB)
[    0.004000]     pkmap   : 0xff800000 - 0xffc00000   (4096 kB)
[    0.004000]     vmalloc : 0xe07f0000 - 0xff7fe000   ( 496 MB)
[    0.004000]     lowmem  : 0xc0000000 - 0xdfff0000   ( 511 MB)
[    0.004000]       .init : 0xc0e4d000 - 0xc0eea000   ( 628 kB)
[    0.004000]       .data : 0xc0a102c0 - 0xc0e43824   (4301 kB)
[    0.004000]       .text : 0xc0100000 - 0xc0a102c0   (9280 kB)
[    0.004000] Checking if this processor honours the WP bit even in supervisor mode...Ok.
[    0.004000] SLUB: Genslabs=12, HWalign=32, Order=0-3, MinObjects=0, CPUs=1, Nodes=1
[    0.004041] Calibrating delay loop (skipped), value calculated using timer frequency.. 1477.64 BogoMIPS (lpj=2955288)
[    0.004452] Security Framework initialized
[    0.004782] Mount-cache hash table entries: 512
[    0.006575] CPU: L1 I cache: 16K, L1 D cache: 16K
[    0.006726] CPU: L2 cache: 256K
[    0.006904] Checking 'hlt' instruction... OK.
[    0.022350] SMP alternatives: switching to UP code
[    1.160176] Freeing SMP alternatives: 29k freed
[    1.160317] ftrace: converting mcount calls to 0f 1f 44 00 00
[    1.160449] ftrace: allocating 23916 entries in 94 pages
[    1.169618] weird, boot CPU (#0) not listed by the BIOS.
[    1.169753] SMP motherboard not detected.
[    1.169855] Local APIC not detected. Using dummy APIC emulation.
[    1.169961] SMP disabled
[    1.184891] Brought up 1 CPUs
[    1.185028] Total of 1 processors activated (1477.64 BogoMIPS).
[    1.185327] CPU0 attaching NULL sched-domain.
[    1.186431] device: 'platform': device_add
[    1.186549] PM: Adding info for No Bus:platform
[    1.187632] khelper used greatest stack depth: 3248 bytes left
[    1.188132] bus: 'platform': registered
[    1.188160] Registering sysdev class 'cpu'
[    1.189674] net_namespace: 696 bytes
[    1.190194] Booting paravirtualized kernel on bare hardware
[    1.191935] xor: automatically using best checksumming function: pIII_sse
[    1.212017]    pIII_sse  :  1491.000 MB/sec
[    1.212120] xor: using function: pIII_sse (1491.000 MB/sec)
[    1.212236] regulator: core version 0.5
[    1.212332] device class 'regulator': registering
[    1.212938] Time: 13:50:57  Date: 01/10/09
[    1.213702] bus: 'virtio': registered
[    1.214180] NET: Registered protocol family 16
[    1.214439] device class 'bdi': registering
[    1.215439] device class 'gpio': registering
[    1.216291] device class 'pci_bus': registering
[    1.217638] bus: 'pci': registered
[    1.217653] device class 'lcd': registering
[    1.218201] device class 'backlight': registering
[    1.218747] device class 'video_output': registering
[    1.219279] device class 'tty': registering
[    1.219846] device class 'vtconsole': registering
[    1.220720] device: 'vtcon0': device_add
[    1.220861] PM: Adding info for No Bus:vtcon0
[    1.222150] bus: 'spi': registered
[    1.222160] device class 'spi_master': registering
[    1.222787] khelper used greatest stack depth: 3184 bytes left
[    1.223654] bus: 'i2c': registered
[    1.223664] device class 'i2c-adapter': registering
[    1.224258] bus: 'i2c': add driver dummy
[    1.224896] i2c-core: driver [dummy] registered
[    1.225097] device class 'dmi': registering
[    1.225753] device: 'id': device_add
[    1.225966] PM: Adding info for No Bus:id
[    1.226705] device class 'dma': registering
[    1.227380] dca service started, version 1.4
[    1.227501] device class 'dca': registering
[    1.231497] PCI: PCI BIOS revision 2.10 entry at 0xfd980, last bus=1
[    1.231624] PCI: Using configuration type 1 for base access
[    1.231764] Registering sys device of class 'cpu'
[    1.231814] Registering sys device 'cpu0'
[    1.233241] bus: 'MCA': registered
[    1.710918] device: 'default': device_add
[    1.711009] PM: Adding info for No Bus:default
[    1.711778] bio: create slab <bio-0> at 0
[    1.712535] device class 'block': registering
[    1.713001] bus: 'spi': add driver max7301
[    1.713790] bus: 'i2c': add driver max732x
[    1.714394] i2c-core: driver [max732x] registered
[    1.714412] bus: 'spi': add driver mcp23s08
[    1.715019] bus: 'i2c': add driver pca953x
[    1.715623] i2c-core: driver [pca953x] registered
[    1.715641] bus: 'i2c': add driver pcf857x
[    1.716939] i2c-core: driver [pcf857x] registered
[    1.716962] bus: 'platform': add driver twl4030_gpio
[    1.717744] device class 'graphics': registering
[    1.718316] bus: 'platform': add driver bq24022
[    1.718970] bus: 'platform': remove driver bq24022
[    1.719526] driver: 'bq24022': driver_release
[    1.719577] device class 'misc': registering
[    1.720845] bus: 'i2c': add driver twl4030
[    1.721503] khelper used greatest stack depth: 3180 bytes left
[    1.721752] i2c-core: driver [twl4030] registered
[    1.721767] device class 'mdio_bus': registering
[    1.722970] bus: 'mdio_bus': registered
[    1.722983] bus: 'mdio_bus': add driver Generic PHY
[    1.723570] device class 'dvb': registering
[    1.726052] device class 'scsi_host': registering
[    1.727731] bus: 'scsi': registered
[    1.727744] device class 'scsi_device': registering
[    1.728650] SCSI subsystem initialized
[    1.729316] libata version 3.00 loaded.
[    1.729328] device class 'pcmcia_socket': registering
[    1.730105] bus: 'platform': add driver twl4030_usb
[    1.731605] bus: 'usb': registered
[    1.731621] device class 'usb_host': registering
[    1.733339] bus: 'usb': add driver usbfs
[    1.734054] usbcore: registered new interface driver usbfs
[    1.734212] bus: 'usb': add driver hub
[    1.734790] usbcore: registered new interface driver hub
[    1.735135] bus: 'usb': add driver usb
[    1.735832] usbcore: registered new device driver usb
[    1.736691] bus: 'serio': registered
[    1.736911] device class 'input': registering
[    1.737729] device class 'rtc': registering
[    1.738401] device class 'power_supply': registering
[    1.739012] device class 'hwmon': registering
[    1.739612] device class 'thermal': registering
[    1.741078] device class 'leds': registering
[    1.741743] PCI: Probing PCI hardware
[    1.741948] PCI: Probing PCI hardware (bus 00)
[    1.741993] device: 'pci0000:00': device_add
[    1.742052] PM: Adding info for No Bus:pci0000:00
[    1.742067] device: '0000:00': device_add
[    1.742146] PM: Adding info for No Bus:0000:00
[    1.742923] pci 0000:00:00.0: reg 10 32bit mmio: [0xf8000000-0xfbffffff]
[    1.743380] pci 0000:00:07.1: reg 20 io port: [0x1c20-0x1c2f]
[    1.743535] pci 0000:00:07.2: reg 20 io port: [0x1c00-0x1c1f]
[    1.743723] pci 0000:00:07.3: quirk: region 8000-803f claimed by PIIX4 ACPI
[    1.743843] pci 0000:00:07.3: quirk: region 2180-218f claimed by PIIX4 SMB
[    1.743967] pci 0000:00:07.3: PIIX4 devres E PIO at 0378-037f
[    1.744042] pci 0000:00:07.3: PIIX4 devres I PIO at 0398-0399
[    1.744263] pci 0000:00:0a.0: reg 10 32bit mmio: [0x000000-0x000fff]
[    1.744316] pci 0000:00:0a.0: supports D1 D2
[    1.744324] pci 0000:00:0a.0: PME# supported from D0 D1 D2 D3hot D3cold
[    1.744439] pci 0000:00:0a.0: PME# disabled
[    1.744632] pci 0000:00:0a.1: reg 10 32bit mmio: [0x000000-0x000fff]
[    1.744683] pci 0000:00:0a.1: supports D1 D2
[    1.744691] pci 0000:00:0a.1: PME# supported from D0 D1 D2 D3hot D3cold
[    1.744805] pci 0000:00:0a.1: PME# disabled
[    1.745014] pci 0000:00:0b.0: reg 10 io port: [0x1000-0x10ff]
[    1.745035] pci 0000:00:0b.0: reg 14 32bit mmio: [0xf4002400-0xf400247f]
[    1.745056] pci 0000:00:0b.0: reg 18 32bit mmio: [0xf4002000-0xf400207f]
[    1.745110] pci 0000:00:0b.0: reg 30 32bit mmio: [0x000000-0x01ffff]
[    1.745160] pci 0000:00:0b.0: supports D1 D2
[    1.745168] pci 0000:00:0b.0: PME# supported from D1 D2 D3hot D3cold
[    1.745280] pci 0000:00:0b.0: PME# disabled
[    1.745470] pci 0000:00:0b.1: reg 10 io port: [0x1400-0x14ff]
[    1.745491] pci 0000:00:0b.1: reg 14 32bit mmio: [0xf4002c00-0xf4002cff]
[    1.745512] pci 0000:00:0b.1: reg 18 32bit mmio: [0xf4002800-0xf400287f]
[    1.745606] pci 0000:00:0b.1: supports D2
[    1.745614] pci 0000:00:0b.1: PME# supported from D2 D3hot D3cold
[    1.745724] pci 0000:00:0b.1: PME# disabled
[    1.745934] pci 0000:00:0d.0: reg 10 io port: [0x1800-0x18ff]
[    1.745957] pci 0000:00:0d.0: reg 14 32bit mmio: [0xf4000000-0xf4001fff]
[    1.746066] pci 0000:00:0d.0: supports D1 D2
[    1.746074] pci 0000:00:0d.0: PME# supported from D1 D2 D3hot
[    1.746186] pci 0000:00:0d.0: PME# disabled
[    1.746472] pci 0000:01:00.0: reg 10 32bit mmio: [0xf5000000-0xf5ffffff]
[    1.746494] pci 0000:01:00.0: reg 14 io port: [0x9000-0x90ff]
[    1.746515] pci 0000:01:00.0: reg 18 32bit mmio: [0xf4100000-0xf4100fff]
[    1.746569] pci 0000:01:00.0: reg 30 32bit mmio: [0x000000-0x01ffff]
[    1.746635] pci 0000:01:00.0: supports D1 D2
[    1.746755] pci 0000:00:01.0: bridge io port: [0x9000-0x9fff]
[    1.746769] pci 0000:00:01.0: bridge 32bit mmio: [0xf4100000-0xf5ffffff]
[    1.746970] device: '0000:00:00.0': device_add
[    1.747010] bus: 'pci': add device 0000:00:00.0
[    1.747178] PM: Adding info for pci:0000:00:00.0
[    1.748720] device: '0000:00:01.0': device_add
[    1.748782] bus: 'pci': add device 0000:00:01.0
[    1.748921] PM: Adding info for pci:0000:00:01.0
[    1.749620] device: '0000:00:07.0': device_add
[    1.749659] bus: 'pci': add device 0000:00:07.0
[    1.749823] PM: Adding info for pci:0000:00:07.0
[    1.750388] device: '0000:00:07.1': device_add
[    1.750451] bus: 'pci': add device 0000:00:07.1
[    1.750585] PM: Adding info for pci:0000:00:07.1
[    1.751175] device: '0000:00:07.2': device_add
[    1.751213] bus: 'pci': add device 0000:00:07.2
[    1.751349] PM: Adding info for pci:0000:00:07.2
[    1.751903] device: '0000:00:07.3': device_add
[    1.752098] bus: 'pci': add device 0000:00:07.3
[    1.752236] PM: Adding info for pci:0000:00:07.3
[    1.752833] device: '0000:00:0a.0': device_add
[    1.752870] bus: 'pci': add device 0000:00:0a.0
[    1.753006] PM: Adding info for pci:0000:00:0a.0
[    1.753571] device: '0000:00:0a.1': device_add
[    1.753609] bus: 'pci': add device 0000:00:0a.1
[    1.753774] PM: Adding info for pci:0000:00:0a.1
[    1.754342] device: '0000:00:0b.0': device_add
[    1.754379] bus: 'pci': add device 0000:00:0b.0
[    1.754515] PM: Adding info for pci:0000:00:0b.0
[    1.755067] device: '0000:00:0b.1': device_add
[    1.755104] bus: 'pci': add device 0000:00:0b.1
[    1.755270] PM: Adding info for pci:0000:00:0b.1
[    1.755831] device: '0000:00:0d.0': device_add
[    1.755869] bus: 'pci': add device 0000:00:0d.0
[    1.756818] PM: Adding info for pci:0000:00:0d.0
[    1.757564] device: '0000:01:00.0': device_add
[    1.757612] bus: 'pci': add device 0000:01:00.0
[    1.757788] PM: Adding info for pci:0000:01:00.0
[    1.758397] device: '0000:01': device_add
[    1.758524] PM: Adding info for No Bus:0000:01
[    1.759143] device: '0000:02': device_add
[    1.759232] PM: Adding info for No Bus:0000:02
[    1.759820] device: '0000:06': device_add
[    1.759906] PM: Adding info for No Bus:0000:06
[    1.760970] pci 0000:00:07.0: PIIX/ICH IRQ router [8086:7110]
[    1.761309] PCI: setting IRQ 10 as level-triggered
[    1.761319] pci 0000:00:0a.0: found PCI INT A -> IRQ 10
[    1.761528] pci 0000:00:0a.0: sharing IRQ 10 with 0000:00:0b.0
[    1.761646] pci 0000:00:0a.0: sharing IRQ 10 with 0000:00:0b.1
[    1.761803] pci 0000:00:0a.1: found PCI INT B -> IRQ 10
[    1.762046] pci 0000:00:0a.1: sharing IRQ 10 with 0000:01:00.0
[    1.762661] device class 'net': registering
[    1.763485] device: 'lo': device_add
[    1.763896] PM: Adding info for No Bus:lo
[    1.765731] Sangoma WANPIPE Router v1.1 (c) 1995-2000 Sangoma Technologies Inc.
[    1.765731] Bluetooth: Core ver 2.14
[    1.765731] device class 'bluetooth': registering
[    1.768576] NET: Registered protocol family 31
[    1.768690] Bluetooth: HCI device and connection manager initialized
[    1.768905] Bluetooth: HCI socket layer initialized
[    1.769009] NET: Registered protocol family 8
[    1.769108] NET: Registered protocol family 20
[    1.769293] device class 'atm': registering
[    1.771004] device class 'mem': registering
[    1.771700] device: 'mem': device_add
[    1.771787] PM: Adding info for No Bus:mem
[    1.772731] device: 'kmem': device_add
[    1.772812] PM: Adding info for No Bus:kmem
[    1.773380] device: 'null': device_add
[    1.773483] PM: Adding info for No Bus:null
[    1.774047] device: 'port': device_add
[    1.774122] PM: Adding info for No Bus:port
[    1.774684] device: 'zero': device_add
[    1.774760] PM: Adding info for No Bus:zero
[    1.775369] device: 'full': device_add
[    1.775445] PM: Adding info for No Bus:full
[    1.776069] device: 'random': device_add
[    1.776148] PM: Adding info for No Bus:random
[    1.776717] device: 'urandom': device_add
[    1.776797] PM: Adding info for No Bus:urandom
[    1.777340] device: 'kmsg': device_add
[    1.777446] PM: Adding info for No Bus:kmsg
[    1.778016] device class 'firmware': registering
[    1.779232] bus: 'pcmcia': registered
[    1.780155] bus: 'ssb': registered
[    1.780625] pci 0000:00:01.0: PCI bridge, secondary bus 0000:01
[    1.780753] pci 0000:00:01.0:   IO window: 0x9000-0x9fff
[    1.780865] pci 0000:00:01.0:   MEM window: 0xf4100000-0xf5ffffff
[    1.780979] pci 0000:00:01.0:   PREFETCH window: 0x00000040000000-0x000000400fffff
[    1.781147] pci 0000:00:0a.0: CardBus bridge, secondary bus 0000:02
[    1.781252] pci 0000:00:0a.0:   IO window: 0x002000-0x0020ff
[    1.781362] pci 0000:00:0a.0:   IO window: 0x002400-0x0024ff
[    1.781473] pci 0000:00:0a.0:   PREFETCH window: 0x30000000-0x33ffffff
[    1.781586] pci 0000:00:0a.0:   MEM window: 0x34000000-0x37ffffff
[    1.781698] pci 0000:00:0a.1: CardBus bridge, secondary bus 0000:06
[    1.781803] pci 0000:00:0a.1:   IO window: 0x002800-0x0028ff
[    1.781911] pci 0000:00:0a.1:   IO window: 0x002c00-0x002cff
[    1.782022] pci 0000:00:0a.1:   PREFETCH window: 0x38000000-0x3bffffff
[    1.782135] pci 0000:00:0a.1:   MEM window: 0x3c000000-0x3fffffff
[    1.782285] pci 0000:00:0a.0: found PCI INT A -> IRQ 10
[    1.782533] pci 0000:00:0a.0: sharing IRQ 10 with 0000:00:0b.0
[    1.782657] pci 0000:00:0a.0: sharing IRQ 10 with 0000:00:0b.1
[    1.782814] pci 0000:00:0a.0: setting latency timer to 64
[    1.782840] pci 0000:00:0a.1: found PCI INT B -> IRQ 10
[    1.783126] pci 0000:00:0a.1: sharing IRQ 10 with 0000:01:00.0
[    1.783250] pci 0000:00:0a.1: setting latency timer to 64
[    1.783266] pci_bus 0000:00: resource 0 io:  [0x00-0xffff]
[    1.783275] pci_bus 0000:00: resource 1 mem: [0x000000-0xffffffff]
[    1.783285] pci_bus 0000:01: resource 0 io:  [0x9000-0x9fff]
[    1.783294] pci_bus 0000:01: resource 1 mem: [0xf4100000-0xf5ffffff]
[    1.783303] pci_bus 0000:01: resource 2 mem: [0x40000000-0x400fffff]
[    1.783311] pci_bus 0000:01: resource 3 mem: [0x0-0x0]
[    1.783320] pci_bus 0000:02: resource 0 io:  [0x2000-0x20ff]
[    1.783329] pci_bus 0000:02: resource 1 io:  [0x2400-0x24ff]
[    1.783338] pci_bus 0000:02: resource 2 mem: [0x30000000-0x33ffffff]
[    1.783347] pci_bus 0000:02: resource 3 mem: [0x34000000-0x37ffffff]
[    1.783356] pci_bus 0000:06: resource 0 io:  [0x2800-0x28ff]
[    1.783365] pci_bus 0000:06: resource 1 io:  [0x2c00-0x2cff]
[    1.783374] pci_bus 0000:06: resource 2 mem: [0x38000000-0x3bffffff]
[    1.783383] pci_bus 0000:06: resource 3 mem: [0x3c000000-0x3fffffff]
[    1.783645] NET: Registered protocol family 2
[    1.786368] IP route cache hash table entries: 4096 (order: 2, 16384 bytes)
[    1.789372] TCP established hash table entries: 16384 (order: 5, 131072 bytes)
[    1.790380] TCP bind hash table entries: 16384 (order: 7, 524288 bytes)
[    1.794068] TCP: Hash tables configured (established 16384 bind 16384)
[    1.794335] TCP reno registered
[    1.795632] NET: Registered protocol family 1
[    1.797439] checking if image is initramfs... it is
[    2.328009] Freeing initrd memory: 2635k freed
[    2.328263] Registering sysdev class 'i8259'
[    2.329368] khelper used greatest stack depth: 3160 bytes left
[    2.329654] Registering sys device of class 'i8259'
[    2.329696] Registering sys device 'i82590'
[    2.330356] Registering sysdev class 'i8237'
[    2.330957] Registering sys device of class 'i8237'
[    2.330987] Registering sys device 'i82370'
[    2.331615] Registering platform device 'rtc_cmos'. Parent at platform
[    2.331627] device: 'rtc_cmos': device_add
[    2.331671] bus: 'platform': add device rtc_cmos
[    2.331736] PM: Adding info for platform:rtc_cmos
[    2.332428] platform rtc_cmos: registered platform RTC device (no PNP device found)
[    2.332630] device class 'msr': registering
[    2.333287] device: 'msr0': device_add
[    2.333373] PM: Adding info for No Bus:msr0
[    2.334093] device class 'cpuid': registering
[    2.334741] device: 'cpu0': device_add
[    2.334821] PM: Adding info for No Bus:cpu0
[    2.335553] apm: BIOS version 1.2 Flags 0x03 (Driver version 1.16ac)
[    2.336020] device: 'apm_bios': device_add
[    2.336214] PM: Adding info for No Bus:apm_bios
[    2.337828] Registering sysdev class 'ioapic'
[    2.338470] Registering platform device 'pcspkr'. Parent at platform
[    2.338482] device: 'pcspkr': device_add
[    2.338517] bus: 'platform': add device pcspkr
[    2.338577] PM: Adding info for platform:pcspkr
[    2.339168] scx200: NatSemi SCx200 Driver
[    2.339286] bus: 'pci': add driver scx200
[    2.340033] microcode: no support for this CPU vendor
[    2.341190] Registering sysdev class 'timekeeping'
[    2.341918] Registering sys device of class 'timekeeping'
[    2.341948] Registering sys device 'timekeeping0'
[    2.342498] Registering sysdev class 'clocksource'
[    2.343192] Registering sys device of class 'clocksource'
[    2.343225] Registering sys device 'clocksource0'
[    2.343950] Registering sysdev class 'rttest'
[    2.346727] Registering sys device of class 'rttest'
[    2.346785] Registering sys device 'rttest0'
[    2.347626] Registering sys device of class 'rttest'
[    2.347656] Registering sys device 'rttest1'
[    2.348571] Registering sys device of class 'rttest'
[    2.348603] Registering sys device 'rttest2'
[    2.349412] Registering sys device of class 'rttest'
[    2.349440] Registering sys device 'rttest3'
[    2.350361] Registering sys device of class 'rttest'
[    2.350394] Registering sys device 'rttest4'
[    2.351193] Registering sys device of class 'rttest'
[    2.351225] Registering sys device 'rttest5'
[    2.352410] Registering sys device of class 'rttest'
[    2.352456] Registering sys device 'rttest6'
[    2.353464] Registering sys device of class 'rttest'
[    2.353499] Registering sys device 'rttest7'
[    2.354110] Initializing RT-Tester: OK
[    2.354301] device: 'snapshot': device_add
[    2.354395] PM: Adding info for No Bus:snapshot
[    2.452145] VFS: Disk quotas dquot_6.5.2
[    2.453690] Dquot-cache hash table entries: 1024 (order 0, 4096 bytes)
[    2.458167] device: 'dlm-control': device_add
[    2.458269] PM: Adding info for No Bus:dlm-control
[    2.458955] device: 'dlm-monitor': device_add
[    2.459040] PM: Adding info for No Bus:dlm-monitor
[    2.459721] device: 'dlm_plock': device_add
[    2.459805] PM: Adding info for No Bus:dlm_plock
[    2.460468] DLM (built Jan 10 2009 13:28:42) installed
[    2.484899] NTFS driver 2.1.29 [Flags: R/W].
[    2.491987] EFS: 1.0a - 
http://aeschi.ch.eu.org/efs/
[    2.497034] QNX4 filesystem 0.2.3 registered.
[    2.497182] device: 'autofs': device_add
[    2.497296] PM: Adding info for No Bus:autofs
[    2.497965] fuse init (API version 7.11)
[    2.500248] device: 'fuse': device_add
[    2.500341] PM: Adding info for No Bus:fuse
[    2.502107] msgmni has been set to 970
[    2.505624] cryptomgr_test used greatest stack depth: 2112 bytes left
[    2.519533] alg: No test for stdrng (krng)
[    2.520039] alg: No test for stdrng (ansi_cprng)
[    2.521324] async_tx: api initialized (async)
[    2.521651] io scheduler noop registered
[    2.521753] io scheduler deadline registered
[    2.524394] io scheduler cfq registered (default)
[    2.533445] pci 0000:00:00.0: Limiting direct PCI/PCI transfers
[    2.533644] pci 0000:00:07.2: uhci_check_and_reset_hc: legsup = 0x2000
[    2.533653] pci 0000:00:07.2: Performing full reset
[    2.533776] pci 0000:01:00.0: Boot video device
[    2.535261] bus: 'pci_express': registered
[    2.535279] bus: 'pci': add driver pcieport-driver
[    2.535322] bus: 'pci': driver_probe_device: matched device 0000:00:01.0 with driver pcieport-driver
[    2.535334] bus: 'pci': really_probe: probing driver pcieport-driver with device 0000:00:01.0
[    2.536342] bus: 'pci_express': add driver aer
[    2.536967] pci_hotplug: PCI Hot Plug PCI Core version: 0.5
[    2.537088] bus: 'pci': add driver shpchp
[    2.537129] bus: 'pci': driver_probe_device: matched device 0000:00:01.0 with driver shpchp
[    2.537139] bus: 'pci': really_probe: probing driver shpchp with device 0000:00:01.0
[    2.537888] shpchp: Standard Hot Plug PCI Controller Driver version: 0.4
[    2.538003] fakephp: Fake PCI Hot Plug Controller Driver
[    2.543763] bus: 'spi': add driver ltv350qv
[    2.544444] bus: 'platform': add driver platform-lcd
[    2.545068] bus: 'platform': add driver generic-bl
[    2.545722] bus: 'platform': add driver progear-bl
[    2.546394] Registering platform device 'progear-bl'. Parent at platform
[    2.546405] device: 'progear-bl': device_add
[    2.546448] bus: 'platform': add device progear-bl
[    2.546514] PM: Adding info for platform:progear-bl
[    2.547122] bus: 'platform': driver_probe_device: matched device progear-bl with driver progear-bl
[    2.547135] bus: 'platform': really_probe: probing driver progear-bl with device progear-bl
[    2.547198] ALI M7101 PMU not found.
[    2.547368] bus: 'platform': add driver cr_backlight
[    2.548027] Registering platform device 'cr_backlight'. Parent at platform
[    2.548039] device: 'cr_backlight': device_add
[    2.548386] bus: 'platform': add device cr_backlight
[    2.548480] PM: Adding info for platform:cr_backlight
[    2.549135] bus: 'platform': driver_probe_device: matched device cr_backlight with driver cr_backlight
[    2.549149] bus: 'platform': really_probe: probing driver cr_backlight with device cr_backlight
[    2.549214] INTEL CARILLO RANCH LPC not found.
[    2.549376] Carillo Ranch Backlight Driver Initialized.
[    2.549498] bus: 'pci': add driver CyberPro
[    2.550191] bus: 'pci': add driver pm2fb
[    2.550862] bus: 'pci': add driver pm3fb
[    2.551507] bus: 'pci': add driver matroxfb
[    2.552215] bus: 'pci': add driver rivafb
[    2.552892] bus: 'pci': add driver atyfb
[    2.553619] bus: 'pci': add driver aty128fb
[    2.554449] bus: 'pci': add driver sisfb
[    2.555107] bus: 'pci': add driver savagefb
[    2.555796] bus: 'pci': add driver neofb
[    2.557488] bus: 'pci': add driver tdfxfb
[    2.558208] bus: 'pci': add driver imsttfb
[    2.558869] vmlfb: initializing
[    2.558884] bus: 'pci': add driver vmlfb
[    2.559580] Could not find Carillo Ranch MCH device.
[    2.559711] bus: 'pci': add driver s3fb
[    2.560482] bus: 'platform': add driver hecubafb
[    2.561119] bus: 'platform': add driver hgafb
[    2.561782] Registering platform device 'hgafb.0'. Parent at platform
[    2.561793] device: 'hgafb.0': device_add
[    2.561833] bus: 'platform': add device hgafb.0
[    2.561899] PM: Adding info for platform:hgafb.0
[    2.562483] bus: 'platform': driver_probe_device: matched device hgafb.0 with driver hgafb
[    2.562495] bus: 'platform': really_probe: probing driver hgafb with device hgafb.0
[    2.562587] hgafb: HGA card not detected.
[    2.562755] hgafb: probe of hgafb.0 failed with error -22
[    2.562883] bus: 'pci': add driver sstfb
[    2.563590] bus: 'platform': add driver tmio-fb
[    2.565244] bus: 'platform': add driver metronomefb
[    2.566052] bus: 'pci': add driver carminefb
[    2.566722] bus: 'platform': add driver uvesafb
[    2.567360] Registering platform device 'uvesafb.0'. Parent at platform
[    2.567372] device: 'uvesafb.0': device_add
[    2.567411] bus: 'platform': add device uvesafb.0
[    2.567476] PM: Adding info for platform:uvesafb.0
[    2.568168] bus: 'platform': driver_probe_device: matched device uvesafb.0 with driver uvesafb
[    2.568181] bus: 'platform': really_probe: probing driver uvesafb with device uvesafb.0
[    2.569231] uvesafb: failed to execute /sbin/v86d
[    2.569351] uvesafb: make sure that the v86d helper is installed and executable
[    2.569533] uvesafb: Getting VBE info block failed (eax=0x4f00, err=-2)
[    2.569649] uvesafb: vbe_init() failed with -22
[    2.569849] uvesafb: probe of uvesafb.0 failed with error -22
[    2.569992] bus: 'platform': add driver reg-virt-consumer
[    2.570709] bus: 'platform': add driver wm8400-regulator
[    2.571515] device: 'tty': device_add
[    2.571608] PM: Adding info for No Bus:tty
[    2.573356] device: 'console': device_add
[    2.573494] PM: Adding info for No Bus:console
[    2.574262] device: 'tty0': device_add
[    2.574345] PM: Adding info for No Bus:tty0
[    2.574960] device class 'vc': registering
[    2.575587] device: 'vcs': device_add
[    2.575669] PM: Adding info for No Bus:vcs
[    2.576422] device: 'vcsa': device_add
[    2.576504] PM: Adding info for No Bus:vcsa
[    2.577253] device: 'tty1': device_add
[    2.577342] PM: Adding info for No Bus:tty1
[    2.577966] device: 'tty2': device_add
[    2.578045] PM: Adding info for No Bus:tty2
[    2.578626] device: 'tty3': device_add
[    2.578732] PM: Adding info for No Bus:tty3
[    2.579326] device: 'tty4': device_add
[    2.579402] PM: Adding info for No Bus:tty4
[    2.581103] device: 'tty5': device_add
[    2.581230] PM: Adding info for No Bus:tty5
[    2.582102] device: 'tty6': device_add
[    2.582226] PM: Adding info for No Bus:tty6
[    2.582831] device: 'tty7': device_add
[    2.582910] PM: Adding info for No Bus:tty7
[    2.583488] device: 'tty8': device_add
[    2.583570] PM: Adding info for No Bus:tty8
[    2.584938] device: 'tty9': device_add
[    2.585053] PM: Adding info for No Bus:tty9
[    2.585785] device: 'tty10': device_add
[    2.585900] PM: Adding info for No Bus:tty10
[    2.586531] device: 'tty11': device_add
[    2.586612] PM: Adding info for No Bus:tty11
[    2.587210] device: 'tty12': device_add
[    2.587290] PM: Adding info for No Bus:tty12
[    2.587875] device: 'tty13': device_add
[    2.587957] PM: Adding info for No Bus:tty13
[    2.588648] device: 'tty14': device_add
[    2.588733] PM: Adding info for No Bus:tty14
[    2.589381] device: 'tty15': device_add
[    2.589470] PM: Adding info for No Bus:tty15
[    2.590071] device: 'tty16': device_add
[    2.590185] PM: Adding info for No Bus:tty16
[    2.590784] device: 'tty17': device_add
[    2.590868] PM: Adding info for No Bus:tty17
[    2.591491] device: 'tty18': device_add
[    2.591577] PM: Adding info for No Bus:tty18
[    2.592827] device: 'tty19': device_add
[    2.592940] PM: Adding info for No Bus:tty19
[    2.593650] device: 'tty20': device_add
[    2.593740] PM: Adding info for No Bus:tty20
[    2.594346] device: 'tty21': device_add
[    2.594433] PM: Adding info for No Bus:tty21
[    2.595009] device: 'tty22': device_add
[    2.595096] PM: Adding info for No Bus:tty22
[    2.595675] device: 'tty23': device_add
[    2.595792] PM: Adding info for No Bus:tty23
[    2.596462] device: 'tty24': device_add
[    2.596589] PM: Adding info for No Bus:tty24
[    2.597189] device: 'tty25': device_add
[    2.597280] PM: Adding info for No Bus:tty25
[    2.597887] device: 'tty26': device_add
[    2.597975] PM: Adding info for No Bus:tty26
[    2.598580] device: 'tty27': device_add
[    2.598701] PM: Adding info for No Bus:tty27
[    2.599356] device: 'tty28': device_add
[    2.599451] PM: Adding info for No Bus:tty28
[    2.601069] device: 'tty29': device_add
[    2.601245] PM: Adding info for No Bus:tty29
[    2.602005] device: 'tty30': device_add
[    2.602108] PM: Adding info for No Bus:tty30
[    2.602716] device: 'tty31': device_add
[    2.602806] PM: Adding info for No Bus:tty31
[    2.603386] device: 'tty32': device_add
[    2.603476] PM: Adding info for No Bus:tty32
[    2.604063] device: 'tty33': device_add
[    2.604225] PM: Adding info for No Bus:tty33
[    2.604831] device: 'tty34': device_add
[    2.604928] PM: Adding info for No Bus:tty34
[    2.605506] device: 'tty35': device_add
[    2.605599] PM: Adding info for No Bus:tty35
[    2.606193] device: 'tty36': device_add
[    2.606317] PM: Adding info for No Bus:tty36
[    2.607015] device: 'tty37': device_add
[    2.607127] PM: Adding info for No Bus:tty37
[    2.607716] device: 'tty38': device_add
[    2.607811] PM: Adding info for No Bus:tty38
[    2.609360] device: 'tty39': device_add
[    2.609497] PM: Adding info for No Bus:tty39
[    2.610173] device: 'tty40': device_add
[    2.610271] PM: Adding info for No Bus:tty40
[    2.610853] device: 'tty41': device_add
[    2.610949] PM: Adding info for No Bus:tty41
[    2.611525] device: 'tty42': device_add
[    2.611651] PM: Adding info for No Bus:tty42
[    2.612419] device: 'tty43': device_add
[    2.612562] PM: Adding info for No Bus:tty43
[    2.613204] device: 'tty44': device_add
[    2.613296] PM: Adding info for No Bus:tty44
[    2.613899] device: 'tty45': device_add
[    2.613995] PM: Adding info for No Bus:tty45
[    2.614613] device: 'tty46': device_add
[    2.614795] PM: Adding info for No Bus:tty46
[    2.615397] device: 'tty47': device_add
[    2.615524] PM: Adding info for No Bus:tty47
[    2.617052] device: 'tty48': device_add
[    2.617197] PM: Adding info for No Bus:tty48
[    2.618013] device: 'tty49': device_add
[    2.618157] PM: Adding info for No Bus:tty49
[    2.618794] device: 'tty50': device_add
[    2.618891] PM: Adding info for No Bus:tty50
[    2.619500] device: 'tty51': device_add
[    2.619593] PM: Adding info for No Bus:tty51
[    2.621147] device: 'tty52': device_add
[    2.621307] PM: Adding info for No Bus:tty52
[    2.622039] device: 'tty53': device_add
[    2.622146] PM: Adding info for No Bus:tty53
[    2.622761] device: 'tty54': device_add
[    2.622858] PM: Adding info for No Bus:tty54
[    2.623464] device: 'tty55': device_add
[    2.623562] PM: Adding info for No Bus:tty55
[    2.624245] device: 'tty56': device_add
[    2.624381] PM: Adding info for No Bus:tty56
[    2.625067] device: 'tty57': device_add
[    2.625172] PM: Adding info for No Bus:tty57
[    2.625776] device: 'tty58': device_add
[    2.625876] PM: Adding info for No Bus:tty58
[    2.626474] device: 'tty59': device_add
[    2.626577] PM: Adding info for No Bus:tty59
[    2.627164] device: 'tty60': device_add
[    2.627266] PM: Adding info for No Bus:tty60
[    2.627889] device: 'tty61': device_add
[    2.628030] PM: Adding info for No Bus:tty61
[    2.629689] device: 'tty62': device_add
[    2.629857] PM: Adding info for No Bus:tty62
[    2.630490] device: 'tty63': device_add
[    2.630595] PM: Adding info for No Bus:tty63
[    2.631686] device: 'ptyp0': device_add
[    2.631813] PM: Adding info for No Bus:ptyp0
[    2.632589] device: 'ptyp1': device_add
[    2.632698] PM: Adding info for No Bus:ptyp1
[    2.633311] device: 'ptyp2': device_add
[    2.633409] PM: Adding info for No Bus:ptyp2
[    2.634055] device: 'ptyp3': device_add
[    2.634158] PM: Adding info for No Bus:ptyp3
[    2.634755] device: 'ptyp4': device_add
[    2.634858] PM: Adding info for No Bus:ptyp4
[    2.635448] device: 'ptyp5': device_add
[    2.635577] PM: Adding info for No Bus:ptyp5
[    2.636899] device: 'ptyp6': device_add
[    2.637048] PM: Adding info for No Bus:ptyp6
[    2.637740] device: 'ptyp7': device_add
[    2.637848] PM: Adding info for No Bus:ptyp7
[    2.638425] device: 'ptyp8': device_add
[    2.638527] PM: Adding info for No Bus:ptyp8
[    2.639127] device: 'ptyp9': device_add
[    2.639230] PM: Adding info for No Bus:ptyp9
[    2.639809] device: 'ptypa': device_add
[    2.639915] PM: Adding info for No Bus:ptypa
[    2.640572] device: 'ptypb': device_add
[    2.640716] PM: Adding info for No Bus:ptypb
[    2.641318] device: 'ptypc': device_add
[    2.641420] PM: Adding info for No Bus:ptypc
[    2.642027] device: 'ptypd': device_add
[    2.642137] PM: Adding info for No Bus:ptypd
[    2.642783] device: 'ptype': device_add
[    2.642900] PM: Adding info for No Bus:ptype
[    2.643671] device: 'ptypf': device_add
[    2.643842] PM: Adding info for No Bus:ptypf
[    2.645446] device: 'ptyq0': device_add
[    2.645610] PM: Adding info for No Bus:ptyq0
[    2.646330] device: 'ptyq1': device_add
[    2.646452] PM: Adding info for No Bus:ptyq1
[    2.647057] device: 'ptyq2': device_add
[    2.647200] PM: Adding info for No Bus:ptyq2
[    2.647799] device: 'ptyq3': device_add
[    2.647908] PM: Adding info for No Bus:ptyq3
[    2.648604] device: 'ptyq4': device_add
[    2.648723] PM: Adding info for No Bus:ptyq4
[    2.649343] device: 'ptyq5': device_add
[    2.649452] PM: Adding info for No Bus:ptyq5
[    2.650063] device: 'ptyq6': device_add
[    2.650172] PM: Adding info for No Bus:ptyq6
[    2.650782] device: 'ptyq7': device_add
[    2.650891] PM: Adding info for No Bus:ptyq7
[    2.651491] device: 'ptyq8': device_add
[    2.651634] PM: Adding info for No Bus:ptyq8
[    2.653484] device: 'ptyq9': device_add
[    2.653673] PM: Adding info for No Bus:ptyq9
[    2.654434] device: 'ptyqa': device_add
[    2.654558] PM: Adding info for No Bus:ptyqa
[    2.655170] device: 'ptyqb': device_add
[    2.655322] PM: Adding info for No Bus:ptyqb
[    2.655955] device: 'ptyqc': device_add
[    2.656074] PM: Adding info for No Bus:ptyqc
[    2.657655] device: 'ptyqd': device_add
[    2.657828] PM: Adding info for No Bus:ptyqd
[    2.658448] device: 'ptyqe': device_add
[    2.658569] PM: Adding info for No Bus:ptyqe
[    2.659233] device: 'ptyqf': device_add
[    2.659385] PM: Adding info for No Bus:ptyqf
[    2.660002] device: 'ptyr0': device_add
[    2.660195] PM: Adding info for No Bus:ptyr0
[    2.660835] device: 'ptyr1': device_add
[    2.660986] PM: Adding info for No Bus:ptyr1
[    2.661598] device: 'ptyr2': device_add
[    2.661721] PM: Adding info for No Bus:ptyr2
[    2.662333] device: 'ptyr3': device_add
[    2.662450] PM: Adding info for No Bus:ptyr3
[    2.663056] device: 'ptyr4': device_add
[    2.663174] PM: Adding info for No Bus:ptyr4
[    2.663790] device: 'ptyr5': device_add
[    2.663912] PM: Adding info for No Bus:ptyr5
[    2.665257] device: 'ptyr6': device_add
[    2.665452] PM: Adding info for No Bus:ptyr6
[    2.666102] device: 'ptyr7': device_add
[    2.666225] PM: Adding info for No Bus:ptyr7
[    2.666837] device: 'ptyr8': device_add
[    2.666956] PM: Adding info for No Bus:ptyr8
[    2.667572] device: 'ptyr9': device_add
[    2.667693] PM: Adding info for No Bus:ptyr9
[    2.668376] device: 'ptyra': device_add
[    2.668503] PM: Adding info for No Bus:ptyra
[    2.669127] device: 'ptyrb': device_add
[    2.669246] PM: Adding info for No Bus:ptyrb
[    2.669891] device: 'ptyrc': device_add
[    2.670045] PM: Adding info for No Bus:ptyrc
[    2.670740] device: 'ptyrd': device_add
[    2.670871] PM: Adding info for No Bus:ptyrd
[    2.671506] device: 'ptyre': device_add
[    2.671633] PM: Adding info for No Bus:ptyre
[    2.673088] device: 'ptyrf': device_add
[    2.673280] PM: Adding info for No Bus:ptyrf
[    2.673973] device: 'ptys0': device_add
[    2.674102] PM: Adding info for No Bus:ptys0
[    2.674714] device: 'ptys1': device_add
[    2.674839] PM: Adding info for No Bus:ptys1
[    2.675447] device: 'ptys2': device_add
[    2.675579] PM: Adding info for No Bus:ptys2
[    2.676236] device: 'ptys3': device_add
[    2.676407] PM: Adding info for No Bus:ptys3
[    2.677038] device: 'ptys4': device_add
[    2.677202] PM: Adding info for No Bus:ptys4
[    2.677807] device: 'ptys5': device_add
[    2.677936] PM: Adding info for No Bus:ptys5
[    2.678530] device: 'ptys6': device_add
[    2.678654] PM: Adding info for No Bus:ptys6
[    2.679313] device: 'ptys7': device_add
[    2.679448] PM: Adding info for No Bus:ptys7
[    2.681082] device: 'ptys8': device_add
[    2.681318] PM: Adding info for No Bus:ptys8
[    2.682076] device: 'ptys9': device_add
[    2.682256] PM: Adding info for No Bus:ptys9
[    2.682877] device: 'ptysa': device_add
[    2.683015] PM: Adding info for No Bus:ptysa
[    2.683680] device: 'ptysb': device_add
[    2.683827] PM: Adding info for No Bus:ptysb
[    2.684521] device: 'ptysc': device_add
[    2.684665] PM: Adding info for No Bus:ptysc
[    2.685282] device: 'ptysd': device_add
[    2.685414] PM: Adding info for No Bus:ptysd
[    2.686037] device: 'ptyse': device_add
[    2.686171] PM: Adding info for No Bus:ptyse
[    2.686770] device: 'ptysf': device_add
[    2.686907] PM: Adding info for No Bus:ptysf
[    2.687512] device: 'ptyt0': device_add
[    2.687679] PM: Adding info for No Bus:ptyt0
[    2.689550] device: 'ptyt1': device_add
[    2.689773] PM: Adding info for No Bus:ptyt1
[    2.690495] device: 'ptyt2': device_add
[    2.690634] PM: Adding info for No Bus:ptyt2
[    2.691250] device: 'ptyt3': device_add
[    2.691382] PM: Adding info for No Bus:ptyt3
[    2.691996] device: 'ptyt4': device_add
[    2.692194] PM: Adding info for No Bus:ptyt4
[    2.692829] device: 'ptyt5': device_add
[    2.692966] PM: Adding info for No Bus:ptyt5
[    2.693577] device: 'ptyt6': device_add
[    2.693774] PM: Adding info for No Bus:ptyt6
[    2.694413] device: 'ptyt7': device_add
[    2.694551] PM: Adding info for No Bus:ptyt7
[    2.695152] device: 'ptyt8': device_add
[    2.695284] PM: Adding info for No Bus:ptyt8
[    2.695959] device: 'ptyt9': device_add
[    2.696874] PM: Adding info for No Bus:ptyt9
[    2.697639] device: 'ptyta': device_add
[    2.697837] PM: Adding info for No Bus:ptyta
[    2.698456] device: 'ptytb': device_add
[    2.698598] PM: Adding info for No Bus:ptytb
[    2.699195] device: 'ptytc': device_add
[    2.699338] PM: Adding info for No Bus:ptytc
[    2.699943] device: 'ptytd': device_add
[    2.700191] PM: Adding info for No Bus:ptytd
[    2.700842] device: 'ptyte': device_add
[    2.700985] PM: Adding info for No Bus:ptyte
[    2.701608] device: 'ptytf': device_add
[    2.701751] PM: Adding info for No Bus:ptytf
[    2.702365] device: 'ptyu0': device_add
[    2.702508] PM: Adding info for No Bus:ptyu0
[    2.703117] device: 'ptyu1': device_add
[    2.703254] PM: Adding info for No Bus:ptyu1
[    2.703867] device: 'ptyu2': device_add
[    2.704010] PM: Adding info for No Bus:ptyu2
[    2.705610] device: 'ptyu3': device_add
[    2.705839] PM: Adding info for No Bus:ptyu3
[    2.706466] device: 'ptyu4': device_add
[    2.706649] PM: Adding info for No Bus:ptyu4
[    2.707253] device: 'ptyu5': device_add
[    2.707398] PM: Adding info for No Bus:ptyu5
[    2.708007] device: 'ptyu6': device_add
[    2.708225] PM: Adding info for No Bus:ptyu6
[    2.708894] device: 'ptyu7': device_add
[    2.709055] PM: Adding info for No Bus:ptyu7
[    2.709688] device: 'ptyu8': device_add
[    2.709869] PM: Adding info for No Bus:ptyu8
[    2.710489] device: 'ptyu9': device_add
[    2.710639] PM: Adding info for No Bus:ptyu9
[    2.711245] device: 'ptyua': device_add
[    2.711424] PM: Adding info for No Bus:ptyua
[    2.712929] device: 'ptyub': device_add
[    2.713198] PM: Adding info for No Bus:ptyub
[    2.713989] device: 'ptyuc': device_add
[    2.714159] PM: Adding info for No Bus:ptyuc
[    2.714782] device: 'ptyud': device_add
[    2.714929] PM: Adding info for No Bus:ptyud
[    2.715540] device: 'ptyue': device_add
[    2.715686] PM: Adding info for No Bus:ptyue
[    2.716376] device: 'ptyuf': device_add
[    2.716534] PM: Adding info for No Bus:ptyuf
[    2.717167] device: 'ptyv0': device_add
[    2.717319] PM: Adding info for No Bus:ptyv0
[    2.717942] device: 'ptyv1': device_add
[    2.718126] PM: Adding info for No Bus:ptyv1
[    2.718755] device: 'ptyv2': device_add
[    2.718905] PM: Adding info for No Bus:ptyv2
[    2.719515] device: 'ptyv3': device_add
[    2.719661] PM: Adding info for No Bus:ptyv3
[    2.721324] device: 'ptyv4': device_add
[    2.721564] PM: Adding info for No Bus:ptyv4
[    2.722329] device: 'ptyv5': device_add
[    2.722498] PM: Adding info for No Bus:ptyv5
[    2.723126] device: 'ptyv6': device_add
[    2.723276] PM: Adding info for No Bus:ptyv6
[    2.723993] device: 'ptyv7': device_add
[    2.724305] PM: Adding info for No Bus:ptyv7
[    2.724959] device: 'ptyv8': device_add
[    2.725121] PM: Adding info for No Bus:ptyv8
[    2.725738] device: 'ptyv9': device_add
[    2.725893] PM: Adding info for No Bus:ptyv9
[    2.726491] device: 'ptyva': device_add
[    2.726677] PM: Adding info for No Bus:ptyva
[    2.727289] device: 'ptyvb': device_add
[    2.727445] PM: Adding info for No Bus:ptyvb
[    2.728043] device: 'ptyvc': device_add
[    2.729037] PM: Adding info for No Bus:ptyvc
[    2.729846] device: 'ptyvd': device_add
[    2.730032] PM: Adding info for No Bus:ptyvd
[    2.730661] device: 'ptyve': device_add
[    2.730853] PM: Adding info for No Bus:ptyve
[    2.731462] device: 'ptyvf': device_add
[    2.731620] PM: Adding info for No Bus:ptyvf
[    2.732303] device: 'ptyw0': device_add
[    2.732473] PM: Adding info for No Bus:ptyw0
[    2.733111] device: 'ptyw1': device_add
[    2.733267] PM: Adding info for No Bus:ptyw1
[    2.733885] device: 'ptyw2': device_add
[    2.734041] PM: Adding info for No Bus:ptyw2
[    2.734711] device: 'ptyw3': device_add
[    2.734889] PM: Adding info for No Bus:ptyw3
[    2.735514] device: 'ptyw4': device_add
[    2.735704] PM: Adding info for No Bus:ptyw4
[    2.737270] device: 'ptyw5': device_add
[    2.737518] PM: Adding info for No Bus:ptyw5
[    2.738214] device: 'ptyw6': device_add
[    2.738380] PM: Adding info for No Bus:ptyw6
[    2.739012] device: 'ptyw7': device_add
[    2.739183] PM: Adding info for No Bus:ptyw7
[    2.739799] device: 'ptyw8': device_add
[    2.739959] PM: Adding info for No Bus:ptyw8
[    2.740671] device: 'ptyw9': device_add
[    2.740846] PM: Adding info for No Bus:ptyw9
[    2.741469] device: 'ptywa': device_add
[    2.741628] PM: Adding info for No Bus:ptywa
[    2.742246] device: 'ptywb': device_add
[    2.742507] PM: Adding info for No Bus:ptywb
[    2.743148] device: 'ptywc': device_add
[    2.743350] PM: Adding info for No Bus:ptywc
[    2.743994] device: 'ptywd': device_add
[    2.745305] PM: Adding info for No Bus:ptywd
[    2.746097] device: 'ptywe': device_add
[    2.746291] PM: Adding info for No Bus:ptywe
[    2.746906] device: 'ptywf': device_add
[    2.747071] PM: Adding info for No Bus:ptywf
[    2.747768] device: 'ptyx0': device_add
[    2.747964] PM: Adding info for No Bus:ptyx0
[    2.748710] device: 'ptyx1': device_add
[    2.748897] PM: Adding info for No Bus:ptyx1
[    2.749517] device: 'ptyx2': device_add
[    2.749720] PM: Adding info for No Bus:ptyx2
[    2.750348] device: 'ptyx3': device_add
[    2.750515] PM: Adding info for No Bus:ptyx3
[    2.751113] device: 'ptyx4': device_add
[    2.751277] PM: Adding info for No Bus:ptyx4
[    2.751895] device: 'ptyx5': device_add
[    2.752052] PM: Adding info for No Bus:ptyx5
[    2.753701] device: 'ptyx6': device_add
[    2.753949] PM: Adding info for No Bus:ptyx6
[    2.754599] device: 'ptyx7': device_add
[    2.754775] PM: Adding info for No Bus:ptyx7
[    2.755402] device: 'ptyx8': device_add
[    2.755598] PM: Adding info for No Bus:ptyx8
[    2.756298] device: 'ptyx9': device_add
[    2.756491] PM: Adding info for No Bus:ptyx9
[    2.757126] device: 'ptyxa': device_add
[    2.757294] PM: Adding info for No Bus:ptyxa
[    2.757949] device: 'ptyxb': device_add
[    2.758121] PM: Adding info for No Bus:ptyxb
[    2.758761] device: 'ptyxc': device_add
[    2.758931] PM: Adding info for No Bus:ptyxc
[    2.759556] device: 'ptyxd': device_add
[    2.759721] PM: Adding info for No Bus:ptyxd
[    2.761186] device: 'ptyxe': device_add
[    2.761442] PM: Adding info for No Bus:ptyxe
[    2.762187] device: 'ptyxf': device_add
[    2.762444] PM: Adding info for No Bus:ptyxf
[    2.763096] device: 'ptyy0': device_add
[    2.763274] PM: Adding info for No Bus:ptyy0
[    2.763894] device: 'ptyy1': device_add
[    2.764065] PM: Adding info for No Bus:ptyy1
[    2.764793] device: 'ptyy2': device_add
[    2.764976] PM: Adding info for No Bus:ptyy2
[    2.765613] device: 'ptyy3': device_add
[    2.765782] PM: Adding info for No Bus:ptyy3
[    2.766400] device: 'ptyy4': device_add
[    2.766567] PM: Adding info for No Bus:ptyy4
[    2.767179] device: 'ptyy5': device_add
[    2.767385] PM: Adding info for No Bus:ptyy5
[    2.768021] device: 'ptyy6': device_add
[    2.769206] PM: Adding info for No Bus:ptyy6
[    2.769987] device: 'ptyy7': device_add
[    2.770205] PM: Adding info for No Bus:ptyy7
[    2.770844] device: 'ptyy8': device_add
[    2.771029] PM: Adding info for No Bus:ptyy8
[    2.771741] device: 'ptyy9': device_add
[    2.771954] PM: Adding info for No Bus:ptyy9
[    2.772667] device: 'ptyya': device_add
[    2.772855] PM: Adding info for No Bus:ptyya
[    2.773499] device: 'ptyyb': device_add
[    2.773720] PM: Adding info for No Bus:ptyyb
[    2.774355] device: 'ptyyc': device_add
[    2.774579] PM: Adding info for No Bus:ptyyc
[    2.775260] device: 'ptyyd': device_add
[    2.775449] PM: Adding info for No Bus:ptyyd
[    2.776068] device: 'ptyye': device_add
[    2.777173] PM: Adding info for No Bus:ptyye
[    2.777986] device: 'ptyyf': device_add
[    2.778188] PM: Adding info for No Bus:ptyyf
[    2.778814] device: 'ptyz0': device_add
[    2.778993] PM: Adding info for No Bus:ptyz0
[    2.779630] device: 'ptyz1': device_add
[    2.779845] PM: Adding info for No Bus:ptyz1
[    2.780578] device: 'ptyz2': device_add
[    2.780802] PM: Adding info for No Bus:ptyz2
[    2.781452] device: 'ptyz3': device_add
[    2.781639] PM: Adding info for No Bus:ptyz3
[    2.782290] device: 'ptyz4': device_add
[    2.782475] PM: Adding info for No Bus:ptyz4
[    2.783121] device: 'ptyz5': device_add
[    2.783311] PM: Adding info for No Bus:ptyz5
[    2.783982] device: 'ptyz6': device_add
[    2.784969] PM: Adding info for No Bus:ptyz6
[    2.785736] device: 'ptyz7': device_add
[    2.785981] PM: Adding info for No Bus:ptyz7
[    2.786633] device: 'ptyz8': device_add
[    2.786823] PM: Adding info for No Bus:ptyz8
[    2.787467] device: 'ptyz9': device_add
[    2.787691] PM: Adding info for No Bus:ptyz9
[    2.788413] device: 'ptyza': device_add
[    2.788618] PM: Adding info for No Bus:ptyza
[    2.789329] device: 'ptyzb': device_add
[    2.789520] PM: Adding info for No Bus:ptyzb
[    2.790167] device: 'ptyzc': device_add
[    2.790350] PM: Adding info for No Bus:ptyzc
[    2.790989] device: 'ptyzd': device_add
[    2.791176] PM: Adding info for No Bus:ptyzd
[    2.791793] device: 'ptyze': device_add
[    2.791985] PM: Adding info for No Bus:ptyze
[    2.793681] device: 'ptyzf': device_add
[    2.793983] PM: Adding info for No Bus:ptyzf
[    2.794650] device: 'ptya0': device_add
[    2.794882] PM: Adding info for No Bus:ptya0
[    2.795522] device: 'ptya1': device_add
[    2.795712] PM: Adding info for No Bus:ptya1
[    2.796513] device: 'ptya2': device_add
[    2.796754] PM: Adding info for No Bus:ptya2
[    2.797387] device: 'ptya3': device_add
[    2.797615] PM: Adding info for No Bus:ptya3
[    2.798280] device: 'ptya4': device_add
[    2.798483] PM: Adding info for No Bus:ptya4
[    2.799120] device: 'ptya5': device_add
[    2.799316] PM: Adding info for No Bus:ptya5
[    2.799936] device: 'ptya6': device_add
[    2.800934] PM: Adding info for No Bus:ptya6
[    2.801735] device: 'ptya7': device_add
[    2.802006] PM: Adding info for No Bus:ptya7
[    2.802675] device: 'ptya8': device_add
[    2.802868] PM: Adding info for No Bus:ptya8
[    2.803572] device: 'ptya9': device_add
[    2.803785] PM: Adding info for No Bus:ptya9
[    2.804505] device: 'ptyaa': device_add
[    2.804716] PM: Adding info for No Bus:ptyaa
[    2.805355] device: 'ptyab': device_add
[    2.805546] PM: Adding info for No Bus:ptyab
[    2.806179] device: 'ptyac': device_add
[    2.806381] PM: Adding info for No Bus:ptyac
[    2.807017] device: 'ptyad': device_add
[    2.807250] PM: Adding info for No Bus:ptyad
[    2.807894] device: 'ptyae': device_add
[    2.808094] PM: Adding info for No Bus:ptyae
[    2.809589] device: 'ptyaf': device_add
[    2.809887] PM: Adding info for No Bus:ptyaf
[    2.810549] device: 'ptyb0': device_add
[    2.810749] PM: Adding info for No Bus:ptyb0
[    2.811370] device: 'ptyb1': device_add
[    2.811569] PM: Adding info for No Bus:ptyb1
[    2.812263] device: 'ptyb2': device_add
[    2.812477] PM: Adding info for No Bus:ptyb2
[    2.813119] device: 'ptyb3': device_add
[    2.813357] PM: Adding info for No Bus:ptyb3
[    2.813997] device: 'ptyb4': device_add
[    2.814202] PM: Adding info for No Bus:ptyb4
[    2.814853] device: 'ptyb5': device_add
[    2.815056] PM: Adding info for No Bus:ptyb5
[    2.815706] device: 'ptyb6': device_add
[    2.815947] PM: Adding info for No Bus:ptyb6
[    2.817640] device: 'ptyb7': device_add
[    2.817985] PM: Adding info for No Bus:ptyb7
[    2.818670] device: 'ptyb8': device_add
[    2.818879] PM: Adding info for No Bus:ptyb8
[    2.819506] device: 'ptyb9': device_add
[    2.819712] PM: Adding info for No Bus:ptyb9
[    2.820514] device: 'ptyba': device_add
[    2.820819] PM: Adding info for No Bus:ptyba
[    2.821470] device: 'ptybb': device_add
[    2.821681] PM: Adding info for No Bus:ptybb
[    2.822314] device: 'ptybc': device_add
[    2.822517] PM: Adding info for No Bus:ptybc
[    2.823151] device: 'ptybd': device_add
[    2.823355] PM: Adding info for No Bus:ptybd
[    2.823992] device: 'ptybe': device_add
[    2.825000] PM: Adding info for No Bus:ptybe
[    2.825794] device: 'ptybf': device_add
[    2.826066] PM: Adding info for No Bus:ptybf
[    2.826725] device: 'ptyc0': device_add
[    2.826966] PM: Adding info for No Bus:ptyc0
[    2.827608] device: 'ptyc1': device_add
[    2.827811] PM: Adding info for No Bus:ptyc1
[    2.828545] device: 'ptyc2': device_add
[    2.828766] PM: Adding info for No Bus:ptyc2
[    2.829412] device: 'ptyc3': device_add
[    2.829618] PM: Adding info for No Bus:ptyc3
[    2.830250] device: 'ptyc4': device_add
[    2.830456] PM: Adding info for No Bus:ptyc4
[    2.831134] device: 'ptyc5': device_add
[    2.831356] PM: Adding info for No Bus:ptyc5
[    2.831992] device: 'ptyc6': device_add
[    2.832998] PM: Adding info for No Bus:ptyc6
[    2.833814] device: 'ptyc7': device_add
[    2.834130] PM: Adding info for No Bus:ptyc7
[    2.834784] device: 'ptyc8': device_add
[    2.835052] PM: Adding info for No Bus:ptyc8
[    2.835701] device: 'ptyc9': device_add
[    2.835912] PM: Adding info for No Bus:ptyc9
[    2.836647] device: 'ptyca': device_add
[    2.836866] PM: Adding info for No Bus:ptyca
[    2.837520] device: 'ptycb': device_add
[    2.837761] PM: Adding info for No Bus:ptycb
[    2.838441] device: 'ptycc': device_add
[    2.838669] PM: Adding info for No Bus:ptycc
[    2.839301] device: 'ptycd': device_add
[    2.839508] PM: Adding info for No Bus:ptycd
[    2.841016] device: 'ptyce': device_add
[    2.841399] PM: Adding info for No Bus:ptyce
[    2.842198] device: 'ptycf': device_add
[    2.842432] PM: Adding info for No Bus:ptycf
[    2.843091] device: 'ptyd0': device_add
[    2.843298] PM: Adding info for No Bus:ptyd0
[    2.843945] device: 'ptyd1': device_add
[    2.844219] PM: Adding info for No Bus:ptyd1
[    2.844978] device: 'ptyd2': device_add
[    2.845248] PM: Adding info for No Bus:ptyd2
[    2.845961] device: 'ptyd3': device_add
[    2.846185] PM: Adding info for No Bus:ptyd3
[    2.846824] device: 'ptyd4': device_add
[    2.847069] PM: Adding info for No Bus:ptyd4
[    2.847703] device: 'ptyd5': device_add
[    2.847936] PM: Adding info for No Bus:ptyd5
[    2.849490] device: 'ptyd6': device_add
[    2.849827] PM: Adding info for No Bus:ptyd6
[    2.850504] device: 'ptyd7': device_add
[    2.850728] PM: Adding info for No Bus:ptyd7
[    2.851393] device: 'ptyd8': device_add
[    2.851622] PM: Adding info for No Bus:ptyd8
[    2.852356] device: 'ptyd9': device_add
[    2.852598] PM: Adding info for No Bus:ptyd9
[    2.853269] device: 'ptyda': device_add
[    2.853538] PM: Adding info for No Bus:ptyda
[    2.854190] device: 'ptydb': device_add
[    2.854453] PM: Adding info for No Bus:ptydb
[    2.855107] device: 'ptydc': device_add
[    2.855323] PM: Adding info for No Bus:ptydc
[    2.855973] device: 'ptydd': device_add
[    2.857035] PM: Adding info for No Bus:ptydd
[    2.857845] device: 'ptyde': device_add
[    2.858141] PM: Adding info for No Bus:ptyde
[    2.858800] device: 'ptydf': device_add
[    2.859029] PM: Adding info for No Bus:ptydf
[    2.859675] device: 'ptye0': device_add
[    2.859899] PM: Adding info for No Bus:ptye0
[    2.860693] device: 'ptye1': device_add
[    2.860997] PM: Adding info for No Bus:ptye1
[    2.861645] device: 'ptye2': device_add
[    2.861881] PM: Adding info for No Bus:ptye2
[    2.862521] device: 'ptye3': device_add
[    2.862743] PM: Adding info for No Bus:ptye3
[    2.863425] device: 'ptye4': device_add
[    2.863659] PM: Adding info for No Bus:ptye4
[    2.865251] device: 'ptye5': device_add
[    2.865601] PM: Adding info for No Bus:ptye5
[    2.866334] device: 'ptye6': device_add
[    2.866578] PM: Adding info for No Bus:ptye6
[    2.867241] device: 'ptye7': device_add
[    2.867476] PM: Adding info for No Bus:ptye7
[    2.868192] device: 'ptye8': device_add
[    2.868481] PM: Adding info for No Bus:ptye8
[    2.869242] device: 'ptye9': device_add
[    2.869530] PM: Adding info for No Bus:ptye9
[    2.870176] device: 'ptyea': device_add
[    2.870407] PM: Adding info for No Bus:ptyea
[    2.871052] device: 'ptyeb': device_add
[    2.871285] PM: Adding info for No Bus:ptyeb
[    2.871926] device: 'ptyec': device_add
[    2.872977] PM: Adding info for No Bus:ptyec
[    2.873765] device: 'ptyed': device_add
[    2.874101] PM: Adding info for No Bus:ptyed
[    2.874769] device: 'ptyee': device_add
[    2.875031] PM: Adding info for No Bus:ptyee
[    2.875759] device: 'ptyef': device_add
[    2.876019] PM: Adding info for No Bus:ptyef
[    2.876833] device: 'ttyp0': device_add
[    2.877088] PM: Adding info for No Bus:ttyp0
[    2.877763] device: 'ttyp1': device_add
[    2.877991] PM: Adding info for No Bus:ttyp1
[    2.878637] device: 'ttyp2': device_add
[    2.878853] PM: Adding info for No Bus:ttyp2
[    2.879488] device: 'ttyp3': device_add
[    2.879707] PM: Adding info for No Bus:ttyp3
[    2.881236] device: 'ttyp4': device_add
[    2.881595] PM: Adding info for No Bus:ttyp4
[    2.882337] device: 'ttyp5': device_add
[    2.882610] PM: Adding info for No Bus:ttyp5
[    2.883275] device: 'ttyp6': device_add
[    2.883512] PM: Adding info for No Bus:ttyp6
[    2.884240] device: 'ttyp7': device_add
[    2.884480] PM: Adding info for No Bus:ttyp7
[    2.885159] device: 'ttyp8': device_add
[    2.885379] PM: Adding info for No Bus:ttyp8
[    2.886038] device: 'ttyp9': device_add
[    2.886337] PM: Adding info for No Bus:ttyp9
[    2.886991] device: 'ttypa': device_add
[    2.887253] PM: Adding info for No Bus:ttypa
[    2.887928] device: 'ttypb': device_add
[    2.889046] PM: Adding info for No Bus:ttypb
[    2.889831] device: 'ttypc': device_add
[    2.890173] PM: Adding info for No Bus:ttypc
[    2.890901] device: 'ttypd': device_add
[    2.891158] PM: Adding info for No Bus:ttypd
[    2.891818] device: 'ttype': device_add
[    2.892045] PM: Adding info for No Bus:ttype
[    2.892786] device: 'ttypf': device_add
[    2.893071] PM: Adding info for No Bus:ttypf
[    2.893839] device: 'ttyq0': device_add
[    2.894127] PM: Adding info for No Bus:ttyq0
[    2.894786] device: 'ttyq1': device_add
[    2.895021] PM: Adding info for No Bus:ttyq1
[    2.895659] device: 'ttyq2': device_add
[    2.895921] PM: Adding info for No Bus:ttyq2
[    2.897485] device: 'ttyq3': device_add
[    2.897853] PM: Adding info for No Bus:ttyq3
[    2.898554] device: 'ttyq4': device_add
[    2.898791] PM: Adding info for No Bus:ttyq4
[    2.899457] device: 'ttyq5': device_add
[    2.899691] PM: Adding info for No Bus:ttyq5
[    2.900425] device: 'ttyq6': device_add
[    2.900674] PM: Adding info for No Bus:ttyq6
[    2.901345] device: 'ttyq7': device_add
[    2.901578] PM: Adding info for No Bus:ttyq7
[    2.902233] device: 'ttyq8': device_add
[    2.902468] PM: Adding info for No Bus:ttyq8
[    2.903115] device: 'ttyq9': device_add
[    2.903387] PM: Adding info for No Bus:ttyq9
[    2.904044] device: 'ttyqa': device_add
[    2.905105] PM: Adding info for No Bus:ttyqa
[    2.905974] device: 'ttyqb': device_add
[    2.906287] PM: Adding info for No Bus:ttyqb
[    2.906968] device: 'ttyqc': device_add
[    2.907215] PM: Adding info for No Bus:ttyqc
[    2.907862] device: 'ttyqd': device_add
[    2.908092] PM: Adding info for No Bus:ttyqd
[    2.908822] device: 'ttyqe': device_add
[    2.909084] PM: Adding info for No Bus:ttyqe
[    2.909754] device: 'ttyqf': device_add
[    2.910016] PM: Adding info for No Bus:ttyqf
[    2.913418] device: 'ttyr0': device_add
[    2.913806] PM: Adding info for No Bus:ttyr0
[    2.914504] device: 'ttyr1': device_add
[    2.914797] PM: Adding info for No Bus:ttyr1
[    2.915476] device: 'ttyr2': device_add
[    2.915719] PM: Adding info for No Bus:ttyr2
[    2.916441] device: 'ttyr3': device_add
[    2.916695] PM: Adding info for No Bus:ttyr3
[    2.917366] device: 'ttyr4': device_add
[    2.917604] PM: Adding info for No Bus:ttyr4
[    2.918273] device: 'ttyr5': device_add
[    2.918512] PM: Adding info for No Bus:ttyr5
[    2.919168] device: 'ttyr6': device_add
[    2.919445] PM: Adding info for No Bus:ttyr6
[    2.920829] device: 'ttyr7': device_add
[    2.921207] PM: Adding info for No Bus:ttyr7
[    2.922011] device: 'ttyr8': device_add
[    2.922269] PM: Adding info for No Bus:ttyr8
[    2.922997] device: 'ttyr9': device_add
[    2.923260] PM: Adding info for No Bus:ttyr9
[    2.923913] device: 'ttyra': device_add
[    2.924241] PM: Adding info for No Bus:ttyra
[    2.924924] device: 'ttyrb': device_add
[    2.925194] PM: Adding info for No Bus:ttyrb
[    2.925853] device: 'ttyrc': device_add
[    2.926133] PM: Adding info for No Bus:ttyrc
[    2.926806] device: 'ttyrd': device_add
[    2.927071] PM: Adding info for No Bus:ttyrd
[    2.927741] device: 'ttyre': device_add
[    2.927990] PM: Adding info for No Bus:ttyre
[    2.929268] device: 'ttyrf': device_add
[    2.929630] PM: Adding info for No Bus:ttyrf
[    2.930307] device: 'ttys0': device_add
[    2.930567] PM: Adding info for No Bus:ttys0
[    2.931224] device: 'ttys1': device_add
[    2.931480] PM: Adding info for No Bus:ttys1
[    2.932211] device: 'ttys2': device_add
[    2.932482] PM: Adding info for No Bus:ttys2
[    2.933171] device: 'ttys3': device_add
[    2.933503] PM: Adding info for No Bus:ttys3
[    2.934171] device: 'ttys4': device_add
[    2.934442] PM: Adding info for No Bus:ttys4
[    2.935144] device: 'ttys5': device_add
[    2.935410] PM: Adding info for No Bus:ttys5
[    2.936084] device: 'ttys6': device_add
[    2.937218] PM: Adding info for No Bus:ttys6
[    2.938088] device: 'ttys7': device_add
[    2.938409] PM: Adding info for No Bus:ttys7
[    2.939089] device: 'ttys8': device_add
[    2.939352] PM: Adding info for No Bus:ttys8
[    2.940020] device: 'ttys9': device_add
[    2.940365] PM: Adding info for No Bus:ttys9
[    2.941041] device: 'ttysa': device_add
[    2.941343] PM: Adding info for No Bus:ttysa
[    2.942022] device: 'ttysb': device_add
[    2.942282] PM: Adding info for No Bus:ttysb
[    2.942945] device: 'ttysc': device_add
[    2.943199] PM: Adding info for No Bus:ttysc
[    2.943862] device: 'ttysd': device_add
[    2.945066] PM: Adding info for No Bus:ttysd
[    2.945885] device: 'ttyse': device_add
[    2.946294] PM: Adding info for No Bus:ttyse
[    2.946977] device: 'ttysf': device_add
[    2.947250] PM: Adding info for No Bus:ttysf
[    2.947907] device: 'ttyt0': device_add
[    2.948284] PM: Adding info for No Bus:ttyt0
[    2.948961] device: 'ttyt1': device_add
[    2.949246] PM: Adding info for No Bus:ttyt1
[    2.949890] device: 'ttyt2': device_add
[    2.950152] PM: Adding info for No Bus:ttyt2
[    2.950931] device: 'ttyt3': device_add
[    2.951269] PM: Adding info for No Bus:ttyt3
[    2.951920] device: 'ttyt4': device_add
[    2.952963] PM: Adding info for No Bus:ttyt4
[    2.953824] device: 'ttyt5': device_add
[    2.954249] PM: Adding info for No Bus:ttyt5
[    2.954932] device: 'ttyt6': device_add
[    2.955219] PM: Adding info for No Bus:ttyt6
[    2.955883] device: 'ttyt7': device_add
[    2.956277] PM: Adding info for No Bus:ttyt7
[    2.956962] device: 'ttyt8': device_add
[    2.957246] PM: Adding info for No Bus:ttyt8
[    2.957923] device: 'ttyt9': device_add
[    2.958194] PM: Adding info for No Bus:ttyt9
[    2.958859] device: 'ttyta': device_add
[    2.959134] PM: Adding info for No Bus:ttyta
[    2.959858] device: 'ttytb': device_add
[    2.960829] PM: Adding info for No Bus:ttytb
[    2.961591] device: 'ttytc': device_add
[    2.961983] PM: Adding info for No Bus:ttytc
[    2.962642] device: 'ttytd': device_add
[    2.962954] PM: Adding info for No Bus:ttytd
[    2.963618] device: 'ttyte': device_add
[    2.963896] PM: Adding info for No Bus:ttyte
[    2.964652] device: 'ttytf': device_add
[    2.964954] PM: Adding info for No Bus:ttytf
[    2.965621] device: 'ttyu0': device_add
[    2.965901] PM: Adding info for No Bus:ttyu0
[    2.966584] device: 'ttyu1': device_add
[    2.966859] PM: Adding info for No Bus:ttyu1
[    2.967533] device: 'ttyu2': device_add
[    2.967806] PM: Adding info for No Bus:ttyu2
[    2.969317] device: 'ttyu3': device_add
[    2.969753] PM: Adding info for No Bus:ttyu3
[    2.970474] device: 'ttyu4': device_add
[    2.970804] PM: Adding info for No Bus:ttyu4
[    2.971501] device: 'ttyu5': device_add
[    2.971790] PM: Adding info for No Bus:ttyu5
[    2.972550] device: 'ttyu6': device_add
[    2.972851] PM: Adding info for No Bus:ttyu6
[    2.973538] device: 'ttyu7': device_add
[    2.973827] PM: Adding info for No Bus:ttyu7
[    2.974487] device: 'ttyu8': device_add
[    2.974820] PM: Adding info for No Bus:ttyu8
[    2.975499] device: 'ttyu9': device_add
[    2.975786] PM: Adding info for No Bus:ttyu9
[    2.977178] device: 'ttyua': device_add
[    2.977633] PM: Adding info for No Bus:ttyua
[    2.978361] device: 'ttyub': device_add
[    2.978695] PM: Adding info for No Bus:ttyub
[    2.979368] device: 'ttyuc': device_add
[    2.979660] PM: Adding info for No Bus:ttyuc
[    2.980404] device: 'ttyud': device_add
[    2.980714] PM: Adding info for No Bus:ttyud
[    2.981398] device: 'ttyue': device_add
[    2.981686] PM: Adding info for No Bus:ttyue
[    2.982354] device: 'ttyuf': device_add
[    2.982647] PM: Adding info for No Bus:ttyuf
[    2.983339] device: 'ttyv0': device_add
[    2.983628] PM: Adding info for No Bus:ttyv0
[    2.985183] device: 'ttyv1': device_add
[    2.985658] PM: Adding info for No Bus:ttyv1
[    2.986405] device: 'ttyv2': device_add
[    2.986709] PM: Adding info for No Bus:ttyv2
[    2.987391] device: 'ttyv3': device_add
[    2.987678] PM: Adding info for No Bus:ttyv3
[    2.988439] device: 'ttyv4': device_add
[    2.988739] PM: Adding info for No Bus:ttyv4
[    2.989420] device: 'ttyv5': device_add
[    2.989707] PM: Adding info for No Bus:ttyv5
[    2.990359] device: 'ttyv6': device_add
[    2.990646] PM: Adding info for No Bus:ttyv6
[    2.991310] device: 'ttyv7': device_add
[    2.991599] PM: Adding info for No Bus:ttyv7
[    2.992987] device: 'ttyv8': device_add
[    2.993462] PM: Adding info for No Bus:ttyv8
[    2.994220] device: 'ttyv9': device_add
[    2.994532] PM: Adding info for No Bus:ttyv9
[    2.995227] device: 'ttyva': device_add
[    2.995573] PM: Adding info for No Bus:ttyva
[    2.996328] device: 'ttyvb': device_add
[    2.996653] PM: Adding info for No Bus:ttyvb
[    2.997342] device: 'ttyvc': device_add
[    2.997638] PM: Adding info for No Bus:ttyvc
[    2.998326] device: 'ttyvd': device_add
[    2.998621] PM: Adding info for No Bus:ttyvd
[    2.999296] device: 'ttyve': device_add
[    2.999622] PM: Adding info for No Bus:ttyve
[    3.001327] device: 'ttyvf': device_add
[    3.001809] PM: Adding info for No Bus:ttyvf
[    3.002545] device: 'ttyw0': device_add
[    3.002859] PM: Adding info for No Bus:ttyw0
[    3.003550] device: 'ttyw1': device_add
[    3.003852] PM: Adding info for No Bus:ttyw1
[    3.004599] device: 'ttyw2': device_add
[    3.004916] PM: Adding info for No Bus:ttyw2
[    3.005585] device: 'ttyw3': device_add
[    3.005879] PM: Adding info for No Bus:ttyw3
[    3.006656] device: 'ttyw4': device_add
[    3.007031] PM: Adding info for No Bus:ttyw4
[    3.007706] device: 'ttyw5': device_add
[    3.008061] PM: Adding info for No Bus:ttyw5
[    3.009530] device: 'ttyw6': device_add
[    3.009989] PM: Adding info for No Bus:ttyw6
[    3.010677] device: 'ttyw7': device_add
[    3.010994] PM: Adding info for No Bus:ttyw7
[    3.011651] device: 'ttyw8': device_add
[    3.011960] PM: Adding info for No Bus:ttyw8
[    3.012712] device: 'ttyw9': device_add
[    3.013045] PM: Adding info for No Bus:ttyw9
[    3.013726] device: 'ttywa': device_add
[    3.014038] PM: Adding info for No Bus:ttywa
[    3.014706] device: 'ttywb': device_add
[    3.015048] PM: Adding info for No Bus:ttywb
[    3.015729] device: 'ttywc': device_add
[    3.016099] PM: Adding info for No Bus:ttywc
[    3.017600] device: 'ttywd': device_add
[    3.018080] PM: Adding info for No Bus:ttywd
[    3.018796] device: 'ttywe': device_add
[    3.019118] PM: Adding info for No Bus:ttywe
[    3.019809] device: 'ttywf': device_add
[    3.020194] PM: Adding info for No Bus:ttywf
[    3.020907] device: 'ttyx0': device_add
[    3.021239] PM: Adding info for No Bus:ttyx0
[    3.021927] device: 'ttyx1': device_add
[    3.022252] PM: Adding info for No Bus:ttyx1
[    3.022926] device: 'ttyx2': device_add
[    3.023287] PM: Adding info for No Bus:ttyx2
[    3.023981] device: 'ttyx3': device_add
[    3.025048] PM: Adding info for No Bus:ttyx3
[    3.025850] device: 'ttyx4': device_add
[    3.026241] PM: Adding info for No Bus:ttyx4
[    3.026939] device: 'ttyx5': device_add
[    3.027276] PM: Adding info for No Bus:ttyx5
[    3.027939] device: 'ttyx6': device_add
[    3.028358] PM: Adding info for No Bus:ttyx6
[    3.029045] device: 'ttyx7': device_add
[    3.029388] PM: Adding info for No Bus:ttyx7
[    3.030081] device: 'ttyx8': device_add
[    3.030443] PM: Adding info for No Bus:ttyx8
[    3.031124] device: 'ttyx9': device_add
[    3.031463] PM: Adding info for No Bus:ttyx9
[    3.033058] device: 'ttyxa': device_add
[    3.033568] PM: Adding info for No Bus:ttyxa
[    3.034436] device: 'ttyxb': device_add
[    3.034812] PM: Adding info for No Bus:ttyxb
[    3.035501] device: 'ttyxc': device_add
[    3.035834] PM: Adding info for No Bus:ttyxc
[    3.036595] device: 'ttyxd': device_add
[    3.036951] PM: Adding info for No Bus:ttyxd
[    3.037636] device: 'ttyxe': device_add
[    3.038017] PM: Adding info for No Bus:ttyxe
[    3.038693] device: 'ttyxf': device_add
[    3.039070] PM: Adding info for No Bus:ttyxf
[    3.039873] device: 'ttyy0': device_add
[    3.041092] PM: Adding info for No Bus:ttyy0
[    3.041908] device: 'ttyy1': device_add
[    3.042346] PM: Adding info for No Bus:ttyy1
[    3.043061] device: 'ttyy2': device_add
[    3.043415] PM: Adding info for No Bus:ttyy2
[    3.044097] device: 'ttyy3': device_add
[    3.044542] PM: Adding info for No Bus:ttyy3
[    3.045243] device: 'ttyy4': device_add
[    3.045586] PM: Adding info for No Bus:ttyy4
[    3.046274] device: 'ttyy5': device_add
[    3.046608] PM: Adding info for No Bus:ttyy5
[    3.047297] device: 'ttyy6': device_add
[    3.047663] PM: Adding info for No Bus:ttyy6
[    3.049040] device: 'ttyy7': device_add
[    3.049595] PM: Adding info for No Bus:ttyy7
[    3.050329] device: 'ttyy8': device_add
[    3.050709] PM: Adding info for No Bus:ttyy8
[    3.051456] device: 'ttyy9': device_add
[    3.051843] PM: Adding info for No Bus:ttyy9
[    3.052625] device: 'ttyya': device_add
[    3.052991] PM: Adding info for No Bus:ttyya
[    3.053686] device: 'ttyyb': device_add
[    3.054068] PM: Adding info for No Bus:ttyyb
[    3.054765] device: 'ttyyc': device_add
[    3.055155] PM: Adding info for No Bus:ttyyc
[    3.055867] device: 'ttyyd': device_add
[    3.056949] PM: Adding info for No Bus:ttyyd
[    3.057762] device: 'ttyye': device_add
[    3.058225] PM: Adding info for No Bus:ttyye
[    3.058928] device: 'ttyyf': device_add
[    3.059292] PM: Adding info for No Bus:ttyyf
[    3.059983] device: 'ttyz0': device_add
[    3.060431] PM: Adding info for No Bus:ttyz0
[    3.061149] device: 'ttyz1': device_add
[    3.061559] PM: Adding info for No Bus:ttyz1
[    3.062254] device: 'ttyz2': device_add
[    3.062610] PM: Adding info for No Bus:ttyz2
[    3.063299] device: 'ttyz3': device_add
[    3.063693] PM: Adding info for No Bus:ttyz3
[    3.065280] device: 'ttyz4': device_add
[    3.065785] PM: Adding info for No Bus:ttyz4
[    3.066512] device: 'ttyz5': device_add
[    3.066876] PM: Adding info for No Bus:ttyz5
[    3.067571] device: 'ttyz6': device_add
[    3.067933] PM: Adding info for No Bus:ttyz6
[    3.068762] device: 'ttyz7': device_add
[    3.069161] PM: Adding info for No Bus:ttyz7
[    3.069855] device: 'ttyz8': device_add
[    3.070219] PM: Adding info for No Bus:ttyz8
[    3.070907] device: 'ttyz9': device_add
[    3.071308] PM: Adding info for No Bus:ttyz9
[    3.072097] device: 'ttyza': device_add
[    3.073387] PM: Adding info for No Bus:ttyza
[    3.074226] device: 'ttyzb': device_add
[    3.074629] PM: Adding info for No Bus:ttyzb
[    3.075357] device: 'ttyzc': device_add
[    3.075738] PM: Adding info for No Bus:ttyzc
[    3.076512] device: 'ttyzd': device_add
[    3.076902] PM: Adding info for No Bus:ttyzd
[    3.077591] device: 'ttyze': device_add
[    3.077957] PM: Adding info for No Bus:ttyze
[    3.078646] device: 'ttyzf': device_add
[    3.079013] PM: Adding info for No Bus:ttyzf
[    3.079705] device: 'ttya0': device_add
[    3.080110] PM: Adding info for No Bus:ttya0
[    3.081481] device: 'ttya1': device_add
[    3.081970] PM: Adding info for No Bus:ttya1
[    3.082682] device: 'ttya2': device_add
[    3.083056] PM: Adding info for No Bus:ttya2
[    3.083755] device: 'ttya3': device_add
[    3.084254] PM: Adding info for No Bus:ttya3
[    3.084963] device: 'ttya4': device_add
[    3.085353] PM: Adding info for No Bus:ttya4
[    3.086105] device: 'ttya5': device_add
[    3.086509] PM: Adding info for No Bus:ttya5
[    3.087195] device: 'ttya6': device_add
[    3.087601] PM: Adding info for No Bus:ttya6
[    3.088928] device: 'ttya7': device_add
[    3.089449] PM: Adding info for No Bus:ttya7
[    3.090221] device: 'ttya8': device_add
[    3.090603] PM: Adding info for No Bus:ttya8
[    3.091306] device: 'ttya9': device_add
[    3.091689] PM: Adding info for No Bus:ttya9
[    3.092453] device: 'ttyaa': device_add
[    3.092863] PM: Adding info for No Bus:ttyaa
[    3.093556] device: 'ttyab': device_add
[    3.093937] PM: Adding info for No Bus:ttyab
[    3.094618] device: 'ttyac': device_add
[    3.094996] PM: Adding info for No Bus:ttyac
[    3.095693] device: 'ttyad': device_add
[    3.096102] PM: Adding info for No Bus:ttyad
[    3.097814] device: 'ttyae': device_add
[    3.098350] PM: Adding info for No Bus:ttyae
[    3.099063] device: 'ttyaf': device_add
[    3.099453] PM: Adding info for No Bus:ttyaf
[    3.100221] device: 'ttyb0': device_add
[    3.100629] PM: Adding info for No Bus:ttyb0
[    3.101357] device: 'ttyb1': device_add
[    3.101744] PM: Adding info for No Bus:ttyb1
[    3.102439] device: 'ttyb2': device_add
[    3.102823] PM: Adding info for No Bus:ttyb2
[    3.103586] device: 'ttyb3': device_add
[    3.103984] PM: Adding info for No Bus:ttyb3
[    3.105545] device: 'ttyb4': device_add
[    3.106152] PM: Adding info for No Bus:ttyb4
[    3.106902] device: 'ttyb5': device_add
[    3.107363] PM: Adding info for No Bus:ttyb5
[    3.108065] device: 'ttyb6': device_add
[    3.108564] PM: Adding info for No Bus:ttyb6
[    3.109281] device: 'ttyb7': device_add
[    3.109683] PM: Adding info for No Bus:ttyb7
[    3.110376] device: 'ttyb8': device_add
[    3.110767] PM: Adding info for No Bus:ttyb8
[    3.111476] device: 'ttyb9': device_add
[    3.111874] PM: Adding info for No Bus:ttyb9
[    3.113339] device: 'ttyba': device_add
[    3.113920] PM: Adding info for No Bus:ttyba
[    3.114672] device: 'ttybb': device_add
[    3.115076] PM: Adding info for No Bus:ttybb
[    3.115785] device: 'ttybc': device_add
[    3.116271] PM: Adding info for No Bus:ttybc
[    3.116998] device: 'ttybd': device_add
[    3.117410] PM: Adding info for No Bus:ttybd
[    3.118119] device: 'ttybe': device_add
[    3.118519] PM: Adding info for No Bus:ttybe
[    3.119229] device: 'ttybf': device_add
[    3.119624] PM: Adding info for No Bus:ttybf
[    3.120983] device: 'ttyc0': device_add
[    3.121501] PM: Adding info for No Bus:ttyc0
[    3.122308] device: 'ttyc1': device_add
[    3.122784] PM: Adding info for No Bus:ttyc1
[    3.123488] device: 'ttyc2': device_add
[    3.123895] PM: Adding info for No Bus:ttyc2
[    3.124683] device: 'ttyc3': device_add
[    3.125107] PM: Adding info for No Bus:ttyc3
[    3.125819] device: 'ttyc4': device_add
[    3.126230] PM: Adding info for No Bus:ttyc4
[    3.126938] device: 'ttyc5': device_add
[    3.127349] PM: Adding info for No Bus:ttyc5
[    3.128047] device: 'ttyc6': device_add
[    3.129421] PM: Adding info for No Bus:ttyc6
[    3.130263] device: 'ttyc7': device_add
[    3.130779] PM: Adding info for No Bus:ttyc7
[    3.131507] device: 'ttyc8': device_add
[    3.131942] PM: Adding info for No Bus:ttyc8
[    3.132732] device: 'ttyc9': device_add
[    3.133168] PM: Adding info for No Bus:ttyc9
[    3.133871] device: 'ttyca': device_add
[    3.134277] PM: Adding info for No Bus:ttyca
[    3.134971] device: 'ttycb': device_add
[    3.135411] PM: Adding info for No Bus:ttycb
[    3.136809] device: 'ttycc': device_add
[    3.137387] PM: Adding info for No Bus:ttycc
[    3.138173] device: 'ttycd': device_add
[    3.138608] PM: Adding info for No Bus:ttycd
[    3.139338] device: 'ttyce': device_add
[    3.139799] PM: Adding info for No Bus:ttyce
[    3.140647] device: 'ttycf': device_add
[    3.141117] PM: Adding info for No Bus:ttycf
[    3.141826] device: 'ttyd0': device_add
[    3.142240] PM: Adding info for No Bus:ttyd0
[    3.142935] device: 'ttyd1': device_add
[    3.143346] PM: Adding info for No Bus:ttyd1
[    3.144049] device: 'ttyd2': device_add
[    3.145147] PM: Adding info for No Bus:ttyd2
[    3.145934] device: 'ttyd3': device_add
[    3.146390] PM: Adding info for No Bus:ttyd3
[    3.147090] device: 'ttyd4': device_add
[    3.147548] PM: Adding info for No Bus:ttyd4
[    3.148323] device: 'ttyd5': device_add
[    3.148777] PM: Adding info for No Bus:ttyd5
[    3.149492] device: 'ttyd6': device_add
[    3.149922] PM: Adding info for No Bus:ttyd6
[    3.150634] device: 'ttyd7': device_add
[    3.151058] PM: Adding info for No Bus:ttyd7
[    3.151771] device: 'ttyd8': device_add
[    3.152835] PM: Adding info for No Bus:ttyd8
[    3.153610] device: 'ttyd9': device_add
[    3.154124] PM: Adding info for No Bus:ttyd9
[    3.154847] device: 'ttyda': device_add
[    3.155315] PM: Adding info for No Bus:ttyda
[    3.156021] device: 'ttydb': device_add
[    3.156580] PM: Adding info for No Bus:ttydb
[    3.157301] device: 'ttydc': device_add
[    3.157748] PM: Adding info for No Bus:ttydc
[    3.158506] device: 'ttydd': device_add
[    3.158958] PM: Adding info for No Bus:ttydd
[    3.159652] device: 'ttyde': device_add
[    3.160071] PM: Adding info for No Bus:ttyde
[    3.161411] device: 'ttydf': device_add
[    3.161970] PM: Adding info for No Bus:ttydf
[    3.162672] device: 'ttye0': device_add
[    3.163114] PM: Adding info for No Bus:ttye0
[    3.163828] device: 'ttye1': device_add
[    3.164344] PM: Adding info for No Bus:ttye1
[    3.165058] device: 'ttye2': device_add
[    3.165556] PM: Adding info for No Bus:ttye2
[    3.166271] device: 'ttye3': device_add
[    3.166716] PM: Adding info for No Bus:ttye3
[    3.167411] device: 'ttye4': device_add
[    3.167848] PM: Adding info for No Bus:ttye4
[    3.169463] device: 'ttye5': device_add
[    3.170105] PM: Adding info for No Bus:ttye5
[    3.170840] device: 'ttye6': device_add
[    3.171293] PM: Adding info for No Bus:ttye6
[    3.172022] device: 'ttye7': device_add
[    3.172569] PM: Adding info for No Bus:ttye7
[    3.173286] device: 'ttye8': device_add
[    3.173773] PM: Adding info for No Bus:ttye8
[    3.174476] device: 'ttye9': device_add
[    3.174934] PM: Adding info for No Bus:ttye9
[    3.175647] device: 'ttyea': device_add
[    3.176090] PM: Adding info for No Bus:ttyea
[    3.177536] device: 'ttyeb': device_add
[    3.178130] PM: Adding info for No Bus:ttyeb
[    3.178868] device: 'ttyec': device_add
[    3.179378] PM: Adding info for No Bus:ttyec
[    3.180087] device: 'ttyed': device_add
[    3.180644] PM: Adding info for No Bus:ttyed
[    3.181376] device: 'ttyee': device_add
[    3.181829] PM: Adding info for No Bus:ttyee
[    3.182551] device: 'ttyef': device_add
[    3.183043] PM: Adding info for No Bus:ttyef
[    3.183984] device: 'ptmx': device_add
[    3.185159] PM: Adding info for No Bus:ptmx
[    3.186061] Initializing Nozomi driver 2.1d (build date: Jan 10 2009 13:32:38)
[    3.186306] bus: 'pci': add driver nozomi
[    3.187048] bus: 'virtio': add driver virtio_console
[    3.187689] device class 'raw': registering
[    3.188413] device: 'rawctl': device_add
[    3.188721] PM: Adding info for No Bus:rawctl
[    3.189537] device class 'printer': registering
[    3.190230] lp: driver loaded but no devices found
[    3.190349] Applicom driver: $Id: ac.c,v 1.30 2000/03/22 16:03:57 dwmw2 Exp $
[    3.190484] ac.o: No PCI boards found.
[    3.190580] ac.o: For an ISA board you must supply memory and irq parameters.
[    3.190689] sonypi: Sony Programmable I/O Controller Driver v1.26.
[    3.190800] toshiba: not a supported Toshiba laptop
[    3.190937] device class 'ppdev': registering
[    3.191558] ppdev: user-space parallel port driver
[    3.191666] scx200_gpio: no SCx200 gpio present
[    3.191765] nsc_gpio initializing
[    3.191772] Linux agpgart interface v0.103
[    3.191882] bus: 'pci': add driver agpgart-ali
[    3.193536] bus: 'pci': add driver agpgart-amdk7
[    3.194228] bus: 'pci': add driver agpgart-amd64
[    3.194954] bus: 'pci': add driver agpgart-intel
[    3.194999] bus: 'pci': driver_probe_device: matched device 0000:00:00.0 with driver agpgart-intel
[    3.195010] bus: 'pci': really_probe: probing driver agpgart-intel with device 0000:00:00.0
[    3.195073] agpgart-intel 0000:00:00.0: Intel 440BX Chipset
[    3.201297] device: 'agpgart': device_add
[    3.201731] PM: Adding info for No Bus:agpgart
[    3.202664] agpgart-intel 0000:00:00.0: AGP aperture is 64M @ 0xf8000000
[    3.202792] driver: '0000:00:00.0': driver_bound: bound to device 'agpgart-intel'
[    3.202805] bus: 'pci': really_probe: bound device 0000:00:00.0 to driver agpgart-intel
[    3.203508] bus: 'pci': add driver agpgart-sis
[    3.204251] bus: 'pci': add driver agpgart-serverworks
[    3.204927] bus: 'pci': add driver agpgart-via
[    3.205608] ipwireless 1.1 by Stephen Blackheath, Ben Martel, Jiri Kosina and David Sterba
[    3.205815] bus: 'pcmcia': add driver ipwireless
[    3.206459] SyncLink PC Card driver $Revision: 4.34 $
[    3.206570] bus: 'pcmcia': add driver synclink_cs
[    3.207259] device: 'ttySLP0': device_add
[    3.207957] PM: Adding info for No Bus:ttySLP0
[    3.209468] device: 'ttySLP1': device_add
[    3.210073] PM: Adding info for No Bus:ttySLP1
[    3.210834] device: 'ttySLP2': device_add
[    3.211297] PM: Adding info for No Bus:ttySLP2
[    3.212079] device: 'ttySLP3': device_add
[    3.212654] PM: Adding info for No Bus:ttySLP3
[    3.213397] SyncLink PC Card driver $Revision: 4.34 $, tty major#250
[    3.213521] cm4000_cs.c v2.4.0gm6 - All bugs added by Harald Welte
[    3.213629] device class 'cardman_4000': registering
[    3.214312] bus: 'pcmcia': add driver cm4000_cs
[    3.214948] OMNIKEY CardMan 4040 v1.1.0gm5 - All bugs added by Harald Welte
[    3.215070] device class 'cardman_4040': registering
[    3.215730] bus: 'pcmcia': add driver cm4040_cs
[    3.216833] device class 'drm': registering
[    3.217508] [drm] Initialized drm 1.1.0 20060810
[    3.218687] bus: 'pci': add driver i810fb
[    3.219373] intelfb: intelfb_init
[    3.219383] intelfb: Framebuffer driver for Intel(R) 830M/845G/852GM/855GM/865G/915G/915GM/945G/945GM/945GME/965G/965GM chipsets
[    3.219556] intelfb: Version 0.9.6
[    3.219654] intelfb: intelfb_setup
[    3.219660] intelfb: no options
[    3.219674] bus: 'pci': add driver intelfb
[    3.220414] Serial: 8250/16550 driver, 4 ports, IRQ sharing enabled
[    3.220634] Registering platform device 'serial8250'. Parent at platform
[    3.220645] device: 'serial8250': device_add
[    3.220714] bus: 'platform': add device serial8250
[    3.220777] PM: Adding info for platform:serial8250
[    3.221739] serial8250: ttyS0 at I/O 0x3f8 (irq = 4) is a 16550A
[    3.221879] device: 'ttyS0': device_add
[    3.222594] PM: Adding info for No Bus:ttyS0
[    3.223607] serial8250: ttyS1 at I/O 0x2f8 (irq = 3) is a NS16550A
[    3.223754] device: 'ttyS1': device_add
[    3.225237] PM: Adding info for No Bus:ttyS1
[    3.226144] device: 'ttyS2': device_add
[    3.226778] PM: Adding info for No Bus:ttyS2
[    3.227584] device: 'ttyS3': device_add
[    3.228106] PM: Adding info for No Bus:ttyS3
[    3.228947] bus: 'platform': add driver serial8250
[    3.229011] bus: 'platform': driver_probe_device: matched device serial8250 with driver serial8250
[    3.229023] bus: 'platform': really_probe: probing driver serial8250 with device serial8250
[    3.229086] driver: 'serial8250': driver_bound: bound to device 'serial8250'
[    3.229098] bus: 'platform': really_probe: bound device serial8250 to driver serial8250
[    3.229729] bus: 'pci': add driver serial
[    3.230560] bus: 'pcmcia': add driver serial_cs
[    3.231394] bus: 'platform': add driver ax88796-pp
[    3.233791] device: 'ram0': device_add
[    3.233939] PM: Adding info for No Bus:ram0
[    3.234936] device: '1:0': device_add
[    3.235055] PM: Adding info for No Bus:1:0
[    3.235822] device: 'ram1': device_add
[    3.235942] PM: Adding info for No Bus:ram1
[    3.236724] device: '1:1': device_add
[    3.236808] PM: Adding info for No Bus:1:1
[    3.237487] device: 'ram2': device_add
[    3.237697] PM: Adding info for No Bus:ram2
[    3.238350] device: '1:2': device_add
[    3.238472] PM: Adding info for No Bus:1:2
[    3.239183] device: 'ram3': device_add
[    3.239300] PM: Adding info for No Bus:ram3
[    3.239950] device: '1:3': device_add
[    3.240026] PM: Adding info for No Bus:1:3
[    3.241377] device: 'ram4': device_add
[    3.241534] PM: Adding info for No Bus:ram4
[    3.242212] device: '1:4': device_add
[    3.242322] PM: Adding info for No Bus:1:4
[    3.242991] device: 'ram5': device_add
[    3.243106] PM: Adding info for No Bus:ram5
