Date: Mon, 15 Dec 2008 12:14:13 +0100
From: Cédric Godin <>
Subject: Re: Xorg crash at first start
Sender: linux-kernel-owner@vger.kernel.org
Precedence: bulk
List-ID: <linux-kernel.vger.kernel.org>
X-Mailing-List: linux-kernel@vger.kernel.org
X-Lkml-Link: https://lkml.org/lkml/2008/12/15/67

Dave Airlie wrote:
> On Mon, Dec 8, 2008 at 8:23 PM, Cédric Godin <cedric@belbone.be> wrote:
> 
>> Dave Airlie wrote:
>> 
>>> On Fri, Dec 5, 2008 at 9:48 PM, Cédric Godin <cedric@belbone.be> wrote:
>>>
>>> 
>>>> Dave Airlie wrote:
>>>>
>>>> 
>>>>> On Fri, Dec 5, 2008 at 12:26 AM, Cédric Godin <cedric@belbone.be> wrote:
>>>>>
>>>>>
>>>>> 
>>>>>> Hello,
>>>>>>
>>>>>> With the v2.6.28-rc7-105-gfeaf384 kernel, when booting my compaq with
>>>>>> attached config, the screen switches in graphical mode but then switches
>>>>>> back in textual mode with an 'irq10 nobody cared' error in dmesg (attached).
>>>>>>
>>>>>> If I restart kdm by hand, all is ok (i have my kdm) but the error yet
>>>>>> appears in dmesg (at each X start in fact).
>>>>>>
>>>>>> I bisected the problem (git bisect log attached) and found the following
>>>>>> commit as "culprit" :
>>>>>>
>>>>>> commit 52440211dcdc52c0b757f8b34d122e11b12cdd50
>>>>>> Author: Keith Packard <keithp@keithp.com>
>>>>>> Date:   Tue Nov 18 09:30:25 2008 -0800
>>>>>>
>>>>>>    drm: move drm vblank initialization/cleanup to driver load/unload
>>>>>>
>>>>>>    drm vblank initialization keeps track of the changes in driver-supplied
>>>>>>    frame counts across vt switch and mode setting, but only if you let
>>>>>> it by
>>>>>>    not tearing down the drm vblank structure.
>>>>>>
>>>>>>    Signed-off-by: Keith Packard <keithp@keithp.com>
>>>>>>    Signed-off-by: Dave Airlie <airlied@redhat.com>
>>>>>>
>>>>>> Reverting it brings back my X screen at first start.
>>>>>>
>>>>>>
>>>>>> 
>>>>> Just for testing, can you try without using vesafb....
>>>>>
>>>>> so remove the vga= line from the commandline or build the kernel
>>>>> without vesafb support.
>>>>>
>>>>>
>>>>> 
>>>> I can confirm the problem without vesafb
>>>>
>>>> 
>>> Can you boot to a runlevel with no X running
>>> do
>>> modprobe drm debug=1
>>> or if drm is loaded
>>> echo 1 > /sys/module/drm/parameters/debug
>>> and then start X
>>>
>>> and attach the dmesg here.
>>>
>>> I've some ideas but no concrete reason for what might be going wrong.
>>>
>>> Dave.
>>>
>>> 
>> First sorry for late answer.
>> Here is the dmesg asked in attach (modprobe + startx).
>> Hope it helps.
>>
>> 
>
> Can you check out latest Linus git and retry this.
>
> Dave.
> --
> To unsubscribe from this list: send the line "unsubscribe linux-kernel" in
> the body of a message to majordomo@vger.kernel.org
> More majordomo info at  
http://vger.kernel.org/majordomo-info.html
> Please read the FAQ at  
http://www.tux.org/lkml/
> 
Hello,
here is the result. The X server started this time (with the irq 10
nobody cared).
But if I use kdm, i still have the problem.
I think that X is starting more slowly than before and that kdm gives up.
It seems i'm not the only one :
http://forums.gentoo.org/viewtopic-t-677324-highlight-kdm.html.
Cedric
BIOS EBDA/lowmem at: 0009fc00/0009fc00
Linux version 2.6.28-rc8-00019-gcefb3d0 (cedric@enea) (gcc version 4.2.4 (Gentoo 4.2.4 p1.0)) #1 Mon Dec 15 10:46:28 CET 2008
KERNEL supported cpus:
  Intel GenuineIntel
  AMD AuthenticAMD
  NSC Geode by NSC
  Cyrix CyrixInstead
  Centaur CentaurHauls
  Transmeta GenuineTMx86
  Transmeta TransmetaCPU
  UMC UMC UMC UMC
PAT WC disabled due to known CPU erratum.
BIOS-provided physical RAM map:
 BIOS-e820: 0000000000000000 - 000000000009fc00 (usable)
 BIOS-e820: 000000000009fc00 - 00000000000a0000 (reserved)
 BIOS-e820: 00000000000e0000 - 0000000000100000 (reserved)
 BIOS-e820: 0000000000100000 - 000000001ffd0000 (usable)
 BIOS-e820: 000000001ffd0000 - 000000001fff0c00 (reserved)
 BIOS-e820: 000000001fff0c00 - 000000001fffc000 (ACPI NVS)
 BIOS-e820: 000000001fffc000 - 0000000020000000 (reserved)
DMI 2.3 present.
last_pfn = 0x1ffd0 max_arch_pfn = 0x100000
kernel direct mapping tables up to 1ffd0000 @ 7000-d000
RAMDISK: 1ff53000 - 1ffbf19e
ACPI: RSDP 000F6F90, 0014 (r0 COMPAQ)
ACPI: RSDT 1FFF0C84, 002C (r1 HP     HP0890   22040420 CPQ         1)
ACPI: FACP 1FFF0C00, 0084 (r2 HP     HP0890          2 CPQ         1)
ACPI: DSDT 1FFF0CB0, 62D9 (r1 HP       nc6000    10000 MSFT  100000E)
ACPI: FACS 1FFFBE80, 0040
ACPI: SSDT 1FFF6F89, 028A (r1 COMPAQ  CPQGysr     1001 MSFT  100000E)
511MB LOWMEM available.
  mapped low ram: 0 - 1ffd0000
  low ram: 00000000 - 1ffd0000
  bootmap 00001000 - 00004ffc
(7 early reservations) ==> bootmem [0000000000 - 001ffd0000]
  #0 [0000000000 - 0000001000]   BIOS data page ==> [0000000000 - 0000001000]
  #1 [0000100000 - 00004436e4]    TEXT DATA BSS ==> [0000100000 - 00004436e4]
  #2 [001ff53000 - 001ffbf19e]          RAMDISK ==> [001ff53000 - 001ffbf19e]
  #3 [0000444000 - 0000447000]    INIT_PG_TABLE ==> [0000444000 - 0000447000]
  #4 [000009fc00 - 0000100000]    BIOS reserved ==> [000009fc00 - 0000100000]
  #5 [0000007000 - 0000009000]          PGTABLE ==> [0000007000 - 0000009000]
  #6 [0000001000 - 0000005000]          BOOTMAP ==> [0000001000 - 0000005000]
Zone PFN ranges:
  DMA      0x00000000 -> 0x00001000
  Normal   0x00001000 -> 0x0001ffd0
Movable zone start PFN for each node
early_node_map[2] active PFN ranges
    0: 0x00000000 -> 0x0000009f
    0: 0x00000100 -> 0x0001ffd0
On node 0 totalpages: 130927
free_area_init_node: node 0, pgdat c03b2c40, node_mem_map c1000000
  DMA zone: 32 pages used for memmap
  DMA zone: 0 pages reserved
  DMA zone: 3967 pages, LIFO batch:0
  Normal zone: 992 pages used for memmap
  Normal zone: 125936 pages, LIFO batch:31
  Movable zone: 0 pages used for memmap
ACPI: PM-Timer IO Port: 0x1008
Local APIC disabled by BIOS -- reenabling.
Found and enabled local APIC!
PM: Registered nosave memory: 000000000009f000 - 00000000000a0000
PM: Registered nosave memory: 00000000000a0000 - 00000000000e0000
PM: Registered nosave memory: 00000000000e0000 - 0000000000100000
Allocating PCI resources starting at 30000000 (gap: 20000000:e0000000)
Built 1 zonelists in Zone order, mobility grouping on.  Total pages: 129903
Kernel command line: root=/dev/sda1 resume=/dev/sda5 vga=0x316 video=vesafb:ywrap,mtrr,1024x768-16@60 splash=silent,theme:livecd-2007.0 CONSOLE=/dev/tty1 acpi_sleep=s3_bios lapic hpet=force softlevel=single
Enabling fast FPU save and restore... done.
Enabling unmasked SIMD FPU exception support... done.
Initializing CPU#0
PID hash table entries: 2048 (order: 11, 8192 bytes)
Fast TSC calibration using PIT
Detected 1594.897 MHz processor.
Console: colour dummy device 80x25
console [tty0] enabled
Dentry cache hash table entries: 65536 (order: 6, 262144 bytes)
Inode-cache hash table entries: 32768 (order: 5, 131072 bytes)
Memory: 515140k/524096k available (1965k kernel code, 8316k reserved, 838k data, 268k init, 0k highmem)
virtual kernel memory layout:
    fixmap  : 0xfffac000 - 0xfffff000   ( 332 kB)
    vmalloc : 0xe07d0000 - 0xfffaa000   ( 503 MB)
    lowmem  : 0xc0000000 - 0xdffd0000   ( 511 MB)
      .init : 0xc03c0000 - 0xc0403000   ( 268 kB)
      .data : 0xc02eb77c - 0xc03bd040   ( 838 kB)
      .text : 0xc0100000 - 0xc02eb77c   (1965 kB)
Checking if this processor honours the WP bit even in supervisor mode...Ok.
SLUB: Genslabs=12, HWalign=64, Order=0-3, MinObjects=0, CPUs=1, Nodes=1
Calibrating delay loop (skipped), value calculated using timer frequency.. 3189.79 BogoMIPS (lpj=1594897)
Mount-cache hash table entries: 512
CPU: L1 I cache: 32K, L1 D cache: 32K
CPU: L2 cache: 2048K
CPU: Intel(R) Pentium(R) M processor 1.60GHz stepping 06
Checking 'hlt' instruction... OK.
Freeing SMP alternatives: 0k freed
ACPI: Core revision 20080926
ACPI: setting ELCR to 0200 (from 0c00)
net_namespace: 532 bytes
HP Compaq Laptop series board detected. Selecting BIOS-method for reboots.
NET: Registered protocol family 16
ACPI: bus type pci registered
PCI: PCI BIOS revision 2.10 entry at 0xf031f, last bus=5
PCI: Using configuration type 1 for base access
ACPI: EC: Look up EC in DSDT
ACPI: EC: non-query interrupt received, switching to interrupt mode
ACPI: Interpreter enabled
ACPI: (supports S0 S3 S4 S5)
ACPI: Using PIC for interrupt routing
ACPI: EC: GPE = 0x10, I/O: command/status = 0x66, data = 0x62
ACPI: EC: driver started in interrupt mode
ACPI: No dock devices found.
ACPI: PCI Root Bridge [C045] (0000:00)
pci 0000:00:00.0: reg 10 32bit mmio: [0xb0000000-0xbfffffff]
pci 0000:00:1d.0: reg 20 io port: [0x38c0-0x38df]
pci 0000:00:1d.1: reg 20 io port: [0x38e0-0x38ff]
pci 0000:00:1d.2: reg 20 io port: [0x3c00-0x3c1f]
pci 0000:00:1d.7: reg 10 32bit mmio: [0xa0000000-0xa00003ff]
pci 0000:00:1d.7: PME# supported from D0 D3hot D3cold
pci 0000:00:1d.7: PME# disabled
pci 0000:00:1f.0: Force enabled HPET at 0xfed00000
pci 0000:00:1f.0: Enabled i801 SMBus device
pci 0000:00:1f.0: quirk: region 1000-107f claimed by ICH4 ACPI/GPIO/TCO
pci 0000:00:1f.0: quirk: region 1100-113f claimed by ICH4 GPIO
pci 0000:00:1f.1: reg 10 io port: [0x00-0x07]
pci 0000:00:1f.1: reg 14 io port: [0x00-0x03]
pci 0000:00:1f.1: reg 18 io port: [0x00-0x07]
pci 0000:00:1f.1: reg 1c io port: [0x00-0x03]
pci 0000:00:1f.1: reg 20 io port: [0x3c20-0x3c2f]
pci 0000:00:1f.1: reg 24 32bit mmio: [0x000000-0x0003ff]
pci 0000:00:1f.3: reg 20 io port: [0x1200-0x121f]
pci 0000:00:1f.5: reg 10 io port: [0x3000-0x30ff]
pci 0000:00:1f.5: reg 14 io port: [0x3880-0x38bf]
pci 0000:00:1f.5: reg 18 32bit mmio: [0xa0100000-0xa01001ff]
pci 0000:00:1f.5: reg 1c 32bit mmio: [0xa0180000-0xa01800ff]
pci 0000:00:1f.5: PME# supported from D0 D3hot D3cold
pci 0000:00:1f.5: PME# disabled
pci 0000:00:1f.6: reg 10 io port: [0x3400-0x34ff]
pci 0000:00:1f.6: reg 14 io port: [0x3800-0x387f]
pci 0000:00:1f.6: PME# supported from D0 D3hot D3cold
pci 0000:00:1f.6: PME# disabled
pci 0000:01:00.0: reg 10 32bit mmio: [0x98000000-0x9fffffff]
pci 0000:01:00.0: reg 14 io port: [0x2000-0x20ff]
pci 0000:01:00.0: reg 18 32bit mmio: [0x90300000-0x9030ffff]
pci 0000:01:00.0: reg 30 32bit mmio: [0x000000-0x01ffff]
pci 0000:01:00.0: supports D1 D2
pci 0000:00:01.0: bridge io port: [0x2000-0x2fff]
pci 0000:00:01.0: bridge 32bit mmio: [0x90300000-0x903fffff]
pci 0000:00:01.0: bridge 32bit mmio pref: [0x98000000-0x9fffffff]
pci 0000:02:04.0: reg 10 32bit mmio: [0x90080000-0x9008ffff]
pci 0000:02:06.0: reg 10 32bit mmio: [0x90100000-0x90100fff]
pci 0000:02:06.0: supports D1 D2
pci 0000:02:06.0: PME# supported from D0 D1 D2 D3hot D3cold
pci 0000:02:06.0: PME# disabled
pci 0000:02:06.1: reg 10 32bit mmio: [0x90180000-0x90180fff]
pci 0000:02:06.1: supports D1 D2
pci 0000:02:06.1: PME# supported from D0 D1 D2 D3hot D3cold
pci 0000:02:06.1: PME# disabled
pci 0000:02:06.2: reg 10 32bit mmio: [0x90200000-0x90200fff]
pci 0000:02:06.2: supports D1 D2
pci 0000:02:06.2: PME# supported from D0 D1 D2 D3hot D3cold
pci 0000:02:06.2: PME# disabled
pci 0000:02:06.3: reg 10 32bit mmio: [0x90280000-0x90280fff]
pci 0000:02:06.3: supports D1 D2
pci 0000:02:06.3: PME# supported from D0 D1 D2 D3hot D3cold
pci 0000:02:06.3: PME# disabled
pci 0000:02:0e.0: reg 10 64bit mmio: [0x90000000-0x9000ffff]
pci 0000:02:0e.0: reg 30 32bit mmio: [0x000000-0x00ffff]
pci 0000:02:0e.0: PME# supported from D3hot D3cold
pci 0000:02:0e.0: PME# disabled
pci 0000:00:1e.0: transparent bridge
pci 0000:00:1e.0: bridge 32bit mmio: [0x90000000-0x902fffff]
bus 00 -> node 0
ACPI: PCI Interrupt Routing Table [\_SB_.C045._PRT]
ACPI: PCI Interrupt Routing Table [\_SB_.C045.C046._PRT]
ACPI: PCI Interrupt Routing Table [\_SB_.C045.C057._PRT]
ACPI: PCI Interrupt Link [C0C2] (IRQs *10 11)
ACPI: PCI Interrupt Link [C0C3] (IRQs 10 *11)
ACPI: PCI Interrupt Link [C0C4] (IRQs *10 11)
ACPI: PCI Interrupt Link [C0C5] (IRQs *10 11)
ACPI: PCI Interrupt Link [C0C6] (IRQs 10 *11)
ACPI: PCI Interrupt Link [C0C7] (IRQs 10 *11)
ACPI: PCI Interrupt Link [C0C8] (IRQs 10 11) *0, disabled.
ACPI: PCI Interrupt Link [C0C9] (IRQs *10 11)
ACPI: Power Resource [C16E] (on)
ACPI: Power Resource [C185] (on)
ACPI: Power Resource [C18C] (on)
ACPI: Power Resource [C196] (on)
ACPI: Power Resource [C0E7] (on)
ACPI: Power Resource [C202] (off)
ACPI: Power Resource [C203] (off)
ACPI: Power Resource [C204] (off)
ACPI: Power Resource [C205] (off)
SCSI subsystem initialized
libata version 3.00 loaded.
PCI: Using ACPI for IRQ routing
hpet clockevent registered
hpet0: at MMIO 0xfed00000, IRQs 2, 8, 0
hpet0: 3 comparators, 64-bit 14.318180 MHz counter
pnp: PnP ACPI init
ACPI: bus type pnp registered
pnp: PnP ACPI: found 14 devices
ACPI: ACPI bus type pnp unregistered
system 00:00: iomem range 0x0-0x9ffff could not be reserved
system 00:00: iomem range 0xe0000-0xfffff could not be reserved
system 00:00: iomem range 0x100000-0x1fffffff could not be reserved
system 00:0b: ioport range 0x140-0x14f has been reserved
system 00:0b: iomem range 0xffb00000-0xffbfffff has been reserved
system 00:0b: iomem range 0xfff00000-0xffffffff has been reserved
system 00:0c: ioport range 0x4d0-0x4d1 has been reserved
system 00:0c: ioport range 0x1000-0x107f has been reserved
system 00:0c: ioport range 0x1100-0x113f has been reserved
system 00:0c: ioport range 0x1200-0x121f has been reserved
system 00:0c: iomem range 0xfec00000-0xfec000ff has been reserved
system 00:0d: iomem range 0xfec01000-0xfec01fff has been reserved
pci 0000:00:01.0: PCI bridge, secondary bus 0000:01
pci 0000:00:01.0:   IO window: 0x2000-0x2fff
pci 0000:00:01.0:   MEM window: 0x90300000-0x903fffff
pci 0000:00:01.0:   PREFETCH window: 0x00000098000000-0x0000009fffffff
pci 0000:02:06.0: CardBus bridge, secondary bus 0000:03
pci 0000:02:06.0:   IO window: 0x004000-0x0040ff
pci 0000:02:06.0:   IO window: 0x004400-0x0044ff
pci 0000:02:06.0:   PREFETCH window: 0x30000000-0x33ffffff
pci 0000:02:06.0:   MEM window: 0x40000000-0x43ffffff
pci 0000:02:06.1: CardBus bridge, secondary bus 0000:05
pci 0000:02:06.1:   IO window: 0x004800-0x0048ff
pci 0000:02:06.1:   IO window: 0x004c00-0x004cff
pci 0000:02:06.1:   PREFETCH window: 0x34000000-0x37ffffff
pci 0000:02:06.1:   MEM window: 0x44000000-0x47ffffff
pci 0000:02:06.3: CardBus bridge, secondary bus 0000:09
pci 0000:02:06.3:   IO window: 0x001400-0x0014ff
pci 0000:02:06.3:   IO window: 0x001800-0x0018ff
pci 0000:02:06.3:   PREFETCH window: 0x38000000-0x3bffffff
pci 0000:02:06.3:   MEM window: 0x48000000-0x4bffffff
pci 0000:00:1e.0: PCI bridge, secondary bus 0000:02
pci 0000:00:1e.0:   IO window: 0x4000-0x4fff
pci 0000:00:1e.0:   MEM window: 0x90000000-0x902fffff
pci 0000:00:1e.0:   PREFETCH window: 0x00000030000000-0x0000003dffffff
pci 0000:00:1e.0: setting latency timer to 64
ACPI: PCI Interrupt Link [C0C4] enabled at IRQ 10
PCI: setting IRQ 10 as level-triggered
pci 0000:02:06.0: PCI INT A -> Link[C0C4] -> GSI 10 (level, low) -> IRQ 10
pci 0000:02:06.1: PCI INT A -> Link[C0C4] -> GSI 10 (level, low) -> IRQ 10
pci 0000:02:06.3: PCI INT A -> Link[C0C4] -> GSI 10 (level, low) -> IRQ 10
bus: 00 index 0 io port: [0x00-0xffff]
bus: 00 index 1 mmio: [0x000000-0xffffffff]
bus: 01 index 0 io port: [0x2000-0x2fff]
bus: 01 index 1 mmio: [0x90300000-0x903fffff]
bus: 01 index 2 mmio: [0x98000000-0x9fffffff]
bus: 01 index 3 mmio: [0x0-0x0]
bus: 02 index 0 io port: [0x4000-0x4fff]
bus: 02 index 1 mmio: [0x90000000-0x902fffff]
bus: 02 index 2 mmio: [0x30000000-0x3dffffff]
bus: 02 index 3 io port: [0x00-0xffff]
bus: 02 index 4 mmio: [0x000000-0xffffffff]
bus: 03 index 0 io port: [0x4000-0x40ff]
bus: 03 index 1 io port: [0x4400-0x44ff]
bus: 03 index 2 mmio: [0x30000000-0x33ffffff]
bus: 03 index 3 mmio: [0x40000000-0x43ffffff]
bus: 05 index 0 io port: [0x4800-0x48ff]
bus: 05 index 1 io port: [0x4c00-0x4cff]
bus: 05 index 2 mmio: [0x34000000-0x37ffffff]
bus: 05 index 3 mmio: [0x44000000-0x47ffffff]
bus: 09 index 0 io port: [0x1400-0x14ff]
bus: 09 index 1 io port: [0x1800-0x18ff]
bus: 09 index 2 mmio: [0x38000000-0x3bffffff]
bus: 09 index 3 mmio: [0x48000000-0x4bffffff]
NET: Registered protocol family 2
IP route cache hash table entries: 4096 (order: 2, 16384 bytes)
TCP established hash table entries: 16384 (order: 5, 131072 bytes)
TCP bind hash table entries: 16384 (order: 4, 65536 bytes)
TCP: Hash tables configured (established 16384 bind 16384)
TCP reno registered
NET: Registered protocol family 1
checking if image is initramfs... it is
Freeing initrd memory: 432k freed
Microcode Update Driver: v2.00 <tigran@aivazian.fsnet.co.uk>, Peter Oruba
msgmni has been set to 1007
io scheduler noop registered
io scheduler cfq registered (default)
pci 0000:01:00.0: Boot video device
vesafb: framebuffer at 0x98000000, mapped to 0xe0800000, using 3072k, total 32704k
vesafb: mode is 1024x768x16, linelength=2048, pages=20
vesafb: protected mode interface info at c000:59e9
vesafb: pmi: set display start = c00c5a57, set palette = c00c5a91
vesafb: pmi: ports = 2010 2016 2054 2038 203c 205c 2000 2004 20b0 20b2 20b4 
vesafb: scrolling: ywrap using protected mode interface, yres_virtual=1536
vesafb: Truecolor: size=0:5:5:5, shift=0:10:5:0
Console: switching to colour frame buffer device 128x48
fb0: VESA VGA frame buffer device
input: Power Button (FF) as /class/input/input0
ACPI: Power Button (FF) [PWRF]
input: Sleep Button (CM) as /class/input/input1
ACPI: Sleep Button (CM) [C13A]
input: Lid Switch as /class/input/input2
ACPI: Lid Switch [C139]
fan PNP0C0B:00: registered as cooling_device0
ACPI: Fan [C206] (off)
fan PNP0C0B:01: registered as cooling_device1
ACPI: Fan [C207] (off)
fan PNP0C0B:02: registered as cooling_device2
ACPI: Fan [C208] (off)
fan PNP0C0B:03: registered as cooling_device3
ACPI: Fan [C209] (off)
ACPI: CPU0 (power states: C1[C1] C2[C2] C3[C3])
processor ACPI_CPU:00: registered as cooling_device4
ACPI: Processor [CPU0] (supports 8 throttling states)
thermal LNXTHERM:01: registered as thermal_zone0
ACPI: Thermal Zone [TZ1] (62 C)
thermal LNXTHERM:02: registered as thermal_zone1
ACPI: Thermal Zone [TZ2] (47 C)
thermal LNXTHERM:03: registered as thermal_zone2
ACPI: Thermal Zone [TZ3] (35 C)
Linux agpgart interface v0.103
agpgart-intel 0000:00:00.0: Intel 855PM Chipset
agpgart-intel 0000:00:00.0: AGP aperture is 256M @ 0xb0000000
Serial: 8250/16550 driver4 ports, IRQ sharing disabled
serial8250: ttyS0 at I/O 0x3f8 (irq = 4) is a 16550A
serial8250: ttyS2 at I/O 0x3e8 (irq = 4) is a 16550A
00:02: ttyS0 at I/O 0x3f8 (irq = 4) is a 16550A
ACPI: PCI Interrupt Link [C0C3] enabled at IRQ 11
PCI: setting IRQ 11 as level-triggered
serial 0000:00:1f.6: PCI INT B -> Link[C0C3] -> GSI 11 (level, low) -> IRQ 11
serial 0000:00:1f.6: PCI INT B disabled
brd: module loaded
Driver 'sd' needs updating - please use bus_type methods
ata_piix 0000:00:1f.1: version 2.12
ata_piix 0000:00:1f.1: enabling device (0005 -> 0007)
ata_piix 0000:00:1f.1: PCI INT A -> Link[C0C4] -> GSI 10 (level, low) -> IRQ 10
ata_piix 0000:00:1f.1: setting latency timer to 64
scsi0 : ata_piix
scsi1 : ata_piix
ata1: PATA max UDMA/100 cmd 0x1f0 ctl 0x3f6 bmdma 0x3c20 irq 14
ata2: PATA max UDMA/100 cmd 0x170 ctl 0x376 bmdma 0x3c28 irq 15
ata1.00: ATA-6: FUJITSU MHT2040AH, 006C, max UDMA/100
ata1.00: 78140160 sectors, multi 16: LBA 
ata1.00: configured for UDMA/100
Switched to high resolution mode on CPU 0
ata2.00: ATAPI: SD-R2512, 1A04, max MWDMA2
ata2.00: configured for MWDMA2
scsi 0:0:0:0: Direct-Access     ATA      FUJITSU MHT2040A 006C PQ: 0 ANSI: 5
sd 0:0:0:0: [sda] 78140160 512-byte hardware sectors: (40.0 GB/37.2 GiB)
sd 0:0:0:0: [sda] Write Protect is off
sd 0:0:0:0: [sda] Mode Sense: 00 3a 00 00
sd 0:0:0:0: [sda] Write cache: enabled, read cache: enabled, doesn't support DPO or FUA
sd 0:0:0:0: [sda] 78140160 512-byte hardware sectors: (40.0 GB/37.2 GiB)
sd 0:0:0:0: [sda] Write Protect is off
sd 0:0:0:0: [sda] Mode Sense: 00 3a 00 00
sd 0:0:0:0: [sda] Write cache: enabled, read cache: enabled, doesn't support DPO or FUA
 sda: sda1 sda2 sda3 < sda5 >
sd 0:0:0:0: [sda] Attached SCSI disk
scsi 1:0:0:0: CD-ROM            TOSHIBA  DVD-ROM SD-R2512 1A04 PQ: 0 ANSI: 5
PNP: PS/2 Controller [PNP0303:C193,PNP0f13:C194] at 0x60,0x64 irq 1,12
i8042.c: Detected active multiplexing controller, rev 1.1.
serio: i8042 KBD port at 0x60,0x64 irq 1
serio: i8042 AUX0 port at 0x60,0x64 irq 12
serio: i8042 AUX1 port at 0x60,0x64 irq 12
serio: i8042 AUX2 port at 0x60,0x64 irq 12
serio: i8042 AUX3 port at 0x60,0x64 irq 12
mice: PS/2 mouse device common for all mice
cpuidle: using governor ladder
cpuidle: using governor menu
TCP cubic registered
NET: Registered protocol family 10
IPv6 over IPv4 tunneling driver
NET: Registered protocol family 17
IO APIC resources could be not be allocated.
Using IPI Shortcut mode
Marking TSC unstable due to TSC halts in idle
input: AT Translated Set 2 keyboard as /class/input/input3
Clocksource tsc unstable (delta = -285915133 ns)
Synaptics Touchpad, model: 1, fw: 5.9, id: 0x1b6eb1, caps: 0xa84793/0x100000
serio: Synaptics pass-through port at isa0060/serio4/input0
input: SynPS/2 Synaptics TouchPad as /class/input/input4
kjournald starting.  Commit interval 5 seconds
EXT3-fs: mounted filesystem with ordered data mode.
VFS: Mounted root (ext3 filesystem) readonly.
Freeing unused kernel memory: 268k freed
Write protecting the kernel text: 1968k
Write protecting the kernel read-only data: 660k
ACPI: AC Adapter [C135] (on-line)
Driver 'sr' needs updating - please use bus_type methods
ACPI: Battery Slot [C138] (battery present)
ACPI: Battery Slot [C137] (battery absent)
sr0: scsi3-mmc drive: 24x/24x writer cd/rw xa/form2 cdda tray
Uniform CD-ROM driver Revision: 3.20
sr 1:0:0:0: Attached scsi CD-ROM sr0
yenta_cardbus 0000:02:06.0: CardBus bridge found [103c:0890]
yenta_cardbus 0000:02:06.0: O2: res at 0x94/0xD4: ea/00
yenta_cardbus 0000:02:06.0: O2: enabling read prefetch/write burst
i801_smbus 0000:00:1f.3: PCI INT B -> Link[C0C3] -> GSI 11 (level, low) -> IRQ 11
ACPI: I/O resource 0000:00:1f.3 [0x1200-0x121f] conflicts with ACPI region C088 [0x1200-0x1205]
ACPI: Device needs an ACPI driver
usbcore: registered new interface driver usbfs
usbcore: registered new interface driver hub
usbcore: registered new device driver usb
yenta_cardbus 0000:02:06.0: ISA IRQ mask 0x00b8, PCI irq 10
yenta_cardbus 0000:02:06.0: Socket status: 30000006
yenta_cardbus 0000:02:06.0: pcmcia: parent PCI bridge I/O window: 0x4000 - 0x4fff
yenta_cardbus 0000:02:06.0: pcmcia: parent PCI bridge Memory window: 0x90000000 - 0x902fffff
yenta_cardbus 0000:02:06.0: pcmcia: parent PCI bridge Memory window: 0x30000000 - 0x3dffffff
tg3.c:v3.94 (August 14, 2008)
ACPI: PCI Interrupt Link [C0C6] enabled at IRQ 11
tg3 0000:02:0e.0: PCI INT A -> Link[C0C6] -> GSI 11 (level, low) -> IRQ 11
eth0: Tigon3 [partno(BMC5705mA3) rev 3003 PHY(5705)] (PCI:33MHz:32-bit) 10/100/1000Base-T Ethernet 00:12:79:56:f0:f2
eth0: RXcsums[1] LinkChgREG[0] MIirq[0] ASF[0] WireSpeed[0] TSOcap[1]
eth0: dma_rwctrl[763f0000] dma_mask[64-bit]
yenta_cardbus 0000:02:06.1: CardBus bridge found [103c:0890]
ehci_hcd: USB 2.0 'Enhanced' Host Controller (EHCI) Driver
ACPI: PCI Interrupt Link [C0C9] enabled at IRQ 10
ehci_hcd 0000:00:1d.7: PCI INT D -> Link[C0C9] -> GSI 10 (level, low) -> IRQ 10
ehci_hcd 0000:00:1d.7: setting latency timer to 64
ehci_hcd 0000:00:1d.7: EHCI Host Controller
ehci_hcd 0000:00:1d.7: new USB bus registered, assigned bus number 1
ehci_hcd 0000:00:1d.7: debug port 1
ehci_hcd 0000:00:1d.7: cache line size of 32 is not supported
ehci_hcd 0000:00:1d.7: irq 10, io mem 0xa0000000
uhci_hcd: USB Universal Host Controller Interface driver
ehci_hcd 0000:00:1d.7: USB 2.0 started, EHCI 1.00
usb usb1: configuration #1 chosen from 1 choice
hub 1-0:1.0: USB hub found
hub 1-0:1.0: 6 ports detected
ACPI: PCI Interrupt Link [C0C2] enabled at IRQ 10
uhci_hcd 0000:00:1d.0: PCI INT A -> Link[C0C2] -> GSI 10 (level, low) -> IRQ 10
uhci_hcd 0000:00:1d.0: setting latency timer to 64
uhci_hcd 0000:00:1d.0: UHCI Host Controller
uhci_hcd 0000:00:1d.0: new USB bus registered, assigned bus number 2
uhci_hcd 0000:00:1d.0: irq 10, io base 0x000038c0
usb usb2: configuration #1 chosen from 1 choice
hub 2-0:1.0: USB hub found
hub 2-0:1.0: 2 ports detected
ACPI: PCI Interrupt Link [C0C5] enabled at IRQ 10
uhci_hcd 0000:00:1d.1: PCI INT B -> Link[C0C5] -> GSI 10 (level, low) -> IRQ 10
uhci_hcd 0000:00:1d.1: setting latency timer to 64
uhci_hcd 0000:00:1d.1: UHCI Host Controller
uhci_hcd 0000:00:1d.1: new USB bus registered, assigned bus number 3
uhci_hcd 0000:00:1d.1: irq 10, io base 0x000038e0
usb usb3: configuration #1 chosen from 1 choice
hub 3-0:1.0: USB hub found
hub 3-0:1.0: 2 ports detected
uhci_hcd 0000:00:1d.2: PCI INT C -> Link[C0C4] -> GSI 10 (level, low) -> IRQ 10
uhci_hcd 0000:00:1d.2: setting latency timer to 64
uhci_hcd 0000:00:1d.2: UHCI Host Controller
uhci_hcd 0000:00:1d.2: new USB bus registered, assigned bus number 4
uhci_hcd 0000:00:1d.2: irq 10, io base 0x00003c00
usb usb4: configuration #1 chosen from 1 choice
hub 4-0:1.0: USB hub found
hub 4-0:1.0: 2 ports detected
yenta_cardbus 0000:02:06.1: ISA IRQ mask 0x00b8, PCI irq 10
yenta_cardbus 0000:02:06.1: Socket status: 30000006
pci_bus 0000:02: Raising subordinate bus# of parent bus (#02) from #05 to #08
yenta_cardbus 0000:02:06.1: pcmcia: parent PCI bridge I/O window: 0x4000 - 0x4fff
yenta_cardbus 0000:02:06.1: pcmcia: parent PCI bridge Memory window: 0x90000000 - 0x902fffff
yenta_cardbus 0000:02:06.1: pcmcia: parent PCI bridge Memory window: 0x30000000 - 0x3dffffff
yenta_cardbus 0000:02:06.3: CardBus bridge found [103c:0890]
yenta_cardbus 0000:02:06.3: ISA IRQ mask 0x00b8, PCI irq 10
yenta_cardbus 0000:02:06.3: Socket status: 30000006
pci_bus 0000:02: Raising subordinate bus# of parent bus (#02) from #08 to #0c
yenta_cardbus 0000:02:06.3: pcmcia: parent PCI bridge I/O window: 0x4000 - 0x4fff
yenta_cardbus 0000:02:06.3: pcmcia: parent PCI bridge Memory window: 0x90000000 - 0x902fffff
yenta_cardbus 0000:02:06.3: pcmcia: parent PCI bridge Memory window: 0x30000000 - 0x3dffffff
Intel ICH 0000:00:1f.5: power state changed by ACPI to D0
Intel ICH 0000:00:1f.5: PCI INT B -> Link[C0C3] -> GSI 11 (level, low) -> IRQ 11
Intel ICH 0000:00:1f.5: setting latency timer to 64
usb 2-2: new low speed USB device using uhci_hcd and address 2
usb 2-2: configuration #1 chosen from 1 choice
input: Logitech Optical USB Mouse as /class/input/input5
generic-usb 0003:046D:C016.0001: input: USB HID v1.10 Mouse [Logitech Optical USB Mouse] on usb-0000:00:1d.0-2/input0
usbcore: registered new interface driver usbhid
usbhid: v2.6:USB HID core driver
AC'97 0 analog subsections not ready
intel8x0_measure_ac97_clock: measured 50922 usecs
intel8x0: measured clock 216 rejected
intel8x0: clocking to 48000
rc[1388]: segfault at 0 ip b80a24e2 sp bffc7730 error 4 in librc.so.1[b809d000+8000]
EXT3 FS on sda1, internal journal
kjournald starting.  Commit interval 5 seconds
EXT3 FS on sda2, internal journal
EXT3-fs: mounted filesystem with ordered data mode.
microcode: CPU0 updated from revision 0x17 to 0x18, date = 2004-10-17 
ADDRCONF(NETDEV_UP): eth0: link is not ready
Adding 982760k swap on /dev/sda5.  Priority:-1 extents:1 across:982760k
tg3: eth0: Link is up at 100 Mbps, full duplex.
tg3: eth0: Flow control is off for TX and off for RX.
codec_write 0: semaphore is not ready for register 0x26
codec_write 0: semaphore is not ready for register 0x26
codec_write 0: semaphore is not ready for register 0x26
Intel ICH 0000:00:1f.5: PCI INT B disabled
[drm] Initialized drm 1.1.0 20060810
pci 0000:01:00.0: PCI INT A -> Link[C0C2] -> GSI 10 (level, low) -> IRQ 10
[drm:drm_stub_open] 
[drm:drm_stub_open] 
[drm:drm_init] 
[drm:drm_get_dev] 
[drm:drm_addmap_core] offset = 0x90300000, size = 0x00010000, type = 1
[drm:radeon_driver_load] AGP card detected
[drm:drm_get_minor] 
[drm:drm_get_minor] new minor assigned 0
[drm] Initialized radeon 1.29.0 20080528 on minor 0
[drm:drm_stub_open] 
[drm:drm_open_helper] pid = 2916, minor = 0
[drm:radeon_driver_open] 
[drm:drm_addmap_core] offset = 0x98000000, size = 0x08000000, type = 0
[drm:drm_addmap_core] offset = 0x00000000, size = 0x00002000, type = 2
[drm:drm_addmap_core] 8192 13 e0b0d000
[drm:drm_setup] 
[drm:drm_ioctl] pid=2916, cmd=0xc0106407, nr=0x07, dev 0xe200, auth=1
[drm:drm_ioctl] pid=2916, cmd=0xc0086401, nr=0x01, dev 0xe200, auth=1
[drm:drm_ioctl] pid=2916, cmd=0xc0086401, nr=0x01, dev 0xe200, auth=1
[drm:drm_ioctl] pid=2916, cmd=0xc0246400, nr=0x00, dev 0xe200, auth=1
[drm:drm_ioctl] pid=2916, cmd=0xc0246400, nr=0x00, dev 0xe200, auth=1
[drm:drm_release] open_count = 1
[drm:drm_release] pid = 2916, device = 0xe200, open_count = 1
[drm:drm_lastclose] 
[drm:radeon_do_cleanup_cp] 
[drm:drm_lastclose] driver lastclose completed
[drm:drm_rmmap_locked] mtrr_del=2
[drm:drm_lastclose] lastclose completed
[drm:drm_stub_open] 
[drm:drm_open_helper] pid = 2916, minor = 0
[drm:radeon_driver_open] 
[drm:drm_addmap_core] offset = 0x98000000, size = 0x08000000, type = 0
[drm:drm_addmap_core] offset = 0x00000000, size = 0x00002000, type = 2
[drm:drm_addmap_core] 8192 13 e07f5000
[drm:drm_setup] 
[drm:drm_ioctl] pid=2916, cmd=0xc0246400, nr=0x00, dev 0xe200, auth=1
[drm:drm_ioctl] pid=2916, cmd=0xc0246400, nr=0x00, dev 0xe200, auth=1
[drm:drm_release] open_count = 1
[drm:drm_release] pid = 2916, device = 0xe200, open_count = 1
[drm:drm_lastclose] 
[drm:radeon_do_cleanup_cp] 
[drm:drm_lastclose] driver lastclose completed
[drm:drm_rmmap_locked] mtrr_del=2
[drm:drm_lastclose] lastclose completed
[drm:drm_stub_open] 
[drm:drm_open_helper] pid = 2916, minor = 0
[drm:radeon_driver_open] 
[drm:drm_addmap_core] offset = 0x98000000, size = 0x08000000, type = 0
[drm:drm_addmap_core] offset = 0x00000000, size = 0x00002000, type = 2
[drm:drm_addmap_core] 8192 13 e0b0d000
[drm:drm_setup] 
[drm:drm_ioctl] pid=2916, cmd=0xc0246400, nr=0x00, dev 0xe200, auth=1
[drm:drm_ioctl] pid=2916, cmd=0xc0246400, nr=0x00, dev 0xe200, auth=1
[drm:drm_release] open_count = 1
[drm:drm_release] pid = 2916, device = 0xe200, open_count = 1
[drm:drm_lastclose] 
[drm:radeon_do_cleanup_cp] 
[drm:drm_lastclose] driver lastclose completed
[drm:drm_rmmap_locked] mtrr_del=2
[drm:drm_lastclose] lastclose completed
[drm:drm_stub_open] 
[drm:drm_open_helper] pid = 2916, minor = 0
[drm:radeon_driver_open] 
[drm:drm_addmap_core] offset = 0x98000000, size = 0x08000000, type = 0
[drm:drm_addmap_core] offset = 0x00000000, size = 0x00002000, type = 2
[drm:drm_addmap_core] 8192 13 e0b2b000
[drm:drm_setup] 
[drm:drm_ioctl] pid=2916, cmd=0xc0106407, nr=0x07, dev 0xe200, auth=1
[drm:drm_ioctl] pid=2916, cmd=0xc0086401, nr=0x01, dev 0xe200, auth=1
[drm:drm_ioctl] pid=2916, cmd=0xc0086401, nr=0x01, dev 0xe200, auth=1
[drm:drm_ioctl] pid=2916, cmd=0xc0106407, nr=0x07, dev 0xe200, auth=1
[drm:drm_ioctl] pid=2916, cmd=0xc0186415, nr=0x15, dev 0xe200, auth=1
[drm:drm_addmap_core] offset = 0x00000000, size = 0x00002000, type = 2
[drm:drm_mmap_locked] start = 0xb790d000, end = 0xb790f000, page offset = 0xe0b2b
[drm:drm_vm_open_locked] 0xb790d000,0x00002000
[drm:drm_do_vm_shm_fault] shm_fault 0x0
[drm:drm_do_vm_shm_fault] shm_fault 0x1000
[drm:drm_ioctl] pid=2916, cmd=0xc0186415, nr=0x15, dev 0xe200, auth=1
[drm:drm_addmap_core] offset = 0x98000000, size = 0x02000000, type = 0
[drm:drm_addmap_core] Matching maps of type 0 with mismatched sizes, (33554432 vs 134217728)
[drm:drm_ioctl] pid=2916, cmd=0xc0086426, nr=0x26, dev 0xe200, auth=1
[drm:drm_ioctl] pid=2916, cmd=0xc0086426, nr=0x26, dev 0xe200, auth=1
[drm:drm_ioctl] pid=2916, cmd=0xc0086420, nr=0x20, dev 0xe200, auth=1
[drm:drm_addctx] 1
[drm:drm_ioctl] pid=2916, cmd=0x40086422, nr=0x22, dev 0xe200, auth=1
[drm:drm_ioctl] pid=2916, cmd=0x4008642a, nr=0x2a, dev 0xe200, auth=1
[drm:drm_lock] 1 (pid 2916) requests lock (0x00000000), flags = 0x00000000
[drm:drm_lock] 1 has lock
[drm:drm_fasync] fd = 11, device = 0xe200
[drm:drm_ioctl] pid=2916, cmd=0x6430, nr=0x30, dev 0xe200, auth=1
[drm:drm_ioctl] pid=2916, cmd=0x80206433, nr=0x33, dev 0xe200, auth=1
[drm:drm_ioctl] pid=2916, cmd=0x80206433, nr=0x33, dev 0xe200, auth=1
[drm:drm_ioctl] pid=2916, cmd=0x80206433, nr=0x33, dev 0xe200, auth=1
[drm:drm_ioctl] pid=2916, cmd=0x40046432, nr=0x32, dev 0xe200, auth=1
agpgart-intel 0000:00:00.0: AGP 2.0 bridge
agpgart-intel 0000:00:00.0: putting AGP V2 device into 4x mode
pci 0000:01:00.0: putting AGP V2 device into 4x mode
[drm:drm_ioctl] pid=2916, cmd=0xc0106434, nr=0x34, dev 0xe200, auth=1
[drm:drm_ioctl] pid=2916, cmd=0x40086436, nr=0x36, dev 0xe200, auth=1
[drm:drm_agp_bind] base = 0xb0000000 entry->bound = 0xb0000000
[drm:drm_ioctl] pid=2916, cmd=0xc0186415, nr=0x15, dev 0xe200, auth=1
[drm:drm_addmap_core] offset = 0x00000000, size = 0x00101000, type = 3
[drm:drm_addmap_core] AGP offset = 0xb0000000, size = 0x00101000
[drm:drm_mmap_locked] start = 0xb56e9000, end = 0xb57ea000, page offset = 0xb0000
[drm:drm_mmap_locked]    Type = 3; start = 0xb56e9000, end = 0xb57ea000, offset = 0xb0000000
[drm:drm_vm_open_locked] 0xb56e9000,0x00101000
[drm:drm_ioctl] pid=2916, cmd=0xc0186415, nr=0x15, dev 0xe200, auth=1
[drm:drm_addmap_core] offset = 0x00101000, size = 0x00001000, type = 3
[drm:drm_addmap_core] AGP offset = 0xb0101000, size = 0x00001000
[drm:drm_mmap_locked] start = 0xb7f09000, end = 0xb7f0a000, page offset = 0xb0101
[drm:drm_mmap_locked]    Type = 3; start = 0xb7f09000, end = 0xb7f0a000, offset = 0xb0101000
[drm:drm_vm_open_locked] 0xb7f09000,0x00001000
[drm:drm_ioctl] pid=2916, cmd=0xc0186415, nr=0x15, dev 0xe200, auth=1
[drm:drm_addmap_core] offset = 0x00102000, size = 0x00200000, type = 3
[drm:drm_addmap_core] AGP offset = 0xb0102000, size = 0x00200000
[drm:drm_mmap_locked] start = 0xb54e9000, end = 0xb56e9000, page offset = 0xb0102
[drm:drm_mmap_locked]    Type = 3; start = 0xb54e9000, end = 0xb56e9000, offset = 0xb0102000
[drm:drm_vm_open_locked] 0xb54e9000,0x00200000
[drm:drm_ioctl] pid=2916, cmd=0xc0186415, nr=0x15, dev 0xe200, auth=1
[drm:drm_addmap_core] offset = 0x00302000, size = 0x004e0000, type = 3
[drm:drm_addmap_core] AGP offset = 0xb0302000, size = 0x004e0000
[drm:drm_mmap_locked] start = 0xb5009000, end = 0xb54e9000, page offset = 0xb0302
[drm:drm_mmap_locked]    Type = 3; start = 0xb5009000, end = 0xb54e9000, offset = 0xb0302000
[drm:drm_vm_open_locked] 0xb5009000,0x004e0000
[drm:drm_ioctl] pid=2916, cmd=0x80206433, nr=0x33, dev 0xe200, auth=1
[drm:drm_ioctl] pid=2916, cmd=0xc0186415, nr=0x15, dev 0xe200, auth=1
[drm:drm_addmap_core] offset = 0x90300000, size = 0x00010000, type = 1
[drm:drm_ioctl] pid=2916, cmd=0x400c6459, nr=0x59, dev 0xe200, auth=1
[drm:drm_ioctl] pid=2916, cmd=0x40086408, nr=0x08, dev 0xe200, auth=1
[drm:drm_vblank_get] enabling vblank on crtc 0, ret: 0
[drm:drm_update_vblank_count] enabling vblank interrupts on crtc 0, missed 105919
irq 10: nobody cared (try booting with the "irqpoll" option)
Pid: 2916, comm: X Not tainted 2.6.28-rc8-00019-gcefb3d0 #1
Call Trace:
 [<c013e30a>] __report_bad_irq+0x24/0x7f
 [<c013e496>] note_interrupt+0x131/0x16b
 [<c013d63c>] handle_IRQ_event+0x25/0x4a
 [<c013eb7c>] handle_level_irq+0x58/0x8e
 [<c0104e33>] do_IRQ+0x6f/0x8c
 [<c010e899>] smp_apic_timer_interrupt+0x41/0x71
 [<c01039d7>] common_interrupt+0x23/0x28
 [<c011f0be>] __do_softirq+0x2d/0xe7
 [<c013d63c>] handle_IRQ_event+0x25/0x4a
 [<c011f19f>] do_softirq+0x27/0x2a
 [<c011f3dc>] irq_exit+0x44/0x55
 [<c0104e38>] do_IRQ+0x74/0x8c
 [<c01039d7>] common_interrupt+0x23/0x28
 [<c0110000>] do_sys_vm86+0x70/0x1a2
 [<e0f093dc>] drm_vblank_get+0x32/0x14a [drm]
 [<e0f0993e>] drm_modeset_ctl+0x89/0x8d [drm]
 [<e0f098b5>] drm_modeset_ctl+0x0/0x8d [drm]
 [<e0f08067>] drm_ioctl+0x197/0x2c0 [drm]
 [<e0f07ed0>] drm_ioctl+0x0/0x2c0 [drm]
 [<c0169e31>] vfs_ioctl+0x51/0x55
 [<c016a1c7>] do_vfs_ioctl+0x270/0x42e
 [<c011215d>] do_page_fault+0x145/0x675
 [<c0160b74>] vfs_write+0xe5/0x118
 [<c016a3b9>] sys_ioctl+0x34/0x50
 [<c0102e89>] sysenter_do_call+0x12/0x25
 [<c02e0000>] __inet6_lookup_established+0x1d/0x25e
handlers:
[<e0bb393e>] (yenta_interrupt+0x0/0xb4 [yenta_socket])
[<e0bb393e>] (yenta_interrupt+0x0/0xb4 [yenta_socket])
[<e0c11cff>] (usb_hcd_irq+0x0/0x61 [usbcore])
[<e0c11cff>] (usb_hcd_irq+0x0/0x61 [usbcore])
[<e0c11cff>] (usb_hcd_irq+0x0/0x61 [usbcore])
[<e0c11cff>] (usb_hcd_irq+0x0/0x61 [usbcore])
[<e0bb393e>] (yenta_interrupt+0x0/0xb4 [yenta_socket])
Disabling IRQ #10
[drm:drm_ioctl] pid=2916, cmd=0x40086408, nr=0x08, dev 0xe200, auth=1
[drm:drm_vblank_get] enabling vblank on crtc 1, ret: 0
[drm:drm_update_vblank_count] enabling vblank interrupts on crtc 1, missed 0
[drm:drm_ioctl] pid=2916, cmd=0x40086408, nr=0x08, dev 0xe200, auth=1
[drm:drm_ioctl] pid=2916, cmd=0x40086408, nr=0x08, dev 0xe200, auth=1
[drm:drm_ioctl] pid=2916, cmd=0x40086408, nr=0x08, dev 0xe200, auth=1
[drm:drm_ioctl] pid=2916, cmd=0x40086408, nr=0x08, dev 0xe200, auth=1
[drm:drm_ioctl] pid=2916, cmd=0x40086408, nr=0x08, dev 0xe200, auth=1
[drm:drm_ioctl] pid=2916, cmd=0x40546440, nr=0x40, dev 0xe200, auth=1
[drm:radeon_do_init_cp] 
[drm] Setting GART location based on new memory map
[drm:radeon_do_init_cp] dev_priv->gart_size 8388608
[drm:radeon_do_init_cp] dev_priv->gart_vm_start 0xb0000000
[drm:radeon_do_init_cp] dev_priv->gart_buffers_offset 0xb0102000
[drm:radeon_cp_load_microcode] 
[drm] Loading R300 Microcode
[drm:radeon_do_engine_reset] 
[drm] Num pipes: 1
[drm:radeon_do_cp_reset] 
[drm] writeback test succeeded in 1 usecs
[drm:drm_ioctl] pid=2916, cmd=0xc0186416, nr=0x16, dev 0xe200, auth=1
[drm:drm_addbufs_agp] count:      32
[drm:drm_addbufs_agp] order:      16
[drm:drm_addbufs_agp] size:       65536
[drm:drm_addbufs_agp] agp_offset: b0102000
[drm:drm_addbufs_agp] alignment:  65536
[drm:drm_addbufs_agp] page_order: 4
[drm:drm_addbufs_agp] total:      65536
[drm:drm_addbufs_agp] buffer 0 @ b0102000
[drm:drm_addbufs_agp] buffer 1 @ b0112000
[drm:drm_addbufs_agp] buffer 2 @ b0122000
[drm:drm_addbufs_agp] buffer 3 @ b0132000
[drm:drm_addbufs_agp] buffer 4 @ b0142000
[drm:drm_addbufs_agp] buffer 5 @ b0152000
[drm:drm_addbufs_agp] buffer 6 @ b0162000
[drm:drm_addbufs_agp] buffer 7 @ b0172000
[drm:drm_addbufs_agp] buffer 8 @ b0182000
[drm:drm_addbufs_agp] buffer 9 @ b0192000
[drm:drm_addbufs_agp] buffer 10 @ b01a2000
[drm:drm_addbufs_agp] buffer 11 @ b01b2000
[drm:drm_addbufs_agp] buffer 12 @ b01c2000
[drm:drm_addbufs_agp] buffer 13 @ b01d2000
[drm:drm_addbufs_agp] buffer 14 @ b01e2000
[drm:drm_addbufs_agp] buffer 15 @ b01f2000
[drm:drm_addbufs_agp] buffer 16 @ b0202000
[drm:drm_addbufs_agp] buffer 17 @ b0212000
[drm:drm_addbufs_agp] buffer 18 @ b0222000
[drm:drm_addbufs_agp] buffer 19 @ b0232000
[drm:drm_addbufs_agp] buffer 20 @ b0242000
[drm:drm_addbufs_agp] buffer 21 @ b0252000
[drm:drm_addbufs_agp] buffer 22 @ b0262000
[drm:drm_addbufs_agp] buffer 23 @ b0272000
[drm:drm_addbufs_agp] buffer 24 @ b0282000
[drm:drm_addbufs_agp] buffer 25 @ b0292000
[drm:drm_addbufs_agp] buffer 26 @ b02a2000
[drm:drm_addbufs_agp] buffer 27 @ b02b2000
[drm:drm_addbufs_agp] buffer 28 @ b02c2000
[drm:drm_addbufs_agp] buffer 29 @ b02d2000
[drm:drm_addbufs_agp] buffer 30 @ b02e2000
[drm:drm_addbufs_agp] buffer 31 @ b02f2000
[drm:drm_addbufs_agp] byte_count: 2097152
[drm:drm_addbufs_agp] dma->buf_count : 32
[drm:drm_addbufs_agp] entry->buf_count : 32
[drm:drm_ioctl] pid=2916, cmd=0xc00c6419, nr=0x19, dev 0xe200, auth=1
[drm:drm_mapbufs] 32 buffers, retcode = 0
[drm:drm_ioctl] pid=2916, cmd=0xc00c6419, nr=0x19, dev 0xe200, auth=1
[drm:drm_mmap_locked] start = 0xb4e09000, end = 0xb5009000, page offset = 0xb0102
[drm:drm_mmap_locked]    Type = 3; start = 0xb4e09000, end = 0xb5009000, offset = 0xb0102000
[drm:drm_vm_open_locked] 0xb4e09000,0x00200000
[drm:drm_mapbufs] 32 buffers, retcode = 0
[drm:drm_ioctl] pid=2916, cmd=0xc0106403, nr=0x03, dev 0xe200, auth=1
[drm:drm_irq_by_busid] 1:0:0 => IRQ 10
[drm:drm_ioctl] pid=2916, cmd=0x40086414, nr=0x14, dev 0xe200, auth=1
[drm:drm_irq_install] irq=10
[drm:drm_ioctl] pid=2916, cmd=0x400c6455, nr=0x55, dev 0xe200, auth=1
[drm:drm_ioctl] pid=2916, cmd=0x6441, nr=0x41, dev 0xe200, auth=1
[drm:radeon_cp_start] 
[drm:radeon_do_cp_start] 
[drm:drm_ioctl] pid=2916, cmd=0x400c6459, nr=0x59, dev 0xe200, auth=1
[drm:drm_ioctl] pid=2916, cmd=0x400c6459, nr=0x59, dev 0xe200, auth=1
[drm:radeon_cp_setparam] color tiling enabled
[drm:drm_ioctl] pid=2916, cmd=0x4004645b, nr=0x5b, dev 0xe200, auth=1
[drm:drm_ioctl] ret = ffffffea
[drm:drm_ioctl] pid=2916, cmd=0x4004645b, nr=0x5b, dev 0xe200, auth=1
[drm:drm_ioctl] ret = ffffffea
[drm:drm_ioctl] pid=2916, cmd=0x4004645b, nr=0x5b, dev 0xe200, auth=1
[drm:drm_ioctl] ret = ffffffea
[drm:drm_ioctl] pid=2916, cmd=0x400c645a, nr=0x5a, dev 0xe200, auth=1
[drm:radeon_do_cp_idle] 
[drm:drm_ioctl] pid=2916, cmd=0xc0086451, nr=0x51, dev 0xe200, auth=1
[drm:radeon_cp_getparam] pid=2916
[drm:drm_ioctl] pid=2916, cmd=0x6444, nr=0x44, dev 0xe200, auth=1
[drm:radeon_cp_idle] 
[drm:radeon_do_cp_idle] 
[drm:drm_ioctl] pid=2916, cmd=0x6444, nr=0x44, dev 0xe200, auth=1
[drm:radeon_cp_idle] 
[drm:radeon_do_cp_idle] 
[drm:drm_stub_open] 
[drm:drm_open_helper] pid = 2916, minor = 0
[drm:radeon_driver_open] 
[drm:drm_ioctl] pid=2916, cmd=0xc0246400, nr=0x00, dev 0xe200, auth=1
[drm:drm_ioctl] pid=2916, cmd=0xc0246400, nr=0x00, dev 0xe200, auth=1
[drm:drm_release] open_count = 2
[drm:drm_release] pid = 2916, device = 0xe200, open_count = 2
[drm:drm_stub_open] 
[drm:drm_open_helper] pid = 2916, minor = 0
[drm:radeon_driver_open] 
[drm:drm_ioctl] pid=2916, cmd=0xc0106407, nr=0x07, dev 0xe200, auth=1
[drm:drm_ioctl] ret = fffffff3
[drm:drm_ioctl] pid=2916, cmd=0xc0086401, nr=0x01, dev 0xe200, auth=1
[drm:drm_ioctl] pid=2916, cmd=0xc0086401, nr=0x01, dev 0xe200, auth=1
[drm:drm_ioctl] pid=2916, cmd=0x80046402, nr=0x02, dev 0xe200, auth=1
[drm:drm_add_magic] 1
[drm:drm_getmagic] 1
[drm:drm_ioctl] pid=2916, cmd=0xc0246400, nr=0x00, dev 0xe200, auth=1
[drm:drm_ioctl] pid=2916, cmd=0xc0246400, nr=0x00, dev 0xe200, auth=1
[drm:drm_ioctl] pid=2916, cmd=0x40046411, nr=0x11, dev 0xe200, auth=1
[drm:drm_authmagic] 1
[drm:drm_remove_magic] 1
[drm:drm_mmap_locked] start = 0xb2bf5000, end = 0xb4bf5000, page offset = 0x98000
[drm:drm_mmap_locked]    Type = 0; start = 0xb2bf5000, end = 0xb4bf5000, offset = 0x98000000
[drm:drm_vm_open_locked] 0xb2bf5000,0x02000000
[drm:drm_mmap_locked] start = 0xb7a60000, end = 0xb7a62000, page offset = 0xe0b2b
[drm:drm_vm_open_locked] 0xb7a60000,0x00002000
[drm:drm_ioctl] pid=2916, cmd=0xc0086451, nr=0x51, dev 0xe200, auth=1
[drm:radeon_cp_getparam] pid=2916
[drm:drm_ioctl] pid=2916, cmd=0xc0086451, nr=0x51, dev 0xe200, auth=1
[drm:radeon_cp_getparam] pid=2916
[drm:drm_ioctl] pid=2916, cmd=0xc0086451, nr=0x51, dev 0xe200, auth=1
[drm:radeon_cp_getparam] pid=2916
[drm:drm_mmap_locked] start = 0xb78fd000, end = 0xb790d000, page offset = 0x90300
[drm:drm_mmap_locked]    Type = 1; start = 0xb78fd000, end = 0xb790d000, offset = 0x90300000
[drm:drm_vm_open_locked] 0xb78fd000,0x00010000
[drm:drm_mmap_locked] start = 0xb7f08000, end = 0xb7f09000, page offset = 0xb0101
[drm:drm_mmap_locked]    Type = 3; start = 0xb7f08000, end = 0xb7f09000, offset = 0xb0101000
[drm:drm_vm_open_locked] 0xb7f08000,0x00001000
[drm:drm_ioctl] pid=2916, cmd=0xc00c6419, nr=0x19, dev 0xe200, auth=1
[drm:drm_mapbufs] 32 buffers, retcode = 0
[drm:drm_ioctl] pid=2916, cmd=0xc00c6419, nr=0x19, dev 0xe200, auth=1
[drm:drm_mmap_locked] start = 0xb29f5000, end = 0xb2bf5000, page offset = 0xb0102
[drm:drm_mmap_locked]    Type = 3; start = 0xb29f5000, end = 0xb2bf5000, offset = 0xb0102000
[drm:drm_vm_open_locked] 0xb29f5000,0x00200000
[drm:drm_mapbufs] 32 buffers, retcode = 0
[drm:drm_mmap_locked] start = 0xb2515000, end = 0xb29f5000, page offset = 0xb0302
[drm:drm_mmap_locked]    Type = 3; start = 0xb2515000, end = 0xb29f5000, offset = 0xb0302000
[drm:drm_vm_open_locked] 0xb2515000,0x004e0000
[drm:drm_ioctl] pid=2916, cmd=0xc0086451, nr=0x51, dev 0xe200, auth=1
[drm:radeon_cp_getparam] pid=2916
[drm:drm_ioctl] pid=2916, cmd=0x400c6459, nr=0x59, dev 0xe200, auth=1
[drm:drm_vm_open_locked] 0xb2515000,0x004e0000
[drm:drm_vm_open_locked] 0xb29f5000,0x00200000
[drm:drm_vm_open_locked] 0xb2bf5000,0x02000000
[drm:drm_vm_open_locked] 0xb4e09000,0x00200000
[drm:drm_vm_open_locked] 0xb5009000,0x004e0000
[drm:drm_vm_open_locked] 0xb54e9000,0x00200000
[drm:drm_vm_open_locked] 0xb56e9000,0x00101000
[drm:drm_vm_open_locked] 0xb78fd000,0x00010000
[drm:drm_vm_open_locked] 0xb790d000,0x00002000
[drm:drm_vm_open_locked] 0xb7a60000,0x00002000
[drm:drm_vm_open_locked] 0xb7f08000,0x00001000
[drm:drm_vm_open_locked] 0xb7f09000,0x00001000
[drm:drm_vm_close] 0xb2515000,0x004e0000
[drm:drm_vm_close] 0xb29f5000,0x00200000
[drm:drm_vm_close] 0xb2bf5000,0x02000000
[drm:drm_vm_close] 0xb4e09000,0x00200000
[drm:drm_vm_close] 0xb5009000,0x004e0000
[drm:drm_vm_close] 0xb54e9000,0x00200000
[drm:drm_vm_close] 0xb56e9000,0x00101000
[drm:drm_vm_close] 0xb78fd000,0x00010000
[drm:drm_vm_shm_close] 0xb790d000,0x00002000
[drm:drm_vm_shm_close] 0xb7a60000,0x00002000
[drm:drm_vm_close] 0xb7f08000,0x00001000
[drm:drm_vm_close] 0xb7f09000,0x00001000
[drm:drm_vm_open_locked] 0xb2515000,0x004e0000
[drm:drm_vm_open_locked] 0xb29f5000,0x00200000
[drm:drm_vm_open_locked] 0xb2bf5000,0x02000000
[drm:drm_vm_open_locked] 0xb4e09000,0x00200000
[drm:drm_vm_open_locked] 0xb5009000,0x004e0000
[drm:drm_vm_open_locked] 0xb54e9000,0x00200000
[drm:drm_vm_open_locked] 0xb56e9000,0x00101000
[drm:drm_vm_open_locked] 0xb78fd000,0x00010000
[drm:drm_vm_open_locked] 0xb790d000,0x00002000
[drm:drm_vm_open_locked] 0xb7a60000,0x00002000
[drm:drm_vm_open_locked] 0xb7f08000,0x00001000
[drm:drm_vm_open_locked] 0xb7f09000,0x00001000
[drm:drm_vm_close] 0xb2515000,0x004e0000
[drm:drm_vm_close] 0xb29f5000,0x00200000
[drm:drm_vm_close] 0xb2bf5000,0x02000000
[drm:drm_vm_close] 0xb4e09000,0x00200000
[drm:drm_vm_close] 0xb5009000,0x004e0000
[drm:drm_vm_close] 0xb54e9000,0x00200000
[drm:drm_vm_close] 0xb56e9000,0x00101000
[drm:drm_vm_close] 0xb78fd000,0x00010000
[drm:drm_vm_shm_close] 0xb790d000,0x00002000
[drm:drm_vm_shm_close] 0xb7a60000,0x00002000
[drm:drm_vm_close] 0xb7f08000,0x00001000
[drm:drm_vm_close] 0xb7f09000,0x00001000
[drm:drm_ioctl] pid=2916, cmd=0xc0286429, nr=0x29, dev 0xe200, auth=1
[drm:radeon_freelist_get] done_age = -559038737
[drm:drm_ioctl] pid=2916, cmd=0x40086408, nr=0x08, dev 0xe200, auth=1
[drm:drm_ioctl] pid=2916, cmd=0xc010644d, nr=0x4d, dev 0xe200, auth=1
[drm:radeon_cp_indirect] idx=1 s=0 e=136 d=1
[drm:radeon_cp_dispatch_indirect] buf=1 s=0x0 e=0x88
[drm:vblank_disable_fn] disabling vblank on crtc 0
[drm:drm_ioctl] pid=2916, cmd=0x6444, nr=0x44, dev 0xe200, auth=1
[drm:radeon_cp_idle] 
[drm:radeon_do_cp_idle] 
[drm:drm_vm_close] 0xb2515000,0x004e0000
[drm:drm_vm_open_locked] 0xb29f5000,0x00010000
[drm:drm_vm_close] 0xb29f5000,0x00010000
[drm:drm_vm_open_locked] 0xb2a05000,0x00010000
[drm:drm_vm_close] 0xb2a05000,0x00010000
[drm:drm_vm_open_locked] 0xb2a15000,0x00010000
[drm:drm_vm_close] 0xb2a15000,0x00010000
[drm:drm_vm_open_locked] 0xb2a25000,0x00010000
[drm:drm_vm_close] 0xb2a25000,0x00010000
[drm:drm_vm_open_locked] 0xb2a35000,0x00010000
[drm:drm_vm_close] 0xb2a35000,0x00010000
[drm:drm_vm_open_locked] 0xb2a45000,0x00010000
[drm:drm_vm_close] 0xb2a45000,0x00010000
[drm:drm_vm_open_locked] 0xb2a55000,0x00010000
[drm:drm_vm_close] 0xb2a55000,0x00010000
[drm:drm_vm_open_locked] 0xb2a65000,0x00010000
[drm:drm_vm_close] 0xb2a65000,0x00010000
[drm:drm_vm_open_locked] 0xb2a75000,0x00010000
[drm:drm_vm_close] 0xb2a75000,0x00010000
[drm:drm_vm_open_locked] 0xb2a85000,0x00010000
[drm:drm_vm_close] 0xb2a85000,0x00010000
[drm:drm_vm_open_locked] 0xb2a95000,0x00010000
[drm:drm_vm_close] 0xb2a95000,0x00010000
[drm:drm_vm_open_locked] 0xb2aa5000,0x00010000
[drm:drm_vm_close] 0xb2aa5000,0x00010000
[drm:drm_vm_open_locked] 0xb2ab5000,0x00010000
[drm:drm_vm_close] 0xb2ab5000,0x00010000
[drm:drm_vm_open_locked] 0xb2ac5000,0x00010000
[drm:drm_vm_close] 0xb2ac5000,0x00010000
[drm:drm_vm_open_locked] 0xb2ad5000,0x00010000
[drm:drm_vm_close] 0xb2ad5000,0x00010000
[drm:drm_vm_open_locked] 0xb2ae5000,0x00010000
[drm:drm_vm_close] 0xb2ae5000,0x00010000
[drm:drm_vm_open_locked] 0xb2af5000,0x00010000
[drm:drm_vm_close] 0xb2af5000,0x00010000
[drm:drm_vm_open_locked] 0xb2b05000,0x00010000
[drm:drm_vm_close] 0xb2b05000,0x00010000
[drm:drm_vm_open_locked] 0xb2b15000,0x00010000
[drm:drm_vm_close] 0xb2b15000,0x00010000
[drm:drm_vm_open_locked] 0xb2b25000,0x00010000
[drm:drm_vm_close] 0xb2b25000,0x00010000
[drm:drm_vm_open_locked] 0xb2b35000,0x00010000
[drm:drm_vm_close] 0xb2b35000,0x00010000
[drm:drm_vm_open_locked] 0xb2b45000,0x00010000
[drm:drm_vm_close] 0xb2b45000,0x00010000
[drm:drm_vm_open_locked] 0xb2b55000,0x00010000
[drm:drm_vm_close] 0xb2b55000,0x00010000
[drm:drm_vm_open_locked] 0xb2b65000,0x00010000
[drm:drm_vm_close] 0xb2b65000,0x00010000
[drm:drm_vm_open_locked] 0xb2b75000,0x00010000
[drm:drm_vm_close] 0xb2b75000,0x00010000
[drm:drm_vm_open_locked] 0xb2b85000,0x00010000
[drm:drm_vm_close] 0xb2b85000,0x00010000
[drm:drm_vm_open_locked] 0xb2b95000,0x00010000
[drm:drm_vm_close] 0xb2b95000,0x00010000
[drm:drm_vm_open_locked] 0xb2ba5000,0x00010000
[drm:drm_vm_close] 0xb2ba5000,0x00010000
[drm:drm_vm_open_locked] 0xb2bb5000,0x00010000
[drm:drm_vm_close] 0xb2bb5000,0x00010000
[drm:drm_vm_open_locked] 0xb2bc5000,0x00010000
[drm:drm_vm_close] 0xb2bc5000,0x00010000
[drm:drm_vm_open_locked] 0xb2bd5000,0x00010000
[drm:drm_vm_close] 0xb2bd5000,0x00010000
[drm:drm_vm_close] 0xb2be5000,0x00010000
[drm:drm_vm_close] 0xb7f08000,0x00001000
[drm:drm_vm_close] 0xb78fd000,0x00010000
[drm:drm_vm_shm_close] 0xb7a60000,0x00002000
[drm:drm_vm_close] 0xb2bf5000,0x02000000
[drm:drm_release] open_count = 2
[drm:drm_release] pid = 2916, device = 0xe200, open_count = 2
[drm:drm_ioctl] pid=2916, cmd=0x40086442, nr=0x42, dev 0xe200, auth=1
[drm:radeon_cp_stop] 
[drm:radeon_do_cp_flush] 
[drm:radeon_do_cp_idle] 
[drm:radeon_do_cp_stop] 
[drm:radeon_do_engine_reset] 
[drm] Num pipes: 1
[drm:radeon_do_cp_reset] 
[drm:drm_ioctl] pid=2916, cmd=0x40086408, nr=0x08, dev 0xe200, auth=1
[drm:drm_vblank_get] enabling vblank on crtc 0, ret: 0
[drm:drm_update_vblank_count] enabling vblank interrupts on crtc 0, missed 249
[drm:drm_ioctl] pid=2916, cmd=0x40086408, nr=0x08, dev 0xe200, auth=1
[drm:drm_ioctl] pid=2916, cmd=0x40086408, nr=0x08, dev 0xe200, auth=1
mtrr: no MTRR for 98000000,2000000 found
[drm:drm_ioctl] pid=2916, cmd=0x400c6459, nr=0x59, dev 0xe200, auth=1
[drm:drm_ioctl] pid=2916, cmd=0x40086414, nr=0x14, dev 0xe200, auth=1
[drm:drm_irq_uninstall] irq=10
[drm:drm_vm_open_locked] 0xb4e09000,0x00010000
[drm:drm_vm_close] 0xb4e09000,0x00010000
[drm:drm_vm_open_locked] 0xb4e19000,0x00010000
[drm:drm_vm_close] 0xb4e19000,0x00010000
[drm:drm_vm_open_locked] 0xb4e29000,0x00010000
[drm:drm_vm_close] 0xb4e29000,0x00010000
[drm:drm_vm_open_locked] 0xb4e39000,0x00010000
[drm:drm_vm_close] 0xb4e39000,0x00010000
[drm:drm_vm_open_locked] 0xb4e49000,0x00010000
[drm:drm_vm_close] 0xb4e49000,0x00010000
[drm:drm_vm_open_locked] 0xb4e59000,0x00010000
[drm:drm_vm_close] 0xb4e59000,0x00010000
[drm:drm_vm_open_locked] 0xb4e69000,0x00010000
[drm:drm_vm_close] 0xb4e69000,0x00010000
[drm:drm_vm_open_locked] 0xb4e79000,0x00010000
[drm:drm_vm_close] 0xb4e79000,0x00010000
[drm:drm_vm_open_locked] 0xb4e89000,0x00010000
[drm:drm_vm_close] 0xb4e89000,0x00010000
[drm:drm_vm_open_locked] 0xb4e99000,0x00010000
[drm:drm_vm_close] 0xb4e99000,0x00010000
[drm:drm_vm_open_locked] 0xb4ea9000,0x00010000
[drm:drm_vm_close] 0xb4ea9000,0x00010000
[drm:drm_vm_open_locked] 0xb4eb9000,0x00010000
[drm:drm_vm_close] 0xb4eb9000,0x00010000
[drm:drm_vm_open_locked] 0xb4ec9000,0x00010000
[drm:drm_vm_close] 0xb4ec9000,0x00010000
[drm:drm_vm_open_locked] 0xb4ed9000,0x00010000
[drm:drm_vm_close] 0xb4ed9000,0x00010000
[drm:drm_vm_open_locked] 0xb4ee9000,0x00010000
[drm:drm_vm_close] 0xb4ee9000,0x00010000
[drm:drm_vm_open_locked] 0xb4ef9000,0x00010000
[drm:drm_vm_close] 0xb4ef9000,0x00010000
[drm:drm_vm_open_locked] 0xb4f09000,0x00010000
[drm:drm_vm_close] 0xb4f09000,0x00010000
[drm:drm_vm_open_locked] 0xb4f19000,0x00010000
[drm:drm_vm_close] 0xb4f19000,0x00010000
[drm:drm_vm_open_locked] 0xb4f29000,0x00010000
[drm:drm_vm_close] 0xb4f29000,0x00010000
[drm:drm_vm_open_locked] 0xb4f39000,0x00010000
[drm:drm_vm_close] 0xb4f39000,0x00010000
[drm:drm_vm_open_locked] 0xb4f49000,0x00010000
[drm:drm_vm_close] 0xb4f49000,0x00010000
[drm:drm_vm_open_locked] 0xb4f59000,0x00010000
[drm:drm_vm_close] 0xb4f59000,0x00010000
[drm:drm_vm_open_locked] 0xb4f69000,0x00010000
[drm:drm_vm_close] 0xb4f69000,0x00010000
[drm:drm_vm_open_locked] 0xb4f79000,0x00010000
[drm:drm_vm_close] 0xb4f79000,0x00010000
[drm:drm_vm_open_locked] 0xb4f89000,0x00010000
[drm:drm_vm_close] 0xb4f89000,0x00010000
[drm:drm_vm_open_locked] 0xb4f99000,0x00010000
[drm:drm_vm_close] 0xb4f99000,0x00010000
[drm:drm_vm_open_locked] 0xb4fa9000,0x00010000
[drm:drm_vm_close] 0xb4fa9000,0x00010000
[drm:drm_vm_open_locked] 0xb4fb9000,0x00010000
[drm:drm_vm_close] 0xb4fb9000,0x00010000
[drm:drm_vm_open_locked] 0xb4fc9000,0x00010000
[drm:drm_vm_close] 0xb4fc9000,0x00010000
[drm:drm_vm_open_locked] 0xb4fd9000,0x00010000
[drm:drm_vm_close] 0xb4fd9000,0x00010000
[drm:drm_vm_open_locked] 0xb4fe9000,0x00010000
[drm:drm_vm_close] 0xb4fe9000,0x00010000
[drm:drm_vm_close] 0xb4ff9000,0x00010000
[drm:drm_ioctl] pid=2916, cmd=0x40546440, nr=0x40, dev 0xe200, auth=1
[drm:radeon_do_cleanup_cp] 
[drm:drm_vm_close] 0xb5009000,0x004e0000
[drm:drm_vm_close] 0xb54e9000,0x00200000
[drm:drm_vm_close] 0xb7f09000,0x00001000
[drm:drm_vm_close] 0xb56e9000,0x00101000
[drm:drm_ioctl] pid=2916, cmd=0x40086437, nr=0x37, dev 0xe200, auth=1
[drm:drm_ioctl] pid=2916, cmd=0x40106435, nr=0x35, dev 0xe200, auth=1
[drm:drm_ioctl] pid=2916, cmd=0x6431, nr=0x31, dev 0xe200, auth=1
[drm:drm_fasync] fd = 11, device = 0xe200
[drm:drm_ioctl] pid=2916, cmd=0xc0086421, nr=0x21, dev 0xe200, auth=1
[drm:drm_rmctx] 1
[drm:drm_ioctl] pid=2916, cmd=0xc0086426, nr=0x26, dev 0xe200, auth=1
[drm:drm_ioctl] pid=2916, cmd=0xc0086426, nr=0x26, dev 0xe200, auth=1
[drm:drm_ioctl] pid=2916, cmd=0x4008642b, nr=0x2b, dev 0xe200, auth=1
[drm:drm_vm_shm_close] 0xb790d000,0x00002000
[drm:drm_release] open_count = 1
[drm:drm_release] pid = 2916, device = 0xe200, open_count = 1
[drm:drm_lastclose] 
[drm:radeon_do_cleanup_cp] 
[drm:drm_lastclose] driver lastclose completed
[drm:drm_rmmap_locked] mtrr_del=2
[drm:drm_lastclose] lastclose completed
[drm:vblank_disable_fn] disabling vblank on crtc 0