Date: Mon, 12 Jan 2009 12:31:14 +0100
From: Martin MOKREJŠ <>
Subject: Re: [Bug #12410] resource map sanity check conflict: 0x7fffff00 0x800000ff 0x7ffff000 0x7fffffff ACPI Non-volatile Storage
Sender: linux-kernel-owner@vger.kernel.org
Precedence: bulk
List-ID: <linux-kernel.vger.kernel.org>
X-Mailing-List: linux-kernel@vger.kernel.org
X-Lkml-Link: https://lkml.org/lkml/2009/1/12/123

Rafael J. Wysocki wrote:
> This message has been generated automatically as a part of a report
> of regressions introduced between 2.6.27 and 2.6.28.
> 
> The following bug entry is on the current list of known regressions
> introduced between 2.6.27 and 2.6.28.  Please verify if it still should
> be listed and let me know (either way).
> 
> 
> Bug-Entry	: 
http://bugzilla.kernel.org/show_bug.cgi?id=12410
> Subject		: resource map sanity check conflict: 0x7fffff00 0x800000ff 0x7ffff000 0x7fffffff ACPI Non-volatile Storage
> Submitter	: Martin MOKREJŠ <mmokrejs@ribosome.natur.cuni.cz>
> Date		: 2008-12-30 14:56 (13 days old)
> References	: 
http://marc.info/?l=linux-kernel&m=123064945018849&w=4
The above bug is gone from 2.6.29-rc1.
I see the
WARNING: at drivers/ata/libata-sff.c:1017 ata_sff_hsm_move+0x467/0x69a()
line but know patch already went through this list.
For the 
spurious 8259A interrupt: IRQ7.
message I will start another thread if I won't find it in kernel archives/
mail yet unread email.
Martin
Linux version 2.6.29-rc1 (root@vrapenec) (gcc version 4.3.2 (Gentoo 4.3.2-r2 p1.5, pie-10.1.5) ) #1 Sun Jan 11 23:46:00 MET 2009
KERNEL supported cpus:
  Intel GenuineIntel
  AMD AuthenticAMD
  NSC Geode by NSC
  Cyrix CyrixInstead
  Centaur CentaurHauls
  Transmeta GenuineTMx86
  Transmeta TransmetaCPU
  UMC UMC UMC UMC
BIOS-provided physical RAM map:
 BIOS-e820: 0000000000000000 - 000000000009fc00 (usable)
 BIOS-e820: 000000000009fc00 - 00000000000a0000 (reserved)
 BIOS-e820: 00000000000f0000 - 0000000000100000 (reserved)
 BIOS-e820: 0000000000100000 - 000000007fff9000 (usable)
 BIOS-e820: 000000007fff9000 - 000000007ffff000 (ACPI data)
 BIOS-e820: 000000007ffff000 - 0000000080000000 (ACPI NVS)
 BIOS-e820: 00000000ffff0000 - 0000000100000000 (reserved)
DMI 2.3 present.
last_pfn = 0x7fff9 max_arch_pfn = 0x100000
kernel direct mapping tables up to 377fe000 @ 7000-d000
ACPI: RSDP 000F6890, 0014 (r0 ASUS  )
ACPI: RSDT 7FFF9000, 002C (r1 ASUS   P4_L3CS  42302E31 MSFT 31313031)
ACPI: FACP 7FFF9080, 0074 (r1 ASUS   P4_L3CS  42302E31 MSFT 31313031)
FADT: X_PM1a_EVT_BLK.bit_width (16) does not match PM1_EVT_LEN (4)
ACPI: DSDT 7FFF9100, 52E9 (r1   ASUS P4_L3CS      1000 MSFT  100000D)
ACPI: FACS 7FFFF000, 0040
ACPI: BOOT 7FFF9040, 0028 (r1 ASUS   P4_L3CS  42302E31 MSFT 31313031)
1159MB HIGHMEM available.
887MB LOWMEM available.
  mapped low ram: 0 - 377fe000
  low ram: 00000000 - 377fe000
  bootmap 00009000 - 0000ff00
(6 early reservations) ==> bootmem [0000000000 - 00377fe000]
  #0 [0000000000 - 0000001000]   BIOS data page ==> [0000000000 - 0000001000]
  #1 [0001000000 - 00014da588]    TEXT DATA BSS ==> [0001000000 - 00014da588]
  #2 [00014db000 - 00014e2000]    INIT_PG_TABLE ==> [00014db000 - 00014e2000]
  #3 [000009fc00 - 0000100000]    BIOS reserved ==> [000009fc00 - 0000100000]
  #4 [0000007000 - 0000009000]          PGTABLE ==> [0000007000 - 0000009000]
  #5 [0000009000 - 0000010000]          BOOTMAP ==> [0000009000 - 0000010000]
Zone PFN ranges:
  DMA      0x00000000 -> 0x00001000
  Normal   0x00001000 -> 0x000377fe
  HighMem  0x000377fe -> 0x0007fff9
Movable zone start PFN for each node
early_node_map[2] active PFN ranges
    0: 0x00000000 -> 0x0000009f
    0: 0x00000100 -> 0x0007fff9
On node 0 totalpages: 524184
free_area_init_node: node 0, pgdat c1442398, node_mem_map c14e2000
  DMA zone: 32 pages used for memmap
  DMA zone: 0 pages reserved
  DMA zone: 3967 pages, LIFO batch:0
  Normal zone: 1744 pages used for memmap
  Normal zone: 221486 pages, LIFO batch:31
  HighMem zone: 2320 pages used for memmap
  HighMem zone: 294635 pages, LIFO batch:31
ACPI: PM-Timer IO Port: 0xe408
PM: Registered nosave memory: 000000000009f000 - 00000000000a0000
PM: Registered nosave memory: 00000000000a0000 - 00000000000f0000
PM: Registered nosave memory: 00000000000f0000 - 0000000000100000
Allocating PCI resources starting at 88000000 (gap: 80000000:7fff0000)
Built 1 zonelists in Zone order, mobility grouping on.  Total pages: 520088
Kernel command line: root=/dev/sda3 console=ttyS0,57600n8 console=tty0 vga=0x318 video=vesafb:mtrr:3,ywrap idebus=66 probe_mask=0x3f closcksource=acpi_pm,notsc hpet=force udev
Enabling fast FPU save and restore... done.
Enabling unmasked SIMD FPU exception support... done.
Initializing CPU#0
PID hash table entries: 4096 (order: 12, 16384 bytes)
Fast TSC calibration using PIT
Detected 1800.075 MHz processor.
Console: colour dummy device 80x25
console [tty0] enabled
console [ttyS0] enabled
Dentry cache hash table entries: 131072 (order: 7, 524288 bytes)
Inode-cache hash table entries: 65536 (order: 6, 262144 bytes)
Memory: 2073668k/2097124k available (2982k kernel code, 22228k reserved, 1419k data, 260k init, 1187820k highmem)
virtual kernel memory layout:
    fixmap  : 0xfffed000 - 0xfffff000   (  72 kB)
    pkmap   : 0xff800000 - 0xffc00000   (4096 kB)
    vmalloc : 0xf7ffe000 - 0xff7fe000   ( 120 MB)
    lowmem  : 0xc0000000 - 0xf77fe000   ( 887 MB)
      .init : 0xc1450000 - 0xc1491000   ( 260 kB)
      .data : 0xc12e98f5 - 0xc144c778   (1419 kB)
      .text : 0xc1000000 - 0xc12e98f5   (2982 kB)
Checking if this processor honours the WP bit even in supervisor mode...Ok.
Calibrating delay loop (skipped), value calculated using timer frequency.. 3600.15 BogoMIPS (lpj=1800075)
Mount-cache hash table entries: 512
CPU: Trace cache: 12K uops, L1 D cache: 8K
CPU: L2 cache: 512K
[ds] using netburst configuration
Intel machine check architecture supported.
Intel machine check reporting enabled on CPU#0.
CPU0: Intel P4/Xeon Extended MCE MSRs (12) available
CPU: Mobile Intel(R) Pentium(R) 4 - M CPU 1.80GHz stepping 07
Checking 'hlt' instruction... OK.
Freeing SMP alternatives: 0k freed
ACPI: Core revision 20081204
ACPI: setting ELCR to 0200 (from 0a28)
net_namespace: 520 bytes
regulator: core version 0.5
NET: Registered protocol family 16
ACPI: bus type pci registered
PCI: PCI BIOS revision 2.10 entry at 0xf0e40, last bus=2
PCI: Using configuration type 1 for base access
bio: create slab <bio-0> at 0
ACPI: EC: Look up EC in DSDT
ACPI: Interpreter enabled
ACPI: (supports S0 S1 S3 S4 S5)
ACPI: Using PIC for interrupt routing
ACPI: EC: non-query interrupt received, switching to interrupt mode
ACPI: EC: GPE = 0x1c, I/O: command/status = 0x66, data = 0x62
ACPI: EC: driver started in interrupt mode
ACPI: No dock devices found.
ACPI: PCI Root Bridge [PCI0] (0000:00)
pci 0000:00:00.0: reg 10 32bit mmio: [0xe0000000-0xefffffff]
pci 0000:00:1d.0: reg 20 io port: [0xb800-0xb81f]
pci 0000:00:1d.1: reg 20 io port: [0xb400-0xb41f]
pci 0000:00:1f.0: Force enabled HPET at 0xfed00000
pci 0000:00:1f.0: Enabled i801 SMBus device
pci 0000:00:1f.0: quirk: region e400-e47f claimed by ICH4 ACPI/GPIO/TCO
spurious 8259A interrupt: IRQ7.
pci 0000:00:1f.0: quirk: region ec00-ec3f claimed by ICH4 GPIO
pci 0000:00:1f.1: reg 10 io port: [0x9800-0x9807]
pci 0000:00:1f.1: reg 14 io port: [0x9400-0x9403]
pci 0000:00:1f.1: reg 18 io port: [0x9000-0x9007]
pci 0000:00:1f.1: reg 1c io port: [0x8800-0x8803]
pci 0000:00:1f.1: reg 20 io port: [0x8400-0x840f]
pci 0000:00:1f.1: reg 24 32bit mmio: [0xd5800000-0xd58003ff]
pci 0000:00:1f.3: reg 20 io port: [0xe800-0xe81f]
pci 0000:00:1f.5: reg 10 io port: [0xe000-0xe0ff]
pci 0000:00:1f.5: reg 14 io port: [0xe100-0xe13f]
pci 0000:00:1f.6: reg 10 io port: [0xe200-0xe2ff]
pci 0000:00:1f.6: reg 14 io port: [0xe300-0xe37f]
pci 0000:01:00.0: reg 10 32bit mmio: [0xd8000000-0xdfffffff]
pci 0000:01:00.0: reg 14 io port: [0xd800-0xd8ff]
pci 0000:01:00.0: reg 18 32bit mmio: [0xd7000000-0xd700ffff]
pci 0000:01:00.0: reg 30 32bit mmio: [0xd7fe0000-0xd7ffffff]
pci 0000:01:00.0: supports D1 D2
pci 0000:00:01.0: bridge io port: [0xd000-0xdfff]
pci 0000:00:01.0: bridge 32bit mmio: [0xd7000000-0xd7efffff]
pci 0000:00:01.0: bridge 32bit mmio pref: [0xd7f00000-0xdfffffff]
pci 0000:02:05.0: reg 10 io port: [0xa800-0xa8ff]
pci 0000:02:05.0: reg 14 32bit mmio: [0xd6800000-0xd68000ff]
pci 0000:02:05.0: supports D1 D2
pci 0000:02:05.0: PME# supported from D1 D2 D3hot D3cold
pci 0000:02:05.0: PME# disabled
pci 0000:02:07.0: reg 10 32bit mmio: [0x000000-0x000fff]
pci 0000:02:07.0: supports D1 D2
pci 0000:02:07.0: PME# supported from D0 D1 D2 D3hot D3cold
pci 0000:02:07.0: PME# disabled
pci 0000:02:07.1: reg 10 32bit mmio: [0x000000-0x000fff]
pci 0000:02:07.1: supports D1 D2
pci 0000:02:07.1: PME# supported from D0 D1 D2 D3hot D3cold
pci 0000:02:07.1: PME# disabled
pci 0000:02:07.2: reg 10 32bit mmio: [0xd6000000-0xd60007ff]
pci 0000:02:07.2: PME# supported from D0 D3hot D3cold
pci 0000:02:07.2: PME# disabled
pci 0000:00:1e.0: transparent bridge
pci 0000:00:1e.0: bridge io port: [0xa000-0xafff]
pci 0000:00:1e.0: bridge 32bit mmio: [0xd6000000-0xd6ffffff]
pci_bus 0000:00: on NUMA node 0
ACPI: PCI Interrupt Routing Table [\_SB_.PCI0._PRT]
ACPI: PCI Interrupt Routing Table [\_SB_.PCI0.PCI1._PRT]
ACPI: PCI Interrupt Routing Table [\_SB_.PCI0.PCI2._PRT]
ACPI: PCI Interrupt Link [LNKA] (IRQs *5)
ACPI: PCI Interrupt Link [LNKB] (IRQs 7 *11)
ACPI: PCI Interrupt Link [LNKC] (IRQs *3 11)
ACPI: PCI Interrupt Link [LNKD] (IRQs 5 7 11) *9
ACPI: PCI Interrupt Link [LNKE] (IRQs 3 4 5 6 7 10 11 12 14 15) *0, disabled.
ACPI: PCI Interrupt Link [LNKF] (IRQs 3 4 5 6 7 10 11 12 14 15) *0, disabled.
ACPI: PCI Interrupt Link [LNKG] (IRQs 3 4 5 6 7 10 11 12 14 15) *0, disabled.
ACPI: PCI Interrupt Link [LNKH] (IRQs 3 4 5 6 7 10 11 12 14 15) *0, disabled.
ACPI: Power Resource [PRCF] (off)
SCSI subsystem initialized
libata version 3.00 loaded.
usbcore: registered new interface driver usbfs
usbcore: registered new interface driver hub
usbcore: registered new device driver usb
ACPI: WMI: Mapper loaded
PCI: Using ACPI for IRQ routing
cfg80211: Using static regulatory domain info
cfg80211: Regulatory domain: US
	(start_freq - end_freq @ bandwidth), (max_antenna_gain, max_eirp)
	(2402000 KHz - 2472000 KHz @ 40000 KHz), (600 mBi, 2700 mBm)
	(5170000 KHz - 5190000 KHz @ 40000 KHz), (600 mBi, 2300 mBm)
	(5190000 KHz - 5210000 KHz @ 40000 KHz), (600 mBi, 2300 mBm)
	(5210000 KHz - 5230000 KHz @ 40000 KHz), (600 mBi, 2300 mBm)
	(5230000 KHz - 5330000 KHz @ 40000 KHz), (600 mBi, 2300 mBm)
	(5735000 KHz - 5835000 KHz @ 40000 KHz), (600 mBi, 3000 mBm)
cfg80211: Calling CRDA for country: US
hpet clockevent registered
hpet0: at MMIO 0xfed00000, IRQs 2, 8, 0
hpet0: 3 comparators, 64-bit 14.318180 MHz counter
pnp: PnP ACPI init
ACPI: bus type pnp registered
pnp: PnP ACPI: found 15 devices
ACPI: ACPI bus type pnp unregistered
system 00:00: iomem range 0x0-0x9ffff could not be reserved
system 00:00: iomem range 0xf0000-0xfffff could not be reserved
system 00:00: iomem range 0x100000-0x7fffffff could not be reserved
system 00:02: ioport range 0xe400-0xe47f has been reserved
system 00:02: ioport range 0xe800-0xe81f has been reserved
system 00:02: ioport range 0xec00-0xec3f has been reserved
system 00:02: ioport range 0x40b-0x40b has been reserved
system 00:02: ioport range 0x480-0x48f has been reserved
system 00:02: ioport range 0x4d6-0x4d6 has been reserved
system 00:03: iomem range 0xffa00000-0xffbfffff has been reserved
system 00:03: iomem range 0xffe00000-0xffffffff could not be reserved
system 00:04: ioport range 0x4d0-0x4d1 has been reserved
system 00:04: ioport range 0x77c-0x77f has been reserved
system 00:0e: ioport range 0x610-0x62f has been reserved
pci 0000:00:01.0: PCI bridge, secondary bus 0000:01
pci 0000:00:01.0:   IO window: 0xd000-0xdfff
pci 0000:00:01.0:   MEM window: 0xd7000000-0xd7efffff
pci 0000:00:01.0:   PREFETCH window: 0x000000d7f00000-0x000000dfffffff
pci 0000:02:07.0: CardBus bridge, secondary bus 0000:03
pci 0000:02:07.0:   IO window: 0x00a000-0x00a0ff
pci 0000:02:07.0:   IO window: 0x00a400-0x00a4ff
pci 0000:02:07.0:   PREFETCH window: 0x88000000-0x8bffffff
pci 0000:02:07.0:   MEM window: 0x90000000-0x93ffffff
pci 0000:02:07.1: CardBus bridge, secondary bus 0000:07
pci 0000:02:07.1:   IO window: 0x00ac00-0x00acff
pci 0000:02:07.1:   IO window: 0x001000-0x0010ff
pci 0000:02:07.1:   PREFETCH window: 0x8c000000-0x8fffffff
pci 0000:02:07.1:   MEM window: 0x94000000-0x97ffffff
pci 0000:00:1e.0: PCI bridge, secondary bus 0000:02
pci 0000:00:1e.0:   IO window: 0xa000-0xafff
pci 0000:00:1e.0:   MEM window: 0xd6000000-0xd6ffffff
pci 0000:00:1e.0:   PREFETCH window: 0x00000088000000-0x0000008fffffff
pci 0000:00:01.0: setting latency timer to 64
pci 0000:00:1e.0: setting latency timer to 64
ACPI: PCI Interrupt Link [LNKA] enabled at IRQ 5
PCI: setting IRQ 5 as level-triggered
pci 0000:02:07.0: PCI INT A -> Link[LNKA] -> GSI 5 (level, low) -> IRQ 5
pci 0000:02:07.1: enabling device (0000 -> 0003)
ACPI: PCI Interrupt Link [LNKB] enabled at IRQ 11
PCI: setting IRQ 11 as level-triggered
pci 0000:02:07.1: PCI INT B -> Link[LNKB] -> GSI 11 (level, low) -> IRQ 11
pci_bus 0000:00: resource 0 io:  [0x00-0xffff]
pci_bus 0000:00: resource 1 mem: [0x000000-0xffffffff]
pci_bus 0000:01: resource 0 io:  [0xd000-0xdfff]
pci_bus 0000:01: resource 1 mem: [0xd7000000-0xd7efffff]
pci_bus 0000:01: resource 2 mem: [0xd7f00000-0xdfffffff]
pci_bus 0000:01: resource 3 mem: [0x0-0x0]
pci_bus 0000:02: resource 0 io:  [0xa000-0xafff]
pci_bus 0000:02: resource 1 mem: [0xd6000000-0xd6ffffff]
pci_bus 0000:02: resource 2 mem: [0x88000000-0x8fffffff]
pci_bus 0000:02: resource 3 io:  [0x00-0xffff]
pci_bus 0000:02: resource 4 mem: [0x000000-0xffffffff]
pci_bus 0000:03: resource 0 io:  [0xa000-0xa0ff]
pci_bus 0000:03: resource 1 io:  [0xa400-0xa4ff]
pci_bus 0000:03: resource 2 mem: [0x88000000-0x8bffffff]
pci_bus 0000:03: resource 3 mem: [0x90000000-0x93ffffff]
pci_bus 0000:07: resource 0 io:  [0xac00-0xacff]
pci_bus 0000:07: resource 1 io:  [0x1000-0x10ff]
pci_bus 0000:07: resource 2 mem: [0x8c000000-0x8fffffff]
pci_bus 0000:07: resource 3 mem: [0x94000000-0x97ffffff]
NET: Registered protocol family 2
IP route cache hash table entries: 32768 (order: 5, 131072 bytes)
TCP established hash table entries: 131072 (order: 8, 1048576 bytes)
TCP bind hash table entries: 65536 (order: 6, 262144 bytes)
TCP: Hash tables configured (established 131072 bind 65536)
TCP reno registered
NET: Registered protocol family 1
Simple Boot Flag at 0x3a set to 0x1
Machine check exception polling timer started.
Microcode Update Driver: v2.00 <tigran@aivazian.fsnet.co.uk>, Peter Oruba
highmem bounce pool size: 64 pages
DLM (built Jan 11 2009 23:17:23) installed
squashfs: version 4.0 (2009/01/03) Phillip Lougher
fuse init (API version 7.11)
msgmni has been set to 1731
alg: No test for cipher_null (cipher_null-generic)
alg: No test for digest_null (digest_null-generic)
alg: No test for compress_null (compress_null-generic)
alg: No test for fcrypt (fcrypt-generic)
alg: No test for stdrng (krng)
alg: No test for stdrng (ansi_cprng)
io scheduler noop registered
io scheduler anticipatory registered
io scheduler deadline registered
io scheduler cfq registered (default)
pci 0000:01:00.0: Boot video device
radeonfb 0000:01:00.0: PCI INT A -> Link[LNKA] -> GSI 5 (level, low) -> IRQ 5
radeonfb: Retrieved PLL infos from BIOS
radeonfb: Reference=27.00 MHz (RefDiv=12) Memory=230.00 Mhz, System=183.00 MHz
radeonfb: PLL min 12000 max 35000
i2c-adapter i2c-1: unable to read EDID block.
i2c-adapter i2c-1: unable to read EDID block.
i2c-adapter i2c-1: unable to read EDID block.
Switched to high resolution mode on CPU 0
i2c-adapter i2c-3: unable to read EDID block.
i2c-adapter i2c-3: unable to read EDID block.
i2c-adapter i2c-3: unable to read EDID block.
Non-DDC laptop panel detected
i2c-adapter i2c-2: unable to read EDID block.
i2c-adapter i2c-2: unable to read EDID block.
i2c-adapter i2c-2: unable to read EDID block.
i2c-adapter i2c-3: unable to read EDID block.
i2c-adapter i2c-3: unable to read EDID block.
i2c-adapter i2c-3: unable to read EDID block.
radeonfb: Monitor 1 type LCD found
radeonfb: Monitor 2 type no found
radeonfb: panel ID string: Samsung LTN150P1-L02    
radeonfb: detected LVDS panel size from BIOS: 1400x1050
radeondb: BIOS provided dividers will be used
radeonfb: Dynamic Clock Power Management enabled
Console: switching to colour frame buffer device 175x65
radeonfb (0000:01:00.0): ATI Radeon 4c57 "LW"
vesafb: cannot reserve video memory at 0xd8000000
vesafb: framebuffer at 0xd8000000, mapped to 0xf9180000, using 4608k, total 32768k
vesafb: mode is 1024x768x24, linelength=3072, pages=13
vesafb: protected mode interface info at c000:52e1
vesafb: pmi: set display start = c00c5375, set palette = c00c53c1
vesafb: pmi: ports = d810 d816 d854 d838 d83c d85c d800 d804 d8b0 d8b2 d8b4 
vesafb: scrolling: ywrap using protected mode interface, yres_virtual=1536
vesafb: Truecolor: size=0:8:8:8, shift=0:16:8:0
fb1: VESA VGA frame buffer device
ACPI: AC Adapter [ACAD] (on-line)
ACPI: Battery Slot [BAT0] (battery absent)
input: Power Button (FF) as /class/input/input0
ACPI: Power Button (FF) [PWRF]
input: Sleep Button (CM) as /class/input/input1
ACPI: Sleep Button (CM) [SLPB]
input: Lid Switch as /class/input/input2
ACPI: Lid Switch [LIDD]
fan PNP0C0B:00: registered as cooling_device0
ACPI: Fan [CFAN] (off)
ACPI: CPU0 (power states: C1[C1] C2[C2])
processor ACPI_CPU:00: registered as cooling_device1
ACPI: Processor [CPU0] (supports 8 throttling states)
thermal LNXTHERM:01: registered as thermal_zone0
ACPI: Thermal Zone [THRM] (37 C)
lp: driver loaded but no devices found
Non-volatile memory driver v1.3
Linux agpgart interface v0.103
Serial: 8250/16550 driver, 4 ports, IRQ sharing enabled
serial8250: ttyS0 at I/O 0x3f8 (irq = 4) is a 16550A
00:0b: ttyS0 at I/O 0x3f8 (irq = 4) is a 16550A
serial 0000:00:1f.6: PCI INT B -> Link[LNKB] -> GSI 11 (level, low) -> IRQ 11
serial 0000:00:1f.6: PCI INT B disabled
Floppy drive(s): fd0 is 1.44M
FDC 0 is a National Semiconductor PC87306
loop: module loaded
tun: Universal TUN/TAP device driver, 1.6
tun: (C) 1999-2004 Max Krasnyansky <maxk@qualcomm.com>
Linux video capture interface: v2.00
Driver 'sd' needs updating - please use bus_type methods
Driver 'sr' needs updating - please use bus_type methods
ata_piix 0000:00:1f.1: version 2.12
ACPI: PCI Interrupt Link [LNKC] enabled at IRQ 3
PCI: setting IRQ 3 as level-triggered
ata_piix 0000:00:1f.1: PCI INT A -> Link[LNKC] -> GSI 3 (level, low) -> IRQ 3
ata_piix 0000:00:1f.1: setting latency timer to 64
scsi0 : ata_piix
scsi1 : ata_piix
ata1: PATA max UDMA/100 cmd 0x1f0 ctl 0x3f6 bmdma 0x8400 irq 14
ata2: PATA max UDMA/100 cmd 0x170 ctl 0x376 bmdma 0x8408 irq 15
ata1.00: ATA-6: ST9160821A, 3.ALC, max UDMA/100
ata1.00: 312581808 sectors, multi 16: LBA48 
ata1.00: configured for UDMA/100
scsi 0:0:0:0: Direct-Access     ATA      ST9160821A       3.AL PQ: 0 ANSI: 5
sd 0:0:0:0: [sda] 312581808 512-byte hardware sectors: (160 GB/149 GiB)
sd 0:0:0:0: [sda] Write Protect is off
sd 0:0:0:0: [sda] Mode Sense: 00 3a 00 00
sd 0:0:0:0: [sda] Write cache: enabled, read cache: enabled, doesn't support DPO or FUA
sd 0:0:0:0: [sda] 312581808 512-byte hardware sectors: (160 GB/149 GiB)
sd 0:0:0:0: [sda] Write Protect is off
sd 0:0:0:0: [sda] Mode Sense: 00 3a 00 00
sd 0:0:0:0: [sda] Write cache: enabled, read cache: enabled, doesn't support DPO or FUA
 sda: sda1 sda2 sda3 sda4
sd 0:0:0:0: [sda] Attached SCSI disk
sd 0:0:0:0: Attached scsi generic sg0 type 0
ata2.01: ATAPI: Optiarc DVD RW AD-7590A, 1.01, max UDMA/33
ata2.01: configured for UDMA/33
------------[ cut here ]------------
WARNING: at drivers/ata/libata-sff.c:1017 ata_sff_hsm_move+0x467/0x69a()
Hardware name: System Name
Modules linked in:
Pid: 0, comm: swapper Not tainted 2.6.29-rc1 #1
Call Trace:
 [<c101a588>] warn_slowpath+0x80/0xb5
 [<c1017eb1>] enqueue_task_fair+0x12a/0x169
 [<c1017eb1>] enqueue_task_fair+0x12a/0x169
 [<c1016c6a>] activate_task+0x1d/0x2a
 [<c102c454>] update_wall_time+0x63f/0x780
 [<c102c6b3>] getnstimeofday+0x4c/0xc9
 [<c1029ea9>] ktime_get_ts+0x1d/0x3f
 [<c11dd88c>] ata_sff_data_xfer32+0x4e/0x9d
 [<c11dd24c>] ata_sff_hsm_move+0x467/0x69a
 [<c11dd6db>] ata_sff_interrupt+0x156/0x1ee
 [<c1039099>] handle_IRQ_event+0x1a/0x3f
 [<c1039d73>] handle_level_irq+0x50/0x85
 [<c1004101>] do_IRQ+0x4d/0x64
 [<c10031a7>] common_interrupt+0x27/0x2c
 [<c1006fb7>] default_idle+0x25/0x38
 [<c1001e66>] cpu_idle+0x37/0x4d
 [<c1450847>] start_kernel+0x20c/0x20f
---[ end trace bbc3255be38b3e97 ]---
scsi 1:0:1:0: CD-ROM            Optiarc  DVD RW AD-7590A  1.01 PQ: 0 ANSI: 5
sr0: scsi3-mmc drive: 24x/24x writer dvd-ram cd/rw xa/form2 cdda tray
Uniform CD-ROM driver Revision: 3.20
sr 1:0:1:0: Attached scsi CD-ROM sr0
sr 1:0:1:0: Attached scsi generic sg1 type 5
yenta_cardbus 0000:02:07.0: CardBus bridge found [1043:1624]
yenta_cardbus 0000:02:07.0: ISA IRQ mask 0x0490, PCI irq 5
yenta_cardbus 0000:02:07.0: Socket status: 30000826
pci_bus 0000:02: Raising subordinate bus# of parent bus (#02) from #02 to #06
yenta_cardbus 0000:02:07.0: pcmcia: parent PCI bridge I/O window: 0xa000 - 0xafff
yenta_cardbus 0000:02:07.0: pcmcia: parent PCI bridge Memory window: 0xd6000000 - 0xd6ffffff
yenta_cardbus 0000:02:07.0: pcmcia: parent PCI bridge Memory window: 0x88000000 - 0x8fffffff
yenta_cardbus 0000:02:07.1: CardBus bridge found [1043:1624]
yenta_cardbus 0000:02:07.1: ISA IRQ mask 0x0490, PCI irq 11
yenta_cardbus 0000:02:07.1: Socket status: 30000006
pci_bus 0000:02: Raising subordinate bus# of parent bus (#02) from #06 to #0a
yenta_cardbus 0000:02:07.1: pcmcia: parent PCI bridge I/O window: 0xa000 - 0xafff
yenta_cardbus 0000:02:07.1: pcmcia: parent PCI bridge Memory window: 0xd6000000 - 0xd6ffffff
yenta_cardbus 0000:02:07.1: pcmcia: parent PCI bridge Memory window: 0x88000000 - 0x8fffffff
usbmon: debugfs is not available
ehci_hcd: USB 2.0 'Enhanced' Host Controller (EHCI) Driver
ohci_hcd: USB 1.1 'Open' Host Controller (OHCI) Driver
uhci_hcd: USB Universal Host Controller Interface driver
uhci_hcd 0000:00:1d.0: PCI INT A -> Link[LNKA] -> GSI 5 (level, low) -> IRQ 5
uhci_hcd 0000:00:1d.0: setting latency timer to 64
uhci_hcd 0000:00:1d.0: UHCI Host Controller
uhci_hcd 0000:00:1d.0: new USB bus registered, assigned bus number 1
uhci_hcd 0000:00:1d.0: irq 5, io base 0x0000b800
usb usb1: New USB device found, idVendor=1d6b, idProduct=0001
usb usb1: New USB device strings: Mfr=3, Product=2, SerialNumber=1
usb usb1: Product: UHCI Host Controller
usb usb1: Manufacturer: Linux 2.6.29-rc1 uhci_hcd
usb usb1: SerialNumber: 0000:00:1d.0
usb usb1: configuration #1 chosen from 1 choice
hub 1-0:1.0: USB hub found
hub 1-0:1.0: 2 ports detected
ACPI: PCI Interrupt Link [LNKD] enabled at IRQ 11
uhci_hcd 0000:00:1d.1: PCI INT B -> Link[LNKD] -> GSI 11 (level, low) -> IRQ 11
uhci_hcd 0000:00:1d.1: setting latency timer to 64
uhci_hcd 0000:00:1d.1: UHCI Host Controller
uhci_hcd 0000:00:1d.1: new USB bus registered, assigned bus number 2
uhci_hcd 0000:00:1d.1: irq 11, io base 0x0000b400
usb usb2: New USB device found, idVendor=1d6b, idProduct=0001
usb usb2: New USB device strings: Mfr=3, Product=2, SerialNumber=1
usb usb2: Product: UHCI Host Controller
usb usb2: Manufacturer: Linux 2.6.29-rc1 uhci_hcd
usb usb2: SerialNumber: 0000:00:1d.1
usb usb2: configuration #1 chosen from 1 choice
hub 2-0:1.0: USB hub found
hub 2-0:1.0: 2 ports detected
PNP: PS/2 Controller [PNP0303:PS2K,PNP0f13:PS2M] at 0x60,0x64 irq 1,12
i8042.c: Detected active multiplexing controller, rev 1.1.
serio: i8042 KBD port at 0x60,0x64 irq 1
serio: i8042 AUX0 port at 0x60,0x64 irq 12
serio: i8042 AUX1 port at 0x60,0x64 irq 12
serio: i8042 AUX2 port at 0x60,0x64 irq 12
serio: i8042 AUX3 port at 0x60,0x64 irq 12
mice: PS/2 mouse device common for all mice
input: PC Speaker as /class/input/input3
i2c /dev entries driver
i801_smbus 0000:00:1f.3: PCI INT B -> Link[LNKB] -> GSI 11 (level, low) -> IRQ 11
ACPI: I/O resource 0000:00:1f.3 [0xe800-0xe81f] conflicts with ACPI region SMB0 [0xe800-0xe80f]
ACPI: Device needs an ACPI driver
iTCO_wdt: Intel TCO WatchDog Timer Driver v1.04
iTCO_wdt: Found a ICH3-M TCO device (Version=1, TCOBASE=0xe460)
iTCO_wdt: initialized. heartbeat=30 sec (nowayout=0)
iTCO_vendor_support: vendor-support=0
usb 1-2: new low speed USB device using uhci_hcd and address 2
cpuidle: using governor ladder
input: AT Translated Set 2 keyboard as /class/input/input4
usbcore: registered new interface driver hiddev
usbcore: registered new interface driver usbhid
usbhid: v2.6:USB HID core driver
Asus Laptop ACPI Extras version 0.30
Marking TSC unstable due to TSC halts in idle
usb 1-2: New USB device found, idVendor=046d, idProduct=c00e
usb 1-2: New USB device strings: Mfr=1, Product=2, SerialNumber=0
usb 1-2: Product: USB-PS/2 Optical Mouse
usb 1-2: Manufacturer: Logitech
usb 1-2: configuration #1 chosen from 1 choice
  L3C model detected, supported
input: Logitech USB-PS/2 Optical Mouse as /class/input/input5
Advanced Linux Sound Architecture Driver Version 1.0.18a.
Intel ICH 0000:00:1f.5: PCI INT B -> Link[LNKB] -> GSI 11 (level, low) -> IRQ 11
Intel ICH 0000:00:1f.5: setting latency timer to 64
generic-usb 0003:046D:C00E.0001: input,hidraw0: USB HID v1.10 Mouse [Logitech USB-PS/2 Optical Mouse] on usb-0000:00:1d.0-2/input0
Synaptics Touchpad, model: 1, fw: 4.6, id: 0x925ea1, caps: 0x80471b/0x0
input: SynPS/2 Synaptics TouchPad as /class/input/input6
intel8x0_measure_ac97_clock: measured 50919 usecs
intel8x0: clocking to 48000
Intel ICH Modem 0000:00:1f.6: PCI INT B -> Link[LNKB] -> GSI 11 (level, low) -> IRQ 11
Intel ICH Modem 0000:00:1f.6: setting latency timer to 64
ALSA device list:
  #0: Intel 82801CA-ICH3 with CS4299 at irq 11
  #1: Intel 82801CA-ICH3 Modem at irq 11
TCP cubic registered
Initializing XFRM netlink socket
NET: Registered protocol family 17
NET: Registered protocol family 15
SCTP: Hash tables configured (established 65536 bind 65536)
Using IPI Shortcut mode
BIOS EDD facility v0.16 2004-Jun-25, 1 devices found
kjournald starting.  Commit interval 5 seconds
EXT3-fs: mounted filesystem with ordered data mode.
VFS: Mounted root (ext3 filesystem) readonly on device 8:3.
Freeing unused kernel memory: 260k freed
input: Video Bus as /class/input/input7
ACPI: Video Device [VGAC] (multi-head: yes  rom: no  post: no)
agpgart-intel 0000:00:00.0: Intel 845G Chipset
agpgart-intel 0000:00:00.0: AGP aperture is 256M @ 0xe0000000
8139too Fast Ethernet driver 0.9.28
8139too 0000:02:05.0: PCI INT A -> Link[LNKD] -> GSI 11 (level, low) -> IRQ 11
eth0: RealTek RTL8139 at 0xf8046000, 00:e0:18:b6:9d:31, IRQ 11
eth0:  Identified 8139 chip type 'RTL-8100'
parport_pc 00:0a: reported by Plug and Play ACPI
parport0: PC-style at 0x378 (0x778), irq 7 [PCSPP,TRISTATE,EPP]
lp0: using parport0 (interrupt-driven).
ohci1394 0000:02:07.2: PCI INT C -> Link[LNKC] -> GSI 3 (level, low) -> IRQ 3
ohci1394: fw-host0: OHCI-1394 1.0 (PCI): IRQ=[3]  MMIO=[d6000000-d60007ff]  Max Packet=[2048]  IR/IT contexts=[4/4]
ieee1394: Host added: ID:BUS[0-00:1023]  GUID[00e018000305e5fc]
EXT3 FS on sda3, internal journal
Adding 1028152k swap on /dev/sda4.  Priority:-1 extents:1 across:1028152k 
eth0: link up, 100Mbps, full-duplex, lpa 0x45E1
Clocksource tsc unstable (delta = -98061665 ns)
microcode: CPU0 updated from revision 0x0 to 0x39, date = 2003-06-04 