Date: Fri, 19 Dec 2008 16:32:39 +0000 (UTC)
From: Alessandro Bono <>
Subject: Problem with thermal control: ACPI: Critical trip point - Critical temperature reached  - shutting down.
Sender: linux-kernel-owner@vger.kernel.org
Precedence: bulk
List-ID: <linux-kernel.vger.kernel.org>
X-Mailing-List: linux-kernel@vger.kernel.org
X-Lkml-Link: https://lkml.org/lkml/2008/12/19/146

Hi all
My notebook shutdown down with intensive cpu load
In log I found this type of messages 
Dec 19 16:10:08 champagne kernel: ACPI: Critical trip point
Dec 19 16:10:08 champagne kernel: Critical temperature reached (105 C), 
shutting down.
Dec 19 16:10:08 champagne kernel: ACPI: Critical trip point
Dec 19 16:10:08 champagne kernel: Critical temperature reached (105 C), 
shutting down.
Dec 19 16:10:08 champagne kernel: ACPI: Critical trip point
Dec 19 16:10:08 champagne kernel: Critical temperature reached (105 C), 
shutting down.
Dec 19 16:10:08 champagne kernel: ACPI: Critical trip point
Dec 19 16:10:08 champagne kernel: Critical temperature reached (105 C), 
shutting down.
Dec 19 16:10:16 champagne kernel: Critical temperature reached (87 C), 
shutting down.
Simply I can't do a "make -j2" to compile a kernel
First time of this behaviour appear with 2.6.27 but maybe I didn't stress 
enough my system
Notebook is an hp 8510p, some log and information below
Any idea?
thanks
cat /proc/acpi/thermal_zone/*/*
<setting not supported>
<polling disabled>
state:                   active[0]
temperature:             85 C
critical (S5):           256 C
passive:                 100 C: tc1=1 tc2=2 tsp=300 devices=CPU0 CPU1
active[0]:               85 C: devices=C387
active[1]:               65 C: devices=C388
active[2]:               60 C: devices=C389
active[3]:               45 C: devices=C38A
active[4]:               35 C: devices=C38B
<setting not supported>
<polling disabled>
state:                   ok
temperature:             94 C
critical (S5):           105 C
<setting not supported>
<polling disabled>
state:                   active[1]
temperature:             76 C
critical (S5):           105 C
active[0]:               100 C: devices=C36F
active[1]:               70 C: devices=C36A
active[2]:               60 C: devices=C36B
active[3]:               55 C: devices=C36C
active[4]:               45 C: devices=C36D
active[5]:               35 C: devices=C36E
<setting not supported>
<polling disabled>
state:                   ok
temperature:             61 C
critical (S5):           105 C
passive:                 95 C: tc1=1 tc2=2 tsp=300 devices=CPU0 CPU1
<setting not supported>
<polling disabled>
state:                   ok
temperature:             28 C
critical (S5):           105 C
passive:                 60 C: tc1=1 tc2=2 tsp=300 devices=CPU0 CPU1
<setting not supported>
<polling disabled>
state:                   ok
temperature:             100 C
critical (S5):           110 C
Initializing cgroup subsys cpuset
Linux version 2.6.27.9 (root@champagne) (gcc version 4.3.2 (Ubuntu 
4.3.2-1ubuntu11) ) #1 SMP Sun Dec 14 20:14:07 CET 2008
Command line: root=/dev/mapper/vol00-root ro quiet splash 
KERNEL supported cpus:
  Intel GenuineIntel
  AMD AuthenticAMD
  Centaur CentaurHauls
BIOS-provided physical RAM map:
 BIOS-e820: 0000000000000000 - 000000000009fc00 (usable)
 BIOS-e820: 000000000009fc00 - 00000000000a0000 (reserved)
 BIOS-e820: 00000000000e0000 - 0000000000100000 (reserved)
 BIOS-e820: 0000000000100000 - 00000000bffb0000 (usable)
 BIOS-e820: 00000000bffb0000 - 00000000bffc5400 (reserved)
 BIOS-e820: 00000000bffc5400 - 00000000bffe7fb8 (ACPI NVS)
 BIOS-e820: 00000000bffe7fb8 - 00000000c0000000 (reserved)
 BIOS-e820: 00000000fec00000 - 00000000fec01000 (reserved)
 BIOS-e820: 00000000fed20000 - 00000000fed9a000 (reserved)
 BIOS-e820: 00000000feda0000 - 00000000fedc0000 (reserved)
 BIOS-e820: 00000000fee00000 - 00000000fee01000 (reserved)
 BIOS-e820: 00000000ffb00000 - 00000000ffc00000 (reserved)
 BIOS-e820: 00000000fff00000 - 0000000100000000 (reserved)
 BIOS-e820: 0000000100000000 - 000000013c000000 (usable)
DMI 2.4 present.
last_pfn = 0x13c000 max_arch_pfn = 0x3ffffffff
x86 PAT enabled: cpu 0, old 0x7040600070406, new 0x7010600070106
last_pfn = 0xbffb0 max_arch_pfn = 0x3ffffffff
init_memory_mapping
 0000000000 - 00bfe00000 page 2M
 00bfe00000 - 00bffb0000 page 4k
kernel direct mapping tables up to bffb0000 @ 8000-d000
last_map_addr: bffb0000 end: bffb0000
init_memory_mapping
 0100000000 - 013c000000 page 2M
kernel direct mapping tables up to 13c000000 @ b000-11000
last_map_addr: 13c000000 end: 13c000000
RAMDISK: 37a0b000 - 37feffbf
ACPI: RSDP 000F7AF0, 0024 (r2 HP    )
ACPI: XSDT BFFC81CC, 0084 (r1 HPQOEM SLIC-MPC        1 HP          1)
ACPI: FACP BFFC8084, 00F4 (r4 HP     30C5            3 HP          1)
ACPI: DSDT BFFC8544, 12E41 (r1 HP        8510x    10000 MSFT  3000001)
ACPI: FACS BFFE7D80, 0040
ACPI: SLIC BFFC8250, 0176 (r1 HPQOEM SLIC-MPC        1 HP          1)
ACPI: HPET BFFC83C8, 0038 (r1 HP     30C5            1 HP          1)
ACPI: APIC BFFC8400, 0068 (r1 HP     30C5            1 HP          1)
ACPI: MCFG BFFC8468, 003C (r1 HP     30C5            1 HP          1)
ACPI: TCPA BFFC84A4, 0032 (r2 HP     30C5            1 HP          1)
ACPI: ASF! BFFC84D8, 0069 (r16 HP     CHIMAYU         1 HP          0)
ACPI: SSDT BFFDB385, 0328 (r1 HP       HPQSAT        1 MSFT  3000001)
ACPI: SSDT BFFDB6AD, 017C (r1 HP       HPQMRM        1 MSFT  3000001)
ACPI: SSDT BFFDC231, 025F (r1 HP      Cpu0Tst     3000 INTL 20060317)
ACPI: SSDT BFFDC490, 00A6 (r1 HP      Cpu1Tst     3000 INTL 20060317)
ACPI: SSDT BFFDC536, 04D7 (r1 HP        CpuPm     3000 INTL 20060317)
ACPI: DMI detected: Hewlett-Packard
(7 early reservations) ==> bootmem [0000000000 - 013c000000]
  #0 [0000000000 - 0000001000]   BIOS data page ==> [0000000000 - 
0000001000]
  #1 [0000006000 - 0000008000]       TRAMPOLINE ==> [0000006000 - 
0000008000]
  #2 [0000200000 - 0000603a28]    TEXT DATA BSS ==> [0000200000 - 
0000603a28]
  #3 [0037a0b000 - 0037feffbf]          RAMDISK ==> [0037a0b000 - 
0037feffbf]
  #4 [000009fc00 - 0000100000]    BIOS reserved ==> [000009fc00 - 
0000100000]
  #5 [0000008000 - 000000b000]          PGTABLE ==> [0000008000 - 
000000b000]
  #6 [000000b000 - 000000c000]          PGTABLE ==> [000000b000 - 
000000c000]
 [ffffe20000000000-ffffe20004ffffff] PMD -> [ffff880028200000-
ffff88002d1fffff] on node 0
Zone PFN ranges:
  DMA      0x00000000 -> 0x00001000
  DMA32    0x00001000 -> 0x00100000
  Normal   0x00100000 -> 0x0013c000
Movable zone start PFN for each node
early_node_map[3] active PFN ranges
    0: 0x00000000 -> 0x0000009f
    0: 0x00000100 -> 0x000bffb0
    0: 0x00100000 -> 0x0013c000
On node 0 totalpages: 1032015
  DMA zone: 2805 pages, LIFO batch:0
  DMA32 zone: 765936 pages, LIFO batch:31
  Normal zone: 241920 pages, LIFO batch:31
ACPI: PM-Timer IO Port: 0x1008
ACPI: Local APIC address 0xfee00000
ACPI: LAPIC (acpi_id[0x01] lapic_id[0x00] enabled)
ACPI: LAPIC (acpi_id[0x02] lapic_id[0x01] enabled)
ACPI: LAPIC_NMI (acpi_id[0x01] high edge lint[0x1])
ACPI: LAPIC_NMI (acpi_id[0x02] high edge lint[0x1])
ACPI: IOAPIC (id[0x01] address[0xfec00000] gsi_base[0])
IOAPIC[0]: apic_id 1, version 0, address 0xfec00000, GSI 0-23
ACPI: INT_SRC_OVR (bus 0 bus_irq 0 global_irq 2 dfl dfl)
ACPI: INT_SRC_OVR (bus 0 bus_irq 9 global_irq 9 high level)
ACPI: IRQ0 used by override.
ACPI: IRQ2 used by override.
ACPI: IRQ9 used by override.
Setting APIC routing to flat
ACPI: HPET id: 0x8086a201 base: 0xfed00000
Using ACPI (MADT) for SMP configuration information
SMP: Allowing 2 CPUs, 0 hotplug CPUs
PM: Registered nosave memory: 000000000009f000 - 00000000000a0000
PM: Registered nosave memory: 00000000000a0000 - 00000000000e0000
PM: Registered nosave memory: 00000000000e0000 - 0000000000100000
PM: Registered nosave memory: 00000000bffb0000 - 00000000bffc5000
PM: Registered nosave memory: 00000000bffc5000 - 00000000bffc6000
PM: Registered nosave memory: 00000000bffc6000 - 00000000bffe7000
PM: Registered nosave memory: 00000000bffe7000 - 00000000bffe8000
PM: Registered nosave memory: 00000000bffe8000 - 00000000c0000000
PM: Registered nosave memory: 00000000c0000000 - 00000000fec00000
PM: Registered nosave memory: 00000000fec00000 - 00000000fec01000
PM: Registered nosave memory: 00000000fec01000 - 00000000fed20000
PM: Registered nosave memory: 00000000fed20000 - 00000000fed9a000
PM: Registered nosave memory: 00000000fed9a000 - 00000000feda0000
PM: Registered nosave memory: 00000000feda0000 - 00000000fedc0000
PM: Registered nosave memory: 00000000fedc0000 - 00000000fee00000
PM: Registered nosave memory: 00000000fee00000 - 00000000fee01000
PM: Registered nosave memory: 00000000fee01000 - 00000000ffb00000
PM: Registered nosave memory: 00000000ffb00000 - 00000000ffc00000
PM: Registered nosave memory: 00000000ffc00000 - 00000000fff00000
PM: Registered nosave memory: 00000000fff00000 - 0000000100000000
Allocating PCI resources starting at c4000000 (gap: c0000000:3ec00000)
PERCPU: Allocating 48544 bytes of per cpu data
NR_CPUS: 8, nr_cpu_ids: 2, nr_node_ids 1
Built 1 zonelists in Zone order, mobility grouping on.  Total pages: 
1010661
Kernel command line: root=/dev/mapper/vol00-root ro quiet splash 
Initializing CPU#0
PID hash table entries: 4096 (order: 12, 32768 bytes)
Extended CMOS year: 2000
TSC: PIT calibration confirmed by PMTIMER.
TSC: using PIT calibration value
Detected 2393.960 MHz processor.
Console: colour VGA+ 80x25
console [tty0] enabled
Dentry cache hash table entries: 524288 (order: 10, 4194304 bytes)
Inode-cache hash table entries: 262144 (order: 9, 2097152 bytes)
Checking aperture...
No AGP bridge found
PCI-DMA: Using software bounce buffering for IO (SWIOTLB)
Placing software IO TLB between 0x20000000 - 0x24000000
Memory: 3962680k/5177344k available (1986k kernel code, 164488k reserved, 
1188k data, 288k init)
CPA: page pool initialized 1 of 1 pages preallocated
SLUB: Genslabs=12, HWalign=64, Order=0-3, MinObjects=0, CPUs=2, Nodes=1
hpet clockevent registered
Calibrating delay loop (skipped), value calculated using timer 
frequency.. 4787.92 BogoMIPS (lpj=9575840)
Mount-cache hash table entries: 256
Initializing cgroup subsys ns
Initializing cgroup subsys cpuacct
Initializing cgroup subsys memory
Initializing cgroup subsys devices
CPU: L1 I cache: 32K, L1 D cache: 32K
CPU: L2 cache: 4096K
CPU: Physical Processor ID: 0
CPU: Processor Core ID: 0
CPU0: Thermal monitoring handled by SMI
using mwait in idle threads.
ACPI: Core revision 20080609
..TIMER: vector=0x30 apic1=0 pin1=2 apic2=-1 pin2=-1
CPU0: Intel(R) Core(TM)2 Duo CPU     T7700  @ 2.40GHz stepping 0b
Using local APIC timer interrupts.
APIC timer calibration result 12468571
Detected 12.468 MHz APIC timer.
Booting processor 1/1 ip 6000
Initializing CPU#1
Calibrating delay using timer specific routine.. 4787.97 BogoMIPS 
(lpj=9575956)
CPU: L1 I cache: 32K, L1 D cache: 32K
CPU: L2 cache: 4096K
CPU: Physical Processor ID: 0
CPU: Processor Core ID: 1
CPU1: Thermal monitoring enabled (TM2)
x86 PAT enabled: cpu 1, old 0x7040600070406, new 0x7010600070106
CPU1: Intel(R) Core(TM)2 Duo CPU     T7700  @ 2.40GHz stepping 0b
checking TSC synchronization [CPU#0 -> CPU#1]: passed.
Brought up 2 CPUs
Total of 2 processors activated (9575.89 BogoMIPS).
net_namespace: 1504 bytes
NET: Registered protocol family 16
ACPI FADT declares the system doesn't support PCIe ASPM, so disable it
ACPI: bus type pci registered
PCI: MCFG configuration 0: base f8000000 segment 0 buses 0 - 63
PCI: Not using MMCONFIG.
PCI: Using configuration type 1 for base access
ACPI: EC: Look up EC in DSDT
ACPI: EC: non-query interrupt received, switching to interrupt mode
ACPI: Interpreter enabled
ACPI: (supports S0 S3 S4 S5)
ACPI: Using IOAPIC for interrupt routing
PCI: MCFG configuration 0: base f8000000 segment 0 buses 0 - 63
PCI: MCFG area at f8000000 reserved in ACPI motherboard resources
PCI: Using MMCONFIG at f8000000 - fbffffff
ACPI: EC: GPE = 0x16, I/O: command/status = 0x66, data = 0x62
ACPI: EC: driver started in interrupt mode
ACPI: PCI Root Bridge [C003] (0000:00)
pci 0000:00:01.0: PME# supported from D0 D3hot D3cold
pci 0000:00:01.0: PME# disabled
PCI: 0000:00:03.0 reg 10 64bit mmio: [e4500000, e450000f]
pci 0000:00:03.0: PME# supported from D0 D3hot D3cold
pci 0000:00:03.0: PME# disabled
PCI: 0000:00:03.2 reg 10 io port: [5000, 5007]
PCI: 0000:00:03.2 reg 14 io port: [5008, 500b]
PCI: 0000:00:03.2 reg 18 io port: [5010, 5017]
PCI: 0000:00:03.2 reg 1c io port: [5018, 501b]
PCI: 0000:00:03.2 reg 20 io port: [5020, 502f]
PCI: 0000:00:03.3 reg 10 io port: [5030, 5037]
PCI: 0000:00:03.3 reg 14 32bit mmio: [e4501000, e4501fff]
PCI: 0000:00:19.0 reg 10 32bit mmio: [e4520000, e453ffff]
PCI: 0000:00:19.0 reg 14 32bit mmio: [e4540000, e4540fff]
PCI: 0000:00:19.0 reg 18 io port: [5040, 505f]
pci 0000:00:19.0: PME# supported from D0 D3hot D3cold
pci 0000:00:19.0: PME# disabled
PCI: 0000:00:1a.0 reg 20 io port: [5060, 507f]
PCI: 0000:00:1a.1 reg 20 io port: [5080, 509f]
PCI: 0000:00:1a.7 reg 10 32bit mmio: [e4541000, e45413ff]
pci 0000:00:1a.7: PME# supported from D0 D3hot D3cold
pci 0000:00:1a.7: PME# disabled
PCI: 0000:00:1b.0 reg 10 64bit mmio: [e4544000, e4547fff]
pci 0000:00:1b.0: PME# supported from D0 D3hot D3cold
pci 0000:00:1b.0: PME# disabled
pci 0000:00:1c.0: PME# supported from D0 D3hot D3cold
pci 0000:00:1c.0: PME# disabled
pci 0000:00:1c.1: PME# supported from D0 D3hot D3cold
pci 0000:00:1c.1: PME# disabled
pci 0000:00:1c.4: PME# supported from D0 D3hot D3cold
pci 0000:00:1c.4: PME# disabled
PCI: 0000:00:1d.0 reg 20 io port: [50a0, 50bf]
PCI: 0000:00:1d.1 reg 20 io port: [50c0, 50df]
PCI: 0000:00:1d.2 reg 20 io port: [50e0, 50ff]
PCI: 0000:00:1d.7 reg 10 32bit mmio: [e4548000, e45483ff]
pci 0000:00:1d.7: PME# supported from D0 D3hot D3cold
pci 0000:00:1d.7: PME# disabled
pci 0000:00:1f.0: quirk: region 1000-107f claimed by ICH6 ACPI/GPIO/TCO
pci 0000:00:1f.0: quirk: region 1100-113f claimed by ICH6 GPIO
PCI: 0000:00:1f.1 reg 10 io port: [0, 7]
PCI: 0000:00:1f.1 reg 14 io port: [0, 3]
PCI: 0000:00:1f.1 reg 18 io port: [0, 7]
PCI: 0000:00:1f.1 reg 1c io port: [0, 3]
PCI: 0000:00:1f.1 reg 20 io port: [5100, 510f]
PCI: 0000:00:1f.2 reg 10 io port: [13f0, 13f7]
PCI: 0000:00:1f.2 reg 14 io port: [15f4, 15f7]
PCI: 0000:00:1f.2 reg 18 io port: [1370, 1377]
PCI: 0000:00:1f.2 reg 1c io port: [1574, 1577]
PCI: 0000:00:1f.2 reg 20 io port: [5140, 515f]
PCI: 0000:00:1f.2 reg 24 32bit mmio: [e4549000, e45497ff]
pci 0000:00:1f.2: PME# supported from D3hot
pci 0000:00:1f.2: PME# disabled
PCI: 0000:01:00.0 reg 10 32bit mmio: [d0000000, dfffffff]
PCI: 0000:01:00.0 reg 14 io port: [4000, 40ff]
PCI: 0000:01:00.0 reg 18 32bit mmio: [e4400000, e440ffff]
PCI: 0000:01:00.0 reg 30 32bit mmio: [0, 1ffff]
pci 0000:01:00.0: supports D1
pci 0000:01:00.0: supports D2
PCI: 0000:01:00.1 reg 10 32bit mmio: [e4410000, e4413fff]
pci 0000:01:00.1: supports D1
pci 0000:01:00.1: supports D2
PCI: bridge 0000:00:01.0 io port: [4000, 4fff]
PCI: bridge 0000:00:01.0 32bit mmio: [e4400000, e44fffff]
PCI: bridge 0000:00:01.0 64bit mmio pref: [d0000000, dfffffff]
PCI: 0000:10:00.0 reg 10 64bit mmio: [e4000000, e4001fff]
pci 0000:10:00.0: PME# supported from D0 D3hot D3cold
pci 0000:10:00.0: PME# disabled
PCI: bridge 0000:00:1c.1 32bit mmio: [e4000000, e40fffff]
PCI: bridge 0000:00:1c.4 io port: [2000, 3fff]
PCI: bridge 0000:00:1c.4 32bit mmio: [e0000000, e3ffffff]
PCI: 0000:02:06.0 reg 10 32bit mmio: [e4100000, e4100fff]
pci 0000:02:06.0: supports D1
pci 0000:02:06.0: supports D2
pci 0000:02:06.0: PME# supported from D0 D1 D2 D3hot D3cold
pci 0000:02:06.0: PME# disabled
PCI: 0000:02:06.1 reg 10 32bit mmio: [e4101000, e4101fff]
pci 0000:02:06.1: supports D1
pci 0000:02:06.1: supports D2
pci 0000:02:06.1: PME# supported from D0 D1 D2 D3hot D3cold
pci 0000:02:06.1: PME# disabled
PCI: 0000:02:06.2 reg 10 32bit mmio: [e4102000, e41027ff]
pci 0000:02:06.2: supports D1
pci 0000:02:06.2: supports D2
pci 0000:02:06.2: PME# supported from D0 D1 D2 D3hot D3cold
pci 0000:02:06.2: PME# disabled
PCI: 0000:02:06.3 reg 10 32bit mmio: [e4103000, e41030ff]
pci 0000:02:06.3: supports D1
pci 0000:02:06.3: supports D2
pci 0000:02:06.3: PME# supported from D0 D1 D2 D3hot D3cold
pci 0000:02:06.3: PME# disabled
PCI: 0000:02:06.4 reg 10 32bit mmio: [e4104000, e41040ff]
pci 0000:02:06.4: supports D1
pci 0000:02:06.4: supports D2
pci 0000:02:06.4: PME# supported from D0 D1 D2 D3hot D3cold
pci 0000:02:06.4: PME# disabled
pci 0000:00:1e.0: transparent bridge
PCI: bridge 0000:00:1e.0 32bit mmio: [e4100000, e43fffff]
bus 00 -> node 0
ACPI: PCI Interrupt Routing Table [\_SB_.C003._PRT]
ACPI: PCI Interrupt Routing Table [\_SB_.C003.C096._PRT]
ACPI: PCI Interrupt Routing Table [\_SB_.C003.C0B0._PRT]
ACPI: PCI Interrupt Routing Table [\_SB_.C003.C11D._PRT]
ACPI: PCI Interrupt Routing Table [\_SB_.C003.C131._PRT]
ACPI: PCI Interrupt Routing Table [\_SB_.C003.C134._PRT]
ACPI: PCI Interrupt Link [C12D] (IRQs *10 11)
ACPI: PCI Interrupt Link [C12E] (IRQs *10 11)
ACPI: PCI Interrupt Link [C12F] (IRQs 10 *11)
ACPI: PCI Interrupt Link [C130] (IRQs 10 11) *5
ACPI: PCI Interrupt Link [C140] (IRQs *10 11)
ACPI: PCI Interrupt Link [C141] (IRQs 10 11) *5
ACPI: PCI Interrupt Link [C142] (IRQs 10 *11)
ACPI Exception (pci_link-0189): AE_NOT_FOUND, Evaluating _PRS [20080609]
ACPI: Power Resource [C238] (on)
ACPI: Power Resource [C254] (on)
ACPI: Power Resource [C17C] (off)
ACPI: Power Resource [C362] (off)
ACPI: Power Resource [C365] (off)
ACPI: Power Resource [C366] (off)
ACPI: Power Resource [C367] (off)
ACPI: Power Resource [C368] (off)
ACPI: Power Resource [C369] (off)
ACPI: Power Resource [C382] (off)
ACPI: Power Resource [C383] (off)
ACPI: Power Resource [C384] (off)
ACPI: Power Resource [C385] (off)
ACPI: Power Resource [C386] (off)
Linux Plug and Play Support v0.97 (c) Adam Belay
pnp: PnP ACPI init
ACPI: bus type pnp registered
pnp: PnP ACPI: found 15 devices
ACPI: ACPI bus type pnp unregistered
PCI: Using ACPI for IRQ routing
PCI-GART: No AMD northbridge found.
hpet0: at MMIO 0xfed00000, IRQs 2, 8, 0
hpet0: 3 64-bit timers, 14318180 Hz
system 00:00: iomem range 0x0-0x9ffff could not be reserved
system 00:00: iomem range 0xe0000-0xfffff could not be reserved
system 00:00: iomem range 0x100000-0xbfffffff could not be reserved
system 00:0b: ioport range 0x500-0x55f has been reserved
system 00:0b: ioport range 0x800-0x80f has been reserved
system 00:0b: iomem range 0xffb00000-0xffbfffff could not be reserved
system 00:0b: iomem range 0xfff00000-0xffffffff could not be reserved
system 00:0d: ioport range 0x4d0-0x4d1 has been reserved
system 00:0d: ioport range 0x1000-0x107f has been reserved
system 00:0d: ioport range 0x1100-0x113f has been reserved
system 00:0d: ioport range 0x1200-0x121f has been reserved
system 00:0d: iomem range 0xf8000000-0xfbffffff has been reserved
system 00:0d: iomem range 0xfec00000-0xfec000ff could not be reserved
system 00:0d: iomem range 0xfed20000-0xfed3ffff could not be reserved
system 00:0d: iomem range 0xfed45000-0xfed8ffff could not be reserved
system 00:0d: iomem range 0xfed90000-0xfed99fff could not be reserved
system 00:0e: iomem range 0xcf200-0xcffff has been reserved
system 00:0e: iomem range 0xfeda0000-0xfedbffff could not be reserved
system 00:0e: iomem range 0xfee00000-0xfee00fff could not be reserved
pci 0000:00:01.0: PCI bridge, secondary bus 0000:01
pci 0000:00:01.0:   IO window: 0x4000-0x4fff
pci 0000:00:01.0:   MEM window: 0xe4400000-0xe44fffff
pci 0000:00:01.0:   PREFETCH window: 0x000000d0000000-0x000000dfffffff
pci 0000:00:1c.0: PCI bridge, secondary bus 0000:08
pci 0000:00:1c.0:   IO window: disabled
pci 0000:00:1c.0:   MEM window: disabled
pci 0000:00:1c.0:   PREFETCH window: disabled
pci 0000:00:1c.1: PCI bridge, secondary bus 0000:10
pci 0000:00:1c.1:   IO window: disabled
pci 0000:00:1c.1:   MEM window: 0xe4000000-0xe40fffff
pci 0000:00:1c.1:   PREFETCH window: disabled
pci 0000:00:1c.4: PCI bridge, secondary bus 0000:28
pci 0000:00:1c.4:   IO window: 0x2000-0x3fff
pci 0000:00:1c.4:   MEM window: 0xe0000000-0xe3ffffff
pci 0000:00:1c.4:   PREFETCH window: disabled
pci 0000:02:06.0: CardBus bridge, secondary bus 0000:03
pci 0000:02:06.0:   IO window: 0x006000-0x0060ff
pci 0000:02:06.0:   IO window: 0x006400-0x0064ff
pci 0000:02:06.0:   PREFETCH window: 0xc4000000-0xc7ffffff
pci 0000:02:06.0:   MEM window: 0xcc000000-0xcfffffff
pci 0000:02:06.1: CardBus bridge, secondary bus 0000:04
pci 0000:02:06.1:   IO window: 0x006800-0x0068ff
pci 0000:02:06.1:   IO window: 0x006c00-0x006cff
pci 0000:02:06.1:   PREFETCH window: 0xc8000000-0xcbffffff
pci 0000:02:06.1:   MEM window: 0xe8000000-0xebffffff
pci 0000:00:1e.0: PCI bridge, secondary bus 0000:02
pci 0000:00:1e.0:   IO window: 0x6000-0x6fff
pci 0000:00:1e.0:   MEM window: 0xe4100000-0xe43fffff
pci 0000:00:1e.0:   PREFETCH window: 0x000000c4000000-0x000000cbffffff
pci 0000:00:01.0: PCI INT A -> GSI 16 (level, low) -> IRQ 16
pci 0000:00:01.0: setting latency timer to 64
pci 0000:00:1c.0: PCI INT A -> GSI 16 (level, low) -> IRQ 16
pci 0000:00:1c.0: setting latency timer to 64
pci 0000:00:1c.1: PCI INT B -> GSI 17 (level, low) -> IRQ 17
pci 0000:00:1c.1: setting latency timer to 64
pci 0000:00:1c.4: PCI INT A -> GSI 16 (level, low) -> IRQ 16
pci 0000:00:1c.4: setting latency timer to 64
pci 0000:00:1e.0: setting latency timer to 64
pci 0000:02:06.0: PCI INT A -> GSI 16 (level, low) -> IRQ 16
pci 0000:02:06.1: PCI INT B -> GSI 17 (level, low) -> IRQ 17
bus: 00 index 0 io port: [0, ffff]
bus: 00 index 1 mmio: [0, ffffffffffffffff]
bus: 01 index 0 io port: [4000, 4fff]
bus: 01 index 1 mmio: [e4400000, e44fffff]
bus: 01 index 2 mmio: [d0000000, dfffffff]
bus: 01 index 3 mmio: [0, 0]
bus: 08 index 0 mmio: [0, 0]
bus: 08 index 1 mmio: [0, 0]
bus: 08 index 2 mmio: [0, 0]
bus: 08 index 3 mmio: [0, 0]
bus: 10 index 0 mmio: [0, 0]
bus: 10 index 1 mmio: [e4000000, e40fffff]
bus: 10 index 2 mmio: [0, 0]
bus: 10 index 3 mmio: [0, 0]
bus: 28 index 0 io port: [2000, 3fff]
bus: 28 index 1 mmio: [e0000000, e3ffffff]
bus: 28 index 2 mmio: [0, 0]
bus: 28 index 3 mmio: [0, 0]
bus: 02 index 0 io port: [6000, 6fff]
bus: 02 index 1 mmio: [e4100000, e43fffff]
bus: 02 index 2 mmio: [c4000000, cbffffff]
bus: 02 index 3 io port: [0, ffff]
bus: 02 index 4 mmio: [0, ffffffffffffffff]
bus: 03 index 0 io port: [6000, 60ff]
bus: 03 index 1 io port: [6400, 64ff]
bus: 03 index 2 mmio: [c4000000, c7ffffff]
bus: 03 index 3 mmio: [cc000000, cfffffff]
bus: 04 index 0 io port: [6800, 68ff]
bus: 04 index 1 io port: [6c00, 6cff]
bus: 04 index 2 mmio: [c8000000, cbffffff]
bus: 04 index 3 mmio: [e8000000, ebffffff]
NET: Registered protocol family 2
IP route cache hash table entries: 131072 (order: 8, 1048576 bytes)
TCP established hash table entries: 262144 (order: 10, 4194304 bytes)
TCP bind hash table entries: 65536 (order: 8, 1048576 bytes)
TCP: Hash tables configured (established 262144 bind 65536)
TCP reno registered
NET: Registered protocol family 1
checking if image is initramfs...<7>Switched to high resolution mode on 
CPU 1
Switched to high resolution mode on CPU 0
 it is
Freeing initrd memory: 6035k freed
audit: initializing netlink socket (disabled)
type=2000 audit(1229702416.809:1): initialized
HugeTLB registered 2 MB page size, pre-allocated 0 pages
msgmni has been set to 7753
Block layer SCSI generic (bsg) driver version 0.4 loaded (major 254)
io scheduler noop registered
io scheduler cfq registered (default)
pci 0000:01:00.0: Boot video device
pcieport-driver 0000:00:01.0: setting latency timer to 64
pcieport-driver 0000:00:01.0: found MSI capability
pci_express 0000:00:01.0:pcie00: allocate port service
pci_express 0000:00:01.0:pcie03: allocate port service
pcieport-driver 0000:00:1c.0: setting latency timer to 64
pcieport-driver 0000:00:1c.0: found MSI capability
pci_express 0000:00:1c.0:pcie00: allocate port service
pci_express 0000:00:1c.0:pcie03: allocate port service
pcieport-driver 0000:00:1c.1: setting latency timer to 64
pcieport-driver 0000:00:1c.1: found MSI capability
pci_express 0000:00:1c.1:pcie00: allocate port service
pci_express 0000:00:1c.1:pcie02: allocate port service
pci_express 0000:00:1c.1:pcie03: allocate port service
pcieport-driver 0000:00:1c.4: setting latency timer to 64
pcieport-driver 0000:00:1c.4: found MSI capability
pci_express 0000:00:1c.4:pcie00: allocate port service
pci_express 0000:00:1c.4:pcie02: allocate port service
pci_express 0000:00:1c.4:pcie03: allocate port service
hpet_resources: 0xfed00000 is busy
Linux agpgart interface v0.103
Serial: 8250/16550 driver4 ports, IRQ sharing enabled
serial 0000:00:03.3: PCI INT B -> GSI 17 (level, low) -> IRQ 17
0000:00:03.3: ttyS0 at I/O 0x5030 (irq = 17) is a 16550A
brd: module loaded
PNP: PS/2 Controller [PNP0303:C251,PNP0f13:C252] at 0x60,0x64 irq 1,12
i8042.c: Detected active multiplexing controller, rev 1.1.
serio: i8042 KBD port at 0x60,0x64 irq 1
serio: i8042 AUX0 port at 0x60,0x64 irq 12
serio: i8042 AUX1 port at 0x60,0x64 irq 12
serio: i8042 AUX2 port at 0x60,0x64 irq 12
serio: i8042 AUX3 port at 0x60,0x64 irq 12
mice: PS/2 mouse device common for all mice
cpuidle: using governor ladder
cpuidle: using governor menu
TCP cubic registered
Freeing unused kernel memory: 288k freed
Write protecting the kernel read-only data: 2960k
input: AT Translated Set 2 keyboard as /class/input/input0
fuse init (API version 7.9)
ACPI: Transitioning device [C36A] to D3
fan PNP0C0B:00: registered as cooling_device0
ACPI: Fan [C36A] (off)
ACPI: Transitioning device [C36B] to D3
fan PNP0C0B:01: registered as cooling_device1
ACPI: Fan [C36B] (off)
ACPI: Transitioning device [C36C] to D3
fan PNP0C0B:02: registered as cooling_device2
ACPI: Fan [C36C] (off)
ACPI: Transitioning device [C36D] to D3
fan PNP0C0B:03: registered as cooling_device3
ACPI: Fan [C36D] (off)
ACPI: Transitioning device [C36E] to D3
fan PNP0C0B:04: registered as cooling_device4
ACPI: Fan [C36E] (off)
ACPI: Transitioning device [C36F] to D3
fan PNP0C0B:05: registered as cooling_device5
ACPI: Fan [C36F] (off)
ACPI: Transitioning device [C387] to D3
fan PNP0C0B:06: registered as cooling_device6
ACPI: Fan [C387] (off)
ACPI: Transitioning device [C388] to D3
fan PNP0C0B:07: registered as cooling_device7
ACPI: Fan [C388] (off)
ACPI: Transitioning device [C389] to D3
fan PNP0C0B:08: registered as cooling_device8
ACPI: Fan [C389] (off)
ACPI: Transitioning device [C38A] to D3
fan PNP0C0B:09: registered as cooling_device9
ACPI: Fan [C38A] (off)
ACPI: Transitioning device [C38B] to D3
fan PNP0C0B:0a: registered as cooling_device10
ACPI: Fan [C38B] (off)
ACPI: SSDT BFFDB8F1, 02C1 (r1 HP      Cpu0Ist     3000 INTL 20060317)
ACPI: SSDT BFFDBC37, 05FA (r1 HP      Cpu0Cst     3001 INTL 20060317)
Monitor-Mwait will be used to enter C-1 state
Monitor-Mwait will be used to enter C-2 state
ACPI: CPU0 (power states: C1[C1] C2[C2])
processor ACPI0007:00: registered as cooling_device11
ACPI: Processor [CPU0] (supports 8 throttling states)
ACPI: SSDT BFFDB829, 00C8 (r1 HP      Cpu1Ist     3000 INTL 20060317)
ACPI: SSDT BFFDBBB2, 0085 (r1 HP      Cpu1Cst     3000 INTL 20060317)
ACPI: CPU1 (power states: C1[C1] C2[C2])
processor ACPI0007:01: registered as cooling_device12
ACPI: Processor [CPU1] (supports 8 throttling states)
thermal LNXTHERM:01: registered as thermal_zone0
ACPI: Thermal Zone [TZ2] (35 C)
thermal LNXTHERM:02: registered as thermal_zone1
ACPI: Thermal Zone [TZ3] (31 C)
Marking TSC unstable due to TSC halts in idle
thermal LNXTHERM:03: registered as thermal_zone2
ACPI: Thermal Zone [TZ4] (28 C)
thermal LNXTHERM:04: registered as thermal_zone3
ACPI: Thermal Zone [TZ5] (73 C)
thermal LNXTHERM:05: registered as thermal_zone4
ACPI: Thermal Zone [TZ0] (50 C)
thermal LNXTHERM:06: registered as thermal_zone5
ACPI: Thermal Zone [TZ1] (49 C)
device-mapper: uevent: version 1.0.3
device-mapper: ioctl: 4.14.0-ioctl (2008-04-23) initialised: dm-
devel@redhat.com
e1000e: Intel(R) PRO/1000 Network Driver - 0.3.3.3-k6
e1000e: Copyright (c) 1999-2008 Intel Corporation.
e1000e 0000:00:19.0: PCI INT A -> GSI 22 (level, low) -> IRQ 22
e1000e 0000:00:19.0: setting latency timer to 64
usbcore: registered new interface driver usbfs
usbcore: registered new interface driver hub
usbcore: registered new device driver usb
USB Universal Host Controller Interface driver v3.0
Warning! ehci_hcd should always be loaded before uhci_hcd and ohci_hcd, 
not after
No dock devices found.
SCSI subsystem initialized
libata version 3.00 loaded.
0000:00:19.0: eth0: (PCI Express:2.5GB/s:Width x1) 00:1a:4b:7a:9d:98
0000:00:19.0: eth0: Intel(R) PRO/1000 Network Connection
0000:00:19.0: eth0: MAC: 4, PHY: 6, PBA No: ffffff-0ff
uhci_hcd 0000:00:1a.0: PCI INT A -> GSI 16 (level, low) -> IRQ 16
uhci_hcd 0000:00:1a.0: setting latency timer to 64
uhci_hcd 0000:00:1a.0: UHCI Host Controller
uhci_hcd 0000:00:1a.0: new USB bus registered, assigned bus number 1
uhci_hcd 0000:00:1a.0: irq 16, io base 0x00005060
usb usb1: configuration #1 chosen from 1 choice
hub 1-0:1.0: USB hub found
hub 1-0:1.0: 2 ports detected
uhci_hcd 0000:00:1a.1: PCI INT B -> GSI 17 (level, low) -> IRQ 17
uhci_hcd 0000:00:1a.1: setting latency timer to 64
uhci_hcd 0000:00:1a.1: UHCI Host Controller
uhci_hcd 0000:00:1a.1: new USB bus registered, assigned bus number 2
uhci_hcd 0000:00:1a.1: irq 17, io base 0x00005080
usb usb2: configuration #1 chosen from 1 choice
hub 2-0:1.0: USB hub found
hub 2-0:1.0: 2 ports detected
ehci_hcd 0000:00:1a.7: PCI INT C -> GSI 18 (level, low) -> IRQ 18
ehci_hcd 0000:00:1a.7: setting latency timer to 64
ehci_hcd 0000:00:1a.7: EHCI Host Controller
ehci_hcd 0000:00:1a.7: new USB bus registered, assigned bus number 3
ehci_hcd 0000:00:1a.7: debug port 1
ehci_hcd 0000:00:1a.7: cache line size of 32 is not supported
ehci_hcd 0000:00:1a.7: irq 18, io mem 0xe4541000
usb 1-1: new full speed USB device using uhci_hcd and address 2
ehci_hcd 0000:00:1a.7: USB 2.0 started, EHCI 1.00, driver 10 Dec 2004
usb usb3: configuration #1 chosen from 1 choice
hub 3-0:1.0: USB hub found
hub 3-0:1.0: 4 ports detected
Clocksource tsc unstable (delta = -459539903 ns)
hub 1-0:1.0: unable to enumerate USB device on port 1
uhci_hcd 0000:00:1d.0: PCI INT A -> GSI 20 (level, low) -> IRQ 20
uhci_hcd 0000:00:1d.0: setting latency timer to 64
uhci_hcd 0000:00:1d.0: UHCI Host Controller
uhci_hcd 0000:00:1d.0: new USB bus registered, assigned bus number 4
uhci_hcd 0000:00:1d.0: irq 20, io base 0x000050a0
usb usb4: configuration #1 chosen from 1 choice
hub 4-0:1.0: USB hub found
hub 4-0:1.0: 2 ports detected
uhci_hcd 0000:00:1d.1: PCI INT B -> GSI 22 (level, low) -> IRQ 22
uhci_hcd 0000:00:1d.1: setting latency timer to 64
uhci_hcd 0000:00:1d.1: UHCI Host Controller
uhci_hcd 0000:00:1d.1: new USB bus registered, assigned bus number 5
uhci_hcd 0000:00:1d.1: irq 22, io base 0x000050c0
usb usb5: configuration #1 chosen from 1 choice
hub 5-0:1.0: USB hub found
hub 5-0:1.0: 2 ports detected
usb 4-2: new full speed USB device using uhci_hcd and address 2
uhci_hcd 0000:00:1d.2: PCI INT C -> GSI 18 (level, low) -> IRQ 18
uhci_hcd 0000:00:1d.2: setting latency timer to 64
uhci_hcd 0000:00:1d.2: UHCI Host Controller
uhci_hcd 0000:00:1d.2: new USB bus registered, assigned bus number 6
uhci_hcd 0000:00:1d.2: irq 18, io base 0x000050e0
usb usb6: configuration #1 chosen from 1 choice
hub 6-0:1.0: USB hub found
hub 6-0:1.0: 2 ports detected
usb 4-2: configuration #1 chosen from 1 choice
ehci_hcd 0000:00:1d.7: PCI INT A -> GSI 20 (level, low) -> IRQ 20
ehci_hcd 0000:00:1d.7: setting latency timer to 64
ehci_hcd 0000:00:1d.7: EHCI Host Controller
ehci_hcd 0000:00:1d.7: new USB bus registered, assigned bus number 7
ehci_hcd 0000:00:1d.7: debug port 1
ehci_hcd 0000:00:1d.7: cache line size of 32 is not supported
ehci_hcd 0000:00:1d.7: irq 20, io mem 0xe4548000
ehci_hcd 0000:00:1d.7: USB 2.0 started, EHCI 1.00, driver 10 Dec 2004
usb usb7: configuration #1 chosen from 1 choice
hub 7-0:1.0: USB hub found
hub 7-0:1.0: 6 ports detected
usb 1-1: new full speed USB device using uhci_hcd and address 3
ata_piix 0000:00:1f.1: version 2.12
ata_piix 0000:00:1f.1: PCI INT A -> GSI 16 (level, low) -> IRQ 16
ata_piix 0000:00:1f.1: setting latency timer to 64
scsi0 : ata_piix
scsi1 : ata_piix
ata1: PATA max UDMA/100 cmd 0x1f0 ctl 0x3f6 bmdma 0x5100 irq 14
ata2: PATA max UDMA/100 cmd 0x170 ctl 0x376 bmdma 0x5108 irq 15
usb 1-1: configuration #1 chosen from 1 choice
ata1.00: ATAPI: MATSHITADVD-RAM UJ-860H, 1.02, max MWDMA2
ata1.00: configured for MWDMA2
ata2: port disabled. ignoring.
scsi 0:0:0:0: CD-ROM            MATSHITA DVD-RAM UJ-860H  1.02 PQ: 0 
ANSI: 5
ahci 0000:00:1f.2: version 3.0
ahci 0000:00:1f.2: PCI INT D -> GSI 21 (level, low) -> IRQ 21
ahci 0000:00:1f.2: AHCI 0001.0100 32 slots 3 ports 3 Gbps 0x1 impl SATA 
mode
ahci 0000:00:1f.2: flags: 64bit ncq sntf stag pm led clo pio slum part 
ahci 0000:00:1f.2: setting latency timer to 64
scsi2 : ahci
scsi3 : ahci
scsi4 : ahci
ata3: SATA max UDMA/133 abar m2048@0xe4549000 port 0xe4549100 irq 507
ata4: DUMMY
ata5: DUMMY
usb 4-2: USB disconnect, address 2
ata3: SATA link up 1.5 Gbps (SStatus 113 SControl 300)
ata3.00: ACPI cmd f5/00:00:00:00:00:a0 filtered out
ata3.00: ACPI cmd b1/c1:00:00:00:00:a0 filtered out
ata3.00: ACPI cmd c6/00:10:00:00:00:a0 succeeded
ata3.00: ACPI cmd ef/10:03:00:00:00:a0 filtered out
ata3.00: ATA-8: Hitachi HTS722012K9SA00, DCCOC60A, max UDMA/100
ata3.00: 234441648 sectors, multi 16: LBA48 
ata3.00: ACPI cmd f5/00:00:00:00:00:a0 filtered out
ata3.00: ACPI cmd b1/c1:00:00:00:00:a0 filtered out
ata3.00: ACPI cmd c6/00:10:00:00:00:a0 succeeded
ata3.00: ACPI cmd ef/10:03:00:00:00:a0 filtered out
ata3.00: configured for UDMA/100
ata3.00: configured for UDMA/100
ata3: EH complete
scsi 2:0:0:0: Direct-Access     ATA      Hitachi HTS72201 DCCO PQ: 0 
ANSI: 5
ohci1394 0000:02:06.2: PCI INT C -> GSI 18 (level, low) -> IRQ 18
ohci1394: fw-host0: OHCI-1394 1.1 (PCI): IRQ=[18]  MMIO=[e4102000-
e41027ff]  Max Packet=[2048]  IR/IT contexts=[4/4]
Driver 'sr' needs updating - please use bus_type methods
Driver 'sd' needs updating - please use bus_type methods
sr0: scsi3-mmc drive: 24x/24x writer dvd-ram cd/rw xa/form2 cdda tray
Uniform CD-ROM driver Revision: 3.20
sr 0:0:0:0: Attached scsi CD-ROM sr0
sd 2:0:0:0: [sda] 234441648 512-byte hardware sectors (120034 MB)
sd 2:0:0:0: [sda] Write Protect is off
sd 2:0:0:0: [sda] Mode Sense: 00 3a 00 00
sd 2:0:0:0: [sda] Write cache: enabled, read cache: enabled, doesn't 
support DPO or FUA
sd 2:0:0:0: [sda] 234441648 512-byte hardware sectors (120034 MB)
sd 2:0:0:0: [sda] Write Protect is off
sd 2:0:0:0: [sda] Mode Sense: 00 3a 00 00
sd 2:0:0:0: [sda] Write cache: enabled, read cache: enabled, doesn't 
support DPO or FUA
 sda:<5>sr 0:0:0:0: Attached scsi generic sg0 type 5
sd 2:0:0:0: Attached scsi generic sg1 type 0
 sda1 sda2
sd 2:0:0:0: [sda] Attached SCSI disk
usb 7-3: new high speed USB device using ehci_hcd and address 3
usb 7-3: configuration #1 chosen from 1 choice
usb 4-2: new full speed USB device using uhci_hcd and address 3
usb 4-2: configuration #1 chosen from 1 choice
usbcore: registered new interface driver libusual
Initializing USB Mass Storage driver...
scsi5 : SCSI emulation for USB Mass Storage devices
usbcore: registered new interface driver usb-storage
USB Mass Storage support registered.
usb-storage: device found at 3
usb-storage: waiting for device to settle before scanning
ieee1394: Host added: ID:BUS[0-00:1023]  GUID[00023f9929ed5e0e]
PM: Starting manual resume from disk
PM: Resume from partition 254:1
PM: Checking hibernation image.
PM: Resume from disk failed.
SGI XFS with ACLs, security attributes, realtime, large block/inode 
numbers, no debug enabled
Filesystem "dm-2": Disabling barriers, trial barrier write failed
XFS mounting filesystem dm-2
Ending clean XFS mount for filesystem: dm-2
usb-storage: device scan complete
scsi 5:0:0:0: Direct-Access     Maxtor   OneTouch         0125 PQ: 0 
ANSI: 4
sd 5:0:0:0: [sdb] 488397168 512-byte hardware sectors (250059 MB)
sd 5:0:0:0: [sdb] Write Protect is off
sd 5:0:0:0: [sdb] Mode Sense: 2d 08 00 00
sd 5:0:0:0: [sdb] Assuming drive cache: write through
sd 5:0:0:0: [sdb] 488397168 512-byte hardware sectors (250059 MB)
sd 5:0:0:0: [sdb] Write Protect is off
sd 5:0:0:0: [sdb] Mode Sense: 2d 08 00 00
sd 5:0:0:0: [sdb] Assuming drive cache: write through
 sdb: sdb1
sd 5:0:0:0: [sdb] Attached SCSI disk
sd 5:0:0:0: Attached scsi generic sg2 type 0
udevd version 124 started
ata3.00: configured for UDMA/100
ata3: EH complete
sd 2:0:0:0: [sda] 234441648 512-byte hardware sectors (120034 MB)
sd 2:0:0:0: [sda] Write Protect is off
sd 2:0:0:0: [sda] Mode Sense: 00 3a 00 00
sd 2:0:0:0: [sda] Write cache: disabled, read cache: enabled, doesn't 
support DPO or FUA
device-mapper: multipath: version 1.0.5 loaded
iTCO_vendor_support: vendor-support=0
iTCO_wdt: Intel TCO WatchDog Timer Driver v1.03 (30-Apr-2008)
iTCO_wdt: Found a ICH8M-E TCO device (Version=2, TCOBASE=0x1060)
iTCO_wdt: initialized. heartbeat=30 sec (nowayout=0)
input: PC Speaker as /class/input/input1
ACPI: WMI: Mapper loaded
sdhci: Secure Digital Host Controller Interface driver
sdhci: Copyright(c) Pierre Ossman
Bluetooth: Core ver 2.13
NET: Registered protocol family 31
Bluetooth: HCI device and connection manager initialized
Bluetooth: HCI socket layer initialized
Yenta: CardBus bridge found at 0000:02:06.0 [103c:30c5]
input: Power Button (FF) as /class/input/input2
ACPI: Power Button (FF) [PWRF]
ACPI: Battery Slot [C1F4] (battery present)
ACPI: Battery Slot [C1F3] (battery absent)
input: Sleep Button (CM) as /class/input/input3
Yenta: ISA IRQ mask 0x0cb8, PCI irq 16
Socket status: 30000006
pcmcia: parent PCI bridge I/O window: 0x6000 - 0x6fff
pcmcia: parent PCI bridge Memory window: 0xe4100000 - 0xe43fffff
pcmcia: parent PCI bridge Memory window: 0xc4000000 - 0xcbffffff
Yenta: CardBus bridge found at 0000:02:06.1 [103c:30c5]
ACPI: Sleep Button (CM) [C274]
input: Lid Switch as /class/input/input4
ACPI: Lid Switch [C26E]
ACPI: AC Adapter [C1F2] (on-line)
Bluetooth: Generic Bluetooth USB driver ver 0.3
usbcore: registered new interface driver btusb
Yenta: ISA IRQ mask 0x0000, PCI irq 17
Socket status: 30000810
Yenta: Raising subordinate bus# of parent bus (#02) from #04 to #07
pcmcia: parent PCI bridge I/O window: 0x6000 - 0x6fff
pcmcia: parent PCI bridge Memory window: 0xe4100000 - 0xe43fffff
pcmcia: parent PCI bridge Memory window: 0xc4000000 - 0xcbffffff
sdhci-pci 0000:02:06.3: SDHCI controller found [1180:0822] (rev 20)
sdhci-pci 0000:02:06.3: PCI INT D -> GSI 19 (level, low) -> IRQ 19
mmc0: SDHCI controller on PCI [0000:02:06.3] using PIO
ricoh-mmc: Ricoh MMC Controller disabling driver
ricoh-mmc: Copyright(c) Philip Langdale
ricoh-mmc: Ricoh MMC controller found at 0000:02:06.4 [1180:0843] (rev 10)
ricoh-mmc: Controller is now disabled.
acpi device:03: registered as cooling_device13
input: Video Bus as /class/input/input5
Synaptics Touchpad, model: 1, fw: 6.2, id: 0x2580b1, caps: 
0xa44793/0x300000
serio: Synaptics pass-through port at isa0060/serio4/input0
input: SynPS/2 Synaptics TouchPad as /class/input/input6
ACPI: Video Device [C14B] (multi-head: yes  rom: no  post: no)
tpm_inf_pnp 00:03: Found C239 with ID IFX0102
tpm_inf_pnp 00:03: TPM found: config base 0x560, data base 0x570, chip 
version 0x000b, vendor id 0x15d1 (Infineon), product id 0x000b (SLB 9635 
TT 1.2)
parport_pc 00:02: reported by Plug and Play ACPI
parport0: PC-style at 0x378 (0x778), irq 7, dma 1 
[PCSPP,TRISTATE,COMPAT,ECP,DMA]
iwlagn: Intel(R) Wireless WiFi Link AGN driver for Linux, 1.3.27ks
iwlagn: Copyright(c) 2003-2008 Intel Corporation
iwlagn 0000:10:00.0: PCI INT A -> GSI 17 (level, low) -> IRQ 17
iwlagn 0000:10:00.0: setting latency timer to 64
iwlagn: Detected Intel Wireless WiFi Link 4965AGN REV=0x4
iwlagn: Tunable channels: 13 802.11bg, 19 802.11a channels
pccard: PCMCIA card inserted into slot 1
iwlagn 0000:10:00.0: PCI INT A disabled
phy0: Selected rate control algorithm 'iwl-agn-rs'
cs: memory probe 0xc4000000-0xcbffffff: excluding 0xc4000000-0xcbffffff
cs: memory probe 0xe4100000-0xe43fffff: excluding 0xe4100000-0xe412ffff
pcmcia: registering new device pcmcia1.0
HDA Intel 0000:00:1b.0: power state changed by ACPI to D0
HDA Intel 0000:00:1b.0: PCI INT A -> GSI 17 (level, low) -> IRQ 17
HDA Intel 0000:00:1b.0: setting latency timer to 64
HDA Intel 0000:01:00.1: PCI INT B -> GSI 17 (level, low) -> IRQ 17
HDA Intel 0000:01:00.1: setting latency timer to 64
loop: module loaded
input: HP WMI hotkeys as /class/input/input7
Adding 8388600k swap on /dev/mapper/vol00-swap.  Priority:-1 extents:1 
across:8388600k
kjournald starting.  Commit interval 5 seconds
EXT3 FS on sda1, internal journal
EXT3-fs: mounted filesystem with ordered data mode.
ip_tables: (C) 2000-2006 Netfilter Core Team
nf_conntrack version 0.5.0 (16384 buckets, 65536 max)
CONFIG_NF_CT_ACCT is deprecated and will be removed soon. Plase use
nf_conntrack.acct=1 kernel paramater, acct=1 nf_conntrack module option or
sysctl net.netfilter.nf_conntrack_acct=1 to enable it.
NET: Registered protocol family 10
lo: Disabled Privacy Extensions
ip6_tables: (C) 2000-2006 Netfilter Core Team
input: PS/2 Generic Mouse as /class/input/input8
warning: `avahi-daemon' uses 32-bit capabilities (legacy support in use)
loaded kvm module (kvm-79)
Bridge firewalling registered
vnet0: Dropping NETIF_F_UFO since no NETIF_F_HW_CSUM feature.
vnet0: starting userspace STP failed, starting kernel STP
vnet1: Dropping NETIF_F_UFO since no NETIF_F_HW_CSUM feature.
vnet1: starting userspace STP failed, starting kernel STP
vnet1: no IPv6 routers present
vnet0: no IPv6 routers present
Bluetooth: L2CAP ver 2.11
Bluetooth: L2CAP socket layer initialized
Bluetooth: SCO (Voice Link) ver 0.6
Bluetooth: SCO socket layer initialized
Bluetooth: BNEP (Ethernet Emulation) ver 1.3
Bluetooth: BNEP filters: protocol multicast
pan0: Dropping NETIF_F_UFO since no NETIF_F_HW_CSUM feature.
Bluetooth: RFCOMM socket layer initialized
Bluetooth: RFCOMM TTY layer initialized
Bluetooth: RFCOMM ver 1.10
pci 0000:01:00.0: PCI INT A -> GSI 16 (level, low) -> IRQ 16
ADDRCONF(NETDEV_UP): eth0: link is not ready
iwlagn 0000:10:00.0: PCI INT A -> GSI 17 (level, low) -> IRQ 17
iwlagn 0000:10:00.0: restoring config space at offset 0x1 (was 0x100002, 
writing 0x100006)
firmware: requesting iwlwifi-4965-2.ucode
Registered led device: iwl-phy0:radio
Registered led device: iwl-phy0:assoc
Registered led device: iwl-phy0:RX
Registered led device: iwl-phy0:TX
ADDRCONF(NETDEV_UP): wlan0: link is not ready
NET: Registered protocol family 17
0000:00:19.0: eth0: Link is Up 1000 Mbps Full Duplex, Flow Control: None
ADDRCONF(NETDEV_CHANGE): eth0: link becomes ready
eth0: no IPv6 routers present
Bluetooth: HIDP (Human Interface Emulation) ver 1.2
input: Bluetooth Laser Travel Mouse as /class/input/input9
CE: hpet increasing min_delta_ns to 15000 nsec
[UFW BLOCK INPUT]: IN=eth0 OUT= 
MAC=00:1a:4b:7a:9d:98:00:17:a4:93:66:ec:08:00 SRC=10.151.1.5 
DST=10.151.1.19 LEN=91 TOS=0x00 PREC=0x00 TTL=64 ID=16568 PROTO=UDP 
SPT=161 DPT=35721 LEN=71 
[UFW BLOCK INPUT]: IN=eth0 OUT= 
MAC=00:1a:4b:7a:9d:98:00:0f:66:c7:99:59:08:00 SRC=10.151.1.253 
DST=10.151.1.19 LEN=74 TOS=0x00 PREC=0x00 TTL=64 ID=0 DF PROTO=UDP 
SPT=161 DPT=35721 LEN=54 
CE: hpet increasing min_delta_ns to 22500 nsec
#                                                                                                                                                                                                              
# Automatically generated make config: don't 
edit                                                                                                                                                              
# Linux kernel version: 
2.6.27.10                                                                                                                                                                              
# Fri Dec 19 16:07:08 
2008                                                                                                                                                                                     
#                                                                                                                                                                                                              
CONFIG_64BIT=y                                                                                                                                                                                                 
# CONFIG_X86_32 is not 
set                                                                                                                                                                                     
CONFIG_X86_64=y                                                                                                                                                                                                
CONFIG_X86=y                                                                                                                                                                                                   
CONFIG_ARCH_DEFCONFIG="arch/x86/configs/
x86_64_defconfig"                                                                                                                                                      
# CONFIG_GENERIC_LOCKBREAK is not 
set                                                                                                                                                                          
CONFIG_GENERIC_TIME=y                                                                                                                                                                                          
CONFIG_GENERIC_CMOS_UPDATE=y                                                                                                                                                                                   
CONFIG_CLOCKSOURCE_WATCHDOG=y                                                                                                                                                                                  
CONFIG_GENERIC_CLOCKEVENTS=y                                                                                                                                                                                   
CONFIG_GENERIC_CLOCKEVENTS_BROADCAST=y                                                                                                                                                                         
CONFIG_LOCKDEP_SUPPORT=y                                                                                                                                                                                       
CONFIG_STACKTRACE_SUPPORT=y                                                                                                                                                                                    
CONFIG_HAVE_LATENCYTOP_SUPPORT=y                                                                                                                                                                               
CONFIG_FAST_CMPXCHG_LOCAL=y                                                                                                                                                                                    
CONFIG_MMU=y                                                                                                                                                                                                   
CONFIG_ZONE_DMA=y                                                                                                                                                                                              
CONFIG_GENERIC_ISA_DMA=y                                                                                                                                                                                       
CONFIG_GENERIC_IOMAP=y                                                                                                                                                                                         
CONFIG_GENERIC_BUG=y                                                                                                                                                                                           
CONFIG_GENERIC_HWEIGHT=y                                                                                                                                                                                       
CONFIG_GENERIC_GPIO=y                                                                                                                                                                                          
CONFIG_ARCH_MAY_HAVE_PC_FDC=y                                                                                                                                                                                  
CONFIG_RWSEM_GENERIC_SPINLOCK=y                                                                                                                                                                                
# CONFIG_RWSEM_XCHGADD_ALGORITHM is not 
set                                                                                                                                                                    
# CONFIG_ARCH_HAS_ILOG2_U32 is not 
set                                                                                                                                                                         
# CONFIG_ARCH_HAS_ILOG2_U64 is not 
set                                                                                                                                                                         
CONFIG_ARCH_HAS_CPU_IDLE_WAIT=y                                                                                                                                                                                
CONFIG_GENERIC_CALIBRATE_DELAY=y                                                                                                                                                                               
CONFIG_GENERIC_TIME_VSYSCALL=y                                                                                                                                                                                 
CONFIG_ARCH_HAS_CPU_RELAX=y                                                                                                                                                                                    
CONFIG_ARCH_HAS_CACHE_LINE_SIZE=y                                                                                                                                                                              
CONFIG_HAVE_SETUP_PER_CPU_AREA=y                                                                                                                                                                               
CONFIG_HAVE_CPUMASK_OF_CPU_MAP=y                                                                                                                                                                               
CONFIG_ARCH_HIBERNATION_POSSIBLE=y                                                                                                                                                                             
CONFIG_ARCH_SUSPEND_POSSIBLE=y                                                                                                                                                                                 
CONFIG_ZONE_DMA32=y                                                                                                                                                                                            
CONFIG_ARCH_POPULATES_NODE_MAP=y                                                                                                                                                                               
CONFIG_AUDIT_ARCH=y                                                                                                                                                                                            
CONFIG_ARCH_SUPPORTS_AOUT=y                                                                                                                                                                                    
CONFIG_ARCH_SUPPORTS_OPTIMIZED_INLINING=y                                                                                                                                                                      
CONFIG_GENERIC_HARDIRQS=y                                                                                                                                                                                      
CONFIG_GENERIC_IRQ_PROBE=y                                                                                                                                                                                     
CONFIG_GENERIC_PENDING_IRQ=y                                                                                                                                                                                   
CONFIG_X86_SMP=y                                                                                                                                                                                               
CONFIG_X86_64_SMP=y                                                                                                                                                                                            
CONFIG_X86_HT=y                                                                                                                                                                                                
CONFIG_X86_BIOS_REBOOT=y                                                                                                                                                                                       
CONFIG_X86_TRAMPOLINE=y                                                                                                                                                                                        
# CONFIG_KTIME_SCALAR is not 
set                                                                                                                                                                               
CONFIG_DEFCONFIG_LIST="/lib/modules/
$UNAME_RELEASE/.config"                                                                                                                                                    
#
# General setup
#              
CONFIG_EXPERIMENTAL=y
CONFIG_LOCK_KERNEL=y 
CONFIG_INIT_ENV_ARG_LIMIT=32
CONFIG_LOCALVERSION=""      
CONFIG_LOCALVERSION_AUTO=y  
CONFIG_SWAP=y               
CONFIG_SYSVIPC=y            
CONFIG_SYSVIPC_SYSCTL=y     
CONFIG_POSIX_MQUEUE=y       
CONFIG_BSD_PROCESS_ACCT=y   
CONFIG_BSD_PROCESS_ACCT_V3=y
# CONFIG_TASKSTATS is not set
CONFIG_AUDIT=y               
CONFIG_AUDITSYSCALL=y        
CONFIG_AUDIT_TREE=y          
CONFIG_IKCONFIG=m            
CONFIG_IKCONFIG_PROC=y       
CONFIG_LOG_BUF_SHIFT=17      
CONFIG_CGROUPS=y             
# CONFIG_CGROUP_DEBUG is not set
CONFIG_CGROUP_NS=y              
CONFIG_CGROUP_DEVICE=y          
CONFIG_CPUSETS=y                
CONFIG_HAVE_UNSTABLE_SCHED_CLOCK=y
CONFIG_GROUP_SCHED=y              
CONFIG_FAIR_GROUP_SCHED=y         
CONFIG_RT_GROUP_SCHED=y           
CONFIG_USER_SCHED=y               
# CONFIG_CGROUP_SCHED is not set  
CONFIG_CGROUP_CPUACCT=y           
CONFIG_RESOURCE_COUNTERS=y        
CONFIG_MM_OWNER=y                 
CONFIG_CGROUP_MEM_RES_CTLR=y      
CONFIG_SYSFS_DEPRECATED=y         
CONFIG_SYSFS_DEPRECATED_V2=y      
CONFIG_PROC_PID_CPUSET=y          
CONFIG_RELAY=y                    
CONFIG_NAMESPACES=y               
CONFIG_UTS_NS=y                   
CONFIG_IPC_NS=y                   
# CONFIG_USER_NS is not set       
# CONFIG_PID_NS is not set        
CONFIG_BLK_DEV_INITRD=y           
CONFIG_INITRAMFS_SOURCE=""        
CONFIG_CC_OPTIMIZE_FOR_SIZE=y     
CONFIG_SYSCTL=y                   
# CONFIG_EMBEDDED is not set      
CONFIG_UID16=y                    
CONFIG_SYSCTL_SYSCALL=y           
CONFIG_KALLSYMS=y                 
CONFIG_KALLSYMS_ALL=y             
# CONFIG_KALLSYMS_EXTRA_PASS is not set
CONFIG_HOTPLUG=y                       
CONFIG_PRINTK=y                        
CONFIG_BUG=y                           
CONFIG_ELF_CORE=y                      
CONFIG_PCSPKR_PLATFORM=y               
# CONFIG_COMPAT_BRK is not set         
CONFIG_BASE_FULL=y                     
CONFIG_FUTEX=y                         
CONFIG_ANON_INODES=y                   
CONFIG_EPOLL=y                         
CONFIG_SIGNALFD=y                      
CONFIG_TIMERFD=y                       
CONFIG_EVENTFD=y                       
CONFIG_SHMEM=y                         
CONFIG_VM_EVENT_COUNTERS=y             
CONFIG_SLUB_DEBUG=y                    
# CONFIG_SLAB is not set               
CONFIG_SLUB=y                          
# CONFIG_SLOB is not set               
# CONFIG_PROFILING is not set          
# CONFIG_MARKERS is not set            
CONFIG_HAVE_OPROFILE=y                 
# CONFIG_KPROBES is not set            
CONFIG_HAVE_EFFICIENT_UNALIGNED_ACCESS=y
CONFIG_HAVE_IOREMAP_PROT=y              
CONFIG_HAVE_KPROBES=y                   
CONFIG_HAVE_KRETPROBES=y                
# CONFIG_HAVE_ARCH_TRACEHOOK is not set 
# CONFIG_HAVE_DMA_ATTRS is not set      
CONFIG_USE_GENERIC_SMP_HELPERS=y        
# CONFIG_HAVE_CLK is not set            
CONFIG_PROC_PAGE_MONITOR=y              
# CONFIG_HAVE_GENERIC_DMA_COHERENT is not set
CONFIG_SLABINFO=y                            
CONFIG_RT_MUTEXES=y                          
# CONFIG_TINY_SHMEM is not set               
CONFIG_BASE_SMALL=0                          
CONFIG_MODULES=y                             
# CONFIG_MODULE_FORCE_LOAD is not set        
CONFIG_MODULE_UNLOAD=y                       
# CONFIG_MODULE_FORCE_UNLOAD is not set      
CONFIG_MODVERSIONS=y                         
CONFIG_MODULE_SRCVERSION_ALL=y               
CONFIG_KMOD=y                                
CONFIG_STOP_MACHINE=y                        
CONFIG_BLOCK=y                               
CONFIG_BLK_DEV_IO_TRACE=y                    
CONFIG_BLK_DEV_BSG=y                         
CONFIG_BLK_DEV_INTEGRITY=y                   
CONFIG_BLOCK_COMPAT=y                        
#
# IO Schedulers
#              
CONFIG_IOSCHED_NOOP=y
CONFIG_IOSCHED_AS=m  
CONFIG_IOSCHED_DEADLINE=m
CONFIG_IOSCHED_CFQ=y     
# CONFIG_DEFAULT_AS is not set
# CONFIG_DEFAULT_DEADLINE is not set
CONFIG_DEFAULT_CFQ=y                
# CONFIG_DEFAULT_NOOP is not set    
CONFIG_DEFAULT_IOSCHED="cfq"        
CONFIG_PREEMPT_NOTIFIERS=y          
CONFIG_CLASSIC_RCU=y                
#
# Processor type and features
#                            
CONFIG_TICK_ONESHOT=y        
CONFIG_NO_HZ=y               
CONFIG_HIGH_RES_TIMERS=y     
CONFIG_GENERIC_CLOCKEVENTS_BUILD=y
CONFIG_SMP=y                      
CONFIG_X86_FIND_SMP_CONFIG=y      
CONFIG_X86_MPPARSE=y              
CONFIG_X86_PC=y                   
# CONFIG_X86_ELAN is not set      
# CONFIG_X86_VOYAGER is not set   
# CONFIG_X86_GENERICARCH is not set
# CONFIG_X86_VSMP is not set       
# CONFIG_PARAVIRT_GUEST is not set 
# CONFIG_MEMTEST is not set        
# CONFIG_M386 is not set           
# CONFIG_M486 is not set           
# CONFIG_M586 is not set           
# CONFIG_M586TSC is not set        
# CONFIG_M586MMX is not set        
# CONFIG_M686 is not set           
# CONFIG_MPENTIUMII is not set     
# CONFIG_MPENTIUMIII is not set    
# CONFIG_MPENTIUMM is not set      
# CONFIG_MPENTIUM4 is not set      
# CONFIG_MK6 is not set            
# CONFIG_MK7 is not set            
# CONFIG_MK8 is not set            
# CONFIG_MCRUSOE is not set        
# CONFIG_MEFFICEON is not set      
# CONFIG_MWINCHIPC6 is not set     
# CONFIG_MWINCHIP2 is not set      
# CONFIG_MWINCHIP3D is not set     
# CONFIG_MGEODEGX1 is not set      
# CONFIG_MGEODE_LX is not set      
# CONFIG_MCYRIXIII is not set      
# CONFIG_MVIAC3_2 is not set       
# CONFIG_MVIAC7 is not set         
# CONFIG_MPSC is not set           
CONFIG_MCORE2=y                    
# CONFIG_GENERIC_CPU is not set    
CONFIG_X86_CPU=y                   
CONFIG_X86_L1_CACHE_BYTES=64       
CONFIG_X86_INTERNODE_CACHE_BYTES=64
CONFIG_X86_CMPXCHG=y               
CONFIG_X86_L1_CACHE_SHIFT=6        
CONFIG_X86_WP_WORKS_OK=y           
CONFIG_X86_INTEL_USERCOPY=y        
CONFIG_X86_USE_PPRO_CHECKSUM=y     
CONFIG_X86_P6_NOP=y                
CONFIG_X86_TSC=y                   
CONFIG_X86_CMPXCHG64=y             
CONFIG_X86_CMOV=y                  
CONFIG_X86_MINIMUM_CPU_FAMILY=64   
CONFIG_X86_DEBUGCTLMSR=y           
CONFIG_HPET_TIMER=y                
CONFIG_DMI=y                       
CONFIG_GART_IOMMU=y                
# CONFIG_CALGARY_IOMMU is not set  
# CONFIG_AMD_IOMMU is not set      
CONFIG_SWIOTLB=y                   
CONFIG_IOMMU_HELPER=y              
CONFIG_NR_CPUS=8                   
# CONFIG_SCHED_SMT is not set      
CONFIG_SCHED_MC=y                  
# CONFIG_PREEMPT_NONE is not set   
CONFIG_PREEMPT_VOLUNTARY=y         
# CONFIG_PREEMPT is not set        
CONFIG_X86_LOCAL_APIC=y            
CONFIG_X86_IO_APIC=y               
CONFIG_X86_MCE=y                   
CONFIG_X86_MCE_INTEL=y             
# CONFIG_X86_MCE_AMD is not set    
# CONFIG_I8K is not set            
CONFIG_MICROCODE=m                 
CONFIG_MICROCODE_OLD_INTERFACE=y   
CONFIG_X86_MSR=m                   
CONFIG_X86_CPUID=m                 
# CONFIG_NUMA is not set           
CONFIG_ARCH_SPARSEMEM_DEFAULT=y    
CONFIG_ARCH_SPARSEMEM_ENABLE=y     
CONFIG_ARCH_SELECT_MEMORY_MODEL=y  
CONFIG_SELECT_MEMORY_MODEL=y       
# CONFIG_FLATMEM_MANUAL is not set 
# CONFIG_DISCONTIGMEM_MANUAL is not set
CONFIG_SPARSEMEM_MANUAL=y              
CONFIG_SPARSEMEM=y                     
CONFIG_HAVE_MEMORY_PRESENT=y           
# CONFIG_SPARSEMEM_STATIC is not set   
CONFIG_SPARSEMEM_EXTREME=y             
CONFIG_SPARSEMEM_VMEMMAP_ENABLE=y      
CONFIG_SPARSEMEM_VMEMMAP=y             
#
# Memory hotplug is currently incompatible with Software Suspend
#                                                               
CONFIG_PAGEFLAGS_EXTENDED=y                                     
CONFIG_SPLIT_PTLOCK_CPUS=4                                      
CONFIG_RESOURCES_64BIT=y                                        
CONFIG_ZONE_DMA_FLAG=1                                          
CONFIG_BOUNCE=y                                                 
CONFIG_VIRT_TO_BUS=y                                            
CONFIG_MMU_NOTIFIER=y                                           
CONFIG_X86_RESERVE_LOW_64K=y                                    
CONFIG_MTRR=y                                                   
CONFIG_MTRR_SANITIZER=y                                         
CONFIG_MTRR_SANITIZER_ENABLE_DEFAULT=0                          
CONFIG_MTRR_SANITIZER_SPARE_REG_NR_DEFAULT=1                    
CONFIG_X86_PAT=y                                                
# CONFIG_EFI is not set                                         
# CONFIG_SECCOMP is not set                                     
# CONFIG_HZ_100 is not set                                      
CONFIG_HZ_250=y                                                 
# CONFIG_HZ_300 is not set                                      
# CONFIG_HZ_1000 is not set                                     
CONFIG_HZ=250                                                   
CONFIG_SCHED_HRTICK=y                                           
# CONFIG_KEXEC is not set                                       
# CONFIG_CRASH_DUMP is not set                                  
CONFIG_PHYSICAL_START=0x200000                                  
# CONFIG_RELOCATABLE is not set                                 
CONFIG_PHYSICAL_ALIGN=0x200000                                  
CONFIG_HOTPLUG_CPU=y                                            
# CONFIG_COMPAT_VDSO is not set                                 
CONFIG_ARCH_ENABLE_MEMORY_HOTPLUG=y                             
#
# Power management options
#                         
CONFIG_ARCH_HIBERNATION_HEADER=y
CONFIG_PM=y                     
CONFIG_PM_DEBUG=y               
# CONFIG_PM_VERBOSE is not set  
CONFIG_CAN_PM_TRACE=y           
# CONFIG_PM_TRACE_RTC is not set
CONFIG_PM_SLEEP_SMP=y           
CONFIG_PM_SLEEP=y               
CONFIG_SUSPEND=y                
CONFIG_SUSPEND_FREEZER=y        
CONFIG_HIBERNATION=y            
CONFIG_PM_STD_PARTITION=""      
CONFIG_ACPI=y                   
CONFIG_ACPI_SLEEP=y             
CONFIG_ACPI_PROCFS=y            
CONFIG_ACPI_PROCFS_POWER=y      
CONFIG_ACPI_SYSFS_POWER=y       
CONFIG_ACPI_PROC_EVENT=y        
CONFIG_ACPI_AC=m                
CONFIG_ACPI_BATTERY=m           
CONFIG_ACPI_BUTTON=m            
CONFIG_ACPI_VIDEO=m             
CONFIG_ACPI_FAN=m               
CONFIG_ACPI_DOCK=m              
CONFIG_ACPI_BAY=m               
CONFIG_ACPI_PROCESSOR=m         
CONFIG_ACPI_HOTPLUG_CPU=y       
CONFIG_ACPI_THERMAL=m           
CONFIG_ACPI_WMI=m               
# CONFIG_ACPI_ASUS is not set   
# CONFIG_ACPI_TOSHIBA is not set
# CONFIG_ACPI_CUSTOM_DSDT is not set
CONFIG_ACPI_BLACKLIST_YEAR=0        
# CONFIG_ACPI_DEBUG is not set      
CONFIG_ACPI_EC=y                    
CONFIG_ACPI_PCI_SLOT=m              
CONFIG_ACPI_POWER=y                 
CONFIG_ACPI_SYSTEM=y                
CONFIG_X86_PM_TIMER=y               
CONFIG_ACPI_CONTAINER=m             
CONFIG_ACPI_SBS=m                   
#
# CPU Frequency scaling
#                      
CONFIG_CPU_FREQ=y      
CONFIG_CPU_FREQ_TABLE=m
# CONFIG_CPU_FREQ_DEBUG is not set
CONFIG_CPU_FREQ_STAT=m            
CONFIG_CPU_FREQ_STAT_DETAILS=y    
CONFIG_CPU_FREQ_DEFAULT_GOV_PERFORMANCE=y
# CONFIG_CPU_FREQ_DEFAULT_GOV_POWERSAVE is not set
# CONFIG_CPU_FREQ_DEFAULT_GOV_USERSPACE is not set
# CONFIG_CPU_FREQ_DEFAULT_GOV_ONDEMAND is not set 
# CONFIG_CPU_FREQ_DEFAULT_GOV_CONSERVATIVE is not set
CONFIG_CPU_FREQ_GOV_PERFORMANCE=y                    
CONFIG_CPU_FREQ_GOV_POWERSAVE=m                      
CONFIG_CPU_FREQ_GOV_USERSPACE=m                      
CONFIG_CPU_FREQ_GOV_ONDEMAND=m                       
CONFIG_CPU_FREQ_GOV_CONSERVATIVE=m                   
#
# CPUFreq processor drivers
#                          
CONFIG_X86_ACPI_CPUFREQ=m  
# CONFIG_X86_POWERNOW_K8 is not set
# CONFIG_X86_SPEEDSTEP_CENTRINO is not set
# CONFIG_X86_P4_CLOCKMOD is not set       
#
# shared options
#               
# CONFIG_X86_ACPI_CPUFREQ_PROC_INTF is not set
# CONFIG_X86_SPEEDSTEP_LIB is not set         
CONFIG_CPU_IDLE=y                             
CONFIG_CPU_IDLE_GOV_LADDER=y                  
CONFIG_CPU_IDLE_GOV_MENU=y                    
#
# Bus options (PCI etc.)
#                       
CONFIG_PCI=y            
CONFIG_PCI_DIRECT=y     
CONFIG_PCI_MMCONFIG=y   
CONFIG_PCI_DOMAINS=y    
# CONFIG_DMAR is not set
CONFIG_PCIEPORTBUS=y    
CONFIG_HOTPLUG_PCI_PCIE=m
CONFIG_PCIEAER=y         
CONFIG_PCIEASPM=y        
# CONFIG_PCIEASPM_DEBUG is not set
CONFIG_ARCH_SUPPORTS_MSI=y        
CONFIG_PCI_MSI=y                  
CONFIG_PCI_LEGACY=y               
# CONFIG_PCI_DEBUG is not set     
CONFIG_HT_IRQ=y                   
CONFIG_ISA_DMA_API=y              
CONFIG_K8_NB=y                    
CONFIG_PCCARD=m                   
# CONFIG_PCMCIA_DEBUG is not set  
CONFIG_PCMCIA=m                   
CONFIG_PCMCIA_LOAD_CIS=y          
CONFIG_PCMCIA_IOCTL=y             
CONFIG_CARDBUS=y                  
#
# PC-card bridges
#                
CONFIG_YENTA=m   
CONFIG_YENTA_O2=y
CONFIG_YENTA_RICOH=y
CONFIG_YENTA_TI=y   
CONFIG_YENTA_ENE_TUNE=y
CONFIG_YENTA_TOSHIBA=y 
CONFIG_PD6729=m        
CONFIG_I82092=m        
CONFIG_PCCARD_NONSTATIC=m
CONFIG_HOTPLUG_PCI=m     
CONFIG_HOTPLUG_PCI_FAKE=m
CONFIG_HOTPLUG_PCI_ACPI=m
# CONFIG_HOTPLUG_PCI_ACPI_IBM is not set
# CONFIG_HOTPLUG_PCI_CPCI is not set    
# CONFIG_HOTPLUG_PCI_SHPC is not set    
#
# Executable file formats / Emulations
#                                     
CONFIG_BINFMT_ELF=y                   
CONFIG_COMPAT_BINFMT_ELF=y            
CONFIG_BINFMT_MISC=m                  
CONFIG_IA32_EMULATION=y               
CONFIG_IA32_AOUT=m                    
CONFIG_COMPAT=y                       
CONFIG_COMPAT_FOR_U64_ALIGNMENT=y     
CONFIG_SYSVIPC_COMPAT=y               
CONFIG_NET=y                          
#
# Networking options
#                   
CONFIG_PACKET=m     
CONFIG_PACKET_MMAP=y
CONFIG_UNIX=y       
CONFIG_XFRM=y       
CONFIG_XFRM_USER=m  
# CONFIG_XFRM_SUB_POLICY is not set
# CONFIG_XFRM_MIGRATE is not set   
# CONFIG_XFRM_STATISTICS is not set
CONFIG_XFRM_IPCOMP=m               
CONFIG_NET_KEY=m                   
# CONFIG_NET_KEY_MIGRATE is not set
CONFIG_INET=y                      
CONFIG_IP_MULTICAST=y              
CONFIG_IP_ADVANCED_ROUTER=y        
CONFIG_ASK_IP_FIB_HASH=y           
# CONFIG_IP_FIB_TRIE is not set    
CONFIG_IP_FIB_HASH=y               
CONFIG_IP_MULTIPLE_TABLES=y        
CONFIG_IP_ROUTE_MULTIPATH=y        
CONFIG_IP_ROUTE_VERBOSE=y          
# CONFIG_IP_PNP is not set         
CONFIG_NET_IPIP=m                  
CONFIG_NET_IPGRE=m                 
CONFIG_NET_IPGRE_BROADCAST=y       
CONFIG_IP_MROUTE=y                 
CONFIG_IP_PIMSM_V1=y               
CONFIG_IP_PIMSM_V2=y               
# CONFIG_ARPD is not set           
CONFIG_SYN_COOKIES=y               
CONFIG_INET_AH=m                   
CONFIG_INET_ESP=m                  
CONFIG_INET_IPCOMP=m               
CONFIG_INET_XFRM_TUNNEL=m          
CONFIG_INET_TUNNEL=m               
CONFIG_INET_XFRM_MODE_TRANSPORT=m  
CONFIG_INET_XFRM_MODE_TUNNEL=m     
CONFIG_INET_XFRM_MODE_BEET=m       
CONFIG_INET_LRO=m                  
CONFIG_INET_DIAG=y                 
CONFIG_INET_TCP_DIAG=y             
# CONFIG_TCP_CONG_ADVANCED is not set
CONFIG_TCP_CONG_CUBIC=y              
CONFIG_DEFAULT_TCP_CONG="cubic"      
CONFIG_TCP_MD5SIG=y                  
CONFIG_IP_VS=m                       
# CONFIG_IP_VS_DEBUG is not set      
CONFIG_IP_VS_TAB_BITS=12             
#
# IPVS transport protocol load balancing support
#                                               
CONFIG_IP_VS_PROTO_TCP=y                        
CONFIG_IP_VS_PROTO_UDP=y                        
CONFIG_IP_VS_PROTO_ESP=y                        
CONFIG_IP_VS_PROTO_AH=y                         
#
# IPVS scheduler
#               
CONFIG_IP_VS_RR=m
CONFIG_IP_VS_WRR=m
CONFIG_IP_VS_LC=m 
CONFIG_IP_VS_WLC=m
CONFIG_IP_VS_LBLC=m
CONFIG_IP_VS_LBLCR=m
CONFIG_IP_VS_DH=m   
CONFIG_IP_VS_SH=m   
CONFIG_IP_VS_SED=m  
CONFIG_IP_VS_NQ=m   
#
# IPVS application helper
#                        
CONFIG_IP_VS_FTP=m       
CONFIG_IPV6=m            
CONFIG_IPV6_PRIVACY=y    
# CONFIG_IPV6_ROUTER_PREF is not set
# CONFIG_IPV6_OPTIMISTIC_DAD is not set
CONFIG_INET6_AH=m                      
CONFIG_INET6_ESP=m                     
CONFIG_INET6_IPCOMP=m                  
# CONFIG_IPV6_MIP6 is not set          
CONFIG_INET6_XFRM_TUNNEL=m             
CONFIG_INET6_TUNNEL=m                  
CONFIG_INET6_XFRM_MODE_TRANSPORT=m     
CONFIG_INET6_XFRM_MODE_TUNNEL=m        
CONFIG_INET6_XFRM_MODE_BEET=m          
CONFIG_INET6_XFRM_MODE_ROUTEOPTIMIZATION=m
CONFIG_IPV6_SIT=m                         
CONFIG_IPV6_NDISC_NODETYPE=y              
CONFIG_IPV6_TUNNEL=m                      
# CONFIG_IPV6_MULTIPLE_TABLES is not set  
# CONFIG_IPV6_MROUTE is not set           
CONFIG_NETWORK_SECMARK=y                  
CONFIG_NETFILTER=y                        
# CONFIG_NETFILTER_DEBUG is not set       
CONFIG_NETFILTER_ADVANCED=y               
CONFIG_BRIDGE_NETFILTER=y                 
#
# Core Netfilter Configuration
#                             
CONFIG_NETFILTER_NETLINK=m    
CONFIG_NETFILTER_NETLINK_QUEUE=m
CONFIG_NETFILTER_NETLINK_LOG=m  
CONFIG_NF_CONNTRACK=m           
CONFIG_NF_CT_ACCT=y             
CONFIG_NF_CONNTRACK_MARK=y      
CONFIG_NF_CONNTRACK_SECMARK=y   
CONFIG_NF_CONNTRACK_EVENTS=y    
CONFIG_NF_CT_PROTO_DCCP=m       
CONFIG_NF_CT_PROTO_GRE=m        
CONFIG_NF_CT_PROTO_SCTP=m       
CONFIG_NF_CT_PROTO_UDPLITE=m    
CONFIG_NF_CONNTRACK_AMANDA=m    
CONFIG_NF_CONNTRACK_FTP=m       
CONFIG_NF_CONNTRACK_H323=m      
CONFIG_NF_CONNTRACK_IRC=m       
CONFIG_NF_CONNTRACK_NETBIOS_NS=m
CONFIG_NF_CONNTRACK_PPTP=m      
# CONFIG_NF_CONNTRACK_SANE is not set
CONFIG_NF_CONNTRACK_SIP=m            
CONFIG_NF_CONNTRACK_TFTP=m           
CONFIG_NF_CT_NETLINK=m               
CONFIG_NETFILTER_XTABLES=m           
CONFIG_NETFILTER_XT_TARGET_CLASSIFY=m
CONFIG_NETFILTER_XT_TARGET_CONNMARK=m
CONFIG_NETFILTER_XT_TARGET_DSCP=m    
CONFIG_NETFILTER_XT_TARGET_MARK=m    
CONFIG_NETFILTER_XT_TARGET_NFQUEUE=m 
CONFIG_NETFILTER_XT_TARGET_NFLOG=m   
CONFIG_NETFILTER_XT_TARGET_NOTRACK=m 
CONFIG_NETFILTER_XT_TARGET_RATEEST=m 
CONFIG_NETFILTER_XT_TARGET_TRACE=m   
CONFIG_NETFILTER_XT_TARGET_SECMARK=m 
CONFIG_NETFILTER_XT_TARGET_CONNSECMARK=m
CONFIG_NETFILTER_XT_TARGET_TCPMSS=m     
CONFIG_NETFILTER_XT_TARGET_TCPOPTSTRIP=m
CONFIG_NETFILTER_XT_MATCH_COMMENT=m     
CONFIG_NETFILTER_XT_MATCH_CONNBYTES=m   
CONFIG_NETFILTER_XT_MATCH_CONNLIMIT=m   
CONFIG_NETFILTER_XT_MATCH_CONNMARK=m    
CONFIG_NETFILTER_XT_MATCH_CONNTRACK=m   
CONFIG_NETFILTER_XT_MATCH_DCCP=m        
CONFIG_NETFILTER_XT_MATCH_DSCP=m        
CONFIG_NETFILTER_XT_MATCH_ESP=m         
CONFIG_NETFILTER_XT_MATCH_HELPER=m      
CONFIG_NETFILTER_XT_MATCH_IPRANGE=m     
CONFIG_NETFILTER_XT_MATCH_LENGTH=m      
CONFIG_NETFILTER_XT_MATCH_LIMIT=m       
CONFIG_NETFILTER_XT_MATCH_MAC=m         
CONFIG_NETFILTER_XT_MATCH_MARK=m        
CONFIG_NETFILTER_XT_MATCH_OWNER=m       
CONFIG_NETFILTER_XT_MATCH_POLICY=m      
CONFIG_NETFILTER_XT_MATCH_MULTIPORT=m   
CONFIG_NETFILTER_XT_MATCH_PHYSDEV=m     
CONFIG_NETFILTER_XT_MATCH_PKTTYPE=m     
CONFIG_NETFILTER_XT_MATCH_QUOTA=m       
CONFIG_NETFILTER_XT_MATCH_RATEEST=m     
CONFIG_NETFILTER_XT_MATCH_REALM=m       
CONFIG_NETFILTER_XT_MATCH_SCTP=m        
CONFIG_NETFILTER_XT_MATCH_STATE=m       
CONFIG_NETFILTER_XT_MATCH_STATISTIC=m   
CONFIG_NETFILTER_XT_MATCH_STRING=m      
CONFIG_NETFILTER_XT_MATCH_TCPMSS=m      
CONFIG_NETFILTER_XT_MATCH_TIME=m        
CONFIG_NETFILTER_XT_MATCH_U32=m         
CONFIG_NETFILTER_XT_MATCH_HASHLIMIT=m   
#
# IP: Netfilter Configuration
#                            
CONFIG_NF_CONNTRACK_IPV4=m   
CONFIG_NF_CONNTRACK_PROC_COMPAT=y
CONFIG_IP_NF_QUEUE=m             
CONFIG_IP_NF_IPTABLES=m          
CONFIG_IP_NF_MATCH_RECENT=m      
CONFIG_IP_NF_MATCH_ECN=m         
CONFIG_IP_NF_MATCH_AH=m          
CONFIG_IP_NF_MATCH_TTL=m         
CONFIG_IP_NF_MATCH_ADDRTYPE=m    
CONFIG_IP_NF_FILTER=m            
CONFIG_IP_NF_TARGET_REJECT=m     
CONFIG_IP_NF_TARGET_LOG=m        
CONFIG_IP_NF_TARGET_ULOG=m       
CONFIG_NF_NAT=m                  
CONFIG_NF_NAT_NEEDED=y           
CONFIG_IP_NF_TARGET_MASQUERADE=m 
CONFIG_IP_NF_TARGET_REDIRECT=m   
CONFIG_IP_NF_TARGET_NETMAP=m     
CONFIG_NF_NAT_SNMP_BASIC=m       
CONFIG_NF_NAT_PROTO_DCCP=m       
CONFIG_NF_NAT_PROTO_GRE=m        
CONFIG_NF_NAT_PROTO_UDPLITE=m    
CONFIG_NF_NAT_PROTO_SCTP=m       
CONFIG_NF_NAT_FTP=m              
CONFIG_NF_NAT_IRC=m              
CONFIG_NF_NAT_TFTP=m             
CONFIG_NF_NAT_AMANDA=m           
CONFIG_NF_NAT_PPTP=m             
CONFIG_NF_NAT_H323=m             
CONFIG_NF_NAT_SIP=m              
CONFIG_IP_NF_MANGLE=m            
CONFIG_IP_NF_TARGET_ECN=m        
CONFIG_IP_NF_TARGET_TTL=m        
CONFIG_IP_NF_TARGET_CLUSTERIP=m  
CONFIG_IP_NF_RAW=m               
CONFIG_IP_NF_ARPTABLES=m         
CONFIG_IP_NF_ARPFILTER=m         
CONFIG_IP_NF_ARP_MANGLE=m        
#
# IPv6: Netfilter Configuration
#                              
CONFIG_NF_CONNTRACK_IPV6=m     
CONFIG_IP6_NF_QUEUE=m          
CONFIG_IP6_NF_IPTABLES=m       
CONFIG_IP6_NF_MATCH_RT=m       
CONFIG_IP6_NF_MATCH_OPTS=m     
CONFIG_IP6_NF_MATCH_FRAG=m     
CONFIG_IP6_NF_MATCH_HL=m       
CONFIG_IP6_NF_MATCH_IPV6HEADER=m
CONFIG_IP6_NF_MATCH_AH=m        
CONFIG_IP6_NF_MATCH_MH=m        
CONFIG_IP6_NF_MATCH_EUI64=m     
CONFIG_IP6_NF_FILTER=m          
CONFIG_IP6_NF_TARGET_LOG=m      
CONFIG_IP6_NF_TARGET_REJECT=m   
CONFIG_IP6_NF_MANGLE=m          
CONFIG_IP6_NF_TARGET_HL=m       
CONFIG_IP6_NF_RAW=m             
#
# Bridge: Netfilter Configuration
#                                
CONFIG_BRIDGE_NF_EBTABLES=m      
CONFIG_BRIDGE_EBT_BROUTE=m       
CONFIG_BRIDGE_EBT_T_FILTER=m     
CONFIG_BRIDGE_EBT_T_NAT=m        
CONFIG_BRIDGE_EBT_802_3=m        
CONFIG_BRIDGE_EBT_AMONG=m        
CONFIG_BRIDGE_EBT_ARP=m          
CONFIG_BRIDGE_EBT_IP=m           
CONFIG_BRIDGE_EBT_IP6=m          
CONFIG_BRIDGE_EBT_LIMIT=m        
CONFIG_BRIDGE_EBT_MARK=m         
CONFIG_BRIDGE_EBT_PKTTYPE=m      
CONFIG_BRIDGE_EBT_STP=m          
CONFIG_BRIDGE_EBT_VLAN=m         
CONFIG_BRIDGE_EBT_ARPREPLY=m     
CONFIG_BRIDGE_EBT_DNAT=m         
CONFIG_BRIDGE_EBT_MARK_T=m       
CONFIG_BRIDGE_EBT_REDIRECT=m     
CONFIG_BRIDGE_EBT_SNAT=m         
CONFIG_BRIDGE_EBT_LOG=m          
CONFIG_BRIDGE_EBT_ULOG=m         
CONFIG_BRIDGE_EBT_NFLOG=m        
# CONFIG_IP_DCCP is not set      
CONFIG_IP_SCTP=m                 
# CONFIG_SCTP_DBG_MSG is not set 
# CONFIG_SCTP_DBG_OBJCNT is not set
# CONFIG_SCTP_HMAC_NONE is not set 
# CONFIG_SCTP_HMAC_SHA1 is not set 
CONFIG_SCTP_HMAC_MD5=y             
# CONFIG_TIPC is not set           
CONFIG_ATM=m                       
CONFIG_ATM_CLIP=m                  
# CONFIG_ATM_CLIP_NO_ICMP is not set
CONFIG_ATM_LANE=m                   
CONFIG_ATM_MPOA=m                   
CONFIG_ATM_BR2684=m                 
# CONFIG_ATM_BR2684_IPFILTER is not set
CONFIG_STP=m                           
CONFIG_GARP=m                          
CONFIG_BRIDGE=m                        
CONFIG_VLAN_8021Q=m                    
CONFIG_VLAN_8021Q_GVRP=y               
# CONFIG_DECNET is not set             
CONFIG_LLC=m                           
CONFIG_LLC2=m                          
# CONFIG_IPX is not set                
# CONFIG_ATALK is not set              
# CONFIG_X25 is not set                
# CONFIG_LAPB is not set               
# CONFIG_ECONET is not set             
CONFIG_WAN_ROUTER=m                    
CONFIG_NET_SCHED=y                     
#
# Queueing/Scheduling
#                    
CONFIG_NET_SCH_CBQ=m 
CONFIG_NET_SCH_HTB=m 
CONFIG_NET_SCH_HFSC=m
CONFIG_NET_SCH_ATM=m 
CONFIG_NET_SCH_PRIO=m
CONFIG_NET_SCH_RED=m 
CONFIG_NET_SCH_SFQ=m 
CONFIG_NET_SCH_TEQL=m
CONFIG_NET_SCH_TBF=m 
CONFIG_NET_SCH_GRED=m
CONFIG_NET_SCH_DSMARK=m
CONFIG_NET_SCH_NETEM=m 
CONFIG_NET_SCH_INGRESS=m
#
# Classification
#               
CONFIG_NET_CLS=y
CONFIG_NET_CLS_BASIC=m
CONFIG_NET_CLS_TCINDEX=m
CONFIG_NET_CLS_ROUTE4=m 
CONFIG_NET_CLS_ROUTE=y  
CONFIG_NET_CLS_FW=m     
CONFIG_NET_CLS_U32=m    
# CONFIG_CLS_U32_PERF is not set
CONFIG_CLS_U32_MARK=y           
CONFIG_NET_CLS_RSVP=m           
CONFIG_NET_CLS_RSVP6=m          
CONFIG_NET_CLS_FLOW=m           
CONFIG_NET_EMATCH=y             
CONFIG_NET_EMATCH_STACK=32      
CONFIG_NET_EMATCH_CMP=m         
CONFIG_NET_EMATCH_NBYTE=m       
CONFIG_NET_EMATCH_U32=m         
CONFIG_NET_EMATCH_META=m        
CONFIG_NET_EMATCH_TEXT=m        
CONFIG_NET_CLS_ACT=y            
CONFIG_NET_ACT_POLICE=m         
CONFIG_NET_ACT_GACT=m           
CONFIG_GACT_PROB=y              
CONFIG_NET_ACT_MIRRED=m         
CONFIG_NET_ACT_IPT=m            
CONFIG_NET_ACT_NAT=m            
CONFIG_NET_ACT_PEDIT=m          
CONFIG_NET_ACT_SIMP=m           
CONFIG_NET_CLS_IND=y            
CONFIG_NET_SCH_FIFO=y           
#
# Network testing
#                
CONFIG_NET_PKTGEN=m
# CONFIG_HAMRADIO is not set
# CONFIG_CAN is not set     
# CONFIG_IRDA is not set    
CONFIG_BT=m                 
CONFIG_BT_L2CAP=m           
CONFIG_BT_SCO=m             
CONFIG_BT_RFCOMM=m          
CONFIG_BT_RFCOMM_TTY=y      
CONFIG_BT_BNEP=m            
CONFIG_BT_BNEP_MC_FILTER=y  
CONFIG_BT_BNEP_PROTO_FILTER=y
CONFIG_BT_HIDP=m             
#
# Bluetooth device drivers
#                         
CONFIG_BT_HCIBTUSB=m      
CONFIG_BT_HCIBTSDIO=m     
CONFIG_BT_HCIUART=m       
CONFIG_BT_HCIUART_H4=y    
CONFIG_BT_HCIUART_BCSP=y  
CONFIG_BT_HCIUART_LL=y    
CONFIG_BT_HCIBCM203X=m    
CONFIG_BT_HCIBPA10X=m     
CONFIG_BT_HCIBFUSB=m      
CONFIG_BT_HCIDTL1=m       
CONFIG_BT_HCIBT3C=m       
CONFIG_BT_HCIBLUECARD=m   
CONFIG_BT_HCIBTUART=m     
CONFIG_BT_HCIVHCI=m       
# CONFIG_AF_RXRPC is not set
CONFIG_FIB_RULES=y          
#
# Wireless
#         
CONFIG_CFG80211=m
CONFIG_NL80211=y 
CONFIG_WIRELESS_EXT=y
CONFIG_WIRELESS_EXT_SYSFS=y
CONFIG_MAC80211=m          
#
# Rate control algorithm selection
#                                 
CONFIG_MAC80211_RC_PID=y          
CONFIG_MAC80211_RC_DEFAULT_PID=y  
CONFIG_MAC80211_RC_DEFAULT="pid"  
CONFIG_MAC80211_MESH=y            
CONFIG_MAC80211_LEDS=y            
# CONFIG_MAC80211_DEBUGFS is not set
# CONFIG_MAC80211_DEBUG_MENU is not set
# CONFIG_IEEE80211 is not set          
CONFIG_RFKILL=m                        
CONFIG_RFKILL_INPUT=m                  
CONFIG_RFKILL_LEDS=y                   
# CONFIG_NET_9P is not set             
#
# Device Drivers
#               
#
# Generic Driver Options
#                       
CONFIG_UEVENT_HELPER_PATH="/sbin/hotplug"
CONFIG_STANDALONE=y                      
CONFIG_PREVENT_FIRMWARE_BUILD=y          
CONFIG_FW_LOADER=y                       
# CONFIG_FIRMWARE_IN_KERNEL is not set   
CONFIG_EXTRA_FIRMWARE=""                 
# CONFIG_DEBUG_DRIVER is not set         
# CONFIG_DEBUG_DEVRES is not set         
# CONFIG_SYS_HYPERVISOR is not set       
CONFIG_CONNECTOR=m                       
# CONFIG_MTD is not set                  
CONFIG_PARPORT=m                         
CONFIG_PARPORT_PC=m                      
CONFIG_PARPORT_SERIAL=m                  
CONFIG_PARPORT_PC_FIFO=y                 
# CONFIG_PARPORT_PC_SUPERIO is not set   
CONFIG_PARPORT_PC_PCMCIA=m               
# CONFIG_PARPORT_GSC is not set          
# CONFIG_PARPORT_AX88796 is not set      
CONFIG_PARPORT_1284=y                    
CONFIG_PARPORT_NOT_PC=y                  
CONFIG_PNP=y                             
# CONFIG_PNP_DEBUG is not set            
#
# Protocols
#          
CONFIG_PNPACPI=y
CONFIG_BLK_DEV=y
# CONFIG_BLK_DEV_FD is not set
# CONFIG_PARIDE is not set    
# CONFIG_BLK_CPQ_DA is not set
# CONFIG_BLK_CPQ_CISS_DA is not set
# CONFIG_BLK_DEV_DAC960 is not set 
# CONFIG_BLK_DEV_UMEM is not set   
# CONFIG_BLK_DEV_COW_COMMON is not set
CONFIG_BLK_DEV_LOOP=m                 
CONFIG_BLK_DEV_CRYPTOLOOP=m           
CONFIG_BLK_DEV_NBD=m                  
# CONFIG_BLK_DEV_SX8 is not set       
# CONFIG_BLK_DEV_UB is not set        
CONFIG_BLK_DEV_RAM=y                  
CONFIG_BLK_DEV_RAM_COUNT=16           
CONFIG_BLK_DEV_RAM_SIZE=65536         
# CONFIG_BLK_DEV_XIP is not set       
CONFIG_CDROM_PKTCDVD=m                
CONFIG_CDROM_PKTCDVD_BUFFERS=8        
# CONFIG_CDROM_PKTCDVD_WCACHE is not set
CONFIG_ATA_OVER_ETH=m                   
CONFIG_VIRTIO_BLK=m                     
# CONFIG_BLK_DEV_HD is not set          
CONFIG_MISC_DEVICES=y                   
# CONFIG_IBM_ASM is not set             
# CONFIG_PHANTOM is not set             
CONFIG_EEPROM_93CX6=m                   
# CONFIG_SGI_IOC4 is not set            
CONFIG_TIFM_CORE=m                      
CONFIG_TIFM_7XX1=m                      
# CONFIG_ACER_WMI is not set            
# CONFIG_ASUS_LAPTOP is not set         
# CONFIG_FUJITSU_LAPTOP is not set      
CONFIG_HP_WMI=m                         
# CONFIG_MSI_LAPTOP is not set          
# CONFIG_COMPAL_LAPTOP is not set       
# CONFIG_SONY_LAPTOP is not set         
# CONFIG_THINKPAD_ACPI is not set       
# CONFIG_INTEL_MENLOW is not set        
# CONFIG_EEEPC_LAPTOP is not set        
CONFIG_ENCLOSURE_SERVICES=m             
# CONFIG_SGI_XP is not set              
# CONFIG_HP_ILO is not set              
# CONFIG_SGI_GRU is not set             
CONFIG_HAVE_IDE=y                       
# CONFIG_IDE is not set                 
#
# SCSI device support
#                    
CONFIG_RAID_ATTRS=m  
CONFIG_SCSI=m        
CONFIG_SCSI_DMA=y    
CONFIG_SCSI_TGT=m    
# CONFIG_SCSI_NETLINK is not set
CONFIG_SCSI_PROC_FS=y           
#
# SCSI support type (disk, tape, CD-ROM)
#                                       
CONFIG_BLK_DEV_SD=m                     
CONFIG_CHR_DEV_ST=m                     
# CONFIG_CHR_DEV_OSST is not set        
CONFIG_BLK_DEV_SR=m                     
# CONFIG_BLK_DEV_SR_VENDOR is not set   
CONFIG_CHR_DEV_SG=m                     
CONFIG_CHR_DEV_SCH=m                    
# CONFIG_SCSI_ENCLOSURE is not set      
#
# Some SCSI devices (e.g. CD jukebox) support multiple LUNs
#                                                          
CONFIG_SCSI_MULTI_LUN=y                                    
CONFIG_SCSI_CONSTANTS=y                                    
CONFIG_SCSI_LOGGING=y                                      
CONFIG_SCSI_SCAN_ASYNC=y                                   
CONFIG_SCSI_WAIT_SCAN=m                                    
#
# SCSI Transports
#                
# CONFIG_SCSI_SPI_ATTRS is not set
# CONFIG_SCSI_FC_ATTRS is not set 
CONFIG_SCSI_ISCSI_ATTRS=m         
# CONFIG_SCSI_SAS_ATTRS is not set
# CONFIG_SCSI_SAS_LIBSAS is not set
# CONFIG_SCSI_SRP_ATTRS is not set 
CONFIG_SCSI_LOWLEVEL=y             
CONFIG_ISCSI_TCP=m                 
# CONFIG_BLK_DEV_3W_XXXX_RAID is not set
# CONFIG_SCSI_3W_9XXX is not set        
# CONFIG_SCSI_ACARD is not set          
# CONFIG_SCSI_AACRAID is not set        
# CONFIG_SCSI_AIC7XXX is not set        
# CONFIG_SCSI_AIC7XXX_OLD is not set    
# CONFIG_SCSI_AIC79XX is not set        
# CONFIG_SCSI_AIC94XX is not set        
# CONFIG_SCSI_DPT_I2O is not set        
# CONFIG_SCSI_ADVANSYS is not set       
# CONFIG_SCSI_ARCMSR is not set         
# CONFIG_MEGARAID_NEWGEN is not set     
# CONFIG_MEGARAID_LEGACY is not set     
# CONFIG_MEGARAID_SAS is not set        
# CONFIG_SCSI_HPTIOP is not set         
# CONFIG_SCSI_BUSLOGIC is not set       
# CONFIG_SCSI_DMX3191D is not set       
# CONFIG_SCSI_EATA is not set           
# CONFIG_SCSI_FUTURE_DOMAIN is not set  
# CONFIG_SCSI_GDTH is not set           
# CONFIG_SCSI_IPS is not set            
# CONFIG_SCSI_INITIO is not set         
# CONFIG_SCSI_INIA100 is not set        
# CONFIG_SCSI_PPA is not set            
# CONFIG_SCSI_IMM is not set            
# CONFIG_SCSI_MVSAS is not set          
# CONFIG_SCSI_STEX is not set           
# CONFIG_SCSI_SYM53C8XX_2 is not set    
# CONFIG_SCSI_IPR is not set            
# CONFIG_SCSI_QLOGIC_1280 is not set    
# CONFIG_SCSI_QLA_FC is not set         
# CONFIG_SCSI_QLA_ISCSI is not set      
# CONFIG_SCSI_LPFC is not set           
# CONFIG_SCSI_DC395x is not set         
# CONFIG_SCSI_DC390T is not set         
# CONFIG_SCSI_DEBUG is not set          
CONFIG_SCSI_SRP=m                       
CONFIG_SCSI_LOWLEVEL_PCMCIA=y           
# CONFIG_PCMCIA_FDOMAIN is not set      
# CONFIG_PCMCIA_QLOGIC is not set       
# CONFIG_PCMCIA_SYM53C500 is not set    
# CONFIG_SCSI_DH is not set             
CONFIG_ATA=m                            
# CONFIG_ATA_NONSTANDARD is not set     
CONFIG_ATA_ACPI=y                       
# CONFIG_SATA_PMP is not set            
CONFIG_SATA_AHCI=m                      
# CONFIG_SATA_SIL24 is not set          
CONFIG_ATA_SFF=y                        
# CONFIG_SATA_SVW is not set            
CONFIG_ATA_PIIX=m                       
# CONFIG_SATA_MV is not set             
# CONFIG_SATA_NV is not set             
# CONFIG_PDC_ADMA is not set            
# CONFIG_SATA_QSTOR is not set          
# CONFIG_SATA_PROMISE is not set        
# CONFIG_SATA_SX4 is not set            
# CONFIG_SATA_SIL is not set            
# CONFIG_SATA_SIS is not set            
# CONFIG_SATA_ULI is not set            
# CONFIG_SATA_VIA is not set            
# CONFIG_SATA_VITESSE is not set        
# CONFIG_SATA_INIC162X is not set       
# CONFIG_PATA_ACPI is not set           
# CONFIG_PATA_ALI is not set            
# CONFIG_PATA_AMD is not set            
# CONFIG_PATA_ARTOP is not set          
# CONFIG_PATA_ATIIXP is not set         
# CONFIG_PATA_CMD640_PCI is not set     
# CONFIG_PATA_CMD64X is not set         
# CONFIG_PATA_CS5520 is not set         
# CONFIG_PATA_CS5530 is not set         
# CONFIG_PATA_CYPRESS is not set        
# CONFIG_PATA_EFAR is not set           
# CONFIG_ATA_GENERIC is not set         
# CONFIG_PATA_HPT366 is not set         
# CONFIG_PATA_HPT37X is not set         
# CONFIG_PATA_HPT3X2N is not set        
# CONFIG_PATA_HPT3X3 is not set         
# CONFIG_PATA_IT821X is not set         
# CONFIG_PATA_IT8213 is not set         
# CONFIG_PATA_JMICRON is not set        
# CONFIG_PATA_TRIFLEX is not set        
# CONFIG_PATA_MARVELL is not set        
# CONFIG_PATA_MPIIX is not set          
# CONFIG_PATA_OLDPIIX is not set        
# CONFIG_PATA_NETCELL is not set        
# CONFIG_PATA_NINJA32 is not set        
# CONFIG_PATA_NS87410 is not set        
# CONFIG_PATA_NS87415 is not set        
# CONFIG_PATA_OPTI is not set           
# CONFIG_PATA_OPTIDMA is not set        
# CONFIG_PATA_PCMCIA is not set         
# CONFIG_PATA_PDC_OLD is not set        
# CONFIG_PATA_RADISYS is not set        
# CONFIG_PATA_RZ1000 is not set         
# CONFIG_PATA_SC1200 is not set         
# CONFIG_PATA_SERVERWORKS is not set    
# CONFIG_PATA_PDC2027X is not set       
# CONFIG_PATA_SIL680 is not set         
# CONFIG_PATA_SIS is not set            
# CONFIG_PATA_VIA is not set            
# CONFIG_PATA_WINBOND is not set        
# CONFIG_PATA_SCH is not set            
CONFIG_MD=y                             
CONFIG_BLK_DEV_MD=m                     
CONFIG_MD_LINEAR=m                      
CONFIG_MD_RAID0=m                       
CONFIG_MD_RAID1=m                       
CONFIG_MD_RAID10=m                      
CONFIG_MD_RAID456=m                     
CONFIG_MD_RAID5_RESHAPE=y               
CONFIG_MD_MULTIPATH=m                   
CONFIG_MD_FAULTY=m                      
CONFIG_BLK_DEV_DM=m                     
# CONFIG_DM_DEBUG is not set            
CONFIG_DM_CRYPT=m                       
CONFIG_DM_SNAPSHOT=m                    
CONFIG_DM_MIRROR=m                      
CONFIG_DM_ZERO=m                        
CONFIG_DM_MULTIPATH=m                   
# CONFIG_DM_DELAY is not set            
CONFIG_DM_UEVENT=y                      
# CONFIG_FUSION is not set              
#
# IEEE 1394 (FireWire) support
#                             
#
# Enable only one of the two stacks, unless you know what you are doing
#                                                                      
# CONFIG_FIREWIRE is not set                                           
CONFIG_IEEE1394=m                                                      
CONFIG_IEEE1394_OHCI1394=m                                             
CONFIG_IEEE1394_PCILYNX=m                                              
CONFIG_IEEE1394_SBP2=m                                                 
# CONFIG_IEEE1394_SBP2_PHYS_DMA is not set                             
CONFIG_IEEE1394_ETH1394_ROM_ENTRY=y                                    
CONFIG_IEEE1394_ETH1394=m                                              
CONFIG_IEEE1394_RAWIO=m                                                
CONFIG_IEEE1394_VIDEO1394=m                                            
CONFIG_IEEE1394_DV1394=m                                               
# CONFIG_IEEE1394_VERBOSEDEBUG is not set                              
# CONFIG_I2O is not set                                                
# CONFIG_MACINTOSH_DRIVERS is not set                                  
CONFIG_NETDEVICES=y                                                    
CONFIG_IFB=m                                                           
CONFIG_DUMMY=m                                                         
CONFIG_BONDING=m                                                       
CONFIG_MACVLAN=m                                                       
CONFIG_EQUALIZER=m                                                     
CONFIG_TUN=m                                                           
CONFIG_VETH=m                                                          
# CONFIG_NET_SB1000 is not set                                         
# CONFIG_ARCNET is not set                                             
# CONFIG_NET_ETHERNET is not set                                       
CONFIG_MII=m                                                           
CONFIG_NETDEV_1000=y                                                   
# CONFIG_ACENIC is not set                                             
# CONFIG_DL2K is not set                                               
# CONFIG_E1000 is not set                                              
CONFIG_E1000E=m                                                        
# CONFIG_IP1000 is not set                                             
# CONFIG_IGB is not set                                                
# CONFIG_NS83820 is not set                                            
# CONFIG_HAMACHI is not set                                            
# CONFIG_YELLOWFIN is not set                                          
# CONFIG_R8169 is not set                                              
# CONFIG_SIS190 is not set                                             
# CONFIG_SKGE is not set                                               
# CONFIG_SKY2 is not set                                               
# CONFIG_VIA_VELOCITY is not set                                       
# CONFIG_TIGON3 is not set                                             
# CONFIG_BNX2 is not set                                               
# CONFIG_QLA3XXX is not set                                            
# CONFIG_ATL1 is not set                                               
# CONFIG_ATL1E is not set                                              
# CONFIG_NETDEV_10000 is not set                                       
# CONFIG_TR is not set                                                 
#
# Wireless LAN
#             
# CONFIG_WLAN_PRE80211 is not set
CONFIG_WLAN_80211=y              
# CONFIG_PCMCIA_RAYCS is not set 
# CONFIG_IPW2100 is not set      
# CONFIG_IPW2200 is not set      
# CONFIG_LIBERTAS is not set     
# CONFIG_AIRO is not set         
# CONFIG_HERMES is not set       
# CONFIG_ATMEL is not set        
# CONFIG_AIRO_CS is not set      
# CONFIG_PCMCIA_WL3501 is not set
# CONFIG_PRISM54 is not set      
# CONFIG_USB_ZD1201 is not set   
# CONFIG_USB_NET_RNDIS_WLAN is not set
# CONFIG_RTL8180 is not set           
# CONFIG_RTL8187 is not set           
# CONFIG_ADM8211 is not set           
CONFIG_MAC80211_HWSIM=m               
# CONFIG_P54_COMMON is not set        
# CONFIG_ATH5K is not set             
# CONFIG_ATH9K is not set             
CONFIG_IWLWIFI=m                      
CONFIG_IWLCORE=m                      
CONFIG_IWLWIFI_LEDS=y                 
CONFIG_IWLWIFI_RFKILL=y               
# CONFIG_IWLWIFI_DEBUG is not set     
CONFIG_IWLAGN=m                       
CONFIG_IWLAGN_SPECTRUM_MEASUREMENT=y  
CONFIG_IWLAGN_LEDS=y                  
CONFIG_IWL4965=y                      
# CONFIG_IWL5000 is not set           
# CONFIG_IWL3945 is not set           
# CONFIG_HOSTAP is not set            
# CONFIG_B43 is not set               
# CONFIG_B43LEGACY is not set         
# CONFIG_ZD1211RW is not set          
# CONFIG_RT2X00 is not set            
#
# USB Network Adapters
#                     
CONFIG_USB_CATC=m     
CONFIG_USB_KAWETH=m   
CONFIG_USB_PEGASUS=m  
CONFIG_USB_RTL8150=m  
CONFIG_USB_USBNET=m   
CONFIG_USB_NET_AX8817X=m
CONFIG_USB_NET_CDCETHER=m
CONFIG_USB_NET_DM9601=m  
CONFIG_USB_NET_GL620A=m  
CONFIG_USB_NET_NET1080=m 
CONFIG_USB_NET_PLUSB=m   
CONFIG_USB_NET_MCS7830=m 
CONFIG_USB_NET_RNDIS_HOST=m
CONFIG_USB_NET_CDC_SUBSET=m
CONFIG_USB_ALI_M5632=y     
CONFIG_USB_AN2720=y        
CONFIG_USB_BELKIN=y        
CONFIG_USB_ARMLINUX=y      
CONFIG_USB_EPSON2888=y     
CONFIG_USB_KC2190=y        
# CONFIG_USB_NET_ZAURUS is not set
CONFIG_USB_HSO=m                  
CONFIG_NET_PCMCIA=y               
# CONFIG_PCMCIA_3C589 is not set  
# CONFIG_PCMCIA_3C574 is not set  
# CONFIG_PCMCIA_FMVJ18X is not set
# CONFIG_PCMCIA_PCNET is not set  
# CONFIG_PCMCIA_NMCLAN is not set 
# CONFIG_PCMCIA_SMC91C92 is not set
# CONFIG_PCMCIA_XIRC2PS is not set 
# CONFIG_PCMCIA_AXNET is not set   
CONFIG_WAN=y                       
# CONFIG_LANMEDIA is not set       
CONFIG_HDLC=m                      
CONFIG_HDLC_RAW=m                  
CONFIG_HDLC_RAW_ETH=m              
CONFIG_HDLC_CISCO=m                
CONFIG_HDLC_FR=m                   
CONFIG_HDLC_PPP=m                  
#
# X.25/LAPB support is disabled
#                              
# CONFIG_PCI200SYN is not set  
# CONFIG_WANXL is not set      
# CONFIG_PC300 is not set      
# CONFIG_PC300TOO is not set   
# CONFIG_FARSYNC is not set    
# CONFIG_DSCC4 is not set      
CONFIG_DLCI=m                  
CONFIG_DLCI_MAX=8              
CONFIG_WAN_ROUTER_DRIVERS=m    
# CONFIG_CYCLADES_SYNC is not set
# CONFIG_SBNI is not set         
CONFIG_ATM_DRIVERS=y             
CONFIG_ATM_DUMMY=m               
CONFIG_ATM_TCP=m                 
# CONFIG_ATM_LANAI is not set    
# CONFIG_ATM_ENI is not set      
# CONFIG_ATM_FIRESTREAM is not set
# CONFIG_ATM_ZATM is not set      
# CONFIG_ATM_IDT77252 is not set  
# CONFIG_ATM_AMBASSADOR is not set
# CONFIG_ATM_HORIZON is not set   
# CONFIG_ATM_IA is not set        
# CONFIG_ATM_FORE200E is not set  
# CONFIG_ATM_HE is not set        
# CONFIG_FDDI is not set          
# CONFIG_HIPPI is not set         
CONFIG_PLIP=m                     
CONFIG_PPP=m                      
CONFIG_PPP_MULTILINK=y            
CONFIG_PPP_FILTER=y               
CONFIG_PPP_ASYNC=m                
CONFIG_PPP_SYNC_TTY=m             
CONFIG_PPP_DEFLATE=m              
CONFIG_PPP_BSDCOMP=m              
CONFIG_PPP_MPPE=m                 
CONFIG_PPPOE=m                    
CONFIG_PPPOATM=m                  
CONFIG_PPPOL2TP=m                 
# CONFIG_SLIP is not set          
CONFIG_SLHC=m                     
# CONFIG_NET_FC is not set        
CONFIG_NETCONSOLE=m               
CONFIG_NETCONSOLE_DYNAMIC=y       
CONFIG_NETPOLL=y                  
# CONFIG_NETPOLL_TRAP is not set  
CONFIG_NET_POLL_CONTROLLER=y      
CONFIG_VIRTIO_NET=m               
# CONFIG_ISDN is not set          
# CONFIG_PHONE is not set         
#
# Input device support
#                     
CONFIG_INPUT=y        
CONFIG_INPUT_FF_MEMLESS=m
CONFIG_INPUT_POLLDEV=m   
#
# Userland interfaces
#                    
CONFIG_INPUT_MOUSEDEV=y
CONFIG_INPUT_MOUSEDEV_PSAUX=y
CONFIG_INPUT_MOUSEDEV_SCREEN_X=1024
CONFIG_INPUT_MOUSEDEV_SCREEN_Y=768 
CONFIG_INPUT_JOYDEV=m              
CONFIG_INPUT_EVDEV=m               
CONFIG_INPUT_EVBUG=m               
#
# Input Device Drivers
#                     
CONFIG_INPUT_KEYBOARD=y
CONFIG_KEYBOARD_ATKBD=y
CONFIG_KEYBOARD_SUNKBD=m
CONFIG_KEYBOARD_LKKBD=m 
CONFIG_KEYBOARD_XTKBD=m 
CONFIG_KEYBOARD_NEWTON=m
CONFIG_KEYBOARD_STOWAWAY=m
CONFIG_KEYBOARD_GPIO=m    
CONFIG_INPUT_MOUSE=y      
CONFIG_MOUSE_PS2=m        
CONFIG_MOUSE_PS2_ALPS=y   
CONFIG_MOUSE_PS2_LOGIPS2PP=y
CONFIG_MOUSE_PS2_SYNAPTICS=y
CONFIG_MOUSE_PS2_LIFEBOOK=y 
CONFIG_MOUSE_PS2_TRACKPOINT=y
# CONFIG_MOUSE_PS2_TOUCHKIT is not set
CONFIG_MOUSE_SERIAL=m                 
CONFIG_MOUSE_APPLETOUCH=m             
# CONFIG_MOUSE_BCM5974 is not set     
CONFIG_MOUSE_VSXXXAA=m                
CONFIG_MOUSE_GPIO=m                   
# CONFIG_INPUT_JOYSTICK is not set    
CONFIG_INPUT_TABLET=y                 
