Date: Thu, 15 Jan 2009 16:05:21 +0200
From: Ionut Leonte <>
Subject: Re: b44 - swapper: page allocation failure
Sender: linux-kernel-owner@vger.kernel.org
Precedence: bulk
List-ID: <linux-kernel.vger.kernel.org>
X-Mailing-List: linux-kernel@vger.kernel.org
X-Lkml-Link: https://lkml.org/lkml/2009/1/15/278

On Thursday 15 January 2009 13:15:37 you wrote:
> You missed the all important order line before the stack trace.
> If it's order 0, then you're just out of memory, if it's greater
> than order 0, then either you're using jumbo frames or b44 is
> broken.
This is the test I've done: boot the system with 2.6.28 (config is copied from 
2.6.27 which works ok); from another system attempt to scp a 45MB file to 
this system; the scp stalls (and finally fails) at around 60%. This is 100% 
reproducible in this way. Attached is the full dmesg output and the config.
The output of 'free' during all this:
             total       used       free     shared    buffers     cached
Mem:       3083944     114304    2969640          0       4160      61096
-/+ buffers/cache:      49048    3034896
Swap:      2104472          0    2104472
BIOS EBDA/lowmem at: 0009f000/0009f000
Linux version 2.6.28-gentoo (root@ileonte-l) (gcc version 4.3.2 (Gentoo 4.3.2-r2 p1.5, pie-10.1.5) ) #1 SMP PREEMPT Wed Jan 14 02:47:24 EET 2009
Command line: root=/dev/sda4 vga=0x31B
KERNEL supported cpus:
  Intel GenuineIntel
  AMD AuthenticAMD
  Centaur CentaurHauls
BIOS-provided physical RAM map:
 BIOS-e820: 0000000000000000 - 000000000009f000 (usable)
 BIOS-e820: 000000000009f000 - 00000000000a0000 (reserved)
 BIOS-e820: 0000000000100000 - 00000000bfe6d800 (usable)
 BIOS-e820: 00000000bfe6d800 - 00000000c0000000 (reserved)
 BIOS-e820: 00000000f4000000 - 00000000f8000000 (reserved)
 BIOS-e820: 00000000fec00000 - 00000000fec10000 (reserved)
 BIOS-e820: 00000000fed18000 - 00000000fed1c000 (reserved)
 BIOS-e820: 00000000fed20000 - 00000000fed90000 (reserved)
 BIOS-e820: 00000000feda0000 - 00000000feda6000 (reserved)
 BIOS-e820: 00000000fee00000 - 00000000fee10000 (reserved)
 BIOS-e820: 00000000fff00000 - 0000000100000000 (reserved)
DMI 2.4 present.
last_pfn = 0xbfe6d max_arch_pfn = 0x3ffffffff
x86 PAT enabled: cpu 0, old 0x7040600070406, new 0x7010600070106
init_memory_mapping: 0000000000000000-00000000bfe6d000
 0000000000 - 00bfe00000 page 2M
 00bfe00000 - 00bfe6d000 page 4k
kernel direct mapping tables up to bfe6d000 @ 8000-d000
last_map_addr: bfe6d000 end: bfe6d000
ACPI: RSDP 000FBBF0, 0024 (r2 DELL  )
ACPI: XSDT BFE6F200, 0054 (r1 DELL    M08     27D80203 ASL        61)
ACPI: FACP BFE6F09C, 00F4 (r4 DELL    M08     27D80203 ASL        61)
ACPI: DSDT BFE6F800, 5658 (r2 INT430 SYSFexxx     1001 INTL 20050624)
ACPI: FACS BFE7E000, 0040
ACPI: HPET BFE6F300, 0038 (r1 DELL    M08            1 ASL        61)
ACPI: APIC BFE6F400, 0068 (r1 DELL    M08     27D80203 ASL        47)
ACPI: MCFG BFE6F3C0, 003E (r16 DELL    M08     27D80203 ASL        61)
ACPI: BOOT BFE6EFC0, 0028 (r1 DELL    M08     27D80203 ASL        61)
ACPI: SSDT BFE6D976, 04CC (r1  PmRef    CpuPm     3000 INTL 20050624)
ACPI: Local APIC address 0xfee00000
(5 early reservations) ==> bootmem [0000000000 - 00bfe6d000]
  #0 [0000000000 - 0000001000]   BIOS data page ==> [0000000000 - 0000001000]
  #1 [0000006000 - 0000008000]       TRAMPOLINE ==> [0000006000 - 0000008000]
  #2 [0000200000 - 0000c833f0]    TEXT DATA BSS ==> [0000200000 - 0000c833f0]
  #3 [000009f000 - 0000100000]    BIOS reserved ==> [000009f000 - 0000100000]
  #4 [0000008000 - 000000b000]          PGTABLE ==> [0000008000 - 000000b000]
 [ffffe20000000000-ffffe200029fffff] PMD -> [ffff880001200000-ffff880003bfffff] on node 0
Zone PFN ranges:
  DMA      0x00000000 -> 0x00001000
  DMA32    0x00001000 -> 0x00100000
  Normal   0x00100000 -> 0x00100000
Movable zone start PFN for each node
early_node_map[2] active PFN ranges
    0: 0x00000000 -> 0x0000009f
    0: 0x00000100 -> 0x000bfe6d
On node 0 totalpages: 785932
  DMA zone: 56 pages used for memmap
  DMA zone: 2794 pages reserved
  DMA zone: 1149 pages, LIFO batch:0
  DMA32 zone: 10691 pages used for memmap
  DMA32 zone: 771242 pages, LIFO batch:31
  Normal zone: 0 pages used for memmap
  Movable zone: 0 pages used for memmap
ACPI: PM-Timer IO Port: 0x1008
ACPI: Local APIC address 0xfee00000
ACPI: LAPIC (acpi_id[0x00] lapic_id[0x00] enabled)
ACPI: LAPIC (acpi_id[0x01] lapic_id[0x01] enabled)
ACPI: LAPIC_NMI (acpi_id[0x00] high edge lint[0x1])
ACPI: LAPIC_NMI (acpi_id[0x01] high edge lint[0x1])
ACPI: IOAPIC (id[0x02] address[0xfec00000] gsi_base[0])
IOAPIC[0]: apic_id 2, version 0, address 0xfec00000, GSI 0-23
ACPI: INT_SRC_OVR (bus 0 bus_irq 0 global_irq 2 dfl dfl)
ACPI: INT_SRC_OVR (bus 0 bus_irq 9 global_irq 9 high level)
ACPI: IRQ0 used by override.
ACPI: IRQ2 used by override.
ACPI: IRQ9 used by override.
ACPI: HPET id: 0x8086a201 base: 0xfed00000
SMP: Allowing 2 CPUs, 0 hotplug CPUs
PM: Registered nosave memory: 000000000009f000 - 00000000000a0000
PM: Registered nosave memory: 00000000000a0000 - 0000000000100000
Allocating PCI resources starting at c4000000 (gap: c0000000:34000000)
PERCPU: Allocating 53248 bytes of per cpu data
NR_CPUS: 32, nr_cpu_ids: 2, nr_node_ids 1
Built 1 zonelists in Zone order, mobility grouping on.  Total pages: 772391
Kernel command line: root=/dev/sda4 vga=0x31B
Initializing CPU#0
PID hash table entries: 4096 (order: 12, 32768 bytes)
Extended CMOS year: 2000
Fast TSC calibration using PIT
Detected 2493.785 MHz processor.
Console: colour dummy device 80x25
console [tty0] enabled
Dentry cache hash table entries: 524288 (order: 10, 4194304 bytes)
Inode-cache hash table entries: 262144 (order: 9, 2097152 bytes)
Checking aperture...
No AGP bridge found
Calgary: detecting Calgary via BIOS EBDA area
Calgary: Unable to locate Rio Grande table in EBDA - bailing!
Memory: 3083076k/3144116k available (6456k kernel code, 388k absent, 60228k reserved, 2838k data, 444k init)
hpet clockevent registered
HPET: 3 timers in total, 0 timers will be used for per-cpu timer
Calibrating delay loop (skipped), value calculated using timer frequency.. 4987.57 BogoMIPS (lpj=2493785)
Mount-cache hash table entries: 256
CPU: L1 I cache: 32K, L1 D cache: 32K
CPU: L2 cache: 6144K
CPU: Physical Processor ID: 0
CPU: Processor Core ID: 0
CPU0: Thermal monitoring enabled (TM2)
using mwait in idle threads.
ACPI: Core revision 20080926
Setting APIC routing to flat
..TIMER: vector=0x30 apic1=0 pin1=2 apic2=-1 pin2=-1
CPU0: Intel(R) Core(TM)2 Duo CPU     T9300  @ 2.50GHz stepping 06
Booting processor 1 APIC 0x1 ip 0x6000
Initializing CPU#1
Calibrating delay using timer specific routine.. 4987.23 BogoMIPS (lpj=2493618)
CPU: L1 I cache: 32K, L1 D cache: 32K
CPU: L2 cache: 6144K
CPU: Physical Processor ID: 0
CPU: Processor Core ID: 1
CPU1: Thermal monitoring enabled (TM2)
x86 PAT enabled: cpu 1, old 0x7040600070406, new 0x7010600070106
CPU1: Intel(R) Core(TM)2 Duo CPU     T9300  @ 2.50GHz stepping 06
checking TSC synchronization [CPU#0 -> CPU#1]: passed.
Brought up 2 CPUs
Total of 2 processors activated (9974.80 BogoMIPS).
net_namespace: 1280 bytes
NET: Registered protocol family 16
ACPI: bus type pci registered
PCI: MCFG configuration 0: base f4000000 segment 0 buses 0 - 63
PCI: MCFG area at f4000000 reserved in E820
PCI: Using MMCONFIG at f4000000 - f7ffffff
PCI: Using configuration type 1 for base access
ACPI: EC: Look up EC in DSDT
ACPI: Interpreter enabled
ACPI: (supports S0 S3 S4 S5)
ACPI: Using IOAPIC for interrupt routing
ACPI: No dock devices found.
ACPI: PCI Root Bridge [PCI0] (0000:00)
pci 0000:00:01.0: PME# supported from D0 D3hot D3cold
pci 0000:00:01.0: PME# disabled
pci 0000:00:1a.0: reg 20 io port: [0x6f20-0x6f3f]
pci 0000:00:1a.1: reg 20 io port: [0x6f00-0x6f1f]
pci 0000:00:1a.7: reg 10 32bit mmio: [0xfed1c400-0xfed1c7ff]
pci 0000:00:1a.7: PME# supported from D0 D3hot D3cold
pci 0000:00:1a.7: PME# disabled
pci 0000:00:1b.0: reg 10 64bit mmio: [0xfebfc000-0xfebfffff]
pci 0000:00:1b.0: PME# supported from D0 D3hot D3cold
pci 0000:00:1b.0: PME# disabled
pci 0000:00:1c.0: PME# supported from D0 D3hot D3cold
pci 0000:00:1c.0: PME# disabled
pci 0000:00:1c.1: PME# supported from D0 D3hot D3cold
pci 0000:00:1c.1: PME# disabled
pci 0000:00:1c.3: PME# supported from D0 D3hot D3cold
pci 0000:00:1c.3: PME# disabled
pci 0000:00:1d.0: reg 20 io port: [0x6f80-0x6f9f]
pci 0000:00:1d.1: reg 20 io port: [0x6f60-0x6f7f]
pci 0000:00:1d.2: reg 20 io port: [0x6f40-0x6f5f]
pci 0000:00:1d.7: reg 10 32bit mmio: [0xfed1c000-0xfed1c3ff]
pci 0000:00:1d.7: PME# supported from D0 D3hot D3cold
pci 0000:00:1d.7: PME# disabled
pci 0000:00:1f.0: quirk: region 1000-107f claimed by ICH6 ACPI/GPIO/TCO
pci 0000:00:1f.0: quirk: region 1080-10bf claimed by ICH6 GPIO
pci 0000:00:1f.1: reg 10 io port: [0x1f0-0x1f7]
pci 0000:00:1f.1: reg 14 io port: [0x3f4-0x3f7]
pci 0000:00:1f.1: reg 18 io port: [0x170-0x177]
pci 0000:00:1f.1: reg 1c io port: [0x374-0x377]
pci 0000:00:1f.1: reg 20 io port: [0x6fa0-0x6faf]
pci 0000:00:1f.2: reg 10 io port: [0x6eb0-0x6eb7]
pci 0000:00:1f.2: reg 14 io port: [0x6eb8-0x6ebb]
pci 0000:00:1f.2: reg 18 io port: [0x6ec0-0x6ec7]
pci 0000:00:1f.2: reg 1c io port: [0x6ec8-0x6ecb]
pci 0000:00:1f.2: reg 20 io port: [0x6ee0-0x6eef]
pci 0000:00:1f.2: reg 24 io port: [0xeff0-0xefff]
pci 0000:00:1f.2: PME# supported from D3hot
pci 0000:00:1f.2: PME# disabled
pci 0000:00:1f.3: reg 10 32bit mmio: [0xfebfbf00-0xfebfbfff]
pci 0000:00:1f.3: reg 20 io port: [0x10c0-0x10df]
pci 0000:01:00.0: reg 10 32bit mmio: [0xfd000000-0xfdffffff]
pci 0000:01:00.0: reg 14 64bit mmio: [0xe0000000-0xefffffff]
pci 0000:01:00.0: reg 1c 64bit mmio: [0xfa000000-0xfbffffff]
pci 0000:01:00.0: reg 24 io port: [0xdf00-0xdf7f]
pci 0000:01:00.0: reg 30 32bit mmio: [0xfea00000-0xfea1ffff]
pci 0000:00:01.0: bridge io port: [0xd000-0xdfff]
pci 0000:00:01.0: bridge 32bit mmio: [0xfa000000-0xfeafffff]
pci 0000:00:01.0: bridge 64bit mmio pref: [0xe0000000-0xefffffff]
pci 0000:0c:00.0: reg 10 64bit mmio: [0xf9ffc000-0xf9ffffff]
pci 0000:0c:00.0: reg 18 64bit mmio: [0xf0000000-0xf00fffff]
pci 0000:0c:00.0: supports D1 D2
pci 0000:0c:00.0: PME# supported from D3hot D3cold
pci 0000:0c:00.0: PME# disabled
pci 0000:00:1c.1: bridge 32bit mmio: [0xf9f00000-0xf9ffffff]
pci 0000:00:1c.1: bridge 64bit mmio pref: [0xf0000000-0xf00fffff]
pci 0000:00:1c.3: bridge io port: [0xc000-0xcfff]
pci 0000:00:1c.3: bridge 32bit mmio: [0xf9c00000-0xf9efffff]
pci 0000:00:1c.3: bridge 64bit mmio pref: [0xf0100000-0xf03fffff]
pci 0000:03:00.0: reg 10 32bit mmio: [0xf9bfe000-0xf9bfffff]
pci 0000:03:00.0: supports D1 D2
pci 0000:03:00.0: PME# supported from D0 D1 D2 D3hot D3cold
pci 0000:03:00.0: PME# disabled
pci 0000:03:01.0: reg 10 32bit mmio: [0xf9bfd800-0xf9bfdfff]
pci 0000:03:01.0: supports D1 D2
pci 0000:03:01.0: PME# supported from D0 D1 D2 D3hot D3cold
pci 0000:03:01.0: PME# disabled
pci 0000:03:01.1: reg 10 32bit mmio: [0xf9bfd400-0xf9bfd4ff]
pci 0000:03:01.1: supports D1 D2
pci 0000:03:01.1: PME# supported from D0 D1 D2 D3hot D3cold
pci 0000:03:01.1: PME# disabled
pci 0000:03:01.2: reg 10 32bit mmio: [0xf9bfd500-0xf9bfd5ff]
pci 0000:03:01.2: supports D1 D2
pci 0000:03:01.2: PME# supported from D0 D1 D2 D3hot D3cold
pci 0000:03:01.2: PME# disabled
pci 0000:03:01.3: reg 10 32bit mmio: [0xf9bfd600-0xf9bfd6ff]
pci 0000:03:01.3: supports D1 D2
pci 0000:03:01.3: PME# supported from D0 D1 D2 D3hot D3cold
pci 0000:03:01.3: PME# disabled
pci 0000:03:01.4: reg 10 32bit mmio: [0xf9bfd700-0xf9bfd7ff]
pci 0000:03:01.4: supports D1 D2
pci 0000:03:01.4: PME# supported from D0 D1 D2 D3hot D3cold
pci 0000:03:01.4: PME# disabled
pci 0000:00:1e.0: transparent bridge
pci 0000:00:1e.0: bridge 32bit mmio: [0xf9b00000-0xf9bfffff]
bus 00 -> node 0
ACPI: PCI Interrupt Routing Table [\_SB_.PCI0._PRT]
ACPI: PCI Interrupt Routing Table [\_SB_.PCI0.PCIE._PRT]
ACPI: PCI Interrupt Routing Table [\_SB_.PCI0.AGP_._PRT]
ACPI: PCI Interrupt Routing Table [\_SB_.PCI0.RP01._PRT]
ACPI: PCI Interrupt Routing Table [\_SB_.PCI0.RP02._PRT]
ACPI: PCI Interrupt Routing Table [\_SB_.PCI0.RP04._PRT]
ACPI: PCI Interrupt Link [LNKA] (IRQs 9 10 11) *7
ACPI: PCI Interrupt Link [LNKB] (IRQs 5 7) *10
ACPI: PCI Interrupt Link [LNKC] (IRQs 9 10 11) *4
ACPI: PCI Interrupt Link [LNKD] (IRQs *5 7 9 10 11)
ACPI: PCI Interrupt Link [LNKE] (IRQs 3 4 5 6 7 9 10 *11 12 14 15)
ACPI: PCI Interrupt Link [LNKF] (IRQs 3 4 5 6 7 9 *10 11 12 14 15)
ACPI: PCI Interrupt Link [LNKG] (IRQs 3 4 5 6 7 *9 10 11 12 14 15)
ACPI: PCI Interrupt Link [LNKH] (IRQs 3 4 5 6 7 9 10 11 12 14 15) *0, disabled.
ACPI: WMI: Mapper loaded
SCSI subsystem initialized
libata version 3.00 loaded.
usbcore: registered new interface driver usbfs
usbcore: registered new interface driver hub
usbcore: registered new device driver usb
PCI: Using ACPI for IRQ routing
NET: Registered protocol family 23
Bluetooth: Core ver 2.13
NET: Registered protocol family 31
Bluetooth: HCI device and connection manager initialized
Bluetooth: HCI socket layer initialized
cfg80211: Using static regulatory domain info
cfg80211: Regulatory domain: US
	(start_freq - end_freq @ bandwidth), (max_antenna_gain, max_eirp)
	(2402000 KHz - 2472000 KHz @ 40000 KHz), (600 mBi, 2700 mBm)
	(5170000 KHz - 5190000 KHz @ 40000 KHz), (600 mBi, 2300 mBm)
	(5190000 KHz - 5210000 KHz @ 40000 KHz), (600 mBi, 2300 mBm)
	(5210000 KHz - 5230000 KHz @ 40000 KHz), (600 mBi, 2300 mBm)
	(5230000 KHz - 5330000 KHz @ 40000 KHz), (600 mBi, 2300 mBm)
	(5735000 KHz - 5835000 KHz @ 40000 KHz), (600 mBi, 3000 mBm)
cfg80211: Calling CRDA for country: US
hpet0: at MMIO 0xfed00000, IRQs 2, 8, 0
hpet0: 3 comparators, 64-bit 14.318180 MHz counter
pnp: PnP ACPI init
ACPI: bus type pnp registered
pnp 00:09: io resource (0x1000-0x1005) overlaps 0000:00:1f.0 BAR 7 (0x1000-0x107f), disabling
pnp 00:09: io resource (0x1008-0x100f) overlaps 0000:00:1f.0 BAR 7 (0x1000-0x107f), disabling
pnp 00:0a: io resource (0x1006-0x1007) overlaps 0000:00:1f.0 BAR 7 (0x1000-0x107f), disabling
pnp 00:0a: io resource (0x100a-0x1059) overlaps 0000:00:1f.0 BAR 7 (0x1000-0x107f), disabling
pnp 00:0a: io resource (0x1060-0x107f) overlaps 0000:00:1f.0 BAR 7 (0x1000-0x107f), disabling
pnp 00:0a: io resource (0x1010-0x102f) overlaps 0000:00:1f.0 BAR 7 (0x1000-0x107f), disabling
pnp: PnP ACPI: found 12 devices
ACPI: ACPI bus type pnp unregistered
system 00:05: ioport range 0xc80-0xcff could not be reserved
system 00:08: iomem range 0xfed00000-0xfed003ff has been reserved
system 00:09: ioport range 0x900-0x97f has been reserved
system 00:09: ioport range 0x4d0-0x4d1 has been reserved
system 00:0a: ioport range 0xf400-0xf4fe has been reserved
system 00:0a: ioport range 0x1080-0x10bf has been reserved
system 00:0a: ioport range 0x10c0-0x10df has been reserved
system 00:0a: ioport range 0x809-0x809 has been reserved
system 00:0b: iomem range 0x0-0x9efff could not be reserved
system 00:0b: iomem range 0x9f000-0x9ffff could not be reserved
system 00:0b: iomem range 0xc0000-0xcffff has been reserved
system 00:0b: iomem range 0xe0000-0xfffff has been reserved
system 00:0b: iomem range 0x100000-0xbfe6d7ff could not be reserved
system 00:0b: iomem range 0xbfe6d800-0xbfefffff has been reserved
system 00:0b: iomem range 0xbff00000-0xbfffffff has been reserved
system 00:0b: iomem range 0xbff00000-0xc06fffff could not be reserved
system 00:0b: iomem range 0xfff00000-0xffffffff has been reserved
system 00:0b: iomem range 0xffa00000-0xffafffff has been reserved
system 00:0b: iomem range 0xfec00000-0xfec0ffff has been reserved
system 00:0b: iomem range 0xfee00000-0xfee0ffff has been reserved
system 00:0b: iomem range 0xfed20000-0xfed8ffff has been reserved
system 00:0b: iomem range 0xfeda0000-0xfeda3fff has been reserved
system 00:0b: iomem range 0xfeda4000-0xfeda4fff has been reserved
system 00:0b: iomem range 0xfeda5000-0xfeda5fff has been reserved
system 00:0b: iomem range 0xfeda6000-0xfeda6fff has been reserved
system 00:0b: iomem range 0xfed18000-0xfed1bfff has been reserved
system 00:0b: iomem range 0xf4000000-0xf7ffffff has been reserved
pci 0000:00:01.0: PCI bridge, secondary bus 0000:01
pci 0000:00:01.0:   IO window: 0xd000-0xdfff
pci 0000:00:01.0:   MEM window: 0xfa000000-0xfeafffff
pci 0000:00:01.0:   PREFETCH window: 0x000000e0000000-0x000000efffffff
pci 0000:00:1c.0: PCI bridge, secondary bus 0000:0b
pci 0000:00:1c.0:   IO window: disabled
pci 0000:00:1c.0:   MEM window: disabled
pci 0000:00:1c.0:   PREFETCH window: disabled
pci 0000:00:1c.1: PCI bridge, secondary bus 0000:0c
pci 0000:00:1c.1:   IO window: disabled
pci 0000:00:1c.1:   MEM window: 0xf9f00000-0xf9ffffff
pci 0000:00:1c.1:   PREFETCH window: 0x000000f0000000-0x000000f00fffff
pci 0000:00:1c.3: PCI bridge, secondary bus 0000:0d
pci 0000:00:1c.3:   IO window: 0xc000-0xcfff
pci 0000:00:1c.3:   MEM window: 0xf9c00000-0xf9efffff
pci 0000:00:1c.3:   PREFETCH window: 0x000000f0100000-0x000000f03fffff
pci 0000:00:1e.0: PCI bridge, secondary bus 0000:03
pci 0000:00:1e.0:   IO window: disabled
pci 0000:00:1e.0:   MEM window: 0xf9b00000-0xf9bfffff
pci 0000:00:1e.0:   PREFETCH window: disabled
pci 0000:00:01.0: PCI INT A -> GSI 16 (level, low) -> IRQ 16
pci 0000:00:01.0: setting latency timer to 64
pci 0000:00:1c.0: PCI INT A -> GSI 16 (level, low) -> IRQ 16
pci 0000:00:1c.0: setting latency timer to 64
pci 0000:00:1c.1: PCI INT B -> GSI 17 (level, low) -> IRQ 17
pci 0000:00:1c.1: setting latency timer to 64
pci 0000:00:1c.3: PCI INT D -> GSI 19 (level, low) -> IRQ 19
pci 0000:00:1c.3: setting latency timer to 64
pci 0000:00:1e.0: setting latency timer to 64
bus: 00 index 0 io port: [0x00-0xffff]
bus: 00 index 1 mmio: [0x000000-0xffffffffffffffff]
bus: 01 index 0 io port: [0xd000-0xdfff]
bus: 01 index 1 mmio: [0xfa000000-0xfeafffff]
bus: 01 index 2 mmio: [0xe0000000-0xefffffff]
bus: 01 index 3 mmio: [0x0-0x0]
bus: 0b index 0 mmio: [0x0-0x0]
bus: 0b index 1 mmio: [0x0-0x0]
bus: 0b index 2 mmio: [0x0-0x0]
bus: 0b index 3 mmio: [0x0-0x0]
bus: 0c index 0 mmio: [0x0-0x0]
bus: 0c index 1 mmio: [0xf9f00000-0xf9ffffff]
bus: 0c index 2 mmio: [0xf0000000-0xf00fffff]
bus: 0c index 3 mmio: [0x0-0x0]
bus: 0d index 0 io port: [0xc000-0xcfff]
bus: 0d index 1 mmio: [0xf9c00000-0xf9efffff]
bus: 0d index 2 mmio: [0xf0100000-0xf03fffff]
bus: 0d index 3 mmio: [0x0-0x0]
bus: 03 index 0 mmio: [0x0-0x0]
bus: 03 index 1 mmio: [0xf9b00000-0xf9bfffff]
bus: 03 index 2 mmio: [0x0-0x0]
bus: 03 index 3 io port: [0x00-0xffff]
bus: 03 index 4 mmio: [0x000000-0xffffffffffffffff]
NET: Registered protocol family 2
IP route cache hash table entries: 131072 (order: 8, 1048576 bytes)
TCP established hash table entries: 262144 (order: 10, 4194304 bytes)
TCP bind hash table entries: 65536 (order: 8, 1048576 bytes)
TCP: Hash tables configured (established 262144 bind 65536)
TCP reno registered
NET: Registered protocol family 1
Simple Boot Flag at 0x79 set to 0x1
Microcode Update Driver: v2.00 <tigran@aivazian.fsnet.co.uk>, Peter Oruba
HugeTLB registered 2 MB page size, pre-allocated 0 pages
Installing knfsd (copyright (C) 1996 okir@monad.swb.de).
msgmni has been set to 6022
alg: No test for stdrng (krng)
io scheduler noop registered
io scheduler deadline registered
io scheduler cfq registered (default)
pci 0000:01:00.0: Boot video device
pcieport-driver 0000:00:01.0: setting latency timer to 64
pcieport-driver 0000:00:01.0: found MSI capability
pcieport-driver 0000:00:01.0: irq 1279 for MSI/MSI-X
pci_express 0000:00:01.0:pcie00: allocate port service
pci_express 0000:00:01.0:pcie02: allocate port service
pci_express 0000:00:01.0:pcie03: allocate port service
pcieport-driver 0000:00:1c.0: setting latency timer to 64
pcieport-driver 0000:00:1c.0: found MSI capability
pcieport-driver 0000:00:1c.0: irq 1278 for MSI/MSI-X
pci_express 0000:00:1c.0:pcie00: allocate port service
pci_express 0000:00:1c.0:pcie02: allocate port service
pci_express 0000:00:1c.0:pcie03: allocate port service
pcieport-driver 0000:00:1c.1: setting latency timer to 64
pcieport-driver 0000:00:1c.1: found MSI capability
pcieport-driver 0000:00:1c.1: irq 1277 for MSI/MSI-X
pci_express 0000:00:1c.1:pcie00: allocate port service
pci_express 0000:00:1c.1:pcie02: allocate port service
pci_express 0000:00:1c.1:pcie03: allocate port service
pcieport-driver 0000:00:1c.3: setting latency timer to 64
pcieport-driver 0000:00:1c.3: found MSI capability
pcieport-driver 0000:00:1c.3: irq 1276 for MSI/MSI-X
pci_express 0000:00:1c.3:pcie00: allocate port service
pci_express 0000:00:1c.3:pcie02: allocate port service
pci_express 0000:00:1c.3:pcie03: allocate port service
Linux agpgart interface v0.103
vesafb: framebuffer at 0xfb000000, mapped to 0xffffc20004100000, using 10240k, total 14336k
vesafb: mode is 1280x1024x32, linelength=5120, pages=1
vesafb: scrolling: redraw
vesafb: Truecolor: size=8:8:8:8, shift=24:16:8:0
Console: switching to colour frame buffer device 160x64
fb0: VESA VGA frame buffer device
ACPI: AC Adapter [AC] (on-line)
ACPI: Battery Slot [BAT0] (battery present)
input: Lid Switch as /devices/LNXSYSTM:00/device:00/PNP0C0D:00/input/input0
ACPI: Lid Switch [LID]
input: Power Button (CM) as /devices/LNXSYSTM:00/device:00/PNP0C0C:00/input/input1
ACPI: Power Button (CM) [PBTN]
input: Sleep Button (CM) as /devices/LNXSYSTM:00/device:00/PNP0C0E:00/input/input2
ACPI: Sleep Button (CM) [SBTN]
ACPI: SSDT BFE6E4AC, 02C8 (r1  PmRef  Cpu0Ist     3000 INTL 20050624)
ACPI: SSDT BFE6DE42, 05E5 (r1  PmRef  Cpu0Cst     3001 INTL 20050624)
Monitor-Mwait will be used to enter C-1 state
Monitor-Mwait will be used to enter C-2 state
Monitor-Mwait will be used to enter C-3 state
ACPI: CPU0 (power states: C1[C1] C2[C2] C3[C3])
processor ACPI_CPU:00: registered as cooling_device0
ACPI: Processor [CPU0] (supports 8 throttling states)
ACPI: SSDT BFE6E774, 00C4 (r1  PmRef  Cpu1Ist     3000 INTL 20050624)
ACPI: SSDT BFE6E427, 0085 (r1  PmRef  Cpu1Cst     3000 INTL 20050624)
ACPI: CPU1 (power states: C1[C1] C2[C2] C3[C3])
processor ACPI_CPU:01: registered as cooling_device1
ACPI: Processor [CPU1] (supports 8 throttling states)
thermal LNXTHERM:01: registered as thermal_zone0
ACPI: Thermal Zone [THM] (50 C)
Serial: 8250/16550 driver4 ports, IRQ sharing disabled
Floppy drive(s): fd0 is 1.44M
Switched to high resolution mode on CPU 1
Switched to high resolution mode on CPU 0
floppy0: no floppy controllers found
brd: module loaded
loop: module loaded
nbd: registered device at major 43
b44 0000:03:00.0: PCI INT A -> GSI 17 (level, low) -> IRQ 17
ssb: Sonics Silicon Backplane found on PCI device 0000:03:00.0
b44.c:v2.0
eth0: Broadcom 44xx/47xx 10/100BaseT Ethernet 00:1d:09:d0:54:b7
PPP generic driver version 2.4.2
PPP Deflate Compression module registered
PPP BSD Compression module registered
NET: Registered protocol family 24
tun: Universal TUN/TAP device driver, 1.6
tun: (C) 1999-2004 Max Krasnyansky <maxk@qualcomm.com>
usbcore: registered new interface driver irda-usb
USB IrDA support registered
usbcore: registered new interface driver stir4200
usbcore: registered new interface driver mcs7780
usbcore: registered new interface driver kingsun-sir
usbcore: registered new interface driver ksdazzle-sir
usbcore: registered new interface driver ks959-sir
Linux video capture interface: v2.00
usbcore: registered new interface driver dabusb
dabusb: v1.54:DAB-USB Interface Driver for Linux (c)1999
Driver 'sd' needs updating - please use bus_type methods
Driver 'sr' needs updating - please use bus_type methods
ata_piix 0000:00:1f.1: version 2.12
ata_piix 0000:00:1f.1: PCI INT A -> GSI 16 (level, low) -> IRQ 16
ata_piix 0000:00:1f.1: setting latency timer to 64
scsi0 : ata_piix
scsi1 : ata_piix
ata1: PATA max UDMA/100 cmd 0x1f0 ctl 0x3f6 bmdma 0x6fa0 irq 14
ata2: PATA max UDMA/100 cmd 0x170 ctl 0x376 bmdma 0x6fa8 irq 15
ata1.00: ATAPI: PBDS DVD+/-RW DS-8W1P, BD1B, max UDMA/33
ata1.00: configured for UDMA/33
ata2: port disabled. ignoring.
isa bounce pool size: 16 pages
scsi 0:0:0:0: CD-ROM            PBDS     DVD+-RW DS-8W1P  BD1B PQ: 0 ANSI: 5
sr0: scsi3-mmc drive: 24x/24x writer cd/rw xa/form2 cdda tray
Uniform CD-ROM driver Revision: 3.20
sr 0:0:0:0: Attached scsi CD-ROM sr0
sr 0:0:0:0: Attached scsi generic sg0 type 5
ata_piix 0000:00:1f.2: PCI INT B -> GSI 17 (level, low) -> IRQ 17
ata_piix 0000:00:1f.2: MAP [ P0 P2 P1 P3 ]
ata_piix 0000:00:1f.2: setting latency timer to 64
scsi2 : ata_piix
scsi3 : ata_piix
ata3: SATA max UDMA/133 cmd 0x6eb0 ctl 0x6eb8 bmdma 0x6ee0 irq 17
ata4: SATA max UDMA/133 cmd 0x6ec0 ctl 0x6ec8 bmdma 0x6ee8 irq 17
ata3.00: SATA link up 3.0 Gbps (SStatus 123 SControl 300)
ata3.01: SATA link down (SStatus 0 SControl 300)
ata3.00: ATA-8: Hitachi HTS722020K9A300, DC4OCA1H, max UDMA/133
ata3.00: 390721968 sectors, multi 8: LBA48 NCQ (depth 0/32)
ata3.00: configured for UDMA/133
ata4.00: SATA link down (SStatus 0 SControl 300)
ata4.01: SATA link down (SStatus 0 SControl 0)
scsi 2:0:0:0: Direct-Access     ATA      Hitachi HTS72202 DC4O PQ: 0 ANSI: 5
sd 2:0:0:0: [sda] 390721968 512-byte hardware sectors: (200 GB/186 GiB)
sd 2:0:0:0: [sda] Write Protect is off
sd 2:0:0:0: [sda] Mode Sense: 00 3a 00 00
sd 2:0:0:0: [sda] Write cache: enabled, read cache: enabled, doesn't support DPO or FUA
sd 2:0:0:0: [sda] 390721968 512-byte hardware sectors: (200 GB/186 GiB)
sd 2:0:0:0: [sda] Write Protect is off
sd 2:0:0:0: [sda] Mode Sense: 00 3a 00 00
sd 2:0:0:0: [sda] Write cache: enabled, read cache: enabled, doesn't support DPO or FUA
 sda: sda1 sda2 sda3 < sda5 sda6 > sda4
sd 2:0:0:0: [sda] Attached SCSI disk
sd 2:0:0:0: Attached scsi generic sg1 type 0
ohci1394 0000:03:01.0: PCI INT A -> GSI 19 (level, low) -> IRQ 19
ohci1394: fw-host0: OHCI-1394 1.1 (PCI): IRQ=[19]  MMIO=[f9bfd800-f9bfdfff]  Max Packet=[2048]  IR/IT contexts=[4/4]
video1394: Installed video1394 module
ieee1394: raw1394: /dev/raw1394 device initialized
eth1394: eth1: IPv4 over IEEE 1394 (fw-host0)
usbmon: debugfs is not available
ehci_hcd: USB 2.0 'Enhanced' Host Controller (EHCI) Driver
ehci_hcd 0000:00:1a.7: PCI INT C -> GSI 22 (level, low) -> IRQ 22
ehci_hcd 0000:00:1a.7: setting latency timer to 64
ehci_hcd 0000:00:1a.7: EHCI Host Controller
ehci_hcd 0000:00:1a.7: new USB bus registered, assigned bus number 1
ehci_hcd 0000:00:1a.7: debug port 1
ehci_hcd 0000:00:1a.7: cache line size of 32 is not supported
ehci_hcd 0000:00:1a.7: irq 22, io mem 0xfed1c400
ehci_hcd 0000:00:1a.7: USB 2.0 started, EHCI 1.00
usb usb1: configuration #1 chosen from 1 choice
hub 1-0:1.0: USB hub found
hub 1-0:1.0: 4 ports detected
ehci_hcd 0000:00:1d.7: PCI INT A -> GSI 20 (level, low) -> IRQ 20
ehci_hcd 0000:00:1d.7: setting latency timer to 64
ehci_hcd 0000:00:1d.7: EHCI Host Controller
ehci_hcd 0000:00:1d.7: new USB bus registered, assigned bus number 2
ehci_hcd 0000:00:1d.7: debug port 1
ehci_hcd 0000:00:1d.7: cache line size of 32 is not supported
ehci_hcd 0000:00:1d.7: irq 20, io mem 0xfed1c000
ehci_hcd 0000:00:1d.7: USB 2.0 started, EHCI 1.00
usb usb2: configuration #1 chosen from 1 choice
hub 2-0:1.0: USB hub found
hub 2-0:1.0: 6 ports detected
ohci_hcd: USB 1.1 'Open' Host Controller (OHCI) Driver
uhci_hcd: USB Universal Host Controller Interface driver
uhci_hcd 0000:00:1a.0: PCI INT A -> GSI 20 (level, low) -> IRQ 20
uhci_hcd 0000:00:1a.0: setting latency timer to 64
uhci_hcd 0000:00:1a.0: UHCI Host Controller
uhci_hcd 0000:00:1a.0: new USB bus registered, assigned bus number 3
uhci_hcd 0000:00:1a.0: irq 20, io base 0x00006f20
usb usb3: configuration #1 chosen from 1 choice
hub 3-0:1.0: USB hub found
hub 3-0:1.0: 2 ports detected
uhci_hcd 0000:00:1a.1: PCI INT B -> GSI 21 (level, low) -> IRQ 21
uhci_hcd 0000:00:1a.1: setting latency timer to 64
uhci_hcd 0000:00:1a.1: UHCI Host Controller
uhci_hcd 0000:00:1a.1: new USB bus registered, assigned bus number 4
uhci_hcd 0000:00:1a.1: irq 21, io base 0x00006f00
usb usb4: configuration #1 chosen from 1 choice
hub 4-0:1.0: USB hub found
hub 4-0:1.0: 2 ports detected
uhci_hcd 0000:00:1d.0: PCI INT A -> GSI 20 (level, low) -> IRQ 20
uhci_hcd 0000:00:1d.0: setting latency timer to 64
uhci_hcd 0000:00:1d.0: UHCI Host Controller
uhci_hcd 0000:00:1d.0: new USB bus registered, assigned bus number 5
uhci_hcd 0000:00:1d.0: irq 20, io base 0x00006f80
usb usb5: configuration #1 chosen from 1 choice
hub 5-0:1.0: USB hub found
hub 5-0:1.0: 2 ports detected
uhci_hcd 0000:00:1d.1: PCI INT B -> GSI 21 (level, low) -> IRQ 21
uhci_hcd 0000:00:1d.1: setting latency timer to 64
uhci_hcd 0000:00:1d.1: UHCI Host Controller
uhci_hcd 0000:00:1d.1: new USB bus registered, assigned bus number 6
uhci_hcd 0000:00:1d.1: irq 21, io base 0x00006f60
usb usb6: configuration #1 chosen from 1 choice
hub 6-0:1.0: USB hub found
hub 6-0:1.0: 2 ports detected
uhci_hcd 0000:00:1d.2: PCI INT C -> GSI 22 (level, low) -> IRQ 22
uhci_hcd 0000:00:1d.2: setting latency timer to 64
uhci_hcd 0000:00:1d.2: UHCI Host Controller
uhci_hcd 0000:00:1d.2: new USB bus registered, assigned bus number 7
uhci_hcd 0000:00:1d.2: irq 22, io base 0x00006f40
usb usb7: configuration #1 chosen from 1 choice
hub 7-0:1.0: USB hub found
hub 7-0:1.0: 2 ports detected
usbcore: registered new interface driver usblp
Initializing USB Mass Storage driver...
usbcore: registered new interface driver usb-storage
USB Mass Storage support registered.
PNP: PS/2 Controller [PNP0303:KBC,PNP0f13:PS2M] at 0x60,0x64 irq 1,12
serio: i8042 KBD port at 0x60,0x64 irq 1
serio: i8042 AUX port at 0x60,0x64 irq 12
mice: PS/2 mouse device common for all mice
rtc_cmos 00:03: RTC can wake from S4
rtc_cmos 00:03: rtc core: registered rtc_cmos as rtc0
rtc0: alarms up to one month, y3k, 114 bytes nvram, hpet irqs
i2c /dev entries driver
i801_smbus 0000:00:1f.3: PCI INT B -> GSI 17 (level, low) -> IRQ 17
input: AT Translated Set 2 keyboard as /devices/platform/i8042/serio0/input/input3
i2c-parport-light: adapter type unspecified
usbcore: registered new interface driver i2c-tiny-usb
Driver for 1-wire Dallas network protocol.
1-Wire driver for the DS2760 battery monitor  chip  - (c) 2004-2005, Szabolcs Gyurko
usb 2-6: new high speed USB device using ehci_hcd and address 3
device-mapper: ioctl: 4.14.0-ioctl (2008-04-23) initialised: dm-devel@redhat.com
Bluetooth: HCI USB driver ver 2.10
usbcore: registered new interface driver hci_usb
Bluetooth: Virtual HCI driver ver 1.2
Bluetooth: HCI UART driver ver 2.2
ieee1394: Host added: ID:BUS[0-00:1023]  GUID[384fc0001771d470]
Bluetooth: HCI H4 protocol initialized
Bluetooth: HCI BCSP protocol initialized
Bluetooth: HCILL protocol initialized
Bluetooth: Broadcom Blutonium firmware driver ver 1.2
usbcore: registered new interface driver bcm203x
Bluetooth: Digianswer Bluetooth USB driver ver 0.10
usbcore: registered new interface driver bpa10x
Bluetooth: BlueFRITZ! USB driver ver 1.2
usbcore: registered new interface driver bfusb
usb 2-6: configuration #1 chosen from 1 choice
cpuidle: using governor ladder
Marking TSC unstable due to TSC halts in idle
cpuidle: using governor menu
usbcore: registered new interface driver hiddev
usbcore: registered new interface driver usbhid
usbhid: v2.6:USB HID core driver
Advanced Linux Sound Architecture Driver Version 1.0.18rc3.
HDA Intel 0000:00:1b.0: PCI INT A -> GSI 21 (level, low) -> IRQ 21
HDA Intel 0000:00:1b.0: setting latency timer to 64
usbcore: registered new interface driver snd-usb-audio
usbcore: registered new interface driver snd-usb-usx2y
usb 3-2: new full speed USB device using uhci_hcd and address 2
usbcore: registered new interface driver snd-usb-caiaq
ALSA device list:
  #0: HDA Intel at 0xfebfc000 irq 21
oprofile: using NMI interrupt.
GACT probability on
Mirror/redirect action on
Netfilter messages via NETLINK v0.30.
nf_conntrack version 0.5.0 (16384 buckets, 65536 max)
CONFIG_NF_CT_ACCT is deprecated and will be removed soon. Please use
nf_conntrack.acct=1 kernel paramater, acct=1 nf_conntrack module option or
sysctl net.netfilter.nf_conntrack_acct=1 to enable it.
ctnetlink v0.93: registering with nfnetlink.
IPv4 over IPv4 tunneling driver
GRE over IPv4 tunneling driver
ip_tables: (C) 2000-2006 Netfilter Core Team
arp_tables: (C) 2002 David S. Miller
TCP cubic registered
Initializing XFRM netlink socket
NET: Registered protocol family 10
IPv6 over IPv4 tunneling driver
NET: Registered protocol family 17
usb 3-2: configuration #1 chosen from 1 choice
NET: Registered protocol family 15
hub 3-2:1.0: USB hub found
hub 3-2:1.0: 3 ports detected
Bridge firewalling registered
NET: Registered protocol family 4
IrCOMM protocol (Dag Brattli)
Bluetooth: L2CAP ver 2.11
Bluetooth: L2CAP socket layer initialized
Bluetooth: SCO (Voice Link) ver 0.6
Bluetooth: SCO socket layer initialized
Bluetooth: RFCOMM socket layer initialized
Bluetooth: RFCOMM TTY layer initialized
Bluetooth: RFCOMM ver 1.10
Bluetooth: BNEP (Ethernet Emulation) ver 1.3
Bluetooth: BNEP filters: protocol multicast
Bluetooth: HIDP (Human Interface Emulation) ver 1.2
RPC: Registered udp transport module.
RPC: Registered tcp transport module.
802.1Q VLAN Support v1.8 Ben Greear <greearb@candelatech.com>
All bugs added by David S. Miller <davem@redhat.com>
ieee80211: 802.11 data/management/control stack, git-1.1.13
ieee80211: Copyright (C) 2004-2005 Intel Corporation <jketreno@linux.intel.com>
ieee80211_crypt: registered algorithm 'NULL'
ieee80211_crypt: registered algorithm 'WEP'
ieee80211_crypt: registered algorithm 'CCMP'
ieee80211_crypt: registered algorithm 'TKIP'
rtc_cmos 00:03: setting system clock to 2009-01-15 15:30:43 UTC (1232033443)
Synaptics Touchpad, model: 1, fw: 6.3, id: 0x1a0b1, caps: 0xa04793/0x300000
serio: Synaptics pass-through port at isa0060/serio1/input0
usb 5-2: new low speed USB device using uhci_hcd and address 2
input: SynPS/2 Synaptics TouchPad as /devices/platform/i8042/serio1/input/input4
usb 5-2: configuration #1 chosen from 1 choice
input: Dell Premium USB Optical Mouse as /devices/pci0000:00/0000:00:1d.0/usb5/5-2/5-2:1.0/input/input5
Clocksource tsc unstable (delta = -155900184 ns)
generic-usb 0003:413C:3016.0001: input: USB HID v1.11 Mouse [Dell Premium USB Optical Mouse] on usb-0000:00:1d.0-2/input0
kjournald starting.  Commit interval 5 seconds
EXT3-fs: mounted filesystem with ordered data mode.
VFS: Mounted root (ext3 filesystem) readonly.
Freeing unused kernel memory: 444k freed
usb 3-2.1: new full speed USB device using uhci_hcd and address 3
usb 3-2.1: configuration #1 chosen from 1 choice
usb 3-2.2: new full speed USB device using uhci_hcd and address 4
usb 3-2.2: configuration #1 chosen from 1 choice
input: Broadcom Corp as /devices/pci0000:00/0000:00:1a.0/usb3/3-2/3-2.2/3-2.2:1.0/input/input6
generic-usb 0003:0A5C:4502.0002: input: USB HID v1.11 Keyboard [Broadcom Corp] on usb-0000:00:1a.0-2.2/input0
usb 3-2.3: new full speed USB device using uhci_hcd and address 5
usb 3-2.3: configuration #1 chosen from 1 choice
input: Broadcom Corp as /devices/pci0000:00/0000:00:1a.0/usb3/3-2/3-2.3/3-2.3:1.0/input/input7
generic-usb 0003:0A5C:4503.0003: input: USB HID v1.11 Mouse [Broadcom Corp] on usb-0000:00:1a.0-2.3/input0
dcdbas dcdbas: Dell Systems Management Base Driver (version 5.6.0-3.2)
uvcvideo: Found UVC 1.00 device Laptop Integrated Webcam (05a9:2640)
uvcvideo: Failed to query (135) UVC control 1 (unit 0) : -32 (exp. 26).
input: Laptop Integrated Webcam as /devices/pci0000:00/0000:00:1d.7/usb2/2-6/2-6:1.0/input/input8
usbcore: registered new interface driver uvcvideo
USB Video Class driver (v0.1.0)
nvidia: module license 'NVIDIA' taints kernel.
nvidia 0000:01:00.0: PCI INT A -> GSI 16 (level, low) -> IRQ 16
nvidia 0000:01:00.0: setting latency timer to 64
NVRM: loading NVIDIA UNIX x86_64 Kernel Module  177.82  Tue Nov  4 16:50:05 PST 2008
EXT3-fs warning: maximal mount count reached, running e2fsck is recommended
EXT3 FS on sda4, internal journal
ndiswrapper version 1.53 loaded (smp=yes, preempt=yes)
ndiswrapper (link_pe_images:575): fixing KI_USER_SHARED_DATA address in the driver
ndiswrapper: driver bcmwl5 (Broadcom,09/20/2007, 4.170.25.12) loaded
ndiswrapper 0000:0c:00.0: PCI INT A -> GSI 17 (level, low) -> IRQ 17
ndiswrapper 0000:0c:00.0: setting latency timer to 64
ndiswrapper: using IRQ 17
wlan0: ethernet device 00:1f:3a:7e:69:8b using NDIS driver: bcmwl5, version: 0x4aa190c, NDIS version: 0x501, vendor: 'NDIS Network Adapter', 14E4:4328.5.conf
wlan0: encryption modes supported: WEP; TKIP with WPA, WPA2, WPA2PSK; AES/CCMP with WPA, WPA2, WPA2PSK
usbcore: registered new interface driver ndiswrapper
fuse init (API version 7.10)
kjournald starting.  Commit interval 5 seconds
EXT3-fs warning: maximal mount count reached, running e2fsck is recommended
EXT3 FS on sda6, internal journal
EXT3-fs: mounted filesystem with ordered data mode.
Adding 2104472k swap on /dev/sda5.  Priority:-1 extents:1 across:2104472k
hci_cmd_task: hci0 command tx timeout
ADDRCONF(NETDEV_UP): eth0: link is not ready
ADDRCONF(NETDEV_UP): wlan0: link is not ready
b44: eth0: Link is up at 100 Mbps, full duplex.
b44: eth0: Flow control is off for TX and off for RX.
ADDRCONF(NETDEV_CHANGE): eth0: link becomes ready
eth0: no IPv6 routers present
swapper: page allocation failure. order:0, mode:0x21
Pid: 0, comm: swapper Tainted: P           2.6.28-gentoo #1
Call Trace:
 <IRQ>  [<ffffffff802a4e0d>] __alloc_pages_internal+0x3dd/0x4e0
 [<ffffffff802cb273>] cache_alloc_refill+0x313/0x5b0
 [<ffffffff802cb5fb>] __kmalloc+0xeb/0xf0
 [<ffffffff806bb8ed>] __alloc_skb+0x6d/0x150
 [<ffffffff8027ad90>] ktime_get_ts+0x30/0x60
 [<ffffffff806bc457>] __netdev_alloc_skb+0x17/0x40
 [<ffffffff804d6b5d>] b44_alloc_rx_skb+0x17d/0x740
 [<ffffffff804d912d>] b44_poll+0x30d/0x620
 [<ffffffff806bffc3>] net_rx_action+0x83/0x150
 [<ffffffff80265e73>] __do_softirq+0x93/0x160
 [<ffffffff8022c60c>] call_softirq+0x1c/0x30
 [<ffffffff8022dfa5>] do_softirq+0x35/0x70
 [<ffffffff80265b1d>] irq_exit+0x9d/0xb0
 [<ffffffff8022e259>] do_IRQ+0xc9/0x110
 [<ffffffff8022b896>] ret_from_intr+0x0/0xa
 <EOI>  [<ffffffff8062fbe0>] menu_reflect+0x0/0x90
 [<ffffffff804a4029>] acpi_idle_enter_simple+0x1c7/0x237
 [<ffffffff804a401f>] acpi_idle_enter_simple+0x1bd/0x237
 [<ffffffff8062ee6a>] cpuidle_idle_call+0xba/0x120
 [<ffffffff8022a46e>] cpu_idle+0x5e/0xc0
Mem-Info:
DMA per-cpu:
CPU    0: hi:    0, btch:   1 usd:   0
CPU    1: hi:    0, btch:   1 usd:   0
DMA32 per-cpu:
CPU    0: hi:  186, btch:  31 usd:  71
CPU    1: hi:  186, btch:  31 usd:  24
Active_anon:2958 active_file:2836 inactive_anon:0
 inactive_file:10227 unevictable:0 dirty:4336 writeback:0 unstable:0
 free:742841 slab:6276 mapped:1976 pagetables:483 bounce:0
DMA free:12kB min:8kB low:8kB high:12kB active_anon:0kB inactive_anon:0kB active_file:0kB inactive_file:0kB unevictable:0kB present:4596kB pages_scanned:0 all_unreclaimable? no
lowmem_reserve[]: 0 3012 3012 3012
DMA32 free:2971352kB min:7016kB low:8768kB high:10524kB active_anon:11832kB inactive_anon:0kB active_file:11344kB inactive_file:40908kB unevictable:0kB present:3084968kB pages_scanned:0 all_unreclaimable? no
lowmem_reserve[]: 0 0 0 0
DMA: 0*4kB 0*8kB 0*16kB 0*32kB 0*64kB 0*128kB 0*256kB 0*512kB 0*1024kB 0*2048kB 0*4096kB = 0kB
DMA32: 2*4kB 1*8kB 1*16kB 1*32kB 1*64kB 2*128kB 3*256kB 1*512kB 0*1024kB 4*2048kB 723*4096kB = 2971264kB
13134 total pagecache pages
0 pages in swap cache
Swap cache stats: add 0, delete 0, find 0/0
Free swap  = 2104472kB
Total swap = 2104472kB
786029 pages RAM
15043 pages reserved
12741 pages shared
19949 pages non-shared
swapper: page allocation failure. order:0, mode:0x21
Pid: 0, comm: swapper Tainted: P           2.6.28-gentoo #1
Call Trace:
 <IRQ>  [<ffffffff802a4e0d>] __alloc_pages_internal+0x3dd/0x4e0
 [<ffffffff802cb273>] cache_alloc_refill+0x313/0x5b0
 [<ffffffff802cb5fb>] __kmalloc+0xeb/0xf0
 [<ffffffff80620657>] hci_usb_rx_complete+0x67/0x160
 [<ffffffff806bb8ed>] __alloc_skb+0x6d/0x150
 [<ffffffff8027ad90>] ktime_get_ts+0x30/0x60
 [<ffffffff806bc457>] __netdev_alloc_skb+0x17/0x40
 [<ffffffff804d6b5d>] b44_alloc_rx_skb+0x17d/0x740
 [<ffffffff804d912d>] b44_poll+0x30d/0x620
 [<ffffffff806bffc3>] net_rx_action+0x83/0x150
 [<ffffffff80265e73>] __do_softirq+0x93/0x160
 [<ffffffff8022c60c>] call_softirq+0x1c/0x30
 [<ffffffff8022dfa5>] do_softirq+0x35/0x70
 [<ffffffff80265b1d>] irq_exit+0x9d/0xb0
 [<ffffffff8022e259>] do_IRQ+0xc9/0x110
 [<ffffffff8022b896>] ret_from_intr+0x0/0xa
 <EOI>  [<ffffffff804a3de1>] acpi_idle_enter_bm+0x2fb/0x37c
 [<ffffffff804a3dd7>] acpi_idle_enter_bm+0x2f1/0x37c
 [<ffffffff804a4041>] acpi_idle_enter_simple+0x1df/0x237
 [<ffffffff8062ee6a>] cpuidle_idle_call+0xba/0x120
 [<ffffffff8022a46e>] cpu_idle+0x5e/0xc0
Mem-Info:
DMA per-cpu:
CPU    0: hi:    0, btch:   1 usd:   0
CPU    1: hi:    0, btch:   1 usd:   0
DMA32 per-cpu:
CPU    0: hi:  186, btch:  31 usd:  71
CPU    1: hi:  186, btch:  31 usd:  24
Active_anon:2958 active_file:2836 inactive_anon:0
 inactive_file:10227 unevictable:0 dirty:4336 writeback:0 unstable:0
 free:742841 slab:6276 mapped:1976 pagetables:483 bounce:0
DMA free:12kB min:8kB low:8kB high:12kB active_anon:0kB inactive_anon:0kB active_file:0kB inactive_file:0kB unevictable:0kB present:4596kB pages_scanned:0 all_unreclaimable? no
lowmem_reserve[]: 0 3012 3012 3012
DMA32 free:2971352kB min:7016kB low:8768kB high:10524kB active_anon:11832kB inactive_anon:0kB active_file:11344kB inactive_file:40908kB unevictable:0kB present:3084968kB pages_scanned:0 all_unreclaimable? no
lowmem_reserve[]: 0 0 0 0
DMA: 0*4kB 0*8kB 0*16kB 0*32kB 0*64kB 0*128kB 0*256kB 0*512kB 0*1024kB 0*2048kB 0*4096kB = 0kB
DMA32: 2*4kB 1*8kB 1*16kB 1*32kB 1*64kB 2*128kB 3*256kB 1*512kB 0*1024kB 4*2048kB 723*4096kB = 2971264kB
13134 total pagecache pages
0 pages in swap cache
Swap cache stats: add 0, delete 0, find 0/0
Free swap  = 2104472kB
Total swap = 2104472kB
786029 pages RAM
15043 pages reserved
12718 pages shared
19964 pages non-shared
swapper: page allocation failure. order:0, mode:0x21
Pid: 0, comm: swapper Tainted: P           2.6.28-gentoo #1
Call Trace:
 <IRQ>  [<ffffffff802a4e0d>] __alloc_pages_internal+0x3dd/0x4e0
 [<ffffffff8022e259>] do_IRQ+0xc9/0x110
 [<ffffffff802cb273>] cache_alloc_refill+0x313/0x5b0
 [<ffffffff802cb5fb>] __kmalloc+0xeb/0xf0
 [<ffffffff806bb8ed>] __alloc_skb+0x6d/0x150
 [<ffffffff8027ad90>] ktime_get_ts+0x30/0x60
 [<ffffffff806bc457>] __netdev_alloc_skb+0x17/0x40
 [<ffffffff804d6b5d>] b44_alloc_rx_skb+0x17d/0x740
 [<ffffffff804d912d>] b44_poll+0x30d/0x620
 [<ffffffff806bffc3>] net_rx_action+0x83/0x150
 [<ffffffff80265e73>] __do_softirq+0x93/0x160
 [<ffffffff8022c60c>] call_softirq+0x1c/0x30
 [<ffffffff8022dfa5>] do_softirq+0x35/0x70
 [<ffffffff80265b1d>] irq_exit+0x9d/0xb0
 [<ffffffff8022e259>] do_IRQ+0xc9/0x110
 [<ffffffff8022b896>] ret_from_intr+0x0/0xa
 <EOI>  [<ffffffff804a3de1>] acpi_idle_enter_bm+0x2fb/0x37c
 [<ffffffff804a3dd7>] acpi_idle_enter_bm+0x2f1/0x37c
 [<ffffffff804a4041>] acpi_idle_enter_simple+0x1df/0x237
 [<ffffffff8062ee6a>] cpuidle_idle_call+0xba/0x120
 [<ffffffff8022a46e>] cpu_idle+0x5e/0xc0
Mem-Info:
DMA per-cpu:
CPU    0: hi:    0, btch:   1 usd:   0
CPU    1: hi:    0, btch:   1 usd:   0
DMA32 per-cpu:
CPU    0: hi:  186, btch:  31 usd:  71
CPU    1: hi:  186, btch:  31 usd:  50
Active_anon:2958 active_file:2836 inactive_anon:0
 inactive_file:10227 unevictable:0 dirty:4336 writeback:0 unstable:0
 free:742816 slab:6276 mapped:1976 pagetables:483 bounce:0
DMA free:12kB min:8kB low:8kB high:12kB active_anon:0kB inactive_anon:0kB active_file:0kB inactive_file:0kB unevictable:0kB present:4596kB pages_scanned:0 all_unreclaimable? no
lowmem_reserve[]: 0 3012 3012 3012
DMA32 free:2971252kB min:7016kB low:8768kB high:10524kB active_anon:11832kB inactive_anon:0kB active_file:11344kB inactive_file:40908kB unevictable:0kB present:3084968kB pages_scanned:0 all_unreclaimable? no
lowmem_reserve[]: 0 0 0 0
DMA: 0*4kB 0*8kB 0*16kB 0*32kB 0*64kB 0*128kB 0*256kB 0*512kB 0*1024kB 0*2048kB 0*4096kB = 0kB
DMA32: 1*4kB 2*8kB 1*16kB 1*32kB 1*64kB 1*128kB 3*256kB 1*512kB 0*1024kB 4*2048kB 723*4096kB = 2971140kB
13134 total pagecache pages
0 pages in swap cache
Swap cache stats: add 0, delete 0, find 0/0
Free swap  = 2104472kB
Total swap = 2104472kB
786029 pages RAM
15043 pages reserved
12718 pages shared
19964 pages non-shared
swapper: page allocation failure. order:0, mode:0x21
Pid: 0, comm: swapper Tainted: P           2.6.28-gentoo #1
Call Trace:
 <IRQ>  [<ffffffff802a4e0d>] __alloc_pages_internal+0x3dd/0x4e0
 [<ffffffff8022e259>] do_IRQ+0xc9/0x110
 [<ffffffff802cb273>] cache_alloc_refill+0x313/0x5b0
 [<ffffffff802cb5fb>] __kmalloc+0xeb/0xf0
 [<ffffffff806bb8ed>] __alloc_skb+0x6d/0x150
 [<ffffffff8027ad90>] ktime_get_ts+0x30/0x60
 [<ffffffff806bc457>] __netdev_alloc_skb+0x17/0x40
 [<ffffffff804d6b5d>] b44_alloc_rx_skb+0x17d/0x740
 [<ffffffff804d912d>] b44_poll+0x30d/0x620
 [<ffffffff806bffc3>] net_rx_action+0x83/0x150
 [<ffffffff80265e73>] __do_softirq+0x93/0x160
 [<ffffffff8022c60c>] call_softirq+0x1c/0x30
 [<ffffffff8022dfa5>] do_softirq+0x35/0x70
 [<ffffffff80265b1d>] irq_exit+0x9d/0xb0
 [<ffffffff8022e259>] do_IRQ+0xc9/0x110
 [<ffffffff8022b896>] ret_from_intr+0x0/0xa
 <EOI>  [<ffffffff804a3de1>] acpi_idle_enter_bm+0x2fb/0x37c
 [<ffffffff804a3dd7>] acpi_idle_enter_bm+0x2f1/0x37c
 [<ffffffff804a4041>] acpi_idle_enter_simple+0x1df/0x237
 [<ffffffff8062ee6a>] cpuidle_idle_call+0xba/0x120
 [<ffffffff8022a46e>] cpu_idle+0x5e/0xc0
Mem-Info:
DMA per-cpu:
CPU    0: hi:    0, btch:   1 usd:   0
CPU    1: hi:    0, btch:   1 usd:   0
DMA32 per-cpu:
CPU    0: hi:  186, btch:  31 usd:  71
CPU    1: hi:  186, btch:  31 usd:  50
Active_anon:2958 active_file:2836 inactive_anon:0
 inactive_file:10227 unevictable:0 dirty:4336 writeback:0 unstable:0
 free:742816 slab:6276 mapped:1976 pagetables:483 bounce:0
DMA free:12kB min:8kB low:8kB high:12kB active_anon:0kB inactive_anon:0kB active_file:0kB inactive_file:0kB unevictable:0kB present:4596kB pages_scanned:0 all_unreclaimable? no
lowmem_reserve[]: 0 3012 3012 3012
DMA32 free:2971252kB min:7016kB low:8768kB high:10524kB active_anon:11832kB inactive_anon:0kB active_file:11344kB inactive_file:40908kB unevictable:0kB present:3084968kB pages_scanned:0 all_unreclaimable? no
lowmem_reserve[]: 0 0 0 0
DMA: 0*4kB 0*8kB 0*16kB 0*32kB 0*64kB 0*128kB 0*256kB 0*512kB 0*1024kB 0*2048kB 0*4096kB = 0kB
DMA32: 1*4kB 2*8kB 1*16kB 1*32kB 1*64kB 1*128kB 3*256kB 1*512kB 0*1024kB 4*2048kB 723*4096kB = 2971140kB
13134 total pagecache pages
0 pages in swap cache
Swap cache stats: add 0, delete 0, find 0/0
Free swap  = 2104472kB
Total swap = 2104472kB
786029 pages RAM
15043 pages reserved
12725 pages shared
19964 pages non-shared
swapper: page allocation failure. order:0, mode:0x21
Pid: 0, comm: swapper Tainted: P           2.6.28-gentoo #1
Call Trace:
 <IRQ>  [<ffffffff802a4e0d>] __alloc_pages_internal+0x3dd/0x4e0
 [<ffffffff8022e259>] do_IRQ+0xc9/0x110
 [<ffffffff802cb273>] cache_alloc_refill+0x313/0x5b0
 [<ffffffff802cb5fb>] __kmalloc+0xeb/0xf0
 [<ffffffff806bb8ed>] __alloc_skb+0x6d/0x150
 [<ffffffff8027ad90>] ktime_get_ts+0x30/0x60
 [<ffffffff806bc457>] __netdev_alloc_skb+0x17/0x40
 [<ffffffff804d6b5d>] b44_alloc_rx_skb+0x17d/0x740
 [<ffffffff804d912d>] b44_poll+0x30d/0x620
 [<ffffffff806bffc3>] net_rx_action+0x83/0x150
 [<ffffffff80265e73>] __do_softirq+0x93/0x160
 [<ffffffff8022c60c>] call_softirq+0x1c/0x30
 [<ffffffff8022dfa5>] do_softirq+0x35/0x70
 [<ffffffff80265b1d>] irq_exit+0x9d/0xb0
 [<ffffffff8022e259>] do_IRQ+0xc9/0x110
 [<ffffffff8022b896>] ret_from_intr+0x0/0xa
 <EOI>  [<ffffffff804a3de1>] acpi_idle_enter_bm+0x2fb/0x37c
 [<ffffffff804a3dd7>] acpi_idle_enter_bm+0x2f1/0x37c
 [<ffffffff804a4041>] acpi_idle_enter_simple+0x1df/0x237
 [<ffffffff8062ee6a>] cpuidle_idle_call+0xba/0x120
 [<ffffffff8022a46e>] cpu_idle+0x5e/0xc0
Mem-Info:
DMA per-cpu:
CPU    0: hi:    0, btch:   1 usd:   0
CPU    1: hi:    0, btch:   1 usd:   0
DMA32 per-cpu:
CPU    0: hi:  186, btch:  31 usd:  71
CPU    1: hi:  186, btch:  31 usd:  45
Active_anon:2958 active_file:2836 inactive_anon:0
 inactive_file:10227 unevictable:0 dirty:4336 writeback:0 unstable:0
 free:742816 slab:6276 mapped:1976 pagetables:483 bounce:0
DMA free:12kB min:8kB low:8kB high:12kB active_anon:0kB inactive_anon:0kB active_file:0kB inactive_file:0kB unevictable:0kB present:4596kB pages_scanned:0 all_unreclaimable? no
lowmem_reserve[]: 0 3012 3012 3012
DMA32 free:2971252kB min:7016kB low:8768kB high:10524kB active_anon:11832kB inactive_anon:0kB active_file:11344kB inactive_file:40908kB unevictable:0kB present:3084968kB pages_scanned:0 all_unreclaimable? no
lowmem_reserve[]: 0 0 0 0
DMA: 0*4kB 0*8kB 0*16kB 0*32kB 0*64kB 0*128kB 0*256kB 0*512kB 0*1024kB 0*2048kB 0*4096kB = 0kB
DMA32: 1*4kB 2*8kB 1*16kB 1*32kB 1*64kB 1*128kB 3*256kB 1*512kB 0*1024kB 4*2048kB 723*4096kB = 2971140kB
13134 total pagecache pages
0 pages in swap cache
Swap cache stats: add 0, delete 0, find 0/0
Free swap  = 2104472kB
Total swap = 2104472kB
786029 pages RAM
15043 pages reserved
12725 pages shared
19964 pages non-shared
swapper: page allocation failure. order:0, mode:0x21
Pid: 0, comm: swapper Tainted: P           2.6.28-gentoo #1
Call Trace:
 <IRQ>  [<ffffffff802a4e0d>] __alloc_pages_internal+0x3dd/0x4e0
 [<ffffffff8022e259>] do_IRQ+0xc9/0x110
 [<ffffffff802cb273>] cache_alloc_refill+0x313/0x5b0
 [<ffffffff802cb5fb>] __kmalloc+0xeb/0xf0
 [<ffffffff806bb8ed>] __alloc_skb+0x6d/0x150
 [<ffffffff8027ad90>] ktime_get_ts+0x30/0x60
 [<ffffffff806bc457>] __netdev_alloc_skb+0x17/0x40
 [<ffffffff804d6b5d>] b44_alloc_rx_skb+0x17d/0x740
 [<ffffffff804d912d>] b44_poll+0x30d/0x620
 [<ffffffff806bffc3>] net_rx_action+0x83/0x150
 [<ffffffff80265e73>] __do_softirq+0x93/0x160
 [<ffffffff8022c60c>] call_softirq+0x1c/0x30
 [<ffffffff8022dfa5>] do_softirq+0x35/0x70
 [<ffffffff80265b1d>] irq_exit+0x9d/0xb0
 [<ffffffff8022e259>] do_IRQ+0xc9/0x110
 [<ffffffff8022b896>] ret_from_intr+0x0/0xa
 <EOI>  [<ffffffff804a3de1>] acpi_idle_enter_bm+0x2fb/0x37c
 [<ffffffff804a3dd7>] acpi_idle_enter_bm+0x2f1/0x37c
 [<ffffffff804a4041>] acpi_idle_enter_simple+0x1df/0x237
 [<ffffffff8062ee6a>] cpuidle_idle_call+0xba/0x120
 [<ffffffff8022a46e>] cpu_idle+0x5e/0xc0
Mem-Info:
DMA per-cpu:
CPU    0: hi:    0, btch:   1 usd:   0
CPU    1: hi:    0, btch:   1 usd:   0
DMA32 per-cpu:
CPU    0: hi:  186, btch:  31 usd:  71
CPU    1: hi:  186, btch:  31 usd:  45
Active_anon:2958 active_file:2836 inactive_anon:0
 inactive_file:10227 unevictable:0 dirty:4336 writeback:0 unstable:0
 free:742816 slab:6276 mapped:1976 pagetables:483 bounce:0
DMA free:12kB min:8kB low:8kB high:12kB active_anon:0kB inactive_anon:0kB active_file:0kB inactive_file:0kB unevictable:0kB present:4596kB pages_scanned:0 all_unreclaimable? no
lowmem_reserve[]: 0 3012 3012 3012
DMA32 free:2971252kB min:7016kB low:8768kB high:10524kB active_anon:11832kB inactive_anon:0kB active_file:11344kB inactive_file:40908kB unevictable:0kB present:3084968kB pages_scanned:0 all_unreclaimable? no
lowmem_reserve[]: 0 0 0 0
DMA: 0*4kB 0*8kB 0*16kB 0*32kB 0*64kB 0*128kB 0*256kB 0*512kB 0*1024kB 0*2048kB 0*4096kB = 0kB
DMA32: 1*4kB 2*8kB 1*16kB 1*32kB 1*64kB 1*128kB 3*256kB 1*512kB 0*1024kB 4*2048kB 723*4096kB = 2971140kB
13134 total pagecache pages
0 pages in swap cache
Swap cache stats: add 0, delete 0, find 0/0
Free swap  = 2104472kB
Total swap = 2104472kB
786029 pages RAM
15043 pages reserved
12725 pages shared
19964 pages non-shared
swapper: page allocation failure. order:0, mode:0x21
Pid: 0, comm: swapper Tainted: P           2.6.28-gentoo #1
Call Trace:
 <IRQ>  [<ffffffff802a4e0d>] __alloc_pages_internal+0x3dd/0x4e0
 [<ffffffff8022e259>] do_IRQ+0xc9/0x110
 [<ffffffff802cb273>] cache_alloc_refill+0x313/0x5b0
 [<ffffffff802cb5fb>] __kmalloc+0xeb/0xf0
 [<ffffffff806bb8ed>] __alloc_skb+0x6d/0x150
 [<ffffffff8027ad90>] ktime_get_ts+0x30/0x60
 [<ffffffff806bc457>] __netdev_alloc_skb+0x17/0x40
 [<ffffffff804d6b5d>] b44_alloc_rx_skb+0x17d/0x740
 [<ffffffff804d912d>] b44_poll+0x30d/0x620
 [<ffffffff806bffc3>] net_rx_action+0x83/0x150
 [<ffffffff80265e73>] __do_softirq+0x93/0x160
 [<ffffffff8022c60c>] call_softirq+0x1c/0x30
 [<ffffffff8022dfa5>] do_softirq+0x35/0x70
 [<ffffffff80265b1d>] irq_exit+0x9d/0xb0
 [<ffffffff8022e259>] do_IRQ+0xc9/0x110
 [<ffffffff8022b896>] ret_from_intr+0x0/0xa
 <EOI>  [<ffffffff804a3de1>] acpi_idle_enter_bm+0x2fb/0x37c
 [<ffffffff804a3dd7>] acpi_idle_enter_bm+0x2f1/0x37c
 [<ffffffff804a4041>] acpi_idle_enter_simple+0x1df/0x237
 [<ffffffff8062ee6a>] cpuidle_idle_call+0xba/0x120
 [<ffffffff8022a46e>] cpu_idle+0x5e/0xc0
Mem-Info:
DMA per-cpu:
CPU    0: hi:    0, btch:   1 usd:   0
CPU    1: hi:    0, btch:   1 usd:   0
DMA32 per-cpu:
CPU    0: hi:  186, btch:  31 usd:  71
CPU    1: hi:  186, btch:  31 usd:  45
Active_anon:2958 active_file:2836 inactive_anon:0
 inactive_file:10227 unevictable:0 dirty:4336 writeback:0 unstable:0
 free:742816 slab:6276 mapped:1976 pagetables:483 bounce:0
DMA free:12kB min:8kB low:8kB high:12kB active_anon:0kB inactive_anon:0kB active_file:0kB inactive_file:0kB unevictable:0kB present:4596kB pages_scanned:0 all_unreclaimable? no
lowmem_reserve[]: 0 3012 3012 3012
DMA32 free:2971252kB min:7016kB low:8768kB high:10524kB active_anon:11832kB inactive_anon:0kB active_file:11344kB inactive_file:40908kB unevictable:0kB present:3084968kB pages_scanned:0 all_unreclaimable? no
lowmem_reserve[]: 0 0 0 0
DMA: 0*4kB 0*8kB 0*16kB 0*32kB 0*64kB 0*128kB 0*256kB 0*512kB 0*1024kB 0*2048kB 0*4096kB = 0kB
DMA32: 1*4kB 2*8kB 1*16kB 1*32kB 1*64kB 1*128kB 3*256kB 1*512kB 0*1024kB 4*2048kB 723*4096kB = 2971140kB
13134 total pagecache pages
0 pages in swap cache
Swap cache stats: add 0, delete 0, find 0/0
Free swap  = 2104472kB
Total swap = 2104472kB
786029 pages RAM
15043 pages reserved
12725 pages shared
19964 pages non-shared
swapper: page allocation failure. order:0, mode:0x21
Pid: 0, comm: swapper Tainted: P           2.6.28-gentoo #1
Call Trace:
 <IRQ>  [<ffffffff802a4e0d>] __alloc_pages_internal+0x3dd/0x4e0
 [<ffffffff8022e259>] do_IRQ+0xc9/0x110
 [<ffffffff802cb273>] cache_alloc_refill+0x313/0x5b0
 [<ffffffff802cb5fb>] __kmalloc+0xeb/0xf0
 [<ffffffff806bb8ed>] __alloc_skb+0x6d/0x150
 [<ffffffff8027ad90>] ktime_get_ts+0x30/0x60
 [<ffffffff806bc457>] __netdev_alloc_skb+0x17/0x40
 [<ffffffff804d6b5d>] b44_alloc_rx_skb+0x17d/0x740
 [<ffffffff804d912d>] b44_poll+0x30d/0x620
 [<ffffffff806bffc3>] net_rx_action+0x83/0x150
 [<ffffffff80265e73>] __do_softirq+0x93/0x160
 [<ffffffff8022c60c>] call_softirq+0x1c/0x30
 [<ffffffff8022dfa5>] do_softirq+0x35/0x70
 [<ffffffff80265b1d>] irq_exit+0x9d/0xb0
 [<ffffffff8022e259>] do_IRQ+0xc9/0x110
 [<ffffffff8022b896>] ret_from_intr+0x0/0xa
 <EOI>  [<ffffffff804a3de1>] acpi_idle_enter_bm+0x2fb/0x37c
 [<ffffffff804a3dd7>] acpi_idle_enter_bm+0x2f1/0x37c
 [<ffffffff804a4041>] acpi_idle_enter_simple+0x1df/0x237
 [<ffffffff8062ee6a>] cpuidle_idle_call+0xba/0x120
 [<ffffffff8022a46e>] cpu_idle+0x5e/0xc0
Mem-Info:
DMA per-cpu:
CPU    0: hi:    0, btch:   1 usd:   0
CPU    1: hi:    0, btch:   1 usd:   0
DMA32 per-cpu:
CPU    0: hi:  186, btch:  31 usd:  71
CPU    1: hi:  186, btch:  31 usd:  45
Active_anon:2958 active_file:2836 inactive_anon:0
 inactive_file:10227 unevictable:0 dirty:4336 writeback:0 unstable:0
 free:742816 slab:6276 mapped:1976 pagetables:483 bounce:0
DMA free:12kB min:8kB low:8kB high:12kB active_anon:0kB inactive_anon:0kB active_file:0kB inactive_file:0kB unevictable:0kB present:4596kB pages_scanned:0 all_unreclaimable? no
lowmem_reserve[]: 0 3012 3012 3012
DMA32 free:2971252kB min:7016kB low:8768kB high:10524kB active_anon:11832kB inactive_anon:0kB active_file:11344kB inactive_file:40908kB unevictable:0kB present:3084968kB pages_scanned:0 all_unreclaimable? no
lowmem_reserve[]: 0 0 0 0
DMA: 0*4kB 0*8kB 0*16kB 0*32kB 0*64kB 0*128kB 0*256kB 0*512kB 0*1024kB 0*2048kB 0*4096kB = 0kB
DMA32: 1*4kB 2*8kB 1*16kB 1*32kB 1*64kB 1*128kB 3*256kB 1*512kB 0*1024kB 4*2048kB 723*4096kB = 2971140kB
13134 total pagecache pages
0 pages in swap cache
Swap cache stats: add 0, delete 0, find 0/0
Free swap  = 2104472kB
Total swap = 2104472kB
786029 pages RAM
15043 pages reserved
12725 pages shared
19964 pages non-shared
swapper: page allocation failure. order:0, mode:0x21
Pid: 0, comm: swapper Tainted: P           2.6.28-gentoo #1
Call Trace:
 <IRQ>  [<ffffffff802a4e0d>] __alloc_pages_internal+0x3dd/0x4e0
 [<ffffffff8022e259>] do_IRQ+0xc9/0x110
 [<ffffffff802cb273>] cache_alloc_refill+0x313/0x5b0
 [<ffffffff802cb5fb>] __kmalloc+0xeb/0xf0
 [<ffffffff806bb8ed>] __alloc_skb+0x6d/0x150
 [<ffffffff8027ad90>] ktime_get_ts+0x30/0x60
 [<ffffffff806bc457>] __netdev_alloc_skb+0x17/0x40
 [<ffffffff804d6b5d>] b44_alloc_rx_skb+0x17d/0x740
 [<ffffffff804d912d>] b44_poll+0x30d/0x620
 [<ffffffff806bffc3>] net_rx_action+0x83/0x150
 [<ffffffff80265e73>] __do_softirq+0x93/0x160
 [<ffffffff8022c60c>] call_softirq+0x1c/0x30
 [<ffffffff8022dfa5>] do_softirq+0x35/0x70
 [<ffffffff80265b1d>] irq_exit+0x9d/0xb0
 [<ffffffff8022e259>] do_IRQ+0xc9/0x110
 [<ffffffff8022b896>] ret_from_intr+0x0/0xa
 <EOI>  [<ffffffff804a3de1>] acpi_idle_enter_bm+0x2fb/0x37c
 [<ffffffff804a3dd7>] acpi_idle_enter_bm+0x2f1/0x37c
 [<ffffffff804a4041>] acpi_idle_enter_simple+0x1df/0x237
 [<ffffffff8062ee6a>] cpuidle_idle_call+0xba/0x120
 [<ffffffff8022a46e>] cpu_idle+0x5e/0xc0
Mem-Info:
DMA per-cpu:
CPU    0: hi:    0, btch:   1 usd:   0
CPU    1: hi:    0, btch:   1 usd:   0
DMA32 per-cpu:
CPU    0: hi:  186, btch:  31 usd:  71
CPU    1: hi:  186, btch:  31 usd:  45
Active_anon:2958 active_file:2836 inactive_anon:0
 inactive_file:10227 unevictable:0 dirty:4336 writeback:0 unstable:0
 free:742816 slab:6276 mapped:1976 pagetables:483 bounce:0
DMA free:12kB min:8kB low:8kB high:12kB active_anon:0kB inactive_anon:0kB active_file:0kB inactive_file:0kB unevictable:0kB present:4596kB pages_scanned:0 all_unreclaimable? no
lowmem_reserve[]: 0 3012 3012 3012
DMA32 free:2971252kB min:7016kB low:8768kB high:10524kB active_anon:11832kB inactive_anon:0kB active_file:11344kB inactive_file:40908kB unevictable:0kB present:3084968kB pages_scanned:0 all_unreclaimable? no
lowmem_reserve[]: 0 0 0 0
DMA: 0*4kB 0*8kB 0*16kB 0*32kB 0*64kB 0*128kB 0*256kB 0*512kB 0*1024kB 0*2048kB 0*4096kB = 0kB
DMA32: 1*4kB 2*8kB 1*16kB 1*32kB 1*64kB 1*128kB 3*256kB 1*512kB 0*1024kB 4*2048kB 723*4096kB = 2971140kB
13134 total pagecache pages
0 pages in swap cache
Swap cache stats: add 0, delete 0, find 0/0
Free swap  = 2104472kB
Total swap = 2104472kB
786029 pages RAM
15043 pages reserved
12725 pages shared
19964 pages non-shared
swapper: page allocation failure. order:0, mode:0x21
Pid: 0, comm: swapper Tainted: P           2.6.28-gentoo #1
Call Trace:
 <IRQ>  [<ffffffff802a4e0d>] __alloc_pages_internal+0x3dd/0x4e0
 [<ffffffff8022e259>] do_IRQ+0xc9/0x110
 [<ffffffff802cb273>] cache_alloc_refill+0x313/0x5b0
 [<ffffffff802cb5fb>] __kmalloc+0xeb/0xf0
 [<ffffffff806bb8ed>] __alloc_skb+0x6d/0x150
 [<ffffffff8027ad90>] ktime_get_ts+0x30/0x60
 [<ffffffff806bc457>] __netdev_alloc_skb+0x17/0x40
 [<ffffffff804d6b5d>] b44_alloc_rx_skb+0x17d/0x740
 [<ffffffff804d912d>] b44_poll+0x30d/0x620
 [<ffffffff806bffc3>] net_rx_action+0x83/0x150
 [<ffffffff80265e73>] __do_softirq+0x93/0x160
 [<ffffffff8022c60c>] call_softirq+0x1c/0x30
 [<ffffffff8022dfa5>] do_softirq+0x35/0x70
 [<ffffffff80265b1d>] irq_exit+0x9d/0xb0
 [<ffffffff8022e259>] do_IRQ+0xc9/0x110
 [<ffffffff8022b896>] ret_from_intr+0x0/0xa
 <EOI>  [<ffffffff804a3de1>] acpi_idle_enter_bm+0x2fb/0x37c
 [<ffffffff804a3dd7>] acpi_idle_enter_bm+0x2f1/0x37c
 [<ffffffff804a4041>] acpi_idle_enter_simple+0x1df/0x237
 [<ffffffff8062ee6a>] cpuidle_idle_call+0xba/0x120
 [<ffffffff8022a46e>] cpu_idle+0x5e/0xc0
Mem-Info:
DMA per-cpu:
CPU    0: hi:    0, btch:   1 usd:   0
CPU    1: hi:    0, btch:   1 usd:   0
DMA32 per-cpu:
CPU    0: hi:  186, btch:  31 usd:  71
CPU    1: hi:  186, btch:  31 usd:  45
Active_anon:2958 active_file:2836 inactive_anon:0
 inactive_file:10227 unevictable:0 dirty:4336 writeback:0 unstable:0
 free:742816 slab:6276 mapped:1976 pagetables:483 bounce:0
DMA free:12kB min:8kB low:8kB high:12kB active_anon:0kB inactive_anon:0kB active_file:0kB inactive_file:0kB unevictable:0kB present:4596kB pages_scanned:0 all_unreclaimable? no
lowmem_reserve[]: 0 3012 3012 3012
DMA32 free:2971252kB min:7016kB low:8768kB high:10524kB active_anon:11832kB inactive_anon:0kB active_file:11344kB inactive_file:40908kB unevictable:0kB present:3084968kB pages_scanned:0 all_unreclaimable? no
lowmem_reserve[]: 0 0 0 0
DMA: 0*4kB 0*8kB 0*16kB 0*32kB 0*64kB 0*128kB 0*256kB 0*512kB 0*1024kB 0*2048kB 0*4096kB = 0kB
DMA32: 1*4kB 2*8kB 1*16kB 1*32kB 1*64kB 1*128kB 3*256kB 1*512kB 0*1024kB 4*2048kB 723*4096kB = 2971140kB
13134 total pagecache pages
0 pages in swap cache
Swap cache stats: add 0, delete 0, find 0/0
Free swap  = 2104472kB
Total swap = 2104472kB
786029 pages RAM
15043 pages reserved
12725 pages shared
19964 pages non-shared
__ratelimit: 50 callbacks suppressed
swapper: page allocation failure. order:0, mode:0x21
Pid: 0, comm: swapper Tainted: P           2.6.28-gentoo #1
Call Trace:
 <IRQ>  [<ffffffff802a4e0d>] __alloc_pages_internal+0x3dd/0x4e0
 [<ffffffff8027e458>] getnstimeofday+0x48/0xc0
 [<ffffffff802cb273>] cache_alloc_refill+0x313/0x5b0
 [<ffffffff802cb5fb>] __kmalloc+0xeb/0xf0
 [<ffffffff806bb8ed>] __alloc_skb+0x6d/0x150
 [<ffffffff8027ad90>] ktime_get_ts+0x30/0x60
 [<ffffffff806bc457>] __netdev_alloc_skb+0x17/0x40
 [<ffffffff804d6b5d>] b44_alloc_rx_skb+0x17d/0x740
 [<ffffffff804d912d>] b44_poll+0x30d/0x620
 [<ffffffff806bffc3>] net_rx_action+0x83/0x150
 [<ffffffff80265e73>] __do_softirq+0x93/0x160
 [<ffffffff8022c60c>] call_softirq+0x1c/0x30
 [<ffffffff8022dfa5>] do_softirq+0x35/0x70
 [<ffffffff80265b1d>] irq_exit+0x9d/0xb0
 [<ffffffff8022e259>] do_IRQ+0xc9/0x110
 [<ffffffff8022b896>] ret_from_intr+0x0/0xa
 <EOI>  [<ffffffff804a3de1>] acpi_idle_enter_bm+0x2fb/0x37c
 [<ffffffff804a3dd7>] acpi_idle_enter_bm+0x2f1/0x37c
 [<ffffffff8062ee6a>] cpuidle_idle_call+0xba/0x120
 [<ffffffff8022a46e>] cpu_idle+0x5e/0xc0
Mem-Info:
DMA per-cpu:
CPU    0: hi:    0, btch:   1 usd:   0
CPU    1: hi:    0, btch:   1 usd:   0
DMA32 per-cpu:
CPU    0: hi:  186, btch:  31 usd: 178
CPU    1: hi:  186, btch:  31 usd: 184
Active_anon:2382 active_file:2015 inactive_anon:604
 inactive_file:6822 unevictable:0 dirty:4319 writeback:0 unstable:0
 free:747938 slab:5151 mapped:1976 pagetables:483 bounce:0
DMA free:4kB min:8kB low:8kB high:12kB active_anon:0kB inactive_anon:0kB active_file:0kB inactive_file:0kB unevictable:0kB present:4596kB pages_scanned:0 all_unreclaimable? yes
lowmem_reserve[]: 0 3012 3012 3012
DMA32 free:2991748kB min:7016kB low:8768kB high:10524kB active_anon:9528kB inactive_anon:2416kB active_file:8060kB inactive_file:27288kB unevictable:0kB present:3084968kB pages_scanned:64 all_unreclaimable? no
lowmem_reserve[]: 0 0 0 0
DMA: 1*4kB 0*8kB 0*16kB 0*32kB 0*64kB 0*128kB 0*256kB 0*512kB 0*1024kB 0*2048kB 0*4096kB = 4kB
DMA32: 1057*4kB 596*8kB 248*16kB 125*32kB 39*64kB 5*128kB 2*256kB 1*512kB 1*1024kB 4*2048kB 723*4096kB = 2991748kB
8889 total pagecache pages
0 pages in swap cache
Swap cache stats: add 0, delete 0, find 0/0
Free swap  = 2104472kB
Total swap = 2104472kB
786029 pages RAM
15043 pages reserved
12651 pages shared
14629 pages non-shared
swapper: page allocation failure. order:0, mode:0x21
Pid: 0, comm: swapper Tainted: P           2.6.28-gentoo #1
Call Trace:
 <IRQ>  [<ffffffff802a4e0d>] __alloc_pages_internal+0x3dd/0x4e0
 [<ffffffff802cb273>] cache_alloc_refill+0x313/0x5b0
 [<ffffffff802cb5fb>] __kmalloc+0xeb/0xf0
 [<ffffffff806bb8ed>] __alloc_skb+0x6d/0x150
 [<ffffffff806bc457>] __netdev_alloc_skb+0x17/0x40
 [<ffffffff804d6b5d>] b44_alloc_rx_skb+0x17d/0x740
 [<ffffffff804d912d>] b44_poll+0x30d/0x620
 [<ffffffff806bffc3>] net_rx_action+0x83/0x150
 [<ffffffff80265e73>] __do_softirq+0x93/0x160
 [<ffffffff8022c60c>] call_softirq+0x1c/0x30
 [<ffffffff8022dfa5>] do_softirq+0x35/0x70
 [<ffffffff80265b1d>] irq_exit+0x9d/0xb0
 [<ffffffff8022e259>] do_IRQ+0xc9/0x110
 [<ffffffff8022b896>] ret_from_intr+0x0/0xa
 <EOI>  [<ffffffff804a3de1>] acpi_idle_enter_bm+0x2fb/0x37c
 [<ffffffff804a3dd7>] acpi_idle_enter_bm+0x2f1/0x37c
 [<ffffffff8062ee6a>] cpuidle_idle_call+0xba/0x120
 [<ffffffff8022a46e>] cpu_idle+0x5e/0xc0
Mem-Info:
DMA per-cpu:
CPU    0: hi:    0, btch:   1 usd:   0
CPU    1: hi:    0, btch:   1 usd:   0
DMA32 per-cpu:
CPU    0: hi:  186, btch:  31 usd: 168
CPU    1: hi:  186, btch:  31 usd: 176
Active_anon:2382 active_file:2015 inactive_anon:608
 inactive_file:6822 unevictable:0 dirty:4319 writeback:0 unstable:0
 free:747820 slab:5278 mapped:1976 pagetables:483 bounce:0
DMA free:4kB min:8kB low:8kB high:12kB active_anon:0kB inactive_anon:0kB active_file:0kB inactive_file:0kB unevictable:0kB present:4596kB pages_scanned:0 all_unreclaimable? yes
lowmem_reserve[]: 0 3012 3012 3012
DMA32 free:2991276kB min:7016kB low:8768kB high:10524kB active_anon:9528kB inactive_anon:2432kB active_file:8060kB inactive_file:27288kB unevictable:0kB present:3084968kB pages_scanned:0 all_unreclaimable? no
lowmem_reserve[]: 0 0 0 0
DMA: 1*4kB 0*8kB 0*16kB 0*32kB 0*64kB 0*128kB 0*256kB 0*512kB 0*1024kB 0*2048kB 0*4096kB = 4kB
DMA32: 1026*4kB 575*8kB 247*16kB 131*32kB 41*64kB 8*128kB 1*256kB 2*512kB 2*1024kB 3*2048kB 723*4096kB = 2991376kB
8889 total pagecache pages
0 pages in swap cache
Swap cache stats: add 0, delete 0, find 0/0
Free swap  = 2104472kB
Total swap = 2104472kB
786029 pages RAM
15043 pages reserved
12653 pages shared
14739 pages non-shared
swapper: page allocation failure. order:0, mode:0x21
Pid: 0, comm: swapper Tainted: P           2.6.28-gentoo #1
Call Trace:
 <IRQ>  [<ffffffff802a4e0d>] __alloc_pages_internal+0x3dd/0x4e0
 [<ffffffff802cb273>] cache_alloc_refill+0x313/0x5b0
 [<ffffffff802cb5fb>] __kmalloc+0xeb/0xf0
 [<ffffffff806bb8ed>] __alloc_skb+0x6d/0x150
 [<ffffffff806bc457>] __netdev_alloc_skb+0x17/0x40
 [<ffffffff804d6b5d>] b44_alloc_rx_skb+0x17d/0x740
 [<ffffffff804d912d>] b44_poll+0x30d/0x620
 [<ffffffff806bffc3>] net_rx_action+0x83/0x150
 [<ffffffff80265e73>] __do_softirq+0x93/0x160
 [<ffffffff8022c60c>] call_softirq+0x1c/0x30
 [<ffffffff8022dfa5>] do_softirq+0x35/0x70
 [<ffffffff80265b1d>] irq_exit+0x9d/0xb0
 [<ffffffff80240f26>] smp_apic_timer_interrupt+0x86/0xd0
 [<ffffffff8022c05b>] apic_timer_interrupt+0x6b/0x70
 <EOI>  [<ffffffff804a3de1>] acpi_idle_enter_bm+0x2fb/0x37c
 [<ffffffff804a3dd7>] acpi_idle_enter_bm+0x2f1/0x37c
 [<ffffffff8062ee6a>] cpuidle_idle_call+0xba/0x120
 [<ffffffff8022a46e>] cpu_idle+0x5e/0xc0
Mem-Info:
DMA per-cpu:
CPU    0: hi:    0, btch:   1 usd:   0
CPU    1: hi:    0, btch:   1 usd:   0
DMA32 per-cpu:
CPU    0: hi:  186, btch:  31 usd: 168
CPU    1: hi:  186, btch:  31 usd: 176
Active_anon:2382 active_file:2015 inactive_anon:608
 inactive_file:6822 unevictable:0 dirty:4319 writeback:0 unstable:0
 free:747820 slab:5278 mapped:1976 pagetables:483 bounce:0
DMA free:4kB min:8kB low:8kB high:12kB active_anon:0kB inactive_anon:0kB active_file:0kB inactive_file:0kB unevictable:0kB present:4596kB pages_scanned:0 all_unreclaimable? yes
lowmem_reserve[]: 0 3012 3012 3012
DMA32 free:2991276kB min:7016kB low:8768kB high:10524kB active_anon:9528kB inactive_anon:2432kB active_file:8060kB inactive_file:27288kB unevictable:0kB present:3084968kB pages_scanned:0 all_unreclaimable? no
lowmem_reserve[]: 0 0 0 0
DMA: 1*4kB 0*8kB 0*16kB 0*32kB 0*64kB 0*128kB 0*256kB 0*512kB 0*1024kB 0*2048kB 0*4096kB = 4kB
DMA32: 1026*4kB 575*8kB 247*16kB 131*32kB 41*64kB 8*128kB 1*256kB 2*512kB 2*1024kB 3*2048kB 723*4096kB = 2991376kB
8889 total pagecache pages
0 pages in swap cache
Swap cache stats: add 0, delete 0, find 0/0
Free swap  = 2104472kB
Total swap = 2104472kB
786029 pages RAM
15043 pages reserved
12657 pages shared
14743 pages non-shared
swapper: page allocation failure. order:0, mode:0x21
Pid: 0, comm: swapper Tainted: P           2.6.28-gentoo #1
Call Trace:
 <IRQ>  [<ffffffff802a4e0d>] __alloc_pages_internal+0x3dd/0x4e0
 [<ffffffff8022e259>] do_IRQ+0xc9/0x110
 [<ffffffff802cb273>] cache_alloc_refill+0x313/0x5b0
 [<ffffffff802cb5fb>] __kmalloc+0xeb/0xf0
 [<ffffffff806bb8ed>] __alloc_skb+0x6d/0x150
 [<ffffffff806bc457>] __netdev_alloc_skb+0x17/0x40
 [<ffffffff804d6b5d>] b44_alloc_rx_skb+0x17d/0x740
 [<ffffffff804d912d>] b44_poll+0x30d/0x620
 [<ffffffff806bffc3>] net_rx_action+0x83/0x150
 [<ffffffff80265e73>] __do_softirq+0x93/0x160
 [<ffffffff8022c60c>] call_softirq+0x1c/0x30
 [<ffffffff8022dfa5>] do_softirq+0x35/0x70
 [<ffffffff80265b1d>] irq_exit+0x9d/0xb0
 [<ffffffff80240f26>] smp_apic_timer_interrupt+0x86/0xd0
 [<ffffffff8022c05b>] apic_timer_interrupt+0x6b/0x70
 <EOI>  [<ffffffff804a3de1>] acpi_idle_enter_bm+0x2fb/0x37c
 [<ffffffff804a3dd7>] acpi_idle_enter_bm+0x2f1/0x37c
 [<ffffffff8062ee6a>] cpuidle_idle_call+0xba/0x120
 [<ffffffff8022a46e>] cpu_idle+0x5e/0xc0
Mem-Info:
DMA per-cpu:
CPU    0: hi:    0, btch:   1 usd:   0
CPU    1: hi:    0, btch:   1 usd:   0
DMA32 per-cpu:
CPU    0: hi:  186, btch:  31 usd: 168
CPU    1: hi:  186, btch:  31 usd: 170
Active_anon:2382 active_file:2015 inactive_anon:608
 inactive_file:6822 unevictable:0 dirty:4319 writeback:0 unstable:0
 free:747820 slab:5278 mapped:1976 pagetables:483 bounce:0
DMA free:4kB min:8kB low:8kB high:12kB active_anon:0kB inactive_anon:0kB active_file:0kB inactive_file:0kB unevictable:0kB present:4596kB pages_scanned:0 all_unreclaimable? yes
lowmem_reserve[]: 0 3012 3012 3012
DMA32 free:2991276kB min:7016kB low:8768kB high:10524kB active_anon:9528kB inactive_anon:2432kB active_file:8060kB inactive_file:27288kB unevictable:0kB present:3084968kB pages_scanned:0 all_unreclaimable? no
lowmem_reserve[]: 0 0 0 0
DMA: 1*4kB 0*8kB 0*16kB 0*32kB 0*64kB 0*128kB 0*256kB 0*512kB 0*1024kB 0*2048kB 0*4096kB = 4kB
DMA32: 1026*4kB 575*8kB 247*16kB 131*32kB 41*64kB 8*128kB 1*256kB 2*512kB 2*1024kB 3*2048kB 723*4096kB = 2991376kB
8889 total pagecache pages
0 pages in swap cache
Swap cache stats: add 0, delete 0, find 0/0
Free swap  = 2104472kB
Total swap = 2104472kB
786029 pages RAM
15043 pages reserved
12659 pages shared
14743 pages non-shared
swapper: page allocation failure. order:0, mode:0x21
Pid: 0, comm: swapper Tainted: P           2.6.28-gentoo #1
Call Trace:
 <IRQ>  [<ffffffff802a4e0d>] __alloc_pages_internal+0x3dd/0x4e0
 [<ffffffff8022e259>] do_IRQ+0xc9/0x110
 [<ffffffff802cb273>] cache_alloc_refill+0x313/0x5b0
 [<ffffffff802cb5fb>] __kmalloc+0xeb/0xf0
 [<ffffffff806bb8ed>] __alloc_skb+0x6d/0x150
 [<ffffffff806bc457>] __netdev_alloc_skb+0x17/0x40
 [<ffffffff804d6b5d>] b44_alloc_rx_skb+0x17d/0x740
 [<ffffffff804d912d>] b44_poll+0x30d/0x620
 [<ffffffff806bffc3>] net_rx_action+0x83/0x150
 [<ffffffff80265e73>] __do_softirq+0x93/0x160
 [<ffffffff8022c60c>] call_softirq+0x1c/0x30
 [<ffffffff8022dfa5>] do_softirq+0x35/0x70
 [<ffffffff80265b1d>] irq_exit+0x9d/0xb0
 [<ffffffff80240f26>] smp_apic_timer_interrupt+0x86/0xd0
 [<ffffffff8022c05b>] apic_timer_interrupt+0x6b/0x70
 <EOI>  [<ffffffff804a3de1>] acpi_idle_enter_bm+0x2fb/0x37c
 [<ffffffff804a3dd7>] acpi_idle_enter_bm+0x2f1/0x37c
 [<ffffffff8062ee6a>] cpuidle_idle_call+0xba/0x120
 [<ffffffff8022a46e>] cpu_idle+0x5e/0xc0
Mem-Info:
DMA per-cpu:
CPU    0: hi:    0, btch:   1 usd:   0
CPU    1: hi:    0, btch:   1 usd:   0
DMA32 per-cpu:
CPU    0: hi:  186, btch:  31 usd: 168
CPU    1: hi:  186, btch:  31 usd: 169
Active_anon:2382 active_file:2015 inactive_anon:608
 inactive_file:6822 unevictable:0 dirty:4319 writeback:0 unstable:0
 free:747820 slab:5278 mapped:1976 pagetables:483 bounce:0
DMA free:4kB min:8kB low:8kB high:12kB active_anon:0kB inactive_anon:0kB active_file:0kB inactive_file:0kB unevictable:0kB present:4596kB pages_scanned:0 all_unreclaimable? yes
lowmem_reserve[]: 0 3012 3012 3012
DMA32 free:2991276kB min:7016kB low:8768kB high:10524kB active_anon:9528kB inactive_anon:2432kB active_file:8060kB inactive_file:27288kB unevictable:0kB present:3084968kB pages_scanned:0 all_unreclaimable? no
lowmem_reserve[]: 0 0 0 0
DMA: 1*4kB 0*8kB 0*16kB 0*32kB 0*64kB 0*128kB 0*256kB 0*512kB 0*1024kB 0*2048kB 0*4096kB = 4kB
DMA32: 1026*4kB 575*8kB 247*16kB 131*32kB 41*64kB 8*128kB 1*256kB 2*512kB 2*1024kB 3*2048kB 723*4096kB = 2991376kB
8889 total pagecache pages
0 pages in swap cache
Swap cache stats: add 0, delete 0, find 0/0
Free swap  = 2104472kB
Total swap = 2104472kB
786029 pages RAM
15043 pages reserved
12661 pages shared
14743 pages non-shared
swapper: page allocation failure. order:0, mode:0x21
Pid: 0, comm: swapper Tainted: P           2.6.28-gentoo #1
Call Trace:
 <IRQ>  [<ffffffff802a4e0d>] __alloc_pages_internal+0x3dd/0x4e0
 [<ffffffff802cb273>] cache_alloc_refill+0x313/0x5b0
 [<ffffffff802cb5fb>] __kmalloc+0xeb/0xf0
 [<ffffffff806bb8ed>] __alloc_skb+0x6d/0x150
 [<ffffffff806bc457>] __netdev_alloc_skb+0x17/0x40
 [<ffffffff804d6b5d>] b44_alloc_rx_skb+0x17d/0x740
 [<ffffffff804d912d>] b44_poll+0x30d/0x620
 [<ffffffff806bffc3>] net_rx_action+0x83/0x150
 [<ffffffff80265e73>] __do_softirq+0x93/0x160
 [<ffffffff8022c60c>] call_softirq+0x1c/0x30
 [<ffffffff8022dfa5>] do_softirq+0x35/0x70
 [<ffffffff80265b1d>] irq_exit+0x9d/0xb0
 [<ffffffff8022e259>] do_IRQ+0xc9/0x110
 [<ffffffff8022b896>] ret_from_intr+0x0/0xa
 <EOI>  [<ffffffff804a3de1>] acpi_idle_enter_bm+0x2fb/0x37c
 [<ffffffff804a3dd7>] acpi_idle_enter_bm+0x2f1/0x37c
 [<ffffffff8062ee6a>] cpuidle_idle_call+0xba/0x120
 [<ffffffff8022a46e>] cpu_idle+0x5e/0xc0
Mem-Info:
DMA per-cpu:
CPU    0: hi:    0, btch:   1 usd:   0
CPU    1: hi:    0, btch:   1 usd:   0
DMA32 per-cpu:
CPU    0: hi:  186, btch:  31 usd: 163
CPU    1: hi:  186, btch:  31 usd: 181
Active_anon:2382 active_file:2042 inactive_anon:608
 inactive_file:6863 unevictable:0 dirty:4342 writeback:0 unstable:0
 free:747969 slab:5076 mapped:1976 pagetables:483 bounce:0
DMA free:4kB min:8kB low:8kB high:12kB active_anon:0kB inactive_anon:0kB active_file:0kB inactive_file:0kB unevictable:0kB present:4596kB pages_scanned:0 all_unreclaimable? no
lowmem_reserve[]: 0 3012 3012 3012
DMA32 free:2991872kB min:7016kB low:8768kB high:10524kB active_anon:9528kB inactive_anon:2432kB active_file:8168kB inactive_file:27452kB unevictable:0kB present:3084968kB pages_scanned:0 all_unreclaimable? no
lowmem_reserve[]: 0 0 0 0
DMA: 1*4kB 0*8kB 0*16kB 0*32kB 0*64kB 0*128kB 0*256kB 0*512kB 0*1024kB 0*2048kB 0*4096kB = 4kB
DMA32: 806*4kB 543*8kB 255*16kB 134*32kB 47*64kB 10*128kB 2*256kB 3*512kB 2*1024kB 3*2048kB 723*4096kB = 2991872kB
8957 total pagecache pages
0 pages in swap cache
Swap cache stats: add 0, delete 0, find 0/0
Free swap  = 2104472kB
Total swap = 2104472kB
786029 pages RAM
15043 pages reserved
12658 pages shared
14609 pages non-shared
swapper: page allocation failure. order:0, mode:0x21
Pid: 0, comm: swapper Tainted: P           2.6.28-gentoo #1
Call Trace:
 <IRQ>  [<ffffffff802a4e0d>] __alloc_pages_internal+0x3dd/0x4e0
 [<ffffffff802cb273>] cache_alloc_refill+0x313/0x5b0
 [<ffffffff802cb5fb>] __kmalloc+0xeb/0xf0
 [<ffffffff806bb8ed>] __alloc_skb+0x6d/0x150
 [<ffffffff806bc457>] __netdev_alloc_skb+0x17/0x40
 [<ffffffff804d6b5d>] b44_alloc_rx_skb+0x17d/0x740
 [<ffffffff804d912d>] b44_poll+0x30d/0x620
 [<ffffffff806bffc3>] net_rx_action+0x83/0x150
 [<ffffffff80265e73>] __do_softirq+0x93/0x160
 [<ffffffff8022c60c>] call_softirq+0x1c/0x30
 [<ffffffff8022dfa5>] do_softirq+0x35/0x70
 [<ffffffff80265b1d>] irq_exit+0x9d/0xb0
 [<ffffffff80240f26>] smp_apic_timer_interrupt+0x86/0xd0
 [<ffffffff8022c05b>] apic_timer_interrupt+0x6b/0x70
 <EOI>  [<ffffffff804a3de1>] acpi_idle_enter_bm+0x2fb/0x37c
 [<ffffffff804a3dd7>] acpi_idle_enter_bm+0x2f1/0x37c
 [<ffffffff8062ee6a>] cpuidle_idle_call+0xba/0x120
 [<ffffffff8022a46e>] cpu_idle+0x5e/0xc0
Mem-Info:
DMA per-cpu:
CPU    0: hi:    0, btch:   1 usd:   0
CPU    1: hi:    0, btch:   1 usd:   0
DMA32 per-cpu:
CPU    0: hi:  186, btch:  31 usd: 163
CPU    1: hi:  186, btch:  31 usd: 181
Active_anon:2382 active_file:2042 inactive_anon:608
 inactive_file:6863 unevictable:0 dirty:4342 writeback:0 unstable:0
 free:747969 slab:5076 mapped:1976 pagetables:483 bounce:0
DMA free:4kB min:8kB low:8kB high:12kB active_anon:0kB inactive_anon:0kB active_file:0kB inactive_file:0kB unevictable:0kB present:4596kB pages_scanned:0 all_unreclaimable? no
lowmem_reserve[]: 0 3012 3012 3012
DMA32 free:2991872kB min:7016kB low:8768kB high:10524kB active_anon:9528kB inactive_anon:2432kB active_file:8168kB inactive_file:27452kB unevictable:0kB present:3084968kB pages_scanned:0 all_unreclaimable? no
lowmem_reserve[]: 0 0 0 0
DMA: 1*4kB 0*8kB 0*16kB 0*32kB 0*64kB 0*128kB 0*256kB 0*512kB 0*1024kB 0*2048kB 0*4096kB = 4kB
DMA32: 806*4kB 543*8kB 255*16kB 134*32kB 47*64kB 10*128kB 2*256kB 3*512kB 2*1024kB 3*2048kB 723*4096kB = 2991872kB
8957 total pagecache pages
0 pages in swap cache
Swap cache stats: add 0, delete 0, find 0/0
Free swap  = 2104472kB
Total swap = 2104472kB
786029 pages RAM
15043 pages reserved
12660 pages shared
14609 pages non-shared
swapper: page allocation failure. order:0, mode:0x21
Pid: 0, comm: swapper Tainted: P           2.6.28-gentoo #1
Call Trace:
 <IRQ>  [<ffffffff802a4e0d>] __alloc_pages_internal+0x3dd/0x4e0
 [<ffffffff8022e259>] do_IRQ+0xc9/0x110
 [<ffffffff802cb273>] cache_alloc_refill+0x313/0x5b0
 [<ffffffff802cb5fb>] __kmalloc+0xeb/0xf0
 [<ffffffff806bb8ed>] __alloc_skb+0x6d/0x150
 [<ffffffff806bc457>] __netdev_alloc_skb+0x17/0x40
 [<ffffffff804d6b5d>] b44_alloc_rx_skb+0x17d/0x740
 [<ffffffff804d912d>] b44_poll+0x30d/0x620
 [<ffffffff806bffc3>] net_rx_action+0x83/0x150
 [<ffffffff80265e73>] __do_softirq+0x93/0x160
 [<ffffffff8022c60c>] call_softirq+0x1c/0x30
 [<ffffffff8022dfa5>] do_softirq+0x35/0x70
 [<ffffffff80265b1d>] irq_exit+0x9d/0xb0
 [<ffffffff80240f26>] smp_apic_timer_interrupt+0x86/0xd0
 [<ffffffff8022c05b>] apic_timer_interrupt+0x6b/0x70
 <EOI>  [<ffffffff804a3de1>] acpi_idle_enter_bm+0x2fb/0x37c
 [<ffffffff804a3dd7>] acpi_idle_enter_bm+0x2f1/0x37c
 [<ffffffff8062ee6a>] cpuidle_idle_call+0xba/0x120
 [<ffffffff8022a46e>] cpu_idle+0x5e/0xc0
Mem-Info:
DMA per-cpu:
CPU    0: hi:    0, btch:   1 usd:   0
CPU    1: hi:    0, btch:   1 usd:   0
DMA32 per-cpu:
CPU    0: hi:  186, btch:  31 usd: 163
CPU    1: hi:  186, btch:  31 usd: 180
Active_anon:2382 active_file:2042 inactive_anon:608
 inactive_file:6863 unevictable:0 dirty:4342 writeback:0 unstable:0
 free:747969 slab:5076 mapped:1976 pagetables:483 bounce:0
DMA free:4kB min:8kB low:8kB high:12kB active_anon:0kB inactive_anon:0kB active_file:0kB inactive_file:0kB unevictable:0kB present:4596kB pages_scanned:0 all_unreclaimable? yes
lowmem_reserve[]: 0 3012 3012 3012
DMA32 free:2991872kB min:7016kB low:8768kB high:10524kB active_anon:9528kB inactive_anon:2432kB active_file:8168kB inactive_file:27452kB unevictable:0kB present:3084968kB pages_scanned:0 all_unreclaimable? no
lowmem_reserve[]: 0 0 0 0
DMA: 1*4kB 0*8kB 0*16kB 0*32kB 0*64kB 0*128kB 0*256kB 0*512kB 0*1024kB 0*2048kB 0*4096kB = 4kB
DMA32: 806*4kB 543*8kB 255*16kB 134*32kB 47*64kB 10*128kB 2*256kB 3*512kB 2*1024kB 3*2048kB 723*4096kB = 2991872kB
8957 total pagecache pages
0 pages in swap cache
Swap cache stats: add 0, delete 0, find 0/0
Free swap  = 2104472kB
Total swap = 2104472kB
786029 pages RAM
15043 pages reserved
12662 pages shared
14609 pages non-shared
swapper: page allocation failure. order:0, mode:0x21
Pid: 0, comm: swapper Tainted: P           2.6.28-gentoo #1
Call Trace:
 <IRQ>  [<ffffffff802a4e0d>] __alloc_pages_internal+0x3dd/0x4e0
 [<ffffffff802cb273>] cache_alloc_refill+0x313/0x5b0
 [<ffffffff802cb5fb>] __kmalloc+0xeb/0xf0
 [<ffffffff806bb8ed>] __alloc_skb+0x6d/0x150
 [<ffffffff806bc457>] __netdev_alloc_skb+0x17/0x40
 [<ffffffff804d6b5d>] b44_alloc_rx_skb+0x17d/0x740
 [<ffffffff804d912d>] b44_poll+0x30d/0x620
 [<ffffffff806bffc3>] net_rx_action+0x83/0x150
 [<ffffffff80265e73>] __do_softirq+0x93/0x160
 [<ffffffff8022c60c>] call_softirq+0x1c/0x30
 [<ffffffff8022dfa5>] do_softirq+0x35/0x70
 [<ffffffff80265b1d>] irq_exit+0x9d/0xb0
 [<ffffffff80240f26>] smp_apic_timer_interrupt+0x86/0xd0
 [<ffffffff8022c05b>] apic_timer_interrupt+0x6b/0x70
 <EOI>  [<ffffffff804a3de1>] acpi_idle_enter_bm+0x2fb/0x37c
 [<ffffffff804a3dd7>] acpi_idle_enter_bm+0x2f1/0x37c
 [<ffffffff8062ee6a>] cpuidle_idle_call+0xba/0x120
 [<ffffffff8022a46e>] cpu_idle+0x5e/0xc0
Mem-Info:
DMA per-cpu:
CPU    0: hi:    0, btch:   1 usd:   0
CPU    1: hi:    0, btch:   1 usd:   0
DMA32 per-cpu:
CPU    0: hi:  186, btch:  31 usd: 163
CPU    1: hi:  186, btch:  31 usd: 179
Active_anon:2382 active_file:2042 inactive_anon:608
 inactive_file:6863 unevictable:0 dirty:4342 writeback:0 unstable:0
 free:747969 slab:5076 mapped:1976 pagetables:483 bounce:0
DMA free:4kB min:8kB low:8kB high:12kB active_anon:0kB inactive_anon:0kB active_file:0kB inactive_file:0kB unevictable:0kB present:4596kB pages_scanned:0 all_unreclaimable? yes
lowmem_reserve[]: 0 3012 3012 3012
DMA32 free:2991872kB min:7016kB low:8768kB high:10524kB active_anon:9528kB inactive_anon:2432kB active_file:8168kB inactive_file:27452kB unevictable:0kB present:3084968kB pages_scanned:0 all_unreclaimable? no
lowmem_reserve[]: 0 0 0 0
DMA: 1*4kB 0*8kB 0*16kB 0*32kB 0*64kB 0*128kB 0*256kB 0*512kB 0*1024kB 0*2048kB 0*4096kB = 4kB
DMA32: 806*4kB 543*8kB 255*16kB 134*32kB 47*64kB 10*128kB 2*256kB 3*512kB 2*1024kB 3*2048kB 723*4096kB = 2991872kB
8957 total pagecache pages
0 pages in swap cache
Swap cache stats: add 0, delete 0, find 0/0
Free swap  = 2104472kB
Total swap = 2104472kB
786029 pages RAM
15043 pages reserved
12664 pages shared
14609 pages non-shared
swapper: page allocation failure. order:0, mode:0x21
Pid: 0, comm: swapper Tainted: P           2.6.28-gentoo #1
Call Trace:
 <IRQ>  [<ffffffff802a4e0d>] __alloc_pages_internal+0x3dd/0x4e0
 [<ffffffff802cb273>] cache_alloc_refill+0x313/0x5b0
 [<ffffffff802cb5fb>] __kmalloc+0xeb/0xf0
 [<ffffffff806bb8ed>] __alloc_skb+0x6d/0x150
 [<ffffffff806bc457>] __netdev_alloc_skb+0x17/0x40
 [<ffffffff804d6b5d>] b44_alloc_rx_skb+0x17d/0x740
 [<ffffffff804d912d>] b44_poll+0x30d/0x620
 [<ffffffff806bffc3>] net_rx_action+0x83/0x150
 [<ffffffff80265e73>] __do_softirq+0x93/0x160
 [<ffffffff8022c60c>] call_softirq+0x1c/0x30
 [<ffffffff8022dfa5>] do_softirq+0x35/0x70
 [<ffffffff80265b1d>] irq_exit+0x9d/0xb0
 [<ffffffff80240f26>] smp_apic_timer_interrupt+0x86/0xd0
 [<ffffffff8022c05b>] apic_timer_interrupt+0x6b/0x70
 <EOI>  [<ffffffff804a3de1>] acpi_idle_enter_bm+0x2fb/0x37c
 [<ffffffff804a3dd7>] acpi_idle_enter_bm+0x2f1/0x37c
 [<ffffffff8062ee6a>] cpuidle_idle_call+0xba/0x120
 [<ffffffff8022a46e>] cpu_idle+0x5e/0xc0
Mem-Info:
DMA per-cpu:
CPU    0: hi:    0, btch:   1 usd:   0
CPU    1: hi:    0, btch:   1 usd:   0
DMA32 per-cpu:
CPU    0: hi:  186, btch:  31 usd: 163
CPU    1: hi:  186, btch:  31 usd: 178
Active_anon:2382 active_file:2042 inactive_anon:608
 inactive_file:6863 unevictable:0 dirty:4342 writeback:0 unstable:0
 free:747969 slab:5076 mapped:1976 pagetables:483 bounce:0
DMA free:4kB min:8kB low:8kB high:12kB active_anon:0kB inactive_anon:0kB active_file:0kB inactive_file:0kB unevictable:0kB present:4596kB pages_scanned:0 all_unreclaimable? yes
lowmem_reserve[]: 0 3012 3012 3012
DMA32 free:2991872kB min:7016kB low:8768kB high:10524kB active_anon:9528kB inactive_anon:2432kB active_file:8168kB inactive_file:27452kB unevictable:0kB present:3084968kB pages_scanned:0 all_unreclaimable? no
lowmem_reserve[]: 0 0 0 0
DMA: 1*4kB 0*8kB 0*16kB 0*32kB 0*64kB 0*128kB 0*256kB 0*512kB 0*1024kB 0*2048kB 0*4096kB = 4kB
DMA32: 806*4kB 543*8kB 255*16kB 134*32kB 47*64kB 10*128kB 2*256kB 3*512kB 2*1024kB 3*2048kB 723*4096kB = 2991872kB
8957 total pagecache pages
0 pages in swap cache
Swap cache stats: add 0, delete 0, find 0/0
Free swap  = 2104472kB
Total swap = 2104472kB
786029 pages RAM
15043 pages reserved
12666 pages shared
14609 pages non-shared
__ratelimit: 2 callbacks suppressed
swapper: page allocation failure. order:0, mode:0x21
Pid: 0, comm: swapper Tainted: P           2.6.28-gentoo #1
Call Trace:
 <IRQ>  [<ffffffff802a4e0d>] __alloc_pages_internal+0x3dd/0x4e0
 [<ffffffff802cb273>] cache_alloc_refill+0x313/0x5b0
 [<ffffffff802cb5fb>] __kmalloc+0xeb/0xf0
 [<ffffffff80620657>] hci_usb_rx_complete+0x67/0x160
 [<ffffffff806bb8ed>] __alloc_skb+0x6d/0x150
 [<ffffffff8027ad90>] ktime_get_ts+0x30/0x60
 [<ffffffff806bc457>] __netdev_alloc_skb+0x17/0x40
 [<ffffffff804d6b5d>] b44_alloc_rx_skb+0x17d/0x740
 [<ffffffff804d912d>] b44_poll+0x30d/0x620
 [<ffffffff806bffc3>] net_rx_action+0x83/0x150
 [<ffffffff80265e73>] __do_softirq+0x93/0x160
 [<ffffffff8022c60c>] call_softirq+0x1c/0x30
 [<ffffffff8022dfa5>] do_softirq+0x35/0x70
 [<ffffffff80265b1d>] irq_exit+0x9d/0xb0
 [<ffffffff8022e259>] do_IRQ+0xc9/0x110
 [<ffffffff8022b896>] ret_from_intr+0x0/0xa
 <EOI>  [<ffffffff804a3de1>] acpi_idle_enter_bm+0x2fb/0x37c
 [<ffffffff804a3dd7>] acpi_idle_enter_bm+0x2f1/0x37c
 [<ffffffff8062ee6a>] cpuidle_idle_call+0xba/0x120
 [<ffffffff8022a46e>] cpu_idle+0x5e/0xc0
Mem-Info:
DMA per-cpu:
CPU    0: hi:    0, btch:   1 usd:   0
CPU    1: hi:    0, btch:   1 usd:   0
DMA32 per-cpu:
CPU    0: hi:  186, btch:  31 usd: 177
CPU    1: hi:  186, btch:  31 usd: 183
Active_anon:2382 active_file:2042 inactive_anon:608
 inactive_file:6863 unevictable:0 dirty:4342 writeback:0 unstable:0
 free:747969 slab:5062 mapped:1976 pagetables:483 bounce:0
DMA free:4kB min:8kB low:8kB high:12kB active_anon:0kB inactive_anon:0kB active_file:0kB inactive_file:0kB unevictable:0kB present:4596kB pages_scanned:0 all_unreclaimable? yes
lowmem_reserve[]: 0 3012 3012 3012
DMA32 free:2991872kB min:7016kB low:8768kB high:10524kB active_anon:9528kB inactive_anon:2432kB active_file:8168kB inactive_file:27452kB unevictable:0kB present:3084968kB pages_scanned:0 all_unreclaimable? no
lowmem_reserve[]: 0 0 0 0
DMA: 1*4kB 0*8kB 0*16kB 0*32kB 0*64kB 0*128kB 0*256kB 0*512kB 0*1024kB 0*2048kB 0*4096kB = 4kB
DMA32: 806*4kB 543*8kB 255*16kB 134*32kB 47*64kB 10*128kB 2*256kB 3*512kB 2*1024kB 3*2048kB 723*4096kB = 2991872kB
8957 total pagecache pages
0 pages in swap cache
Swap cache stats: add 0, delete 0, find 0/0
Free swap  = 2104472kB
Total swap = 2104472kB
786029 pages RAM
15043 pages reserved
12666 pages shared
14589 pages non-shared
swapper: page allocation failure. order:0, mode:0x21
Pid: 0, comm: swapper Tainted: P           2.6.28-gentoo #1
Call Trace:
 <IRQ>  [<ffffffff802a4e0d>] __alloc_pages_internal+0x3dd/0x4e0
 [<ffffffff802cb273>] cache_alloc_refill+0x313/0x5b0
 [<ffffffff802cb5fb>] __kmalloc+0xeb/0xf0
 [<ffffffff806bb8ed>] __alloc_skb+0x6d/0x150
 [<ffffffff8027ad90>] ktime_get_ts+0x30/0x60
 [<ffffffff806bc457>] __netdev_alloc_skb+0x17/0x40
 [<ffffffff804d6b5d>] b44_alloc_rx_skb+0x17d/0x740
 [<ffffffff804d912d>] b44_poll+0x30d/0x620
 [<ffffffff806bffc3>] net_rx_action+0x83/0x150
 [<ffffffff80265e73>] __do_softirq+0x93/0x160
 [<ffffffff8022c60c>] call_softirq+0x1c/0x30
 [<ffffffff8022dfa5>] do_softirq+0x35/0x70
 [<ffffffff80265b1d>] irq_exit+0x9d/0xb0
 [<ffffffff8022e259>] do_IRQ+0xc9/0x110
 [<ffffffff8022b896>] ret_from_intr+0x0/0xa
 <EOI>  [<ffffffff804a3de1>] acpi_idle_enter_bm+0x2fb/0x37c
 [<ffffffff804a3dd7>] acpi_idle_enter_bm+0x2f1/0x37c
 [<ffffffff8062ee6a>] cpuidle_idle_call+0xba/0x120
 [<ffffffff8022a46e>] cpu_idle+0x5e/0xc0
Mem-Info:
DMA per-cpu:
CPU    0: hi:    0, btch:   1 usd:   0
CPU    1: hi:    0, btch:   1 usd:   0
DMA32 per-cpu:
CPU    0: hi:  186, btch:  31 usd: 179
CPU    1: hi:  186, btch:  31 usd: 178
Active_anon:2382 active_file:2042 inactive_anon:608
 inactive_file:6863 unevictable:0 dirty:4347 writeback:0 unstable:0
 free:747969 slab:5056 mapped:1976 pagetables:483 bounce:0
DMA free:4kB min:8kB low:8kB high:12kB active_anon:0kB inactive_anon:0kB active_file:0kB inactive_file:0kB unevictable:0kB present:4596kB pages_scanned:0 all_unreclaimable? yes
lowmem_reserve[]: 0 3012 3012 3012
DMA32 free:2991872kB min:7016kB low:8768kB high:10524kB active_anon:9528kB inactive_anon:2432kB active_file:8168kB inactive_file:27452kB unevictable:0kB present:3084968kB pages_scanned:0 all_unreclaimable? no
lowmem_reserve[]: 0 0 0 0
DMA: 1*4kB 0*8kB 0*16kB 0*32kB 0*64kB 0*128kB 0*256kB 0*512kB 0*1024kB 0*2048kB 0*4096kB = 4kB
DMA32: 806*4kB 543*8kB 255*16kB 134*32kB 47*64kB 10*128kB 2*256kB 3*512kB 2*1024kB 3*2048kB 723*4096kB = 2991872kB
8964 total pagecache pages
0 pages in swap cache
Swap cache stats: add 0, delete 0, find 0/0
Free swap  = 2104472kB
Total swap = 2104472kB
786029 pages RAM
15043 pages reserved
12672 pages shared
14589 pages non-shared
dmesg: page allocation failure. order:0, mode:0x21
Pid: 5602, comm: dmesg Tainted: P           2.6.28-gentoo #1
Call Trace:
 <IRQ>  [<ffffffff802a4e0d>] __alloc_pages_internal+0x3dd/0x4e0
 [<ffffffff802cb273>] cache_alloc_refill+0x313/0x5b0
 [<ffffffff802cb5fb>] __kmalloc+0xeb/0xf0
 [<ffffffff806bb8ed>] __alloc_skb+0x6d/0x150
 [<ffffffff8027e458>] getnstimeofday+0x48/0xc0
 [<ffffffff806bc457>] __netdev_alloc_skb+0x17/0x40
 [<ffffffff804d6b5d>] b44_alloc_rx_skb+0x17d/0x740
 [<ffffffff804d912d>] b44_poll+0x30d/0x620
 [<ffffffff806bffc3>] net_rx_action+0x83/0x150
 [<ffffffff80265e73>] __do_softirq+0x93/0x160
 [<ffffffff8022c60c>] call_softirq+0x1c/0x30
 [<ffffffff8022dfa5>] do_softirq+0x35/0x70
 [<ffffffff80265b1d>] irq_exit+0x9d/0xb0
 [<ffffffff8022e259>] do_IRQ+0xc9/0x110
 [<ffffffff8022b896>] ret_from_intr+0x0/0xa
 <EOI>  [<ffffffff804804a6>] cfb_imageblit+0x536/0x570
 [<ffffffff8047df19>] bit_putcs+0x3b9/0x630
 [<ffffffff8047e456>] soft_cursor+0x1b6/0x240
 [<ffffffff8047db25>] bit_cursor+0x605/0x640
 [<ffffffff80477da3>] fbcon_putcs+0x1d3/0x310
 [<ffffffff8047db60>] bit_putcs+0x0/0x630
 [<ffffffff8047a3e4>] fbcon_redraw+0x164/0x1d0
 [<ffffffff8047a675>] fbcon_scroll+0x225/0xdc0
 [<ffffffff8045d140>] scrup+0x100/0x110
 [<ffffffff8045d2c5>] lf+0x65/0x70
 [<ffffffff8027bff9>] __atomic_notifier_call_chain+0x19/0x50
 [<ffffffff8046074b>] do_con_write+0x94b/0x1f70
 [<ffffffff80461da1>] con_put_char+0x31/0x40
 [<ffffffff8044beec>] tty_put_char+0x1c/0x50
 [<ffffffff8044fe58>] opost+0xb8/0x2a0
 [<ffffffff804508f3>] n_tty_write+0x1d3/0x3e0
 [<ffffffff8025bd30>] default_wake_function+0x0/0x10
 [<ffffffff8044e0f4>] tty_write+0x1b4/0x270
 [<ffffffff80450720>] n_tty_write+0x0/0x3e0
 [<ffffffff802cf23b>] vfs_write+0xcb/0x170
 [<ffffffff802cf3e3>] sys_write+0x53/0xa0
 [<ffffffff8022b38b>] system_call_fastpath+0x16/0x1b
Mem-Info:
DMA per-cpu:
CPU    0: hi:    0, btch:   1 usd:   0
CPU    1: hi:    0, btch:   1 usd:   0
DMA32 per-cpu:
CPU    0: hi:  186, btch:  31 usd: 157
CPU    1: hi:  186, btch:  31 usd: 154
Active_anon:2395 active_file:2051 inactive_anon:636
 inactive_file:6863 unevictable:0 dirty:4348 writeback:0 unstable:0
 free:747977 slab:5006 mapped:1977 pagetables:488 bounce:0
DMA free:4kB min:8kB low:8kB high:12kB active_anon:0kB inactive_anon:0kB active_file:0kB inactive_file:0kB unevictable:0kB present:4596kB pages_scanned:0 all_unreclaimable? yes
lowmem_reserve[]: 0 3012 3012 3012
DMA32 free:2991904kB min:7016kB low:8768kB high:10524kB active_anon:9580kB inactive_anon:2544kB active_file:8204kB inactive_file:27452kB unevictable:0kB present:3084968kB pages_scanned:32 all_unreclaimable? no
lowmem_reserve[]: 0 0 0 0
DMA: 1*4kB 0*8kB 0*16kB 0*32kB 0*64kB 0*128kB 0*256kB 0*512kB 0*1024kB 0*2048kB 0*4096kB = 4kB
DMA32: 839*4kB 539*8kB 256*16kB 134*32kB 47*64kB 10*128kB 2*256kB 3*512kB 2*1024kB 3*2048kB 723*4096kB = 2991988kB
8968 total pagecache pages
0 pages in swap cache
Swap cache stats: add 0, delete 0, find 0/0
Free swap  = 2104472kB
Total swap = 2104472kB
786029 pages RAM
15043 pages reserved
12768 pages shared
14603 pages non-shared
dmesg: page allocation failure. order:0, mode:0x21
Pid: 5602, comm: dmesg Tainted: P           2.6.28-gentoo #1
Call Trace:
 <IRQ>  [<ffffffff802a4e0d>] __alloc_pages_internal+0x3dd/0x4e0
 [<ffffffff8022e259>] do_IRQ+0xc9/0x110
 [<ffffffff802cb273>] cache_alloc_refill+0x313/0x5b0
 [<ffffffff802cb5fb>] __kmalloc+0xeb/0xf0
 [<ffffffff806bb8ed>] __alloc_skb+0x6d/0x150
 [<ffffffff8027e458>] getnstimeofday+0x48/0xc0
 [<ffffffff806bc457>] __netdev_alloc_skb+0x17/0x40
 [<ffffffff804d6b5d>] b44_alloc_rx_skb+0x17d/0x740
 [<ffffffff804d912d>] b44_poll+0x30d/0x620
 [<ffffffff806bffc3>] net_rx_action+0x83/0x150
 [<ffffffff80265e73>] __do_softirq+0x93/0x160
 [<ffffffff8022c60c>] call_softirq+0x1c/0x30
 [<ffffffff8022dfa5>] do_softirq+0x35/0x70
 [<ffffffff80265b1d>] irq_exit+0x9d/0xb0
 [<ffffffff8022e259>] do_IRQ+0xc9/0x110
 [<ffffffff8022b896>] ret_from_intr+0x0/0xa
 <EOI>  [<ffffffff804804a6>] cfb_imageblit+0x536/0x570
 [<ffffffff8047df19>] bit_putcs+0x3b9/0x630
 [<ffffffff8047e456>] soft_cursor+0x1b6/0x240
 [<ffffffff8047db25>] bit_cursor+0x605/0x640
 [<ffffffff80477da3>] fbcon_putcs+0x1d3/0x310
 [<ffffffff8047db60>] bit_putcs+0x0/0x630
 [<ffffffff8047a3e4>] fbcon_redraw+0x164/0x1d0
 [<ffffffff8047a675>] fbcon_scroll+0x225/0xdc0
 [<ffffffff8045d140>] scrup+0x100/0x110
 [<ffffffff8045d2c5>] lf+0x65/0x70
 [<ffffffff8027bff9>] __atomic_notifier_call_chain+0x19/0x50
 [<ffffffff8046074b>] do_con_write+0x94b/0x1f70
 [<ffffffff80461da1>] con_put_char+0x31/0x40
 [<ffffffff8044beec>] tty_put_char+0x1c/0x50
 [<ffffffff8044fe58>] opost+0xb8/0x2a0
 [<ffffffff804508f3>] n_tty_write+0x1d3/0x3e0
 [<ffffffff8025bd30>] default_wake_function+0x0/0x10
 [<ffffffff8044e0f4>] tty_write+0x1b4/0x270
 [<ffffffff80450720>] n_tty_write+0x0/0x3e0
 [<ffffffff802cf23b>] vfs_write+0xcb/0x170
 [<ffffffff802cf3e3>] sys_write+0x53/0xa0
 [<ffffffff8022b38b>] system_call_fastpath+0x16/0x1b
Mem-Info:
DMA per-cpu:
CPU    0: hi:    0, btch:   1 usd:   0
CPU    1: hi:    0, btch:   1 usd:   0
DMA32 per-cpu:
CPU    0: hi:  186, btch:  31 usd: 157
CPU    1: hi:  186, btch:  31 usd: 154
Active_anon:2395 active_file:2051 inactive_anon:636
 inactive_file:6863 unevictable:0 dirty:4348 writeback:0 unstable:0
 free:747977 slab:5006 mapped:1977 pagetables:488 bounce:0
DMA free:4kB min:8kB low:8kB high:12kB active_anon:0kB inactive_anon:0kB active_file:0kB inactive_file:0kB unevictable:0kB present:4596kB pages_scanned:0 all_unreclaimable? yes
lowmem_reserve[]: 0 3012 3012 3012
DMA32 free:2991904kB min:7016kB low:8768kB high:10524kB active_anon:9580kB inactive_anon:2544kB active_file:8204kB inactive_file:27452kB unevictable:0kB present:3084968kB pages_scanned:32 all_unreclaimable? no
lowmem_reserve[]: 0 0 0 0
DMA: 1*4kB 0*8kB 0*16kB 0*32kB 0*64kB 0*128kB 0*256kB 0*512kB 0*1024kB 0*2048kB 0*4096kB = 4kB
DMA32: 839*4kB 539*8kB 256*16kB 134*32kB 47*64kB 10*128kB 2*256kB 3*512kB 2*1024kB 3*2048kB 723*4096kB = 2991988kB
8968 total pagecache pages
0 pages in swap cache
Swap cache stats: add 0, delete 0, find 0/0
Free swap  = 2104472kB
Total swap = 2104472kB
786029 pages RAM
15043 pages reserved
12768 pages shared
14603 pages non-shared
dmesg: page allocation failure. order:0, mode:0x21
Pid: 5602, comm: dmesg Tainted: P           2.6.28-gentoo #1
Call Trace:
 <IRQ>  [<ffffffff802a4e0d>] __alloc_pages_internal+0x3dd/0x4e0
 [<ffffffff8022e259>] do_IRQ+0xc9/0x110
 [<ffffffff802cb273>] cache_alloc_refill+0x313/0x5b0
 [<ffffffff802cb5fb>] __kmalloc+0xeb/0xf0
 [<ffffffff806bb8ed>] __alloc_skb+0x6d/0x150
 [<ffffffff8027e458>] getnstimeofday+0x48/0xc0
 [<ffffffff806bc457>] __netdev_alloc_skb+0x17/0x40
 [<ffffffff804d6b5d>] b44_alloc_rx_skb+0x17d/0x740
 [<ffffffff804d912d>] b44_poll+0x30d/0x620
 [<ffffffff806bffc3>] net_rx_action+0x83/0x150
 [<ffffffff80265e73>] __do_softirq+0x93/0x160
 [<ffffffff8022c60c>] call_softirq+0x1c/0x30
 [<ffffffff8022dfa5>] do_softirq+0x35/0x70
 [<ffffffff80265b1d>] irq_exit+0x9d/0xb0
 [<ffffffff8022e259>] do_IRQ+0xc9/0x110
 [<ffffffff8022b896>] ret_from_intr+0x0/0xa
 <EOI>  [<ffffffff804804a6>] cfb_imageblit+0x536/0x570
 [<ffffffff8047df19>] bit_putcs+0x3b9/0x630
 [<ffffffff8047e456>] soft_cursor+0x1b6/0x240
 [<ffffffff8047db25>] bit_cursor+0x605/0x640
 [<ffffffff80477da3>] fbcon_putcs+0x1d3/0x310
 [<ffffffff8047db60>] bit_putcs+0x0/0x630
 [<ffffffff8047a3e4>] fbcon_redraw+0x164/0x1d0
 [<ffffffff8047a675>] fbcon_scroll+0x225/0xdc0
 [<ffffffff8045d140>] scrup+0x100/0x110
 [<ffffffff8045d2c5>] lf+0x65/0x70
 [<ffffffff8027bff9>] __atomic_notifier_call_chain+0x19/0x50
 [<ffffffff8046074b>] do_con_write+0x94b/0x1f70
 [<ffffffff80461da1>] con_put_char+0x31/0x40
 [<ffffffff8044beec>] tty_put_char+0x1c/0x50
 [<ffffffff8044fe58>] opost+0xb8/0x2a0
 [<ffffffff804508f3>] n_tty_write+0x1d3/0x3e0
 [<ffffffff8025bd30>] default_wake_function+0x0/0x10
 [<ffffffff8044e0f4>] tty_write+0x1b4/0x270
 [<ffffffff80450720>] n_tty_write+0x0/0x3e0
 [<ffffffff802cf23b>] vfs_write+0xcb/0x170
 [<ffffffff802cf3e3>] sys_write+0x53/0xa0
 [<ffffffff8022b38b>] system_call_fastpath+0x16/0x1b
Mem-Info:
DMA per-cpu:
CPU    0: hi:    0, btch:   1 usd:   0
CPU    1: hi:    0, btch:   1 usd:   0
DMA32 per-cpu:
CPU    0: hi:  186, btch:  31 usd: 157
CPU    1: hi:  186, btch:  31 usd: 154
Active_anon:2395 active_file:2051 inactive_anon:636
 inactive_file:6863 unevictable:0 dirty:4348 writeback:0 unstable:0
 free:747977 slab:5006 mapped:1977 pagetables:488 bounce:0
DMA free:4kB min:8kB low:8kB high:12kB active_anon:0kB inactive_anon:0kB active_file:0kB inactive_file:0kB unevictable:0kB present:4596kB pages_scanned:0 all_unreclaimable? yes
lowmem_reserve[]: 0 3012 3012 3012
DMA32 free:2991904kB min:7016kB low:8768kB high:10524kB active_anon:9580kB inactive_anon:2544kB active_file:8204kB inactive_file:27452kB unevictable:0kB present:3084968kB pages_scanned:32 all_unreclaimable? no
lowmem_reserve[]: 0 0 0 0
DMA: 1*4kB 0*8kB 0*16kB 0*32kB 0*64kB 0*128kB 0*256kB 0*512kB 0*1024kB 0*2048kB 0*4096kB = 4kB
DMA32: 839*4kB 539*8kB 256*16kB 134*32kB 47*64kB 10*128kB 2*256kB 3*512kB 2*1024kB 3*2048kB 723*4096kB = 2991988kB
8968 total pagecache pages
0 pages in swap cache
Swap cache stats: add 0, delete 0, find 0/0
Free swap  = 2104472kB
Total swap = 2104472kB
786029 pages RAM
15043 pages reserved
12768 pages shared
14603 pages non-shared
dmesg: page allocation failure. order:0, mode:0x21
Pid: 5602, comm: dmesg Tainted: P           2.6.28-gentoo #1
Call Trace:
 <IRQ>  [<ffffffff802a4e0d>] __alloc_pages_internal+0x3dd/0x4e0
 [<ffffffff8022e259>] do_IRQ+0xc9/0x110
 [<ffffffff802cb273>] cache_alloc_refill+0x313/0x5b0
 [<ffffffff802cb5fb>] __kmalloc+0xeb/0xf0
 [<ffffffff806bb8ed>] __alloc_skb+0x6d/0x150
 [<ffffffff8027e458>] getnstimeofday+0x48/0xc0
 [<ffffffff806bc457>] __netdev_alloc_skb+0x17/0x40
 [<ffffffff804d6b5d>] b44_alloc_rx_skb+0x17d/0x740
 [<ffffffff804d912d>] b44_poll+0x30d/0x620
 [<ffffffff806bffc3>] net_rx_action+0x83/0x150
 [<ffffffff80265e73>] __do_softirq+0x93/0x160
 [<ffffffff8022c60c>] call_softirq+0x1c/0x30
 [<ffffffff8022dfa5>] do_softirq+0x35/0x70
 [<ffffffff80265b1d>] irq_exit+0x9d/0xb0
 [<ffffffff8022e259>] do_IRQ+0xc9/0x110
 [<ffffffff8022b896>] ret_from_intr+0x0/0xa
 <EOI>  [<ffffffff804804a6>] cfb_imageblit+0x536/0x570
 [<ffffffff8047df19>] bit_putcs+0x3b9/0x630
 [<ffffffff8047e456>] soft_cursor+0x1b6/0x240
 [<ffffffff8047db25>] bit_cursor+0x605/0x640
 [<ffffffff80477da3>] fbcon_putcs+0x1d3/0x310
 [<ffffffff8047db60>] bit_putcs+0x0/0x630
 [<ffffffff8047a3e4>] fbcon_redraw+0x164/0x1d0
 [<ffffffff8047a675>] fbcon_scroll+0x225/0xdc0
 [<ffffffff8045d140>] scrup+0x100/0x110
 [<ffffffff8045d2c5>] lf+0x65/0x70
 [<ffffffff8027bff9>] __atomic_notifier_call_chain+0x19/0x50
 [<ffffffff8046074b>] do_con_write+0x94b/0x1f70
 [<ffffffff80461da1>] con_put_char+0x31/0x40
 [<ffffffff8044beec>] tty_put_char+0x1c/0x50
 [<ffffffff8044fe58>] opost+0xb8/0x2a0
 [<ffffffff804508f3>] n_tty_write+0x1d3/0x3e0
 [<ffffffff8025bd30>] default_wake_function+0x0/0x10
 [<ffffffff8044e0f4>] tty_write+0x1b4/0x270
 [<ffffffff80450720>] n_tty_write+0x0/0x3e0
 [<ffffffff802cf23b>] vfs_write+0xcb/0x170
 [<ffffffff802cf3e3>] sys_write+0x53/0xa0
 [<ffffffff8022b38b>] system_call_fastpath+0x16/0x1b
Mem-Info:
DMA per-cpu:
CPU    0: hi:    0, btch:   1 usd:   0
CPU    1: hi:    0, btch:   1 usd:   0
DMA32 per-cpu:
CPU    0: hi:  186, btch:  31 usd: 157
CPU    1: hi:  186, btch:  31 usd: 154
Active_anon:2395 active_file:2051 inactive_anon:636
 inactive_file:6863 unevictable:0 dirty:4348 writeback:0 unstable:0
 free:747977 slab:5006 mapped:1977 pagetables:488 bounce:0
DMA free:4kB min:8kB low:8kB high:12kB active_anon:0kB inactive_anon:0kB active_file:0kB inactive_file:0kB unevictable:0kB present:4596kB pages_scanned:0 all_unreclaimable? yes
lowmem_reserve[]: 0 3012 3012 3012
DMA32 free:2991904kB min:7016kB low:8768kB high:10524kB active_anon:9580kB inactive_anon:2544kB active_file:8204kB inactive_file:27452kB unevictable:0kB present:3084968kB pages_scanned:32 all_unreclaimable? no
lowmem_reserve[]: 0 0 0 0
