Date: Mon, 5 Jan 2009 20:05:09 +0300
From: Andrey Borzenkov <>
Subject: 2.6.28: warn_slowpath in orinoco receive path
Sender: linux-kernel-owner@vger.kernel.org
Precedence: bulk
List-ID: <linux-kernel.vger.kernel.org>
X-Mailing-List: linux-kernel@vger.kernel.org
X-Lkml-Link: https://lkml.org/lkml/2009/1/5/294

I would appreciate explanation which condition triggers this 
warn_slowpath. Otherwise does it ring the bell for someone? Network was 
dead after it till I reloaded modules (orinoco and hermes).
dmesg and config follow.
[    0.000000] BIOS EBDA/lowmem at: 0009fc00/0009fc00
[    0.000000] Linux version 2.6.28-1avb (bor@cooker) (gcc version 4.3.2 
(GCC) ) #26 Thu Dec 25 20:23:38 MSK 2008
[    0.000000] KERNEL supported cpus:
[    0.000000]   Intel GenuineIntel
[    0.000000] PAT WC disabled due to known CPU erratum.
[    0.000000] BIOS-provided physical RAM map:
[    0.000000]  BIOS-e820: 0000000000000000 - 000000000009fc00 (usable)
[    0.000000]  BIOS-e820: 000000000009fc00 - 00000000000a0000 
(reserved)
[    0.000000]  BIOS-e820: 00000000000e0000 - 00000000000eee00 
(reserved)
[    0.000000]  BIOS-e820: 00000000000eee00 - 00000000000ef000 (ACPI 
NVS)
[    0.000000]  BIOS-e820: 00000000000ef000 - 0000000000100000 
(reserved)
[    0.000000]  BIOS-e820: 0000000000100000 - 000000001ef60000 (usable)
[    0.000000]  BIOS-e820: 000000001ef60000 - 000000001ef70000 (ACPI 
data)
[    0.000000]  BIOS-e820: 000000001ef70000 - 0000000020000000 
(reserved)
[    0.000000]  BIOS-e820: 00000000fff80000 - 0000000100000000 
(reserved)
[    0.000000] DMI 2.3 present.
[    0.000000] last_pfn = 0x1ef60 max_arch_pfn = 0x100000
[    0.000000] kernel direct mapping tables up to 1ef60000 @ 7000-d000
[    0.000000] RAMDISK: 1ebd2000 - 1ef4fa31
[    0.000000] ACPI: RSDP 000F0090, 0014 (r0 TOSHIB)
[    0.000000] ACPI: RSDT 1EF60000, 0028 (r1 TOSHIB 750        970814 
TASM  4010000)
[    0.000000] ACPI: FACP 1EF60054, 0084 (r2 TOSHIB 750        970814 
TASM  4010000)
[    0.000000] ACPI: DSDT 1EF600D8, 68DA (r1 TOSHIB 4000     20020417 
MSFT  100000A)
[    0.000000] ACPI: FACS 000EEE00, 0040
[    0.000000] 495MB LOWMEM available.
[    0.000000]   mapped low ram: 0 - 1ef60000
[    0.000000]   low ram: 00000000 - 1ef60000
[    0.000000]   bootmap 00001000 - 00004dec
[    0.000000] (7 early reservations) ==> bootmem [0000000000 - 
001ef60000]
[    0.000000]   #0 [0000000000 - 0000001000]   BIOS data page ==> 
[0000000000 - 0000001000]
[    0.000000]   #1 [0000100000 - 0000944b54]    TEXT DATA BSS ==> 
[0000100000 - 0000944b54]
[    0.000000]   #2 [001ebd2000 - 001ef4fa31]          RAMDISK ==> 
[001ebd2000 - 001ef4fa31]
[    0.000000]   #3 [0000945000 - 0000949000]    INIT_PG_TABLE ==> 
[0000945000 - 0000949000]
[    0.000000]   #4 [000009fc00 - 0000100000]    BIOS reserved ==> 
[000009fc00 - 0000100000]
[    0.000000]   #5 [0000007000 - 0000009000]          PGTABLE ==> 
[0000007000 - 0000009000]
[    0.000000]   #6 [0000001000 - 0000005000]          BOOTMAP ==> 
[0000001000 - 0000005000]
[    0.000000] Zone PFN ranges:
[    0.000000]   DMA      0x00000000 -> 0x00001000
[    0.000000]   Normal   0x00001000 -> 0x0001ef60
[    0.000000] Movable zone start PFN for each node
[    0.000000] early_node_map[2] active PFN ranges
[    0.000000]     0: 0x00000000 -> 0x0000009f
[    0.000000]     0: 0x00000100 -> 0x0001ef60
[    0.000000] On node 0 totalpages: 126719
[    0.000000] free_area_init_node: node 0, pgdat c03defe0, node_mem_map 
c1000000
[    0.000000]   DMA zone: 32 pages used for memmap
[    0.000000]   DMA zone: 0 pages reserved
[    0.000000]   DMA zone: 3967 pages, LIFO batch:0
[    0.000000]   Normal zone: 959 pages used for memmap
[    0.000000]   Normal zone: 121761 pages, LIFO batch:31
[    0.000000]   Movable zone: 0 pages used for memmap
[    0.000000] ACPI: PM-Timer IO Port: 0xee08
[    0.000000] PM: Registered nosave memory: 000000000009f000 - 
00000000000a0000
[    0.000000] PM: Registered nosave memory: 00000000000a0000 - 
00000000000e0000
[    0.000000] PM: Registered nosave memory: 00000000000e0000 - 
00000000000ee000
[    0.000000] PM: Registered nosave memory: 00000000000ee000 - 
00000000000ef000
[    0.000000] PM: Registered nosave memory: 00000000000ef000 - 
0000000000100000
[    0.000000] Allocating PCI resources starting at 30000000 (gap: 
20000000:dff80000)
[    0.000000] Built 1 zonelists in Zone order, mobility grouping on.  
Total pages: 125728
[    0.000000] Kernel command line: BOOT_IMAGE=2.6.28-1avb root=LABEL=/ 
resume=LABEL=swap acpi_backlight=vendor 
netconsole=@10.0.0.1/eth0,@10.0.0.2/00:17:42:21:27:e4 vga=791
[    0.000000] Enabling fast FPU save and restore... done.
[    0.000000] Enabling unmasked SIMD FPU exception support... done.
[    0.000000] Initializing CPU#0
[    0.000000] CPU 0 irqstacks, hard=c0428000 soft=c0427000
[    0.000000] PID hash table entries: 2048 (order: 11, 8192 bytes)
[    0.000000] Fast TSC calibration using PIT
[    0.000000] Detected 747.740 MHz processor.
[    0.003333] Console: colour dummy device 80x25
[    0.003333] console [tty0] enabled
[    0.003333] Lock dependency validator: Copyright (c) 2006 Red Hat, 
Inc., Ingo Molnar
[    0.003333] ... MAX_LOCKDEP_SUBCLASSES:  8
[    0.003333] ... MAX_LOCK_DEPTH:          48
[    0.003333] ... MAX_LOCKDEP_KEYS:        8191
[    0.003333] ... CLASSHASH_SIZE:          4096
[    0.003333] ... MAX_LOCKDEP_ENTRIES:     8192
[    0.003333] ... MAX_LOCKDEP_CHAINS:      16384
[    0.003333] ... CHAINHASH_SIZE:          8192
[    0.003333]  memory used by lock dependency info: 2463 kB
[    0.003333]  per task-struct memory footprint: 1920 bytes
[    0.003333] ------------------------
[    0.003333] | Locking API testsuite:
[    0.003333] 
----------------------------------------------------------------------------
[    0.003333]                                  | spin |wlock |rlock |
mutex | wsem | rsem |
[    0.003333]   
--------------------------------------------------------------------------
[    0.003333]                      A-A deadlock:  ok  |  ok  |  ok  |  
ok  |  ok  |  ok  |
[    0.003333]                  A-B-B-A deadlock:  ok  |  ok  |  ok  |  
ok  |  ok  |  ok  |
[    0.003333]              A-B-B-C-C-A deadlock:  ok  |  ok  |  ok  |  
ok  |  ok  |  ok  |
[    0.003333]              A-B-C-A-B-C deadlock:  ok  |  ok  |  ok  |  
ok  |  ok  |  ok  |
[    0.003333]          A-B-B-C-C-D-D-A deadlock:  ok  |  ok  |  ok  |  
ok  |  ok  |  ok  |
[    0.003333]          A-B-C-D-B-D-D-A deadlock:  ok  |  ok  |  ok  |  
ok  |  ok  |  ok  |
[    0.003333]          A-B-C-D-B-C-D-A deadlock:  ok  |  ok  |  ok  |  
ok  |  ok  |  ok  |
[    0.003333]                     double unlock:  ok  |  ok  |  ok  |  
ok  |  ok  |  ok  |
[    0.003333]                   initialize held:  ok  |  ok  |  ok  |  
ok  |  ok  |  ok  |
[    0.003333]                  bad unlock order:  ok  |  ok  |  ok  |  
ok  |  ok  |  ok  |
[    0.003333]   
--------------------------------------------------------------------------
[    0.003333]               recursive read-lock:             |  ok  |             
|  ok  |
[    0.003333]            recursive read-lock #2:             |  ok  |             
|  ok  |
[    0.003333]             mixed read-write-lock:             |  ok  |             
|  ok  |
[    0.003333]             mixed write-read-lock:             |  ok  |             
|  ok  |
[    0.003333]   
--------------------------------------------------------------------------
[    0.003333]      hard-irqs-on + irq-safe-A/12:  ok  |  ok  |  ok  |
[    0.003333]      soft-irqs-on + irq-safe-A/12:  ok  |  ok  |  ok  |
[    0.003333]      hard-irqs-on + irq-safe-A/21:  ok  |  ok  |  ok  |
[    0.003333]      soft-irqs-on + irq-safe-A/21:  ok  |  ok  |  ok  |
[    0.003333]        sirq-safe-A => hirqs-on/12:  ok  |  ok  |  ok  |
[    0.003333]        sirq-safe-A => hirqs-on/21:  ok  |  ok  |  ok  |
[    0.003333]          hard-safe-A + irqs-on/12:  ok  |  ok  |  ok  |
[    0.003333]          soft-safe-A + irqs-on/12:  ok  |  ok  |  ok  |
[    0.003333]          hard-safe-A + irqs-on/21:  ok  |  ok  |  ok  |
[    0.003333]          soft-safe-A + irqs-on/21:  ok  |  ok  |  ok  |
[    0.003333]     hard-safe-A + unsafe-B #1/123:  ok  |  ok  |  ok  |
[    0.003333]     soft-safe-A + unsafe-B #1/123:  ok  |  ok  |  ok  |
[    0.003333]     hard-safe-A + unsafe-B #1/132:  ok  |  ok  |  ok  |
[    0.003333]     soft-safe-A + unsafe-B #1/132:  ok  |  ok  |  ok  |
[    0.003333]     hard-safe-A + unsafe-B #1/213:  ok  |  ok  |  ok  |
[    0.003333]     soft-safe-A + unsafe-B #1/213:  ok  |  ok  |  ok  |
[    0.003333]     hard-safe-A + unsafe-B #1/231:  ok  |  ok  |  ok  |
[    0.003333]     soft-safe-A + unsafe-B #1/231:  ok  |  ok  |  ok  |
[    0.003333]     hard-safe-A + unsafe-B #1/312:  ok  |  ok  |  ok  |
[    0.003333]     soft-safe-A + unsafe-B #1/312:  ok  |  ok  |  ok  |
[    0.003333]     hard-safe-A + unsafe-B #1/321:  ok  |  ok  |  ok  |
[    0.003333]     soft-safe-A + unsafe-B #1/321:  ok  |  ok  |  ok  |
[    0.003333]     hard-safe-A + unsafe-B #2/123:  ok  |  ok  |  ok  |
[    0.003333]     soft-safe-A + unsafe-B #2/123:  ok  |  ok  |  ok  |
[    0.003333]     hard-safe-A + unsafe-B #2/132:  ok  |  ok  |  ok  |
[    0.003333]     soft-safe-A + unsafe-B #2/132:  ok  |  ok  |  ok  |
[    0.003333]     hard-safe-A + unsafe-B #2/213:  ok  |  ok  |  ok  |
[    0.003333]     soft-safe-A + unsafe-B #2/213:  ok  |  ok  |  ok  |
[    0.003333]     hard-safe-A + unsafe-B #2/231:  ok  |  ok  |  ok  |
[    0.003333]     soft-safe-A + unsafe-B #2/231:  ok  |  ok  |  ok  |
[    0.003333]     hard-safe-A + unsafe-B #2/312:  ok  |  ok  |  ok  |
[    0.003333]     soft-safe-A + unsafe-B #2/312:  ok  |  ok  |  ok  |
[    0.003333]     hard-safe-A + unsafe-B #2/321:  ok  |  ok  |  ok  |
[    0.003333]     soft-safe-A + unsafe-B #2/321:  ok  |  ok  |  ok  |
[    0.003333]       hard-irq lock-inversion/123:  ok  |  ok  |  ok  |
[    0.003333]       soft-irq lock-inversion/123:  ok  |  ok  |  ok  |
[    0.003333]       hard-irq lock-inversion/132:  ok  |  ok  |  ok  |
[    0.003333]       soft-irq lock-inversion/132:  ok  |  ok  |  ok  |
[    0.003333]       hard-irq lock-inversion/213:  ok  |  ok  |  ok  |
[    0.003333]       soft-irq lock-inversion/213:  ok  |  ok  |  ok  |
[    0.003333]       hard-irq lock-inversion/231:  ok  |  ok  |  ok  |
[    0.003333]       soft-irq lock-inversion/231:  ok  |  ok  |  ok  |
[    0.003333]       hard-irq lock-inversion/312:  ok  |  ok  |  ok  |
[    0.003333]       soft-irq lock-inversion/312:  ok  |  ok  |  ok  |
[    0.003333]       hard-irq lock-inversion/321:  ok  |  ok  |  ok  |
[    0.003333]       soft-irq lock-inversion/321:  ok  |  ok  |  ok  |
[    0.003333]       hard-irq read-recursion/123:  ok  |
[    0.003333]       soft-irq read-recursion/123:  ok  |
[    0.003333]       hard-irq read-recursion/132:  ok  |
[    0.003333]       soft-irq read-recursion/132:  ok  |
[    0.003333]       hard-irq read-recursion/213:  ok  |
[    0.003333]       soft-irq read-recursion/213:  ok  |
[    0.003333]       hard-irq read-recursion/231:  ok  |
[    0.003333]       soft-irq read-recursion/231:  ok  |
[    0.003333]       hard-irq read-recursion/312:  ok  |
[    0.003333]       soft-irq read-recursion/312:  ok  |
[    0.003333]       hard-irq read-recursion/321:  ok  |
[    0.003333]       soft-irq read-recursion/321:  ok  |
[    0.003333] -------------------------------------------------------
[    0.003333] Good, all 218 testcases passed! |
[    0.003333] ---------------------------------
[    0.003333] Dentry cache hash table entries: 65536 (order: 6, 262144 
bytes)
[    0.003333] Inode-cache hash table entries: 32768 (order: 5, 131072 
bytes)
[    0.003333] Memory: 490172k/507264k available (2041k kernel code, 
16472k reserved, 938k data, 232k init, 0k highmem)
[    0.003333] virtual kernel memory layout:
[    0.003333]     fixmap  : 0xfffed000 - 0xfffff000   (  72 kB)
[    0.003333]     vmalloc : 0xdf760000 - 0xfffeb000   ( 520 MB)
[    0.003333]     lowmem  : 0xc0000000 - 0xdef60000   ( 495 MB)
[    0.003333]       .init : 0xc03ea000 - 0xc0424000   ( 232 kB)
[    0.003333]       .data : 0xc02fe5d9 - 0xc03e8f1c   ( 938 kB)
[    0.003333]       .text : 0xc0100000 - 0xc02fe5d9   (2041 kB)
[    0.003333] Checking if this processor honours the WP bit even in 
supervisor mode...Ok.
[    0.003333] SLUB: Genslabs=12, HWalign=32, Order=0-3, MinObjects=0, 
CPUs=1, Nodes=1
[    0.003406] Calibrating delay loop (skipped), value calculated using 
timer frequency.. 1496.79 BogoMIPS (lpj=2492466)
[    0.003557] Mount-cache hash table entries: 512
[    0.005679] CPU: L1 I cache: 16K, L1 D cache: 16K
[    0.005718] CPU: L2 cache: 256K
[    0.005736] CPU serial number disabled.
[    0.005782] CPU: Intel Pentium III (Coppermine) stepping 0a
[    0.005825] Checking 'hlt' instruction... OK.
[    0.017691] Freeing SMP alternatives: 0k freed
[    0.017711] ACPI: Core revision 20080926
[    0.046162] ACPI: setting ELCR to 0200 (from 0a00)
[    0.049512] Testing tracer nop: PASSED
[    0.053446] net_namespace: 392 bytes
[    0.054906] NET: Registered protocol family 16
[    0.058449] ACPI: bus type pci registered
[    0.060549] PCI: PCI BIOS revision 2.10 entry at 0xfe5ae, last bus=5
[    0.060599] PCI: Using configuration type 1 for base access
[    0.079809] ACPI: EC: Look up EC in DSDT
[    0.107886] ACPI: Interpreter enabled
[    0.107949] ACPI: (supports S0 S3 S4 S5)
[    0.108158] ACPI: Using PIC for interrupt routing
[    0.163771] ACPI: ACPI Dock Station Driver: 2 docks/bays found
[    0.163934] ACPI: PCI Root Bridge [PCI0] (0000:00)
[    0.164961] pci 0000:00:00.0: reg 10 32bit mmio: 
[0xf0000000-0xf3ffffff]
[    0.165292] pci 0000:00:02.0: reg 10 32bit mmio: 
[0xf7eff000-0xf7efffff]
[    0.165405] pci 0000:00:02.0: PME# supported from D3hot D3cold
[    0.165447] pci 0000:00:02.0: PME# disabled
[    0.165613] pci 0000:00:04.0: reg 20 io port: [0xeff0-0xefff]
[    0.165771] pci 0000:00:06.0: reg 10 io port: [0xed00-0xedff]
[    0.165794] pci 0000:00:06.0: reg 14 32bit mmio: 
[0xf7efe000-0xf7efefff]
[    0.165892] pci 0000:00:06.0: supports D1 D2
[    0.165900] pci 0000:00:06.0: PME# supported from D2 D3hot D3cold
[    0.165928] pci 0000:00:06.0: PME# disabled
[    0.166329] pci 0000:00:08.0: quirk: region ee00-ee3f claimed by 
ali7101 ACPI
[    0.166359] pci 0000:00:08.0: quirk: region ef00-ef1f claimed by 
ali7101 SMB
[    0.166473] pci 0000:00:0a.0: reg 10 32bit mmio: 
[0xf7efd000-0xf7efdfff]
[    0.166497] pci 0000:00:0a.0: reg 14 io port: [0xeb40-0xeb7f]
[    0.166520] pci 0000:00:0a.0: reg 18 32bit mmio: 
[0xf7d00000-0xf7dfffff]
[    0.166805] pci 0000:00:0a.0: supports D1 D2
[    0.166814] pci 0000:00:0a.0: PME# supported from D0 D1 D2 D3hot 
D3cold
[    0.166844] pci 0000:00:0a.0: PME# disabled
[    0.166974] pci 0000:00:10.0: reg 10 32bit mmio: [0x000000-0x000fff]
[    0.167006] pci 0000:00:10.0: supports D1 D2
[    0.167014] pci 0000:00:10.0: PME# supported from D0 D1 D2 D3hot 
D3cold
[    0.167043] pci 0000:00:10.0: PME# disabled
[    0.167157] pci 0000:00:11.0: reg 10 32bit mmio: [0x000000-0x000fff]
[    0.167288] pci 0000:00:11.1: reg 10 32bit mmio: [0x000000-0x000fff]
[    0.167438] pci 0000:00:12.0: reg 10 32bit mmio: 
[0xf7cffe00-0xf7cfffff]
[    0.167553] pci 0000:00:12.0: supports D1 D2
[    0.167561] pci 0000:00:12.0: PME# supported from D0 D1 D2 D3hot 
D3cold
[    0.167590] pci 0000:00:12.0: PME# disabled
[    0.167780] pci 0000:01:00.0: reg 10 32bit mmio: 
[0xfc000000-0xfdffffff]
[    0.167803] pci 0000:01:00.0: reg 14 32bit mmio: 
[0xfbc00000-0xfbffffff]
[    0.167825] pci 0000:01:00.0: reg 18 32bit mmio: 
[0xf8000000-0xf9ffffff]
[    0.167847] pci 0000:01:00.0: reg 1c 32bit mmio: 
[0xf7ff8000-0xf7ffffff]
[    0.167892] pci 0000:01:00.0: reg 30 32bit mmio: [0x000000-0x00ffff]
[    0.167926] pci 0000:01:00.0: supports D1 D2
[    0.168059] pci 0000:00:01.0: bridge 32bit mmio: 
[0xf7f00000-0xfdffffff]
[    0.168262] bus 00 -> node 0
[    0.168313] ACPI: PCI Interrupt Routing Table [\_SB_.PCI0._PRT]
[    0.169012] ACPI: PCI Interrupt Routing Table [\_SB_.PCI0.PCI1._PRT]
[    0.204220] ACPI: PCI Interrupt Link [LNKA] (IRQs 3 4 5 6 7 10 *11)
[    0.205154] ACPI: PCI Interrupt Link [LNKB] (IRQs 3 4 5 6 7 10 *11)
[    0.206025] ACPI: PCI Interrupt Link [LNKC] (IRQs 3 4 5 6 7 10 *11)
[    0.206967] ACPI: PCI Interrupt Link [LNKD] (IRQs 3 4 5 6 7 10 *11)
[    0.207832] ACPI: PCI Interrupt Link [LNKG] (IRQs 3 4 5 6 7 10 *11)
[    0.208703] ACPI: PCI Interrupt Link [LNKH] (IRQs 3 4 5 6 7 10 *11)
[    0.210233] ACPI: Power Resource [PFAN] (off)
[    0.212958] PCI: Using ACPI for IRQ routing
[    0.214505] pnp: PnP ACPI init
[    0.214505] ACPI: bus type pnp registered
[    0.240351] pnp: PnP ACPI: found 12 devices
[    0.240405] ACPI: ACPI bus type pnp unregistered
[    0.240506] system 00:00: iomem range 0x0-0x9ffff could not be 
reserved
[    0.240536] system 00:00: iomem range 0xe0000-0xeffff could not be 
reserved
[    0.240564] system 00:00: iomem range 0xf0000-0xfffff could not be 
reserved
[    0.240592] system 00:00: iomem range 0x100000-0x1ef5ffff could not 
be reserved
[    0.240622] system 00:00: iomem range 0x1ef60000-0x1ef6ffff could not 
be reserved
[    0.240652] system 00:00: iomem range 0x1f000000-0x1fffffff has been 
reserved
[    0.240679] system 00:00: iomem range 0x1ef70000-0x1effffff has been 
reserved
[    0.240709] system 00:00: iomem range 0xffe00000-0xffffffff could not 
be reserved
[    0.240800] system 00:08: ioport range 0x370-0x371 has been reserved
[    0.240827] system 00:08: ioport range 0x40b-0x40b has been reserved
[    0.240852] system 00:08: ioport range 0x480-0x48f has been reserved
[    0.240877] system 00:08: ioport range 0x4d0-0x4d1 has been reserved
[    0.240903] system 00:08: ioport range 0x4d6-0x4d6 has been reserved
[    0.240928] system 00:08: ioport range 0x6c0-0x6ff has been reserved
[    0.240953] system 00:08: ioport range 0xe000-0xe07f has been 
reserved
[    0.240979] system 00:08: ioport range 0xe080-0xe0ff has been 
reserved
[    0.241005] system 00:08: ioport range 0xe400-0xe47f has been 
reserved
[    0.241031] system 00:08: ioport range 0xe480-0xe4ff has been 
reserved
[    0.241057] system 00:08: ioport range 0xe800-0xe87f has been 
reserved
[    0.241083] system 00:08: ioport range 0xe880-0xe8ff has been 
reserved
[    0.241109] system 00:08: ioport range 0xec00-0xec7f has been 
reserved
[    0.241136] system 00:08: ioport range 0xec80-0xecff has been 
reserved
[    0.241163] system 00:08: ioport range 0xee00-0xee41 could not be 
reserved
[    0.241190] system 00:08: ioport range 0xee90-0xee9f has been 
reserved
[    0.241216] system 00:08: ioport range 0xeeac-0xeeac has been 
reserved
[    0.241244] system 00:08: ioport range 0xef00-0xef3f could not be 
reserved
[    0.241270] system 00:08: ioport range 0xef40-0xef5f has been 
reserved
[    0.281500] pci 0000:00:01.0: PCI bridge, secondary bus 0000:01
[    0.281554] pci 0000:00:01.0:   IO window: disabled
[    0.281586] pci 0000:00:01.0:   MEM window: 0xf7f00000-0xfdffffff
[    0.281616] pci 0000:00:01.0:   PREFETCH window: 
0x00000048000000-0x000000480fffff
[    0.281661] pci 0000:00:10.0: CardBus bridge, secondary bus 0000:02
[    0.281683] pci 0000:00:10.0:   IO window: 0x001000-0x0010ff
[    0.281711] pci 0000:00:10.0:   IO window: 0x001400-0x0014ff
[    0.281738] pci 0000:00:10.0:   PREFETCH window: 
0x30000000-0x33ffffff
[    0.281768] pci 0000:00:10.0:   MEM window: 0x34000000-0x37ffffff
[    0.281797] pci 0000:00:11.0: CardBus bridge, secondary bus 0000:06
[    0.281818] pci 0000:00:11.0:   IO window: 0x001800-0x0018ff
[    0.281845] pci 0000:00:11.0:   IO window: 0x001c00-0x001cff
[    0.281873] pci 0000:00:11.0:   PREFETCH window: 
0x38000000-0x3bffffff
[    0.281903] pci 0000:00:11.0:   MEM window: 0x3c000000-0x3fffffff
[    0.281932] pci 0000:00:11.1: CardBus bridge, secondary bus 0000:0a
[    0.281953] pci 0000:00:11.1:   IO window: 0x002000-0x0020ff
[    0.281980] pci 0000:00:11.1:   IO window: 0x002400-0x0024ff
[    0.282008] pci 0000:00:11.1:   PREFETCH window: 
0x40000000-0x43ffffff
[    0.282037] pci 0000:00:11.1:   MEM window: 0x44000000-0x47ffffff
[    0.282102] pci 0000:00:01.0: setting latency timer to 64
[    0.282135] pci 0000:00:10.0: enabling device (0000 -> 0003)
[    0.283989] ACPI: PCI Interrupt Link [LNKC] enabled at IRQ 11
[    0.284023] PCI: setting IRQ 11 as level-triggered
[    0.284038] pci 0000:00:10.0: PCI INT A -> Link[LNKC] -> GSI 11 
(level, low) -> IRQ 11
[    0.284099] pci 0000:00:11.0: enabling device (0000 -> 0003)
[    0.285500] ACPI: PCI Interrupt Link [LNKA] enabled at IRQ 11
[    0.285526] pci 0000:00:11.0: PCI INT A -> Link[LNKA] -> GSI 11 
(level, low) -> IRQ 11
[    0.285585] pci 0000:00:11.1: enabling device (0000 -> 0003)
[    0.287021] ACPI: PCI Interrupt Link [LNKB] enabled at IRQ 11
[    0.287048] pci 0000:00:11.1: PCI INT B -> Link[LNKB] -> GSI 11 
(level, low) -> IRQ 11
[    0.287094] bus: 00 index 0 io port: [0x00-0xffff]
[    0.287113] bus: 00 index 1 mmio: [0x000000-0xffffffff]
[    0.287132] bus: 01 index 0 mmio: [0x0-0x0]
[    0.287149] bus: 01 index 1 mmio: [0xf7f00000-0xfdffffff]
[    0.287168] bus: 01 index 2 mmio: [0x48000000-0x480fffff]
[    0.287186] bus: 01 index 3 mmio: [0x0-0x0]
[    0.287205] bus: 02 index 0 io port: [0x1000-0x10ff]
[    0.287223] bus: 02 index 1 io port: [0x1400-0x14ff]
[    0.287241] bus: 02 index 2 mmio: [0x30000000-0x33ffffff]
[    0.287260] bus: 02 index 3 mmio: [0x34000000-0x37ffffff]
[    0.287280] bus: 06 index 0 io port: [0x1800-0x18ff]
[    0.287298] bus: 06 index 1 io port: [0x1c00-0x1cff]
[    0.287316] bus: 06 index 2 mmio: [0x38000000-0x3bffffff]
[    0.287335] bus: 06 index 3 mmio: [0x3c000000-0x3fffffff]
[    0.287354] bus: 0a index 0 io port: [0x2000-0x20ff]
[    0.287372] bus: 0a index 1 io port: [0x2400-0x24ff]
[    0.287390] bus: 0a index 2 mmio: [0x40000000-0x43ffffff]
[    0.287409] bus: 0a index 3 mmio: [0x44000000-0x47ffffff]
[    0.287493] NET: Registered protocol family 2
[    0.288476] IP route cache hash table entries: 4096 (order: 2, 16384 
bytes)
[    0.289493] TCP established hash table entries: 16384 (order: 5, 
131072 bytes)
[    0.290381] TCP bind hash table entries: 16384 (order: 7, 589824 
bytes)
[    0.296294] TCP: Hash tables configured (established 16384 bind 
16384)
[    0.296578] TCP reno registered
[    0.297382] NET: Registered protocol family 1
[    0.298791] checking if image is initramfs... it is
[    0.783494] Switched to high resolution mode on CPU 0
[    1.207685] Freeing initrd memory: 3574k freed
[    1.215621] Initializing RT-Tester: OK
[    1.217136] audit: initializing netlink socket (disabled)
[    1.217363] type=2000 audit(1230972547.216:1): initialized
[    1.232745] Kprobe smoke test started
[    1.237108] Kprobe smoke test passed successfully
[    1.237220] Testing tracer sched_switch: PASSED
[    1.371020] msgmni has been set to 964
[    1.372429] io scheduler noop registered
[    1.372466] io scheduler anticipatory registered
[    1.372485] io scheduler deadline registered
[    1.372602] io scheduler cfq registered (default)
[    1.372877] pci 0000:00:07.0: Activating ISA DMA hang workarounds
[    1.372956] pci 0000:00:0a.0: Firmware left e100 interrupts enabled; 
disabling
[    1.373052] pci 0000:01:00.0: Boot video device
[    1.375768] vesafb: framebuffer at 0xfc000000, mapped to 0xdf780000, 
using 3072k, total 16384k
[    1.375822] vesafb: mode is 1024x768x16, linelength=2048, pages=9
[    1.375844] vesafb: protected mode interface info at c000:775e
[    1.375865] vesafb: pmi: set display start = c00c777f, set palette = 
c00c77e2
[    1.375887] vesafb: scrolling: redraw
[    1.375908] vesafb: Truecolor: size=0:5:6:5, shift=0:11:5:0
[    1.443451] Console: switching to colour frame buffer device 128x48
[    1.508980] fb0: VESA VGA frame buffer device
[    1.895728] brd: module loaded
[    1.896180] e100: Intel(R) PRO/100 Network Driver, 3.5.23-k6-NAPI
[    1.897041] e100: Copyright(c) 1999-2006 Intel Corporation
[    1.899927] ACPI: PCI Interrupt Link [LNKD] enabled at IRQ 11
[    1.900957] e100 0000:00:0a.0: PCI INT A -> Link[LNKD] -> GSI 11 
(level, low) -> IRQ 11
[    1.928753] e100 0000:00:0a.0: PME# disabled
[    1.930542] e100: eth0: e100_probe: addr 0xf7efd000, irq 11, MAC addr 
00:00:39:d7:14:a1
[    1.931955] netconsole: local port 6665
[    1.932445] netconsole: local IP 10.0.0.1
[    1.932942] netconsole: interface eth0
[    1.933634] netconsole: remote port 6666
[    1.934125] netconsole: remote IP 10.0.0.2
[    1.934636] netconsole: remote ethernet address 00:17:42:21:27:e4
[    1.935427] netconsole: device eth0 not up yet, forcing it
[    5.966723] netconsole: timeout waiting for carrier
[    5.969264] console [netcon0] enabled
[   11.528019] Clocksource tsc unstable (delta = 4686872086 ns)
[   11.553330] netconsole: network logging started
[   11.578938] PNP: PS/2 Controller [PNP0303:KBC,PNP0f13:PS2M] at 
0x60,0x64 irq 1,12
[   11.609537] serio: i8042 KBD port at 0x60,0x64 irq 1
[   11.634257] serio: i8042 AUX port at 0x60,0x64 irq 12
[   11.661567] mice: PS/2 mouse device common for all mice
[   11.686238] cpuidle: using governor ladder
[   11.709905] cpuidle: using governor menu
[   11.733578] TCP cubic registered
[   11.756852] Using IPI Shortcut mode
[   11.783150] registered taskstats version 1
[   11.807504] BIOS EDD facility v0.16 2004-Jun-25, 1 devices found
[   11.835732] Freeing unused kernel memory: 232k freed
[   11.860389] Write protecting the kernel text: 2044k
[   11.884027] Write protecting the kernel read-only data: 768k
[   11.936955] input: AT Translated Set 2 keyboard as 
/devices/platform/i8042/serio0/input/input0
[   12.549127] SCSI subsystem initialized
[   12.616973] Driver 'sd' needs updating - please use bus_type methods
[   12.743299] libata version 3.00 loaded.
[   12.783348] pata_ali 0000:00:04.0: can't derive routing for PCI INT A
[   12.807440] scsi0 : pata_ali
[   12.831550] scsi1 : pata_ali
[   12.858044] ata1: PATA max UDMA/66 cmd 0x1f0 ctl 0x3f6 bmdma 0xeff0 
irq 14
[   12.880525] ata2: PATA max UDMA/66 cmd 0x170 ctl 0x376 bmdma 0xeff8 
irq 15
[   13.060904] ata1.00: ATA-5: IC25N020ATDA04-0, DA3OA70A, max UDMA/100
[   13.082736] ata1.00: 39070080 sectors, multi 0: LBA 
[   13.104422] ata1.00: limited to UDMA/33 due to 40-wire cable
[   13.137442] ata1.00: configured for UDMA/33
[   13.357237] ata2.00: ATAPI: TOSHIBA DVD-ROM SD-C2502, 1313, max 
UDMA/33
[   13.378896] ata2.00: WARNING: ATAPI DMA disabled for reliablity 
issues.  It can be enabled
[   13.401179] ata2.00: WARNING: via pata_ali.atapi_dma modparam or 
corresponding sysfs node.
[   13.437232] ata2.00: configured for UDMA/33
[   13.464735] scsi 0:0:0:0: Direct-Access     ATA      IC25N020ATDA04-0 
DA3O PQ: 0 ANSI: 5
[   13.490601] sd 0:0:0:0: [sda] 39070080 512-byte hardware sectors: 
(20.0 GB/18.6 GiB)
[   13.514667] sd 0:0:0:0: [sda] Write Protect is off
[   13.538444] sd 0:0:0:0: [sda] Mode Sense: 00 3a 00 00
[   13.538704] sd 0:0:0:0: [sda] Write cache: enabled, read cache: 
enabled, doesn't support DPO or FUA
[   13.565175] sd 0:0:0:0: [sda] 39070080 512-byte hardware sectors: 
(20.0 GB/18.6 GiB)
[   13.589854] sd 0:0:0:0: [sda] Write Protect is off
[   13.614097] sd 0:0:0:0: [sda] Mode Sense: 00 3a 00 00
[   13.614306] sd 0:0:0:0: [sda] Write cache: enabled, read cache: 
enabled, doesn't support DPO or FUA
[   13.638954]  sda: sda1 sda2
[   13.924661] sd 0:0:0:0: [sda] Attached SCSI disk
[   13.968100] scsi 1:0:0:0: CD-ROM            TOSHIBA  DVD-ROM SD-C2502 
1313 PQ: 0 ANSI: 5
[   14.253617] ReiserFS: sda2: found reiserfs format "3.6" with standard 
journal
[   14.280221] ReiserFS: sda2: using ordered data mode
[   14.321446] ReiserFS: sda2: journal params: device sda2, size 8192, 
journal first block 18, max trans len 1024, max batch 900, max commit 
age 30, max trans age 30
[   14.384649] ReiserFS: sda2: checking transaction log (sda2)
[   14.463139] ReiserFS: sda2: Using r5 hash to sort names
[   17.443514] usbcore: registered new interface driver usbfs
[   17.470805] usbcore: registered new interface driver hub
[   17.497547] usbcore: registered new device driver usb
[   24.394010] Linux agpgart interface v0.103
[   24.405941] ohci_hcd: USB 1.1 'Open' Host Controller (OHCI) Driver
[   24.411786] ACPI: PCI Interrupt Link [LNKG] enabled at IRQ 11
[   24.411813] ohci_hcd 0000:00:02.0: PCI INT A -> Link[LNKG] -> GSI 11 
(level, low) -> IRQ 11
[   24.411975] ohci_hcd 0000:00:02.0: OHCI Host Controller
[   24.414541] ohci_hcd 0000:00:02.0: new USB bus registered, assigned 
bus number 1
[   24.414669] ohci_hcd 0000:00:02.0: irq 11, io mem 0xf7eff000
[   24.471787] usb usb1: configuration #1 chosen from 1 choice
[   24.472616] hub 1-0:1.0: USB hub found
[   24.472902] hub 1-0:1.0: 3 ports detected
[   24.558042] input: Power Button (FF) as 
/devices/LNXSYSTM:00/LNXPWRBN:00/input/input1
[   24.570211] ACPI: Power Button (FF) [PWRF]
[   24.570957] input: Lid Switch as 
/devices/LNXSYSTM:00/device:00/PNP0C0D:00/input/input2
[   24.571415] ACPI: Lid Switch [LID]
[   24.671572] ACPI: AC Adapter [ADP1] (on-line)
[   24.860194] agpgart-ali 0000:00:00.0: ALi M1644 chipset
[   24.871030] agpgart-ali 0000:00:00.0: AGP aperture is 64M @ 
0xf0000000
[   24.985970] ACPI Warning (nspredef-0858): \_SB_.BAT1._BIF: Return 
Package type mismatch at index 12 - found Integer, expected 
String/Buffer [20080926]
[   24.987817] ACPI: Battery Slot [BAT1] (battery present)
[   24.988033] ACPI: Battery Slot [BAT2] (battery absent)
[   25.134528] ACPI: CPU0 (power states: C1[C1] C2[C2])
[   25.135654] processor ACPI_CPU:00: registered as cooling_device0
[   25.229799] thermal LNXTHERM:01: registered as thermal_zone0
[   25.231810] ACPI: Thermal Zone [THRM] (58 C)
[   25.335374] toshiba_acpi: Toshiba Laptop ACPI Extras version 0.19
[   25.335391] toshiba_acpi:     HCI method: \_SB_.VALD.GHCI
[   25.530744] input: Video Bus as 
/devices/LNXSYSTM:00/device:00/PNP0A03:00/device:14/device:15/input/input3
[   25.541008] ACPI: Video Device [VGA] (multi-head: yes  rom: yes  
post: no)
[   25.658782] sd 0:0:0:0: Attached scsi generic sg0 type 0
[   25.659115] scsi 1:0:0:0: Attached scsi generic sg1 type 5
[   25.772344] fan PNP0C0B:00: registered as cooling_device1
[   25.772381] ACPI: Fan [FAN] (off)
[   26.080455] pci 0000:00:08.0: enabling device (0000 -> 0001)
[   26.081621] ALi_M1535: initialized. timeout=60 sec (nowayout=0)
[   27.190319] Driver 'sr' needs updating - please use bus_type methods
[   27.272525] input: PC Speaker as 
/devices/platform/pcspkr/input/input4
[   27.293123] sr0: scsi3-mmc drive: 24x/24x cd/rw xa/form2 cdda tray
[   27.293149] Uniform CD-ROM driver Revision: 3.20
[   27.294913] sr 1:0:0:0: Attached scsi CD-ROM sr0
[   27.373603] yenta_cardbus 0000:00:10.0: CardBus bridge found 
[12a3:ab01]
[   27.392891] input: ImPS/2 Generic Wheel Mouse as 
/devices/platform/i8042/serio1/input/input5
[   27.501376] yenta_cardbus 0000:00:10.0: ISA IRQ mask 0x0000, PCI irq 
11
[   27.501395] yenta_cardbus 0000:00:10.0: Socket status: 30000011
[   27.507823] yenta_cardbus 0000:00:11.0: CardBus bridge found 
[1179:0001]
[   27.634301] yenta_cardbus 0000:00:11.0: ISA IRQ mask 0x04b8, PCI irq 
11
[   27.634320] yenta_cardbus 0000:00:11.0: Socket status: 30000087
[   27.651978] yenta_cardbus 0000:00:11.1: CardBus bridge found 
[1179:0001]
[   27.777600] yenta_cardbus 0000:00:11.1: ISA IRQ mask 0x04b8, PCI irq 
11
[   27.777619] yenta_cardbus 0000:00:11.1: Socket status: 30000007
[   28.346808] pcmcia_socket pcmcia_socket0: pccard: PCMCIA card 
inserted into slot 0
[   29.475993] NET: Registered protocol family 23
[   29.496559] rtc_cmos 00:07: RTC can wake from S4
[   29.498431] rtc_cmos 00:07: rtc core: registered rtc_cmos as rtc0
[   29.498530] rtc0: alarms up to one year, 114 bytes nvram
[   29.719553] Detected unconfigured Toshiba laptop with ALi ISA bridge 
SMSC IrDA chip, pre-configuring device.
[   29.719592] Activated ALi 1533 ISA bridge port 0x02e8.
[   29.719609] Activated ALi 1533 ISA bridge port 0x02f8.
[   29.719856] found SMC SuperIO Chip (devid=0x5a rev=00 base=0x002e): 
LPC47N227
[   29.719871] smsc_superio_flat(): IrDA not enabled
[   29.719899] smsc_superio_flat(): fir: 0x2f8, sir: 0x2e8, dma: 03, 
irq: 7, mode: 0x02
[   29.719939] SMsC IrDA Controller found
[   29.719942]  IrCC version 2.0, firport 0x2f8, sirport 0x2e8 dma=3, 
irq=7
[   29.720274] No transceiver found. Defaulting to Fast pin select
[   29.721398] IrDA: Registered device irda0
[   31.286462] ALI 5451 0000:00:06.0: power state changed by ACPI to D0
[   31.288154] ACPI: PCI Interrupt Link [LNKH] enabled at IRQ 11
[   31.288173] ALI 5451 0000:00:06.0: PCI INT A -> Link[LNKH] -> GSI 11 
(level, low) -> IRQ 11
[   36.331414] pcmcia_socket pcmcia_socket1: cs: IO port probe 
0x100-0x3af: excluding 0x200-0x207 0x220-0x22f 0x330-0x337 0x388-0x38f
[   36.335268] pcmcia_socket pcmcia_socket1: cs: IO port probe 
0x3e0-0x4ff: clean.
[   36.336858] pcmcia_socket pcmcia_socket1: cs: IO port probe 
0x820-0x8ff: clean.
[   36.338236] pcmcia_socket pcmcia_socket1: cs: IO port probe 
0xc00-0xcf7: clean.
[   36.340781] pcmcia_socket pcmcia_socket1: cs: IO port probe 
0xa00-0xaff: clean.
[   36.343285] pcmcia_socket pcmcia_socket2: cs: IO port probe 
0x100-0x3af: excluding 0x200-0x207 0x220-0x22f 0x330-0x337 0x388-0x38f
[   36.347003] pcmcia_socket pcmcia_socket2: cs: IO port probe 
0x3e0-0x4ff: clean.
[   36.348764] pcmcia_socket pcmcia_socket2: cs: IO port probe 
0x820-0x8ff: clean.
[   36.350237] pcmcia_socket pcmcia_socket2: cs: IO port probe 
0xc00-0xcf7: clean.
[   36.352917] pcmcia_socket pcmcia_socket2: cs: IO port probe 
0xa00-0xaff: clean.
[   37.131723] pcmcia_socket pcmcia_socket0: cs: IO port probe 
0x100-0x3af: excluding 0x200-0x207 0x220-0x22f 0x330-0x337 0x388-0x38f
[   37.135102] pcmcia_socket pcmcia_socket0: cs: IO port probe 
0x3e0-0x4ff: clean.
[   37.136598] pcmcia_socket pcmcia_socket0: cs: IO port probe 
0x820-0x8ff: clean.
[   37.138107] pcmcia_socket pcmcia_socket0: cs: IO port probe 
0xc00-0xcf7: clean.
[   37.140717] pcmcia_socket pcmcia_socket0: cs: IO port probe 
0xa00-0xaff: clean.
[   37.143049] pcmcia_socket pcmcia_socket0: cs: memory probe 
0xa0000000-0xa0ffffff: clean.
[   37.211218] pcmcia 0.0: pcmcia: registering new device pcmcia0.0
[   37.952307] Marking TSC unstable due to TSC halts in idle
[   38.195106] orinoco 0.15 (David Gibson 
<hermes@gibson.dropbear.id.au>, Pavel Roskin <proski@gnu.org>, et al)
[   38.251851] orinoco_cs 0.15 (David Gibson 
<hermes@gibson.dropbear.id.au>, Pavel Roskin <proski@gnu.org>, et al)
[   38.333966] eth1: Hardware identity 0005:0002:0001:0002
[   38.334086] eth1: Station identity  001f:0001:0006:000e
[   38.334098] eth1: Firmware determined as Lucent/Agere 6.14
[   38.334113] eth1: Attempting to download firmware agere_sta_fw.bin
[   38.334143] hermes_dld: AUX enable returned 0
[   38.335147] hermes_dld: AUX disable returned 0
[   38.335155] hermes_dld: Actual PDA length 998, Max allowed 1000
[   38.335163] eth1: Read PDA returned 0
[   38.335177] orinoco_cs 0.0: firmware: requesting agere_sta_fw.bin
[   38.457470] hermes_dld: AUX enable returned 0
[   38.457486] hermes_dld: Enabling volatile, EP 0x000f8000
[   38.458578] hermes_dld: PROGRAM_ENABLE returned 0
[   38.458586] eth1: Program init returned 0
[   38.458596] hermes_dld: Programming block of length 60416 to address 
0x001f0000
[   38.507704] hermes_dld: Programming block of length 4096 to address 
0x001ef000
[   38.511267] eth1: Program returned 0
[   38.511278] hermes_dld: Found record 0x0003 at dd807c1c
[   38.511300] hermes_dld: Found record 0x0005 at dd807ca8
[   38.511320] hermes_dld: Found record 0x0008 at dd807cd2
[   38.511336] hermes_dld: Found record 0x0007 at dd807cc4
[   38.511354] hermes_dld: Found record 0x0006 at dd807cb6
[   38.511374] hermes_dld: Found record 0x0110 at dd807d9a
[   38.511408] hermes_dld: Found record 0x0120 at dd807dba
[   38.511440] hermes_dld: Found record 0x0130 at dd807dda
[   38.511473] hermes_dld: Found record 0x0140 at dd807dfa
[   38.511486] hermes_dld: Found record 0x0150 at dd807e02
[   38.511499] hermes_dld: Using default record 0x0160 at dfa9fb60
[   38.511532] hermes_dld: Found record 0x0101 at dd807d46
[   38.511547] hermes_dld: Found record 0x0103 at dd807d5c
[   38.511567] hermes_dld: Found record 0x0104 at dd807d6c
[   38.511579] hermes_dld: Found record 0x0105 at dd807d72
[   38.511591] hermes_dld: Found record 0x0105 at dd807d72
[   38.511603] hermes_dld: Found record 0x0105 at dd807d72
[   38.511615] hermes_dld: Found record 0x0107 at dd807d7e
[   38.511627] hermes_dld: Found record 0x0109 at dd807d8c
[   38.511645] hermes_dld: Using default record 0x0161 at dfa9fb80
[   38.511850] eth1: Apply PDA returned 0
[   38.511914] hermes_dld: PROGRAM_DISABLE returned 0, r0 0x0000, r1 
0x0000, r2 0x0000
[   38.511942] hermes_dld: AUX disable returned 0
[   38.522588] eth1: Program end returned 0
[   38.522598] eth1: hermes_present returned 1
[   38.523547] eth1: Hardware identity 0005:0002:0001:0002
[   38.523672] eth1: Station identity  001f:0002:0009:0030
[   38.523683] eth1: Firmware determined as Lucent/Agere 9.48
[   38.523692] eth1: Ad-hoc demo mode supported
[   38.523699] eth1: IEEE standard IBSS ad-hoc mode supported
[   38.523707] eth1: WEP supported, 104-bit key
[   38.523715] eth1: WPA-PSK supported
[   38.999361] eth1: MAC address 00:02:2d:26:95:6c
[   38.999477] eth1: Station name "HERMES I"
[   39.000304] eth1: ready
[   39.001172] eth1: orinoco_cs at 0.0, irq 11, io 0x0100-0x013f
[   39.395039] Toshiba System Management Mode driver v1.11 26/9/2001
[   39.483467] Non-volatile memory driver v1.2
[   41.087684] device-mapper: uevent: version 1.0.3
[   41.089609] device-mapper: ioctl: 4.14.0-ioctl (2008-04-23) 
initialised: dm-devel@redhat.com
[   41.398277] device-mapper: multipath: version 1.0.5 loaded
[   41.827636] device-mapper: multipath round-robin: version 1.0.0 
loaded
[   41.828841] device-mapper: table: 254:0: multipath: error getting 
device
[   41.828861] device-mapper: ioctl: error adding target to table
[   47.232045] loop: module loaded
[   50.511159] Adding 500432k swap on /dev/sda1.  Priority:-1 extents:1 
across:500432k
[   54.189125] IrCOMM protocol (Dag Brattli)
[   56.119655] PPP generic driver version 2.4.2
[   63.343791] NET: Registered protocol family 17
[   63.743478] eth1: Lucent/Agere firmware doesn't support manual 
roaming
[   63.891013] eth1: New link status: Connected (0001)
[ 1124.531915] PM: Syncing filesystems ... done.
[ 1124.584822] Freezing user space processes ... (elapsed 0.01 seconds) 
done.
[ 1124.596410] Freezing remaining freezable tasks ... (elapsed 0.00 
seconds) done.
[ 1124.597320] Suspending console(s) (use no_console_suspend to debug)
[ 1124.608047] sd 0:0:0:0: [sda] Synchronizing SCSI cache
[ 1125.186209] sd 0:0:0:0: [sda] Stopping disk
[ 1125.860441] e100 0000:00:0a.0: PCI INT A disabled
[ 1125.917055] ALI 5451 0000:00:06.0: PCI INT A disabled
[ 1125.930491] ALI 5451 0000:00:06.0: power state changed by ACPI to D3
[ 1126.714456] pata_ali 0000:00:04.0: can't derive routing for PCI INT A
[ 1126.726970] ohci_hcd 0000:00:02.0: PCI INT A disabled
[ 1126.743622] ACPI: Preparing to enter system sleep state S3
[ 1126.743622] Back to C!
[ 1126.755217] ACPI: Waking up from system sleep state S3
[ 1126.775583] pci 0000:00:01.0: setting latency timer to 64
[ 1126.786710] ohci_hcd 0000:00:02.0: PCI INT A -> Link[LNKG] -> GSI 11 
(level, low) -> IRQ 11
[ 1126.786752] ohci_hcd 0000:00:02.0: restoring config space at offset 
0xf (was 0x500001ff, writing 0x5000010b)
[ 1126.842015] usb usb1: root hub lost power or was reset
[ 1126.853399] pata_ali 0000:00:04.0: restoring config space at offset 
0x1 (was 0x2900001, writing 0x2900005)
[ 1126.853450] pata_ali 0000:00:04.0: can't derive routing for PCI INT A
[ 1126.861881] ALI 5451 0000:00:06.0: power state changed by ACPI to D0
[ 1126.861918] ALI 5451 0000:00:06.0: restoring config space at offset 
0xf (was 0x180201ff, writing 0x1802010b)
[ 1126.862154] ALI 5451 0000:00:06.0: power state changed by ACPI to D0
[ 1126.862192] ALI 5451 0000:00:06.0: PCI INT A -> Link[LNKH] -> GSI 11 
(level, low) -> IRQ 11
[ 1127.133613] ali1535_smbus 0000:00:08.0: enabling device (0000 -> 
0001)
[ 1127.146687] e100 0000:00:0a.0: restoring config space at offset 0xf 
(was 0x380801ff, writing 0x3808010b)
[ 1127.146750] e100 0000:00:0a.0: restoring config space at offset 0x1 
(was 0x2900003, writing 0x2900007)
[ 1127.173771] yenta_cardbus 0000:00:10.0: restoring config space at 
offset 0x6 (was 0x50200, writing 0xb0050200)
[ 1127.267146] ata2.00: ACPI cmd ef/03:0c:00:00:00:00 filtered out
[ 1127.267157] ata2.00: ACPI cmd ef/03:42:00:00:00:00 filtered out
[ 1127.268040] ata2.00: configured for UDMA/33
[ 1128.156705] pci 0000:00:12.0: restoring config space at offset 0xf 
(was 0x1ff, writing 0x10b)
[ 1128.156823] pci 0000:01:00.0: restoring config space at offset 0xf 
(was 0x1ff, writing 0x10b)
[ 1128.162021] sd 0:0:0:0: [sda] Starting disk
[ 1128.460404] ata1.00: ACPI cmd ef/03:0c:00:00:00:00 filtered out
[ 1128.460415] ata1.00: ACPI cmd ef/03:44:00:00:00:00 filtered out
[ 1128.474048] ata1.00: configured for UDMA/33
[ 1128.500031] sd 0:0:0:0: [sda] 39070080 512-byte hardware sectors: 
(20.0 GB/18.6 GiB)
[ 1128.500206] sd 0:0:0:0: [sda] Write Protect is off
[ 1128.500214] sd 0:0:0:0: [sda] Mode Sense: 00 3a 00 00
[ 1128.500406] sd 0:0:0:0: [sda] Write cache: enabled, read cache: 
enabled, doesn't support DPO or FUA
[ 1128.753857] eth1: Attempting to download firmware agere_sta_fw.bin
[ 1128.753890] hermes_dld: AUX enable returned 0
[ 1128.754922] hermes_dld: AUX disable returned 0
[ 1128.754929] hermes_dld: Actual PDA length 998, Max allowed 1000
[ 1128.754935] eth1: Read PDA returned 0
[ 1128.837110] hermes_dld: AUX enable returned 0
[ 1128.837117] hermes_dld: Enabling volatile, EP 0x000f8000
[ 1128.838218] hermes_dld: PROGRAM_ENABLE returned 0
[ 1128.838224] eth1: Program init returned 0
[ 1128.838232] hermes_dld: Programming block of length 60416 to address 
0x001f0000
[ 1128.886427] hermes_dld: Programming block of length 4096 to address 
0x001ef000
[ 1128.889710] eth1: Program returned 0
[ 1128.889719] hermes_dld: Found record 0x0003 at d99f201c
[ 1128.889739] hermes_dld: Found record 0x0005 at d99f20a8
[ 1128.889757] hermes_dld: Found record 0x0008 at d99f20d2
[ 1128.889772] hermes_dld: Found record 0x0007 at d99f20c4
[ 1128.889788] hermes_dld: Found record 0x0006 at d99f20b6
[ 1128.889805] hermes_dld: Found record 0x0110 at d99f219a
[ 1128.889837] hermes_dld: Found record 0x0120 at d99f21ba
[ 1128.889868] hermes_dld: Found record 0x0130 at d99f21da
[ 1128.889945] hermes_dld: Found record 0x0140 at d99f21fa
[ 1128.889958] hermes_dld: Found record 0x0150 at d99f2202
[ 1128.889970] hermes_dld: Using default record 0x0160 at dfa9fb60
[ 1128.890001] hermes_dld: Found record 0x0101 at d99f2146
[ 1128.890015] hermes_dld: Found record 0x0103 at d99f215c
[ 1128.890033] hermes_dld: Found record 0x0104 at d99f216c
[ 1128.890044] hermes_dld: Found record 0x0105 at d99f2172
[ 1128.890055] hermes_dld: Found record 0x0105 at d99f2172
[ 1128.890065] hermes_dld: Found record 0x0105 at d99f2172
[ 1128.890076] hermes_dld: Found record 0x0107 at d99f217e
[ 1128.890087] hermes_dld: Found record 0x0109 at d99f218c
[ 1128.890104] hermes_dld: Using default record 0x0161 at dfa9fb80
[ 1128.890318] eth1: Apply PDA returned 0
[ 1128.890381] hermes_dld: PROGRAM_DISABLE returned 0, r0 0x0000, r1 
0x0000, r2 0x0000
[ 1128.890408] hermes_dld: AUX disable returned 0
[ 1128.901046] eth1: Program end returned 0
[ 1128.901054] eth1: hermes_present returned 1
[ 1128.913457] Restarting tasks ... done.
[ 1129.179103] eth1: New link status: Connected (0001)
[ 1410.335391] zsh[6088]: segfault at 3353316 ip b7d044b2 sp bfbb9020 
error 4 in complist.so[b7cff000+d000]
[ 2584.718922] zsh[7111]: segfault at 3000158 ip b7ceb4b2 sp bfea0b10 
error 4 in complist.so[b7ce6000+d000]
[ 2818.120380] PM: Syncing filesystems ... done.
[ 2818.138487] Freezing user space processes ... (elapsed 0.54 seconds) 
done.
[ 2818.678805] Freezing remaining freezable tasks ... (elapsed 0.00 
seconds) done.
[ 2818.679633] Suspending console(s) (use no_console_suspend to debug)
[ 2818.687643] sd 0:0:0:0: [sda] Synchronizing SCSI cache
[ 2818.689986] sd 0:0:0:0: [sda] Stopping disk
[ 2819.406805] ALI 5451 0000:00:06.0: PCI INT A disabled
[ 2819.420237] ALI 5451 0000:00:06.0: power state changed by ACPI to D3
[ 2820.194260] pata_ali 0000:00:04.0: can't derive routing for PCI INT A
[ 2820.206647] ohci_hcd 0000:00:02.0: PCI INT A disabled
[ 2820.222739] ACPI: Preparing to enter system sleep state S3
[ 2820.223138] Back to C!
[ 2820.234368] ACPI: Waking up from system sleep state S3
[ 2820.253540] pci 0000:00:01.0: setting latency timer to 64
[ 2820.266538] ohci_hcd 0000:00:02.0: PCI INT A -> Link[LNKG] -> GSI 11 
(level, low) -> IRQ 11
[ 2820.266579] ohci_hcd 0000:00:02.0: restoring config space at offset 
0xf (was 0x500001ff, writing 0x5000010b)
[ 2820.321845] usb usb1: root hub lost power or was reset
[ 2820.333229] pata_ali 0000:00:04.0: restoring config space at offset 
0x1 (was 0x2900001, writing 0x2900005)
[ 2820.333280] pata_ali 0000:00:04.0: can't derive routing for PCI INT A
[ 2820.339592] ALI 5451 0000:00:06.0: power state changed by ACPI to D0
[ 2820.339627] ALI 5451 0000:00:06.0: restoring config space at offset 
0xf (was 0x180201ff, writing 0x1802010b)
[ 2820.339925] ALI 5451 0000:00:06.0: power state changed by ACPI to D0
[ 2820.339962] ALI 5451 0000:00:06.0: PCI INT A -> Link[LNKH] -> GSI 11 
(level, low) -> IRQ 11
[ 2820.609976] ali1535_smbus 0000:00:08.0: enabling device (0000 -> 
0001)
[ 2820.623183] e100 0000:00:0a.0: restoring config space at offset 0xf 
(was 0x380801ff, writing 0x3808010b)
[ 2820.650560] ata2.00: ACPI cmd ef/03:0c:00:00:00:00 filtered out
[ 2820.650574] ata2.00: ACPI cmd ef/03:42:00:00:00:00 filtered out
[ 2820.651451] ata2.00: configured for UDMA/33
[ 2820.652178] yenta_cardbus 0000:00:10.0: restoring config space at 
offset 0x6 (was 0x50200, writing 0xb0050200)
[ 2821.633199] pci 0000:00:12.0: restoring config space at offset 0xf 
(was 0x1ff, writing 0x10b)
[ 2821.633316] pci 0000:01:00.0: restoring config space at offset 0xf 
(was 0x1ff, writing 0x10b)
[ 2821.638417] sd 0:0:0:0: [sda] Starting disk
[ 2822.273575] ata1.00: ACPI cmd ef/03:0c:00:00:00:00 filtered out
[ 2822.273586] ata1.00: ACPI cmd ef/03:44:00:00:00:00 filtered out
[ 2822.287200] ata1.00: configured for UDMA/33
[ 2822.314324] sd 0:0:0:0: [sda] 39070080 512-byte hardware sectors: 
(20.0 GB/18.6 GiB)
[ 2822.314450] sd 0:0:0:0: [sda] Write Protect is off
[ 2822.314458] sd 0:0:0:0: [sda] Mode Sense: 00 3a 00 00
[ 2822.314649] sd 0:0:0:0: [sda] Write cache: enabled, read cache: 
enabled, doesn't support DPO or FUA
[ 2822.566743] eth1: Attempting to download firmware agere_sta_fw.bin
[ 2822.566774] hermes_dld: AUX enable returned 0
[ 2822.567806] hermes_dld: AUX disable returned 0
[ 2822.567813] hermes_dld: Actual PDA length 998, Max allowed 1000
[ 2822.567819] eth1: Read PDA returned 0
[ 2822.649994] hermes_dld: AUX enable returned 0
[ 2822.650001] hermes_dld: Enabling volatile, EP 0x000f8000
[ 2822.651102] hermes_dld: PROGRAM_ENABLE returned 0
[ 2822.651107] eth1: Program init returned 0
[ 2822.651116] hermes_dld: Programming block of length 60416 to address 
0x001f0000
[ 2822.699311] hermes_dld: Programming block of length 4096 to address 
0x001ef000
[ 2822.702594] eth1: Program returned 0
[ 2822.702602] hermes_dld: Found record 0x0003 at cbee881c
[ 2822.702623] hermes_dld: Found record 0x0005 at cbee88a8
[ 2822.702640] hermes_dld: Found record 0x0008 at cbee88d2
[ 2822.702656] hermes_dld: Found record 0x0007 at cbee88c4
[ 2822.702672] hermes_dld: Found record 0x0006 at cbee88b6
[ 2822.702690] hermes_dld: Found record 0x0110 at cbee899a
[ 2822.702721] hermes_dld: Found record 0x0120 at cbee89ba
[ 2822.702752] hermes_dld: Found record 0x0130 at cbee89da
[ 2822.702783] hermes_dld: Found record 0x0140 at cbee89fa
[ 2822.702796] hermes_dld: Found record 0x0150 at cbee8a02
[ 2822.702807] hermes_dld: Using default record 0x0160 at dfa9fb60
[ 2822.702838] hermes_dld: Found record 0x0101 at cbee8946
[ 2822.702852] hermes_dld: Found record 0x0103 at cbee895c
[ 2822.702871] hermes_dld: Found record 0x0104 at cbee896c
[ 2822.702881] hermes_dld: Found record 0x0105 at cbee8972
[ 2822.702892] hermes_dld: Found record 0x0105 at cbee8972
[ 2822.702903] hermes_dld: Found record 0x0105 at cbee8972
[ 2822.702913] hermes_dld: Found record 0x0107 at cbee897e
[ 2822.702924] hermes_dld: Found record 0x0109 at cbee898c
[ 2822.702941] hermes_dld: Using default record 0x0161 at dfa9fb80
[ 2822.703202] eth1: Apply PDA returned 0
[ 2822.703265] hermes_dld: PROGRAM_DISABLE returned 0, r0 0x0000, r1 
0x0000, r2 0x0000
[ 2822.703292] hermes_dld: AUX disable returned 0
[ 2822.713933] eth1: Program end returned 0
[ 2822.713941] eth1: hermes_present returned 1
[ 2822.726171] Restarting tasks ... done.
[ 2822.952127] eth1: New link status: Connected (0001)
[ 3922.281122] PM: Syncing filesystems ... done.
[ 3922.288532] Freezing user space processes ... (elapsed 0.00 seconds) 
done.
[ 3922.296478] Freezing remaining freezable tasks ... (elapsed 0.00 
seconds) done.
[ 3922.297296] Suspending console(s) (use no_console_suspend to debug)
[ 3922.305315] sd 0:0:0:0: [sda] Synchronizing SCSI cache
[ 3922.789836] sd 0:0:0:0: [sda] Stopping disk
[ 3923.523361] ALI 5451 0000:00:06.0: PCI INT A disabled
[ 3923.536805] ALI 5451 0000:00:06.0: power state changed by ACPI to D3
[ 3924.297421] pata_ali 0000:00:04.0: can't derive routing for PCI INT A
[ 3924.309857] ohci_hcd 0000:00:02.0: PCI INT A disabled
[ 3924.325918] ACPI: Preparing to enter system sleep state S3
[ 3924.326360] Back to C!
[ 3924.338587] ACPI: Waking up from system sleep state S3
[ 3924.358998] pci 0000:00:01.0: setting latency timer to 64
[ 3924.369751] ohci_hcd 0000:00:02.0: PCI INT A -> Link[LNKG] -> GSI 11 
(level, low) -> IRQ 11
[ 3924.369793] ohci_hcd 0000:00:02.0: restoring config space at offset 
0xf (was 0x500001ff, writing 0x5000010b)
[ 3924.425055] usb usb1: root hub lost power or was reset
[ 3924.436439] pata_ali 0000:00:04.0: restoring config space at offset 
0x1 (was 0x2900001, writing 0x2900005)
[ 3924.436489] pata_ali 0000:00:04.0: can't derive routing for PCI INT A
[ 3924.443316] ALI 5451 0000:00:06.0: power state changed by ACPI to D0
[ 3924.443351] ALI 5451 0000:00:06.0: restoring config space at offset 
0xf (was 0x180201ff, writing 0x1802010b)
[ 3924.443414] ALI 5451 0000:00:06.0: restoring config space at offset 
0x1 (was 0x2900003, writing 0xc2900003)
[ 3924.443786] ALI 5451 0000:00:06.0: power state changed by ACPI to D0
[ 3924.443821] ALI 5451 0000:00:06.0: PCI INT A -> Link[LNKH] -> GSI 11 
(level, low) -> IRQ 11
[ 3924.723197] ali1535_smbus 0000:00:08.0: enabling device (0000 -> 
0001)
[ 3924.736391] e100 0000:00:0a.0: restoring config space at offset 0xf 
(was 0x380801ff, writing 0x3808010b)
[ 3924.763349] yenta_cardbus 0000:00:10.0: restoring config space at 
offset 0x6 (was 0x50200, writing 0xb0050200)
[ 3925.020839] ata2.00: ACPI cmd ef/03:0c:00:00:00:00 filtered out
[ 3925.020849] ata2.00: ACPI cmd ef/03:42:00:00:00:00 filtered out
[ 3925.022172] ata2.00: configured for UDMA/33
[ 3925.746447] pci 0000:00:12.0: restoring config space at offset 0xf 
(was 0x1ff, writing 0x10b)
[ 3925.746565] pci 0000:01:00.0: restoring config space at offset 0xf 
(was 0x1ff, writing 0x10b)
[ 3925.751712] sd 0:0:0:0: [sda] Starting disk
[ 3926.696792] ata1.00: ACPI cmd ef/03:0c:00:00:00:00 filtered out
[ 3926.696803] ata1.00: ACPI cmd ef/03:44:00:00:00:00 filtered out
[ 3926.710420] ata1.00: configured for UDMA/33
[ 3926.724736] sd 0:0:0:0: [sda] 39070080 512-byte hardware sectors: 
(20.0 GB/18.6 GiB)
[ 3926.724863] sd 0:0:0:0: [sda] Write Protect is off
[ 3926.724872] sd 0:0:0:0: [sda] Mode Sense: 00 3a 00 00
[ 3926.725062] sd 0:0:0:0: [sda] Write cache: enabled, read cache: 
enabled, doesn't support DPO or FUA
[ 3926.976608] eth1: Attempting to download firmware agere_sta_fw.bin
[ 3926.976641] hermes_dld: AUX enable returned 0
[ 3926.977672] hermes_dld: AUX disable returned 0
[ 3926.977679] hermes_dld: Actual PDA length 998, Max allowed 1000
[ 3926.977685] eth1: Read PDA returned 0
[ 3927.059862] hermes_dld: AUX enable returned 0
[ 3927.059869] hermes_dld: Enabling volatile, EP 0x000f8000
[ 3927.060970] hermes_dld: PROGRAM_ENABLE returned 0
[ 3927.060976] eth1: Program init returned 0
[ 3927.060984] hermes_dld: Programming block of length 60416 to address 
0x001f0000
[ 3927.109129] hermes_dld: Programming block of length 4096 to address 
0x001ef000
[ 3927.112404] eth1: Program returned 0
[ 3927.112413] hermes_dld: Found record 0x0003 at ca3be01c
[ 3927.112433] hermes_dld: Found record 0x0005 at ca3be0a8
[ 3927.112450] hermes_dld: Found record 0x0008 at ca3be0d2
[ 3927.112465] hermes_dld: Found record 0x0007 at ca3be0c4
[ 3927.112482] hermes_dld: Found record 0x0006 at ca3be0b6
[ 3927.112500] hermes_dld: Found record 0x0110 at ca3be19a
[ 3927.112531] hermes_dld: Found record 0x0120 at ca3be1ba
[ 3927.112563] hermes_dld: Found record 0x0130 at ca3be1da
[ 3927.112593] hermes_dld: Found record 0x0140 at ca3be1fa
[ 3927.112606] hermes_dld: Found record 0x0150 at ca3be202
[ 3927.112617] hermes_dld: Using default record 0x0160 at dfa9fb60
[ 3927.112648] hermes_dld: Found record 0x0101 at ca3be146
[ 3927.112662] hermes_dld: Found record 0x0103 at ca3be15c
[ 3927.112680] hermes_dld: Found record 0x0104 at ca3be16c
[ 3927.112691] hermes_dld: Found record 0x0105 at ca3be172
[ 3927.112701] hermes_dld: Found record 0x0105 at ca3be172
[ 3927.112712] hermes_dld: Found record 0x0105 at ca3be172
[ 3927.112723] hermes_dld: Found record 0x0107 at ca3be17e
[ 3927.112733] hermes_dld: Found record 0x0109 at ca3be18c
[ 3927.112750] hermes_dld: Using default record 0x0161 at dfa9fb80
[ 3927.113013] eth1: Apply PDA returned 0
[ 3927.113076] hermes_dld: PROGRAM_DISABLE returned 0, r0 0x0000, r1 
0x0000, r2 0x0000
[ 3927.113103] hermes_dld: AUX disable returned 0
[ 3927.123742] eth1: Program end returned 0
[ 3927.123749] eth1: hermes_present returned 1
[ 3927.135992] Restarting tasks ... done.
[ 3927.380416] eth1: New link status: Connected (0001)
[14658.177775] eth1: New link status: AP Out of Range (0004)
[14687.306825] PM: Syncing filesystems ... done.
[14687.336326] Freezing user space processes ... (elapsed 0.00 seconds) 
done.
[14687.345126] Freezing remaining freezable tasks ... (elapsed 0.00 
seconds) done.
[14687.346053] Suspending console(s) (use no_console_suspend to debug)
[14687.353309] sd 0:0:0:0: [sda] Synchronizing SCSI cache
[14687.775706] sd 0:0:0:0: [sda] Stopping disk
[14688.508949] ALI 5451 0000:00:06.0: PCI INT A disabled
[14688.522417] ALI 5451 0000:00:06.0: power state changed by ACPI to D3
[14689.300140] pata_ali 0000:00:04.0: can't derive routing for PCI INT A
[14689.312128] ohci_hcd 0000:00:02.0: PCI INT A disabled
[14689.328226] ACPI: Preparing to enter system sleep state S3
[14689.328617] Back to C!
[14689.340917] ACPI: Waking up from system sleep state S3
[14689.361710] pci 0000:00:01.0: setting latency timer to 64
[14689.371970] ohci_hcd 0000:00:02.0: PCI INT A -> Link[LNKG] -> GSI 11 
(level, low) -> IRQ 11
[14689.372012] ohci_hcd 0000:00:02.0: restoring config space at offset 
0xf (was 0x500001ff, writing 0x5000010b)
[14689.427324] usb usb1: root hub lost power or was reset
[14689.438709] pata_ali 0000:00:04.0: restoring config space at offset 
0x1 (was 0x2900001, writing 0x2900005)
[14689.438759] pata_ali 0000:00:04.0: can't derive routing for PCI INT A
[14689.445597] ALI 5451 0000:00:06.0: power state changed by ACPI to D0
[14689.445632] ALI 5451 0000:00:06.0: restoring config space at offset 
0xf (was 0x180201ff, writing 0x1802010b)
[14689.445695] ALI 5451 0000:00:06.0: restoring config space at offset 
0x1 (was 0x2900003, writing 0xc2900003)
[14689.445882] ALI 5451 0000:00:06.0: power state changed by ACPI to D0
[14689.446099] ALI 5451 0000:00:06.0: PCI INT A -> Link[LNKH] -> GSI 11 
(level, low) -> IRQ 11
[14689.725460] ali1535_smbus 0000:00:08.0: enabling device (0000 -> 
0001)
[14689.738663] e100 0000:00:0a.0: restoring config space at offset 0xf 
(was 0x380801ff, writing 0x3808010b)
[14689.765601] yenta_cardbus 0000:00:10.0: restoring config space at 
offset 0x6 (was 0x50200, writing 0xb0050200)
[14690.022650] ata2.00: ACPI cmd ef/03:0c:00:00:00:00 filtered out
[14690.022660] ata2.00: ACPI cmd ef/03:42:00:00:00:00 filtered out
[14690.023527] ata2.00: configured for UDMA/33
[14690.748676] pci 0000:00:12.0: restoring config space at offset 0xf 
(was 0x1ff, writing 0x10b)
[14690.748792] pci 0000:01:00.0: restoring config space at offset 0xf 
(was 0x1ff, writing 0x10b)
[14690.753888] sd 0:0:0:0: [sda] Starting disk
[14691.682376] ata1.00: ACPI cmd ef/03:0c:00:00:00:00 filtered out
[14691.682388] ata1.00: ACPI cmd ef/03:44:00:00:00:00 filtered out
[14691.696011] ata1.00: configured for UDMA/33
[14691.720021] sd 0:0:0:0: [sda] 39070080 512-byte hardware sectors: 
(20.0 GB/18.6 GiB)
[14691.720147] sd 0:0:0:0: [sda] Write Protect is off
[14691.720156] sd 0:0:0:0: [sda] Mode Sense: 00 3a 00 00
[14691.720347] sd 0:0:0:0: [sda] Write cache: enabled, read cache: 
enabled, doesn't support DPO or FUA
[14691.972213] eth1: Attempting to download firmware agere_sta_fw.bin
[14691.972245] hermes_dld: AUX enable returned 0
[14691.973276] hermes_dld: AUX disable returned 0
[14691.973283] hermes_dld: Actual PDA length 998, Max allowed 1000
[14691.973289] eth1: Read PDA returned 0
[14692.055452] hermes_dld: AUX enable returned 0
[14692.055458] hermes_dld: Enabling volatile, EP 0x000f8000
[14692.056582] hermes_dld: PROGRAM_ENABLE returned 0
[14692.056588] eth1: Program init returned 0
[14692.056596] hermes_dld: Programming block of length 60416 to address 
0x001f0000
[14692.104771] hermes_dld: Programming block of length 4096 to address 
0x001ef000
[14692.108047] eth1: Program returned 0
[14692.108055] hermes_dld: Found record 0x0003 at dddfa01c
[14692.108074] hermes_dld: Found record 0x0005 at dddfa0a8
[14692.108092] hermes_dld: Found record 0x0008 at dddfa0d2
[14692.108107] hermes_dld: Found record 0x0007 at dddfa0c4
[14692.108124] hermes_dld: Found record 0x0006 at dddfa0b6
[14692.108141] hermes_dld: Found record 0x0110 at dddfa19a
[14692.108173] hermes_dld: Found record 0x0120 at dddfa1ba
[14692.108204] hermes_dld: Found record 0x0130 at dddfa1da
[14692.108235] hermes_dld: Found record 0x0140 at dddfa1fa
[14692.108247] hermes_dld: Found record 0x0150 at dddfa202
[14692.108258] hermes_dld: Using default record 0x0160 at dfa9fb60
[14692.108289] hermes_dld: Found record 0x0101 at dddfa146
[14692.108303] hermes_dld: Found record 0x0103 at dddfa15c
[14692.108321] hermes_dld: Found record 0x0104 at dddfa16c
[14692.108332] hermes_dld: Found record 0x0105 at dddfa172
[14692.108342] hermes_dld: Found record 0x0105 at dddfa172
[14692.108353] hermes_dld: Found record 0x0105 at dddfa172
[14692.108364] hermes_dld: Found record 0x0107 at dddfa17e
[14692.108374] hermes_dld: Found record 0x0109 at dddfa18c
[14692.108392] hermes_dld: Using default record 0x0161 at dfa9fb80
[14692.108651] eth1: Apply PDA returned 0
[14692.108715] hermes_dld: PROGRAM_DISABLE returned 0, r0 0x0000, r1 
0x0000, r2 0x0000
[14692.108742] hermes_dld: AUX disable returned 0
[14692.119378] eth1: Program end returned 0
[14692.119385] eth1: hermes_present returned 1
[14692.131360] Restarting tasks ... done.
[14692.265714] eth1: New link status: Connected (0001)
[17674.569165] PM: Syncing filesystems ... done.
[17675.149435] Freezing user space processes ... (elapsed 0.03 seconds) 
done.
[17675.183176] Freezing remaining freezable tasks ... (elapsed 0.00 
seconds) done.
[17675.183998] Suspending console(s) (use no_console_suspend to debug)
[17675.192153] sd 0:0:0:0: [sda] Synchronizing SCSI cache
[17675.222450] sd 0:0:0:0: [sda] Stopping disk
[17675.951985] ALI 5451 0000:00:06.0: PCI INT A disabled
[17675.965546] ALI 5451 0000:00:06.0: power state changed by ACPI to D3
[17676.718099] pata_ali 0000:00:04.0: can't derive routing for PCI INT A
[17676.728489] ohci_hcd 0000:00:02.0: PCI INT A disabled
[17676.744605] ACPI: Preparing to enter system sleep state S3
[17676.744984] Back to C!
[17676.757208] ACPI: Waking up from system sleep state S3
[17676.777962] pci 0000:00:01.0: setting latency timer to 64
[17676.788392] ohci_hcd 0000:00:02.0: PCI INT A -> Link[LNKG] -> GSI 11 
(level, low) -> IRQ 11
[17676.788434] ohci_hcd 0000:00:02.0: restoring config space at offset 
0xf (was 0x500001ff, writing 0x5000010b)
[17676.843930] usb usb1: root hub lost power or was reset
[17676.855287] pata_ali 0000:00:04.0: restoring config space at offset 
0x1 (was 0x2900001, writing 0x2900005)
[17676.855337] pata_ali 0000:00:04.0: can't derive routing for PCI INT A
[17676.863351] ALI 5451 0000:00:06.0: power state changed by ACPI to D0
[17676.863388] ALI 5451 0000:00:06.0: restoring config space at offset 
0xf (was 0x180201ff, writing 0x1802010b)
[17676.863626] ALI 5451 0000:00:06.0: power state changed by ACPI to D0
[17676.863661] ALI 5451 0000:00:06.0: PCI INT A -> Link[LNKH] -> GSI 11 
(level, low) -> IRQ 11
[17677.115161] ali1535_smbus 0000:00:08.0: enabling device (0000 -> 
0001)
[17677.128340] e100 0000:00:0a.0: restoring config space at offset 0xf 
(was 0x380801ff, writing 0x3808010b)
[17677.158653] yenta_cardbus 0000:00:10.0: restoring config space at 
offset 0x6 (was 0x50200, writing 0xb0050200)
[17677.439011] ata2.00: ACPI cmd ef/03:0c:00:00:00:00 filtered out
[17677.439020] ata2.00: ACPI cmd ef/03:42:00:00:00:00 filtered out
[17677.445576] ata2.00: configured for UDMA/33
[17678.141728] pci 0000:00:12.0: restoring config space at offset 0xf 
(was 0x1ff, writing 0x10b)
[17678.141845] pci 0000:01:00.0: restoring config space at offset 0xf 
(was 0x1ff, writing 0x10b)
[17678.146944] sd 0:0:0:0: [sda] Starting disk
[17679.225417] ata1.00: ACPI cmd ef/03:0c:00:00:00:00 filtered out
[17679.225428] ata1.00: ACPI cmd ef/03:44:00:00:00:00 filtered out
[17679.239043] ata1.00: configured for UDMA/33
[17679.266426] sd 0:0:0:0: [sda] 39070080 512-byte hardware sectors: 
(20.0 GB/18.6 GiB)
[17679.266552] sd 0:0:0:0: [sda] Write Protect is off
[17679.266561] sd 0:0:0:0: [sda] Mode Sense: 00 3a 00 00
[17679.266751] sd 0:0:0:0: [sda] Write cache: enabled, read cache: 
enabled, doesn't support DPO or FUA
[17679.518587] eth1: Attempting to download firmware agere_sta_fw.bin
[17679.518618] hermes_dld: AUX enable returned 0
[17679.519646] hermes_dld: AUX disable returned 0
[17679.519653] hermes_dld: Actual PDA length 998, Max allowed 1000
[17679.519659] eth1: Read PDA returned 0
[17679.601830] hermes_dld: AUX enable returned 0
[17679.601836] hermes_dld: Enabling volatile, EP 0x000f8000
[17679.602936] hermes_dld: PROGRAM_ENABLE returned 0
[17679.602942] eth1: Program init returned 0
[17679.602951] hermes_dld: Programming block of length 60416 to address 
0x001f0000
[17679.651091] hermes_dld: Programming block of length 4096 to address 
0x001ef000
[17679.654374] eth1: Program returned 0
[17679.654382] hermes_dld: Found record 0x0003 at d99f2c1c
[17679.654402] hermes_dld: Found record 0x0005 at d99f2ca8
[17679.654419] hermes_dld: Found record 0x0008 at d99f2cd2
[17679.654435] hermes_dld: Found record 0x0007 at d99f2cc4
[17679.654452] hermes_dld: Found record 0x0006 at d99f2cb6
[17679.654469] hermes_dld: Found record 0x0110 at d99f2d9a
[17679.654501] hermes_dld: Found record 0x0120 at d99f2dba
[17679.654532] hermes_dld: Found record 0x0130 at d99f2dda
[17679.654563] hermes_dld: Found record 0x0140 at d99f2dfa
[17679.654575] hermes_dld: Found record 0x0150 at d99f2e02
[17679.654587] hermes_dld: Using default record 0x0160 at dfa9fb60
[17679.654618] hermes_dld: Found record 0x0101 at d99f2d46
[17679.654632] hermes_dld: Found record 0x0103 at d99f2d5c
[17679.654650] hermes_dld: Found record 0x0104 at d99f2d6c
[17679.654661] hermes_dld: Found record 0x0105 at d99f2d72
[17679.654672] hermes_dld: Found record 0x0105 at d99f2d72
[17679.654683] hermes_dld: Found record 0x0105 at d99f2d72
[17679.654693] hermes_dld: Found record 0x0107 at d99f2d7e
[17679.654704] hermes_dld: Found record 0x0109 at d99f2d8c
[17679.654721] hermes_dld: Using default record 0x0161 at dfa9fb80
[17679.654981] eth1: Apply PDA returned 0
[17679.655044] hermes_dld: PROGRAM_DISABLE returned 0, r0 0x0000, r1 
0x0000, r2 0x0000
[17679.655071] hermes_dld: AUX disable returned 0
[17679.665715] eth1: Program end returned 0
[17679.665723] eth1: hermes_present returned 1
[17679.677956] Restarting tasks ... done.
[17679.897126] eth1: New link status: Connected (0001)
[23463.268139] tun: Universal TUN/TAP device driver, 1.6
[23463.268163] tun: (C) 1999-2004 Max Krasnyansky <maxk@qualcomm.com>
[28673.063444] PM: Syncing filesystems ... done.
[28673.122228] Freezing user space processes ... (elapsed 0.59 seconds) 
done.
[28673.715381] Freezing remaining freezable tasks ... (elapsed 0.00 
seconds) done.
[28673.716179] Suspending console(s) (use no_console_suspend to debug)
[28673.724183] sd 0:0:0:0: [sda] Synchronizing SCSI cache
[28673.724668] sd 0:0:0:0: [sda] Stopping disk
[28674.457550] ALI 5451 0000:00:06.0: PCI INT A disabled
[28674.471109] ALI 5451 0000:00:06.0: power state changed by ACPI to D3
[28675.234279] pata_ali 0000:00:04.0: can't derive routing for PCI INT A
[28675.247383] ohci_hcd 0000:00:02.0: PCI INT A disabled
[28675.263491] ACPI: Preparing to enter system sleep state S3
[28675.263886] Back to C!
[28675.276179] ACPI: Waking up from system sleep state S3
[28675.296494] pci 0000:00:01.0: setting latency timer to 64
[28675.307291] ohci_hcd 0000:00:02.0: PCI INT A -> Link[LNKG] -> GSI 11 
(level, low) -> IRQ 11
[28675.307333] ohci_hcd 0000:00:02.0: restoring config space at offset 
0xf (was 0x500001ff, writing 0x5000010b)
[28675.362591] usb usb1: root hub lost power or was reset
[28675.373976] pata_ali 0000:00:04.0: restoring config space at offset 
0x1 (was 0x2900001, writing 0x2900005)
[28675.374029] pata_ali 0000:00:04.0: can't derive routing for PCI INT A
[28675.380930] ALI 5451 0000:00:06.0: power state changed by ACPI to D0
[28675.380966] ALI 5451 0000:00:06.0: restoring config space at offset 
0xf (was 0x180201ff, writing 0x1802010b)
[28675.381384] ALI 5451 0000:00:06.0: power state changed by ACPI to D0
[28675.381420] ALI 5451 0000:00:06.0: PCI INT A -> Link[LNKH] -> GSI 11 
(level, low) -> IRQ 11
[28675.677389] ali1535_smbus 0000:00:08.0: enabling device (0000 -> 
0001)
[28675.690596] e100 0000:00:0a.0: restoring config space at offset 0xf 
(was 0x380801ff, writing 0x3808010b)
[28675.717575] yenta_cardbus 0000:00:10.0: restoring config space at 
offset 0x6 (was 0x50200, writing 0xb0050200)
[28675.957911] ata2.00: ACPI cmd ef/03:0c:00:00:00:00 filtered out
[28675.957921] ata2.00: ACPI cmd ef/03:42:00:00:00:00 filtered out
[28675.964486] ata2.00: configured for UDMA/33
[28676.700612] pci 0000:00:12.0: restoring config space at offset 0xf 
(was 0x1ff, writing 0x10b)
[28676.700728] pci 0000:01:00.0: restoring config space at offset 0xf 
(was 0x1ff, writing 0x10b)
[28676.705828] sd 0:0:0:0: [sda] Starting disk
[28677.687651] ata1.00: ACPI cmd ef/03:0c:00:00:00:00 filtered out
[28677.687662] ata1.00: ACPI cmd ef/03:44:00:00:00:00 filtered out
[28677.701279] ata1.00: configured for UDMA/33
[28677.727306] sd 0:0:0:0: [sda] 39070080 512-byte hardware sectors: 
(20.0 GB/18.6 GiB)
[28677.727431] sd 0:0:0:0: [sda] Write Protect is off
[28677.727440] sd 0:0:0:0: [sda] Mode Sense: 00 3a 00 00
[28677.727631] sd 0:0:0:0: [sda] Write cache: enabled, read cache: 
enabled, doesn't support DPO or FUA
[28677.980801] eth1: Attempting to download firmware agere_sta_fw.bin
[28677.980834] hermes_dld: AUX enable returned 0
[28677.981864] hermes_dld: AUX disable returned 0
[28677.981871] hermes_dld: Actual PDA length 998, Max allowed 1000
[28677.981877] eth1: Read PDA returned 0
[28678.064041] hermes_dld: AUX enable returned 0
[28678.064048] hermes_dld: Enabling volatile, EP 0x000f8000
[28678.065160] hermes_dld: PROGRAM_ENABLE returned 0
[28678.065166] eth1: Program init returned 0
[28678.065175] hermes_dld: Programming block of length 60416 to address 
0x001f0000
[28678.113299] hermes_dld: Programming block of length 4096 to address 
0x001ef000
[28678.116577] eth1: Program returned 0
[28678.116585] hermes_dld: Found record 0x0003 at cfa9641c
[28678.116605] hermes_dld: Found record 0x0005 at cfa964a8
[28678.116623] hermes_dld: Found record 0x0008 at cfa964d2
[28678.116638] hermes_dld: Found record 0x0007 at cfa964c4
[28678.116655] hermes_dld: Found record 0x0006 at cfa964b6
[28678.116672] hermes_dld: Found record 0x0110 at cfa9659a
[28678.116703] hermes_dld: Found record 0x0120 at cfa965ba
[28678.116735] hermes_dld: Found record 0x0130 at cfa965da
[28678.116765] hermes_dld: Found record 0x0140 at cfa965fa
[28678.116777] hermes_dld: Found record 0x0150 at cfa96602
[28678.116789] hermes_dld: Using default record 0x0160 at dfa9fb60
[28678.116821] hermes_dld: Found record 0x0101 at cfa96546
[28678.116834] hermes_dld: Found record 0x0103 at cfa9655c
[28678.116853] hermes_dld: Found record 0x0104 at cfa9656c
[28678.116863] hermes_dld: Found record 0x0105 at cfa96572
[28678.116874] hermes_dld: Found record 0x0105 at cfa96572
[28678.116885] hermes_dld: Found record 0x0105 at cfa96572
[28678.116895] hermes_dld: Found record 0x0107 at cfa9657e
[28678.116906] hermes_dld: Found record 0x0109 at cfa9658c
[28678.116923] hermes_dld: Using default record 0x0161 at dfa9fb80
[28678.117137] eth1: Apply PDA returned 0
[28678.117246] hermes_dld: PROGRAM_DISABLE returned 0, r0 0x0000, r1 
0x0000, r2 0x0000
[28678.117273] hermes_dld: AUX disable returned 0
[28678.127909] eth1: Program end returned 0
[28678.127917] eth1: hermes_present returned 1
[28678.140167] Restarting tasks ... done.
[28678.467622] eth1: New link status: Connected (0001)
[32837.809043] kwrited[31962]: segfault at 9079a1cd ip b75e5539 sp 
bfe2e184 error 4 in libc-2.8.so[b757a000+148000]
[42226.314859] PM: Syncing filesystems ... done.
[42226.970260] Freezing user space processes ... (elapsed 0.12 seconds) 
done.
[42227.090613] Freezing remaining freezable tasks ... (elapsed 0.00 
seconds) done.
[42227.091403] Suspending console(s) (use no_console_suspend to debug)
[42227.099461] sd 0:0:0:0: [sda] Synchronizing SCSI cache
[42227.099955] sd 0:0:0:0: [sda] Stopping disk
[42227.829531] ALI 5451 0000:00:06.0: PCI INT A disabled
[42227.842974] ALI 5451 0000:00:06.0: power state changed by ACPI to D3
[42228.613957] pata_ali 0000:00:04.0: can't derive routing for PCI INT A
[42228.626038] ohci_hcd 0000:00:02.0: PCI INT A disabled
[42228.642133] ACPI: Preparing to enter system sleep state S3
[42228.642530] Back to C!
[42228.654825] ACPI: Waking up from system sleep state S3
[42228.675211] pci 0000:00:01.0: setting latency timer to 64
[42228.685937] ohci_hcd 0000:00:02.0: PCI INT A -> Link[LNKG] -> GSI 11 
(level, low) -> IRQ 11
[42228.685978] ohci_hcd 0000:00:02.0: restoring config space at offset 
0xf (was 0x500001ff, writing 0x5000010b)
[42228.741237] usb usb1: root hub lost power or was reset
[42228.752621] pata_ali 0000:00:04.0: restoring config space at offset 
0x1 (was 0x2900001, writing 0x2900005)
[42228.752671] pata_ali 0000:00:04.0: can't derive routing for PCI INT A
[42228.759516] ALI 5451 0000:00:06.0: power state changed by ACPI to D0
[42228.759552] ALI 5451 0000:00:06.0: restoring config space at offset 
0xf (was 0x180201ff, writing 0x1802010b)
[42228.759787] ALI 5451 0000:00:06.0: power state changed by ACPI to D0
[42228.759822] ALI 5451 0000:00:06.0: PCI INT A -> Link[LNKH] -> GSI 11 
(level, low) -> IRQ 11
[42229.042701] ali1535_smbus 0000:00:08.0: enabling device (0000 -> 
0001)
[42229.055909] e100 0000:00:0a.0: restoring config space at offset 0xf 
(was 0x380801ff, writing 0x3808010b)
[42229.082886] yenta_cardbus 0000:00:10.0: restoring config space at 
offset 0x6 (was 0x50200, writing 0xb0050200)
[42229.336614] ata2.00: ACPI cmd ef/03:0c:00:00:00:00 filtered out
[42229.336625] ata2.00: ACPI cmd ef/03:42:00:00:00:00 filtered out
[42229.343177] ata2.00: configured for UDMA/33
[42230.065955] pci 0000:00:12.0: restoring config space at offset 0xf 
(was 0x1ff, writing 0x10b)
[42230.066071] pci 0000:01:00.0: restoring config space at offset 0xf 
(was 0x1ff, writing 0x10b)
[42230.071166] sd 0:0:0:0: [sda] Starting disk
[42231.012969] ata1.00: ACPI cmd ef/03:0c:00:00:00:00 filtered out
[42231.012980] ata1.00: ACPI cmd ef/03:44:00:00:00:00 filtered out
[42231.026590] ata1.00: configured for UDMA/33
[42231.044328] sd 0:0:0:0: [sda] 39070080 512-byte hardware sectors: 
(20.0 GB/18.6 GiB)
[42231.044456] sd 0:0:0:0: [sda] Write Protect is off
[42231.044464] sd 0:0:0:0: [sda] Mode Sense: 00 3a 00 00
[42231.044655] sd 0:0:0:0: [sda] Write cache: enabled, read cache: 
enabled, doesn't support DPO or FUA
[42231.296124] eth1: Attempting to download firmware agere_sta_fw.bin
[42231.296156] hermes_dld: AUX enable returned 0
[42231.297186] hermes_dld: AUX disable returned 0
[42231.297193] hermes_dld: Actual PDA length 998, Max allowed 1000
[42231.297199] eth1: Read PDA returned 0
[42231.379375] hermes_dld: AUX enable returned 0
[42231.379382] hermes_dld: Enabling volatile, EP 0x000f8000
[42231.380482] hermes_dld: PROGRAM_ENABLE returned 0
[42231.380488] eth1: Program init returned 0
[42231.380496] hermes_dld: Programming block of length 60416 to address 
0x001f0000
[42231.428642] hermes_dld: Programming block of length 4096 to address 
0x001ef000
[42231.431920] eth1: Program returned 0
[42231.431928] hermes_dld: Found record 0x0003 at cbc7041c
[42231.431948] hermes_dld: Found record 0x0005 at cbc704a8
[42231.431966] hermes_dld: Found record 0x0008 at cbc704d2
[42231.431981] hermes_dld: Found record 0x0007 at cbc704c4
[42231.431997] hermes_dld: Found record 0x0006 at cbc704b6
[42231.432014] hermes_dld: Found record 0x0110 at cbc7059a
[42231.432046] hermes_dld: Found record 0x0120 at cbc705ba
[42231.432077] hermes_dld: Found record 0x0130 at cbc705da
[42231.432108] hermes_dld: Found record 0x0140 at cbc705fa
[42231.432120] hermes_dld: Found record 0x0150 at cbc70602
[42231.432131] hermes_dld: Using default record 0x0160 at dfa9fb60
[42231.432163] hermes_dld: Found record 0x0101 at cbc70546
[42231.432176] hermes_dld: Found record 0x0103 at cbc7055c
[42231.432195] hermes_dld: Found record 0x0104 at cbc7056c
[42231.432206] hermes_dld: Found record 0x0105 at cbc70572
[42231.432217] hermes_dld: Found record 0x0105 at cbc70572
[42231.432227] hermes_dld: Found record 0x0105 at cbc70572
[42231.432238] hermes_dld: Found record 0x0107 at cbc7057e
[42231.432249] hermes_dld: Found record 0x0109 at cbc7058c
[42231.432266] hermes_dld: Using default record 0x0161 at dfa9fb80
[42231.432532] eth1: Apply PDA returned 0
[42231.432595] hermes_dld: PROGRAM_DISABLE returned 0, r0 0x0000, r1 
0x0000, r2 0x0000
[42231.432622] hermes_dld: AUX disable returned 0
[42231.443265] eth1: Program end returned 0
[42231.443273] eth1: hermes_present returned 1
[42231.455482] Restarting tasks ... done.
[42231.739962] eth1: New link status: Connected (0001)
[43838.005824] usb 1-1: new full speed USB device using ohci_hcd and 
address 2
[43838.299361] usb 1-1: configuration #1 chosen from 1 choice
[43839.316425] Bluetooth: Core ver 2.13
[43839.317891] NET: Registered protocol family 31
[43839.317927] Bluetooth: HCI device and connection manager initialized
[43839.318946] Bluetooth: HCI socket layer initialized
[43841.252502] Bluetooth: HCI USB driver ver 2.10
[43841.255374] usbcore: registered new interface driver hci_usb
[43844.226748] Bluetooth: L2CAP ver 2.11
[43844.226810] Bluetooth: L2CAP socket layer initialized
[43844.539415] Bluetooth: RFCOMM socket layer initialized
[43844.539546] Bluetooth: RFCOMM TTY layer initialized
[43844.539562] Bluetooth: RFCOMM ver 1.10
[43844.890198] Bluetooth: BNEP (Ethernet Emulation) ver 1.3
[43845.185333] bluetoothd[5461]: segfault at 38 ip 00000038 sp bfb916bc 
error 4 in input.so[b7c79000+7000]
[44453.767544] usb 1-1: USB disconnect, address 2
[47820.858067] eth1: New link status: AP Out of Range (0004)
[47947.959938] eth1: Lucent/Agere firmware doesn't support manual 
roaming
[47949.575958] eth1: New link status: Connected (0001)
[47957.710193] eth1: New link status: Disconnected (0002)
[47958.955481] eth1: New link status: Connected (0001)
[47966.988901] eth1: New link status: Disconnected (0002)
[47968.165254] eth1: New link status: Connected (0001)
[47976.178863] eth1: New link status: Disconnected (0002)
[47977.404271] eth1: New link status: Connected (0001)
[47985.468705] eth1: New link status: Disconnected (0002)
[47986.767998] eth1: New link status: Connected (0001)
[47994.778591] eth1: New link status: Disconnected (0002)
[47996.040753] eth1: New link status: Connected (0001)
[48004.098458] eth1: New link status: Disconnected (0002)
[48005.497074] eth1: New link status: Connected (0001)
[48013.528366] eth1: New link status: Disconnected (0002)
[48014.838936] eth1: New link status: Connected (0001)
[48022.888089] eth1: New link status: Disconnected (0002)
[48024.048153] eth1: New link status: Connected (0001)
[48032.077956] eth1: New link status: Disconnected (0002)
[48033.250517] eth1: New link status: Connected (0001)
[50297.545609] PM: Syncing filesystems ... done.
[50297.646233] Freezing user space processes ... (elapsed 0.03 seconds) 
done.
[50297.681212] Freezing remaining freezable tasks ... (elapsed 0.00 
seconds) done.
[50297.682121] Suspending console(s) (use no_console_suspend to debug)
[50297.690173] sd 0:0:0:0: [sda] Synchronizing SCSI cache
[50298.123778] sd 0:0:0:0: [sda] Stopping disk
[50298.862053] ALI 5451 0000:00:06.0: PCI INT A disabled
[50298.875490] ALI 5451 0000:00:06.0: power state changed by ACPI to D3
[50299.651050] pata_ali 0000:00:04.0: can't derive routing for PCI INT A
[50299.661889] ohci_hcd 0000:00:02.0: PCI INT A disabled
[50299.677907] ACPI: Preparing to enter system sleep state S3
[50299.678389] Back to C!
[50299.690896] ACPI: Waking up from system sleep state S3
[50299.711209] pci 0000:00:01.0: setting latency timer to 64
[50299.722014] ohci_hcd 0000:00:02.0: PCI INT A -> Link[LNKG] -> GSI 11 
(level, low) -> IRQ 11
[50299.722055] ohci_hcd 0000:00:02.0: restoring config space at offset 
0xf (was 0x500001ff, writing 0x5000010b)
[50299.777085] usb usb1: root hub lost power or was reset
[50299.788467] pata_ali 0000:00:04.0: restoring config space at offset 
0x1 (was 0x2900001, writing 0x2900005)
[50299.788519] pata_ali 0000:00:04.0: can't derive routing for PCI INT A
[50299.796891] ALI 5451 0000:00:06.0: power state changed by ACPI to D0
[50299.796926] ALI 5451 0000:00:06.0: restoring config space at offset 
0xf (was 0x180201ff, writing 0x1802010b)
[50299.797163] ALI 5451 0000:00:06.0: power state changed by ACPI to D0
[50299.797199] ALI 5451 0000:00:06.0: PCI INT A -> Link[LNKH] -> GSI 11 
(level, low) -> IRQ 11
[50300.088562] ali1535_smbus 0000:00:08.0: enabling device (0000 -> 
0001)
[50300.101754] e100 0000:00:0a.0: restoring config space at offset 0xf 
(was 0x380801ff, writing 0x3808010b)
[50300.128732] yenta_cardbus 0000:00:10.0: restoring config space at 
offset 0x6 (was 0x50200, writing 0xb0050200)
[50300.372407] ata2.00: ACPI cmd ef/03:0c:00:00:00:00 filtered out
[50300.372417] ata2.00: ACPI cmd ef/03:42:00:00:00:00 filtered out
[50300.373281] ata2.00: configured for UDMA/33
[50301.111769] pci 0000:00:12.0: restoring config space at offset 0xf 
(was 0x1ff, writing 0x10b)
[50301.111884] pci 0000:01:00.0: restoring config space at offset 0xf 
(was 0x1ff, writing 0x10b)
[50301.117033] sd 0:0:0:0: [sda] Starting disk
[50302.052153] ata1.00: ACPI cmd ef/03:0c:00:00:00:00 filtered out
[50302.052163] ata1.00: ACPI cmd ef/03:44:00:00:00:00 filtered out
[50302.065782] ata1.00: configured for UDMA/33
[50302.092891] sd 0:0:0:0: [sda] 39070080 512-byte hardware sectors: 
(20.0 GB/18.6 GiB)
[50302.093016] sd 0:0:0:0: [sda] Write Protect is off
[50302.093025] sd 0:0:0:0: [sda] Mode Sense: 00 3a 00 00
[50302.093214] sd 0:0:0:0: [sda] Write cache: enabled, read cache: 
enabled, doesn't support DPO or FUA
[50302.345304] eth1: Attempting to download firmware agere_sta_fw.bin
[50302.345337] hermes_dld: AUX enable returned 0
[50302.346366] hermes_dld: AUX disable returned 0
[50302.346373] hermes_dld: Actual PDA length 998, Max allowed 1000
[50302.346379] eth1: Read PDA returned 0
[50302.428546] hermes_dld: AUX enable returned 0
[50302.428552] hermes_dld: Enabling volatile, EP 0x000f8000
[50302.429664] hermes_dld: PROGRAM_ENABLE returned 0
[50302.429670] eth1: Program init returned 0
[50302.429678] hermes_dld: Programming block of length 60416 to address 
0x001f0000
[50302.477826] hermes_dld: Programming block of length 4096 to address 
0x001ef000
[50302.481103] eth1: Program returned 0
[50302.481111] hermes_dld: Found record 0x0003 at d9a9e81c
[50302.481130] hermes_dld: Found record 0x0005 at d9a9e8a8
[50302.481148] hermes_dld: Found record 0x0008 at d9a9e8d2
[50302.481163] hermes_dld: Found record 0x0007 at d9a9e8c4
[50302.481180] hermes_dld: Found record 0x0006 at d9a9e8b6
[50302.481197] hermes_dld: Found record 0x0110 at d9a9e99a
[50302.481228] hermes_dld: Found record 0x0120 at d9a9e9ba
[50302.481259] hermes_dld: Found record 0x0130 at d9a9e9da
[50302.481290] hermes_dld: Found record 0x0140 at d9a9e9fa
[50302.481302] hermes_dld: Found record 0x0150 at d9a9ea02
[50302.481314] hermes_dld: Using default record 0x0160 at dfa9fb60
[50302.481345] hermes_dld: Found record 0x0101 at d9a9e946
[50302.481358] hermes_dld: Found record 0x0103 at d9a9e95c
[50302.481377] hermes_dld: Found record 0x0104 at d9a9e96c
[50302.481388] hermes_dld: Found record 0x0105 at d9a9e972
[50302.481398] hermes_dld: Found record 0x0105 at d9a9e972
[50302.481409] hermes_dld: Found record 0x0105 at d9a9e972
[50302.481420] hermes_dld: Found record 0x0107 at d9a9e97e
[50302.481430] hermes_dld: Found record 0x0109 at d9a9e98c
[50302.481447] hermes_dld: Using default record 0x0161 at dfa9fb80
[50302.481707] eth1: Apply PDA returned 0
[50302.481771] hermes_dld: PROGRAM_DISABLE returned 0, r0 0x0000, r1 
0x0000, r2 0x0000
[50302.481798] hermes_dld: AUX disable returned 0
[50302.492437] eth1: Program end returned 0
[50302.492445] eth1: hermes_present returned 1
[50302.505933] Restarting tasks ... done.
[50302.762852] eth1: New link status: Connected (0001)
[50804.575989] PM: Syncing filesystems ... done.
[50805.172257] Freezing user space processes ... (elapsed 0.03 seconds) 
done.
[50805.205561] Freezing remaining freezable tasks ... (elapsed 0.00 
seconds) done.
[50805.206384] Suspending console(s) (use no_console_suspend to debug)
[50805.214344] sd 0:0:0:0: [sda] Synchronizing SCSI cache
[50805.242849] sd 0:0:0:0: [sda] Stopping disk
[50805.958673] ALI 5451 0000:00:06.0: PCI INT A disabled
[50805.972116] ALI 5451 0000:00:06.0: power state changed by ACPI to D3
[50806.727296] pata_ali 0000:00:04.0: can't derive routing for PCI INT A
[50806.738516] ohci_hcd 0000:00:02.0: PCI INT A disabled
[50806.754618] ACPI: Preparing to enter system sleep state S3
[50806.755007] Back to C!
[50806.767381] ACPI: Waking up from system sleep state S3
[50806.790509] pci 0000:00:01.0: setting latency timer to 64
[50806.801743] ohci_hcd 0000:00:02.0: PCI INT A -> Link[LNKG] -> GSI 11 
(level, low) -> IRQ 11
[50806.801784] ohci_hcd 0000:00:02.0: restoring config space at offset 
0xf (was 0x500001ff, writing 0x5000010b)
[50806.857370] usb usb1: root hub lost power or was reset
[50806.868640] pata_ali 0000:00:04.0: restoring config space at offset 
0x1 (was 0x2900001, writing 0x2900005)
[50806.868689] pata_ali 0000:00:04.0: can't derive routing for PCI INT A
[50806.876988] ALI 5451 0000:00:06.0: power state changed by ACPI to D0
[50806.877025] ALI 5451 0000:00:06.0: restoring config space at offset 
0xf (was 0x180201ff, writing 0x1802010b)
[50806.877262] ALI 5451 0000:00:06.0: power state changed by ACPI to D0
[50806.877297] ALI 5451 0000:00:06.0: PCI INT A -> Link[LNKH] -> GSI 11 
(level, low) -> IRQ 11
[50807.161848] ali1535_smbus 0000:00:08.0: enabling device (0000 -> 
0001)
[50807.175051] e100 0000:00:0a.0: restoring config space at offset 0xf 
(was 0x380801ff, writing 0x3808010b)
[50807.202006] yenta_cardbus 0000:00:10.0: restoring config space at 
offset 0x6 (was 0x50200, writing 0xb0050200)
[50807.452350] ata2.00: ACPI cmd ef/03:0c:00:00:00:00 filtered out
[50807.452360] ata2.00: ACPI cmd ef/03:42:00:00:00:00 filtered out
[50807.453221] ata2.00: configured for UDMA/33
[50808.185062] pci 0000:00:12.0: restoring config space at offset 0xf 
(was 0x1ff, writing 0x10b)
[50808.185177] pci 0000:01:00.0: restoring config space at offset 0xf 
(was 0x1ff, writing 0x10b)
[50808.190275] sd 0:0:0:0: [sda] Starting disk
[50809.115422] ata1.00: ACPI cmd ef/03:0c:00:00:00:00 filtered out
[50809.115434] ata1.00: ACPI cmd ef/03:44:00:00:00:00 filtered out
[50809.129101] ata1.00: configured for UDMA/33
[50809.153909] sd 0:0:0:0: [sda] 39070080 512-byte hardware sectors: 
(20.0 GB/18.6 GiB)
[50809.154036] sd 0:0:0:0: [sda] Write Protect is off
[50809.154045] sd 0:0:0:0: [sda] Mode Sense: 00 3a 00 00
[50809.154234] sd 0:0:0:0: [sda] Write cache: enabled, read cache: 
enabled, doesn't support DPO or FUA
[50809.405266] eth1: Attempting to download firmware agere_sta_fw.bin
[50809.405299] hermes_dld: AUX enable returned 0
[50809.406328] hermes_dld: AUX disable returned 0
[50809.406334] hermes_dld: Actual PDA length 998, Max allowed 1000
[50809.406341] eth1: Read PDA returned 0
[50809.488505] hermes_dld: AUX enable returned 0
[50809.488512] hermes_dld: Enabling volatile, EP 0x000f8000
[50809.489624] hermes_dld: PROGRAM_ENABLE returned 0
[50809.489630] eth1: Program init returned 0
[50809.489639] hermes_dld: Programming block of length 60416 to address 
0x001f0000
[50809.537788] hermes_dld: Programming block of length 4096 to address 
0x001ef000
[50809.541065] eth1: Program returned 0
[50809.541073] hermes_dld: Found record 0x0003 at cbc2d01c
[50809.541094] hermes_dld: Found record 0x0005 at cbc2d0a8
[50809.541111] hermes_dld: Found record 0x0008 at cbc2d0d2
[50809.541126] hermes_dld: Found record 0x0007 at cbc2d0c4
[50809.541143] hermes_dld: Found record 0x0006 at cbc2d0b6
[50809.541160] hermes_dld: Found record 0x0110 at cbc2d19a
[50809.541192] hermes_dld: Found record 0x0120 at cbc2d1ba
[50809.541223] hermes_dld: Found record 0x0130 at cbc2d1da
[50809.541254] hermes_dld: Found record 0x0140 at cbc2d1fa
[50809.541266] hermes_dld: Found record 0x0150 at cbc2d202
[50809.541278] hermes_dld: Using default record 0x0160 at dfa9fb60
[50809.541309] hermes_dld: Found record 0x0101 at cbc2d146
[50809.541323] hermes_dld: Found record 0x0103 at cbc2d15c
[50809.541341] hermes_dld: Found record 0x0104 at cbc2d16c
[50809.541352] hermes_dld: Found record 0x0105 at cbc2d172
[50809.541363] hermes_dld: Found record 0x0105 at cbc2d172
[50809.541373] hermes_dld: Found record 0x0105 at cbc2d172
[50809.541384] hermes_dld: Found record 0x0107 at cbc2d17e
[50809.541395] hermes_dld: Found record 0x0109 at cbc2d18c
[50809.541412] hermes_dld: Using default record 0x0161 at dfa9fb80
[50809.541673] eth1: Apply PDA returned 0
[50809.541736] hermes_dld: PROGRAM_DISABLE returned 0, r0 0x0000, r1 
0x0000, r2 0x0000
[50809.541763] hermes_dld: AUX disable returned 0
[50809.552398] eth1: Program end returned 0
[50809.552405] eth1: hermes_present returned 1
[50809.565899] Restarting tasks ... done.
[50809.732319] eth1: New link status: Connected (0001)
[55504.827363] zsh[10848]: segfault at 91 ip b7cf94b8 sp bf9b0c70 error 
4 in complist.so[b7cf4000+d000]
[61631.244919] PM: Syncing filesystems ... done.
[61631.861053] Freezing user space processes ... (elapsed 0.19 seconds) 
done.
[61632.055044] Freezing remaining freezable tasks ... (elapsed 0.00 
seconds) done.
[61632.055834] Suspending console(s) (use no_console_suspend to debug)
[61632.063738] sd 0:0:0:0: [sda] Synchronizing SCSI cache
[61632.064206] sd 0:0:0:0: [sda] Stopping disk
[61632.804255] ALI 5451 0000:00:06.0: PCI INT A disabled
[61632.817807] ALI 5451 0000:00:06.0: power state changed by ACPI to D3
[61633.571008] pata_ali 0000:00:04.0: can't derive routing for PCI INT A
[61633.584090] ohci_hcd 0000:00:02.0: PCI INT A disabled
[61633.600202] ACPI: Preparing to enter system sleep state S3
[61633.600590] Back to C!
[61633.612290] ACPI: Waking up from system sleep state S3
[61633.633469] pci 0000:00:01.0: setting latency timer to 64
[61633.643996] ohci_hcd 0000:00:02.0: PCI INT A -> Link[LNKG] -> GSI 11 
(level, low) -> IRQ 11
[61633.644038] ohci_hcd 0000:00:02.0: restoring config space at offset 
0xf (was 0x500001ff, writing 0x5000010b)
[61633.699298] usb usb1: root hub lost power or was reset
[61633.710682] pata_ali 0000:00:04.0: restoring config space at offset 
0x1 (was 0x2900001, writing 0x2900005)
[61633.710732] pata_ali 0000:00:04.0: can't derive routing for PCI INT A
[61633.719398] ALI 5451 0000:00:06.0: power state changed by ACPI to D0
[61633.719436] ALI 5451 0000:00:06.0: restoring config space at offset 
0xf (was 0x180201ff, writing 0x1802010b)
[61633.719499] ALI 5451 0000:00:06.0: restoring config space at offset 
0x1 (was 0x2900003, writing 0xc2900003)
[61633.719687] ALI 5451 0000:00:06.0: power state changed by ACPI to D0
[61633.719723] ALI 5451 0000:00:06.0: PCI INT A -> Link[LNKH] -> GSI 11 
(level, low) -> IRQ 11
[61634.017429] ali1535_smbus 0000:00:08.0: enabling device (0000 -> 
0001)
[61634.030633] e100 0000:00:0a.0: restoring config space at offset 0xf 
(was 0x380801ff, writing 0x3808010b)
[61634.057572] yenta_cardbus 0000:00:10.0: restoring config space at 
offset 0x6 (was 0x50200, writing 0xb0050200)
[61634.241283] ata2.00: ACPI cmd ef/03:0c:00:00:00:00 filtered out
[61634.241294] ata2.00: ACPI cmd ef/03:42:00:00:00:00 filtered out
[61634.242159] ata2.00: configured for UDMA/33
[61635.040653] pci 0000:00:12.0: restoring config space at offset 0xf 
(was 0x1ff, writing 0x10b)
[61635.040768] pci 0000:01:00.0: restoring config space at offset 0xf 
(was 0x1ff, writing 0x10b)
[61635.045855] sd 0:0:0:0: [sda] Starting disk
[61635.924352] ata1.00: ACPI cmd ef/03:0c:00:00:00:00 filtered out
[61635.924364] ata1.00: ACPI cmd ef/03:44:00:00:00:00 filtered out
[61635.937982] ata1.00: configured for UDMA/33
[61635.953595] sd 0:0:0:0: [sda] 39070080 512-byte hardware sectors: 
(20.0 GB/18.6 GiB)
[61635.953721] sd 0:0:0:0: [sda] Write Protect is off
[61635.953730] sd 0:0:0:0: [sda] Mode Sense: 00 3a 00 00
[61635.953971] sd 0:0:0:0: [sda] Write cache: enabled, read cache: 
enabled, doesn't support DPO or FUA
[61636.207494] eth1: Attempting to download firmware agere_sta_fw.bin
[61636.207526] hermes_dld: AUX enable returned 0
[61636.208556] hermes_dld: AUX disable returned 0
[61636.208563] hermes_dld: Actual PDA length 998, Max allowed 1000
[61636.208570] eth1: Read PDA returned 0
[61636.290732] hermes_dld: AUX enable returned 0
[61636.290739] hermes_dld: Enabling volatile, EP 0x000f8000
[61636.291862] hermes_dld: PROGRAM_ENABLE returned 0
[61636.291868] eth1: Program init returned 0
[61636.291876] hermes_dld: Programming block of length 60416 to address 
0x001f0000
[61636.340026] hermes_dld: Programming block of length 4096 to address 
0x001ef000
[61636.343302] eth1: Program returned 0
[61636.343310] hermes_dld: Found record 0x0003 at d9bd301c
[61636.343330] hermes_dld: Found record 0x0005 at d9bd30a8
[61636.343347] hermes_dld: Found record 0x0008 at d9bd30d2
[61636.343362] hermes_dld: Found record 0x0007 at d9bd30c4
[61636.343379] hermes_dld: Found record 0x0006 at d9bd30b6
[61636.343396] hermes_dld: Found record 0x0110 at d9bd319a
[61636.343428] hermes_dld: Found record 0x0120 at d9bd31ba
[61636.343460] hermes_dld: Found record 0x0130 at d9bd31da
[61636.343491] hermes_dld: Found record 0x0140 at d9bd31fa
[61636.343503] hermes_dld: Found record 0x0150 at d9bd3202
[61636.343514] hermes_dld: Using default record 0x0160 at dfa9fb60
[61636.343546] hermes_dld: Found record 0x0101 at d9bd3146
[61636.343560] hermes_dld: Found record 0x0103 at d9bd315c
[61636.343578] hermes_dld: Found record 0x0104 at d9bd316c
[61636.343589] hermes_dld: Found record 0x0105 at d9bd3172
[61636.343600] hermes_dld: Found record 0x0105 at d9bd3172
[61636.343610] hermes_dld: Found record 0x0105 at d9bd3172
[61636.343621] hermes_dld: Found record 0x0107 at d9bd317e
[61636.343632] hermes_dld: Found record 0x0109 at d9bd318c
[61636.343649] hermes_dld: Using default record 0x0161 at dfa9fb80
[61636.343910] eth1: Apply PDA returned 0
[61636.343973] hermes_dld: PROGRAM_DISABLE returned 0, r0 0x0000, r1 
0x0000, r2 0x0000
[61636.344000] hermes_dld: AUX disable returned 0
[61636.354636] eth1: Program end returned 0
[61636.354643] eth1: hermes_present returned 1
[61636.368097] Restarting tasks ... done.
[61636.595445] eth1: New link status: Connected (0001)
[64877.744271] PM: Syncing filesystems ... done.
[64878.267659] Freezing user space processes ... (elapsed 0.01 seconds) 
done.
[64878.281415] Freezing remaining freezable tasks ... (elapsed 0.00 
seconds) done.
[64878.282224] Suspending console(s) (use no_console_suspend to debug)
[64878.290151] sd 0:0:0:0: [sda] Synchronizing SCSI cache
[64878.332258] sd 0:0:0:0: [sda] Stopping disk
[64879.063931] ALI 5451 0000:00:06.0: PCI INT A disabled
[64879.077485] ALI 5451 0000:00:06.0: power state changed by ACPI to D3
[64879.843113] pata_ali 0000:00:04.0: can't derive routing for PCI INT A
[64879.853767] ohci_hcd 0000:00:02.0: PCI INT A disabled
[64879.869871] ACPI: Preparing to enter system sleep state S3
[64879.870264] Back to C!
[64879.882693] ACPI: Waking up from system sleep state S3
[64879.903825] pci 0000:00:01.0: setting latency timer to 64
[64879.917000] ohci_hcd 0000:00:02.0: PCI INT A -> Link[LNKG] -> GSI 11 
(level, low) -> IRQ 11
[64879.917041] ohci_hcd 0000:00:02.0: restoring config space at offset 
0xf (was 0x500001ff, writing 0x5000010b)
[64879.972304] usb usb1: root hub lost power or was reset
[64879.983689] pata_ali 0000:00:04.0: restoring config space at offset 
0x1 (was 0x2900001, writing 0x2900005)
[64879.983740] pata_ali 0000:00:04.0: can't derive routing for PCI INT A
[64879.990761] ALI 5451 0000:00:06.0: power state changed by ACPI to D0
[64879.990798] ALI 5451 0000:00:06.0: restoring config space at offset 
0xf (was 0x180201ff, writing 0x1802010b)
[64879.991035] ALI 5451 0000:00:06.0: power state changed by ACPI to D0
[64879.991070] ALI 5451 0000:00:06.0: PCI INT A -> Link[LNKH] -> GSI 11 
(level, low) -> IRQ 11
[64880.277104] ali1535_smbus 0000:00:08.0: enabling device (0000 -> 
0001)
[64880.290308] e100 0000:00:0a.0: restoring config space at offset 0xf 
(was 0x380801ff, writing 0x3808010b)
[64880.317269] yenta_cardbus 0000:00:10.0: restoring config space at 
offset 0x6 (was 0x50200, writing 0xb0050200)
[64880.567810] ata2.00: ACPI cmd ef/03:0c:00:00:00:00 filtered out
[64880.567821] ata2.00: ACPI cmd ef/03:42:00:00:00:00 filtered out
[64880.574648] ata2.00: configured for UDMA/33
[64881.300324] pci 0000:00:12.0: restoring config space at offset 0xf 
(was 0x1ff, writing 0x10b)
[64881.300440] pci 0000:01:00.0: restoring config space at offset 0xf 
(was 0x1ff, writing 0x10b)
[64881.305536] sd 0:0:0:0: [sda] Starting disk
[64882.337366] ata1.00: ACPI cmd ef/03:0c:00:00:00:00 filtered out
[64882.337378] ata1.00: ACPI cmd ef/03:44:00:00:00:00 filtered out
[64882.350997] ata1.00: configured for UDMA/33
[64882.375306] sd 0:0:0:0: [sda] 39070080 512-byte hardware sectors: 
(20.0 GB/18.6 GiB)
[64882.375432] sd 0:0:0:0: [sda] Write Protect is off
[64882.375440] sd 0:0:0:0: [sda] Mode Sense: 00 3a 00 00
[64882.375631] sd 0:0:0:0: [sda] Write cache: enabled, read cache: 
enabled, doesn't support DPO or FUA
[64882.627192] eth1: Attempting to download firmware agere_sta_fw.bin
[64882.627225] hermes_dld: AUX enable returned 0
[64882.628253] hermes_dld: AUX disable returned 0
[64882.628260] hermes_dld: Actual PDA length 998, Max allowed 1000
[64882.628266] eth1: Read PDA returned 0
[64882.710433] hermes_dld: AUX enable returned 0
[64882.710440] hermes_dld: Enabling volatile, EP 0x000f8000
[64882.711552] hermes_dld: PROGRAM_ENABLE returned 0
[64882.711558] eth1: Program init returned 0
[64882.711566] hermes_dld: Programming block of length 60416 to address 
0x001f0000
[64882.759690] hermes_dld: Programming block of length 4096 to address 
0x001ef000
[64882.762970] eth1: Program returned 0
[64882.762979] hermes_dld: Found record 0x0003 at cda4881c
[64882.762999] hermes_dld: Found record 0x0005 at cda488a8
[64882.763016] hermes_dld: Found record 0x0008 at cda488d2
[64882.763032] hermes_dld: Found record 0x0007 at cda488c4
[64882.763048] hermes_dld: Found record 0x0006 at cda488b6
[64882.763065] hermes_dld: Found record 0x0110 at cda4899a
[64882.763097] hermes_dld: Found record 0x0120 at cda489ba
[64882.763128] hermes_dld: Found record 0x0130 at cda489da
[64882.763159] hermes_dld: Found record 0x0140 at cda489fa
[64882.763171] hermes_dld: Found record 0x0150 at cda48a02
[64882.763182] hermes_dld: Using default record 0x0160 at dfa9fb60
[64882.763214] hermes_dld: Found record 0x0101 at cda48946
[64882.763227] hermes_dld: Found record 0x0103 at cda4895c
[64882.763246] hermes_dld: Found record 0x0104 at cda4896c
[64882.763256] hermes_dld: Found record 0x0105 at cda48972
[64882.763267] hermes_dld: Found record 0x0105 at cda48972
[64882.763278] hermes_dld: Found record 0x0105 at cda48972
[64882.763288] hermes_dld: Found record 0x0107 at cda4897e
[64882.763299] hermes_dld: Found record 0x0109 at cda4898c
[64882.763316] hermes_dld: Using default record 0x0161 at dfa9fb80
[64882.763577] eth1: Apply PDA returned 0
[64882.763640] hermes_dld: PROGRAM_DISABLE returned 0, r0 0x0000, r1 
0x0000, r2 0x0000
[64882.763667] hermes_dld: AUX disable returned 0
[64882.774301] eth1: Program end returned 0
[64882.774308] eth1: hermes_present returned 1
[64882.787789] Restarting tasks ... done.
[64883.132454] eth1: New link status: Connected (0001)
[66312.934643] PM: Syncing filesystems ... done.
[66313.587821] Freezing user space processes ... (elapsed 0.00 seconds) 
done.
[66313.596380] Freezing remaining freezable tasks ... (elapsed 0.00 
seconds) done.
[66313.597306] Suspending console(s) (use no_console_suspend to debug)
[66313.605260] sd 0:0:0:0: [sda] Synchronizing SCSI cache
[66313.656369] sd 0:0:0:0: [sda] Stopping disk
[66314.377122] ALI 5451 0000:00:06.0: PCI INT A disabled
[66314.390658] ALI 5451 0000:00:06.0: power state changed by ACPI to D3
[66315.158435] pata_ali 0000:00:04.0: can't derive routing for PCI INT A
[66315.170276] ohci_hcd 0000:00:02.0: PCI INT A disabled
[66315.186392] ACPI: Preparing to enter system sleep state S3
[66315.186788] Back to C!
[66315.199356] ACPI: Waking up from system sleep state S3
[66315.220472] pci 0000:00:01.0: setting latency timer to 64
[66315.233511] ohci_hcd 0000:00:02.0: PCI INT A -> Link[LNKG] -> GSI 11 
(level, low) -> IRQ 11
[66315.233553] ohci_hcd 0000:00:02.0: restoring config space at offset 
0xf (was 0x500001ff, writing 0x5000010b)
[66315.288814] usb usb1: root hub lost power or was reset
[66315.300265] pata_ali 0000:00:04.0: restoring config space at offset 
0x1 (was 0x2900001, writing 0x2900005)
[66315.300317] pata_ali 0000:00:04.0: can't derive routing for PCI INT A
[66315.307547] ALI 5451 0000:00:06.0: power state changed by ACPI to D0
[66315.307583] ALI 5451 0000:00:06.0: restoring config space at offset 
0xf (was 0x180201ff, writing 0x1802010b)
[66315.307821] ALI 5451 0000:00:06.0: power state changed by ACPI to D0
[66315.307856] ALI 5451 0000:00:06.0: PCI INT A -> Link[LNKH] -> GSI 11 
(level, low) -> IRQ 11
[66315.560293] ali1535_smbus 0000:00:08.0: enabling device (0000 -> 
0001)
