Date: Mon, 12 Jan 2009 01:47:40 -0500
From: "Bryan Donlan" <>
Subject: OOPS and freeze on 2.6.29-rc1 on xen-x86
Sender: linux-kernel-owner@vger.kernel.org
Precedence: bulk
List-ID: <linux-kernel.vger.kernel.org>
X-Mailing-List: linux-kernel@vger.kernel.org
X-Lkml-Link: https://lkml.org/lkml/2009/1/12/17

Hi,
After testing 2.6.29-rc1 on xen-x86 with a btrfs root filesystem, I
got the OOPS quoted below and a hard freeze shortly after boot
(running update-grub of all things).
Boot messages and config are attached.
This is on a test system, so I'd be happy to test any patches.
------------[ cut here ]------------
Kernel BUG at c05ef80d [verbose debug info unavailable]
invalid opcode: 0000 [#1] SMP
last sysfs file: /sys/block/xvdc/size
Modules linked in:
Pid: 0, comm: swapper Not tainted (2.6.29-rc1 #6)
EIP: 0061:[<c05ef80d>] EFLAGS: 00010087 CPU: 2
EIP is at schedule+0x7cd/0x950
EAX: d5aeca80 EBX: 00000002 ECX: 00000000 EDX: d4cb9a40
ESI: c12f5600 EDI: d4cb9a40 EBP: d6033fa4 ESP: d6033ef4
 DS: 007b ES: 007b FS: 00d8 GS: 0000 SS: 0069
Process swapper (pid: 0, ti=d6032000 task=d6020b70 task.ti=d6032000)
Stack:
 000d85bc 00000000 000186a0 00000000 0dd11410 c0105417 c12efe00 0dc367c3
 00000011 c0105d46 d5a5d310 deadbeef d4cb9a40 c07cc600 c05f1340 c12e0060
 deadbeef d6020b70 d6020d08 00000002 c014377d 00000000 c12f5600 00002c22
Call Trace:
 [<c0105417>] xen_force_evtchn_callback+0x17/0x30
 [<c0105d46>] check_events+0x8/0x12
 [<c05f1340>] _spin_unlock_irqrestore+0x20/0x40
 [<c014377d>] hrtimer_start_range_ns+0x12d/0x2e0
 [<c014c4f6>] tick_nohz_restart_sched_tick+0x146/0x160
 [<c0107485>] cpu_idle+0xa5/0xc0
Code: e8 79 6c b1 ff 90 8b 45 a4 e8 20 6a b3 ff 89 f0 e8 d9 1a 00 00
e9 67 fd ff ff 8d 74 26 00 e8 0b 1d 00 00 8d 76 00 e9 7e f8 ff ff <0f>
0b 90 eb fd 8d b6 00 00 00 00 85 ff 8d b6 00 00 00 00 75 11
EIP: [<c05ef80d>] schedule+0x7cd/0x950 SS:ESP 0069:d6033ef4
---[ end trace 4dda895500d0b401 ]---
Kernel panic - not syncing: Attempted to kill the idle task!
------------[ cut here ]------------
WARNING: at kernel/smp.c:299 smp_call_function_many+0x1de/0x240()
Modules linked in:
Pid: 0, comm: swapper Tainted: G      D    2.6.29-rc1 #6
Call Trace:
 [<c012b4a7>] warn_slowpath+0x87/0xe0
 [<c014469a>] atomic_notifier_call_chain+0x1a/0x20
 [<c045728f>] vt_console_print+0x23f/0x330
 [<c0105417>] xen_force_evtchn_callback+0x17/0x30
 [<c0105d46>] check_events+0x8/0x12
 [<c0105caf>] xen_restore_fl_direct_end+0x0/0x1
 [<c05f1340>] _spin_unlock_irqrestore+0x20/0x40
 [<c0105400>] xen_force_evtchn_callback+0x0/0x30
 [<c0105d46>] check_events+0x8/0x12
 [<c0105caf>] xen_restore_fl_direct_end+0x0/0x1
 [<c012c0b1>] vprintk+0x1b1/0x370
 [<c0105d46>] check_events+0x8/0x12
 [<c0105417>] xen_force_evtchn_callback+0x17/0x30
 [<c0105d46>] check_events+0x8/0x12
 [<c014fcee>] smp_call_function_many+0x1de/0x240
 [<c0106030>] stop_self+0x0/0x30
 [<c012bc71>] release_console_sem+0x191/0x1e0
 [<c01095e0>] do_invalid_op+0x0/0xa0
 [<c014fd6e>] smp_call_function+0x1e/0x30
 [<c05eeb95>] panic+0x4a/0xec
 [<c012edda>] do_exit+0x6ea/0x800
 [<c0105caf>] xen_restore_fl_direct_end+0x0/0x1
 [<c05f1340>] _spin_unlock_irqrestore+0x20/0x40
 [<c01095e0>] do_invalid_op+0x0/0xa0
 [<c05eec4e>] printk+0x17/0x1b
 [<c01095e0>] do_invalid_op+0x0/0xa0
 [<c010b7a9>] oops_end+0x99/0xa0
 [<c010965f>] do_invalid_op+0x7f/0xa0
 [<c05ef80d>] schedule+0x7cd/0x950
 [<c01434fb>] hrtimer_get_next_event+0x10b/0x120
 [<c0118665>] pvclock_clocksource_read+0x55/0xc0
 [<c0118665>] pvclock_clocksource_read+0x55/0xc0
 [<c0105be1>] xen_sched_clock+0x21/0x90
 [<c0105b82>] xen_vcpuop_set_next_event+0x42/0x80
 [<c014528b>] __update_sched_clock+0x2b/0x1a0
 [<c05f160a>] error_code+0x72/0x78
 [<c014007b>] finish_wait+0x2b/0x70
 [<c05ef80d>] schedule+0x7cd/0x950
 [<c0105417>] xen_force_evtchn_callback+0x17/0x30
 [<c0105d46>] check_events+0x8/0x12
 [<c05f1340>] _spin_unlock_irqrestore+0x20/0x40
 [<c014377d>] hrtimer_start_range_ns+0x12d/0x2e0
 [<c014c4f6>] tick_nohz_restart_sched_tick+0x146/0x160
 [<c0107485>] cpu_idle+0xa5/0xc0
---[ end trace 4dda895500d0b402 ]---
[unhandled content-type:application/octet-stream]Jan 12 06:33:19 teppei kernel: imklog 3.18.6, log source = /proc/kmsg started.
Jan 12 06:33:19 teppei kernel: Reserving virtual address space above 0xf5800000
Jan 12 06:33:19 teppei kernel: Linux version 2.6.29-rc1 (root@teppei) (gcc version 4.3.2 (Debian 4.3.2-1) ) #6 SMP Sun Jan 11 23:31:59 UTC 2009
Jan 12 06:33:19 teppei kernel: KERNEL supported cpus:
Jan 12 06:33:19 teppei kernel:  Intel GenuineIntel
Jan 12 06:33:19 teppei kernel:  AMD AuthenticAMD
Jan 12 06:33:19 teppei kernel: BIOS-provided physical RAM map:
Jan 12 06:33:19 teppei kernel: Xen: 0000000000000000 - 00000000000a0000 (usable)
Jan 12 06:33:19 teppei kernel: Xen: 00000000000a0000 - 0000000000100000 (reserved)
Jan 12 06:33:19 teppei kernel: Xen: 0000000000100000 - 0000000000813000 (usable)
Jan 12 06:33:19 teppei kernel: Xen: 0000000000813000 - 0000000000870000 (reserved)
Jan 12 06:33:19 teppei kernel: Xen: 0000000000870000 - 0000000016800000 (usable)
Jan 12 06:33:19 teppei kernel: DMI not present or invalid.
Jan 12 06:33:19 teppei kernel: last_pfn = 0x16800 max_arch_pfn = 0x1000000
Jan 12 06:33:19 teppei kernel: kernel direct mapping tables up to 16800000 @ 878000-930000
Jan 12 06:33:19 teppei kernel: NX (Execute Disable) protection: active
Jan 12 06:33:19 teppei kernel: 0MB HIGHMEM available.
Jan 12 06:33:19 teppei kernel: 360MB LOWMEM available.
Jan 12 06:33:19 teppei kernel:  mapped low ram: 0 - 16800000
Jan 12 06:33:19 teppei kernel:  low ram: 00000000 - 16800000
Jan 12 06:33:19 teppei kernel:  bootmap 00002000 - 00004d00
Jan 12 06:33:19 teppei kernel: (7 early reservations) ==> bootmem [0000000000 - 0016800000]
Jan 12 06:33:19 teppei kernel:  #0 [0000000000 - 0000001000]   BIOS data page ==> [0000000000 - 0000001000]
Jan 12 06:33:19 teppei kernel:  #1 [0000001000 - 0000002000]    EX TRAMPOLINE ==> [0000001000 - 0000002000]
Jan 12 06:33:19 teppei kernel:  #2 [0000006000 - 0000007000]       TRAMPOLINE ==> [0000006000 - 0000007000]
Jan 12 06:33:19 teppei kernel:  #3 [0000100000 - 0000812fdc]    TEXT DATA BSS ==> [0000100000 - 0000812fdc]
Jan 12 06:33:19 teppei kernel:  #4 [0000870000 - 0000878000]    INIT_PG_TABLE ==> [0000870000 - 0000878000]
Jan 12 06:33:19 teppei kernel:  #5 [0000878000 - 0000924000]          PGTABLE ==> [0000878000 - 0000924000]
Jan 12 06:33:19 teppei kernel:  #6 [0000002000 - 0000005000]          BOOTMAP ==> [0000002000 - 0000005000]
Jan 12 06:33:19 teppei kernel: Zone PFN ranges:
Jan 12 06:33:19 teppei kernel:  DMA      0x00000000 -> 0x00001000
Jan 12 06:33:19 teppei kernel:  Normal   0x00001000 -> 0x00016800
Jan 12 06:33:19 teppei kernel:  HighMem  0x00016800 -> 0x00016800
Jan 12 06:33:19 teppei kernel: Movable zone start PFN for each node
Jan 12 06:33:19 teppei kernel: early_node_map[3] active PFN ranges
Jan 12 06:33:19 teppei kernel:    0: 0x00000000 -> 0x000000a0
Jan 12 06:33:19 teppei kernel:    0: 0x00000100 -> 0x00000813
Jan 12 06:33:19 teppei kernel:    0: 0x00000870 -> 0x00016800
Jan 12 06:33:19 teppei kernel: On node 0 totalpages: 91971
Jan 12 06:33:19 teppei kernel: free_area_init_node: node 0, pgdat c0737d00, node_mem_map c1000000
Jan 12 06:33:19 teppei kernel:  DMA zone: 32 pages used for memmap
Jan 12 06:33:19 teppei kernel:  DMA zone: 0 pages reserved
Jan 12 06:33:19 teppei kernel:  DMA zone: 3875 pages, LIFO batch:0
Jan 12 06:33:19 teppei kernel:  Normal zone: 688 pages used for memmap
Jan 12 06:33:19 teppei kernel:  Normal zone: 87376 pages, LIFO batch:15
Jan 12 06:33:19 teppei kernel: SMP: Allowing 4 CPUs, 0 hotplug CPUs
Jan 12 06:33:19 teppei kernel: Local APIC disabled by BIOS -- you can enable it with "lapic"
Jan 12 06:33:19 teppei kernel: Allocating PCI resources starting at 20000000 (gap: 16800000:e9800000)
Jan 12 06:33:19 teppei kernel: NR_CPUS:16 nr_cpumask_bits:16 nr_cpu_ids:4 nr_node_ids:1
Jan 12 06:33:19 teppei kernel: PERCPU: Allocating 49152 bytes of per cpu data
Jan 12 06:33:19 teppei kernel: trying to map vcpu_info 0 at c12d5020, mfn 5dbb32, offset 32
Jan 12 06:33:19 teppei kernel: cpu 0 using vcpu_info at c12d5020
Jan 12 06:33:19 teppei kernel: trying to map vcpu_info 1 at c12e1020, mfn 5dbb26, offset 32
Jan 12 06:33:19 teppei kernel: cpu 1 using vcpu_info at c12e1020
Jan 12 06:33:19 teppei kernel: trying to map vcpu_info 2 at c12ed020, mfn 5dbb1a, offset 32
Jan 12 06:33:19 teppei kernel: cpu 2 using vcpu_info at c12ed020
Jan 12 06:33:19 teppei kernel: trying to map vcpu_info 3 at c12f9020, mfn 5dbb0e, offset 32
Jan 12 06:33:19 teppei kernel: cpu 3 using vcpu_info at c12f9020
Jan 12 06:33:19 teppei kernel: Xen: using vcpu_info placement
Jan 12 06:33:19 teppei kernel: Built 1 zonelists in Zone order, mobility grouping on.  Total pages: 91251
Jan 12 06:33:19 teppei kernel: Kernel command line: root=/dev/xvdb ro
Jan 12 06:33:19 teppei kernel: Enabling fast FPU save and restore... done.
Jan 12 06:33:19 teppei kernel: Enabling unmasked SIMD FPU exception support... done.
Jan 12 06:33:19 teppei kernel: Initializing CPU#0
Jan 12 06:33:19 teppei kernel: PID hash table entries: 2048 (order: 11, 8192 bytes)
Jan 12 06:33:19 teppei kernel: Detected 2500.090 MHz processor.
Jan 12 06:33:19 teppei kernel: Console: colour dummy device 80x25
Jan 12 06:33:19 teppei kernel: console [tty0] enabled
Jan 12 06:33:19 teppei kernel: console [hvc0] enabled
Jan 12 06:33:19 teppei kernel: Dentry cache hash table entries: 65536 (order: 6, 262144 bytes)
Jan 12 06:33:19 teppei kernel: Inode-cache hash table entries: 32768 (order: 5, 131072 bytes)
Jan 12 06:33:19 teppei kernel: Memory: 356192k/368640k available (5065k kernel code, 11464k reserved, 1486k data, 376k init, 0k highmem)
Jan 12 06:33:19 teppei kernel: virtual kernel memory layout:
Jan 12 06:33:19 teppei kernel:    fixmap  : 0xf56e9000 - 0xf57ff000   (1112 kB)
Jan 12 06:33:19 teppei kernel:    pkmap   : 0xf5200000 - 0xf5400000   (2048 kB)
Jan 12 06:33:19 teppei kernel:    vmalloc : 0xd7000000 - 0xf51fe000   ( 481 MB)
Jan 12 06:33:19 teppei kernel:    lowmem  : 0xc0000000 - 0xd6800000   ( 360 MB)
Jan 12 06:33:19 teppei kernel:      .init : 0xc076f000 - 0xc07cd000   ( 376 kB)
Jan 12 06:33:19 teppei kernel:      .data : 0xc05f2436 - 0xc0765cac   (1486 kB)
Jan 12 06:33:19 teppei kernel:      .text : 0xc0100000 - 0xc05f2436   (5065 kB)
Jan 12 06:33:19 teppei kernel: Checking if this processor honours the WP bit even in supervisor mode...Ok.
Jan 12 06:33:19 teppei kernel: SLUB: Genslabs=12, HWalign=64, Order=0-3, MinObjects=0, CPUs=4, Nodes=1
Jan 12 06:33:19 teppei kernel: Xen: using vcpuop timer interface
Jan 12 06:33:19 teppei kernel: installing Xen timer for CPU 0
Jan 12 06:33:19 teppei kernel: Calibrating delay loop (skipped), value calculated using timer frequency.. 5000.18 BogoMIPS (lpj=2500090)
Jan 12 06:33:19 teppei kernel: Security Framework initialized
Jan 12 06:33:19 teppei kernel: Mount-cache hash table entries: 512
Jan 12 06:33:19 teppei kernel: CPU: L1 I cache: 32K, L1 D cache: 32K
Jan 12 06:33:19 teppei kernel: CPU: L2 cache: 6144K
Jan 12 06:33:19 teppei kernel: CPU: Physical Processor ID: 0
Jan 12 06:33:19 teppei kernel: CPU: Processor Core ID: 3
Jan 12 06:33:19 teppei kernel: Freeing SMP alternatives: 24k freed
Jan 12 06:33:19 teppei kernel: cpu 0 spinlock event irq 1
Jan 12 06:33:19 teppei kernel: installing Xen timer for CPU 1
Jan 12 06:33:19 teppei kernel: cpu 1 spinlock event irq 7
Jan 12 06:33:19 teppei kernel: Initializing CPU#1
Jan 12 06:33:19 teppei kernel: CPU: L1 I cache: 32K, L1 D cache: 32K
Jan 12 06:33:19 teppei kernel: CPU: L2 cache: 6144K
Jan 12 06:33:19 teppei kernel: CPU: Physical Processor ID: 0
Jan 12 06:33:19 teppei kernel: CPU: Processor Core ID: 3
Jan 12 06:33:19 teppei kernel: installing Xen timer for CPU 2
Jan 12 06:33:19 teppei kernel: cpu 2 spinlock event irq 13
Jan 12 06:33:19 teppei kernel: Initializing CPU#2
Jan 12 06:33:19 teppei kernel: CPU: L1 I cache: 32K, L1 D cache: 32K
Jan 12 06:33:19 teppei kernel: CPU: L2 cache: 6144K
Jan 12 06:33:19 teppei kernel: CPU: Physical Processor ID: 0
Jan 12 06:33:19 teppei kernel: CPU: Processor Core ID: 3
Jan 12 06:33:19 teppei kernel: installing Xen timer for CPU 3
Jan 12 06:33:19 teppei kernel: cpu 3 spinlock event irq 19
Jan 12 06:33:19 teppei kernel: Initializing CPU#3
Jan 12 06:33:19 teppei kernel: CPU: L1 I cache: 32K, L1 D cache: 32K
Jan 12 06:33:19 teppei kernel: CPU: L2 cache: 6144K
Jan 12 06:33:19 teppei kernel: CPU: Physical Processor ID: 0
Jan 12 06:33:19 teppei kernel: CPU: Processor Core ID: 3
Jan 12 06:33:19 teppei kernel: Brought up 4 CPUs
Jan 12 06:33:19 teppei kernel: net_namespace: 948 bytes
Jan 12 06:33:19 teppei kernel: Booting paravirtualized kernel on Xen
Jan 12 06:33:19 teppei kernel: Xen version: 3.3.1-rc1-pre (preserve-AD)
Jan 12 06:33:19 teppei kernel: xor: automatically using best checksumming function: pIII_sse
Jan 12 06:33:19 teppei kernel:   pIII_sse  :  1304.000 MB/sec
Jan 12 06:33:19 teppei kernel: xor: using function: pIII_sse (1304.000 MB/sec)
Jan 12 06:33:19 teppei kernel: Grant table initialized
Jan 12 06:33:19 teppei kernel: NET: Registered protocol family 16
Jan 12 06:33:19 teppei kernel: bio: create slab <bio-0> at 0
Jan 12 06:33:19 teppei kernel: Switched to high resolution mode on CPU 0
Jan 12 06:33:19 teppei kernel: Switched to high resolution mode on CPU 1
Jan 12 06:33:19 teppei kernel: NET: Registered protocol family 2
Jan 12 06:33:19 teppei kernel: Switched to high resolution mode on CPU 2
Jan 12 06:33:19 teppei kernel: Switched to high resolution mode on CPU 3
Jan 12 06:33:19 teppei kernel: IP route cache hash table entries: 4096 (order: 2, 16384 bytes)
Jan 12 06:33:19 teppei kernel: TCP established hash table entries: 16384 (order: 5, 131072 bytes)
Jan 12 06:33:19 teppei kernel: TCP bind hash table entries: 16384 (order: 5, 131072 bytes)
Jan 12 06:33:19 teppei kernel: TCP: Hash tables configured (established 16384 bind 16384)
Jan 12 06:33:19 teppei kernel: TCP reno registered
Jan 12 06:33:19 teppei kernel: NET: Registered protocol family 1
Jan 12 06:33:19 teppei kernel: platform rtc_cmos: registered platform RTC device (no PNP device found)
Jan 12 06:33:19 teppei kernel: audit: initializing netlink socket (disabled)
Jan 12 06:33:19 teppei kernel: type=2000 audit(1231741980.237:1): initialized
Jan 12 06:33:19 teppei kernel: VFS: Disk quotas dquot_6.5.2
Jan 12 06:33:19 teppei kernel: Dquot-cache hash table entries: 1024 (order 0, 4096 bytes)
Jan 12 06:33:19 teppei kernel: DLM (built Jan 11 2009 23:09:06) installed
Jan 12 06:33:19 teppei kernel: squashfs: version 4.0 (2009/01/03) Phillip Lougher
Jan 12 06:33:19 teppei kernel: Installing knfsd (copyright (C) 1996 okir@monad.swb.de).
Jan 12 06:33:19 teppei kernel: fuse init (API version 7.11)
Jan 12 06:33:19 teppei kernel: JFS: nTxBlock = 2784, nTxLock = 22277
Jan 12 06:33:19 teppei kernel: SGI XFS with ACLs, security attributes, no debug enabled
Jan 12 06:33:19 teppei kernel: SGI XFS Quota Management subsystem
Jan 12 06:33:19 teppei kernel: Btrfs loaded
Jan 12 06:33:19 teppei kernel: msgmni has been set to 696
Jan 12 06:33:19 teppei kernel: alg: No test for cipher_null (cipher_null-generic)
Jan 12 06:33:19 teppei kernel: alg: No test for digest_null (digest_null-generic)
Jan 12 06:33:19 teppei kernel: alg: No test for compress_null (compress_null-generic)
Jan 12 06:33:19 teppei kernel: alg: No test for fcrypt (fcrypt-generic)
Jan 12 06:33:19 teppei kernel: alg: No test for stdrng (krng)
Jan 12 06:33:19 teppei kernel: alg: No test for stdrng (ansi_cprng)
Jan 12 06:33:19 teppei kernel: async_tx: api initialized (sync-only)
Jan 12 06:33:19 teppei kernel: io scheduler noop registered
Jan 12 06:33:19 teppei kernel: io scheduler anticipatory registered
Jan 12 06:33:19 teppei kernel: io scheduler deadline registered
Jan 12 06:33:19 teppei kernel: io scheduler cfq registered (default)
Jan 12 06:33:19 teppei kernel: brd: module loaded
Jan 12 06:33:19 teppei kernel: loop: module loaded
Jan 12 06:33:19 teppei kernel: nbd: registered device at major 43
Jan 12 06:33:19 teppei kernel: blkfront: xvda: barriers enabled
Jan 12 06:33:19 teppei kernel: PPP generic driver version 2.4.2
Jan 12 06:33:19 teppei kernel: xvda:<6>PPP Deflate Compression module registered
Jan 12 06:33:19 teppei kernel: PPP BSD Compression module registered
Jan 12 06:33:19 teppei kernel: PPP MPPE Compression module registered
Jan 12 06:33:19 teppei kernel: SLIP: version 0.8.4-NET3.019-NEWTTY (dynamic channels, max=256) (6 bit encapsulation enabled).
Jan 12 06:33:19 teppei kernel: CSLIP: code copyright 1989 Regents of the University of California.
Jan 12 06:33:19 teppei kernel: SLIP linefill/keepalive option.
Jan 12 06:33:19 teppei kernel: Initialising Xen virtual ethernet driver.
Jan 12 06:33:19 teppei kernel: unknown partition table
Jan 12 06:33:19 teppei kernel: tun: Universal TUN/TAP device driver, 1.6
Jan 12 06:33:19 teppei kernel: tun: (C) 1999-2004 Max Krasnyansky <maxk@qualcomm.com>
Jan 12 06:33:19 teppei kernel: blkfront: xvdb: barriers enabled
Jan 12 06:33:19 teppei kernel: i8042.c: No controller found.
Jan 12 06:33:19 teppei kernel: xvdb:<6>mice: PS/2 mouse device common for all mice
Jan 12 06:33:19 teppei kernel: md: linear personality registered for level -1
Jan 12 06:33:19 teppei kernel: md: raid0 personality registered for level 0
Jan 12 06:33:19 teppei kernel: md: raid1 personality registered for level 1
Jan 12 06:33:19 teppei kernel: raid6: int32x1    972 MB/s
Jan 12 06:33:19 teppei kernel: raid6: int32x2    914 MB/s
Jan 12 06:33:19 teppei kernel: raid6: int32x4    820 MB/s
Jan 12 06:33:19 teppei kernel: raid6: int32x8    714 MB/s
Jan 12 06:33:19 teppei kernel: raid6: mmxx1     2660 MB/s
Jan 12 06:33:19 teppei kernel: raid6: mmxx2     2953 MB/s
Jan 12 06:33:19 teppei kernel: raid6: sse1x1    1464 MB/s
Jan 12 06:33:19 teppei kernel: raid6: sse1x2    2789 MB/s
Jan 12 06:33:19 teppei kernel: raid6: sse2x1    2292 MB/s
Jan 12 06:33:19 teppei kernel: raid6: sse2x2    4746 MB/s
Jan 12 06:33:19 teppei kernel: raid6: using algorithm sse2x2 (4746 MB/s)
Jan 12 06:33:19 teppei kernel: md: raid6 personality registered for level 6
Jan 12 06:33:19 teppei kernel: md: raid5 personality registered for level 5
Jan 12 06:33:19 teppei kernel: md: raid4 personality registered for level 4
Jan 12 06:33:19 teppei kernel: md: multipath personality registered for level -4
Jan 12 06:33:19 teppei kernel: unknown partition table
Jan 12 06:33:19 teppei kernel: device-mapper: ioctl: 4.14.0-ioctl (2008-04-23) initialised: dm-devel@redhat.com
Jan 12 06:33:19 teppei kernel: padlock: VIA PadLock not detected.
Jan 12 06:33:19 teppei kernel: padlock: VIA PadLock Hash Engine not detected.
Jan 12 06:33:19 teppei kernel: GACT probability NOT on
Jan 12 06:33:19 teppei kernel: u32 classifier
Jan 12 06:33:19 teppei kernel:    Performance counters on
Jan 12 06:33:19 teppei kernel:    Actions configured 
Jan 12 06:33:19 teppei kernel: Netfilter messages via NETLINK v0.30.
Jan 12 06:33:19 teppei kernel: nf_conntrack version 0.5.0 (5760 buckets, 23040 max)
Jan 12 06:33:19 teppei kernel: blkfront: xvdc: barriers enabled
Jan 12 06:33:19 teppei kernel: CONFIG_NF_CT_ACCT is deprecated and will be removed soon. Please use
Jan 12 06:33:19 teppei kernel: nf_conntrack.acct=1 kernel paramater, acct=1 nf_conntrack module option or
Jan 12 06:33:19 teppei kernel: sysctl net.netfilter.nf_conntrack_acct=1 to enable it.
Jan 12 06:33:19 teppei kernel: IPv4 over IPv4 tunneling driver
Jan 12 06:33:19 teppei kernel: xvdc:<6>GRE over IPv4 tunneling driver
Jan 12 06:33:19 teppei kernel: ip_tables: (C) 2000-2006 Netfilter Core Team
Jan 12 06:33:19 teppei kernel: TCP cubic registered
Jan 12 06:33:19 teppei kernel: Initializing XFRM netlink socket
Jan 12 06:33:19 teppei kernel: NET: Registered protocol family 10
Jan 12 06:33:19 teppei kernel: lo: Disabled Privacy Extensions
Jan 12 06:33:19 teppei kernel: tunl0: Disabled Privacy Extensions
Jan 12 06:33:19 teppei kernel: ip6_tables: (C) 2000-2006 Netfilter Core Team
Jan 12 06:33:19 teppei kernel: IPv6 over IPv4 tunneling driver
Jan 12 06:33:19 teppei kernel: sit0: Disabled Privacy Extensions
Jan 12 06:33:19 teppei kernel: ip6tnl0: Disabled Privacy Extensions
Jan 12 06:33:19 teppei kernel: NET: Registered protocol family 17
Jan 12 06:33:19 teppei kernel: NET: Registered protocol family 15
Jan 12 06:33:19 teppei kernel: Bridge firewalling registered
Jan 12 06:33:19 teppei kernel: Ebtables v2.0 registered
Jan 12 06:33:19 teppei kernel: ebt_ulog: out of memory trying to call netlink_kernel_create
Jan 12 06:33:19 teppei kernel: RPC: Registered udp transport module.
Jan 12 06:33:19 teppei kernel: RPC: Registered tcp transport module.
Jan 12 06:33:19 teppei kernel: 802.1Q VLAN Support v1.8 Ben Greear <greearb@candelatech.com>
Jan 12 06:33:19 teppei kernel: All bugs added by David S. Miller <davem@redhat.com>
Jan 12 06:33:19 teppei kernel: SCTP: Hash tables configured (established 16384 bind 16384)
Jan 12 06:33:19 teppei kernel: IO APIC resources could be not be allocated.
Jan 12 06:33:19 teppei kernel: Using IPI Shortcut mode
Jan 12 06:33:19 teppei kernel: registered taskstats version 1
Jan 12 06:33:19 teppei kernel: unknown partition table
Jan 12 06:33:19 teppei kernel: XENBUS: Device with no driver: device/console/0
Jan 12 06:33:19 teppei kernel: md: Waiting for all devices to be available before autodetect
Jan 12 06:33:19 teppei kernel: md: If you don't use raid, use raid=noautodetect
Jan 12 06:33:19 teppei kernel: md: Autodetecting RAID arrays.
Jan 12 06:33:19 teppei kernel: md: Scanned 0 and added 0 devices.
Jan 12 06:33:19 teppei kernel: md: autorun ...
Jan 12 06:33:19 teppei kernel: md: ... autorun DONE.
Jan 12 06:33:19 teppei kernel: UDF-fs: No partition found (1)
Jan 12 06:33:19 teppei kernel: device fsid 1a4017a58ca6c2cb-8a6af1960616e788 <6>devid 1 transid 22067 /dev/root
Jan 12 06:33:19 teppei kernel: VFS: Mounted root (btrfs filesystem) readonly on device 0:12.
Jan 12 06:33:19 teppei kernel: Freeing unused kernel memory: 376k freed
Jan 12 06:33:19 teppei kernel: Adding 262136k swap on /dev/xvdc.  Priority:-1 extents:1 across:262136k SS
Jan 12 06:33:19 teppei kernel: kjournald starting.  Commit interval 5 seconds
Jan 12 06:33:19 teppei kernel: EXT3 FS on xvda, internal journal
Jan 12 06:33:19 teppei kernel: EXT3-fs: mounted filesystem with ordered data mode.
Jan 12 06:33:20 teppei kernel: warning: `ntpd' uses 32-bit capabilities (legacy support in use)
Jan 12 06:33:25 teppei kernel: eth0: no IPv6 routers present