Date: Tue, 30 Dec 2008 15:56:17 +0100
From: Martin MOKREJÅ  <>
Subject: 2.6.28 regression: ACPI Non-volatile Storage
Sender: linux-kernel-owner@vger.kernel.org
Precedence: bulk
List-ID: <linux-kernel.vger.kernel.org>
X-Mailing-List: linux-kernel@vger.kernel.org
X-Lkml-Link: https://lkml.org/lkml/2008/12/30/128

Hi,
  compared to 2.6.27.7 I get with 2.6.28 the following on
my good old ASUS L3C/S (also 2.6.28-git2 has this problem):
Linux version 2.6.28-git2 (root@vrapenec) (gcc version 4.3.2 (Gentoo 4.3.2-r1 p1.4, pie-10.1.3) ) #4 Tue Dec 30 12:24:04 MET 2008
KERNEL supported cpus:
  Intel GenuineIntel
  AMD AuthenticAMD
  NSC Geode by NSC
  Cyrix CyrixInstead
  Centaur CentaurHauls
  Transmeta GenuineTMx86
  Transmeta TransmetaCPU
  UMC UMC UMC UMC
BIOS-provided physical RAM map:
 BIOS-e820: 0000000000000000 - 000000000009fc00 (usable)
 BIOS-e820: 000000000009fc00 - 00000000000a0000 (reserved)
 BIOS-e820: 00000000000f0000 - 0000000000100000 (reserved)
 BIOS-e820: 0000000000100000 - 000000007fff9000 (usable)
 BIOS-e820: 000000007fff9000 - 000000007ffff000 (ACPI data)
 BIOS-e820: 000000007ffff000 - 0000000080000000 (ACPI NVS)
 BIOS-e820: 00000000ffff0000 - 0000000100000000 (reserved)
DMI 2.3 present.
last_pfn = 0x7fff9 max_arch_pfn = 0x100000
kernel direct mapping tables up to 377fe000 @ 7000-d000
ACPI: RSDP 000F6890, 0014 (r0 ASUS  )
ACPI: RSDT 7FFF9000, 002C (r1 ASUS   P4_L3CS  42302E31 MSFT 31313031)
ACPI: FACP 7FFF9080, 0074 (r1 ASUS   P4_L3CS  42302E31 MSFT 31313031)
ACPI: DSDT 7FFF9100, 52E9 (r1   ASUS P4_L3CS      1000 MSFT  100000D)
ACPI: FACS 7FFFF000, 0040
ACPI: BOOT 7FFF9040, 0028 (r1 ASUS   P4_L3CS  42302E31 MSFT 31313031)
1159MB HIGHMEM available.
887MB LOWMEM available.
  mapped low ram: 0 - 377fe000
  low ram: 00000000 - 377fe000
  bootmap 00009000 - 0000ff00
(6 early reservations) ==> bootmem [0000000000 - 00377fe000]
  #0 [0000000000 - 0000001000]   BIOS data page ==> [0000000000 - 0000001000]
  #1 [0001000000 - 00014cc1a8]    TEXT DATA BSS ==> [0001000000 - 00014cc1a8]
  #2 [00014cd000 - 00014d4000]    INIT_PG_TABLE ==> [00014cd000 - 00014d4000]
  #3 [000009fc00 - 0000100000]    BIOS reserved ==> [000009fc00 - 0000100000]
  #4 [0000007000 - 0000009000]          PGTABLE ==> [0000007000 - 0000009000]
  #5 [0000009000 - 0000010000]          BOOTMAP ==> [0000009000 - 0000010000]
Zone PFN ranges:
  DMA      0x00000000 -> 0x00001000
  Normal   0x00001000 -> 0x000377fe
  HighMem  0x000377fe -> 0x0007fff9
Movable zone start PFN for each node
early_node_map[2] active PFN ranges
    0: 0x00000000 -> 0x0000009f
    0: 0x00000100 -> 0x0007fff9
On node 0 totalpages: 524184
free_area_init_node: node 0, pgdat c1438de0, node_mem_map c14d4000
  DMA zone: 32 pages used for memmap
  DMA zone: 0 pages reserved
  DMA zone: 3967 pages, LIFO batch:0
  Normal zone: 1744 pages used for memmap
  Normal zone: 221486 pages, LIFO batch:31
  HighMem zone: 2320 pages used for memmap
  HighMem zone: 294635 pages, LIFO batch:31
  Movable zone: 0 pages used for memmap
ACPI: PM-Timer IO Port: 0xe408
Allocating PCI resources starting at 88000000 (gap: 80000000:7fff0000)
Built 1 zonelists in Zone order, mobility grouping on.  Total pages: 520088
Kernel command line: root=/dev/sda3 console=ttyS0,57600n8 console=tty0 vga=0x318 video=vesafb:mtrr:3,ywrap idebus=66 probe_mask=0x3f closcksource=acpi_pm,notsc hpet=force udev
Enabling fast FPU save and restore... done.
Enabling unmasked SIMD FPU exception support... done.
Initializing CPU#0
PID hash table entries: 4096 (order: 12, 16384 bytes)
Fast TSC calibration using PIT
Detected 1800.075 MHz processor.
Console: colour dummy device 80x25
console [tty0] enabled
console [ttyS0] enabled
Dentry cache hash table entries: 131072 (order: 7, 524288 bytes)
Inode-cache hash table entries: 65536 (order: 6, 262144 bytes)
Memory: 2073812k/2097124k available (2983k kernel code, 22156k reserved, 1374k data, 260k init, 1187820k highmem)
virtual kernel memory layout:
    fixmap  : 0xfffed000 - 0xfffff000   (  72 kB)
    pkmap   : 0xff800000 - 0xffc00000   (4096 kB)
    vmalloc : 0xf7ffe000 - 0xff7fe000   ( 120 MB)
    lowmem  : 0xc0000000 - 0xf77fe000   ( 887 MB)
      .init : 0xc1444000 - 0xc1485000   ( 260 kB)
      .data : 0xc12e9e11 - 0xc1441770   (1374 kB)
      .text : 0xc1000000 - 0xc12e9e11   (2983 kB)
Checking if this processor honours the WP bit even in supervisor mode...Ok.
Calibrating delay loop (skipped), value calculated using timer frequency.. 3600.15 BogoMIPS (lpj=1800075)
Mount-cache hash table entries: 512
CPU: Trace cache: 12K uops, L1 D cache: 8K
CPU: L2 cache: 512K
[ds] using netburst configuration
Intel machine check architecture supported.
Intel machine check reporting enabled on CPU#0.
CPU0: Intel P4/Xeon Extended MCE MSRs (12) available
CPU: Mobile Intel(R) Pentium(R) 4 - M CPU 1.80GHz stepping 07
Checking 'hlt' instruction... OK.
Freeing SMP alternatives: 0k freed
ACPI: Core revision 20080926
ACPI: setting ELCR to 0200 (from 0a28)
net_namespace: 520 bytes
regulator: core version 0.5
NET: Registered protocol family 16
ACPI: bus type pci registered
PCI: PCI BIOS revision 2.10 entry at 0xf0e40, last bus=2
PCI: Using configuration type 1 for base access
ACPI: EC: Look up EC in DSDT
resource map sanity check conflict: 0x7fffff00 0x800000ff 0x7ffff000 0x7fffffff ACPI Non-volatile Storage
------------[ cut here ]------------
WARNING: at arch/x86/mm/ioremap.c:227 __ioremap_caller+0x65/0x22f()
Info: mapping multiple BARs. Your kernel is fine.Modules linked in:
Pid: 1, comm: swapper Not tainted 2.6.28-git2 #4
Call Trace:
 [<c101a94b>] warn_slowpath+0x4b/0x69
 [<c101b311>] ? vprintk+0x1f7/0x201
 [<c114fb1a>] ? acpi_os_release_object+0x8/0xc
 [<c1165c95>] ? acpi_ut_delete_generic_state+0x13/0x15
 [<c114fb1a>] ? acpi_os_release_object+0x8/0xc
 [<c1165a00>] ? acpi_ut_delete_object_desc+0x8/0x3d
 [<c12e7887>] ? printk+0xf/0x11
 [<c101e855>] ? iomem_map_sanity_check+0x6b/0x9a
 [<c1010e5e>] __ioremap_caller+0x65/0x22f
 [<c11651f0>] ? acpi_ut_update_ref_count+0x4b/0x8f
 [<c11652ec>] ? acpi_ut_update_object_reference+0xb8/0x11b
 [<c10110e8>] ioremap_nocache+0x10/0x12
 [<c12de292>] ? acpi_os_map_memory+0x11/0x1a
 [<c12de292>] acpi_os_map_memory+0x11/0x1a
 [<c115afc6>] acpi_ex_system_memory_space_handler+0xd1/0x1f3
 [<c115aef5>] ? acpi_ex_system_memory_space_handler+0x0/0x1f3
 [<c11545db>] acpi_ev_address_space_dispatch+0x12f/0x16f
 [<c11583aa>] acpi_ex_access_region+0x1b2/0x1c0
 [<c11584c7>] acpi_ex_field_datum_io+0x10f/0x1a6
 [<c115881b>] acpi_ex_write_with_update_rule+0xd5/0xde
 [<c1158acb>] acpi_ex_insert_into_field+0x2a7/0x2c4
 [<c115d4c9>] ? acpi_ns_search_one_scope+0x15/0x3a
 [<c11571b7>] acpi_ex_write_data_to_field+0x16b/0x183
 [<c115b16a>] acpi_ex_store_object_to_node+0x82/0xb7
 [<c115b30d>] acpi_ex_store+0xa6/0x205
 [<c115939a>] acpi_ex_opcode_1A_1T_1R+0x3cf/0x529
 [<c1159abc>] ? acpi_ex_resolve_operands+0x190/0x43c
 [<c1151e0e>] acpi_ds_exec_end_op+0xe6/0x370
 [<c1160bd3>] acpi_ps_parse_loop+0x5cf/0x724
 [<c115fffc>] acpi_ps_parse_aml+0x6d/0x267
 [<c116123d>] acpi_ps_execute_method+0x11c/0x1d7
 [<c115de88>] acpi_ns_evaluate+0x11c/0x1e4
 [<c1163b9e>] acpi_ut_evaluate_object+0x51/0x159
 [<c1163d17>] acpi_ut_execute_STA+0x1d/0x49
 [<c114fb7d>] ? acpi_os_signal_semaphore+0x25/0x29
 [<c115d86a>] acpi_ns_get_device_callback+0x59/0x117
 [<c114fbbc>] ? acpi_os_wait_semaphore+0x3b/0x48
 [<c115f00a>] acpi_ns_walk_namespace+0x9a/0x110
 [<c115d795>] acpi_get_devices+0x47/0x5d
 [<c115d811>] ? acpi_ns_get_device_callback+0x0/0x117
 [<c11690bd>] ? ec_parse_device+0x0/0x80
 [<c14551ff>] acpi_ec_ecdt_probe+0xc3/0x123
 [<c1454cea>] acpi_init+0x7d/0x238
 [<c119dbdf>] ? __class_create+0x44/0x5d
 [<c1001049>] _stext+0x49/0x10b
 [<c1454c6d>] ? acpi_init+0x0/0x238
 [<c1036d7a>] ? register_irq_proc+0x65/0x81
 [<c144444c>] kernel_init+0x63/0xb4
 [<c14443e9>] ? kernel_init+0x0/0xb4
 [<c100325f>] kernel_thread_helper+0x7/0x10
---[ end trace 4eaa2a86a8e2da22 ]---
ACPI: Interpreter enabled
ACPI: (supports S0 S5)
ACPI: Using PIC for interrupt routing
ACPI: EC: non-query interrupt received, switching to interrupt mode
ACPI: EC: GPE = 0x1c, I/O: command/status = 0x66, data = 0x62
ACPI: EC: driver started in interrupt mode
ACPI: No dock devices found.
ACPI: PCI Root Bridge [PCI0] (0000:00)
pci 0000:00:00.0: reg 10 32bit mmio: [0xe0000000-0xefffffff]
pci 0000:00:1d.0: reg 20 io port: [0xb800-0xb81f]
pci 0000:00:1d.1: reg 20 io port: [0xb400-0xb41f]
pci 0000:00:1f.0: Force enabled HPET at 0xfed00000
pci 0000:00:1f.0: Enabled i801 SMBus device
pci 0000:00:1f.0: quirk: region e400-e47f claimed by ICH4 ACPI/GPIO/TCO
pci 0000:00:1f.0: quirk: region ec00-ec3f claimed by ICH4 GPIO
pci 0000:00:1f.1: reg 10 io port: [0x9800-0x9807]
pci 0000:00:1f.1: reg 14 io port: [0x9400-0x9403]
pci 0000:00:1f.1: reg 18 io port: [0x9000-0x9007]
pci 0000:00:1f.1: reg 1c io port: [0x8800-0x8803]
pci 0000:00:1f.1: reg 20 io port: [0x8400-0x840f]
pci 0000:00:1f.1: reg 24 32bit mmio: [0xd5800000-0xd58003ff]
pci 0000:00:1f.3: reg 20 io port: [0xe800-0xe81f]
pci 0000:00:1f.5: reg 10 io port: [0xe000-0xe0ff]
pci 0000:00:1f.5: reg 14 io port: [0xe100-0xe13f]
pci 0000:00:1f.6: reg 10 io port: [0xe200-0xe2ff]
pci 0000:00:1f.6: reg 14 io port: [0xe300-0xe37f]
pci 0000:01:00.0: reg 10 32bit mmio: [0xd8000000-0xdfffffff]
pci 0000:01:00.0: reg 14 io port: [0xd800-0xd8ff]
pci 0000:01:00.0: reg 18 32bit mmio: [0xd7000000-0xd700ffff]
pci 0000:01:00.0: reg 30 32bit mmio: [0xd7fe0000-0xd7ffffff]
pci 0000:01:00.0: supports D1 D2
pci 0000:00:01.0: bridge io port: [0xd000-0xdfff]
pci 0000:00:01.0: bridge 32bit mmio: [0xd7000000-0xd7efffff]
pci 0000:00:01.0: bridge 32bit mmio pref: [0xd7f00000-0xdfffffff]
pci 0000:02:05.0: reg 10 io port: [0xa800-0xa8ff]
pci 0000:02:05.0: reg 14 32bit mmio: [0xd6800000-0xd68000ff]
pci 0000:02:05.0: supports D1 D2
pci 0000:02:05.0: PME# supported from D1 D2 D3hot D3cold
pci 0000:02:05.0: PME# disabled
pci 0000:02:07.0: reg 10 32bit mmio: [0x000000-0x000fff]
pci 0000:02:07.0: supports D1 D2
pci 0000:02:07.0: PME# supported from D0 D1 D2 D3hot D3cold
pci 0000:02:07.0: PME# disabled
pci 0000:02:07.1: reg 10 32bit mmio: [0x000000-0x000fff]
pci 0000:02:07.1: supports D1 D2
pci 0000:02:07.1: PME# supported from D0 D1 D2 D3hot D3cold
pci 0000:02:07.1: PME# disabled
pci 0000:02:07.2: reg 10 32bit mmio: [0xd6000000-0xd60007ff]
pci 0000:02:07.2: PME# supported from D0 D3hot D3cold
pci 0000:02:07.2: PME# disabled
pci 0000:00:1e.0: transparent bridge
pci 0000:00:1e.0: bridge io port: [0xa000-0xafff]
pci 0000:00:1e.0: bridge 32bit mmio: [0xd6000000-0xd6ffffff]
bus 00 -> node 0
ACPI: PCI Interrupt Routing Table [\_SB_.PCI0._PRT]
ACPI: PCI Interrupt Routing Table [\_SB_.PCI0.PCI1._PRT]
ACPI: PCI Interrupt Routing Table [\_SB_.PCI0.PCI2._PRT]
ACPI: PCI Interrupt Link [LNKA] (IRQs *5)
ACPI: PCI Interrupt Link [LNKB] (IRQs 7 *11)
ACPI: PCI Interrupt Link [LNKC] (IRQs *3 11)
ACPI: PCI Interrupt Link [LNKD] (IRQs 5 7 11) *9
ACPI: PCI Interrupt Link [LNKE] (IRQs 3 4 5 6 7 10 11 12 14 15) *0, disabled.
ACPI: PCI Interrupt Link [LNKF] (IRQs 3 4 5 6 7 10 11 12 14 15) *0, disabled.
ACPI: PCI Interrupt Link [LNKG] (IRQs 3 4 5 6 7 10 11 12 14 15) *0, disabled.
ACPI: PCI Interrupt Link [LNKH] (IRQs 3 4 5 6 7 10 11 12 14 15) *0, disabled.
ACPI: Power Resource [PRCF] (off)
ACPI: WMI: Mapper loaded
SCSI subsystem initialized
libata version 3.00 loaded.
usbcore: registered new interface driver usbfs
usbcore: registered new interface driver hub
usbcore: registered new device driver usb
PCI: Using ACPI for IRQ routing
cfg80211: Using static regulatory domain info
cfg80211: Regulatory domain: US
        (start_freq - end_freq @ bandwidth), (max_antenna_gain, max_eirp)
        (2402000 KHz - 2472000 KHz @ 40000 KHz), (600 mBi, 2700 mBm)
        (5170000 KHz - 5190000 KHz @ 40000 KHz), (600 mBi, 2300 mBm)
        (5190000 KHz - 5210000 KHz @ 40000 KHz), (600 mBi, 2300 mBm)
        (5210000 KHz - 5230000 KHz @ 40000 KHz), (600 mBi, 2300 mBm)
        (5230000 KHz - 5330000 KHz @ 40000 KHz), (600 mBi, 2300 mBm)
        (5735000 KHz - 5835000 KHz @ 40000 KHz), (600 mBi, 3000 mBm)
cfg80211: Calling CRDA for country: US
hpet clockevent registered
hpet0: at MMIO 0xfed00000, IRQs 2, 8, 0
hpet0: 3 comparators, 64-bit 14.318180 MHz counter
pnp: PnP ACPI init
ACPI: bus type pnp registered
pnp: PnP ACPI: found 15 devices
ACPI: ACPI bus type pnp unregistered
system 00:00: iomem range 0x0-0x9ffff could not be reserved
system 00:00: iomem range 0xf0000-0xfffff could not be reserved
system 00:00: iomem range 0x100000-0x7fffffff could not be reserved
system 00:02: ioport range 0xe400-0xe47f has been reserved
system 00:02: ioport range 0xe800-0xe81f has been reserved
system 00:02: ioport range 0xec00-0xec3f has been reserved
system 00:02: ioport range 0x40b-0x40b has been reserved
system 00:02: ioport range 0x480-0x48f has been reserved
system 00:02: ioport range 0x4d6-0x4d6 has been reserved
system 00:03: iomem range 0xffa00000-0xffbfffff has been reserved
system 00:03: iomem range 0xffe00000-0xffffffff could not be reserved
system 00:04: ioport range 0x4d0-0x4d1 has been reserved
system 00:04: ioport range 0x77c-0x77f has been reserved
system 00:0e: ioport range 0x610-0x62f has been reserved
pci 0000:00:01.0: PCI bridge, secondary bus 0000:01
pci 0000:00:01.0:   IO window: 0xd000-0xdfff
pci 0000:00:01.0:   MEM window: 0xd7000000-0xd7efffff
pci 0000:00:01.0:   PREFETCH window: 0x000000d7f00000-0x000000dfffffff
pci 0000:02:07.0: CardBus bridge, secondary bus 0000:03
pci 0000:02:07.0:   IO window: 0x00a000-0x00a0ff
pci 0000:02:07.0:   IO window: 0x00a400-0x00a4ff
pci 0000:02:07.0:   PREFETCH window: 0x88000000-0x8bffffff
pci 0000:02:07.0:   MEM window: 0x90000000-0x93ffffff
pci 0000:02:07.1: CardBus bridge, secondary bus 0000:07
pci 0000:02:07.1:   IO window: 0x00ac00-0x00acff
pci 0000:02:07.1:   IO window: 0x001000-0x0010ff
pci 0000:02:07.1:   PREFETCH window: 0x8c000000-0x8fffffff
pci 0000:02:07.1:   MEM window: 0x94000000-0x97ffffff
pci 0000:00:1e.0: PCI bridge, secondary bus 0000:02
pci 0000:00:1e.0:   IO window: 0xa000-0xafff
pci 0000:00:1e.0:   MEM window: 0xd6000000-0xd6ffffff
pci 0000:00:1e.0:   PREFETCH window: 0x00000088000000-0x0000008fffffff
pci 0000:00:01.0: setting latency timer to 64
pci 0000:00:1e.0: setting latency timer to 64
ACPI: PCI Interrupt Link [LNKA] enabled at IRQ 5
PCI: setting IRQ 5 as level-triggered
pci 0000:02:07.0: PCI INT A -> Link[LNKA] -> GSI 5 (level, low) -> IRQ 5
pci 0000:02:07.1: enabling device (0000 -> 0003)
ACPI: PCI Interrupt Link [LNKB] enabled at IRQ 11
PCI: setting IRQ 11 as level-triggered
pci 0000:02:07.1: PCI INT B -> Link[LNKB] -> GSI 11 (level, low) -> IRQ 11
bus: 00 index 0 io port: [0x00-0xffff]
bus: 00 index 1 mmio: [0x000000-0xffffffff]
bus: 01 index 0 io port: [0xd000-0xdfff]
bus: 01 index 1 mmio: [0xd7000000-0xd7efffff]
bus: 01 index 2 mmio: [0xd7f00000-0xdfffffff]
bus: 01 index 3 mmio: [0x0-0x0]
bus: 02 index 0 io port: [0xa000-0xafff]
bus: 02 index 1 mmio: [0xd6000000-0xd6ffffff]
bus: 02 index 2 mmio: [0x88000000-0x8fffffff]
bus: 02 index 3 io port: [0x00-0xffff]
bus: 02 index 4 mmio: [0x000000-0xffffffff]
bus: 03 index 0 io port: [0xa000-0xa0ff]
bus: 03 index 1 io port: [0xa400-0xa4ff]
bus: 03 index 2 mmio: [0x88000000-0x8bffffff]
bus: 03 index 3 mmio: [0x90000000-0x93ffffff]
bus: 07 index 0 io port: [0xac00-0xacff]
bus: 07 index 1 io port: [0x1000-0x10ff]
bus: 07 index 2 mmio: [0x8c000000-0x8fffffff]
bus: 07 index 3 mmio: [0x94000000-0x97ffffff]
NET: Registered protocol family 2
IP route cache hash table entries: 32768 (order: 5, 131072 bytes)
TCP established hash table entries: 131072 (order: 8, 1048576 bytes)
TCP bind hash table entries: 65536 (order: 6, 262144 bytes)
TCP: Hash tables configured (established 131072 bind 65536)
Please Cc: me in replies. Thanks.
Martin
DSDT @ 0x7fff9100
  0000: 44 53 44 54 e9 52 00 00 01 70 41 53 55 53 00 00  DSDT.R...pASUS..
  0010: 50 34 5f 4c 33 43 53 20 00 10 00 00 4d 53 46 54  P4_L3CS ....MSFT
  0020: 0d 00 00 01 10 49 08 5c 5f 50 52 5f 5b 83 40 08  .....I.\_PR_[.@.
  0030: 5c 2e 5f 50 52 5f 43 50 55 30 01 10 e4 00 00 06  \._PR_CPU0......
  0040: 08 5f 50 43 54 12 2c 02 11 14 0a 11 82 0c 00 01  ._PCT.,.........
  0050: 08 00 00 b2 00 00 00 00 00 00 00 79 00 11 14 0a  ...........y....
  0060: 11 82 0c 00 01 08 00 00 b3 00 00 00 00 00 00 00  ................
  0070: 79 00 08 5f 50 53 53 12 2c 02 12 14 06 0b 08 07  y.._PSS.,.......
  0080: 0c 20 4e 00 00 0b fa 00 0b dc 00 0a 83 0a 00 12  . N.............
  0090: 14 06 0b b0 04 0c 10 27 00 00 0b fa 00 0b dc 00  .......'........
  00a0: 0a 84 0a 01 14 09 5f 50 50 43 00 a4 0a 00 5b 80  ......_PPC....[.
  00b0: 46 53 45 47 00 0c 00 df 0f 00 0b 00 01 5b 81 40  FSEG.........[.@
  00c0: 12 46 53 45 47 00 41 43 50 52 20 4d 4d 53 5a 10  .FSEG.ACPR MMSZ.
  00d0: 4e 50 53 32 08 53 54 52 46 08 48 43 55 44 08 48  NPS2.STRF.HCUD.H
  00e0: 43 50 49 08 48 44 55 44 08 48 44 50 49 08 48 45  CPI.HDUD.HDPI.HE
  00f0: 55 44 08 48 45 50 49 08 48 46 55 44 08 48 46 50  UD.HEPI.HFUD.HFP
  0100: 49 08 56 49 4e 54 20 46 4c 47 30 08 52 54 43 53  I.VINT FLG0.RTCS
  0110: 08 00 40 4d 48 4c 43 4b 08 48 52 53 56 08 48 44  ..@MHLCK.HRSV.HD
  0120: 50 57 40 04 48 44 50 45 20 00 10 41 43 49 4e 08  PW@.HDPE ..ACIN.
  0130: 41 43 42 54 08 42 31 49 4e 08 42 31 50 55 08 42  ACBT.B1IN.B1PU.B
  0140: 31 44 43 10 42 31 46 43 10 42 31 44 56 10 42 31  1DC.B1FC.B1DV.B1
  0150: 43 46 10 42 31 56 46 10 42 31 52 43 10 42 31 53  CF.B1VF.B1RC.B1S
  0160: 54 10 42 32 49 4e 08 42 32 50 55 08 42 32 44 43  T.B2IN.B2PU.B2DC
  0170: 10 42 32 46 43 10 42 32 44 56 10 42 32 43 46 10  .B2FC.B2DV.B2CF.
  0180: 42 32 56 46 10 42 32 52 43 10 42 32 53 54 10 54  B2VF.B2RC.B2ST.T
  0190: 43 52 54 08 54 50 43 54 08 54 48 52 54 08 54 46  CRT.TPCT.THRT.TF
  01a0: 4e 33 08 54 46 4e 32 08 54 46 4e 31 08 46 31 4c  N3.TFN2.TFN1.F1L
  01b0: 30 08 46 32 4c 30 08 46 31 4c 31 08 46 32 4c 31  0.F2L0.F1L1.F2L1
  01c0: 08 46 31 4c 32 08 46 32 4c 32 08 46 31 4c 33 08  .F1L2.F2L2.F1L3.
  01d0: 46 32 4c 33 08 46 31 4c 34 08 46 32 4c 34 08 5b  F2L3.F1L4.F2L4.[
  01e0: 80 4e 56 53 52 00 41 43 50 52 0b 00 02 5b 81 46  .NVSR.ACPR...[.F
  01f0: 07 4e 56 53 52 00 54 52 54 59 08 53 4c 50 54 08  .NVSR.TRTY.SLPT.
  0200: 4b 50 53 57 08 4d 50 53 57 08 54 52 44 30 08 54  KPSW.MPSW.TRD0.T
  0210: 52 44 31 08 54 52 44 32 08 54 52 44 33 08 41 53  RD1.TRD2.TRD3.AS
  0220: 4c 54 08 49 4e 46 42 08 49 4e 46 4f 40 64 46 42  LT.INFB.INFO@dFB
  0230: 55 46 20 46 4d 43 4f 08 46 44 43 4f 08 46 57 52  UF FMCO.FDCO.FWR
  0240: 4e 08 46 45 52 4e 08 46 53 54 41 10 46 53 49 5a  N.FERN.FSTA.FSIZ
  0250: 10 46 41 44 52 20 46 43 4e 54 10 46 45 49 50 08  .FADR FCNT.FEIP.
  0260: 46 53 46 4e 08 14 11 4d 49 4e 5f 02 a0 06 95 68  FSFN...MIN_....h
  0270: 69 a4 68 a1 03 a4 69 14 09 53 4c 45 4e 01 a4 87  i.h...i..SLEN...
  0280: 68 14 21 53 32 42 46 09 72 53 4c 45 4e 68 01 60  h.!S2BF.rSLENh.`
  0290: 08 42 55 46 46 11 02 60 70 68 42 55 46 46 a4 42  .BUFF..`phBUFF.B
  02a0: 55 46 46 14 47 06 53 43 4d 50 02 70 53 32 42 46  UFF.G.SCMP.pS2BF
  02b0: 68 60 70 53 32 42 46 69 61 70 00 64 70 53 4c 45  h`pS2BFiap.dpSLE
  02c0: 4e 68 65 70 53 4c 45 4e 69 66 70 4d 49 4e 5f 65  NhepSLENifpMIN_e
  02d0: 66 67 a2 24 95 64 67 70 83 88 60 64 00 62 70 83  fg.$.dgp..`d.bp.
  02e0: 88 61 64 00 63 a0 06 94 62 63 a4 01 a1 08 a0 06  .ad.c...bc......
  02f0: 95 62 63 a4 ff 75 64 a0 06 95 64 65 a4 01 a1 0c  .bc..ud...de....
  0300: a0 06 95 64 66 a4 ff a1 03 a4 00 08 4f 53 46 47  ...df.......OSFG
  0310: 0a 00 08 4f 53 39 58 0a 01 08 4f 53 39 38 0a 02  ...OS9X...OS98..
  0320: 08 4f 53 4d 45 0a 04 08 4f 53 32 4b 0a 08 08 4f  .OSME...OS2K...O
  0330: 53 58 50 0a 10 14 40 0b 4f 53 56 52 00 a0 28 93  SXP...@.OSVR..(.
  0340: 53 43 4d 50 5c 5f 4f 53 5f 0d 4d 69 63 72 6f 73  SCMP\_OS_.Micros
  0350: 6f 66 74 20 57 69 6e 64 6f 77 73 00 00 70 4f 53  oft Windows..pOS
  0360: 39 38 4f 53 46 47 a1 4a 07 a0 3e 93 53 43 4d 50  98OSFG.J..>.SCMP
  0370: 5c 5f 4f 53 5f 0d 4d 69 63 72 6f 73 6f 66 74 20  \_OS_.Microsoft 
  0380: 57 69 6e 64 6f 77 73 4d 45 3a 20 4d 69 6c 6c 65  WindowsME: Mille
  0390: 6e 6e 69 75 6d 20 45 64 69 74 69 6f 6e 00 00 70  nnium Edition..p
  03a0: 4f 53 4d 45 4f 53 46 47 a1 38 a0 2b 93 53 43 4d  OSMEOSFG.8.+.SCM
  03b0: 50 5c 5f 4f 53 5f 0d 4d 69 63 72 6f 73 6f 66 74  P\_OS_.Microsoft
  03c0: 20 57 69 6e 64 6f 77 73 20 4e 54 00 00 70 4f 53   Windows NT..pOS
  03d0: 32 4b 4f 53 46 47 a1 0a 70 4f 53 58 50 4f 53 46  2KOSFG..pOSXPOSF
  03e0: 47 a4 4f 53 46 47 5b 80 47 50 53 43 01 0a b2 0a  G.OSFG[.GPSC....
  03f0: 01 5b 81 0b 47 50 53 43 01 53 4d 43 4d 08 14 13  .[..GPSC.SMCM...
  0400: 49 53 4d 49 09 70 68 54 52 54 59 70 0a a7 53 4d  ISMI.phTRTYp..SM
  0410: 43 4d 5b 80 5c 44 45 42 47 01 0a 80 0a 01 5b 81  CM[.\DEBG.....[.
  0420: 0c 5c 44 45 42 47 01 44 42 47 31 08 14 12 44 49  .\DEBG.DBG1...DI
  0430: 41 47 01 70 68 54 52 44 30 49 53 4d 49 0a d7 14  AG.phTRD0ISMI...
  0440: 0c 53 53 4c 50 01 70 68 53 4c 50 54 10 06 5c 5f  .SSLP.phSLPT..\_
  0450: 53 49 5f 5b 01 50 53 4d 58 00 14 4e 06 5c 5f 50  SI_[.PSMX..N.\_P
  0460: 54 53 01 53 53 4c 50 68 7d 68 0a f0 62 70 62 44  TS.SSLPh}h..bpbD
  0470: 42 47 31 a0 36 93 68 0a 03 a0 30 93 4f 53 46 47  BG1.6.h...0.OSFG
  0480: 4f 53 39 38 5c 2f 04 5f 53 42 5f 50 43 49 30 55  OS98\/._SB_PCI0U
  0490: 53 42 30 53 53 54 41 5c 2f 04 5f 53 42 5f 50 43  SB0SSTA\/._SB_PC
  04a0: 49 30 55 53 42 31 53 53 54 41 5c 2f 04 5f 53 42  I0USB1SSTA\/._SB
  04b0: 5f 50 43 49 30 50 58 34 30 45 4c 4d 54 49 53 4d  _PCI0PX40ELMTISM
  04c0: 49 0a 3e 49 53 4d 49 0a 3d 14 42 11 5c 5f 57 41  I.>ISMI.=.B.\_WA
  04d0: 4b 01 49 53 4d 49 0a 3c 49 53 4d 49 0a 3f 53 53  K.ISMI.<ISMI.?SS
  04e0: 4c 50 0a 00 70 5c 50 4d 45 53 5c 2e 5f 47 50 45  LP..p\PMES\._GPE
  04f0: 50 4d 45 57 a0 18 95 68 0a 04 5c 2f 04 5f 53 42  PMEW...h..\/._SB
  0500: 5f 50 43 49 30 50 58 34 30 53 4c 4d 54 70 0a ff  _PCI0PX40SLMTp..
  0510: 44 42 47 31 a0 36 93 68 0a 03 a0 30 93 4f 53 46  DBG1.6.h...0.OSF
  0520: 47 4f 53 39 38 5c 2f 04 5f 53 42 5f 50 43 49 30  GOS98\/._SB_PCI0
  0530: 55 53 42 30 52 53 54 41 5c 2f 04 5f 53 42 5f 50  USB0RSTA\/._SB_P
  0540: 43 49 30 55 53 42 31 52 53 54 41 86 5c 2f 03 5f  CI0USB1RSTA.\/._
  0550: 53 42 5f 50 43 49 30 55 53 42 30 0a 00 86 5c 2f  SB_PCI0USB0...\/
  0560: 03 5f 53 42 5f 50 43 49 30 55 53 42 31 0a 00 a0  ._SB_PCI0USB1...
  0570: 1f 92 93 5c 52 54 43 53 0a 01 86 5c 2e 5f 53 42  ...\RTCS...\._SB
  0580: 5f 53 4c 50 42 0a 02 70 0a 00 5c 52 54 43 53 a0  _SLPB..p..\RTCS.
  0590: 12 95 68 0a 04 86 5c 2e 5f 54 5a 5f 54 48 52 4d  ..h...\._TZ_THRM
  05a0: 0a 80 a0 39 93 5c 4f 53 46 47 5c 4f 53 58 50 a0  ...9.\OSFG\OSXP.
  05b0: 2c 95 68 0a 04 86 5c 2e 5f 53 42 5f 42 41 54 30  ,.h...\._SB_BAT0
  05c0: 0a 80 86 5c 2e 5f 53 42 5f 42 41 54 30 0a 81 86  ...\._SB_BAT0...
  05d0: 5c 2e 5f 53 42 5f 41 43 41 44 0a 80 5b 80 5c 45  \._SB_ACAD..[.\E
  05e0: 43 4d 53 01 0a 72 0a 02 5b 81 11 5c 45 43 4d 53  CMS..r..[..\ECMS
  05f0: 01 45 49 4e 44 08 45 44 41 54 08 5b 86 4e 0c 45  .EIND.EDAT.[.N.E
  0600: 49 4e 44 45 44 41 54 01 00 10 43 48 46 51 08 00  INDEDAT...CHFQ..
  0610: 48 1e 43 42 4c 4e 08 43 42 30 30 08 43 42 30 31  H.CBLN.CB00.CB01
  0620: 08 43 42 30 32 08 43 42 30 33 08 43 42 30 34 08  .CB02.CB03.CB04.
  0630: 43 42 30 35 08 43 42 30 36 08 43 42 30 37 08 43  CB05.CB06.CB07.C
  0640: 42 30 38 08 43 42 30 39 08 43 42 30 41 08 43 42  B08.CB09.CB0A.CB
  0650: 30 42 08 43 42 30 43 08 43 42 30 44 08 43 42 30  0B.CB0C.CB0D.CB0
  0660: 45 08 48 4b 46 47 08 42 4c 56 4c 08 56 4f 4c 43  E.HKFG.BLVL.VOLC
  0670: 08 4c 43 44 44 01 43 52 54 44 01 54 56 4f 44 01  .LCDD.CRTD.TVOD.
  0680: 00 01 4c 43 44 41 01 43 52 54 41 01 54 56 4f 41  ..LCDA.CRTA.TVOA
  0690: 01 00 01 00 08 4c 43 44 50 01 42 41 54 50 01 00  .....LCDP.BATP..
  06a0: 06 4f 53 49 44 08 43 4f 43 49 08 4d 48 42 52 08  .OSID.COCI.MHBR.
  06b0: 49 41 4d 46 01 51 4d 46 4e 01 42 4c 4f 57 01 42  IAMF.QMFN.BLOW.B
  06c0: 4c 4c 57 01 00 04 43 47 49 44 08 5b 80 5c 50 4d  LLW...CGID.[.\PM
  06d0: 49 4f 01 0b 00 e4 0a 80 5b 81 33 5c 50 4d 49 4f  IO......[.3\PMIO
  06e0: 01 00 40 08 00 01 54 44 54 59 03 54 45 4e 41 01  ..@...TDTY.TENA.
  06f0: 54 54 44 54 03 46 52 43 54 01 00 08 54 48 4c 53  TTDT.FRCT...THLS
  0700: 01 00 46 0b 00 03 50 4d 45 53 01 00 04 5b 80 5c  ..F...PMES...[.\
  0710: 47 50 49 4f 01 0b 00 ec 0a 3c 5b 81 4d 0e 5c 47  GPIO.....<[.M.\G
  0720: 50 49 4f 01 00 40 07 47 4c 31 36 01 47 4c 31 37  PIO..@.GL16.GL17
  0730: 01 47 4c 31 38 01 47 4c 31 39 01 47 4c 32 30 01  .GL18.GL19.GL20.
  0740: 47 4c 32 31 01 47 4c 32 32 01 47 4c 32 33 01 47  GL21.GL22.GL23.G
  0750: 4c 32 34 01 47 4c 32 35 01 47 4c 32 36 01 47 4c  L24.GL25.GL26.GL
  0760: 32 37 01 47 4c 32 38 01 47 4c 32 39 01 47 4c 33  27.GL28.GL29.GL3
  0770: 30 01 47 4c 33 31 01 00 40 0e 47 49 30 30 01 47  0.GL31..@.GI00.G
  0780: 49 30 31 01 47 49 30 32 01 47 49 30 33 01 47 49  I01.GI02.GI03.GI
  0790: 30 34 01 47 49 30 35 01 47 49 30 36 01 47 49 30  04.GI05.GI06.GI0
  07a0: 37 01 47 49 30 38 01 47 49 30 39 01 47 49 31 30  7.GI08.GI09.GI10
  07b0: 01 47 49 31 31 01 47 49 31 32 01 47 49 31 33 01  .GI11.GI12.GI13.
  07c0: 47 49 31 34 01 47 49 31 35 01 00 40 05 47 4c 33  GI14.GI15..@.GL3
  07d0: 32 01 47 4c 33 33 01 47 4c 33 34 01 47 4c 33 35  2.GL33.GL34.GL35
  07e0: 01 47 4c 33 36 01 47 4c 33 37 01 47 4c 33 38 01  .GL36.GL37.GL38.
  07f0: 47 4c 33 39 01 47 4c 34 30 01 47 4c 34 31 01 47  GL39.GL40.GL41.G
  0800: 4c 34 32 01 47 4c 34 33 01 08 5c 5f 53 30 5f 12  L42.GL43..\_S0_.
  0810: 0a 04 0a 00 0a 00 0a 00 0a 00 08 5c 5f 53 31 5f  ...........\_S1_
  0820: 12 0a 04 0a 07 0a 00 0a 00 0a 00 08 5c 5f 53 33  ............\_S3
  0830: 5f 12 0a 04 0a 07 0a 00 0a 00 0a 00 08 5c 5f 53  _............\_S
  0840: 34 5f 12 0a 04 0a 07 0a 00 0a 00 0a 00 08 5c 5f  4_............\_
  0850: 53 35 5f 12 0a 04 0a 07 0a 00 0a 00 0a 00 10 4c  S5_............L
  0860: 19 5c 5f 54 5a 5f 08 50 4c 43 59 0a 00 14 13 4b  .\_TZ_.PLCY....K
  0870: 45 4c 56 01 77 68 0a 0a 60 72 60 0b aa 0a 61 a4  ELV.wh..`r`...a.
  0880: 61 08 46 41 4e 53 00 08 43 46 53 54 00 5b 84 41  a.FANS..CFST.[.A
  0890: 06 50 52 43 46 00 00 00 14 3d 5f 53 54 41 00 70  .PRCF....=_STA.p
  08a0: 5c 2f 05 5f 53 42 5f 50 43 49 30 50 58 34 30 45  \/._SB_PCI0PX40E
  08b0: 43 44 30 43 43 35 52 0a 06 60 70 60 46 41 4e 53  CD0CC5R..`p`FANS
  08c0: a0 11 93 5c 4f 53 46 47 5c 4f 53 32 4b a4 43 46  ...\OSFG\OS2K.CF
  08d0: 53 54 a1 03 a4 60 14 0c 5f 4f 4e 5f 00 70 01 43  ST...`.._ON_.p.C
  08e0: 46 53 54 14 0c 5f 4f 46 46 00 70 00 43 46 53 54  FST.._OFF.p.CFST
  08f0: 5b 82 22 43 46 41 4e 08 5f 48 49 44 0c 41 d0 0c  [."CFAN._HID.A..
  0900: 0b 08 5f 55 49 44 0a 01 08 5f 50 52 30 12 06 01  .._UID..._PR0...
  0910: 50 52 43 46 5b 85 45 0e 54 48 52 4d 08 5f 54 53  PRCF[.E.THRM._TS
  0920: 50 0a 64 08 5f 54 43 31 0a 01 08 5f 54 43 32 0a  P.d._TC1..._TC2.
  0930: 01 14 27 5f 54 4d 50 00 70 5c 2f 04 5f 53 42 5f  ..'_TMP.p\/._SB_
  0940: 50 43 49 30 50 58 34 30 52 54 4d 50 60 a4 5c 2e  PCI0PX40RTMP`.\.
  0950: 5f 54 5a 5f 4b 45 4c 56 60 14 2c 5f 53 43 50 01  _TZ_KELV`.,_SCP.
  0960: 70 68 50 4c 43 59 5c 2f 04 5f 53 42 5f 50 43 49  phPLCY\/._SB_PCI
  0970: 30 50 58 34 30 53 4c 4d 54 86 5c 2e 5f 54 5a 5f  0PX40SLMT.\._TZ_
  0980: 54 48 52 4d 0a 81 14 10 5f 43 52 54 00 a4 4b 45  THRM...._CRT..KE
  0990: 4c 56 5c 54 43 52 54 08 5f 50 53 4c 12 0c 01 5c  LV\TCRT._PSL...\
  09a0: 2e 5f 50 52 5f 43 50 55 30 14 22 5f 50 53 56 00  ._PR_CPU0."_PSV.
  09b0: a0 0f 50 4c 43 59 a4 4b 45 4c 56 5c 54 48 52 54  ..PLCY.KELV\THRT
  09c0: a1 0b a4 4b 45 4c 56 5c 54 50 43 54 08 5f 41 4c  ...KELV\TPCT._AL
  09d0: 30 12 06 01 43 46 41 4e 14 22 5f 41 43 30 00 a0  0...CFAN."_AC0..
  09e0: 0f 50 4c 43 59 a4 4b 45 4c 56 5c 54 50 43 54 a1  .PLCY.KELV\TPCT.
  09f0: 0b a4 4b 45 4c 56 5c 54 46 4e 31 10 2d 5c 5f 47  ..KELV\TFN1.-\_G
  0a00: 50 45 14 26 5f 4c 30 30 00 5c 2f 04 5f 53 42 5f  PE.&_L00.\/._SB_
  0a10: 50 43 49 30 50 58 34 30 53 4c 4d 54 86 5c 2e 5f  PCI0PX40SLMT.\._
  0a20: 54 5a 5f 54 48 52 4d 0a 80 10 81 72 04 5c 5f 53  TZ_THRM....r.\_S
  0a30: 42 5f 5b 82 1e 53 4c 50 42 08 5f 48 49 44 0c 41  B_[..SLPB._HID.A
  0a40: d0 0c 0e 14 0e 5f 50 52 57 00 a4 12 06 02 0a 0a  ....._PRW.......
  0a50: 0a 04 10 1a 5c 5f 47 50 45 14 13 5f 4c 30 41 00  ....\_GPE.._L0A.
  0a60: 86 5c 2e 5f 53 42 5f 53 4c 50 42 0a 02 5b 82 33  .\._SB_SLPB..[.3
  0a70: 41 43 41 44 08 5f 48 49 44 0d 41 43 50 49 30 30  ACAD._HID.ACPI00
  0a80: 30 33 00 08 5f 50 43 4c 12 07 01 5c 5f 53 42 5f  03.._PCL...\_SB_
  0a90: 14 11 5f 50 53 52 00 a0 08 41 43 49 4e a4 0a 01  .._PSR...ACIN...
  0aa0: a4 00 14 36 56 53 52 43 01 7b 68 0b ff ff 60 7b  ...6VSRC.{h...`{
  0ab0: 60 0b 00 80 61 a0 10 61 80 60 60 7b 60 0b ff ff  `...a..a.``{`...
  0ac0: 60 72 60 0a 01 60 77 60 0b e8 03 60 77 0a 08 0a  `r`..`w`...`w...
  0ad0: 14 61 78 60 61 62 63 a4 63 14 1d 50 46 43 43 01  .ax`abc.c..PFCC.
  0ae0: 70 68 60 77 60 0b e8 03 60 77 0b 40 01 0a 14 61  ph`w`...`w.@...a
  0af0: 78 60 61 62 63 a4 63 5b 82 41 3c 42 41 54 30 08  x`abc.c[.A<BAT0.
  0b00: 5f 48 49 44 0c 41 d0 0c 0a 08 5f 50 43 4c 12 07  _HID.A...._PCL..
  0b10: 01 5c 5f 53 42 5f 14 15 5f 53 54 41 00 a0 09 5c  .\_SB_.._STA...\
  0b20: 42 31 49 4e a4 0a 1f a1 04 a4 0a 0f 08 4e 42 49  B1IN.........NBI
  0b30: 46 12 31 0d 0a 00 0c ff ff ff ff 0c ff ff ff ff  F.1.............
  0b40: 0a 01 0c ff ff ff ff 0c ff ff ff ff 0c ff ff ff  ................
  0b50: ff 0c ff ff ff ff 0c ff ff ff ff 0d 00 0d 00 0d  ................
  0b60: 00 0d 00 08 43 41 50 44 0c 20 48 01 00 08 43 41  ....CAPD. H...CA
  0b70: 50 4c 0b 68 10 08 43 41 50 47 0b a4 01 08 44 56  PL.h..CAPG....DV
  0b80: 4f 54 0a 0e 08 50 42 49 46 12 38 0d 0a 00 0c 20  OT...PBIF.8.... 
  0b90: 48 01 00 0c 50 27 01 00 0a 01 0b b0 36 0b d0 20  H...P'......6.. 
  0ba0: 0b 68 10 0b 48 03 0b 48 03 0d 4c 33 35 30 30 00  .h..H..H..L3500.
  0bb0: 0d 20 00 0d 4c 49 6f 6e 00 0d 41 53 55 53 54 65  . ..LIon..ASUSTe
  0bc0: 6b 00 14 4c 09 5f 42 49 46 00 a0 0c 92 5c 42 31  k..L._BIF....\B1
  0bd0: 49 4e a4 4e 42 49 46 70 5c 2f 05 5f 53 42 5f 50  IN.NBIFp\/._SB_P
  0be0: 43 49 30 50 58 34 30 45 43 44 30 52 42 41 54 0a  CI0PX40ECD0RBAT.
  0bf0: 05 0a 00 60 a0 45 06 92 93 60 ff 79 60 0a 08 60  ...`.E...`.y`..`
  0c00: 70 50 46 43 43 60 60 77 60 44 56 4f 54 60 70 60  pPFCC``w`DVOT`p`
  0c10: 88 50 42 49 46 0a 01 00 70 60 88 50 42 49 46 0a  .PBIF...p`.PBIF.
  0c20: 02 00 70 60 43 41 50 44 78 60 0a 0a 61 62 70 62  ..p`CAPDx`..abpb
  0c30: 88 50 42 49 46 0a 05 00 78 60 0a 14 61 62 70 62  .PBIF...x`..abpb
  0c40: 88 50 42 49 46 0a 06 00 70 62 43 41 50 4c 78 60  .PBIF...pbCAPLx`
  0c50: 0a c8 61 62 70 62 43 41 50 47 a4 50 42 49 46 08  ..abpbCAPG.PBIF.
  0c60: 50 42 53 54 12 13 04 0a 00 0c ff ff ff ff 0c ff  PBST............
  0c70: ff ff ff 0c ff ff ff ff 14 41 24 5f 42 53 54 00  .........A$_BST.
  0c80: a0 34 92 5c 42 31 49 4e 70 00 88 50 42 53 54 0a  .4.\B1INp..PBST.
  0c90: 00 00 70 ff 88 50 42 53 54 0a 01 00 70 ff 88 50  ..p..PBST...p..P
  0ca0: 42 53 54 0a 02 00 70 ff 88 50 42 53 54 0a 03 00  BST...p..PBST...
  0cb0: a4 50 42 53 54 70 01 60 70 5c 2f 05 5f 53 42 5f  .PBSTp.`p\/._SB_
  0cc0: 50 43 49 30 50 58 34 30 45 43 44 30 52 42 41 54  PCI0PX40ECD0RBAT
  0cd0: 0a 01 0a 00 61 a0 12 5c 41 43 49 4e 7b 61 0a 80  ....a..\ACIN{a..
  0ce0: 62 a0 06 62 70 0a 02 60 a0 11 93 60 01 7b 61 0a  b..bp..`...`.{a.
  0cf0: 01 62 a0 07 62 72 60 0a 04 60 70 60 88 50 42 53  .b..br`..`p`.PBS
  0d00: 54 0a 00 00 70 5c 2f 05 5f 53 42 5f 50 43 49 30  T...p\/._SB_PCI0
  0d10: 50 58 34 30 45 43 44 30 52 42 41 54 0a 12 0a 00  PX40ECD0RBAT....
  0d20: 61 a0 42 07 92 93 61 ff 70 5c 2f 05 5f 53 42 5f  a.B...a.p\/._SB_
  0d30: 50 43 49 30 50 58 34 30 45 43 44 30 52 42 41 54  PCI0PX40ECD0RBAT
  0d40: 0a 13 0a 00 62 a0 4e 04 92 93 62 ff 7b 61 0a ff  ....b.N...b.{a..
  0d50: 61 7b 62 0a ff 62 79 61 0a 08 61 72 61 62 61 70  a{b..bya..arabap
  0d60: 56 53 52 43 61 62 77 62 44 56 4f 54 62 a0 1c 95  VSRCabwbDVOTb...
  0d70: 62 43 41 50 44 74 43 41 50 44 62 63 a0 0d 95 63  bCAPDtCAPDbc...c
  0d80: 43 41 50 47 70 43 41 50 44 62 70 62 88 50 42 53  CAPGpCAPDbpb.PBS
  0d90: 54 0a 01 00 70 5c 2f 05 5f 53 42 5f 50 43 49 30  T...p\/._SB_PCI0
  0da0: 50 58 34 30 45 43 44 30 52 42 41 54 0a 03 0a 00  PX40ECD0RBAT....
  0db0: 61 a0 41 0d 92 93 61 ff 70 5c 2f 05 5f 53 42 5f  a.A...a.p\/._SB_
  0dc0: 50 43 49 30 50 58 34 30 45 43 44 30 52 42 41 54  PCI0PX40ECD0RBAT
  0dd0: 0a 17 0a 00 62 a0 4d 0a 92 93 62 ff 7b 61 0a ff  ....b.M...b.{a..
  0de0: 61 7b 62 0a ff 62 79 61 0a 08 61 72 61 62 61 70  a{b..bya..arabap
  0df0: 50 46 43 43 61 62 77 62 44 56 4f 54 62 70 62 88  PFCCabwbDVOTbpb.
  0e00: 50 42 53 54 0a 02 00 a0 33 92 94 62 43 41 50 4c  PBST....3..bCAPL
  0e10: a0 2a 93 5c 42 4c 4f 57 0a 00 a0 18 5c 2e 5f 53  .*.\BLOW....\._S
  0e20: 42 5f 48 4b 41 50 86 5c 2e 5f 53 42 5f 41 54 4b  B_HKAP.\._SB_ATK
  0e30: 44 0a 68 70 0a 01 5c 42 4c 4f 57 a1 09 70 0a 00  D.hp..\BLOW..p..
  0e40: 5c 42 4c 4f 57 a0 33 92 94 62 43 41 50 47 a0 2a  \BLOW.3..bCAPG.*
  0e50: 93 5c 42 4c 4c 57 0a 00 a0 20 5c 2e 5f 53 42 5f  .\BLLW... \._SB_
  0e60: 48 4b 41 50 86 5c 2e 5f 53 42 5f 41 54 4b 44 0a  HKAP.\._SB_ATKD.
  0e70: 68 70 0a 01 5c 42 4c 4c 57 a1 09 70 0a 00 5c 42  hp..\BLLW..p..\B
  0e80: 4c 4c 57 70 5c 2f 05 5f 53 42 5f 50 43 49 30 50  LLWp\/._SB_PCI0P
  0e90: 58 34 30 45 43 44 30 52 42 41 54 0a 0b 0a 00 61  X40ECD0RBAT....a
  0ea0: a0 14 92 93 61 ff 77 61 0a 38 61 70 61 88 50 42  ....a.wa.8apa.PB
  0eb0: 53 54 0a 03 00 a4 50 42 53 54 5b 82 29 5c 2e 5f  ST....PBST[.)\._
  0ec0: 53 42 5f 4c 49 44 44 08 5f 48 49 44 0c 41 d0 0c  SB_LIDD._HID.A..
  0ed0: 0d 14 13 5f 4c 49 44 00 a0 08 5c 47 49 31 31 a4  ..._LID...\GI11.
  0ee0: 01 a1 03 a4 00 10 20 5c 5f 47 50 45 14 19 5f 4c  ...... \_GPE.._L
  0ef0: 31 42 00 49 53 4d 49 0a f3 86 5c 2e 5f 53 42 5f  1B.ISMI...\._SB_
  0f00: 4c 49 44 44 0a 80 10 49 76 5c 5f 53 42 5f 08 48  LIDD...Iv\_SB_.H
  0f10: 4b 41 50 00 08 48 43 4f 4e 0a 01 08 45 4c 45 44  KAP..HCON...ELED
  0f20: 0a 02 08 50 52 4f 42 0a 04 08 49 53 57 50 0a 08  ...PROB...ISWP..
  0f30: 08 57 46 4c 48 0a 10 08 41 57 46 48 0a 20 08 4d  .WFLH...AWFH. .M
  0f40: 52 41 54 0a 40 08 57 55 50 44 0a 80 08 49 57 4c  RAT.@.WUPD...IWL
  0f50: 4e 0b 00 01 08 50 34 47 52 0b 00 02 5b 82 42 71  N....P4GR...[.Bq
  0f60: 41 54 4b 44 08 5f 48 49 44 0d 41 54 4b 30 31 30  ATKD._HID.ATK010
  0f70: 30 00 08 5f 55 49 44 0c 00 01 01 01 08 46 52 51  0.._UID......FRQ
  0f80: 31 12 47 10 14 12 0c 05 0a 64 0a 8e 0a db 0a 02  1.G......d......
  0f90: 0a 38 12 0c 05 0a 67 0a 10 0a ff 0a bb 0a 38 12  .8....g.......8.
  0fa0: 0c 05 0a 6b 0a 8f 0a fa 0a bb 0a 39 12 0c 05 0a  ...k.......9....
  0fb0: 6e 0a 09 0a a5 0a 69 0a 3a 12 0c 05 0a 71 0a 0c  n.....i.:....q..
  0fc0: 0a d9 0a 23 0a 3b 12 0c 05 0a 75 0a 8b 0a d0 0a  ...#.;....u.....
  0fd0: 1a 0a 3c 12 0c 05 0a 78 0a 8d 0a f7 0a d3 0a 3c  ..<....x.......<
  0fe0: 12 0c 05 0a 7b 0a 09 0a b9 0a 8a 0a 3d 12 0c 05  ....{.......=...
  0ff0: 0a 7f 0a 89 0a bf 0a 8e 0a 3e 12 0c 05 0a 82 0a  .........>......
  1000: 8b 0a e8 0a 47 0a 3f 12 0c 05 0a 85 0a 8e 0a db  ....G.?.........
  1010: 0a 02 0a f8 12 0c 05 0a 89 0a 0f 0a f0 0a ab 0a  ................
  1020: f8 12 0c 05 0a 8c 0a 0d 0a d8 0a 35 0a f9 12 0c  ...........5....
  1030: 05 0a 8f 0a 8f 0a fb 0a d5 0a f9 12 0c 05 0a 93  ................
  1040: 0a 0d 0a e3 0a 79 0a fa 12 0c 05 0a 96 0a 0c 0a  .....y..........
  1050: d8 0a 03 0a fb 12 0c 05 0a 99 0a 8e 0a fc 0a 8f  ................
  1060: 0a fb 12 0c 05 0a 9d 0a 88 0a a0 0a 47 0a fc 12  ............G...
  1070: 0c 05 0a a0 0a 8d 0a f7 0a d3 0a fc 12 0c 05 0a  ................
  1080: a3 0a 0b 0a da 0a 5c 0a fd 08 50 34 47 46 12 29  ......\...P4GF.)
  1090: 03 12 0c 05 0a 5a 0a 0c 0a ac 0a 9a 0a 15 12 0c  .....Z..........
  10a0: 05 0a 64 0a 8e 0a db 0a 02 0a 38 12 0c 05 0a 67  ..d.......8....g
  10b0: 0a 10 0a ff 0a bb 0a 38 08 4c 31 30 31 12 0c 05  .......8.L101...
  10c0: 0a 5a 0a 0c 0a ac 0a 9a 0a 15 08 4c 31 33 31 12  .Z.........L131.
  10d0: 0c 05 0a 78 0a 0c 0a ac 0a 9a 0a 12 08 46 52 51  ...x.........FRQ
  10e0: 32 12 47 10 14 12 0c 05 0a 64 0a 8e 0a b7 0a ff  2.G......d......
  10f0: 0a 17 12 0c 05 0a 67 0a 90 0a fe 0a b8 0a 18 12  ......g.........
  1100: 0c 05 0a 6b 0a 87 0a 05 0a ad 0a 19 12 0c 05 0a  ...k............
  1110: 6e 0a 89 0a 4a 0a 66 0a 1a 12 0c 05 0a 71 0a 8c  n...J.f......q..
  1120: 0a b2 0a 20 0a 1b 12 0c 05 0a 75 0a 8b 0a a1 0a  ... ......u.....
  1130: 17 0a 1c 12 0c 05 0a 78 0a 8d 0a ef 0a d0 0a 1c  .......x........
  1140: 12 0c 05 0a 7b 0a 89 0a 72 0a 87 0a 1d 12 0c 05  ....{...r.......
  1150: 0a 7f 0a 8b 0a c5 0a 78 0a 1e 12 0c 05 0a 82 0a  .......x........
  1160: 8b 0a d0 0a 33 0a 1f 12 0c 05 0a 85 0a 8e 0a b7  ....3...........
  1170: 0a ff 0a 17 12 0c 05 0a 89 0a 8f 0a e0 0a a9 0a  ................
  1180: 18 12 0c 05 0a 8c 0a 8d 0a b0 0a 33 0a 19 12 0c  ...........3....
  1190: 05 0a 8f 0a 8f 0a f5 0a b9 0a 19 12 0c 05 0a 93  ................
  11a0: 0a 8d 0a c6 0a 76 0a 1a 12 0c 05 0a 96 0a 8c 0a  .....v..........
  11b0: b0 0a 00 0a 1b 12 0c 05 0a 99 0a 8e 0a f9 0a 8c  ................
  11c0: 0a 1b 12 0c 05 0a 9d 0a 88 0a 41 0a 44 0a 1c 12  ..........A.D...
  11d0: 0c 05 0a a0 0a 8d 0a ef 0a d0 0a 1c 12 0c 05 0a  ................
  11e0: a3 0a 8b 0a b4 0a 58 0a 1d 08 4c 31 30 32 12 0c  ......X...L102..
  11f0: 05 0a 4b 0a 93 0a b0 0a ff 0a 11 08 4c 31 33 32  ..K.........L132
  1200: 12 0c 05 0a 64 0a 93 0a b0 0a ff 0a 11 14 4f 0c  ....d.........O.
  1210: 43 49 4e 49 00 70 0a 00 61 70 5c 43 4f 43 49 62  CINI.p..ap\COCIb
  1220: a0 09 95 62 0a 01 70 0a 01 62 a0 3a 92 95 5c 43  ...b..p..b.:..\C
  1230: 48 46 51 0a 85 72 61 0a 0a 61 72 62 0a 0a 62 a0  HFQ..ra..arb..b.
  1240: 16 93 5c 43 47 49 44 0a 22 70 4c 31 33 32 88 50  ..\CGID."pL132.P
  1250: 34 47 46 0a 00 00 a1 0e 70 4c 31 33 31 88 50 34  4GF.....pL131.P4
  1260: 47 46 0a 00 00 a1 27 a0 16 93 5c 43 47 49 44 0a  GF....'...\CGID.
  1270: 22 70 4c 31 30 32 88 50 34 47 46 0a 00 00 a1 0e  "pL102.P4GF.....
  1280: 70 4c 31 30 31 88 50 34 47 46 0a 00 00 a0 2b 93  pL101.P4GF....+.
  1290: 5c 43 47 49 44 0a 22 70 83 88 46 52 51 32 61 00  \CGID."p..FRQ2a.
  12a0: 88 50 34 47 46 0a 01 00 70 83 88 46 52 51 32 62  .P4GF...p..FRQ2b
  12b0: 00 88 50 34 47 46 0a 02 00 a1 23 70 83 88 46 52  ..P4GF....#p..FR
  12c0: 51 31 61 00 88 50 34 47 46 0a 01 00 70 83 88 46  Q1a..P4GF...p..F
  12d0: 52 51 31 62 00 88 50 34 47 46 0a 02 00 14 3a 49  RQ1b..P4GF....:I
  12e0: 4e 49 54 01 70 01 48 4b 41 50 43 49 4e 49 70 5c  NIT.p.HKAPCINIp\
  12f0: 2f 05 5f 53 42 5f 50 43 49 30 50 58 34 30 45 43  /._SB_PCI0PX40EC
  1300: 44 30 43 43 35 52 0a 06 5c 2e 5f 54 5a 5f 46 41  D0CC5R..\._TZ_FA
  1310: 4e 53 a4 0d 4c 33 43 00 14 30 42 53 54 53 00 a0  NS..L3C..0BSTS..
  1320: 19 5c 41 43 49 4e 70 5c 48 4b 46 47 60 7b 60 0a  .\ACINp\HKFG`{`.
  1330: 7f 60 7b 60 0a 77 60 a4 60 a1 0f 70 5c 48 4b 46  .`{`.w`.`..p\HKF
  1340: 47 60 7b 60 0a f7 60 a4 60 14 3d 4d 4c 45 44 01  G`{`..`.`.=MLED.
  1350: a0 1b 68 5c 2f 05 5f 53 42 5f 50 43 49 30 50 58  ..h\/._SB_PCI0PX
  1360: 34 30 45 43 44 30 43 43 35 53 0a 51 a1 1a 5c 2f  40ECD0CC5S.Q..\/
  1370: 05 5f 53 42 5f 50 43 49 30 50 58 34 30 45 43 44  ._SB_PCI0PX40ECD
  1380: 30 43 43 35 53 0a 31 14 23 46 53 4d 49 01 70 68  0CC5S.1.#FSMI.ph
  1390: 46 53 46 4e 7d 68 0a a0 60 70 60 5c 44 42 47 31  FSFN}h..`p`\DBG1
  13a0: 49 53 4d 49 0a f4 a4 46 53 54 41 14 12 46 4c 53  ISMI...FSTA..FLS
  13b0: 48 01 70 68 46 53 54 41 46 53 4d 49 0a 00 14 13  H.phFSTAFSMI....
  13c0: 46 49 4e 49 01 70 68 46 41 44 52 a4 46 53 4d 49  FINI.phFADR.FSMI
  13d0: 0a 01 14 13 46 45 52 53 01 70 68 46 53 54 41 a4  ....FERS.phFSTA.
  13e0: 46 53 4d 49 0a 02 14 20 46 57 52 49 01 70 68 46  FSMI... FWRI.phF
  13f0: 41 44 52 70 0b 00 10 46 53 49 5a a4 74 0b 00 10  ADRp...FSIZ.t...
  1400: 46 53 4d 49 0a 03 00 14 19 46 57 52 50 00 70 0a  FSMI.....FWRP.p.
  1410: 00 46 53 49 5a a4 74 0b 00 10 46 53 4d 49 0a 03  .FSIZ.t...FSMI..
  1420: 00 14 4e 06 54 4d 50 52 00 70 5c 2f 04 5f 53 42  ..N.TMPR.p\/._SB
  1430: 5f 50 43 49 30 50 58 34 30 52 54 4d 50 60 70 5c  _PCI0PX40RTMP`p\
  1440: 2e 5f 54 5a 5f 46 41 4e 53 61 a0 06 61 70 0a ff  ._TZ_FANSa..ap..
  1450: 61 79 61 0a 10 61 72 5c 2e 5f 54 5a 5f 4b 45 4c  aya..ar\._TZ_KEL
  1460: 56 60 61 60 70 00 62 a0 0d 5c 54 45 4e 41 70 5c  V`a`p.b..\TENAp\
  1470: 54 44 54 59 62 a1 0f a0 0d 5c 54 48 4c 53 70 5c  TDTYb....\THLSp\
  1480: 54 54 44 54 62 79 62 0a 18 62 72 60 62 60 a4 60  TTDTbyb..br`b`.`
  1490: 14 4f 06 53 46 55 4e 00 70 0a 00 60 7d 60 48 43  .O.SFUN.p..`}`HC
  14a0: 4f 4e 60 7d 60 45 4c 45 44 60 7d 60 50 52 4f 42  ON`}`ELED`}`PROB
  14b0: 60 7d 60 57 46 4c 48 60 7d 60 41 57 46 48 60 7d  `}`WFLH`}`AWFH`}
  14c0: 60 4d 52 41 54 60 7d 60 57 55 50 44 60 a0 1f 5c  `MRAT`}`WUPD`..\
  14d0: 2f 05 5f 53 42 5f 50 43 49 30 50 43 49 32 4d 4f  /._SB_PCI0PCI2MO
  14e0: 44 4d 4d 50 44 50 7d 60 49 57 4c 4e 60 a0 10 93  DMMPDP}`IWLN`...
  14f0: 5c 43 47 49 44 0a 22 7d 60 50 34 47 52 60 a4 60  \CGID."}`P4GR`.`
  1500: 14 18 4f 53 56 52 01 70 68 5c 4f 53 46 47 70 5c  ..OSVR.ph\OSFGp\
  1510: 4f 53 46 47 5c 4f 53 49 44 14 0c 47 50 4c 56 00  OSFG\OSID..GPLV.
  1520: a4 5c 42 4c 56 4c 14 2b 53 50 4c 56 01 70 68 5c  .\BLVL.+SPLV.ph\
  1530: 42 4c 56 4c 5c 2f 05 5f 53 42 5f 50 43 49 30 50  BLVL\/._SB_PCI0P
  1540: 58 34 30 45 43 44 30 53 42 54 4e 5c 42 4c 56 4c  X40ECD0SBTN\BLVL
  1550: a4 01 14 1e 53 44 53 50 01 5c 2f 05 5f 53 42 5f  ....SDSP.\/._SB_
  1560: 50 43 49 30 50 43 49 31 56 47 41 43 53 57 43 48  PCI0PCI1VGACSWCH
  1570: 68 14 3d 57 4c 45 44 01 a0 1b 68 5c 2f 05 5f 53  h.=WLED...h\/._S
  1580: 42 5f 50 43 49 30 50 58 34 30 45 43 44 30 43 43  B_PCI0PX40ECD0CC
  1590: 35 53 0a 38 a1 1a 5c 2f 05 5f 53 42 5f 50 43 49  5S.8..\/._SB_PCI
  15a0: 30 50 58 34 30 45 43 44 30 43 43 35 53 0a 58 14  0PX40ECD0CC5S.X.
  15b0: 1f 47 46 52 51 01 70 83 88 83 88 50 34 47 46 68  .GFRQ.p....P4GFh
  15c0: 00 0a 00 00 60 77 60 5c 4d 48 42 52 61 a4 61 14  ....`w`\MHBRa.a.
  15d0: 4c 07 53 46 52 51 01 70 83 88 83 88 50 34 47 46  L.SFRQ.p....P4GF
  15e0: 68 00 0a 01 00 5c 43 42 30 42 70 83 88 83 88 50  h....\CB0Bp....P
  15f0: 34 47 46 68 00 0a 02 00 5c 43 42 30 43 70 83 88  4GFh....\CB0Cp..
  1600: 83 88 50 34 47 46 68 00 0a 03 00 5c 43 42 30 44  ..P4GFh....\CB0D
  1610: 70 83 88 83 88 50 34 47 46 68 00 0a 04 00 5c 43  p....P4GFh....\C
  1620: 42 30 45 a0 11 92 93 5b 23 5c 50 34 53 4d ff 3f  B0E....[#\P4SM.?
  1630: 0a 00 a4 0a 00 70 0a 07 41 53 4c 54 49 53 4d 49  .....p..ASLTISMI
  1640: 0a f2 5b 27 5c 50 34 53 4d a4 0a 01 14 23 41 53  ..['\P4SM....#AS
  1650: 59 4d 00 70 00 60 a0 0c 5c 42 4c 4c 57 70 0a 04  YM.p.`..\BLLWp..
  1660: 60 a4 60 a0 0c 5c 42 4c 4f 57 70 0a 02 60 a4 60  `.`..\BLOWp..`.`
  1670: 5b 82 40 07 4d 45 4d 31 08 5f 48 49 44 0c 41 d0  [.@.MEM1._HID.A.
  1680: 0c 01 14 4f 05 5f 43 52 53 00 08 42 55 46 31 11  ...O._CRS..BUF1.
  1690: 29 0a 26 86 09 00 01 00 00 00 00 00 00 0a 00 86  ).&.............
  16a0: 09 00 00 00 00 0f 00 00 00 01 00 86 09 00 01 00  ................
  16b0: 00 10 00 00 00 00 00 79 00 8a 42 55 46 31 0a 20  .......y..BUF1. 
  16c0: 45 4d 4c 4e 70 4d 45 4d 53 45 4d 4c 4e 76 45 4d  EMLNpMEMSEMLNvEM
  16d0: 4c 4e 79 45 4d 4c 4e 0a 14 45 4d 4c 4e a4 42 55  LNyEMLN..EMLN.BU
  16e0: 46 31 14 0b 4d 45 4d 53 00 a4 4d 4d 53 5a 5b 82  F1..MEMS..MMSZ[.
  16f0: 4c 12 4c 4e 4b 41 08 5f 48 49 44 0c 41 d0 0c 0f  L.LNKA._HID.A...
  1700: 08 5f 55 49 44 0a 01 14 2b 5f 53 54 41 00 7b 5c  ._UID...+_STA.{\
  1710: 2f 04 5f 53 42 5f 50 43 49 30 50 58 34 30 50 49  /._SB_PCI0PX40PI
  1720: 52 41 0a 8f 60 a0 08 95 60 0a 80 a4 0a 0b a1 04  RA..`...`.......
  1730: a4 0a 09 08 5f 50 52 53 11 09 0a 06 23 20 00 18  ...._PRS....# ..
  1740: 79 00 14 1c 5f 44 49 53 00 70 0a 80 5c 2f 04 5f  y..._DIS.p..\/._
  1750: 53 42 5f 50 43 49 30 50 58 34 30 50 49 52 41 14  SB_PCI0PX40PIRA.
  1760: 42 05 5f 43 52 53 00 08 42 55 46 41 11 09 0a 06  B._CRS..BUFA....
  1770: 23 00 00 18 79 00 8b 42 55 46 41 0a 01 49 52 41  #...y..BUFA..IRA
  1780: 5f 7b 5c 2f 04 5f 53 42 5f 50 43 49 30 50 58 34  _{\/._SB_PCI0PX4
  1790: 30 50 49 52 41 0a 8f 60 a0 14 95 60 0a 80 7b 60  0PIRA..`...`..{`
  17a0: 0a 0f 60 79 01 60 61 70 61 49 52 41 5f a4 42 55  ..`y.`apaIRA_.BU
  17b0: 46 41 14 49 06 5f 53 52 53 01 8c 68 0a 01 49 52  FA.I._SRS..h..IR
  17c0: 41 31 8c 68 0a 02 49 52 41 32 79 49 52 41 32 0a  A1.h..IRA2yIRA2.
  17d0: 08 60 7d 60 49 52 41 31 60 70 0a 00 61 7a 60 0a  .`}`IRA1`p..az`.
  17e0: 01 60 a2 0c 94 60 0a 00 75 61 7a 60 0a 01 60 7b  .`...`..uaz`..`{
  17f0: 5c 2f 04 5f 53 42 5f 50 43 49 30 50 58 34 30 50  \/._SB_PCI0PX40P
  1800: 49 52 41 0a 70 60 7d 61 60 5c 2f 04 5f 53 42 5f  IRA.p`}a`\/._SB_
  1810: 50 43 49 30 50 58 34 30 50 49 52 41 5b 82 4c 12  PCI0PX40PIRA[.L.
  1820: 4c 4e 4b 42 08 5f 48 49 44 0c 41 d0 0c 0f 08 5f  LNKB._HID.A...._
  1830: 55 49 44 0a 02 14 2b 5f 53 54 41 00 7b 5c 2f 04  UID...+_STA.{\/.
  1840: 5f 53 42 5f 50 43 49 30 50 58 34 30 50 49 52 42  _SB_PCI0PX40PIRB
  1850: 0a 8f 60 a0 08 95 60 0a 80 a4 0a 0b a1 04 a4 0a  ..`...`.........
  1860: 09 08 5f 50 52 53 11 09 0a 06 23 80 08 18 79 00  .._PRS....#...y.
  1870: 14 1c 5f 44 49 53 00 70 0a 80 5c 2f 04 5f 53 42  .._DIS.p..\/._SB
  1880: 5f 50 43 49 30 50 58 34 30 50 49 52 42 14 42 05  _PCI0PX40PIRB.B.
  1890: 5f 43 52 53 00 08 42 55 46 42 11 09 0a 06 23 00  _CRS..BUFB....#.
  18a0: 00 18 79 00 8b 42 55 46 42 0a 01 49 52 42 5f 7b  ..y..BUFB..IRB_{
  18b0: 5c 2f 04 5f 53 42 5f 50 43 49 30 50 58 34 30 50  \/._SB_PCI0PX40P
  18c0: 49 52 42 0a 8f 60 a0 14 95 60 0a 80 7b 60 0a 0f  IRB..`...`..{`..
  18d0: 60 79 01 60 61 70 61 49 52 42 5f a4 42 55 46 42  `y.`apaIRB_.BUFB
  18e0: 14 49 06 5f 53 52 53 01 8c 68 0a 01 49 52 42 31  .I._SRS..h..IRB1
  18f0: 8c 68 0a 02 49 52 42 32 79 49 52 42 32 0a 08 60  .h..IRB2yIRB2..`
  1900: 7d 60 49 52 42 31 60 70 0a 00 61 7a 60 0a 01 60  }`IRB1`p..az`..`
  1910: a2 0c 94 60 0a 00 75 61 7a 60 0a 01 60 7b 5c 2f  ...`..uaz`..`{\/
  1920: 04 5f 53 42 5f 50 43 49 30 50 58 34 30 50 49 52  ._SB_PCI0PX40PIR
  1930: 42 0a 70 60 7d 61 60 5c 2f 04 5f 53 42 5f 50 43  B.p`}a`\/._SB_PC
  1940: 49 30 50 58 34 30 50 49 52 42 5b 82 4c 12 4c 4e  I0PX40PIRB[.L.LN
  1950: 4b 43 08 5f 48 49 44 0c 41 d0 0c 0f 08 5f 55 49  KC._HID.A...._UI
  1960: 44 0a 03 14 2b 5f 53 54 41 00 7b 5c 2f 04 5f 53  D...+_STA.{\/._S
  1970: 42 5f 50 43 49 30 50 58 34 30 50 49 52 43 0a 8f  B_PCI0PX40PIRC..
  1980: 60 a0 08 95 60 0a 80 a4 0a 0b a1 04 a4 0a 09 08  `...`...........
  1990: 5f 50 52 53 11 09 0a 06 23 08 08 18 79 00 14 1c  _PRS....#...y...
  19a0: 5f 44 49 53 00 70 0a 80 5c 2f 04 5f 53 42 5f 50  _DIS.p..\/._SB_P
  19b0: 43 49 30 50 58 34 30 50 49 52 43 14 42 05 5f 43  CI0PX40PIRC.B._C
  19c0: 52 53 00 08 42 55 46 43 11 09 0a 06 23 00 00 18  RS..BUFC....#...
  19d0: 79 00 8b 42 55 46 43 0a 01 49 52 43 5f 7b 5c 2f  y..BUFC..IRC_{\/
  19e0: 04 5f 53 42 5f 50 43 49 30 50 58 34 30 50 49 52  ._SB_PCI0PX40PIR
  19f0: 43 0a 8f 60 a0 14 95 60 0a 80 7b 60 0a 0f 60 79  C..`...`..{`..`y
  1a00: 01 60 61 70 61 49 52 43 5f a4 42 55 46 43 14 49  .`apaIRC_.BUFC.I
  1a10: 06 5f 53 52 53 01 8c 68 0a 01 49 52 43 31 8c 68  ._SRS..h..IRC1.h
  1a20: 0a 02 49 52 43 32 79 49 52 43 32 0a 08 60 7d 60  ..IRC2yIRC2..`}`
  1a30: 49 52 43 31 60 70 0a 00 61 7a 60 0a 01 60 a2 0c  IRC1`p..az`..`..
  1a40: 94 60 0a 00 75 61 7a 60 0a 01 60 7b 5c 2f 04 5f  .`..uaz`..`{\/._
  1a50: 53 42 5f 50 43 49 30 50 58 34 30 50 49 52 43 0a  SB_PCI0PX40PIRC.
  1a60: 70 60 7d 61 60 5c 2f 04 5f 53 42 5f 50 43 49 30  p`}a`\/._SB_PCI0
  1a70: 50 58 34 30 50 49 52 43 5b 82 4c 12 4c 4e 4b 44  PX40PIRC[.L.LNKD
  1a80: 08 5f 48 49 44 0c 41 d0 0c 0f 08 5f 55 49 44 0a  ._HID.A...._UID.
  1a90: 04 14 2b 5f 53 54 41 00 7b 5c 2f 04 5f 53 42 5f  ..+_STA.{\/._SB_
  1aa0: 50 43 49 30 50 58 34 30 50 49 52 44 0a 8f 60 a0  PCI0PX40PIRD..`.
  1ab0: 08 95 60 0a 80 a4 0a 0b a1 04 a4 0a 09 08 5f 50  ..`..........._P
  1ac0: 52 53 11 09 0a 06 23 a0 08 18 79 00 14 1c 5f 44  RS....#...y..._D
  1ad0: 49 53 00 70 0a 80 5c 2f 04 5f 53 42 5f 50 43 49  IS.p..\/._SB_PCI
  1ae0: 30 50 58 34 30 50 49 52 44 14 42 05 5f 43 52 53  0PX40PIRD.B._CRS
  1af0: 00 08 42 55 46 44 11 09 0a 06 23 00 00 18 79 00  ..BUFD....#...y.
  1b00: 8b 42 55 46 44 0a 01 49 52 44 5f 7b 5c 2f 04 5f  .BUFD..IRD_{\/._
  1b10: 53 42 5f 50 43 49 30 50 58 34 30 50 49 52 44 0a  SB_PCI0PX40PIRD.
  1b20: 8f 60 a0 14 95 60 0a 80 7b 60 0a 0f 60 79 01 60  .`...`..{`..`y.`
  1b30: 61 70 61 49 52 44 5f a4 42 55 46 44 14 49 06 5f  apaIRD_.BUFD.I._
  1b40: 53 52 53 01 8c 68 0a 01 49 52 44 31 8c 68 0a 02  SRS..h..IRD1.h..
  1b50: 49 52 44 32 79 49 52 44 32 0a 08 60 7d 60 49 52  IRD2yIRD2..`}`IR
  1b60: 44 31 60 70 0a 00 61 7a 60 0a 01 60 a2 0c 94 60  D1`p..az`..`...`
  1b70: 0a 00 75 61 7a 60 0a 01 60 7b 5c 2f 04 5f 53 42  ..uaz`..`{\/._SB
  1b80: 5f 50 43 49 30 50 58 34 30 50 49 52 44 0a 70 60  _PCI0PX40PIRD.p`
  1b90: 7d 61 60 5c 2f 04 5f 53 42 5f 50 43 49 30 50 58  }a`\/._SB_PCI0PX
  1ba0: 34 30 50 49 52 44 5b 82 4c 12 4c 4e 4b 45 08 5f  40PIRD[.L.LNKE._
  1bb0: 48 49 44 0c 41 d0 0c 0f 08 5f 55 49 44 0a 05 14  HID.A...._UID...
  1bc0: 2b 5f 53 54 41 00 7b 5c 2f 04 5f 53 42 5f 50 43  +_STA.{\/._SB_PC
  1bd0: 49 30 50 58 34 30 50 49 52 45 0a 8f 60 a0 08 95  I0PX40PIRE..`...
  1be0: 60 0a 80 a4 0a 0b a1 04 a4 0a 09 08 5f 50 52 53  `..........._PRS
  1bf0: 11 09 0a 06 23 f8 dc 18 79 00 14 1c 5f 44 49 53  ....#...y..._DIS
  1c00: 00 70 0a 80 5c 2f 04 5f 53 42 5f 50 43 49 30 50  .p..\/._SB_PCI0P
  1c10: 58 34 30 50 49 52 45 14 42 05 5f 43 52 53 00 08  X40PIRE.B._CRS..
  1c20: 42 55 46 44 11 09 0a 06 23 00 00 18 79 00 8b 42  BUFD....#...y..B
  1c30: 55 46 44 0a 01 49 52 44 5f 7b 5c 2f 04 5f 53 42  UFD..IRD_{\/._SB
  1c40: 5f 50 43 49 30 50 58 34 30 50 49 52 45 0a 8f 60  _PCI0PX40PIRE..`
  1c50: a0 14 95 60 0a 80 7b 60 0a 0f 60 79 01 60 61 70  ...`..{`..`y.`ap
  1c60: 61 49 52 44 5f a4 42 55 46 44 14 49 06 5f 53 52  aIRD_.BUFD.I._SR
  1c70: 53 01 8c 68 0a 01 49 52 44 31 8c 68 0a 02 49 52  S..h..IRD1.h..IR
  1c80: 44 32 79 49 52 44 32 0a 08 60 7d 60 49 52 44 31  D2yIRD2..`}`IRD1
  1c90: 60 70 0a 00 61 7a 60 0a 01 60 a2 0c 94 60 0a 00  `p..az`..`...`..
  1ca0: 75 61 7a 60 0a 01 60 7b 5c 2f 04 5f 53 42 5f 50  uaz`..`{\/._SB_P
  1cb0: 43 49 30 50 58 34 30 50 49 52 45 0a 70 60 7d 61  CI0PX40PIRE.p`}a
  1cc0: 60 5c 2f 04 5f 53 42 5f 50 43 49 30 50 58 34 30  `\/._SB_PCI0PX40
  1cd0: 50 49 52 45 5b 82 4c 12 4c 4e 4b 46 08 5f 48 49  PIRE[.L.LNKF._HI
  1ce0: 44 0c 41 d0 0c 0f 08 5f 55 49 44 0a 06 14 2b 5f  D.A...._UID...+_
  1cf0: 53 54 41 00 7b 5c 2f 04 5f 53 42 5f 50 43 49 30  STA.{\/._SB_PCI0
  1d00: 50 58 34 30 50 49 52 46 0a 8f 60 a0 08 95 60 0a  PX40PIRF..`...`.
  1d10: 80 a4 0a 0b a1 04 a4 0a 09 08 5f 50 52 53 11 09  .........._PRS..
  1d20: 0a 06 23 f8 dc 18 79 00 14 1c 5f 44 49 53 00 70  ..#...y..._DIS.p
  1d30: 0a 80 5c 2f 04 5f 53 42 5f 50 43 49 30 50 58 34  ..\/._SB_PCI0PX4
  1d40: 30 50 49 52 46 14 42 05 5f 43 52 53 00 08 42 55  0PIRF.B._CRS..BU
  1d50: 46 44 11 09 0a 06 23 00 00 18 79 00 8b 42 55 46  FD....#...y..BUF
  1d60: 44 0a 01 49 52 44 5f 7b 5c 2f 04 5f 53 42 5f 50  D..IRD_{\/._SB_P
  1d70: 43 49 30 50 58 34 30 50 49 52 46 0a 8f 60 a0 14  CI0PX40PIRF..`..
  1d80: 95 60 0a 80 7b 60 0a 0f 60 79 01 60 61 70 61 49  .`..{`..`y.`apaI
  1d90: 52 44 5f a4 42 55 46 44 14 49 06 5f 53 52 53 01  RD_.BUFD.I._SRS.
  1da0: 8c 68 0a 01 49 52 44 31 8c 68 0a 02 49 52 44 32  .h..IRD1.h..IRD2
  1db0: 79 49 52 44 32 0a 08 60 7d 60 49 52 44 31 60 70  yIRD2..`}`IRD1`p
  1dc0: 0a 00 61 7a 60 0a 01 60 a2 0c 94 60 0a 00 75 61  ..az`..`...`..ua
  1dd0: 7a 60 0a 01 60 7b 5c 2f 04 5f 53 42 5f 50 43 49  z`..`{\/._SB_PCI
  1de0: 30 50 58 34 30 50 49 52 46 0a 70 60 7d 61 60 5c  0PX40PIRF.p`}a`\
  1df0: 2f 04 5f 53 42 5f 50 43 49 30 50 58 34 30 50 49  /._SB_PCI0PX40PI
  1e00: 52 46 5b 82 4c 12 4c 4e 4b 47 08 5f 48 49 44 0c  RF[.L.LNKG._HID.
  1e10: 41 d0 0c 0f 08 5f 55 49 44 0a 07 14 2b 5f 53 54  A...._UID...+_ST
  1e20: 41 00 7b 5c 2f 04 5f 53 42 5f 50 43 49 30 50 58  A.{\/._SB_PCI0PX
  1e30: 34 30 50 49 52 47 0a 8f 60 a0 08 95 60 0a 80 a4  40PIRG..`...`...
  1e40: 0a 0b a1 04 a4 0a 09 08 5f 50 52 53 11 09 0a 06  ........_PRS....
  1e50: 23 f8 dc 18 79 00 14 1c 5f 44 49 53 00 70 0a 80  #...y..._DIS.p..
  1e60: 5c 2f 04 5f 53 42 5f 50 43 49 30 50 58 34 30 50  \/._SB_PCI0PX40P
  1e70: 49 52 47 14 42 05 5f 43 52 53 00 08 42 55 46 44  IRG.B._CRS..BUFD
  1e80: 11 09 0a 06 23 00 00 18 79 00 8b 42 55 46 44 0a  ....#...y..BUFD.
  1e90: 01 49 52 44 5f 7b 5c 2f 04 5f 53 42 5f 50 43 49  .IRD_{\/._SB_PCI
  1ea0: 30 50 58 34 30 50 49 52 47 0a 8f 60 a0 14 95 60  0PX40PIRG..`...`
  1eb0: 0a 80 7b 60 0a 0f 60 79 01 60 61 70 61 49 52 44  ..{`..`y.`apaIRD
  1ec0: 5f a4 42 55 46 44 14 49 06 5f 53 52 53 01 8c 68  _.BUFD.I._SRS..h
  1ed0: 0a 01 49 52 44 31 8c 68 0a 02 49 52 44 32 79 49  ..IRD1.h..IRD2yI
  1ee0: 52 44 32 0a 08 60 7d 60 49 52 44 31 60 70 0a 00  RD2..`}`IRD1`p..
  1ef0: 61 7a 60 0a 01 60 a2 0c 94 60 0a 00 75 61 7a 60  az`..`...`..uaz`
  1f00: 0a 01 60 7b 5c 2f 04 5f 53 42 5f 50 43 49 30 50  ..`{\/._SB_PCI0P
  1f10: 58 34 30 50 49 52 47 0a 70 60 7d 61 60 5c 2f 04  X40PIRG.p`}a`\/.
  1f20: 5f 53 42 5f 50 43 49 30 50 58 34 30 50 49 52 47  _SB_PCI0PX40PIRG
  1f30: 5b 82 4c 12 4c 4e 4b 48 08 5f 48 49 44 0c 41 d0  [.L.LNKH._HID.A.
  1f40: 0c 0f 08 5f 55 49 44 0a 08 14 2b 5f 53 54 41 00  ..._UID...+_STA.
  1f50: 7b 5c 2f 04 5f 53 42 5f 50 43 49 30 50 58 34 30  {\/._SB_PCI0PX40
  1f60: 50 49 52 48 0a 8f 60 a0 08 95 60 0a 80 a4 0a 0b  PIRH..`...`.....
  1f70: a1 04 a4 0a 09 08 5f 50 52 53 11 09 0a 06 23 f8  ......_PRS....#.
  1f80: dc 18 79 00 14 1c 5f 44 49 53 00 70 0a 80 5c 2f  ..y..._DIS.p..\/
  1f90: 04 5f 53 42 5f 50 43 49 30 50 58 34 30 50 49 52  ._SB_PCI0PX40PIR
  1fa0: 48 14 42 05 5f 43 52 53 00 08 42 55 46 44 11 09  H.B._CRS..BUFD..
  1fb0: 0a 06 23 00 00 18 79 00 8b 42 55 46 44 0a 01 49  ..#...y..BUFD..I
  1fc0: 52 44 5f 7b 5c 2f 04 5f 53 42 5f 50 43 49 30 50  RD_{\/._SB_PCI0P
  1fd0: 58 34 30 50 49 52 48 0a 8f 60 a0 14 95 60 0a 80  X40PIRH..`...`..
  1fe0: 7b 60 0a 0f 60 79 01 60 61 70 61 49 52 44 5f a4  {`..`y.`apaIRD_.
  1ff0: 42 55 46 44 14 49 06 5f 53 52 53 01 8c 68 0a 01  BUFD.I._SRS..h..
  2000: 49 52 44 31 8c 68 0a 02 49 52 44 32 79 49 52 44  IRD1.h..IRD2yIRD
  2010: 32 0a 08 60 7d 60 49 52 44 31 60 70 0a 00 61 7a  2..`}`IRD1`p..az
  2020: 60 0a 01 60 a2 0c 94 60 0a 00 75 61 7a 60 0a 01  `..`...`..uaz`..
  2030: 60 7b 5c 2f 04 5f 53 42 5f 50 43 49 30 50 58 34  `{\/._SB_PCI0PX4
  2040: 30 50 49 52 48 0a 70 60 7d 61 60 5c 2f 04 5f 53  0PIRH.p`}a`\/._S
  2050: 42 5f 50 43 49 30 50 58 34 30 50 49 52 48 5b 82  B_PCI0PX40PIRH[.
  2060: 8b 0e 03 50 43 49 30 08 5f 48 49 44 0c 41 d0 0a  ...PCI0._HID.A..
  2070: 03 08 5f 41 44 52 0a 00 14 3d 5f 49 4e 49 00 70  .._ADR...=_INI.p
  2080: 00 5c 53 4c 50 54 a0 24 92 94 4f 53 56 52 4f 53  .\SLPT.$..OSVROS
  2090: 4d 45 70 01 5c 2f 05 5f 53 42 5f 50 43 49 30 50  MEp.\/._SB_PCI0P
  20a0: 58 34 30 45 43 44 30 45 43 4f 52 70 5c 4f 53 46  X40ECD0ECORp\OSF
  20b0: 47 5c 4f 53 49 44 14 4b 0d 5f 43 52 53 00 08 43  G\OSID.K._CRS..C
  20c0: 52 45 53 11 4c 08 0a 88 88 0d 00 02 0c 00 00 00  RES.L...........
  20d0: 00 00 ff 00 00 00 00 01 47 01 f8 0c f8 0c 01 08  ........G.......
  20e0: 88 0d 00 01 0c 03 00 00 00 00 f7 0c 00 00 f8 0c  ................
  20f0: 88 0d 00 01 0c 03 00 00 00 0d ff ff 00 00 00 f3  ................
  2100: 87 17 00 00 0c 03 00 00 00 00 00 00 0a 00 ff ff  ................
  2110: 0b 00 00 00 00 00 00 00 02 00 87 17 00 00 0c 03  ................
  2120: 00 00 00 00 00 00 0d 00 ff ff 0d 00 00 00 00 00  ................
  2130: 00 00 01 00 87 17 00 00 0c 03 00 00 00 00 00 00  ................
  2140: 10 00 ff ff ff ff 00 00 00 00 00 00 f0 ff 79 00  ..............y.
  2150: 8a 43 52 45 53 0a 76 52 41 4d 54 8a 43 52 45 53  .CRES.vRAMT.CRES
  2160: 0a 82 52 41 4d 52 70 4d 45 4d 53 52 41 4d 54 79  ..RAMRpMEMSRAMTy
  2170: 52 41 4d 54 0a 14 52 41 4d 54 74 0c ff ff ff ff  RAMT..RAMTt.....
  2180: 52 41 4d 54 52 41 4d 52 75 52 41 4d 52 a4 43 52  RAMTRAMRuRAMR.CR
  2190: 45 53 08 50 49 43 4d 12 47 08 06 12 15 04 0c ff  ES.PICM.G.......
  21a0: ff 1f 00 0a 00 5c 2e 5f 53 42 5f 4c 4e 4b 43 0a  .....\._SB_LNKC.
  21b0: 00 12 15 04 0c ff ff 1f 00 0a 01 5c 2e 5f 53 42  ...........\._SB
  21c0: 5f 4c 4e 4b 42 0a 00 12 15 04 0c ff ff 1d 00 0a  _LNKB...........
  21d0: 00 5c 2e 5f 53 42 5f 4c 4e 4b 41 0a 00 12 15 04  .\._SB_LNKA.....
  21e0: 0c ff ff 1d 00 0a 01 5c 2e 5f 53 42 5f 4c 4e 4b  .......\._SB_LNK
  21f0: 44 0a 00 12 15 04 0c ff ff 1d 00 0a 02 5c 2e 5f  D............\._
  2200: 53 42 5f 4c 4e 4b 43 0a 00 12 15 04 0c ff ff 1d  SB_LNKC.........
  2210: 00 0a 03 5c 2e 5f 53 42 5f 4c 4e 4b 48 0a 00 14  ...\._SB_LNKH...
  2220: 0b 5f 50 52 54 00 a4 50 49 43 4d 5b 82 4d 09 50  ._PRT..PICM[.M.P
  2230: 43 49 31 08 5f 41 44 52 0c 00 00 01 00 14 45 05  CI1._ADR......E.
  2240: 5f 53 33 44 00 a0 25 93 53 43 4d 50 5c 5f 4f 53  _S3D..%.SCMP\_OS
  2250: 5f 0d 4d 69 63 72 6f 73 6f 66 74 20 57 69 6e 64  _.Microsoft Wind
  2260: 6f 77 73 20 4e 54 00 00 a4 0a 03 a0 22 93 53 43  ows NT......".SC
  2270: 4d 50 5c 5f 4f 53 5f 0d 4d 69 63 72 6f 73 6f 66  MP\_OS_.Microsof
  2280: 74 20 57 69 6e 64 6f 77 73 00 00 a4 0a 03 a1 04  t Windows.......
  2290: a4 0a 02 14 0e 5f 50 52 57 00 a4 12 06 02 0a 0b  ....._PRW.......
  22a0: 0a 04 08 50 49 43 4d 12 16 01 12 13 04 0b ff ff  ...PICM.........
  22b0: 0a 00 5c 2e 5f 53 42 5f 4c 4e 4b 41 0a 00 14 0b  ..\._SB_LNKA....
  22c0: 5f 50 52 54 00 a4 50 49 43 4d 5b 82 4e 10 50 43  _PRT..PICM[.N.PC
  22d0: 49 32 08 5f 41 44 52 0c 00 00 1e 00 14 45 05 5f  I2._ADR......E._
  22e0: 53 33 44 00 a0 25 93 53 43 4d 50 5c 5f 4f 53 5f  S3D..%.SCMP\_OS_
  22f0: 0d 4d 69 63 72 6f 73 6f 66 74 20 57 69 6e 64 6f  .Microsoft Windo
  2300: 77 73 20 4e 54 00 00 a4 0a 03 a0 22 93 53 43 4d  ws NT......".SCM
  2310: 50 5c 5f 4f 53 5f 0d 4d 69 63 72 6f 73 6f 66 74  P\_OS_.Microsoft
  2320: 20 57 69 6e 64 6f 77 73 00 00 a4 0a 03 a1 04 a4   Windows........
  2330: 0a 02 14 0e 5f 50 52 57 00 a4 12 06 02 0a 0b 0a  ...._PRW........
  2340: 04 08 50 49 43 4d 12 47 08 06 12 15 04 0c ff ff  ..PICM.G........
  2350: 05 00 0a 00 5c 2e 5f 53 42 5f 4c 4e 4b 44 0a 00  ....\._SB_LNKD..
  2360: 12 15 04 0c ff ff 07 00 0a 00 5c 2e 5f 53 42 5f  ..........\._SB_
  2370: 4c 4e 4b 41 0a 00 12 15 04 0c ff ff 07 00 0a 01  LNKA............
  2380: 5c 2e 5f 53 42 5f 4c 4e 4b 42 0a 00 12 15 04 0c  \._SB_LNKB......
  2390: ff ff 07 00 0a 02 5c 2e 5f 53 42 5f 4c 4e 4b 43  ......\._SB_LNKC
  23a0: 0a 00 12 15 04 0c ff ff 08 00 0a 00 5c 2e 5f 53  ............\._S
  23b0: 42 5f 4c 4e 4b 43 0a 00 12 15 04 0c ff ff 08 00  B_LNKC..........
  23c0: 0a 01 5c 2e 5f 53 42 5f 4c 4e 4b 44 0a 00 14 0b  ..\._SB_LNKD....
  23d0: 5f 50 52 54 00 a4 50 49 43 4d 10 4b 04 5c 5f 53  _PRT..PICM.K.\_S
  23e0: 42 5f 5b 80 50 49 44 45 01 0b f6 03 0a 01 5b 81  B_[.PIDE......[.
  23f0: 14 50 49 44 45 01 00 03 48 4d 4d 4d 01 00 03 50  .PIDE...HMMM...P
  2400: 42 53 59 01 5b 80 53 49 44 45 01 0b 76 03 0a 01  BSY.[.SIDE..v...
  2410: 5b 81 14 53 49 44 45 01 00 03 52 4d 4d 4d 01 00  [..SIDE...RMMM..
  2420: 03 53 42 53 59 01 5b 82 49 43 49 44 45 30 08 5f  .SBSY.[.ICIDE0._
  2430: 41 44 52 0c 01 00 1f 00 08 50 49 4f 54 12 0e 05  ADR......PIOT...
  2440: 0b 58 02 0b 7c 01 0a f0 0a b4 0a 78 08 55 44 4d  .X..|......x.UDM
  2450: 54 12 0e 06 0a 78 0a 50 0a 3c 0a 2d 0a 1e 0a 14  T....x.P.<.-....
  2460: 14 44 08 43 56 44 52 03 08 47 54 46 42 11 11 0a  .D.CVDR..GTFB...
  2470: 0e 03 00 00 00 00 00 ef 03 00 00 00 00 00 ef 8c  ................
  2480: 47 54 46 42 0a 01 4d 44 44 4d 8c 47 54 46 42 0a  GTFB..MDDM.GTFB.
  2490: 05 44 52 44 4d 8c 47 54 46 42 0a 08 4d 44 50 49  .DRDM.GTFB..MDPI
  24a0: 8c 47 54 46 42 0a 0c 44 52 50 49 a0 0e 92 93 69  .GTFB..DRPI....i
  24b0: 0a 0f 7d 69 0a 40 4d 44 44 4d a1 11 70 68 60 74  ..}i.@MDDM..ph`t
  24c0: 60 0a 02 60 7d 60 0a 20 4d 44 44 4d 70 6a 44 52  `..`}`. MDDMpjDR
  24d0: 44 4d 7d 68 0a 08 4d 44 50 49 70 6a 44 52 50 49  DM}h..MDPIpjDRPI
  24e0: a4 47 54 46 42 14 4b 05 53 55 44 4d 03 7b 6a 0a  .GTFB.K.SUDM.{j.
  24f0: 01 60 a0 06 60 70 0a 04 60 a1 05 70 0a 01 60 7b  .`..`p..`..p..`{
  2500: 68 60 60 a0 28 60 70 89 55 44 4d 54 02 69 00 0a  h``.(`p.UDMT.i..
  2510: 00 0a 00 60 a0 17 92 93 60 ff 70 6a 54 52 44 30  ...`....`.pjTRD0
  2520: 70 60 54 52 44 31 49 53 4d 49 0a 08 a1 14 70 6a  p`TRD1ISMI....pj
  2530: 54 52 44 30 70 0a ff 54 52 44 31 49 53 4d 49 0a  TRD0p..TRD1ISMI.
  2540: 08 14 49 0f 47 54 4d 43 04 08 42 55 30 30 11 17  ..I.GTMC..BU00..
  2550: 0a 14 ff ff ff ff ff ff ff ff ff ff ff ff ff ff  ................
  2560: ff ff 00 00 00 00 8a 42 55 30 30 0a 00 50 49 4f  .......BU00..PIO
  2570: 30 8a 42 55 30 30 0a 04 44 4d 41 30 8a 42 55 30  0.BU00..DMA0.BU0
  2580: 30 0a 08 50 49 4f 31 8a 42 55 30 30 0a 0c 44 4d  0..PIO1.BU00..DM
  2590: 41 31 8a 42 55 30 30 0a 10 46 4c 41 47 70 0a 10  A1.BU00..FLAGp..
  25a0: 46 4c 41 47 a0 1e 92 93 68 0a 0f 70 83 88 50 49  FLAG....h..p..PI
  25b0: 4f 54 68 00 50 49 4f 30 7d 46 4c 41 47 0a 02 46  OTh.PIO0}FLAG..F
  25c0: 4c 41 47 a0 1e 92 93 69 0a 0f 70 83 88 55 44 4d  LAG....i..p..UDM
  25d0: 54 69 00 44 4d 41 30 7d 46 4c 41 47 0a 01 46 4c  Ti.DMA0}FLAG..FL
  25e0: 41 47 a1 0a 70 50 49 4f 30 44 4d 41 30 a0 1e 92  AG..pPIO0DMA0...
  25f0: 93 6a 0a 0f 70 83 88 50 49 4f 54 6a 00 50 49 4f  .j..p..PIOTj.PIO
  2600: 31 7d 46 4c 41 47 0a 08 46 4c 41 47 a0 1e 92 93  1}FLAG..FLAG....
  2610: 6b 0a 0f 70 83 88 55 44 4d 54 6b 00 44 4d 41 31  k..p..UDMTk.DMA1
  2620: 7d 46 4c 41 47 0a 04 46 4c 41 47 a1 0a 70 50 49  }FLAG..FLAG..pPI
  2630: 4f 31 44 4d 41 31 a4 42 55 30 30 5b 82 41 10 43  O1DMA1.BU00[.A.C
  2640: 48 4e 30 08 5f 41 44 52 0a 00 14 1b 5f 47 54 4d  HN0._ADR...._GTM
  2650: 00 a4 47 54 4d 43 48 43 50 49 48 43 55 44 48 44  ..GTMCHCPIHCUDHD
  2660: 50 49 48 44 55 44 14 4b 04 5f 53 54 4d 03 8a 68  PIHDUD.K._STM..h
  2670: 0a 00 50 49 4f 30 8a 68 0a 04 44 4d 41 30 8a 68  ..PIO0.h..DMA0.h
  2680: 0a 08 50 49 4f 31 8a 68 0a 0c 44 4d 41 31 8a 68  ..PIO1.h..DMA1.h
  2690: 0a 10 46 4c 41 47 53 55 44 4d 46 4c 41 47 44 4d  ..FLAGSUDMFLAGDM
  26a0: 41 30 0a 00 53 55 44 4d 46 4c 41 47 44 4d 41 31  A0..SUDMFLAGDMA1
  26b0: 0a 01 5b 82 44 04 44 52 56 30 08 5f 41 44 52 0a  ..[.D.DRV0._ADR.
  26c0: 00 14 36 5f 47 54 46 00 a2 20 91 93 5c 2e 5f 53  ..6_GTF.. ..\._S
  26d0: 42 5f 50 42 53 59 0a 01 93 5c 2e 5f 53 42 5f 48  B_PBSY...\._SB_H
  26e0: 4d 4d 4d 0a 01 5b 22 0a 64 a4 43 56 44 52 48 43  MMM..[".d.CVDRHC
  26f0: 50 49 48 43 55 44 0a a0 5b 82 44 04 44 52 56 31  PIHCUD..[.D.DRV1
  2700: 08 5f 41 44 52 0a 01 14 36 5f 47 54 46 00 a2 20  ._ADR...6_GTF.. 
  2710: 91 93 5c 2e 5f 53 42 5f 50 42 53 59 0a 01 93 5c  ..\._SB_PBSY...\
  2720: 2e 5f 53 42 5f 48 4d 4d 4d 0a 01 5b 22 0a 64 a4  ._SB_HMMM..[".d.
  2730: 43 56 44 52 48 44 50 49 48 44 55 44 0a b0 5b 82  CVDRHDPIHDUD..[.
  2740: 41 12 43 48 4e 31 08 5f 41 44 52 0a 01 14 1b 5f  A.CHN1._ADR...._
  2750: 47 54 4d 00 a4 47 54 4d 43 48 45 50 49 48 45 55  GTM..GTMCHEPIHEU
  2760: 44 48 46 50 49 48 46 55 44 14 4b 04 5f 53 54 4d  DHFPIHFUD.K._STM
  2770: 03 8a 68 0a 00 50 49 4f 30 8a 68 0a 04 44 4d 41  ..h..PIO0.h..DMA
  2780: 30 8a 68 0a 08 50 49 4f 31 8a 68 0a 0c 44 4d 41  0.h..PIO1.h..DMA
  2790: 31 8a 68 0a 10 46 4c 41 47 53 55 44 4d 46 4c 41  1.h..FLAGSUDMFLA
  27a0: 47 44 4d 41 30 0a 02 53 55 44 4d 46 4c 41 47 44  GDMA0..SUDMFLAGD
  27b0: 4d 41 31 0a 03 5b 82 4c 04 44 52 56 30 08 5f 41  MA1..[.L.DRV0._A
  27c0: 44 52 0a 00 14 3e 5f 47 54 46 00 a2 24 91 93 5c  DR...>_GTF..$..\
  27d0: 2e 5f 53 42 5f 53 42 53 59 0a 01 93 5c 2e 5f 53  ._SB_SBSY...\._S
  27e0: 42 5f 52 4d 4d 4d 0a 01 5b 22 0a 64 5b 22 0a c8  B_RMMM..[".d["..
  27f0: a4 43 56 44 52 48 45 50 49 48 45 55 44 0a a0 5b  .CVDRHEPIHEUD..[
  2800: 22 0a c8 5b 82 4c 05 44 52 56 31 08 5f 41 44 52  "..[.L.DRV1._ADR
  2810: 0a 01 14 4e 04 5f 47 54 46 00 a4 43 56 44 52 48  ...N._GTF..CVDRH
  2820: 46 50 49 48 46 55 44 0a b0 a2 24 91 93 5c 2e 5f  FPIHFUD...$..\._
  2830: 53 42 5f 53 42 53 59 0a 01 93 5c 2e 5f 53 42 5f  SB_SBSY...\._SB_
  2840: 52 4d 4d 4d 0a 01 5b 22 0a 64 5b 22 0a c8 a4 43  RMMM..[".d["...C
  2850: 56 44 52 48 46 50 49 48 46 55 44 0a b0 5b 22 0a  VDRHFPIHFUD..[".
  2860: c8 5b 82 8f c3 01 50 58 34 30 08 5f 41 44 52 0c  .[....PX40._ADR.
  2870: 00 00 1f 00 5b 80 53 49 52 51 02 0a 44 0a 01 5b  ....[.SIRQ..D..[
  2880: 81 0b 53 49 52 51 01 52 53 43 49 03 5b 80 50 49  ..SIRQ.RSCI.[.PI
  2890: 52 51 02 0a 60 0a 0c 5b 81 30 50 49 52 51 01 50  RQ..`..[.0PIRQ.P
  28a0: 49 52 41 08 50 49 52 42 08 50 49 52 43 08 50 49  IRA.PIRB.PIRC.PI
  28b0: 52 44 08 00 20 50 49 52 45 08 50 49 52 46 08 50  RD.. PIRE.PIRF.P
  28c0: 49 52 47 08 50 49 52 48 08 5b 80 47 45 4e 43 02  IRG.PIRH.[.GENC.
  28d0: 0a d0 0a 04 5b 81 0d 47 45 4e 43 01 00 08 41 50  ....[..GENC...AP
  28e0: 49 43 01 5b 80 46 44 49 53 02 0a f2 0a 02 5b 81  IC.[.FDIS.....[.
  28f0: 36 46 44 49 53 01 53 49 4f 45 01 49 44 45 44 01  6FDIS.SIOE.IDED.
  2900: 00 01 53 4d 42 44 01 00 01 41 39 37 44 01 4d 39  ..SMBD...A97D.M9
  2910: 37 44 01 00 01 55 31 30 44 01 55 31 31 44 01 55  7D...U10D.U11D.U
  2920: 31 32 44 01 00 05 5b 82 4f 05 53 42 49 4f 08 5f  12D...[.O.SBIO._
  2930: 48 49 44 0c 41 d0 0c 02 08 5f 55 49 44 0a 04 14  HID.A...._UID...
  2940: 47 04 5f 43 52 53 00 08 42 55 46 31 11 35 0a 32  G._CRS..BUF1.5.2
  2950: 47 01 00 e4 00 e4 01 80 47 01 00 e8 00 e8 01 20  G.......G...... 
  2960: 47 01 00 ec 00 ec 01 40 47 01 0b 04 0b 04 01 01  G......@G.......
  2970: 47 01 80 04 80 04 01 10 47 01 d6 04 d6 04 01 01  G.......G.......
  2980: 79 00 a4 42 55 46 31 5b 82 46 04 46 4c 53 48 08  y..BUF1[.F.FLSH.
  2990: 5f 48 49 44 0c 41 d0 0c 02 08 5f 55 49 44 0a 05  _HID.A...._UID..
  29a0: 14 2e 5f 43 52 53 00 08 42 55 46 31 11 1d 0a 1a  .._CRS..BUF1....
  29b0: 86 09 00 00 00 00 a0 ff 00 00 20 00 86 09 00 00  .......... .....
  29c0: 00 00 e0 ff 00 00 20 00 79 00 a4 42 55 46 31 5b  ...... .y..BUF1[
  29d0: 82 48 09 53 59 53 31 08 5f 48 49 44 0c 41 d0 0c  .H.SYS1._HID.A..
  29e0: 02 08 5f 55 49 44 0a 01 14 40 08 5f 43 52 53 00  .._UID...@._CRS.
  29f0: 08 42 55 46 31 11 4e 06 0a 6a 47 01 10 00 10 00  .BUF1.N..jG.....
  2a00: 00 10 47 01 22 00 22 00 00 0c 47 01 30 00 30 00  ..G."."...G.0.0.
  2a10: 00 10 47 01 44 00 44 00 00 1c 47 01 63 00 63 00  ..G.D.D...G.c.c.
  2a20: 00 01 47 01 65 00 65 00 00 01 47 01 67 00 67 00  ..G.e.e...G.g.g.
  2a30: 00 09 47 01 74 00 74 00 00 0c 47 01 91 00 91 00  ..G.t.t...G.....
  2a40: 00 03 47 01 a2 00 a2 00 00 1e 47 01 e0 00 e0 00  ..G.......G.....
  2a50: 00 10 47 01 d0 04 d0 04 00 02 47 01 7c 07 7c 07  ..G.......G.|.|.
  2a60: 00 04 79 00 a4 42 55 46 31 5b 82 41 08 53 59 53  ..y..BUF1[.A.SYS
  2a70: 33 08 5f 48 49 44 0c 41 d0 0c 02 08 5f 55 49 44  3._HID.A...._UID
  2a80: 0a 02 14 4e 04 5f 53 54 41 00 7b 4e 50 53 32 0a  ...N._STA.{NPS2.
  2a90: 10 60 7b 4e 50 53 32 0a 08 61 a0 13 93 61 0a 08  .`{NPS2..a...a..
  2aa0: a0 08 93 60 0a 10 a4 0a 0f a1 04 a4 0a 00 a1 22  ...`..........."
  2ab0: 7b 46 4c 47 30 0a 04 61 a0 08 93 61 0a 04 a4 0a  {FLG0..a...a....
  2ac0: 00 a1 0f a0 08 93 60 0a 10 a4 0a 0f a1 04 a4 0a  ......`.........
  2ad0: 00 14 1a 5f 43 52 53 00 08 42 55 46 31 11 09 0a  ..._CRS..BUF1...
  2ae0: 06 23 00 10 01 79 00 a4 42 55 46 31 5b 82 2b 50  .#...y..BUF1[.+P
  2af0: 49 43 5f 08 5f 48 49 44 0b 41 d0 08 5f 43 52 53  IC_._HID.A.._CRS
  2b00: 11 18 0a 15 47 01 20 00 20 00 01 02 47 01 a0 00  ....G. . ...G...
  2b10: a0 00 01 02 22 04 00 79 00 5b 82 3d 44 4d 41 31  ...."..y.[.=DMA1
  2b20: 08 5f 48 49 44 0c 41 d0 02 00 08 5f 43 52 53 11  ._HID.A...._CRS.
  2b30: 28 0a 25 2a 10 04 47 01 00 00 00 00 01 10 47 01  (.%*..G.......G.
  2b40: 80 00 80 00 01 11 47 01 94 00 94 00 01 0c 47 01  ......G.......G.
  2b50: c0 00 c0 00 01 20 79 00 5b 82 25 54 4d 52 5f 08  ..... y.[.%TMR_.
  2b60: 5f 48 49 44 0c 41 d0 01 00 08 5f 43 52 53 11 10  _HID.A...._CRS..
  2b70: 0a 0d 47 01 40 00 40 00 01 04 22 01 00 79 00 5b  ..G.@.@..."..y.[
  2b80: 82 25 52 54 43 5f 08 5f 48 49 44 0c 41 d0 0b 00  .%RTC_._HID.A...
  2b90: 08 5f 43 52 53 11 10 0a 0d 47 01 70 00 70 00 01  ._CRS....G.p.p..
  2ba0: 04 22 00 01 79 00 5b 82 22 53 50 4b 52 08 5f 48  ."..y.[."SPKR._H
  2bb0: 49 44 0c 41 d0 08 00 08 5f 43 52 53 11 0d 0a 0a  ID.A...._CRS....
  2bc0: 47 01 61 00 61 00 01 01 79 00 5b 82 25 43 4f 50  G.a.a...y.[.%COP
  2bd0: 52 08 5f 48 49 44 0c 41 d0 0c 04 08 5f 43 52 53  R._HID.A...._CRS
  2be0: 11 10 0a 0d 47 01 f0 00 f0 00 01 10 22 00 20 79  ....G.......". y
  2bf0: 00 5b 82 4a 0c 46 44 43 30 08 5f 48 49 44 0c 41  .[.J.FDC0._HID.A
  2c00: d0 07 00 14 2d 5f 53 54 41 00 5b 23 50 53 4d 58  ....-_STA.[#PSMX
  2c10: ff ff 49 53 4d 49 0a 0a 70 49 4e 46 4f 60 5b 27  ..ISMI..pINFO`['
  2c20: 50 53 4d 58 8c 60 0a 00 46 53 54 41 a4 46 53 54  PSMX.`..FSTA.FST
  2c30: 41 14 1a 5f 44 49 53 00 5b 23 50 53 4d 58 ff ff  A.._DIS.[#PSMX..
  2c40: 49 53 4d 49 0a 0b 5b 27 50 53 4d 58 14 2d 5f 43  ISMI..['PSMX.-_C
  2c50: 52 53 00 08 42 55 46 30 11 1c 0a 19 47 01 f2 03  RS..BUF0....G...
  2c60: f2 03 00 04 47 01 f7 03 f7 03 00 01 23 40 00 01  ....G.......#@..
  2c70: 2a 04 00 79 00 a4 42 55 46 30 08 5f 50 52 53 11  *..y..BUF0._PRS.
  2c80: 1c 0a 19 47 01 f2 03 f2 03 00 04 47 01 f7 03 f7  ...G.......G....
  2c90: 03 00 01 23 40 00 01 2a 04 00 79 00 14 20 5f 53  ...#@..*..y.. _S
  2ca0: 52 53 01 5b 23 50 53 4d 58 ff ff 70 68 49 4e 46  RS.[#PSMX..phINF
  2cb0: 4f 49 53 4d 49 0a 0e 5b 27 50 53 4d 58 5b 82 44  OISMI..['PSMX[.D
  2cc0: 0f 4c 50 54 5f 08 5f 48 49 44 0c 41 d0 04 00 14  .LPT_._HID.A....
  2cd0: 2d 5f 53 54 41 00 5b 23 50 53 4d 58 ff ff 49 53  -_STA.[#PSMX..IS
  2ce0: 4d 49 0a 0f 70 49 4e 46 4f 60 5b 27 50 53 4d 58  MI..pINFO`['PSMX
  2cf0: 8c 60 0a 00 46 53 54 41 a4 46 53 54 41 14 1a 5f  .`..FSTA.FSTA.._
  2d00: 44 49 53 00 5b 23 50 53 4d 58 ff ff 49 53 4d 49  DIS.[#PSMX..ISMI
  2d10: 0a 10 5b 27 50 53 4d 58 14 43 04 5f 43 52 53 00  ..['PSMX.C._CRS.
  2d20: 08 42 55 46 30 11 11 0a 0e 47 01 78 03 78 03 00  .BUF0....G.x.x..
  2d30: 08 23 80 00 01 79 00 5b 23 50 53 4d 58 ff ff 70  .#...y.[#PSMX..p
  2d40: 42 55 46 30 49 4e 46 4f 49 53 4d 49 0a 11 70 49  BUF0INFOISMI..pI
  2d50: 4e 46 4f 60 5b 27 50 53 4d 58 a4 60 08 5f 50 52  NFO`['PSMX.`._PR
  2d60: 53 11 30 0a 2d 31 05 47 01 78 03 78 03 00 08 23  S.0.-1.G.x.x...#
  2d70: a0 00 01 31 05 47 01 78 02 78 02 00 08 23 a0 00  ...1.G.x.x...#..
  2d80: 01 31 05 47 01 bc 03 bc 03 00 04 23 a0 00 01 38  .1.G.......#...8
  2d90: 79 00 14 20 5f 53 52 53 01 5b 23 50 53 4d 58 ff  y.. _SRS.[#PSMX.
  2da0: ff 70 68 49 4e 46 4f 49 53 4d 49 0a 13 5b 27 50  .phINFOISMI..['P
  2db0: 53 4d 58 5b 82 41 12 45 43 50 5f 08 5f 48 49 44  SMX[.A.ECP_._HID
  2dc0: 0c 41 d0 04 01 14 2d 5f 53 54 41 00 5b 23 50 53  .A....-_STA.[#PS
  2dd0: 4d 58 ff ff 49 53 4d 49 0a 14 70 49 4e 46 4f 60  MX..ISMI..pINFO`
  2de0: 5b 27 50 53 4d 58 8c 60 0a 00 46 53 54 41 a4 46  ['PSMX.`..FSTA.F
  2df0: 53 54 41 14 1a 5f 44 49 53 00 5b 23 50 53 4d 58  STA.._DIS.[#PSMX
  2e00: ff ff 49 53 4d 49 0a 10 5b 27 50 53 4d 58 14 4e  ..ISMI..['PSMX.N
  2e10: 04 5f 43 52 53 00 08 42 55 46 30 11 1c 0a 19 47  ._CRS..BUF0....G
  2e20: 01 78 03 78 03 00 08 47 01 78 07 78 07 00 04 23  .x.x...G.x.x...#
  2e30: 80 00 01 2a 02 00 79 00 5b 23 50 53 4d 58 ff ff  ...*..y.[#PSMX..
  2e40: 70 42 55 46 30 49 4e 46 4f 49 53 4d 49 0a 16 70  pBUF0INFOISMI..p
  2e50: 49 4e 46 4f 60 5b 27 50 53 4d 58 a4 60 08 5f 50  INFO`['PSMX.`._P
  2e60: 52 53 11 42 05 0a 4e 31 05 47 01 78 03 78 03 00  RS.B..N1.G.x.x..
  2e70: 08 47 01 78 07 78 07 00 04 23 a0 00 01 2a 0b 00  .G.x.x...#...*..
  2e80: 31 05 47 01 78 02 78 02 00 08 47 01 78 06 78 06  1.G.x.x...G.x.x.
  2e90: 00 04 23 a0 00 01 2a 0b 00 31 05 47 01 bc 03 bc  ..#...*..1.G....
  2ea0: 03 00 04 47 01 bc 07 bc 07 00 04 23 a0 00 01 2a  ...G.......#...*
  2eb0: 0b 00 38 79 00 14 20 5f 53 52 53 01 5b 23 50 53  ..8y.. _SRS.[#PS
  2ec0: 4d 58 ff ff 70 68 49 4e 46 4f 49 53 4d 49 0a 18  MX..phINFOISMI..
  2ed0: 5b 27 50 53 4d 58 5b 82 48 11 55 41 52 31 08 5f  ['PSMX[.H.UAR1._
  2ee0: 48 49 44 0c 41 d0 05 01 08 5f 55 49 44 0a 01 14  HID.A...._UID...
  2ef0: 2d 5f 53 54 41 00 5b 23 50 53 4d 58 ff ff 49 53  -_STA.[#PSMX..IS
  2f00: 4d 49 0a 19 70 49 4e 46 4f 60 5b 27 50 53 4d 58  MI..pINFO`['PSMX
  2f10: 8c 60 0a 00 46 53 54 41 a4 46 53 54 41 14 1a 5f  .`..FSTA.FSTA.._
  2f20: 44 49 53 00 5b 23 50 53 4d 58 ff ff 49 53 4d 49  DIS.[#PSMX..ISMI
  2f30: 0a 1a 5b 27 50 53 4d 58 14 43 04 5f 43 52 53 00  ..['PSMX.C._CRS.
  2f40: 08 42 55 46 30 11 11 0a 0e 47 01 f8 03 f8 03 00  .BUF0....G......
  2f50: 08 23 10 00 01 79 00 5b 23 50 53 4d 58 ff ff 70  .#...y.[#PSMX..p
  2f60: 42 55 46 30 49 4e 46 4f 49 53 4d 49 0a 1b 70 49  BUF0INFOISMI..pI
  2f70: 4e 46 4f 60 5b 27 50 53 4d 58 a4 60 08 5f 50 52  NFO`['PSMX.`._PR
  2f80: 53 11 3e 0a 3b 31 05 47 01 f8 03 f8 03 00 08 23  S.>.;1.G.......#
  2f90: 10 00 01 31 05 47 01 f8 02 f8 02 00 08 23 08 00  ...1.G.......#..
  2fa0: 01 31 05 47 01 e8 03 e8 03 00 08 23 10 00 01 31  .1.G.......#...1
  2fb0: 05 47 01 e8 02 e8 02 00 08 23 00 04 01 38 79 00  .G.......#...8y.
  2fc0: 14 20 5f 53 52 53 01 5b 23 50 53 4d 58 ff ff 70  . _SRS.[#PSMX..p
  2fd0: 68 49 4e 46 4f 49 53 4d 49 0a 1d 5b 27 50 53 4d  hINFOISMI..['PSM
  2fe0: 58 14 0e 5f 50 52 57 00 a4 12 06 02 0a 08 0a 03  X.._PRW.........
  2ff0: 5b 82 49 10 55 41 52 32 08 5f 48 49 44 0c 41 d0  [.I.UAR2._HID.A.
  3000: 05 01 08 5f 55 49 44 0a 02 14 2d 5f 53 54 41 00  ..._UID...-_STA.
  3010: 5b 23 50 53 4d 58 ff ff 49 53 4d 49 0a 1e 70 49  [#PSMX..ISMI..pI
  3020: 4e 46 4f 60 5b 27 50 53 4d 58 8c 60 0a 00 46 53  NFO`['PSMX.`..FS
  3030: 54 41 a4 46 53 54 41 14 1a 5f 44 49 53 00 5b 23  TA.FSTA.._DIS.[#
  3040: 50 53 4d 58 ff ff 49 53 4d 49 0a 1f 5b 27 50 53  PSMX..ISMI..['PS
  3050: 4d 58 14 43 04 5f 43 52 53 00 08 42 55 46 30 11  MX.C._CRS..BUF0.
  3060: 11 0a 0e 47 01 f8 02 f8 02 00 08 23 08 00 01 79  ...G.......#...y
  3070: 00 5b 23 50 53 4d 58 ff ff 70 42 55 46 30 49 4e  .[#PSMX..pBUF0IN
  3080: 46 4f 49 53 4d 49 0a 20 70 49 4e 46 4f 60 5b 27  FOISMI. pINFO`['
  3090: 50 53 4d 58 a4 60 08 5f 50 52 53 11 3e 0a 3b 31  PSMX.`._PRS.>.;1
  30a0: 05 47 01 f8 02 f8 02 00 08 23 08 00 01 31 05 47  .G.......#...1.G
  30b0: 01 f8 03 f8 03 00 08 23 10 00 01 31 05 47 01 e8  .......#...1.G..
  30c0: 03 e8 03 00 08 23 10 00 01 31 05 47 01 e8 02 e8  .....#...1.G....
  30d0: 02 00 08 23 00 04 01 38 79 00 14 20 5f 53 52 53  ...#...8y.. _SRS
  30e0: 01 5b 23 50 53 4d 58 ff ff 70 68 49 4e 46 4f 49  .[#PSMX..phINFOI
  30f0: 53 4d 49 0a 22 5b 27 50 53 4d 58 5b 82 42 10 49  SMI."['PSMX[.B.I
  3100: 52 44 41 08 5f 48 49 44 0c 41 d0 05 10 14 2d 5f  RDA._HID.A....-_
  3110: 53 54 41 00 5b 23 50 53 4d 58 ff ff 49 53 4d 49  STA.[#PSMX..ISMI
  3120: 0a 23 70 49 4e 46 4f 60 5b 27 50 53 4d 58 8c 60  .#pINFO`['PSMX.`
  3130: 0a 00 46 53 54 41 a4 46 53 54 41 14 1a 5f 44 49  ..FSTA.FSTA.._DI
  3140: 53 00 5b 23 50 53 4d 58 ff ff 49 53 4d 49 0a 24  S.[#PSMX..ISMI.$
  3150: 5b 27 50 53 4d 58 14 43 04 5f 43 52 53 00 08 42  ['PSMX.C._CRS..B
  3160: 55 46 30 11 11 0a 0e 47 01 f8 02 f8 02 00 08 23  UF0....G.......#
  3170: 08 00 01 79 00 5b 23 50 53 4d 58 ff ff 70 42 55  ...y.[#PSMX..pBU
  3180: 46 30 49 4e 46 4f 49 53 4d 49 0a 25 70 49 4e 46  F0INFOISMI.%pINF
  3190: 4f 60 5b 27 50 53 4d 58 a4 60 08 5f 50 52 53 11  O`['PSMX.`._PRS.
  31a0: 3e 0a 3b 31 05 47 01 f8 02 f8 02 00 08 23 08 00  >.;1.G.......#..
  31b0: 01 31 05 47 01 f8 03 f8 03 00 08 23 10 00 01 31  .1.G.......#...1
  31c0: 05 47 01 e8 03 e8 03 00 08 23 10 00 01 31 05 47  .G.......#...1.G
  31d0: 01 e8 02 e8 02 00 08 23 00 04 01 38 79 00 14 20  .......#...8y.. 
  31e0: 5f 53 52 53 01 5b 23 50 53 4d 58 ff ff 70 68 49  _SRS.[#PSMX..phI
  31f0: 4e 46 4f 49 53 4d 49 0a 27 5b 27 50 53 4d 58 5b  NFOISMI.'['PSMX[
  3200: 82 42 11 46 49 52 44 08 5f 48 49 44 0c 3a 63 60  .B.FIRD._HID.:c`
  3210: 01 14 2d 5f 53 54 41 00 5b 23 50 53 4d 58 ff ff  ..-_STA.[#PSMX..
  3220: 49 53 4d 49 0a 46 70 49 4e 46 4f 60 5b 27 50 53  ISMI.FpINFO`['PS
  3230: 4d 58 8c 60 0a 00 46 53 54 41 a4 46 53 54 41 14  MX.`..FSTA.FSTA.
  3240: 1a 5f 44 49 53 00 5b 23 50 53 4d 58 ff ff 49 53  ._DIS.[#PSMX..IS
  3250: 4d 49 0a 47 5b 27 50 53 4d 58 14 46 04 5f 43 52  MI.G['PSMX.F._CR
  3260: 53 00 08 42 55 46 30 11 14 0a 11 47 01 f8 02 f8  S..BUF0....G....
  3270: 02 00 08 23 08 00 01 2a 02 00 79 00 5b 23 50 53  ...#...*..y.[#PS
  3280: 4d 58 ff ff 70 42 55 46 30 49 4e 46 4f 49 53 4d  MX..pBUF0INFOISM
  3290: 49 0a 48 70 49 4e 46 4f 60 5b 27 50 53 4d 58 a4  I.HpINFO`['PSMX.
  32a0: 60 08 5f 50 52 53 11 4b 04 0a 47 31 05 47 01 f8  `._PRS.K..G1.G..
  32b0: 02 f8 02 00 08 23 08 00 01 2a 0a 00 31 05 47 01  .....#...*..1.G.
  32c0: f8 03 f8 03 00 08 23 10 00 01 2a 0a 00 31 05 47  ......#...*..1.G
  32d0: 01 e8 03 e8 03 00 08 23 10 00 01 2a 0a 00 31 05  .......#...*..1.
  32e0: 47 01 e8 02 e8 02 00 08 23 00 04 01 2a 0a 00 38  G.......#...*..8
  32f0: 79 00 14 20 5f 53 52 53 01 5b 23 50 53 4d 58 ff  y.. _SRS.[#PSMX.
  3300: ff 70 68 49 4e 46 4f 49 53 4d 49 0a 4a 5b 27 50  .phINFOISMI.J['P
  3310: 53 4d 58 5b 82 3a 50 53 32 4b 08 5f 48 49 44 0c  SMX[.:PS2K._HID.
  3320: 41 d0 03 03 14 2a 5f 43 52 53 00 08 42 55 46 30  A....*_CRS..BUF0
  3330: 11 19 0a 16 47 01 60 00 60 00 00 01 47 01 64 00  ....G.`.`...G.d.
  3340: 64 00 00 01 23 02 00 01 79 00 a4 42 55 46 30 5b  d...#...y..BUF0[
  3350: 82 3b 50 53 32 4d 08 5f 48 49 44 0c 41 d0 0f 13  .;PS2M._HID.A...
  3360: 14 1c 5f 53 54 41 00 7b 46 4c 47 30 0a 04 61 a0  .._STA.{FLG0..a.
  3370: 08 93 61 0a 04 a4 0a 0f a1 04 a4 0a 00 08 5f 43  ..a..........._C
  3380: 52 53 11 09 0a 06 23 00 10 01 79 00 5b 82 3d 53  RS....#...y.[.=S
  3390: 59 53 32 08 5f 48 49 44 0c 41 d0 0c 02 08 5f 55  YS2._HID.A...._U
  33a0: 49 44 0a 03 14 26 5f 43 52 53 00 08 42 55 46 31  ID...&_CRS..BUF1
  33b0: 11 15 0a 12 47 01 2e 00 2e 00 00 02 47 01 10 06  ....G.......G...
  33c0: 10 06 00 20 79 00 a4 42 55 46 31 5b 80 53 4d 42  ... y..BUF1[.SMB
  33d0: 30 01 0b 00 e8 0a 10 5b 81 4d 04 53 4d 42 30 01  0......[.M.SMB0.
  33e0: 48 53 54 53 08 53 53 54 53 08 48 53 54 43 08 48  HSTS.SSTS.HSTC.H
  33f0: 43 4d 44 08 48 41 44 52 08 48 44 54 30 08 48 44  CMD.HADR.HDT0.HD
  3400: 54 31 08 42 4c 4b 44 08 53 4c 43 54 08 53 48 43  T1.BLKD.SLCT.SHC
  3410: 4d 08 53 4c 45 56 10 53 4c 44 54 10 53 43 46 47  M.SLEV.SLDT.SCFG
  3420: 08 53 41 44 52 08 08 52 42 55 46 12 02 20 14 20  .SADR..RBUF.. . 
  3430: 48 42 53 59 00 70 0b 00 02 60 a2 12 60 7b 48 53  HBSY.p...`..`{HS
  3440: 54 53 0a 01 61 a0 05 92 61 a4 00 76 60 a4 01 14  TS..a...a..v`...
  3450: 27 57 54 53 42 00 70 0b 00 02 60 a2 19 60 76 60  'WTSB.p...`..`v`
  3460: 7b 48 53 54 53 0a 1e 61 a0 07 93 61 0a 02 a4 01  {HSTS..a...a....
  3470: a0 04 61 a4 00 a4 00 5b 01 5c 50 34 53 4d 00 14  ..a....[.\P4SM..
  3480: 4f 05 53 42 59 54 0a a0 10 92 93 5b 23 5c 50 34  O.SBYT.....[#\P4
  3490: 53 4d ff 1f 0a 00 a4 ff 70 0a 05 60 a2 39 60 a0  SM......p..`.9`.
  34a0: 07 48 42 53 59 76 60 a1 2e 70 68 48 41 44 52 70  .HBSYv`..phHADRp
  34b0: 69 48 43 4d 44 70 0a ff 48 53 54 53 70 0a 44 48  iHCMDp..HSTSp.DH
  34c0: 53 54 43 a0 0e 57 54 53 42 5b 27 5c 50 34 53 4d  STC..WTSB['\P4SM
  34d0: a4 01 a1 03 76 60 5b 27 5c 50 34 53 4d a4 ff 14  ....v`['\P4SM...
  34e0: 45 06 57 42 59 54 0b a0 10 92 93 5b 23 5c 50 34  E.WBYT.....[#\P4
  34f0: 53 4d ff 1f 0a 00 a4 ff 70 0a 05 60 a2 3f 60 a0  SM......p..`.?`.
  3500: 07 48 42 53 59 76 60 a1 34 70 68 48 41 44 52 70  .HBSYv`.4phHADRp
  3510: 69 48 43 4d 44 70 6a 48 44 54 30 70 0a ff 48 53  iHCMDpjHDT0p..HS
  3520: 54 53 70 0a 48 48 53 54 43 a0 0e 57 54 53 42 5b  TSp.HHSTC..WTSB[
  3530: 27 5c 50 34 53 4d a4 01 a1 03 76 60 5b 27 5c 50  '\P4SM....v`['\P
  3540: 34 53 4d a4 ff 14 4c 07 57 57 52 44 0c a0 10 92  4SM...L.WWRD....
  3550: 93 5b 23 5c 50 34 53 4d ff 1f 0a 00 a4 ff 70 0a  .[#\P4SM......p.
  3560: 05 60 a2 46 05 60 a0 07 48 42 53 59 76 60 a1 4a  .`.F.`..HBSYv`.J
  3570: 04 70 68 48 41 44 52 70 69 48 43 4d 44 7b 6a 0a  .phHADRpiHCMD{j.
  3580: ff 61 7a 6a 0a 08 62 7b 62 0a ff 62 70 62 48 44  .azj..b{b..bpbHD
  3590: 54 30 70 61 48 44 54 31 70 0a ff 48 53 54 53 70  T0paHDT1p..HSTSp
  35a0: 0a 4c 48 53 54 43 a0 0e 57 54 53 42 5b 27 5c 50  .LHSTC..WTSB['\P
  35b0: 34 53 4d a4 01 a1 03 76 60 5b 27 5c 50 34 53 4d  4SM....v`['\P4SM
  35c0: a4 ff 14 47 0b 57 42 4c 4b 0c a0 10 92 93 5b 23  ...G.WBLK.....[#
  35d0: 5c 50 34 53 4d ff 1f 0a 00 a4 ff 70 0a 05 60 a2  \P4SM......p..`.
  35e0: 41 09 60 a0 07 48 42 53 59 76 60 a1 45 08 70 68  A.`..HBSYv`.E.ph
  35f0: 48 41 44 52 70 69 48 43 4d 44 70 6a 48 44 54 30  HADRpiHCMDpjHDT0
  3600: 70 0a ff 48 53 54 53 70 6a 62 70 0a 00 61 a2 42  p..HSTSpjbp..a.B
  3610: 06 62 70 83 88 6b 61 00 42 4c 4b 44 70 0a 80 48  .bp..ka.BLKDp..H
  3620: 53 54 53 a0 0c 93 61 0a 00 70 0a 54 48 53 54 43  STS...a..p.THSTC
  3630: 70 0b ff ff 63 a2 16 63 70 48 53 54 53 64 a0 09  p...c..cpHSTSd..
  3640: 7b 64 0a 80 65 70 00 63 a1 03 76 63 a0 16 65 76  {d..ep.c..vc..ev
  3650: 62 75 61 a0 0f 7b 64 0a 02 65 5b 27 5c 50 34 53  bua..{d..e['\P4S
  3660: 4d a4 01 a1 0d 76 60 70 00 62 70 0a 02 48 53 54  M....v`p.bp..HST
  3670: 43 5b 27 5c 50 34 53 4d a4 ff 14 44 06 52 53 42  C['\P4SM...D.RSB
  3680: 54 0a a0 10 92 93 5b 23 5c 50 34 53 4d ff 1f 0a  T.....[#\P4SM...
  3690: 00 a4 ff 70 0a 05 60 a2 3e 60 a0 07 48 42 53 59  ...p..`.>`..HBSY
  36a0: 76 60 a1 33 7d 68 0a 01 48 41 44 52 70 69 48 43  v`.3}h..HADRpiHC
  36b0: 4d 44 70 0a ff 48 53 54 53 70 0a 44 48 53 54 43  MDp..HSTSp.DHSTC
  36c0: a0 11 57 54 53 42 5b 27 5c 50 34 53 4d a4 48 44  ..WTSB['\P4SM.HD
  36d0: 54 30 a1 03 76 60 5b 27 5c 50 34 53 4d a4 ff 14  T0..v`['\P4SM...
  36e0: 44 06 52 42 59 54 0a a0 10 92 93 5b 23 5c 50 34  D.RBYT.....[#\P4
  36f0: 53 4d ff 1f 0a 00 a4 ff 70 0a 05 60 a2 3e 60 a0  SM......p..`.>`.
  3700: 07 48 42 53 59 76 60 a1 33 7d 68 0a 01 48 41 44  .HBSYv`.3}h..HAD
  3710: 52 70 69 48 43 4d 44 70 0a ff 48 53 54 53 70 0a  RpiHCMDp..HSTSp.
  3720: 48 48 53 54 43 a0 11 57 54 53 42 5b 27 5c 50 34  HHSTC..WTSB['\P4
  3730: 53 4d a4 48 44 54 30 a1 03 76 60 5b 27 5c 50 34  SM.HDT0..v`['\P4
  3740: 53 4d a4 ff 14 48 07 52 57 52 44 0a a0 10 92 93  SM...H.RWRD.....
  3750: 5b 23 5c 50 34 53 4d ff 1f 0a 00 a4 ff 70 0a 05  [#\P4SM......p..
  3760: 60 a2 42 05 60 a0 07 48 42 53 59 76 60 a1 46 04  `.B.`..HBSYv`.F.
  3770: 7d 68 0a 01 48 41 44 52 70 69 48 43 4d 44 70 0a  }h..HADRpiHCMDp.
  3780: ff 48 53 54 53 70 0a 4c 48 53 54 43 a0 23 57 54  .HSTSp.LHSTC.#WT
  3790: 53 42 70 48 44 54 30 61 79 61 0a 08 61 70 48 44  SBpHDT0aya..apHD
  37a0: 54 31 62 72 61 62 61 5b 27 5c 50 34 53 4d a4 61  T1braba['\P4SM.a
  37b0: a1 03 76 60 5b 27 5c 50 34 53 4d a4 ff 14 49 0b  ..v`['\P4SM...I.
  37c0: 52 42 4c 4b 0b a0 10 92 93 5b 23 5c 50 34 53 4d  RBLK.....[#\P4SM
  37d0: ff 1f 0a 00 a4 ff 70 0a 05 60 a2 43 09 60 a0 07  ......p..`.C.`..
  37e0: 48 42 53 59 76 60 a1 47 08 7d 68 0a 01 48 41 44  HBSYv`.G.}h..HAD
  37f0: 52 70 69 48 43 4d 44 70 0a ff 48 53 54 53 70 0a  RpiHCMDp..HSTSp.
  3800: 54 48 53 54 43 70 00 52 42 55 46 70 00 61 70 0b  THSTCp.RBUFp.ap.
  3810: 00 02 62 a2 4a 05 62 70 0b ff ff 63 a2 16 63 70  ..b.J.bp...c..cp
  3820: 48 53 54 53 64 a0 09 7b 64 0a 80 65 70 00 63 a1  HSTSd..{d..ep.c.
  3830: 03 76 63 a0 2c 65 70 42 4c 4b 44 88 52 42 55 46  .vc.,epBLKD.RBUF
  3840: 61 00 70 0a 80 48 53 54 53 76 62 75 61 a0 12 7b  a.p..HSTSvbua..{
  3850: 64 0a 02 65 5b 27 5c 50 34 53 4d a4 48 44 54 30  d..e['\P4SM.HDT0
  3860: a1 0d 76 60 70 00 62 70 0a 02 48 53 54 43 5b 27  ..v`p.bp..HSTC['
  3870: 5c 50 34 53 4d a4 ff 08 54 47 41 50 0a 02 08 4d  \P4SM...TGAP...M
  3880: 41 58 54 0a 00 08 4d 49 4e 54 0a 7f 14 44 07 52  AXT...MINT...D.R
  3890: 54 4d 50 00 70 00 4d 41 58 54 70 0a 7f 4d 49 4e  TMP.p.MAXTp..MIN
  38a0: 54 70 00 60 70 0a 03 61 a2 30 61 70 52 42 59 54  Tp.`p..a.0apRBYT
  38b0: 0a 98 0a 01 62 a0 0d 94 62 4d 41 58 54 70 62 4d  ....b...bMAXTpbM
  38c0: 41 58 54 a1 0f a0 0d 95 62 4d 49 4e 54 70 62 4d  AXT.....bMINTpbM
  38d0: 49 4e 54 72 60 62 60 76 61 74 4d 41 58 54 4d 49  INTr`b`vatMAXTMI
  38e0: 4e 54 61 a0 13 94 61 0a 03 74 60 4d 41 58 54 60  NTa...a..t`MAXT`
  38f0: 74 60 4d 49 4e 54 60 a1 07 78 60 0a 03 61 60 a4  t`MINT`..x`..a`.
  3900: 60 14 49 1f 53 4c 4d 54 00 70 52 54 4d 50 60 70  `.I.SLMT.pRTMP`p
  3910: 0a 04 61 a0 17 94 60 5c 54 43 52 54 70 0a 7f 63  ..a...`\TCRTp..c
  3920: 74 5c 54 43 52 54 54 47 41 50 64 a1 44 0c a0 1d  t\TCRTTGAPd.D...
  3930: 94 60 5c 54 50 43 54 72 5c 54 43 52 54 54 47 41  .`\TPCTr\TCRTTGA
  3940: 50 63 74 54 50 43 54 54 47 41 50 64 a1 43 0a a0  PctTPCTTGAPd.C..
  3950: 1d 94 60 5c 54 48 52 54 72 5c 54 50 43 54 54 47  ..`\THRTr\TPCTTG
  3960: 41 50 63 74 54 48 52 54 54 47 41 50 64 a1 42 08  APctTHRTTGAPd.B.
  3970: a0 21 94 60 5c 54 46 4e 33 72 5c 54 48 52 54 54  .!.`\TFN3r\THRTT
  3980: 47 41 50 63 74 54 46 4e 33 54 47 41 50 64 70 0a  GAPctTFN3TGAPdp.
  3990: 03 61 a1 4d 05 a0 21 94 60 5c 54 46 4e 32 72 5c  .a.M..!.`\TFN2r\
  39a0: 54 46 4e 33 54 47 41 50 63 74 54 46 4e 32 54 47  TFN3TGAPctTFN2TG
  39b0: 41 50 64 70 0a 02 61 a1 38 a0 21 94 60 5c 54 46  APdp..a.8.!.`\TF
  39c0: 4e 31 72 5c 54 46 4e 32 54 47 41 50 63 74 54 46  N1r\TFN2TGAPctTF
  39d0: 4e 31 54 47 41 50 64 70 0a 01 61 a1 14 72 5c 54  N1TGAPdp..a..r\T
  39e0: 46 4e 31 54 47 41 50 63 70 0a c9 64 70 0a 00 61  FN1TGAPcp..dp..a
  39f0: 57 42 59 54 0a 98 0a 0d 63 57 42 59 54 0a 98 0a  WBYT....cWBYT...
  3a00: 0e 64 52 42 59 54 0a 98 0a 02 a0 1d 5c 2e 5f 54  .dRBYT......\._T
  3a10: 5a 5f 50 4c 43 59 a0 0b 95 60 5c 54 48 52 54 70  Z_PLCY...`\THRTp
  3a20: 00 61 a1 05 70 0a 03 61 70 01 5c 2e 5f 54 5a 5f  .a..p..ap.\._TZ_
  3a30: 46 41 4e 53 a0 12 92 95 61 0a 04 70 46 31 4c 34  FANS....a..pF1L4
  3a40: 65 70 46 32 4c 34 66 a1 47 05 a0 11 93 61 0a 03  epF2L4f.G....a..
  3a50: 70 46 31 4c 33 65 70 46 32 4c 33 66 a1 42 04 a0  pF1L3epF2L3f.B..
  3a60: 11 93 61 0a 02 70 46 31 4c 32 65 70 46 32 4c 32  ..a..pF1L2epF2L2
  3a70: 66 a1 2d a0 11 93 61 0a 01 70 46 31 4c 31 65 70  f.-...a..pF1L1ep
  3a80: 46 32 4c 31 66 a1 19 70 46 31 4c 30 65 70 46 32  F2L1f..pF1L0epF2
  3a90: 4c 30 66 70 00 5c 2e 5f 54 5a 5f 46 41 4e 53 a0  L0fp.\._TZ_FANS.
  3aa0: 27 92 93 5c 49 41 4d 46 01 a0 1d 93 5c 51 4d 46  '..\IAMF....\QMF
  3ab0: 4e 01 a0 14 95 60 5c 54 50 43 54 70 46 31 4c 32  N....`\TPCTpF1L2
  3ac0: 65 70 46 32 4c 32 66 5c 2f 05 5f 53 42 5f 50 43  epF2L2f\/._SB_PC
  3ad0: 49 30 50 58 34 30 45 43 44 30 43 43 34 57 65 0a  I0PX40ECD0CC4We.
  3ae0: 84 5c 2f 05 5f 53 42 5f 50 43 49 30 50 58 34 30  .\/._SB_PCI0PX40
  3af0: 45 43 44 30 43 43 34 57 66 0a 85 14 32 45 4c 4d  ECD0CC4Wf...2ELM
  3b00: 54 00 57 42 59 54 0a 98 0a 0d 0a 7f 57 42 59 54  T.WBYT......WBYT
  3b10: 0a 98 0a 0e 0a c9 52 42 59 54 0a 98 0a 02 52 42  ......RBYT....RB
  3b20: 59 54 0a 98 0a 02 52 42 59 54 0a 98 0a 02 5b 82  YT....RBYT....[.
  3b30: 42 97 45 43 44 30 08 5f 48 49 44 0c 41 d0 0c 09  B.ECD0._HID.A...
  3b40: 08 5f 55 49 44 0a 01 08 5f 43 52 53 11 15 0a 12  ._UID..._CRS....
  3b50: 47 01 62 00 62 00 00 01 47 01 66 00 66 00 00 01  G.b.b...G.f.f...
  3b60: 79 00 08 5f 47 4c 4b 0a 01 08 45 43 4f 52 00 5b  y.._GLK...ECOR.[
  3b70: 02 45 53 4d 42 5b 01 4d 54 58 45 00 14 0c 5f 49  .ESMB[.MTXE..._I
  3b80: 4e 49 00 5b 26 45 53 4d 42 14 12 5f 52 45 47 02  NI.[&ESMB.._REG.
  3b90: a0 0b 93 68 0a 03 70 69 45 43 4f 52 08 5f 47 50  ...h..piECOR._GP
  3ba0: 45 0a 1c 5b 80 43 4d 43 52 03 0a 04 0a 04 5b 81  E..[.CMCR.....[.
  3bb0: 1a 43 4d 43 52 01 43 43 4d 44 08 43 44 54 31 08  .CMCR.CCMD.CDT1.
  3bc0: 43 44 54 32 08 43 44 54 33 08 14 48 06 43 43 34  CDT2.CDT3..H.CC4
  3bd0: 57 02 a0 09 93 45 43 4f 52 00 a4 ff 70 0a 05 60  W....ECOR...p..`
  3be0: a2 40 05 60 a0 4a 04 93 5b 23 4d 54 58 45 ff 0f  .@.`.J..[#MTXE..
  3bf0: 0a 00 70 68 43 44 54 31 70 69 43 44 54 32 70 0a  ..phCDT1piCDT2p.
  3c00: c4 43 43 4d 44 70 0a 3f 61 a2 0d 90 43 43 4d 44  .CCMDp.?a...CCMD
  3c10: 61 76 61 5b 22 0a 01 a0 0a 93 43 43 4d 44 00 70  ava[".....CCMD.p
  3c20: 00 62 a1 04 70 ff 62 5b 27 4d 54 58 45 a4 62 76  .b..p.b['MTXE.bv
  3c30: 60 a4 ff 14 4b 06 43 43 35 52 01 a0 09 93 45 43  `...K.CC5R....EC
  3c40: 4f 52 00 a4 00 70 0a 05 60 a2 43 05 60 a0 4d 04  OR...p..`.C.`.M.
  3c50: 93 5b 23 4d 54 58 45 ff 0f 0a 00 7b 68 0a 1f 61  .[#MTXE....{h..a
  3c60: 70 61 43 44 54 31 70 0a c5 43 43 4d 44 70 0b ff  paCDT1p..CCMDp..
  3c70: ff 61 a2 0d 90 43 43 4d 44 61 76 61 5b 21 0a 01  .a...CCMDava[!..
  3c80: a0 0d 93 43 43 4d 44 00 70 43 44 54 31 62 a1 04  ...CCMD.pCDT1b..
  3c90: 70 ff 62 5b 27 4d 54 58 45 a4 62 76 60 a4 ff 14  p.b['MTXE.bv`...
  3ca0: 4a 05 43 43 35 53 01 a0 09 93 45 43 4f 52 00 a4  J.CC5S....ECOR..
  3cb0: ff 70 0a 05 60 a2 42 04 60 a0 3c 93 5b 23 4d 54  .p..`.B.`.<.[#MT
  3cc0: 58 45 ff 0f 0a 00 70 68 43 44 54 31 70 0a c5 43  XE....phCDT1p..C
  3cd0: 43 4d 44 70 0b ff ff 61 a2 0d 90 43 43 4d 44 61  CMDp...a...CCMDa
  3ce0: 76 61 5b 21 0a 01 5b 27 4d 54 58 45 a0 09 93 43  va[!..['MTXE...C
  3cf0: 43 4d 44 00 a4 00 76 60 a4 ff 14 4a 06 53 57 49  CMD...v`...J.SWI
  3d00: 52 00 a0 09 93 45 43 4f 52 00 a4 ff 70 0a 05 60  R....ECOR...p..`
  3d10: a2 42 05 60 a0 4c 04 93 5b 23 4d 54 58 45 ff 0f  .B.`.L..[#MTXE..
  3d20: 0a 00 70 0a 00 43 44 54 31 70 0a c9 43 43 4d 44  ..p..CDT1p..CCMD
  3d30: 70 0c ff ff 01 00 61 a2 0d 90 43 43 4d 44 61 76  p.....a...CCMDav
  3d40: 61 5b 21 0a 01 a0 0e 93 43 43 4d 44 0a 00 70 43  a[!.....CCMD..pC
  3d50: 44 54 31 61 a1 04 70 ff 61 5b 27 4d 54 58 45 a4  DT1a..p.a['MTXE.
  3d60: 61 76 60 a4 ff 14 4f 06 52 41 4d 52 02 a0 09 93  av`...O.RAMR....
  3d70: 45 43 4f 52 00 a4 ff 70 0a 05 60 a2 47 05 60 a0  ECOR...p..`.G.`.
  3d80: 41 05 93 5b 23 4d 54 58 45 ff 0f 0a 00 70 68 43  A..[#MTXE....phC
  3d90: 44 54 33 70 69 43 44 54 32 70 0a ba 43 43 4d 44  DT3piCDT2p..CCMD
  3da0: 70 0c ff ff 01 00 61 a2 0d 90 43 43 4d 44 61 76  p.....a...CCMDav
  3db0: 61 5b 21 0a 01 a0 0e 93 43 43 4d 44 0a 00 70 43  a[!.....CCMD..pC
  3dc0: 44 54 31 61 a1 04 70 ff 61 5b 27 4d 54 58 45 a4  DT1a..p.a['MTXE.
  3dd0: 61 76 60 a4 ff 14 42 07 52 41 4d 57 03 a0 09 93  av`...B.RAMW....
  3de0: 45 43 4f 52 00 a4 ff 70 0a 05 60 a2 4a 05 60 a0  ECOR...p..`.J.`.
  3df0: 44 05 93 5b 23 4d 54 58 45 ff 0f 0a 00 70 68 43  D..[#MTXE....phC
  3e00: 44 54 33 70 69 43 44 54 32 70 6a 43 44 54 31 70  DT3piCDT2pjCDT1p
  3e10: 0a bb 43 43 4d 44 70 0c ff ff 01 00 61 a2 0d 90  ..CCMDp.....a...
  3e20: 43 43 4d 44 61 76 61 5b 21 0a 01 a0 0b 93 43 43  CCMDava[!.....CC
  3e30: 4d 44 0a 00 70 00 61 a1 04 70 ff 61 5b 27 4d 54  MD..p.a..p.a['MT
  3e40: 58 45 a4 61 76 60 a4 ff 08 50 49 4f 54 12 0e 05  XE.av`...PIOT...
  3e50: 0b 58 02 0b 7c 01 0a f0 0a b4 0a 78 08 42 54 4e  .X..|......x.BTN
  3e60: 41 12 22 10 0a 03 0a 05 0a 0a 0a 0f 0a 14 0a 19  A.".............
  3e70: 0a 1e 0a 23 0a 28 0a 2d 0a 32 0a 37 0a 3c 0a 41  ...#.(.-.2.7.<.A
  3e80: 0a 46 0a 49 08 42 54 4e 42 12 22 10 0a 03 0a 04  .F.I.BTNB.".....
  3e90: 0a 08 0a 0c 0a 10 0a 14 0a 18 0a 1c 0a 20 0a 24  ............. .$
  3ea0: 0a 28 0a 2c 0a 30 0a 34 0a 38 0a 3c 08 42 54 4e  .(.,.0.4.8.<.BTN
  3eb0: 43 12 22 10 0a f0 0a e0 0a d0 0a c0 0a b0 0a a0  C.".............
  3ec0: 0a 90 0a 80 0a 70 0a 60 0a 50 0a 40 0a 30 0a 20  .....p.`.P.@.0. 
  3ed0: 0a 10 0a 00 08 42 54 4e 44 12 22 10 0a f0 0a ef  .....BTND.".....
  3ee0: 0a ef 0a ef 0a df 0a cf 0a bf 0a af 0a 9f 0a 8f  ................
  3ef0: 0a 7f 0a 6f 0a 5f 0a 4f 0a 3f 0a 2f 14 4c 0c 53  ...o._.O.?./.L.S
  3f00: 42 54 4e 01 a0 10 5c 41 43 49 4e 70 83 88 42 54  BTN...\ACINp..BT
  3f10: 4e 41 68 00 62 a1 1e a0 10 5c 4c 43 44 50 70 83  NAh.b....\LCDPp.
  3f20: 88 42 54 4e 42 68 00 62 a1 0b 70 83 88 42 54 4e  .BTNBh.b..p..BTN
  3f30: 41 68 00 62 a0 10 5c 41 43 49 4e 70 83 88 42 54  Ah.b..\ACINp..BT
  3f40: 4e 43 68 00 63 a1 1e a0 10 5c 4c 43 44 50 70 83  NCh.c....\LCDPp.
  3f50: 88 42 54 4e 44 68 00 63 a1 0b 70 83 88 42 54 4e  .BTNDh.c..p..BTN
  3f60: 43 68 00 63 57 42 59 54 0a 50 0a aa 63 70 0a 05  Ch.cWBYT.P..cp..
  3f70: 60 a2 45 05 60 a0 4f 04 93 5b 23 4d 54 58 45 ff  `.E.`.O..[#MTXE.
  3f80: 0f 0a 00 70 0a d0 43 44 54 32 70 62 43 44 54 31  ...p..CDT2pbCDT1
  3f90: 70 0a da 43 43 4d 44 70 0c ff ff 01 00 61 a2 0d  p..CCMDp.....a..
  3fa0: 90 43 43 4d 44 61 76 61 5b 21 0a 01 a0 0b 93 43  .CCMDava[!.....C
  3fb0: 43 4d 44 0a 00 70 00 61 a1 04 70 ff 61 5b 27 4d  CMD..p.a..p.a['M
  3fc0: 54 58 45 a4 61 76 60 a4 ff 14 45 07 52 42 41 54  TXE.av`...E.RBAT
  3fd0: 02 a0 09 93 45 43 4f 52 00 a4 ff 70 0a 05 60 a2  ....ECOR...p..`.
  3fe0: 4d 05 60 a0 47 05 93 5b 23 4d 54 58 45 ff 0f 0a  M.`.G..[#MTXE...
  3ff0: 00 70 68 43 44 54 32 70 69 61 79 61 0a 01 61 72  .phCDT2piaya..ar
  4000: 61 0a da 61 70 61 43 43 4d 44 70 0c ff ff 01 00  a..apaCCMDp.....
  4010: 61 a2 0d 90 43 43 4d 44 61 76 61 5b 21 0a 01 a0  a...CCMDava[!...
  4020: 0e 93 43 43 4d 44 0a 00 70 43 44 54 31 61 a1 04  ..CCMD..pCDT1a..
  4030: 70 ff 61 5b 27 4d 54 58 45 a4 61 76 60 a4 ff 14  p.a['MTXE.av`...
  4040: 1f 5f 51 30 31 00 a0 18 5c 2e 5f 53 42 5f 48 4b  ._Q01...\._SB_HK
  4050: 41 50 86 5c 2e 5f 53 42 5f 41 54 4b 44 0a 52 14  AP.\._SB_ATKD.R.
  4060: 1f 5f 51 30 32 00 a0 18 5c 2e 5f 53 42 5f 48 4b  ._Q02...\._SB_HK
  4070: 41 50 86 5c 2e 5f 53 42 5f 41 54 4b 44 0a 53 14  AP.\._SB_ATKD.S.
  4080: 1f 5f 51 30 33 00 a0 18 5c 2e 5f 53 42 5f 48 4b  ._Q03...\._SB_HK
  4090: 41 50 86 5c 2e 5f 53 42 5f 41 54 4b 44 0a 54 14  AP.\._SB_ATKD.T.
  40a0: 1f 5f 51 30 34 00 a0 18 5c 2e 5f 53 42 5f 48 4b  ._Q04...\._SB_HK
  40b0: 41 50 86 5c 2e 5f 53 42 5f 41 54 4b 44 0a 55 14  AP.\._SB_ATKD.U.
  40c0: 1f 5f 51 30 35 00 a0 18 5c 2e 5f 53 42 5f 48 4b  ._Q05...\._SB_HK
  40d0: 41 50 86 5c 2e 5f 53 42 5f 41 54 4b 44 0a 56 14  AP.\._SB_ATKD.V.
  40e0: 13 5f 51 30 41 00 86 5c 2e 5f 53 42 5f 53 4c 50  ._Q0A..\._SB_SLP
  40f0: 42 0a 80 14 38 5f 51 30 42 00 a0 31 5c 2f 05 5f  B...8_Q0B..1\/._
  4100: 53 42 5f 50 43 49 30 50 43 49 32 4d 4f 44 4d 4d  SB_PCI0PCI2MODMM
  4110: 50 44 50 a0 18 5c 2e 5f 53 42 5f 48 4b 41 50 86  PDP..\._SB_HKAP.
  4120: 5c 2e 5f 53 42 5f 41 54 4b 44 0a 5d 14 44 04 5f  \._SB_ATKD.].D._
  4130: 51 30 45 00 a0 0f 94 5c 42 4c 56 4c 0a 00 76 5c  Q0E....\BLVL..v\
  4140: 42 4c 56 4c 53 42 54 4e 5c 42 4c 56 4c a0 23 5c  BLVLSBTN\BLVL.#\
  4150: 2e 5f 53 42 5f 48 4b 41 50 70 5c 42 4c 56 4c 60  ._SB_HKAPp\BLVL`
  4160: 7d 60 0a 20 60 86 5c 2e 5f 53 42 5f 41 54 4b 44  }`. `.\._SB_ATKD
  4170: 60 14 44 04 5f 51 30 46 00 a0 0f 95 5c 42 4c 56  `.D._Q0F....\BLV
  4180: 4c 0a 0f 75 5c 42 4c 56 4c 53 42 54 4e 5c 42 4c  L..u\BLVLSBTN\BL
  4190: 56 4c a0 23 5c 2e 5f 53 42 5f 48 4b 41 50 70 5c  VL.#\._SB_HKAPp\
  41a0: 42 4c 56 4c 60 7d 60 0a 10 60 86 5c 2e 5f 53 42  BLVL`}`..`.\._SB
  41b0: 5f 41 54 4b 44 60 14 27 5f 51 31 30 00 5b 23 50  _ATKD`.'_Q10.[#P
  41c0: 53 4d 58 ff ff 70 47 4c 33 32 60 80 60 60 5b 22  SMX..pGL32`.``["
  41d0: 0a 05 70 60 47 4c 33 32 5b 27 50 53 4d 58 14 1f  ..p`GL32['PSMX..
  41e0: 5f 51 31 33 00 a0 18 5c 2e 5f 53 42 5f 48 4b 41  _Q13...\._SB_HKA
  41f0: 50 86 5c 2e 5f 53 42 5f 41 54 4b 44 0a 32 14 1f  P.\._SB_ATKD.2..
  4200: 5f 51 31 34 00 a0 18 5c 2e 5f 53 42 5f 48 4b 41  _Q14...\._SB_HKA
  4210: 50 86 5c 2e 5f 53 42 5f 41 54 4b 44 0a 31 14 1f  P.\._SB_ATKD.1..
  4220: 5f 51 31 35 00 a0 18 5c 2e 5f 53 42 5f 48 4b 41  _Q15...\._SB_HKA
  4230: 50 86 5c 2e 5f 53 42 5f 41 54 4b 44 0a 30 14 46  P.\._SB_ATKD.0.F
  4240: 06 5f 51 33 31 00 53 42 54 4e 5c 42 4c 56 4c 86  ._Q31.SBTN\BLVL.
  4250: 5c 2e 5f 53 42 5f 42 41 54 30 0a 01 86 5c 2e 5f  \._SB_BAT0...\._
  4260: 53 42 5f 42 41 54 30 0a 81 86 5c 2e 5f 53 42 5f  SB_BAT0...\._SB_
  4270: 41 43 41 44 0a 80 a0 2e 5c 2e 5f 53 42 5f 48 4b  ACAD....\._SB_HK
  4280: 41 50 a0 13 5c 41 43 49 4e 86 5c 2e 5f 53 42 5f  AP..\ACIN.\._SB_
  4290: 41 54 4b 44 0a 58 a1 0e 86 5c 2e 5f 53 42 5f 41  ATKD.X...\._SB_A
  42a0: 54 4b 44 0a 57 14 27 5f 51 33 33 00 70 0a 50 5c  TKD.W.'_Q33.p.P\
  42b0: 44 42 47 31 a0 18 5c 2e 5f 53 42 5f 48 4b 41 50  DBG1..\._SB_HKAP
  42c0: 86 5c 2e 5f 53 42 5f 41 54 4b 44 0a 50 14 49 05  .\._SB_ATKD.P.I.
  42d0: 5f 51 33 34 00 53 42 54 4e 5c 42 4c 56 4c 86 5c  _Q34.SBTN\BLVL.\
  42e0: 2e 5f 53 42 5f 41 43 41 44 0a 80 86 5c 2e 5f 53  ._SB_ACAD...\._S
  42f0: 42 5f 42 41 54 30 0a 80 a0 2e 5c 2e 5f 53 42 5f  B_BAT0....\._SB_
  4300: 48 4b 41 50 a0 13 5c 41 43 49 4e 86 5c 2e 5f 53  HKAP..\ACIN.\._S
  4310: 42 5f 41 54 4b 44 0a 58 a1 0e 86 5c 2e 5f 53 42  B_ATKD.X...\._SB
  4320: 5f 41 54 4b 44 0a 57 14 27 5f 51 33 36 00 70 0a  _ATKD.W.'_Q36.p.
  4330: 51 5c 44 42 47 31 a0 18 5c 2e 5f 53 42 5f 48 4b  Q\DBG1..\._SB_HK
  4340: 41 50 86 5c 2e 5f 53 42 5f 41 54 4b 44 0a 51 14  AP.\._SB_ATKD.Q.
  4350: 1f 5f 51 32 46 00 a0 18 5c 2e 5f 53 42 5f 48 4b  ._Q2F...\._SB_HK
  4360: 41 50 86 5c 2e 5f 53 42 5f 41 54 4b 44 0a 52 14  AP.\._SB_ATKD.R.
  4370: 1f 5f 51 32 45 00 a0 18 5c 2e 5f 53 42 5f 48 4b  ._Q2E...\._SB_HK
  4380: 41 50 86 5c 2e 5f 53 42 5f 41 54 4b 44 0a 5c 14  AP.\._SB_ATKD.\.
  4390: 20 5f 51 35 30 00 7d 5c 48 4b 46 47 0a 80 5c 48   _Q50.}\HKFG..\H
  43a0: 4b 46 47 86 5c 2e 5f 53 42 5f 42 41 54 30 0a 80  KFG.\._SB_BAT0..
  43b0: 14 27 5f 51 36 38 00 70 0a 41 5c 44 42 47 31 a0  .'_Q68.p.A\DBG1.
  43c0: 18 5c 2e 5f 53 42 5f 48 4b 41 50 86 5c 2e 5f 53  .\._SB_HKAP.\._S
  43d0: 42 5f 41 54 4b 44 0a 41 14 27 5f 51 36 39 00 70  B_ATKD.A.'_Q69.p
  43e0: 0a 40 5c 44 42 47 31 a0 18 5c 2e 5f 53 42 5f 48  .@\DBG1..\._SB_H
  43f0: 4b 41 50 86 5c 2e 5f 53 42 5f 41 54 4b 44 0a 40  KAP.\._SB_ATKD.@
  4400: 14 27 5f 51 36 41 00 70 0a 43 5c 44 42 47 31 a0  .'_Q6A.p.C\DBG1.
  4410: 18 5c 2e 5f 53 42 5f 48 4b 41 50 86 5c 2e 5f 53  .\._SB_HKAP.\._S
  4420: 42 5f 41 54 4b 44 0a 43 14 27 5f 51 36 42 00 70  B_ATKD.C.'_Q6B.p
  4430: 0a 45 5c 44 42 47 31 a0 18 5c 2e 5f 53 42 5f 48  .E\DBG1..\._SB_H
  4440: 4b 41 50 86 5c 2e 5f 53 42 5f 41 54 4b 44 0a 45  KAP.\._SB_ATKD.E
  4450: 14 28 5f 51 36 45 00 5c 44 49 41 47 0a 6e 70 0a  .(_Q6E.\DIAG.np.
  4460: 01 5c 51 4d 46 4e 5c 2f 04 5f 53 42 5f 50 43 49  .\QMFN\/._SB_PCI
  4470: 30 50 58 34 30 53 4c 4d 54 14 28 5f 51 36 46 00  0PX40SLMT.(_Q6F.
  4480: 5c 44 49 41 47 0a 6f 70 0a 00 5c 51 4d 46 4e 5c  \DIAG.op..\QMFN\
  4490: 2f 04 5f 53 42 5f 50 43 49 30 50 58 34 30 53 4c  /._SB_PCI0PX40SL
  44a0: 4d 54 5b 82 33 41 43 39 37 08 5f 41 44 52 0c 05  MT[.3AC97._ADR..
  44b0: 00 1f 00 14 23 5f 53 54 41 00 a0 17 5c 2f 04 5f  ....#_STA...\/._
  44c0: 53 42 5f 50 43 49 30 50 58 34 30 41 39 37 44 a4  SB_PCI0PX40A97D.
  44d0: 0a 00 a1 04 a4 0a 0f 5b 82 47 05 4d 43 39 37 08  .......[.G.MC97.
  44e0: 5f 41 44 52 0c 06 00 1f 00 14 09 5f 53 31 44 00  _ADR......._S1D.
  44f0: a4 0a 01 14 09 5f 53 33 44 00 a4 0a 02 14 0e 5f  ....._S3D......_
  4500: 50 52 57 00 a4 12 06 02 0a 05 0a 04 14 23 5f 53  PRW..........#_S
  4510: 54 41 00 a0 17 5c 2f 04 5f 53 42 5f 50 43 49 30  TA...\/._SB_PCI0
  4520: 50 58 34 30 4d 39 37 44 a4 0a 00 a1 04 a4 0a 0f  PX40M97D........
  4530: 10 4a 38 5c 2f 03 5f 53 42 5f 50 43 49 30 50 43  .J8\/._SB_PCI0PC
  4540: 49 31 5b 82 47 37 56 47 41 43 08 5f 41 44 52 0a  I1[.G7VGAC._ADR.
  4550: 00 5b 80 56 47 41 52 02 0a 10 0a 04 5b 81 0b 56  .[.VGAR.....[..V
  4560: 47 41 52 01 42 41 52 30 20 08 44 4f 53 46 01 08  GAR.BAR0 .DOSF..
  4570: 4e 44 53 50 0a 03 08 4e 4c 43 44 01 08 4e 43 52  NDSP...NLCD..NCR
  4580: 54 01 08 4e 54 56 4f 00 08 4e 4d 41 50 0a 03 08  T..NTVO..NMAP...
  4590: 4c 43 44 42 0a 01 08 43 52 54 42 0a 02 08 54 56  LCDB...CRTB...TV
  45a0: 4f 42 0a 04 08 54 4f 47 43 0a 00 14 0a 5f 49 4e  OB...TOGC...._IN
  45b0: 49 00 44 4d 41 50 14 4d 04 44 4d 41 50 00 44 49  I.DMAP.M.DMAP.DI
  45c0: 53 50 70 00 4e 4d 41 50 a0 13 5c 4c 43 44 44 72  SPp.NMAP..\LCDDr
  45d0: 4e 4d 41 50 4c 43 44 42 4e 4d 41 50 a0 13 5c 43  NMAPLCDBNMAP..\C
  45e0: 52 54 44 72 4e 4d 41 50 43 52 54 42 4e 4d 41 50  RTDrNMAPCRTBNMAP
  45f0: a0 13 5c 54 56 4f 44 72 4e 4d 41 50 54 56 4f 42  ..\TVODrNMAPTVOB
  4600: 4e 4d 41 50 14 23 44 49 53 50 08 5b 23 50 53 4d  NMAP.#DISP.[#PSM
  4610: 58 ff ff 70 0a 00 5c 54 52 44 30 5c 49 53 4d 49  X..p..\TRD0\ISMI
  4620: 0a f5 5b 27 50 53 4d 58 14 4b 04 41 44 56 44 00  ..['PSMX.K.ADVD.
  4630: a0 0b 93 54 4f 47 43 00 44 4d 41 50 75 54 4f 47  ...TOGC.DMAPuTOG
  4640: 43 75 4e 4d 41 50 a0 0e 94 4e 4d 41 50 0a 07 70  CuNMAP...NMAP..p
  4650: 01 4e 4d 41 50 a2 1a 92 43 4e 58 54 75 4e 4d 41  .NMAP...CNXTuNMA
  4660: 50 a0 0e 94 4e 4d 41 50 0a 07 70 01 4e 4d 41 50  P...NMAP..p.NMAP
  4670: 53 4e 58 54 14 4b 04 43 4e 58 54 00 a0 15 7b 4e  SNXT.K.CNXT...{N
  4680: 4d 41 50 4c 43 44 42 60 a0 09 92 5c 4c 43 44 41  MAPLCDB`...\LCDA
  4690: a4 00 a0 15 7b 4e 4d 41 50 43 52 54 42 60 a0 09  ....{NMAPCRTB`..
  46a0: 92 5c 43 52 54 41 a4 00 a0 15 7b 4e 4d 41 50 54  .\CRTA....{NMAPT
  46b0: 56 4f 42 60 a0 09 92 5c 54 56 4f 41 a4 00 a4 01  VOB`...\TVOA....
  46c0: 14 45 05 53 4e 58 54 00 a0 11 7b 4e 4d 41 50 4c  .E.SNXT...{NMAPL
  46d0: 43 44 42 60 70 01 4e 4c 43 44 a1 07 70 00 4e 4c  CDB`p.NLCD..p.NL
  46e0: 43 44 a0 11 7b 4e 4d 41 50 43 52 54 42 60 70 01  CD..{NMAPCRTB`p.
  46f0: 4e 43 52 54 a1 07 70 00 4e 43 52 54 a0 11 7b 4e  NCRT..p.NCRT..{N
  4700: 4d 41 50 54 56 4f 42 60 70 01 4e 54 56 4f a1 07  MAPTVOB`p.NTVO..
  4710: 70 00 4e 54 56 4f 14 27 53 57 43 48 01 70 68 4e  p.NTVO.'SWCH.phN
