Date: Tue, 20 Jan 2009 11:32:19 +0100
From: Pavel Machek <>
Subject: checkpatch fun (was Re: hp accelerometer: add freefall detection)
Sender: linux-kernel-owner@vger.kernel.org
Precedence: bulk
List-ID: <linux-kernel.vger.kernel.org>
X-Mailing-List: linux-kernel@vger.kernel.org
X-Lkml-Link: https://lkml.org/lkml/2009/1/20/89

On Fri 2009-01-16 14:34:04, Andrew Morton wrote:
> On Fri, 16 Jan 2009 13:19:40 +0100
> Pavel Machek <pavel@suse.cz> wrote:
> 
> > new file mode 100755
> > index 0000000..7d17764
> > --- /dev/null
> > +++ b/Documentation/hwmon/hpfall.c
> 
> checkpatch has fun with this file.
Well, I have fun with checkpatch :-(.
pavel@amd:/data/l/linux/Documentation$ ../scripts/checkpatch.pl
hwmon/hpfall.c
ERROR: Does not appear to be a unified-diff format patch
total: 1 errors, 0 warnings, 0 lines checked
hwmon/hpfall.c has style problems, please review.  If any of these
errors
are false positives report them to the maintainer, see
CHECKPATCH in MAINTAINERS.
pavel@amd:/data/l/linux/Documentation$ ../scripts/checkpatch.pl -f
hwmon/hpfall.c
Unknown option: f
pavel@amd:/data/l/linux/Documentation$ ../scripts/checkpatch.pl -h
Unknown option: h
pavel@amd:/data/l/linux/Documentation$ ../scripts/checkpatch.pl --help
Unknown option: help
pavel@amd:/data/l/linux/Documentation$ 
Ok, will fix.
> > -struct acpi_lis3lv02d adev;
> > +struct acpi_lis3lv02d adev = {
> > +	.misc_wait   = __WAIT_QUEUE_HEAD_INITIALIZER(adev.misc_wait),
> > +};
> > +
> >  EXPORT_SYMBOL_GPL(adev);
> 
> This seems a rather poor name for a globally-visible identifier.
Hmm, right. lis_acpi_dev should be better. Will fix.
---
I tried checkpatch-ing a file, and not only my attempts to use it
failed, my attempts to get help failed too.
pavel@amd:/data/l/linux/Documentation$ ../scripts/checkpatch.pl hwmon/hpfall.c
ERROR: Does not appear to be a unified-diff format patch
....
pavel@amd:/data/l/linux/Documentation$ ../scripts/checkpatch.pl -f hwmon/hpfall.c
Unknown option: f
pavel@amd:/data/l/linux/Documentation$ ../scripts/checkpatch.pl -h
Unknown option: h
pavel@amd:/data/l/linux/Documentation$ ../scripts/checkpatch.pl --help
Unknown option: help
Make -f alias of --file, and print help if user passes unknown option.
Signed-off-by: Pavel Machek <pavel@suse.cz>
---
commit 4ef496ab198210648c310b8ae25872b9f99bee27
tree 1155a0dad369dc33362994bb6ff74868c7408f4c
parent f155017822e2fea0bc7434545cc63c2c8d363e59
author Pavel <pavel@suse.cz> Tue, 20 Jan 2009 11:31:52 +0100
committer Pavel <pavel@suse.cz> Tue, 20 Jan 2009 11:31:52 +0100
 scripts/checkpatch.pl |   34 ++++++++++++++++++++--------------
 1 files changed, 20 insertions(+), 14 deletions(-)
diff --git a/scripts/checkpatch.pl b/scripts/checkpatch.pl
index 45eb0ae..c9eeda9 100755
--- a/scripts/checkpatch.pl
+++ b/scripts/checkpatch.pl
@@ -28,6 +28,22 @@ my $mailback = 0;
 my $summary_file = 0;
 my $root;
 my %debug;
+
+sub help {
+	print "usage: $P [options] patchfile\n";
+	print "version: $V\n";
+	print "options: -q               => quiet\n";
+	print "         --no-tree        => run without a kernel tree\n";
+	print "         --terse          => one line per report\n";
+	print "         --emacs          => emacs compile window format\n";
+	print "         --file           => check a source file\n";
+	print "         --strict         => enable more subjective tests\n";
+	print "         --root           => path to the kernel tree root\n";
+	print "         --no-summary     => suppress the per-file summary\n";
+	print "         --summary-file   => include the filename in summary\n";
+	exit(1);
+}
+
 GetOptions(
 	'q|quiet+'	=> \$quiet,
 	'tree!'		=> \$tree,
@@ -35,7 +51,7 @@ GetOptions(
 	'patch!'	=> \$chk_patch,
 	'emacs!'	=> \$emacs,
 	'terse!'	=> \$terse,
-	'file!'		=> \$file,
+	'f|file!'	=> \$file,
 	'subjective!'	=> \$check,
 	'strict!'	=> \$check,
 	'root=s'	=> \$root,
@@ -45,23 +61,13 @@ GetOptions(
 
 	'debug=s'	=> \%debug,
 	'test-only=s'	=> \$tst_only,
-) or exit;
+) or help;
 
 my $exit = 0;
 
+
 if ($#ARGV < 0) {
-	print "usage: $P [options] patchfile\n";
-	print "version: $V\n";
-	print "options: -q               => quiet\n";
-	print "         --no-tree        => run without a kernel tree\n";
-	print "         --terse          => one line per report\n";
-	print "         --emacs          => emacs compile window format\n";
-	print "         --file           => check a source file\n";
-	print "         --strict         => enable more subjective tests\n";
-	print "         --root           => path to the kernel tree root\n";
-	print "         --no-summary     => suppress the per-file summary\n";
-	print "         --summary-file   => include the filename in summary\n";
-	exit(1);
+    	help;
 }
 
 my $dbg_values = 0;
-- 
(english) 
http://www.livejournal.com/~pavelmachek
(cesky, pictures) 
http://atrey.karlin.mff.cuni.cz/~pavel/picture/horses/blog.html