Date: Tue, 30 Dec 2008 17:40:04 +0100
From: Martin MOKREJÅ  <>
Subject: Dying hardware?: Eeek! page_mapcount(page) went negative! (-1)
Sender: linux-kernel-owner@vger.kernel.org
Precedence: bulk
List-ID: <linux-kernel.vger.kernel.org>
X-Mailing-List: linux-kernel@vger.kernel.org
X-Lkml-Link: https://lkml.org/lkml/2008/12/30/154

Hi,
  I have a machine with Intel Desktop board D865GBF which
ran fine last 3-4 years. My last kernel was 2.6.24.7 since
May 12 2008. Last few days I get daily crashes of the kernel
with "Eeek! page_mapcount(page) went negative! (-1)" while
the stacktraces differ. I tried even 2.6.28 but again, after
one hour uptime I hit this again. I am attaching the dmesg
output. One of the other crashes I had retyped on a piece of
paper and it seemed reiserfs was involved. I could retype
it next emails if somebody is interested. It caused some
extra kernel crash but it was 2.6.24.7 kernel so maybe
nobody is interested in those traces anymore. I tried
memtest for a while and it did not find any problems, but
did not let it run more than few percent.
  I have attached serial console now and maybe would manage
setup the console over firewire and somebody tells me what
to do if the crash happens again. ;-)
Thanks for any clues,
Martin
P.S.: Please Cc: me in replies.
BIOS EBDA/lowmem at: 0009fc00/0009fc00
Linux version 2.6.28 (root@ribosome) (gcc version 4.2.2 (Gentoo 4.2.2 p1.0)) #2 Tue Dec 30 15:47:57 MET 2008
KERNEL supported cpus:
  Intel GenuineIntel
  AMD AuthenticAMD
  NSC Geode by NSC
  Cyrix CyrixInstead
  Centaur CentaurHauls
  Transmeta GenuineTMx86
  Transmeta TransmetaCPU
  UMC UMC UMC UMC
BIOS-provided physical RAM map:
 BIOS-e820: 0000000000000000 - 000000000009fc00 (usable)
 BIOS-e820: 000000000009fc00 - 00000000000a0000 (reserved)
 BIOS-e820: 00000000000e6000 - 0000000000100000 (reserved)
 BIOS-e820: 0000000000100000 - 00000000ede2fc00 (usable)
 BIOS-e820: 00000000ede2fc00 - 00000000ede30000 (ACPI NVS)
 BIOS-e820: 00000000ede30000 - 00000000ede40000 (ACPI data)
 BIOS-e820: 00000000ede40000 - 00000000edef0000 (ACPI NVS)
 BIOS-e820: 00000000edef0000 - 00000000edf00000 (reserved)
 BIOS-e820: 00000000fecf0000 - 00000000fecf1000 (reserved)
 BIOS-e820: 00000000fed20000 - 00000000feda0000 (reserved)
DMI 2.3 present.
last_pfn = 0xede2f max_arch_pfn = 0x100000
kernel direct mapping tables up to 377fe000 @ beb000-ccd000
ACPI: RSDP 000F61E0, 0014 (r0 ACPIAM)
ACPI: RSDT EDE30000, 0034 (r1 INTEL  D865GBF  20050804 MSFT       97)
ACPI: FACP EDE30200, 0081 (r2 INTEL  D865GBF  20050804 MSFT       97)
ACPI: DSDT EDE30370, 4305 (r1 INTEL  D865GBF         1 MSFT  100000D)
ACPI: FACS EDE40000, 0040
ACPI: APIC EDE30300, 0068 (r1 INTEL  D865GBF  20050804 MSFT       97)
ACPI: TCPA EDE34680, 0034 (r1 INTEL  TBLOEMID        1 MSFT       97)
ACPI: WDDT EDE346B4, 0040 (r1 INTEL  OEMWDDT         1 MSFT  100000D)
ACPI: Local APIC address 0xfee00000
2918MB HIGHMEM available.
887MB LOWMEM available.
  mapped low ram: 0 - 377fe000
  low ram: 00000000 - 377fe000
  bootmap 00001000 - 00007f00
(6 early reservations) ==> bootmem [0000000000 - 00377fe000]
  #0 [0000000000 - 0000001000]   BIOS data page ==> [0000000000 - 0000001000]
  #1 [0000100000 - 0000bd57f0]    TEXT DATA BSS ==> [0000100000 - 0000bd57f0]
  #2 [0000bd6000 - 0000beb000]    INIT_PG_TABLE ==> [0000bd6000 - 0000beb000]
  #3 [000009fc00 - 0000100000]    BIOS reserved ==> [000009fc00 - 0000100000]
  #4 [0000beb000 - 0000cb5000]          PGTABLE ==> [0000beb000 - 0000cb5000]
  #5 [0000001000 - 0000008000]          BOOTMAP ==> [0000001000 - 0000008000]
found SMP MP-table at [c00ff780] 000ff780
Zone PFN ranges:
  DMA      0x00000000 -> 0x00001000
  Normal   0x00001000 -> 0x000377fe
  HighMem  0x000377fe -> 0x000ede2f
Movable zone start PFN for each node
early_node_map[2] active PFN ranges
    0: 0x00000000 -> 0x0000009f
    0: 0x00000100 -> 0x000ede2f
On node 0 totalpages: 974286
free_area_init_node: node 0, pgdat c05cdcbc, node_mem_map c1001000
  DMA zone: 32 pages used for memmap
  DMA zone: 0 pages reserved
  DMA zone: 3967 pages, LIFO batch:0
  Normal zone: 1744 pages used for memmap
  Normal zone: 221486 pages, LIFO batch:31
  HighMem zone: 5837 pages used for memmap
  HighMem zone: 741220 pages, LIFO batch:31
  Movable zone: 0 pages used for memmap
ACPI: PM-Timer IO Port: 0x408
ACPI: Local APIC address 0xfee00000
ACPI: LAPIC (acpi_id[0x01] lapic_id[0x00] enabled)
ACPI: LAPIC (acpi_id[0x02] lapic_id[0x01] enabled)
WARNING: NR_CPUS limit of 1 reached.  Processor ignored.
ACPI: LAPIC_NMI (acpi_id[0x01] dfl dfl lint[0x1])
ACPI: LAPIC_NMI (acpi_id[0x02] dfl dfl lint[0x1])
ACPI: IOAPIC (id[0x02] address[0xfec00000] gsi_base[0])
IOAPIC[0]: apic_id 2, version 32, address 0xfec00000, GSI 0-23
ACPI: INT_SRC_OVR (bus 0 bus_irq 0 global_irq 2 dfl dfl)
ACPI: INT_SRC_OVR (bus 0 bus_irq 9 global_irq 9 high level)
ACPI: IRQ0 used by override.
ACPI: IRQ2 used by override.
ACPI: IRQ9 used by override.
Enabling APIC mode:  Flat.  Using 1 I/O APICs
Using ACPI (MADT) for SMP configuration information
Allocating PCI resources starting at ee000000 (gap: edf00000:10df0000)
Built 1 zonelists in Zone order, mobility grouping on.  Total pages: 966673
Kernel command line: root=/dev/sda2 idebus=66 console=ttyS0,57600n8 console=tty0 udev
Enabling fast FPU save and restore... done.
Enabling unmasked SIMD FPU exception support... done.
Initializing CPU#0
PID hash table entries: 4096 (order: 12, 16384 bytes)
TSC: PIT calibration matches PMTIMER. 1 loops
Detected 2593.654 MHz processor.
Console: colour VGA+ 80x25
console [tty0] enabled
console [ttyS0] enabled
Lock dependency validator: Copyright (c) 2006 Red Hat, Inc., Ingo Molnar
... MAX_LOCKDEP_SUBCLASSES:  8
... MAX_LOCK_DEPTH:          48
... MAX_LOCKDEP_KEYS:        8191
... CLASSHASH_SIZE:          4096
... MAX_LOCKDEP_ENTRIES:     8192
... MAX_LOCKDEP_CHAINS:      16384
... CHAINHASH_SIZE:          8192
 memory used by lock dependency info: 2463 kB
 per task-struct memory footprint: 1920 bytes
------------------------
| Locking API testsuite:
----------------------------------------------------------------------------
                                 | spin |wlock |rlock |mutex | wsem | rsem |
  --------------------------------------------------------------------------
                     A-A deadlock:  ok  |  ok  |  ok  |  ok  |  ok  |  ok  |
                 A-B-B-A deadlock:  ok  |  ok  |  ok  |  ok  |  ok  |  ok  |
             A-B-B-C-C-A deadlock:  ok  |  ok  |  ok  |  ok  |  ok  |  ok  |
             A-B-C-A-B-C deadlock:  ok  |  ok  |  ok  |  ok  |  ok  |  ok  |
         A-B-B-C-C-D-D-A deadlock:  ok  |  ok  |  ok  |  ok  |  ok  |  ok  |
         A-B-C-D-B-D-D-A deadlock:  ok  |  ok  |  ok  |  ok  |  ok  |  ok  |
         A-B-C-D-B-C-D-A deadlock:  ok  |  ok  |  ok  |  ok  |  ok  |  ok  |
                    double unlock:  ok  |  ok  |  ok  |  ok  |  ok  |  ok  |
                  initialize held:  ok  |  ok  |  ok  |  ok  |  ok  |  ok  |
                 bad unlock order:  ok  |  ok  |  ok  |  ok  |  ok  |  ok  |
  --------------------------------------------------------------------------
              recursive read-lock:             |  ok  |             |  ok  |
           recursive read-lock #2:             |  ok  |             |  ok  |
            mixed read-write-lock:             |  ok  |             |  ok  |
            mixed write-read-lock:             |  ok  |             |  ok  |
  --------------------------------------------------------------------------
     hard-irqs-on + irq-safe-A/12:  ok  |  ok  |  ok  |
     soft-irqs-on + irq-safe-A/12:  ok  |  ok  |  ok  |
     hard-irqs-on + irq-safe-A/21:  ok  |  ok  |  ok  |
     soft-irqs-on + irq-safe-A/21:  ok  |  ok  |  ok  |
       sirq-safe-A => hirqs-on/12:  ok  |  ok  |  ok  |
       sirq-safe-A => hirqs-on/21:  ok  |  ok  |  ok  |
         hard-safe-A + irqs-on/12:  ok  |  ok  |  ok  |
         soft-safe-A + irqs-on/12:  ok  |  ok  |  ok  |
         hard-safe-A + irqs-on/21:  ok  |  ok  |  ok  |
         soft-safe-A + irqs-on/21:  ok  |  ok  |  ok  |
    hard-safe-A + unsafe-B #1/123:  ok  |  ok  |  ok  |
    soft-safe-A + unsafe-B #1/123:  ok  |  ok  |  ok  |
    hard-safe-A + unsafe-B #1/132:  ok  |  ok  |  ok  |
    soft-safe-A + unsafe-B #1/132:  ok  |  ok  |  ok  |
    hard-safe-A + unsafe-B #1/213:  ok  |  ok  |  ok  |
    soft-safe-A + unsafe-B #1/213:  ok  |  ok  |  ok  |
    hard-safe-A + unsafe-B #1/231:  ok  |  ok  |  ok  |
    soft-safe-A + unsafe-B #1/231:  ok  |  ok  |  ok  |
    hard-safe-A + unsafe-B #1/312:  ok  |  ok  |  ok  |
    soft-safe-A + unsafe-B #1/312:  ok  |  ok  |  ok  |
    hard-safe-A + unsafe-B #1/321:  ok  |  ok  |  ok  |
    soft-safe-A + unsafe-B #1/321:  ok  |  ok  |  ok  |
    hard-safe-A + unsafe-B #2/123:  ok  |  ok  |  ok  |
    soft-safe-A + unsafe-B #2/123:  ok  |  ok  |  ok  |
    hard-safe-A + unsafe-B #2/132:  ok  |  ok  |  ok  |
    soft-safe-A + unsafe-B #2/132:  ok  |  ok  |  ok  |
    hard-safe-A + unsafe-B #2/213:  ok  |  ok  |  ok  |
    soft-safe-A + unsafe-B #2/213:  ok  |  ok  |  ok  |
    hard-safe-A + unsafe-B #2/231:  ok  |  ok  |  ok  |
    soft-safe-A + unsafe-B #2/231:  ok  |  ok  |  ok  |
    hard-safe-A + unsafe-B #2/312:  ok  |  ok  |  ok  |
    soft-safe-A + unsafe-B #2/312:  ok  |  ok  |  ok  |
    hard-safe-A + unsafe-B #2/321:  ok  |  ok  |  ok  |
    soft-safe-A + unsafe-B #2/321:  ok  |  ok  |  ok  |
      hard-irq lock-inversion/123:  ok  |  ok  |  ok  |
      soft-irq lock-inversion/123:  ok  |  ok  |  ok  |
      hard-irq lock-inversion/132:  ok  |  ok  |  ok  |
      soft-irq lock-inversion/132:  ok  |  ok  |  ok  |
      hard-irq lock-inversion/213:  ok  |  ok  |  ok  |
      soft-irq lock-inversion/213:  ok  |  ok  |  ok  |
      hard-irq lock-inversion/231:  ok  |  ok  |  ok  |
      soft-irq lock-inversion/231:  ok  |  ok  |  ok  |
      hard-irq lock-inversion/312:  ok  |  ok  |  ok  |
      soft-irq lock-inversion/312:  ok  |  ok  |  ok  |
      hard-irq lock-inversion/321:  ok  |  ok  |  ok  |
      soft-irq lock-inversion/321:  ok  |  ok  |  ok  |
      hard-irq read-recursion/123:  ok  |
      soft-irq read-recursion/123:  ok  |
      hard-irq read-recursion/132:  ok  |
      soft-irq read-recursion/132:  ok  |
      hard-irq read-recursion/213:  ok  |
      soft-irq read-recursion/213:  ok  |
      hard-irq read-recursion/231:  ok  |
      soft-irq read-recursion/231:  ok  |
      hard-irq read-recursion/312:  ok  |
      soft-irq read-recursion/312:  ok  |
      hard-irq read-recursion/321:  ok  |
      soft-irq read-recursion/321:  ok  |
-------------------------------------------------------
Good, all 218 testcases passed! |
---------------------------------
Dentry cache hash table entries: 131072 (order: 7, 524288 bytes)
Inode-cache hash table entries: 65536 (order: 6, 262144 bytes)
Memory: 3851824k/3897532k available (3182k kernel code, 44472k reserved, 1770k data, 284k init, 2988228k highmem)
virtual kernel memory layout:
    fixmap  : 0xfff9e000 - 0xfffff000   ( 388 kB)
    pkmap   : 0xff800000 - 0xffc00000   (4096 kB)
    vmalloc : 0xf7ffe000 - 0xff7fe000   ( 120 MB)
    lowmem  : 0xc0000000 - 0xf77fe000   ( 887 MB)
      .init : 0xc05da000 - 0xc0621000   ( 284 kB)
      .data : 0xc041b8e0 - 0xc05d6300   (1770 kB)
      .text : 0xc0100000 - 0xc041b8e0   (3182 kB)
Checking if this processor honours the WP bit even in supervisor mode...Ok.
Calibrating delay loop (skipped), value calculated using timer frequency.. 5189.44 BogoMIPS (lpj=8645513)
Mount-cache hash table entries: 512
CPU: Trace cache: 12K uops, L1 D cache: 8K
CPU: L2 cache: 512K
Intel machine check architecture supported.
Intel machine check reporting enabled on CPU#0.
CPU0: Intel P4/Xeon Extended MCE MSRs (12) available
CPU0: Thermal monitoring enabled
CPU: Intel(R) Pentium(R) 4 CPU 2.60GHz stepping 09
Checking 'hlt' instruction... OK.
debug: unmapping init memory c05da000..c05da000
ACPI: Core revision 20080926
..TIMER: vector=0x30 apic1=0 pin1=2 apic2=-1 pin2=-1
khelper used greatest stack depth: 7220 bytes left
net_namespace: 388 bytes
regulator: core version 0.5
NET: Registered protocol family 16
khelper used greatest stack depth: 7104 bytes left
ACPI: bus type pci registered
PCI: PCI BIOS revision 3.00 entry at 0xf0031, last bus=1
PCI: Using configuration type 1 for base access
khelper used greatest stack depth: 7068 bytes left
khelper used greatest stack depth: 7036 bytes left
ACPI: EC: Look up EC in DSDT
ACPI: Interpreter enabled
ACPI: (supports S0 S5)
ACPI: Using IOAPIC for interrupt routing
khelper used greatest stack depth: 7024 bytes left
ACPI: No dock devices found.
ACPI: PCI Root Bridge [PCI0] (0000:00)
pci 0000:00:00.0: reg 10 32bit mmio: [0xfe800000-0xfebfffff]
pci 0000:00:02.0: reg 10 32bit mmio: [0xf0000000-0xf7ffffff]
pci 0000:00:02.0: reg 14 32bit mmio: [0xffa80000-0xffafffff]
pci 0000:00:02.0: reg 18 io port: [0xec00-0xec07]
pci 0000:00:1d.0: reg 20 io port: [0xdc00-0xdc1f]
pci 0000:00:1d.1: reg 20 io port: [0xe000-0xe01f]
pci 0000:00:1d.2: reg 20 io port: [0xe400-0xe41f]
pci 0000:00:1d.3: reg 20 io port: [0xe800-0xe81f]
pci 0000:00:1d.7: reg 10 32bit mmio: [0xffa7fc00-0xffa7ffff]
pci 0000:00:1d.7: PME# supported from D0 D3hot D3cold
pci 0000:00:1d.7: PME# disabled
pci 0000:00:1f.0: Force enabled HPET at 0xfed00000
pci 0000:00:1f.0: quirk: region 0400-047f claimed by ICH4 ACPI/GPIO/TCO
pci 0000:00:1f.0: quirk: region 0500-053f claimed by ICH4 GPIO
pci 0000:00:1f.1: reg 10 io port: [0x00-0x07]
pci 0000:00:1f.1: reg 14 io port: [0x00-0x03]
pci 0000:00:1f.1: reg 18 io port: [0x00-0x07]
pci 0000:00:1f.1: reg 1c io port: [0x00-0x03]
pci 0000:00:1f.1: reg 20 io port: [0xffa0-0xffaf]
pci 0000:00:1f.1: reg 24 32bit mmio: [0x000000-0x0003ff]
pci 0000:00:1f.3: reg 20 io port: [0xd800-0xd81f]
pci 0000:01:08.0: reg 10 32bit mmio: [0xff8ff000-0xff8fffff]
pci 0000:01:08.0: reg 14 io port: [0xcc00-0xcc3f]
pci 0000:01:08.0: supports D1 D2
pci 0000:01:08.0: PME# supported from D0 D1 D2 D3hot D3cold
pci 0000:01:08.0: PME# disabled
pci 0000:00:1e.0: transparent bridge
pci 0000:00:1e.0: bridge io port: [0xc000-0xcfff]
pci 0000:00:1e.0: bridge 32bit mmio: [0xff800000-0xff8fffff]
bus 00 -> node 0
ACPI: PCI Interrupt Routing Table [\_SB_.PCI0._PRT]
ACPI: PCI Interrupt Routing Table [\_SB_.PCI0.P0P3._PRT]
ACPI: PCI Interrupt Link [LNKA] (IRQs 3 4 5 6 7 9 10 *11 12 14 15)
ACPI: PCI Interrupt Link [LNKB] (IRQs *3 4 5 6 7 9 10 11 12 14 15)
ACPI: PCI Interrupt Link [LNKC] (IRQs 3 4 5 6 7 *9 10 11 12 14 15)
ACPI: PCI Interrupt Link [LNKD] (IRQs 3 4 *5 6 7 9 10 11 12 14 15)
ACPI: PCI Interrupt Link [LNKE] (IRQs 3 4 5 6 *7 9 10 11 12 14 15)
ACPI: PCI Interrupt Link [LNKF] (IRQs 3 4 5 6 7 9 10 11 12 14 15) *0, disabled.
ACPI: PCI Interrupt Link [LNKG] (IRQs 3 4 5 6 7 9 10 11 12 14 15) *0, disabled.
ACPI: PCI Interrupt Link [LNKH] (IRQs 3 4 5 6 7 9 *10 11 12 14 15)
ACPI: Power Resource [URP1] (off)
ACPI: Power Resource [FDDP] (off)
ACPI: Power Resource [LPTP] (off)
ACPI: WMI: Mapper loaded
SCSI subsystem initialized
libata version 3.00 loaded.
dca service started, version 1.4
PCI: Using ACPI for IRQ routing
hpet clockevent registered
hpet0: at MMIO 0xfed00000, IRQs 2, 8, 0
hpet0: 3 comparators, 64-bit 14.318180 MHz counter
pnp: PnP ACPI init
ACPI: bus type pnp registered
pnp: PnP ACPI: found 12 devices
ACPI: ACPI bus type pnp unregistered
system 00:08: ioport range 0x4d0-0x4d1 has been reserved
system 00:0a: ioport range 0x400-0x47f has been reserved
system 00:0a: ioport range 0x680-0x6ff has been reserved
system 00:0a: ioport range 0x500-0x53f has been reserved
system 00:0a: iomem range 0xfec00000-0xfec00fff has been reserved
system 00:0a: iomem range 0xfee00000-0xfee00fff has been reserved
system 00:0a: iomem range 0xfed20000-0xfed9ffff has been reserved
system 00:0b: iomem range 0x0-0x9ffff could not be reserved
system 00:0b: iomem range 0xc0000-0xd7fff could not be reserved
system 00:0b: iomem range 0xe0000-0xfffff could not be reserved
system 00:0b: iomem range 0x100000-0xedefffff could not be reserved
pci 0000:00:1e.0: PCI bridge, secondary bus 0000:01
pci 0000:00:1e.0:   IO window: 0xc000-0xcfff
pci 0000:00:1e.0:   MEM window: 0xff800000-0xff8fffff
pci 0000:00:1e.0:   PREFETCH window: disabled
pci 0000:00:1e.0: setting latency timer to 64
bus: 00 index 0 io port: [0x00-0xffff]
bus: 00 index 1 mmio: [0x000000-0xffffffff]
bus: 01 index 0 io port: [0xc000-0xcfff]
bus: 01 index 1 mmio: [0xff800000-0xff8fffff]
bus: 01 index 2 mmio: [0x0-0x0]
bus: 01 index 3 io port: [0x00-0xffff]
bus: 01 index 4 mmio: [0x000000-0xffffffff]
NET: Registered protocol family 2
IP route cache hash table entries: 32768 (order: 5, 131072 bytes)
TCP established hash table entries: 131072 (order: 8, 1048576 bytes)
TCP bind hash table entries: 65536 (order: 9, 2359296 bytes)
TCP: Hash tables configured (established 131072 bind 65536)
TCP reno registered
NET: Registered protocol family 1
Machine check exception polling timer started.
Microcode Update Driver: v2.00 <tigran@aivazian.fsnet.co.uk>, Peter Oruba
alg: cipher: Test 1 failed on encryption for aes-asm
00000000: 00 01 02 03 04 05 06 07 08 08 08 08 08 08 08 08 
cryptomgr_test used greatest stack depth: 6944 bytes left
highmem bounce pool size: 64 pages
DLM (built Dec 30 2008 15:36:16) installed
Installing knfsd (copyright (C) 1996 okir@monad.swb.de).
msgmni has been set to 1688
alg: No test for cipher_null (cipher_null-generic)
alg: No test for digest_null (digest_null-generic)
alg: No test for compress_null (compress_null-generic)
cryptomgr_test used greatest stack depth: 6940 bytes left
cryptomgr_test used greatest stack depth: 6048 bytes left
alg: No test for fcrypt (fcrypt-generic)
alg: No test for stdrng (krng)
alg: No test for stdrng (ansi_cprng)
io scheduler noop registered
io scheduler anticipatory registered (default)
io scheduler deadline registered
io scheduler cfq registered
pci 0000:00:02.0: Boot video device
pci 0000:00:1d.7: EHCI: BIOS handoff failed (BIOS bug?) 01010001
pci 0000:01:08.0: Firmware left e100 interrupts enabled; disabling
input: Power Button (FF) as /class/input/input0
ACPI: Power Button (FF) [PWRF]
input: Sleep Button (CM) as /class/input/input1
ACPI: Sleep Button (CM) [SLPB]
processor ACPI_CPU:00: registered as cooling_device0
ACPI: Processor [CPU1] (supports 8 throttling states)
Non-volatile memory driver v1.2
Hangcheck: starting hangcheck timer 0.9.0 (tick is 180 seconds, margin is 60 seconds).
Hangcheck: Using get_cycles().
Serial: 8250/16550 driver4 ports, IRQ sharing enabled
serial8250: ttyS0 at I/O 0x3f8 (irq = 4) is a 16550A
00:07: ttyS0 at I/O 0x3f8 (irq = 4) is a 16550A
Floppy drive(s): fd0 is 1.44M
FDC 0 is a National Semiconductor PC87306
loop: module loaded
e100: Intel(R) PRO/100 Network Driver, 3.5.23-k6-NAPI
e100: Copyright(c) 1999-2006 Intel Corporation
e100 0000:01:08.0: PCI INT A -> GSI 20 (level, low) -> IRQ 20
e100 0000:01:08.0: PME# disabled
e100: eth0: e100_probe: addr 0xff8ff000, irq 20, MAC addr 00:0c:f1:97:9f:c3
tun: Universal TUN/TAP device driver, 1.6
tun: (C) 1999-2004 Max Krasnyansky <maxk@qualcomm.com>
Linux video capture interface: v2.00
Driver 'sd' needs updating - please use bus_type methods
Driver 'sr' needs updating - please use bus_type methods
ata_piix 0000:00:1f.1: version 2.12
ata_piix 0000:00:1f.1: enabling device (0005 -> 0007)
ata_piix 0000:00:1f.1: PCI INT A -> GSI 18 (level, low) -> IRQ 18
ata_piix 0000:00:1f.1: setting latency timer to 64
scsi0 : ata_piix
scsi1 : ata_piix
ata1: PATA max UDMA/100 cmd 0x1f0 ctl 0x3f6 bmdma 0xffa0 irq 14
ata2: PATA max UDMA/100 cmd 0x170 ctl 0x376 bmdma 0xffa8 irq 15
ata1.00: ATA-6: ST380011A, 3.06, max UDMA/100
ata1.00: 156301488 sectors, multi 16: LBA48 
ata1.00: configured for UDMA/100
ata2.00: ATAPI: TOSHIBA ODD-DVD SD-M1802, 1030, max UDMA/33
ata2.00: configured for UDMA/33
scsi 0:0:0:0: Direct-Access     ATA      ST380011A        3.06 PQ: 0 ANSI: 5
sd 0:0:0:0: [sda] 156301488 512-byte hardware sectors: (80.0 GB/74.5 GiB)
sd 0:0:0:0: [sda] Write Protect is off
sd 0:0:0:0: [sda] Mode Sense: 00 3a 00 00
sd 0:0:0:0: [sda] Write cache: enabled, read cache: enabled, doesn't support DPO or FUA
sd 0:0:0:0: [sda] 156301488 512-byte hardware sectors: (80.0 GB/74.5 GiB)
sd 0:0:0:0: [sda] Write Protect is off
sd 0:0:0:0: [sda] Mode Sense: 00 3a 00 00
sd 0:0:0:0: [sda] Write cache: enabled, read cache: enabled, doesn't support DPO or FUA
 sda: sda1 sda2 sda3
sd 0:0:0:0: [sda] Attached SCSI disk
sd 0:0:0:0: Attached scsi generic sg0 type 0
scsi 1:0:0:0: CD-ROM            TOSHIBA  ODD-DVD SD-M1802 1030 PQ: 0 ANSI: 5
sr0: scsi3-mmc drive: 48x/48x cd/rw xa/form2 cdda tray
Uniform CD-ROM driver Revision: 3.20
sr 1:0:0:0: Attached scsi CD-ROM sr0
sr 1:0:0:0: Attached scsi generic sg1 type 5
video1394: Installed video1394 module
ieee1394: raw1394: /dev/raw1394 device initialized
NOTE: The dv1394 driver is unsupported and may be removed in a future Linux release. Use raw1394 instead.
PNP: PS/2 Controller [PNP0303:PS2K] at 0x60,0x64 irq 1
PNP: PS/2 appears to have AUX port disabled, if this is incorrect please boot with i8042.nopnp
serio: i8042 KBD port at 0x60,0x64 irq 1
mice: PS/2 mouse device common for all mice
rtc_cmos 00:02: RTC can wake from S4
rtc_cmos 00:02: rtc core: registered rtc_cmos as rtc0
rtc0: alarms up to one month, 114 bytes nvram, hpet irqs
cpuidle: using governor ladder
TCP bic registered
TCP cubic registered
TCP westwood registered
TCP highspeed registered
TCP hybla registered
TCP htcp registered
TCP vegas registered
TCP veno registered
TCP scalable registered
TCP lp registered
TCP yeah registered
TCP illinois registered
Initializing XFRM netlink socket
NET: Registered protocol family 17
NET: Registered protocol family 15
RPC: Registered udp transport module.
RPC: Registered tcp transport module.
SCTP: Hash tables configured (established 65536 bind 58254)
Using IPI Shortcut mode
rtc_cmos 00:02: setting system clock to 2008-12-30 16:40:53 UTC (1230655253)
BIOS EDD facility v0.16 2004-Jun-25, 1 devices found
input: AT Translated Set 2 keyboard as /class/input/input2
ReiserFS: sda2: found reiserfs format "3.6" with standard journal
ReiserFS: sda2: using ordered data mode
ReiserFS: sda2: journal params: device sda2, size 8192, journal first block 18, max trans len 1024, max batch 900, max commit age 30, max trans age 30
ReiserFS: sda2: checking transaction log (sda2)
ReiserFS: sda2: Using r5 hash to sort names
VFS: Mounted root (reiserfs filesystem) readonly.
debug: unmapping init memory c05da000..c0621000
uname used greatest stack depth: 5984 bytes left
hotplug used greatest stack depth: 5512 bytes left
hotplug used greatest stack depth: 5260 bytes left
Linux agpgart interface v0.103
agpgart-intel 0000:00:00.0: Intel 865 Chipset
agpgart-intel 0000:00:00.0: detected 892K stolen memory
agpgart-intel 0000:00:00.0: AGP aperture is 128M @ 0xf0000000
usbcore: registered new interface driver usbfs
usbcore: registered new interface driver hub
usbcore: registered new device driver usb
uhci_hcd: USB Universal Host Controller Interface driver
uhci_hcd 0000:00:1d.0: PCI INT A -> GSI 16 (level, low) -> IRQ 16
uhci_hcd 0000:00:1d.0: setting latency timer to 64
uhci_hcd 0000:00:1d.0: UHCI Host Controller
uhci_hcd 0000:00:1d.0: new USB bus registered, assigned bus number 1
uhci_hcd 0000:00:1d.0: irq 16, io base 0x0000dc00
usb usb1: configuration #1 chosen from 1 choice
hub 1-0:1.0: USB hub found
hub 1-0:1.0: 2 ports detected
uhci_hcd 0000:00:1d.1: PCI INT B -> GSI 19 (level, low) -> IRQ 19
uhci_hcd 0000:00:1d.1: setting latency timer to 64
uhci_hcd 0000:00:1d.1: UHCI Host Controller
uhci_hcd 0000:00:1d.1: new USB bus registered, assigned bus number 2
uhci_hcd 0000:00:1d.1: irq 19, io base 0x0000e000
usb usb2: configuration #1 chosen from 1 choice
hub 2-0:1.0: USB hub found
hub 2-0:1.0: 2 ports detected
uhci_hcd 0000:00:1d.2: PCI INT C -> GSI 18 (level, low) -> IRQ 18
uhci_hcd 0000:00:1d.2: setting latency timer to 64
uhci_hcd 0000:00:1d.2: UHCI Host Controller
uhci_hcd 0000:00:1d.2: new USB bus registered, assigned bus number 3
uhci_hcd 0000:00:1d.2: irq 18, io base 0x0000e400
usb usb3: configuration #1 chosen from 1 choice
hub 3-0:1.0: USB hub found
hub 3-0:1.0: 2 ports detected
uhci_hcd 0000:00:1d.3: PCI INT A -> GSI 16 (level, low) -> IRQ 16
uhci_hcd 0000:00:1d.3: setting latency timer to 64
uhci_hcd 0000:00:1d.3: UHCI Host Controller
uhci_hcd 0000:00:1d.3: new USB bus registered, assigned bus number 4
uhci_hcd 0000:00:1d.3: irq 16, io base 0x0000e800
usb usb4: configuration #1 chosen from 1 choice
hub 4-0:1.0: USB hub found
hub 4-0:1.0: 2 ports detected
ehci_hcd: USB 2.0 'Enhanced' Host Controller (EHCI) Driver
Warning! ehci_hcd should always be loaded before uhci_hcd and ohci_hcd, not after
ehci_hcd 0000:00:1d.7: PCI INT D -> GSI 23 (level, low) -> IRQ 23
ehci_hcd 0000:00:1d.7: setting latency timer to 64
ehci_hcd 0000:00:1d.7: EHCI Host Controller
ehci_hcd 0000:00:1d.7: new USB bus registered, assigned bus number 5
ehci_hcd 0000:00:1d.7: debug port 1
ehci_hcd 0000:00:1d.7: cache line size of 128 is not supported
ehci_hcd 0000:00:1d.7: irq 23, io mem 0xffa7fc00
ehci_hcd 0000:00:1d.7: USB 2.0 started, EHCI 1.00
usb usb5: configuration #1 chosen from 1 choice
hub 5-0:1.0: USB hub found
hub 5-0:1.0: 8 ports detected
depmod used greatest stack depth: 5244 bytes left
Initializing USB Mass Storage driver...
usbcore: registered new interface driver usb-storage
USB Mass Storage support registered.
mv used greatest stack depth: 5216 bytes left
e100: eth0: e100_watchdog: link up, 100Mbps, full-duplex
warning: `named' uses 32-bit capabilities (legacy support in use)
Adding 1036184k swap on /dev/sda3.  Priority:-1 extents:1 across:1036184k
Adding 1036184k swap on /dev/sda3.  Priority:-1 extents:1 across:1036184k
qmail-local used greatest stack depth: 5200 bytes left
Eeek! page_mapcount(page) went negative! (-1)
  page pfn = 10112
  page->flags = 40000014
  page->count = 0
  page->mapping = 00000000
  vma->vm_ops = 0x0
------------[ cut here ]------------
kernel BUG at mm/rmap.c:725!
invalid opcode: 0000 [#1] DEBUG_PAGEALLOC
last sysfs file: /sys/kernel/uevent_seqnum
Modules linked in: usb_storage ehci_hcd uhci_hcd usbcore intel_agp agpgart
Pid: 5060, comm: apache2 Not tainted (2.6.28 #2)         
EIP: 0060:[<c015b134>] EFLAGS: 00210246 CPU: 0
EIP is at page_remove_rmap+0xb6/0xe5
EAX: 00000000 EBX: c1203240 ECX: c041aa71 EDX: f5c7b0c0
ESI: f5f941d0 EDI: f5ec56c0 EBP: f5c7dedc ESP: f5c7ded4
 DS: 007b ES: 007b FS: 0000 GS: 0033 SS: 0068
Process apache2 (pid: 5060, ti=f5c7c000 task=f5c7b0c0 task.ti=f5c7c000)
Stack:
 c1203240 08db0000 f5c7df38 c0155a5d f5c7c000 08e1ffff 10112067 08d30000
 f5f941d0 f5c7df54 00000000 00000000 08e20000 f63e508c f63e508c f73a5d00
 c0637184 ffffff80 ffffffff 0037f000 08e20000 00000000 f73a5d00 f5dd9320
Call Trace:
 [<c0155a5d>] ? unmap_vmas+0x20c/0x3d1
 [<c0158714>] ? unmap_region+0x79/0xd4
 [<c0159042>] ? do_munmap+0x18e/0x1e4
 [<c0159b0c>] ? sys_brk+0x96/0xe2
 [<c0103841>] ? sysenter_do_call+0x12/0x35
Code: c0 74 0d 8b 50 08 b8 a2 bb 50 c0 e8 d0 92 fe ff 8b 46 48 85 c0 74 14 8b 40 10 85 c0 74 0d 8b 50 2c b8 c0 bb 50 c0 e8 b5 92 fe ff <0f> 0b eb fe 8b 53 10 83 e2 01 f7 da 83 c2 08 8b 03 c1 e8 1e 69 
EIP: [<c015b134>] page_remove_rmap+0xb6/0xe5 SS:ESP 0068:f5c7ded4
---[ end trace 31176032367f7925 ]---
[unhandled content-type:application/gzip]